time	cwndsize
0.281566	11
0.284299	12
0.287205	13
0.291925	14
0.292903	15
0.294205	16
0.295381	17
0.296102	18
0.296129	19
0.296401	20
0.308561	21
0.311324	22
0.314023	23
0.31681	24
0.318807	25
0.32225	26
0.329165	27
0.330115	28
0.33196	29
0.332665	30
0.335332	31
0.336799	32
0.337487	33
0.337797	34
0.338546	35
0.339155	36
0.339885	37
0.340581	38
0.341569	39
0.342209	40
0.367821	41
0.370586	42
0.372772	43
0.375458	44
0.378846	45
0.381984	46
0.384692	47
0.386675	48
0.388771	49
0.390861	50
0.391508	51
0.393597	52
0.394259	53
0.396341	54
0.397725	55
0.401857	56
0.403187	57
0.405962	58
0.407355	59
0.410089	60
0.412211	61
0.413516	62
0.415621	63
0.417017	64
0.41834	65
0.419899	66
0.421263	67
0.422616	68
0.42396	69
0.426308	70
0.427014	71
0.427659	72
0.429079	73
0.430396	74
0.431175	75
0.431805	76
0.436453	77
0.437099	78
0.437475	79
0.43891	80
0.484185	81
0.487174	82
0.489688	83
0.492431	84
0.49517	85
0.499981	86
0.503451	87
0.504805	88
0.506493	89
0.509162	90
0.511959	91
0.512593	45.5
0.515327	45.5222
0.516018	45.5444
0.518089	45.5667
0.51875	45.5889
0.521548	45.6111
0.522909	45.6333
0.524288	45.6556
0.52515	45.6778
0.525644	45.7
0.526357	45.7222
0.527116	45.7444
0.527709	45.7667
0.529893	45.7889
0.531847	45.8111
0.532513	45.8333
0.533286	45.8556
0.534627	45.8778
0.536135	45.9
0.539415	45.9222
0.540842	45.9444
0.542263	45.9667
0.544987	45.9889
0.547013	46.0111
0.548469	46.0329
0.549959	46.0546
0.551165	46.0763
0.553185	46.0981
0.555951	46.1198
0.558657	46.1415
0.55937	46.1633
0.560035	46.185
0.56073	46.2068
0.561642	46.2285
0.562796	46.2502
0.564228	46.272
0.564854	46.2937
0.565551	46.3155
0.566981	46.3372
0.568963	46.3589
0.570361	46.3807
0.57106	46.4024
0.571762	46.4242
0.572438	46.4459
0.573092	46.4676
0.573768	46.4894
0.574484	46.5111
0.575323	46.5329
0.576516	46.5546
0.577397	46.5763
0.578572	46.5981
0.582688	46.6198
0.584079	46.6415
0.589623	46.6633
0.593675	46.685
0.595086	46.7068
0.596422	46.7285
0.597798	46.7502
0.599161	46.772
0.600552	46.7937
0.607451	46.8155
0.610209	46.8372
0.612897	46.8589
0.61563	46.8807
0.617741	46.9024
0.619144	46.9242
0.621852	46.9459
0.62412	46.9676
0.730261	46.9894
0.732987	47.0111
0.735855	47.0324
0.738497	47.0537
0.741238	47.0749
0.743984	47.0962
0.745376	47.1175
0.748084	47.1388
0.750871	47.16
0.753606	47.1813
0.756346	47.2026
0.759093	47.2239
0.761969	47.2452
0.764612	47.2664
0.767347	47.2877
0.770152	47.309
0.772898	47.3303
0.775612	47.3515
0.778376	47.3728
0.781133	47.3941
0.784043	47.4154
0.785241	47.4366
0.786647	47.4579
0.789331	47.4792
0.790045	47.5005
0.792084	47.5217
0.794828	47.543
0.796241	47.5643
0.799022	47.5856
0.801713	47.6069
0.803135	47.6281
0.805848	47.6494
0.808592	47.6707
0.811342	47.692
0.814118	47.7132
0.815452	47.7345
0.818203	23.8673
0.818898	23.9107
0.822354	23.9542
0.823794	23.9977
0.826485	24.0412
0.827858	24.0828
0.830584	24.1245
0.832064	24.1662
0.833335	24.2078
0.835362	24.2495
0.92643	24.2912
0.927011	24.3328
0.927709	24.3745
0.929084	24.4162
0.929762	24.4578
0.930484	24.4995
0.931136	24.5412
0.931866	24.5828
0.932496	24.6245
0.93438	24.6662
0.935017	24.7078
0.935734	24.7495
0.936411	24.7912
0.937088	24.8328
0.937981	24.8745
0.938491	24.9162
0.939179	24.9578
0.939855	24.9995
0.940736	25.0412
0.941245	25.0812
0.941898	25.1212
0.943352	25.1612
0.94467	25.2012
0.945368	25.2412
0.946739	25.2812
0.9481	25.3212
0.950182	25.3612
0.95291	25.4012
0.954961	25.4412
0.957734	25.4812
0.961146	25.5212
0.962509	25.5612
0.965311	25.6012
0.967331	25.6412
0.970067	25.6812
0.972819	25.7212
0.973632	25.7612
1.08992	25.8012
1.09127	25.8412
1.09332	25.8812
1.09468	25.9212
1.09607	25.9612
1.0988	26.0012
1.09949	26.0396
1.1002	26.0781
1.10224	26.1166
1.10436	26.155
1.10705	26.1935
1.10847	26.2319
1.11188	26.2704
1.11463	26.3089
1.11736	26.3473
1.1194	26.3858
1.12077	26.4242
1.12286	26.4627
1.12561	26.5012
1.12698	26.5396
1.12905	13.2698
1.13045	13.3467
1.13177	13.4237
1.13316	13.5006
1.13457	13.5775
1.22084	13.6544
1.22285	13.7314
1.22561	13.8083
1.22764	13.8852
1.22968	13.9621
1.23173	14.039
1.23315	14.1105
1.23382	14.1819
1.23588	14.2533
1.23863	14.3248
1.24137	14.3962
1.24214	14.4676
1.24637	14.539
1.25132	14.6105
1.25526	14.6819
1.25736	14.7533
1.2594	14.8248
1.26222	14.8962
1.26624	14.9676
1.26766	15.039
1.36901	7.51952
1.37031	7.66238
1.37305	7.80524
1.37647	7.94809
1.3799	8.09095
1.38197	8.21595
1.38953	8.34095
1.39365	8.46595
1.39917	8.59095
1.40325	8.71595
1.40533	8.84095
1.40806	8.96595
1.41087	9.09095
1.41289	9.20206
1.41358	9.31317
1.50934	9.42429
1.51484	9.5354
1.51966	9.64651
1.5217	9.75762
1.52308	9.86873
1.52374	9.97984
1.52443	10.091
1.52648	10.191
1.52724	10.291
1.5475	10.391
1.55504	10.491
1.56405	10.591
1.56676	10.691
1.56741	10.791
1.56812	10.891
1.56878	10.991
1.56948	11.091
1.57016	11.1819
1.57101	11.2728
1.57376	11.3637
1.57448	11.4546
1.57514	11.5455
1.57588	11.6364
1.57651	11.7273
1.57719	11.8182
1.57796	11.9091
1.57864	12
1.57926	12.0834
1.57995	12.1667
1.58065	12.25
1.58131	12.3334
1.582	12.4167
1.58271	12.5
1.58339	12.5834
1.58408	12.6667
1.58476	12.75
1.58547	6.37502
1.58612	6.54169
1.58682	6.70835
1.58752	6.87502
1.5882	7.04169
1.58889	7.18455
1.58956	7.3274
1.59028	7.47026
1.59093	7.61312
1.59165	7.75597
1.59233	7.89883
1.59411	8.04169
1.59851	8.16669
1.59993	8.29169
1.60123	8.41669
1.60257	8.54169
1.60399	4.27084
1.60535	4.52084
1.60813	4.77084
1.60881	5.02084
1.61363	5.22084
1.61578	5.42084
1.61777	5.62084
1.61991	5.82084
1.62532	6.02084
1.62672	6.18751
1.62738	6.35418
1.62953	6.52084
1.63224	6.68751
1.64014	6.85418
1.6408	7.02084
1.64356	7.1637
1.64561	7.30656
1.64904	7.44942
1.65317	7.59227
1.66075	7.73513
1.66353	7.87799
1.6644	8.02084
1.66771	8.14584
1.67089	8.27084
1.67518	8.39584
1.68	8.52084
1.68749	8.64584
1.69022	8.77084
1.6924	8.89584
1.69298	9.02084
1.6978	9.13196
1.69988	9.24307
1.70238	9.35418
1.70752	9.46529
1.7158	9.5764
1.7192	9.68751
1.72263	9.79862
1.72471	9.90973
1.72541	10.0208
1.72752	5.01042
1.72821	5.21042
1.7296	5.41042
1.73025	5.61042
1.73095	5.81042
1.73163	6.01042
1.73242	6.17709
1.73303	6.34376
1.73372	6.51042
1.73455	6.67709
1.73513	3.33854
1.73582	3.67188
1.73653	4.00521
1.7372	4.25521
1.73785	4.50521
1.74016	4.75521
1.74088	5.00521
1.74153	5.20521
1.74221	5.40521
1.7429	5.60521
1.74357	5.80521
1.74449	6.00521
1.74502	6.17188
1.74564	6.33854
1.74632	6.50521
1.74772	6.67188
1.74976	6.83854
1.75045	7.00521
1.75114	7.14807
1.75253	7.29093
1.7553	7.43378
1.75807	7.57664
1.76079	7.7195
1.76149	7.86235
1.76214	8.00521
1.76352	8.13021
1.76492	8.25521
1.76835	8.38021
1.77041	8.50521
1.77313	8.63021
1.77454	8.75521
1.77541	8.88021
1.77658	9.00521
1.77797	9.11632
1.77934	9.22743
1.78143	9.33854
1.78416	9.44966
1.78696	9.56077
1.78834	9.67188
1.78969	9.78299
1.7911	9.8941
1.79175	10.0052
1.79263	10.1052
1.79381	10.2052
1.79517	10.3052
1.80001	10.4052
1.80822	10.5052
1.80893	10.6052
1.8096	10.7052
1.81044	10.8052
1.81099	10.9052
1.81166	11.0052
1.81374	5.50261
1.8151	5.70261
1.81647	5.90261
1.82199	6.10261
1.83094	6.26927
1.83232	6.43594
1.83371	6.60261
1.83506	6.76927
1.83663	6.93594
1.83782	7.10261
1.83847	7.24546
1.86118	7.38832
1.86324	7.53118
1.86464	7.67403
1.86533	7.81689
1.86606	7.95975
1.86669	8.10261
1.86739	8.22761
1.88137	8.35261
1.8832	8.47761
1.88526	8.60261
1.88594	8.72761
1.88683	8.85261
1.88806	8.97761
1.88871	9.10261
1.89007	9.21372
1.90591	9.32483
1.90866	9.43594
1.91069	9.54705
1.91139	9.65816
1.91275	9.76927
1.91412	9.88038
1.91551	9.99149
1.91685	10.1026
1.9182	10.2026
1.92597	10.3026
1.92787	10.4026
1.92926	10.5026
1.92995	10.6026
1.93133	10.7026
1.93337	10.8026
1.9348	5.4013
1.9382	5.6013
1.93888	5.8013
1.94094	6.0013
1.94935	6.16797
1.95075	6.33464
1.95213	6.5013
1.95279	6.66797
1.95414	6.83464
1.95624	7.0013
1.96732	7.14416
1.96804	7.28702
1.97003	7.42987
1.97077	7.57273
1.97281	7.71559
1.97488	7.85845
1.97554	8.0013
1.98657	8.1263
1.98797	8.2513
1.99069	8.3763
1.9914	8.5013
1.99276	8.6263
1.99414	8.7513
1.99483	8.8763
1.99553	9.0013
2.00656	9.11241
2.00724	9.22352
2.01221	9.33464
2.01272	9.44575
2.01548	9.55686
2.01897	9.66797
2.02036	9.77908
2.021	9.89019
2.02172	10.0013
2.02722	10.1013
2.02793	10.2013
2.03066	10.3013
2.03136	10.4013
2.03547	10.5013
2.04121	10.6013
2.04317	10.7013
2.04455	10.8013
2.0459	10.9013
2.04659	11.0013
2.0535	11.0922
2.05418	11.1831
2.05899	11.274
2.06037	11.3649
2.06247	11.4558
2.06522	11.5468
2.06592	11.6377
2.06658	11.7286
2.06729	11.8195
2.06796	11.9104
2.06866	12.0013
2.07562	12.0846
2.0763	12.168
2.079	12.2513
2.08105	12.3346
2.08518	12.418
2.08793	12.5013
2.08862	12.5846
2.09002	12.668
2.0907	12.7513
2.09138	12.8346
2.09207	12.918
2.09275	13.0013
2.0962	13.0782
2.09694	13.1551
2.09759	13.2321
2.09898	13.309
2.10313	13.3859
2.10863	13.4628
2.10927	13.5398
2.11067	13.6167
2.11138	13.6936
2.11272	13.7705
2.11411	13.8475
2.11478	13.9244
2.11547	14.0013
2.11825	14.0727
2.11908	14.1442
2.11966	14.2156
2.12097	14.287
2.12511	14.3584
2.12922	14.4299
2.13129	14.5013
2.13404	14.5727
2.13473	14.6442
2.13614	14.7156
2.13751	14.787
2.13887	14.8584
2.14104	14.9299
2.14173	15.0013
2.14379	15.068
2.14451	15.1346
2.14519	15.2013
2.14654	15.268
2.15137	15.3346
2.15548	15.4013
2.15687	15.468
2.16169	15.5346
2.16305	15.6013
2.16512	15.668
2.16653	15.7346
2.16857	15.8013
2.1693	15.868
2.17007	15.9346
2.17063	16.0013
2.17203	16.0638
2.17407	16.1263
2.17475	16.1888
2.17619	8.0944
2.17892	8.2194
2.18101	8.3444
2.18251	8.4694
2.18582	8.5944
2.18649	8.7194
2.18721	8.8444
2.18926	8.9694
2.19132	9.0944
2.19205	9.20551
2.19271	9.31662
2.1941	9.42773
2.1948	9.53885
2.19614	9.64996
2.19821	9.76107
2.20027	9.87218
2.21015	9.98329
2.21071	10.0944
2.2116	10.1944
2.21211	10.2944
2.21278	10.3944
2.21346	10.4944
2.21416	10.5944
2.21556	10.6944
2.2169	10.7944
2.22519	10.8944
2.22653	10.9944
2.22722	11.0944
2.2279	11.1853
2.22926	11.2762
2.23	11.3671
2.23069	11.458
2.23138	11.5489
2.23204	5.77447
2.23348	5.97447
2.23756	6.17447
2.23894	6.34114
2.24032	6.50781
2.24103	6.67447
2.24238	6.84114
2.24307	7.00781
2.24378	7.15066
2.24514	7.29352
2.24581	7.43638
2.25065	7.57924
2.25273	7.72209
2.25343	7.86495
2.25408	8.00781
2.25479	8.13281
2.25615	8.25781
2.25823	8.38281
2.26238	8.50781
2.26374	8.63281
2.2651	8.75781
2.26582	8.88281
2.26649	9.00781
2.26719	9.11892
2.26799	9.23003
2.26993	9.34114
2.2727	9.45225
2.27416	9.56336
2.27485	9.67447
2.27613	9.78558
2.27684	9.8967
2.27756	10.0078
2.27821	10.1078
2.27957	10.2078
2.28095	10.3078
2.28301	10.4078
2.28508	10.5078
2.28574	10.6078
2.28713	10.7078
2.2885	10.8078
2.2892	5.4039
2.28987	5.6039
2.29057	5.8039
2.29126	6.0039
2.29265	6.17057
2.29538	6.33724
2.29677	6.5039
2.29748	6.67057
2.29885	6.83724
2.29957	7.0039
2.30366	7.14676
2.30573	7.28962
2.30782	7.43247
2.30846	7.57533
2.30915	7.71819
2.31053	7.86105
2.31121	8.0039
2.31328	8.1289
2.31535	8.2539
2.31743	8.3789
2.3188	8.5039
2.31955	8.6289
2.32156	8.7539
2.32222	8.8789
2.32294	9.0039
2.325	9.11501
2.32705	9.22613
2.32843	9.33724
2.32979	9.44835
2.33117	9.55946
2.33257	9.67057
2.33326	9.78168
2.33393	9.89279
2.33462	10.0039
2.33602	10.1039
2.33873	10.2039
2.34082	10.3039
2.34149	10.4039
2.3422	10.5039
2.34287	10.6039
2.34428	10.7039
2.34493	5.35195
2.3456	5.55195
2.34634	5.75195
2.34696	5.95195
2.34767	6.15195
2.34838	6.31862
2.34905	6.48529
2.34973	6.65195
2.35045	6.81862
2.3518	6.98529
2.35322	7.15195
2.35388	7.29481
2.35523	7.43767
2.35593	7.58052
2.35732	7.72338
2.35936	7.86624
2.36074	8.00909
2.36143	8.13409
2.36212	8.25909
2.36354	8.38409
2.36488	8.50909
2.36556	8.63409
2.36693	8.75909
2.36761	4.37955
2.36832	4.62955
2.36898	4.87955
2.3697	5.12955
2.37138	5.32955
2.37171	5.52955
2.37259	5.72955
2.37381	5.92955
2.37452	6.12955
2.37668	6.29621
2.37795	6.46288
2.37861	6.62955
2.3807	6.79621
2.38208	6.96288
2.38277	7.12955
2.38551	7.2724
2.38826	7.41526
2.38963	7.55812
2.3925	7.70098
2.39382	7.84383
2.39443	7.98669
2.39512	8.12955
2.39583	8.25455
2.39789	8.37955
2.39861	8.50455
2.40064	8.62955
2.40201	8.75455
2.40408	8.87955
2.40477	9.00455
2.40547	9.11566
2.40683	9.22677
2.40751	9.33788
2.40887	9.44899
2.41237	9.5601
2.41508	9.67121
2.41713	9.78233
2.41782	9.89344
2.41852	10.0045
2.4192	10.1045
2.42197	10.2045
2.42264	10.3045
2.4247	10.4045
2.42602	5.20227
2.42628	5.40227
2.42681	5.60227
2.4275	5.80227
2.42818	6.00227
2.42885	6.16894
2.42965	6.33561
2.43229	6.50227
2.43369	6.66894
2.43434	6.83561
2.43642	7.00227
2.43713	7.14513
2.43783	7.28799
2.4385	7.43085
2.4392	7.5737
2.44056	7.71656
2.44126	3.85828
2.44194	4.19161
2.44262	4.44161
2.44332	4.69161
2.44402	4.94161
2.44473	5.19161
2.44543	5.39161
2.44678	5.59161
2.44748	5.79161
2.449	5.99161
2.44951	6.19161
2.4516	6.35828
2.45364	6.52495
2.45533	6.69161
2.45654	6.85828
2.45726	7.02495
2.45796	7.1678
2.46	7.31066
2.46209	7.45352
2.46482	7.59637
2.46553	7.73923
2.46687	7.88209
2.46756	8.02495
2.46894	8.14995
2.47168	8.27495
2.47727	8.39995
2.4814	8.52495
2.48279	8.64995
2.48415	8.77495
2.48484	8.89995
2.48555	9.02495
2.48622	9.13606
2.48897	9.24717
2.48968	9.35828
2.49035	9.46939
2.49108	9.5805
2.49175	9.69161
2.49311	9.80272
2.4938	9.91384
2.49449	10.0249
2.49584	10.1249
2.49792	10.2249
2.49859	10.3249
2.49997	10.4249
2.50135	10.5249
2.50204	10.6249
2.50274	10.7249
2.50341	10.8249
2.50409	10.9249
2.50478	11.0249
2.50618	11.1159
2.50687	11.2068
2.50753	11.2977
2.51031	11.3886
2.5117	11.4795
2.51238	11.5704
2.51372	11.6613
2.51512	11.7522
2.51582	11.8431
2.51651	11.934
2.51719	12.0249
2.51934	12.1083
2.51939	12.1916
2.52071	12.2749
2.52338	12.3583
2.52612	12.4416
2.52749	12.5249
2.53023	12.6083
2.53166	12.6916
2.533	12.7749
2.53508	12.8583
2.53575	12.9416
2.53642	13.0249
2.5392	13.1019
2.53989	13.1788
2.54058	13.2557
2.54402	13.3326
2.54609	13.4096
2.5468	13.4865
2.55021	13.5634
2.55161	13.6403
2.55298	13.7173
2.55435	13.7942
2.55604	13.8711
2.5571	13.948
2.55777	14.0249
2.56053	14.0964
2.56125	14.1678
2.56199	14.2392
2.56273	14.3107
2.56477	14.3821
2.56548	14.4535
2.56684	14.5249
2.56757	14.5964
2.56824	14.6678
2.56897	14.7392
2.5703	14.8107
2.57168	14.8821
2.57305	14.9535
2.57372	15.0249
2.57721	15.0916
2.57864	15.1583
2.58064	15.2249
2.58201	15.2916
2.58547	15.3583
2.58633	15.4249
2.58686	15.4916
2.58935	15.5583
2.59162	15.6249
2.59238	15.6916
2.59305	15.7583
2.59371	15.8249
2.59589	15.8916
2.59715	15.9583
2.59798	16.0249
2.59922	16.0874
2.59995	16.1499
2.60405	16.2124
2.60543	16.2749
2.60886	16.3374
2.61093	16.3999
2.61299	16.4624
2.61575	16.5249
2.61917	16.5874
2.61987	16.6499
2.62056	16.7124
2.62135	16.7749
2.62191	16.8374
2.62262	16.8999
2.62415	16.9624
2.62469	17.0249
2.62605	17.0838
2.62681	17.1426
2.62812	17.2014
2.62882	17.2602
2.62959	17.3191
2.63089	17.3779
2.63158	17.4367
2.6346	8.71836
2.64074	8.84336
2.64223	8.96836
2.64363	9.09336
2.64556	9.20447
2.64694	9.31558
2.64759	9.42669
2.64992	9.5378
2.65046	9.64891
2.65114	9.76002
2.65254	9.87113
2.65323	9.98224
2.6546	10.0934
2.65598	10.1934
2.65667	10.2934
2.65805	10.3934
2.65942	10.4934
2.67051	10.5934
2.67184	10.6934
2.67321	10.7934
2.67462	10.8934
2.67594	10.9934
2.67663	11.0934
2.67733	11.1843
2.67873	11.2752
2.68073	11.3661
2.68283	11.457
2.68971	11.5479
2.69084	11.6388
2.69178	11.7297
2.69264	11.8206
2.69456	11.9115
2.69523	12.0024
2.69595	12.0858
2.69673	12.1691
2.69795	12.2524
2.6989	12.3358
2.69939	12.4191
2.70352	12.5024
2.70419	12.5858
2.70624	12.6691
2.70759	12.7524
2.70985	12.8358
2.71051	12.9191
2.71122	13.0024
2.71326	13.0794
2.71394	13.1563
2.71533	13.2332
2.71875	13.3101
2.72013	13.3871
2.72427	13.464
2.72632	13.5409
2.72842	13.6178
2.72977	13.6948
2.7334	13.7717
2.73415	13.8486
2.73546	13.9255
2.73618	14.0024
2.73685	14.0739
2.73757	14.1453
2.7389	14.2167
2.74103	14.2882
2.74168	14.3596
2.74582	14.431
2.74994	14.5024
2.75204	14.5739
2.75269	14.6453
2.75542	14.7167
2.75679	14.7882
2.75817	14.8596
2.76022	14.931
2.76093	15.0024
2.76159	15.0691
2.76248	15.1358
2.76434	15.2024
2.76714	15.2691
2.76849	15.3358
2.77127	15.4024
2.77472	15.4691
2.77677	15.5358
2.77743	15.6024
2.77885	15.6691
2.7795	15.7358
2.78091	15.8024
2.78226	15.8691
2.78367	15.9358
2.78435	16.0024
2.78571	16.0649
2.78639	16.1274
2.78707	16.1899
2.78984	16.2524
2.79056	8.12622
2.79261	8.25122
2.79329	8.37622
2.79397	8.50122
2.79535	8.62622
2.79673	8.75122
2.79809	8.87622
2.79949	9.00122
2.80223	9.11233
2.80497	9.22345
2.80636	9.33456
2.80702	9.44567
2.80909	9.55678
2.80981	9.66789
2.81051	9.779
2.81259	9.89011
2.817	10.0012
2.81884	10.1012
2.82091	10.2012
2.82246	10.3012
2.82297	10.4012
2.82435	10.5012
2.82507	10.6012
2.82641	10.7012
2.8285	10.8012
2.83259	10.9012
2.83329	11.0012
2.83533	11.0921
2.83811	11.183
2.84024	11.274
2.84087	11.3649
2.84303	11.4558
2.84365	11.5467
2.84501	11.6376
2.84705	11.7285
2.8499	11.8194
2.85062	11.9103
2.85136	12.0012
2.85269	12.0846
2.85464	12.1679
2.85743	12.2512
2.8581	12.3346
2.85879	12.4179
2.86016	12.5012
2.86226	12.5846
2.86434	12.6679
2.86636	12.7512
2.86841	12.8346
2.86981	12.9179
2.87119	13.0012
2.8746	13.0781
2.87666	13.1551
2.88017	13.232
2.88086	13.3089
2.8815	13.3858
2.88221	13.4628
2.88429	13.5397
2.88773	13.6166
2.88843	13.6935
2.88978	13.7705
2.89119	13.8474
2.89261	13.9243
2.89336	14.0012
2.89544	14.0727
2.89738	14.1441
2.90082	14.2155
2.90152	14.2869
2.9022	14.3584
2.90293	7.17918
2.90358	7.32204
2.90775	7.4649
2.90979	7.60775
2.91188	7.75061
2.91529	7.89347
2.91804	8.03633
2.91942	8.16133
2.9201	8.28633
2.92215	8.41133
2.92353	8.53633
2.92696	8.66133
2.92838	8.78633
2.92973	8.91133
2.94107	9.03633
2.94307	9.14744
2.94463	9.25855
2.94669	9.36966
2.94808	9.48077
2.9488	9.59188
2.9515	9.70299
2.95219	9.8141
2.96182	9.92521
2.96279	10.0363
2.96408	10.1363
2.96543	10.2363
2.9675	10.3363
2.96957	10.4363
2.97161	10.5363
2.97368	10.6363
2.97504	10.7363
2.97915	10.8363
2.97986	10.9363
2.98058	11.0363
2.98127	11.1272
2.98196	11.2181
2.98333	11.3091
2.98559	11.4
2.98745	11.4909
2.98952	11.5818
2.99227	11.6727
2.99572	11.7636
2.99705	11.8545
2.99845	11.9454
2.99914	12.0363
3.00118	12.1197
3.00256	12.203
3.00472	12.2863
3.00542	12.3697
3.00747	12.453
3.00883	12.5363
3.0109	12.6197
3.01161	12.703
3.01228	12.7863
3.01311	12.8697
3.01366	12.953
3.01447	13.0363
3.01573	13.1132
3.01712	13.1902
3.01932	13.2671
3.01988	13.344
3.02054	6.67201
3.0219	6.83868
3.02328	7.00534
3.02396	7.1482
3.02466	7.29106
3.02748	7.43391
3.02956	7.57677
3.03161	7.71963
3.03234	7.86249
3.03435	8.00534
3.03575	8.13034
3.03936	8.25534
3.04004	8.38034
3.04348	8.50534
3.04419	8.63034
3.04488	8.75534
3.0456	4.37767
3.04635	4.62767
3.04698	4.87767
3.04969	5.12767
3.05107	5.32767
3.05316	5.52767
3.05382	5.72767
3.0545	5.92767
3.06	6.12767
3.0628	6.29434
3.06551	6.461
3.06689	6.62767
3.06759	6.79434
3.06844	6.961
3.0691	7.12767
3.06968	3.56384
3.07241	3.89717
3.07449	4.2305
3.07585	4.4805
3.0807	4.7305
3.08138	4.9805
3.08205	5.2305
3.08346	5.4305
3.0895	5.6305
3.09088	5.8305
3.09292	6.0305
3.09362	6.19717
3.10066	6.36384
3.10393	6.5305
3.10464	6.69717
3.10538	6.86384
3.10603	7.0305
3.1067	7.17336
3.11088	7.31622
3.11222	7.45907
3.11359	7.60193
3.11634	7.74479
3.11705	7.88765
3.11773	8.0305
3.11839	8.1555
3.12119	8.2805
3.12258	8.4055
3.12325	8.5305
3.1267	8.6555
3.1274	8.7805
3.12807	8.9055
3.12876	9.0305
3.13014	9.14161
3.1322	9.25272
3.13496	9.36384
3.13699	9.47495
3.14115	9.58606
3.14181	9.69717
3.14248	9.80828
3.14319	9.91939
3.14386	10.0305
3.14526	10.1305
3.14664	10.2305
3.14807	10.3305
3.14874	10.4305
3.14947	10.5305
3.15015	10.6305
3.1508	10.7305
3.15148	10.8305
3.15216	10.9305
3.1529	11.0305
3.15425	11.1214
3.15631	11.2123
3.15769	11.3032
3.16042	11.3941
3.16523	11.485
3.16595	11.576
3.16661	11.6669
3.16798	11.7578
3.16868	11.8487
3.16933	11.9396
3.17004	12.0305
3.17143	12.1138
3.17418	12.1972
3.17489	12.2805
3.17633	12.3638
3.17904	12.4472
3.17974	12.5305
3.18043	12.6138
3.18177	12.6972
3.18253	12.7805
3.18316	12.8638
3.18387	12.9472
3.18453	13.0305
3.1853	13.1074
3.1866	13.1843
3.188	13.2613
3.19278	13.3382
3.19418	13.4151
3.19499	13.492
3.19554	13.569
3.19825	13.6459
3.20051	13.7228
3.20152	13.7997
3.20172	13.8767
3.20315	13.9536
3.20378	14.0305
3.20448	14.1019
3.20587	14.1734
3.2066	14.2448
3.20934	14.3162
3.21003	14.3876
3.21072	14.4591
3.21142	14.5305
3.2128	14.6019
3.21348	14.6734
3.21416	14.7448
3.21484	14.8162
3.21699	14.8876
3.2176	14.9591
3.21827	15.0305
3.21895	7.51525
3.22105	7.65811
3.2224	7.80097
3.22654	7.94382
3.22791	8.08668
3.22929	8.21168
3.22995	8.33668
3.23204	8.46168
3.23274	8.58668
3.23341	8.71168
3.23477	8.83668
3.23554	8.96168
3.23618	9.08668
3.23684	9.19779
3.23756	9.3089
3.24172	9.42001
3.24239	9.53112
3.24308	9.64224
3.24379	9.75335
3.24584	9.86446
3.24652	9.97557
3.24722	10.0867
3.24789	10.1867
3.24859	10.2867
3.25961	10.3867
3.26029	10.4867
3.26095	10.5867
3.26163	10.6867
3.26232	10.7867
3.26303	10.8867
3.26369	10.9867
3.26452	11.0867
3.26507	5.54334
3.26575	5.74334
3.27199	5.94334
3.27266	6.14334
3.27338	6.31001
3.27404	6.47667
3.27477	6.64334
3.27543	6.81001
3.27614	6.97667
3.27683	7.14334
3.27751	7.2862
3.28649	7.42905
3.28783	7.57191
3.28921	7.71477
3.29126	7.85763
3.29195	8.00048
3.29264	8.12548
3.29401	8.25048
3.30087	8.37548
3.30162	8.50048
3.3023	4.25024
3.30296	4.50024
3.30364	4.75024
3.30438	5.00024
3.30505	5.20024
3.30573	5.40024
3.31057	5.60024
3.31127	5.80024
3.31195	6.00024
3.31264	6.16691
3.31333	6.33357
3.32304	6.50024
3.32365	6.66691
3.32644	6.83357
3.32709	7.00024
3.3278	7.1431
3.32848	7.28596
3.33674	7.42881
3.33814	7.57167
3.33879	7.71453
3.3395	7.85738
3.34017	8.00024
3.34087	8.12524
3.34175	4.06262
3.34586	4.31262
3.3466	4.56262
3.34723	4.81262
3.34791	5.06262
3.3485	5.26262
3.34926	5.46262
3.34987	5.66262
3.35536	5.86262
3.3561	6.06262
3.35675	6.22929
3.35743	6.39595
3.35809	6.56262
3.36566	6.72929
3.36705	6.89595
3.36773	7.06262
3.36922	7.20548
3.36978	7.34833
3.37123	7.49119
3.37826	7.63405
3.37882	3.81702
3.37948	4.15036
3.38018	4.40036
3.38157	4.65036
3.38221	4.90036
3.38295	5.15036
3.38369	5.35036
3.3887	5.55036
3.38954	5.75036
3.39144	5.95036
3.39214	6.15036
3.39558	6.31702
3.39643	6.48369
3.39697	6.65036
3.39832	6.81702
3.39968	6.98369
3.40039	7.15036
3.40242	7.29322
3.4038	7.43607
3.40518	7.57893
3.40794	7.72179
3.41068	7.86464
3.41136	8.0075
3.41206	8.1325
3.41274	8.2575
3.41343	4.12875
3.41549	4.37875
3.41622	4.62875
3.41762	4.87875
3.41896	5.12875
3.41966	5.32875
3.42102	5.52875
3.42175	5.72875
3.42453	5.92875
3.4252	6.12875
3.42586	6.29542
3.42793	6.46208
3.42931	6.62875
3.43275	6.79542
3.43342	6.96208
3.4341	7.12875
3.43484	7.27161
3.43615	7.41446
3.43683	7.55732
3.4396	7.70018
3.44028	7.84304
3.44099	7.98589
3.44168	8.12875
3.44301	8.25375
3.44646	8.37875
3.44853	8.50375
3.45194	8.62875
3.45268	8.75375
3.45334	8.87875
3.4542	9.00375
3.45491	9.11486
3.45678	9.22597
3.45888	9.33708
3.46022	9.44819
3.46301	9.55931
3.46372	9.67042
3.46442	9.78153
3.46516	9.89264
3.46578	10.0038
3.46863	10.1038
3.4707	10.2038
3.47208	10.3038
3.47272	10.4038
3.47479	10.5038
3.47548	10.6038
3.47686	10.7038
3.47826	10.8038
3.47893	10.9038
3.47962	11.0038
3.48259	11.0947
3.48377	11.1856
3.48581	11.2765
3.4865	11.3674
3.4886	11.4583
3.4893	11.5492
3.49001	11.6401
3.49081	11.731
3.49137	11.8219
3.49305	11.9128
3.49351	12.0038
3.49622	12.0871
3.49696	12.1704
3.49764	12.2538
3.4983	12.3371
3.50243	12.4204
3.50312	12.5038
3.50384	12.5871
3.50454	12.6704
3.50522	12.7538
3.5059	12.8371
3.50664	12.9204
3.50728	13.0038
3.50796	13.0807
3.50866	13.1576
3.50934	13.2345
3.51003	13.3114
3.51281	13.3884
3.51527	13.4653
3.51672	13.5422
3.51734	13.6191
3.51824	13.6961
3.51871	13.773
3.51947	13.8499
3.52013	6.92495
3.52081	7.09162
3.5222	7.23448
3.52426	7.37733
3.52564	7.52019
3.52702	7.66305
3.52844	7.8059
3.53189	7.94876
3.53333	8.09162
3.53396	8.21662
3.53463	8.34162
3.53602	8.46662
3.53695	8.59162
3.53879	8.71662
3.54314	8.84162
3.54643	8.96662
3.54711	9.09162
3.54779	9.20273
3.54851	9.31384
3.54919	9.42495
3.55059	9.53606
3.554	9.64717
3.55607	9.75829
3.55696	9.8694
3.55758	9.98051
3.55827	10.0916
3.55962	10.1916
3.56036	10.2916
3.56099	10.3916
3.56166	10.4916
3.56788	10.5916
3.57201	10.6916
3.57343	10.7916
3.57412	10.8916
3.57479	10.9916
3.57555	11.0916
3.57615	11.1825
3.57685	11.2734
3.57754	11.3643
3.57825	11.4553
3.58034	11.5462
3.58169	11.6371
3.58307	11.728
3.58374	11.8189
3.58442	11.9098
3.58515	12.0007
3.58584	12.084
3.58651	12.1674
3.5879	12.2507
3.58929	12.334
3.59065	12.4174
3.59341	12.5007
3.59477	12.584
3.5962	12.6674
3.59689	12.7507
3.59759	12.834
3.59825	12.9174
3.59918	13.0007
3.59963	13.0776
3.60037	13.1546
3.60237	13.2315
3.60378	13.3084
3.60444	13.3853
3.60657	13.4622
3.60728	13.5392
3.60792	13.6161
3.6086	13.693
3.60931	13.7699
3.60999	13.8469
3.61068	13.9238
3.61136	14.0007
3.61204	14.0721
3.61273	14.1436
3.61546	14.215
3.61615	7.1075
3.61753	7.25035
3.6196	7.39321
3.62029	7.53607
3.62233	7.67893
3.62303	7.82178
3.62372	7.96464
3.62509	8.1075
3.62576	8.2325
3.62714	8.3575
3.62785	8.4825
3.62854	8.6075
3.62921	8.7325
3.63132	8.8575
3.63552	8.9825
3.63623	9.1075
3.63757	9.21861
3.63826	9.32972
3.63896	9.44083
3.63965	9.55194
3.64033	9.66305
3.64169	9.77416
3.64468	9.88528
3.64516	9.99639
3.64585	10.1075
3.64722	10.2075
3.64791	10.3075
3.64926	10.4075
3.65132	10.5075
3.65202	10.6075
3.65273	10.7075
3.65751	10.8075
3.65889	10.9075
3.65961	11.0075
3.66027	11.0984
3.66095	11.1893
3.66164	5.59466
3.66251	5.79466
3.66391	5.99466
3.66461	6.19466
3.66532	6.36132
3.66804	6.52799
3.66942	6.69466
3.67012	6.86132
3.67078	7.02799
3.6715	7.17085
3.67215	7.31371
3.6751	7.45656
3.67629	7.59942
3.67788	7.74228
3.67914	7.88513
3.67973	8.02799
3.68039	8.15299
3.68179	8.27799
3.68389	8.40299
3.68455	8.52799
3.68661	4.264
3.68796	4.514
3.69003	4.764
3.69071	5.014
3.69142	5.214
3.69279	5.414
3.69629	5.614
3.69692	5.814
3.69833	6.014
3.69902	6.18066
3.7004	6.34733
3.70317	6.514
3.70397	6.68066
3.70614	6.84733
3.70683	7.014
3.70746	7.15685
3.70818	7.29971
3.70887	7.44257
3.71025	7.58542
3.71368	7.72828
3.71436	7.87114
3.71504	8.014
3.7164	8.139
3.71712	8.264
3.7178	8.389
3.71987	8.514
3.72333	8.639
3.724	8.764
3.72471	8.889
3.72546	9.014
3.72755	9.12511
3.72817	9.23622
3.72886	9.34733
3.7309	9.45844
3.7345	9.56955
3.73591	9.68066
3.73731	9.79177
3.73797	9.90288
3.73866	10.014
3.74005	10.114
3.74074	10.214
3.74139	10.314
3.7421	10.414
3.74557	5.207
3.74689	5.407
3.74833	5.607
3.74899	5.807
3.75038	6.007
3.75105	6.17366
3.7538	6.34033
3.7552	6.507
3.75655	6.67366
3.75731	6.84033
3.76345	7.007
3.76414	7.14985
3.76618	7.29271
3.7669	7.43557
3.76758	7.57843
3.76896	7.72128
3.77175	7.86414
3.77244	8.007
3.77313	8.132
3.77381	8.257
3.77516	8.382
3.77727	8.507
3.77797	8.632
3.78415	8.757
3.78483	8.882
3.78553	9.007
3.7869	9.11811
3.78758	9.22922
3.78899	9.34033
3.78967	9.45144
3.79036	9.56255
3.79245	9.67366
3.79312	9.78478
3.79452	9.89589
3.79518	10.007
3.79723	10.107
3.79794	10.207
3.7993	5.1035
3.80067	5.3035
3.80136	5.5035
3.80486	5.7035
3.80623	5.9035
3.80761	6.1035
3.80898	6.27017
3.80969	6.43683
3.81039	6.6035
3.81172	6.77017
3.81793	6.93683
3.81863	7.1035
3.82069	7.24636
3.82205	7.38921
3.82343	7.53207
3.82549	7.67493
3.82836	7.81778
3.82898	7.96064
3.82968	8.1035
3.83036	8.2285
3.83174	8.3535
3.83448	8.4785
3.83935	8.6035
3.84278	8.7285
3.84344	8.8535
3.84414	8.9785
3.84483	9.1035
3.84551	9.21461
3.84621	9.32572
3.84893	9.43683
3.85382	9.54794
3.85521	9.65905
3.85553	9.77017
3.85589	9.88128
3.85727	9.99239
3.85795	10.1035
3.85865	10.2035
3.85931	10.3035
3.86275	10.4035
3.86624	10.5035
3.87106	10.6035
3.87176	10.7035
3.87241	10.8035
3.87312	10.9035
3.87379	11.0035
3.87449	11.0944
3.87515	11.1853
3.87588	11.2762
3.87861	11.3671
3.88068	11.458
3.88416	11.549
3.88488	11.6399
3.88551	11.7308
3.88622	11.8217
3.8869	11.9126
3.88759	12.0035
3.88828	12.0868
3.88893	12.1702
3.88969	12.2535
3.8938	12.3368
3.89658	6.16842
3.89863	6.33508
3.89935	6.50175
3.90004	6.66842
3.90142	6.83508
3.90212	7.00175
3.90278	7.14461
3.90347	7.28746
3.90419	7.43032
3.90488	7.57318
3.90551	7.71604
3.91448	3.85802
3.91518	4.19135
3.91584	4.44135
3.91655	4.69135
3.91734	4.94135
3.91792	5.19135
3.92001	5.39135
3.92556	5.59135
3.92697	2.79568
3.92761	3.29568
3.92829	3.62901
3.93242	3.96234
3.93724	4.29568
3.93904	4.54568
3.9411	4.79568
3.94592	5.04568
3.94663	5.24568
3.94798	5.44568
3.94935	5.64568
3.95214	5.84568
3.95285	6.04568
3.95355	6.21234
3.95493	6.37901
3.9563	6.54568
3.9646	3.27284
3.96527	3.60617
3.96595	3.9395
3.96666	4.27284
3.96802	4.52284
3.96941	4.77284
3.97213	2.38642
3.97286	2.88642
3.97493	3.38642
3.97707	3.71975
3.98188	4.05309
3.98255	4.30309
3.98397	4.55309
3.98682	4.80309
3.98746	5.05309
3.98954	5.25309
3.99235	5.45309
3.99592	5.65309
3.99659	5.85309
3.99715	6.05309
3.9985	6.21975
4.00127	6.38642
4.0054	6.55309
4.00611	6.71975
4.00678	6.88642
4.00748	7.05309
4.00886	7.19594
4.0102	7.3388
4.01165	7.48166
4.01298	7.62451
4.01436	7.76737
4.01504	7.91023
4.01572	8.05309
4.0171	8.17809
4.01918	8.30309
4.02125	8.42809
4.0233	8.55309
4.02603	8.67809
4.02674	8.80309
4.02814	8.92809
4.02882	9.05309
4.03088	9.1642
4.03295	9.27531
4.03366	9.38642
4.03508	9.49753
4.03645	9.60864
4.03711	9.71975
4.03918	9.83086
4.03987	9.94197
4.0407	10.0531
4.0433	10.1531
4.0447	10.2531
4.04541	10.3531
4.04747	5.17654
4.04812	5.37654
4.04887	5.57654
4.04954	5.77654
4.0502	5.97654
4.05155	6.17654
4.05226	6.34321
4.05363	6.50988
4.05642	6.67654
4.05707	6.84321
4.0612	7.00988
4.06193	7.15273
4.06263	7.29559
4.06464	7.43845
4.06602	7.5813
4.06671	7.72416
4.07226	7.86702
4.07289	8.00988
4.07364	8.13488
4.07428	8.25988
4.07565	8.38488
4.07705	8.50988
4.07771	8.63488
4.0805	8.75988
4.08185	8.88488
4.08251	9.00988
4.08461	9.12099
4.08598	9.2321
4.08737	9.34321
4.08806	9.45432
4.08873	9.56543
4.08943	9.67654
4.09082	9.78765
4.09147	4.89383
4.09216	5.14383
4.0949	5.34383
4.09633	5.54383
4.09704	5.74383
4.0977	5.94383
4.09835	6.14383
4.09908	6.31049
4.09981	6.47716
4.10467	6.64383
4.10549	6.81049
4.10603	6.97716
4.10672	7.14383
4.1076	7.28668
4.10818	7.42954
4.11155	3.71477
4.11294	4.0481
4.11433	4.2981
4.11499	4.5481
4.11569	4.7981
4.11705	5.0481
4.11773	5.2481
4.12052	5.4481
4.12122	2.72405
4.12191	3.22405
4.12264	3.55739
4.12329	3.89072
4.12675	4.22405
4.12949	4.47405
4.13016	4.72405
4.13296	4.97405
4.13364	5.22405
4.13431	5.42405
4.13499	5.62405
4.13638	5.82405
4.13705	6.02405
4.13774	6.19072
4.13849	6.35739
4.1398	6.52405
4.14046	6.69072
4.14202	6.85739
4.14254	7.02405
4.14324	7.16691
4.14459	7.30977
4.14665	7.45262
4.14806	7.59548
4.15011	7.73834
4.1508	7.88119
4.15147	8.02405
4.15215	8.14905
4.15558	8.27405
4.15837	8.39905
4.15973	8.52405
4.16248	8.64905
4.16387	8.77405
4.16453	8.89905
4.16522	9.02405
4.16592	9.13516
4.16729	9.24627
4.16938	9.35739
4.17073	9.4685
4.17348	9.57961
4.17418	9.69072
4.17486	9.80183
4.17555	9.91294
4.17634	10.0241
4.17762	10.1241
4.18047	10.2241
4.18257	10.3241
4.18325	10.4241
4.18726	10.5241
4.18864	10.6241
4.1903	10.7241
4.19249	10.8241
4.19388	10.9241
4.19455	11.0241
4.19522	11.115
4.1973	11.2059
4.19938	11.2968
4.20014	11.3877
4.20283	11.4786
4.2049	11.5695
4.20627	11.6604
4.20768	11.7513
4.20918	11.8422
4.21005	11.9331
4.21078	12.0241
4.2121	12.1074
4.21489	12.1907
4.21561	12.2741
4.21693	12.3574
4.21899	12.4407
4.22107	12.5241
4.2232	12.6074
4.22455	12.6907
4.22589	12.7741
4.22726	12.8574
4.22796	12.9407
4.22863	13.0241
4.22935	13.101
4.23344	13.1779
4.23411	13.2548
4.23482	13.3317
4.23621	13.4087
4.2376	13.4856
4.23897	13.5625
4.24171	13.6394
4.24309	13.7164
4.24518	13.7933
4.24654	13.8702
4.24797	13.9471
4.24875	14.0241
4.24934	14.0955
4.25369	14.1669
4.25413	14.2383
4.25481	14.3098
4.25551	14.3812
4.25619	7.1906
4.25909	7.33345
4.26119	7.47631
4.26252	7.61917
4.26529	7.76203
4.26736	7.90488
4.27146	8.04774
4.27216	8.17274
4.27285	8.29774
4.27353	8.42274
4.2749	8.54774
4.27559	8.67274
4.27677	8.79774
4.27765	8.92274
4.2901	9.04774
4.29078	9.15885
4.29148	9.26996
4.29283	9.38107
4.29422	9.49218
4.29492	9.6033
4.2963	9.71441
4.29808	9.82552
4.30597	9.93663
4.30667	10.0477
4.30824	10.1477
4.30947	10.2477
4.31093	10.3477
4.31151	10.4477
4.31219	10.5477
4.31502	10.6477
4.31711	10.7477
4.32744	10.8477
4.32811	10.9477
4.3288	11.0477
4.32951	11.1386
4.33019	11.2296
4.33086	11.3205
4.33159	11.4114
4.33226	11.5023
4.33364	11.5932
4.33638	11.6841
4.34687	11.775
4.34754	11.8659
4.34893	11.9568
4.3496	12.0477
4.35041	12.1311
4.35168	12.2144
4.35305	12.2977
4.35442	12.3811
4.35648	12.4644
4.35926	12.5477
4.36062	12.6311
4.3677	12.7144
4.36842	12.7977
4.37045	12.8811
4.37114	12.9644
4.37181	13.0477
4.37258	13.1247
4.37391	13.2016
4.3746	13.2785
4.37603	13.3554
4.37734	13.4324
4.38149	13.5093
4.38493	13.5862
4.39114	13.6631
4.39251	13.74
4.39455	13.817
4.39528	13.8939
4.39594	13.9708
4.39663	14.0477
4.39804	14.1192
4.39872	14.1906
4.40011	14.262
4.40083	14.3335
4.40286	14.4049
4.40562	14.4763
4.40909	14.5477
4.41529	14.6192
4.41667	14.6906
4.41805	14.762
4.41876	14.8335
4.41943	14.9049
4.42015	14.9763
4.42108	15.0477
4.42148	15.1144
4.42218	15.1811
4.42286	15.2477
4.42767	15.3144
4.42916	15.3811
4.43042	15.4477
4.43525	15.5144
4.43667	15.5811
4.43947	15.6477
4.44428	15.7144
4.44642	15.7811
4.4477	15.8477
4.4484	15.9144
4.44907	15.9811
4.44975	16.0477
4.45112	16.1102
4.45181	16.1727
4.4532	16.2352
4.45392	16.2977
4.45664	16.3602
4.45735	16.4227
4.46079	16.4852
4.46149	16.5477
4.46835	16.6102
4.46901	16.6727
4.46971	16.7352
4.47109	16.7977
4.47248	16.8602
4.47315	16.9227
4.47386	16.9852
4.47455	17.0477
4.47524	17.1066
4.47661	17.1654
4.4773	17.2242
4.4787	17.283
4.48282	17.3419
4.48351	17.4007
4.49039	17.4595
4.49249	17.5183
4.49383	17.5772
4.49519	17.636
4.49587	17.6948
4.49658	17.7536
4.49727	17.8124
4.49797	17.8713
4.49937	17.9301
4.49999	17.9889
4.50067	18.0477
4.50137	18.1033
4.50205	18.1589
4.50481	18.2144
4.50685	18.27
4.50962	18.3255
4.51096	18.3811
4.51651	18.4366
4.51789	18.4922
4.51927	18.5477
4.51997	18.6033
4.52137	18.6589
4.52206	9.32943
4.52274	9.44054
4.52426	9.55165
4.52553	9.66276
4.52686	9.77387
4.53024	9.88498
4.53163	9.99609
4.53299	10.1072
4.53505	10.2072
4.53712	10.3072
4.5378	10.4072
4.54056	10.5072
4.5433	10.6072
4.54671	10.7072
4.54811	10.8072
4.54945	10.9072
4.55172	11.0072
4.55297	11.0981
4.55918	11.189
4.5613	11.2799
4.56261	11.3708
4.56609	11.4617
4.5688	11.5527
4.57241	11.6436
4.57448	11.7345
4.57523	11.8254
4.57654	11.9163
4.57724	12.0072
4.57929	12.0905
4.58478	12.1739
4.58752	12.2572
4.58965	12.3405
4.59098	12.4239
4.59239	12.5072
4.59308	6.2536
4.59416	6.42027
4.59552	6.58694
4.59631	6.7536
4.59699	6.92027
4.599	7.08694
4.60449	7.22979
4.6093	7.37265
4.61066	7.51551
4.61136	7.65836
4.61272	7.80122
4.61547	7.94408
4.61892	8.08694
4.62304	8.21194
4.62382	8.33694
4.62512	8.46194
4.62583	8.58694
4.6266	8.71194
4.62935	8.83694
4.63297	8.96194
4.63433	9.08694
4.63912	9.19805
4.64259	9.30916
4.64397	9.42027
4.64534	9.53138
4.64608	9.64249
4.64742	9.7536
4.65222	9.86471
4.65429	9.97582
4.65638	10.0869
4.6598	5.04347
4.66061	5.24347
4.66126	5.44347
4.66193	5.64347
4.66334	5.84347
4.66605	6.04347
4.66951	6.21013
4.67096	6.3768
4.67365	6.54347
4.67434	6.71013
4.68334	6.8768
4.68422	7.04347
4.68751	7.18632
4.68959	7.32918
4.693	7.47204
4.69368	7.6149
4.70133	7.75775
4.70202	7.90061
4.70269	8.04347
4.70504	8.16847
4.70547	8.29347
4.7096	8.41847
4.7103	8.54347
4.7207	8.66847
4.72141	8.79347
4.72205	8.91847
4.72277	9.04347
4.72569	9.15458
4.72684	9.26569
4.72896	9.3768
4.72966	9.48791
4.73968	9.59902
4.74029	9.71013
4.74111	9.82125
4.74163	9.93236
4.74236	10.0435
4.7458	10.1435
4.74645	10.2435
4.74854	10.3435
4.75061	10.4435
4.76096	10.5435
4.76165	10.6435
4.76233	10.7435
4.76303	10.8435
4.76372	10.9435
4.76441	11.0435
4.76649	11.1344
4.76715	11.2253
4.76998	11.3162
4.77203	11.4071
4.7852	11.498
4.78586	11.5889
4.78656	11.6798
4.78722	11.7707
4.78791	11.8616
4.78861	11.9526
4.78929	12.0435
4.79138	12.1268
4.79271	12.2101
4.79547	12.2935
4.79621	12.3768
4.80938	12.4601
4.81074	12.5435
4.81145	12.6268
4.81233	12.7101
4.8128	12.7935
4.81421	12.8768
4.81488	12.9601
4.81558	13.0435
4.81971	13.1204
4.82049	13.1973
4.82254	13.2742
4.82321	13.3512
4.83726	13.4281
4.83795	13.505
4.83862	13.5819
4.83999	13.6589
4.84065	13.7358
4.84137	13.8127
4.84204	13.8896
4.84275	13.9665
4.84342	14.0435
4.84687	14.1149
4.85105	14.1863
4.85323	14.2578
4.85379	14.3292
4.86607	14.4006
4.86804	14.472
4.86911	14.5435
4.86966	14.6149
4.87016	14.6863
4.87097	14.7578
4.87144	14.8292
4.8729	14.9006
4.87426	14.972
4.87507	15.0435
4.87562	15.1101
4.8792	15.1768
4.88053	15.2435
4.8812	15.3101
4.89295	15.3768
4.8964	15.4435
4.89774	15.5101
4.89908	15.5768
4.90116	15.6435
4.90186	15.7101
4.90257	15.7768
4.90465	7.8884
4.90599	8.03126
4.90667	8.15626
4.90736	8.28126
4.90808	8.40626
4.9108	8.53126
4.91287	8.65626
4.91372	8.78126
4.91776	8.90626
4.92252	9.03126
4.92537	9.14237
4.92691	9.25348
4.92947	9.36459
4.93018	9.4757
4.93103	9.58681
4.9391	9.69792
4.94059	9.80904
4.94402	9.92015
4.94467	10.0313
4.95015	10.1313
4.95154	10.2313
4.95364	10.3313
4.95435	10.4313
4.95582	10.5313
4.96262	10.6313
4.96534	10.7313
4.96952	10.8313
4.97019	10.9313
4.97088	11.0313
4.97299	11.1222
4.97445	11.2131
4.97585	11.304
4.97654	11.3949
4.97723	11.4858
4.9836	11.5767
4.98575	11.6676
4.991	11.7585
4.99167	11.8494
4.99239	11.9403
4.99305	12.0313
4.99662	12.1146
4.99795	12.1979
4.99935	12.2813
5.00001	12.3646
5.00076	12.4479
5.00554	12.5313
5.00621	12.6146
5.00828	12.6979
5.00968	12.7813
5.01104	12.8646
5.01256	12.9479
5.0131	13.0313
5.01862	13.1082
5.02002	13.1851
5.02141	13.262
5.02209	13.3389
5.0228	13.4159
5.02487	13.4928
5.02551	13.5697
5.0262	13.6466
5.0269	13.7236
5.02828	13.8005
5.03036	13.8774
5.03103	13.9543
5.03172	14.0313
5.03654	14.1027
5.04072	14.1741
5.0414	14.2455
5.04208	14.317
5.04346	14.3884
5.04483	14.4598
5.04551	14.5313
5.04618	14.6027
5.04687	14.6741
5.04754	14.7455
5.04984	14.817
5.05033	14.8884
5.05103	14.9598
5.0517	15.0313
5.05516	15.0979
5.0586	7.54896
5.06001	7.69182
5.06134	7.83468
5.06272	7.97753
5.06415	8.12039
5.06481	8.24539
5.06551	8.37039
5.06622	8.49539
5.06755	8.62039
5.07101	8.74539
5.0717	8.87039
5.07239	8.99539
5.07305	9.12039
5.07376	9.2315
5.07723	9.34261
5.08413	9.45372
5.08548	9.56484
5.08827	9.67595
5.08895	9.78706
5.08965	9.89817
5.09032	10.0093
5.09098	10.1093
5.0917	10.2093
5.09512	10.3093
5.10207	10.4093
5.10282	10.5093
5.10365	10.6093
5.10419	10.7093
5.10486	10.8093
5.10553	10.9093
5.10618	11.0093
5.10687	11.1002
5.10756	11.1911
5.10973	11.282
5.1145	11.3729
5.11517	11.4638
5.1159	11.5547
5.11727	11.6456
5.11795	11.7366
5.11863	11.8275
5.11933	11.9184
5.12002	12.0093
5.1207	12.0926
5.12142	12.1759
5.1244	12.2593
5.12972	12.3426
5.1304	12.4259
5.13123	12.5093
5.13172	12.5926
5.13243	12.6759
5.13311	12.7593
5.1338	12.8426
5.13449	12.9259
5.13518	13.0093
5.1359	13.0862
5.13656	13.1631
5.14174	13.24
5.14358	13.317
5.1443	13.3939
5.14494	13.4708
5.14584	6.73541
5.14634	6.90208
5.14708	7.06874
5.14772	7.2116
5.15462	7.35446
5.15532	7.49731
5.15668	7.64017
5.15805	7.78303
5.16158	7.92589
5.16585	8.06874
5.16774	8.19374
5.16866	8.31874
5.1719	8.44374
5.17257	8.56874
5.17325	8.69374
5.17807	8.81874
5.18225	8.94374
5.18299	9.06874
5.18567	9.17985
5.18777	9.29096
5.1905	9.40208
5.19116	9.51319
5.1919	9.6243
5.19464	9.73541
5.19681	9.84652
5.19945	9.95763
5.20087	10.0687
5.20289	10.1687
5.20566	10.2687
5.20635	10.3687
5.20707	10.4687
5.20845	10.5687
5.21052	10.6687
5.21467	5.33437
5.21603	5.53437
5.21671	5.73437
5.21741	5.93437
5.22084	6.13437
5.22223	6.30104
5.22377	6.4677
5.22499	6.63437
5.22843	6.80104
5.23075	6.9677
5.23695	7.13437
5.24109	7.27723
5.24385	7.42009
5.24519	7.56294
5.24741	7.7058
5.24797	7.84866
5.25073	7.99151
5.25153	8.13437
5.25645	8.25937
5.25981	8.38437
5.26185	8.50937
5.2632	8.63437
5.26391	8.75937
5.26939	8.88437
5.27006	9.00937
5.27076	9.12048
5.27351	9.23159
5.27765	9.3427
5.27902	9.45382
5.28173	9.56493
5.28245	9.67604
5.28731	9.78715
5.28798	9.89826
5.28866	10.0094
5.28935	10.1094
5.29281	10.2094
5.29556	10.3094
5.29633	10.4094
5.29771	10.5094
5.29909	10.6094
5.30122	10.7094
5.30391	10.8094
5.30527	10.9094
5.30597	11.0094
5.30664	11.1003
5.30802	11.1912
5.31052	11.2821
5.31249	11.373
5.31523	11.4639
5.31729	11.5548
5.31934	11.6457
5.32073	11.7366
5.32211	11.8276
5.32348	11.9185
5.32554	12.0094
5.32621	12.0927
5.32966	12.176
5.33108	12.2594
5.33315	12.3427
5.33456	12.426
5.33523	12.5094
5.3366	12.5927
5.33798	6.29635
5.34004	6.46302
5.34093	6.62969
5.34216	6.79635
5.34352	6.96302
5.34625	7.12969
5.34764	7.27254
5.34971	7.4154
5.35051	7.55826
5.3566	7.70111
5.35871	7.84397
5.36004	7.98683
5.36076	8.12969
5.36418	8.25469
5.36622	8.37969
5.36762	8.50469
5.3711	8.62969
5.37177	8.75469
5.37453	8.87969
5.37656	9.00469
5.37727	9.1158
5.37866	9.22691
5.38003	9.33802
5.3821	9.44913
5.38774	9.56024
5.38839	9.67135
5.38902	9.78246
5.38971	9.89357
5.39108	10.0047
5.39179	10.1047
5.39315	10.2047
5.39522	10.3047
5.40006	10.4047
5.40226	10.5047
5.40279	10.6047
5.40415	10.7047
5.40688	10.8047
5.40828	10.9047
5.40966	11.0047
5.41242	11.0956
5.41446	11.1865
5.41585	11.2774
5.41733	11.3683
5.41862	11.4592
5.42155	11.5501
5.42285	11.641
5.42426	11.732
5.42562	11.8229
5.42772	11.9138
5.4284	12.0047
5.42911	6.00234
5.42978	6.16901
5.43117	6.33568
5.43736	6.50234
5.43938	6.66901
5.44095	6.83568
5.44146	7.00234
5.44214	7.1452
5.44296	7.28806
5.44557	7.43091
5.44694	7.57377
5.45455	7.71663
5.45591	7.85949
5.4573	8.00234
5.45868	8.12734
5.46003	8.25234
5.46354	8.37734
5.46625	8.50234
5.47039	8.62734
5.47108	8.75234
5.47246	8.87734
5.47314	9.00234
5.47385	9.11345
5.47454	9.22457
5.47869	4.61228
5.4801	4.86228
5.48153	5.11228
5.48214	5.31228
5.48468	5.51228
5.48528	5.71228
5.48547	5.91228
5.48633	6.11228
5.48775	6.27895
5.49325	6.44562
5.49806	6.61228
5.49876	6.77895
5.50009	6.94562
5.50214	7.11228
5.50354	7.25514
5.50919	7.398
5.51389	7.54085
5.51458	7.68371
5.51803	7.82657
5.52007	7.96943
5.5216	8.11228
5.52219	8.23728
5.52628	8.36228
5.53101	8.48728
5.53249	8.61228
5.53445	8.73728
5.53579	8.86228
5.53717	8.98728
5.53855	9.11228
5.53993	9.22339
5.54684	9.3345
5.54892	9.44562
5.55031	9.55673
5.55239	9.66784
5.55376	9.77895
5.55597	9.89006
5.55791	10.0012
5.55859	10.1012
5.55932	10.2012
5.5648	10.3012
5.56963	10.4012
5.57027	10.5012
5.57249	10.6012
5.57312	10.7012
5.57451	10.8012
5.57521	10.9012
5.57659	11.0012
5.57795	11.0921
5.57865	11.183
5.58071	11.2739
5.58209	11.3648
5.58279	11.4557
5.58644	11.5466
5.58836	11.6375
5.5908	11.7284
5.59086	11.8194
5.59106	11.9103
5.59239	12.0012
5.59457	12.0845
5.59584	12.1678
5.59999	12.2512
5.60205	12.3345
5.60409	12.4178
5.60757	12.5012
5.60895	12.5845
5.611	12.6678
5.61181	12.7512
5.61309	12.8345
5.61375	12.9178
5.61513	13.0012
5.61655	13.0781
5.6186	13.155
5.622	13.2319
5.62267	13.3089
5.62404	13.3858
5.62473	13.4627
5.62546	13.5396
5.6268	13.6166
5.62817	13.6935
5.62888	13.7704
5.62954	13.8473
5.63093	13.9242
5.6316	14.0012
5.63369	14.0726
5.63506	14.144
5.63849	14.2155
5.63918	14.2869
5.63988	14.3583
5.64054	14.4297
5.64123	14.5012
5.64399	14.5726
5.64536	14.644
5.64676	14.7155
5.6474	14.7869
5.64952	14.8583
5.65155	14.9297
5.65226	15.0012
5.65429	15.0678
5.65638	15.1345
5.65777	15.2012
5.65915	15.2678
5.65981	15.3345
5.66051	15.4012
5.66126	15.4678
5.66341	15.5345
5.66546	15.6012
5.6682	15.6678
5.66888	15.7345
5.67096	15.8012
5.67165	15.8678
5.67233	15.9345
5.67299	16.0012
5.67369	16.0637
5.6758	16.1262
5.67853	16.1887
5.6799	16.2512
5.68141	16.3137
5.68268	16.3762
5.684	16.4387
5.68677	16.5012
5.68886	16.5637
5.69159	16.6262
5.69463	16.6887
5.69737	16.7512
5.69946	16.8137
5.70081	16.8762
5.70355	16.9387
5.70504	17.0012
5.70629	17.06
5.70768	17.1188
5.70973	17.1776
5.71109	17.2365
5.71179	17.2953
5.71413	17.3541
5.71467	17.4129
5.71537	17.4718
5.71608	17.5306
5.72094	17.5894
5.72237	17.6482
5.72508	17.7071
5.72924	17.7659
5.7313	17.8247
5.73404	17.8835
5.73679	17.9423
5.73749	18.0012
5.73817	18.0567
5.73953	18.1123
5.74091	18.1678
5.74231	18.2234
5.74367	18.2789
5.74435	18.3345
5.74504	18.3901
5.74645	18.4456
5.7471	18.5012
5.74856	18.5567
5.74996	18.6123
5.75339	18.6678
5.76018	18.7234
5.76084	18.7789
5.76294	18.8345
5.76433	18.8901
5.765	18.9456
5.76578	19.0012
5.76647	19.0538
5.76718	19.1064
5.76937	19.1591
5.77072	19.2117
5.77192	19.2643
5.77267	19.317
5.77336	19.3696
5.77545	19.4222
5.77685	19.4749
5.77908	19.5275
5.7814	19.5801
5.78487	19.6328
5.79038	19.6854
5.79105	19.738
5.79398	19.7906
5.79527	19.8433
5.79595	19.8959
5.79654	19.9485
5.79731	20.0012
5.79794	20.0512
5.79864	20.1012
5.80082	20.1512
5.80347	20.2012
5.80556	20.2512
5.80636	20.3012
5.80771	20.3512
5.80906	20.4012
5.80968	20.4512
5.81176	20.5012
5.81312	20.5512
5.81985	20.6012
5.82052	20.6512
5.8212	20.7012
5.82278	20.7512
5.82395	20.8012
5.82469	20.8512
5.82538	20.9012
5.82605	20.9512
5.82672	21.0012
5.82813	21.0488
5.82881	21.0964
5.83227	21.144
5.83433	21.1916
5.83566	21.2393
5.83636	21.2869
5.83704	21.3345
5.83911	10.6673
5.83978	10.7673
5.84135	10.8673
5.84701	10.9673
5.84974	11.0673
5.85114	11.1582
5.85191	11.2491
5.85278	11.34
5.85332	11.4309
5.85546	11.5218
5.85684	11.6127
5.85823	11.7036
5.85888	11.7945
5.85955	11.8854
5.86026	11.9763
5.86182	12.0673
5.86577	12.1506
5.86714	12.2339
5.86783	12.3173
5.86921	12.4006
5.87129	12.4839
5.88189	12.5673
5.88328	12.6506
5.8861	12.7339
5.88737	12.8173
5.88873	12.9006
5.89078	12.9839
5.89217	13.0673
5.89288	13.1442
5.89425	13.2211
5.89632	13.298
5.897	13.3749
5.89843	13.4519
5.90938	13.5288
5.91147	13.6057
5.91353	13.6826
5.91559	13.7596
5.91634	13.8365
5.91705	13.9134
5.91845	13.9903
5.9191	14.0673
5.91986	14.1387
5.92117	14.2101
5.92256	14.2815
5.92466	14.353
5.92672	14.4244
5.93499	14.4958
5.93568	14.5673
5.93912	14.6387
5.9405	14.7101
5.94118	14.7815
5.94255	14.853
5.94325	14.9244
5.94395	14.9958
5.94537	15.0673
5.94739	15.1339
5.94806	15.2006
5.94875	15.2673
5.95223	15.3339
5.95565	15.4006
5.95987	15.4673
5.96065	15.5339
5.96396	15.6006
5.96538	15.6673
5.96607	15.7339
5.96674	15.8006
5.96741	15.8673
5.96813	7.93363
5.97017	8.07648
5.97102	8.20148
5.97152	8.32648
5.97224	8.45148
5.97569	8.57648
5.97706	8.70148
5.97985	8.82648
5.98475	8.95148
5.98549	9.07648
5.9909	9.18759
5.99293	9.29871
5.99364	9.40982
5.99499	9.52093
5.99638	9.63204
6.00126	9.74315
6.01024	9.85426
6.01164	9.96537
6.01233	10.0765
6.01643	10.1765
6.01851	10.2765
6.01919	10.3765
6.01988	10.4765
6.0206	10.5765
6.02403	10.6765
6.03235	10.7765
6.03788	10.8765
6.03921	10.9765
6.04075	11.0765
6.04265	11.1674
6.04475	11.2583
6.04539	11.3492
6.04608	11.4401
6.0468	11.531
6.0571	11.6219
6.0668	11.7128
6.06883	11.8038
6.06953	11.8947
6.07021	11.9856
6.0716	12.0765
6.07364	12.1598
6.07512	12.2431
6.07571	12.3265
6.07641	12.4098
6.07849	12.4931
6.08397	12.5765
6.08979	12.6598
6.09054	12.7431
6.0913	12.8265
6.09185	12.9098
6.09257	12.9931
6.09396	13.0765
6.09679	13.1534
6.09946	13.2303
6.10087	13.3073
6.10223	13.3842
6.10362	13.4611
6.10773	13.538
6.11328	13.6149
6.11397	13.6919
6.11467	13.7688
6.11532	13.8457
6.11601	13.9226
6.11669	13.9996
6.11739	14.0765
6.11945	14.1479
6.12082	14.2193
6.12174	14.2908
6.12298	14.3622
6.12439	14.4336
6.13057	14.5051
6.13539	14.5765
6.13608	14.6479
6.1383	14.7193
6.13882	14.7908
6.14032	14.8622
6.14106	14.9336
6.14168	15.0051
6.1424	15.0717
6.14513	15.1384
6.14653	15.2051
6.14719	15.2717
6.1479	15.3384
6.14876	15.4051
6.15342	15.4717
6.16032	15.5384
6.16098	15.6051
6.16169	15.6717
6.16235	15.7384
6.16304	15.8051
6.16376	15.8717
6.16447	15.9384
6.16514	16.0051
6.16582	16.0676
6.16788	16.1301
6.16926	16.1926
6.16996	16.2551
6.17131	16.3176
6.172	16.3801
6.17825	16.4426
6.18436	16.5051
6.18506	16.5676
6.18575	16.6301
6.18641	16.6926
6.18713	16.7551
6.1878	16.8176
6.18849	16.8801
6.18917	16.9426
6.18985	17.0051
6.19053	17.0639
6.19192	17.1227
6.1926	8.56135
6.19334	8.68635
6.19398	8.81135
6.19472	8.93635
6.20157	9.06135
6.20651	9.17246
6.20718	9.28357
6.20791	9.39468
6.20855	9.5058
6.20924	9.61691
6.20991	9.72802
6.21129	9.83913
6.21196	9.95024
6.21264	10.0614
6.21334	10.1614
6.21404	10.2614
6.21471	10.3614
6.22712	10.4614
6.22855	10.5614
6.22919	10.6614
6.2299	10.7614
6.23059	10.8614
6.23132	10.9614
6.23198	11.0614
6.23334	11.1523
6.23471	11.2432
6.2361	11.3341
6.2464	11.425
6.24778	11.5159
6.2485	11.6068
6.24984	11.6977
6.2519	11.7886
6.2526	11.8795
6.25326	11.9704
6.25395	12.0614
6.25465	12.1447
6.25535	12.228
6.25602	12.3114
6.26358	12.3947
6.26494	12.478
6.26631	12.5614
6.26837	12.6447
6.2691	12.728
6.26981	12.8114
6.27116	12.8947
6.27254	12.978
6.27322	13.0614
6.27392	13.1383
6.27527	13.2152
6.27664	13.2921
6.28218	13.369
6.28284	13.446
6.28423	13.5229
6.28495	13.5998
6.28637	6.79991
6.287	6.96657
6.29057	7.13324
6.29123	7.2761
6.29191	7.41895
6.29326	7.56181
6.29395	7.70467
6.29605	7.84753
6.29743	7.99038
6.30224	8.13324
6.30296	8.25824
6.30431	8.38324
6.30715	8.50824
6.30914	8.63324
6.31125	8.75824
6.3133	8.88324
6.32227	9.00824
6.32295	9.11935
6.32431	9.23046
6.32608	9.34157
6.32679	9.45268
6.33344	4.72634
6.3355	4.97634
6.33619	5.22634
6.34099	5.42634
6.34236	5.62634
6.34379	5.82634
6.34448	6.02634
6.34528	6.19301
6.34654	6.35968
6.35858	6.52634
6.35995	6.69301
6.36066	6.85968
6.362	7.02634
6.3627	7.1692
6.3634	7.31206
6.37672	7.45491
6.3774	7.59777
6.37811	3.79889
6.38087	4.13222
6.38223	4.38222
6.38291	4.63222
6.38362	4.88222
6.39257	5.13222
6.39505	5.33222
6.3984	2.66611
6.39977	3.16611
6.41379	3.49944
6.41553	3.83278
6.41673	4.16611
6.42716	4.41611
6.42924	4.66611
6.43338	4.91611
6.43409	5.16611
6.44522	5.36611
6.44654	5.56611
6.44934	5.76611
6.45069	5.96611
6.45205	6.16611
6.46103	6.33278
6.4617	6.49944
6.46445	6.66611
6.46516	6.83278
6.46587	6.99944
6.46653	7.16611
6.46997	7.30897
6.47134	7.45182
6.47685	7.59468
6.47759	7.73754
6.47825	7.8804
6.47963	8.02325
6.48113	8.14825
6.48514	8.27325
6.48582	8.39825
6.49012	8.52325
6.49138	8.64825
6.49203	8.77325
6.4948	8.89825
6.49552	9.02325
6.49617	4.51163
6.49963	4.76163
6.50033	5.01163
6.50649	5.21163
6.50785	5.41163
6.51028	5.61163
6.51096	5.81163
6.51167	6.01163
6.51262	6.17829
6.52438	6.34496
6.52572	6.51163
6.52708	6.67829
6.52776	6.84496
6.52844	7.01163
6.52983	7.15448
6.53979	7.29734
6.54047	7.4402
6.5412	7.58305
6.54188	7.72591
6.54323	7.86877
6.54394	8.01163
6.54467	8.13663
6.55225	8.26163
6.5529	8.38663
6.55433	8.51163
6.555	8.63663
6.55703	8.76163
6.55909	8.88663
6.5598	9.01163
6.56188	9.12274
6.56872	9.23385
6.57073	9.34496
6.5728	9.45607
6.5735	9.56718
6.57486	9.67829
6.57624	9.7894
6.57763	9.90051
6.57832	10.0116
6.58038	10.1116
6.58589	10.2116
6.58655	10.3116
6.58727	10.4116
6.58796	10.5116
6.59001	10.6116
6.5909	10.7116
6.59148	10.8116
6.59283	10.9116
6.59352	11.0116
6.59559	11.1025
6.60039	11.1934
6.60109	11.2844
6.60253	11.3753
6.60317	11.4662
6.60387	11.5571
6.60456	5.77854
6.60664	5.97854
6.61006	6.17854
6.61146	6.34521
6.61284	6.51187
6.61421	6.67854
6.61556	6.84521
6.61629	7.01187
6.61695	7.15473
6.61902	7.29759
6.62106	7.44045
6.62728	7.5833
6.62872	7.72616
6.62937	7.86902
6.63072	8.01187
6.63212	8.13687
6.63563	8.26187
6.639	8.38687
6.64177	8.51187
6.64449	8.63687
6.64519	8.76187
6.64589	8.88687
6.64657	9.01187
6.64793	9.12298
6.64933	9.2341
6.65491	9.34521
6.65697	9.45632
6.65767	4.72816
6.65833	4.97816
6.65971	5.22816
6.66037	5.42816
6.66107	5.62816
6.66177	5.82816
6.66455	6.02816
6.67073	6.19483
6.6714	6.36149
6.67348	3.18075
6.67419	3.51408
6.67965	3.84741
6.68039	4.18075
6.68587	4.43075
6.68655	4.68075
6.6929	4.93075
6.69358	5.18075
6.70116	5.38075
6.70188	5.58075
6.70528	5.78075
6.70664	5.98075
6.70803	6.18075
6.71288	6.34741
6.71425	6.51408
6.7184	6.68075
6.71906	6.84741
6.72112	7.01408
6.72182	7.15694
6.72869	7.29979
6.73007	7.44265
6.73463	7.58551
6.73598	7.72837
6.73669	7.87122
6.73738	8.01408
6.7381	8.13908
6.74562	8.26408
6.74635	8.38908
6.74908	8.51408
6.75047	8.63908
6.75186	4.31954
6.75258	4.56954
6.75394	4.81954
6.75477	5.06954
6.7601	5.26954
6.76161	5.46954
6.76423	5.66954
6.76491	5.86954
6.76768	6.06954
6.77386	6.23621
6.7758	6.40287
6.7785	6.56954
6.77912	6.73621
6.78052	6.90287
6.78113	3.45144
6.78874	3.78477
6.78943	4.1181
6.79285	4.3681
6.79425	4.6181
6.80732	4.8681
6.80941	2.43405
6.81011	2.93405
6.8115	3.43405
6.81841	3.76738
6.82598	4.10072
6.82669	4.35072
6.83564	4.60072
6.83774	4.85072
6.83846	5.10072
6.83909	5.30072
6.85011	5.50072
6.85219	5.70072
6.85287	5.90072
6.85356	2.95036
6.85425	3.45036
6.86324	3.78369
6.8653	4.11703
6.86594	4.36703
6.87565	4.61703
6.8777	4.86703
6.87907	5.11703
6.88114	5.31703
6.89008	5.51703
6.89144	5.71703
6.89282	5.91703
6.89351	6.11703
6.89418	6.28369
6.90182	6.45036
6.90318	6.61703
6.90458	6.78369
6.90529	6.95036
6.90662	7.11703
6.90801	7.25988
6.91561	7.40274
6.91817	7.5456
6.9194	7.68845
6.92009	7.83131
6.92175	3.91566
6.92287	4.24899
6.9242	4.49899
6.93181	4.74899
6.9339	4.99899
6.93462	5.24899
6.93527	5.44899
6.94765	5.64899
6.95043	5.84899
6.95109	6.04899
6.95181	3.02449
6.95256	3.35783
6.96622	3.69116
6.96829	4.02449
6.96898	4.27449
6.96963	4.52449
6.98141	4.77449
6.98206	5.02449
6.98345	5.22449
6.98413	5.42449
6.99499	5.62449
6.99555	5.82449
6.99623	6.02449
6.99761	6.19116
7.00037	6.35783
7.00667	6.52449
7.00733	6.69116
7.00875	6.85783
7.00941	7.02449
7.01149	7.16735
7.01564	7.31021
7.01905	7.45307
7.01977	7.59592
7.02113	7.73878
7.02179	7.88164
7.02252	8.02449
7.02524	8.14949
7.02801	8.27449
7.03147	8.39949
7.03211	8.52449
7.03349	8.64949
7.03419	8.77449
7.03487	8.89949
7.03554	9.02449
7.03692	9.13561
7.04103	9.24672
7.04656	9.35783
7.04725	9.46894
7.04792	9.58005
7.0492	9.69116
7.05035	9.80227
7.05141	9.91338
7.05205	10.0245
7.05344	10.1245
7.05774	10.2245
7.06052	10.3245
7.06338	10.4245
7.06394	10.5245
7.06491	10.6245
7.06535	10.7245
7.06878	10.8245
7.06945	10.9245
7.07028	11.0245
7.07236	11.1154
7.0744	11.2063
7.07719	11.2972
7.08199	11.3881
7.08335	11.479
7.08407	11.5699
7.08487	11.6609
7.08609	11.7518
7.08682	11.8427
7.08751	11.9336
7.08821	12.0245
7.08887	12.1078
7.08956	12.1912
7.0923	12.2745
7.09711	12.3578
7.09783	12.4412
7.09849	12.5245
7.09918	12.6078
7.10056	12.6912
7.10131	12.7745
7.10198	12.8578
7.10403	12.9412
7.10537	13.0245
7.10606	13.1014
7.10679	13.1783
7.10812	13.2553
7.11162	13.3322
7.11228	13.4091
7.11295	6.70455
7.11434	6.87122
7.11569	7.03789
7.11775	7.18075
7.11845	7.3236
7.11915	7.46646
7.1198	7.60932
7.1205	7.75217
7.12119	7.89503
7.12257	8.03789
7.12325	8.16289
7.12944	8.28789
7.13011	8.41289
7.13153	8.53789
7.13288	8.66289
7.13359	8.78789
7.13431	8.91289
7.13498	9.03789
7.13634	9.149
7.14116	9.26011
7.14254	9.37122
7.14459	9.48233
7.14733	9.59344
7.14803	4.79672
7.14874	5.04672
7.14941	5.24672
7.15008	5.44672
7.15214	5.64672
7.15974	5.84672
7.16109	6.04672
7.16342	6.21339
7.16409	6.38006
7.16666	6.54672
7.17557	6.71339
7.17624	6.88006
7.17762	7.04672
7.17965	7.18958
7.18039	7.33244
7.18177	7.47529
7.19141	7.61815
7.19278	7.76101
7.19551	7.90386
7.19622	8.04672
7.19964	8.17172
7.20032	8.29672
7.20102	8.42172
7.21137	8.54672
7.21275	8.67172
7.21482	8.79672
7.21553	8.92172
7.21615	9.04672
7.21889	9.15783
7.21958	9.26894
7.22037	9.38006
7.23137	9.49117
7.23409	9.60228
7.23553	9.71339
7.23622	9.8245
7.23759	9.93561
7.23825	10.0467
7.23964	10.1467
7.24101	10.2467
7.2424	10.3467
7.25481	10.4467
7.25648	10.5467
7.25683	10.6467
7.25965	10.7467
7.26035	10.8467
7.26101	10.9467
7.26235	11.0467
7.26442	11.1376
7.26511	11.2285
7.26648	11.3194
7.2789	11.4104
7.2803	11.5013
7.28101	11.5922
7.28379	11.6831
7.28515	11.774
7.28579	11.8649
7.28649	11.9558
7.28785	12.0467
7.28929	12.1301
7.2907	12.2134
7.29152	12.2967
7.30237	12.3801
7.30375	12.4634
7.30513	12.5467
7.30663	12.6301
7.30677	12.7134
7.3079	12.7967
7.30864	12.8801
7.30998	12.9634
7.31067	13.0467
7.31204	13.1236
7.31272	13.2006
7.31546	13.2775
7.3279	13.3544
7.32931	13.4313
7.33133	13.5083
7.33288	13.5852
7.3334	13.6621
7.33425	13.739
7.33481	13.816
7.33682	13.8929
7.33837	13.9698
7.34032	14.0467
7.34234	14.1182
7.34372	14.1896
7.34509	14.261
7.35701	14.3324
7.35891	14.4039
7.36028	14.4753
7.36234	14.5467
7.36306	14.6182
7.36374	14.6896
7.36453	14.761
7.36519	14.8324
7.36575	14.9039
7.36658	14.9753
7.36718	15.0467
7.36859	15.1134
7.36933	15.1801
7.36998	15.2467
7.38241	15.3134
7.38308	15.3801
7.38447	15.4467
7.38519	15.5134
7.38587	15.5801
7.38746	15.6467
7.38759	15.7134
7.38791	15.7801
7.38862	15.8467
7.38931	15.9134
7.39003	15.9801
7.39066	16.0467
7.39277	16.1092
7.39357	16.1717
7.39482	16.2342
7.40806	16.2967
7.40859	16.3592
7.40928	16.4217
7.41082	16.4842
7.41147	16.5467
7.41224	16.6092
7.41344	16.6717
7.41484	16.7342
7.41547	16.7967
7.41617	16.8592
7.41755	16.9217
7.41884	16.9842
7.42028	17.0467
7.42228	17.1055
7.42301	17.1644
7.4245	17.2232
7.43405	17.282
7.4354	17.3408
7.43678	17.3997
7.4382	17.4585
7.43948	17.5173
7.44016	17.5761
7.44156	17.635
7.44298	17.6938
7.44366	17.7526
7.44448	17.8114
7.44513	17.8703
7.44577	17.9291
7.44707	17.9879
7.44907	18.0467
7.45104	18.1023
7.45242	18.1578
7.45447	18.2134
7.46363	18.2689
7.46422	18.3245
7.46484	18.3801
7.46625	18.4356
7.46695	18.4912
7.4685	18.5467
7.46904	18.6023
7.47039	18.6578
7.47106	18.7134
7.47178	18.7689
7.47315	18.8245
7.47451	18.8801
7.47728	18.9356
7.47793	18.9912
7.47877	19.0467
7.47934	19.0994
7.48002	19.152
7.48071	19.2046
7.48692	19.2572
7.48901	19.3099
7.48973	19.3625
7.49037	19.4151
7.49108	19.4678
7.49247	19.5204
7.4932	19.573
7.49587	19.6257
7.49643	19.6783
7.49799	19.7309
7.49987	19.7836
7.50054	19.8362
7.50121	19.8888
7.50191	19.9415
7.50294	19.9941
7.50373	20.0467
7.50432	20.0967
7.50475	20.1467
7.50552	20.1967
7.515	20.2467
7.51572	20.2967
7.51656	20.3467
7.51707	20.3967
7.51778	20.4467
7.51846	20.4967
7.52052	20.5467
7.52328	20.5967
7.52404	20.6467
7.52483	20.6967
7.52543	20.7467
7.52611	20.7967
7.52747	20.8467
7.52882	20.8967
7.5309	20.9467
7.53159	20.9967
7.53229	21.0467
7.53295	21.0943
7.53363	21.142
7.53499	21.1896
7.54396	21.2372
7.54601	21.2848
7.54737	21.3324
7.54808	21.3801
7.54879	21.4277
7.54945	21.4753
7.55015	21.5229
7.5543	21.5705
7.55498	21.6182
7.55568	21.6658
7.55707	21.7134
7.55776	21.761
7.55861	21.8086
7.55927	21.8562
7.55983	21.9039
7.56118	21.9515
7.5619	21.9991
7.57368	22.0467
7.57608	22.0922
7.57682	22.1376
7.57819	22.1831
7.57956	22.2285
7.58162	22.274
7.5823	22.3194
7.58368	22.3649
7.58439	22.4104
7.58783	22.4558
7.59057	22.5013
7.59419	22.5467
7.59483	22.5922
7.59637	22.6376
7.59895	22.6831
7.59965	22.7285
7.60052	22.774
7.60239	22.8194
7.60309	11.4097
7.60446	11.5006
7.60866	11.5915
7.61556	11.6825
7.61757	11.7734
7.61847	11.8643
7.61899	11.9552
7.6198	12.0461
7.62174	12.1294
7.62448	12.2128
7.62518	12.2961
7.62862	12.3794
7.63067	12.4628
7.63563	12.5461
7.63618	12.6294
7.63893	12.7128
7.64034	12.7961
7.64169	12.8794
7.64324	12.9628
7.64512	13.0461
7.64581	13.123
7.64653	13.1999
7.65928	13.2769
7.66114	13.3538
7.66316	13.4307
7.67073	13.5076
7.67293	13.5845
7.6735	13.6615
7.67416	13.7384
7.67778	13.8153
7.67832	13.8922
7.67969	13.9692
7.68038	14.0461
7.68183	14.1175
7.68806	14.1889
7.69969	14.2604
7.70312	14.3318
7.7052	14.4032
7.70606	14.4747
7.70725	14.5461
7.70862	14.6175
7.71002	14.6889
7.7107	14.7604
7.71137	14.8318
7.71205	14.9032
7.71346	14.9747
7.7162	15.0461
7.71756	15.1128
7.72242	15.1794
7.72937	15.2461
7.73072	15.3128
7.73484	15.3794
7.73623	15.4461
7.7378	15.5128
7.73903	15.5794
7.74518	15.6461
7.74591	15.7128
7.74657	15.7794
7.74725	15.8461
7.75204	15.9128
7.75619	15.9794
7.75903	16.0461
7.7611	16.1086
7.76458	16.1711
7.77216	16.2336
7.77282	16.2961
7.7756	16.3586
7.77699	16.4211
7.77904	16.4836
7.77906	16.5461
7.77971	16.6086
7.78043	8.30429
7.7811	8.42929
7.78179	8.55429
7.78455	8.67929
7.78728	8.80429
7.79554	8.92929
7.79624	9.05429
7.79758	9.16541
7.80044	9.27652
7.80722	9.38763
7.80855	9.49874
7.81064	9.60985
7.81272	9.72096
7.81549	9.83207
7.81688	9.94318
7.81894	10.0543
7.83064	10.1543
7.83477	10.2543
7.84025	10.3543
7.84166	10.4543
7.84505	10.5543
7.84643	10.6543
7.84794	10.7543
7.85128	10.8543
7.85401	10.9543
7.85471	11.0543
7.86301	11.1452
7.86711	11.2361
7.86986	11.327
7.87056	11.4179
7.87192	11.5088
7.87471	11.5997
7.87812	11.6907
7.88154	5.84533
7.8843	6.04533
7.88567	6.212
7.88707	6.37866
7.89742	6.54533
7.90021	6.712
7.90571	6.87866
7.90844	7.04533
7.90981	7.18819
7.91118	7.33104
7.91255	7.4739
7.9208	7.61676
7.92287	7.75961
7.93113	7.90247
7.93598	8.04533
7.93671	8.17033
7.93959	8.29533
7.94228	8.42033
7.94365	8.54533
7.94503	8.67033
7.94779	8.79533
7.95606	8.92033
7.95942	9.04533
7.96157	9.15644
7.96368	9.26755
7.96432	9.37866
7.96571	9.48977
7.96708	9.60088
7.96845	9.712
7.97201	9.82311
7.97605	9.93422
7.97811	10.0453
7.97949	10.1453
7.98156	10.2453
7.98577	10.3453
7.98646	10.4453
7.98714	10.5453
7.98782	10.6453
7.9899	10.7453
7.99149	10.8453
7.99277	10.9453
7.99333	11.0453
7.99747	11.1362
7.99814	11.2271
8.00232	11.3181
8.00334	5.65903
8.00511	5.85903
8.00713	6.05903
8.00783	6.22569
8.00994	6.39236
8.01061	6.55903
8.01269	6.72569
8.01613	6.89236
8.01754	7.05903
8.01824	7.20189
8.02646	7.34474
8.03403	7.4876
8.03678	7.63046
8.03812	7.77331
8.04229	7.91617
8.04296	8.05903
8.04574	8.18403
8.04991	8.30903
8.05472	8.43403
8.05677	8.55903
8.05814	8.68403
8.05888	8.80903
8.06228	8.93403
8.06299	9.05903
8.06367	9.17014
8.06455	9.28125
8.0678	9.39236
8.07265	9.50347
8.07473	9.61458
8.07751	9.72569
8.08103	9.83681
8.08304	9.94792
8.08372	10.059
8.08512	10.159
8.08647	10.259
8.08874	10.359
8.09335	10.459
8.09681	10.559
8.0981	10.659
8.10244	10.759
8.10407	10.859
8.10533	10.959
8.10728	11.059
8.11001	11.1499
8.11208	11.2408
8.11345	11.3318
8.1155	11.4227
8.11981	11.5136
8.12103	11.6045
8.1238	11.6954
8.12518	11.7863
8.12724	11.8772
8.1293	11.9681
8.13135	12.059
8.13273	12.1424
8.13546	12.2257
8.1396	12.309
8.14374	12.3924
8.14513	12.4757
8.14646	12.559
8.14929	12.6424
8.15138	12.7257
8.1527	12.809
8.15341	12.8924
8.15957	12.9757
8.16164	13.059
8.16369	13.136
8.16574	13.2129
8.17201	13.2898
8.17266	13.3667
8.17335	13.4436
8.17474	13.5206
8.1768	13.5975
8.17886	13.6744
8.18229	13.7513
8.1845	13.8283
8.19056	13.9052
8.19126	13.9821
8.19262	14.059
8.19611	14.1305
8.19676	14.2019
8.20093	14.2733
8.20162	14.3447
8.20367	14.4162
8.20919	14.4876
8.21332	14.559
8.21468	14.6305
8.21811	14.7019
8.22088	14.7733
8.22297	14.8447
8.22436	14.9162
8.22505	14.9876
8.22782	15.059
8.22849	15.1257
8.23054	15.1924
8.23191	15.259
8.24153	15.3257
8.24289	15.3924
8.24736	15.459
8.24866	15.5257
8.25077	15.5924
8.25284	15.659
8.25355	15.7257
8.25426	15.7924
8.25563	15.859
8.25773	15.9257
8.25976	15.9924
8.26619	16.059
8.26877	16.1215
8.2714	16.184
8.27686	16.2465
8.27755	16.309
8.27893	16.3715
8.28032	16.434
8.28241	16.4965
8.28378	16.559
8.2866	16.6215
8.28791	16.684
8.28884	16.7465
8.28935	16.809
8.28998	16.8715
8.2931	16.934
8.29445	16.9965
8.29581	17.059
8.30265	17.1179
8.30983	17.1767
8.31381	17.2355
8.31457	17.2943
8.31523	17.3531
8.31657	17.412
8.31736	17.4708
8.31804	17.5296
8.31867	17.5884
8.31936	17.6473
8.32009	17.7061
8.32074	17.7649
8.32212	17.8237
8.32738	17.8826
8.33051	17.9414
8.33118	18.0002
8.33325	18.0558
8.33462	18.1113
8.33669	18.1669
8.34084	18.2224
8.34227	18.278
8.34292	18.3335
8.34361	18.3891
8.3443	18.4446
8.34497	18.5002
8.34565	18.5558
8.3465	18.6113
8.34704	18.6669
8.34773	18.7224
8.34911	18.778
8.34981	18.8335
8.35254	18.8891
8.35342	18.9446
8.35524	19.0002
8.35662	9.5001
8.35955	9.61121
8.36355	9.72232
8.36815	9.83344
8.36949	9.94455
8.3701	10.0557
8.37285	10.1557
8.37494	10.2557
8.37586	10.3557
8.37767	10.4557
8.37909	10.5557
8.38044	10.6557
8.38181	10.7557
8.38318	10.8557
8.38386	10.9557
8.38527	11.0557
8.38596	11.1466
8.38804	11.2375
8.38874	11.3284
8.39988	11.4193
8.40264	11.5102
8.40469	11.6011
8.40545	11.692
8.40612	11.7829
8.40679	11.8738
8.40748	11.9647
8.40816	12.0557
8.40889	12.139
8.41092	12.2223
8.4116	12.3057
8.41576	12.389
8.41714	12.4723
8.41921	12.5557
8.42059	12.639
8.42128	12.7223
8.42197	12.8057
8.42543	12.889
8.42678	12.9723
8.42746	13.0557
8.42816	13.1326
8.42884	13.2095
8.43434	13.2864
8.43571	13.3634
8.43777	13.4403
8.44322	13.5172
8.44388	13.5941
8.44457	13.671
8.44526	13.748
8.44622	13.8249
8.44946	6.91244
8.4529	7.07911
8.45496	7.22197
8.45634	7.36483
8.45773	7.50768
8.4584	7.65054
8.45908	7.7934
8.4598	7.93625
8.46185	8.07911
8.46252	8.20411
8.46319	8.32911
8.46389	8.45411
8.46475	8.57911
8.47382	8.70411
8.47436	8.82911
8.47658	8.95411
8.47707	9.07911
8.47861	9.19022
8.47985	9.30133
8.48058	9.41244
8.48243	9.52356
8.48741	9.63467
8.48878	9.74578
8.49258	9.85689
8.49325	9.968
8.49393	10.0791
8.49532	10.1791
8.4974	10.2791
8.49875	10.3791
8.50025	10.4791
8.50425	10.5791
8.50577	10.6791
8.50911	10.7791
8.50978	10.8791
8.51044	10.9791
8.51182	11.0791
8.51385	11.17
8.5146	11.2609
8.51595	11.3518
8.51738	11.4427
8.5187	11.5337
8.52149	11.6246
8.52354	11.7155
8.52524	11.8064
8.52797	11.8973
8.53286	11.9882
8.53628	12.0791
8.53831	12.1624
8.54105	12.2458
8.54176	12.3291
8.54244	12.4124
8.54312	12.4958
8.5493	12.5791
8.55136	12.6624
8.5536	12.7458
8.5541	12.8291
8.55482	12.9124
8.5555	12.9958
8.55618	13.0791
8.55691	13.156
8.55759	13.233
8.55829	13.3099
8.55966	6.65494
8.56036	6.82161
8.56379	6.98827
8.56593	7.15494
8.56806	7.2978
8.56928	7.44065
8.57068	7.58351
8.57135	7.72637
8.57846	7.86923
8.58035	8.01208
8.5817	8.13708
8.58311	8.26208
8.58528	8.38708
8.58996	4.19354
8.59201	4.44354
8.59346	4.69354
8.59589	4.94354
8.59592	5.19354
8.59687	5.39354
8.60306	5.59354
8.60512	5.79354
8.60786	5.99354
8.60856	6.19354
8.62119	6.36021
8.62188	6.52687
8.6246	6.69354
8.62732	6.86021
8.63434	7.02687
8.63918	7.16973
8.64123	7.31259
8.64192	7.45545
8.64398	7.5983
8.65375	7.74116
8.65649	7.88402
8.65931	8.02687
8.66195	8.15187
8.66402	8.27687
8.66746	8.40187
8.6695	8.52687
8.67225	8.65187
8.67314	8.77687
8.67507	8.90187
8.693	9.02687
8.69509	9.13799
8.69596	9.2491
8.69805	9.36021
8.69857	9.47132
8.70538	9.58243
8.70815	9.69354
8.70949	9.80465
8.71432	9.91576
8.71616	10.0269
8.71891	10.1269
8.73198	10.2269
8.73267	10.3269
8.74304	10.4269
8.74577	10.5269
8.74662	10.6269
8.74855	10.7269
8.74991	10.8269
8.75474	10.9269
8.75545	11.0269
8.76166	11.1178
8.7727	11.2087
8.77613	11.2996
8.77824	11.3905
8.77954	11.4814
8.78177	11.5723
8.78718	11.6632
8.78854	11.7541
8.78993	11.8451
8.79749	11.936
8.80038	12.0269
8.80369	12.1102
8.80714	12.1935
8.80786	12.2769
8.80919	12.3602
8.81406	12.4435
8.81748	12.5269
8.81887	12.6102
8.83191	12.6935
8.83334	12.7769
8.83812	12.8602
8.84021	12.9435
8.84229	13.0269
8.84501	13.1038
8.84639	13.1807
8.85118	13.2576
8.8534	13.3346
8.85534	13.4115
8.86152	13.4884
8.8643	13.5653
8.87185	13.6423
8.87554	13.7192
8.87671	13.7961
8.87809	13.873
8.87944	13.95
8.8801	14.0269
8.88289	14.0983
8.88426	14.1697
8.88851	14.2412
8.88977	14.3126
8.89116	14.384
8.89808	14.4554
8.90497	14.5269
8.90906	14.5983
8.91126	14.6697
8.91388	14.7412
8.9153	14.8126
8.91602	14.884
8.91672	14.9554
8.91743	15.0269
8.92087	15.0935
8.92357	15.1602
8.92497	15.2269
8.92571	15.2935
8.9333	15.3602
8.93673	15.4269
8.93814	15.4935
8.94017	15.5602
8.94224	15.6269
8.9429	15.6935
8.94498	15.7602
8.94703	15.8269
8.95473	15.8935
8.95816	15.9602
8.95959	16.0269
8.96025	16.0894
8.96165	16.1519
8.96305	16.2144
8.96369	16.2769
8.96581	16.3394
8.96925	16.4019
8.97279	16.4644
8.97474	16.5269
8.97544	16.5894
8.97979	16.6519
8.98164	16.7144
8.98234	16.7769
8.9851	16.8394
8.98595	16.9019
8.98853	16.9644
8.99006	17.0269
8.99813	17.0857
8.99892	17.1445
9.0018	17.2033
9.003	17.2622
9.005	17.321
9.00761	17.3798
9.00963	17.4386
9.01103	17.4975
9.01192	17.5563
9.01587	17.6151
9.01723	17.6739
9.0193	17.7328
9.02757	17.7916
9.02895	17.8504
9.03031	17.9092
9.03237	17.9681
9.03375	18.0269
9.03449	18.0824
9.03517	18.138
9.03874	18.1935
9.042	18.2491
9.04498	18.3047
9.04689	18.3602
9.04757	18.4158
9.04828	18.4713
9.05124	18.5269
9.05583	18.5824
9.05654	18.638
9.05723	18.6935
9.06619	18.7491
9.06689	18.8047
9.06829	18.8602
9.07033	18.9158
9.07304	18.9713
9.07514	19.0269
9.07591	19.0795
9.07649	19.1321
9.08136	19.1848
9.08409	19.2374
9.08702	19.29
9.08755	19.3427
9.09167	19.3953
9.09445	19.4479
9.09735	19.5006
9.09931	19.5532
9.10017	19.6058
9.10208	19.6585
9.10616	19.7111
9.10754	19.7637
9.10891	19.8163
9.11029	19.869
9.11106	19.9216
9.11238	19.9742
9.11375	20.0269
9.11649	20.0769
9.11998	20.1269
9.12141	20.1769
9.12347	20.2269
9.13097	20.2769
9.13302	20.3269
9.13577	20.3769
9.13993	10.1884
9.14139	10.2884
9.142	10.3884
9.1434	10.4884
9.14475	10.5884
9.1461	10.6884
9.1475	10.7884
9.14954	10.8884
9.15094	10.9884
9.15173	11.0884
9.1524	11.1793
9.15367	11.2703
9.15437	11.3612
9.15578	11.4521
9.15855	11.543
9.15988	11.6339
9.16125	11.7248
9.16264	11.8157
9.16471	11.9066
9.16885	11.9975
9.18057	12.0884
9.18403	12.1718
9.18538	12.2551
9.1861	12.3384
9.18814	12.4218
9.18963	12.5051
9.19088	12.5884
9.19162	12.6718
9.19235	12.7551
9.193	12.8384
9.19712	12.9218
9.20268	13.0051
9.20609	13.082
9.20887	13.159
9.20956	13.2359
9.21373	13.3128
9.21445	13.3897
9.21515	13.4666
9.21581	13.5436
9.21997	13.6205
9.22068	13.6974
9.22205	13.7743
9.22483	13.8513
9.23173	13.9282
9.23315	14.0051
9.23379	14.0765
9.23521	14.148
9.23724	14.2194
9.24167	14.2908
9.24305	14.3622
9.24439	14.4337
9.24578	14.5051
9.24787	14.5765
9.25067	14.648
9.25133	14.7194
9.25443	14.7908
9.26107	14.8622
9.26443	14.9337
9.26516	15.0051
9.26602	15.0718
9.26858	15.1384
9.26999	15.2051
9.27131	15.2718
9.27267	15.3384
9.27339	15.4051
9.27408	15.4718
9.27472	15.5384
9.2782	15.6051
9.27956	15.6718
9.28235	15.7384
9.29055	15.8051
9.2912	15.8718
9.2919	15.9384
9.2926	16.0051
9.29327	16.0676
9.29403	16.1301
9.29464	16.1926
9.29535	16.2551
9.29606	16.3176
9.29744	16.3801
9.29812	16.4426
9.2995	16.5051
9.30364	16.5676
9.30709	16.6301
9.30987	16.6926
9.31055	16.7551
9.31124	16.8176
9.31191	16.8801
9.31259	16.9426
9.31403	17.0051
9.31611	17.0639
9.31746	17.1228
9.31884	17.1816
9.32021	17.2404
9.32157	17.2992
9.32296	17.358
9.32439	17.4169
9.32505	17.4757
9.32573	17.5345
9.32712	17.5933
9.32781	17.6522
9.33056	17.711
9.33192	17.7698
9.33333	17.8286
9.33469	17.8875
9.33604	17.9463
9.33742	18.0051
9.34153	18.0607
9.34224	18.1162
9.34296	18.1718
9.34432	18.2273
9.34636	18.2829
9.34776	18.3384
9.34843	18.394
9.35051	18.4495
9.3519	18.5051
9.35259	18.5607
9.35394	18.6162
9.35531	18.6718
9.35601	18.7273
9.36013	18.7829
9.36226	18.8384
9.36303	18.894
9.36358	18.9495
9.36492	19.0051
9.36906	19.0577
9.37046	19.1104
9.37202	19.163
9.37396	19.2156
9.37535	19.2683
9.37604	19.3209
9.37761	19.3735
9.38023	19.4262
9.38338	19.4788
9.38478	19.5314
9.38547	19.5841
9.38685	19.6367
9.38822	19.6893
9.3896	19.7419
9.39236	19.7946
9.39304	19.8472
9.39511	19.8998
9.39648	19.9525
9.39716	20.0051
9.39921	20.0551
9.40125	20.1051
9.40198	20.1551
9.40334	20.2051
9.40474	20.2551
9.4075	20.3051
9.41162	20.3551
9.41366	20.4051
9.41574	20.4551
9.41641	20.5051
9.41786	20.5551
9.41917	20.6051
9.42124	20.6551
9.42261	20.7051
9.4254	20.7551
9.42605	20.8051
9.42744	20.8551
9.42813	20.9051
9.42947	20.9551
9.43084	21.0051
9.43221	21.0527
9.43357	21.1003
9.43496	21.148
9.43774	21.1956
9.43908	21.2432
9.44117	21.2908
9.44734	21.3384
9.44941	21.3861
9.45079	21.4337
9.45148	21.4813
9.45232	21.5289
9.45358	21.5765
9.45493	21.6242
9.45768	21.6718
9.46184	21.7194
9.46255	21.767
9.46325	21.8146
9.4639	21.8622
9.46526	21.9099
9.46594	21.9575
9.46664	22.0051
9.46733	22.0506
9.4687	22.096
9.47007	22.1415
9.47147	22.1869
9.47285	22.2324
9.47419	22.2778
9.48179	22.3233
9.48242	22.3687
9.4833	22.4142
9.48381	22.4596
9.48454	22.5051
9.4852	22.5506
9.48588	22.596
9.48656	22.6415
9.49298	22.6869
9.49431	22.7324
9.49504	22.7778
9.49641	22.8233
9.49707	22.8687
9.49781	22.9142
9.49846	22.9596
9.49916	23.0051
9.50057	23.0486
9.50124	23.0921
9.50191	23.1355
9.50331	23.179
9.50401	23.2225
9.50467	23.266
9.5123	11.633
9.51363	11.7239
9.5157	11.8148
9.51914	11.9057
9.52052	11.9966
9.52188	12.0875
9.52329	12.1709
9.52392	12.2542
9.52465	12.3375
9.52533	12.4209
9.52737	12.5042
9.52809	12.5875
9.52943	12.6709
9.53084	12.7542
9.53221	12.8375
9.53431	12.9209
9.53499	13.0042
9.53564	13.0811
9.53638	13.158
9.53703	13.235
9.53771	13.3119
9.53847	13.3888
9.53911	13.4657
9.54945	13.5427
9.55584	13.6196
9.55719	13.6965
9.56134	13.7734
9.56336	13.8504
9.56409	13.9273
9.56474	14.0042
9.5661	14.0756
9.56679	14.1471
9.56817	14.2185
9.56954	14.2899
9.57025	14.3613
9.57092	14.4328
9.57469	14.5042
9.58209	14.5756
9.58345	14.6471
9.59103	14.7185
9.59171	14.7899
9.59312	14.8613
9.59447	14.9328
9.59656	15.0042
9.59721	15.0709
9.59794	15.1375
9.5993	15.2042
9.59999	15.2709
9.60136	15.3375
9.60272	15.4042
9.60346	15.4709
9.6055	15.5375
9.61376	15.6042
9.62414	15.6709
9.62548	15.7375
9.62615	15.8042
9.62753	15.8709
9.6289	15.9375
9.62959	16.0042
9.63028	16.0667
9.63184	16.1292
9.63236	16.1917
9.63376	16.2542
9.63516	16.3167
9.63585	16.3792
9.63652	16.4417
9.63722	16.5042
9.64	16.5667
9.65757	16.6292
9.66103	16.6917
9.66172	16.7542
9.66239	16.8167
9.66311	16.8792
9.66382	16.9417
9.66517	17.0042
9.66585	17.063
9.66655	17.1218
9.66797	17.1807
9.66863	17.2395
9.66934	17.2983
9.6714	17.3571
9.67208	8.67857
9.67415	8.80357
9.67486	8.92857
9.68658	9.05357
9.69069	9.16468
9.69206	9.27579
9.69494	9.3869
9.69564	9.49801
9.69639	9.60913
9.69701	9.72024
9.69771	9.83135
9.69907	9.94246
9.69978	10.0536
9.70048	10.1536
9.70118	10.2536
9.70252	10.3536
9.7039	10.4536
9.70737	10.5536
9.70876	10.6536
9.71493	10.7536
9.71972	10.8536
9.72112	10.9536
9.72249	11.0536
9.72663	11.1445
9.7273	11.2354
9.72796	11.3263
9.72933	11.4172
9.73016	11.5081
9.73143	11.599
9.7322	11.6899
9.73349	11.7808
9.73621	11.8718
9.73709	11.9627
9.73763	12.0536
9.73833	12.1369
9.73904	12.2202
9.75138	12.3036
9.75208	12.3869
9.75484	12.4702
9.76099	12.5536
9.76167	12.6369
9.76443	12.7202
9.76585	12.8036
9.76654	12.8869
9.76794	12.9702
9.76933	13.0536
9.7707	13.1305
9.77134	13.2074
9.77206	13.2843
9.78306	13.3613
9.78466	13.4382
9.79229	13.5151
9.79295	13.592
9.79573	13.669
9.79783	13.7459
9.79852	13.8228
9.80261	13.8997
9.80331	13.9766
9.80469	14.0536
9.80676	14.125
9.80949	14.1964
9.81105	14.2679
9.81571	14.3393
9.81648	14.4107
9.81866	14.4821
9.81989	14.5536
9.82058	14.625
9.82401	14.6964
9.82673	14.7679
9.8351	14.8393
9.83637	14.9107
9.83704	14.9821
9.83777	7.49107
9.83913	7.63393
9.84005	7.77679
9.8412	7.91964
9.84329	8.0625
9.84536	8.1875
9.84758	8.3125
9.84891	8.4375
9.85429	8.5625
9.85637	8.6875
9.85772	8.8125
9.86323	8.9375
9.86463	9.0625
9.86548	9.17361
9.87023	9.28472
9.87086	9.39583
9.87229	9.50694
9.87363	9.61805
9.87712	9.72917
9.88131	9.84028
9.88601	9.95139
9.88944	10.0625
9.89013	10.1625
9.89425	10.2625
9.89635	10.3625
9.89769	10.4625
9.89837	10.5625
9.8998	10.6625
9.9075	10.7625
9.90801	10.8625
9.91096	10.9625
9.91354	11.0625
9.9156	11.1534
9.91974	11.2443
9.92338	11.3352
9.92534	11.4261
9.92738	11.517
9.92874	11.608
9.93153	11.6989
9.93289	11.7898
9.93563	11.8807
9.93714	11.9716
9.93905	12.0625
9.94662	12.1458
9.94804	12.2292
9.94938	12.3125
9.95213	12.3958
9.95361	12.4792
9.95493	12.5625
9.95629	12.6458
9.9577	12.7292
9.95901	12.8125
9.96521	12.8958
9.9714	12.9792
9.97414	13.0625
9.97756	13.1394
9.97825	13.2163
9.97966	13.2933
9.98106	13.3702
9.98241	13.4471
9.98314	13.524
9.9838	13.601
9.98796	13.6779
9.98932	6.83894
9.99621	7.00561
9.99756	7.14847
10.001	7.29132
10.0045	7.43418
10.0065	7.57704
10.0092	7.71989
10.0106	7.86275
10.0122	8.00561
10.0127	8.13061
10.0147	8.25561
10.0154	8.38061
10.0182	8.50561
10.0237	8.63061
10.0278	8.75561
10.0299	8.88061
10.0341	9.00561
10.0381	9.11672
10.043	9.22783
10.0444	9.33894
10.0457	9.45005
10.0478	9.56116
10.0485	9.67228
10.0492	9.78339
10.0519	9.8945
10.054	10.0056
10.0588	10.1056
10.0629	10.2056
10.0698	10.3056
10.0725	10.4056
10.0753	10.5056
10.076	10.6056
10.0768	10.7056
10.0849	10.8056
10.087	10.9056
10.089	11.0056
10.0938	11.0965
10.0966	11.1874
10.0994	11.2783
10.1021	11.3692
10.1062	11.4602
10.1083	11.5511
10.1124	11.642
10.1131	11.7329
10.1145	11.8238
10.1158	11.9147
10.1172	12.0056
10.1186	12.0889
10.12	12.1723
10.1228	12.2556
10.126	12.3389
10.1283	12.4223
10.1382	12.5056
10.1423	12.5889
10.1444	12.6723
10.1485	12.7556
10.1498	12.8389
10.1512	12.9223
10.1519	13.0056
10.1533	13.0825
10.1546	13.1595
10.1553	13.2364
10.1567	13.3133
10.1602	13.3902
10.165	13.4671
10.1664	13.5441
10.1698	13.621
10.1725	13.6979
10.1754	13.7748
10.1789	13.8518
10.1816	13.9287
10.185	14.0056
10.1871	14.077
10.1886	14.1485
10.1905	14.2199
10.1912	14.2913
10.1998	14.3628
10.2011	14.4342
10.2032	14.5056
10.2055	14.577
10.2069	14.6485
10.2074	14.7199
10.2094	14.7913
10.2116	14.8628
10.2136	14.9342
10.2142	15.0056
10.2156	15.0723
10.2176	15.1389
10.2211	15.2056
10.2245	15.2723
10.2273	15.3389
10.2287	15.4056
10.2314	15.4723
10.2321	15.5389
10.2336	15.6056
10.2348	15.6723
10.2383	15.7389
10.2417	15.8056
10.2431	15.8723
10.2438	15.9389
10.2452	16.0056
10.2493	16.0681
10.2507	16.1306
10.2513	16.1931
10.2527	16.2556
10.2541	16.3181
10.2555	16.3806
10.2575	16.4431
10.2596	16.5056
10.261	16.5681
10.2624	16.6306
10.2644	16.6931
10.2658	16.7556
10.269	16.8181
10.2711	16.8806
10.2725	16.9431
10.2739	17.0056
10.2766	17.0644
10.2773	17.1233
10.28	17.1821
10.2835	17.2409
10.2848	17.2997
10.289	17.3585
10.2897	17.4174
10.2904	17.4762
10.2945	17.535
10.2973	17.5938
10.2979	17.6527
10.3014	17.7115
10.3034	17.7703
10.3052	17.8291
10.3075	17.888
10.3083	17.9468
10.3089	18.0056
10.3111	18.0612
10.3117	18.1167
10.3131	18.1723
10.3138	18.2278
10.3207	18.2834
10.322	18.3389
10.3255	18.3945
10.3268	18.4501
10.3289	18.5056
10.3296	9.2528
10.331	9.36392
10.3333	9.47503
10.3373	9.58614
10.3407	9.69725
10.3428	9.80836
10.3442	9.91947
10.3463	10.0306
10.3476	10.1306
10.349	10.2306
10.3504	10.3306
10.3511	10.4306
10.3532	10.5306
10.3552	10.6306
10.356	10.7306
10.3593	10.8306
10.3662	10.9306
10.3683	11.0306
10.3697	11.1215
10.371	11.2124
10.3726	11.3033
10.3752	11.3942
10.3766	11.4851
10.3786	11.576
10.3793	11.6669
10.3807	11.7579
10.3828	11.8488
10.3855	11.9397
10.3862	12.0306
10.3883	12.1139
10.3891	12.1972
10.391	12.2806
10.3938	12.3639
10.3952	6.18196
10.3975	6.34862
10.3982	6.51529
10.3996	6.68196
10.4003	6.84862
10.401	7.01529
10.4016	7.15815
10.4023	7.30101
10.4031	7.44386
10.4037	7.58672
10.4058	7.72958
10.4106	7.87243
10.4183	8.01529
10.4189	8.14029
10.4197	8.26529
10.4204	8.39029
10.421	8.51529
10.4238	8.64029
10.4266	8.76529
10.43	8.89029
10.4307	9.01529
10.4314	9.1264
10.4321	9.23751
10.4327	9.34862
10.4334	9.45974
10.4369	9.57085
10.4383	9.68196
10.4424	9.79307
10.4431	9.90418
10.4438	10.0153
10.4451	10.1153
10.446	10.2153
10.4465	10.3153
10.4479	10.4153
10.4547	10.5153
10.4555	10.6153
10.4575	10.7153
10.4582	10.8153
10.4589	10.9153
10.4596	11.0153
10.4603	11.1062
10.4609	11.1971
10.4616	11.288
10.4623	11.3789
10.4672	11.4698
10.4679	11.5607
10.4699	11.6517
10.4706	11.7426
10.4714	11.8335
10.472	11.9244
10.4727	12.0153
10.4734	12.0986
10.474	12.182
10.4754	12.2653
10.4761	12.3486
10.4844	12.432
10.4852	12.5153
10.4885	12.5986
10.4893	12.682
10.4905	12.7653
10.4912	12.8486
10.4926	12.932
10.4933	13.0153
10.494	13.0922
10.4946	13.1691
10.4956	13.2461
10.496	13.323
10.4995	13.3999
10.5002	13.4768
10.5022	13.5538
10.5029	13.6307
10.5036	13.7076
10.5043	13.7845
10.505	13.8614
10.5057	13.9384
10.5064	14.0153
10.5071	14.0867
10.5078	14.1581
10.5085	14.2296
10.5091	14.301
10.5133	14.3724
10.514	14.4439
10.5161	14.5153
10.5174	14.5867
10.5181	14.6581
10.5188	14.7296
10.5195	14.801
10.5208	14.8724
10.5215	14.9439
10.5222	15.0153
10.5229	15.082
10.5236	15.1486
10.5243	15.2153
10.5256	15.282
10.5291	15.3486
10.5305	15.4153
10.5318	7.70765
10.5325	7.8505
10.5332	7.99336
10.5339	8.13622
10.5346	8.26122
10.5353	8.38622
10.536	8.51122
10.5367	8.63622
10.5374	8.76122
10.5381	8.88622
10.5388	9.01122
10.5394	9.12233
10.5415	9.23344
10.545	9.34455
10.547	9.45566
10.5484	9.56677
10.5491	9.67788
10.5498	9.78899
10.5512	9.90011
10.5518	10.0112
10.5525	10.1112
10.5539	5.05561
10.5566	5.25561
10.5587	5.45561
10.5621	5.65561
10.5644	5.85561
10.5649	6.05561
10.5669	6.22228
10.5683	6.38894
10.569	6.55561
10.5697	6.72228
10.5761	3.36114
10.5766	3.69447
10.578	4.0278
10.5787	4.2778
10.5801	4.5278
10.5815	4.7778
10.5897	5.0278
10.5911	5.2278
10.5932	5.4278
10.5938	5.6278
10.6015	5.8278
10.6022	6.0278
10.6049	6.19447
10.607	6.36114
10.6083	6.5278
10.6111	6.69447
10.6118	6.86114
10.6125	7.0278
10.6154	7.17066
10.6167	7.31352
10.618	7.45638
10.6201	3.72819
10.6208	4.06152
10.6214	4.31152
10.6221	4.56152
10.625	4.81152
10.6269	5.06152
10.6283	5.26152
10.6317	5.46152
10.6332	5.66152
10.6339	5.86152
10.6345	6.06152
10.6359	6.22819
10.638	6.39485
10.6393	6.56152
10.64	3.28076
10.6414	3.61409
10.6421	3.94743
10.6442	4.28076
10.6463	4.53076
10.6477	4.78076
10.6497	5.03076
10.6504	5.23076
10.6525	5.43076
10.6554	5.63076
10.6574	5.83076
10.6581	6.03076
10.6588	6.19743
10.6601	6.36409
10.6611	6.53076
10.6622	6.69743
10.6629	6.86409
10.6636	7.03076
10.6643	7.17362
10.665	7.31647
10.6664	7.45933
10.6692	7.60219
10.6698	7.74505
10.6705	7.8879
10.6712	8.03076
10.6719	8.15576
10.6726	8.28076
10.6746	8.40576
10.6788	8.53076
10.6801	8.65576
10.6809	8.78076
10.6822	8.90576
10.6829	9.03076
10.6836	9.14187
10.685	9.25298
10.686	9.36409
10.6871	9.47521
10.6877	9.58632
10.6909	9.69743
10.6923	9.80854
10.6944	9.91965
10.695	10.0308
10.6966	10.1308
10.6972	10.2308
10.6979	10.3308
10.6986	10.4308
10.6993	10.5308
10.7001	10.6308
10.7007	10.7308
10.7034	10.8308
10.7047	10.9308
10.7055	11.0308
10.7068	11.1217
10.7075	11.2126
10.7088	11.3035
10.7102	11.3944
10.7109	11.4853
10.7116	11.5762
10.7143	11.6671
10.7164	11.758
10.7185	11.8489
10.7192	11.9399
10.7199	12.0308
10.7205	12.1141
10.7219	12.1974
10.7233	12.2808
10.7247	12.3641
10.726	12.4474
10.7276	12.5308
10.7288	12.6141
10.7302	12.6974
10.7323	12.7808
10.733	12.8641
10.7336	12.9474
10.7343	13.0308
10.7364	13.1077
10.7371	13.1846
10.7385	13.2615
10.7391	13.3385
10.7398	13.4154
10.7412	13.4923
10.7426	13.5692
10.7461	13.6461
10.7538	13.7231
10.755	13.8
10.7565	13.8769
10.7578	13.9538
10.7592	14.0308
10.7598	14.1022
10.7605	14.1736
10.7612	14.245
10.7619	14.3165
10.7626	14.3879
10.7633	14.4593
10.764	14.5308
10.7647	14.6022
10.7688	14.6736
10.7702	14.745
10.7723	14.8165
10.773	14.8879
10.7736	14.9593
10.775	15.0308
10.7771	15.0974
10.7785	15.1641
10.7805	15.2308
10.7833	15.2974
10.7846	15.3641
10.786	15.4308
10.7867	15.4974
10.7881	15.5641
10.7908	15.6308
10.7931	15.6974
10.7958	15.7641
10.7965	15.8308
10.7972	15.8974
10.7979	15.9641
10.7986	16.0308
10.8	16.0933
10.8006	16.1558
10.8021	16.2183
10.8034	16.2808
10.8048	16.3433
10.8055	16.4058
10.8069	16.4683
10.8084	16.5308
10.8111	16.5933
10.8124	16.6558
10.8165	16.7183
10.818	16.7808
10.8193	16.8433
10.8206	16.9058
10.822	16.9683
10.8241	17.0308
10.8269	17.0896
10.8289	17.1484
10.8303	17.2072
10.8317	17.2661
10.8324	17.3249
10.833	17.3837
10.8346	17.4425
10.8359	17.5013
10.8396	17.5602
10.841	17.619
10.8435	17.6778
10.8442	17.7366
10.8449	17.7955
10.8456	17.8543
10.847	17.9131
10.8483	17.9719
10.8497	18.0308
10.8518	18.0863
10.856	18.1419
10.858	18.1974
10.862	18.253
10.8633	18.3085
10.8661	18.3641
10.8675	18.4196
10.8689	18.4752
10.8724	18.5308
10.873	18.5863
10.8752	18.6419
10.8759	18.6974
10.8765	18.753
10.8779	18.8085
10.8806	18.8641
10.8819	18.9196
10.8833	18.9752
10.8847	19.0308
10.8867	19.0834
10.8881	19.136
10.8909	19.1887
10.895	19.2413
10.8971	19.2939
10.8998	19.3466
10.9005	19.3992
10.9054	19.4518
10.9096	19.5044
10.9103	19.5571
10.9109	19.6097
10.9123	19.6623
10.9137	19.715
10.9151	19.7676
10.9185	19.8202
10.9199	19.8729
10.9206	19.9255
10.9247	19.9781
10.9275	20.0308
10.9288	20.0808
10.9309	20.1308
10.933	20.1808
10.935	20.2308
10.9371	20.2808
10.9385	20.3308
10.9398	20.3808
10.9433	20.4308
10.9464	20.4808
10.9476	20.5308
10.9484	20.5808
10.9491	20.6308
10.9504	20.6808
10.9512	20.7308
10.9524	20.7808
10.9544	20.8308
10.9565	20.8808
10.9593	20.9308
10.9613	20.9808
10.964	21.0308
10.9654	21.0784
10.9668	21.126
10.9688	21.1736
10.9695	21.2212
10.9729	21.2689
10.9743	21.3165
10.9764	21.3641
10.9819	21.4117
10.9916	21.4593
10.9922	21.507
10.9929	10.7535
10.995	10.8535
10.9957	10.9535
10.9965	11.0535
10.9977	11.1444
10.9984	11.2353
10.9998	11.3262
11.0004	11.4171
11.0018	11.508
11.0025	11.5989
11.0053	11.6898
11.006	11.7807
11.0066	11.8717
11.008	11.9626
11.0095	12.0535
11.0109	12.1368
11.0136	12.2201
11.0157	12.3035
11.0274	12.3868
11.0322	12.4701
11.0336	12.5535
11.0384	12.6368
11.044	12.7201
11.0453	12.8035
11.0468	12.8868
11.0482	12.9701
11.0487	13.0535
11.0501	13.1304
11.0563	13.2073
11.0584	13.2842
11.0653	13.3612
11.0764	13.4381
11.0813	13.515
11.0826	13.5919
11.0833	13.6689
11.084	13.7458
11.0853	13.8227
11.086	13.8996
11.0867	13.9766
11.0874	14.0535
11.0888	14.1249
11.0923	14.1963
11.1046	14.2678
11.1122	14.3392
11.1171	14.4106
11.1177	14.482
11.1205	14.5535
11.1219	14.6249
11.1225	14.6963
11.1255	14.7678
11.1267	14.8392
11.1281	14.9106
11.1288	14.982
11.1329	15.0535
11.1357	15.1201
11.1391	15.1868
11.1441	15.2535
11.1525	15.3201
11.1546	15.3868
11.1574	15.4535
11.1671	15.5201
11.1706	15.5868
11.1713	15.6535
11.172	15.7201
11.1733	15.7868
11.174	15.8535
11.1754	15.9201
11.1775	15.9868
11.1781	16.0535
11.1788	16.116
11.1795	16.1785
11.1858	16.241
11.1906	16.3035
11.192	16.366
11.1947	16.4285
11.1981	16.491
11.1995	16.5535
11.2016	16.616
11.2036	16.6785
11.2058	16.741
11.2065	16.8035
11.2078	16.866
11.2099	16.9285
11.2106	16.991
11.2113	17.0535
11.2129	17.1123
11.2134	17.1711
11.2279	17.2299
11.2299	17.2888
11.2319	17.3476
11.2347	17.4064
11.2367	17.4652
11.2382	17.5241
11.2395	17.5829
11.2402	17.6417
11.2416	17.7005
11.2423	17.7594
11.243	17.8182
11.2478	17.877
11.2492	17.9358
11.2498	17.9947
11.2526	18.0535
11.2533	18.109
11.2554	18.1646
11.2712	18.2201
11.2719	18.2757
11.2726	18.3313
11.2733	18.3868
11.274	18.4424
11.2755	18.4979
11.276	18.5535
11.2781	18.609
11.2802	18.6646
11.2809	18.7201
11.2823	18.7757
11.287	18.8313
11.2946	18.8868
11.296	18.9424
11.2994	18.9979
11.3001	19.0535
11.3022	19.1061
11.303	19.1587
11.3094	19.2114
11.3114	19.264
11.3128	19.3166
11.3156	19.3693
11.3164	19.4219
11.3169	19.4745
11.3177	19.5272
11.319	19.5798
11.3197	19.6324
11.3204	19.6851
11.3217	19.7377
11.3279	19.7903
11.3308	19.8429
11.3322	19.8956
11.3337	19.9482
11.3342	20.0008
11.3363	20.0508
11.3391	20.1008
11.3397	20.1508
11.3418	20.2008
11.3425	20.2508
11.3439	20.3008
11.3453	20.3508
11.3466	20.4008
11.348	20.4508
11.3487	20.5008
11.3494	20.5508
11.3542	20.6008
11.3556	20.6508
11.3583	20.7008
11.3632	20.7508
11.3666	20.8008
11.368	20.8508
11.3687	20.9008
11.3701	20.9508
11.3708	21.0008
11.3719	21.0485
11.3729	21.0961
11.3742	21.1437
11.3764	21.1913
11.377	21.2389
11.3777	21.2866
11.3798	21.3342
11.3804	21.3818
11.3825	21.4294
11.3839	21.477
11.3859	21.5247
11.3933	21.5723
11.3961	21.6199
11.4002	21.6675
11.4009	21.7151
11.4016	21.7627
11.4023	21.8104
11.403	21.858
11.4037	21.9056
11.4044	21.9532
11.4052	22.0008
11.4058	22.0463
11.4072	22.0918
11.4079	22.1372
11.4086	22.1827
11.4099	22.2281
11.4113	22.2736
11.4141	22.319
11.4162	22.3645
11.4189	22.4099
11.4216	22.4554
11.4258	22.5008
11.4285	22.5463
11.4299	22.5918
11.4327	22.6372
11.434	22.6827
11.4354	22.7281
11.4361	22.7736
11.4368	22.819
11.4375	22.8645
11.4382	22.9099
11.4389	22.9554
11.4395	23.0008
11.4402	23.0443
11.4409	23.0878
11.4416	23.1313
11.4423	23.1748
11.443	23.2182
11.4436	23.2617
11.4444	23.3052
11.4526	23.3487
11.4547	23.3921
11.456	23.4356
11.4574	23.4791
11.4595	23.5226
11.4637	23.5661
11.465	23.6095
11.4657	23.653
11.4664	23.6965
11.4678	23.74
11.4684	23.7835
11.4691	23.8269
11.4698	23.8704
11.4705	11.9352
11.4712	12.0261
11.4719	12.1094
11.4726	12.1928
11.4733	12.2761
11.4747	12.3594
11.476	12.4428
11.4774	12.5261
11.4794	12.6094
11.4822	12.6928
11.4877	12.7761
11.4891	12.8594
11.4905	12.9428
11.4913	13.0261
11.4933	13.103
11.4939	13.18
11.4946	13.2569
11.496	13.3338
11.4967	13.4107
11.4982	13.4877
11.5009	13.5646
11.5022	13.6415
11.5037	13.7184
11.5139	13.7953
11.5153	6.89767
11.516	7.06434
11.5167	7.2072
11.5174	7.35005
11.5188	7.49291
11.5236	7.63577
11.5243	7.77862
11.5256	7.92148
11.5263	8.06434
11.5291	8.18934
11.5311	8.31434
11.5325	8.43934
11.5381	8.56434
11.5435	8.68934
11.5449	8.81434
11.5456	8.93934
11.5463	9.06434
11.547	9.17545
11.5483	9.28656
11.549	9.39767
11.5504	9.50878
11.5607	9.61989
11.5628	9.73101
11.5663	9.84212
11.5684	9.95323
11.569	10.0643
11.5697	10.1643
11.5711	10.2643
11.5759	10.3643
11.5766	10.4643
11.5773	10.5643
11.5787	10.6643
11.5801	10.7643
11.5828	10.8643
11.5835	10.9643
11.5842	11.0643
11.5856	11.1552
11.5869	11.2462
11.5952	5.62308
11.5959	5.82308
11.5966	6.02308
11.5987	6.18975
11.6007	6.35641
11.6035	6.52308
11.6076	6.68975
11.6096	6.85641
11.611	7.02308
11.6125	7.16594
11.6141	7.30879
11.6175	7.45165
11.6224	7.59451
11.6244	7.73736
11.6301	7.88022
11.6306	8.02308
11.6313	4.01154
11.6326	4.26154
11.6333	4.51154
11.6395	4.76154
11.6437	5.01154
11.646	5.21154
11.6474	5.41154
11.6479	5.61154
11.6581	5.81154
11.6595	6.01154
11.6609	6.17821
11.6616	6.34487
11.6623	6.51154
11.6664	6.67821
11.6678	6.84487
11.6685	7.01154
11.6699	7.1544
11.6706	7.29725
11.6713	7.44011
11.6802	7.58297
11.6864	7.72582
11.6871	7.86868
11.6878	8.01154
11.6906	8.13654
11.6919	8.26154
11.6926	8.38654
11.6933	8.51154
11.6981	8.63654
11.7002	8.76154
11.7015	8.88654
11.7022	9.01154
11.7071	9.12265
11.7084	9.23376
11.7091	9.34487
11.7098	9.45598
11.7119	9.56709
11.714	9.67821
11.7147	9.78932
11.7153	9.90043
11.716	10.0115
11.7201	10.1115
11.7215	10.2115
11.7229	10.3115
11.7236	10.4115
11.7263	10.5115
11.7277	10.6115
11.7284	10.7115
11.7291	10.8115
11.7298	10.9115
11.7318	11.0115
11.7345	11.1024
11.7359	11.1934
11.7366	11.2843
11.7375	11.3752
11.7388	11.4661
11.7395	11.557
11.7404	11.6479
11.7416	11.7388
11.7429	11.8297
11.7464	11.9206
11.7471	12.0115
11.7519	12.0949
11.7532	12.1782
11.7547	12.2615
11.756	12.3449
11.7567	12.4282
11.7574	12.5115
11.7581	12.5949
11.7589	12.6782
11.7594	12.7615
11.7623	12.8449
11.7651	12.9282
11.7654	13.0115
11.7671	13.0885
11.7691	13.1654
11.7711	13.2423
11.774	13.3192
11.7753	13.3962
11.7769	13.4731
11.7783	13.55
11.7804	13.6269
11.7817	13.7038
11.7859	13.7808
11.7874	13.8577
11.788	13.9346
11.7907	14.0115
11.7927	14.083
11.7941	14.1544
11.7975	14.2258
11.7989	14.2973
11.7996	14.3687
11.8018	14.4401
11.8024	14.5115
11.8037	14.583
11.8051	14.6544
11.8093	7.3272
11.8099	7.47006
11.8106	7.61291
11.812	7.75577
11.8134	7.89863
11.8161	8.04148
11.8189	8.16648
11.8196	8.29148
11.8209	8.41648
11.8223	8.54148
11.825	8.66648
11.8257	8.79148
11.8305	8.91648
11.8312	9.04148
11.8449	9.1526
11.847	9.26371
11.8484	9.37482
11.849	9.48593
11.8518	9.59704
11.8531	9.70815
11.8573	9.81926
11.8579	9.93037
11.8586	10.0415
11.8718	10.1415
11.8732	10.2415
11.8739	10.3415
11.876	10.4415
11.878	10.5415
11.8816	10.6415
11.885	10.7415
11.8857	10.8415
11.8864	10.9415
11.8871	11.0415
11.9023	11.1324
11.9044	11.2233
11.9051	11.3142
11.9064	11.4051
11.9071	5.70256
11.9078	5.90256
11.9147	6.10256
11.9167	6.26923
11.9174	6.43589
11.9181	6.60256
11.9189	6.76923
11.9347	6.93589
11.9354	7.10256
11.9367	7.24542
11.9388	7.38827
11.9423	7.53113
11.9444	7.67399
11.9505	7.81685
11.9512	3.90842
11.9588	4.24176
11.9602	4.49176
11.9622	4.74176
11.9656	4.99176
11.9705	5.24176
11.9732	5.44176
11.9829	5.64176
11.985	5.84176
11.9877	6.04176
11.9925	6.20842
11.994	6.37509
12.0008	6.54176
12.0036	6.70842
12.0043	6.87509
12.0063	7.04176
12.0111	7.18461
12.0187	7.32747
12.0194	7.47033
12.0215	7.61318
12.0243	7.75604
12.0318	7.8989
12.0332	8.04176
12.0346	8.16676
12.0359	8.29176
12.0394	8.41676
12.0463	8.54176
12.0477	8.66676
12.0552	8.79176
12.0587	8.91676
12.0601	9.04176
12.0614	9.15287
12.0628	9.26398
12.0663	9.37509
12.0759	9.4862
12.0767	9.59731
12.0897	9.70842
12.0924	9.81953
12.094	9.93065
12.0952	10.0418
12.0959	10.1418
12.098	10.2418
12.1027	10.3418
12.1099	10.4418
12.1126	10.5418
12.1262	10.6418
12.1289	10.7418
12.1303	10.8418
12.1324	10.9418
12.1337	11.0418
12.1351	11.1327
12.1372	11.2236
12.1448	11.3145
12.1503	11.4054
12.1537	11.4963
12.1716	11.5872
12.1799	11.6781
12.1806	11.769
12.1813	11.8599
12.182	11.9508
12.1834	12.0418
12.1861	12.1251
12.1874	12.2084
12.195	12.2918
12.2026	12.3751
12.2032	12.4584
12.2197	12.5418
12.2238	12.6251
12.2259	12.7084
12.2266	12.7918
12.2272	12.8751
12.228	12.9584
12.2293	13.0418
12.2321	13.1187
12.2335	13.1956
12.2396	13.2725
12.2534	13.3494
12.2548	13.4264
12.2761	13.5033
12.2795	13.5802
12.2809	13.6571
12.2844	13.7341
12.2899	13.811
12.2913	13.8879
12.2926	13.9648
12.2933	14.0418
12.294	14.1132
12.2947	14.1846
12.2975	14.256
12.3147	14.3275
12.3167	14.3989
12.3326	14.4703
12.3339	14.5418
12.3394	14.6132
12.3443	14.6846
12.345	14.756
12.3484	14.8275
12.3499	14.8989
12.3512	14.9703
12.3519	15.0418
12.3525	15.1084
12.3532	15.1751
12.3566	15.2418
12.3656	15.3084
12.3663	15.3751
12.3698	15.4418
12.3712	15.5084
12.3725	15.5751
12.3739	15.6418
12.3753	15.7084
12.3842	15.7751
12.3904	15.8418
12.3911	15.9084
12.3918	15.9751
12.3924	16.0418
12.3932	16.1043
12.3939	16.1668
12.3959	16.2293
12.4014	16.2918
12.4097	16.3543
12.4173	16.4168
12.4179	16.4793
12.4189	16.5418
12.4193	16.6043
12.42	16.6668
12.4207	16.7293
12.4214	16.7918
12.4235	16.8543
12.4256	16.9168
12.4297	16.9793
12.4331	17.0418
12.4352	17.1006
12.4372	17.1594
12.44	17.2182
12.4434	17.2771
12.4442	17.3359
12.4448	17.3947
12.4455	17.4535
12.4476	17.5123
12.4496	17.5712
12.4538	17.63
12.4579	17.6888
12.4587	17.7476
12.4595	17.8065
12.4641	17.8653
12.4654	17.9241
12.4696	17.9829
12.4703	18.0418
12.471	18.0973
12.4717	18.1529
12.4737	18.2084
12.476	18.264
12.48	18.3195
12.482	18.3751
12.4848	18.4306
12.4862	18.4862
12.4869	18.5418
12.4884	18.5973
12.4889	18.6529
12.4917	18.7084
12.4944	18.764
12.4958	18.8195
12.4971	18.8751
12.4992	18.9306
12.502	18.9862
12.5075	19.0418
12.5089	19.0944
12.5095	19.147
12.511	19.1997
12.5144	19.2523
12.5177	19.3049
12.5184	19.3575
12.5191	19.4102
12.5205	19.4628
12.5219	19.5154
12.5232	19.5681
12.5239	19.6207
12.5255	19.6733
12.5266	19.726
12.528	19.7786
12.5294	19.8312
12.5308	19.8839
12.5335	19.9365
12.539	19.9891
12.5404	20.0418
12.5438	20.0918
12.5445	20.1418
12.5473	20.1918
12.5486	20.2418
12.5507	20.2918
12.5514	20.3418
12.5535	20.3918
12.5542	20.4418
12.5562	20.4918
12.5576	20.5418
12.5585	20.5918
12.5597	20.6418
12.561	20.6918
12.5617	20.7418
12.5631	20.7918
12.5638	20.8418
12.5645	20.8918
12.5681	20.9418
12.5687	20.9918
12.5694	21.0418
12.57	21.0894
12.5707	21.137
12.5721	21.1846
12.5735	21.2322
12.5749	21.2799
12.5756	21.3275
12.5762	21.3751
12.5783	21.4227
12.579	21.4703
12.5812	21.5179
12.5817	21.5656
12.5831	21.6132
12.5852	21.6608
12.5866	21.7084
12.5872	21.756
12.5928	21.8037
12.5952	21.8513
12.5987	21.8989
12.6001	21.9465
12.6008	21.9941
12.6014	22.0418
12.6028	22.0872
12.6035	22.1327
12.6042	22.1781
12.6049	22.2236
12.6056	22.269
12.6062	22.3145
12.607	22.3599
12.6076	22.4054
12.6083	22.4508
12.609	22.4963
12.6097	22.5418
12.6104	22.5872
12.6118	22.6327
12.6139	22.6781
12.6151	22.7236
12.6154	22.769
12.6166	22.8145
12.6181	22.8599
12.6197	22.9054
12.6202	22.9508
12.6209	22.9963
12.6223	23.0418
12.6236	23.0852
12.6249	23.1287
12.6263	11.5644
12.6277	11.6553
12.629	11.7462
12.6305	11.8371
12.6312	11.928
12.6326	12.0189
12.6332	12.1022
12.6369	12.1856
12.6382	12.2689
12.6394	12.3522
12.6417	12.4356
12.6429	12.5189
12.6436	12.6022
12.6466	12.6856
12.6473	12.7689
12.6479	12.8522
12.6486	12.9356
12.6493	13.0189
12.65	13.0958
12.6514	13.1727
12.6521	13.2497
12.6528	13.3266
12.6541	13.4035
12.657	6.70176
12.6591	6.86843
12.6598	7.03509
12.6612	7.17795
12.6625	7.32081
12.6632	7.46366
12.6646	7.60652
12.6666	7.74938
12.668	7.89223
12.6694	8.03509
12.6707	8.16009
12.6728	8.28509
12.6742	8.41009
12.6846	8.53509
12.6859	8.66009
12.6867	8.78509
12.6873	8.91009
12.688	9.03509
12.6887	9.1462
12.6894	9.25731
12.6908	4.62866
12.695	4.87866
12.6956	5.12866
12.6984	5.32866
12.6991	5.52866
12.6998	5.72866
12.7005	5.92866
12.7012	6.12866
12.702	6.29532
12.7102	6.46199
12.7143	6.62866
12.717	6.79532
12.7185	6.96199
12.7198	7.12866
12.7212	7.27151
12.7304	7.41437
12.7318	7.55723
12.7331	7.70009
12.7338	7.84294
12.7352	7.9858
12.7359	8.12866
12.7374	8.25366
12.7478	8.37866
12.7499	8.50366
12.7527	8.62866
12.754	8.75366
12.7567	8.87866
12.7581	9.00366
12.7595	9.11477
12.7609	9.22588
12.7692	9.33699
12.7706	9.4481
12.7719	9.55921
12.7726	9.67032
12.7741	9.78143
12.7748	9.89255
12.7754	10.0037
12.7761	10.1037
12.7768	10.2037
12.7878	10.3037
12.7906	10.4037
12.7933	10.5037
12.7947	10.6037
12.7968	10.7037
12.7975	10.8037
12.7982	10.9037
12.7988	11.0037
12.7995	11.0946
12.8002	11.1855
12.8044	11.2764
12.8058	11.3673
12.8071	11.4582
12.8079	11.5491
12.8093	11.64
12.8099	11.7309
12.8106	11.8218
12.812	11.9127
12.8134	12.0037
12.8148	12.087
12.8161	12.1703
12.8237	12.2537
12.8251	12.337
12.8271	12.4203
12.8286	12.5037
12.8319	12.587
12.8326	12.6703
12.8333	12.7537
12.834	12.837
12.8347	12.9203
12.8354	13.0037
12.836	13.0806
12.8367	13.1575
12.8429	13.2344
12.8464	13.3113
12.8477	13.3883
12.8484	13.4652
12.8512	13.5421
12.8526	13.619
12.8533	13.696
12.8553	13.7729
12.856	13.8498
12.8567	13.9267
12.8574	14.0037
12.8581	14.0751
12.8591	14.1465
