time	cwndsize
0.266384	11
0.268504	12
0.272768	13
0.275007	14
0.276419	15
0.276551	16
0.28	17
0.280411	18
0.282064	19
0.282227	20
0.292026	21
0.292113	22
0.295974	23
0.296476	24
0.302349	25
0.302565	26
0.3061	27
0.307611	28
0.307937	29
0.308039	30
0.310343	31
0.311114	32
0.313413	33
0.316354	34
0.316389	35
0.316443	36
0.318847	37
0.318987	38
0.320995	39
0.321029	40
0.338981	41
0.339036	42
0.339128	43
0.340916	44
0.344051	45
0.346375	46
0.34648	47
0.346658	48
0.35221	49
0.352474	50
0.355287	51
0.355334	52
0.357406	53
0.357604	54
0.362702	55
0.36276	56
0.364656	57
0.364978	58
0.365179	59
0.365595	60
0.365678	61
0.365803	62
0.368586	63
0.368799	64
0.373711	65
0.373777	66
0.373877	67
0.37917	68
0.379226	69
0.381213	70
0.381884	71
0.38229	72
0.384975	73
0.385102	74
0.388004	75
0.38806	37.5
0.389447	37.527
0.390135	37.5541
0.390165	37.5811
0.390226	37.6081
0.423069	37.6351
0.423107	37.6622
0.423178	37.6892
0.42334	37.7162
0.423418	37.7432
0.428693	37.7703
0.428847	37.7973
0.428984	37.8243
0.437088	37.8514
0.439233	37.8784
0.440439	37.9054
0.440689	37.9324
0.440839	37.9595
0.441009	37.9865
0.444872	38.0135
0.444907	38.0398
0.453161	38.0661
0.453308	38.0925
0.456118	38.1188
0.45629	38.1451
0.456325	38.1714
0.456354	38.1977
0.45644	38.224
0.459966	38.2504
0.460331	38.2767
0.460505	38.303
0.461201	38.3293
0.46514	38.3556
0.465198	38.3819
0.468321	38.4083
0.46837	38.4346
0.46845	38.4609
0.481795	38.4872
0.489217	38.5135
0.489339	38.5398
0.489522	38.5661
0.490927	38.5925
0.491046	38.6188
0.491222	38.6451
0.494859	38.6714
0.494888	38.6977
0.494964	38.724
0.495052	38.7504
0.499283	38.7767
0.499441	38.803
0.499614	38.8293
0.499724	38.8556
0.500915	38.8819
0.506413	38.9083
0.514863	38.9346
0.514921	38.9609
0.515001	38.9872
0.515111	39.0135
0.517578	39.0392
0.517634	39.0648
0.517723	39.0904
0.519758	39.1161
0.536826	39.1417
0.537599	39.1674
0.540266	39.193
0.540962	39.2186
0.541881	39.2443
0.542462	39.2699
0.543902	39.2956
0.545289	39.3212
0.545364	39.3468
0.54696	39.3725
0.548857	39.3981
0.550163	39.4238
0.614391	39.4494
0.619952	39.4751
0.627784	39.5007
0.627851	39.5263
0.629755	39.552
0.629814	39.5776
0.629895	39.6033
0.63124	39.6289
0.631962	39.6545
0.63327	39.6802
0.682581	39.7058
0.682885	39.7315
0.682918	39.7571
0.682937	39.7827
0.687379	39.8084
0.687435	39.834
0.687515	39.8597
0.693287	39.8853
0.728871	39.9109
0.733324	39.9366
0.733381	39.9622
0.733448	39.9879
0.733557	40.0135
0.733658	40.0385
0.73483	40.0635
0.734867	40.0885
0.734883	40.1135
0.738768	40.1385
0.738827	40.1635
0.744517	40.1885
0.744639	40.2135
0.744775	40.2385
0.744915	40.2635
0.750276	40.2885
0.755464	40.3135
0.755791	40.3385
0.760816	40.3635
0.760938	40.3885
0.768238	40.4135
0.76829	40.4385
0.768389	40.4635
0.772084	40.4885
0.772168	40.5135
0.77223	40.5385
0.77741	40.5635
0.777686	40.5885
0.788426	40.6135
0.793889	40.6385
0.793921	40.6635
0.793977	40.6885
0.794041	40.7135
0.794232	40.7385
0.794314	40.7635
0.815574	40.7885
0.815636	40.8135
0.815667	40.8385
0.826443	40.8635
0.826512	40.8885
0.82654	40.9135
0.826615	40.9385
0.826935	40.9635
0.83217	40.9885
0.832242	41.0135
0.832305	41.0379
0.837484	41.0623
0.837554	41.0867
0.837696	41.1111
0.838339	41.1355
0.843111	41.1599
0.848483	41.1842
0.871269	41.2086
0.871301	41.233
0.871398	41.2574
0.875786	41.2818
0.892434	41.3062
0.892493	41.3306
0.892813	41.355
0.898724	41.3794
0.90955	41.4038
0.909681	41.4281
0.909765	41.4525
0.914006	41.4769
0.914224	41.5013
0.914285	41.5257
0.919688	41.5501
0.91975	41.5745
0.919812	41.5989
0.91992	41.6233
0.930618	41.6477
0.930785	41.6721
0.930981	41.6964
0.931123	41.7208
0.931292	41.7452
0.931415	41.7696
0.935831	41.794
0.941885	41.8184
0.94196	41.8428
0.942041	41.8672
0.946774	41.8916
0.946915	41.916
0.947016	41.9403
0.947087	41.9647
0.969014	41.9891
0.974602	42.0135
0.975124	42.0373
0.975173	42.0611
0.979647	42.0849
0.980051	42.1088
1.02357	42.1326
1.0236	42.1564
1.02366	42.1802
1.02367	42.204
1.03449	21.102
1.03456	21.1496
1.03469	21.1972
1.04008	21.2449
1.04013	21.2925
1.04019	21.3401
1.04565	21.3877
1.04573	21.4353
1.04581	21.4829
1.04587	21.5306
1.04594	21.5782
1.046	21.6258
1.05649	21.6734
1.05656	21.721
1.0566	21.7687
1.05666	21.8163
1.06223	21.8639
1.06265	21.9115
1.06309	21.9591
1.06725	22.0068
1.0677	22.0522
1.06783	22.0977
1.07836	22.1431
1.07845	22.1886
1.07875	22.234
1.08374	22.2795
1.0892	22.3249
1.09608	22.3704
1.09649	22.4158
1.10038	22.4613
1.10048	22.5068
1.1006	22.5522
1.10085	22.5977
1.1009	22.6431
1.1062	22.6886
1.11125	22.734
1.11137	22.7795
1.112	22.8249
1.1166	22.8704
1.11663	22.9158
1.1167	22.9613
1.14417	23.0068
1.14432	23.0502
1.1444	23.0937
1.14447	11.5469
1.14457	11.6378
1.14939	11.7287
1.14945	11.8196
1.14954	11.9105
1.16087	12.0014
1.16095	12.0847
1.16579	12.1681
1.16583	12.2514
1.16597	12.3347
1.16602	12.4181
1.16611	12.5014
1.17784	12.5847
1.17796	12.6681
1.18217	12.7514
1.18222	12.8347
1.1823	12.9181
1.18241	13.0014
1.18251	13.0783
1.19356	13.1552
1.19361	13.2322
1.1937	13.3091
1.19384	13.386
1.20429	13.4629
1.22088	13.5399
1.22094	13.6168
1.23181	13.6937
1.23192	13.7706
1.23199	13.8476
1.23206	13.9245
1.23217	14.0014
1.23728	14.0728
1.23742	14.1443
1.23765	14.2157
1.23771	14.2871
1.2378	14.3585
1.24888	14.43
1.26019	14.5014
1.26443	14.5728
1.27138	14.6443
1.27543	14.7157
1.27547	14.7871
1.27556	14.8585
1.27577	14.93
1.27587	15.0014
1.29209	15.0681
1.29218	15.1347
1.29229	15.2014
1.29242	15.2681
1.29785	15.3347
1.30296	15.4014
1.30348	15.4681
1.30959	15.5347
1.31427	15.6014
1.31431	15.6681
1.31929	15.7347
1.31935	15.8014
1.31942	15.8681
1.31956	15.9347
1.31965	16.0014
1.3261	16.0639
1.32624	16.1264
1.32646	16.1889
1.32662	16.2514
1.34142	8.1257
1.34156	8.2507
1.34163	8.3757
1.35769	8.5007
1.35774	8.6257
1.3578	8.7507
1.35782	8.8757
1.35788	9.0007
1.35791	9.11181
1.35799	9.22292
1.35804	9.33403
1.36365	9.44515
1.36541	9.55626
1.3656	9.66737
1.36575	9.77848
1.38674	9.88959
1.38679	10.0007
1.39088	10.1007
1.39101	10.2007
1.40215	10.3007
1.4082	10.4007
1.40834	10.5007
1.40849	10.6007
1.40864	10.7007
1.41515	10.8007
1.41519	10.9007
1.41529	11.0007
1.4154	11.0916
1.4155	11.1825
1.43566	11.2734
1.43576	11.3643
1.43595	11.4552
1.436	11.5462
1.43604	11.6371
1.44792	11.728
1.44806	11.8189
1.44964	11.9098
1.44971	12.0007
1.44978	12.084
1.45176	12.1674
1.4525	12.2507
1.45319	12.334
1.45326	12.4174
1.45332	12.5007
1.45522	12.584
1.46327	12.6674
1.46398	12.7507
1.46469	12.834
1.46477	12.9174
1.46481	13.0007
1.46674	13.0776
1.48514	13.1545
1.48525	13.2315
1.48548	13.3084
1.4856	13.3853
1.48577	13.4622
1.48589	13.5392
1.49934	13.6161
1.49952	13.693
1.49964	13.7699
1.49973	13.8469
1.50032	13.9238
1.50403	14.0007
1.50483	14.0721
1.50514	14.1436
1.50627	14.215
1.50638	14.2864
1.50643	14.3578
1.50655	14.4293
1.50663	14.5007
1.52099	14.5721
1.52106	14.6436
1.52116	14.715
1.52128	14.7864
1.52136	14.8578
1.54403	14.9293
1.54414	15.0007
1.54437	15.0674
1.54455	15.134
1.54466	15.2007
1.54479	15.2674
1.54503	15.334
1.54899	15.4007
1.55004	15.4674
1.55016	15.534
1.55035	15.6007
1.55047	15.6674
1.55064	15.734
1.55074	15.8007
1.5639	15.8674
1.56392	15.934
1.56393	16.0007
1.56403	16.0632
1.5661	16.1257
1.56615	16.1882
1.56623	16.2507
1.56635	16.3132
1.57601	16.3757
1.57615	16.4382
1.57634	16.5007
1.57647	16.5632
1.57662	16.6257
1.57675	16.6882
1.57691	16.7507
1.5984	16.8132
1.59857	16.8757
1.5988	16.9382
1.59891	17.0007
1.59902	17.0595
1.59921	17.1183
1.60313	17.1772
1.60318	17.236
1.60325	17.2948
1.61174	17.3536
1.61182	17.4125
1.61193	17.4713
1.61204	17.5301
1.61213	17.5889
1.61222	17.6478
1.61227	17.7066
1.62376	17.7654
1.62379	17.8242
1.62382	17.8831
1.62388	17.9419
1.62397	18.0007
1.62404	18.0563
1.62407	18.1118
1.6293	18.1674
1.62934	18.2229
1.62937	18.2785
1.63599	18.334
1.63607	18.3896
1.63616	18.4451
1.63626	18.5007
1.63633	18.5563
1.63641	18.6118
1.64122	18.6674
1.65652	18.7229
1.65667	18.7785
1.66057	18.834
1.66068	18.8896
1.66072	18.9451
1.66078	19.0007
1.66083	19.0533
1.66097	19.106
1.66109	19.1586
1.66119	19.2112
1.66683	19.2639
1.67031	19.3165
1.67037	19.3691
1.67044	19.4218
1.67055	19.4744
1.67063	19.527
1.67073	19.5796
1.67081	19.6323
1.68265	19.6849
1.6827	19.7375
1.68761	19.7902
1.68767	19.8428
1.68774	19.8954
1.68787	19.9481
1.68799	20.0007
1.68806	20.0507
1.68812	20.1007
1.68816	20.1507
1.69362	20.2007
1.69912	20.2507
1.70402	20.3007
1.70409	20.3507
1.70412	20.4007
1.70427	20.4507
1.7045	20.5007
1.70454	20.5507
1.70457	20.6007
1.7156	20.6507
1.72056	20.7007
1.72059	20.7507
1.72068	20.8007
1.72079	20.8507
1.72087	20.9007
1.7209	20.9507
1.72103	21.0007
1.72112	21.0483
1.72645	21.0959
1.72713	21.1436
1.74189	21.1912
1.74204	21.2388
1.74353	21.2864
1.74364	21.334
1.74369	21.3817
1.74372	21.4293
1.74375	21.4769
1.74377	21.5245
1.74379	21.5721
1.75138	21.6197
1.75155	21.6674
1.75181	21.715
1.75197	21.7626
1.75438	21.8102
1.75453	21.8578
1.75466	21.9055
1.7549	21.9531
1.75499	22.0007
1.75502	22.0462
1.75549	22.0916
1.75554	22.1371
1.7653	22.1825
1.7702	22.228
1.77022	22.2734
1.77023	22.3189
1.77024	22.3643
1.77032	22.4098
1.77046	22.4552
1.77056	22.5007
1.77067	22.5462
1.79229	22.5916
1.79237	22.6371
1.79246	22.6825
1.79262	22.728
1.79788	22.7734
1.79801	22.8189
1.7982	22.8643
1.79832	22.9098
1.79854	22.9552
1.79865	23.0007
1.79878	23.0442
1.799	23.0877
1.80291	23.1311
1.80856	23.1746
1.80864	23.2181
1.8087	23.2616
1.80875	23.305
1.80879	23.3485
1.81439	23.392
1.81448	23.4355
1.81494	23.479
1.81944	23.5224
1.81959	23.5659
1.81973	23.6094
1.81981	23.6529
1.81989	23.6964
1.84181	23.7398
1.84307	23.7833
1.84324	23.8268
1.84339	23.8703
1.8436	23.9137
1.84372	23.9572
1.84388	24.0007
1.84737	24.0424
1.84748	24.084
1.84765	24.1257
1.8525	24.1674
1.85281	24.209
1.85798	24.2507
1.85805	24.2924
1.85815	24.334
1.86331	24.3757
1.87467	24.4174
1.87475	24.459
1.87968	24.5007
1.87976	24.5424
1.87985	24.584
1.87997	24.6257
1.88005	24.6674
1.89062	24.709
1.89065	24.7507
1.89073	24.7924
1.8908	24.834
1.89088	24.8757
1.89097	24.9174
1.89107	24.959
1.89117	25.0007
1.89672	25.0407
1.89683	25.0807
1.89702	25.1207
1.90199	25.1607
1.90206	25.2007
1.90214	25.2407
1.90223	25.2807
1.90708	25.3207
1.90749	25.3607
1.90759	25.4007
1.91822	25.4407
1.9185	25.4807
1.91882	25.5207
1.92355	25.5607
1.92375	25.6007
1.93032	25.6407
1.94074	25.6807
1.94077	25.7207
1.94089	25.7607
1.94105	25.8007
1.94119	25.8407
1.94138	25.8807
1.94151	25.9207
1.94545	25.9607
1.94678	26.0007
1.94684	26.0392
1.94689	26.0776
1.95176	26.1161
1.95191	26.1545
1.9522	26.193
1.95251	26.2315
1.95651	26.2699
1.97868	26.3084
1.97886	26.3469
1.97893	26.3853
1.9841	26.4238
1.98415	26.4622
1.98493	26.5007
1.98935	26.5392
1.98942	26.5776
1.98949	26.6161
1.98964	26.6545
1.98973	26.693
1.98981	26.7315
1.99516	26.7699
1.9953	26.8084
1.99549	26.8469
1.99561	26.8853
1.99595	26.9238
1.99612	26.9622
1.99634	27.0007
2.00074	27.0377
2.00087	27.0748
2.00689	27.1118
2.01714	27.1488
2.02831	27.1859
2.03351	27.2229
2.03382	27.26
2.03913	27.297
2.03946	27.334
2.0396	27.3711
2.03979	27.4081
2.04458	27.4451
2.04468	27.4822
2.04474	27.5192
2.05025	27.5563
2.05038	27.5933
2.0507	27.6303
2.05101	27.6674
2.05563	27.7044
2.05572	27.7414
2.06061	27.7785
2.06066	27.8155
2.06073	27.8526
2.06087	27.8896
2.06096	27.9266
2.06104	27.9637
2.06125	28.0007
2.06133	28.0364
2.06626	28.0721
2.07712	14.0361
2.0772	14.1075
2.07731	14.1789
2.07739	14.2504
2.07744	14.3218
2.08264	14.3932
2.10026	14.4646
2.10441	14.5361
2.10448	14.6075
2.10484	14.6789
2.11008	14.7504
2.11018	14.8218
2.11024	14.8932
2.1103	14.9646
2.11035	15.0361
2.1104	15.1027
2.11596	15.1694
2.11609	15.2361
2.11636	15.3027
2.1164	15.3694
2.11643	15.4361
2.12093	15.5027
2.12101	15.5694
2.12649	15.6361
2.12653	15.7027
2.12656	15.7694
2.12663	15.8361
2.12687	15.9027
2.15989	15.9694
2.16001	16.0361
2.16014	16.0986
2.16041	16.1611
2.16057	16.2236
2.16069	16.2861
2.16471	16.3486
2.16477	16.4111
2.16485	16.4736
2.16497	16.5361
2.16509	16.5986
2.17025	16.6611
2.1764	16.7236
2.17652	16.7861
2.17679	16.8486
2.20422	16.9111
2.20439	16.9736
2.20453	17.0361
2.20465	17.0949
2.20871	17.1537
2.20876	17.2125
2.20884	17.2714
2.20895	17.3302
2.20932	17.389
2.21432	17.4478
2.21444	17.5067
2.2146	17.5655
2.21475	17.6243
2.21963	17.6831
2.21968	17.7419
2.21974	17.8008
2.24181	17.8596
2.24192	17.9184
2.24203	17.9772
2.2421	18.0361
2.24697	18.0916
2.25345	18.1472
2.25358	18.2027
2.25374	18.2583
2.25387	18.3138
2.25761	18.3694
2.25767	18.425
2.25775	18.4805
2.25787	18.5361
2.26098	18.5916
2.26246	18.6472
2.26262	18.7027
2.27438	18.7583
2.28465	18.8138
2.30089	18.8694
2.30158	18.925
2.30233	18.9805
2.30305	19.0361
2.30745	19.0887
2.30899	19.1413
2.30956	19.194
2.31043	19.2466
2.31106	19.2992
2.31197	19.3519
2.31259	19.4045
2.31321	19.4571
2.31514	19.5097
2.33285	19.5624
2.34036	19.615
2.34112	19.6676
2.34182	19.7203
2.34185	19.7729
2.35232	19.8255
2.35952	19.8782
2.36026	19.9308
2.3618	19.9834
2.36233	20.0361
2.36469	20.0861
2.36627	20.1361
2.36928	20.1861
2.36975	20.2361
2.37057	20.2861
2.37148	20.3361
2.37152	20.3861
2.37533	20.4361
2.37642	20.4861
2.39008	20.5361
2.40045	20.5861
2.4019	20.6361
2.40196	20.6861
2.40471	20.7361
2.40865	20.7861
2.41398	20.8361
2.41676	20.8861
2.41739	20.9361
2.41745	20.9861
2.42032	21.0361
2.43237	21.0837
2.43249	21.1313
2.43252	21.1789
2.43549	21.2265
2.43581	21.2742
2.43727	21.3218
2.43731	21.3694
2.43921	21.417
2.43935	21.4646
2.45129	21.5123
2.45543	21.5599
2.46108	21.6075
2.46242	21.6551
2.46314	21.7027
2.46445	21.7504
2.46687	21.798
2.46815	21.8456
2.47558	21.8932
2.4767	21.9408
2.47676	21.9884
2.47874	22.0361
2.48884	22.0815
2.48893	22.127
2.49352	22.1724
2.49579	22.2179
2.49989	22.2633
2.5	22.3088
2.50011	22.3542
2.50269	22.3997
2.50276	22.4452
2.50283	22.4906
2.51036	22.5361
2.51969	22.5815
2.5202	22.627
2.52095	22.6724
2.52232	22.7179
2.52273	22.7633
2.52767	22.8088
2.52826	22.8542
2.529	22.8997
2.52962	22.9452
2.53081	22.9906
2.53182	23.0361
2.54514	23.0795
2.55212	23.123
2.55358	23.1665
2.55776	23.21
2.56208	23.2535
2.56408	23.2969
2.56479	23.3404
2.56484	23.3839
2.56491	23.4274
2.56695	23.4708
2.56766	23.5143
2.57191	23.5578
2.57331	23.6013
2.57675	23.6448
2.57808	23.6882
2.57891	23.7317
2.58161	23.7752
2.58554	23.8187
2.58622	23.8622
2.5955	23.9056
2.59965	23.9491
2.60033	23.9926
2.60417	24.0361
2.60838	24.0777
2.61104	24.1194
2.62039	24.1611
2.62048	24.2027
2.62066	24.2444
2.62662	24.2861
2.6314	24.3277
2.64496	24.3694
2.64502	24.4111
2.64511	24.4527
2.64521	24.4944
2.6453	24.5361
2.6454	24.5777
2.64548	24.6194
2.65077	24.6611
2.65127	24.7027
2.65139	24.7444
2.65156	24.7861
2.65169	24.8277
2.65671	24.8694
2.65678	24.9111
2.65685	24.9527
2.65706	24.9944
2.66084	25.0361
2.66091	25.0761
2.66396	25.1161
2.66838	25.1561
2.66957	25.1961
2.67566	25.2361
2.69184	25.2761
2.69188	25.3161
2.70469	25.3561
2.70662	25.3961
2.70665	25.4361
2.70817	25.4761
2.70826	25.5161
2.71022	25.5561
2.71028	25.5961
2.71227	25.6361
2.71356	25.6761
2.71369	25.7161
2.71586	25.7561
2.71715	25.7961
2.71868	25.8361
2.71996	25.8761
2.72002	25.9161
2.72963	25.9561
2.73615	25.9961
2.73623	26.0361
2.74428	26.0745
2.7443	26.113
2.74436	26.1514
2.74816	26.1899
2.74823	26.2284
2.75901	26.2668
2.76497	26.3053
2.76997	26.3438
2.77018	26.3822
2.77037	26.4207
2.77567	26.4591
2.77706	26.4976
2.77731	26.5361
2.78839	26.5745
2.79338	26.613
2.79356	26.6514
2.79365	26.6899
2.80495	26.7284
2.80509	26.7668
2.80528	26.8053
2.80537	26.8438
2.80552	26.8822
2.81565	26.9207
2.81575	26.9591
2.81589	26.9976
2.81599	27.0361
2.81629	27.0731
2.81646	27.1101
2.81665	27.1472
2.82071	27.1842
2.83084	27.2212
2.83094	27.2583
2.83258	27.2953
2.83846	27.3324
2.83853	27.3694
2.84902	27.4064
2.84909	27.4435
2.84918	27.4805
2.84931	27.5175
2.87393	27.5546
2.87893	27.5916
2.87923	27.6287
2.87939	27.6657
2.88472	27.7027
2.88474	27.7398
2.88476	27.7768
2.88481	27.8138
2.88974	27.8509
2.88976	27.8879
2.8898	27.925
2.89011	27.962
2.89014	27.999
2.89602	28.0361
2.89622	28.0718
2.89635	28.1075
2.89653	28.1432
2.89669	28.1789
2.90774	28.2146
2.91219	28.2504
2.91231	28.2861
2.91241	28.3218
2.91717	28.3575
2.91721	28.3932
2.91729	28.4289
2.92814	28.4646
2.92821	28.5004
2.9447	28.5361
2.94498	28.5718
2.95579	28.6075
2.96169	28.6432
2.96195	28.6789
2.96201	28.7146
2.96253	28.7504
2.96271	28.7861
2.97316	28.8218
2.97333	28.8575
2.97377	28.8932
2.9775	28.9289
2.97764	28.9646
2.97812	29.0004
2.98299	29.0348
2.98321	29.0693
2.98331	29.1038
2.9834	29.1383
2.98349	29.1728
3.00496	29.2072
3.00499	29.2417
3.00537	29.2762
3.01105	29.3107
3.0115	29.3452
3.01163	29.3797
3.01591	29.4141
3.01606	29.4486
3.01638	29.4831
3.01649	29.5176
3.02736	29.5521
3.03886	29.5866
3.03891	29.621
3.04337	29.6555
3.04339	29.69
3.04345	29.7245
3.0435	29.759
3.04893	29.7935
3.04897	29.8279
3.05817	29.8624
3.0582	29.8969
3.05826	29.9314
3.05841	29.9659
3.05846	30.0004
3.05853	30.0337
3.05868	30.067
3.06377	30.1004
3.06387	30.1337
3.06733	30.167
3.07907	30.2004
3.08412	30.2337
3.08418	30.267
3.08677	30.3004
3.08696	30.3337
3.08901	30.367
3.08906	30.4004
3.08915	30.4337
3.08938	30.467
3.09467	30.5004
3.10088	30.5337
3.11195	30.567
3.1151	30.6004
3.11513	30.6337
3.11654	30.667
3.11659	30.7004
3.11668	30.7337
3.11683	30.767
3.1172	30.8004
3.13614	30.8337
3.13635	30.867
3.14199	30.9004
3.14248	30.9337
3.14259	30.967
3.14702	31.0004
3.14708	31.0326
3.14715	31.0649
3.14729	31.0971
3.14737	31.1294
3.14742	31.1616
3.15293	31.1939
3.186	31.2262
3.18605	31.2584
3.1912	31.2907
3.19126	31.3229
3.19132	31.3552
3.19699	31.3874
3.19714	31.4197
3.19747	31.452
3.19779	31.4842
3.19796	31.5165
3.19814	31.5487
3.20207	31.581
3.20244	31.6133
3.20831	31.6455
3.21308	31.6778
3.21313	31.71
3.2132	31.7423
3.21327	31.7745
3.21334	31.8068
3.21342	31.8391
3.21852	31.8713
3.21915	31.9036
3.22426	31.9358
3.22436	31.9681
3.22451	32.0004
3.225	32.0316
3.22514	32.0629
3.22947	32.0941
3.22953	32.1254
3.22977	32.1566
3.23569	32.1879
3.25226	32.2191
3.25235	32.2504
3.25249	32.2816
3.25261	32.3129
3.25282	32.3441
3.25722	32.3754
3.26242	32.4066
3.26278	32.4379
3.26285	32.4691
3.26293	32.5004
3.26303	32.5316
3.26805	32.5629
3.26821	32.5941
3.27344	32.6254
3.27353	32.6566
3.27905	32.6879
3.27911	32.7191
3.27943	32.7504
3.28454	32.7816
3.28471	32.8129
3.28492	32.8441
3.28504	32.8754
3.2898	32.9066
3.28984	32.9379
3.29577	32.9691
3.29657	33.0004
3.30079	33.0307
3.30095	33.061
3.30101	33.0913
3.30108	33.1216
3.3073	33.1519
3.3121	33.1822
3.32825	33.2125
3.32848	33.2428
3.32858	33.2731
3.33406	33.3034
3.33419	33.3337
3.33472	33.364
3.33494	33.3943
3.33921	33.4246
3.33923	33.4549
3.33931	33.4852
3.33969	33.5155
3.33981	33.5458
3.34466	33.5761
3.34473	33.6064
3.34481	33.6367
3.35272	33.667
3.35288	33.6973
3.35317	33.7276
3.35563	33.7579
3.35566	33.7882
3.35575	33.8185
3.35585	33.8488
3.35595	33.8791
3.356	33.9094
3.35612	33.9397
3.36127	33.97
3.36135	34.0004
3.36151	34.0298
3.36191	34.0592
3.36206	34.0886
3.37791	34.118
3.37803	34.1474
3.38379	34.1768
3.40537	34.2062
3.4055	34.2356
3.41056	34.2651
3.4106	34.2945
3.4107	34.3239
3.41079	34.3533
3.41096	34.3827
3.41621	34.4121
3.4163	34.4415
3.4166	34.4709
3.41668	34.5004
3.41675	34.5298
3.42695	34.5592
3.42698	34.5886
3.43276	34.618
3.43824	34.6474
3.4384	34.6768
3.43855	34.7062
3.4386	34.7356
3.43869	34.7651
3.4388	34.7945
3.44339	34.8239
3.44374	34.8533
3.44924	34.8827
3.44933	34.9121
3.4495	34.9415
3.44964	34.9709
3.44972	35.0004
3.44977	35.0289
3.44986	35.0575
3.44994	35.0861
3.46559	35.1146
3.46568	35.1432
3.47623	35.1718
3.48784	35.2004
3.48789	35.2289
3.49328	35.2575
3.49333	35.2861
3.49334	35.3146
3.49335	35.3432
3.49336	35.3718
3.4982	35.4004
3.49832	35.4289
3.49843	35.4575
3.50412	35.4861
3.50428	35.5146
3.50912	35.5432
3.50924	35.5718
3.50932	35.6004
3.50939	35.6289
3.50952	35.6575
3.51484	35.6861
3.51499	35.7146
3.51535	35.7432
3.52567	35.7718
3.52647	35.8004
3.53122	35.8289
3.53126	35.8575
3.5366	35.8861
3.53673	35.9146
3.53686	35.9432
3.53711	35.9718
3.54242	36.0004
3.54255	36.0281
3.54322	36.0559
3.54737	36.0837
3.56392	36.1115
3.56407	36.1392
3.56417	36.167
3.56424	36.1948
3.56926	36.2226
3.5693	36.2504
3.56939	36.2781
3.56952	36.3059
3.5696	36.3337
3.56967	36.3615
3.5768	36.3892
3.5769	36.417
3.57723	36.4448
3.58178	36.4726
3.58182	36.5004
3.5819	36.5281
3.58197	36.5559
3.5876	36.5837
3.58779	36.6115
3.59608	36.6392
3.60556	36.667
3.60566	36.6948
3.61171	36.7226
3.61182	36.7504
3.61195	36.7781
3.61214	36.8059
3.61607	36.8337
3.61611	36.8615
3.62179	36.8892
3.62224	36.917
3.62236	36.9448
3.62755	36.9726
3.62758	37.0004
3.63244	37.0274
3.63256	37.0544
3.63797	37.0814
3.63804	37.1085
3.63809	37.1355
3.63824	37.1625
3.64397	37.1895
3.64411	37.2166
3.64429	37.2436
3.64448	37.2706
3.6447	37.2976
3.64491	37.3247
3.64904	37.3517
3.6493	37.3787
3.6553	37.4058
3.65539	37.4328
3.65542	37.4598
3.65991	37.4868
3.66	37.5139
3.66005	37.5409
3.66009	37.5679
3.66012	37.5949
3.66597	37.622
3.66619	37.649
3.67202	37.676
3.68217	37.7031
3.68227	37.7301
3.68729	37.7571
3.68732	37.7841
3.68736	37.8112
3.68761	37.8382
3.68771	37.8652
3.69336	37.8922
3.69368	37.9193
3.69398	37.9463
3.69408	37.9733
3.69422	38.0004
3.69779	38.0267
3.69982	38.053
3.69988	38.0793
3.70002	38.1056
3.70295	38.1319
3.70679	38.1582
3.70682	38.1846
3.70691	38.2109
3.70897	38.2372
3.70907	38.2635
3.70928	38.2898
3.7146	38.3161
3.71464	38.3425
3.71471	38.3688
3.7148	38.3951
3.71487	38.4214
3.71492	38.4477
3.72305	38.474
3.72321	38.5004
3.72337	38.5267
3.72354	38.553
3.72369	38.5793
3.72383	38.6056
3.72399	38.6319
3.74008	38.6582
3.74087	38.6846
3.74127	38.7109
3.74613	38.7372
3.74617	38.7635
3.75044	38.7898
3.7509	38.8161
3.75557	38.8425
3.7616	38.8688
3.76177	38.8951
3.7624	38.9214
3.76252	38.9477
3.76651	38.974
3.76655	39.0004
3.7666	39.026
3.7694	39.0516
3.76944	39.0773
3.76951	39.1029
3.76961	39.1286
3.77221	39.1542
3.77225	39.1798
3.77231	39.2055
3.77236	39.2311
3.77507	39.2568
3.7751	39.2824
3.77516	39.308
3.77527	39.3337
3.77537	39.3593
3.77546	39.385
3.77552	39.4106
3.77563	39.4362
3.78454	39.4619
3.78524	39.4875
3.7872	39.5132
3.7882	39.5388
3.78887	39.5645
3.79355	39.5901
3.79633	39.6157
3.79705	39.6414
3.79913	39.667
3.80003	39.6927
3.80626	39.7183
3.80639	39.7439
3.81148	39.7696
3.81357	39.7952
3.81364	39.8209
3.81371	39.8465
3.8176	39.8721
3.8201	39.8978
3.82114	39.9234
3.82123	39.9491
3.82253	39.9747
3.82256	40.0004
3.82277	40.0254
3.83368	40.0504
3.83385	40.0754
3.83429	40.1004
3.83433	40.1254
3.83639	40.1504
3.83664	40.1754
3.84068	40.2004
3.84079	40.2254
3.84089	40.2504
3.84093	40.2754
3.84097	40.3004
3.84105	40.3254
3.84484	40.3504
3.84873	40.3754
3.85425	40.4004
3.85444	40.4254
3.85963	40.4504
3.86003	40.4754
3.86006	40.5004
3.86028	40.5254
3.8667	40.5504
3.8678	40.5754
3.87024	40.6004
3.87227	40.6254
3.87238	40.6504
3.87249	40.6754
3.87879	40.7004
3.87889	40.7254
3.87902	40.7504
3.87923	40.7754
3.88338	40.8004
3.88343	40.8254
3.88645	40.8504
3.88672	40.8754
3.88684	40.9004
3.89144	40.9254
3.89691	40.9504
3.90316	40.9754
3.90322	41.0004
3.90325	41.0247
3.90361	41.0491
3.90367	41.0735
3.90388	41.0979
3.90396	41.1223
3.904	41.1467
3.90948	41.1711
3.91098	41.1955
3.91676	41.2199
3.91679	41.2443
3.9169	41.2686
3.91699	41.293
3.92213	41.3174
3.92237	41.3418
3.92308	41.3662
3.92863	41.3906
3.92907	41.415
3.93073	41.4394
3.93076	41.4638
3.93077	41.4882
3.93379	41.5125
3.93499	41.5369
3.94667	41.5613
3.94714	41.5857
3.94839	41.6101
3.9512	41.6345
3.95128	41.6589
3.96023	41.6833
3.96035	41.7077
3.96285	41.7321
3.96873	41.7564
3.96899	41.7808
3.96959	41.8052
3.97337	41.8296
3.97345	41.854
3.97382	41.8784
3.97717	41.9028
3.9773	41.9272
3.97738	41.9516
3.97759	41.976
3.97774	42.0004
3.98285	42.0242
3.98301	42.048
3.98322	42.0718
3.98368	42.0956
3.98375	42.1194
3.98377	42.1432
3.9883	42.167
3.98846	42.1908
3.98872	42.2146
3.98886	42.2384
3.99581	42.2623
3.99592	42.2861
3.99984	42.3099
4.00008	42.3337
4.00023	42.3575
4.00031	42.3813
4.00627	42.4051
4.00665	42.4289
4.00677	42.4527
4.00698	42.4765
4.01655	42.5004
4.01672	42.5242
4.01697	42.548
4.02222	42.5718
4.03144	42.5956
4.03151	42.6194
4.03158	42.6432
4.03173	42.667
4.03182	42.6908
4.04122	42.7146
4.04148	42.7384
4.04443	42.7623
4.04447	42.7861
4.04963	42.8099
4.04971	42.8337
4.04977	42.8575
4.04982	42.8813
4.0559	42.9051
4.05602	42.9289
4.05621	42.9527
4.05631	42.9765
4.06037	43.0004
4.06072	43.0236
4.06097	43.0469
4.06614	43.0701
4.06622	43.0934
4.06949	43.1166
4.06955	43.1399
4.06963	43.1631
4.06974	43.1864
4.07505	43.2097
4.07515	43.2329
4.07519	43.2562
4.07522	43.2794
4.07524	43.3027
4.08094	43.3259
4.08113	43.3492
4.08132	43.3724
4.09357	43.3957
4.09964	43.419
4.0999	43.4422
4.1	43.4655
4.10012	43.4887
4.10448	43.512
4.10457	43.5352
4.10515	43.5585
4.1099	43.5817
4.10994	43.605
4.10997	43.6283
4.11019	43.6515
4.11027	43.6748
4.11564	43.698
4.12113	43.7213
4.12123	43.7445
4.12158	43.7678
4.12637	43.791
4.12647	43.8143
4.12659	43.8376
4.12667	43.8608
4.13756	43.8841
4.13773	43.9073
4.13793	43.9306
4.138	43.9538
4.13804	43.9771
4.14271	44.0004
4.14275	44.0231
4.14276	44.0458
4.14296	44.0685
4.15124	44.0913
4.15141	44.114
4.15158	44.1367
4.15169	44.1594
4.1542	44.1822
4.15424	44.2049
4.16459	44.2276
4.16472	44.2504
4.16498	44.2731
4.17018	44.2958
4.17071	44.3185
4.18119	44.3413
4.18169	44.364
4.18181	44.3867
4.18188	44.4094
4.18194	44.4322
4.18206	44.4549
4.18702	44.4776
4.18711	44.5004
4.18721	44.5231
4.1934	44.5458
4.19748	44.5685
4.19751	44.5913
4.19755	44.614
4.19761	44.6367
4.19786	44.6594
4.2034	44.6822
4.20392	44.7049
4.20417	44.7276
4.20423	44.7504
4.20436	44.7731
4.20845	44.7958
4.20849	44.8185
4.20857	44.8413
4.21414	44.864
4.21937	44.8867
4.21941	44.9094
4.21947	44.9322
4.2196	44.9549
4.21968	44.9776
4.21988	45.0004
4.21996	45.0226
4.2259	45.0448
4.22657	45.067
4.23591	45.0892
4.23596	45.1115
4.24693	45.1337
4.24701	45.1559
4.24707	45.1781
4.24723	45.2004
4.24728	45.2226
4.24737	45.2448
4.25364	45.267
4.25778	45.2892
4.25783	45.3115
4.25792	45.3337
4.25832	45.3559
4.26349	45.3781
4.26954	45.4004
4.26972	45.4226
4.26986	45.4448
4.26998	45.467
4.27023	45.4892
4.27033	45.5115
4.27429	45.5337
4.27436	45.5559
4.27447	45.5781
4.27467	45.6004
4.27475	45.6226
4.28631	45.6448
4.2864	45.667
4.28643	45.6892
4.28655	45.7115
4.28666	45.7337
4.2908	45.7559
4.29101	45.7781
4.29112	45.8004
4.29699	45.8226
4.29783	45.8448
4.29796	45.867
4.30167	45.8892
4.30169	45.9115
4.30174	45.9337
4.30206	45.9559
4.30215	45.9781
4.30712	46.0004
4.30717	46.0221
4.30738	46.0438
4.30748	46.0656
4.31811	46.0873
4.31817	46.109
4.31825	46.1308
4.32523	46.1525
4.32904	46.1743
4.32909	46.196
4.32919	46.2177
4.32932	46.2395
4.32949	46.2612
4.32957	46.283
4.33524	46.3047
4.34009	46.3264
4.34036	46.3482
4.35114	46.3699
4.35131	46.3917
4.3514	46.4134
4.35152	46.4351
4.35646	46.4569
4.35661	46.4786
4.35667	46.5004
4.35695	46.5221
4.36244	46.5438
4.36277	46.5656
4.36318	46.5873
4.36328	46.609
4.36767	46.6308
4.36773	46.6525
4.36779	46.6743
4.36788	46.696
4.37292	46.7177
4.373	46.7395
4.37307	46.7612
4.37319	46.783
4.3733	46.8047
4.37335	46.8264
4.37344	46.8482
4.37353	46.8699
4.37879	46.8917
4.37895	46.9134
4.38975	46.9351
4.38989	46.9569
4.39004	46.9786
4.39008	47.0004
4.39014	47.0216
4.39023	47.0429
4.39503	47.0642
4.40036	47.0855
4.41133	47.1067
4.41137	47.128
4.41159	47.1493
4.41173	47.1706
4.41742	47.1918
4.41751	47.2131
4.41773	47.2344
4.42225	47.2557
4.42229	47.2769
4.43372	47.2982
4.43385	47.3195
4.43406	47.3408
4.44428	47.3621
4.44438	47.3833
4.4445	47.4046
4.44458	47.4259
4.44468	47.4472
4.44474	47.4684
4.44972	47.4897
4.4498	47.511
4.45007	47.5323
4.45015	47.5535
4.45023	47.5748
4.45029	47.5961
4.45552	47.6174
4.4564	47.6386
4.45655	47.6599
4.45672	47.6812
4.46065	47.7025
4.46081	47.7238
4.46092	47.745
4.46104	47.7663
4.46116	47.7876
4.47182	47.8089
4.47197	47.8301
4.47211	47.8514
4.47218	47.8727
4.47704	47.894
4.48316	47.9152
4.48329	23.9576
4.48798	24.0011
4.488	24.0428
4.48805	24.0844
4.48807	24.1261
4.49393	24.1678
4.49408	24.2094
4.49466	24.2511
4.50555	24.2928
4.50569	24.3344
4.50993	24.3761
4.50998	24.4178
4.51012	24.4594
4.51809	24.5011
4.51814	24.5428
4.51818	24.5844
4.51821	24.6261
4.52659	24.6678
4.52667	24.7094
4.52671	24.7511
4.52676	24.7928
4.53182	24.8344
4.53189	24.8761
4.53196	24.9178
4.53217	24.9594
4.53813	25.0011
4.53831	25.0411
4.53851	25.0811
4.53865	25.1211
4.53879	25.1611
4.53891	25.2011
4.53907	25.2411
4.54285	25.2811
4.54297	25.3211
4.5432	25.3611
4.54337	25.4011
4.54825	25.4411
4.54831	25.4811
4.54838	25.5211
4.54854	25.5611
4.5486	25.6011
4.56492	25.6411
4.56497	25.6811
4.57025	25.7211
4.57028	25.7611
4.57046	25.8011
4.57055	25.8411
4.57686	25.8811
4.58658	25.9211
4.5866	25.9611
4.58669	26.0011
4.58693	26.0396
4.58709	26.078
4.59778	26.1165
4.59785	26.1549
4.59788	26.1934
4.60366	26.2319
4.60454	26.2703
4.60858	26.3088
4.60866	26.3473
4.60875	26.3857
4.61464	26.4242
4.61483	26.4626
4.61507	26.5011
4.61515	26.5396
4.61522	26.578
4.61538	13.289
4.61556	13.3659
4.61951	13.4429
4.61954	13.5198
4.61962	13.5967
4.61964	13.6736
4.61968	13.7506
4.63604	13.8275
4.63624	13.9044
4.63632	13.9813
4.64296	14.0582
4.64313	14.1297
4.64712	14.2011
4.64726	14.2725
4.64737	14.344
4.64742	14.4154
4.65826	14.4868
4.65832	14.5582
4.65836	14.6297
4.66342	14.7011
4.66345	14.7725
4.66351	14.844
4.66354	14.9154
4.66364	14.9868
4.6637	15.0582
4.66376	15.1249
4.67497	15.1916
4.67507	15.2582
4.67512	15.3249
4.67526	15.3916
4.68631	15.4582
4.68642	15.5249
4.68657	15.5916
4.69078	15.6582
4.69084	15.7249
4.69093	15.7916
4.69105	15.8582
4.69114	15.9249
4.69122	15.9916
4.69129	16.0582
4.69138	16.1207
4.69751	16.1832
4.70172	16.2457
4.70175	16.3082
4.70183	16.3707
4.71842	16.4332
4.71852	16.4957
4.71859	16.5582
4.72962	16.6207
4.72969	16.6832
4.73491	16.7457
4.73502	16.8082
4.7352	16.8707
4.73533	16.9332
4.73548	16.9957
4.73564	17.0582
4.73581	17.1171
4.73597	17.1759
4.74009	17.2347
4.74014	17.2935
4.74034	17.3524
4.75114	17.4112
4.7512	17.47
4.75131	17.5288
4.75694	17.5877
4.75697	17.6465
4.76844	17.7053
4.76854	17.7641
4.76856	17.8229
4.77359	17.8818
4.77365	17.9406
4.77371	17.9994
4.77385	18.0582
4.77393	18.1138
4.77399	18.1694
4.77411	18.2249
4.77417	18.2805
4.77963	18.336
4.78494	18.3916
4.78497	18.4471
4.78503	18.5027
4.79037	18.5582
4.79043	18.6138
4.80143	18.6694
4.80155	18.7249
4.80705	18.7805
4.80721	18.836
4.80739	18.8916
4.80752	18.9471
4.80774	19.0027
4.80786	19.0553
4.80807	19.108
4.80824	19.1606
4.812	19.2132
4.81203	19.2658
4.82324	19.3185
4.82333	19.3711
4.82341	19.4237
4.82349	19.4764
4.82842	19.529
4.82844	19.5816
4.82853	19.6343
4.82855	19.6869
4.84489	19.7395
4.84497	19.7922
4.84505	19.8448
4.8453	19.8974
4.84534	19.9501
4.84535	20.0027
4.84536	20.0527
4.85091	20.1027
4.85108	20.1527
4.85128	20.2027
4.85143	20.2527
4.86232	20.3027
4.86246	20.3527
4.86265	20.4027
4.86677	20.4527
4.86682	20.5027
4.86689	20.5527
4.86703	20.6027
4.86712	20.6527
4.87835	20.7027
4.87844	20.7527
4.87858	20.8027
4.87872	20.8527
4.87889	20.9027
4.88324	20.9527
4.88331	21.0027
4.88339	21.0503
4.89976	21.0979
4.89982	21.1455
4.89994	21.1932
4.90005	21.2408
4.91068	21.2884
4.91075	21.336
4.91086	21.3836
4.91099	21.4313
4.91107	21.4789
4.91113	21.5265
4.91126	21.5741
4.91607	21.6217
4.92253	21.6694
4.92269	21.717
4.92282	21.7646
4.92292	21.8122
4.92308	21.8598
4.92314	21.9074
4.92737	21.9551
4.92745	22.0027
4.92753	22.0481
4.93309	22.0936
4.93823	22.1391
4.93838	22.1845
4.9386	22.23
4.94371	22.2754
4.94378	22.3209
4.94384	22.3663
4.94396	22.4118
4.94913	22.4572
4.94925	22.5027
4.94934	22.5481
4.96639	22.5936
4.97123	22.6391
4.97138	22.6845
4.97157	22.73
4.97172	22.7754
4.97188	22.8209
4.97202	22.8663
4.97217	22.9118
4.97232	22.9572
4.97652	23.0027
4.97661	23.0462
4.97684	23.0896
4.97688	23.1331
4.97698	23.1766
4.97708	23.2201
4.98199	23.2636
4.98202	23.307
4.98208	23.3505
4.98223	23.394
4.98877	23.4375
4.98889	23.4809
4.98909	23.5244
4.99916	23.5679
5.0097	23.6114
5.00979	23.6549
5.00984	23.6983
5.00995	23.7418
5.01009	23.7853
5.01021	23.8288
5.0103	23.8723
5.01574	23.9157
5.01584	23.9592
5.01601	24.0027
5.01618	24.0444
5.0163	24.086
5.01647	24.1277
5.01666	24.1694
5.01683	24.211
5.02028	24.2527
5.02031	24.2944
5.02049	24.336
5.02054	24.3777
5.03232	24.4194
5.03247	24.461
5.03268	24.5027
5.04829	24.5444
5.04842	24.586
5.05318	24.6277
5.05324	24.6694
5.0533	24.711
5.05342	24.7527
5.05351	24.7944
5.0536	24.836
5.0537	24.8777
5.05379	24.9194
5.05901	24.961
5.05925	25.0027
5.05934	25.0427
5.0595	25.0827
5.05967	25.1227
5.05985	25.1627
5.05995	25.2027
5.06478	25.2427
5.0685	25.2827
5.06855	25.3227
5.06861	25.3627
5.06869	25.4027
5.06879	25.4427
5.06891	25.4827
5.07907	25.5227
5.07915	25.5627
5.08128	25.6027
5.08135	25.6427
5.0814	25.6827
5.08143	25.7227
5.08146	25.7627
5.08155	25.8027
5.08536	25.8427
5.08541	25.8827
5.08549	25.9227
5.08567	25.9627
5.08578	26.0027
5.08588	26.0411
5.08593	26.0796
5.08597	26.1181
5.09172	26.1565
5.0919	26.195
5.09461	26.2335
5.09468	26.2719
5.09483	26.3104
5.09489	26.3488
5.09493	26.3873
5.09507	26.4258
5.09519	26.4642
5.11515	26.5027
5.11522	26.5411
5.11532	26.5796
5.11543	26.6181
5.11551	26.6565
5.11558	26.695
5.1157	26.7335
5.12047	26.7719
5.12053	26.8104
5.1206	26.8488
5.12076	26.8873
5.12088	26.9258
5.12096	26.9642
5.12104	27.0027
5.1211	27.0397
5.12631	27.0768
5.12647	27.1138
5.12658	27.1508
5.12668	27.1879
5.13052	27.2249
5.1306	27.2619
5.13065	27.299
5.13069	27.336
5.13074	27.3731
5.13083	27.4101
5.1309	27.4471
5.14361	27.4842
5.1442	27.5212
5.14493	27.5582
5.14495	27.5953
5.14627	27.6323
5.14629	27.6694
5.14638	27.7064
5.14845	27.7434
5.14848	27.7805
5.14856	27.8175
5.14862	27.8545
5.14874	27.8916
5.14884	27.9286
5.14892	27.9656
5.15336	28.0027
5.15341	28.0384
5.15343	28.0741
5.15346	28.1098
5.15348	28.1455
5.15681	28.1813
5.16941	28.217
5.16955	28.2527
5.16976	28.2884
5.16986	28.3241
5.17009	28.3598
5.1702	28.3955
5.17038	28.4313
5.18082	28.467
5.18092	28.5027
5.18107	28.5384
5.18116	28.5741
5.18132	28.6098
5.18143	28.6455
5.18155	28.6813
5.18167	28.717
5.18622	28.7527
5.18625	28.7884
5.18633	28.8241
5.18645	28.8598
5.18654	28.8955
5.18663	28.9313
5.18671	28.967
5.18681	29.0027
5.1917	29.0372
5.19175	29.0717
5.19184	29.1061
5.19192	29.1406
5.19207	29.1751
5.19699	29.2096
5.19712	29.2441
5.19724	29.2785
5.19743	29.313
5.19757	29.3475
5.19765	29.382
5.19773	29.4165
5.21453	29.451
5.21469	29.4854
5.21881	29.5199
5.21888	29.5544
5.21908	29.5889
5.21913	29.6234
5.21916	29.6579
5.21918	29.6923
5.21928	29.7268
5.22448	29.7613
5.22459	29.7958
5.22472	29.8303
5.22486	29.8648
5.22495	29.8992
5.22506	29.9337
5.22525	29.9682
5.22537	30.0027
5.23033	30.036
5.23548	30.0694
5.23559	30.1027
5.23577	30.136
5.23588	30.1694
5.23608	30.2027
5.23617	30.236
5.23638	30.2694
5.23649	30.3027
5.24085	30.336
5.24089	30.3694
5.2409	30.4027
5.24098	30.436
5.24112	30.4694
5.24121	30.5027
5.24128	30.536
5.24675	30.5694
5.24695	30.6027
5.24708	30.636
5.24724	30.6694
5.24739	30.7027
5.25207	30.736
5.25213	30.7694
5.2522	30.8027
5.25227	30.836
5.25754	30.8694
5.25767	30.9027
5.25787	30.936
5.25797	30.9694
5.25813	31.0027
5.25823	31.0349
5.2686	31.0672
5.27396	31.0995
5.27401	31.1317
5.27411	31.164
5.27429	31.1962
5.27446	31.2285
5.27469	31.2608
5.27478	31.293
5.2749	31.3253
5.27908	31.3575
5.27915	31.3898
5.27921	31.422
5.27941	31.4543
5.27948	31.4866
5.2795	31.5188
5.28629	31.5511
5.28648	31.5833
5.29016	31.6156
5.29023	31.6478
5.29028	31.6801
5.29033	31.7124
5.29037	31.7446
5.29041	31.7769
5.29047	31.8091
5.30117	31.8414
5.30129	31.8737
5.30139	31.9059
5.30144	31.9382
5.3015	31.9704
5.3016	32.0027
5.30662	32.0339
5.30667	32.0652
5.3125	32.0964
5.3127	32.1277
5.31286	32.1589
5.31297	32.1902
5.31313	32.2214
5.3133	32.2527
5.31752	32.2839
5.31775	32.3152
5.31788	32.3464
5.31799	32.3777
5.31802	32.4089
5.31803	32.4402
5.31804	32.4714
5.32356	32.5027
5.32891	32.5339
5.33406	32.5652
5.33414	32.5964
5.33429	32.6277
5.33453	32.6589
5.33466	32.6902
5.33474	32.7214
5.3348	32.7527
5.33493	32.7839
5.33966	32.8152
5.33975	32.8464
5.33981	32.8777
5.33988	32.9089
5.34003	32.9402
5.3454	32.9714
5.34554	33.0027
5.34568	33.033
5.34588	33.0633
5.34637	33.0936
5.3504	33.1239
5.35044	33.1542
5.35054	33.1845
5.35071	33.2148
5.3508	33.2451
5.35084	33.2754
5.35095	33.3057
5.35105	33.336
5.35593	33.3663
5.35598	33.3966
5.356	33.4269
5.35603	33.4572
5.36704	33.4875
5.36711	33.5178
5.37846	33.5481
5.37856	33.5784
5.37872	33.6087
5.37884	33.6391
5.37901	33.6694
5.3791	33.6997
5.38327	33.73
5.3833	33.7603
5.38335	33.7906
5.38345	33.8209
5.38353	33.8512
5.38359	33.8815
5.3837	33.9118
5.38377	33.9421
5.38901	33.9724
5.38908	34.0027
5.38925	34.0321
5.3895	34.0615
5.38965	34.0909
5.38984	34.1203
5.39002	34.1497
5.39021	34.1792
5.39423	34.2086
5.39428	34.238
5.39431	34.2674
5.39434	34.2968
5.39437	34.3262
5.40571	34.3556
5.4059	34.385
5.40614	34.4145
5.40625	34.4439
5.40643	34.4733
5.4065	34.5027
5.41073	34.5321
5.41081	34.5615
5.41084	34.5909
5.41092	34.6203
5.41101	34.6497
5.41106	34.6792
5.42163	34.7086
5.42168	34.738
5.42171	34.7674
5.42174	34.7968
5.42177	34.8262
5.42183	34.8556
5.4219	34.885
5.42706	34.9145
5.4271	34.9439
5.42718	34.9733
5.42732	35.0027
5.42741	35.0313
5.42744	35.0598
5.42758	35.0884
5.42761	35.117
5.43284	35.1455
5.43297	35.1741
5.43318	35.2027
5.43328	35.2313
5.43335	35.2598
5.43351	35.2884
5.43366	35.317
5.43813	35.3455
5.43819	35.3741
5.43828	35.4027
5.43841	35.4313
5.4385	35.4598
5.43858	35.4884
5.44398	35.517
5.44404	35.5455
5.44423	35.5741
5.44441	35.6027
5.44452	35.6313
5.44467	35.6598
5.45538	35.6884
5.45554	35.717
5.4556	35.7455
5.45995	35.7741
5.45998	35.8027
5.46002	35.8313
5.46013	35.8598
5.4602	35.8884
5.46026	35.917
5.46038	35.9455
5.46046	35.9741
5.46541	36.0027
5.46545	36.0305
5.4655	36.0582
5.46561	36.086
5.46569	36.1138
5.47167	36.1416
5.4718	36.1694
5.47194	36.1971
5.47638	36.2249
5.47642	36.2527
5.4765	36.2805
5.47663	36.3082
5.47672	36.336
5.47682	36.3638
5.4769	36.3916
5.47696	36.4194
5.48225	36.4471
5.48239	36.4749
5.48272	36.5027
5.48289	36.5305
5.48309	36.5582
5.48322	36.586
5.48337	36.6138
5.48732	36.6416
5.48792	36.6694
5.49278	36.6971
5.49281	36.7249
5.49286	36.7527
5.49301	36.7805
5.49313	36.8082
5.49323	36.836
5.49331	36.8638
5.4987	36.8916
5.49882	36.9194
5.49901	36.9471
5.49912	36.9749
5.49929	37.0027
5.49936	37.0297
5.49941	37.0567
5.49952	37.0838
5.50377	37.1108
5.5041	37.1378
5.50423	37.1648
5.50437	37.1919
5.50445	37.2189
5.50922	37.2459
5.50925	37.273
5.5093	37.3
5.50939	37.327
5.50946	37.354
5.50954	37.3811
5.50965	37.4081
5.52038	37.4351
5.52041	37.4621
5.52046	37.4892
5.52055	37.5162
5.52581	37.5432
5.52589	37.5703
5.52605	37.5973
5.52624	37.6243
5.5264	37.6513
5.5312	37.6784
5.53124	37.7054
5.53134	37.7324
5.53141	37.7594
5.53147	37.7865
5.53154	37.8135
5.5316	37.8405
5.53664	37.8676
5.53671	37.8946
5.53678	37.9216
5.53698	37.9486
5.53703	37.9757
5.53709	38.0027
5.53713	38.029
5.53732	38.0553
5.54226	38.0816
5.5424	38.108
5.54258	38.1343
5.54268	38.1606
5.54276	38.1869
5.54283	38.2132
5.55395	38.2395
5.5541	38.2658
5.55423	38.2922
5.55432	38.3185
5.55858	38.3448
5.55864	38.3711
5.55872	38.3974
5.55894	38.4237
5.55909	38.4501
5.55914	38.4764
5.55916	38.5027
5.56425	38.529
5.56439	38.5553
5.56452	38.5816
5.56469	38.608
5.56478	38.6343
5.56495	38.6606
5.5651	38.6869
5.56534	38.7132
5.56953	38.7395
5.5696	38.7658
5.56968	38.7922
5.56981	38.8185
5.56991	38.8448
5.57001	38.8711
5.57009	38.8974
5.57497	38.9237
5.57503	38.9501
5.57506	38.9764
5.57515	39.0027
5.57522	39.0283
5.57528	39.054
5.58057	39.0796
5.58061	39.1053
5.58069	39.1309
5.58103	39.1565
5.59178	39.1822
5.59187	39.2078
5.59236	39.2335
5.59253	39.2591
5.59271	39.2847
5.59279	39.3104
5.5969	39.336
5.59704	39.3617
5.59724	39.3873
5.59727	39.4129
5.60283	39.4386
5.60298	39.4642
5.60333	39.4899
5.60351	39.5155
5.60789	39.5411
5.60795	39.5668
5.60804	39.5924
5.60822	39.6181
5.60835	39.6437
5.60847	39.6694
5.61397	39.695
5.61415	39.7206
5.61435	39.7463
5.61449	39.7719
5.61469	39.7976
5.61926	39.8232
5.61951	39.8488
5.61953	39.8745
5.62454	39.9001
5.62474	39.9258
5.62492	39.9514
5.62975	39.977
5.62978	40.0027
5.62983	40.0277
5.62993	40.0527
5.63013	40.0777
5.6358	40.1027
5.63612	40.1277
5.64108	40.1527
5.64118	40.1777
5.64127	40.2027
5.64136	40.2277
5.64617	40.2527
5.64642	40.2777
5.64653	40.3027
5.64662	40.3277
5.65196	40.3527
5.65215	40.3777
5.65239	40.4027
5.65294	40.4277
5.65304	40.4527
5.65712	40.4777
5.65719	40.5027
5.65725	40.5277
5.65738	40.5527
5.65747	40.5777
5.65756	40.6027
5.65846	40.6277
5.65849	40.6527
5.66293	40.6777
5.66296	40.7027
5.66519	40.7277
5.66527	40.7527
5.66545	40.7777
5.66622	40.8027
5.6716	40.8277
5.6717	40.8527
5.67178	40.8777
5.67561	40.9027
5.67566	40.9277
5.67587	40.9527
5.67605	40.9777
5.67612	41.0027
5.68137	41.0271
5.68355	41.0515
5.68367	41.0759
5.68904	41.1002
5.68988	41.1246
5.69	41.149
5.69017	41.1734
5.69395	41.1978
5.69398	41.2222
5.69406	41.2466
5.6967	41.271
5.69675	41.2954
5.69684	41.3198
5.70123	41.3442
5.70138	41.3685
5.70159	41.3929
5.70173	41.4173
5.70191	41.4417
5.70205	41.4661
5.70688	41.4905
5.7134	41.5149
5.71346	41.5393
5.71356	41.5637
5.71865	41.5881
5.71887	41.6124
5.71898	41.6368
5.7192	41.6612
5.72405	41.6856
5.72413	41.71
5.72863	41.7344
5.72874	41.7588
5.73384	41.7832
5.73387	41.8076
5.73405	41.832
5.73422	41.8563
5.73429	41.8807
5.74022	41.9051
5.74033	41.9295
5.74051	41.9539
5.74063	41.9783
5.74478	42.0027
5.74483	42.0265
5.74491	42.0503
5.74508	42.0741
5.74518	42.0979
5.75052	42.1217
5.75059	42.1455
5.75234	42.1694
5.75241	42.1932
5.7657	42.217
5.76601	42.2408
5.76633	42.2646
5.77052	42.2884
5.77075	42.3122
5.77652	42.336
5.77669	42.3598
5.77687	42.3836
5.77729	42.4074
5.78137	42.4313
5.78148	42.4551
5.78162	42.4789
5.78169	42.5027
5.78683	42.5265
5.78705	42.5503
5.78866	42.5741
5.79324	42.5979
5.79329	42.6217
5.79332	42.6455
5.79335	42.6694
5.7978	42.6932
5.79783	42.717
5.79789	42.7408
5.79795	42.7646
5.79801	42.7884
5.79808	42.8122
5.79813	42.836
5.79822	42.8598
5.8034	42.8836
5.80352	42.9074
5.80382	42.9313
5.80911	42.9551
5.8092	42.9789
5.81559	43.0027
5.81971	43.0259
5.81984	43.0492
5.82003	43.0725
5.82011	43.0957
5.82589	43.119
5.82593	43.1422
5.82606	43.1655
5.82634	43.1887
5.83077	43.212
5.83083	43.2352
5.83093	43.2585
5.83121	43.2818
5.83621	43.305
5.83628	43.3283
5.83634	43.3515
5.83675	43.3748
5.83688	43.398
5.84209	43.4213
5.8429	43.4445
5.84303	43.4678
5.84717	43.4911
5.84722	43.5143
5.84727	43.5376
5.85295	43.5608
5.85311	43.5841
5.85359	43.6073
5.85364	43.6306
5.85815	43.6538
5.85822	43.6771
5.85829	43.7004
5.85841	43.7236
5.8585	43.7469
5.8586	43.7701
5.85869	43.7934
5.8641	43.8166
5.86428	43.8399
5.8646	43.8632
5.86487	43.8864
5.86505	43.9097
5.86523	43.9329
5.88054	43.9562
5.88057	43.9794
5.88075	44.0027
5.88091	44.0254
5.881	44.0481
5.88116	44.0709
5.88576	44.0936
5.89718	44.1163
5.89756	44.1391
5.89777	44.1618
5.89796	44.1845
5.90203	44.2072
5.90209	44.23
5.90218	44.2527
5.9023	44.2754
5.9024	44.2981
5.90872	44.3209
5.90888	44.3436
5.90907	44.3663
5.90926	44.3891
5.90946	44.4118
5.9133	44.4345
5.9135	44.4572
5.91354	44.48
5.91357	44.5027
5.9136	44.5254
5.91364	44.5481
5.91382	44.5709
5.91393	44.5936
5.91859	44.6163
5.91863	44.6391
5.91866	44.6618
5.91874	44.6845
5.91883	44.7072
5.92394	44.73
5.93631	44.7527
5.93639	44.7754
5.93649	44.7981
5.9366	44.8209
5.94413	44.8436
5.94424	44.8663
5.94431	44.8891
5.94937	44.9118
5.94991	44.9345
5.95	44.9572
5.95479	44.98
5.95482	45.0027
5.95501	45.0249
5.95512	45.0471
5.95524	45.0694
5.96188	45.0916
5.96208	45.1138
5.96228	45.136
5.96245	45.1582
5.972	45.1805
5.97294	45.2027
5.9731	45.2249
5.97324	45.2471
5.97567	45.2694
5.9757	45.2916
5.97581	45.3138
5.97588	45.336
5.98073	22.668
5.98079	22.7135
5.98084	22.7589
5.98695	22.8044
5.98709	22.8498
5.98748	22.8953
5.98765	22.9407
5.9878	22.9862
5.98792	23.0316
5.99233	23.0751
5.99835	23.1186
6.00342	23.1621
6.00348	23.2056
6.00356	23.249
6.01428	23.2925
6.01435	23.336
6.01467	23.3795
6.01476	23.423
6.02026	23.4664
6.02035	23.5099
6.02048	23.5534
6.02064	23.5969
6.02088	23.6403
6.03182	23.6838
6.03187	23.7273
6.03623	23.7708
6.03626	23.8143
6.03647	23.8577
6.03652	23.9012
6.03657	23.9447
6.03667	23.9882
6.04168	24.0316
6.04171	24.0733
6.04185	24.115
6.04721	24.1566
6.05348	24.1983
6.05354	24.24
6.05368	24.2816
6.05838	24.3233
6.05847	24.365
6.05863	24.4066
6.05872	24.4483
6.0635	24.49
6.06387	24.5316
6.06967	24.5733
6.07048	24.615
6.07504	24.6566
6.0751	24.6983
6.07909	24.74
6.07915	24.7816
6.07922	24.8233
6.07935	24.865
6.07943	24.9066
6.08647	24.9483
6.08665	24.99
6.0916	25.0316
6.09173	25.0716
6.09194	25.1116
6.09325	25.1516
6.09548	25.1916
6.09553	25.2316
6.09556	25.2716
6.09558	25.3116
6.09955	25.3516
6.09958	25.3916
6.10933	25.4316
6.10939	25.4716
6.10946	25.5116
6.10966	25.5516
6.1137	25.5916
6.11502	25.6316
6.11577	25.6716
6.1158	25.7116
6.11581	25.7516
6.11782	25.7916
6.11785	25.8316
6.1179	25.8716
6.118	25.9116
6.12073	25.9516
6.13206	25.9916
6.13217	26.0316
6.13626	26.0701
6.13634	26.1086
6.13642	26.147
6.13907	26.1855
6.13931	26.224
6.14232	26.2624
6.14548	26.3009
6.14579	26.3393
6.14588	26.3778
6.15004	26.4163
6.15052	26.4547
6.15534	26.4932
6.1581	26.5316
6.16658	26.5701
6.17501	26.6086
6.17509	26.647
6.17701	26.6855
6.17705	26.724
6.17708	26.7624
6.18257	26.8009
6.1827	26.8393
6.1829	26.8778
6.18476	26.9163
6.1848	26.9547
6.18488	26.9932
6.18502	27.0316
6.18693	27.0687
6.18699	27.1057
6.18962	27.1428
6.19335	27.1798
6.19338	27.2168
6.19343	27.2539
6.20108	27.2909
6.20593	27.3279
6.20771	27.365
6.20898	27.402
6.20908	27.4391
6.21082	27.4761
6.2116	27.5131
6.21512	27.5502
6.21545	27.5872
6.2179	27.6242
6.22362	27.6613
6.22906	27.6983
6.22913	27.7354
6.23143	27.7724
6.23152	27.8094
6.23576	27.8465
6.23588	27.8835
6.23602	27.9205
6.23613	27.9576
6.24545	27.9946
6.24558	28.0316
6.24607	28.0674
6.25053	28.1031
6.25579	28.1388
6.25593	28.1745
6.25829	28.2102
6.25964	28.2459
6.26108	28.2816
6.26179	28.3174
6.26256	28.3531
6.26258	28.3888
6.26259	28.4245
6.26531	28.4602
6.26665	28.4959
6.2681	28.5316
6.27316	28.5674
6.27863	28.6031
6.28073	28.6388
6.28213	28.6745
6.28273	28.7102
6.28277	28.7459
6.28914	28.7816
6.28917	28.8174
6.2933	28.8531
6.29375	28.8888
6.29814	28.9245
6.29915	28.9602
6.30677	28.9959
6.30684	29.0316
6.30693	29.0661
6.30709	29.1006
6.30718	29.1351
6.31258	29.1696
6.32339	29.2041
6.32777	29.2385
6.3383	29.273
6.33834	29.3075
6.33842	29.342
6.33854	29.3765
6.33864	29.411
6.33875	29.4454
6.34501	29.4799
6.34517	29.5144
6.34534	29.5489
6.3459	29.5834
6.34923	29.6179
6.34929	29.6523
6.34937	29.6868
6.34951	29.7213
6.34961	29.7558
6.34966	29.7903
6.3624	29.8247
6.36382	29.8592
6.36388	29.8937
6.36399	29.9282
6.36412	29.9627
6.36424	29.9972
6.36798	30.0316
6.36804	30.065
6.3681	30.0983
6.36824	30.1316
6.37096	30.165
6.37575	30.1983
6.37582	30.2316
6.38317	30.265
6.38331	30.2983
6.38346	30.3316
6.3837	30.365
6.38799	30.3983
6.40081	30.4316
6.40613	30.465
6.40668	30.4983
6.40681	30.5316
6.40694	30.565
6.41235	30.5983
6.41242	30.6316
6.41261	30.665
6.41275	30.6983
6.41278	30.7316
6.41823	30.765
6.41847	30.7983
6.4185	30.8316
6.41958	30.865
6.4197	30.8983
6.42159	30.9316
6.42165	30.965
6.42466	30.9983
6.4295	31.0316
6.42992	31.0639
6.42999	31.0962
6.4352	31.1284
6.4353	31.1607
6.43537	31.1929
6.44608	31.2252
6.44617	31.2575
6.44633	31.2897
6.45021	31.322
6.45034	31.3542
6.45055	31.3865
6.45065	31.4187
6.45885	31.451
6.45888	31.4833
6.45894	31.5155
6.459	31.5478
6.47693	31.58
6.48077	31.6123
6.4808	31.6445
6.48088	31.6768
6.48101	31.7091
6.48108	31.7413
6.48138	31.7736
6.48623	31.8058
6.48648	31.8381
6.49929	31.8704
6.49937	31.9026
6.49943	31.9349
6.49955	31.9671
6.50436	31.9994
6.50441	32.0316
6.50457	32.0629
6.5101	32.0941
6.51031	32.1254
6.51679	32.1566
6.51742	32.1879
6.51774	32.2191
6.51807	32.2504
6.5232	32.2816
6.52325	32.3129
6.52845	32.3441
6.5285	32.3754
6.52853	32.4066
6.53479	32.4379
6.53942	32.4691
6.53948	32.5004
6.53958	32.5316
6.53963	32.5629
6.53966	32.5941
6.5455	32.6254
6.55029	32.6566
6.56252	32.6879
6.56264	32.7191
6.56673	32.7504
6.56686	32.7816
6.56691	32.8129
6.56694	32.8441
6.57284	32.8754
6.57298	32.9066
6.57315	32.9379
6.57329	32.9691
6.57347	33.0004
6.57362	33.0307
6.57804	33.061
6.57812	33.0913
6.58957	33.1216
6.58964	33.1519
6.58981	33.1822
6.59012	33.2125
6.5903	33.2428
6.59464	33.2731
6.60042	33.3034
6.60055	33.3337
6.60555	33.364
6.61081	33.3943
6.61084	33.4246
6.61093	33.4549
6.61104	33.4852
6.61115	33.5155
6.61153	33.5459
6.61167	33.5762
6.6169	33.6065
6.61697	33.6368
6.61714	33.6671
6.61734	33.6974
6.61749	33.7277
6.61757	33.758
6.6177	33.7883
6.62196	33.8186
6.63333	33.8489
6.63829	33.8792
6.63859	33.9095
6.63866	33.9398
6.6387	33.9701
6.64372	34.0004
6.64376	34.0298
6.64384	34.0592
6.64389	34.0886
6.64417	34.118
6.64444	34.1475
6.64936	34.1769
6.65467	34.2063
6.66038	34.2357
6.66045	34.2651
6.66083	34.2945
6.66117	34.3239
6.6615	34.3533
6.66553	34.3827
6.66558	34.4122
6.66566	34.4416
6.66579	34.471
6.67157	34.5004
6.67177	34.5298
6.67201	34.5592
6.67218	34.5886
6.6882	34.618
6.68854	34.6475
6.69618	34.6769
6.69634	34.7063
6.70054	34.7357
6.70057	34.7651
6.70077	34.7945
6.70086	34.8239
6.70608	34.8533
6.70648	34.8827
6.71049	34.9122
6.71083	34.9416
6.711	34.971
6.72166	35.0004
6.72175	35.029
6.72188	35.0575
6.72196	35.0861
6.72202	35.1147
6.72692	35.1433
6.72698	35.1718
6.72742	35.2004
6.73288	35.229
6.73403	35.2575
6.7449	35.2861
6.74506	35.3147
6.74525	35.3433
6.74989	35.3718
6.74998	35.4004
6.75002	35.429
6.75011	35.4575
6.75024	35.4861
6.75543	35.5147
6.75552	35.5433
6.76106	35.5718
6.76664	35.6004
6.77155	35.629
6.78272	35.6575
6.78285	35.6861
6.78293	35.7147
6.78303	35.7433
6.78847	35.7718
6.78915	35.8004
6.78932	35.829
6.78951	35.8575
6.79345	35.8861
6.79914	35.9147
6.79926	35.9433
6.79948	35.9718
6.79978	36.0004
6.79995	36.0282
6.80015	36.056
6.80991	36.0837
6.81	36.1115
6.81003	36.1393
6.81656	36.1671
6.81679	36.1948
6.82082	36.2226
6.82085	36.2504
6.82089	36.2782
6.82098	36.306
6.82113	36.3337
6.82706	36.3615
6.8272	36.3893
6.82738	36.4171
6.8376	36.4448
6.83767	36.4726
6.83784	36.5004
6.83804	36.5282
6.83819	36.556
6.84889	36.5837
6.84902	36.6115
6.84927	36.6393
6.84939	36.6671
6.84956	36.6948
6.85383	36.7226
6.85979	36.7504
6.86484	36.7782
6.86503	36.806
6.86525	36.8337
6.86532	36.8615
6.86547	36.8893
6.87102	36.9171
6.87115	36.9448
6.87134	36.9726
6.89266	37.0004
6.90437	37.0274
6.90459	37.0545
6.90461	37.0815
6.90913	37.1085
6.90918	37.1355
6.9092	37.1626
6.90923	37.1896
6.90951	37.2166
6.90959	37.2436
6.9145	37.2707
6.91466	37.2977
6.9147	37.3247
6.91486	37.3517
6.92119	37.3788
6.92133	37.4058
6.92563	37.4328
6.92568	37.4599
6.92571	37.4869
6.92575	37.5139
6.92579	37.5409
6.92582	37.568
6.92584	18.784
6.93152	18.8395
6.9317	18.8951
6.93186	18.9506
6.93199	19.0062
6.93213	19.0588
6.93227	19.1115
6.93638	19.1641
6.93644	19.2167
6.93651	19.2694
6.93657	19.322
6.93663	19.3746
6.94744	19.4273
6.94751	19.4799
6.9476	19.5325
6.94766	19.5852
6.94771	19.6378
6.94777	19.6904
6.95286	19.743
6.95305	19.7957
6.9641	19.8483
6.97023	19.9009
6.97034	19.9536
6.97056	20.0062
6.97069	20.0562
6.9748	20.1062
6.97486	20.1562
6.97489	20.2062
6.97496	20.2562
6.97504	20.3062
6.9751	20.3562
6.97516	20.4062
6.97523	20.4562
6.98051	20.5062
6.9806	20.5562
6.98065	20.6062
6.98077	20.6562
6.98086	20.7062
6.9865	20.7562
6.99146	20.8062
6.99551	20.8562
6.99557	20.9062
6.99577	20.9562
6.99594	21.0062
6.99604	21.0538
6.99971	21.1014
6.99976	21.1491
6.99986	21.1967
6.99999	21.2443
7.00008	21.2919
7.00543	21.3395
7.00549	21.3872
7.00559	21.4348
7.00571	21.4824
7.00976	21.53
7.01453	21.5776
7.01461	21.6253
7.01471	21.6729
7.01482	21.7205
7.02029	21.7681
7.02585	21.8157
7.02672	21.8633
7.02686	21.911
7.04528	21.9586
7.04537	22.0062
7.04547	22.0517
7.04557	22.0971
7.04915	22.1426
7.04918	22.188
7.04924	22.2335
7.04929	22.2789
7.04944	22.3244
7.05323	22.3698
7.05345	22.4153
7.0593	22.4607
7.06011	22.5062
7.06339	22.5517
7.06342	22.5971
7.06842	22.6426
7.06857	22.688
7.06888	22.7335
7.06897	22.7789
7.07396	22.8244
7.07682	22.8698
7.07687	22.9153
7.07695	22.9607
7.07707	23.0062
7.07716	23.0497
7.08385	23.0932
7.08877	23.1366
7.0889	23.1801
7.09294	23.2236
7.09317	23.2671
7.0933	23.3106
7.09338	23.354
7.09798	23.3975
7.09805	23.441
7.09816	23.4845
7.09826	23.5279
7.09835	23.5714
7.10301	23.6149
7.10639	23.6584
7.1099	23.7019
7.11003	23.7453
7.11016	23.7888
7.11026	23.8323
7.11032	23.8758
7.12934	23.9192
7.12945	23.9627
7.13585	24.0062
7.13599	24.0479
7.14044	24.0895
7.14086	24.1312
7.14092	24.1729
7.14102	24.2145
7.1459	24.2562
7.14593	24.2979
7.15132	24.3395
7.15138	24.3812
7.15713	24.4229
7.15733	24.4645
7.15756	24.5062
7.15787	24.5479
7.15792	24.5895
7.16366	24.6312
7.16374	24.6729
7.16382	24.7145
7.16396	24.7562
7.16404	24.7979
7.16411	24.8395
7.17349	24.8812
7.17353	24.9229
7.17555	24.9645
7.17561	25.0062
7.176	25.0462
7.18153	25.0862
7.18169	25.1262
7.1983	25.1662
7.19836	25.2062
7.19842	25.2462
7.19866	25.2862
7.19874	25.3262
7.1988	25.3662
7.20525	25.4062
7.20682	25.4462
7.20702	25.4862
7.20707	25.5262
7.21006	25.5662
7.21013	25.6062
7.21035	25.6462
7.21044	25.6862
7.21054	25.7262
7.21526	25.7662
7.22207	25.8062
7.23628	25.8462
7.23634	25.8862
7.23652	25.9262
7.23666	25.9662
7.23971	26.0062
7.23996	26.0447
7.24007	26.0831
7.24321	26.1216
7.24448	26.1601
7.24888	26.1985
7.24894	26.237
7.24902	26.2754
7.25184	26.3139
7.25216	26.3524
7.25725	26.3908
7.26228	26.4293
7.26239	26.4677
7.26255	26.5062
7.26262	26.5447
7.26277	26.5831
7.26941	26.6216
7.26956	26.6601
7.27799	26.6985
7.27813	26.737
7.27833	26.7754
7.27844	26.8139
7.27871	26.8524
7.28126	26.8908
7.28131	26.9293
7.29374	26.9677
7.29911	27.0062
7.29942	27.0432
7.30401	27.0803
7.30444	27.1173
7.30461	27.1544
7.3049	27.1914
7.30512	27.2284
7.30535	27.2655
7.31055	27.3025
7.3106	27.3395
7.31592	27.3766
7.31598	27.4136
7.31606	27.4506
7.3197	27.4877
7.31987	27.5247
7.31998	27.5618
7.32009	27.5988
7.32449	27.6358
7.32461	27.6729
7.32475	27.7099
7.32493	27.7469
7.34839	27.784
7.34864	27.821
7.34884	27.8581
7.34898	27.8951
7.34934	27.9321
7.34951	27.9692
7.35415	28.0062
7.35427	28.0419
7.35433	28.0776
7.35442	28.1133
7.35447	28.1491
7.35905	28.1848
7.36734	28.2205
7.37254	28.2562
7.37515	28.2919
7.37523	28.3276
7.38069	28.3633
7.3808	28.3991
7.38115	28.4348
7.38128	28.4705
7.38627	28.5062
7.38646	28.5419
7.39208	28.5776
7.3921	28.6133
7.39793	28.6491
7.40055	28.6848
7.40065	28.7205
7.40074	28.7562
7.40087	28.7919
7.40098	28.8276
7.4047	28.8633
7.40473	28.8991
7.40486	28.9348
7.40491	28.9705
7.40514	29.0062
7.41528	29.0407
7.41534	29.0752
7.41541	29.1097
7.41553	29.1441
7.41562	29.1786
7.42112	29.2131
7.42126	29.2476
7.43569	29.2821
7.43581	29.3165
7.43591	29.351
7.43851	29.3855
7.43857	29.42
7.43863	29.4545
7.44343	29.489
7.44348	29.5234
7.44367	29.5579
7.44375	29.5924
7.44381	29.6269
7.45073	29.6614
7.45093	29.6959
7.451	29.7303
7.45507	29.7648
7.46335	29.7993
7.46593	29.8338
7.46598	29.8683
7.46605	29.9028
7.48303	29.9372
7.48337	29.9717
7.48572	30.0062
7.48604	30.0395
7.49126	30.0729
7.49132	30.1062
7.49135	30.1395
7.49146	30.1729
7.5026	30.2062
7.50719	30.2395
7.50736	30.2729
7.50757	30.3062
7.50793	30.3395
7.50795	30.3729
7.51168	30.4062
7.51171	30.4395
7.51202	30.4729
7.5121	30.5062
7.51233	30.5395
7.52441	30.5729
7.52461	30.6062
7.52463	30.6395
7.52464	30.6729
7.52465	30.7062
7.52466	30.7395
7.52474	30.7729
7.53228	30.8062
7.54229	15.4031
7.54499	15.4698
7.54509	15.5364
7.54512	15.6031
7.54528	15.6698
7.54904	15.7364
7.54982	15.8031
7.55562	15.8698
7.55572	15.9364
7.5576	16.0031
7.55769	16.0656
7.55771	16.1281
7.55789	16.1906
7.55793	16.2531
7.56207	16.3156
7.56217	16.3781
7.57327	16.4406
7.57795	16.5031
7.57934	16.5656
7.58341	16.6281
7.58644	16.6906
7.58853	16.7531
7.58859	16.8156
7.59623	16.8781
7.61274	16.9406
7.61536	17.0031
7.61542	17.0619
7.6155	17.1207
7.61566	17.1796
7.61578	17.2384
7.61889	17.2972
7.61893	8.64861
7.62025	8.77361
7.62655	8.89861
7.62661	9.02361
7.62668	9.13472
7.62673	9.24583
7.6295	9.35694
7.62957	9.46805
7.62973	9.57917
7.63941	9.69028
7.64077	9.80139
7.64083	9.9125
7.6409	10.0236
7.64104	10.1236
7.64115	10.2236
7.64124	10.3236
7.64565	10.4236
7.66328	10.5236
7.69997	10.6236
7.70025	10.7236
7.70038	10.8236
7.70047	10.9236
7.70055	11.0236
7.70477	11.1145
7.71356	11.2054
7.71375	11.2963
7.71396	11.3872
7.71407	11.4782
7.72391	11.5691
7.72404	11.66
7.72426	11.7509
7.72438	11.8418
7.72457	11.9327
7.7248	12.0236
7.72498	12.1069
7.74672	12.1903
7.7468	12.2736
7.74689	12.3569
7.75176	12.4403
7.76152	12.5236
7.76167	12.6069
7.76175	12.6903
7.76671	12.7736
7.76673	12.8569
7.76674	12.9403
7.76681	13.0236
7.78377	13.1005
7.78408	13.1775
7.78843	13.2544
7.78849	13.3313
7.78857	13.4082
7.80485	13.4851
7.8049	13.5621
7.80499	13.639
7.80514	13.7159
7.80525	13.7928
7.80528	13.8698
7.80538	13.9467
7.81032	14.0236
7.82142	14.095
7.82153	14.1665
7.82175	14.2379
7.82179	14.3093
7.82186	14.3808
7.8278	14.4522
7.82798	14.5236
7.82817	14.595
7.83227	14.6665
7.83229	14.7379
7.83236	14.8093
7.85962	14.8808
7.85972	14.9522
7.85978	15.0236
7.86498	15.0903
7.86504	15.1569
7.86511	15.2236
7.86561	15.2903
7.87079	15.3569
7.87095	15.4236
7.87121	15.4903
7.88311	15.5569
7.88694	15.6236
7.88699	15.6903
7.88707	15.7569
7.89282	15.8236
7.89299	15.8903
7.89324	15.9569
7.89337	16.0236
7.90929	16.0861
7.90946	16.1486
7.90968	16.2111
7.9098	16.2736
7.90998	16.3361
7.91013	16.3986
7.91032	16.4611
7.92576	16.5236
7.92581	16.5861
7.93083	16.6486
7.93109	16.7111
7.93119	16.7736
7.93129	16.8361
7.93678	16.8986
7.93695	16.9611
7.9418	17.0236
7.94228	17.0824
7.9527	17.1413
7.95286	17.2001
7.95819	17.2589
7.95825	17.3177
7.95832	17.3766
7.95845	17.4354
7.96432	17.4942
7.96441	17.553
7.96452	17.6118
7.96472	17.6707
7.96504	17.7295
7.97577	17.7883
7.98049	17.8471
7.98058	17.906
7.98069	17.9648
7.98556	18.0236
7.9856	18.0792
7.99657	18.1347
7.99663	18.1903
7.99671	18.2458
7.99684	18.3014
8.00771	18.3569
8.00777	18.4125
8.04096	18.4681
8.04611	18.5236
8.04621	18.5792
8.04662	18.6347
8.05136	18.6903
8.05142	18.7458
8.05709	18.8014
8.0572	18.8569
8.06282	18.9125
8.06295	18.9681
8.06316	19.0236
8.06321	19.0762
8.06327	19.1289
8.06787	19.1815
8.0679	19.2341
8.06798	19.2868
8.06815	19.3394
8.06825	19.392
8.06851	19.4447
8.07721	19.4973
8.0773	19.5499
8.0774	19.6026
8.07751	19.6552
8.0776	19.7078
8.07778	19.7605
8.08257	19.8131
8.0927	19.8657
8.09293	19.9183
8.09298	19.971
8.09301	20.0236
8.09862	20.0736
8.10377	20.1236
8.10397	20.1736
8.10424	20.2236
8.1044	20.2736
8.10904	20.3236
8.10921	20.3736
8.10936	20.4236
8.10938	20.4736
8.10949	20.5236
8.11461	20.5736
8.12007	20.6236
8.12034	20.6736
8.12616	20.7236
8.12635	20.7736
8.12699	20.8236
8.12715	20.8736
8.12732	20.9236
8.13111	20.9736
8.13116	21.0236
8.13123	21.0712
8.13127	21.1188
8.13416	21.1665
8.1342	21.2141
8.13454	21.2617
8.1417	21.3093
8.14658	21.3569
8.15456	21.4046
8.1573	21.4522
8.15736	21.4998
8.15742	21.5474
8.15755	21.595
8.15999	21.6427
8.16988	21.6903
8.17062	21.7379
8.17352	21.7855
8.17693	21.8331
8.17696	21.8808
8.17839	21.9284
8.17842	21.976
8.1798	22.0236
8.18116	22.0691
8.18123	22.1145
8.18131	22.16
8.18918	22.2054
8.19473	22.2509
8.19812	22.2963
8.1982	22.3418
8.20863	22.3872
8.20869	22.4327
8.21018	22.4782
8.21048	22.5236
8.21066	22.5691
8.21098	22.6145
8.22553	22.66
8.22566	22.7054
8.2279	22.7509
8.22838	22.7963
8.22908	22.8418
8.2305	22.8872
8.23186	22.9327
8.23257	22.9782
8.23402	23.0236
8.24033	23.0671
8.24038	23.1106
8.24167	23.154
8.24446	23.1975
8.24671	23.241
8.25428	23.2845
8.25488	23.328
8.25542	23.3714
8.25614	23.4149
8.25691	23.4584
8.25762	23.5019
8.2583	23.5453
8.25969	23.5888
8.26313	23.6323
8.265	23.6758
8.2659	23.7193
8.26663	23.7627
8.26736	23.8062
8.26783	23.8497
8.26861	23.8932
8.27365	23.9367
8.27371	23.9801
8.27508	24.0236
8.28723	24.0653
8.29125	24.1069
8.29536	24.1486
8.29689	24.1903
8.30522	24.2319
8.31211	24.2736
8.31234	24.3153
8.31248	24.3569
8.31279	24.3986
8.31311	24.4403
8.31725	24.4819
8.32373	24.5236
8.32379	24.5653
8.32389	24.6069
8.32408	24.6486
8.32825	24.6903
8.32839	24.7319
8.32873	24.7736
8.33349	24.8153
8.3341	24.8569
8.33928	24.8986
8.33944	24.9403
8.33964	24.9819
8.33978	25.0236
8.3434	25.0636
8.34847	25.1036
8.3486	25.1436
8.34862	25.1836
8.36009	25.2236
8.37338	25.2636
8.38327	25.3036
8.38344	25.3436
8.38371	25.3836
8.38382	25.4236
8.38392	25.4636
8.38708	25.5036
8.38723	25.5436
8.38731	25.5836
8.3874	25.6236
8.38751	25.6636
8.38764	25.7036
8.39169	25.7436
8.39198	25.7836
8.39213	25.8236
8.39491	25.8636
8.39494	25.9036
8.39501	25.9436
8.39983	25.9836
8.40009	26.0236
8.40037	26.0621
8.40911	26.1005
8.4092	26.139
8.40922	26.1775
8.4377	26.2159
8.44222	26.2544
8.44232	26.2928
8.44235	26.3313
8.44236	26.3698
8.44244	26.4082
8.44775	26.4467
8.4507	26.4851
8.45075	26.5236
8.45084	26.5621
8.45097	26.6005
8.45113	26.639
8.45679	26.6775
8.45713	26.7159
8.45729	26.7544
8.45767	26.7928
8.45795	26.8313
8.46264	26.8698
8.46276	26.9082
8.46474	26.9467
8.46481	26.9851
8.47031	27.0236
8.47062	27.0606
8.47463	27.0977
8.47467	27.1347
8.47672	27.1718
8.51144	27.2088
8.51338	27.2458
8.51409	27.2829
8.5148	27.3199
8.51483	27.3569
8.51687	27.394
8.51691	27.431
8.51825	27.4681
8.52473	27.5051
8.52529	27.5421
8.52543	27.5792
8.52807	27.6162
8.52813	27.6532
8.52823	27.6903
8.53015	27.7273
8.53093	27.7644
8.53162	27.8014
8.53528	27.8384
8.53541	27.8755
8.53728	27.9125
8.54013	27.9495
8.5402	27.9866
8.54221	28.0236
8.54225	28.0593
8.54858	28.095
8.55068	28.1308
8.55072	28.1665
8.58661	28.2022
8.5868	28.2379
8.58691	28.2736
8.587	28.3093
8.58711	28.345
8.59289	28.3808
8.59295	28.4165
8.59304	28.4522
8.5932	28.4879
8.59329	28.5236
8.5934	28.5593
8.59348	28.595
8.59829	28.6308
8.59836	28.6665
8.59867	28.7022
8.59876	28.7379
8.60735	28.7736
8.60752	28.8093
8.60908	28.845
8.60912	28.8808
8.60923	28.9165
8.61025	28.9522
8.6149	28.9879
8.61514	29.0236
8.61936	29.0581
8.61948	29.0926
8.61968	29.1271
8.62439	29.1615
8.65295	29.196
8.65307	29.2305
8.65313	29.265
8.65801	29.2995
8.65805	29.334
8.65814	29.3684
8.65827	29.4029
8.65836	29.4374
8.66175	29.4719
8.66548	29.5064
8.66755	29.5409
8.66758	29.5753
8.66898	29.6098
8.66911	29.6443
8.66961	29.6788
8.67379	29.7133
8.67384	29.7477
8.67994	29.7822
8.68377	29.8167
8.68435	29.8512
8.68441	29.8857
8.68486	29.9202
8.69552	29.9546
8.69559	29.9891
8.69574	30.0236
8.69583	30.0569
8.70129	30.0903
8.70146	30.1236
8.71498	30.1569
8.71506	30.1903
8.72381	30.2236
8.72386	30.2569
8.72393	30.2903
8.72942	30.3236
8.72949	30.3569
8.72957	30.3903
8.72967	30.4236
8.72975	30.4569
8.72986	30.4903
8.72993	30.5236
8.73523	30.5569
8.73541	30.5903
8.73625	30.6236
8.74037	30.6569
8.74072	30.6903
8.74079	30.7236
8.74085	30.7569
8.76677	30.7903
8.7668	30.8236
8.76688	30.8569
8.76698	30.8903
8.76706	30.9236
8.76721	30.9569
8.77222	30.9903
8.77243	31.0236
8.78011	31.0559
8.78632	31.0881
8.78647	31.1204
8.78666	31.1526
8.803	31.1849
8.80318	31.2172
8.80336	31.2494
8.8035	31.2817
8.80376	31.3139
8.80391	31.3462
8.80751	31.3784
8.80765	31.4107
8.80775	31.443
8.80791	31.4752
8.80799	31.5075
8.80807	31.5397
8.81542	31.572
8.81544	31.6043
8.81545	31.6365
8.81556	31.6688
8.81566	31.701
8.82078	31.7333
8.83878	31.7655
8.83886	31.7978
8.83895	31.8301
8.83908	31.8623
8.83916	31.8946
8.83929	31.9268
8.83932	31.9591
8.84421	31.9914
8.84426	32.0236
8.86222	32.0549
8.86284	32.0861
8.863	32.1174
8.86744	32.1486
8.88438	32.1799
8.88449	32.2111
8.88457	32.2424
8.88998	32.2736
8.89011	32.3049
8.89021	32.3361
8.89536	32.3674
8.89543	32.3986
8.89552	32.4299
8.89572	32.4611
8.89591	32.4924
8.90085	32.5236
8.90102	32.5549
8.90121	32.5861
8.90126	32.6174
8.90133	32.6486
8.90705	32.6799
8.91169	32.7111
8.91184	32.7424
8.91193	32.7736
8.91207	32.8049
8.91223	32.8361
8.91744	32.8674
8.91756	32.8986
8.92299	32.9299
8.92305	32.9611
8.92322	32.9924
8.92835	33.0236
8.93986	33.0539
8.94551	33.0842
8.94568	33.1145
8.95081	33.1448
8.96221	33.1751
8.96732	33.2054
8.96751	33.2357
8.96776	33.266
8.96785	33.2963
8.96796	33.3266
8.96815	33.3569
8.9683	33.3872
8.96847	33.4175
8.97258	33.4479
8.97316	33.4782
8.97802	33.5085
8.9781	33.5388
8.97812	33.5691
8.97836	33.5994
8.9785	33.6297
8.98351	33.66
8.98353	33.6903
8.98362	33.7206
8.98365	33.7509
8.99059	33.7812
8.9949	33.8115
8.99495	33.8418
8.99503	33.8721
8.99516	33.9024
8.99524	33.9327
9.00118	33.963
9.00627	33.9933
9.0064	34.0236
9.00942	34.053
9.01151	34.0824
9.01972	34.1118
9.02436	34.1413
9.02951	34.1707
9.02982	34.2001
9.03484	34.2295
9.03495	34.2589
9.03506	34.2883
9.03517	34.3177
9.04154	34.3471
9.04177	34.3766
9.04205	34.406
9.0474	34.4354
9.04749	34.4648
9.04763	34.4942
9.04777	34.5236
9.04797	34.553
9.05667	34.5824
9.05674	34.6118
9.05992	34.6413
9.05998	34.6707
9.06012	34.7001
9.06204	34.7295
9.0621	34.7589
9.06215	34.7883
9.06558	34.8177
9.06693	34.8471
9.06722	34.8766
9.09289	34.906
9.09444	34.9354
9.09925	34.9648
9.09939	34.9942
9.10476	35.0236
9.1095	35.0522
9.1098	35.0808
9.11034	35.1093
9.11412	35.1379
9.11994	35.1665
9.12016	35.195
9.12022	35.2236
9.12025	35.2522
9.12028	35.2808
9.1203	35.3093
9.1259	35.3379
9.12624	35.3665
9.12641	35.395
9.12659	35.4236
9.12675	35.4522
9.12692	35.4808
9.131	35.5093
9.13107	35.5379
9.13129	35.5665
9.13662	35.595
9.1367	35.6236
9.14457	35.6522
9.1466	35.6808
9.14666	35.7093
9.14673	35.7379
9.14687	35.7665
9.14697	35.795
9.14706	35.8236
9.14715	35.8522
9.17492	35.8808
9.18061	35.9093
9.18066	35.9379
9.18493	35.9665
9.18499	35.995
9.18507	36.0236
9.18521	36.0514
9.18859	36.0792
9.18867	36.1069
9.18883	36.1347
9.19054	36.1625
9.1906	36.1903
9.19068	36.2181
9.19081	36.2458
9.19093	36.2736
9.19098	36.3014
9.19109	36.3292
9.19618	36.3569
9.19632	36.3847
9.19651	36.4125
9.19774	36.4403
9.19787	36.4681
9.19802	36.4958
9.19822	36.5236
9.19863	36.5514
9.22026	36.5792
9.22039	36.6069
9.22046	36.6347
9.22054	36.6625
9.22587	36.6903
9.22853	36.7181
9.22877	36.7458
9.23445	36.7736
9.23474	36.8014
9.23485	36.8292
9.24349	36.8569
9.2436	36.8847
9.24369	36.9125
9.2504	36.9403
9.25117	36.9681
9.25447	36.9958
9.25459	37.0236
9.26012	37.0506
9.26556	37.0777
9.26565	37.1047
9.2657	37.1317
9.27061	37.1587
9.27063	37.1858
9.27074	37.2128
9.27095	37.2398
9.27104	37.2669
9.27616	37.2939
9.27623	37.3209
9.27626	37.3479
9.27629	37.375
9.27631	37.402
9.27634	37.429
9.27637	37.456
9.28158	37.4831
9.28162	37.5101
9.28189	37.5371
9.28746	37.5642
9.28753	37.5912
9.29324	37.6182
9.29841	37.6452
9.30447	37.6723
9.30457	37.6993
9.3048	37.7263
9.33229	37.7533
9.33256	37.7804
9.33285	37.8074
9.333	37.8344
9.33324	37.8614
9.33694	37.8885
9.34844	37.9155
9.34858	37.9425
9.34911	37.9696
9.34926	37.9966
9.34943	38.0236
9.34961	38.0499
9.35341	38.0762
9.35369	38.1026
9.35374	38.1289
9.35887	38.1552
9.35894	38.1815
9.35913	38.2078
9.35924	38.2341
9.37042	38.2605
9.37057	38.2868
9.37073	38.3131
9.37094	38.3394
9.3711	38.3657
9.37575	38.392
9.37584	38.4183
9.37595	38.4447
9.38117	38.471
9.38631	38.4973
9.38635	38.5236
9.3864	38.5499
9.39279	38.5762
9.3929	38.6026
9.39319	38.6289
9.39804	19.3144
9.39825	19.3671
9.39858	19.4197
9.40281	19.4723
9.40314	19.525
9.40322	19.5776
9.40328	19.6302
9.40846	19.6829
9.41977	19.7355
9.42659	19.7881
9.43085	19.8408
9.43106	19.8934
9.43121	19.946
9.43733	19.9986
9.43748	20.0513
9.43767	20.1013
9.442	20.1513
9.44205	20.2013
9.44772	20.2513
9.45255	20.3013
9.45261	20.3513
9.4527	20.4013
9.45285	20.4513
9.45287	20.5013
9.45292	20.5513
9.453	20.6013
9.45315	20.6513
9.45859	20.7013
9.45873	20.7513
9.4591	20.8013
9.45934	20.8513
9.48143	20.9013
9.48328	20.9513
9.48354	21.0013
9.48738	21.0489
9.48779	21.0965
9.48788	21.1441
9.50056	21.1918
9.51208	21.2394
9.51215	21.287
9.51241	21.3346
9.51781	21.3822
9.51789	21.4299
9.52266	21.4775
9.52271	21.5251
9.52279	21.5727
9.52303	21.6203
9.52312	21.6679
9.52319	21.7156
9.52863	21.7632
9.52973	21.8108
9.53324	21.8584
9.53452	21.906
9.53499	21.9537
9.53514	22.0013
9.54894	22.0467
9.55493	22.0922
9.55522	22.1376
9.57471	22.1831
9.58172	22.2286
9.58184	22.274
9.58214	22.3195
9.58217	22.3649
9.58221	22.4104
9.58599	22.4558
9.58602	22.5013
9.5861	22.5467
9.58622	22.5922
9.58937	22.6376
9.59797	22.6831
9.59821	22.7286
9.5983	22.774
9.60952	22.8195
9.61	22.8649
9.61596	22.9104
9.61611	22.9558
9.62047	23.0013
9.62097	23.0448
9.62099	23.0882
9.6407	23.1317
9.65188	23.1752
9.66117	23.2187
9.66183	23.2621
9.66185	23.3056
9.66753	23.3491
9.6729	23.3926
9.67297	23.4361
9.67307	23.4795
9.67318	23.523
9.67325	23.5665
9.67338	23.61
9.6734	23.6535
9.67831	23.6969
9.67837	23.7404
9.67873	23.7839
9.67878	23.8274
9.68485	23.8708
9.68499	23.9143
9.68522	23.9578
9.68533	24.0013
9.68917	24.0429
9.68923	24.0846
9.71204	24.1263
9.71223	24.1679
9.71363	24.2096
9.71366	24.2513
9.71929	24.2929
9.71948	24.3346
9.72448	24.3763
9.72462	24.4179
9.72472	24.4596
9.73018	24.5013
9.7412	24.5429
9.74638	24.5846
9.74648	24.6263
9.74655	24.6679
9.74661	24.7096
9.74667	24.7513
9.74673	24.7929
9.75162	24.8346
9.75167	24.8763
9.75173	24.9179
9.75185	24.9596
9.75194	25.0013
9.75203	25.0413
9.75658	25.0813
9.75663	25.1213
9.75716	25.1613
9.75729	25.2013
9.76472	25.2413
9.8015	25.2813
9.80701	25.3213
9.8125	25.3613
9.81382	25.4013
9.81389	25.4413
9.81399	25.4813
9.81957	25.5213
9.81967	25.5613
9.81975	25.6013
9.81983	25.6413
9.82468	25.6813
9.82471	25.7213
9.82479	25.7613
9.82493	25.8013
9.82508	25.8413
9.82517	25.8813
9.82525	25.9213
9.83032	25.9613
9.83039	26.0013
9.83046	26.0397
9.83058	26.0782
9.83066	26.1167
9.83074	26.1551
9.83086	26.1936
9.83566	26.232
9.88134	26.2705
9.88556	26.309
9.88587	26.3474
9.886	26.3859
9.88609	26.4244
9.89099	26.4628
9.89691	26.5013
9.89707	26.5397
9.89726	26.5782
9.89744	26.6167
9.9022	26.6551
9.90228	26.6936
9.90236	26.732
9.90243	26.7705
9.91311	26.809
9.91326	26.8474
9.91345	26.8859
9.91358	26.9244
9.91379	26.9628
9.91391	27.0013
9.91411	27.0383
9.91423	27.0754
9.9184	27.1124
9.91845	27.1494
9.91853	27.1865
9.93062	27.2235
9.95161	27.2605
9.9517	27.2976
9.95179	27.3346
9.95186	27.3716
9.95198	27.4087
9.95681	27.4457
9.95734	27.4828
9.96243	27.5198
9.96253	27.5568
9.96265	27.5939
9.96273	27.6309
9.9628	27.6679
9.96291	27.705
9.97329	27.742
9.97332	27.7791
9.97966	27.8161
9.97997	27.8531
9.98014	27.8902
9.98035	27.9272
9.98045	27.9642
9.98483	28.0013
9.98499	28.037
9.98979	28.0727
9.98991	28.1084
9.98993	28.1441
9.98995	28.1799
9.98998	28.2156
9.99639	28.2513
9.99646	28.287
10.0019	28.3227
10.014	28.3584
10.0212	28.3941
10.0275	28.4299
10.0276	28.4656
10.0317	28.5013
10.0318	28.537
10.0318	28.5727
10.0319	28.6084
10.032	28.6441
10.0321	28.6799
10.0373	28.7156
10.0373	28.7513
10.0373	28.787
10.0374	28.8227
10.0375	28.8584
10.0375	28.8941
10.0376	28.9299
10.0485	28.9656
10.0486	29.0013
10.0487	29.0358
10.0488	29.0702
10.0546	29.1047
10.0549	29.1392
10.0607	29.1737
10.0609	29.2082
10.0611	29.2427
10.0701	29.2771
10.0869	29.3116
10.0869	29.3461
10.094	29.3806
10.0941	29.4151
10.0975	29.4496
10.0976	29.484
10.0977	29.5185
10.0978	29.553
10.0979	29.5875
10.0982	29.622
10.103	29.6565
10.103	29.6909
10.1031	29.7254
10.1033	29.7599
10.1034	29.7944
10.1067	29.8289
10.1076	29.8633
10.1086	29.8978
10.1136	29.9323
10.1137	29.9668
10.1139	30.0013
10.1154	30.0346
10.1155	30.0679
10.1156	30.1013
10.1195	30.1346
10.1195	30.1679
10.1258	30.2013
10.1263	30.2346
10.1264	30.2679
10.1446	30.3013
10.1496	30.3346
10.1497	30.3679
10.1497	30.4013
10.1499	30.4346
10.15	30.4679
10.1573	30.5013
10.1596	30.5346
10.1596	30.5679
10.1724	30.6013
10.1726	30.6346
10.1726	30.6679
10.1761	30.7013
10.1761	30.7346
10.1762	30.7679
10.1763	30.8013
10.1764	30.8346
10.1765	30.8679
10.1766	30.9013
10.1826	30.9346
10.1828	30.9679
10.1874	31.0013
10.1928	31.0335
10.1929	31.0658
10.1929	31.0981
10.193	31.1303
10.1931	31.1626
10.1981	31.1948
10.1982	31.2271
10.2041	31.2593
10.2089	31.2916
10.2118	31.3239
10.2125	31.3561
10.2125	31.3884
10.2179	31.4206
10.2188	31.4529
10.2188	31.4851
10.2189	31.5174
10.2192	31.5497
10.2407	31.5819
10.2409	31.6142
10.2409	31.6464
10.2411	31.6787
10.2442	31.711
10.2443	31.7432
10.2444	31.7755
10.2445	31.8077
10.2485	31.84
10.2533	31.8722
10.2593	31.9045
10.2594	31.9368
10.2604	31.969
10.2645	32.0013
10.2653	32.0325
10.266	32.0638
10.2668	32.095
10.2673	32.1263
10.268	32.1575
10.2692	32.1888
10.2715	32.22
10.2766	32.2513
10.2837	32.2825
10.2857	32.3138
10.2858	32.345
10.2937	32.3763
10.3034	32.4075
10.304	32.4388
10.3047	32.47
10.3055	32.5013
10.3119	32.5325
10.3153	32.5638
10.3157	32.595
10.3157	32.6263
10.3158	32.6575
10.316	32.6888
10.3161	32.72
10.3163	32.7513
10.3202	32.7825
10.3209	32.8138
10.3217	32.845
10.3217	32.8763
10.3274	32.9075
10.3275	32.9388
10.3276	32.97
10.3277	33.0013
10.3362	33.0316
10.3364	33.0619
10.3368	33.0922
10.3386	33.1225
10.3386	33.1528
10.3387	33.1831
10.3389	33.2134
10.3463	33.2437
10.3463	33.274
10.3464	33.3043
10.3467	33.3346
10.3747	33.3649
10.3791	33.3952
10.3794	33.4255
10.3845	33.4558
10.3913	33.4861
10.3955	33.5164
10.3955	33.5467
10.3956	33.577
10.3957	33.6073
10.3958	33.6376
10.3959	33.6679
10.4025	33.6982
10.4027	33.7286
10.4028	33.7589
10.4068	33.7892
10.4069	33.8195
10.407	33.8498
10.4071	33.8801
10.412	33.9104
10.412	33.9407
10.4176	33.971
10.4177	34.0013
10.423	34.0307
10.4231	34.0601
10.4233	34.0895
10.4234	34.1189
10.4235	34.1483
10.4283	34.1777
10.4284	34.2072
10.4285	34.2366
10.4286	34.266
10.4287	34.2954
10.4349	34.3248
10.4506	34.3542
10.4507	34.3836
10.4508	34.413
10.4558	34.4425
10.4558	34.4719
10.4562	34.5013
10.4562	34.5307
10.4613	34.5601
10.4618	34.5895
10.462	34.6189
10.462	34.6483
10.4725	34.6777
10.4726	34.7072
10.4727	34.7366
10.4728	34.766
10.4728	34.7954
10.4786	34.8248
10.4788	34.8542
10.4791	34.8836
10.4854	17.4418
10.4856	17.5006
10.4857	17.5595
10.4859	17.6183
10.486	17.6771
10.486	17.7359
10.4893	17.7948
10.4895	17.8536
10.4957	17.9124
10.4957	17.9712
10.5002	18.0301
10.5003	18.0856
10.5004	18.1412
10.5004	18.1967
10.5112	18.2523
10.5112	18.3078
10.5172	18.3634
10.5224	18.4189
10.5224	18.4745
10.5227	18.5301
10.5228	18.5856
10.5281	18.6412
10.5282	18.6967
10.5286	18.7523
10.5331	18.8078
10.5331	18.8634
10.5337	18.9189
10.5385	18.9745
10.5386	19.0301
10.5388	19.0827
10.539	19.1353
10.5404	19.1879
10.5445	19.2406
10.5447	19.2932
10.5552	19.3458
10.5611	19.3985
10.5662	19.4511
10.5664	19.5037
10.5666	19.5564
10.5771	19.609
10.5772	19.6616
10.5773	19.7143
10.5828	19.7669
10.5829	19.8195
10.5879	19.8722
10.5883	19.9248
10.5885	19.9774
10.5988	20.0301
10.5988	20.0801
10.5989	20.1301
10.5991	20.1801
10.5991	20.2301
10.5992	20.2801
10.5993	20.3301
10.5994	20.3801
10.6043	20.4301
10.6044	20.4801
10.6049	20.5301
10.6099	20.5801
10.61	20.6301
10.6101	20.6801
10.6213	20.7301
10.6215	20.7801
10.6217	20.8301
10.6267	20.8801
10.633	20.9301
10.6371	20.9801
10.6371	21.0301
10.6372	21.0777
10.6374	21.1253
10.6375	21.1729
10.6486	21.2205
10.6539	21.2681
10.6594	21.3158
10.6645	21.3634
10.6646	21.411
10.6647	21.4586
10.6648	21.5062
10.67	21.5539
10.6702	21.6015
10.6705	21.6491
10.6808	21.6967
10.6809	21.7443
10.6809	21.792
10.6811	21.8396
10.6811	21.8872
10.6812	21.9348
10.6812	21.9824
10.6863	22.0301
10.6864	22.0755
10.6865	22.121
10.6866	22.1664
10.6867	22.2119
10.6867	22.2573
10.6869	22.3028
10.6918	22.3482
10.6918	22.3937
10.6918	22.4391
10.692	22.4846
10.7027	22.5301
10.705	22.5755
10.7051	22.621
10.7085	22.6664
10.7087	22.7119
10.7088	22.7573
10.7135	22.8028
10.7154	22.8482
10.7154	22.8937
10.7155	22.9391
10.719	22.9846
10.7192	23.0301
10.7193	23.0735
10.727	23.117
10.7271	23.1605
10.7273	23.204
10.7276	23.2474
10.7335	23.2909
10.7392	23.3344
10.7393	23.3779
10.7513	23.4214
10.7515	23.4648
10.7516	23.5083
10.7517	23.5518
10.7518	23.5953
10.7519	23.6387
10.752	23.6822
10.7568	23.7257
10.7568	23.7692
10.7569	23.8127
10.757	23.8561
10.7622	23.8996
10.7622	23.9431
10.7623	23.9866
10.7674	24.0301
10.7674	24.0717
10.7676	24.1134
10.7677	24.1551
10.7844	24.1967
10.7845	24.2384
10.7847	24.2801
10.7848	24.3217
10.7849	24.3634
10.7884	24.4051
10.7885	24.4467
10.7886	24.4884
10.7887	24.5301
10.7888	24.5717
10.7943	24.6134
10.7943	24.6551
10.7944	24.6967
10.797	24.7384
10.797	24.7801
10.7971	24.8217
10.8084	24.8634
10.8085	24.9051
10.8111	24.9467
10.8111	24.9884
10.8162	25.0301
10.8162	25.0701
10.8209	25.1101
10.8272	25.1501
10.8272	25.1901
10.8273	25.2301
10.8274	25.2701
10.8275	25.3101
10.8275	25.3501
10.8276	25.3901
10.8325	25.4301
10.836	25.4701
10.8361	25.5101
10.8413	25.5501
10.853	25.5901
10.8532	25.6301
10.8534	25.6701
10.8579	25.7101
10.8781	25.7501
10.8782	12.875
10.8783	12.9584
10.8832	13.0417
10.8832	13.1186
10.8833	13.1955
10.8833	13.2725
10.8834	13.3494
10.8835	13.4263
10.8836	13.5032
10.8887	13.5802
10.8887	13.6571
10.8891	13.734
10.8892	13.8109
10.8941	13.8878
10.8941	13.9648
10.8946	14.0417
10.8995	14.1131
10.8997	14.1845
10.8998	14.256
10.9054	14.3274
10.9055	14.3988
10.9056	14.4703
10.9108	14.5417
10.9111	14.6131
10.9113	14.6845
10.9164	14.756
10.9164	14.8274
10.9217	14.8988
10.9218	14.9703
10.922	15.0417
10.933	15.1084
10.9331	15.175
10.9332	15.2417
10.9333	15.3084
10.9335	15.375
10.9337	15.4417
10.9438	15.5084
10.944	15.575
10.9446	15.6417
10.961	15.7084
10.9661	15.775
10.9662	15.8417
10.9665	15.9084
10.9715	15.975
10.9716	16.0417
10.9717	16.1042
10.9718	16.1667
10.9719	16.2292
10.972	16.2917
10.977	16.3542
10.9786	16.4167
10.9787	16.4792
10.9788	16.5417
10.9789	16.6042
10.9884	16.6667
10.9886	16.7292
10.9939	16.7917
10.9987	16.8542
10.9988	16.9167
11.0061	16.9792
11.0062	17.0417
11.0107	17.1005
11.0108	17.1593
11.0109	17.2182
11.011	17.277
11.011	17.3358
11.0148	17.3946
11.0149	17.4535
11.015	17.5123
11.0176	17.5711
11.0177	17.6299
11.0177	17.6888
11.0353	17.7476
11.0354	17.8064
11.0354	17.8652
11.0355	17.924
11.0435	17.9829
11.0518	18.0417
11.063	18.0972
11.0631	18.1528
11.0684	18.2084
11.0685	18.2639
11.0691	18.3195
11.0732	18.375
11.0732	18.4306
11.0749	18.4861
11.0785	18.5417
11.0831	18.5972
11.0838	18.6528
11.0839	18.7084
11.0892	18.7639
11.0892	18.8195
11.0908	18.875
11.0968	18.9306
11.1007	18.9861
11.1007	19.0417
11.1027	19.0943
11.1027	19.147
11.1029	19.1996
11.1031	19.2522
11.1098	19.3049
11.1219	19.3575
11.122	19.4101
11.1264	19.4627
11.1267	19.5154
11.1316	19.568
11.1319	19.6206
11.1319	19.6733
11.132	19.7259
11.1321	19.7785
11.1353	19.8312
11.1354	19.8838
11.1354	19.9364
11.1375	19.9891
11.1375	20.0417
11.1388	20.0917
11.1395	20.1417
11.1396	20.1917
11.1397	20.2417
11.1417	20.2917
11.1418	20.3417
11.143	20.3917
11.1438	20.4417
11.1471	20.4917
11.156	20.5417
11.1569	20.5917
11.1584	20.6417
11.1596	20.6917
11.1611	20.7417
11.1613	20.7917
11.1661	20.8417
11.1784	20.8917
11.1794	20.9417
11.1805	20.9917
11.1818	21.0417
11.1826	21.0893
11.1833	21.1369
11.1839	21.1845
11.1847	21.2322
11.1865	21.2798
11.1873	21.3274
11.1924	21.375
11.1934	21.4226
11.1938	21.4703
11.1952	21.5179
11.1958	21.5655
11.2009	21.6131
11.2016	21.6607
11.2023	21.7084
11.208	21.756
11.2205	21.8036
11.2211	21.8512
11.2219	21.8988
11.2228	21.9465
11.2234	21.9941
11.225	22.0417
11.2257	22.0871
11.2263	22.1326
11.2275	22.1781
11.2369	22.2235
11.2375	22.269
11.2412	22.3144
11.2418	22.3599
11.2426	22.4053
11.2432	22.4508
11.2439	22.4962
11.2453	22.5417
11.251	22.5871
11.2517	22.6326
11.2523	22.6781
11.2531	22.7235
11.2538	22.769
11.2545	22.8144
11.2552	22.8599
11.2601	22.9053
11.2643	22.9508
11.2806	22.9962
11.282	23.0417
11.2826	23.0852
11.2834	23.1286
11.284	23.1721
11.2853	23.2156
11.2854	23.2591
11.2861	23.3026
11.2868	23.346
11.2958	23.3895
11.2967	23.433
11.2973	23.4765
11.298	23.52
11.3032	23.5634
11.3046	23.6069
11.3053	23.6504
11.3067	23.6939
11.3072	23.7373
11.308	23.7808
11.3087	23.8243
11.3093	23.8678
11.3116	23.9113
11.3136	23.9547
11.3193	23.9982
11.3212	24.0417
11.3222	24.0834
11.3305	24.125
11.3477	24.1667
11.3489	24.2084
11.3511	24.25
11.3519	24.2917
11.3526	24.3334
11.3526	24.375
11.3539	24.4167
11.3546	24.4584
11.3554	24.5
11.356	24.5417
11.3567	24.5834
11.3595	24.625
11.3603	24.6667
11.3611	24.7084
11.3617	24.75
11.363	24.7917
11.3636	24.8334
11.3645	24.875
11.3651	24.9167
11.3659	24.9584
11.3665	25
11.3773	25.04
11.3842	25.08
11.3849	25.12
11.3856	25.16
11.3864	25.2
11.3928	25.24
11.3934	25.28
11.4058	25.32
11.4066	25.36
11.4072	25.4
11.4143	25.44
11.4159	25.48
11.4164	25.52
11.4214	25.56
11.4228	25.6
11.4234	25.64
11.4247	25.68
11.4249	25.72
11.426	25.76
11.4272	25.8
11.428	25.84
11.4287	25.88
11.4294	25.92
11.4301	25.96
11.4308	26
11.4308	26.0385
11.4323	26.0769
11.4354	26.1154
11.4412	26.1539
11.4648	26.1923
11.4655	26.2308
11.467	26.2693
11.4698	26.3077
11.4708	26.3462
11.4716	26.3846
11.4723	26.4231
11.4724	26.4616
11.4747	26.5
11.4761	26.5385
11.4867	26.5769
11.4873	26.6154
11.4927	26.6539
11.4988	26.6923
11.4995	26.7308
11.5017	26.7693
11.5024	26.8077
11.5037	26.8462
11.5045	26.8846
11.5051	13.4423
11.5059	13.5192
11.5065	13.5962
11.5065	13.6731
11.5073	13.75
11.5081	13.8269
11.5094	13.9039
11.51	13.9808
11.5115	14.0577
11.5121	14.1291
11.5134	14.2006
11.5366	14.272
11.5372	14.3434
11.5379	14.4148
11.5395	14.4863
11.5407	14.5577
11.5469	14.6291
11.5481	14.7006
11.5489	14.772
11.5497	14.8434
11.5503	14.9148
11.5509	14.9863
11.5511	15.0577
11.5674	15.1244
11.5681	15.191
11.5732	15.2577
11.5744	15.3244
11.5752	15.391
11.5759	15.4577
11.5799	15.5244
11.587	15.591
11.589	15.6577
11.5897	15.7244
11.5904	15.791
11.5911	15.8577
11.5973	15.9244
11.5981	15.991
11.61	16.0577
11.6112	16.1202
11.6125	16.1827
11.6301	16.2452
11.6362	16.3077
11.6365	16.3702
11.6427	16.4327
11.6434	16.4952
11.6441	16.5577
11.6448	16.6202
11.6462	16.6827
11.6468	16.7452
11.6482	16.8077
11.6489	16.8702
11.6496	16.9327
11.6503	16.9952
11.6504	17.0577
11.6512	17.1165
11.6556	17.1754
11.6618	17.2342
11.6706	17.293
11.6776	17.3518
11.6784	17.4106
11.679	17.4695
11.6791	17.5283
11.6853	17.5871
11.6861	17.6459
11.6868	17.7048
11.6875	17.7636
11.6883	17.8224
11.6889	17.8812
11.6946	17.9401
11.7009	17.9989
11.7015	18.0577
11.7022	18.1133
11.7029	18.1688
11.7043	18.2244
11.7149	18.2799
11.7252	18.3355
11.7261	18.391
11.73	18.4466
11.7317	18.5021
11.7338	18.5577
11.7344	18.6133
11.7351	18.6688
11.7353	18.7244
11.7359	18.7799
11.7367	18.8355
11.7375	18.891
11.7388	18.9466
11.7393	19.0021
11.7437	19.0548
11.7444	19.1074
11.7451	19.16
11.7465	19.2127
11.7501	19.2653
11.7649	19.3179
11.7656	19.3706
11.7665	19.4232
11.772	19.4758
11.7789	19.5285
11.7795	19.5811
11.7802	19.6337
11.7812	19.6864
11.7816	19.739
11.7824	19.7916
11.7826	19.8443
11.784	19.8969
11.7861	19.9495
11.7874	20.0021
11.7882	20.0521
11.7895	20.1021
11.791	20.1521
11.7931	20.2021
11.7995	20.2521
11.8007	20.3021
11.8065	20.3521
11.8079	20.4021
11.8117	20.4521
11.813	20.5021
11.8403	20.5521
11.8412	20.6021
11.8424	20.6521
11.8431	20.7021
11.8439	20.7521
11.8445	20.8021
11.8453	20.8521
11.8461	20.9021
11.8515	20.9521
11.8523	21.0021
11.8528	21.0498
11.8541	21.0974
11.8544	21.145
11.8549	21.1926
11.8563	21.2402
11.8619	21.2879
11.8756	21.3355
11.8767	21.3831
11.8779	21.4307
11.8796	21.4783
11.8847	21.526
11.8854	21.5736
11.8862	21.6212
11.8862	21.6688
11.8875	21.7164
11.8881	21.7641
11.8893	21.8117
11.8898	21.8593
11.8905	21.9069
11.8913	21.9545
11.892	22.0021
11.8935	22.0476
11.8942	22.0931
11.895	22.1385
11.895	22.184
11.8957	22.2294
11.9001	22.2749
11.9071	22.3203
11.9441	22.3658
11.9446	22.4112
11.9468	22.4567
11.9519	22.5021
11.9531	22.5476
11.9539	22.5931
11.9545	22.6385
11.9552	22.684
11.9559	22.7294
11.9567	22.7749
11.9572	22.8203
11.9577	22.8658
11.96	22.9112
11.9613	22.9567
11.9649	23.0021
11.9656	23.0456
11.9665	23.0891
11.9671	23.1326
11.9677	23.1761
11.9686	23.2195
11.9687	23.263
11.9815	23.3065
11.9821	23.35
12.008	23.3935
12.0086	23.4369
12.0092	23.4804
12.01	23.5239
12.0106	23.5674
12.0119	23.6108
12.0122	23.6543
12.0143	23.6978
12.0149	23.7413
12.0177	23.7848
12.019	23.8282
12.0197	23.8717
12.0205	23.9152
12.0219	23.9587
12.0225	24.0021
12.0233	24.0438
12.0258	24.0855
12.0277	24.1271
12.0291	24.1688
12.0296	24.2105
12.0318	24.2521
12.0326	24.2938
12.0347	24.3355
12.0347	24.3771
12.0529	24.4188
12.0536	24.4605
12.0594	24.5021
12.0608	24.5438
12.0616	24.5855
12.0756	24.6271
12.0757	24.6688
12.0821	24.7105
12.0828	24.7521
12.0834	24.7938
12.0841	24.8355
12.0854	24.8771
12.0855	24.9188
12.0861	24.9605
12.0936	25.0021
12.0942	25.0421
12.0949	25.0821
12.0972	25.1221
12.0983	25.1621
12.0995	25.2021
12.1005	25.2421
12.1011	25.2821
12.1018	25.3221
12.1026	25.3621
12.1033	25.4021
12.104	25.4421
12.1054	25.4821
12.1384	25.5221
12.1397	25.5621
12.1398	25.6021
12.1413	25.6421
12.142	25.6821
12.1433	25.7221
12.144	25.7621
12.1454	25.8021
12.1467	25.8421
12.1468	25.8821
12.1475	25.9221
12.1517	25.9621
12.153	26.0021
12.1537	26.0406
12.1571	26.0791
12.1754	26.1175
12.1761	26.156
12.1768	26.1945
12.1788	26.2329
12.1795	26.2714
12.1802	26.3098
12.1803	26.3483
12.1809	26.3868
12.1817	26.4252
12.1824	26.4637
12.1839	26.5021
12.1922	26.5406
12.2108	26.5791
12.2151	26.6175
12.2171	26.656
12.2177	13.328
12.2188	13.4049
12.2194	13.4818
12.2201	13.5588
12.2214	13.6357
12.222	13.7126
12.2261	13.7895
12.2272	13.8665
12.2278	13.9434
12.2286	14.0203
12.2334	14.0917
12.2355	14.1632
12.2363	14.2346
12.2397	14.306
12.256	14.3774
12.2566	14.4489
12.2571	14.5203
12.2588	14.5917
12.2594	14.6632
12.2601	14.7346
12.2615	14.806
12.2621	14.8774
12.263	14.9489
12.2651	15.0203
12.2693	15.087
12.2963	15.1536
12.2983	15.2203
12.2989	15.287
12.3179	15.3536
12.3192	15.4203
12.3206	15.487
12.321	15.5536
12.3229	15.6203
12.3245	15.687
12.3271	15.7536
12.3356	15.8203
12.3363	15.887
12.3378	15.9536
12.3398	16.0203
12.3405	16.0828
12.3476	16.1453
12.3504	16.2078
12.3519	16.2703
12.371	16.3328
12.3717	16.3953
12.3724	16.4578
12.3782	16.5203
12.3794	16.5828
12.3802	16.6453
12.3808	16.7078
12.3815	16.7703
12.3823	16.8328
12.3831	16.8953
12.396	16.9578
12.3965	17.0203
12.3992	17.0791
12.4001	17.138
12.4006	17.1968
12.4021	17.2556
12.4204	17.3144
12.4218	17.3732
12.4224	17.4321
12.4237	17.4909
12.4239	17.5497
12.4253	17.6085
12.4268	17.6674
12.4287	17.7262
12.4289	17.785
12.4316	17.8438
12.4435	17.9027
12.445	17.9615
12.446	18.0203
12.448	18.0759
12.45	18.1314
12.4514	18.187
12.4541	18.2425
12.4687	18.2981
12.4711	18.3536
12.4746	18.4092
12.476	18.4647
12.4782	18.5203
12.4795	18.5759
12.4796	18.6314
12.4803	18.687
12.4859	18.7425
12.4872	18.7981
12.4959	18.8536
12.4965	18.9092
12.4974	18.9647
12.4985	19.0203
12.5001	19.0729
12.5007	19.1256
12.5014	19.1782
12.5035	19.2308
12.5234	19.2835
12.5324	19.3361
12.533	19.3887
12.5339	19.4414
12.5345	19.494
12.5353	19.5466
12.5359	19.5993
12.5366	19.6519
12.5373	19.7045
12.538	19.7571
12.5387	19.8098
12.5402	19.8624
12.5409	19.915
12.5415	19.9677
12.5428	20.0203
12.544	20.0703
12.5454	20.1203
12.5461	20.1703
12.5482	20.2203
12.5621	20.2703
12.5634	20.3203
12.5662	20.3703
12.5669	20.4203
12.5678	20.4703
12.5703	20.5203
12.571	20.5703
12.5722	20.6203
12.5781	20.6703
12.5784	20.7203
12.579	20.7703
12.5797	20.8203
12.5806	20.8703
12.5817	20.9203
12.5866	20.9703
12.5873	21.0203
12.5875	21.0679
12.5925	21.1155
12.5931	21.1632
12.598	21.2108
12.6018	21.2584
12.6033	21.306
12.6074	21.3536
12.6163	21.4013
12.617	21.4489
12.6172	21.4965
12.6178	21.5441
12.6185	21.5917
12.6192	21.6394
12.6199	21.687
12.6206	21.7346
12.6213	21.7822
12.6221	21.8298
12.6228	21.8774
12.6235	21.9251
12.6241	21.9727
12.6248	22.0203
12.6255	22.0658
12.6382	22.1112
12.6389	22.1567
12.6396	22.2021
12.6642	22.2476
12.6649	22.293
12.6656	22.3385
12.6676	22.3839
12.6706	22.4294
12.6718	22.4749
12.6728	22.5203
12.674	22.5658
12.6746	22.6112
12.6758	22.6567
12.6765	22.7021
12.6772	22.7476
12.6783	22.793
12.6813	22.8385
12.6827	22.8839
12.6833	22.9294
12.6931	22.9749
12.6946	23.0203
12.6973	23.0638
12.6975	23.1073
12.6989	23.1507
12.7001	23.1942
12.706	23.2377
12.7096	23.2812
12.7103	23.3247
12.7109	23.3681
12.732	23.4116
12.7327	23.4551
12.7343	23.4986
12.7385	23.542
12.7391	23.5855
12.7411	23.629
12.7427	23.6725
12.7433	23.716
12.744	23.7594
12.7461	23.8029
12.7467	23.8464
12.7481	23.8899
12.7499	23.9333
12.7645	23.9768
12.7658	24.0203
12.7672	24.062
12.7686	24.1036
12.7701	24.1453
12.7708	24.187
12.7728	24.2286
12.7742	24.2703
12.7758	24.312
12.7766	24.3536
12.7813	24.3953
12.7838	24.437
12.7858	24.4786
12.7864	24.5203
12.7883	24.562
12.789	24.6036
12.8129	24.6453
12.8144	24.687
12.8158	24.7286
12.8172	24.7703
12.8187	24.812
12.8201	24.8536
12.822	24.8953
12.8222	24.937
12.8228	24.9786
12.8253	25.0203
12.8265	25.0603
12.8277	25.1003
12.8433	25.1403
12.8439	25.1803
12.8454	25.2203
12.8475	25.2603
12.8483	25.3003
12.8496	25.3403
12.8504	25.3803
12.8523	25.4203
12.8537	25.4603
12.8581	25.5003
12.8589	25.5403
12.8597	25.5803
12.8672	25.6203
12.8691	25.6603
12.8708	25.7003
12.8715	25.7403
12.8735	25.7803
12.8758	25.8203
12.8764	25.8603
12.8814	25.9003
12.882	25.9403
12.8884	25.9803
12.8982	26.0203
12.8997	26.0588
12.9017	26.0972
12.9032	26.1357
12.9052	26.1742
12.9082	26.2126
12.909	26.2511
12.9097	26.2895
12.9104	26.328
12.9132	26.3665
12.9295	26.4049
12.9309	26.4434
12.9317	26.4818
12.9337	26.5203
12.9351	26.5588
12.9372	26.5972
12.9379	26.6357
12.9393	26.6742
12.94	26.7126
12.9406	26.7511
12.9428	26.7895
12.9434	26.828
12.9447	26.8665
12.9448	26.9049
12.9528	26.9434
12.971	26.9818
12.9723	27.0203
12.974	27.0573
12.9746	27.0944
12.978	27.1314
12.9787	27.1685
12.9793	27.2055
12.9814	27.2425
12.9844	27.2796
12.9851	27.3166
12.9856	27.3536
12.9949	27.3907
12.9956	27.4277
12.9963	27.4647
12.9984	27.5018
13.0012	27.5388
13.0081	27.5759
13.0089	27.6129
13.0111	27.6499
13.0117	27.687
13.012	27.724
13.0133	27.761
13.0138	27.7981
13.0152	27.8351
13.0158	27.8722
13.0167	27.9092
13.0181	27.9462
13.0224	27.9833
13.0238	28.0203
13.0259	28.056
13.0278	28.0917
13.0292	28.1274
13.032	28.1632
13.0365	28.1989
13.0371	28.2346
13.0378	28.2703
13.0386	28.306
13.0386	28.3417
13.0393	28.3774
13.0435	28.4132
13.0442	28.4489
13.0449	28.4846
13.0605	28.5203
13.0617	28.556
13.0627	28.5917
13.0629	28.6274
13.0638	28.6632
13.0646	28.6989
13.0653	28.7346
13.0668	28.7703
13.0673	28.806
13.0695	28.8417
13.071	28.8774
13.0716	28.9132
13.0737	28.9489
13.0745	28.9846
13.0751	29.0203
13.0793	29.0548
13.0879	29.0893
13.0885	29.1238
13.09	29.1582
13.0921	29.1927
13.0928	29.2272
13.0957	29.2617
13.0976	29.2962
13.0991	29.3307
13.1004	29.3651
13.1054	29.3996
13.1062	29.4341
13.1083	29.4686
13.1211	29.5031
13.1231	29.5375
13.1254	29.572
13.1265	29.6065
13.1271	29.641
13.1297	29.6755
13.1322	29.71
13.1329	29.7444
13.1336	29.7789
13.1357	29.8134
13.1364	29.8479
13.1378	29.8824
13.1385	29.9169
13.1392	29.9513
13.1399	29.9858
13.1406	30.0203
13.1414	30.0536
13.1421	30.087
13.1435	30.1203
13.1468	30.1536
13.154	30.187
13.1567	30.2203
13.1575	30.2536
13.1596	30.287
13.161	30.3203
13.1617	30.3536
13.1624	30.387
13.1631	30.4203
13.1655	30.4536
13.1757	30.487
13.1766	30.5203
13.1779	30.5536
13.1922	30.587
13.1936	30.6203
13.1955	30.6536
13.1964	30.687
13.1985	30.7203
13.1992	30.7536
13.2006	30.787
13.2032	30.8203
13.2039	30.8536
13.2053	30.887
13.206	30.9203
13.2069	30.9536
13.2081	30.987
13.2088	31.0203
13.2098	31.0526
13.2111	31.0848
13.2126	31.1171
13.2133	31.1493
13.2139	31.1816
13.2174	31.2139
13.2185	31.2461
13.2218	31.2784
13.224	31.3106
13.2245	31.3429
13.2297	31.3751
13.2304	31.4074
13.2325	31.4397
13.233	31.4719
13.2352	31.5042
13.2388	31.5364
13.2515	31.5687
13.2521	31.601
13.2529	31.6332
13.2561	31.6655
13.2574	31.6977
13.2583	31.73
13.2691	31.7622
13.2716	31.7945
13.2735	31.8268
13.2743	31.859
13.2756	31.8913
13.277	31.9235
13.2792	31.9558
13.2798	31.988
13.2805	32.0203
13.2812	32.0516
13.2819	32.0828
13.2826	32.1141
13.284	32.1453
13.284	32.1766
13.2854	32.2078
13.2868	32.2391
13.2875	32.2703
13.2917	32.3016
13.2926	32.3328
13.2932	32.3641
13.2939	32.3953
13.2962	32.4266
13.2982	32.4578
13.3052	32.4891
13.3067	32.5203
13.3079	32.5516
13.3181	32.5828
13.3204	32.6141
13.3227	32.6453
13.3236	32.6766
13.3242	32.7078
13.3354	32.7391
13.3405	32.7703
13.3418	32.8016
13.344	32.8328
13.3447	32.8641
13.3466	32.8953
13.348	32.9266
13.3494	32.9578
13.3511	32.9891
13.352	33.0203
13.3524	33.0506
13.3538	33.0809
13.3555	33.1112
13.3578	33.1415
13.3597	33.1718
13.3605	33.2021
13.3618	33.2324
13.3638	33.2627
13.3644	33.293
13.3681	33.3233
13.3687	33.3536
13.3694	33.3839
13.3702	33.4142
13.3731	33.4445
13.3744	33.4749
13.375	33.5052
13.3781	33.5355
13.3904	33.5658
13.392	33.5961
13.3955	33.6264
13.396	33.6567
13.3976	33.687
13.3982	33.7173
13.4069	33.7476
13.4089	33.7779
13.4105	33.8082
13.4131	33.8385
13.4145	33.8688
13.4153	33.8991
13.416	33.9294
13.4166	33.9597
13.4203	33.99
13.423	34.0203
13.4256	34.0497
13.4278	34.0791
13.4292	34.1085
13.4306	34.138
13.4313	34.1674
13.4334	34.1968
13.4348	34.2262
13.4355	34.2556
13.4377	34.285
13.439	34.3144
13.4396	34.3438
13.4404	34.3732
13.4454	34.4027
13.446	34.4321
13.4467	34.4615
13.4474	34.4909
13.4481	34.5203
13.456	34.5497
13.4566	34.5791
13.4588	34.6085
13.4595	34.638
13.4609	34.6674
13.463	34.6968
13.4729	34.7262
13.4748	34.7556
13.4761	34.785
13.4778	34.8144
13.4783	34.8438
13.4794	34.8732
13.48	34.9027
13.4807	34.9321
13.4843	34.9615
13.4862	34.9909
13.4905	35.0203
13.4918	35.0489
13.4933	35.0774
13.4989	35.106
13.4996	35.1346
13.5002	35.1632
13.5009	35.1917
13.5017	35.2203
13.5023	35.2489
13.5059	35.2774
13.5073	35.306
13.5102	35.3346
13.5115	35.3632
13.5143	35.3917
13.515	35.4203
13.5178	35.4489
13.5192	35.4774
13.5192	35.506
13.5271	35.5346
13.5285	35.5632
13.5299	35.5917
13.5313	35.6203
13.5326	35.6489
13.5385	35.6774
13.5405	35.706
13.542	35.7346
13.5426	35.7632
13.5454	35.7917
13.5494	35.8203
13.5496	35.8489
13.5502	17.9244
13.5509	17.9833
13.5517	18.0421
13.5523	18.0976
13.553	18.1532
13.5537	18.2088
13.5559	18.2643
13.5572	18.3199
13.5594	18.3754
13.56	18.431
13.5622	18.4865
13.5629	18.5421
13.5643	18.5976
13.5657	18.6532
13.5664	18.7088
13.5678	18.7643
13.5699	18.8199
13.5707	18.8754
13.5731	18.931
13.5738	18.9865
13.5793	19.0421
13.5813	19.0947
13.5821	19.1473
13.5842	19.2
13.592	19.2526
13.5926	19.3052
13.5946	19.3579
13.5953	19.4105
13.5976	19.4631
13.5989	19.5158
13.5996	19.5684
13.6025	19.621
13.6084	19.6737
13.6091	19.7263
13.6115	19.7789
13.6124	19.8316
13.6237	19.8842
13.6251	19.9368
13.6264	19.9895
13.6278	20.0421
13.6286	20.0921
13.6293	20.1421
13.6327	20.1921
13.6391	20.2421
13.6397	20.2921
13.6407	10.146
13.6421	10.246
13.6511	10.346
13.6525	10.446
13.654	10.546
13.6556	10.646
13.6582	10.746
13.6602	10.846
13.6616	10.946
13.6626	11.046
13.672	11.137
13.6736	11.2279
13.675	11.3188
13.6771	11.4097
13.6778	11.5006
13.6791	11.5915
13.6814	11.6824
13.682	11.7733
13.6856	11.8642
13.6862	11.9551
13.7044	12.046
13.7052	12.1294
13.7066	12.2127
13.7082	12.296
13.7188	12.3794
13.7201	12.4627
13.7216	12.546
13.7231	12.6294
13.7238	12.7127
13.7258	12.796
13.7294	12.8794
13.7315	12.9627
13.7321	13.046
13.7337	13.123
13.735	13.1999
13.7371	13.2768
13.7428	13.3537
13.7441	13.4307
13.7553	13.5076
13.7567	13.5845
13.758	13.6614
13.7603	13.7384
13.7609	13.8153
13.7631	13.8922
13.7636	13.9691
13.7649	14.046
13.7679	14.1175
13.7686	14.1889
13.7693	14.2603
13.7743	14.3318
13.7749	14.4032
13.7869	14.4746
13.7901	14.546
13.7907	14.6175
13.7915	14.6889
13.7921	14.7603
13.7936	14.8318
13.7943	14.9032
13.795	14.9746
13.798	15.046
13.7995	15.1127
13.8008	15.1794
13.8037	15.246
13.8051	15.3127
13.8072	15.3794
13.8221	15.446
13.8234	15.5127
13.8248	15.5794
13.8257	15.646
13.8276	15.7127
13.8285	15.7794
13.8291	15.846
13.8327	15.9127
13.8334	15.9794
13.8342	16.046
13.8348	16.1085
13.8356	16.171
13.8368	16.2335
13.8407	16.296
13.8437	16.3585
13.8502	16.421
13.8511	16.4835
13.8632	16.546
13.8647	16.6085
13.8661	16.671
13.8675	16.7335
13.869	16.796
13.8709	16.8585
13.871	16.921
13.8717	16.9835
13.8745	17.046
13.8752	17.1049
13.8758	17.1637
13.8779	17.2225
13.8808	17.2813
13.8814	17.3402
13.883	17.399
13.8914	17.4578
13.8927	17.5166
13.8941	17.5755
13.8963	17.6343
13.9073	17.6931
13.908	17.7519
13.9087	17.8107
13.9114	17.8696
13.9123	17.9284
13.9129	17.9872
13.915	18.046
13.9157	18.1016
13.918	18.1572
13.9186	18.2127
13.9221	18.2683
13.9236	18.3238
13.9249	18.3794
13.9263	18.4349
13.927	18.4905
13.9292	18.546
13.9299	18.6016
13.9475	18.6572
13.9495	18.7127
13.9504	18.7683
13.952	18.8238
13.9524	18.8794
13.9544	18.9349
13.9565	18.9905
13.9571	19.046
13.9599	19.0987
13.9627	19.1513
13.9633	19.2039
13.9642	19.2566
13.9663	19.3092
13.9678	19.3618
13.9699	19.4145
13.9711	19.4671
13.9728	19.5197
13.9748	19.5724
13.9888	19.625
13.9903	19.6776
13.9916	19.7303
13.993	19.7829
13.9953	19.8355
13.9967	19.8881
13.9972	19.9408
13.998	19.9934
14.0036	20.046
14.0044	20.096
14.0077	20.146
14.0092	20.196
14.0106	20.246
14.0106	20.296
14.0116	20.346
14.0122	20.396
14.0157	20.446
14.0176	20.496
14.0193	20.546
14.0299	20.596
14.0348	20.646
14.0354	20.696
14.0361	20.746
14.0375	20.796
14.0382	20.846
14.0397	20.896
14.0405	20.946
14.0425	20.996
14.0467	21.046
14.0487	21.0937
14.0507	21.1413
14.0521	21.1889
14.0539	21.2365
14.0545	21.2841
14.0559	21.3318
14.0567	21.3794
14.0587	21.427
14.0656	21.4746
14.0671	21.5222
14.0685	21.5699
14.0729	21.6175
14.0744	21.6651
14.0763	21.7127
14.0771	21.7603
14.0786	21.8079
14.08	21.8556
14.0806	21.9032
14.082	21.9508
14.0826	21.9984
14.0856	22.046
14.0862	22.0915
14.0933	22.137
14.0955	22.1824
14.0962	22.2279
14.0969	22.2733
14.0975	22.3188
14.0982	22.3642
14.099	22.4097
14.1053	22.4551
14.1076	22.5006
14.1096	22.546
