time	cwndsize
0.262585	11
0.262749	12
0.263478	13
0.263955	14
0.265284	15
0.267329	16
0.270698	17
0.272166	18
0.27646	19
0.279613	20
0.282717	21
0.285867	22
0.289256	23
0.29056	24
0.292817	25
0.294244	26
0.296452	27
0.296644	28
0.296865	29
0.298106	30
0.298349	31
0.302073	32
0.307871	33
0.309113	34
0.309271	35
0.314506	36
0.317145	37
0.331014	38
0.331076	39
0.331173	40
0.336563	41
0.336638	42
0.336796	43
0.336967	44
0.341947	45
0.34254	46
0.345649	47
0.355236	48
0.358701	49
0.359399	50
0.364146	51
0.365633	52
0.370041	53
0.37298	54
0.389054	55
0.39146	56
0.420947	57
0.423433	58
0.425019	59
0.425455	60
0.429427	61
0.429462	62
0.44178	63
0.441859	64
0.456179	65
0.458552	66
0.459218	67
0.475366	68
0.475609	69
0.475754	70
0.476089	71
0.479768	72
0.492974	73
0.496273	74
0.523522	75
0.523688	76
0.52889	77
0.550755	78
0.550852	79
0.551154	80
0.551208	81
0.555702	82
0.556078	83
0.556488	84
0.556619	85
0.561829	86
0.561875	87
0.561926	88
0.562076	89
0.567101	90
0.567231	91
0.578542	92
0.578608	93
0.583727	94
0.601313	95
0.611452	96
0.6116	97
0.611837	98
0.611986	99
0.612198	100
0.612413	101
0.612595	102
0.616227	103
0.616273	104
0.682344	105
0.682475	106
0.682589	107
0.688009	108
0.698639	109
0.714813	110
0.720545	111
0.720586	112
0.720657	113
0.720897	114
0.731204	115
0.731238	116
0.731315	58
0.731555	58.0172
0.731644	58.0345
0.731696	58.0517
0.775307	58.069
0.77541	58.0862
0.775439	58.1034
0.780386	58.1207
0.780458	58.1379
0.78056	58.1552
0.780643	58.1724
0.780668	58.1897
0.780748	58.2069
0.78081	58.2241
0.785796	58.2414
0.785848	58.2586
0.785925	58.2759
0.785979	58.2931
0.791759	58.3103
0.791806	58.3276
0.791922	58.3448
0.791961	58.3621
0.796698	58.3793
0.808175	58.3966
0.808357	58.4138
0.808468	58.431
0.808795	58.4483
0.808913	58.4655
0.813096	58.4828
0.813139	58.5
0.830089	58.5172
0.83516	58.5345
0.835319	58.5517
0.835417	58.569
0.835539	58.5862
0.835678	58.6034
0.835944	58.6207
0.840448	58.6379
0.840492	58.6552
0.840568	58.6724
0.840621	58.6897
0.840684	58.7069
0.840749	58.7241
0.840805	58.7414
0.840854	58.7586
0.845908	58.7759
0.862831	58.7931
0.867748	58.8103
0.86781	58.8276
0.867872	58.8448
0.867925	58.8621
0.868007	58.8793
0.868036	58.8966
0.868109	58.9138
0.868179	58.931
0.873187	58.9483
0.873253	58.9655
0.873472	58.9828
0.873589	59
0.873899	59.0172
0.878658	59.0342
0.878726	59.0511
0.878951	59.0681
0.879167	59.085
0.879285	59.102
0.879372	59.1189
0.884095	59.1359
0.884146	59.1528
0.884216	59.1698
0.884317	59.1867
0.884373	59.2037
0.88442	59.2206
0.8845	59.2376
0.884577	59.2545
0.889553	59.2715
0.889604	59.2884
0.889695	59.3054
0.895764	59.3223
0.900446	59.3393
0.900476	59.3562
0.900528	59.3732
0.900674	59.3901
0.900771	59.4071
0.900868	59.424
0.900988	59.441
0.901073	59.4579
0.905909	59.4749
0.905966	59.4918
0.906048	59.5088
0.906164	59.5257
0.906266	59.5427
0.90635	59.5596
0.906422	59.5766
0.906544	59.5935
0.911589	59.6105
0.911736	59.6274
0.911947	59.6444
0.912075	59.6613
0.912312	59.6783
0.912402	59.6952
0.912524	59.7122
0.916818	59.7291
0.916848	59.7461
0.916932	59.763
0.917185	59.78
0.917269	59.7969
0.917339	59.8139
0.922924	59.8308
0.927949	59.8477
0.982865	59.8647
0.987882	59.8816
0.988012	59.8986
0.988114	59.9155
0.98818	59.9325
0.988304	59.9494
0.993502	29.9747
0.994533	30.0092
0.998879	30.0425
0.998929	30.0759
0.999014	30.1092
0.999054	30.1425
0.999129	30.1759
0.99923	30.2092
0.999315	30.2425
1.0045	30.2759
1.00452	30.3092
1.00453	30.3425
1.00454	30.3759
1.00457	30.4092
1.00465	30.4425
1.00479	30.4759
1.03732	30.5092
1.04304	30.5425
1.04312	30.5759
1.04318	30.6092
1.04329	30.6425
1.04824	30.6759
1.04828	30.7092
1.04836	30.7425
1.04843	30.7759
1.0485	30.8092
1.04856	30.8425
1.04864	30.8759
1.0487	30.9092
1.05378	30.9425
1.05381	30.9759
1.05398	31.0092
1.05412	31.0415
1.05429	31.0737
1.05439	31.106
1.05448	31.1382
1.05459	31.1705
1.05919	31.2028
1.05923	31.235
1.05931	31.2673
1.05945	31.2995
1.05955	31.3318
1.05972	31.364
1.05982	31.3963
1.06464	31.4286
1.06469	31.4608
1.06477	31.4931
1.06486	31.5253
1.06495	31.5576
1.0759	31.5899
1.07592	31.6221
1.08112	31.6544
1.08125	31.6866
1.08135	31.7189
1.08146	31.7511
1.11994	31.7834
1.16352	31.8157
1.16357	31.8479
1.16364	31.8802
1.16376	31.9124
1.16385	31.9447
1.16394	31.9769
1.16405	32.0092
1.16417	32.0405
1.16896	32.0717
1.17462	32.103
1.17475	32.1342
1.17488	32.1655
1.17495	32.1967
1.17507	32.228
1.17513	32.2592
1.1752	32.2905
1.17992	32.3217
1.17999	32.353
1.19099	32.3842
1.1911	32.4155
1.19128	32.4467
1.19769	32.478
1.1978	32.5092
1.19863	32.5405
1.20186	32.5717
1.20189	32.603
1.20196	32.6342
1.20789	32.6655
1.20842	32.6967
1.20855	32.728
1.2128	32.7592
1.22433	32.7905
1.22442	32.8217
1.22938	32.853
1.22941	32.8842
1.22958	32.9155
1.2296	32.9467
1.22967	32.978
1.22978	33.0092
1.23517	33.0395
1.23525	33.0698
1.2353	33.1001
1.23541	33.1304
1.24011	33.1607
1.24016	33.191
1.24023	33.2213
1.24074	33.2516
1.24592	33.2819
1.24606	33.3122
1.24635	33.3425
1.24704	33.3728
1.25783	33.4031
1.26215	33.4334
1.27901	33.4638
1.27908	33.4941
1.27921	33.5244
1.27934	33.5547
1.27944	33.585
1.288	33.6153
1.28813	33.6456
1.28822	33.6759
1.28832	33.7062
1.28851	33.7365
1.29381	33.7668
1.29391	33.7971
1.29409	33.8274
1.29422	33.8577
1.29427	33.888
1.29435	33.9183
1.29444	33.9486
1.29911	33.9789
1.31054	34.0092
1.31607	34.0386
1.31636	34.068
1.31655	34.0974
1.3273	34.1269
1.32746	34.1563
1.32766	34.1857
1.32776	34.2151
1.33218	34.2445
1.33244	34.2739
1.33255	34.3033
1.33266	34.3327
1.33272	34.3621
1.33769	34.3916
1.34319	34.421
1.35406	34.4504
1.3543	34.4798
1.35445	34.5092
1.35471	34.5386
1.35474	34.568
1.35476	34.5974
1.35934	34.6269
1.35939	34.6563
1.35947	34.6857
1.35959	34.7151
1.3658	34.7445
1.36611	34.7739
1.37031	34.8033
1.37034	34.8327
1.37042	34.8621
1.3709	34.8916
1.37607	34.921
1.37637	34.9504
1.37681	34.9798
1.37694	35.0092
1.38168	35.0378
1.38175	35.0663
1.38674	35.0949
1.40366	35.1235
1.40381	35.1521
1.40398	35.1806
1.40412	35.2092
1.40905	17.6046
1.4091	17.6634
1.41438	17.7222
1.41449	17.7811
1.41459	17.8399
1.41474	17.8987
1.41486	17.9575
1.41497	18.0164
1.41511	18.0719
1.41989	18.1275
1.41991	18.183
1.42006	18.2386
1.4201	18.2941
1.42018	18.3497
1.42023	18.4053
1.42029	18.4608
1.42034	18.5164
1.45318	18.5719
1.45326	18.6275
1.45332	18.683
1.45344	18.7386
1.45797	18.7941
1.45803	18.8497
1.4581	18.9053
1.45833	18.9608
1.45841	19.0164
1.45848	19.069
1.4586	19.1216
1.46406	19.1743
1.4689	19.2269
1.46895	19.2795
1.46903	19.3322
1.46913	19.3848
1.46921	19.4374
1.46926	19.4901
1.50248	19.5427
1.50724	19.5953
1.50728	19.6479
1.50735	19.7006
1.50748	19.7532
1.50758	19.8058
1.50759	19.8585
1.50766	19.9111
1.50774	19.9637
1.51302	20.0164
1.51316	20.0664
1.51329	20.1164
1.51352	20.1664
1.51838	20.2164
1.51849	20.2664
1.52401	20.3164
1.52984	20.3664
1.52997	20.4164
1.53014	20.4664
1.55133	20.5164
1.55143	20.5664
1.55151	20.6164
1.55164	20.6664
1.55172	20.7164
1.55178	20.7664
1.55189	20.8164
1.55193	20.8664
1.557	20.9164
1.55731	20.9664
1.55749	21.0164
1.55759	21.064
1.55765	21.1116
1.56211	21.1592
1.5625	21.2068
1.56256	21.2545
1.56781	21.3021
1.57407	21.3497
1.57417	21.3973
1.57854	21.4449
1.58787	21.4926
1.58794	21.5402
1.58802	21.5878
1.58812	21.6354
1.58823	21.683
1.58831	21.7307
1.58842	21.7783
1.59332	21.8259
1.59338	21.8735
1.5934	21.9211
1.59347	21.9687
1.59964	22.0164
1.59978	22.0618
1.6	22.1073
1.60015	22.1527
1.61512	22.1982
1.6154	22.2436
1.61623	22.2891
1.62655	22.3345
1.63142	22.38
1.63146	22.4255
1.63169	22.4709
1.6372	22.5164
1.64028	22.5618
1.64489	22.6073
1.64492	22.6527
1.64515	22.6982
1.65717	22.7436
1.65726	22.7891
1.65735	22.8345
1.66227	22.88
1.66232	22.9255
1.66265	22.9709
1.66608	23.0164
1.66616	23.0598
1.66621	23.1033
1.66636	23.1468
1.6665	23.1903
1.66668	23.2338
1.6716	23.2772
1.67168	23.3207
1.67686	23.3642
1.67813	23.4077
1.67819	23.4511
1.67846	23.4946
1.684	23.5381
1.69019	23.5816
1.69042	23.6251
1.6946	23.6685
1.69466	23.712
1.69672	23.7555
1.69683	23.799
1.69703	23.8425
1.69714	23.8859
1.69987	23.9294
1.70037	23.9729
1.70049	24.0164
1.7086	24.058
1.7087	24.0997
1.71472	24.1414
1.71613	24.183
1.71719	24.2247
1.71732	24.2664
1.71824	24.308
1.71973	24.3497
1.71979	24.3914
1.72203	24.433
1.72383	24.4747
1.72388	24.5164
1.7437	24.558
1.74414	24.5997
1.74442	24.6414
1.74573	24.683
1.74649	24.7247
1.7472	24.7664
1.74725	24.808
1.74875	24.8497
1.74926	24.8914
1.74999	24.933
1.75071	24.9747
1.75133	25.0164
1.75208	25.0564
1.75425	25.0964
1.75565	25.1364
1.76997	25.1764
1.78181	25.2164
1.78451	25.2564
1.78454	25.2964
1.78584	25.3364
1.78587	25.3764
1.78594	25.4164
1.78804	25.4564
1.78865	25.4964
1.78939	25.5364
1.79923	25.5764
1.80092	25.6164
1.80176	25.6564
1.80239	25.6964
1.80386	25.7364
1.80446	25.7764
1.8053	25.8164
1.80592	25.8564
1.80798	25.8964
1.81091	25.9364
1.81152	25.9764
1.81158	26.0164
1.81285	26.0548
1.81292	26.0933
1.81991	26.1318
1.82359	26.1702
1.83147	26.2087
1.83447	26.2471
1.83461	26.2856
1.83681	26.3241
1.83742	26.3625
1.83971	26.401
1.84099	26.4394
1.84392	26.4779
1.84398	26.5164
1.84625	26.5548
1.85724	26.5933
1.86291	26.6318
1.86637	26.6702
1.86706	26.7087
1.86781	26.7471
1.86854	26.7856
1.86912	26.8241
1.87342	26.8625
1.87413	26.901
1.87481	26.9394
1.87545	26.9779
1.8762	27.0164
1.87692	27.0534
1.87826	27.0904
1.87968	27.1275
1.89065	27.1645
1.8913	27.2016
1.8952	27.2386
1.89838	27.2756
1.9076	27.3127
1.91321	27.3497
1.91649	27.3867
1.9166	27.4238
1.91668	27.4608
1.91868	27.4978
1.91941	27.5349
1.91947	27.5719
1.91954	27.609
1.92147	27.646
1.92155	27.683
1.92357	27.7201
1.92374	27.7571
1.92478	27.7941
1.92494	27.8312
1.92512	27.8682
1.93081	27.9053
1.93768	27.9423
1.93774	27.9793
1.93913	28.0164
1.9392	28.0521
1.93926	28.0878
1.94568	28.1235
1.95006	28.1592
1.95196	28.1949
1.95209	28.2307
1.96875	28.2664
1.97215	28.3021
1.97645	28.3378
1.97989	28.3735
1.98135	28.4092
1.98143	28.4449
1.98146	28.4807
1.98177	28.5164
1.98194	28.5521
1.98703	28.5878
1.98719	28.6235
1.98739	28.6592
1.98753	28.6949
1.98772	28.7307
1.98975	28.7664
1.98981	28.8021
1.98988	28.8378
1.99	28.8735
1.9901	28.9092
1.99358	28.9449
1.99365	28.9807
1.99378	29.0164
1.99392	29.0509
1.99409	29.0853
2.01082	29.1198
2.01307	29.1543
2.01312	29.1888
2.01333	29.2233
2.02752	29.2577
2.03151	29.2922
2.03207	29.3267
2.03219	29.3612
2.03231	29.3957
2.03247	29.4302
2.03257	29.4646
2.03558	29.4991
2.03632	29.5336
2.04018	29.5681
2.05044	29.6026
2.05243	29.6371
2.05249	29.6715
2.05467	29.706
2.05597	29.7405
2.05668	29.775
2.05875	29.8095
2.05952	29.844
2.06792	29.8784
2.06802	29.9129
2.06809	29.9474
2.06821	29.9819
2.07353	30.0164
2.07418	30.0497
2.07438	30.083
2.07785	30.1164
2.07946	30.1497
2.07994	30.183
2.08	30.2164
2.08843	30.2497
2.09226	30.283
2.1004	30.3164
2.10046	30.3497
2.10284	30.383
2.106	30.4164
2.10741	30.4497
2.10815	30.483
2.10821	30.5164
2.11133	30.5497
2.11236	30.583
2.11313	30.6164
2.1138	30.6497
2.11387	30.683
2.12016	30.7164
2.12097	30.7497
2.12116	30.783
2.12296	30.8164
2.12369	30.8497
2.12426	30.883
2.12523	30.9164
2.1253	30.9497
2.12546	30.983
2.12786	31.0164
2.12994	31.0486
2.1405	31.0809
2.14094	31.1131
2.14554	31.1454
2.14878	31.1777
2.15247	31.2099
2.1525	31.2422
2.15272	31.2744
2.1628	31.3067
2.16442	31.3389
2.16828	31.3712
2.16852	31.4035
2.17287	31.4357
2.17971	31.468
2.18265	31.5002
2.18271	31.5325
2.18276	31.5648
2.18283	31.597
2.18293	31.6293
2.1831	31.6615
2.18811	31.6938
2.18815	31.726
2.18823	31.7583
2.18837	31.7906
2.18846	31.8228
2.18852	31.8551
2.18861	31.8873
2.19334	31.9196
2.1938	31.9519
2.20462	31.9841
2.20468	32.0164
2.20981	32.0476
2.20993	32.0789
2.21013	32.1101
2.21024	32.1414
2.21511	32.1726
2.21525	32.2039
2.21533	32.2351
2.2154	32.2664
2.22024	32.2976
2.22145	32.3289
2.24568	32.3601
2.25009	32.3914
2.25307	32.4226
2.2531	32.4539
2.25443	32.4851
2.25449	32.5164
2.25457	32.5476
2.25466	32.5789
2.25475	32.6101
2.25971	32.6414
2.27005	32.6726
2.27019	32.7039
2.27028	32.7351
2.27031	32.7664
2.28127	32.7976
2.28139	32.8289
2.28156	32.8601
2.28654	32.8914
2.28666	32.9226
2.2919	32.9539
2.29202	32.9851
2.29262	33.0164
2.29745	33.0467
2.29764	33.077
2.30314	33.1073
2.30328	33.1376
2.30358	33.1679
2.30375	33.1982
2.3039	33.2285
2.30401	33.2588
2.30419	33.2891
2.30901	33.3194
2.32517	33.3497
2.33369	33.38
2.33717	33.4103
2.33724	33.4406
2.33734	33.4709
2.33746	33.5012
2.33755	33.5315
2.33762	33.5618
2.34701	33.5921
2.34705	33.6224
2.35215	33.6527
2.35218	33.683
2.35226	33.7133
2.35803	33.7436
2.35818	33.7739
2.35839	33.8042
2.35854	33.8345
2.35884	33.8649
2.35897	33.8952
2.36322	33.9255
2.36883	33.9558
2.36895	33.9861
2.3693	34.0164
2.36943	34.0458
2.36962	34.0752
2.37425	34.1046
2.37437	34.134
2.37446	34.1634
2.38529	34.1928
2.38537	34.2222
2.38544	34.2517
2.38559	34.2811
2.38567	34.3105
2.40228	34.3399
2.40236	34.3693
2.40692	34.3987
2.40695	34.4281
2.407	34.4575
2.40707	34.487
2.40745	34.5164
2.41308	34.5458
2.41349	34.5752
2.41372	34.6046
2.41789	34.634
2.41792	34.6634
2.42901	34.6928
2.42916	34.7222
2.4345	34.7517
2.43481	34.7811
2.43488	34.8105
2.44022	34.8399
2.4404	34.8693
2.44058	34.8987
2.44107	34.9281
2.44557	34.9575
2.446	34.987
2.44607	35.0164
2.44616	35.0449
2.45113	35.0735
2.45123	35.1021
2.45137	35.1307
2.45631	35.1592
2.46247	17.5796
2.46266	17.6384
2.46277	17.6973
2.46291	17.7561
2.46301	17.8149
2.46721	17.8737
2.46728	17.9326
2.46737	17.9914
2.46746	18.0502
2.46753	18.1058
2.46758	18.1613
2.46766	18.2169
2.48507	18.2724
2.48921	18.328
2.50049	18.3835
2.50056	18.4391
2.50587	18.4946
2.50606	18.5502
2.5061	18.6058
2.50613	18.6613
2.50616	18.7169
2.50618	18.7724
2.50637	18.828
2.51175	18.8835
2.51185	18.9391
2.51201	18.9946
2.51214	19.0502
2.5123	19.1028
2.51241	19.1555
2.51676	19.2081
2.5168	19.2607
2.51687	19.3134
2.51708	19.366
2.51717	19.4186
2.51725	19.4713
2.52507	19.5239
2.52656	19.5765
2.52772	19.6291
2.54534	19.6818
2.54612	19.7344
2.54643	19.787
2.55161	19.8397
2.55167	19.8923
2.55319	19.9449
2.55325	19.9976
2.55333	20.0502
2.55347	20.1002
2.5536	20.1502
2.55672	20.2002
2.55679	20.2502
2.55806	20.3002
2.55812	20.3502
2.55819	20.4002
2.5583	20.4502
2.5584	20.5002
2.56456	20.5502
2.56469	20.6002
2.56909	20.6502
2.57995	20.7002
2.58001	20.7502
2.58029	20.8002
2.58046	20.8502
2.58055	20.9002
2.59162	20.9502
2.59314	21.0002
2.59322	21.0478
2.59705	21.0954
2.59899	21.1431
2.60034	21.1907
2.6004	21.2383
2.60047	21.2859
2.6006	21.3335
2.60071	21.3812
2.60429	21.4288
2.60526	21.4764
2.60531	21.524
2.60935	21.5716
2.60952	21.6192
2.61134	21.6669
2.6127	21.7145
2.61708	21.7621
2.63014	21.8097
2.63039	21.8573
2.64652	21.905
2.64864	21.9526
2.65142	22.0002
2.65148	22.0457
2.65288	22.0911
2.65367	22.1366
2.65493	22.182
2.65992	22.2275
2.66128	22.2729
2.66269	22.3184
2.66272	22.3638
2.66416	22.4093
2.66423	22.4547
2.66435	22.5002
2.67326	22.5457
2.67386	22.5911
2.67392	22.6366
2.67467	22.682
2.68027	22.7275
2.68033	22.7729
2.68099	22.8184
2.68105	22.8638
2.68313	22.9093
2.68318	22.9547
2.68326	23.0002
2.68347	23.0437
2.68587	23.0872
2.70541	23.1306
2.70988	23.1741
2.70995	23.2176
2.71005	23.2611
2.71026	23.3045
2.71406	23.348
2.71411	23.3915
2.71419	23.435
2.71668	23.4785
2.72747	23.5219
2.72759	23.5654
2.7302	23.6089
2.73038	23.6524
2.73055	23.6959
2.73068	23.7393
2.73237	23.7828
2.73308	23.8263
2.73383	23.8698
2.73389	23.9132
2.73407	23.9567
2.73425	24.0002
2.73935	24.0419
2.74299	24.0835
2.75718	24.1252
2.75847	24.1669
2.75855	24.2085
2.75991	24.2502
2.75993	24.2919
2.76142	24.3335
2.76195	24.3752
2.76565	24.4169
2.76624	24.4585
2.79294	24.5002
2.79564	24.5419
2.79571	24.5835
2.797	24.6252
2.79707	24.6669
2.79844	24.7085
2.79918	24.7502
2.79924	24.7919
2.79931	24.8335
2.80221	24.8752
2.80276	24.9169
2.81384	24.9585
2.81447	25.0002
2.81727	25.0402
2.818	25.0802
2.81806	25.1202
2.82152	25.1602
2.82156	25.2002
2.82286	25.2402
2.824	25.2802
2.82712	25.3202
2.84018	25.3602
2.84031	25.4002
2.84941	25.4402
2.85015	25.4802
2.85088	25.5202
2.85575	25.5602
2.8567	25.6002
2.85723	25.6402
2.85733	25.6802
2.8635	25.7202
2.87116	25.7602
2.87228	25.8002
2.87239	25.8402
2.87481	25.8802
2.87681	25.9202
2.87754	25.9602
2.87825	26.0002
2.8783	26.0387
2.87867	26.0771
2.8839	26.1156
2.88395	26.154
2.88402	26.1925
2.88736	26.231
2.88828	26.2694
2.88895	26.3079
2.89546	26.3464
2.89848	26.3848
2.90004	26.4233
2.90064	26.4617
2.90201	26.5002
2.91074	26.5387
2.91547	26.5771
2.91752	26.6156
2.91978	26.654
2.93093	26.6925
2.93227	26.731
2.93241	26.7694
2.93451	26.8079
2.93463	26.8464
2.93813	26.8848
2.93833	26.9233
2.9394	26.9617
2.94045	27.0002
2.94167	27.0372
2.94516	27.0743
2.94938	27.1113
2.95119	27.1483
2.95517	27.1854
2.95721	27.2224
2.95725	27.2595
2.96086	27.2965
2.96101	27.3335
2.96395	27.3706
2.9671	27.4076
2.96726	27.4446
2.9727	27.4817
2.974	27.5187
2.9755	27.5558
2.97676	27.5928
2.98914	27.6298
2.99378	27.6669
2.99385	27.7039
2.99391	27.7409
2.99415	27.778
2.99747	27.815
2.99957	27.8521
3.00053	27.8891
3.00128	27.9261
3.00198	27.9632
3.00262	28.0002
3.00353	28.0359
3.01025	28.0716
3.01129	28.1073
3.01198	28.1431
3.01266	28.1788
3.02056	28.2145
3.02328	28.2502
3.02627	28.2859
3.02643	28.3216
3.02965	28.3573
3.03099	28.3931
3.03805	28.4288
3.03907	28.4645
3.04804	28.5002
3.05069	28.5359
3.05281	28.5716
3.05284	28.6073
3.06335	28.6431
3.06338	28.6788
3.0642	28.7145
3.06432	28.7502
3.06451	28.7859
3.06939	28.8216
3.07129	28.8573
3.0761	28.8931
3.08242	28.9288
3.08395	28.9645
3.08398	29.0002
3.08403	29.0347
3.08671	29.0692
3.0881	29.1036
3.08871	29.1381
3.09012	29.1726
3.10141	29.2071
3.10287	29.2416
3.10358	29.2761
3.10366	29.3105
3.11217	29.345
3.11421	29.3795
3.11426	29.414
3.11451	29.4485
3.11626	29.483
3.12749	29.5174
3.12752	29.5519
3.12759	29.5864
3.1277	29.6209
3.13585	29.6554
3.13591	29.6899
3.13638	29.7243
3.13653	29.7588
3.14182	29.7933
3.14199	29.8278
3.14989	29.8623
3.14992	29.8968
3.15031	29.9312
3.15038	29.9657
3.15555	30.0002
3.15595	30.0335
3.15609	30.0669
3.16052	30.1002
3.16055	30.1335
3.16423	30.1669
3.16469	30.2002
3.16484	30.2335
3.16746	30.2669
3.16754	30.3002
3.18685	30.3335
3.18693	30.3669
3.19031	30.4002
3.19048	30.4335
3.19059	30.4669
3.19841	30.5002
3.20095	30.5335
3.20101	30.5669
3.20108	30.6002
3.2012	30.6335
3.20436	30.6669
3.20441	30.7002
3.2045	30.7335
3.20459	30.7669
3.20834	30.8002
3.22072	30.8335
3.22548	30.8669
3.22622	30.9002
3.22694	30.9335
3.22712	30.9669
3.22903	31.0002
3.22906	31.0325
3.22914	31.0647
3.23514	31.097
3.23821	31.1292
3.23891	31.1615
3.23963	31.1937
3.2417	31.226
3.24243	31.2583
3.24317	31.2905
3.24388	31.3228
3.24616	31.355
3.24887	31.3873
3.25458	31.4196
3.25529	31.4518
3.26313	31.4841
3.2644	31.5163
3.26815	31.5486
3.27117	31.5808
3.27442	31.6131
3.27457	31.6454
3.27796	31.6776
3.2785	31.7099
3.28004	31.7421
3.2801	31.7744
3.28372	31.8067
3.28378	31.8389
3.28389	31.8712
3.28402	31.9034
3.28764	31.9357
3.28873	31.9679
3.29205	32.0002
3.29249	32.0315
3.29856	32.0627
3.30131	32.094
3.30137	32.1252
3.30145	32.1565
3.30533	32.1877
3.30722	32.219
3.30727	32.2502
3.30916	32.2815
3.32019	32.3127
3.32719	32.344
3.32729	32.3752
3.33044	32.4065
3.33623	32.4377
3.33689	32.469
3.3379	32.5002
3.33836	32.5315
3.33896	32.5627
3.3399	32.594
3.3404	32.6252
3.34113	32.6565
3.34879	32.6877
3.34884	32.719
3.34893	32.7502
3.35096	32.7815
3.35104	32.8127
3.35745	32.844
3.36333	32.8752
3.3671	32.9065
3.36713	32.9377
3.36734	32.969
3.36754	33.0002
3.38044	33.0305
3.38645	33.0608
3.38651	33.0911
3.38654	33.1214
3.3866	33.1517
3.39203	33.182
3.39213	33.2123
3.39228	33.2426
3.39288	33.2729
3.39704	33.3032
3.40643	33.3335
3.40874	33.3638
3.40879	33.3941
3.40889	33.4244
3.40892	33.4547
3.40897	33.485
3.40899	33.5154
3.41287	33.5457
3.41511	33.576
3.41566	33.6063
3.41575	33.6366
3.42012	33.6669
3.42474	33.6972
3.42506	33.7275
3.4252	33.7578
3.42533	33.7881
3.44361	33.8184
3.44904	33.8487
3.4491	33.879
3.44918	33.9093
3.45425	33.9396
3.4543	33.9699
3.45456	34.0002
3.45468	34.0296
3.45479	34.059
3.4549	34.0884
3.45995	34.1178
3.4601	34.1473
3.46053	34.1767
3.46065	34.2061
3.46797	34.2355
3.47255	34.2649
3.47841	34.2943
3.48137	34.3237
3.48268	34.3531
3.48272	34.3826
3.4828	34.412
3.4847	34.4414
3.48483	34.4708
3.48683	34.5002
3.48689	34.5296
3.48817	34.559
3.48888	34.5884
3.4943	34.6178
3.49818	34.6473
3.49859	34.6767
3.49867	34.7061
3.51096	34.7355
3.51562	34.7649
3.51574	34.7943
3.51672	34.8237
3.51691	34.8531
3.51696	34.8826
3.52234	34.912
3.52246	34.9414
3.52256	34.9708
3.52266	35.0002
3.52671	35.0288
3.52674	35.0573
3.5268	35.0859
3.53381	35.1145
3.53389	35.1431
3.53798	35.1716
3.54387	35.2002
3.54712	35.2288
3.54717	35.2573
3.55261	35.2859
3.56289	35.3145
3.56299	35.3431
3.5631	35.3716
3.56314	35.4002
3.56318	35.4288
3.5674	35.4573
3.56745	35.4859
3.56753	35.5145
3.57081	35.5431
3.57096	35.5716
3.57118	35.6002
3.57135	35.6288
3.57141	35.6573
3.5715	35.6859
3.57535	35.7145
3.5756	35.7431
3.57571	35.7716
3.58091	35.8002
3.58099	35.8288
3.59244	35.8573
3.59257	35.8859
3.59737	35.9145
3.59741	35.9431
3.59748	35.9716
3.5976	36.0002
3.59774	36.028
3.60808	36.0558
3.60815	36.0835
3.60824	36.1113
3.60833	36.1391
3.60838	36.1669
3.61482	36.1946
3.62246	36.2224
3.62249	36.2502
3.62256	36.278
3.62811	36.3058
3.6282	36.3335
3.6283	36.3613
3.62836	36.3891
3.63347	36.4169
3.63852	36.4446
3.63855	36.4724
3.63864	36.5002
3.63875	36.528
3.63883	36.5558
3.639	36.5835
3.64397	36.6113
3.644	36.6391
3.64411	36.6669
3.64431	36.6946
3.6445	36.7224
3.64943	36.7502
3.64947	36.778
3.64958	36.8058
3.64972	36.8335
3.6498	36.8613
3.64988	36.8891
3.64998	36.9169
3.6501	36.9446
3.65533	36.9724
3.65543	37.0002
3.65624	37.0272
3.66137	37.0543
3.67704	37.0813
3.68401	37.1083
3.68416	37.1353
3.68435	37.1624
3.6938	37.1894
3.70479	37.2164
3.70494	37.2434
3.71119	37.2705
3.71134	37.2975
3.71155	37.3245
3.71524	37.3516
3.71529	37.3786
3.71536	37.4056
3.7155	37.4326
3.7156	37.4597
3.71567	37.4867
3.71574	37.5137
3.72074	37.5407
3.72078	37.5678
3.72244	37.5948
3.72256	18.7974
3.72267	18.853
3.72273	18.9085
3.72632	18.9641
3.72635	19.0196
3.72646	19.0723
3.7265	19.1249
3.72659	19.1775
3.72661	19.2301
3.72669	19.2828
3.72672	19.3354
3.73203	19.388
3.74269	19.4407
3.74301	19.4933
3.74922	19.5459
3.74956	19.5986
3.74996	19.6512
3.75396	19.7038
3.75409	19.7565
3.75415	19.8091
3.76468	19.8617
3.76482	19.9144
3.77572	19.967
3.77582	20.0196
3.77588	20.0696
3.77604	20.1196
3.78193	20.1696
3.78214	20.2196
3.78232	20.2696
3.78294	20.3196
3.78304	20.3696
3.78324	20.4196
3.79237	20.4696
3.79243	20.5196
3.79255	20.5696
3.79269	20.6196
3.7928	20.6696
3.84162	20.7196
3.84177	20.7696
3.84183	20.8196
3.842	20.8696
3.84215	20.9196
3.84249	20.9696
3.84711	21.0196
3.84725	21.0672
3.8474	21.1149
3.85248	21.1625
3.85257	21.2101
3.85269	21.2577
3.85826	21.3053
3.85843	21.353
3.85861	21.4006
3.85876	21.4482
3.85918	21.4958
3.86645	21.5434
3.8665	21.591
3.87366	21.6387
3.87412	21.6863
3.88728	21.7339
3.88796	21.7815
3.8934	21.8291
3.89777	21.8768
3.89795	21.9244
3.90085	21.972
3.90137	22.0196
3.90198	22.0651
3.90679	22.1105
3.90683	22.156
3.91287	22.2014
3.913	22.2469
3.91322	22.2923
3.91334	22.3378
3.9238	22.3833
3.92862	22.4287
3.93488	22.4742
3.94066	22.5196
3.94076	22.5651
3.94093	22.6105
3.94105	22.656
3.94563	22.7014
3.94604	22.7469
3.95116	22.7923
3.95122	22.8378
3.95615	22.8833
3.95634	22.9287
3.95643	22.9742
3.95681	23.0196
3.9676	23.0631
3.96801	23.1066
3.96818	23.1501
3.96834	23.1935
3.96846	23.237
3.9686	23.2805
3.97884	23.324
3.97899	23.3674
3.97918	23.4109
3.9835	23.4544
3.98387	23.4979
3.98394	23.5414
3.99607	23.5848
4.01143	23.6283
4.02186	23.6718
4.022	23.7153
4.0221	23.7588
4.02223	23.8022
4.02232	23.8457
4.02837	23.8892
4.02849	23.9327
4.02867	23.9761
4.02878	24.0196
4.02902	24.0613
4.02911	24.103
4.03292	24.1446
4.03328	24.1863
4.03657	24.228
4.03785	24.2696
4.0379	24.3113
4.04262	24.353
4.04275	24.3946
4.04298	24.4363
4.04302	24.478
4.05472	24.5196
4.05511	24.5613
4.06088	24.603
4.06099	24.6446
4.07121	24.6863
4.09794	24.728
4.09807	24.7696
4.0981	24.8113
4.09811	24.853
4.09816	24.8946
4.10371	24.9363
4.10385	24.978
4.10402	25.0196
4.10411	25.0596
4.10586	25.0996
4.10597	25.1396
4.10598	25.1796
4.10599	25.2196
4.1086	25.2596
4.10865	25.2996
4.1087	25.3396
4.10886	25.3796
4.1141	25.4196
4.11986	25.4596
4.11996	25.4996
4.12587	25.5396
4.12601	25.5796
4.12618	25.6196
4.13074	25.6596
4.15277	25.6996
4.15847	25.7396
4.15852	25.7796
4.15865	25.8196
4.1589	25.8596
4.15895	25.8996
4.16968	25.9396
4.16979	25.9796
4.17444	26.0196
4.17457	26.0581
4.17596	26.0965
4.17618	26.135
4.17655	26.1735
4.18158	26.2119
4.18747	26.2504
4.18762	26.2889
4.18767	26.3273
4.1877	26.3658
4.19549	26.4042
4.19571	26.4427
4.20074	26.4812
4.20077	26.5196
4.20087	26.5581
4.20096	26.5965
4.20631	26.635
4.20646	26.6735
4.20686	26.7119
4.21164	26.7504
4.21201	26.7889
4.21713	26.8273
4.2233	26.8658
4.22346	26.9042
4.22828	26.9427
4.23367	26.9812
4.24535	27.0196
4.24545	27.0567
4.2457	27.0937
4.24974	27.1307
4.24999	27.1678
4.2501	27.2048
4.25014	27.2418
4.25026	27.2789
4.25034	27.3159
4.25636	27.353
4.26142	27.39
4.26159	27.427
4.26175	27.4641
4.27748	27.5011
4.27758	27.5381
4.27761	27.5752
4.2778	27.6122
4.28333	27.6492
4.28346	27.6863
4.28366	27.7233
4.28382	27.7604
4.28398	27.7974
4.29914	27.8344
4.30458	27.8715
4.30463	27.9085
4.30472	27.9455
4.30485	27.9826
4.31119	28.0196
4.31548	28.0553
4.31562	28.091
4.32242	28.1268
4.32247	28.1625
4.32665	28.1982
4.32676	28.2339
4.32693	28.2696
4.32697	28.3053
4.32705	28.341
4.32718	28.3768
4.33226	28.4125
4.33235	28.4482
4.33242	28.4839
4.33251	28.5196
4.33819	28.5553
4.33831	28.591
4.33847	28.6268
4.33859	28.6625
4.34312	28.6982
4.34837	28.7339
4.3484	28.7696
4.34894	28.8053
4.35515	28.841
4.3594	28.8768
4.37084	28.9125
4.37663	28.9482
4.37683	28.9839
4.3814	29.0196
4.39822	29.0541
4.39834	29.0886
4.39868	29.1231
4.39892	29.1576
4.39904	29.192
4.40337	29.2265
4.40381	14.6133
4.4039	14.6847
4.40886	14.7561
4.40901	14.8275
4.40913	14.899
4.41969	14.9704
4.41972	15.0418
4.42527	15.1085
4.42539	15.1752
4.42547	15.2418
4.42563	15.3085
4.42569	15.3752
4.43128	15.4418
4.43134	15.5085
4.43153	15.5752
4.43164	15.6418
4.44284	15.7085
4.44306	15.7752
4.4472	15.8418
4.4473	15.9085
4.45289	15.9752
4.46947	16.0418
4.46995	16.1043
4.47009	16.1668
4.47468	16.2293
4.47482	16.2918
4.47491	16.3543
4.48571	16.4168
4.49738	16.4793
4.49748	16.5418
4.49766	16.6043
4.49787	16.6668
4.51837	16.7293
4.5184	16.7918
4.5185	16.8543
4.51865	16.9168
4.51875	16.9793
4.51881	17.0418
4.51892	17.1007
4.52942	17.1595
4.52955	17.2183
4.52963	17.2771
4.52972	17.3359
4.52981	17.3948
4.52991	17.4536
4.53547	17.5124
4.53573	17.5712
4.53578	17.6301
4.57346	17.6889
4.57358	17.7477
4.57366	17.8065
4.57372	17.8654
4.57901	17.9242
4.57913	17.983
4.57935	18.0418
4.57946	18.0974
4.57965	18.1529
4.57975	18.2085
4.57992	18.2641
4.58	18.3196
4.58434	18.3752
4.58438	18.4307
4.58441	18.4863
4.58444	18.5418
4.58447	18.5974
4.6306	18.6529
4.634	18.7085
4.63403	18.7641
4.63411	18.8196
4.63427	18.8752
4.63433	18.9307
4.63436	18.9863
4.63445	19.0418
4.63454	19.0945
4.64007	19.1471
4.64011	19.1997
4.64029	19.2524
4.64046	19.305
4.6406	19.3576
4.64077	19.4103
4.6409	19.4629
4.64108	19.5155
4.64499	19.5681
4.6727	19.6208
4.67275	19.6734
4.67278	19.726
4.6728	19.7787
4.67289	19.8313
4.6778	19.8839
4.67786	19.9366
4.67793	19.9892
4.67812	20.0418
4.67821	20.0918
4.70043	20.1418
4.70049	20.1918
4.70057	20.2418
4.70067	20.2918
4.70077	20.3418
4.70518	20.3918
4.70526	20.4418
4.70531	20.4918
4.70544	20.5418
4.72173	20.5918
4.72179	20.6418
4.72189	20.6918
4.72203	20.7418
4.7221	20.7918
4.72218	20.8418
4.72226	20.8918
4.72798	20.9418
4.72809	20.9918
4.72828	21.0418
4.7284	21.0894
4.74424	21.1371
4.74903	21.1847
4.74909	21.2323
4.74918	21.2799
4.7493	21.3275
4.76162	21.3752
4.76559	21.4228
4.76566	21.4704
4.76572	21.518
4.77095	21.5656
4.771	21.6133
4.77108	21.6609
4.7712	21.7085
4.77128	21.7561
4.77138	21.8037
4.77148	21.8514
4.78241	21.899
4.7874	21.9466
4.78745	21.9942
4.78753	22.0418
4.78765	22.0873
4.80564	22.1327
4.80935	22.1782
4.80938	22.2236
4.80946	22.2691
4.80962	22.3146
4.80971	22.36
4.82104	22.4055
4.82124	22.4509
4.82141	22.4964
4.82607	22.5418
4.82617	22.5873
4.82621	22.6327
4.82632	22.6782
4.83124	22.7236
4.8313	22.7691
4.83138	22.8146
4.83175	22.86
4.84874	22.9055
4.84891	22.9509
4.84905	22.9964
4.84916	23.0418
4.84939	23.0853
4.85873	23.1288
4.86524	11.5644
4.86538	11.6553
4.86548	11.7462
4.86562	11.8371
4.86571	11.928
4.86975	12.0189
4.86981	12.1023
4.86991	12.1856
4.87012	12.2689
4.87023	12.3523
4.87516	12.4356
4.87518	12.5189
4.87524	12.6023
4.87527	12.6856
4.87533	12.7689
4.8754	12.8523
4.89965	12.9356
4.89972	13.0189
4.89983	13.0959
4.89999	13.1728
4.90007	13.2497
4.90018	13.3266
4.91059	13.4036
4.91709	13.4805
4.91727	13.5574
4.92146	13.6343
4.92715	13.7112
4.9276	13.7882
4.93274	13.8651
4.93288	13.942
4.93306	14.0189
4.93316	14.0904
4.93337	14.1618
4.9335	14.2332
4.9337	14.3047
4.94389	14.3761
4.95499	14.4475
4.95513	14.5189
4.9605	14.5904
4.96066	14.6618
4.96089	14.7332
4.97137	14.8047
4.97142	14.8761
4.97157	14.9475
4.97167	15.0189
4.97692	15.0856
4.97709	15.1523
4.97729	15.2189
4.97743	15.2856
4.98819	15.3523
4.9883	15.4189
4.98848	15.4856
4.98859	15.5523
4.98879	15.6189
4.98891	15.6856
5.00517	15.7523
5.00536	15.8189
5.0056	15.8856
5.00573	15.9523
5.00943	16.0189
5.00958	16.0814
5.00963	16.1439
5.00972	16.2064
5.01232	16.2689
5.01991	16.3314
5.02	16.3939
5.02009	16.4564
5.02016	16.5189
5.02028	16.5814
5.02492	16.6439
5.04687	16.7064
5.04697	16.7689
5.04707	16.8314
5.04716	16.8939
5.04725	16.9564
5.04734	17.0189
5.05305	17.0778
5.05317	17.1366
5.05335	17.1954
5.05347	17.2542
5.0637	17.3131
5.0638	17.3719
5.06389	17.4307
5.07009	17.4895
5.07023	17.5484
5.07046	17.6072
5.08283	17.666
5.08288	17.7248
5.08297	17.7836
5.08308	17.8425
5.08567	17.9013
5.08573	17.9601
5.08581	18.0189
5.08594	18.0745
5.08608	18.13
5.08975	18.1856
5.0898	18.2412
5.10626	18.2967
5.10636	18.3523
5.11076	18.4078
5.11093	18.4634
5.11103	18.5189
5.11112	18.5745
5.12401	18.63
5.12419	18.6856
5.12435	18.7412
5.12449	18.7967
5.12459	18.8523
5.12907	18.9078
5.12913	18.9634
5.1292	19.0189
5.12931	19.0716
5.12945	19.1242
5.12955	19.1768
5.12962	19.2295
5.14514	19.2821
5.14527	19.3347
5.14541	19.3874
5.14556	19.44
5.14576	19.4926
5.14892	19.5453
5.16189	19.5979
5.16203	19.6505
5.1622	19.7031
5.1623	19.7558
5.16253	19.8084
5.16266	19.861
5.16277	19.9137
5.16753	19.9663
5.16764	20.0189
5.16786	20.0689
5.1914	20.1189
5.1915	20.1689
5.19155	20.2189
5.19168	20.2689
5.19177	20.3189
5.19766	20.3689
5.19784	20.4189
5.19805	20.4689
5.19821	20.5189
5.20228	20.5689
5.20235	20.6189
5.20271	20.6689
5.21342	20.7189
5.24013	20.7689
5.24021	20.8189
5.24517	20.8689
5.24519	20.9189
5.24684	20.9689
5.24688	21.0189
5.2523	21.0666
5.2593	21.1142
5.26327	21.1618
5.2633	21.2094
5.26352	21.257
5.26361	21.3047
5.26367	21.3523
5.26378	21.3999
5.26386	21.4475
5.26914	21.4951
5.28142	21.5427
5.28155	21.5904
5.28161	21.638
5.2888	21.6856
5.31046	21.7332
5.31562	21.7808
5.31572	21.8285
5.32176	21.8761
5.32204	21.9237
5.32631	21.9713
5.33179	22.0189
5.3377	22.0644
5.33787	22.1098
5.33809	22.1553
5.33818	22.2008
5.33837	22.2462
5.34105	22.2917
5.34121	22.3371
5.34125	22.3826
5.34128	22.428
5.34136	22.4735
5.34146	22.5189
5.34154	22.5644
5.35321	22.6098
5.36772	22.6553
5.37409	22.7008
5.37414	22.7462
5.37422	22.7917
5.37471	22.8371
5.38599	22.8826
5.39523	22.928
5.39529	22.9735
5.39539	23.0189
5.39954	23.0624
5.39957	23.1059
5.39965	23.1494
5.40274	23.1929
5.40289	23.2363
5.40302	23.2798
5.40317	23.3233
5.40462	23.3668
5.40475	23.4102
5.4049	23.4537
5.40506	23.4972
5.40739	23.5407
5.43831	23.5842
5.44297	23.6276
5.44692	23.6711
5.44748	23.7146
5.44756	23.7581
5.44888	23.8015
5.44892	23.845
5.4612	23.8885
5.4637	23.932
5.46373	23.9755
5.46394	24.0189
5.4687	24.0606
5.46877	24.1023
5.46975	24.1439
5.4698	24.1856
5.47057	24.2273
5.47074	24.2689
5.47433	24.3106
5.48257	24.3523
5.48263	24.3939
5.48294	24.4356
5.48304	24.4773
5.48796	24.5189
5.51848	24.5606
5.51907	24.6023
5.5191	24.6439
5.5235	24.6856
5.52354	24.7273
5.52361	24.7689
5.52905	24.8106
5.5291	24.8523
5.52913	24.8939
5.52915	24.9356
5.52918	24.9773
5.52924	25.0189
5.52933	25.0589
5.53468	25.0989
5.54047	25.1389
5.54063	25.1789
5.54578	25.2189
5.54593	25.2589
5.54613	25.2989
5.54669	25.3389
5.55114	25.3789
5.55124	25.4189
5.55129	25.4589
5.55134	25.4989
5.58966	25.5389
5.58991	25.5789
5.59502	25.6189
5.59517	25.6589
5.59538	25.6989
5.59547	25.7389
5.59565	25.7789
5.60032	25.8189
5.60047	25.8589
5.6007	25.8989
5.60654	25.9389
5.6117	25.9789
5.61734	26.0189
5.61755	26.0574
5.62835	26.0959
5.63356	26.1343
5.63359	26.1728
5.63874	26.2112
5.63916	26.2497
5.63919	26.2882
5.63925	26.3266
5.64995	26.3651
5.66166	26.4036
5.66198	26.442
5.66652	26.4805
5.67213	26.5189
5.67227	26.5574
5.67247	26.5959
5.68361	26.6343
5.68373	26.6728
5.68391	26.7112
5.68813	26.7497
5.68826	26.7882
5.68838	26.8266
5.6885	26.8651
5.68858	26.9036
5.68863	26.942
5.68873	26.9805
5.69355	27.0189
5.69358	27.056
5.69376	27.093
5.69527	27.13
5.71141	27.1671
5.71176	27.2041
5.72134	27.2412
5.73746	27.2782
5.73752	27.3152
5.73769	27.3523
5.73774	27.3893
5.73784	27.4263
5.73791	27.4634
5.73793	27.5004
5.74293	27.5375
5.743	27.5745
5.74306	27.6115
5.74321	27.6486
5.74339	27.6856
5.74968	27.7226
5.74983	27.7597
5.75017	27.7967
5.75426	27.8338
5.7597	27.8708
5.77172	27.9078
5.77211	27.9449
5.77634	27.9819
5.77642	28.0189
5.78201	28.0547
5.7827	28.0904
5.78278	28.1261
5.78287	28.1618
5.78303	28.1975
5.78317	28.2332
5.78326	28.2689
5.78333	28.3047
5.79042	28.3404
5.79047	28.3761
5.79055	28.4118
5.79075	28.4475
5.79092	28.4832
5.79588	28.5189
5.79593	28.5547
5.796	28.5904
5.79806	28.6261
5.80193	28.6618
5.8021	28.6975
5.81042	28.7332
5.81404	28.7689
5.81477	28.8047
5.82465	28.8404
5.8247	28.8761
5.82475	28.9118
5.82478	28.9475
5.82488	28.9832
5.82495	29.0189
5.82976	29.0534
5.82981	29.0879
5.83225	29.1224
5.83293	29.1569
5.83328	29.1914
5.83584	29.2258
5.83642	29.2603
5.83646	29.2948
5.83653	29.3293
5.83664	29.3638
5.84271	29.3982
5.84351	29.4327
5.84899	29.4672
5.84904	29.5017
5.85868	29.5362
5.8591	29.5707
5.86256	29.6051
5.86259	29.6396
5.86493	29.6741
5.87733	29.7086
5.87864	29.7431
5.8807	29.7776
5.88144	29.812
5.88643	29.8465
5.89207	29.881
5.89216	29.9155
5.89552	29.95
5.89558	29.9845
5.89566	30.0189
5.89577	30.0523
5.89586	30.0856
5.89902	30.1189
5.89907	30.1523
5.90037	30.1856
5.90114	30.2189
5.90384	30.2523
5.90401	30.2856
5.91106	30.3189
5.91505	30.3523
5.91861	30.3856
5.9215	30.4189
5.92709	30.4523
5.92714	30.4856
5.93004	30.5189
5.93465	30.5523
5.93624	30.5856
5.93647	30.6189
5.93655	30.6523
5.93659	30.6856
5.93985	30.7189
5.93998	30.7523
5.94388	30.7856
5.94431	30.8189
5.94441	30.8523
5.94929	30.8856
5.95013	30.9189
5.95016	30.9523
5.95026	30.9856
5.95046	31.0189
5.95052	31.0512
5.95062	31.0835
5.95074	31.1157
5.95585	31.148
5.96012	31.1802
5.96158	31.2125
5.96655	31.2447
5.96937	31.277
5.97559	31.3093
5.97638	31.3415
5.98021	31.3738
5.98338	31.406
5.98413	31.4383
5.98508	31.4706
5.98567	31.5028
5.98648	31.5351
5.98727	31.5673
5.98809	31.5996
5.98896	31.6318
5.98947	31.6641
5.99017	31.6964
5.99175	31.7286
5.99229	31.7609
5.99378	31.7931
5.99948	31.8254
6.00006	31.8576
6.00076	31.8899
6.00159	31.9222
6.00235	31.9544
6.00286	31.9867
6.00638	32.0189
6.01144	32.0502
6.02159	32.0814
6.02461	32.1127
6.02832	32.1439
6.03163	32.1752
6.0336	32.2064
6.03618	32.2377
6.03681	32.2689
6.03751	32.3002
6.03823	32.3314
6.03894	32.3627
6.03963	32.3939
6.04044	32.4252
6.0416	32.4564
6.04228	32.4877
6.04428	32.5189
6.04502	32.5502
6.04572	32.5814
6.04645	32.6127
6.04726	32.6439
6.0478	32.6752
6.04852	32.7064
6.05574	32.7377
6.05765	32.7689
6.05767	32.8002
6.06335	32.8314
6.06391	32.8627
6.06394	32.8939
6.06411	32.9252
6.0642	32.9564
6.06684	32.9877
6.07951	33.0189
6.08573	33.0492
6.08576	33.0795
6.0878	33.1098
6.09137	33.1402
6.09806	33.1705
6.09851	33.2008
6.09857	33.2311
6.10411	33.2614
6.1046	33.2917
6.105	33.322
6.1051	33.3523
6.10934	33.3826
6.1094	33.4129
6.11248	33.4432
6.11381	33.4735
6.11386	33.5038
6.11405	33.5341
6.11923	33.5644
6.11937	33.5947
6.11958	33.625
6.12004	33.6553
6.12446	33.6856
6.1245	33.7159
6.12719	33.7462
6.12722	33.7765
6.12727	33.8068
6.13291	33.8371
6.13312	33.8674
6.1336	33.8977
6.13379	33.928
6.14016	33.9583
6.14565	33.9886
6.14582	34.0189
6.15304	34.0484
6.15309	34.0778
6.15315	34.1072
6.15983	34.1366
6.16399	34.166
6.16405	34.1954
6.16411	34.2248
6.16424	34.2542
6.16434	34.2836
6.16453	34.3131
6.16461	34.3425
6.16992	34.3719
6.1701	34.4013
6.17047	34.4307
6.1706	34.4601
6.17503	34.4895
6.18613	34.5189
6.18658	34.5484
6.19778	34.5778
6.19793	34.6072
6.1981	34.6366
6.19827	34.666
6.19837	34.6954
6.19851	34.7248
6.2024	34.7542
6.20252	34.7836
6.20263	34.8131
6.20266	34.8425
6.20272	34.8719
6.20286	34.9013
6.20837	34.9307
6.2085	34.9601
6.20866	34.9895
6.21346	35.0189
6.21369	35.0475
6.21372	35.0761
6.2138	35.1047
6.21388	35.1332
6.21889	35.1618
6.21892	35.1904
6.219	35.2189
6.21914	35.2475
6.21921	35.2761
6.22513	35.3047
6.22529	35.3332
6.22987	35.3618
6.23654	35.3904
6.24712	35.4189
6.24759	35.4475
6.25182	35.4761
6.26274	35.5047
6.26693	35.5332
6.27297	35.5618
6.27312	35.5904
6.27321	35.6189
6.27662	35.6475
6.27669	35.6761
6.28294	35.7047
6.28308	35.7332
6.28325	35.7618
6.28338	35.7904
6.2835	35.8189
6.28834	35.8475
6.28846	35.8761
6.28856	35.9047
6.28871	35.9332
6.28879	35.9618
6.28887	35.9904
6.28897	36.0189
6.29397	36.0467
6.2941	36.0745
6.2946	36.1023
6.29468	36.13
6.29474	36.1578
6.2993	36.1856
6.30512	36.2134
6.30521	36.2412
6.3053	36.2689
6.31034	36.2967
6.31049	36.3245
6.3107	36.3523
6.3216	36.38
6.32748	36.4078
6.33243	36.4356
6.33258	36.4634
6.33279	36.4912
6.33832	36.5189
6.35422	36.5467
6.35435	36.5745
6.35445	36.6023
6.35453	36.63
6.35459	36.6578
6.36004	36.6856
6.36022	36.7134
6.36054	36.7412
6.3607	36.7689
6.36087	36.7967
6.361	36.8245
6.36117	36.8523
6.36506	36.88
6.36513	36.9078
6.36519	36.9356
6.36528	36.9634
6.36534	36.9912
6.36542	37.0189
6.3655	37.046
6.36556	37.073
6.37065	37.1
6.37076	37.127
6.37088	37.1541
6.3764	37.1811
6.37657	37.2081
6.37674	37.2352
6.37692	37.2622
6.37724	37.2892
6.39442	37.3162
6.39752	37.3433
6.39757	37.3703
6.399	37.3973
6.39904	37.4243
6.41382	37.4514
6.41385	37.4784
6.41525	37.5054
6.41538	37.5325
6.42771	37.5595
6.42773	37.5865
6.42779	37.6135
6.42789	37.6406
6.42794	37.6676
6.42813	37.6946
6.42816	37.7216
6.43313	37.7487
6.43345	37.7757
6.43351	37.8027
6.43915	37.8297
6.43939	37.8568
6.43954	37.8838
6.4397	37.9108
6.44462	37.9379
6.4447	37.9649
6.45533	37.9919
6.45551	38.0189
6.45567	38.0453
6.45579	38.0716
6.45585	38.0979
6.45592	38.1242
6.45604	38.1505
6.46047	38.1768
6.46058	38.2031
6.47704	38.2295
6.47713	38.2558
6.48248	38.2821
6.48289	38.3084
6.48291	38.3347
6.48838	38.361
6.48845	38.3874
6.48861	38.4137
6.48898	38.44
6.48931	38.4663
6.48946	38.4926
6.49335	38.5189
6.49625	38.5453
6.49636	38.5716
6.49909	38.5979
6.49915	38.6242
6.49923	38.6505
6.51025	38.6768
6.51535	38.7031
6.51568	38.7295
6.51575	38.7558
6.51583	38.7821
6.51593	38.8084
6.52102	38.8347
6.52132	38.861
6.52163	38.8874
6.52695	38.9137
6.52701	38.94
6.52708	38.9663
6.52715	38.9926
6.53219	39.0189
6.53239	39.0446
6.53255	39.0702
6.53265	39.0959
6.53304	39.1215
6.53314	39.1471
6.53765	39.1728
6.53769	39.1984
6.55477	39.2241
6.55499	39.2497
6.55521	39.2753
6.55962	39.301
6.55969	39.3266
6.56011	39.3523
6.56015	39.3779
6.57069	39.4036
6.57088	39.4292
6.57633	39.4548
6.5765	39.4805
6.57711	39.5061
6.58135	39.5318
6.58144	39.5574
6.5815	39.583
6.58171	39.6087
6.58192	39.6343
6.58739	39.66
6.5876	39.6856
6.59297	39.7112
6.59303	39.7369
6.59313	39.7625
6.59326	39.7882
6.59936	39.8138
6.59948	39.8395
6.60377	39.8651
6.60401	39.8907
6.60406	39.9164
6.60411	39.942
6.60414	39.9677
6.60415	39.9933
6.60426	40.0189
6.61008	40.0439
6.61014	40.0689
6.61025	40.0939
6.61037	40.1189
6.61042	40.1439
6.62163	20.072
6.6264	20.122
6.63185	20.172
6.63192	20.222
6.63202	20.272
6.63211	20.322
6.63838	20.372
6.63851	20.422
6.63865	20.472
6.64406	20.522
6.65379	20.572
6.65392	20.622
6.65401	20.672
6.65409	20.722
6.65416	20.772
6.65422	20.822
6.65957	20.872
6.65973	20.922
6.66	20.972
6.66021	21.022
6.66032	21.0696
6.66052	21.1172
6.66063	21.1648
6.66473	21.2124
6.66497	21.2601
6.67025	21.3077
6.67606	21.3553
6.6762	21.4029
6.67631	21.4505
6.67645	21.4982
6.68112	21.5458
6.68118	21.5934
6.68125	21.641
6.68147	21.6886
6.68155	21.7363
6.68164	21.7839
6.68175	21.8315
6.7034	21.8791
6.71429	21.9267
6.7145	21.9744
6.71991	22.022
6.72031	22.0674
6.72044	22.1129
6.72063	22.1583
6.72075	22.2038
6.72501	22.2492
6.72506	22.2947
6.72509	22.3402
6.72521	22.3856
6.7253	22.4311
6.72547	22.4765
6.73046	22.522
6.73053	22.5674
6.7306	22.6129
6.73069	22.6583
6.73077	22.7038
6.73087	22.7492
6.73094	22.7947
6.73664	22.8402
6.74168	22.8856
6.74701	22.9311
6.75976	22.9765
6.75995	23.022
6.76016	23.0654
6.76031	23.1089
6.76049	23.1524
6.76439	23.1959
6.765	23.2394
6.77071	23.2828
6.77079	23.3263
6.77092	23.3698
6.77109	23.4133
6.77122	23.4568
6.7714	23.5002
6.77546	23.5437
6.79735	23.5872
6.79738	23.6307
6.79745	23.6741
6.80353	23.7176
6.80371	23.7611
6.80387	23.8046
6.80404	23.8481
6.80835	23.8915
6.80843	23.935
6.80851	23.9785
6.80863	24.022
6.80885	24.0636
6.81422	24.1053
6.81432	24.147
6.81446	24.1886
6.8193	24.2303
6.81933	24.272
6.81939	24.3136
6.81958	24.3553
6.81963	24.397
6.81966	24.4386
6.81969	24.4803
6.82491	24.522
6.84176	24.5636
6.84191	24.6053
6.84193	24.647
6.84697	24.6886
6.8475	24.7303
6.84765	24.772
6.85227	24.8136
6.85233	24.8553
6.85251	24.897
6.85259	24.9386
6.85263	24.9803
6.85758	25.022
6.86352	25.062
6.86395	25.102
6.86413	25.142
6.8643	25.182
6.87513	25.222
6.87989	25.262
6.88001	25.302
6.88534	25.342
6.88583	25.382
6.89155	25.422
6.89194	25.462
6.89227	25.502
6.89258	25.542
6.89605	25.582
6.90217	25.622
6.9023	25.662
6.9026	25.702
6.90277	25.742
6.90293	25.782
6.90308	25.822
6.90695	25.862
6.907	25.902
6.90717	25.942
6.90746	25.982
6.91242	26.022
6.91248	26.0604
6.91254	26.0989
6.91272	26.1374
6.91283	26.1758
6.92462	26.2143
6.92476	26.2527
6.92492	26.2912
6.9289	26.3297
6.92897	26.3681
6.93434	26.4066
6.93437	26.445
6.93443	26.4835
6.9345	26.522
6.93455	26.5604
6.94066	26.5989
6.9408	26.6374
6.9453	26.6758
6.94533	26.7143
6.9454	26.7527
6.97278	26.7912
6.97317	26.8297
6.97808	26.8681
6.9795	26.9066
6.97961	26.945
6.97978	26.9835
6.97983	27.022
6.97986	27.059
6.97988	27.096
6.98544	27.1331
6.98584	27.1701
6.98596	27.2072
6.9861	27.2442
6.98629	27.2812
6.98678	27.3183
6.99075	27.3553
6.9908	27.3923
6.99128	27.4294
6.99136	27.4664
6.99639	27.5035
6.99643	27.5405
6.99646	27.5775
6.99666	27.6146
6.99676	27.6516
7.00602	27.6886
7.01087	27.7257
7.01093	27.7627
7.01124	27.7997
7.01717	27.8368
7.01729	27.8738
7.01761	27.9109
7.02215	27.9479
7.02248	27.9849
7.02806	28.022
7.02883	28.0577
7.03307	28.0934
7.03327	28.1291
7.03901	28.1648
7.03913	28.2005
7.03924	28.2363
7.03971	28.272
7.05574	28.3077
7.05577	28.3434
7.05614	28.3791
7.05622	28.4148
7.05628	28.4505
7.06211	28.4863
7.06255	28.522
7.06269	28.5577
7.06664	28.5934
7.06672	28.6291
7.06678	28.6648
7.06725	28.7005
7.07209	28.7363
7.07215	28.772
7.07221	28.8077
7.07233	28.8434
7.07243	28.8791
7.07267	28.9148
7.07275	28.9505
7.07767	28.9863
7.07775	29.022
7.0779	29.0565
7.07813	29.0909
7.07822	29.1254
7.07839	29.1599
7.0785	29.1944
7.07864	29.2289
7.08338	29.2633
7.08862	29.2978
7.09413	29.3323
7.09423	29.3668
7.09966	29.4013
7.09998	29.4358
7.10552	29.4702
7.11046	29.5047
7.11705	29.5392
7.11724	29.5737
7.12839	29.6082
7.12841	29.6427
7.13393	29.6771
7.13409	29.7116
7.13885	29.7461
7.14364	29.7806
7.1437	29.8151
7.14375	29.8496
7.14388	29.884
7.14909	29.9185
7.15509	29.953
7.15812	29.9875
7.17148	30.022
7.17155	30.0553
7.17161	30.0886
7.17175	30.122
7.17186	30.1553
7.17528	30.1886
7.17542	30.222
7.1756	30.2553
7.1781	30.2886
7.18305	30.322
7.1832	30.3553
7.18877	30.3886
7.18886	30.422
7.18893	30.4553
7.19375	30.4886
7.19382	30.522
7.19389	30.5553
7.19399	30.5886
7.19408	30.622
7.19664	30.6553
7.19666	30.6886
7.19995	30.722
7.20015	30.7553
7.20475	30.7886
7.20482	30.822
7.20492	30.8553
7.20511	30.8886
7.2052	30.922
7.21043	30.9553
7.23302	30.9886
7.23319	31.022
7.23337	31.0542
7.23351	31.0865
7.23818	31.1187
7.23827	31.151
7.24346	31.1833
7.24353	31.2155
7.2436	31.2478
7.24898	31.28
7.24982	31.3123
7.25404	31.3445
7.25465	31.3768
7.25954	31.4091
7.2596	31.4413
7.25969	31.4736
7.2598	31.5058
7.26522	31.5381
7.26541	31.5704
7.26563	31.6026
7.27056	31.6349
7.27067	31.6671
7.27081	31.6994
7.27084	31.7316
7.27724	31.7639
7.28136	31.7962
7.28142	31.8284
7.28151	31.8607
7.28162	31.8929
7.28834	31.9252
7.28857	31.9575
7.29235	31.9897
7.2924	32.022
7.29299	32.0532
7.29306	32.0845
7.29886	32.1157
7.29898	32.147
7.29921	32.1782
7.29932	32.2095
7.29952	32.2407
7.31433	32.272
7.31436	32.3032
7.3144	32.3345
7.32602	32.3657
7.33081	32.397
7.33086	32.4282
7.33094	32.4595
7.3312	32.4907
7.33141	32.522
7.33626	32.5532
7.33631	32.5845
7.33639	32.6157
7.34209	32.647
7.34217	32.6782
7.34228	32.7095
7.34235	32.7407
7.34718	32.772
7.34722	32.8032
7.36368	32.8345
7.36374	32.8657
7.36384	32.897
7.36398	32.9282
7.36407	32.9595
7.36414	32.9907
7.36423	33.022
7.36967	33.0523
7.36987	33.0826
7.37468	33.1129
7.38044	33.1432
7.38059	33.1735
7.38081	33.2038
7.38135	33.2341
7.38147	33.2644
7.38618	33.2947
7.39141	33.325
7.39654	33.3553
7.39695	33.3856
7.39701	33.4159
7.39706	33.4462
7.40206	33.4765
7.40208	33.5068
7.40213	33.5371
7.40886	33.5674
7.41303	33.5977
7.41305	33.628
7.41368	33.6583
7.41381	33.6886
7.41948	33.7189
7.42401	33.7492
7.42407	33.7795
7.42414	33.8098
7.42437	33.8402
7.42457	33.8705
7.42981	33.9008
7.4301	33.9311
7.4304	33.9614
7.43566	33.9917
7.44048	34.022
7.44051	34.0514
7.44673	34.0808
7.45179	34.1102
7.45188	34.1396
7.45196	34.169
7.45721	34.1984
7.45728	34.2279
7.46263	34.2573
7.46281	34.2867
7.46301	34.3161
7.46816	34.3455
7.46823	34.3749
7.46838	34.4043
7.47357	34.4337
7.47367	34.4631
7.47377	34.4926
7.48022	17.2463
7.48437	17.3051
7.4911	17.3639
7.49122	17.4227
7.49137	17.4816
7.49535	17.5404
7.49559	17.5992
7.49578	17.658
7.50086	17.7169
7.50093	17.7757
7.50116	17.8345
7.50708	17.8933
7.5071	17.9522
7.51185	18.011
7.51187	18.0665
7.51723	18.1221
7.5174	18.1777
7.51755	18.2332
7.51779	18.2888
7.52383	18.3443
7.52398	18.3999
7.52835	18.4554
7.52837	18.511
7.52849	18.5665
7.52867	18.6221
7.53405	18.6777
7.53413	18.7332
7.53417	18.7888
7.53982	18.8443
7.53991	18.8999
7.53999	18.9554
7.54461	19.011
7.54464	19.0636
7.54468	19.1162
7.55556	19.1689
7.55559	19.2215
7.55564	19.2741
7.55576	19.3268
7.55578	19.3794
7.55579	19.432
7.56175	19.4847
7.56194	19.5373
7.56229	19.5899
7.58326	19.6426
7.58335	19.6952
7.58868	19.7478
7.58878	19.8005
7.58885	19.8531
7.58897	19.9057
7.59974	19.9584
7.61041	20.011
7.61044	20.061
7.6105	20.111
7.61068	20.161
7.61075	20.211
7.61078	20.261
7.61091	20.311
7.61094	20.361
7.61585	20.411
7.6159	20.461
7.61597	20.511
7.61645	20.561
7.62131	20.611
7.62145	20.661
7.63225	20.711
7.63228	20.761
7.64367	20.811
7.64866	20.861
7.64871	20.911
7.64878	20.961
7.6489	21.011
7.64928	21.0586
7.65436	21.1062
7.65442	21.1538
7.65475	21.2015
7.6596	21.2491
7.65964	21.2967
7.65972	21.3443
7.66576	21.3919
7.6659	21.4396
7.66611	21.4872
7.66627	21.5348
7.67098	21.5824
7.67106	21.63
7.6817	21.6777
7.68182	21.7253
7.68825	21.7729
7.68834	21.8205
7.68853	21.8681
7.68861	21.9157
7.69262	21.9634
7.69283	22.011
7.69285	22.0564
7.69287	22.1019
7.69805	22.1473
7.70443	22.1928
7.70895	22.2383
7.71473	22.2837
7.7149	22.3292
7.71509	22.3746
7.71525	22.4201
7.71544	22.4655
7.71558	22.511
7.72599	22.5564
7.72613	22.6019
7.72637	22.6473
7.72648	22.6928
7.73751	22.7383
7.73763	22.7837
7.74181	22.8292
7.74184	22.8746
7.74805	22.9201
7.74854	22.9655
7.74869	23.011
7.75282	23.0545
7.75291	23.0979
7.753	23.1414
7.75321	11.5707
7.75331	11.6616
7.75337	11.7525
7.75848	11.8434
7.76408	11.9343
7.76419	12.0253
7.7642	12.1086
7.76952	12.1919
7.77523	12.2753
7.77538	12.3586
7.77557	12.4419
7.77565	12.5253
7.78064	12.6086
7.78072	12.6919
7.78565	12.7753
7.78572	12.8586
7.78594	12.9419
7.78601	13.0253
7.78609	13.1022
7.78619	13.1791
7.79159	13.256
7.79182	13.3329
7.79236	13.4099
7.8185	13.4868
7.81896	13.5637
7.81905	13.6406
7.82449	13.7176
7.82451	13.7945
7.83026	13.8714
7.83038	13.9483
7.8306	14.0253
7.83072	14.0967
7.8309	14.1681
7.83118	14.2395
7.83494	14.311
7.83497	14.3824
7.85774	14.4538
7.86233	14.5253
7.86238	14.5967
7.86244	14.6681
7.86256	14.7395
7.86281	14.811
7.86286	14.8824
7.86779	14.9538
7.86783	15.0253
7.86791	15.0919
7.86809	15.1586
7.86817	15.2253
7.86822	15.2919
7.86838	15.3586
7.88994	15.4253
7.89	15.4919
7.89009	15.5586
7.89021	15.6253
7.8903	15.6919
7.89034	15.7586
7.89045	15.8253
7.89957	15.8919
7.89962	15.9586
7.89969	16.0253
7.89981	16.0878
7.89993	16.1503
7.90002	16.2128
7.90009	16.2753
7.905	16.3378
7.90533	16.4003
7.90604	16.4628
7.9062	16.5253
7.90631	16.5878
7.9082	16.6503
7.90828	16.7128
7.90837	16.7753
7.91237	16.8378
7.9124	16.9003
7.91251	16.9628
7.91268	17.0253
7.91276	17.0841
7.91283	17.1429
7.91294	17.2017
7.91807	17.2605
7.92404	17.3194
7.92407	17.3782
7.92506	17.437
7.96502	17.4958
7.97329	17.5547
7.97374	17.6135
7.97483	17.6723
7.97582	17.7311
7.97644	17.79
7.98274	17.8488
7.98352	17.9076
7.98419	17.9664
7.99282	18.0253
7.99415	18.0808
7.9972	18.1364
8.00047	18.1919
8.00054	18.2475
8.00078	18.303
8.00092	18.3586
8.00379	18.4141
8.00385	18.4697
8.00467	18.5253
8.00596	18.5808
8.00602	18.6364
8.00611	18.6919
8.00804	18.7475
8.00838	18.803
8.0181	18.8586
8.01871	18.9141
8.02868	18.9697
8.03866	19.0253
8.04125	19.0779
8.04538	19.1305
8.04543	19.1831
8.04735	19.2358
8.04764	19.2884
8.0483	19.341
8.04902	19.3937
8.04972	19.4463
8.05039	19.4989
8.05252	19.5516
8.05325	19.6042
8.05386	19.6568
8.05464	19.7095
8.05531	19.7621
8.06248	19.8147
8.06444	19.8674
8.06517	19.92
8.07175	19.9726
8.07245	20.0253
8.07319	20.0753
8.07412	20.1253
8.08478	20.1753
8.08551	20.2253
8.09201	20.2753
8.09253	20.3253
8.0978	20.3753
8.10754	20.4253
8.10827	20.4753
8.10899	20.5253
8.10962	20.5753
8.11031	20.6253
8.11102	20.6753
8.1118	20.7253
8.11243	20.7753
8.11537	20.8253
8.11588	20.8753
8.11667	20.9253
8.11685	20.9753
8.12239	21.0253
8.123	21.0729
8.12368	21.1205
8.12651	21.1681
8.1423	21.2157
8.14458	21.2634
8.14532	21.311
8.14594	21.3586
8.15154	21.4062
8.15231	21.4538
8.1638	21.5014
8.16752	21.5491
8.16822	21.5967
8.17168	21.6443
8.17587	21.6919
8.17646	21.7395
8.17723	21.7872
8.17726	21.8348
8.18431	21.8824
8.18441	21.93
8.1895	21.9776
8.19068	22.0253
8.19343	22.0707
8.19346	22.1162
8.21199	22.1616
8.21202	22.2071
8.21203	22.2525
8.21206	22.298
8.21222	22.3434
8.21226	22.3889
8.21529	22.4343
8.22155	22.4798
8.2247	22.5253
8.22696	22.5707
8.22702	22.6162
8.23238	22.6616
8.23251	22.7071
8.23296	22.7525
8.23305	22.798
8.23313	22.8434
8.23807	22.8889
8.2482	22.9343
8.24898	22.9798
8.24917	23.0253
8.24936	23.0687
8.24939	23.1122
8.25496	23.1557
8.28425	23.1992
8.28441	23.2426
8.28459	23.2861
8.28469	23.3296
8.28912	23.3731
8.2895	23.4166
8.2896	23.46
8.29339	23.5035
8.29343	23.547
8.29352	23.5905
8.29361	23.634
8.30261	23.6774
8.30325	23.7209
8.30786	23.7644
8.30838	23.8079
8.30878	23.8513
8.31244	23.8948
8.31295	23.9383
8.31841	23.9818
8.31857	24.0253
8.3193	24.0669
8.31949	24.1086
8.32358	24.1503
8.32659	24.1919
8.3363	24.2336
8.33633	24.2753
8.33641	24.3169
8.33849	24.3586
8.35035	24.4003
8.35042	24.4419
8.35055	24.4836
8.35068	24.5253
8.35084	24.5669
8.35741	24.6086
8.36878	24.6503
8.36899	24.6919
8.37396	24.7336
8.37403	24.7753
8.3742	24.8169
8.3757	24.8586
8.37572	24.9003
8.37573	24.9419
8.37574	24.9836
8.38177	25.0253
8.38193	25.0653
8.38217	25.1053
8.38225	25.1453
8.39871	25.1853
8.40364	25.2253
8.40377	25.2653
8.40959	25.3053
8.40969	25.3453
8.40971	25.3853
8.40989	25.4253
8.41001	25.4653
8.41008	25.5053
8.41449	25.5453
8.42023	25.5853
8.42031	25.6253
8.42037	25.6653
8.42611	25.7053
8.43096	25.7453
8.43129	25.7853
8.43136	25.8253
8.43778	25.8653
8.43794	25.9053
8.43815	25.9453
8.44184	25.9853
8.4419	26.0253
8.44196	26.0637
8.44211	26.1022
8.44219	26.1406
8.44228	26.1791
8.44237	26.2176
8.46398	26.256
8.46419	26.2945
8.46426	26.3329
8.46932	26.3714
8.46945	26.4099
8.46955	26.4483
8.46967	26.4868
8.46974	26.5253
8.46984	26.5637
8.48054	26.6022
8.48064	26.6406
8.48568	26.6791
8.48573	26.7176
8.48588	26.756
8.48599	26.7945
8.4861	26.8329
8.48618	26.8714
8.48626	26.9099
8.49116	26.9483
8.49131	26.9868
8.49157	27.0253
8.49684	27.0623
8.51447	27.0993
8.51464	27.1364
8.52392	27.1734
8.52396	27.2104
8.53027	27.2475
8.53032	27.2845
8.53039	27.3216
8.53485	27.3586
8.53492	27.3956
8.53501	27.4327
8.54059	27.4697
8.54072	27.5067
8.54081	27.5438
8.54595	27.5808
8.54603	27.6178
8.54673	27.6549
8.5469	27.6919
8.54715	27.729
8.55127	27.766
8.55133	27.803
8.55172	27.8401
8.55181	27.8771
8.55672	27.9141
8.55695	27.9512
8.55722	27.9882
8.56326	28.0253
8.56343	28.061
8.56783	28.0967
8.56786	28.1324
8.57446	28.1681
8.57462	28.2038
8.57906	28.2395
8.57916	28.2753
8.58638	28.311
8.58996	28.3467
8.5901	28.3824
8.59379	28.4181
8.60054	28.4538
8.6006	28.4895
8.60069	28.5253
8.6056	28.561
8.60574	28.5967
8.60999	28.6324
8.61005	28.6681
8.61007	28.7038
8.61027	28.7395
8.61566	28.7753
8.61579	28.811
8.62151	28.8467
8.62641	28.8824
8.62659	28.9181
8.63215	28.9538
8.63228	28.9895
8.63236	29.0253
8.63767	29.0597
8.63773	29.0942
8.63782	29.1287
8.64334	29.1632
8.64364	29.1977
8.64415	29.2322
8.6443	29.2666
8.64832	29.3011
8.64878	29.3356
8.64886	29.3701
8.65423	29.4046
8.65969	29.439
8.65987	29.4735
8.66028	29.508
8.66525	29.5425
8.67015	29.577
8.67687	29.6115
8.677	29.6459
8.68114	29.6804
8.68121	29.7149
8.68129	29.7494
8.68705	29.7839
8.68727	29.8184
8.68746	29.8528
8.68757	29.8873
8.68774	29.9218
8.69214	29.9563
8.69222	29.9908
8.69233	30.0253
8.69246	30.0586
8.69799	30.0919
8.70303	30.1253
8.70305	30.1586
8.7033	30.1919
8.70333	30.2253
8.70334	30.2586
8.70335	30.2919
8.70342	30.3253
8.7097	30.3586
8.72031	30.3919
8.72512	30.4253
8.73075	30.4586
8.73657	30.4919
8.73677	30.5253
8.73715	30.5586
8.7373	30.5919
8.7375	30.6253
8.73761	30.6586
8.74143	30.6919
8.74147	30.7253
8.74154	30.7586
8.74195	30.7919
8.74756	30.8253
8.74779	30.8586
8.7525	30.8919
8.75798	30.9253
8.75809	30.9586
8.75834	30.9919
8.75843	31.0253
8.76354	31.0575
8.76366	31.0898
8.76379	31.122
8.76388	31.1543
8.76923	31.1865
8.76929	31.2188
8.77554	31.2511
8.7758	31.2833
8.78022	31.3156
8.78038	31.3478
8.78055	31.3801
8.78075	31.4124
8.78094	31.4446
8.78144	31.4769
8.78536	31.5091
8.78584	31.5414
8.79079	31.5736
8.79656	31.6059
8.80722	31.6382
8.80729	31.6704
8.80738	31.7027
8.80759	31.7349
8.81355	31.7672
8.8181	31.7994
8.81816	31.8317
8.81823	31.864
8.81835	31.8962
8.81844	31.9285
8.8186	31.9607
8.81868	31.993
8.82398	32.0253
8.82412	32.0565
8.82447	32.0878
8.82458	32.119
8.82482	32.1503
8.82971	32.1815
8.83467	32.2128
8.83486	32.244
8.8351	32.2753
8.83533	32.3065
8.84043	32.3378
8.8405	32.369
8.84606	32.4003
8.84616	32.4315
8.85108	32.4628
8.85124	16.2314
8.85141	16.2939
8.8516	16.3564
8.85167	16.4189
8.85698	16.4814
8.85714	16.5439
8.86249	16.6064
8.86808	16.6689
8.86818	16.7314
8.86831	16.7939
8.87291	16.8564
8.87296	16.9189
8.87858	16.9814
8.87863	17.0439
8.8787	17.1027
8.87875	17.1615
8.87881	17.2203
8.87887	17.2792
8.88332	17.338
8.88349	17.3968
8.88858	17.4556
8.88869	17.5145
8.88879	17.5733
8.89192	17.6321
8.89198	17.6909
8.89337	17.7498
8.89343	17.8086
8.90657	17.8674
8.90684	17.9262
8.91371	17.9851
8.91386	18.0439
8.91388	18.0994
8.91395	18.155
8.91923	18.2105
8.91928	18.2661
8.91958	18.3217
8.91977	18.3772
8.91987	18.4328
8.92525	18.4883
8.93022	18.5439
8.93029	18.5994
8.93045	18.655
8.93063	18.7105
8.93076	18.7661
8.93427	18.8217
8.93434	18.8772
8.94111	18.9328
8.94119	18.9883
8.9414	19.0439
8.94155	19.0965
8.96017	19.1491
8.9609	19.2018
8.96164	19.2544
8.96247	19.307
8.96867	19.3597
8.96925	19.4123
8.96934	19.4649
8.96943	19.5176
8.97146	19.5702
8.97217	19.6228
8.97224	19.6755
8.97658	19.7281
8.97677	19.7807
8.97693	19.8334
8.97706	19.886
8.98196	19.9386
8.98271	19.9912
8.98276	20.0439
8.98402	20.0939
8.98755	20.1439
8.98766	20.1939
8.98779	20.2439
8.98792	20.2939
8.98807	20.3439
8.99203	20.3939
8.9921	20.4439
8.99226	20.4939
8.99249	20.5439
8.99257	20.5939
8.99266	20.6439
8.9961	20.6939
9.00024	20.7439
9.00027	20.7939
9.0017	20.8439
9.00185	20.8939
9.00824	20.9439
9.00835	20.9939
9.02473	21.0439
9.0249	21.0915
9.04643	21.1391
9.04822	21.1867
9.04826	21.2344
9.04834	21.282
9.04845	21.3296
9.04858	21.3772
9.0487	21.4248
9.05246	21.4724
9.05252	21.5201
9.05704	21.5677
9.05812	21.6153
9.05817	21.6629
9.05825	21.7105
9.06091	21.7582
9.06151	21.8058
9.06166	21.8534
9.06298	21.901
9.07155	21.9486
9.07162	21.9963
9.07418	22.0439
9.07423	22.0893
9.07427	22.1348
9.07627	22.1802
9.08125	22.2257
9.08411	22.2712
9.08418	22.3166
9.08425	22.3621
9.08428	22.4075
9.08438	22.453
9.0845	22.4984
9.08461	22.5439
9.08926	22.5893
9.08983	22.6348
9.09018	22.6802
9.09751	22.7257
9.10098	22.7712
9.10114	22.8166
9.10126	22.8621
9.10735	22.9075
9.11581	22.953
9.12444	22.9984
9.12455	23.0439
9.12841	23.0874
9.13484	23.1308
9.13842	23.1743
9.1386	23.2178
9.14034	23.2613
9.14036	23.3047
9.14168	23.3482
9.14174	23.3917
9.14183	23.4352
9.14205	23.4787
9.1447	23.5221
9.14485	23.5656
9.14501	23.6091
9.14872	23.6526
9.14878	23.6961
9.15184	23.7395
9.15198	23.783
9.15384	23.8265
9.15394	23.87
9.15404	23.9134
9.15411	23.9569
9.15801	24.0004
9.15814	24.0421
9.15872	24.0837
9.16006	24.1254
9.1691	24.1671
9.17018	24.2087
9.1706	24.2504
9.17691	24.2921
9.17763	24.3337
9.17766	24.3754
9.1777	24.4171
9.17984	24.4587
9.1874	24.5004
9.18751	24.5421
9.18974	24.5837
9.20292	24.6254
9.20367	24.6671
9.20431	24.7087
9.23399	24.7504
9.23459	24.7921
9.23537	24.8337
9.23611	24.8754
9.23748	24.9171
9.24033	24.9587
9.24107	25.0004
9.24217	25.0404
9.2429	25.0804
9.24657	25.1204
9.24717	25.1604
9.2484	25.2004
9.2492	25.2404
9.25107	25.2804
9.25181	25.3204
9.25186	25.3604
9.25381	25.4004
9.25452	25.4404
9.25522	25.4804
9.25602	25.5204
9.25803	25.5604
9.25957	25.6004
9.26045	25.6404
9.26172	25.6804
9.26321	25.7204
9.27568	25.7604
9.27653	25.8004
9.27988	25.8404
9.28034	25.8804
9.28533	25.9204
9.28548	25.9604
9.2856	26.0004
9.28573	26.0389
9.2859	26.0773
9.29631	26.1158
9.29638	26.1542
9.30162	26.1927
9.30165	26.2312
9.30197	26.2696
9.31296	26.3081
9.31308	26.3466
9.31318	26.385
9.32858	26.4235
9.32885	26.4619
9.32895	26.5004
9.33384	26.5389
9.33467	26.5773
9.33696	26.6158
9.3373	26.6542
9.33739	26.6927
9.33746	26.7312
9.34181	26.7696
9.34186	26.8081
9.34335	26.8466
9.34393	26.885
9.34894	26.9235
9.34901	26.9619
9.34906	27.0004
9.35498	27.0374
9.35527	27.0745
9.35531	27.1115
9.35534	27.1485
9.35536	27.1856
9.3603	27.2226
9.36519	27.2597
9.36524	27.2967
9.3654	27.3337
9.3655	27.3708
9.3656	27.4078
9.37095	27.4448
9.37103	27.4819
9.37626	27.5189
9.37644	27.556
9.37665	27.593
9.37676	27.63
9.38168	27.6671
9.38173	27.7041
9.38175	27.7411
9.38178	27.7782
9.38736	27.8152
9.39299	27.8523
9.39306	27.8893
9.41957	27.9263
9.41973	27.9634
9.41988	28.0004
9.42222	28.0361
9.42228	28.0718
9.42345	28.1075
9.4235	28.1433
9.42358	28.179
9.42367	28.2147
9.42369	28.2504
9.42771	28.2861
9.42775	28.3218
9.42781	28.3575
9.42794	28.3933
9.42802	28.429
9.42827	28.4647
9.43375	28.5004
9.43394	28.5361
9.4377	28.5718
9.43776	28.6075
9.44063	28.6433
9.44289	28.679
9.44296	28.7147
9.44307	28.7504
9.44854	28.7861
9.46619	28.8218
9.46625	28.8575
9.46635	28.8933
9.46647	28.929
9.46968	28.9647
9.46973	29.0004
9.47606	29.0349
9.47618	29.0694
9.47633	29.1038
9.48091	29.1383
9.48112	29.1728
9.49241	29.2073
9.49252	29.2418
9.49788	29.2763
9.49808	29.3107
9.49825	29.3452
9.49835	29.3797
9.49847	29.4142
9.50325	29.4487
9.50912	29.4832
9.50928	29.5176
9.50946	29.5521
9.50961	29.5866
9.50973	29.6211
9.51385	29.6556
9.5139	29.6901
9.51396	29.7245
9.51408	29.759
9.5142	29.7935
9.51723	29.828
9.51744	29.8625
9.51758	29.897
9.51765	29.9314
9.51772	29.9659
9.52271	30.0004
9.54518	30.0337
9.54536	30.0671
9.54546	30.1004
9.55096	30.1337
9.55578	30.1671
9.55585	30.2004
9.55592	30.2337
9.5563	30.2671
9.56707	30.3004
9.56721	30.3337
9.5673	30.3671
9.57215	30.4004
9.57455	30.4337
9.5802	30.4671
9.58772	30.5004
9.58973	30.5337
9.58984	30.5671
9.5937	30.6004
9.59532	30.6337
9.59543	30.6671
9.59552	30.7004
9.59739	30.7337
9.59744	30.7671
9.59753	30.8004
9.59763	30.8337
9.59773	30.8671
9.59787	30.9004
9.59796	30.9337
9.59798	30.9671
9.60316	31.0004
9.60324	31.0327
9.60331	31.0649
9.60351	31.0972
9.63368	31.1294
9.63376	31.1617
9.63816	31.1939
9.63835	31.2262
9.63845	31.2585
9.63848	31.2907
9.63853	31.323
9.63859	31.3552
9.64394	31.3875
9.64503	31.4198
9.64917	31.452
9.65623	31.4843
9.65932	31.5165
9.65939	31.5488
9.66213	31.581
9.66216	31.6133
9.66224	31.6456
9.6626	31.6778
9.6627	31.7101
9.66784	31.7423
9.66845	31.7746
9.66857	31.8069
9.66909	31.8391
9.66918	31.8714
9.67394	31.9036
9.674	31.9359
9.67407	31.9681
9.67423	32.0004
9.67435	32.0316
9.67765	32.0629
9.68568	32.0941
9.69055	32.1254
9.69446	32.1566
9.69458	32.1879
9.69609	32.2191
9.69624	32.2504
9.69645	32.2816
9.69741	32.3129
9.69749	32.3441
9.69752	32.3754
9.70606	32.4066
9.71086	32.4379
9.73095	32.4691
9.73104	32.5004
9.73702	32.5316
9.73713	32.5629
9.73734	32.5941
9.73754	32.6254
9.73771	32.6566
9.74101	32.6879
9.75081	32.7191
9.75096	32.7504
9.75107	32.7816
9.75117	32.8129
9.75508	32.8441
9.75514	32.8754
9.75521	32.9066
9.75535	32.9379
9.76201	32.9691
9.76207	33.0004
9.76215	33.0307
9.76228	33.061
9.76237	33.0913
9.76247	33.1216
9.76256	33.1519
9.76258	33.1822
9.76706	33.2125
9.77006	33.2428
9.77017	33.2731
9.77025	33.3034
9.77413	33.3337
9.77426	33.364
9.77978	33.3943
9.78247	33.4246
9.79804	33.4549
9.79823	33.4852
9.80231	33.5156
9.80239	33.5459
9.80242	33.5762
9.80502	33.6065
9.80515	33.6368
9.80529	33.6671
9.83184	33.6974
9.83193	33.7277
9.832	33.758
9.83759	33.7883
9.83768	33.8186
9.83777	33.8489
9.83792	33.8792
9.83804	33.9095
9.83834	33.9398
9.83839	33.9701
9.84254	34.0004
9.84278	34.0298
9.84289	34.0592
9.84296	34.0886
9.84314	34.118
9.84318	34.1475
9.84796	34.1769
9.84799	34.2063
9.84808	34.2357
9.8482	34.2651
9.84828	34.2945
9.84845	34.3239
9.85357	34.3533
9.85898	34.3828
9.85906	34.4122
9.86731	34.4416
9.86736	34.471
9.86745	34.5004
9.87288	34.5298
9.87297	34.5592
9.87309	34.5886
9.87322	34.618
9.87603	34.6475
9.89868	34.6769
9.89871	34.7063
9.89909	34.7357
9.90435	34.7651
9.90716	34.7945
9.90723	34.8239
9.90736	34.8533
9.90914	34.8828
9.90917	34.9122
9.91464	34.9416
9.91616	34.971
9.91621	35.0004
9.91628	35.029
9.91645	35.0575
9.91654	35.0861
9.91662	35.1147
9.92176	35.1433
9.92188	35.1718
9.92199	35.2004
9.92208	35.229
9.92214	35.2575
9.92679	35.2861
9.92681	35.3147
9.92934	35.3433
9.92963	35.3718
9.93047	35.4004
9.94797	35.429
9.94808	35.4575
9.95333	35.4861
9.95338	35.5147
9.95345	35.5433
9.95375	35.5718
9.96005	35.6004
9.96021	35.629
9.966	35.6575
9.97051	35.6861
9.97057	35.7147
9.97066	35.7433
9.97077	35.7718
9.975	35.8004
9.9754	35.829
9.97554	35.8575
9.97568	35.8861
9.97584	35.9147
9.97615	35.9433
9.97636	35.9718
9.98092	36.0004
9.98098	36.0282
9.98104	36.056
9.98118	36.0837
9.98127	36.1115
9.99298	36.1393
9.99852	36.1671
9.99865	36.1948
9.99888	36.2226
9.99902	36.2504
10.0098	36.2782
10.0099	36.306
10.0101	36.3337
10.0102	36.3615
10.0148	36.3893
10.0248	36.4171
10.025	36.4448
10.0291	36.4726
10.0297	36.5004
10.03	36.5282
10.0302	36.556
10.0307	36.5837
10.0309	36.6115
10.0326	36.6393
10.0327	36.6671
10.0359	36.6948
10.0366	36.7226
10.0366	36.7504
10.041	36.7782
10.0412	36.806
10.0412	36.8337
10.0444	36.8615
10.0447	36.8893
10.0448	36.9171
10.0499	36.9448
10.05	36.9726
10.0615	37.0004
10.0617	37.0274
10.0676	37.0545
10.0677	37.0815
10.0721	37.1085
10.0787	37.1355
10.083	37.1626
10.0831	37.1896
10.0832	37.2166
10.0834	37.2436
10.0835	37.2707
10.0835	37.2977
10.0892	37.3247
10.0896	37.3518
10.0943	37.3788
10.1058	37.4058
10.1105	37.4328
10.1105	37.4599
10.1106	37.4869
10.1108	37.5139
10.1109	37.5409
10.111	37.568
10.1161	37.595
10.1217	37.622
10.1218	37.649
10.1218	37.6761
10.1219	37.7031
10.122	37.7301
10.1274	37.7572
10.1277	37.7842
10.1279	37.8112
10.1281	37.8382
10.1282	37.8653
10.1324	37.8923
10.1324	37.9193
10.1325	37.9463
10.1381	37.9734
10.1381	38.0004
10.1383	38.0267
10.139	38.053
10.1433	38.0793
10.1434	38.1057
10.1497	38.132
10.1499	38.1583
10.1501	38.1846
10.1543	38.2109
10.1543	38.2372
10.1544	38.2636
10.1612	38.2899
10.1766	38.3162
10.1767	38.3425
10.1769	38.3688
10.1878	38.3951
10.1927	38.4215
10.1927	38.4478
10.1928	38.4741
10.193	38.5004
10.193	38.5267
10.1931	38.553
10.1986	38.5793
10.1995	38.6057
10.1997	38.632
10.2036	38.6583
10.2037	38.6846
10.2037	38.7109
10.2097	38.7372
10.2255	38.7636
10.2256	38.7899
10.2258	38.8162
10.2259	38.8425
10.2261	38.8688
10.2262	38.8951
10.2374	38.9215
10.242	38.9478
10.2421	38.9741
10.2423	39.0004
10.2424	39.026
10.2476	39.0517
10.2478	39.0773
10.248	39.103
10.2481	39.1286
10.2483	39.1542
10.2484	39.1799
10.2485	39.2055
10.2486	39.2312
10.2529	39.2568
10.2639	39.2825
10.2754	39.3081
10.2803	39.3337
10.2803	39.3594
10.2808	39.385
10.2858	39.4107
10.286	39.4363
10.2861	39.4619
10.2914	39.4876
10.2916	39.5132
10.2969	39.5389
10.3077	39.5645
10.3079	39.5901
10.308	39.6158
10.3081	39.6414
10.3082	39.6671
10.3135	39.6927
10.3144	39.7183
10.3146	39.744
10.3188	39.7696
10.3189	39.7953
10.319	39.8209
10.3242	39.8466
10.3247	39.8722
10.3256	19.9361
10.3298	19.9887
10.3299	20.0414
10.33	20.0914
10.3301	20.1414
10.3351	20.1914
10.3411	20.2414
10.3466	20.2914
10.3516	20.3414
10.3517	20.3914
10.3524	20.4414
10.3526	20.4914
10.3569	20.5414
10.357	20.5914
10.3626	20.6414
10.3735	20.6914
10.379	20.7414
10.3792	20.7914
10.3792	20.8414
10.3793	20.8914
10.3794	20.9414
10.3846	20.9914
10.3849	21.0414
10.3908	21.089
10.3954	21.1366
10.3956	21.1842
10.4009	21.2318
10.4118	21.2795
10.4119	21.3271
10.412	21.3747
10.4121	21.4223
10.4121	21.4699
10.4175	21.5176
10.4175	21.5652
10.4176	21.6128
10.4289	21.6604
10.4291	21.708
10.4293	21.7556
10.4294	21.8033
10.4397	21.8509
10.4397	21.8985
10.4501	21.9461
10.4502	21.9937
10.4503	22.0414
10.4504	22.0868
10.4505	22.1323
10.4506	22.1777
10.4567	22.2232
10.4568	22.2686
10.4571	22.3141
10.4572	22.3595
10.4574	22.405
10.461	22.4505
10.4611	22.4959
10.4612	22.5414
10.4613	22.5868
10.4721	22.6323
10.4722	22.6777
10.4723	22.7232
10.4724	22.7686
10.505	22.8141
10.5051	22.8595
10.5051	22.905
10.5109	22.9505
10.5113	22.9959
10.5116	23.0414
10.5118	23.0848
10.5159	23.1283
10.5159	23.1718
10.516	23.2153
10.5162	23.2588
10.5201	23.3022
10.5258	23.3457
10.5261	23.3892
10.5264	23.4327
10.5265	23.4761
10.5299	23.5196
10.5299	23.5631
10.5353	23.6066
10.5355	23.6501
10.5356	23.6935
10.5405	23.737
10.5678	23.7805
10.5678	23.824
10.5735	23.8674
10.5736	23.9109
10.5737	23.9544
10.5738	23.9979
10.5739	24.0414
10.574	24.083
10.5794	24.1247
10.5796	24.1664
10.5798	24.208
10.5801	24.2497
10.59	24.2914
10.5901	24.333
10.5954	24.3747
10.5956	24.4164
10.6009	24.458
10.601	24.4997
10.6065	24.5414
10.6066	24.583
10.612	24.6247
10.6121	24.6664
10.6122	24.708
10.6323	24.7497
10.6324	24.7914
10.6326	24.833
10.6327	24.8747
10.6355	24.9164
10.6355	24.958
10.6356	24.9997
10.6358	25.0414
10.6401	25.0814
10.6442	25.1214
10.6443	25.1614
10.6446	25.2014
10.6651	25.2414
10.6651	25.2814
10.6652	25.3214
10.6707	25.3614
10.6708	25.4014
10.6735	25.4414
10.6956	25.4814
10.6957	25.5214
10.6959	25.5614
10.6973	25.6014
10.6975	25.6414
10.6979	25.6814
10.7202	25.7214
10.7203	25.7614
10.7205	25.8014
10.7206	25.8414
10.7208	25.8814
10.7249	25.9214
10.7249	25.9614
10.7251	26.0014
10.7303	26.0398
10.7307	26.0783
10.7414	26.1167
10.7414	26.1552
10.7415	26.1937
10.7416	26.2321
10.7467	26.2706
10.7467	26.3091
10.7471	26.3475
10.7534	26.386
10.7577	26.4244
10.7637	26.4629
10.7638	26.5014
10.7641	26.5398
10.7644	26.5783
10.7686	26.6167
10.7687	26.6552
10.8128	26.6937
10.8129	26.7321
10.813	26.7706
10.819	26.8091
10.8234	26.8475
10.8235	26.886
10.8235	26.9244
10.8237	26.9629
10.8238	27.0014
10.8239	27.0384
10.824	27.0754
10.8241	27.1125
10.8291	27.1495
10.8292	27.1865
10.8294	27.2236
10.8295	27.2606
10.8297	27.2977
10.8298	27.3347
10.8299	27.3717
10.83	27.4088
10.84	27.4458
10.8402	27.4828
10.8404	27.5199
10.8407	27.5569
10.8454	27.594
10.8515	27.631
10.8743	27.668
10.8789	27.7051
10.884	27.7421
10.884	27.7791
10.8841	27.8162
10.8842	27.8532
10.8843	27.8902
10.8844	27.9273
10.8845	27.9643
10.8845	28.0014
10.8898	28.0371
10.8899	28.0728
10.8902	28.1085
10.8904	28.1442
10.8948	28.1799
10.8949	28.2156
10.895	28.2514
10.8951	28.2871
10.8951	28.3228
10.8952	28.3585
10.9002	28.3942
10.9003	28.4299
10.9221	28.4656
10.928	28.5014
10.933	28.5371
10.9333	28.5728
10.9359	28.6085
10.9441	28.6442
10.9494	28.6799
10.9553	28.7156
10.9555	28.7514
10.9556	28.7871
10.956	28.8228
10.9563	28.8585
10.9605	28.8942
10.9605	28.9299
10.9606	28.9656
10.9607	29.0014
10.9608	29.0358
10.9608	29.0703
10.9662	29.1048
10.9662	29.1393
10.9663	29.1738
10.9715	29.2083
10.9715	29.2427
10.9718	29.2772
10.972	29.3117
10.9722	29.3462
10.9775	29.3807
10.9877	29.4152
10.9878	29.4496
10.9878	29.4841
10.9988	29.5186
10.9989	29.5531
11.0042	29.5876
11.0105	29.622
11.0106	29.6565
11.0107	29.691
11.0109	29.7255
11.0155	29.76
11.0155	29.7945
11.0155	29.8289
11.0157	29.8634
11.0158	29.8979
11.0158	29.9324
11.0219	29.9669
11.022	30.0014
11.0221	30.0347
11.0224	30.068
11.0225	30.1014
11.0262	30.1347
11.0262	30.168
11.0263	30.2014
11.0264	30.2347
11.0265	30.268
11.0265	30.3014
11.0266	30.3347
11.0267	30.368
11.0321	30.4014
11.0321	30.4347
11.0322	30.468
11.0364	30.5014
11.0409	30.5347
11.0433	30.568
11.0586	30.6014
11.0588	30.6347
11.0642	30.668
11.0644	30.7014
11.0647	30.7347
11.0649	30.768
11.0651	30.8014
11.0651	30.8347
11.0694	30.868
11.0695	30.9014
11.0696	30.9347
11.0783	30.968
11.0812	31.0014
11.0812	31.0336
11.0813	31.0659
11.0814	31.0981
11.0815	31.1304
11.0816	31.1627
11.0816	31.1949
11.0817	31.2272
11.0868	31.2594
11.0868	31.2917
11.087	31.3239
11.0872	31.3562
11.0873	31.3885
11.0875	31.4207
11.0876	31.453
11.0878	31.4852
11.0923	31.5175
11.0977	31.5497
11.1173	31.582
11.118	31.6143
11.1181	31.6465
11.1183	31.6788
11.1184	31.711
11.1288	31.7433
11.1323	31.7756
11.1324	31.8078
11.1325	31.8401
11.1326	31.8723
11.1327	31.9046
11.1328	31.9368
11.1329	31.9691
11.133	32.0014
11.138	32.0326
11.1382	32.0639
11.1382	32.0951
11.1383	32.1264
11.1383	32.1576
11.144	32.1889
11.1442	32.2201
11.1443	32.2514
11.1488	32.2826
11.1489	32.3139
11.1489	32.3451
11.149	32.3764
11.1491	32.4076
11.1492	32.4389
11.1547	32.4701
11.1552	32.5014
11.1603	32.5326
11.1604	32.5639
11.1653	32.5951
11.1653	32.6264
11.1713	32.6576
11.1715	32.6889
11.1814	32.7201
11.1815	32.7514
11.1817	32.7826
11.1838	32.8139
11.1951	32.8451
11.1952	32.8764
11.1955	32.9076
11.1956	32.9389
11.1986	32.9701
11.1986	33.0014
11.1987	33.0317
11.199	33.062
11.1991	33.0923
11.1992	33.1226
11.204	33.1529
11.2047	33.1832
11.2099	33.2135
11.21	33.2438
11.2103	33.2741
11.2103	33.3044
11.2104	33.3347
11.2107	33.365
11.215	33.3953
11.2151	33.4256
11.2262	33.4559
11.2263	33.4862
11.2264	33.5165
11.2265	33.5468
11.2322	33.5771
11.2323	33.6074
11.2435	33.6377
11.248	33.668
11.2539	33.6983
11.254	33.7286
11.2591	33.7589
11.2593	33.7892
11.2595	33.8195
11.2643	33.8498
11.2647	33.8801
11.2711	33.9105
11.2713	33.9408
11.2715	33.9711
11.2716	34.0014
11.2718	34.0308
11.2754	34.0602
11.2754	34.0896
11.2755	34.119
11.2756	34.1484
11.2757	34.1778
11.2757	34.2072
11.2758	34.2367
11.2759	34.2661
11.2814	34.2955
11.2818	34.3249
11.282	34.3543
11.2822	34.3837
11.2823	34.4131
11.2825	34.4425
11.2863	34.4719
11.2864	34.5014
11.2973	34.5308
11.2974	34.5602
11.2978	34.5896
11.3084	34.619
11.3084	34.6484
11.3137	34.6778
11.3137	34.7072
11.3138	34.7367
11.314	34.7661
11.314	34.7955
11.3141	34.8249
11.3199	34.8543
11.3411	34.8837
11.3412	34.9131
11.3412	34.9425
11.3414	34.9719
11.3415	35.0014
11.3416	35.0299
11.3416	35.0585
11.3418	35.0871
11.347	35.1156
11.3471	35.1442
11.3472	35.1728
11.3473	35.2014
11.3475	35.2299
11.3476	35.2585
11.3525	35.2871
11.3575	35.3156
11.3575	35.3442
11.3576	35.3728
11.3578	35.4014
11.3578	35.4299
11.3579	35.4585
11.3638	35.4871
11.3639	35.5156
11.3688	35.5442
11.3797	35.5728
11.3798	35.6014
11.3799	35.6299
11.3852	35.6585
11.3854	35.6871
11.3911	35.7156
11.3913	35.7442
11.3914	35.7728
11.3915	35.8014
11.3917	35.8299
11.3959	35.8585
11.3959	35.8871
11.396	35.9156
11.4019	35.9442
11.4071	35.9728
11.4073	36.0014
11.4073	36.0291
11.4074	36.0569
11.4181	36.0847
11.4182	36.1125
11.4183	36.1402
11.4184	36.168
11.4233	36.1958
11.4233	36.2236
11.4235	36.2514
11.4235	36.2791
11.4236	36.3069
11.4237	36.3347
11.4238	36.3625
11.4299	36.3902
11.4301	36.418
11.4301	36.4458
11.4344	36.4736
11.4345	36.5014
11.4349	36.5291
11.4507	36.5569
11.4508	36.5847
11.4511	36.6125
11.4512	36.6402
11.4512	36.668
11.4562	36.6958
11.4562	36.7236
11.4563	36.7514
11.4563	36.7791
11.4565	36.8069
11.4628	36.8347
11.463	36.8625
11.4672	36.8902
11.4744	36.918
11.4782	36.9458
11.4784	36.9736
11.4786	37.0014
11.4787	37.0284
11.4838	37.0554
11.4894	37.0824
11.4897	37.1095
11.4905	37.1365
11.4946	37.1635
11.4947	37.1905
11.4948	37.2176
11.4949	37.2446
11.4951	37.2716
11.5001	37.2987
11.5002	37.3257
11.5055	37.3527
11.5059	37.3797
11.5059	37.4068
11.5125	37.4338
11.5126	37.4608
11.5165	37.4878
11.5169	37.5149
11.517	37.5419
11.5171	37.5689
11.5219	37.596
11.522	37.623
11.5222	37.65
11.5224	37.677
11.5278	37.7041
11.5281	37.7311
11.5288	37.7581
11.5329	37.7851
11.5388	37.8122
11.5388	37.8392
11.5499	37.8662
11.5552	37.8933
11.5553	37.9203
11.5555	37.9473
11.5556	37.9743
11.5559	38.0014
11.5608	38.0277
11.5609	38.054
11.5661	38.0803
11.5663	38.1066
11.5665	38.1329
11.5666	38.1593
11.5667	38.1856
11.5668	38.2119
11.5669	38.2382
11.567	38.2645
11.5713	38.2908
11.5714	38.3171
11.5715	38.3435
11.5716	38.3698
11.5717	38.3961
11.5719	38.4224
11.572	38.4487
11.5768	38.475
11.577	38.5014
11.5771	38.5277
11.5832	38.554
11.5936	38.5803
11.594	38.6066
11.5945	38.6329
11.5946	38.6593
11.5992	38.6856
11.5998	38.7119
11.6	38.7382
11.6002	38.7645
11.6099	38.7908
11.6104	38.8171
11.6159	38.8435
11.6207	38.8698
11.6208	38.8961
11.6212	38.9224
11.626	38.9487
11.6262	38.975
11.6263	39.0014
11.6265	39.027
11.6266	39.0526
11.6318	39.0783
11.632	39.1039
11.6322	39.1296
11.6323	39.1552
11.6325	39.1808
11.6326	39.2065
11.6328	39.2321
11.633	39.2578
11.637	39.2834
11.6371	39.3091
11.6373	39.3347
11.6433	39.3603
11.6435	39.386
11.6436	39.4116
11.6482	39.4373
11.6483	39.4629
11.6484	39.4885
11.6485	39.5142
11.6534	39.5398
11.6537	39.5655
11.6589	39.5911
11.659	39.6167
11.6591	39.6424
11.6592	39.668
11.6644	39.6937
11.6645	39.7193
11.6646	39.7449
11.6648	39.7706
11.665	39.7962
11.6703	39.8219
11.6706	39.8475
11.6757	39.8732
11.6758	39.8988
11.6812	39.9244
11.6813	39.9501
11.6866	39.9757
11.6873	19.9879
11.6878	20.0405
11.6924	20.0905
11.6972	20.1405
11.6973	20.1905
11.6974	20.2405
11.6975	20.2905
11.6976	20.3405
11.7031	20.3905
11.7032	20.4405
11.7037	20.4905
11.7082	20.5405
11.7084	20.5905
11.7085	20.6405
11.7086	20.6905
11.7087	20.7405
11.7087	20.7905
11.714	20.8405
11.7143	20.8905
11.7144	20.9405
11.7147	20.9905
11.7151	21.0405
11.7192	21.0881
11.7194	21.1357
11.7196	21.1833
11.7197	21.231
11.7249	21.2786
11.7259	21.3262
11.7261	21.3738
11.7301	21.4214
11.7364	21.4691
11.7366	21.5167
11.7368	21.5643
11.737	21.6119
11.7412	21.6595
11.7413	21.7072
11.7417	21.7548
11.7466	21.8024
11.7467	21.85
11.7633	21.8976
11.7636	21.9453
11.7688	21.9929
11.769	22.0405
11.7743	22.0859
11.7752	22.1314
11.7754	22.1769
11.7756	22.2223
11.7794	22.2678
11.7797	22.3132
11.7799	22.3587
11.785	22.4041
11.7855	22.4496
11.7856	22.495
11.7905	22.5405
11.7906	22.5859
11.7908	22.6314
11.7963	22.6769
11.7965	22.7223
11.7969	22.7678
11.7991	22.8132
11.8048	22.8587
11.8106	22.9041
11.8107	22.9496
11.8157	22.995
11.8158	23.0405
11.8219	23.084
11.8221	23.1274
11.8223	23.1709
11.8227	23.2144
11.8268	23.2579
11.8302	23.3014
11.831	23.3448
11.8332	23.3883
11.8333	23.4318
11.8353	23.4753
11.8367	23.5188
11.8381	23.5622
11.8383	23.6057
11.8402	23.6492
11.843	23.6927
11.8437	23.7361
11.8444	23.7796
11.8515	23.8231
11.8529	23.8666
11.853	23.9101
11.855	23.9535
11.8563	23.997
11.8585	24.0405
11.8607	24.0822
11.8616	24.1238
11.8644	24.1655
11.8664	24.2072
11.8686	24.2488
11.8691	24.2905
11.8841	24.3322
11.8896	24.3738
11.8901	24.4155
11.8924	24.4572
11.8937	24.4988
11.8951	24.5405
11.8952	24.5822
11.8965	24.6238
11.9016	24.6655
11.9071	24.7072
11.9072	24.7488
11.9085	24.7905
11.9087	24.8322
11.9093	24.8738
11.9155	24.9155
11.9156	24.9572
11.9163	24.9988
11.917	25.0405
11.9183	25.0805
11.9183	25.1205
11.9233	25.1605
11.9246	25.2005
11.9325	25.2405
11.9364	25.2805
11.9405	25.3205
11.9406	25.3605
11.9437	25.4005
11.9463	25.4405
11.9464	25.4805
11.9483	25.5205
11.9489	25.5605
11.9504	25.6005
11.9511	25.6405
11.9512	25.6805
11.9536	25.7205
11.9544	25.7605
11.9552	25.8005
11.9564	25.8405
11.9565	25.8805
11.96	25.9205
11.9607	25.9605
11.9614	26.0005
11.9629	26.039
11.9651	26.0774
11.9779	26.1159
11.9808	26.1543
12.0122	26.1928
12.0133	26.2313
12.0141	26.2697
12.0141	26.3082
12.0232	26.3466
12.024	26.3851
12.028	26.4236
12.0294	26.462
12.0302	26.5005
12.034	26.539
12.0348	26.5774
12.0363	26.6159
12.0364	26.6543
12.0383	26.6928
12.039	26.7313
12.0402	26.7697
12.0438	26.8082
12.0444	26.8466
12.0451	26.8851
12.0465	26.9236
12.0465	26.962
12.0466	27.0005
12.0485	27.0375
12.0486	27.0746
12.0553	27.1116
12.0567	27.1486
12.0826	27.1857
12.085	27.2227
12.0881	27.2598
12.0893	27.2968
12.0901	27.3338
12.0987	27.3709
12.0993	27.4079
12.1047	27.4449
12.1054	27.482
12.1068	27.519
12.1069	27.556
12.1089	27.5931
12.1124	27.6301
12.1124	27.6672
12.1125	27.7042
12.1144	27.7412
12.1152	27.7783
12.1229	27.8153
12.1317	27.8523
12.1328	27.8894
12.1329	27.9264
12.1342	27.9635
12.1343	28.0005
12.1357	28.0362
12.1376	28.0719
12.1384	28.1076
12.1397	28.1433
12.167	28.1791
12.1671	28.2148
12.1723	28.2505
12.178	28.2862
12.1808	28.3219
12.1814	28.3576
12.1827	28.3933
12.1828	28.4291
12.1842	28.4648
12.1842	28.5005
12.1843	28.5362
12.1844	28.5719
12.1985	28.6076
12.1992	28.6433
12.2007	28.6791
12.2027	28.7148
12.2042	28.7505
12.2055	28.7862
12.2057	28.8219
12.2076	28.8576
12.2149	28.8933
12.2156	28.9291
12.2164	28.9648
12.2203	14.4824
12.2211	14.5538
12.2218	14.6252
12.2225	14.6967
12.2232	14.7681
12.254	14.8395
12.2581	14.911
12.2642	14.9824
12.2664	15.0538
12.2684	15.1205
12.269	15.1872
12.2697	15.2538
12.2751	15.3205
12.2854	15.3872
12.2869	15.4538
12.2869	15.5205
12.2889	15.5872
12.2896	15.6538
12.2897	15.7205
12.2908	15.7872
12.2928	15.8538
12.2958	15.9205
12.2978	15.9872
12.2993	16.0538
12.3006	16.1163
12.3013	16.1788
12.3041	16.2413
12.3532	16.3038
12.3631	16.3663
12.3676	16.4288
12.3682	16.4913
12.3702	16.5538
12.3711	16.6163
12.3726	16.6788
12.3738	16.7413
12.3751	16.8038
12.3782	16.8663
12.3787	16.9288
12.3801	16.9913
12.3801	17.0538
12.3835	17.1126
12.3898	17.1715
12.3916	17.2303
12.4224	17.2891
12.4302	17.3479
12.4334	17.4068
12.4392	17.4656
12.4411	17.5244
12.4412	17.5832
12.4498	17.6421
12.4519	17.7009
12.4607	17.7597
12.4613	17.8185
12.462	17.8773
12.4633	17.9362
12.4664	17.995
12.4677	18.0538
12.4684	18.1094
12.4684	18.1649
12.4698	18.2205
12.4768	18.276
12.4984	18.3316
12.4989	18.3872
12.5025	18.4427
12.5042	18.4983
12.5048	18.5538
12.5062	18.6094
12.5069	18.6649
12.5167	18.7205
12.5215	18.776
12.5221	18.8316
12.5228	18.8872
12.5241	18.9427
12.5241	18.9983
12.5251	19.0538
12.5258	19.1064
12.5266	19.1591
12.5273	19.2117
12.5387	19.2643
12.5413	19.317
12.5443	19.3696
12.5526	19.4222
12.5553	19.4749
12.5573	19.5275
12.558	19.5801
12.5602	19.6328
12.5669	19.6854
12.568	19.738
12.5688	19.7907
12.5723	19.8433
12.5729	19.8959
12.5738	19.9486
12.5739	20.0012
12.5751	20.0512
12.5778	20.1012
12.5786	20.1512
12.5793	20.2012
12.5827	20.2512
12.5834	20.3012
12.5898	20.3512
12.5912	20.4012
12.5913	20.4512
12.5926	20.5012
12.5946	20.5512
12.5962	20.6012
12.6014	20.6512
12.6028	20.7012
12.6098	20.7512
12.6106	20.8012
12.6113	20.8512
12.612	20.9012
12.6126	20.9512
12.6133	21.0012
12.614	21.0488
12.6149	21.0964
12.6162	21.144
12.6169	21.1917
12.6268	21.2393
12.6285	21.2869
12.6348	21.3345
12.6362	21.3821
12.6364	21.4298
12.639	21.4774
12.6552	21.525
12.6575	21.5726
12.6583	21.6202
12.6583	21.6679
12.661	21.7155
12.663	21.7631
12.6638	21.8107
12.6666	21.8583
12.6673	21.9059
12.6687	21.9536
12.6687	22.0012
12.6701	22.0466
12.6708	22.0921
12.6781	22.1375
12.68	22.183
12.6801	22.2285
12.6815	22.2739
12.6864	22.3194
12.6871	22.3648
12.6871	22.4103
12.6899	22.4557
12.6906	22.5012
12.7062	22.5466
12.7082	22.5921
12.7082	22.6375
12.7083	22.683
12.7102	22.7285
12.7117	22.7739
12.7131	22.8194
12.7146	22.8648
12.7147	22.9103
12.7175	22.9557
12.7201	23.0012
12.7208	23.0447
12.7222	23.0881
12.7287	23.1316
12.7295	23.1751
12.733	23.2186
12.7355	23.2621
12.7356	23.3055
12.7357	23.349
12.7384	23.3925
12.7391	23.436
12.7419	23.4794
12.7419	23.5229
12.742	23.5664
12.7439	23.6099
12.7468	23.6534
12.7469	23.6968
12.7484	23.7403
12.7484	23.7838
12.7497	23.8273
12.7503	23.8708
12.7511	23.9142
12.7518	23.9577
12.7548	24.0012
12.7625	24.0429
12.7638	24.0845
12.7781	24.1262
12.7795	24.1679
12.7822	24.2095
12.7849	24.2512
12.7869	24.2929
12.787	24.3345
12.7877	24.3762
12.7884	24.4179
12.7898	24.4595
12.7914	24.5012
12.7933	24.5429
12.7961	24.5845
12.7961	24.6262
12.7975	24.6679
12.7976	24.7095
12.7989	24.7512
12.7998	24.7929
12.8004	24.8345
12.8017	24.8762
12.8042	24.9179
12.8054	24.9595
12.8061	25.0012
12.8075	25.0412
12.8089	25.0812
12.8102	25.1212
12.8122	25.1612
12.8124	25.2012
12.8143	25.2412
12.8151	25.2812
12.8158	25.3212
12.8165	25.3612
12.8178	25.4012
12.8178	25.4412
12.8186	25.4812
12.8199	25.5212
12.832	25.5612
12.8328	25.6012
12.8481	25.6412
12.8488	25.6812
12.8521	25.7212
12.854	25.7612
12.8554	25.8012
12.8581	25.8412
12.8584	25.8812
12.859	25.9212
12.8611	25.9612
12.8611	26.0012
12.8638	26.0396
12.8645	26.0781
12.8652	26.1166
12.8659	26.155
12.8659	26.1935
12.8667	26.232
12.8674	26.2704
12.8687	26.3089
12.8787	26.3473
12.8801	26.3858
12.8814	26.4243
12.8829	26.4627
12.883	26.5012
12.8864	26.5396
12.8871	26.5781
12.8899	26.6166
12.89	26.655
12.89	26.6935
12.8914	26.732
12.8921	26.7704
12.8934	26.8089
12.8949	26.8473
12.8949	26.8858
12.895	26.9243
12.895	26.9627
12.897	27.0012
12.8978	27.0382
12.8997	27.0753
12.917	27.1123
12.9183	27.1493
12.9184	27.1864
12.9204	27.2234
12.9211	27.2604
12.9225	27.2975
12.9239	27.3345
12.926	27.3716
12.926	27.4086
12.9261	27.4456
12.9281	27.4827
12.9288	27.5197
12.9298	27.5567
12.9304	27.5938
12.9311	27.6308
12.9325	27.6679
12.9325	27.7049
12.9356	27.7419
12.9369	27.779
12.9383	27.816
12.9455	27.853
12.9463	27.8901
12.9479	27.9271
12.9498	27.9641
12.9498	28.0012
12.9512	28.0369
12.9534	28.0726
12.9541	28.1083
12.9546	28.144
12.9568	28.1798
12.9575	28.2155
12.9589	28.2512
12.9603	28.2869
12.961	28.3226
12.9617	28.3583
12.9624	28.394
12.9628	28.4298
12.9635	28.4655
12.9651	28.5012
12.9696	28.5369
12.971	28.5726
12.9811	28.6083
12.9838	28.644
12.9845	28.6798
12.9858	28.7155
12.9866	28.7512
12.988	28.7869
12.9888	28.8226
12.9908	28.8583
12.9916	28.894
12.9922	28.9298
12.9937	28.9655
12.9944	29.0012
12.995	29.0357
12.9958	29.0702
13.0019	29.1046
13.003	29.1391
13.0037	29.1736
13.009	29.2081
13.0112	29.2426
13.0133	29.277
13.0199	29.3115
13.0211	29.346
13.0232	29.3805
13.0242	29.415
13.0253	29.4495
13.0265	29.4839
13.0273	29.5184
13.028	29.5529
13.0287	29.5874
13.0294	29.6219
13.0308	29.6564
13.033	29.6908
13.0337	29.7253
13.0353	29.7598
13.0367	29.7943
13.0374	29.8288
13.0388	29.8633
13.0415	29.8977
13.0423	29.9322
13.0439	29.9667
13.0518	30.0012
13.0546	30.0345
13.0571	30.0679
13.0584	30.1012
13.0614	30.1345
13.062	30.1679
13.062	30.2012
13.0628	30.2345
13.0635	30.2679
13.0736	30.3012
13.0743	30.3345
13.0751	30.3679
13.0764	30.4012
13.0786	30.4345
13.0799	30.4679
13.082	30.5012
13.0833	30.5345
13.0844	30.5679
13.085	30.6012
13.0885	30.6345
13.0892	30.6679
13.0899	30.7012
13.0906	30.7345
13.0913	30.7679
13.092	30.8012
13.0928	30.8345
13.1015	30.8679
13.1029	30.9012
13.1049	30.9345
13.1057	30.9679
13.1085	31.0012
13.1092	31.0334
13.1098	31.0657
13.113	31.098
13.1136	31.1302
13.1149	31.1625
13.1156	31.1947
13.1157	31.227
13.1171	31.2592
13.1172	31.2915
13.1184	31.3238
13.1207	31.356
13.1231	31.3883
13.1352	31.4205
13.1365	31.4528
13.1372	31.4851
13.1393	31.5173
13.1399	31.5496
13.1407	31.5818
13.1433	31.6141
13.144	31.6463
13.1447	31.6786
13.1454	31.7109
13.1475	31.7431
13.1493	31.7754
13.1567	31.8076
13.1581	31.8399
13.16	31.8722
13.1609	31.9044
13.163	31.9367
13.167	31.9689
13.1684	32.0012
13.1713	32.0324
13.1732	32.0637
13.1746	32.0949
13.1754	32.1262
13.179	32.1574
13.1843	32.1887
13.1851	32.2199
13.1857	32.2512
13.187	32.2824
13.189	32.3137
13.1897	32.3449
13.1904	32.3762
13.1911	32.4074
13.1917	32.4387
13.193	32.4699
13.1932	32.5012
13.1939	32.5324
13.1945	32.5637
13.1957	32.5949
13.1968	32.6262
13.2055	32.6574
13.2061	32.6887
13.2088	32.7199
13.2111	32.7512
13.2125	32.7824
13.2139	32.8137
13.2158	32.8449
13.2165	32.8762
13.2185	32.9074
13.2192	32.9387
13.22	32.9699
13.2324	33.0012
13.2344	33.0315
13.2357	33.0618
13.2371	33.0921
13.2386	33.1224
13.2454	33.1527
13.2495	33.183
13.2508	33.2133
13.2515	33.2436
13.2529	33.2739
13.2537	33.3042
13.2557	33.3345
13.2569	33.3648
13.2576	33.3951
13.2583	33.4254
13.2648	33.4557
13.2676	33.486
13.269	33.5163
13.2697	33.5466
13.2708	33.5769
13.2722	33.6072
13.2736	33.6375
13.2743	33.6679
13.2763	33.6982
13.2775	33.7285
13.2782	33.7588
13.279	33.7891
13.2795	33.8194
13.2813	33.8497
13.2819	33.88
13.2866	33.9103
13.288	33.9406
13.29	33.9709
13.2907	34.0012
13.2939	34.0306
13.2954	34.06
13.2998	34.0894
13.3054	34.1188
13.3068	34.1482
13.3082	34.1777
13.3103	34.2071
13.311	34.2365
13.3117	34.2659
13.3146	34.2953
13.3154	34.3247
13.3166	34.3541
13.3216	34.3835
13.323	34.413
13.3256	34.4424
13.3273	34.4718
13.328	34.5012
13.3299	34.5306
13.3311	34.56
13.3344	34.5894
13.3352	34.6188
13.336	34.6482
13.344	34.6777
13.347	34.7071
13.3493	34.7365
13.3552	34.7659
13.3566	34.7953
13.3575	34.8247
13.36	34.8541
13.3611	34.8835
13.3628	34.913
13.3637	34.9424
13.3642	34.9718
13.3659	35.0012
13.3664	35.0298
13.3672	35.0583
13.3677	35.0869
13.3684	35.1155
13.3693	35.144
13.3705	35.1726
13.3714	35.2012
13.372	35.2298
13.3763	35.2583
13.3779	35.2869
13.3792	35.3155
13.3827	35.344
13.3835	35.3726
13.3843	35.4012
13.3863	35.4298
13.3879	35.4583
13.3883	35.4869
13.389	35.5155
13.3897	35.544
13.3906	35.5726
13.3911	35.6012
13.3925	35.6298
13.3936	17.8149
13.3937	17.8737
13.3943	17.9325
13.395	17.9913
13.3963	18.0502
13.3983	18.1057
13.4035	18.1613
13.4042	18.2168
13.4049	18.2724
13.4057	18.328
13.4062	18.3835
13.4091	18.4391
13.4143	18.4946
13.4151	18.5502
13.416	18.6057
13.4166	18.6613
13.4172	18.7168
13.418	18.7724
13.4187	18.828
13.4193	18.8835
13.42	18.9391
13.4208	18.9946
13.4214	19.0502
13.4221	19.1028
13.4229	19.1554
13.4236	19.2081
13.4242	19.2607
13.4249	19.3133
13.4255	19.366
13.4267	19.4186
13.4274	19.4712
13.4286	19.5239
13.4295	19.5765
13.4301	19.6291
13.4308	19.6818
13.4309	19.7344
13.4316	19.787
13.4323	19.8396
13.4331	19.8923
13.4337	19.9449
13.4344	19.9975
13.4351	20.0502
13.4363	20.1002
13.437	20.1502
13.4513	20.2002
13.4594	20.2502
13.4617	20.3002
13.4623	20.3502
13.4631	20.4002
13.464	20.4502
13.4646	20.5002
13.4658	20.5502
13.4666	20.6002
13.4675	20.6502
13.4681	20.7002
13.4688	20.7502
13.4694	20.8002
13.4697	20.8502
13.4707	20.9002
13.4713	20.9502
13.4721	21.0002
13.4729	21.0478
13.4735	21.0954
13.4742	21.143
13.4749	21.1906
13.4757	21.2383
13.4787	21.2859
13.4897	21.3335
13.4974	21.3811
13.4997	21.4287
13.5004	21.4764
13.501	21.524
13.5019	21.5716
13.5027	21.6192
13.5032	21.6668
13.5046	21.7145
13.5052	21.7621
13.506	21.8097
13.5067	21.8573
13.5073	21.9049
13.5074	21.9526
13.5082	22.0002
13.5089	22.0456
13.5097	22.0911
13.5103	22.1365
13.511	22.182
13.5117	22.2274
13.5124	22.2729
13.5131	22.3184
13.514	22.3638
13.5171	22.4093
13.5243	22.4547
13.5256	22.5002
13.5288	22.5456
13.5336	22.5911
13.5367	22.6365
13.538	22.682
13.5386	22.7274
13.5397	22.7729
13.5403	22.8184
13.5409	22.8638
13.5425	22.9093
13.5431	22.9547
13.5432	23.0002
13.5438	23.0437
13.5445	23.0871
13.5452	23.1306
13.5459	23.1741
13.5467	23.2176
13.5476	23.261
13.5483	23.3045
13.55	23.348
13.5533	23.3915
13.5544	23.435
13.5553	23.4784
13.5566	23.5219
13.5572	23.5654
13.5611	23.6089
13.5665	23.6523
13.5702	23.6958
13.5709	23.7393
13.5724	23.7828
13.5731	23.8263
13.5737	23.8697
13.5753	23.9132
13.5757	23.9567
13.5785	24.0002
13.5818	24.0418
13.5828	24.0835
13.5835	24.1252
13.5847	24.1668
13.5856	24.2085
13.5866	24.2502
13.5872	24.2918
13.5879	24.3335
13.5889	24.3752
13.5894	24.4168
13.5903	24.4585
13.591	24.5002
13.5915	24.5418
13.5922	24.5835
13.5942	24.6252
13.5994	24.6668
13.6017	24.7085
13.6033	24.7502
13.6039	24.7918
13.6046	24.8335
13.6053	24.8752
13.6057	24.9168
13.6124	24.9585
13.6159	25.0002
13.6187	25.0402
13.6198	25.0802
13.6206	25.1202
13.6213	25.1602
13.6223	25.2002
13.6234	25.2402
13.6241	25.2802
13.6248	25.3202
13.6256	25.3602
13.6262	25.4002
13.6269	25.4402
13.627	25.4802
13.6277	25.5202
13.6284	25.5602
13.6291	25.6002
13.6298	25.6402
13.6325	25.6802
13.6348	25.7202
13.6354	25.7602
13.6385	25.8002
13.6442	25.8402
13.647	25.8802
13.6489	25.9202
13.6497	25.9602
13.6505	26.0002
13.6517	26.0386
13.6523	26.0771
13.6532	26.1156
13.6538	26.154
13.6547	26.1925
13.6553	26.2309
13.6554	26.2694
13.6561	26.3079
13.6567	26.3463
13.6574	26.3848
13.6581	26.4232
13.6588	26.4617
13.6608	26.5002
13.6652	26.5386
13.6664	26.5771
13.668	26.6156
13.6686	26.654
13.6695	26.6925
13.6702	26.7309
13.6712	26.7694
13.6718	26.8079
13.6725	26.8463
13.6763	26.8848
13.6795	26.9232
13.6802	26.9617
13.6815	27.0002
13.6821	27.0372
13.6835	27.0742
13.6842	27.1113
13.6849	27.1483
13.6857	27.1854
13.6864	27.2224
13.6872	27.2594
13.6883	27.2965
13.6895	27.3335
13.6902	27.3705
13.6909	27.4076
13.6916	27.4446
13.6938	27.4817
13.6981	27.5187
13.6996	27.5557
13.7005	27.5928
13.7011	27.6298
13.7019	27.6668
13.7031	27.7039
13.7042	27.7409
13.7049	27.778
13.7055	27.815
13.7079	27.852
13.7099	27.8891
13.7146	27.9261
13.7173	27.9631
13.7181	28.0002
13.7193	28.0359
13.72	28.0716
13.721	28.1073
13.7222	28.143
13.7229	28.1787
13.7236	28.2145
13.7244	28.2502
13.7251	28.2859
13.7257	28.3216
13.7259	28.3573
13.7265	28.393
13.7297	28.4287
13.7307	28.4645
13.7313	28.5002
13.7323	28.5359
13.7335	28.5716
13.7341	28.6073
13.7349	28.643
13.7356	28.6787
13.7363	28.7145
13.7375	28.7502
13.7388	28.7859
13.7394	28.8216
13.7434	28.8573
13.7474	28.893
13.7509	28.9287
13.7527	28.9645
13.7534	29.0002
13.7542	29.0347
13.755	29.0691
13.7554	29.1036
13.7557	29.1381
13.7571	29.1726
13.7572	29.2071
13.7578	29.2416
13.7585	29.276
13.7592	29.3105
13.7601	29.345
13.7607	29.3795
13.7615	29.414
13.7622	29.4484
13.7628	29.4829
13.7636	29.5174
13.7642	29.5519
13.7649	29.5864
13.7656	29.6209
13.7663	29.6553
13.767	29.6898
13.7677	29.7243
13.7684	29.7588
13.7693	29.7933
13.77	29.8278
13.7715	29.8622
13.776	29.8967
13.7783	29.9312
13.7821	29.9657
13.7869	30.0002
13.7897	30.0335
13.7905	30.0668
13.7912	30.1002
13.7922	30.1335
13.7928	30.1668
13.7936	30.2002
13.7948	30.2335
13.7955	30.2668
13.7957	30.3002
13.7963	30.3335
13.7972	30.3668
13.7977	30.4002
13.7984	30.4335
13.7991	30.4668
13.7998	30.5002
13.8006	30.5335
13.8012	30.5668
13.8019	30.6002
13.8026	30.6335
13.8034	30.6668
13.8042	30.7002
13.8048	30.7335
13.8057	30.7668
13.8064	30.8002
13.8071	30.8335
13.8079	30.8668
13.8088	30.9002
13.8123	30.9335
13.817	30.9668
13.8212	31.0002
13.8225	31.0324
13.8233	31.0647
13.8239	31.0969
13.8246	31.1292
13.8254	31.1615
13.8261	31.1937
13.8275	31.226
13.8284	31.2582
13.8291	31.2905
13.8297	31.3228
13.8312	31.355
13.8325	31.3873
13.8336	31.4195
13.8343	31.4518
13.8351	31.484
13.8357	31.5163
13.8364	31.5486
13.8372	31.5808
13.8379	31.6131
13.8386	31.6453
13.8392	31.6776
13.84	31.7098
13.8413	31.7421
13.8418	31.7744
13.8425	31.8066
13.8458	31.8389
13.8476	31.8711
13.8483	31.9034
13.8497	31.9357
13.8503	31.9679
13.8513	32.0002
13.8575	32.0314
13.8594	32.0627
13.8613	32.0939
13.8618	32.1252
13.8626	32.1564
13.8633	32.1877
13.8641	32.2189
13.8648	32.2502
13.8654	32.2814
13.8655	32.3127
13.8664	32.3439
13.8669	32.3752
13.8678	32.4064
13.8686	32.4377
13.8692	32.4689
13.8698	32.5002
13.8712	32.5314
13.8719	32.5627
13.8728	32.5939
13.8732	32.6252
13.8741	32.6564
13.8747	32.6877
13.8754	32.7189
13.8761	32.7502
13.8768	32.7814
13.8775	32.8127
13.8784	32.8439
13.8819	32.8752
13.8882	32.9064
13.8892	32.9377
13.8907	32.9689
13.8919	33.0002
13.8927	33.0305
13.894	33.0608
13.8951	33.0911
13.8967	33.1214
13.8968	33.1517
13.8973	33.182
13.898	33.2123
13.8988	33.2426
13.8994	33.2729
13.9001	33.3032
13.9008	33.3335
13.9015	33.3638
13.9024	33.3941
13.9025	33.4244
13.9055	33.4547
13.9062	33.485
13.907	33.5153
13.9078	33.5456
13.9083	33.5759
13.9102	33.6062
13.9113	33.6365
13.9114	33.6668
13.9121	33.6971
13.9135	33.7274
13.9141	33.7577
13.9149	33.7881
13.9156	33.8184
13.9162	33.8487
13.9169	33.879
13.9236	33.9093
13.9247	33.9396
13.9256	33.9699
13.9262	34.0002
13.9273	34.0296
13.9279	34.059
13.9286	34.0884
13.9294	34.1178
13.9301	34.1472
13.9308	34.1766
13.9316	34.2061
13.9379	34.2355
13.9392	34.2649
13.9402	34.2943
13.9413	34.3237
13.942	34.3531
13.9427	34.3825
13.9435	34.4119
13.9449	34.4413
13.9451	34.4708
13.9463	34.5002
13.947	34.5296
13.9478	34.559
13.9485	34.5884
13.9492	34.6178
13.9498	34.6472
13.9499	34.6766
13.9507	34.7061
13.9515	34.7355
13.9521	34.7649
13.9528	34.7943
13.9535	34.8237
13.9542	34.8531
13.9549	34.8825
13.9558	34.9119
13.9566	34.9413
13.9572	34.9708
13.958	35.0002
13.9587	35.0287
13.9593	35.0573
13.9601	35.0859
13.9611	35.1145
13.9617	35.143
13.9625	35.1716
13.9665	35.2002
13.9678	35.2287
13.9684	35.2573
13.9697	35.2859
13.9709	35.3145
13.9715	35.343
13.9722	35.3716
13.9756	35.4002
13.9796	35.4287
13.982	35.4573
13.9826	35.4859
13.9833	35.5145
13.984	35.543
13.9847	35.5716
13.9854	35.6002
13.9861	35.6287
13.9868	35.6573
13.9875	35.6859
13.9879	35.7145
13.9892	35.743
13.9898	35.7716
13.9905	35.8002
13.9913	35.8287
13.992	35.8573
13.9927	35.8859
13.9933	35.9145
13.9941	35.943
13.9948	35.9716
13.9955	36.0002
13.9962	36.028
13.9969	36.0557
13.9969	36.0835
13.9979	36.1113
13.9985	36.1391
13.9995	36.1668
14.0002	36.1946
14.0048	36.2224
14.0085	36.2502
14.0108	36.278
14.0126	36.3057
14.0132	36.3335
14.0139	36.3613
14.0149	36.3891
14.0161	36.4168
14.0169	36.4446
14.0175	36.4724
14.0183	36.5002
14.02	36.528
14.0215	36.5557
14.025	36.5835
14.0278	36.6113
14.0285	36.6391
14.0293	36.6668
14.0303	36.6946
14.0313	36.7224
14.0321	36.7502
14.0332	36.778
14.034	36.8057
14.0347	36.8335
14.0358	36.8613
14.0364	36.8891
14.037	36.9168
14.0377	36.9446
14.0385	36.9724
14.0392	37.0002
14.0398	37.0272
14.0405	37.0542
14.0412	37.0813
14.0426	37.1083
14.0426	37.1353
14.0434	37.1623
14.044	37.1894
14.0447	37.2164
14.0455	37.2434
14.0462	37.2704
14.0462	37.2975
14.0469	37.3245
14.0484	37.3515
14.0497	37.3786
14.0504	37.4056
14.051	37.4326
14.0518	37.4596
14.0525	37.4867
14.0531	37.5137
14.0544	37.5407
14.0579	37.5677
14.0608	37.5948
14.0616	37.6218
14.0623	37.6488
14.0644	37.6758
14.065	37.7029
14.0664	37.7299
14.067	37.7569
14.0705	37.784
14.0744	37.811
14.0774	37.838
14.0792	37.865
14.0799	37.8921
14.08	37.9191
14.0806	37.9461
14.0813	37.9731
14.082	38.0002
14.0827	38.0265
14.0833	38.0528
14.0841	38.0791
14.0848	38.1054
14.0858	38.1318
14.0864	38.1581
14.0871	38.1844
14.0878	38.2107
14.0884	38.237
14.0892	38.2633
14.0899	38.2896
14.0906	38.316
14.0912	38.3423
14.0919	38.3686
14.0927	38.3949
14.0937	38.4212
14.0954	38.4475
14.0962	38.4739
14.097	38.5002
14.0979	38.5265
14.0985	38.5528
14.0992	38.5791
14.0999	38.6054
14.1008	38.6318
14.1013	38.6581
14.102	38.6844
14.1028	38.7107
14.1034	38.737
14.1051	38.7633
14.1068	38.7896
14.1089	38.816
14.109	38.8423
14.1094	38.8686
14.1103	38.8949
14.1111	38.9212
14.1117	38.9475
14.1124	38.9739
14.1131	39.0002
14.1138	39.0258
14.1158	39.0515
14.1217	39.0771
14.1227	39.1027
14.1234	39.1284
14.1247	39.154
14.1253	39.1797
14.1262	39.2053
14.1268	39.2309
14.1275	39.2566
14.1282	39.2822
14.1289	39.3079
14.1296	39.3335
14.1303	39.3591
14.1312	39.3848
14.1319	39.4104
14.1325	39.4361
14.1373	39.4617
14.1391	39.4874
14.1407	39.513
14.1411	39.5386
14.1417	39.5643
14.1425	39.5899
14.1431	39.6156
14.1439	39.6412
14.1446	39.6668
14.1452	39.6925
14.1459	39.7181
14.1467	39.7438
14.1473	39.7694
14.1485	39.795
14.1491	39.8207
14.1498	39.8463
14.1505	39.872
14.1511	39.8976
14.1519	39.9232
14.1526	39.9489
14.1533	39.9745
14.1544	40.0002
14.1552	40.0252
14.1558	40.0502
14.1572	40.0752
14.1579	40.1002
14.1585	40.1252
14.1593	40.1502
14.16	40.1752
14.1607	40.2002
14.1614	40.2252
14.1633	40.2502
14.1708	40.2752
