time	cwndsize
0.277907	11
0.27929	12
0.280477	13
0.281967	14
0.28348	15
0.284611	16
0.285343	17
0.286457	18
0.288287	19
0.290228	20
0.302813	21
0.305843	22
0.308354	23
0.308427	24
0.314003	25
0.314124	26
0.316755	27
0.319725	28
0.323205	29
0.323396	30
0.323615	31
0.326005	32
0.326033	33
0.326105	34
0.328203	35
0.329183	36
0.335899	37
0.338932	38
0.339342	39
0.339371	40
0.359291	41
0.360903	42
0.366465	43
0.36899	44
0.37524	45
0.378341	46
0.379969	47
0.380191	48
0.388202	49
0.389465	50
0.389508	51
0.389593	52
0.400287	53
0.400419	54
0.400732	55
0.404757	56
0.410798	57
0.411066	58
0.415697	59
0.416906	60
0.416986	61
0.419606	62
0.419671	63
0.421873	64
0.421922	65
0.421972	66
0.42207	67
0.426571	68
0.426855	69
0.42725	70
0.427482	71
0.4308	72
0.44377	73
0.443897	74
0.444021	75
0.444274	76
0.449896	77
0.449949	78
0.450424	79
0.450557	80
0.49442	81
0.494532	82
0.500021	83
0.500102	84
0.516086	85
0.516215	86
0.516442	87
0.516755	88
0.543781	89
0.543878	90
0.544308	91
0.544363	92
0.549082	93
0.549208	94
0.549258	95
0.549301	96
0.566052	97
0.570944	98
0.570983	99
0.571007	100
0.571326	101
0.578068	102
0.578111	103
0.581768	104
0.587547	105
0.587595	106
0.587678	107
0.587933	108
0.598214	54
0.598254	54.0185
0.598538	54.037
0.598626	54.0556
0.603969	54.0741
0.604012	54.0926
0.60917	54.1111
0.609234	54.1296
0.609257	54.1481
0.609268	54.1667
0.613046	54.1852
0.620535	54.2037
0.620588	54.2222
0.625657	54.2407
0.625719	54.2593
0.631309	54.2778
0.631358	54.2963
0.631624	54.3148
0.631709	54.3333
0.636717	54.3519
0.636834	54.3704
0.63695	54.3889
0.63714	54.4074
0.6642	54.4259
0.685711	54.4444
0.685745	54.463
0.685759	54.4815
0.685779	54.5
0.68584	54.5185
0.691503	54.537
0.691582	54.5556
0.691606	54.5741
0.696747	54.5926
0.696777	54.6111
0.697018	54.6296
0.702232	54.6481
0.702282	54.6667
0.70235	54.6852
0.702406	54.7037
0.702482	54.7222
0.702534	54.7407
0.707652	54.7593
0.707807	54.7778
0.707867	54.7963
0.70801	54.8148
0.708071	54.8333
0.713054	54.8519
0.724071	54.8704
0.724131	54.8889
0.730142	54.9074
0.730245	54.9259
0.740626	54.9444
0.74069	54.963
0.740748	54.9815
0.740859	55
0.740894	55.0182
0.746005	55.0364
0.746035	55.0545
0.746192	55.0727
0.779177	55.0909
0.779217	55.1091
0.779407	55.1273
0.779622	55.1455
0.784233	55.1636
0.795801	55.1818
0.795881	55.2
0.80094	55.2182
0.801059	55.2364
0.806162	55.2545
0.812816	55.2727
0.812971	55.2909
0.817144	55.3091
0.822658	55.3273
0.822749	55.3455
0.822855	55.3636
0.822979	55.3818
0.823054	55.4
0.823135	55.4182
0.823239	55.4364
0.833581	55.4545
0.833597	55.4727
0.833655	55.4909
0.833758	55.5091
0.833824	55.5273
0.844904	55.5455
0.844936	55.5636
0.845057	55.5818
0.850315	55.6
0.850366	55.6182
0.850461	55.6364
0.855768	55.6545
0.855845	55.6727
0.855974	55.6909
0.856165	55.7091
0.856287	55.7273
0.856478	55.7455
0.861313	55.7636
0.861408	55.7818
0.861489	55.8
0.866508	55.8182
0.866541	55.8364
0.866623	55.8545
0.866711	55.8727
0.928156	55.8909
0.950092	55.9091
0.96118	55.9273
0.961307	55.9455
0.966803	55.9636
0.967042	55.9818
0.972033	27.9909
0.972066	28.0279
0.972264	28.0637
0.972282	28.0994
0.972292	28.1351
0.977338	28.1708
0.97736	28.2065
0.977563	28.2422
0.977578	28.2779
0.977664	28.3137
0.982937	28.3494
0.983071	28.3851
0.98309	28.4208
0.983172	28.4565
0.99396	28.4922
0.994036	28.5279
0.999533	28.5637
1.00005	28.5994
1.00019	28.6351
1.00509	28.6708
1.0105	28.7065
1.01055	28.7422
1.01072	28.7779
1.0111	28.8137
1.01134	28.8494
1.01559	28.8851
1.01565	28.9208
1.01568	28.9565
1.02698	28.9922
1.03781	29.0279
1.03795	29.0624
1.03801	29.0969
1.04296	29.1314
1.0431	29.1659
1.05452	29.2004
1.05475	29.2348
1.05478	29.2693
1.05489	29.3038
1.055	29.3383
1.05514	29.3728
1.05529	29.4073
1.05943	29.4417
1.05948	29.4762
1.05956	29.5107
1.05967	29.5452
1.05976	29.5797
1.06624	29.6142
1.09827	29.6486
1.11505	29.6831
1.12068	29.7176
1.12077	29.7521
1.12109	29.7866
1.12582	29.821
1.13162	29.8555
1.13785	29.89
1.13801	14.945
1.14352	15.0164
1.1437	15.0831
1.14793	15.1498
1.148	15.2164
1.14813	15.2831
1.14827	15.3498
1.14845	15.4164
1.15333	15.4831
1.15348	15.5498
1.15356	15.6164
1.15362	15.6831
1.15374	15.7498
1.15869	15.8164
1.15875	15.8831
1.15905	15.9498
1.15911	16.0164
1.15917	16.0789
1.16421	16.1414
1.16488	16.2039
1.16965	16.2664
1.1807	16.3289
1.18746	16.3914
1.19221	16.4539
1.19224	16.5164
1.1923	16.5789
1.19237	16.6414
1.20361	16.7039
1.20368	16.7664
1.21473	16.8289
1.21495	16.8914
1.21511	16.9539
1.21525	17.0164
1.21543	17.0753
1.22694	17.1341
1.22701	17.1929
1.22708	17.2517
1.23786	8.62587
1.23819	8.75087
1.2383	8.87587
1.23834	9.00087
1.24348	9.11198
1.2435	9.22309
1.249	9.3342
1.24902	9.44531
1.26016	9.55642
1.26025	9.66753
1.26031	9.77864
1.26569	9.88975
1.26573	10.0009
1.26576	10.1009
1.26579	10.2009
1.26581	10.3009
1.28209	10.4009
1.28225	10.5009
1.28254	10.6009
1.28272	10.7009
1.2942	10.8009
1.29432	10.9009
1.29444	11.0009
1.29456	11.0918
1.29472	11.1827
1.29481	11.2736
1.31002	11.3645
1.31012	11.4554
1.31024	11.5463
1.31041	11.6372
1.32193	11.7281
1.32213	11.819
1.32229	11.91
1.32637	12.0009
1.32639	12.0842
1.32646	12.1675
1.32653	12.2509
1.33097	12.3342
1.33111	12.4175
1.33219	12.5009
1.33223	12.5842
1.3436	12.6675
1.34375	12.7509
1.34394	12.8342
1.34404	12.9175
1.34671	13.0009
1.34675	13.0778
1.34684	13.1547
1.34695	13.2316
1.35314	13.3086
1.35388	13.3855
1.35461	13.4624
1.35533	13.5393
1.36092	13.6162
1.36244	13.6932
1.36325	13.7701
1.36332	13.847
1.36528	13.9239
1.36537	14.0009
1.36576	14.0723
1.36737	14.1437
1.36809	14.2152
1.37428	14.2866
1.37501	14.358
1.37582	14.4294
1.37649	14.5009
1.37876	14.5723
1.38442	14.6437
1.39537	14.7152
1.41676	14.7866
1.41847	14.858
1.4198	14.9294
1.42278	15.0009
1.42303	15.0675
1.4262	15.1342
1.42972	15.2009
1.42978	15.2675
1.43248	15.3342
1.43261	15.4009
1.43562	15.4675
1.43878	15.5342
1.44195	15.6009
1.44513	15.6675
1.4452	15.7342
1.44591	15.8009
1.44728	15.8675
1.44806	15.9342
1.44878	16.0009
1.45019	16.0634
1.45166	16.1259
1.47366	16.1884
1.47437	16.2509
1.47444	16.3134
1.47571	16.3759
1.48103	16.4384
1.48524	16.5009
1.48625	16.5634
1.48684	16.6259
1.48774	16.6884
1.48925	16.7509
1.49471	16.8134
1.49541	16.8759
1.4975	16.9384
1.49754	17.0009
1.49999	17.0597
1.51196	17.1185
1.51242	17.1773
1.51653	17.2362
1.51726	17.295
1.5229	17.3538
1.52294	17.4126
1.52875	17.4715
1.53134	17.5303
1.53485	17.5891
1.53701	17.6479
1.53708	17.7067
1.53733	17.7656
1.54247	17.8244
1.54482	17.8832
1.54492	17.942
1.54502	18.0009
1.54814	18.0564
1.56223	18.112
1.5623	18.1675
1.56232	18.2231
1.5644	18.2786
1.56583	18.3342
1.56656	18.3898
1.56995	18.4453
1.5709	18.5009
1.5723	18.5564
1.5745	18.612
1.57456	18.6675
1.5799	18.7231
1.58063	18.7786
1.58415	18.8342
1.58484	18.8898
1.58553	18.9453
1.58559	19.0009
1.58867	19.0535
1.59336	19.1061
1.59339	19.1588
1.60887	19.2114
1.60891	19.264
1.61389	19.3167
1.61583	19.3693
1.6159	19.4219
1.61758	19.4745
1.61994	19.5272
1.62053	19.5798
1.62196	19.6324
1.62403	19.6851
1.62548	19.7377
1.62956	19.7903
1.62974	19.843
1.63202	19.8956
1.64011	19.9482
1.64685	20.0009
1.6504	20.0509
1.65047	20.1009
1.65058	20.1509
1.65072	20.2009
1.65081	20.2509
1.65534	20.3009
1.66221	20.3509
1.66309	20.4009
1.66317	20.4509
1.66339	20.5009
1.66352	20.5509
1.66371	20.6009
1.67358	20.6509
1.67365	20.7009
1.67952	20.7509
1.68393	20.8009
1.68697	20.8509
1.68736	20.9009
1.69121	20.9509
1.69124	21.0009
1.69147	21.0485
1.69157	21.0961
1.69172	21.1437
1.69179	21.1913
1.69604	21.239
1.6961	21.2866
1.69618	21.3342
1.69624	21.3818
1.69639	21.4294
1.70236	21.4771
1.7025	21.5247
1.70543	21.5723
1.71865	21.6199
1.71868	21.6675
1.7187	21.7152
1.71899	21.7628
1.72413	21.8104
1.73027	21.858
1.73981	21.9056
1.74	21.9532
1.74014	22.0009
1.74022	22.0463
1.74036	22.0918
1.74045	22.1372
1.74517	22.1827
1.74524	22.2281
1.74531	22.2736
1.74544	22.319
1.74554	22.3645
1.74578	22.41
1.75324	22.4554
1.75451	22.5009
1.75471	22.5463
1.76089	22.5918
1.76092	22.6372
1.76304	22.6827
1.76318	22.7281
1.772	22.7736
1.7892	22.819
1.79191	22.8645
1.79197	22.91
1.79206	22.9554
1.79219	23.0009
1.79264	23.0443
1.79267	23.0878
1.79822	23.1313
1.79826	23.1748
1.79833	23.2183
1.79847	23.2617
1.80929	23.3052
1.80935	23.3487
1.80945	23.3922
1.80959	23.4356
1.80967	23.4791
1.81365	23.5226
1.81368	23.5661
1.81388	23.6096
1.814	23.653
1.81408	23.6965
1.8258	23.74
1.82594	23.7835
1.82602	23.827
1.8261	23.8704
1.82955	23.9139
1.83566	23.9574
1.84031	24.0009
1.84044	24.0425
1.84284	24.0842
1.84289	24.1259
1.843	24.1675
1.85032	24.2092
1.85168	24.2509
1.85181	24.2925
1.85233	24.3342
1.85728	24.3759
1.858	24.4175
1.86353	24.4592
1.86372	24.5009
1.86384	24.5425
1.86393	24.5842
1.86399	24.6259
1.86899	24.6675
1.88877	24.7092
1.88885	24.7509
1.88888	24.7925
1.89422	24.8342
1.89435	24.8759
1.89454	24.9175
1.89464	24.9592
1.89517	25.0009
1.89895	25.0409
1.89898	25.0809
1.89906	25.1209
1.89919	25.1609
1.89929	25.2009
1.9096	25.2409
1.90964	25.2809
1.90971	25.3209
1.9098	25.3609
1.90997	25.4009
1.91006	25.4409
1.92346	25.4809
1.92349	25.5209
1.92491	25.5609
1.92531	25.6009
1.92549	25.6409
1.92552	25.6809
1.93059	25.7209
1.93072	25.7609
1.93092	25.8009
1.9359	25.8409
1.95923	25.8809
1.9594	25.9209
1.95955	25.9609
1.95966	26.0009
1.96227	26.0393
1.96232	26.0778
1.96253	26.1162
1.96262	26.1547
1.96281	26.1932
1.96289	26.2316
1.96779	26.2701
1.96783	26.3086
1.96792	26.347
1.96805	26.3855
1.96814	26.4239
1.96821	26.4624
1.97245	26.5009
1.97258	26.5393
1.97424	26.5778
1.97433	26.6162
1.9744	26.6547
1.9797	26.6932
1.97976	26.7316
1.97979	26.7701
1.98197	26.8086
1.99397	26.847
1.9941	26.8855
1.99829	26.9239
1.99833	26.9624
1.99842	27.0009
2.011	27.0379
2.01107	27.0749
2.01113	27.112
2.02143	27.149
2.02148	27.1861
2.02288	27.2231
2.02349	27.2601
2.02419	27.2972
2.02425	27.3342
2.03293	27.3712
2.03302	27.4083
2.03351	27.4453
2.03913	27.4823
2.03915	27.5194
2.04107	27.5564
2.04214	27.5935
2.04263	27.6305
2.04286	27.6675
2.04321	27.7046
2.05024	27.7416
2.05331	27.7786
2.05334	27.8157
2.05662	27.8527
2.05673	27.8898
2.05684	27.9268
2.05705	27.9638
2.05719	28.0009
2.07223	28.0366
2.07238	28.0723
2.07517	28.108
2.07526	28.1437
2.08127	28.1794
2.08514	28.2152
2.08613	28.2509
2.08656	28.2866
2.08673	28.3223
2.08686	28.358
2.09137	28.3937
2.09819	28.4294
2.10283	28.4652
2.10293	28.5009
2.10547	28.5366
2.1055	28.5723
2.10553	28.608
2.10559	28.6437
2.10817	28.6794
2.10823	28.7152
2.11076	28.7509
2.11328	28.7866
2.11332	28.8223
2.12627	28.858
2.12636	28.8937
2.12648	28.9294
2.13198	28.9652
2.13306	29.0009
2.1332	29.0353
2.14097	29.0698
2.14106	29.1043
2.14113	29.1388
2.14725	29.1733
2.14735	29.2078
2.14748	29.2422
2.14757	29.2767
2.15177	29.3112
2.15183	29.3457
2.15192	29.3802
2.16278	29.4147
2.1628	29.4491
2.16292	29.4836
2.16751	29.5181
2.16774	29.5526
2.17325	29.5871
2.17327	29.6216
2.17335	29.656
2.17338	29.6905
2.1735	29.725
2.17356	29.7595
2.17803	29.794
2.18161	29.8285
2.18308	29.8629
2.18923	29.8974
2.18942	29.9319
2.19149	29.9664
2.19157	30.0009
2.19162	30.0342
2.21691	30.0675
2.21694	30.1009
2.21695	30.1342
2.21899	30.1675
2.21907	30.2009
2.21918	30.2342
2.22178	30.2675
2.22248	30.3009
2.2225	30.3342
2.22251	30.3675
2.22252	30.4009
2.22532	30.4342
2.22536	30.4675
2.22669	30.5009
2.22743	30.5342
2.22746	30.5675
2.23313	30.6009
2.24102	30.6342
2.24109	30.6675
2.24119	30.7009
2.24131	30.7342
2.24938	30.7675
2.24945	30.8009
2.24955	30.8342
2.24965	30.8675
2.25711	30.9009
2.25719	30.9342
2.25741	30.9675
2.26489	31.0009
2.26492	31.0331
2.27137	31.0654
2.27151	31.0976
2.27166	31.1299
2.28783	31.1622
2.288	31.1944
2.2881	31.2267
2.28816	31.2589
2.29254	31.2912
2.29577	31.3234
2.29582	31.3557
2.29721	31.388
2.29724	31.4202
2.30217	31.4525
2.30224	31.4847
2.30234	31.517
2.30247	31.5493
2.30258	31.5815
2.31433	31.6138
2.32034	31.646
2.32325	31.6783
2.3234	31.7105
2.32349	31.7428
2.32361	31.7751
2.32941	31.8073
2.33424	31.8396
2.33431	31.8718
2.33444	31.9041
2.33454	31.9363
2.33492	31.9686
2.33963	32.0009
2.33969	32.0321
2.33977	32.0634
2.33994	32.0946
2.34009	32.1259
2.34018	32.1571
2.34367	32.1884
2.34373	32.2196
2.3438	32.2509
2.34391	32.2821
2.36273	32.3134
2.36286	32.3446
2.36296	32.3759
2.36336	32.4071
2.36371	32.4384
2.36844	32.4696
2.36858	32.5009
2.3687	32.5321
2.369	32.5634
2.37983	32.5946
2.38468	32.6259
2.38474	32.6571
2.39031	32.6884
2.39064	32.7196
2.39071	32.7509
2.39082	32.7821
2.39571	32.8134
2.39577	32.8446
2.3959	32.8759
2.39612	32.9071
2.39625	32.9384
2.39653	32.9696
2.40116	33.0009
2.40129	33.0312
2.4074	33.0615
2.40748	33.0918
2.41199	33.1221
2.41679	33.1524
2.41824	33.1827
2.41827	33.213
2.41843	33.2433
2.42405	33.2736
2.4242	33.3039
2.426	33.3342
2.42623	33.3645
2.43729	33.3948
2.43739	33.4251
2.43756	33.4554
2.43769	33.4857
2.43784	33.516
2.43798	33.5463
2.44318	33.5766
2.44349	33.6069
2.44521	33.6372
2.4453	33.6675
2.44543	33.6978
2.4489	33.7281
2.45926	33.7584
2.45933	33.7887
2.46839	33.819
2.46866	33.8493
2.47266	33.8797
2.47278	33.91
2.47346	33.9403
2.47357	33.9706
2.47805	34.0009
2.47843	34.0303
2.48329	34.0597
2.48344	34.0891
2.48352	34.1185
2.50015	34.1479
2.50018	34.1773
2.50028	34.2067
2.50054	34.2362
2.50065	34.2656
2.50541	34.295
2.5057	34.3244
2.50602	34.3538
2.51081	34.3832
2.51342	34.4126
2.51478	34.442
2.51483	34.4715
2.51491	34.5009
2.51504	34.5303
2.51515	34.5597
2.51829	34.5891
2.51831	34.6185
2.51835	34.6479
2.52225	34.6773
2.52323	34.7067
2.54376	34.7362
2.54709	34.7656
2.5476	34.795
2.55288	34.8244
2.553	34.8538
2.55317	34.8832
2.55588	34.9126
2.55606	34.942
2.55638	34.9715
2.55649	35.0009
2.55663	35.0294
2.55679	35.058
2.56134	35.0866
2.56141	35.1152
2.5615	35.1437
2.56171	35.1723
2.57765	35.2009
2.57768	35.2294
2.57784	35.258
2.57787	35.2866
2.57789	35.3152
2.58306	35.3437
2.58329	35.3723
2.58339	35.4009
2.58652	35.4294
2.58678	35.458
2.59027	35.4866
2.5946	35.5152
2.59471	35.5437
2.59741	35.5723
2.59752	35.6009
2.60702	35.6294
2.6072	35.658
2.60737	35.6866
2.61338	35.7152
2.61345	35.7437
2.61355	35.7723
2.61836	35.8009
2.61969	35.8294
2.61972	35.858
2.6406	35.8866
2.64075	35.9152
2.64097	35.9437
2.64107	35.9723
2.64117	36.0009
2.64605	36.0286
2.64618	36.0564
2.64625	36.0842
2.64635	36.112
2.64647	36.1398
2.65276	36.1675
2.65304	36.1953
2.65318	36.2231
2.66299	36.2509
2.66302	36.2786
2.66309	36.3064
2.66319	36.3342
2.66825	36.362
2.66838	36.3898
2.6687	36.4175
2.66888	36.4453
2.66909	36.4731
2.6781	36.5009
2.67887	36.5286
2.67899	36.5564
2.67911	36.5842
2.6793	36.612
2.68426	36.6398
2.68436	36.6675
2.6847	36.6953
2.68474	36.7231
2.68847	36.7509
2.6958	36.7786
2.69585	36.8064
2.69586	36.8342
2.69952	36.862
2.69983	36.8898
2.70135	36.9175
2.70629	36.9453
2.72135	36.9731
2.72615	37.0009
2.72632	37.0279
2.73124	37.0549
2.73135	37.0819
2.73159	37.109
2.7373	37.136
2.73765	37.163
2.73779	37.1901
2.73789	37.2171
2.73805	37.2441
2.74217	37.2711
2.74924	37.2982
2.74965	37.3252
2.74997	37.3522
2.75536	37.3792
2.75549	37.4063
2.75566	37.4333
2.75875	37.4603
2.75923	37.4874
2.76422	37.5144
2.76425	37.5414
2.76426	37.5684
2.76432	37.5955
2.76446	37.6225
2.76457	37.6495
2.76464	37.6765
2.77009	37.7036
2.77023	37.7306
2.77071	37.7576
2.77564	37.7846
2.78013	37.8117
2.7805	37.8387
2.78071	37.8657
2.78691	37.8928
2.78724	37.9198
2.79202	37.9468
2.79265	37.9738
2.79981	38.0009
2.7999	38.0272
2.80588	38.0535
2.81077	38.0798
2.8108	38.1061
2.81687	38.1324
2.82166	38.1588
2.82173	38.1851
2.82175	38.2114
2.82183	38.2377
2.82192	38.264
2.82199	38.2903
2.82209	38.3167
2.82218	38.343
2.83323	38.3693
2.83877	38.3956
2.83894	38.4219
2.8391	38.4482
2.83924	38.4745
2.84366	38.5009
2.84373	38.5272
2.84382	38.5535
2.84393	38.5798
2.84401	38.6061
2.84411	38.6324
2.84911	38.6588
2.84914	38.6851
2.85596	38.7114
2.86022	38.7377
2.86027	38.764
2.86032	38.7903
2.86564	38.8167
2.86571	38.843
2.89306	38.8693
2.8937	38.8956
2.89379	38.9219
2.89391	38.9482
2.89399	38.9745
2.89868	39.0009
2.89875	39.0265
2.89885	39.0521
2.89899	39.0778
2.89907	39.1034
2.8993	39.1291
2.91023	39.1547
2.91033	39.1804
2.91046	39.206
2.91064	39.2316
2.91077	39.2573
2.91502	39.2829
2.91512	39.3086
2.91536	39.3342
2.92082	39.3598
2.92086	39.3855
2.92618	39.4111
2.92632	39.4368
2.92648	39.4624
2.9317	39.488
2.93176	39.5137
2.93181	39.5393
2.93189	39.565
2.94313	39.5906
2.94316	39.6162
2.94317	39.6419
2.9433	39.6675
2.94837	39.6932
2.9484	39.7188
2.94842	39.7445
2.9536	39.7701
2.95404	39.7957
2.95413	39.8214
2.95426	39.847
2.95429	39.8727
2.96482	39.8983
2.97588	39.9239
2.97591	39.9496
2.97632	39.9752
2.98723	40.0009
2.98726	40.0259
2.98728	40.0509
2.99247	40.0759
3.00335	40.1009
3.00338	40.1259
3.00346	40.1509
3.00359	40.1759
3.00369	40.2009
3.00374	40.2259
3.00384	40.2509
3.00887	40.2759
3.00895	40.3009
3.00905	40.3259
3.00925	40.3509
3.0093	40.3759
3.00933	40.4009
3.00936	40.4259
3.01564	40.4509
3.0158	40.4759
3.0163	40.5009
3.01985	40.5259
3.01988	40.5509
3.02578	40.5759
3.0296	40.6009
3.02963	40.6259
3.03108	40.6509
3.03111	40.6759
3.03143	40.7009
3.0375	40.7259
3.04488	40.7509
3.04963	40.7759
3.05538	40.8009
3.05552	40.8259
3.05561	40.8509
3.05564	40.8759
3.05584	40.9009
3.05587	40.9259
3.056	40.9509
3.0604	40.9759
3.06355	41.0009
3.06368	41.0253
3.06391	41.0496
3.0682	41.074
3.06834	41.0984
3.06849	41.1228
3.06868	41.1472
3.06891	41.1716
3.0691	41.196
3.06918	41.2204
3.07366	41.2448
3.07373	41.2692
3.07441	41.2935
3.07452	41.3179
3.07461	41.3423
3.08765	41.3667
3.0877	41.3911
3.09273	41.4155
3.10498	41.4399
3.11568	41.4643
3.11575	41.4887
3.11583	41.5131
3.11596	41.5375
3.11605	41.5618
3.11611	41.5862
3.11623	41.6106
3.12112	41.635
3.12124	41.6594
3.1214	41.6838
3.12168	41.7082
3.12178	41.7326
3.12866	41.757
3.13365	41.7814
3.13425	41.8057
3.13499	41.8301
3.13576	41.8545
3.14053	41.8789
3.14261	41.9033
3.14269	41.9277
3.14277	41.9521
3.14511	41.9765
3.14514	42.0009
3.14523	42.0247
3.14539	42.0485
3.14842	42.0723
3.1485	42.0961
3.14864	42.1199
3.14945	42.1437
3.15079	42.1675
3.15083	42.1913
3.15092	42.2152
3.15285	42.239
3.15288	42.2628
3.15294	42.2866
3.15302	42.3104
3.15582	42.3342
3.15636	42.358
3.15985	42.3818
3.1606	42.4056
3.17011	42.4294
3.17019	42.4532
3.17223	42.4771
3.17732	42.5009
3.1815	42.5247
3.18163	42.5485
3.18177	42.5723
3.18191	42.5961
3.19055	42.6199
3.19204	42.6437
3.21412	42.6675
3.21807	42.6913
3.21863	42.7152
3.22839	42.739
3.22855	42.7628
3.22875	42.7866
3.22888	42.8104
3.23129	42.8342
3.23135	42.858
3.23142	42.8818
3.23157	42.9056
3.23164	42.9294
3.23167	42.9532
3.23177	42.9771
3.23637	43.0009
3.23641	43.0241
3.23667	43.0474
3.24285	43.0706
3.24295	43.0939
3.24305	43.1171
3.2432	43.1404
3.24331	43.1637
3.24348	43.1869
3.24813	43.2102
3.25982	43.2334
3.25995	43.2567
3.26005	43.2799
3.26454	43.3032
3.26458	43.3264
3.26465	43.3497
3.26477	43.373
3.27041	43.3962
3.27616	43.4195
3.27633	43.4427
3.27649	43.466
3.27663	43.4892
3.27677	43.5125
3.27689	43.5357
3.281	43.559
3.29198	43.5823
3.29202	43.6055
3.29236	43.6288
3.29781	43.652
3.30406	43.6753
3.3087	43.6985
3.30873	43.7218
3.31028	43.7451
3.31031	43.7683
3.3157	43.7916
3.31575	43.8148
3.31602	43.8381
3.31608	43.8613
3.31613	43.8846
3.31614	43.9078
3.32041	43.9311
3.32056	43.9544
3.32641	43.9776
3.32645	44.0009
3.32651	44.0236
3.32926	44.0463
3.32929	44.069
3.33061	44.0918
3.33067	44.1145
3.33075	44.1372
3.33087	44.16
3.33096	44.1827
3.33101	44.2054
3.34545	44.2281
3.34904	44.2509
3.34911	44.2736
3.34931	44.2963
3.35474	44.319
3.35487	44.3418
3.3606	44.3645
3.36075	44.3872
3.36093	44.41
3.36149	44.4327
3.36168	44.4554
3.36543	44.4781
3.36548	44.5009
3.36556	44.5236
3.36565	44.5463
3.38269	44.569
3.38276	44.5918
3.38286	44.6145
3.39363	44.6372
3.39372	44.66
3.39382	44.6827
3.39394	44.7054
3.39404	44.7281
3.39424	44.7509
3.39428	44.7736
3.40033	44.7963
3.40048	44.819
3.40452	44.8418
3.40458	44.8645
3.40467	44.8872
3.40482	44.91
3.40491	44.9327
3.40496	44.9554
3.40505	44.9781
3.40515	45.0009
3.41007	45.0231
3.41588	45.0453
3.41594	45.0675
3.41603	45.0898
3.41628	45.112
3.42117	45.1342
3.4213	45.1564
3.42138	45.1786
3.42685	45.2009
3.42756	45.2231
3.43797	45.2453
3.45463	45.2675
3.45481	45.2898
3.45498	45.312
3.45509	45.3342
3.45531	45.3564
3.45986	45.3786
3.45992	45.4009
3.46489	45.4231
3.46494	45.4453
3.46515	45.4675
3.46525	45.4898
3.4653	45.512
3.46538	45.5342
3.48154	45.5564
3.48161	45.5786
3.48172	45.6009
3.48197	45.6231
3.48208	45.6453
3.49865	45.6675
3.49879	45.6898
3.49896	45.712
3.49911	45.7342
3.50352	45.7564
3.50358	45.7786
3.50368	45.8009
3.50379	45.8231
3.51531	45.8453
3.51544	45.8675
3.51577	45.8898
3.51579	45.912
3.51589	45.9342
3.5199	45.9564
3.52568	45.9786
3.53661	46.0009
3.5367	46.0226
3.53682	46.0443
3.53692	46.0661
3.537	46.0878
3.54181	46.1096
3.54186	46.1313
3.54193	46.153
3.54216	46.1748
3.55847	46.1965
3.57486	46.2183
3.59181	46.24
3.59191	46.2617
3.59231	46.2835
3.59715	46.3052
3.59722	46.327
3.59737	46.3487
3.59759	46.3704
3.59765	46.3922
3.6077	46.4139
3.60773	46.4356
3.60782	46.4574
3.60792	46.4791
3.60809	46.5009
3.60815	46.5226
3.60823	46.5443
3.61362	46.5661
3.61377	46.5878
3.614	46.6096
3.61406	46.6313
3.61883	46.653
3.61885	46.6748
3.61891	46.6965
3.61899	46.7183
3.61904	46.74
3.62428	46.7617
3.62432	46.7835
3.62439	46.8052
3.62455	46.827
3.62465	46.8487
3.62482	46.8704
3.62997	46.8922
3.63003	46.9139
3.63021	46.9356
3.64072	46.9574
3.64075	46.9791
3.6408	47.0009
3.64088	47.0221
3.64102	47.0434
3.64111	47.0647
3.65177	47.086
3.66288	47.1072
3.66901	47.1285
3.66913	47.1498
3.67369	47.1711
3.67388	47.1924
3.6902	47.2136
3.69031	47.2349
3.69041	47.2562
3.6905	47.2775
3.69058	47.2987
3.69068	47.32
3.69625	47.3413
3.6964	47.3626
3.69661	47.3838
3.70152	47.4051
3.70683	47.4264
3.70689	47.4477
3.707	47.469
3.70721	47.4902
3.70726	47.5115
3.71211	47.5328
3.7123	47.5541
3.71235	47.5753
3.71238	47.5966
3.7175	47.6179
3.71756	47.6392
3.71764	47.6604
3.71771	47.6817
3.7179	47.703
3.72355	47.7243
3.72359	47.7455
3.72373	47.7668
3.72838	47.7881
3.72841	47.8094
3.7285	47.8307
3.72862	47.8519
3.72886	47.8732
3.72894	47.8945
3.72898	47.9158
3.73385	47.937
3.7339	47.9583
3.73955	47.9796
3.73958	48.0009
3.73971	24.0004
3.7399	24.0421
3.74005	24.0838
3.76167	24.1254
3.76176	24.1671
3.76225	24.2088
3.76236	24.2504
3.76244	24.2921
3.76685	24.3338
3.76692	24.3754
3.76701	24.4171
3.76719	24.4588
3.76723	24.5004
3.76725	24.5421
3.77224	24.5838
3.78354	24.6254
3.78356	24.6671
3.7836	24.7088
3.78895	24.7504
3.78907	24.7921
3.78921	24.8338
3.78931	24.8754
3.78947	24.9171
3.78959	24.9588
3.79439	25.0004
3.79449	25.0404
3.79454	25.0804
3.79464	25.1204
3.80002	25.1604
3.80011	25.2004
3.80017	25.2404
3.80535	25.2804
3.80547	25.3204
3.81082	25.3604
3.81089	25.4004
3.81095	25.4404
3.81106	25.4804
3.81643	25.5204
3.81657	25.5604
3.81672	25.6004
3.81682	25.6404
3.82763	25.6804
3.82816	25.7204
3.83272	25.7604
3.83277	25.8004
3.83297	25.8404
3.83872	25.8804
3.83894	25.9204
3.84956	25.9604
3.84966	26.0004
3.855	26.0389
3.85513	26.0774
3.85521	26.1158
3.85536	26.1543
3.85547	26.1927
3.85789	26.2312
3.85795	26.2697
3.86236	26.3081
3.86328	26.3466
3.86635	26.385
3.8664	26.4235
3.86646	26.462
3.87052	26.5004
3.87059	26.5389
3.8707	26.5774
3.87101	26.6158
3.87718	26.6543
3.87728	26.6927
3.87742	26.7312
3.87754	26.7697
3.87769	26.8081
3.88253	26.8466
3.88263	26.885
3.90087	26.9235
3.90141	26.962
3.90448	27.0004
3.91112	27.0375
3.91182	27.0745
3.91379	27.1115
3.91427	27.1486
3.91515	27.1856
3.91659	27.2227
3.91732	27.2597
3.91793	27.2967
3.91865	27.3338
3.92012	27.3708
3.92149	27.4078
3.92363	27.4449
3.92369	27.4819
3.92572	27.519
3.92645	27.556
3.93138	27.593
3.94692	27.6301
3.94879	27.6671
3.94993	27.7041
3.95203	27.7412
3.95275	27.7782
3.95482	27.8152
3.95545	27.8523
3.95691	27.8893
3.95764	27.9264
3.95916	27.9634
3.96253	28.0004
3.96606	28.0361
3.9661	28.0719
3.96619	28.1076
3.9698	28.1433
3.97382	28.179
3.97399	28.2147
3.97416	28.2504
3.97427	28.2861
3.97447	28.3219
3.97462	28.3576
3.97666	28.3933
3.97832	28.429
3.98167	28.4647
3.98178	28.5004
3.98187	28.5361
3.98196	28.5719
4.00478	28.6076
4.00545	28.6433
4.01029	28.679
4.011	28.7147
4.01253	28.7504
4.01379	28.7861
4.01454	28.8219
4.01804	28.8576
4.01876	28.8933
4.01954	28.929
4.02019	28.9647
4.02092	29.0004
4.02151	29.0349
4.02222	29.0694
4.02295	29.1039
4.02386	29.1384
4.03927	29.1728
4.04043	29.2073
4.04046	29.2418
4.04055	29.2763
4.04079	29.3108
4.04465	29.3453
4.04479	29.3797
4.04744	29.4142
4.0475	29.4487
4.049	29.4832
4.04912	29.5177
4.05026	29.5522
4.07256	29.5866
4.07408	29.6211
4.07952	29.6556
4.0813	29.6901
4.08814	29.7246
4.08937	29.7591
4.09011	29.7935
4.09075	29.828
4.09171	29.8625
4.09359	29.897
4.0943	29.9315
4.09501	29.9659
4.09576	30.0004
4.09646	30.0338
4.10066	30.0671
4.10141	30.1004
4.10149	30.1338
4.11621	30.1671
4.11629	30.2004
4.11637	30.2338
4.1165	30.2671
4.11657	30.3004
4.12029	30.3338
4.12032	30.3671
4.1204	30.4004
4.12269	30.4338
4.12285	30.4671
4.12385	30.5004
4.12388	30.5338
4.1447	30.5671
4.14574	30.6004
4.14579	30.6338
4.14724	30.6671
4.15213	30.7004
4.15219	30.7338
4.15223	30.7671
4.15421	30.8004
4.15428	30.8338
4.15439	30.8671
4.15452	30.9004
4.15767	30.9338
4.15925	30.9671
4.1698	31.0004
4.17115	31.0327
4.17187	31.0649
4.17328	31.0972
4.1766	31.1295
4.17676	31.1617
4.17938	31.194
4.18578	31.2262
4.18588	31.2585
4.18598	31.2908
4.19351	31.323
4.19354	31.3553
4.19362	31.3875
4.19363	31.4198
4.19364	31.452
4.19365	31.4843
4.19728	31.5166
4.19998	31.5488
4.20006	31.5811
4.2153	31.6133
4.21538	31.6456
4.21734	31.6779
4.21804	31.7101
4.2181	31.7424
4.22112	31.7746
4.22171	31.8069
4.22183	31.8391
4.22448	31.8714
4.22453	31.9037
4.22931	31.9359
4.22934	31.9682
4.22941	32.0004
4.23486	32.0317
4.23491	32.0629
4.23505	32.0942
4.25151	32.1254
4.25253	32.1567
4.25303	32.1879
4.2575	32.2192
4.25753	32.2504
4.25764	32.2817
4.26344	32.3129
4.26471	32.3442
4.26478	32.3754
4.26487	32.4067
4.26507	32.4379
4.26527	32.4692
4.27231	32.5004
4.27513	32.5317
4.2755	32.5629
4.27557	32.5942
4.27567	32.6254
4.28215	32.6567
4.28221	32.6879
4.28266	32.7192
4.29828	32.7504
4.29849	32.7817
4.29859	32.8129
4.29867	32.8442
4.29875	32.8754
4.29882	32.9067
4.30398	32.9379
4.30414	32.9692
4.3043	33.0004
4.30445	33.0307
4.30467	33.061
4.30494	33.0913
4.3154	33.1216
4.31552	33.1519
4.31987	33.1823
4.32372	33.2126
4.32378	33.2429
4.32995	33.2732
4.32997	33.3035
4.3322	33.3338
4.33254	33.3641
4.33767	33.3944
4.33772	33.4247
4.3378	33.455
4.33791	33.4853
4.33809	33.5156
4.33824	33.5459
4.34356	33.5762
4.35451	33.6065
4.3547	33.6368
4.35487	33.6671
4.35495	33.6974
4.36022	33.7277
4.36576	33.758
4.36627	33.7883
4.36644	33.8186
4.36676	33.8489
4.37089	33.8792
4.37102	33.9095
4.37112	33.9398
4.37137	33.9701
4.37638	34.0004
4.37642	34.0298
4.37667	34.0593
4.37676	34.0887
4.37683	34.1181
4.37692	34.1475
4.37699	34.1769
4.38208	34.2063
4.38222	34.2357
4.38239	34.2651
4.38269	34.2946
4.39852	34.324
4.40561	34.3534
4.40983	34.3828
4.40995	34.4122
4.41025	34.4416
4.41035	34.471
4.41524	34.5004
4.4153	34.5298
4.41537	34.5593
4.41546	34.5887
4.41551	34.6181
4.41557	34.6475
4.41565	34.6769
4.42218	34.7063
4.42615	34.7357
4.42637	34.7651
4.42644	34.7946
4.42655	34.824
4.42667	34.8534
4.43169	34.8828
4.43172	34.9122
4.43183	34.9416
4.43189	34.971
4.43201	35.0004
4.43811	35.029
4.43829	35.0576
4.44266	35.0861
4.44273	35.1147
4.44283	35.1433
4.44297	35.1719
4.44305	35.2004
4.44312	35.229
4.44901	35.2576
4.45952	35.2861
4.46319	35.3147
4.46322	35.3433
4.4687	35.3719
4.46882	35.4004
4.46891	35.429
4.46901	35.4576
4.4691	35.4861
4.46912	35.5147
4.47444	35.5433
4.47997	35.5719
4.48572	35.6004
4.48582	35.629
4.48588	35.6576
4.48605	35.6861
4.48614	35.7147
4.49103	35.7433
4.4911	35.7719
4.49129	35.8004
4.49603	35.829
4.49636	35.8576
4.50186	35.8861
4.50196	35.9147
4.5021	35.9433
4.5022	35.9719
4.50223	36.0004
4.5073	36.0282
4.5074	36.056
4.51272	36.0838
4.51303	36.1115
4.51306	36.1393
4.51326	36.1671
4.51797	36.1949
4.51832	36.2227
4.52421	36.2504
4.52903	36.2782
4.52909	36.306
4.5292	36.3338
4.52947	36.3615
4.53452	36.3893
4.53454	36.4171
4.53456	36.4449
4.53457	36.4727
4.53458	36.5004
4.53481	36.5282
4.54007	36.556
4.54571	36.5838
4.54578	36.6115
4.54585	36.6393
4.55074	36.6671
4.55094	36.6949
4.55118	36.7227
4.55121	36.7504
4.55129	36.7782
4.55684	36.806
4.55714	36.8338
4.57423	36.8615
4.57428	36.8893
4.57436	36.9171
4.57989	36.9449
4.57993	36.9727
4.58002	37.0004
4.58011	37.0275
4.58474	37.0545
4.5848	37.0815
4.59158	37.1085
4.59169	37.1356
4.59181	37.1626
4.59572	37.1896
4.59588	37.2166
4.60112	37.2437
4.60114	37.2707
4.60153	37.2977
4.60165	37.3248
4.60175	37.3518
4.60693	37.3788
4.60709	37.4058
4.60743	37.4329
4.60766	37.4599
4.60787	37.4869
4.60802	37.5139
4.60825	37.541
4.61797	37.568
4.61804	37.595
4.61816	37.6221
4.6235	37.6491
4.62367	37.6761
4.62385	37.7031
4.62399	37.7302
4.62419	18.8651
4.63479	18.9206
4.63514	18.9762
4.63547	19.0317
4.6395	19.0844
4.64531	19.137
4.65146	19.1896
4.6516	19.2423
4.65607	19.2949
4.65612	19.3475
4.65613	19.4002
4.65614	19.4528
4.65621	19.5054
4.65623	19.5581
4.65628	19.6107
4.66687	19.6633
4.66698	19.716
4.66702	19.7686
4.6671	19.8212
4.67277	19.8739
4.67294	19.9265
4.67311	19.9791
4.67328	20.0317
4.67347	20.0817
4.67356	20.1317
4.67359	20.1817
4.67367	20.2317
4.67827	20.2817
4.6783	20.3317
4.68356	20.3817
4.68373	20.4317
4.68388	20.4817
4.68397	20.5317
4.6842	20.5817
4.68434	20.6317
4.68447	20.6817
4.68882	20.7317
4.70087	20.7817
4.71202	20.8317
4.71622	20.8817
4.71627	20.9317
4.71636	20.9817
4.72205	21.0317
4.72862	21.0794
4.73267	21.127
4.7327	21.1746
4.73279	21.2222
4.73289	21.2698
4.733	21.3175
4.73308	21.3651
4.73316	21.4127
4.73325	21.4603
4.73848	21.5079
4.73865	21.5556
4.73882	21.6032
4.73905	21.6508
4.73912	21.6984
4.73925	21.746
4.74368	21.7937
4.74376	21.8413
4.74386	21.8889
4.74396	21.9365
4.76011	21.9841
4.76014	22.0317
4.76022	22.0772
4.7666	22.1227
4.76674	22.1681
4.76693	22.2136
4.76709	22.259
4.76731	22.3045
4.76745	22.3499
4.77167	22.3954
4.7717	22.4408
4.77172	22.4863
4.77177	22.5317
4.77523	22.5772
4.77525	22.6227
4.77526	22.6681
4.77535	22.7136
4.7789	22.759
4.79299	22.8045
4.79306	22.8499
4.79315	22.8954
4.79331	22.9408
4.79579	22.9863
4.79784	23.0317
4.79794	23.0752
4.79826	23.1187
4.79836	23.1622
4.79845	23.2057
4.80433	23.2491
4.8093	23.2926
4.81202	23.3361
4.81219	23.3796
4.81565	23.4231
4.8164	23.4665
4.81656	23.51
4.81836	23.5535
4.82023	23.597
4.82069	23.6404
4.82083	23.6839
4.8211	23.7274
4.82251	23.7709
4.82255	23.8144
4.8326	23.8578
4.83329	23.9013
4.85034	23.9448
4.85279	23.9883
4.85509	24.0317
4.85554	24.0734
4.85575	24.1151
4.85728	24.1567
4.85822	24.1984
4.85939	24.2401
4.87187	24.2817
4.87252	24.3234
4.87529	24.3651
4.87951	24.4067
4.88024	24.4484
4.88378	24.4901
4.88384	24.5317
4.88507	24.5734
4.88661	24.6151
4.89505	24.6567
4.89637	24.6984
4.89707	24.7401
4.89891	24.7817
4.89916	24.8234
4.89942	24.8651
4.90031	24.9067
4.90075	24.9484
4.91334	24.9901
4.91409	25.0317
4.91416	25.0717
4.9182	25.1117
4.91825	25.1517
4.9197	25.1917
4.91973	25.2317
4.92105	25.2717
4.92111	25.3117
4.92273	25.3517
4.9232	25.3917
4.92525	25.4317
4.92531	25.4717
4.93085	25.5117
4.94314	25.5517
4.94802	25.5917
4.95611	25.6317
4.96044	25.6717
4.96738	25.7117
4.96811	25.7517
4.96816	25.7917
4.96823	25.8317
4.97025	25.8717
4.97031	25.9117
4.97459	25.9517
4.97586	25.9917
4.97598	26.0317
4.97864	26.0702
4.98277	26.1087
4.98508	26.1471
4.98567	26.1856
4.99137	26.2241
4.99604	26.2625
4.99757	26.301
4.99855	26.3394
5.00192	26.3779
5.00198	26.4164
5.00205	26.4548
5.00866	26.4933
5.01252	26.5317
5.01324	26.5702
5.0133	26.6087
5.01337	26.6471
5.01345	26.6856
5.02045	26.7241
5.02047	26.7625
5.02307	26.801
5.02376	26.8394
5.02382	26.8779
5.024	26.9164
5.02729	26.9548
5.02776	26.9933
5.02783	27.0317
5.03314	27.0688
5.03328	27.1058
5.03352	27.1429
5.03688	27.1799
5.03901	27.2169
5.06161	27.254
5.06523	27.291
5.06538	27.328
5.0671	27.3651
5.06716	27.4021
5.07488	27.4392
5.07491	27.4762
5.07628	27.5132
5.07639	27.5503
5.07844	27.5873
5.07954	27.6243
5.07971	27.6614
5.0799	27.6984
5.08093	27.7355
5.0833	27.7725
5.0839	27.8095
5.08814	27.8466
5.08877	27.8836
5.08951	27.9206
5.09085	27.9577
5.09434	27.9947
5.09833	28.0317
5.09839	28.0675
5.09976	28.1032
5.10191	28.1389
5.11452	28.1746
5.11454	28.2103
5.11982	28.246
5.11989	28.2817
5.11996	28.3175
5.12008	28.3532
5.12018	28.3889
5.12027	28.4246
5.12036	28.4603
5.12438	28.496
5.12441	28.5317
5.12462	28.5675
5.12707	28.6032
5.12712	28.6389
5.12722	28.6746
5.12745	28.7103
5.12759	28.746
5.15107	28.7817
5.15111	28.8175
5.15118	28.8532
5.15132	28.8889
5.16646	28.9246
5.1666	28.9603
5.16859	28.996
5.16868	29.0317
5.17354	29.0662
5.17359	29.1007
5.17367	29.1352
5.17562	29.1697
5.17569	29.2042
5.17578	29.2386
5.17805	29.2731
5.1784	29.3076
5.17848	29.3421
5.17865	29.3766
5.17899	29.4111
5.17915	29.4455
5.17944	29.48
5.18393	29.5145
5.18553	29.549
5.18583	29.5835
5.1859	29.618
5.19933	29.6524
5.19936	29.6869
5.20442	29.7214
5.20463	29.7559
5.20475	29.7904
5.20485	29.8249
5.20503	29.8593
5.21081	29.8938
5.21092	29.9283
5.21113	29.9628
5.21539	29.9973
5.21546	30.0317
5.2157	30.0651
5.21584	30.0984
5.22085	30.1317
5.2392	30.1651
5.23933	30.1984
5.23949	30.2317
5.24385	30.2651
5.24391	30.2984
5.24411	30.3317
5.24427	30.3651
5.24957	30.3984
5.24968	30.4317
5.24977	30.4651
5.24998	30.4984
5.25512	30.5317
5.25528	30.5651
5.25551	30.5984
5.25564	30.6317
5.26027	30.6651
5.26031	30.6984
5.26603	30.7317
5.26642	30.7651
5.26659	30.7984
5.26681	30.8317
5.27138	30.8651
5.27144	30.8984
5.27147	30.9317
5.27152	30.9651
5.27159	30.9984
5.27671	31.0317
5.27674	31.064
5.27682	31.0963
5.27739	31.1285
5.28245	31.1608
5.28279	31.193
5.28311	31.2253
5.28804	31.2576
5.28813	31.2898
5.2882	31.3221
5.29345	31.3543
5.29352	31.3866
5.29367	31.4188
5.29401	31.4511
5.29905	31.4834
5.30457	31.5156
5.32059	31.5479
5.32067	31.5801
5.32076	31.6124
5.32087	31.6447
5.32114	31.6769
5.32684	31.7092
5.32687	31.7414
5.327	31.7737
5.32713	31.8059
5.32724	31.8382
5.32743	31.8705
5.32751	31.9027
5.33283	31.935
5.33291	31.9672
5.33308	31.9995
5.3333	32.0317
5.33345	32.063
5.33364	32.0942
5.33795	32.1255
5.34974	32.1567
5.3499	32.188
5.35009	32.2192
5.35021	32.2505
5.35039	32.2817
5.35424	32.313
5.35429	32.3442
5.35436	32.3755
5.35448	32.4067
5.35458	32.438
5.35468	32.4692
5.35482	32.5005
5.36068	32.5317
5.37103	32.563
5.37142	32.5942
5.37659	32.6255
5.3768	32.6567
5.377	32.688
5.37716	32.7192
5.37739	32.7505
5.37742	32.7817
5.38161	32.813
5.38173	32.8442
5.38223	32.8755
5.38759	32.9067
5.38773	32.938
5.39306	32.9692
5.40372	33.0005
5.40383	33.0308
5.40794	33.0611
5.408	33.0914
5.40855	33.1217
5.41343	33.152
5.41349	33.1823
5.41355	33.2126
5.41994	33.2429
5.42043	33.2732
5.42074	33.3035
5.42439	33.3338
5.42445	33.3641
5.42484	33.3944
5.43055	33.4247
5.4312	33.455
5.44093	33.4853
5.4411	33.5156
5.44132	33.546
5.44636	33.5763
5.44645	33.6066
5.44656	33.6369
5.4527	33.6672
5.45285	33.6975
5.45305	33.7278
5.45318	33.7581
5.45333	33.7884
5.45731	33.8187
5.45737	33.849
5.45744	33.8793
5.45763	33.9096
5.45775	33.9399
5.47479	33.9702
5.47495	34.0005
5.47925	34.0299
5.47932	34.0593
5.48502	34.0887
5.48515	34.1181
5.48531	34.1476
5.48537	34.177
5.48545	34.2064
5.48568	34.2358
5.49018	34.2652
5.49029	34.2946
5.49649	34.324
5.49674	34.3534
5.50155	34.3829
5.50671	34.4123
5.50676	34.4417
5.50686	34.4711
5.50702	34.5005
5.50712	34.5299
5.50717	34.5593
5.51268	34.5887
5.51299	34.6181
5.51334	34.6476
5.52405	34.677
5.5242	34.7064
5.53418	34.7358
5.53427	34.7652
5.53439	34.7946
5.53447	34.824
5.54051	34.8534
5.54062	34.8829
5.54079	34.9123
5.54093	34.9417
5.54506	34.9711
5.54509	35.0005
5.55079	35.0291
5.55089	35.0576
5.551	35.0862
5.55613	35.1148
5.56211	35.1434
5.57275	35.1719
5.57278	35.2005
5.57292	35.2291
5.5732	35.2576
5.5733	35.2862
5.57854	35.3148
5.57866	35.3434
5.57888	35.3719
5.579	35.4005
5.57921	35.4291
5.57951	35.4576
5.58357	35.4862
5.58363	35.5148
5.58387	35.5434
5.58411	35.5719
5.58431	35.6005
5.59037	35.6291
5.59043	35.6576
5.59581	35.6862
5.59614	35.7148
5.59628	35.7434
5.60712	35.7719
5.61288	35.8005
5.61305	35.8291
5.61326	35.8576
5.6176	35.8862
5.61777	35.9148
5.61788	35.9434
5.61806	35.9719
5.61816	36.0005
5.6292	36.0283
5.63405	36.0561
5.63427	36.0838
5.63439	36.1116
5.63451	36.1394
5.6346	36.1672
5.64076	36.1949
5.641	36.2227
5.64117	36.2505
5.64134	36.2783
5.64399	36.3061
5.65376	36.3338
5.66584	36.3616
5.66607	36.3894
5.66632	36.4172
5.66729	36.4449
5.67118	36.4727
5.67123	36.5005
5.67131	36.5283
5.6771	36.5561
5.67723	36.5838
5.67845	36.6116
5.67857	36.6394
5.67873	36.6672
5.68421	36.6949
5.68476	36.7227
5.68495	36.7505
5.68505	36.7783
5.6903	36.8061
5.70039	36.8338
5.70071	36.8616
5.70609	36.8894
5.70623	36.9172
5.70642	36.9449
5.70653	36.9727
5.70705	37.0005
5.70718	37.0275
5.71818	37.0546
5.72229	37.0816
5.72232	37.1086
5.72235	37.1356
5.72242	37.1627
5.72251	37.1897
5.72258	37.2167
5.72263	37.2437
5.72787	37.2708
5.72815	37.2978
5.73419	37.3248
5.75012	37.3518
5.75026	37.3789
5.75049	37.4059
5.75065	37.4329
5.75082	37.46
5.75098	37.487
5.75525	37.514
5.75531	37.541
5.7558	37.5681
5.76076	37.5951
5.77196	37.6221
5.77815	18.8111
5.77833	18.8666
5.77845	18.9222
5.77863	18.9777
5.77874	19.0333
5.77889	19.0859
5.78305	19.1385
5.78313	19.1912
5.78823	19.2438
5.78829	19.2964
5.78837	19.3491
5.78843	19.4017
5.78863	19.4543
5.78874	19.507
5.79409	19.5596
5.79421	19.6122
5.79933	19.6649
5.79942	19.7175
5.80511	19.7701
5.81117	19.8228
5.81129	19.8754
5.81147	19.928
5.81163	19.9807
5.82132	20.0333
5.82138	20.0833
5.82145	20.1333
5.82746	20.1833
5.82765	20.2333
5.82837	20.2833
5.8323	20.3333
5.83273	20.3833
5.83793	20.4333
5.84444	20.4833
5.84465	20.5333
5.8449	20.5833
5.84859	20.6333
5.84905	20.6833
5.84916	20.7333
5.85454	20.7833
5.8546	20.8333
5.86034	20.8833
5.86039	20.9333
5.86056	20.9833
5.86076	21.0333
5.86098	10.5166
5.86118	10.6166
5.86563	10.7166
5.87105	10.8166
5.88181	10.9166
5.90005	11.0166
5.90008	11.1076
5.90014	11.1985
5.90021	11.2894
5.90402	11.3803
5.90408	11.4712
5.90883	11.5621
5.90898	11.653
5.9215	11.7439
5.92153	11.8348
5.92154	11.9257
5.92159	12.0166
5.92165	12.1
5.92185	12.1833
5.92196	12.2666
5.92205	12.35
5.9356	12.4333
5.93747	12.5166
5.93752	12.6
5.95099	12.6833
5.95534	12.7666
5.95537	12.85
5.95546	12.9333
5.95559	13.0166
5.95567	13.0936
5.95574	13.1705
5.95585	13.2474
5.96112	13.3243
5.97442	13.4013
5.97445	13.4782
5.97446	13.5551
5.98454	13.632
5.98467	13.7089
5.98483	13.7859
5.98502	13.8628
5.98518	13.9397
5.98537	14.0166
5.9855	14.0881
5.98976	14.1595
5.9898	14.2309
5.98988	14.3024
5.99669	14.3738
5.99913	14.4452
6.00205	14.5166
6.01746	14.5881
6.01753	14.6595
6.02846	14.7309
6.02859	14.8024
6.02873	14.8738
6.02928	14.9452
6.02948	15.0166
6.02958	15.0833
6.03402	15.15
6.03408	15.2166
6.04467	15.2833
6.04472	15.35
6.05066	15.4166
6.05087	15.4833
6.05132	15.55
6.0515	15.6166
6.06779	15.6833
6.06796	15.75
6.06815	15.8166
6.06836	15.8833
6.0721	15.95
6.07214	16.0166
6.07222	16.0791
6.07234	16.1416
6.07245	16.2041
6.0889	16.2666
6.08899	16.3291
6.08908	16.3916
6.0891	16.4541
6.09447	16.5166
6.09454	16.5791
6.10594	16.6416
6.10612	16.7041
6.10629	16.7666
6.10646	16.8291
6.10655	16.8916
6.11051	16.9541
6.1106	17.0166
6.11068	17.0755
6.11083	17.1343
6.11092	17.1931
6.13298	17.2519
6.13318	17.3108
6.13338	17.3696
6.1335	17.4284
6.13372	17.4872
6.13384	17.5461
6.14942	17.6049
6.15431	17.6637
6.15436	17.7225
6.15444	17.7813
6.15454	17.8402
6.15465	17.899
6.15474	17.9578
6.15482	18.0166
6.15488	18.0722
6.16006	18.1278
6.16049	18.1833
6.16554	18.2389
6.16563	18.2944
6.16573	18.35
6.16583	18.4055
6.16592	18.4611
6.17155	18.5166
6.1769	18.5722
6.18176	18.6278
6.18183	18.6833
6.1819	18.7389
6.18205	18.7944
6.18215	18.85
6.18218	18.9055
6.18232	18.9611
6.18241	19.0166
6.18768	19.0693
6.1883	19.1219
6.18843	19.1745
6.19268	19.2272
6.19273	19.2798
6.19332	19.3324
6.19816	19.3851
6.19841	19.4377
6.20542	19.4903
6.21102	19.543
6.21834	19.5956
6.21842	19.6482
6.21852	19.7009
6.21861	19.7535
6.22343	19.8061
6.22361	19.8587
6.22365	19.9114
6.22368	19.964
6.22371	20.0166
6.22374	20.0666
6.24564	20.1166
6.252	20.1666
6.25282	20.2166
6.25337	20.2666
6.25401	20.3166
6.25474	20.3666
6.25593	20.4166
6.26507	20.4666
6.26649	20.5166
6.26655	20.5666
6.26663	20.6166
6.26854	20.6666
6.26857	20.7166
6.27061	20.7666
6.27525	20.8166
6.27533	20.8666
6.28051	20.9166
6.28543	20.9666
6.28619	21.0166
6.28626	21.0643
6.28656	21.1119
6.29252	21.1595
6.29257	21.2071
6.29265	21.2547
6.29494	21.3024
6.29542	21.35
6.30143	21.3976
6.30152	21.4452
6.30161	21.4928
6.30455	21.5405
6.3046	21.5881
6.31537	21.6357
6.32916	21.6833
6.33427	21.7309
6.33553	21.7785
6.33558	21.8262
6.33761	21.8738
6.33835	21.9214
6.33841	21.969
6.33854	22.0166
6.33865	22.0621
6.34053	22.1076
6.34618	22.153
6.3533	22.1985
6.35519	22.2439
6.35589	22.2894
6.35668	22.3348
6.35731	22.3803
6.35813	22.4257
6.363	22.4712
6.36371	22.5166
6.36433	22.5621
6.36559	22.6076
6.36695	22.653
6.36828	22.6985
6.38739	22.7439
6.39153	22.7894
6.39223	22.8348
6.39297	22.8803
6.39715	22.9257
6.40009	22.9712
6.40063	23.0166
6.40069	23.0601
6.40208	23.1036
6.40213	23.1471
6.40636	23.1906
6.40754	23.234
6.40832	23.2775
6.40893	23.321
6.41178	23.3645
6.41252	23.4079
6.41327	23.4514
6.41457	23.4949
6.41603	23.5384
6.43277	23.5819
6.43293	23.6253
6.43368	23.6688
6.43386	23.7123
6.43401	23.7558
6.43428	23.7992
6.43578	23.8427
6.44036	23.8862
6.44211	23.9297
6.44216	23.9732
6.44225	24.0166
6.44419	24.0583
6.44862	24.1
6.454	24.1416
6.45477	24.1833
6.46103	24.225
6.46177	24.2666
6.46239	24.3083
6.46317	24.35
6.46382	24.3916
6.46456	24.4333
6.46459	24.475
6.47085	24.5166
6.48468	24.5583
6.48485	24.6
6.485	24.6416
6.49332	24.6833
6.4941	24.725
6.49481	24.7666
6.49487	24.8083
6.49561	24.85
6.49568	24.8916
6.49583	24.9333
6.50271	24.975
6.50347	25.0166
6.5041	25.0566
6.50471	25.0966
6.51179	25.1366
6.5126	25.1766
6.51323	25.2166
6.51384	25.2566
6.51468	25.2966
6.51605	25.3366
6.51761	25.3766
6.52169	25.4166
6.52296	25.4566
6.52371	25.4966
6.53426	25.5366
6.53576	25.5766
6.53864	25.6166
6.54019	25.6566
6.5415	25.6966
6.54311	25.7366
6.54382	25.7766
6.54455	25.8166
6.54533	25.8566
6.54652	25.8966
6.55211	25.9366
6.5538	25.9766
6.55505	26.0166
6.55935	26.0551
6.56423	26.0936
6.56703	26.132
6.56958	26.1705
6.5707	26.2089
6.57204	26.2474
6.57271	26.2859
6.57412	26.3243
6.57525	26.3628
6.57562	26.4013
6.57575	26.4397
6.57695	26.4782
6.60177	26.5166
6.6019	26.5551
6.60301	26.5936
6.60306	26.632
6.6095	26.6705
6.61216	26.7089
6.61295	26.7474
6.61436	26.7859
6.61642	26.8243
6.61717	26.8628
6.61793	26.9013
6.618	26.9397
6.61924	26.9782
6.61931	27.0166
6.6207	27.0537
6.62497	27.0907
6.6299	27.1278
6.63123	27.1648
6.63133	27.2018
6.63143	27.2389
6.63608	27.2759
6.63737	27.3129
6.63873	27.35
6.64007	27.387
6.64151	27.424
6.65119	27.4611
6.6518	27.4981
6.65253	27.5352
6.65472	27.5722
6.65531	27.6092
6.65901	27.6463
6.6632	27.6833
6.6652	27.7203
6.66534	27.7574
6.66667	27.7944
6.66673	27.8315
6.67041	27.8685
6.67103	27.9055
6.67154	27.9426
6.67236	27.9796
6.6725	28.0166
6.68355	28.0524
6.68362	28.0881
6.68372	28.1238
6.68386	28.1595
6.68706	28.1952
6.68725	28.2309
6.68752	28.2666
6.69198	28.3024
6.69336	28.3381
6.69339	28.3738
6.69346	28.4095
6.72102	28.4452
6.72123	28.4809
6.72674	28.5166
6.72702	28.5524
6.72712	28.5881
6.72725	28.6238
6.73242	28.6595
6.73568	28.6952
6.73593	28.7309
6.74114	28.7666
6.74292	28.8024
6.74819	28.8381
6.74831	28.8738
6.74841	28.9095
6.74851	28.9452
6.74873	28.9809
6.7488	29.0166
6.75394	29.0511
6.7547	29.0856
6.75855	29.1201
6.7651	29.1546
6.76511	29.1891
6.76513	29.2235
6.76521	29.258
6.76527	29.2925
6.76535	29.327
6.76547	29.3615
6.77144	29.396
6.77928	29.4304
6.77938	29.4649
6.77961	29.4994
6.77976	29.5339
6.78531	29.5684
6.80495	29.6028
6.80532	29.6373
6.80549	29.6718
6.80567	29.7063
6.80578	29.7408
6.80991	29.7753
6.81534	29.8097
6.8154	29.8442
6.81549	29.8787
6.81559	29.9132
6.81567	29.9477
6.82191	29.9822
6.82671	30.0166
6.83757	30.05
6.83766	30.0833
6.83772	30.1166
6.83786	30.15
6.83798	30.1833
6.8427	30.2166
6.84273	30.25
6.84283	30.2833
6.84315	30.3166
6.8491	30.35
6.84949	30.3833
6.84964	30.4166
6.85392	30.45
6.85404	30.4833
6.8594	30.5166
6.8597	30.55
6.89324	30.5833
6.89338	30.6166
6.89353	30.65
6.89753	30.6833
6.89779	30.7166
6.90335	30.75
6.9034	30.7833
6.90875	30.8166
6.90886	30.85
6.90904	30.8833
6.90912	30.9166
6.90916	30.95
6.90918	30.9833
6.91394	31.0166
6.91453	31.0489
6.91465	15.5244
6.91987	15.5911
6.92003	15.6578
6.92019	15.7244
6.92031	15.7911
6.92048	15.8578
6.92059	15.9244
6.92074	15.9911
6.93132	16.0578
6.93149	16.1203
6.93602	16.1828
6.93607	16.2453
6.94142	16.3078
6.95264	16.3703
6.95785	16.4328
6.96344	16.4953
6.9636	16.5578
6.96381	16.6203
6.96392	16.6828
6.96401	16.7453
6.96912	16.8078
6.97446	16.8703
6.97454	16.9328
6.97464	16.9953
6.97472	17.0578
6.97477	17.1166
6.98003	17.1754
6.98018	17.2343
6.99661	17.2931
7.0081	17.3519
7.01285	17.4107
7.02366	17.4695
7.04064	17.5284
7.04662	8.76419
7.04677	8.88919
7.04693	9.01419
7.05107	9.1253
7.05109	9.23641
7.0511	9.34752
7.05115	9.45863
7.05123	9.56974
7.0513	9.68085
7.05135	9.79196
7.05141	9.90307
7.05721	10.0142
7.05738	10.1142
7.05757	10.2142
7.08591	10.3142
7.10934	10.4142
7.1095	10.5142
7.1096	10.6142
7.1097	10.7142
7.11508	10.8142
7.11915	10.9142
7.11976	11.0142
7.1201	11.1051
7.1246	11.196
7.12737	11.2869
7.13662	11.3778
7.13669	11.4687
7.13677	11.5596
7.13692	11.6505
7.13703	11.7415
7.14127	11.8324
7.14283	11.9233
7.16202	12.0142
7.16238	12.0975
7.16666	12.1809
7.16781	12.2642
7.16857	12.3475
7.1687	12.4309
7.17075	12.5142
7.17081	12.5975
7.171	12.6809
7.17354	12.7642
7.17359	12.8475
7.19264	12.9309
7.19272	13.0142
7.19285	13.0911
7.19295	13.168
7.19673	13.245
7.20435	13.3219
7.21867	13.3988
7.23193	13.4757
7.23702	13.5526
7.23705	13.6296
7.23718	13.7065
7.23767	13.7834
7.24113	13.8603
7.24116	13.9373
7.24139	14.0142
7.2467	14.0856
7.24696	14.157
7.24703	14.2285
7.24755	14.2999
7.24792	14.3713
7.26268	14.4428
7.27641	14.5142
7.2765	14.5856
7.27673	14.657
7.28208	14.7285
7.28213	14.7999
7.28549	14.8713
7.28553	14.9428
7.28561	15.0142
7.30314	15.0809
7.30389	15.1475
7.3091	15.2142
7.30913	15.2809
7.3094	15.3475
7.30951	15.4142
7.30971	15.4809
7.31408	15.5475
7.31419	15.6142
7.31725	15.6809
7.33595	15.7475
7.33613	15.8142
7.33631	15.8809
7.33663	15.9475
7.34024	16.0142
7.3403	16.0767
7.34609	16.1392
7.34615	16.2017
7.34698	16.2642
7.34713	16.3267
7.36895	16.3892
7.37442	16.4517
7.37454	16.5142
7.37461	16.5767
7.37467	16.6392
7.37488	16.7017
7.38047	16.7642
7.38058	16.8267
7.38106	16.8892
7.38541	16.9517
7.41322	17.0142
7.4133	17.073
7.41336	17.1318
7.41372	17.1907
7.41872	17.2495
7.41875	17.3083
7.42435	17.3671
7.42618	17.426
7.42629	17.4848
7.42639	17.5436
7.42647	17.6024
7.43703	17.6612
7.43717	17.7201
7.443	17.7789
7.44811	17.8377
7.44843	17.8965
7.44858	17.9554
7.44873	18.0142
7.44888	18.0697
7.449	18.1253
7.4492	18.1809
7.46945	18.2364
7.47443	18.292
7.4745	18.3475
7.47458	18.4031
7.47995	18.4586
7.47998	18.5142
7.48007	18.5697
7.48574	18.6253
7.49095	18.6809
7.49109	18.7364
7.49652	18.792
7.49661	18.8475
7.5077	18.9031
7.50772	18.9586
7.50773	19.0142
7.51863	19.0668
7.51878	19.1194
7.52215	19.1721
7.52229	19.2247
7.52248	19.2773
7.52259	19.33
7.52281	19.3826
7.52292	19.4352
7.54718	19.4879
7.54999	19.5405
7.55008	19.5931
7.55023	19.6458
7.55032	19.6984
7.55537	19.751
7.55979	19.8037
7.55982	19.8563
7.55988	19.9089
7.56273	19.9616
7.5628	20.0142
7.56505	20.0642
7.57606	20.1142
7.57612	20.1642
7.58201	20.2142
7.58219	20.2642
7.58267	20.3142
7.58697	20.3642
7.58709	20.4142
7.58716	20.4642
7.59483	20.5142
7.59496	20.5642
7.59504	20.6142
7.62157	20.6642
7.62748	20.7142
7.62763	20.7642
7.62795	20.8142
7.63279	20.8642
7.63291	20.9142
7.63298	20.9642
7.63305	21.0142
7.63316	21.0618
7.63952	21.1094
7.63958	21.157
7.6397	21.2047
7.64403	21.2523
7.65064	21.2999
7.65069	21.3475
7.65077	21.3951
7.66034	21.4428
7.66587	21.4904
7.66607	21.538
7.67127	21.5856
7.67163	21.6332
7.6718	21.6809
7.67666	21.7285
7.6768	21.7761
7.68224	21.8237
7.68235	21.8713
7.6824	21.9189
7.68791	21.9666
7.69908	22.0142
7.6992	22.0596
7.69937	22.1051
7.70492	22.1505
7.70502	22.196
7.70508	22.2415
7.70514	22.2869
7.7053	22.3324
7.70533	22.3778
7.7153	22.4233
7.71534	22.4687
7.7157	22.5142
7.72032	22.5596
7.73199	22.6051
7.73215	22.6505
7.73716	22.696
7.7538	22.7415
7.75391	22.7869
7.75445	22.8324
7.75463	22.8778
7.75854	22.9233
7.75858	22.9687
7.75859	23.0142
7.75952	23.0577
7.765	23.1011
7.76515	23.1446
7.76535	23.1881
7.77013	23.2316
7.77531	23.2751
7.77533	23.3185
7.78134	23.362
7.78145	23.4055
7.78161	23.449
7.78176	23.4924
7.78195	23.5359
7.78631	23.5794
7.79167	23.6229
7.7917	23.6664
7.80805	23.7098
7.81952	23.7533
7.82446	23.7968
7.83024	23.8403
7.8355	23.8838
7.83555	23.9272
7.83564	23.9707
7.83575	24.0142
7.83583	24.0559
7.83602	24.0975
7.83609	24.1392
7.84212	24.1809
7.84218	12.0904
7.84233	12.1738
7.84248	12.2571
7.85307	12.3404
7.85384	12.4238
7.8619	12.5071
7.86197	12.5904
7.86233	12.6738
7.86234	12.7571
7.87337	12.8404
7.87675	12.9238
7.87687	13.0071
7.87693	13.084
7.87703	13.1609
7.89327	13.2379
7.9046	13.3148
7.91018	13.3917
7.91021	13.4686
7.91033	13.5456
7.9106	13.6225
7.91542	13.6994
7.91568	13.7763
7.91576	13.8532
7.93243	13.9302
7.93261	14.0071
7.93318	14.0785
7.93353	14.1499
7.93725	14.2214
7.94889	14.2928
7.94896	14.3642
7.94907	14.4357
7.95428	14.5071
7.95446	14.5785
7.95466	14.6499
7.95475	14.7214
7.9549	14.7928
7.97034	14.8642
7.97039	14.9357
7.97057	15.0071
7.971	15.0738
7.97103	15.1404
7.9711	15.2071
7.99252	15.2738
7.99261	15.3404
7.99266	15.4071
8.00883	15.4738
8.00886	15.5404
8.00892	15.6071
8.00901	15.6738
8.01401	15.7404
8.02502	15.8071
8.0251	15.8738
8.02521	15.9404
8.02536	16.0071
8.02561	16.0696
8.03086	16.1321
8.03097	16.1946
8.04141	16.2571
8.04148	16.3196
8.04155	16.3821
8.04164	16.4446
8.04167	16.5071
8.04168	16.5696
8.04173	16.6321
8.04181	16.6946
8.06457	16.7571
8.06468	16.8196
8.06882	16.8821
8.06887	16.9446
8.06896	17.0071
8.06921	17.0659
8.07432	17.1247
8.076	17.1836
8.08258	17.2424
8.08655	17.3012
8.08662	17.36
8.08664	17.4189
8.08672	17.4777
8.0868	17.5365
8.08687	17.5953
8.08692	17.6542
8.09634	17.713
8.0964	17.7718
8.09647	17.8306
8.1017	17.8894
8.10184	17.9483
8.10207	18.0071
8.10242	18.0626
8.11343	18.1182
8.11353	18.1738
8.12406	18.2293
8.1242	18.2849
8.12437	18.3404
8.12454	18.396
8.12472	18.4515
8.12484	18.5071
8.12503	18.5626
8.12514	18.6182
8.14067	18.6738
8.1407	18.7293
8.14075	18.7849
8.14602	18.8404
8.14615	18.896
8.14656	18.9515
8.14671	19.0071
8.14697	19.0597
8.1516	19.1124
8.15177	19.165
8.16779	19.2176
8.16782	19.2703
8.16792	19.3229
8.16827	19.3755
8.16841	19.4281
8.16857	19.4808
8.16875	19.5334
8.16884	19.586
8.17502	19.6387
8.17878	19.6913
8.17884	19.7439
8.18473	19.7966
8.19015	19.8492
8.19029	19.9018
8.19048	19.9545
8.1906	20.0071
8.19085	20.0571
8.19096	20.1071
8.19111	20.1571
8.2171	20.2071
8.21717	20.2571
8.21722	20.3071
8.21734	20.3571
8.21742	20.4071
8.21753	20.4571
8.21757	20.5071
8.21762	20.5571
8.22406	20.6071
8.22808	20.6571
8.22813	20.7071
8.22837	20.7571
8.23385	20.8071
8.23406	20.8571
8.23434	20.9071
8.23439	20.9571
8.23441	21.0071
8.23444	21.0547
8.23903	21.1023
8.23907	21.1499
8.24503	21.1976
8.24511	21.2452
8.24515	21.2928
8.25057	21.3404
8.25072	21.388
8.25095	21.4357
8.25108	21.4833
8.25131	21.5309
8.25593	21.5785
8.25601	21.6261
8.25606	21.6738
8.2614	21.7214
8.27769	21.769
8.27784	21.8166
8.27806	21.8642
8.27819	21.9119
8.27842	21.9595
8.27852	22.0071
8.27869	22.0525
8.27881	22.098
8.28286	22.1435
8.28289	22.1889
8.28298	22.2344
8.28313	22.2798
8.29443	22.3253
8.29447	22.3707
8.29965	22.4162
8.2997	22.4616
8.29982	22.5071
8.30004	22.5525
8.30015	22.598
8.30505	22.6435
8.31179	22.6889
8.31588	22.7344
8.31604	22.7798
8.31613	22.8253
8.31617	22.8707
8.31626	22.9162
8.32126	22.9616
8.32132	23.0071
8.32135	23.0506
8.32149	23.094
8.32159	23.1375
8.32173	23.181
8.32177	23.2245
8.3218	23.268
8.33231	23.3114
8.33234	23.3549
8.34944	23.3984
8.34965	23.4419
8.34979	23.4854
8.34993	23.5288
8.3501	23.5723
8.35408	23.6158
8.35449	23.6593
8.35458	23.7027
8.36019	23.7462
8.36026	23.7897
8.3603	23.8332
8.36032	23.8767
8.37646	23.9201
8.37677	23.9636
8.37681	24.0071
8.37682	24.0488
8.38193	24.0904
8.38216	24.1321
8.38242	24.1738
8.38257	24.2154
8.39256	24.2571
8.39293	24.2988
8.39807	24.3404
8.39839	24.3821
8.40362	24.4238
8.40387	24.4654
8.40407	24.5071
8.40898	24.5488
8.40905	24.5904
8.40916	24.6321
8.40927	24.6738
8.40935	24.7154
8.40942	24.7571
8.41506	24.7988
8.41508	24.8404
8.42007	24.8821
8.42017	24.9238
8.42034	24.9654
8.42039	25.0071
8.4257	25.0471
8.42575	25.0871
8.42595	25.1271
8.43165	25.1671
8.43178	25.2071
8.43201	25.2471
8.43632	25.2871
8.44203	25.3271
8.44224	25.3671
8.44228	25.4071
8.44767	25.4471
8.45285	25.4871
8.453	25.5271
8.45305	25.5671
8.46181	25.6071
8.462	25.6471
8.46221	25.6871
8.46239	25.7271
8.46256	25.7671
8.46562	25.8071
8.46568	25.8471
8.46575	25.8871
8.47746	25.9271
8.48229	25.9671
8.48235	26.0071
8.48241	26.0456
8.48259	26.084
8.4827	26.1225
8.48278	26.1609
8.48664	26.1994
8.48676	26.2379
8.48691	26.2763
8.48905	26.3148
8.48956	26.3532
8.49446	26.3917
8.49453	26.4302
8.49461	26.4686
8.49922	26.5071
8.49939	26.5456
8.50105	26.584
8.50112	26.6225
8.50119	26.6609
8.50699	26.6994
8.5119	26.7379
8.51193	26.7763
8.51194	26.8148
8.52855	26.8532
8.5287	26.8917
8.52873	26.9302
8.52874	26.9686
8.53331	27.0071
8.53334	27.0441
8.53571	27.0812
8.53587	27.1182
8.53686	27.1552
8.54544	27.1923
8.54554	27.2293
8.55081	27.2664
8.55103	27.3034
8.55105	27.3404
8.55115	27.3775
8.55645	27.4145
8.55647	27.4515
8.56217	27.4886
8.56224	27.5256
8.56777	27.5626
8.56787	27.5997
8.56802	27.6367
8.56813	27.6738
8.56816	27.7108
8.56821	27.7478
8.57288	27.7849
8.57305	27.8219
8.5731	27.8589
8.57662	27.896
8.57667	27.933
8.58441	27.9701
8.5846	28.0071
8.59438	28.0428
8.59444	28.0785
8.59452	28.1142
8.59774	28.1499
8.60305	28.1857
8.60329	28.2214
8.6078	28.2571
8.60855	28.2928
8.60921	28.3285
8.61013	28.3642
8.61018	28.3999
8.61146	28.4357
8.6122	28.4714
8.61222	28.5071
8.6123	28.5428
8.61498	28.5785
8.61595	28.6142
8.61601	28.6499
8.61619	28.6857
8.61785	28.7214
8.61866	28.7571
8.6193	28.7928
8.6206	28.8285
8.6213	28.8642
8.62516	28.8999
8.62928	28.9357
8.64586	28.9714
8.64622	29.0071
8.64635	29.0416
8.64641	29.0761
8.64652	29.1105
8.64665	29.145
8.6468	29.1795
8.64707	29.214
8.6517	29.2485
8.65174	29.283
8.65181	29.3174
8.66536	29.3519
8.66542	29.3864
8.66879	29.4209
8.67018	29.4554
8.68569	29.4899
8.68586	29.5243
8.68612	29.5588
8.68851	29.5933
8.68854	29.6278
8.68875	29.6623
8.69195	29.6967
8.69201	29.7312
8.69352	29.7657
8.69361	29.8002
8.6937	29.8347
8.69392	29.8692
8.69934	29.9036
8.70122	29.9381
8.70213	29.9726
8.70273	30.0071
8.7041	30.0404
8.70689	30.0738
8.70748	30.1071
8.71106	30.1404
8.71248	30.1738
8.71252	30.2071
8.71306	30.2404
8.71386	30.2738
8.71525	30.3071
8.744	30.3404
8.74404	30.3738
8.74544	30.4071
8.74549	30.4404
8.75105	30.4738
8.75113	30.5071
8.75252	30.5404
8.75429	30.5738
8.75436	30.6071
8.7611	30.6404
8.76453	30.6738
8.77088	30.7071
8.77156	30.7404
8.77288	30.7738
8.77296	30.8071
8.77424	30.8404
8.77687	30.8738
8.77891	30.9071
8.77897	30.9404
8.77905	30.9738
8.78315	31.0071
8.78318	31.0394
8.78447	31.0716
8.78459	31.1039
8.78466	31.1361
8.78723	31.1684
8.78821	31.2006
8.78828	31.2329
8.78843	31.2652
8.79991	31.2974
8.81015	31.3297
8.81031	31.3619
8.81049	31.3942
8.81192	31.4264
8.82173	31.4587
8.8224	31.491
8.82301	31.5232
8.82374	31.5555
8.82514	31.5877
8.82589	31.62
8.82648	31.6523
8.82721	31.6845
8.82793	31.7168
8.86233	31.749
8.86417	31.7813
8.86519	31.8135
8.86591	31.8458
8.86598	31.8781
8.86727	31.9103
8.86733	31.9426
8.86869	31.9748
8.86872	32.0071
8.87007	32.0383
8.87076	32.0696
8.87082	32.1008
8.87219	32.1321
8.8951	32.1633
8.90741	32.1946
8.90897	32.2258
8.90901	32.2571
8.91017	32.2883
8.91022	32.3196
8.91306	32.3508
8.91311	32.3821
8.91314	32.4133
8.9151	32.4446
8.91573	32.4758
8.91595	32.5071
8.91805	32.5383
8.91838	32.5696
8.91854	32.6008
8.92037	32.6321
8.92207	32.6633
8.92383	32.6946
8.9533	32.7258
8.95346	32.7571
8.95884	32.7883
8.95895	32.8196
8.96319	32.8508
8.9649	32.8821
8.96497	32.9133
8.96657	32.9446
8.96659	32.9758
8.97041	33.0071
8.97063	33.0374
8.97073	33.0677
8.97084	33.098
8.97269	33.1283
8.97414	33.1586
8.97548	33.1889
8.97551	33.2192
8.97688	33.2495
8.98032	33.2798
8.98166	33.3101
8.98396	33.3404
8.9855	33.3707
8.98561	33.401
8.98825	33.4313
8.98995	33.4616
8.99253	33.4919
8.99318	33.5222
8.99321	33.5525
8.99512	33.5829
8.99518	33.6132
8.99659	33.6435
8.99731	33.6738
9.02858	33.7041
9.02984	33.7344
9.0299	33.7647
9.03136	33.795
9.03563	33.8253
9.03575	33.8556
9.03591	33.8859
9.03919	33.9162
9.03924	33.9465
9.05557	33.9768
9.05627	34.0071
9.0604	34.0365
9.06113	34.0659
9.06119	34.0953
9.06188	34.1247
9.06607	34.1542
9.06613	34.1836
9.06851	34.213
9.06888	34.2424
9.06958	34.2718
9.06971	34.3012
9.06982	34.3306
9.06994	34.36
9.07002	34.3894
9.07459	34.4189
9.08317	34.4483
9.0832	34.4777
9.08326	34.5071
9.08734	34.5365
9.08736	34.5659
9.08743	34.5953
9.09276	34.6247
9.09628	34.6542
9.1028	34.6836
9.1031	34.713
9.10695	34.7424
9.11321	34.7718
9.11327	34.8012
9.11333	34.8306
9.11345	34.86
9.1171	34.8894
9.11911	34.9189
9.1288	34.9483
9.12987	34.9777
9.13033	35.0071
9.13163	35.0357
9.13237	35.0642
9.13309	35.0928
9.1338	35.1214
9.1344	35.1499
9.13515	35.1785
9.14008	35.2071
9.14226	35.2357
9.14573	35.2642
9.14711	35.2928
9.14716	35.3214
9.14724	35.3499
9.14737	35.3785
9.1584	35.4071
9.16122	35.4357
9.16128	35.4642
9.16271	35.4928
9.16712	35.5214
9.16758	35.5499
9.16769	35.5785
9.16892	35.6071
9.16899	35.6357
9.17816	35.6642
9.17951	35.6928
9.18685	35.7214
9.18688	35.7499
9.18864	35.7785
9.18882	35.8071
9.19019	35.8357
9.19033	35.8642
9.19081	35.8928
9.19093	35.9214
9.21169	35.9499
9.22152	35.9785
9.22226	36.0071
9.22718	36.0349
9.22783	36.0626
9.22869	36.0904
9.22873	36.1182
9.22874	36.146
9.23062	36.1738
9.23065	36.2015
9.23207	36.2293
9.23486	36.2571
9.23491	36.2849
9.23501	36.3126
9.23512	36.3404
9.23521	36.3682
9.23776	36.396
9.23954	36.4238
9.23967	36.4515
9.23986	36.4793
9.24477	36.5071
9.24486	36.5349
9.24495	36.5626
9.24749	36.5904
9.25609	36.6182
9.25614	36.646
9.25618	36.6738
9.25628	36.7015
9.2563	36.7293
9.2639	36.7571
9.26406	36.7849
9.28895	36.8126
9.28908	36.8404
9.28927	36.8682
9.28939	36.896
9.29154	36.9238
9.30251	36.9515
9.30264	36.9793
9.30285	37.0071
9.30295	37.0341
9.3082	37.0611
9.30825	37.0882
9.30832	37.1152
9.31419	37.1422
9.31431	37.1693
9.3145	37.1963
9.3159	37.2233
9.31595	37.2503
9.31612	37.2774
9.32931	37.3044
9.32935	37.3314
9.32944	37.3584
9.32977	37.3855
9.32984	37.4125
9.32991	37.4395
9.33472	37.4666
9.33474	37.4936
9.33483	37.5206
9.33497	37.5476
9.33508	37.5747
9.35666	37.6017
9.35686	37.6287
9.35702	37.6557
9.35715	37.6828
9.35729	37.7098
9.35748	37.7368
9.36163	37.7638
9.37388	37.7909
9.37823	37.8179
9.37826	37.8449
9.37849	37.872
9.37873	37.899
9.38361	37.926
9.38364	37.953
9.3837	37.9801
9.38375	38.0071
9.38389	38.0334
9.38403	38.0597
9.3891	38.086
9.38916	38.1124
9.38923	38.1387
9.38934	38.165
9.38943	38.1913
9.38952	38.2176
9.38961	38.2439
9.38971	38.2703
9.3946	38.2966
9.39469	38.3229
9.39471	38.3492
9.39482	38.3755
9.4003	38.4018
9.41676	38.4281
9.41684	38.4545
9.4169	38.4808
9.42202	38.5071
9.42205	38.5334
9.42206	38.5597
9.42781	38.586
9.43334	38.6124
9.43837	38.6387
9.4384	38.665
9.43847	38.6913
9.43859	38.7176
9.43869	38.7439
9.43877	38.7703
9.43884	38.7966
9.43894	38.8229
9.44423	38.8492
9.44426	38.8755
9.44471	38.9018
9.44481	38.9281
9.44494	38.9545
9.44988	38.9808
9.45499	39.0071
9.45554	39.0327
9.46137	39.0584
9.46572	39.084
9.46576	39.1097
9.4661	39.1353
9.46619	39.1609
9.46649	39.1866
9.47135	39.2122
9.47142	39.2379
9.48797	39.2635
9.48804	39.2891
9.48811	39.3148
9.4938	39.3404
9.50433	39.3661
9.5044	39.3917
9.5046	39.4173
9.50485	39.443
9.50969	39.4686
9.50974	39.4943
9.50993	39.5199
9.51	39.5456
9.51006	39.5712
9.51016	39.5968
9.51569	39.6225
9.51581	39.6481
9.51598	39.6738
9.51607	39.6994
9.51618	39.725
9.52087	39.7507
9.52099	39.7763
9.5211	39.802
9.52671	39.8276
9.52735	39.8532
9.54314	39.8789
9.54866	39.9045
9.55403	39.9302
9.55413	39.9558
9.55944	39.9815
9.55963	40.0071
9.56003	40.0321
9.56549	40.0571
9.56597	40.0821
9.566	40.1071
9.56601	40.1321
9.56602	40.1571
9.56603	40.1821
9.57591	40.2071
9.57608	40.2321
9.58104	40.2571
9.58108	40.2821
9.58115	40.3071
9.58118	40.3321
9.58131	40.3571
9.58532	40.3821
9.58536	40.4071
9.58545	40.4321
9.58549	40.4571
9.58812	40.4821
9.60225	40.5071
9.60256	40.5321
9.60289	40.5571
9.60292	40.5821
9.60301	40.6071
9.60307	40.6321
9.60442	40.6571
9.60466	40.6821
9.6049	40.7071
9.60509	40.7321
9.60532	40.7571
9.6082	40.7821
9.61346	40.8071
9.61393	40.8321
9.61396	40.8571
9.62108	40.8821
9.62114	40.9071
9.62117	40.9321
9.62136	40.9571
9.62153	40.9821
9.6217	41.0071
9.62655	41.0315
9.63989	41.0559
9.64011	41.0803
9.64016	41.1047
9.64019	41.129
9.64534	41.1534
9.64538	41.1778
9.64541	41.2022
9.64546	41.2266
9.65101	41.251
9.65109	41.2754
9.65663	41.2998
9.6567	41.3242
9.65688	41.3486
9.65712	41.3729
9.65717	41.3973
9.65721	41.4217
9.65736	41.4461
9.66243	41.4705
9.67462	41.4949
9.67474	41.5193
9.67673	41.5437
9.67678	41.5681
9.67688	41.5925
9.68105	41.6168
9.68361	41.6412
9.68783	41.6656
9.69287	41.69
9.69331	41.7144
9.6977	41.7388
9.69912	41.7632
9.69919	41.7876
9.69926	41.812
9.69944	41.8364
9.70269	41.8608
9.70304	41.8851
9.72518	41.9095
9.72593	41.9339
9.72663	41.9583
9.72726	41.9827
9.72798	42.0071
9.72872	42.0309
9.72972	42.0547
9.73013	42.0785
9.73148	42.1023
9.73221	42.1261
9.73296	42.1499
9.73368	42.1738
9.73714	42.1976
9.73716	42.2214
9.73855	42.2452
9.73858	42.269
9.74625	42.2928
9.74628	42.3166
9.74632	42.3404
9.74642	42.3642
9.75422	42.388
9.75542	42.4119
9.75549	42.4357
9.75554	42.4595
9.75891	42.4833
9.76031	42.5071
9.76035	42.5309
9.76174	42.5547
9.7618	42.5785
9.76305	42.6023
9.77169	42.6261
9.77591	42.6499
9.77797	42.6738
9.778	42.6976
9.77854	42.7214
9.77862	42.7452
9.7829	42.769
9.78423	42.7928
9.78429	42.8166
9.78615	42.8404
9.78627	42.8642
9.79943	42.888
9.80004	42.9119
9.802	42.9357
9.8026	42.9595
9.80464	42.9833
9.80713	43.0071
9.80839	43.0303
9.80896	43.0536
9.80971	43.0769
9.80974	43.1001
9.8098	43.1234
9.81184	43.1466
9.81188	43.1699
9.8132	43.1931
9.81323	43.2164
9.81469	43.2397
9.8175	43.2629
9.8347	43.2862
9.8374	43.3094
9.84891	43.3327
9.85078	43.3559
9.85151	43.3792
9.85427	43.4024
9.85502	43.4257
9.85561	43.449
9.85632	43.4722
9.85708	43.4955
9.85779	43.5187
9.85844	43.542
9.85916	43.5652
9.86126	43.5885
9.86185	43.6117
9.86262	43.635
9.86346	43.6583
9.86482	43.6815
9.86485	43.7048
9.86762	43.728
9.86769	43.7513
9.86774	43.7745
9.86965	43.7978
9.8704	43.821
9.87723	43.8443
9.87758	43.8676
9.8777	43.8908
9.88027	43.9141
9.8809	43.9373
9.8816	43.9606
9.88232	43.9838
9.88305	44.0071
9.88791	44.0298
9.89557	44.0525
9.89587	44.0753
9.896	44.098
9.89616	44.1207
9.89858	44.1435
9.89916	44.1662
9.89919	44.1889
9.90062	44.2116
9.90069	44.2344
9.90857	44.2571
9.92448	44.2798
9.92935	44.3025
9.93154	44.3253
9.93212	44.348
9.93507	44.3707
9.93779	44.3935
9.93782	44.4162
9.93929	44.4389
9.94066	44.4616
9.94205	44.4844
9.94413	44.5071
9.9453	44.5298
9.94557	44.5525
9.94572	44.5753
9.95196	44.598
9.95337	44.6207
9.95682	44.6435
9.95685	44.6662
9.95696	44.6889
9.95912	44.7116
9.96038	44.7344
9.96042	44.7571
9.96832	44.7798
9.9711	44.8025
9.97238	44.8253
9.97306	44.848
9.97585	44.8707
9.97641	44.8935
9.97645	44.9162
9.97773	44.9389
9.97847	44.9616
9.9785	44.9844
9.98405	45.0071
9.98629	45.0293
9.98636	45.0515
9.98647	45.0738
9.98661	45.096
9.98961	45.1182
9.99036	45.1404
9.99042	45.1626
9.99752	45.1849
10.001	45.2071
10.0031	45.2293
10.0066	45.2515
10.0206	45.2738
10.0208	45.296
10.0245	45.3182
10.0256	45.3404
10.0295	45.3626
10.0296	45.3849
10.0297	45.4071
10.0298	45.4293
10.0302	45.4515
10.0361	45.4738
10.0391	45.496
10.0393	45.5182
10.048	45.5404
10.0482	45.5626
10.051	45.5849
10.0511	45.6071
10.0511	45.6293
10.0513	45.6515
10.0513	45.6738
10.0514	45.696
10.0552	45.7182
10.0557	45.7404
10.0611	45.7626
10.0622	45.7849
10.0678	45.8071
10.0679	45.8293
10.0679	45.8515
10.068	45.8738
10.0729	45.896
10.0731	45.9182
10.0733	45.9404
10.0789	45.9626
10.079	45.9849
10.079	46.0071
10.0946	46.0288
10.0947	46.0506
10.0947	46.0723
10.0948	46.094
10.095	46.1158
10.095	46.1375
10.1057	46.1593
10.1062	46.181
10.1117	46.2027
10.1118	46.2245
10.1168	46.2462
10.1334	46.268
10.1335	46.2897
10.1386	46.3114
10.1386	46.3332
10.1387	46.3549
10.1388	46.3767
10.1389	46.3984
10.139	46.4201
10.1443	46.4419
10.1495	46.4636
10.1496	46.4854
10.1496	46.5071
10.1498	46.5288
10.1498	46.5506
10.1557	46.5723
10.1559	46.594
10.156	46.6158
10.1605	46.6375
10.1609	46.6593
10.1609	46.681
10.161	46.7027
10.166	46.7245
10.1664	46.7462
10.1665	46.768
10.1666	46.7897
10.172	46.8114
10.1721	46.8332
10.1723	46.8549
10.1725	46.8767
10.1726	46.8984
10.1728	46.9201
10.173	46.9419
10.177	46.9636
10.1771	46.9854
10.1827	47.0071
10.1827	47.0284
10.1833	47.0496
10.1835	47.0709
10.1883	47.0922
10.1884	47.1135
10.1934	47.1348
10.1938	47.156
10.2061	47.1773
10.2095	47.1986
10.2171	47.2199
10.2202	47.2411
10.2204	47.2624
10.2256	47.2837
10.2257	47.305
10.2257	47.3262
10.2294	47.3475
10.2299	47.3688
10.2302	47.3901
10.2347	47.4113
10.2348	47.4326
10.2401	47.4539
10.2401	47.4752
10.2402	47.4965
10.2404	47.5177
10.2405	47.539
10.2455	47.5603
10.2518	47.5816
10.2523	47.6028
10.2565	47.6241
10.2567	47.6454
10.257	47.6667
10.2571	47.6879
10.2625	47.7092
10.2626	47.7305
10.2675	47.7518
10.2676	47.7731
10.2676	47.7943
10.2678	47.8156
10.2679	47.8369
10.2679	47.8582
10.2681	47.8794
10.2729	47.9007
10.2731	47.922
10.2732	47.9433
10.2733	47.9645
10.2734	47.9858
10.2735	48.0071
10.2789	48.0279
10.3065	48.0488
10.3066	48.0696
10.3068	48.0904
10.312	48.1113
10.3121	48.1321
10.3123	48.1529
10.3126	48.1738
10.3129	48.1946
10.3169	48.2154
10.3169	48.2363
10.3172	48.2571
10.3173	48.2779
10.3174	48.2988
10.3225	48.3196
10.3229	48.3404
10.323	48.3613
10.3279	48.3821
10.328	48.4029
10.3333	48.4238
10.3339	48.4446
10.3391	48.4654
10.3399	48.4863
10.3443	48.5071
10.3444	48.5279
10.3445	48.5488
10.3447	48.5696
10.3448	48.5904
10.3449	48.6113
10.3497	48.6321
10.3498	48.6529
10.3499	48.6738
10.35	48.6946
10.3501	48.7154
10.3501	48.7363
10.3501	48.7571
10.3557	48.7779
10.3558	48.7988
10.356	48.8196
10.3561	48.8404
10.3608	48.8613
10.3609	48.8821
10.3611	48.9029
10.3665	48.9238
10.3666	48.9446
10.3672	48.9654
10.3673	48.9863
10.3675	49.0071
10.3676	49.0275
10.3828	49.0479
10.3883	49.0683
10.3883	49.0887
10.3883	49.1091
10.3946	49.1295
10.3947	49.1499
10.3991	49.1704
10.405	49.1908
10.4051	49.2112
10.4055	49.2316
10.4102	49.252
10.4102	49.2724
10.4102	49.2928
10.4103	49.3132
10.4104	49.3336
10.4105	49.354
10.4105	49.3744
10.4107	49.3948
10.4155	49.4153
10.4158	49.4357
10.4159	49.4561
10.422	49.4765
10.4222	49.4969
10.4224	49.5173
10.4225	49.5377
10.4227	49.5581
10.4268	49.5785
10.4269	49.5989
10.4269	49.6193
10.4271	49.6397
10.4273	49.6602
10.4323	49.6806
10.4385	49.701
10.4386	49.7214
10.4388	49.7418
10.4389	49.7622
10.4434	49.7826
10.4497	49.803
10.4499	49.8234
10.4501	49.8438
10.4503	49.8642
10.4504	49.8846
10.4597	49.9051
10.4598	49.9255
10.466	49.9459
10.4663	49.9663
10.4665	49.9867
10.4712	50.0071
10.4713	50.0271
10.4761	50.0471
10.4762	50.0671
10.4764	50.0871
10.4765	50.1071
10.4766	50.1271
10.482	50.1471
10.4823	50.1671
10.483	50.1871
10.4874	50.2071
10.4875	50.2271
10.4876	50.2471
10.4926	50.2671
10.4931	50.2871
10.4981	50.3071
10.4984	50.3271
10.4984	50.3471
10.4985	50.3671
10.4986	50.3871
10.5038	50.4071
10.5039	50.4271
10.504	25.2135
10.5042	25.2535
10.5043	25.2935
10.5044	25.3335
10.509	25.3735
10.5091	25.4135
10.5091	25.4535
10.5092	25.4935
10.5092	25.5335
10.5093	25.5735
10.5094	25.6135
10.5094	25.6535
10.5146	25.6935
10.5147	25.7335
10.5149	25.7735
10.5152	25.8135
10.5154	25.8535
10.52	25.8935
10.531	25.9335
10.5311	25.9735
10.5313	26.0135
10.537	26.052
10.5371	26.0905
10.5372	26.1289
10.5422	26.1674
10.5475	26.2059
10.5477	26.2443
10.5478	26.2828
10.5479	26.3212
10.548	26.3597
10.5529	26.3982
10.5529	26.4366
10.5531	26.4751
10.5532	26.5135
10.5534	26.552
10.5641	26.5905
10.5644	26.6289
10.5646	26.6674
10.5648	26.7059
10.5649	26.7443
10.5651	26.7828
10.5652	26.8212
10.5694	26.8597
10.5695	26.8982
10.5695	26.9366
10.5698	26.9751
10.575	27.0135
10.5751	27.0506
10.5756	27.0876
10.5798	27.1247
10.5823	27.1617
10.5824	27.1987
10.5827	27.2358
10.5828	27.2728
10.583	27.3098
10.5831	27.3469
10.5861	27.3839
10.5861	27.421
10.5876	27.458
10.5876	27.495
10.5893	27.5321
10.5894	27.5691
10.5904	27.6061
10.5911	27.6432
10.5918	27.6802
10.5924	27.7173
10.5931	27.7543
10.5939	27.7913
10.5946	27.8284
10.596	27.8654
10.5965	27.9024
10.6035	27.9395
10.6044	27.9765
10.6065	28.0135
10.6079	28.0493
10.6085	28.085
10.6092	28.1207
10.6198	28.1564
10.6211	28.1921
10.6225	28.2278
10.6259	28.2635
10.6265	28.2993
10.6272	28.335
10.6295	28.3707
10.6322	28.4064
10.6328	28.4421
10.6341	28.4778
10.647	28.5135
10.6489	28.5493
10.6495	28.585
10.6506	28.6207
10.6512	28.6564
10.6518	28.6921
10.6526	28.7278
10.6533	28.7635
10.6541	28.7993
10.6547	28.835
10.6573	28.8707
10.658	28.9064
10.6587	28.9421
10.6599	28.9778
10.6608	29.0135
10.6615	29.048
10.6622	29.0825
10.666	29.117
10.6669	29.1515
10.6682	29.186
10.6696	29.2204
10.6705	29.2549
10.6711	29.2894
10.6719	29.3239
10.6726	29.3584
10.6739	29.3929
10.6754	29.4273
10.676	29.4618
10.6762	29.4963
10.6773	29.5308
10.6788	29.5653
10.6796	29.5998
10.7047	29.6342
10.7067	29.6687
10.7074	29.7032
10.7082	29.7377
10.7116	29.7722
10.7125	29.8066
10.7131	29.8411
10.7145	29.8756
10.7159	29.9101
10.7165	29.9446
10.7172	29.9791
10.7181	30.0135
10.722	30.0469
10.7227	30.0802
10.7238	30.1135
10.724	30.1469
10.728	30.1802
10.7305	30.2135
10.7316	30.2469
10.7327	30.2802
10.7333	30.3135
10.734	30.3469
10.7347	30.3802
10.7348	30.4135
10.7355	30.4469
10.737	30.4802
10.7375	30.5135
10.7392	30.5469
10.7449	30.5802
10.7557	30.6135
10.757	30.6469
10.7599	30.6802
10.7605	30.7135
10.7612	30.7469
10.7627	30.7802
10.7634	30.8135
10.764	30.8469
10.7647	30.8802
10.769	30.9135
10.7701	30.9469
10.771	30.9802
10.7719	31.0135
10.7732	31.0458
10.7737	31.0781
10.7757	31.1103
10.7764	31.1426
10.7815	31.1748
10.7823	31.2071
10.783	31.2394
10.7851	31.2716
10.7858	31.3039
10.7865	31.3361
10.7893	31.3684
10.7904	31.4006
10.7916	31.4329
10.7917	31.4652
10.7934	31.4974
10.7938	31.5297
10.7957	31.5619
10.7985	31.5942
10.8003	31.6264
10.8014	31.6587
10.8027	31.691
10.8035	31.7232
10.8056	31.7555
10.8064	31.7877
10.8114	31.82
10.812	31.8523
10.8128	31.8845
10.8134	31.9168
10.8142	31.949
10.8152	31.9813
10.8177	32.0135
10.8183	32.0448
10.8192	32.076
10.8201	32.1073
10.8212	32.1385
10.8218	32.1698
10.8233	32.201
10.824	32.2323
10.8269	32.2635
10.8275	32.2948
10.8288	32.326
10.8288	32.3573
10.8303	32.3885
10.8318	32.4198
10.8338	32.451
10.8347	32.4823
10.8354	32.5135
10.8387	32.5448
10.8401	32.576
10.8429	32.6073
10.845	32.6385
10.8457	32.6698
10.8467	32.701
10.85	32.7323
10.8522	32.7635
10.8535	32.7948
10.855	32.826
10.8571	32.8573
10.8599	32.8885
10.8606	32.9198
10.8613	32.951
10.8621	32.9823
10.8627	33.0135
10.8634	33.0438
10.8643	33.0742
10.8649	33.1045
10.8656	33.1348
10.8663	33.1651
10.867	33.1954
10.8676	33.2257
10.8683	33.256
10.869	33.2863
10.8697	33.3166
10.8707	33.3469
10.8713	33.3772
10.8722	33.4075
10.873	33.4378
10.8737	33.4681
10.8749	33.4984
10.8787	33.5287
10.8854	33.559
10.8878	33.5893
10.8884	33.6196
10.891	33.6499
10.8913	33.6802
10.8927	33.7105
10.8946	33.7408
10.8955	33.7711
10.8975	33.8014
10.8982	33.8317
10.8989	33.862
10.9014	33.8923
10.902	33.9226
10.9027	33.9529
10.9034	33.9832
10.9042	34.0135
10.9096	34.043
10.9103	34.0724
10.9109	34.1018
10.9118	34.1312
10.9153	34.1606
10.916	34.19
10.9168	34.2194
10.9174	34.2488
10.9181	34.2783
10.9188	34.3077
10.9209	34.3371
10.9216	34.3665
10.9224	34.3959
10.923	34.4253
10.9244	34.4547
10.9259	34.4841
10.9274	34.5135
10.9291	34.543
10.9328	34.5724
10.9347	34.6018
10.9432	34.6312
10.946	34.6606
10.9481	34.69
10.9481	34.7194
10.9494	34.7488
10.9599	34.7783
10.9611	34.8077
10.9611	34.8371
10.9659	34.8665
10.9701	34.8959
10.972	34.9253
10.9729	34.9547
10.9742	34.9841
10.9757	35.0135
10.9762	35.0421
10.9782	35.0707
10.9783	35.0993
10.9784	35.1278
10.9824	35.1564
10.9836	35.185
10.9867	35.2135
10.9872	35.2421
10.9879	35.2707
10.9921	35.2993
10.9927	35.3278
10.9934	35.3564
10.9947	35.385
10.9947	35.4135
10.9948	35.4421
10.9992	35.4707
11.0005	35.4993
11.0033	35.5278
11.0045	35.5564
11.009	35.585
11.0104	35.6135
11.0118	35.6421
11.0147	35.6707
11.0159	35.6993
11.0166	35.7278
11.018	35.7564
11.0182	35.785
11.0203	35.8135
11.0262	35.8421
11.0283	35.8707
11.0289	35.8993
11.0304	35.9278
11.031	35.9564
11.034	35.985
11.0358	36.0135
11.0386	36.0413
11.0416	36.0691
11.0428	36.0969
11.0451	36.1247
11.047	36.1524
11.0476	36.1802
11.0489	36.208
11.049	36.2358
11.054	36.2635
11.0559	36.2913
11.0566	36.3191
11.0584	36.3469
11.0591	36.3747
11.0599	36.4024
11.0606	36.4302
11.0614	36.458
11.0693	36.4858
11.0698	36.5135
11.0718	36.5413
11.0749	36.5691
11.0756	36.5969
11.077	36.6247
11.0771	36.6524
11.0894	36.6802
11.0901	36.708
11.0908	36.7358
11.0908	36.7635
11.0936	36.7913
11.0936	36.8191
11.0963	36.8469
11.0976	36.8747
11.099	36.9024
11.101	36.9302
11.1017	36.958
11.1025	36.9858
11.1032	37.0135
11.106	37.0406
11.1096	37.0676
11.1103	37.0946
11.1111	37.1217
11.1191	37.1487
11.1196	37.1757
11.1254	37.2027
11.126	37.2298
11.1267	37.2568
11.1278	37.2838
11.1293	37.3108
11.1305	37.3379
11.1312	37.3649
11.1352	37.3919
11.1369	18.696
11.1404	18.7515
11.1409	18.8071
11.1423	18.8626
11.147	18.9182
11.1484	18.9737
11.1585	19.0293
11.1601	19.0819
11.1601	19.1346
11.1642	19.1872
11.1649	19.2398
11.1651	19.2925
11.1683	19.3451
11.1704	19.3977
11.1704	19.4503
11.1705	19.503
11.175	19.5556
11.1753	19.6082
11.1773	19.6609
11.1841	19.7135
11.1854	19.7661
11.1868	19.8188
11.1888	19.8714
11.1896	19.924
11.1901	19.9767
11.1908	20.0293
11.1922	20.0793
11.1922	20.1293
11.1951	20.1793
11.1957	20.2293
11.2016	20.2793
11.2023	20.3293
11.2035	20.3793
11.2062	20.4293
11.2074	20.4793
11.2102	20.5293
11.2116	20.5793
11.2241	20.6293
11.2405	20.6793
11.2412	20.7293
11.2413	20.7793
11.2442	20.8293
11.2462	20.8793
11.2473	20.9293
11.2501	20.9793
11.2515	21.0293
11.2526	21.0769
11.2533	21.1245
11.2543	21.1722
11.2548	21.2198
11.2554	21.2674
11.2559	21.315
11.2571	21.3626
11.2577	21.4102
11.2584	21.4579
11.262	21.5055
11.2641	21.5531
11.2667	21.6007
11.2824	21.6483
11.2838	21.696
11.2858	21.7436
11.2885	21.7912
11.297	21.8388
11.2978	21.8864
11.3012	21.9341
11.3042	21.9817
11.3048	22.0293
11.3055	22.0748
11.3063	22.1202
11.3063	22.1657
11.3064	22.2111
11.3077	22.2566
11.3084	22.302
11.3091	22.3475
11.3098	22.3929
11.3105	22.4384
11.3125	22.4838
11.3137	22.5293
11.3148	22.5748
11.3169	22.6202
11.3189	22.6657
11.3301	22.7111
11.3359	22.7566
11.3379	22.802
11.3387	22.8475
11.3455	22.8929
11.3514	22.9384
11.3541	22.9838
11.3554	23.0293
11.3563	23.0728
11.3599	23.1163
11.3609	23.1597
11.3612	23.2032
11.3626	23.2467
11.3626	23.2902
11.3627	23.3336
11.3653	23.3771
11.3659	23.4206
11.3672	23.4641
11.3673	23.5076
11.3693	23.551
11.37	23.5945
11.3714	23.638
11.3727	23.6815
11.3744	23.7249
11.3871	23.7684
11.3886	23.8119
11.3906	23.8554
11.3921	23.8989
11.3928	23.9423
11.3983	23.9858
11.4035	24.0293
11.4055	24.071
11.4068	24.1126
11.4077	24.1543
11.4098	24.196
11.4104	24.2376
11.4111	24.2793
11.412	24.321
11.4125	24.3626
11.4153	24.4043
11.4162	24.446
11.4188	24.4876
11.4196	24.5293
11.4203	24.571
11.4217	24.6126
11.4231	24.6543
11.4248	24.696
11.4315	24.7376
11.4323	24.7793
11.4343	24.821
11.4363	24.8626
11.4391	24.9043
11.4428	24.946
11.4525	24.9876
11.4549	25.0293
11.4565	25.0693
11.457	25.1093
11.4591	25.1493
11.4597	25.1893
11.4604	25.2293
11.4646	25.2693
11.4655	25.3093
11.4661	25.3493
11.4671	25.3893
11.4674	25.4293
11.4697	25.4693
11.4709	25.5093
11.4724	25.5493
11.4732	25.5893
11.4745	25.6293
11.4759	25.6693
11.4772	25.7093
11.4779	25.7493
11.4815	25.7893
11.4854	25.8293
11.4867	25.8693
11.4874	25.9093
11.4963	25.9493
11.5068	25.9893
11.5082	26.0293
11.5095	26.0678
11.5108	26.1062
11.5109	26.1447
11.5129	26.1831
11.5136	26.2216
11.5145	26.2601
11.5165	26.2985
11.5189	26.337
11.5212	26.3754
11.524	26.4139
11.525	26.4524
11.526	26.4908
11.5288	26.5293
11.5296	26.5678
11.5302	26.6062
11.5309	26.6447
11.5367	26.6831
11.5374	26.7216
11.5383	26.7601
11.5389	26.7985
11.5407	26.837
11.5421	26.8754
11.5428	26.9139
11.5551	26.9524
11.5578	26.9908
11.5593	27.0293
11.5601	27.0663
11.5609	27.1034
11.5709	27.1404
11.5717	27.1774
11.5731	27.2145
11.5737	27.2515
11.5752	27.2886
11.5767	27.3256
11.5774	27.3626
11.5789	27.3997
11.5816	27.4367
11.5862	27.4737
11.5891	27.5108
11.591	27.5478
11.5932	27.5849
11.5946	27.6219
11.5954	27.6589
11.5979	27.696
11.5986	27.733
11.5998	27.77
11.6004	27.8071
11.6012	27.8441
11.6025	27.8811
11.6053	27.9182
11.6061	27.9552
11.6075	27.9923
11.6088	28.0293
11.6188	28.065
11.6211	28.1007
11.6231	28.1364
11.6245	28.1722
11.6261	28.2079
11.6274	28.2436
11.636	28.2793
11.6395	28.315
11.6408	28.3507
11.6423	28.3864
11.6429	28.4222
11.6487	28.4579
11.6505	28.4936
11.6515	28.5293
11.6534	28.565
11.654	28.6007
11.6561	28.6364
11.658	28.6722
11.6585	28.7079
11.6593	28.7436
11.6601	28.7793
11.6621	28.815
11.6635	28.8507
11.6649	28.8864
11.6656	28.9222
11.667	28.9579
11.6676	28.9936
11.6684	29.0293
11.6719	29.0638
11.6726	29.0983
11.6748	29.1327
11.6761	29.1672
11.6769	29.2017
11.681	29.2362
11.6876	29.2707
11.7045	29.3052
11.7058	29.3396
11.7064	29.3741
11.7079	29.4086
11.7102	29.4431
11.7108	29.4776
11.7114	29.5121
11.7146	29.5465
11.7158	29.581
11.7185	29.6155
11.7192	29.65
11.7206	29.6845
11.7219	29.719
11.7227	29.7534
11.7234	29.7879
11.7263	29.8224
11.7263	29.8569
11.727	29.8914
11.7278	29.9258
11.729	29.9603
11.7297	29.9948
11.734	30.0293
11.736	30.0626
11.7367	30.096
11.7375	30.1293
11.7383	30.1626
11.7405	30.196
11.7445	30.2293
11.7459	30.2626
11.7646	30.296
11.7662	30.3293
11.7706	30.3626
11.7712	30.396
11.7734	30.4293
11.7748	30.4626
11.7761	30.496
11.7768	30.5293
11.7774	30.5626
11.7782	30.596
11.7813	30.6293
11.7821	30.6626
11.7828	30.696
11.7841	30.7293
11.7858	30.7626
11.7878	30.796
11.7885	30.8293
11.7907	30.8626
11.7913	30.896
11.794	30.9293
11.7947	30.9626
11.7982	30.996
11.7988	31.0293
11.8036	31.0616
11.8043	31.0938
11.805	31.1261
11.8064	31.1583
11.8069	31.1906
11.8076	31.2228
11.8095	31.2551
11.8272	31.2874
11.8284	31.3196
11.8292	31.3519
11.8301	31.3841
11.8321	31.4164
11.8329	31.4487
11.8358	31.4809
11.8365	31.5132
11.8371	31.5454
11.8377	31.5777
11.8392	31.6099
11.8397	31.6422
11.8411	31.6745
11.8418	31.7067
11.8462	31.739
11.8471	31.7712
11.8511	31.8035
11.8518	31.8357
11.8527	31.868
11.854	15.934
11.8554	16.0007
11.8586	16.0632
11.8598	16.1257
11.8609	16.1882
11.8614	16.2507
11.8622	16.3132
11.8629	16.3757
11.8636	16.4382
11.8642	16.5007
11.865	16.5632
11.8657	16.6257
11.8795	16.6882
11.8796	16.7507
11.8812	16.8132
11.8831	16.8757
11.8854	16.9382
11.8861	17.0007
11.8874	17.0595
11.889	17.1183
11.89	17.1771
11.8906	17.236
11.8914	17.2948
11.8921	17.3536
11.8976	17.4124
11.8996	17.4713
11.9012	17.5301
11.9026	17.5889
11.9041	17.6477
11.9048	17.7066
11.9069	17.7654
11.9265	17.8242
11.93	17.883
11.9321	17.9418
11.9328	18.0007
11.9328	18.0562
11.9336	18.1118
11.9345	18.1673
11.935	18.2229
11.9363	18.2784
11.9385	18.334
11.9413	18.3896
11.9435	18.4451
11.9463	18.5007
11.9484	18.5562
11.9489	18.6118
11.9518	18.6673
11.9539	18.7229
11.967	18.7784
11.9685	18.834
11.9689	18.8896
11.9699	18.9451
11.9741	19.0007
11.9742	19.0533
11.9744	19.1059
11.9763	19.1586
11.9812	19.2112
11.9819	19.2638
11.9827	19.3165
11.9833	19.3691
11.984	19.4217
11.9848	19.4744
11.9868	19.527
11.9875	19.5796
11.989	19.6322
11.9951	19.6849
12.012	19.7375
12.0135	19.7901
12.015	19.8428
12.0157	19.8954
12.0184	19.948
12.0191	20.0007
12.0197	20.0507
12.0207	20.1007
12.0242	20.1507
12.0259	20.2007
12.0267	20.2507
12.028	20.3007
12.03	20.3507
12.0308	20.4007
12.0321	20.4507
12.0327	20.5007
12.0361	20.5507
12.0404	20.6007
12.0549	20.6507
12.0565	20.7007
12.0578	20.7507
12.0593	20.8007
12.06	20.8507
12.0613	20.9007
12.0634	20.9507
12.0642	21.0007
12.0649	21.0483
12.0683	21.0959
12.0691	21.1435
12.0698	21.1911
12.072	21.2388
12.0726	21.2864
12.0779	21.334
12.0787	21.3816
12.0793	21.4292
12.08	21.4769
12.089	21.5245
12.0904	21.5721
12.0971	21.6197
12.1002	21.6673
12.1008	21.715
12.1041	21.7626
12.1048	21.8102
12.1062	21.8578
12.1069	21.9054
12.1077	21.9531
12.1085	22.0007
12.1111	22.0461
12.1228	22.0916
12.1243	22.137
12.1263	22.1825
12.127	22.2279
12.1278	22.2734
12.1312	22.3189
12.132	22.3643
12.1326	22.4098
12.1334	22.4552
12.1406	22.5007
12.1412	22.5461
12.1488	22.5916
12.1502	22.637
12.1523	22.6825
12.1538	22.7279
12.1543	22.7734
12.1549	22.8189
12.1577	22.8643
12.1586	22.9098
12.1592	22.9552
12.1629	23.0007
12.1663	23.0441
12.1739	23.0876
12.1754	23.1311
12.1761	23.1746
12.1775	23.2181
12.1788	23.2615
12.1856	23.305
12.1863	23.3485
12.1877	23.392
12.1891	23.4355
12.1899	23.4789
12.1926	23.5224
12.1983	23.5659
12.1991	23.6094
12.1998	23.6528
12.2021	23.6963
12.2034	23.7398
12.2041	23.7833
12.2054	23.8268
12.2061	23.8702
12.2083	23.9137
12.219	23.9572
12.2196	24.0007
12.2217	24.0423
12.2223	24.084
12.2245	24.1257
12.2277	24.1673
12.2314	24.209
12.233	24.2507
12.2343	24.2923
12.2352	24.334
12.2364	24.3757
12.2371	24.4173
12.2449	24.459
12.2472	24.5007
12.248	24.5423
12.2507	24.584
12.2514	24.6257
12.2523	24.6673
12.255	24.709
12.255	24.7507
12.2598	24.7923
12.2627	24.834
12.2653	24.8757
12.266	24.9173
12.2666	24.959
12.2681	25.0007
12.2696	25.0407
12.2814	25.0807
12.282	25.1207
12.2836	25.1607
12.285	25.2007
12.2856	25.2407
12.287	25.2807
12.2912	25.3207
12.2918	25.3607
12.2931	25.4007
12.3003	25.4407
12.3018	25.4807
12.3035	25.5207
12.3043	25.5607
12.307	25.6007
12.3078	25.6407
12.3121	25.6807
12.3138	25.7207
12.3147	25.7607
12.3155	25.8007
12.3175	25.8407
12.3185	25.8807
12.3215	25.9207
12.3222	25.9607
12.3228	26.0007
12.3263	26.0391
12.327	26.0776
12.3278	26.1161
12.3316	26.1545
12.3318	26.193
12.332	26.2314
12.3329	26.2699
12.3401	26.3084
12.3401	26.3468
12.3407	26.3853
12.3515	26.4237
12.3641	26.4622
12.3654	26.5007
12.3674	26.5391
12.3681	26.5776
12.3707	26.6161
12.3714	26.6545
12.3735	26.693
12.3757	26.7314
12.38	26.7699
12.3821	26.8084
12.3835	26.8468
12.3842	26.8853
12.3877	26.9237
12.3885	26.9622
12.3891	27.0007
12.3898	27.0377
12.3926	27.0747
12.394	27.1118
12.3958	27.1488
12.3972	27.1859
12.3987	27.2229
12.3992	27.2599
12.4	27.297
12.4014	27.334
12.4036	27.371
12.4156	27.4081
12.4283	27.4451
12.4311	27.4822
12.4319	27.5192
12.4331	27.5562
12.4339	27.5933
12.4347	27.6303
12.4353	27.6673
12.436	27.7044
12.4367	27.7414
12.4381	27.7784
12.4388	27.8155
12.4395	27.8525
12.4402	27.8896
12.4409	27.9266
12.4416	27.9636
12.4423	28.0007
12.4431	28.0364
12.4508	28.0721
12.452	28.1078
12.4577	28.1435
12.4583	28.1792
12.4592	28.215
12.4597	28.2507
12.4609	28.2864
12.4621	28.3221
12.4626	28.3578
12.4645	28.3935
12.4759	28.4292
12.4774	28.465
12.4782	28.5007
12.481	28.5364
12.4816	28.5721
12.4841	28.6078
12.4856	28.6435
12.4891	28.6792
12.4897	28.715
12.4904	28.7507
12.4913	28.7864
12.4918	28.8221
12.4939	28.8578
12.5008	28.8935
12.5029	28.9292
12.5035	28.965
12.5062	29.0007
12.5075	29.0352
12.5103	29.0696
12.5121	29.1041
12.5129	29.1386
12.5135	29.1731
12.515	29.2076
12.5156	29.242
12.5163	29.2765
12.5171	29.311
12.5179	29.3455
12.5187	29.38
12.5219	29.4145
12.5241	29.4489
12.5249	29.4834
12.5256	29.5179
12.5345	29.5524
12.5353	29.5869
12.5359	29.6214
12.5367	29.6558
12.5382	29.6903
12.5389	29.7248
12.541	29.7593
12.5427	29.7938
12.5446	29.8283
12.5586	29.8627
12.5596	29.8972
12.5626	29.9317
12.5651	29.9662
12.5666	30.0007
12.5672	30.034
12.5779	30.0673
12.5792	30.1007
12.58	30.134
12.582	30.1673
12.5827	30.2007
12.587	30.234
12.5876	30.2673
12.5887	30.3007
12.5897	30.334
12.5946	30.3673
12.5954	30.4007
12.5968	30.434
12.5973	30.4673
12.598	30.5007
12.6002	30.534
12.6015	30.5673
12.603	30.6007
12.6046	30.634
12.605	30.6673
12.6058	30.7007
12.61	30.734
12.6107	30.7673
12.6113	30.8007
12.6157	30.834
12.6184	30.8673
12.6306	30.9007
12.632	30.934
12.6334	30.9673
12.6348	31.0007
12.6363	31.0329
12.6487	31.0652
12.6502	31.0974
12.6524	31.1297
12.6537	31.162
12.6558	31.1942
12.6566	31.2265
12.6573	31.2587
12.6579	31.291
12.6588	31.3233
12.6595	31.3555
12.6623	31.3878
12.6631	31.42
12.6637	31.4523
12.665	31.4845
12.6658	31.5168
12.6679	31.5491
12.6685	31.5813
12.67	31.6136
12.6707	31.6458
12.6714	31.6781
12.6721	31.7103
12.6734	31.7426
12.6735	31.7749
12.6837	31.8071
12.6851	31.8394
12.6993	31.8716
12.6993	31.9039
12.7005	31.9362
12.7019	31.9684
12.7025	32.0007
12.7031	32.0319
12.7116	32.0632
12.7122	32.0944
12.7237	32.1257
12.7245	32.1569
12.7272	32.1882
12.729	32.2194
12.7305	32.2507
12.7319	32.2819
12.7325	32.3132
12.7355	32.3444
12.7361	32.3757
12.7374	32.4069
12.7406	32.4382
12.7412	32.4694
12.7419	32.5007
12.7434	32.5319
12.7434	32.5632
12.7447	32.5944
12.7461	32.6257
12.7468	32.6569
12.7481	32.6882
12.7496	32.7194
12.7511	32.7507
12.7524	32.7819
12.7539	32.8132
12.7612	32.8444
12.7615	32.8757
12.7622	32.9069
12.7643	32.9382
12.778	32.9694
12.7787	33.0007
12.78	33.031
12.784	33.0613
12.7849	33.0916
12.7966	33.1219
12.7981	33.1522
12.7996	33.1825
12.8016	33.2128
12.8023	33.2431
12.8031	33.2734
12.8052	33.3037
12.8071	33.334
12.8086	33.3643
12.8115	33.3946
12.8121	33.4249
12.8128	33.4552
12.8136	33.4855
12.8142	33.5158
12.8164	33.5461
12.8171	33.5764
12.8191	33.6067
12.8206	33.637
12.822	33.6673
12.8227	33.6976
12.8234	33.7279
12.8242	33.7582
12.8283	33.7885
12.831	33.8189
12.8318	33.8492
12.8332	33.8795
12.8346	33.9098
12.8457	33.9401
12.8472	33.9704
12.8479	34.0007
12.8491	34.0301
12.851	34.0595
12.8517	34.0889
12.8655	34.1183
12.8663	34.1477
12.8677	34.1771
12.8683	34.2066
12.869	34.236
12.8741	34.2654
12.8803	34.2948
12.8826	34.3242
12.8839	34.3536
12.8853	34.383
12.8874	34.4124
12.8889	34.4418
12.8895	34.4713
12.8924	34.5007
12.8936	34.5301
12.8944	34.5595
12.8958	34.5889
12.898	34.6183
12.8993	34.6477
12.9007	34.6771
12.9028	34.7066
12.905	34.736
12.9064	34.7654
12.9079	34.7948
12.9093	34.8242
12.9108	17.4121
12.9128	17.4709
12.9143	17.5297
12.9156	17.5886
12.9264	17.6474
12.9293	17.7062
12.93	17.765
12.9308	17.8239
12.9328	17.8827
12.9335	17.9415
12.9355	18.0003
12.9364	18.0559
12.9371	18.1114
12.9427	18.167
12.9436	18.2226
12.9447	18.2781
12.9462	18.3337
12.9496	18.3892
12.9503	18.4448
12.9517	18.5003
12.9524	18.5559
12.9532	18.6114
12.9546	18.667
12.956	18.7226
12.9573	18.7781
12.9601	18.8337
12.9608	18.8892
12.9679	18.9448
12.9693	19.0003
12.9707	19.053
12.9716	19.1056
12.9736	19.1582
12.9749	19.2109
12.9765	19.2635
12.9969	19.3161
12.9997	19.3688
13.0026	19.4214
13.0033	19.474
13.0034	19.5267
13.0041	19.5793
13.0055	19.6319
13.0062	19.6845
13.0069	19.7372
13.0082	19.7898
13.0098	19.8424
13.023	19.8951
13.0237	19.9477
13.0257	20.0003
13.0273	20.0503
13.0286	20.1003
13.0292	20.1503
13.0305	20.2003
13.0315	20.2503
13.0325	20.3003
13.0348	20.3503
13.0464	20.4003
13.047	20.4503
13.0497	20.5003
13.0505	20.5503
13.0521	20.6003
13.0528	20.6503
13.0536	20.7003
13.0549	20.7503
13.0554	20.8003
13.057	20.8503
13.0571	20.9003
13.0585	20.9503
13.0598	21.0003
13.0623	21.048
13.0631	21.0956
13.0652	21.1432
13.0659	21.1908
13.0672	21.2384
13.0702	21.286
13.0708	21.3337
13.0841	21.3813
13.0854	21.4289
13.0868	21.4765
13.0874	21.5241
13.0903	21.5718
13.0912	21.6194
13.0922	21.667
13.0949	21.7146
13.0963	21.7622
13.097	21.8099
13.0986	21.8575
13.1035	21.9051
13.1056	21.9527
13.1082	22.0003
13.1091	22.0458
13.1099	22.0912
13.1111	22.1367
13.1126	22.1822
13.1133	22.2276
13.1154	22.2731
13.1167	22.3185
13.1253	22.364
13.1273	22.4094
13.1295	22.4549
13.1297	22.5003
13.1325	22.5458
13.1387	22.5912
13.1393	22.6367
13.1407	22.6822
13.1429	22.7276
13.1442	22.7731
13.1472	22.8185
13.1485	22.864
13.1491	22.9094
13.1518	22.9549
13.1526	23.0003
13.1535	23.0438
13.1541	23.0873
13.1562	23.1308
13.1615	23.1742
13.1623	23.2177
13.163	23.2612
13.1651	23.3047
13.1731	23.3482
13.1738	23.3916
13.1762	23.4351
13.1768	23.4786
13.1776	23.5221
13.1795	23.5656
13.1801	23.609
13.1895	23.6525
13.1901	23.696
13.1923	23.7395
13.1931	23.7829
13.1951	23.8264
13.1958	23.8699
13.1993	23.9134
13.1999	23.9569
13.2014	24.0003
13.2043	24.042
13.2065	24.0837
13.207	24.1253
13.2109	24.167
13.2128	24.2087
13.2149	24.2503
13.2156	24.292
13.2176	24.3337
13.2195	24.3753
13.2196	24.417
13.222	24.4587
13.2304	24.5003
13.2323	24.542
13.2329	24.5837
13.2345	24.6253
13.2353	24.667
13.2367	24.7087
13.2373	24.7503
13.2412	24.792
13.2424	24.8337
13.2432	24.8753
13.2444	24.917
13.2451	24.9587
13.2465	25.0003
13.2473	25.0403
13.252	25.0803
13.2523	25.1203
13.2605	25.1603
13.2623	25.2003
13.263	25.2403
13.2657	25.2803
13.2678	25.3203
13.2692	25.3603
13.2693	25.4003
13.2718	25.4403
13.2736	25.4803
13.2851	25.5203
13.2859	25.5603
13.2869	25.6003
13.289	25.6403
13.2902	25.6803
13.2917	25.7203
13.2923	25.7603
13.2952	25.8003
13.2965	25.8403
13.2973	25.8803
13.2999	25.9203
13.301	25.9603
13.3017	26.0003
13.303	26.0388
13.3049	26.0773
13.3065	26.1157
13.3072	26.1542
13.3087	26.1926
13.3094	26.2311
13.3131	26.2696
13.3143	26.308
13.3157	26.3465
13.3165	26.385
13.3232	26.4234
13.3245	26.4619
13.3294	26.5003
13.3311	26.5388
13.3324	26.5773
13.3331	26.6157
13.3332	26.6542
13.3347	26.6926
13.3359	26.7311
13.3369	26.7696
13.3428	26.808
13.3435	26.8465
13.3444	26.885
13.3448	26.9234
13.351	26.9619
13.3522	27.0003
13.3529	27.0374
13.3535	27.0744
13.3578	27.1114
13.3606	27.1485
13.3612	27.1855
13.3628	27.2226
13.3634	27.2596
13.368	27.2966
13.3722	27.3337
13.3728	27.3707
13.3749	27.4077
13.3762	27.4448
13.3763	27.4818
13.3792	27.5189
13.3882	27.5559
13.3897	27.5929
13.391	27.63
13.3926	27.667
13.3938	27.704
13.3961	27.7411
13.3971	27.7781
13.3995	27.8151
13.4002	27.8522
13.4009	27.8892
13.4017	27.9263
13.4061	27.9633
13.4074	28.0003
13.408	28.036
13.4081	28.0718
13.4134	28.1075
13.4143	28.1432
13.4148	28.1789
13.4179	28.2146
13.4193	28.2503
13.42	28.286
13.4246	28.3218
13.4253	28.3575
13.4272	28.3932
13.4281	28.4289
13.4301	28.4646
13.432	28.5003
13.4335	28.536
13.434	28.5718
13.4355	28.6075
13.437	28.6432
13.4433	28.6789
13.4468	28.7146
13.4475	28.7503
13.4482	28.786
13.4488	28.8218
13.451	28.8575
13.4521	28.8932
13.4552	28.9289
13.4559	28.9646
13.456	29.0003
13.4594	29.0348
13.4676	29.0693
13.4738	29.1038
13.4761	29.1383
13.477	29.1727
13.4788	29.2072
13.4819	29.2417
13.4826	29.2762
13.4833	29.3107
13.4854	29.3452
13.486	29.3796
13.4868	29.4141
13.4875	29.4486
13.4896	29.4831
13.4946	29.5176
13.4952	29.5521
13.4975	29.5865
13.4981	29.621
13.5009	29.6555
13.5017	29.69
13.5049	29.7245
13.5065	29.759
13.5072	29.7934
13.5085	29.8279
13.5099	29.8624
13.515	29.8969
13.5164	29.9314
13.5178	29.9659
13.5185	30.0003
13.52	30.0337
13.5207	30.067
13.5315	30.1003
13.5332	30.1337
13.5339	30.167
13.5364	30.2003
13.5371	30.2337
13.5378	30.267
13.5386	30.3003
13.5399	30.3337
13.5405	30.367
13.5442	30.4003
13.5456	30.4337
13.5475	30.467
13.5485	30.5003
13.5519	30.5337
13.5526	30.567
13.5639	30.6003
13.5645	30.6337
13.5661	30.667
13.5695	30.7003
13.5703	30.7337
13.5731	30.767
13.5732	30.8003
13.5745	30.8337
13.5765	30.867
13.5811	30.9003
13.5832	30.9337
13.585	30.967
13.5856	31.0003
13.5856	31.0326
13.5871	31.0649
13.592	31.0971
13.5933	31.1294
13.5954	31.1616
13.596	31.1939
13.5989	31.2261
13.5996	31.2584
13.6026	31.2907
13.6032	31.3229
13.604	31.3552
13.6046	31.3874
13.6074	31.4197
13.6099	31.4519
13.6107	31.4842
13.6116	31.5165
13.6132	31.5487
13.6247	31.581
13.6253	31.6132
13.626	31.6455
13.6268	31.6778
13.6299	31.71
13.6364	31.7423
13.6379	31.7745
13.6407	31.8068
13.6408	31.839
13.6458	31.8713
13.6459	31.9036
13.6476	31.9358
13.6498	31.9681
13.6526	32.0003
13.6527	32.0316
13.6529	32.0628
13.6561	32.0941
13.6631	32.1253
13.6646	32.1566
13.6652	32.1878
13.6674	32.2191
13.6681	32.2503
13.6687	32.2816
13.6695	32.3128
13.6702	32.3441
13.6738	32.3753
13.6739	32.4066
13.6741	32.4378
13.6786	32.4691
13.6787	32.5003
13.6794	32.5316
13.6796	32.5628
13.6913	32.5941
13.6929	32.6253
13.701	32.6566
13.7011	32.6878
13.7012	32.7191
13.7039	32.7503
13.7044	32.7816
13.7095	32.8128
13.7208	16.4064
13.7208	16.4689
13.7209	16.5314
13.7265	16.5939
13.7265	16.6564
13.7267	16.7189
13.732	16.7814
13.7321	16.8439
13.7426	16.9064
13.7434	16.9689
13.7434	17.0314
13.7434	17.0902
13.7487	17.1491
13.7488	17.2079
13.7494	17.2667
13.754	17.3255
13.7593	17.3844
13.7595	17.4432
13.7596	17.502
13.7602	17.5608
13.7644	17.6197
13.7645	17.6785
13.7648	17.7373
13.7649	17.7961
13.7649	17.8549
13.77	17.9138
13.7702	17.9726
13.7704	18.0314
13.7705	18.087
13.7754	18.1425
13.7763	18.1981
13.7808	18.2536
13.7905	18.3092
13.7932	18.3648
13.7953	18.4203
13.7955	18.4759
13.7957	18.5314
13.8006	18.587
13.8015	18.6425
13.802	18.6981
13.8021	18.7536
13.8057	18.8092
13.8058	18.8648
13.8104	18.9203
13.8163	18.9759
13.817	19.0314
13.8191	19.084
13.8205	19.1367
13.822	19.1893
13.8267	19.2419
13.8361	19.2946
13.8438	19.3472
13.8439	19.3998
13.8482	19.4525
13.8494	19.5051
13.8502	19.5577
13.8517	19.6104
13.8518	19.663
13.8553	19.7156
13.8593	19.7683
13.8608	19.8209
13.8643	19.8735
13.8656	19.9262
13.867	19.9788
13.8697	20.0314
13.8704	20.0814
13.8711	20.1314
13.8807	20.1814
13.8819	20.2314
13.8826	20.2814
13.8861	20.3314
13.8867	20.3814
13.9005	20.4314
13.9006	20.4814
13.9039	20.5314
13.9052	20.5814
13.9053	20.6314
13.908	20.6814
13.9085	20.7314
13.9113	20.7814
13.9132	20.8314
13.9139	20.8814
13.9147	20.9314
13.9154	20.9814
13.9174	21.0314
13.9175	21.079
13.9218	21.1267
13.926	21.1743
13.9278	21.2219
13.9291	21.2695
13.9302	21.3171
13.931	21.3648
13.9423	21.4124
13.9457	21.46
13.9465	21.5076
13.9485	21.5552
13.95	21.6028
13.9515	21.6505
13.9524	21.6981
13.9537	21.7457
13.9539	21.7933
13.954	21.8409
13.9565	21.8886
13.9571	21.9362
13.9576	21.9838
13.9596	22.0314
13.961	22.0769
13.9632	22.1223
13.9646	22.1678
13.9646	22.2132
13.9674	22.2587
13.9681	22.3041
13.9682	22.3496
13.9724	22.3951
13.9724	22.4405
13.9744	22.486
13.9851	22.5314
13.9871	22.5769
13.9878	22.6223
13.99	22.6678
13.9901	22.7132
13.992	22.7587
13.9942	22.8041
13.9947	22.8496
13.9953	22.8951
13.996	22.9405
14.0008	22.986
14.0022	23.0314
14.0044	23.0749
14.0056	23.1184
14.0066	23.1619
14.0086	23.2053
14.0094	23.2488
14.0122	23.2923
14.0129	23.3358
14.0144	23.3792
14.0157	23.4227
14.0171	23.4662
14.0286	23.5097
14.03	23.5532
14.0313	23.5966
14.0327	23.6401
14.0335	23.6836
14.0355	23.7271
14.0363	23.7705
14.0385	23.814
14.0398	23.8575
14.0419	23.901
14.0441	23.9445
14.0454	23.9879
14.0469	24.0314
14.0477	24.0731
14.0491	24.1148
14.0511	24.1564
14.0518	24.1981
14.052	24.2398
14.0539	24.2814
14.0568	24.3231
14.0574	24.3648
14.0589	24.4064
14.0616	24.4481
14.071	24.4898
14.0723	24.5314
14.0737	24.5731
14.0765	24.6148
14.0766	24.6564
14.0776	24.6981
14.0808	24.7398
14.0821	24.7814
14.0829	24.8231
14.0843	24.8648
14.09	24.9064
14.0915	24.9481
14.0921	24.9898
14.0946	25.0314
14.0953	25.0714
14.0959	25.1114
14.0975	25.1514
14.0994	25.1914
14.1006	25.2314
14.1013	25.2714
14.1033	25.3114
14.1068	25.3514
14.111	25.3914
14.1125	25.4314
14.1138	25.4714
14.1174	25.5114
14.1189	25.5514
14.1203	25.5914
14.1224	25.6314
14.1238	25.6714
14.1245	25.7114
14.1267	25.7514
14.1273	25.7914
14.1309	25.8314
14.1316	25.8714
14.1322	25.9114
14.133	25.9514
14.1386	25.9914
14.14	26.0314
14.1416	26.0699
14.1436	26.1083
14.145	26.1468
14.1464	26.1853
14.1471	26.2237
14.1502	26.2622
14.1515	26.3006
14.1522	26.3391
14.155	26.3776
14.1564	26.416
14.1579	26.4545
14.1593	26.493
14.16	26.5314
14.1628	26.5699
14.1635	26.6083
14.1642	26.6468
14.1649	26.6853
14.1692	26.7237
14.1741	26.7622
14.1749	26.8006
14.1762	26.8391
14.1777	26.8776
14.1783	26.916
14.1805	26.9545
14.1812	26.993
14.1839	27.0314
14.1846	27.0685
14.1932	27.1055
14.1945	27.1425
14.1967	27.1796
14.198	27.2166
14.1996	27.2536
14.2003	27.2907
14.2017	27.3277
14.2032	27.3648
14.2038	27.4018
14.2046	27.4388
14.2081	27.4759
14.2102	27.5129
14.2109	27.5499
14.2124	27.587
14.2144	27.624
14.2155	27.661
14.2169	27.6981
14.2176	27.7351
14.2189	27.7722
14.2216	27.8092
14.2292	27.8462
14.2308	27.8833
14.232	27.9203
14.2337	27.9573
14.2364	27.9944
14.2371	28.0314
14.2378	28.0671
14.2386	28.1028
14.2473	28.1386
14.2488	28.1743
14.2503	28.21
14.2517	28.2457
14.253	28.2814
14.2538	28.3171
14.2552	28.3528
14.2567	28.3886
14.2588	28.4243
14.2609	28.46
14.2637	28.4957
14.2651	28.5314
14.2666	28.5671
14.2673	28.6028
14.268	28.6386
14.2708	28.6743
14.2715	28.71
14.2736	28.7457
14.2743	28.7814
14.2802	28.8171
14.2809	28.8528
14.2823	28.8886
14.2838	28.9243
14.2843	28.96
14.2865	28.9957
14.2878	29.0314
14.29	29.0659
14.2907	29.1004
14.2959	29.1349
14.2971	29.1693
14.2979	29.2038
