time	cwndsize
0.263165	11
0.264076	12
0.265379	13
0.266343	14
0.267177	15
0.268436	16
0.269764	17
0.27161	18
0.273135	19
0.274315	20
0.275715	21
0.277566	22
0.279063	23
0.280615	24
0.281865	25
0.283851	26
0.283884	27
0.287419	28
0.289325	29
0.291646	30
0.292532	31
0.293556	32
0.294761	33
0.297186	34
0.297254	35
0.297405	36
0.300517	37
0.301332	38
0.301835	39
0.303895	40
0.305961	41
0.306275	42
0.308319	43
0.311335	44
0.311549	45
0.31399	46
0.314062	47
0.315698	48
0.317537	49
0.321117	50
0.321544	51
0.322733	52
0.32546	53
0.327845	54
0.33284	55
0.333604	56
0.33681	57
0.337419	58
0.339068	59
0.339353	60
0.342506	61
0.344364	62
0.344742	63
0.345327	64
0.34848	65
0.349785	66
0.349994	67
0.350561	68
0.354037	69
0.355152	70
0.356994	71
0.357132	72
0.357521	73
0.360108	74
0.36915	75
0.371716	76
0.371844	77
0.373695	78
0.373822	79
0.374448	80
0.377161	81
0.377242	82
0.379216	83
0.38151	84
0.381667	85
0.381804	86
0.38445	87
0.384498	88
0.387689	89
0.387762	90
0.390035	91
0.390191	92
0.395749	93
0.396009	94
0.399179	95
0.399353	96
0.399864	97
0.401693	98
0.404741	99
0.404817	100
0.407369	101
0.407488	102
0.410332	103
0.412143	104
0.412365	105
0.412893	106
0.416492	107
0.421072	108
0.423347	109
0.427265	110
0.427375	111
0.428499	112
0.428652	113
0.430139	114
0.431023	115
0.431751	116
0.432575	117
0.43693	118
0.437359	119
0.437518	120
0.442735	60
0.443233	60.0167
0.443401	60.0333
0.448975	60.05
0.449489	60.0667
0.449827	60.0833
0.450029	60.1
0.459654	60.1167
0.459739	60.1333
0.459826	60.15
0.46015	60.1667
0.460501	60.1833
0.466018	60.2
0.466339	60.2167
0.466528	60.2333
0.467729	60.25
0.470628	60.2667
0.470838	60.2833
0.47097	60.3
0.471104	60.3167
0.471168	60.3333
0.471236	60.35
0.47675	60.3667
0.477806	60.3833
0.478397	60.4
0.483849	60.4167
0.483924	60.4333
0.48409	60.45
0.484198	60.4667
0.488161	60.4833
0.488573	60.5
0.488718	60.5167
0.488922	60.5333
0.489219	60.55
0.49425	60.5667
0.494456	60.5833
0.49589	60.6
0.497217	60.6167
0.499135	60.6333
0.499506	60.65
0.510208	60.6667
0.510431	60.6833
0.510694	60.7
0.510831	60.7167
0.511028	60.7333
0.511155	60.75
0.515468	60.7667
0.515494	60.7833
0.515679	60.8
0.515828	60.8167
0.515959	60.8333
0.521706	60.85
0.522222	60.8667
0.525643	60.8833
0.525785	60.9
0.526609	60.9167
0.527131	60.9333
0.527258	60.95
0.527428	60.9667
0.527573	60.9833
0.527688	61
0.534444	61.0167
0.537826	61.0331
0.543405	61.0495
0.544643	61.0658
0.545047	61.0822
0.545532	61.0986
0.549741	61.115
0.55044	61.1314
0.550809	61.1478
0.550864	61.1642
0.553505	61.1806
0.554285	61.197
0.554417	61.2134
0.55474	61.2298
0.555254	61.2462
0.555305	61.2626
0.559862	61.279
0.559988	61.2954
0.570919	61.3117
0.571288	61.3281
0.571382	61.3445
0.571562	61.3609
0.571782	61.3773
0.571884	61.3937
0.578482	61.4101
0.578656	61.4265
0.581634	61.4429
0.581898	61.4593
0.582052	61.4757
0.582158	61.4921
0.582253	61.5085
0.582364	61.5249
0.587114	61.5413
0.588411	61.5577
0.588765	61.574
0.588844	61.5904
0.599393	61.6068
0.605487	61.6232
0.606761	61.6396
0.606835	61.656
0.609173	61.6724
0.609298	61.6888
0.612045	61.7052
0.612211	61.7216
0.612482	61.738
0.613282	61.7544
0.615086	61.7708
0.615161	61.7872
0.615264	61.8036
0.615431	61.8199
0.620244	61.8363
0.620299	61.8527
0.62075	61.8691
0.620844	61.8855
0.625728	61.9019
0.62988	61.9183
0.630059	61.9347
0.630182	61.9511
0.653728	61.9675
0.653815	61.9839
0.658745	62.0003
0.669763	62.0164
0.669993	62.0325
0.670124	62.0487
0.670285	62.0648
0.67039	62.0809
0.670479	62.097
0.692542	62.1132
0.692625	62.1293
0.692689	62.1454
0.692832	62.1616
0.69302	62.1777
0.69307	62.1938
0.693103	62.21
0.697222	62.2261
0.697305	62.2422
0.697391	62.2583
0.697566	62.2745
0.697703	62.2906
0.713605	62.3067
0.713679	62.3229
0.713778	62.339
0.715785	62.3551
0.715873	62.3712
0.715963	62.3874
0.716136	62.4035
0.716261	62.4196
0.738697	62.4358
0.738828	62.4519
0.741275	62.468
0.741344	62.4841
0.74143	62.5003
0.741645	62.5164
0.741787	62.5325
0.741938	62.5487
0.742071	62.5648
0.742196	62.5809
0.764147	62.597
0.76436	62.6132
0.764578	62.6293
0.764858	62.6454
0.765012	62.6616
0.765222	62.6777
0.765332	62.6938
0.769273	62.71
0.769328	62.7261
0.769443	62.7422
0.775161	62.7583
0.775298	62.7745
0.775451	62.7906
0.775572	62.8067
0.780484	62.8229
0.780569	62.839
0.780677	62.8551
0.780804	62.8712
0.780923	62.8874
0.781048	62.9035
0.781165	62.9196
0.781267	62.9358
0.789229	62.9519
0.79847	62.968
0.798571	62.9841
0.803076	63.0003
0.803112	63.0161
0.803742	63.032
0.80379	63.0479
0.803809	63.0638
0.803821	63.0796
0.803833	63.0955
0.852782	31.5478
0.858096	31.58
0.858132	31.6123
0.858208	31.6445
0.858258	31.6768
0.858327	31.709
0.858393	31.7413
0.858597	31.7736
0.863619	31.8058
0.863698	31.8381
0.863769	31.8703
0.869644	31.9026
0.870672	31.9349
0.8748	31.9671
0.874936	31.9994
0.875131	32.0316
0.875225	32.0629
0.88033	32.0941
0.880559	32.1254
0.886797	32.1566
0.89159	32.1879
0.891754	32.2191
0.891959	32.2504
0.892052	32.2816
0.892181	32.3129
0.897025	32.3441
0.89708	32.3754
0.897304	32.4066
0.903492	32.4379
0.914499	32.4691
0.914592	32.5004
0.914625	32.5316
0.914747	32.5629
0.91946	32.5941
0.919551	32.6254
0.919583	32.6566
0.91971	32.6879
0.919864	32.7191
0.919986	32.7504
0.92007	32.7816
0.925225	32.8129
0.925258	32.8441
0.925271	32.8754
0.925282	32.9066
0.925309	32.9379
0.925322	32.9691
0.930487	33.0004
0.930957	33.0307
0.93104	33.061
0.935989	33.0913
0.936021	33.1216
0.948029	33.1519
0.948266	33.1822
0.952318	33.2125
0.952371	33.2428
0.952439	33.2731
0.952535	33.3034
0.952644	33.3337
0.952744	33.364
0.958979	33.3943
0.959205	33.4246
0.963284	33.4549
1.00775	33.4852
1.0192	33.5155
1.01971	33.5458
1.02525	33.5761
1.02554	16.7881
1.02607	16.8506
1.0263	16.9131
1.02652	16.9756
1.03118	17.0381
1.03192	17.0969
1.03212	17.1557
1.03232	17.2145
1.03607	17.2734
1.03615	17.3322
1.03626	17.391
1.03631	17.4498
1.0364	17.5087
1.04247	17.5675
1.04258	17.6263
1.04278	17.6851
1.04297	17.7439
1.04317	17.8028
1.04343	17.8616
1.04392	17.9204
1.04776	17.9792
1.04783	18.0381
1.05392	18.0936
1.05396	18.1492
1.05398	18.2047
1.05399	18.2603
1.054	18.3158
1.05402	18.3714
1.05929	18.427
1.07605	18.4825
1.08916	18.5381
1.0925	18.5936
1.09866	18.6492
1.09883	18.7047
1.10433	18.7603
1.10444	18.8158
1.1054	18.8714
1.10576	18.927
1.1097	18.9825
1.10973	19.0381
1.11015	19.0907
1.11554	19.1433
1.11608	19.196
1.11664	19.2486
1.11679	19.3012
1.12075	19.3539
1.12774	19.4065
1.1279	19.4591
1.13814	19.5118
1.13953	19.5644
1.13963	19.617
1.13967	19.6696
1.1419	19.7223
1.14247	19.7749
1.14254	19.8275
1.14271	19.8802
1.14424	19.9328
1.14433	19.9854
1.14603	20.0381
1.14678	20.0881
1.14884	20.1381
1.14901	20.1881
1.1509	20.2381
1.15301	20.2881
1.15869	20.3381
1.16084	20.3881
1.16655	20.4381
1.16767	20.4881
1.16868	20.5381
1.16936	20.5881
1.17007	20.6381
1.17071	20.6881
1.17251	20.7381
1.1727	20.7881
1.17357	20.8381
1.17671	20.8881
1.17749	20.9381
1.17818	20.9881
1.17887	21.0381
1.17954	21.0857
1.17963	21.1333
1.17972	21.1809
1.18172	21.2285
1.1826	21.2762
1.18312	21.3238
1.19374	21.3714
1.20416	21.419
1.20491	21.4666
1.20507	21.5143
1.20513	21.5619
1.20697	21.6095
1.21049	21.6571
1.21059	21.7047
1.21829	21.7524
1.21835	21.8
1.21846	21.8476
1.22112	21.8952
1.22145	21.9428
1.22261	21.9904
1.2227	22.0381
1.22286	22.0835
1.22592	22.129
1.22611	22.1744
1.22624	22.2199
1.22892	22.2653
1.229	22.3108
1.23703	22.3562
1.24009	22.4017
1.24017	22.4472
1.24027	22.4926
1.24044	22.5381
1.24428	22.5835
1.24582	22.629
1.24655	22.6744
1.2535	22.7199
1.25367	22.7653
1.25562	22.8108
1.26701	22.8562
1.2671	22.9017
1.2691	22.9472
1.26942	22.9926
1.26955	23.0381
1.27371	23.0815
1.27563	23.125
1.27599	23.1685
1.2762	23.212
1.2764	23.2555
1.27653	23.2989
1.28815	23.3424
1.29608	23.3859
1.29681	23.4294
1.30245	23.4728
1.30388	23.5163
1.30738	23.5598
1.30808	23.6033
1.30944	23.6468
1.31014	23.6902
1.31094	23.7337
1.31101	23.7772
1.31227	23.8207
1.3124	23.8642
1.31677	23.9076
1.32431	23.9511
1.32998	23.9946
1.33007	24.0381
1.33385	24.0797
1.33761	24.1214
1.34005	24.1631
1.34025	24.2047
1.34035	24.2464
1.34047	24.2881
1.34675	24.3297
1.34994	24.3714
1.35531	24.4131
1.35623	24.4547
1.36174	24.4964
1.3624	24.5381
1.3656	24.5797
1.36574	24.6214
1.366	24.6631
1.36607	24.7047
1.36624	24.7464
1.36634	24.7881
1.37153	24.8297
1.37162	24.8714
1.37727	24.9131
1.38392	24.9547
1.38417	24.9964
1.38467	25.0381
1.38484	25.0781
1.38913	25.1181
1.38949	25.1581
1.38973	25.1981
1.39019	25.2381
1.39442	25.2781
1.4011	25.3181
1.40522	25.3581
1.40538	25.3981
1.40565	25.4381
1.40885	25.4781
1.41306	25.5181
1.41666	25.5581
1.42007	25.5981
1.42015	25.6381
1.42023	25.6781
1.42043	25.7181
1.42057	25.7581
1.42488	25.7981
1.42491	25.8381
1.42797	25.8781
1.42824	25.9181
1.42842	25.9581
1.42853	25.9981
1.42863	26.0381
1.43399	26.0765
1.43419	26.115
1.43444	26.1535
1.43562	26.1919
1.44122	26.2304
1.44183	26.2688
1.44773	26.3073
1.44809	26.3458
1.44819	26.3842
1.45492	26.4227
1.45507	26.4611
1.46048	26.4996
1.4609	26.5381
1.46099	26.5765
1.46623	26.615
1.46706	26.6535
1.46722	26.6919
1.46739	26.7304
1.478	26.7688
1.47806	26.8073
1.47843	26.8458
1.48342	26.8842
1.48348	26.9227
1.48388	26.9611
1.48398	26.9996
1.48419	27.0381
1.50013	27.0751
1.5007	27.1121
1.50641	27.1492
1.50653	27.1862
1.50664	27.2233
1.50684	27.2603
1.507	27.2973
1.50715	27.3344
1.50733	27.3714
1.50752	27.4084
1.51095	27.4455
1.51104	27.4825
1.51342	27.5195
1.51352	27.5566
1.51371	27.5936
1.51497	27.6307
1.51522	27.6677
1.51543	27.7047
1.51571	27.7418
1.51594	27.7788
1.5161	27.8158
1.51636	27.8529
1.52032	27.8899
1.5204	27.927
1.5205	27.964
1.52086	28.001
1.52416	28.0367
1.54016	28.0725
1.54049	28.1082
1.54054	28.1439
1.54057	28.1796
1.54068	28.2153
1.54124	28.251
1.54536	28.2867
1.54543	28.3225
1.54549	28.3582
1.54562	28.3939
1.54576	28.4296
1.5506	28.4653
1.55101	28.501
1.55116	28.5367
1.55146	28.5725
1.55622	28.6082
1.55634	28.6439
1.55963	28.6796
1.55971	28.7153
1.5599	28.751
1.56005	28.7867
1.56522	28.8225
1.56586	28.8582
1.56615	28.8939
1.56631	28.9296
1.56642	28.9653
1.57066	29.001
1.57073	29.0355
1.57844	29.07
1.57869	29.1045
1.57873	29.139
1.57886	29.1734
1.5792	29.2079
1.57944	29.2424
1.58269	29.2769
1.58274	29.3114
1.58281	29.3459
1.58847	29.3803
1.58916	29.4148
1.59499	29.4493
1.60063	29.4838
1.60072	29.5183
1.60092	29.5528
1.602	29.5872
1.60518	29.6217
1.60535	29.6562
1.6055	29.6907
1.60588	29.7252
1.60599	29.7597
1.60615	29.7941
1.61153	29.8286
1.61189	29.8631
1.61486	29.8976
1.61518	29.9321
1.61533	29.9665
1.6197	30.001
1.6198	30.0344
1.62701	30.0677
1.62727	30.101
1.62749	30.1344
1.63049	30.1677
1.63054	30.201
1.63057	30.2344
1.63067	30.2677
1.63076	30.301
1.63109	30.3344
1.63658	30.3677
1.64227	30.401
1.6425	30.4344
1.64285	30.4677
1.64303	30.501
1.64385	30.5344
1.64698	30.5677
1.64703	30.601
1.64744	30.6344
1.6476	30.6677
1.65321	30.701
1.65361	30.7344
1.65382	30.7677
1.67031	30.801
1.6704	30.8344
1.6706	30.8677
1.67094	30.901
1.67114	30.9344
1.67162	30.9677
1.67445	31.001
1.6745	31.0333
1.67459	31.0655
1.67481	31.0978
1.67511	31.1301
1.68023	31.1623
1.68059	31.1946
1.68073	31.2268
1.68093	31.2591
1.68678	31.2914
1.68714	31.3236
1.68997	31.3559
1.69008	31.3881
1.69018	31.4204
1.6903	31.4526
1.69556	31.4849
1.69577	31.5172
1.69597	31.5494
1.69886	31.5817
1.69894	31.6139
1.69904	31.6462
1.69947	31.6784
1.69964	31.7107
1.70418	31.743
1.71028	31.7752
1.71576	31.8075
1.71646	31.8397
1.71661	31.872
1.71694	31.9043
1.71712	31.9365
1.72064	31.9688
1.72073	32.001
1.72094	32.0323
1.72099	32.0635
1.72674	32.0948
1.72719	32.126
1.73588	32.1573
1.73593	32.1885
1.73604	32.2198
1.74207	32.251
1.74223	32.2823
1.74243	32.3135
1.74309	32.3448
1.74319	32.376
1.74908	32.4073
1.74947	32.4385
1.75082	32.4698
1.75107	32.501
1.7515	32.5323
1.7517	32.5635
1.75188	32.5948
1.75596	32.626
1.75619	32.6573
1.75634	32.6885
1.75644	32.7198
1.76141	32.751
1.76148	32.7823
1.76158	32.8135
1.76755	32.8448
1.76778	32.876
1.76793	32.9073
1.76811	32.9385
1.7688	32.9698
1.77271	33.001
1.77277	33.0313
1.77328	33.0616
1.77913	33.0919
1.78539	33.1222
1.78551	33.1525
1.78567	33.1828
1.78934	33.2132
1.79028	33.2435
1.79532	33.2738
1.79536	33.3041
1.79545	33.3344
1.79561	33.3647
1.80632	33.395
1.80654	33.4253
1.80669	33.4556
1.81116	33.4859
1.81156	33.5162
1.8116	33.5465
1.81181	33.5768
1.81196	33.6071
1.81788	33.6374
1.81797	33.6677
1.81816	33.698
1.81849	33.7283
1.81861	33.7586
1.81876	33.7889
1.82283	33.8192
1.82289	33.8495
1.82318	33.8798
1.82322	33.9101
1.82323	33.9404
1.82868	33.9707
1.82874	34.001
1.82883	34.0304
1.82899	34.0599
1.82924	34.0893
1.84079	34.1187
1.84085	34.1481
1.84368	34.1775
1.84398	34.2069
1.84604	34.2363
1.85769	34.2657
1.85782	34.2951
1.85809	34.3246
1.86307	34.354
1.86317	34.3834
1.86488	34.4128
1.86997	34.4422
1.87004	34.4716
1.87012	34.501
1.87025	34.5304
1.87037	34.5599
1.87417	34.5893
1.87569	34.6187
1.87574	34.6481
1.87581	34.6775
1.87603	34.7069
1.87615	34.7363
1.88097	34.7657
1.88121	34.7951
1.88723	34.8246
1.88734	34.854
1.88754	34.8834
1.88799	34.9128
1.88841	34.9422
1.88871	34.9716
1.89251	35.001
1.89262	35.0296
1.89815	35.0582
1.89827	35.0867
1.89847	35.1153
1.89881	35.1439
1.90422	35.1725
1.90944	35.201
1.90962	35.2296
1.90987	35.2582
1.90992	35.2867
1.90995	35.3153
1.90998	35.3439
1.91584	35.3725
1.91587	35.401
1.91603	35.4296
1.91705	35.4582
1.91719	35.4867
1.92101	35.5153
1.92119	35.5439
1.92832	35.5725
1.92853	35.601
1.92879	35.6296
1.92899	35.6582
1.9332	35.6867
1.9383	35.7153
1.93844	35.7439
1.93887	35.7725
1.95497	35.801
1.95529	35.8296
1.95558	35.8582
1.95599	35.8867
1.95621	35.9153
1.95972	35.9439
1.95983	35.9725
1.96033	36.001
1.96048	36.0288
1.96616	36.0566
1.96637	36.0844
1.96695	36.1121
1.96714	36.1399
1.9692	36.1677
1.96932	36.1955
1.96959	36.2233
1.96988	36.251
1.97001	36.2788
1.97019	36.3066
1.9734	36.3344
1.97349	36.3621
1.97355	36.3899
1.97373	36.4177
1.97386	36.4455
1.97396	36.4733
1.98136	36.501
1.98149	36.5288
1.9816	36.5566
1.9844	36.5844
1.98448	36.6121
1.98588	36.6399
1.98614	36.6677
1.98623	36.6955
1.98641	36.7233
1.98653	36.751
1.99691	36.7788
2.00033	36.8066
2.00041	36.8344
2.00091	36.8621
2.00702	36.8899
2.01189	36.9177
2.01227	36.9455
2.01769	36.9733
2.01795	37.001
2.01837	37.0281
2.01883	37.0551
2.02227	37.0821
2.02232	37.1091
2.02235	37.1362
2.02238	37.1632
2.0224	37.1902
2.02258	37.2172
2.02798	37.2443
2.02819	37.2713
2.02829	37.2983
2.02837	37.3254
2.02851	37.3524
2.02863	37.3794
2.03408	37.4064
2.03423	37.4335
2.03442	37.4605
2.03471	37.4875
2.03889	37.5145
2.03907	37.5416
2.03922	37.5686
2.03936	37.5956
2.03963	37.6227
2.04461	37.6497
2.04472	37.6767
2.05095	37.7037
2.05158	37.7308
2.05554	37.7578
2.05563	37.7848
2.05571	37.8118
2.0559	37.8389
2.06109	37.8659
2.06118	37.8929
2.06144	37.9199
2.06156	37.947
2.06169	37.974
2.06181	38.001
2.068	38.0273
2.06804	38.0537
2.07879	38.08
2.07939	38.1063
2.08309	38.1326
2.08316	38.1589
2.08326	38.1852
2.08434	38.2116
2.08456	38.2379
2.0847	38.2642
2.08493	38.2905
2.08501	38.3168
2.08897	38.3431
2.08928	38.3695
2.08937	38.3958
2.08941	38.4221
2.09476	38.4484
2.09484	38.4747
2.09994	38.501
2.09999	38.5273
2.10013	38.5537
2.10028	38.58
2.10036	38.6063
2.10051	38.6326
2.10062	38.6589
2.10614	38.6852
2.10743	38.7116
2.10745	38.7379
2.10746	38.7642
2.10763	38.7905
2.11158	38.8168
2.11166	38.8431
2.11214	38.8695
2.11773	38.8958
2.11794	38.9221
2.11828	38.9484
2.11867	38.9747
2.11904	39.001
2.12285	39.0267
2.12296	39.0523
2.12813	39.078
2.12822	39.1036
2.12832	39.1292
2.1285	39.1549
2.1286	39.1805
2.1287	39.2062
2.12877	39.2318
2.13473	39.2574
2.13495	39.2831
2.13517	39.3087
2.13536	39.3344
2.13558	39.36
2.1392	39.3856
2.13925	39.4113
2.13942	39.4369
2.13961	39.4626
2.13974	39.4882
2.13985	39.5139
2.13994	39.5395
2.14449	39.5651
2.14528	39.5908
2.14547	39.6164
2.151	39.6421
2.16375	39.6677
2.16475	39.6933
2.16513	39.719
2.16559	39.7446
2.16592	39.7703
2.16727	39.7959
2.16742	39.8215
2.16784	39.8472
2.17378	39.8728
2.17397	39.8985
2.17424	39.9241
2.17442	39.9497
2.17814	39.9754
2.17833	40.001
2.17866	40.026
2.17874	40.051
2.18359	40.076
2.18366	40.101
2.18376	40.126
2.18395	40.151
2.18973	40.176
2.19017	40.201
2.19084	40.226
2.19133	40.251
2.19463	40.276
2.1949	40.301
2.19517	40.326
2.19538	40.351
2.20075	40.376
2.2009	40.401
2.20113	40.426
2.20206	40.451
2.2026	40.476
2.20305	40.501
2.20559	40.526
2.20569	40.551
2.20582	40.576
2.20601	40.601
2.2123	40.626
2.21706	40.651
2.21793	40.676
2.21795	40.701
2.21796	40.726
2.21797	40.751
2.21798	40.776
2.22213	40.801
2.22263	40.826
2.24315	40.851
2.2444	40.876
2.24456	40.901
2.24495	40.926
2.245	40.951
2.24503	40.976
2.25007	41.001
2.2502	41.0254
2.25048	41.0498
2.25068	41.0742
2.251	41.0986
2.25301	41.123
2.25311	41.1474
2.25324	41.1718
2.25333	41.1962
2.25342	41.2205
2.25356	41.2449
2.2595	41.2693
2.26064	41.2937
2.26094	41.3181
2.26405	41.3425
2.26541	41.3669
2.26558	41.3913
2.26569	41.4157
2.26583	41.4401
2.26594	41.4644
2.26606	41.4888
2.26616	41.5132
2.27169	41.5376
2.2718	41.562
2.272	41.5864
2.2733	41.6108
2.28173	41.6352
2.28369	41.6596
2.28457	41.684
2.28475	41.7083
2.28485	41.7327
2.28821	41.7571
2.28841	41.7815
2.28852	41.8059
2.28869	41.8303
2.28882	41.8547
2.29357	41.8791
2.29438	41.9035
2.29445	41.9279
2.29865	41.9522
2.30296	41.9766
2.30312	42.001
2.30454	42.0248
2.30467	42.0486
2.30803	42.0725
2.30808	42.0963
2.30811	42.1201
2.31167	42.1439
2.31173	42.1677
2.31185	42.1915
2.31204	42.2153
2.31464	42.2391
2.31483	42.2629
2.31497	42.2867
2.31521	42.3106
2.31525	42.3344
2.31941	42.3582
2.32105	42.382
2.3212	42.4058
2.32159	42.4296
2.32207	42.4534
2.32678	42.4772
2.32697	42.501
2.32711	42.5248
2.33179	42.5486
2.33188	42.5725
2.33198	42.5963
2.33216	42.6201
2.34327	42.6439
2.34333	42.6677
2.34351	42.6915
2.34366	42.7153
2.34851	42.7391
2.34856	42.7629
2.34869	42.7867
2.34885	42.8106
2.34899	42.8344
2.34919	42.8582
2.35544	42.882
2.35566	42.9058
2.35584	42.9296
2.3594	42.9534
2.35946	42.9772
2.35957	43.001
2.35972	43.0243
2.35993	43.0475
2.36004	43.0708
2.36013	43.0941
2.36602	43.1173
2.3665	43.1406
2.36665	43.1638
2.36694	43.1871
2.36712	43.2103
2.36751	43.2336
2.37067	43.2568
2.37081	43.2801
2.37145	43.3034
2.37587	43.3266
2.3826	43.3499
2.38303	43.3731
2.38329	43.3964
2.38354	43.4196
2.38689	43.4429
2.38695	43.4661
2.38705	43.4894
2.38722	43.5127
2.38737	43.5359
2.39289	43.5592
2.39306	43.5824
2.39325	43.6057
2.3993	43.6289
2.39954	43.6522
2.39983	43.6754
2.40001	43.6987
2.40335	43.722
2.40352	43.7452
2.40372	43.7685
2.40992	43.7917
2.41024	43.815
2.41046	43.8382
2.41089	43.8615
2.4143	43.8848
2.41439	43.908
2.41465	43.9313
2.4148	43.9545
2.41989	43.9778
2.41995	44.001
2.42019	44.0238
2.42062	44.0465
2.42093	44.0692
2.42571	44.0919
2.42616	44.1147
2.42628	44.1374
2.42639	44.1601
2.42654	44.1828
2.43138	44.2056
2.43238	44.2283
2.43779	44.251
2.43888	44.2738
2.44188	44.2965
2.44209	44.3192
2.44236	44.3419
2.44254	44.3647
2.44829	44.3874
2.44843	44.4101
2.44916	44.4328
2.44933	44.4556
2.44984	44.4783
2.45292	44.501
2.45295	44.5238
2.45335	44.5465
2.45824	44.5692
2.45839	44.5919
2.45854	44.6147
2.45869	44.6374
2.45892	44.6601
2.45944	44.6828
2.45961	44.7056
2.46379	44.7283
2.46384	44.751
2.47561	44.7738
2.47578	44.7965
2.47601	44.8192
2.48009	44.8419
2.48015	44.8647
2.48094	44.8874
2.48575	44.9101
2.48581	44.9328
2.48584	44.9556
2.48592	44.9783
2.49218	45.001
2.49245	45.0233
2.49282	45.0455
2.49303	45.0677
2.49327	45.0899
2.4972	45.1121
2.49748	45.1344
2.49779	45.1566
2.49793	45.1788
2.49805	45.201
2.50371	45.2233
2.50405	45.2455
2.50425	45.2677
2.50444	45.2899
2.50785	45.3121
2.50791	45.3344
2.508	45.3566
2.50813	45.3788
2.50847	45.401
2.50854	45.4233
2.51395	45.4455
2.51424	45.4677
2.51512	45.4899
2.51909	45.5121
2.51935	45.5344
2.5199	45.5566
2.52005	45.5788
2.5253	45.601
2.52551	45.6233
2.52556	45.6455
2.52585	45.6677
2.52626	45.6899
2.52668	45.7121
2.53031	45.7344
2.53039	45.7566
2.53047	45.7788
2.53079	45.801
2.54127	45.8233
2.54143	45.8455
2.54169	45.8677
2.54528	45.8899
2.54536	45.9121
2.54546	45.9344
2.54757	45.9566
2.54763	45.9788
2.54771	46.001
2.55303	46.0228
2.55309	46.0445
2.55319	46.0662
2.55334	46.088
2.55713	46.1097
2.55729	46.1315
2.55745	46.1532
2.55761	46.1749
2.56318	46.1967
2.56422	46.2184
2.56435	46.2402
2.56461	46.2619
2.56488	46.2836
2.56513	46.3054
2.56541	46.3271
2.56941	46.3489
2.5695	46.3706
2.56956	46.3923
2.56967	46.4141
2.57369	46.4358
2.57373	46.4576
2.57377	46.4793
2.57382	46.501
2.57395	46.5228
2.57409	46.5445
2.57424	46.5662
2.5743	46.588
2.57924	46.6097
2.57943	46.6315
2.57963	46.6532
2.57972	46.6749
2.57976	46.6967
2.58568	46.7184
2.58595	46.7402
2.58869	46.7619
2.58921	46.7836
2.5894	46.8054
2.58945	46.8271
2.58957	46.8489
2.58971	46.8706
2.58992	46.8923
2.58998	46.9141
2.59002	46.9358
2.59468	46.9576
2.59485	46.9793
2.60031	47.001
2.60077	47.0223
2.60093	47.0436
2.60107	47.0649
2.60141	47.0861
2.60712	47.1074
2.60728	47.1287
2.61129	47.15
2.61135	47.1712
2.62473	47.1925
2.62773	47.2138
2.6278	47.2351
2.62789	47.2563
2.62804	47.2776
2.62815	47.2989
2.62826	47.3202
2.62836	47.3415
2.63362	47.3627
2.6338	47.384
2.63412	47.4053
2.63438	47.4266
2.63447	47.4478
2.6346	47.4691
2.63494	47.4904
2.63906	47.5117
2.63912	47.5329
2.63925	47.5542
2.63942	47.5755
2.63946	47.5968
2.63967	47.6181
2.6444	47.6393
2.64461	47.6606
2.64517	47.6819
2.64525	47.7032
2.64529	47.7244
2.64535	47.7457
2.64984	47.767
2.64992	47.7883
2.65003	47.8095
2.65019	47.8308
2.6503	47.8521
2.65046	47.8734
2.65053	47.8946
2.65059	47.9159
2.65618	47.9372
2.65635	47.9585
2.65664	47.9798
2.65683	48.001
2.65718	48.0219
2.65738	48.0427
2.65743	48.0635
2.66078	48.0844
2.66087	48.1052
2.661	48.126
2.66122	48.1469
2.66722	48.1677
2.66765	48.1885
2.66781	48.2094
2.66802	48.2302
2.66817	48.251
2.67245	48.2719
2.67254	48.2927
2.67278	48.3135
2.67312	48.3344
2.67767	48.3552
2.67779	48.376
2.67793	48.3969
2.67814	48.4177
2.6783	48.4385
2.68347	48.4594
2.68357	48.4802
2.6836	48.501
2.68374	48.5219
2.68407	48.5427
2.68427	48.5635
2.68447	48.5844
2.68822	48.6052
2.68829	48.626
2.68839	48.6469
2.68856	48.6677
2.68869	48.6885
2.68879	48.7094
2.68892	48.7302
2.68906	48.751
2.69372	48.7719
2.69377	48.7927
2.6938	48.8135
2.69384	48.8344
2.69405	48.8552
2.69415	48.876
2.70564	48.8969
2.7162	48.9177
2.71627	48.9385
2.71642	48.9594
2.71652	48.9802
2.71662	49.001
2.71671	49.0214
2.72179	49.0418
2.7219	49.0623
2.72211	49.0827
2.7222	49.1031
2.72245	49.1235
2.72272	49.1439
2.7331	49.1643
2.7332	49.1847
2.73335	49.2051
2.73356	49.2255
2.73369	49.2459
2.7338	49.2663
2.73395	49.2867
2.7386	49.3072
2.73868	49.3276
2.73877	49.348
2.73895	49.3684
2.73911	49.3888
2.7392	49.4092
2.73932	49.4296
2.75146	49.45
2.75167	49.4704
2.75195	49.4908
2.75217	49.5112
2.75242	49.5316
2.7526	49.5521
2.75281	49.5725
2.75606	49.5929
2.75613	49.6133
2.75617	49.6337
2.75638	49.6541
2.75651	49.6745
2.75688	49.6949
2.75706	49.7153
2.75719	49.7357
2.76188	49.7561
2.76195	49.7765
2.76217	49.7969
2.76222	49.8174
2.76228	49.8378
2.76237	49.8582
2.76916	49.8786
2.76931	49.899
2.77063	49.9194
2.77076	49.9398
2.77089	49.9602
2.77106	49.9806
2.7713	50.001
2.77149	50.021
2.77164	50.041
2.77638	50.061
2.77651	50.081
2.77662	50.101
2.77972	50.121
2.77978	50.141
2.77986	50.161
2.78014	50.181
2.78511	50.201
2.788	50.221
2.7882	50.241
2.78836	50.261
2.79227	50.281
2.79237	50.301
2.79261	50.321
2.79289	50.341
2.79306	50.361
2.79319	50.381
2.79336	50.401
2.79366	50.421
2.79718	50.441
2.79767	50.461
2.7978	50.481
2.79794	50.501
2.80272	50.521
2.80278	50.541
2.80338	50.561
2.80342	50.581
2.8036	50.601
2.8065	50.621
2.80681	50.641
2.81218	50.661
2.81227	50.681
2.81852	50.701
2.81916	50.721
2.81938	50.741
2.81956	50.761
2.81981	50.781
2.82581	50.801
2.82588	50.821
2.82935	50.841
2.82944	50.861
2.82962	50.881
2.82993	50.901
2.83433	50.921
2.83441	50.941
2.83449	50.961
2.8347	50.981
2.83495	51.001
2.835	51.0206
2.83504	51.0402
2.84007	51.0599
2.84598	51.0795
2.84639	51.0991
2.84659	51.1187
2.84672	51.1383
2.85312	51.1579
2.85322	51.1775
2.85345	51.1971
2.85385	51.2167
2.85412	51.2363
2.85439	51.2559
2.85479	51.2755
2.85755	51.2951
2.8576	51.3148
2.85769	51.3344
2.8579	51.354
2.85805	51.3736
2.85815	51.3932
2.86401	51.4128
2.8644	51.4324
2.86464	51.452
2.86488	51.4716
2.86506	51.4912
2.86531	51.5108
2.86552	51.5304
2.86926	51.55
2.86938	51.5697
2.8695	51.5893
2.86978	51.6089
2.86986	51.6285
2.87	51.6481
2.8764	51.6677
2.87939	51.6873
2.8795	51.7069
2.88151	51.7265
2.88158	51.7461
2.88171	51.7657
2.88186	51.7853
2.88202	51.805
2.88214	51.8246
2.88584	51.8442
2.88601	51.8638
2.88808	51.8834
2.8883	51.903
2.88861	51.9226
2.88896	51.9422
2.88913	51.9618
2.89455	51.9814
2.89484	52.001
2.89634	52.0203
2.89638	52.0395
2.89641	52.0587
2.89663	52.078
2.89675	52.0972
2.89689	52.1164
2.90301	52.1356
2.91432	52.1549
2.91437	52.1741
2.91582	52.1933
2.91616	52.2126
2.91968	52.2318
2.91987	52.251
2.92127	52.2703
2.92147	52.2895
2.92162	52.3087
2.92171	52.328
2.92493	52.3472
2.92498	52.3664
2.92847	52.3856
2.92863	52.4049
2.92892	52.4241
2.93188	52.4433
2.93227	52.4626
2.93232	52.4818
2.93236	52.501
2.93239	52.5203
2.93775	52.5395
2.93791	52.5587
2.93893	52.578
2.93917	52.5972
2.93929	52.6164
2.93955	52.6356
2.9397	52.6549
2.93985	52.6741
2.93999	52.6933
2.94013	52.7126
2.94435	52.7318
2.94441	52.751
2.94459	52.7703
2.94464	52.7895
2.94468	52.8087
2.95035	52.828
2.95305	52.8472
2.95319	52.8664
2.95456	52.8856
2.95504	52.9049
2.9551	52.9241
2.95647	52.9433
2.95767	52.9626
2.95802	52.9818
2.95811	53.001
2.95828	53.0199
2.96079	53.0388
2.96139	53.0576
2.96146	53.0765
2.96173	53.0954
2.96434	53.1142
2.96566	53.1331
2.97083	53.152
2.97157	53.1708
2.97227	53.1897
2.97313	53.2086
2.97379	53.2274
2.97457	53.2463
2.9752	53.2652
2.97577	53.284
2.97647	53.3029
2.97811	53.3218
2.97868	53.3407
2.97873	53.3595
2.98012	53.3784
2.98018	53.3973
2.98206	53.4161
2.98209	53.435
2.98216	53.4539
2.98739	53.4727
2.98925	53.4916
2.9899	53.5105
2.99131	53.5293
2.99143	53.5482
2.99343	53.5671
2.99557	53.5859
2.99567	53.6048
2.99764	53.6237
2.99796	53.6425
2.99814	53.6614
3.00109	53.6803
3.00186	53.6991
3.00194	53.718
3.00204	53.7369
3.00217	53.7557
3.00228	53.7746
3.00993	53.7935
3.01051	53.8124
3.01389	53.8312
3.01396	53.8501
3.01407	53.869
3.01617	53.8878
3.01625	53.9067
3.0163	53.9256
3.01633	53.9444
3.01922	53.9633
3.01932	53.9822
3.0229	54.001
3.02576	54.0195
3.02584	54.0381
3.02591	54.0566
3.02607	54.0751
3.02619	54.0936
3.02629	54.1121
3.02654	54.1307
3.02663	54.1492
3.03429	54.1677
3.03438	54.1862
3.03449	54.2047
3.03474	54.2233
3.03497	54.2418
3.03994	54.2603
3.03999	54.2788
3.0406	54.2973
3.04073	54.3158
3.04586	54.3344
3.04604	54.3529
3.04623	54.3714
3.04656	54.3899
3.04671	54.4084
3.04708	54.427
3.04728	54.4455
3.05108	54.464
3.05292	54.4825
3.05432	54.501
3.0566	54.5195
3.05666	54.5381
3.05689	54.5566
3.05713	54.5751
3.05743	54.5936
3.05774	54.6121
3.06083	54.6307
3.0609	54.6492
3.06205	54.6677
3.06214	54.6862
3.0625	54.7047
3.06273	54.7233
3.06283	54.7418
3.06874	54.7603
3.07127	54.7788
3.07269	54.7973
3.07348	54.8158
3.07476	54.8344
3.07557	54.8529
3.07565	54.8714
3.0757	54.8899
3.07754	54.9084
3.07762	54.927
3.07911	54.9455
3.08258	54.964
3.08268	54.9825
3.08277	55.001
3.08296	55.0192
3.08311	55.0374
3.08323	55.0556
3.08337	55.0738
3.08893	55.0919
3.08902	55.1101
3.0891	55.1283
3.09106	55.1465
3.09756	55.1647
3.09771	55.1828
3.09793	55.201
3.09807	55.2192
3.09818	55.2374
3.0983	55.2556
3.10419	55.2738
3.1079	55.2919
3.10795	55.3101
3.10822	55.3283
3.10832	55.3465
3.10858	55.3647
3.10866	55.3828
3.11407	55.401
3.11425	55.4192
3.11445	55.4374
3.12058	55.4556
3.12339	55.4738
3.12361	55.4919
3.12405	55.5101
3.12625	55.5283
3.12661	55.5465
3.12667	55.5647
3.12973	55.5828
3.12981	55.601
3.12992	55.6192
3.13191	55.6374
3.13209	55.6556
3.13223	55.6738
3.1324	55.6919
3.13263	55.7101
3.13656	55.7283
3.13717	55.7465
3.13799	55.7647
3.13804	55.7828
3.14108	55.801
3.1412	55.8192
3.14163	55.8374
3.14172	55.8556
3.14593	55.8738
3.14603	55.8919
3.14716	55.9101
3.14722	55.9283
3.14725	55.9465
3.14728	55.9647
3.14731	55.9828
3.14747	56.001
3.15318	56.0189
3.15336	56.0367
3.15356	56.0546
3.155	56.0725
3.15515	56.0903
3.15649	56.1082
3.15662	56.126
3.16525	56.1439
3.16535	56.1617
3.16545	56.1796
3.16999	56.1975
3.17002	56.2153
3.17006	56.2332
3.17207	56.251
3.17214	56.2689
3.17225	56.2867
3.17493	56.3046
3.17596	56.3225
3.17633	56.3403
3.17844	56.3582
3.17918	56.376
3.18829	56.3939
3.18901	56.4117
3.1905	56.4296
3.19068	56.4475
3.19263	56.4653
3.19398	56.4832
3.19417	56.501
3.1968	56.5189
3.19691	56.5367
3.19703	56.5546
3.19724	56.5725
3.20069	56.5903
3.20086	56.6082
3.20109	56.626
3.20124	56.6439
3.20321	56.6617
3.20329	56.6796
3.20454	56.6975
3.2046	56.7153
3.20599	56.7332
3.20605	56.751
3.20748	56.7689
3.20756	56.7867
3.20883	56.8046
3.20943	56.8225
3.20952	56.8403
3.20957	56.8582
3.20972	56.876
3.20982	56.8939
3.21299	56.9117
3.21308	56.9296
3.21318	56.9475
3.21507	56.9653
3.21929	56.9832
3.21934	57.001
3.22486	57.0186
3.22524	57.0361
3.22542	57.0537
3.22563	57.0712
3.22579	57.0887
3.23107	57.1063
3.23121	57.1238
3.23155	57.1414
3.2316	57.1589
3.23173	57.1765
3.23195	57.194
3.23235	57.2116
3.23701	57.2291
3.23771	57.2466
3.23791	57.2642
3.24603	57.2817
3.24612	57.2993
3.24638	57.3168
3.2467	57.3344
3.24697	57.3519
3.25262	57.3695
3.2574	57.387
3.2576	57.4045
3.25787	57.4221
3.25791	57.4396
3.25801	57.4572
3.26399	57.4747
3.26467	57.4923
3.26485	57.5098
3.2651	57.5273
3.26546	57.5449
3.26594	57.5624
3.26931	57.58
3.26955	57.5975
3.26957	57.6151
3.26967	57.6326
3.26975	57.6502
3.26998	57.6677
3.27016	57.6852
3.275	57.7028
3.2757	57.7203
3.27575	57.7379
3.27709	57.7554
3.27718	57.773
3.27727	57.7905
3.27745	57.808
3.28055	57.8256
3.2806	57.8431
3.28144	57.8607
3.28219	57.8782
3.28226	57.8958
3.28233	57.9133
3.28252	57.9309
3.28288	57.9484
3.28293	57.9659
3.28761	57.9835
3.28849	58.001
3.28904	58.0183
3.28909	58.0355
3.29416	58.0528
3.29423	58.07
3.29434	58.0872
3.29775	58.1045
3.301	58.1217
3.30153	58.139
3.30164	58.1562
3.30178	58.1734
3.30195	58.1907
3.30215	58.2079
3.30233	58.2252
3.30252	58.2424
3.30695	58.2597
3.30852	58.2769
3.30878	58.2941
3.30898	58.3114
3.30915	58.3286
3.31501	58.3459
3.321	58.3631
3.32441	58.3803
3.32451	58.3976
3.32474	58.4148
3.32492	58.4321
3.33028	58.4493
3.33098	58.4665
3.33115	58.4838
3.33131	58.501
3.3315	58.5183
3.33672	58.5355
3.33677	58.5528
3.3369	58.57
3.33694	58.5872
3.33734	58.6045
3.33769	58.6217
3.34369	58.639
3.34394	58.6562
3.3441	58.6734
3.34811	58.6907
3.34822	58.7079
3.351	58.7252
3.35164	58.7424
3.35173	58.7597
3.35366	58.7769
3.35399	58.7941
3.35723	58.8114
3.35773	58.8286
3.36067	58.8459
3.36075	58.8631
3.36084	58.8803
3.36097	58.8976
3.36351	58.9148
3.36369	58.9321
3.36383	58.9493
3.36719	58.9665
3.36734	58.9838
3.36764	59.001
3.36788	59.018
3.36815	59.0349
3.36844	59.0519
3.36869	59.0688
3.36888	59.0858
3.37247	59.1027
3.37261	59.1197
3.37289	59.1366
3.3734	59.1536
3.3737	59.1705
3.3739	59.1875
3.37619	59.2044
3.37689	59.2214
3.37781	59.2383
3.37977	59.2553
3.37993	59.2722
3.38004	59.2892
3.38029	59.3061
3.3841	59.3231
3.38422	59.34
3.38457	59.357
3.39006	59.3739
3.39033	59.3909
3.39053	59.4078
3.39074	59.4248
3.39098	59.4417
3.39399	59.4587
3.39409	59.4756
3.39422	59.4926
3.39442	59.5095
3.39462	59.5265
3.3947	59.5434
3.40051	59.5604
3.40127	59.5773
3.40159	59.5943
3.40173	59.6112
3.41484	59.6281
3.4149	59.6451
3.41494	59.662
3.41847	59.679
3.41858	59.6959
3.41885	59.7129
3.41904	59.7298
3.41927	59.7468
3.42361	59.7637
3.42365	59.7807
3.42392	59.7976
3.42424	59.8146
3.42919	59.8315
3.42923	59.8485
3.42957	59.8654
3.42979	59.8824
3.42991	59.8993
3.43488	59.9163
3.43573	59.9332
3.43586	59.9502
3.43791	59.9671
3.43848	59.9841
3.43861	60.001
3.44021	60.0177
3.44061	60.0344
3.4407	60.051
3.4408	60.0677
3.44277	60.0844
3.44386	60.101
3.44637	60.1177
3.44647	60.1344
3.44667	60.151
3.44679	60.1677
3.45056	60.1844
3.45061	60.201
3.45071	60.2177
3.45086	60.2344
3.45403	60.251
3.45411	60.2677
3.45433	60.2844
3.45458	60.301
3.45482	60.3177
3.45973	60.3344
3.45978	60.351
3.45981	60.3677
3.4647	60.3844
3.46531	60.401
3.46584	60.4177
3.46603	60.4344
3.46906	60.451
3.46912	60.4677
3.46916	60.4844
3.46919	60.501
3.46922	60.5177
3.46936	60.5344
3.47502	60.551
3.47517	60.5677
3.47543	60.5844
3.47567	60.601
3.48008	60.6177
3.48013	60.6344
3.48033	60.651
3.48058	60.6677
3.48065	60.6844
3.4843	60.701
3.48437	60.7177
3.48592	60.7344
3.48601	60.751
3.48922	60.7677
3.49327	60.7844
3.49336	60.801
3.49339	60.8177
3.49672	60.8344
3.49705	60.851
3.49752	60.8677
3.49971	60.8844
3.49977	60.901
3.4999	60.9177
3.50002	60.9344
3.51816	60.951
3.51834	60.9677
3.51866	60.9844
3.51879	61.001
3.52263	61.0174
3.52281	61.0338
3.52286	61.0502
3.52296	61.0666
3.52519	61.083
3.52584	61.0994
3.52604	61.1158
3.52622	61.1322
3.5263	61.1486
3.53133	61.165
3.5317	61.1814
3.5319	61.1978
3.53204	61.2141
3.53222	61.2305
3.53237	61.2469
3.53656	61.2633
3.53661	61.2797
3.53664	61.2961
3.54101	61.3125
3.54136	61.3289
3.54164	61.3453
3.54431	61.3617
3.54723	61.3781
3.54731	61.3945
3.54743	61.4109
3.54764	61.4273
3.55064	61.4437
3.55073	61.46
3.5508	61.4764
3.55299	61.4928
3.55312	61.5092
3.55326	61.5256
3.55342	61.542
3.55356	61.5584
3.55894	61.5748
3.55932	61.5912
3.55971	61.6076
3.56021	61.624
3.563	61.6404
3.56414	61.6568
3.56434	61.6732
3.56444	61.6896
3.56463	61.7059
3.56481	61.7223
3.56554	61.7387
3.56562	61.7551
3.56963	61.7715
3.56972	61.7879
3.5698	61.8043
3.56992	61.8207
3.57003	61.8371
3.57014	61.8535
3.57026	61.8699
3.57036	61.8863
3.57619	61.9027
3.57642	61.9191
3.5846	61.9355
3.58507	61.9518
3.58969	61.9682
3.58982	61.9846
3.59597	62.001
3.59823	62.0172
3.5997	62.0333
3.60131	62.0494
3.6015	62.0655
3.6032	62.0817
3.60359	62.0978
3.60802	62.1139
3.60809	62.1301
3.60831	62.1462
3.60849	62.1623
3.61097	62.1784
3.61527	62.1946
3.61544	62.2107
3.6158	62.2268
3.61621	62.243
3.61645	62.2591
3.61669	62.2752
3.62008	62.2914
3.62015	62.3075
3.62025	62.3236
3.62282	62.3397
3.62324	62.3559
3.62814	62.372
3.62832	62.3881
3.62846	62.4043
3.62864	62.4204
3.62874	62.4365
3.62888	62.4526
3.62902	62.4688
3.63391	62.4849
3.63435	62.501
3.63442	62.5172
3.63445	62.5333
3.63453	62.5494
3.63468	62.5655
3.64008	62.5817
3.64015	62.5978
3.64024	62.6139
3.64074	62.6301
3.64087	62.6462
3.64601	62.6623
3.64739	62.6784
3.64741	62.6946
3.64742	62.7107
3.64743	62.7268
3.64744	62.743
3.653	62.7591
3.65333	62.7752
3.65867	62.7914
3.65875	62.8075
3.65911	62.8236
3.65933	62.8397
3.65943	62.8559
3.65953	62.872
3.65967	62.8881
3.66515	62.9043
3.66525	62.9204
3.66543	62.9365
3.66726	62.9526
3.66746	62.9688
3.66751	62.9849
3.66767	63.001
3.67075	63.0169
3.67081	63.0328
3.67099	63.0486
3.67478	63.0645
3.67519	63.0804
3.67925	63.0963
3.6793	63.1121
3.67934	63.128
3.67937	63.1439
3.67955	63.1598
3.68279	63.1756
3.68576	63.1915
3.68588	63.2074
3.686	63.2233
3.68614	63.2391
3.68627	63.255
3.69133	63.2709
3.69168	63.2867
3.69741	63.3026
3.69773	63.3185
3.69801	63.3344
3.69827	63.3502
3.69859	63.3661
3.69874	63.382
3.69892	63.3979
3.70202	63.4137
3.70205	63.4296
3.70212	63.4455
3.70225	63.4613
3.70236	63.4772
3.70247	63.4931
3.7026	63.509
3.70265	63.5248
3.70816	63.5407
3.70826	63.5566
3.71009	63.5725
3.71448	63.5883
3.7149	63.6042
3.71506	63.6201
3.71538	63.636
3.7187	63.6518
3.71904	63.6677
3.7192	63.6836
3.71934	63.6994
3.72405	63.7153
3.72409	63.7312
3.72424	63.7471
3.72468	63.7629
3.72482	63.7788
3.73039	63.7947
3.7305	63.8106
3.73072	63.8264
3.73104	63.8423
3.73125	63.8582
3.73544	63.874
3.74048	63.8899
3.74062	63.9058
3.74072	63.9217
3.74084	63.9375
3.74094	63.9534
3.74104	63.9693
3.74679	63.9852
3.74692	64.001
3.74711	64.0167
3.74734	64.0323
3.74757	64.0479
3.75258	64.0635
3.7553	64.0792
3.75537	64.0948
3.75556	64.1104
3.75565	64.126
3.75576	64.1417
3.75592	64.1573
3.76083	64.1729
3.76655	64.1885
3.76692	64.2042
3.76699	64.2198
3.76731	64.2354
3.77206	64.251
3.77211	64.2667
3.77214	64.2823
3.77223	64.2979
3.77241	64.3135
3.77273	64.3292
3.77836	64.3448
3.77842	64.3604
3.77857	64.376
3.77872	64.3917
3.77884	64.4073
3.78323	64.4229
3.7834	64.4385
3.78354	64.4542
3.78383	64.4698
3.78388	64.4854
3.78392	64.501
3.78394	64.5167
3.78885	64.5323
3.78896	64.5479
3.78911	64.5635
3.78941	64.5792
3.79163	64.5948
3.7917	64.6104
3.79391	64.626
3.7942	64.6417
3.79461	64.6573
3.79474	64.6729
3.80004	64.6885
3.80021	64.7042
3.80033	64.7198
3.80161	64.7354
3.80251	64.751
3.80256	64.7667
3.80994	64.7823
3.8104	64.7979
3.81075	64.8135
3.81143	64.8292
3.81181	64.8448
3.81199	64.8604
3.81513	64.876
3.81531	64.8917
3.81554	64.9073
3.81573	64.9229
3.82181	64.9385
3.82212	64.9542
3.8225	64.9698
3.82262	64.9854
3.82306	65.001
3.82338	65.0164
3.82692	65.0318
3.82709	65.0472
3.82743	65.0626
3.83198	65.078
3.8321	65.0933
3.83231	65.1087
3.83248	65.1241
3.83629	65.1395
3.83766	65.1549
3.84333	65.1703
3.84419	65.1856
3.84477	65.201
3.85116	65.2164
3.85129	65.2318
3.85314	65.2472
3.85321	65.2626
3.85333	65.278
3.85357	65.2933
3.85367	65.3087
3.8538	65.3241
3.85807	65.3395
3.86007	65.3549
3.86014	65.3703
3.86024	65.3856
3.86042	65.401
3.86055	65.4164
3.8607	65.4318
3.86081	65.4472
3.86619	65.4626
3.86648	65.478
3.86686	65.4933
3.86702	65.5087
3.87296	65.5241
3.87311	65.5395
3.87318	65.5549
3.87333	65.5703
3.87348	65.5856
3.87363	65.601
3.87375	65.6164
3.87943	65.6318
3.8798	65.6472
3.87988	65.6626
3.88395	65.678
3.8842	65.6933
3.88454	65.7087
3.8848	65.7241
3.88996	65.7395
3.89198	65.7549
3.89207	65.7703
3.89216	65.7856
3.89233	65.801
3.89247	65.8164
3.8926	65.8318
3.8927	65.8472
3.89284	65.8626
3.89742	65.878
3.89765	65.8933
3.89769	65.9087
3.90366	65.9241
3.90377	65.9395
3.90397	65.9549
3.90422	65.9703
3.90862	65.9856
3.90872	66.001
3.90889	66.0162
3.90908	66.0313
3.90921	66.0465
3.90933	66.0616
3.90948	66.0768
3.9149	66.0919
3.91507	66.1071
3.91532	66.1222
3.9155	66.1374
3.91579	66.1525
3.91598	66.1677
3.91619	66.1828
3.91942	66.198
3.91948	66.2132
3.91957	66.2283
3.91978	66.2435
3.91989	66.2586
3.91995	66.2738
3.92009	66.2889
3.92563	66.3041
3.92618	66.3192
3.92642	66.3344
3.92743	66.3495
3.93048	66.3647
3.93065	66.3798
3.9307	66.395
3.93078	66.4101
3.93108	66.4253
3.93119	66.4404
3.93138	66.4556
3.93666	66.4707
3.93677	66.4859
3.94367	66.501
3.95383	66.5162
3.9541	66.5313
3.95439	66.5465
3.95807	66.5616
3.95815	66.5768
3.95872	66.5919
3.96371	66.6071
3.96375	66.6222
3.9639	66.6374
3.96399	66.6525
3.96662	66.6677
3.96704	66.6828
3.96715	66.698
3.97118	66.7132
3.97124	66.7283
3.97133	66.7435
3.97154	66.7586
3.97175	66.7738
3.97188	66.7889
3.97196	66.8041
3.97204	66.8192
3.97725	66.8344
3.9773	66.8495
3.97744	66.8647
3.97774	66.8798
3.97778	66.895
3.98266	66.9101
3.98282	66.9253
3.98296	66.9404
3.98773	66.9556
3.98781	66.9707
3.98795	66.9859
3.98806	67.001
3.98812	67.016
3.98841	67.0309
3.99506	67.0458
3.99881	67.0607
3.99891	67.0757
3.99899	67.0906
3.99919	67.1055
3.99933	67.1204
3.99947	67.1354
3.99957	67.1503
4.00458	67.1652
4.00474	67.1801
4.00489	67.1951
4.00503	67.21
4.00516	67.2249
4.00528	67.2398
4.00972	67.2548
4.00977	67.2697
4.00984	67.2846
4.01012	67.2995
4.01022	67.3145
4.01033	67.3294
4.01779	67.3443
4.01865	67.3592
4.01889	67.3742
4.02191	67.3891
4.02195	67.404
4.02201	67.4189
4.02238	67.4339
4.02242	67.4488
4.02851	67.4637
4.02855	67.4786
4.02891	67.4936
4.02957	67.5085
4.02979	67.5234
4.03316	67.5383
4.03323	67.5533
4.03336	67.5682
4.0335	67.5831
4.03369	67.598
4.0338	67.613
4.0339	67.6279
4.03419	67.6428
4.0396	67.6577
4.03965	67.6727
4.0398	67.6876
4.04025	67.7025
4.04036	67.7174
4.04047	67.7324
4.04057	67.7473
4.04515	67.7622
4.04525	67.7771
4.04546	67.7921
4.04556	67.807
4.05848	67.8219
4.05857	67.8369
4.05885	67.8518
4.05916	67.8667
4.06436	67.8816
4.06814	67.8966
4.06821	67.9115
4.0744	67.9264
4.07466	67.9413
4.07485	67.9563
4.075	67.9712
4.07519	67.9861
4.07535	68.001
4.07973	68.0157
4.07993	68.0304
4.07997	68.0451
4.08005	68.0599
4.08012	68.0746
4.08528	68.0893
4.08538	68.104
4.08552	68.1187
4.08565	68.1334
4.08964	68.1481
4.08971	68.1628
4.08984	68.1775
4.08998	68.1922
4.09012	68.2069
4.09026	68.2216
4.09607	68.2363
4.09617	68.251
4.09639	68.2657
4.09685	68.2804
4.09722	68.2951
4.10061	68.3099
4.10155	68.3246
4.10168	68.3393
4.10175	68.354
4.10178	68.3687
4.1069	68.3834
4.10712	68.3981
4.10749	68.4128
4.10791	68.4275
4.11191	68.4422
4.112	68.4569
4.11211	68.4716
4.11287	68.4863
4.11292	68.501
4.11293	68.5157
4.11295	68.5304
4.11738	68.5451
4.11742	68.5599
4.1175	68.5746
4.11804	68.5893
4.12295	68.604
4.12308	68.6187
4.12331	68.6334
4.12347	68.6481
4.12366	68.6628
4.12371	68.6775
4.12374	68.6922
4.1292	68.7069
4.12936	68.7216
4.12957	68.7363
4.12971	68.751
4.12995	68.7657
4.13009	68.7804
4.13032	68.7951
4.13973	68.8099
4.13987	68.8246
4.13999	68.8393
4.147	68.854
4.14733	68.8687
4.14866	68.8834
4.15077	68.8981
4.15081	68.9128
4.1509	68.9275
4.15103	68.9422
4.15114	68.9569
4.15126	68.9716
4.16202	68.9863
4.1623	69.001
4.16259	69.0155
4.16315	69.03
4.16341	69.0445
4.16369	69.059
4.16406	69.0735
4.16784	69.088
4.1679	69.1025
4.16802	69.117
4.16827	69.1315
4.16838	69.146
4.16847	69.1605
4.16858	69.1749
4.17368	69.1894
4.17632	69.2039
4.17652	69.2184
4.17657	69.2329
4.17669	69.2474
4.17712	69.2619
4.17727	69.2764
4.18177	69.2909
4.18186	69.3054
4.18197	69.3199
4.18793	69.3344
4.18806	69.3489
4.18821	69.3633
4.20003	69.3778
4.2005	69.3923
4.20072	69.4068
4.2056	69.4213
4.20773	69.4358
4.2078	69.4503
4.20796	69.4648
4.20809	69.4793
4.20819	69.4938
4.20824	69.5083
4.20832	69.5228
4.21314	69.5373
4.21321	69.5518
4.21331	69.5662
4.21344	69.5807
4.21356	69.5952
4.21369	69.6097
4.21746	69.6242
4.2176	69.6387
4.21769	69.6532
4.21788	69.6677
4.21802	69.6822
4.21817	69.6967
4.21832	69.7112
4.22373	69.7257
4.22533	69.7402
4.22546	69.7547
4.22564	69.7691
4.22777	69.7836
4.22872	69.7981
4.22882	69.8126
4.22911	69.8271
4.22934	69.8416
4.2294	69.8561
4.23505	69.8706
4.23648	69.8851
4.23657	69.8996
4.23686	69.9141
4.23713	69.9286
4.23755	69.9431
4.24073	69.9576
4.24124	69.972
4.24146	69.9865
4.24162	70.001
4.24611	70.0153
4.24623	70.0296
4.24633	70.0439
4.24657	70.0582
4.2467	70.0725
4.24686	70.0867
4.24697	70.101
4.25299	70.1153
4.25316	70.1296
4.25489	70.1439
4.25524	70.1582
4.25525	70.1725
4.25535	70.1867
4.25549	70.201
4.25582	70.2153
4.25614	70.2296
4.26056	70.2439
4.26061	70.2582
4.26086	70.2725
4.26108	70.2867
4.26119	70.301
4.26579	70.3153
4.27084	70.3296
4.27093	70.3439
4.27109	70.3582
4.27131	70.3725
4.28499	70.3867
4.2856	70.401
4.28578	70.4153
4.28605	70.4296
4.28619	70.4439
4.29044	70.4582
4.29059	70.4725
4.29154	70.4867
4.29587	70.501
4.29592	70.5153
4.29599	70.5296
4.29655	70.5439
4.301	70.5582
4.30141	70.5725
4.30164	70.5867
4.30176	70.601
4.30755	70.6153
4.30774	70.6296
4.308	70.6439
4.30819	70.6582
4.30866	70.6725
4.31201	70.6867
4.31215	70.701
4.31237	70.7153
4.31256	70.7296
4.31273	70.7439
4.31673	70.7582
4.32799	70.7725
4.32806	70.7867
4.32816	70.801
4.32834	70.8153
4.32845	70.8296
4.32856	70.8439
4.3345	70.8582
4.33463	70.8725
4.3349	70.8867
4.33548	70.901
4.33591	70.9153
4.33972	70.9296
4.3398	70.9439
4.3399	70.9582
4.34642	70.9725
4.34664	70.9867
4.34696	71.001
4.3471	71.0151
4.34718	71.0292
4.34769	71.0433
4.34786	71.0574
4.34807	71.0715
4.35188	71.0855
4.35219	71.0996
4.35257	71.1137
4.35306	71.1278
4.35423	71.1419
4.35439	71.156
4.35672	71.17
4.35684	71.1841
4.35694	71.1982
4.35705	71.2123
4.35714	71.2264
4.36267	71.2405
4.36337	71.2546
4.3635	71.2686
4.36371	71.2827
4.36388	71.2968
4.36738	71.3109
4.36789	71.325
4.36796	71.3391
4.36803	71.3531
4.36826	71.3672
4.37258	71.3813
4.37526	71.3954
4.37553	71.4095
4.37576	71.4236
4.376	71.4376
4.37996	71.4517
4.3829	71.4658
4.38297	71.4799
4.3831	71.494
4.38325	71.5081
4.38766	71.5222
4.38775	71.5362
4.38783	71.5503
4.39442	71.5644
4.39595	71.5785
4.39642	71.5926
4.39721	71.6067
4.39912	71.6207
4.39933	71.6348
4.39959	71.6489
4.39989	71.663
4.40698	71.6771
4.41079	71.6912
4.41089	71.7053
4.4112	71.7193
4.41138	71.7334
4.41157	71.7475
4.41605	71.7616
4.42195	71.7757
4.422	71.7898
4.42204	71.8038
4.42221	71.8179
4.42254	71.832
4.42279	71.8461
4.423	71.8602
4.4232	71.8743
4.42667	71.8884
4.4267	71.9024
4.42714	71.9165
4.42728	71.9306
4.43217	71.9447
4.43222	71.9588
4.43235	71.9729
4.43256	71.9869
4.43299	72.001
4.43824	72.0149
4.43829	72.0288
4.43846	72.0427
4.4388	72.0566
4.43889	72.0705
4.43908	72.0844
4.43925	72.0983
4.44359	72.1121
4.44371	72.126
4.44386	72.1399
4.44852	72.1538
4.4486	72.1677
4.44879	72.1816
4.44889	72.1955
4.44896	72.2094
4.4492	72.2233
4.45402	72.2371
4.45405	72.251
4.45409	72.2649
4.45417	72.2788
4.45436	72.2927
4.45441	72.3066
4.45956	72.3205
4.45966	72.3344
4.45979	72.3483
4.46001	72.3621
4.46115	72.376
4.46552	72.3899
4.46574	72.4038
4.46605	72.4177
4.46625	72.4316
4.47146	72.4455
4.47195	72.4594
4.47228	72.4733
4.47252	72.4871
4.47268	72.501
4.47294	72.5149
4.47601	72.5288
4.4761	72.5427
4.47697	72.5566
4.47702	72.5705
4.47709	72.5844
4.47713	72.5983
4.48187	72.6121
4.48201	72.626
4.48219	72.6399
4.4876	72.6538
4.48782	72.6677
4.48819	72.6816
4.4883	72.6955
4.49288	72.7094
4.49321	72.7233
4.49332	72.7371
4.5	72.751
4.50346	72.7649
4.50357	72.7788
4.5038	72.7927
4.50394	72.8066
4.50905	72.8205
4.5091	72.8344
4.50914	72.8483
4.50917	72.8621
4.50949	72.876
4.51431	72.8899
4.51439	72.9038
4.51448	72.9177
4.52041	72.9316
4.52061	72.9455
4.52099	72.9594
4.52114	72.9733
4.52132	72.9871
4.52166	73.001
4.52651	73.0147
4.52656	73.0284
4.52658	73.0421
4.52659	73.0558
4.53115	73.0695
4.5312	73.0832
4.53124	73.0969
4.53622	73.1106
4.53682	73.1243
4.53701	73.138
4.53714	73.1517
4.5416	73.1654
4.54165	73.1791
4.54187	73.1928
4.54201	73.2065
4.54217	73.2202
4.54797	73.2339
4.54815	73.2476
4.54826	73.2613
4.54854	73.275
4.54874	73.2887
4.54909	73.3024
4.54937	73.3161
4.5496	73.3298
4.55253	73.3435
4.55256	73.3572
4.55264	73.3709
4.55288	73.3846
4.55293	73.3983
4.55297	73.412
4.553	73.4257
4.558	73.4394
4.55804	73.4531
4.55844	73.4668
4.55852	73.4805
4.55898	73.4942
4.55902	73.5079
4.56347	73.5216
4.56407	73.5353
4.56415	73.549
4.56944	73.5627
4.56958	73.5764
4.56989	73.5901
4.57007	73.6038
4.57038	73.6175
4.57057	73.6312
4.57501	73.6449
4.58042	73.6586
4.58057	73.6723
4.58084	73.686
4.58567	73.6997
4.58584	73.7134
4.58593	73.7271
4.58602	73.7408
4.58616	73.7545
4.59088	73.7682
4.59099	73.7819
4.59162	73.7956
4.59692	73.8092
4.597	73.8229
4.59716	73.8366
4.59739	73.8503
4.59767	73.864
4.5979	73.8777
4.59819	73.8914
4.60191	73.9051
4.60245	73.9188
4.60257	73.9325
4.6091	73.9462
4.60932	73.9599
4.60954	73.9736
4.60972	73.9873
4.61001	74.001
4.61049	74.0145
4.61477	37.0073
4.61504	37.0343
4.61525	37.0613
4.61536	37.0884
4.61551	37.1154
4.61564	37.1424
4.61841	37.1694
4.61852	37.1965
4.61877	37.2235
4.62601	37.2505
4.6263	37.2775
4.62654	37.3046
4.62672	37.3316
4.62685	37.3586
4.62701	37.3857
4.63145	37.4127
4.63148	37.4397
4.6316	37.4667
4.63165	37.4938
4.63659	37.5208
4.6367	37.5478
4.63678	37.5748
4.63685	37.6019
4.63696	37.6289
4.63702	37.6559
4.63708	37.6829
4.63716	37.71
4.64243	37.737
4.64251	37.764
4.64257	37.7911
4.64265	37.8181
4.64275	37.8451
4.64283	37.8721
4.6429	37.8992
4.64808	37.9262
4.65495	37.9532
4.65522	37.9802
4.65563	38.0073
4.65944	38.0336
4.66514	38.0599
4.66521	38.0862
4.66532	38.1125
4.66549	38.1389
4.66557	38.1652
4.66564	38.1915
4.66577	38.2178
4.67125	38.2441
4.67128	38.2704
4.6713	38.2967
4.67182	38.3231
4.67689	38.3494
4.6771	38.3757
4.67859	38.402
4.68164	38.4283
4.68176	38.4546
4.68192	38.481
4.68204	38.5073
4.68218	38.5336
4.68671	38.5599
4.6868	38.5862
4.68687	38.6125
4.68721	38.6389
4.68731	38.6652
4.68746	38.6915
4.68759	38.7178
4.69313	38.7441
4.69363	38.7704
4.70024	38.7967
4.70042	38.8231
4.70093	38.8494
4.70357	38.8757
4.70371	38.902
4.70386	38.9283
4.70786	38.9546
4.70791	38.981
4.708	39.0073
4.70816	39.0329
4.70834	39.0586
4.71224	39.0842
4.71232	39.1098
4.7124	39.1355
4.71268	39.1611
4.71283	39.1868
4.71292	39.2124
4.7194	39.238
4.71948	39.2637
4.71972	39.2893
4.7241	39.315
4.72446	39.3406
4.72635	39.3662
4.7265	39.3919
4.72661	39.4175
4.72676	39.4432
4.72687	39.4688
4.72697	39.4945
4.727	39.5201
4.73193	39.5457
4.73196	39.5714
4.73748	39.597
4.73769	39.6227
4.73788	39.6483
4.73794	39.6739
4.73802	39.6996
4.7433	39.7252
4.7461	39.7509
4.7462	39.7765
4.7463	39.8021
4.74653	39.8278
4.7467	39.8534
4.75006	39.8791
4.75041	39.9047
4.76151	39.9303
4.76352	39.956
4.76427	39.9816
4.76506	40.0073
4.76569	40.0323
4.76628	40.0573
4.7671	40.0823
4.76802	40.1073
4.77	40.1323
4.77081	40.1573
4.77137	40.1823
4.77143	40.2073
4.77339	40.2323
4.77348	40.2573
4.77361	40.2823
4.77373	40.3073
4.77704	40.3323
4.7771	40.3573
4.77719	40.3823
4.77734	40.4073
4.77747	40.4323
4.7775	40.4573
4.78202	40.4823
4.78268	40.5073
4.78968	40.5323
4.78984	40.5573
4.79094	40.5823
4.79103	40.6073
4.79109	40.6323
4.79247	40.6573
4.79279	40.6823
4.79578	40.7073
4.79585	40.7323
4.79591	40.7573
4.79616	40.7823
4.80043	40.8073
4.80058	40.8323
4.80404	40.8573
4.80496	40.8823
4.80533	40.9073
4.80982	40.9323
4.81593	40.9573
4.82699	40.9823
4.82782	41.0073
4.82839	41.0317
4.82848	41.0561
4.82854	41.0804
4.83038	41.1048
4.83389	41.1292
4.83406	41.1536
4.83434	41.178
4.83537	41.2024
4.83562	41.2268
4.83593	41.2512
4.83684	41.2756
4.83753	41.3
4.8383	41.3243
4.83839	41.3487
4.83977	41.3731
4.84209	41.3975
4.84214	41.4219
4.84217	41.4463
4.84416	41.4707
4.84467	41.4951
4.85571	41.5195
4.85619	41.5439
4.85623	41.5682
4.85631	41.5926
4.85827	41.617
4.8633	41.6414
4.86576	41.6658
4.86652	41.6902
4.86724	41.7146
4.86811	41.739
4.86932	41.7634
4.86939	41.7878
4.87018	41.8121
4.87096	41.8365
4.87153	41.8609
4.87424	41.8853
4.87483	41.9097
4.88009	41.9341
4.88635	41.9585
4.8871	41.9829
4.88916	42.0073
4.88993	42.0311
4.89004	42.0549
4.89013	42.0787
4.89223	42.1025
4.89349	42.1263
4.89476	42.1501
4.89481	42.1739
4.89559	42.1977
4.89699	42.2216
4.89768	42.2454
4.89835	42.2692
4.89843	42.293
4.89973	42.3168
4.90058	42.3406
4.90068	42.3644
4.90195	42.3882
4.90227	42.412
4.90392	42.4358
4.90458	42.4597
4.90822	42.4835
4.91018	42.5073
4.91037	42.5311
4.91073	42.5549
4.91092	42.5787
4.91461	42.6025
4.92777	42.6263
4.92915	42.6501
4.92953	42.6739
4.93086	42.6977
4.93116	42.7216
4.93134	42.7454
4.9342	42.7692
4.93431	42.793
4.93589	42.8168
4.93738	42.8406
4.9378	42.8644
4.93909	42.8882
4.94014	42.912
4.94128	42.9358
4.94132	42.9597
4.94202	42.9835
4.94216	43.0073
4.94337	43.0305
4.9442	43.0538
4.94552	43.077
4.94561	43.1003
4.9457	43.1236
4.94587	43.1468
4.94899	43.1701
4.95106	43.1933
4.95264	43.2166
4.95276	43.2398
4.95534	43.2631
4.95541	43.2863
4.95585	43.3096
4.95612	43.3329
4.95639	43.3561
4.96135	43.3794
4.96145	43.4026
4.96158	43.4259
4.96175	43.4491
4.96935	43.4724
4.96955	43.4956
4.96982	43.5189
4.97094	43.5422
4.971	43.5654
4.97112	43.5887
4.97872	43.6119
4.98096	43.6352
4.98108	43.6584
4.98134	43.6817
4.98145	43.7049
4.98556	43.7282
4.98791	43.7515
4.98983	43.7747
4.98995	43.798
4.99023	43.8212
4.99131	43.8445
4.99145	43.8677
4.99161	43.891
4.99177	43.9142
4.9919	43.9375
4.99203	43.9608
4.99557	43.984
4.9965	44.0073
4.99712	44.03
4.9972	44.0527
4.99728	44.0755
4.99869	44.0982
4.99877	44.1209
5.00069	44.1436
5.00147	44.1664
5.00155	44.1891
5.00275	44.2118
5.00288	44.2345
5.00297	44.2573
5.005	44.28
5.00503	44.3027
5.0051	44.3255
5.00699	44.3482
5.00953	44.3709
5.01398	44.3936
5.01407	44.4164
5.01483	44.4391
5.01781	44.4618
5.01839	44.4845
5.01851	44.5073
5.01974	44.53
5.01982	44.5527
5.01991	44.5755
5.02453	44.5982
5.0309	44.6209
5.03097	44.6436
5.03226	44.6664
5.03389	44.6891
5.03429	44.7118
5.03719	44.7345
5.03726	44.7573
5.03737	44.78
5.03753	44.8027
5.04004	44.8255
5.04376	44.8482
5.04382	44.8709
5.04398	44.8936
5.04423	44.9164
5.04445	44.9391
5.04906	44.9618
5.05205	44.9845
5.05208	45.0073
5.05992	45.0295
5.05998	45.0517
5.0601	45.0739
5.06023	45.0962
5.06034	45.1184
5.06057	45.1406
5.06069	45.1628
5.06538	45.185
5.06546	45.2073
5.06549	45.2295
5.06552	45.2517
5.06566	45.2739
5.06584	45.2962
5.06592	45.3184
5.06605	45.3406
5.071	45.3628
5.07118	45.385
5.072	45.4073
5.07645	45.4295
5.08336	45.4517
5.08727	45.4739
5.08736	45.4962
5.08751	45.5184
5.08769	45.5406
5.08781	45.5628
5.09378	45.585
5.09566	45.6073
5.09813	45.6295
5.09824	45.6517
5.09846	45.6739
5.09851	45.6962
5.09861	45.7184
5.09907	45.7406
5.09919	45.7628
5.1036	45.785
5.10447	45.8073
5.10491	45.8295
5.10502	45.8517
5.10988	45.8739
5.11003	45.8962
5.11032	45.9184
5.1105	45.9406
5.11074	45.9628
5.11092	45.985
5.11496	46.0073
5.11543	46.029
5.12092	46.0508
5.12143	46.0725
5.12168	46.0942
5.12206	46.116
5.1222	46.1377
5.12251	46.1594
5.12558	46.1812
5.12575	46.2029
5.1258	46.2247
5.12588	46.2464
5.12596	46.2681
5.12615	46.2899
5.1263	46.3116
5.12642	46.3334
5.13791	46.3551
5.13812	46.3768
5.13834	46.3986
5.13846	46.4203
5.14818	46.4421
5.1536	46.4638
5.15412	46.4855
5.15878	46.5073
5.15899	46.529
5.15915	46.5508
5.15933	46.5725
5.15947	46.5942
5.16487	46.616
5.16507	46.6377
5.1653	46.6594
5.16544	46.6812
5.16576	46.7029
5.16978	46.7247
5.17021	46.7464
5.17489	46.7681
5.17503	46.7899
5.17513	46.8116
5.17526	46.8334
5.1756	46.8551
5.18092	46.8768
5.18194	46.8986
5.18214	46.9203
5.18584	46.9421
5.18587	46.9638
5.18593	46.9855
5.18618	47.0073
5.18648	47.0285
5.1978	47.0498
5.198	47.0711
5.1983	47.0924
5.1985	47.1137
5.20272	47.1349
5.20276	47.1562
5.2028	47.1775
5.20284	47.1988
5.20314	47.22
5.20328	47.2413
5.20348	47.2626
5.20886	47.2839
5.20908	47.3051
5.20933	47.3264
5.21355	47.3477
5.21375	47.369
5.21389	47.3903
5.21404	47.4115
5.21984	47.4328
5.22022	47.4541
5.22065	47.4754
5.22561	47.4966
5.22595	47.5179
5.22687	47.5392
5.2275	47.5605
5.22971	47.5817
5.23521	47.603
5.2356	47.6243
5.2418	47.6456
5.24195	47.6668
5.24265	47.6881
5.24281	47.7094
5.24313	47.7307
5.24626	47.752
5.24636	47.7732
5.24647	47.7945
5.2468	47.8158
5.2469	47.8371
5.24699	47.8583
5.25173	47.8796
5.25188	47.9009
5.25207	47.9222
5.25235	47.9434
5.25245	47.9647
5.2526	47.986
5.25795	48.0073
5.25818	48.0281
5.2683	48.0489
5.26846	48.0698
5.26871	48.0906
5.2688	48.1114
5.26889	48.1323
5.27359	48.1531
5.27414	48.1739
5.27418	48.1948
5.27988	48.2156
5.28037	48.2364
5.28078	48.2573
5.2854	48.2781
5.28554	48.2989
5.29086	48.3198
5.29096	48.3406
5.29121	48.3614
5.29151	48.3823
5.29169	48.4031
5.30123	48.4239
5.30131	48.4448
5.30156	48.4656
5.30175	48.4864
5.3018	48.5073
5.30201	48.5281
5.30209	48.5489
5.31293	48.5698
5.31311	48.5906
5.31336	48.6114
5.31352	48.6323
5.31551	48.6531
5.31579	48.6739
5.3187	48.6948
5.31901	48.7156
5.31935	48.7364
5.31955	48.7573
5.31981	48.7781
5.32003	48.7989
5.32077	48.8198
5.32387	48.8406
5.32415	48.8614
5.32433	48.8823
5.32438	48.9031
5.32446	48.9239
5.3245	48.9448
5.32994	48.9656
5.3301	48.9864
5.33033	49.0073
5.33049	49.0277
5.33076	49.0481
5.33093	49.0685
5.3312	49.0889
5.33138	49.1093
5.33485	49.1297
5.34908	49.1501
5.34955	49.1705
5.35186	49.1909
5.35198	49.2114
5.35219	49.2318
5.35253	49.2522
5.35283	49.2726
5.35309	49.293
5.35338	49.3134
5.35349	49.3338
5.35759	49.3542
5.35764	49.3746
5.3579	49.395
5.35812	49.4154
5.36367	49.4358
5.36378	49.4563
5.36429	49.4767
5.36455	49.4971
5.36483	49.5175
5.36505	49.5379
5.37385	49.5583
5.37394	49.5787
5.3746	49.5991
5.37469	49.6195
5.37973	49.6399
5.37998	49.6603
5.38033	49.6807
5.38066	49.7011
5.38088	49.7216
5.38475	49.742
5.38482	49.7624
5.38488	49.7828
5.38505	49.8032
5.39152	49.8236
5.39162	49.844
5.39174	49.8644
5.39189	49.8848
5.39511	49.9052
5.39528	49.9256
5.39533	49.946
5.39547	49.9665
5.39792	49.9869
5.39807	50.0073
5.39826	50.0273
5.39838	50.0473
5.39848	50.0673
5.40293	50.0873
5.40501	50.1073
5.40528	50.1273
5.40785	50.1473
5.40794	50.1673
5.40813	50.1873
5.40851	50.2073
5.40868	50.2273
5.41442	50.2473
5.4145	50.2673
5.41468	50.2873
5.41492	50.3073
5.4184	50.3273
5.41847	50.3473
5.41882	50.3673
5.41888	50.3873
5.42264	50.4073
5.42471	50.4273
5.42481	50.4473
5.43039	50.4673
5.43057	50.4873
5.43082	50.5073
5.43268	50.5273
5.43289	50.5473
5.433	50.5673
5.43801	50.5873
5.43819	50.6073
5.43824	50.6273
5.43834	50.6473
5.43846	50.6673
5.43856	50.6873
5.43869	50.7073
5.4438	50.7273
5.44607	50.7473
5.44632	50.7673
5.44956	50.7873
5.44973	50.8073
5.45021	50.8273
5.45365	50.8473
5.45378	50.8673
5.45412	50.8873
5.45426	50.9073
5.45443	50.9273
5.45916	50.9473
5.45924	50.9673
5.45952	50.9873
5.45974	51.0073
5.46006	51.0269
5.4659	51.0465
5.46662	51.0661
5.47046	51.0857
5.47056	51.1053
5.47067	51.1249
5.47092	51.1445
5.47129	51.1641
5.47136	51.1837
5.4714	51.2034
5.47706	51.223
5.47814	51.2426
5.47838	51.2622
5.48124	51.2818
5.48137	51.3014
5.48149	51.321
5.48166	51.3406
5.48666	51.3602
5.48722	51.3798
5.48743	51.3994
5.48763	51.419
5.48783	51.4386
5.48802	51.4583
5.49328	51.4779
5.49484	51.4975
5.4951	51.5171
5.49527	51.5367
5.49883	51.5563
5.49914	51.5759
5.4995	51.5955
5.50005	51.6151
5.50446	51.6347
5.5045	51.6543
5.50455	51.6739
5.50462	51.6935
5.51206	51.7132
5.5153	51.7328
5.51536	51.7524
5.51547	51.772
5.51564	51.7916
5.51576	51.8112
5.51593	51.8308
5.52105	51.8504
5.52118	51.87
5.52144	51.8896
5.52162	51.9092
5.52171	51.9288
5.52731	51.9484
5.52751	51.9681
5.5278	51.9877
5.52822	52.0073
5.52845	52.0265
5.52877	52.0457
5.53185	52.065
5.5319	52.0842
5.53193	52.1034
5.53223	52.1227
5.53237	52.1419
5.53249	52.1611
5.53745	52.1803
5.53747	52.1996
5.54373	52.2188
5.54401	52.238
5.54423	52.2573
5.54446	52.2765
5.54458	52.2957
5.54481	52.315
5.5451	52.3342
5.55496	52.3534
5.55509	52.3727
5.5552	52.3919
5.55919	52.4111
5.55926	52.4303
5.55949	52.4496
5.55961	52.4688
5.55982	52.488
5.56036	52.5073
5.56053	52.5265
5.56464	52.5457
5.56472	52.565
5.56534	52.5842
5.56544	52.6034
5.56558	52.6227
5.56561	52.6419
5.57013	52.6611
5.57018	52.6803
5.57741	52.6996
5.57759	52.7188
5.57784	52.738
5.5801	52.7573
5.58018	52.7765
5.58027	52.7957
5.58286	52.815
5.59626	52.8342
5.59636	52.8534
5.59645	52.8727
5.60014	52.8919
5.60065	52.9111
5.60086	52.9303
5.6009	52.9496
5.60093	52.9688
5.601	52.988
5.60116	53.0073
5.60126	53.0261
5.60139	53.045
5.60617	53.0639
5.60782	53.0827
5.60788	53.1016
5.61048	53.1205
5.61051	53.1393
5.61147	53.1582
5.6178	53.1771
5.61791	53.196
5.61984	53.2148
5.61989	53.2337
5.61992	53.2526
5.61995	53.2714
5.62258	53.2903
5.624	53.3092
5.62419	53.328
5.62433	53.3469
5.62606	53.3658
5.62614	53.3846
5.62627	53.4035
5.63091	53.4224
5.63109	53.4412
5.63134	53.4601
5.63162	53.479
5.63206	53.4978
5.63577	53.5167
5.64094	53.5356
5.64637	53.5544
5.6469	53.5733
5.64825	53.5922
5.64847	53.611
5.64873	53.6299
5.64904	53.6488
5.64933	53.6676
5.65414	53.6865
5.6544	53.7054
5.65471	53.7243
5.65491	53.7431
5.65521	53.762
5.65543	53.7809
5.65867	53.7997
5.6624	53.8186
5.66556	53.8375
5.66719	53.8563
5.66733	53.8752
5.66779	53.8941
5.66781	53.9129
5.67274	53.9318
5.67298	53.9507
5.67328	53.9695
5.67355	53.9884
5.67396	54.0073
5.67729	54.0258
5.67737	54.0443
5.67744	54.0628
5.67913	54.0813
5.67922	54.0999
5.67944	54.1184
5.68311	54.1369
5.68362	54.1554
5.68367	54.1739
5.68863	54.1925
5.68873	54.211
5.68881	54.2295
5.68906	54.248
5.68918	54.2665
5.68932	54.285
5.69509	54.3036
5.69536	54.3221
5.69564	54.3406
5.69583	54.3591
5.69612	54.3776
5.69631	54.3962
5.69853	54.4147
5.69982	54.4332
5.6999	54.4517
5.70002	54.4702
5.70022	54.4888
5.70037	54.5073
5.7073	54.5258
5.70752	54.5443
5.70773	54.5628
5.70785	54.5813
5.70791	54.5999
5.7131	54.6184
5.71323	54.6369
5.71339	54.6554
5.71347	54.6739
5.71875	54.6925
5.72368	54.711
5.72374	54.7295
5.72382	54.748
5.72397	54.7665
5.7241	54.785
5.72422	54.8036
5.72431	54.8221
5.73186	54.8406
5.73254	54.8591
5.74031	54.8776
5.74138	54.8962
5.74211	54.9147
5.74276	54.9332
5.74305	54.9517
5.74323	54.9702
5.74353	54.9888
5.74394	55.0073
5.74438	55.0255
5.7446	55.0436
5.74486	55.0618
5.74526	55.08
5.74549	55.0982
5.74564	55.1164
5.74623	55.1345
5.75131	55.1527
5.75602	55.1709
5.76189	55.1891
5.76197	55.2073
5.76209	55.2255
5.76236	55.2436
5.76241	55.2618
5.76551	55.28
5.76558	55.2982
5.76561	55.3164
5.76564	55.3345
5.76567	55.3527
5.7657	55.3709
5.76597	55.3891
5.77233	55.4073
5.77418	55.4255
5.77431	55.4436
5.77453	55.4618
5.7773	55.48
5.77765	55.4982
5.77827	55.5164
5.77895	55.5345
5.7798	55.5527
5.78092	55.5709
5.78317	55.5891
5.78328	55.6073
5.78557	55.6255
5.78575	55.6436
5.78602	55.6618
5.78609	55.68
5.78625	55.6982
5.79078	55.7164
5.79103	55.7345
5.79108	55.7527
5.79628	55.7709
5.79651	55.7891
5.79707	55.8073
5.79764	55.8255
5.79779	55.8436
5.80273	55.8618
5.80309	55.88
5.80336	55.8982
5.80403	55.9164
5.80703	55.9345
5.80709	55.9527
5.80712	55.9709
5.80734	55.9891
5.80754	56.0073
5.80939	56.0251
5.80968	56.043
5.80974	56.0608
5.80987	56.0787
5.81534	56.0966
5.81544	56.1144
5.81569	56.1323
5.81575	56.1501
5.82023	56.168
5.82505	56.1858
5.82528	56.2037
5.82985	56.2216
5.83001	56.2394
5.83019	56.2573
5.83055	56.2751
5.83067	56.293
5.83078	56.3108
5.83483	56.3287
5.83678	56.3466
5.83682	56.3644
5.83695	56.3823
5.83709	56.4001
5.8441	56.418
5.84417	56.4358
5.84441	56.4537
5.84771	56.4716
5.84776	56.4894
5.84787	56.5073
5.84802	56.5251
5.84807	56.543
5.84822	56.5608
5.84849	56.5787
5.85457	56.5966
5.85522	56.6144
5.85563	56.6323
5.85626	56.6501
5.85643	56.668
5.85656	56.6858
5.85846	56.7037
5.86104	56.7216
5.8613	56.7394
5.86194	56.7573
5.86309	56.7751
5.8633	56.793
5.86434	56.8108
5.86448	56.8287
5.86587	56.8466
5.86592	56.8644
5.86596	56.8823
5.86619	56.9001
5.86639	56.918
5.87292	56.9358
5.87305	56.9537
5.87311	56.9716
5.87747	56.9894
5.8818	57.0073
5.88229	57.0248
5.8828	57.0424
5.88317	57.0599
5.88328	57.0774
5.88348	57.095
5.88367	57.1125
5.88664	57.1301
5.88677	57.1476
5.89354	57.1652
5.89403	57.1827
5.89468	57.2003
5.90003	57.2178
5.90013	57.2353
5.90053	57.2529
5.9014	57.2704
5.90176	57.288
5.90208	57.3055
5.90225	57.3231
5.90244	57.3406
5.90553	57.3581
5.90646	57.3757
5.90705	57.3932
5.91615	57.4108
5.91658	57.4283
5.91694	57.4459
5.91719	57.4634
5.91777	57.481
5.91967	57.4985
5.92146	57.516
5.92358	57.5336
5.92401	57.5511
5.92707	57.5687
5.92724	57.5862
5.92752	57.6038
5.92803	57.6213
5.92904	57.6389
5.92931	57.6564
5.93024	57.6739
5.93046	57.6915
5.93077	57.709
5.93113	57.7266
5.93134	57.7441
5.93148	57.7617
5.93158	57.7792
5.93663	57.7967
5.93669	57.8143
5.93686	57.8318
5.93707	57.8494
5.93728	57.8669
5.93746	57.8845
5.94063	57.902
5.94081	57.9196
5.94097	57.9371
5.94143	57.9546
5.94173	57.9722
5.94478	57.9897
5.94485	58.0073
5.94618	58.0245
5.94625	58.0418
5.94839	58.059
5.9485	58.0762
5.94861	58.0935
5.94879	58.1107
5.94894	58.128
5.9536	58.1452
5.95386	58.1624
5.95547	58.1797
5.9556	58.1969
5.95847	58.2142
5.95856	58.2314
5.96316	58.2487
5.96331	58.2659
5.96356	58.2831
5.96367	58.3004
5.96389	58.3176
5.96927	58.3349
5.96956	58.3521
5.96974	58.3693
5.97192	58.3866
5.97658	58.4038
5.98175	58.4211
5.9825	58.4383
5.98276	58.4555
5.98294	58.4728
5.98306	58.49
5.98793	58.5073
5.98799	58.5245
5.98873	58.5418
5.98879	58.559
5.99323	58.5762
5.99329	58.5935
5.99339	58.6107
5.99357	58.628
5.99369	58.6452
5.99805	58.6624
5.9994	58.6797
5.99966	58.6969
5.99975	58.7142
5.99978	58.7314
5.9998	58.7487
6.00565	58.7659
6.00576	58.7831
6.00634	58.8004
6.0065	58.8176
6.00691	58.8349
6.01042	58.8521
6.01046	58.8693
6.01057	58.8866
6.01272	58.9038
6.01282	58.9211
6.01292	58.9383
6.01306	58.9555
6.01321	58.9728
6.01333	58.99
6.01343	59.0073
6.01884	59.0242
6.0195	59.0412
6.01969	59.0581
6.01992	59.0751
6.02008	59.092
6.02035	59.109
6.02048	59.1259
6.02464	59.1429
6.02471	59.1598
6.02475	59.1768
6.02479	59.1937
6.02493	59.2107
6.02507	59.2276
6.02526	59.2446
6.0298	59.2615
6.03054	59.2785
6.03071	59.2954
6.03093	59.3124
6.03324	59.3293
6.0333	59.3463
6.03681	59.3632
6.03699	59.3802
6.0371	59.3971
6.04331	59.4141
6.04365	59.431
6.04389	59.4479
6.04839	59.4649
6.05308	59.4818
6.05694	59.4988
6.05715	59.5157
6.05722	59.5327
6.0573	59.5496
6.06059	59.5666
6.06079	59.5835
6.06087	59.6005
6.06103	59.6174
6.06118	59.6344
6.06568	59.6513
6.06581	59.6683
6.07014	59.6852
6.07388	59.7022
6.07396	59.7191
6.07424	59.7361
6.07908	59.753
6.0794	59.77
6.07975	59.7869
6.08002	59.8039
6.08035	59.8208
6.08059	59.8378
6.08248	59.8547
6.08263	59.8717
6.08275	59.8886
6.08295	59.9056
6.08313	59.9225
6.08327	59.9395
6.08736	59.9564
6.08739	59.9734
6.09028	59.9903
6.09033	60.0073
6.09039	60.0239
6.09043	60.0406
6.09046	60.0573
6.09055	60.0739
6.09074	60.0906
6.09725	60.1073
6.09896	60.1239
6.09926	60.1406
6.1016	60.1573
6.10203	60.1739
6.10247	60.1906
6.10276	60.2073
6.1074	60.2239
6.10864	60.2406
6.11417	60.2573
6.11432	60.2739
6.11456	60.2906
6.11462	60.3073
6.11472	60.3239
6.11486	60.3406
6.11945	60.3573
6.11965	60.3739
6.12007	60.3906
6.12492	60.4073
6.125	60.4239
6.12508	60.4406
6.13081	60.4573
6.13126	60.4739
6.13691	60.4906
6.13736	60.5073
6.13767	60.5239
6.13785	60.5406
6.13814	60.5573
6.13905	60.5739
6.14132	60.5906
6.14138	60.6073
6.14146	60.6239
6.14706	60.6406
6.14724	60.6573
6.14741	60.6739
6.14753	60.6906
6.14761	60.7073
6.14771	60.7239
6.1539	60.7406
6.15403	60.7573
6.15428	60.7739
6.15452	60.7906
6.15783	60.8073
6.15788	60.8239
6.15796	60.8406
6.15801	60.8573
6.15821	60.8739
6.15825	60.8906
6.15832	60.9073
6.16413	60.9239
6.16808	60.9406
6.17257	60.9573
6.17274	60.9739
6.17287	60.9906
6.17544	61.0073
6.17552	61.0237
6.17568	61.0401
6.17804	61.0565
6.1782	61.0728
6.17856	61.0892
6.17885	61.1056
6.17907	61.122
6.18178	61.1384
6.18182	61.1548
6.18324	61.1712
6.18341	61.1876
6.18624	61.204
6.19242	61.2204
6.19251	61.2368
6.19275	61.2532
6.19291	61.2696
6.19841	61.286
6.19848	61.3024
6.19873	61.3187
6.20412	61.3351
6.20591	61.3515
6.2064	61.3679
6.20659	61.3843
6.20678	61.4007
6.20706	61.4171
6.21141	61.4335
6.21155	61.4499
6.21725	61.4663
6.21821	61.4827
6.21833	61.4991
6.21839	61.5155
6.21854	61.5319
6.21865	61.5483
6.21875	61.5646
6.2189	61.581
6.21899	61.5974
6.22434	61.6138
6.22924	61.6302
6.22943	61.6466
6.2296	61.663
6.22977	61.6794
6.22991	61.6958
6.23399	61.7122
6.23409	61.7286
6.23419	61.745
6.23935	61.7614
6.23959	61.7778
6.23987	61.7942
6.24139	61.8106
6.24182	61.8269
6.24201	61.8433
6.24219	61.8597
6.24233	61.8761
6.24248	61.8925
6.25488	61.9089
6.25499	61.9253
6.25515	61.9417
6.26086	61.9581
6.26111	61.9745
6.26456	61.9909
6.26921	62.0073
6.2693	62.0234
6.2694	62.0395
6.26969	62.0557
6.26992	62.0718
6.27427	62.0879
6.27433	62.104
6.27988	62.1202
6.27995	62.1363
6.28016	62.1524
6.28023	62.1686
6.28034	62.1847
6.28058	62.2008
6.28816	62.2169
6.28858	62.2331
6.28895	62.2492
6.29274	62.2653
6.29287	62.2815
6.29293	62.2976
6.29314	62.3137
6.29338	62.3299
6.29372	62.346
6.29915	62.3621
6.29936	62.3782
6.29959	62.3944
6.29975	62.4105
6.30005	62.4266
6.30026	62.4428
6.30913	62.4589
6.30919	62.475
6.30923	62.4911
6.30926	62.5073
6.30957	62.5234
6.30962	62.5395
6.30966	62.5557
6.31524	62.5718
6.31554	62.5879
6.32021	62.604
6.32031	62.6202
6.32043	62.6363
6.32689	62.6524
6.32703	62.6686
6.32719	62.6847
6.32746	62.7008
6.32764	62.7169
6.33101	62.7331
6.33109	62.7492
6.33311	62.7653
6.33316	62.7815
6.33318	62.7976
6.33319	62.8137
6.33698	62.8299
6.33712	62.846
6.33736	62.8621
6.3375	62.8782
6.34236	62.8944
6.34251	62.9105
6.34268	62.9266
6.35355	62.9428
6.35367	62.9589
6.35398	62.975
6.35839	62.9911
6.35842	63.0073
6.35853	63.0231
6.36448	63.039
6.36478	63.0549
6.36521	63.0708
6.36563	63.0866
6.36938	63.1025
6.36949	63.1184
6.36957	63.1343
6.36975	63.1501
6.37027	63.166
6.37561	63.1819
6.3758	63.1977
6.38062	63.2136
6.38078	63.2295
6.38093	63.2454
6.38106	63.2612
6.38117	63.2771
6.39145	63.293
6.39155	63.3089
6.3916	63.3247
6.39182	63.3406
6.39196	63.3565
6.3921	63.3724
6.39224	63.3882
6.40299	31.6941
6.40305	31.7264
6.40332	31.7586
6.40798	31.7909
6.4082	31.8231
6.41329	31.8554
6.41336	31.8877
6.41345	31.9199
6.4135	31.9522
6.41358	31.9844
6.41362	32.0167
6.41371	32.0479
6.41376	32.0792
6.42604	32.1104
6.42618	32.1417
6.42646	32.1729
6.43112	32.2042
6.43121	32.2354
6.43148	32.2667
6.4316	32.2979
6.43189	32.3292
6.43609	32.3604
6.43625	32.3917
6.43637	32.4229
6.43646	32.4542
6.43654	32.4854
6.44145	32.5167
6.44152	32.5479
6.4416	32.5792
6.44187	32.6104
6.45366	32.6417
6.4537	32.6729
6.45387	32.7042
6.45456	32.7354
6.45478	32.7667
6.4551	32.7979
6.45813	32.8292
6.45824	32.8604
6.45831	32.8917
6.45846	32.9229
6.45858	32.9542
6.45869	32.9854
6.4588	33.0167
6.46444	33.047
6.46451	33.0773
6.46465	33.1076
6.48145	33.1379
6.48175	33.1682
6.48202	33.1985
6.48217	33.2288
6.48238	33.2591
6.48677	33.2894
6.49139	33.3197
6.4915	33.35
6.49223	33.3803
6.4923	33.4106
6.49724	33.4409
6.4975	33.4712
6.49772	33.5015
6.49831	33.5318
6.49848	33.5621
6.50221	33.5925
6.5023	33.6228
6.50814	33.6531
6.53077	33.6834
6.53145	33.7137
6.53756	33.744
6.53772	33.7743
6.53832	33.8046
6.54177	33.8349
6.54182	33.8652
6.54199	33.8955
6.5489	33.9258
6.54901	33.9561
6.54922	33.9864
6.54953	34.0167
6.55037	34.0461
6.551	34.0755
6.55139	34.1049
6.5754	34.1343
6.57546	34.1638
6.57553	34.1932
6.57999	34.2226
6.58013	34.252
6.58047	34.2814
6.58084	34.3108
6.58111	34.3402
6.58122	17.1701
6.5813	17.2289
6.58151	17.2878
6.58612	17.3466
6.58631	17.4054
6.58653	17.4642
6.58667	17.5231
6.58747	17.5819
6.59099	17.6407
6.59104	17.6995
6.6036	17.7583
6.60387	17.8172
6.60416	17.876
6.6043	17.9348
6.60447	17.9936
6.62369	18.0525
6.62532	18.108
6.62536	18.1636
6.62544	18.2191
6.62557	18.2747
6.62569	18.3302
6.62579	18.3858
6.62599	18.4414
6.62621	18.4969
6.63297	18.5525
6.63309	18.608
6.64923	18.6636
6.65358	18.7191
6.65363	18.7747
6.65388	18.8302
6.65437	18.8858
6.65457	18.9414
6.65528	18.9969
6.65564	19.0525
6.68132	19.1051
6.68141	19.1577
6.68151	19.2104
6.68177	19.263
6.68817	19.3156
6.68825	19.3683
6.68848	19.4209
6.68872	19.4735
6.69829	19.5261
6.71714	19.5788
6.71731	19.6314
6.71754	19.684
6.72294	19.7367
6.72308	19.7893
6.72333	19.8419
6.72383	19.8946
6.72407	19.9472
6.72433	19.9998
6.72762	20.0525
6.73907	20.1025
6.74426	20.1525
6.74429	20.2025
6.7443	20.2525
6.75146	20.3025
6.75162	20.3525
6.75563	20.4025
6.75585	20.4525
6.76813	20.5025
6.77372	20.5525
6.77395	20.6025
6.7776	20.6525
6.77773	20.7025
6.77791	20.7525
6.77814	20.8025
6.79466	20.8525
6.79494	20.9025
6.79832	20.9525
6.79837	21.0025
6.79901	21.0501
6.80427	21.0977
6.80435	21.1453
6.80444	21.1929
6.80453	21.2406
6.81049	21.2882
6.81125	21.3358
6.81152	21.3834
6.81186	21.431
6.81716	21.4787
6.82063	21.5263
6.82089	21.5739
6.84254	21.6215
6.84533	21.6691
6.84915	21.7167
6.84929	21.7644
6.85035	21.812
6.85094	21.8596
6.85179	21.9072
6.85187	21.9548
6.8531	22.0025
6.85458	22.0479
6.85766	22.0934
6.85781	22.1388
6.85999	22.1843
6.86184	22.2297
6.86192	22.2752
6.86221	22.3206
6.86253	22.3661
6.86517	22.4116
6.87378	22.457
6.8739	22.5025
6.87405	22.5479
6.88173	22.5934
6.88572	22.6388
6.88581	22.6843
6.88593	22.7297
6.88608	22.7752
6.889	22.8206
6.88915	22.8661
6.89203	22.9116
6.89893	22.957
6.89908	23.0025
6.90271	23.0459
6.90278	23.0894
6.903	23.1329
6.90335	23.1764
6.90342	23.2199
6.9084	23.2633
6.909	23.3068
6.90908	23.3503
6.90972	23.3938
6.9142	23.4372
6.91453	23.4807
6.92661	23.5242
6.93922	23.5677
6.94259	23.6112
6.9427	23.6546
6.94276	23.6981
6.94976	23.7416
6.94986	23.7851
6.94999	23.8286
6.95017	23.872
6.95031	23.9155
6.95044	23.959
6.95057	24.0025
6.95521	24.0441
6.96003	24.0858
6.96055	24.1275
6.96065	24.1691
6.96656	24.2108
6.96712	24.2525
6.96738	24.2941
6.96761	24.3358
6.96774	24.3775
6.96785	24.4191
6.97219	24.4608
6.98847	24.5025
6.98856	24.5441
6.98866	24.5858
6.98903	24.6275
6.99216	24.6691
6.99448	24.7108
6.99706	24.7525
6.99717	24.7941
6.99729	24.8358
6.99993	24.8775
7.00001	24.9191
7.00014	24.9608
7.00522	25.0025
7.00532	25.0425
7.00582	25.0825
7.00751	25.1225
7.00759	25.1625
7.00783	25.2025
7.01006	25.2425
7.01023	25.2825
7.01041	25.3225
7.01083	25.3625
7.01102	25.4025
7.01518	25.4425
7.03014	25.4825
7.03031	25.5225
7.03057	25.5625
7.03069	25.6025
7.03078	25.6425
7.03582	25.6825
7.03605	25.7225
7.03622	25.7625
7.0363	25.8025
7.04162	25.8425
7.04225	25.8825
7.04232	25.9225
7.04826	25.9625
7.04864	26.0025
7.04913	26.0409
7.05319	26.0794
7.05322	26.1178
7.05366	26.1563
7.05828	26.1948
7.06276	26.2332
7.06321	26.2717
7.06506	26.3102
7.06517	26.3486
7.06522	26.3871
7.08143	26.4255
7.09306	26.464
7.09502	26.5025
7.0951	26.5409
7.09551	26.5794
7.09564	26.6178
7.10085	26.6563
7.10158	26.6948
7.10165	26.7332
7.10174	26.7717
7.10191	26.8102
7.10197	26.8486
7.10201	26.8871
7.10236	26.9255
7.10702	26.964
7.10714	27.0025
7.10724	27.0395
7.10742	27.0765
7.11165	27.1136
7.11197	27.1506
7.11223	27.1876
7.12744	27.2247
7.12762	27.2617
7.13368	27.2988
7.13381	27.3358
7.13391	27.3728
7.14123	27.4099
7.14716	27.4469
7.14728	27.4839
7.14742	27.521
7.15273	27.558
7.15282	27.5951
7.15323	27.6321
7.15346	27.6691
7.1536	27.7062
7.15835	27.7432
7.15843	27.7802
7.1586	27.8173
7.15897	27.8543
7.16445	27.8914
7.1649	27.9284
7.16509	27.9654
7.16795	28.0025
7.16804	28.0382
7.1684	28.0739
7.16862	28.1096
7.16869	28.1453
7.17362	28.181
7.1802	28.2167
7.18061	28.2525
7.18748	28.2882
7.18774	28.3239
7.19283	28.3596
7.1933	28.3953
7.19856	28.431
7.20618	28.4667
7.20658	28.5025
7.20693	28.5382
7.20711	28.5739
7.20741	28.6096
7.20994	28.6453
7.21004	28.681
7.21014	28.7167
7.21026	28.7525
7.21537	28.7882
7.21546	28.8239
7.22228	28.8596
7.22281	28.8953
7.22335	28.931
7.22398	28.9667
7.22757	29.0025
7.22763	29.0369
7.22775	29.0714
7.22794	29.1059
7.23316	29.1404
7.23808	29.1749
7.2382	29.2094
7.23829	29.2438
7.24555	29.2783
7.24584	29.3128
7.24974	29.3473
7.2499	29.3818
7.25077	29.4163
7.2557	29.4507
7.25822	29.4852
7.25856	29.5197
7.25884	29.5542
7.26257	29.5887
7.27283	29.6232
7.27295	29.6576
7.27321	29.6921
7.27382	29.7266
7.27754	29.7611
7.27768	29.7956
7.27784	29.8301
7.278	29.8645
7.27805	29.899
7.27825	29.9335
7.28296	29.968
7.28304	30.0025
7.29189	30.0358
7.29251	30.0691
7.2942	30.1025
7.30503	30.1358
7.30509	30.1691
7.30526	30.2025
7.30543	30.2358
7.30549	30.2691
7.31508	30.3025
7.31528	30.3358
7.3154	30.3691
7.31552	30.4025
7.31568	30.4358
7.31594	30.4691
7.32053	30.5025
7.32108	30.5358
7.32957	30.5691
7.33013	30.6025
7.33314	30.6358
7.33318	30.6691
7.3337	30.7025
7.33382	30.7358
7.33389	30.7691
7.33863	30.8025
7.33887	30.8358
7.33907	30.8691
7.33915	30.9025
7.33945	30.9358
7.34487	30.9691
7.34504	31.0025
7.34997	31.0347
7.35012	31.067
7.35021	31.0992
7.36142	31.1315
7.362	31.1638
7.36237	31.196
7.36583	31.2283
7.3723	31.2605
7.38316	31.2928
7.38391	31.325
7.38746	31.3573
7.38765	31.3896
7.38806	31.4218
7.38828	31.4541
7.38834	31.4863
7.39348	31.5186
7.39354	31.5509
7.39372	31.5831
7.39388	31.6154
7.39402	31.6476
7.39847	31.6799
7.39878	31.7121
7.39893	31.7444
7.39937	31.7767
7.40457	31.8089
7.40476	31.8412
7.40496	31.8734
7.4055	31.9057
7.40994	31.9379
7.41004	31.9702
7.41011	32.0025
7.41039	32.0337
7.41504	32.065
7.41578	32.0962
7.42633	32.1275
7.42651	32.1587
7.42697	32.19
7.42713	32.2212
7.44334	32.2525
7.44353	32.2837
7.45029	32.315
7.4547	32.3462
7.4551	32.3775
7.45945	32.4087
7.45954	32.44
7.45991	32.4712
7.46617	32.5025
7.46673	32.5337
7.46723	32.565
7.46828	32.5962
7.47084	32.6275
7.47095	32.6587
7.47109	32.69
7.47128	32.7212
7.47145	32.7525
7.47665	32.7837
7.47671	32.815
7.47674	32.8462
7.47676	32.8775
7.47682	32.9087
7.47709	32.94
7.48398	32.9712
7.48411	33.0025
7.48432	33.0328
7.48878	33.0631
7.48893	33.0934
7.49454	33.1237
7.49472	33.154
7.495	33.1843
7.49933	33.2146
7.50986	33.2449
7.51	33.2752
7.51011	33.3055
7.51312	33.3358
7.51425	33.3661
7.51438	33.3964
7.51894	33.4267
7.52432	33.457
7.52982	33.4873
7.52991	33.5176
7.53006	33.5479
7.53058	33.5782
7.53071	33.6085
7.53551	33.6388
7.5356	33.6691
7.53573	33.6994
7.53593	33.7297
7.53608	33.76
7.53621	33.7903
7.54138	33.8206
7.54143	33.8509
7.54171	33.8813
7.54203	33.9116
7.54267	33.9419
7.54294	33.9722
7.54655	34.0025
7.54679	34.0319
7.54713	34.0613
7.54729	34.0907
7.55207	34.1201
7.55224	34.1495
7.55239	34.1789
7.5563	34.2083
7.56488	34.2378
7.56509	34.2672
7.56546	34.2966
7.56862	34.326
7.56882	34.3554
7.57133	34.3848
7.58003	34.4142
7.58039	34.4436
7.58047	34.4731
7.58064	34.5025
7.5808	34.5319
7.58596	34.5613
7.58602	34.5907
7.58618	34.6201
7.58633	34.6495
7.58645	34.6789
7.5911	34.7083
7.59142	34.7378
7.59157	34.7672
7.59625	34.7966
7.59658	34.826
7.5971	34.8554
7.59761	34.8848
7.60092	34.9142
7.60108	34.9436
7.6095	34.9731
7.61027	35.0025
7.61041	35.031
7.61366	35.0596
7.61377	35.0882
7.61428	35.1167
7.61449	35.1453
7.61463	35.1739
7.61629	35.2025
7.61645	35.231
7.61648	35.2596
7.61654	35.2882
7.61667	35.3167
7.6168	35.3453
7.63191	35.3739
7.63614	35.4025
7.63636	35.431
7.63769	35.4596
7.63793	35.4882
7.63811	35.5167
7.63826	35.5453
7.63838	35.5739
7.64308	35.6025
7.64311	35.631
7.64319	35.6596
7.65372	35.6882
7.65743	35.7167
7.65757	35.7453
7.65828	35.7739
7.65838	35.8025
7.65853	35.831
7.66287	35.8596
7.66408	35.8882
7.66439	35.9167
7.67459	35.9453
7.67473	35.9739
7.6763	36.0025
7.67651	36.0302
7.67668	36.058
7.68037	36.0858
7.68063	36.1136
7.6807	36.1414
7.68076	36.1691
7.68628	36.1969
7.68675	36.2247
7.68699	36.2525
7.68729	36.2802
7.68752	36.308
7.6878	36.3358
7.69629	36.3636
7.69682	36.3914
7.69846	36.4191
7.6989	36.4469
7.70142	36.4747
7.70156	36.5025
7.70168	36.5302
7.70181	36.558
7.70193	36.5858
7.70202	36.6136
7.70763	36.6414
7.71675	36.6691
7.71682	36.6969
7.71714	36.7247
7.71756	36.7525
7.72209	36.7802
7.72217	36.808
7.72243	36.8358
7.72713	36.8636
7.72837	36.8914
7.73273	36.9191
7.73278	36.9469
7.73293	36.9747
7.7331	37.0025
7.73317	37.0295
7.7391	37.0565
7.73928	37.0835
7.73948	37.1106
7.7439	37.1376
7.74466	37.1646
7.74504	37.1917
7.74882	37.2187
7.7495	37.2457
7.75577	37.2727
7.75582	37.2998
7.75851	37.3268
7.75871	37.3538
7.76068	37.3808
7.7614	37.4079
7.76147	37.4349
7.76769	37.4619
7.76855	37.489
7.77054	37.516
7.77064	37.543
7.77075	37.57
7.77261	37.5971
7.77279	37.6241
7.77284	37.6511
7.77287	37.6781
7.77298	37.7052
7.77314	37.7322
7.77723	37.7592
7.77734	37.7862
7.77812	37.8133
7.78396	37.8403
7.78412	37.8673
7.79067	37.8944
7.79076	37.9214
7.79088	37.9484
7.79105	37.9754
7.79115	38.0025
7.79615	38.0288
7.80274	38.0551
7.80279	38.0814
7.80289	38.1077
7.80846	38.134
7.80857	38.1604
7.81295	38.1867
7.81791	38.213
7.81808	38.2393
7.81845	38.2656
7.81863	38.2919
7.82508	38.3183
7.8253	38.3446
7.82565	38.3709
7.82758	38.3972
7.82823	38.4235
7.82839	38.4498
7.8285	38.4761
7.83053	38.5025
7.83058	38.5288
7.83067	38.5551
7.83083	38.5814
7.83095	38.6077
7.83118	38.634
7.83624	38.6604
7.8363	38.6867
7.83661	38.713
7.83676	38.7393
7.83687	38.7656
7.83705	38.7919
7.84754	38.8183
7.84785	38.8446
7.84798	38.8709
7.85029	38.8972
7.85382	38.9235
7.854	38.9498
7.85433	38.9761
7.85446	39.0025
7.85471	39.0281
7.8576	39.0537
7.85765	39.0794
7.85781	39.105
7.86284	39.1307
7.86442	39.1563
7.86446	39.182
7.86449	39.2076
7.86452	39.2332
7.86455	39.2589
7.86949	39.2845
7.87478	39.3102
7.8749	39.3358
7.87497	39.3614
7.87963	39.3871
7.88158	39.4127
7.88172	39.4384
7.88187	39.464
7.88192	39.4896
7.88696	39.5153
7.88705	39.5409
7.88723	39.5666
7.88743	39.5922
7.89349	39.6178
7.90388	39.6435
7.90401	39.6691
7.9099	39.6948
7.91069	39.7204
7.91332	39.7461
7.91375	39.7717
7.91395	39.7973
7.91461	39.823
7.91862	39.8486
7.91932	39.8743
7.91951	39.8999
7.92025	39.9255
7.92349	39.9512
7.92357	39.9768
7.92367	40.0025
7.92403	40.0275
7.92413	40.0525
7.92974	40.0775
7.94006	40.1025
7.94649	40.1275
7.94692	40.1525
7.94708	40.1775
7.94738	40.2025
7.94765	40.2275
7.95099	40.2525
7.95104	40.2775
7.95107	40.3025
7.95114	40.3275
7.9516	40.3525
7.96237	40.3775
7.96254	40.4025
7.96795	40.4275
7.9683	40.4525
7.96856	40.4775
7.97449	40.5025
7.97493	40.5275
7.97543	40.5525
7.97593	40.5775
7.97614	40.6025
7.9795	40.6275
7.97956	40.6525
7.97977	40.6775
7.97991	40.7025
7.98004	40.7275
7.9854	40.7525
7.99101	40.7775
7.99122	40.8025
7.99149	40.8275
7.99172	40.8525
7.99616	40.8775
7.99627	40.9025
7.99638	40.9275
7.99648	40.9525
8.00183	40.9775
8.00207	41.0025
8.00235	41.0269
8.00313	41.0512
8.00332	41.0756
8.01783	41.1
8.01814	41.1244
8.01828	41.1488
8.024	41.1732
8.02419	41.1976
8.0244	41.222
8.02461	41.2464
8.02481	41.2708
8.02501	41.2951
8.02974	41.3195
8.03003	41.3439
8.03408	41.3683
8.03425	41.3927
8.03454	41.4171
8.03467	41.4415
8.03951	41.4659
8.0397	41.4903
8.04005	41.5147
8.04013	41.539
8.04604	41.5634
8.04623	41.5878
8.0471	41.6122
8.04733	41.6366
8.05056	41.661
8.05058	41.6854
8.05088	41.7098
8.05098	41.7342
8.05669	41.7586
8.06276	41.783
8.06316	41.8073
8.06343	41.8317
8.06694	41.8561
8.06699	41.8805
8.06707	41.9049
8.06733	41.9293
8.06737	41.9537
8.06744	41.9781
8.07263	42.0025
8.07355	42.0263
8.07858	42.0501
8.07907	42.0739
8.07931	42.0977
8.07956	42.1215
8.084	42.1453
8.09452	42.1691
8.0947	42.1929
8.09481	42.2167
8.09491	42.2406
8.09512	42.2644
8.09983	42.2882
8.09989	42.312
8.09997	42.3358
8.10021	42.3596
8.10036	42.3834
8.10369	42.4072
8.10377	42.431
8.10411	42.4548
8.10419	42.4787
8.10424	42.5025
8.10987	42.5263
8.11134	42.5501
8.11137	42.5739
8.11158	42.5977
8.11238	42.6215
8.11678	42.6453
8.11692	42.6691
8.11701	42.6929
8.11712	42.7167
8.12258	42.7406
8.13338	42.7644
8.13344	42.7882
8.13354	42.812
8.13376	42.8358
8.13969	42.8596
8.13979	42.8834
8.14003	42.9072
8.14421	42.931
8.14428	42.9548
8.14453	42.9787
8.14476	43.0025
8.15089	43.0257
8.16675	43.049
8.16685	43.0722
8.172	43.0955
8.17215	43.1187
8.17266	43.142
8.17699	43.1653
8.17704	43.1885
8.17707	43.2118
8.1771	43.235
8.17712	43.2583
8.17723	43.2815
8.17741	43.3048
8.17755	43.328
8.18385	43.3513
8.18856	43.3746
8.18867	43.3978
8.1941	43.4211
8.19421	43.4443
8.19427	43.4676
8.19459	43.4908
8.19875	43.5141
8.19881	43.5373
8.20543	43.5606
8.20593	43.5839
8.20623	43.6071
8.20632	43.6304
8.21068	43.6536
8.21085	43.6769
8.21107	43.7001
8.21187	43.7234
8.21555	43.7467
8.21583	43.7699
8.21597	43.7932
8.21615	43.8164
8.22268	43.8397
8.22725	43.8629
8.22744	43.8862
8.22791	43.9094
8.22812	43.9327
8.22879	43.956
8.22894	43.9792
8.23214	44.0025
8.2322	44.0252
8.23223	44.0479
8.23226	44.0706
8.24021	44.0934
8.2433	44.1161
8.24339	44.1388
8.2435	44.1616
8.24368	44.1843
8.24892	44.207
8.24903	44.2297
8.24931	44.2525
8.24972	44.2752
8.25724	44.2979
8.2575	44.3206
8.25854	44.3434
8.26071	44.3661
8.2609	44.3888
8.26113	44.4116
8.26591	44.4343
8.26614	44.457
8.26713	44.4797
8.27101	44.5025
8.27127	44.5252
8.27176	44.5479
8.27187	44.5706
8.27195	44.5934
8.27655	44.6161
8.2768	44.6388
8.27701	44.6616
8.27712	44.6843
8.27729	44.707
8.28218	44.7297
8.28224	44.7525
8.28227	44.7752
8.28279	44.7979
8.29912	44.8206
8.29925	44.8434
8.30433	44.8661
8.30451	44.8888
8.30471	44.9116
8.30481	44.9343
8.30485	44.957
8.3104	44.9797
8.31089	45.0025
8.31146	45.0247
8.31164	45.0469
8.31562	45.0691
8.32151	45.0914
8.32172	45.1136
8.322	45.1358
8.32221	45.158
8.32253	45.1802
8.32276	45.2025
8.32303	45.2247
8.32706	45.2469
8.3274	45.2691
8.34363	45.2914
8.34397	45.3136
8.34411	45.3358
8.34426	45.358
8.34441	45.3802
8.34933	45.4025
8.34972	45.4247
8.34987	45.4469
8.35022	45.4691
8.35068	45.4914
8.35093	45.5136
8.35443	45.5358
8.35449	45.558
8.35458	45.5802
8.35472	45.6025
8.35483	45.6247
8.35494	45.6469
8.35505	45.6691
8.35993	45.6914
8.36023	45.7136
8.36033	45.7358
8.36044	22.8679
8.36067	22.9134
8.36557	22.9588
8.36611	23.0043
8.3825	23.0477
8.38263	23.0912
8.38272	23.1347
8.3874	23.1782
8.38769	23.2217
8.38807	23.2651
8.38814	23.3086
8.38824	23.3521
8.38835	23.3956
8.39389	23.439
8.39398	23.4825
8.39425	23.526
8.39436	23.5695
8.39456	23.613
8.39473	23.6564
8.39941	23.6999
8.40423	23.7434
8.40426	23.7869
8.40435	23.8303
8.40443	23.8738
8.42109	23.9173
8.42126	23.9608
8.42135	24.0043
8.4214	24.0459
8.42161	24.0876
8.4281	24.1293
8.42826	24.1709
8.42848	24.2126
8.43206	24.2543
8.43218	24.2959
8.43227	24.3376
8.43246	24.3793
8.4327	24.4209
8.43277	24.4626
8.43785	24.5043
8.43803	24.5459
8.43832	24.5876
8.43846	24.6293
8.43873	24.6709
8.43891	24.7126
8.44846	24.7543
8.46749	24.7959
8.46786	24.8376
8.50151	24.8793
8.50162	24.9209
8.50169	24.9626
8.50183	25.0043
8.50748	25.0443
8.50799	25.0843
8.50872	25.1243
8.50898	25.1643
8.50929	25.2043
8.50949	25.2443
8.5098	25.2843
8.51002	25.3243
8.51258	25.3643
8.51261	25.4043
8.51267	25.4443
8.52585	25.4843
8.52608	25.5243
8.52637	25.5643
8.52959	25.6043
8.52964	25.6443
8.52973	25.6843
8.52986	25.7243
8.53008	25.7643
8.53019	25.8043
8.54147	25.8443
8.54161	25.8843
8.54183	25.9243
8.54492	25.9643
8.54502	26.0043
8.54752	26.0427
8.54865	26.0812
8.54892	26.1196
8.5492	26.1581
8.55242	26.1966
8.55247	26.235
8.55255	26.2735
8.55789	26.312
8.55798	26.3504
8.55807	26.3889
8.55826	26.4273
8.56189	26.4658
8.56211	26.5043
8.56239	26.5427
8.56254	26.5812
8.56278	26.6196
8.56653	26.6581
8.56731	26.6966
8.56753	26.735
8.56779	26.7735
8.56799	26.812
8.56825	26.8504
8.56847	26.8889
8.5722	26.9273
8.57233	26.9658
8.57248	27.0043
8.57258	27.0413
8.57809	27.0783
8.57819	27.1154
8.57826	27.1524
8.57832	27.1894
8.57861	27.2265
8.58295	27.2635
8.59649	27.3006
8.59681	27.3376
8.59861	27.3746
8.5991	27.4117
8.60044	27.4487
8.60088	27.4857
8.60111	27.5228
8.60337	27.5598
8.60509	27.5969
8.61389	27.6339
8.61581	27.6709
8.61655	27.708
8.61658	27.745
8.61806	27.782
8.62102	27.8191
8.62111	27.8561
8.6242	27.8932
8.62569	27.9302
8.62581	27.9672
8.62584	28.0043
8.62597	28.04
8.62785	28.0757
8.62792	28.1114
8.62815	28.1471
8.63362	28.1828
8.63365	28.2185
8.64073	28.2543
8.65046	28.29
8.65056	28.3257
8.65249	28.3614
8.65252	28.3971
8.65268	28.4328
8.65273	28.4685
8.65556	28.5043
8.6611	28.54
8.66296	28.5757
8.66933	28.6114
8.6694	28.6471
8.67097	28.6828
8.67359	28.7185
8.67366	28.7543
8.67375	28.79
8.67643	28.8257
8.67649	28.8614
8.67657	28.8971
8.67671	28.9328
8.67704	28.9685
8.67709	29.0043
8.67713	29.0387
8.68304	29.0732
8.68354	29.1077
8.68388	29.1422
8.68406	29.1767
8.6843	29.2112
8.68759	29.2456
8.69366	29.2801
8.69409	29.3146
8.6946	29.3491
8.69479	29.3836
8.69873	29.4181
8.69879	29.4525
8.70266	29.487
8.71392	29.5215
8.72535	29.556
8.72564	29.5905
8.73044	29.625
8.73074	29.6594
8.73088	29.6939
8.73447	29.7284
8.73459	29.7629
8.73472	29.7974
8.7349	29.8318
8.73501	29.8663
8.73514	29.9008
8.74045	29.9353
8.74097	29.9698
8.74111	30.0043
8.74131	30.0376
8.74402	30.0709
8.74409	30.1043
8.74423	30.1376
8.74444	30.1709
8.74937	30.2043
8.74941	30.2376
8.74959	30.2709
8.74982	30.3043
8.75	30.3376
8.75031	30.3709
8.75048	30.4043
8.75078	30.4376
8.75459	30.4709
8.76888	30.5043
8.76892	30.5376
8.76918	30.5709
8.77111	30.6043
8.77114	30.6376
8.77122	30.6709
8.77548	30.7043
8.77783	30.7376
8.77791	30.7709
8.77798	30.8043
8.77815	30.8376
8.7783	30.8709
8.78601	30.9043
8.78612	30.9376
8.78622	30.9709
8.79115	31.0043
8.79122	31.0365
8.79331	31.0688
8.79876	31.101
8.79885	31.1333
8.79896	31.1656
8.80873	31.1978
8.80929	31.2301
8.80955	31.2623
8.80978	31.2946
8.80998	31.3268
8.81029	31.3591
8.81418	31.3914
8.81423	31.4236
8.81631	31.4559
8.83108	31.4881
8.83166	31.5204
8.83259	31.5526
8.83395	31.5849
8.83407	31.6172
8.83564	31.6494
8.83752	31.6817
8.8394	31.7139
8.841	31.7462
8.84103	31.7785
8.84175	31.8107
8.84185	31.843
8.84216	31.8752
8.84229	31.9075
8.84756	31.9397
8.85072	31.972
8.8508	32.0043
8.85104	32.0355
8.85129	32.0668
8.85509	32.098
8.85517	32.1293
8.86048	32.1605
8.86658	32.1918
8.86671	32.223
8.86704	32.2543
8.86712	32.2855
8.87554	32.3168
8.87582	32.348
8.87593	32.3793
8.87607	32.4105
8.88124	32.4418
8.88821	32.473
8.88824	32.5043
8.88832	32.5355
8.88845	32.5668
8.88857	32.598
8.8887	32.6293
8.89372	32.6605
8.89384	32.6918
8.8945	32.723
8.89459	32.7543
8.89483	32.7855
8.89513	32.8168
8.89762	32.848
8.90156	32.8793
8.90858	32.9105
8.9088	32.9418
8.90908	32.973
8.90927	33.0043
8.91197	33.0346
8.91202	33.0649
8.91205	33.0952
8.9155	33.1255
8.92214	33.1558
8.92223	33.1861
8.92232	33.2164
8.92511	33.2467
8.92515	33.277
8.9259	33.3073
8.926	33.3376
8.93093	33.3679
8.93105	33.3982
8.93124	33.4285
8.94032	33.4588
8.94072	33.4891
8.94312	33.5194
8.94572	33.5497
8.94595	33.58
8.94625	33.6103
8.95162	33.6406
8.95187	33.6709
8.95653	33.7012
8.95751	33.7315
8.95792	33.7618
8.95802	33.7921
8.95821	33.8224
8.96662	33.8527
8.9667	33.8831
8.96707	33.9134
8.96716	33.9437
8.97165	33.974
8.97176	34.0043
8.97189	34.0337
8.97211	34.0631
8.97224	34.0925
8.97641	34.1219
8.97666	34.1513
8.97696	34.1807
8.97714	34.2101
8.97745	34.2396
8.9812	34.269
8.98149	34.2984
8.98162	34.3278
8.98513	34.3572
8.98562	34.3866
8.98765	34.416
8.99889	34.4454
8.999	34.4749
9.00282	34.5043
9.00419	34.5337
9.00427	34.5631
9.00431	34.5925
9.00943	34.6219
9.00953	34.6513
9.01421	34.6807
9.01889	34.7101
9.0194	34.7396
9.02549	34.769
9.02593	34.7984
9.0262	34.8278
9.02645	34.8572
9.02661	34.8866
9.02686	34.916
9.0273	34.9454
9.03123	34.9749
9.03129	35.0043
9.03137	35.0328
9.03154	35.0614
9.03166	35.09
9.03176	35.1185
9.03188	35.1471
9.03708	35.1757
9.03719	35.2043
9.03745	35.2328
9.04235	35.2614
9.04255	35.29
9.04595	35.3185
9.04602	35.3471
9.0461	35.3757
9.04628	35.4043
9.05198	35.4328
9.05215	35.4614
9.05242	35.49
9.05413	35.5185
9.05431	35.5471
9.05445	35.5757
9.05958	35.6043
9.05981	35.6328
9.06023	35.6614
9.06042	35.69
9.06458	35.7185
9.07484	35.7471
9.07517	35.7757
9.0753	35.8043
9.07538	35.8328
9.07551	35.8614
9.08321	35.89
9.08334	35.9185
9.0836	35.9471
9.08373	35.9757
9.08404	36.0043
9.08815	36.032
9.0882	36.0598
9.08823	36.0876
9.08826	36.1154
9.08829	36.1432
9.08845	36.1709
9.08861	36.1987
9.09428	36.2265
9.09589	36.2543
9.09636	36.282
9.0999	36.3098
9.10055	36.3376
9.10066	36.3654
9.10085	36.3932
9.10675	36.4209
9.10746	36.4487
9.10993	36.4765
9.11002	36.5043
9.11011	36.532
9.11034	36.5598
9.11373	36.5876
9.11388	36.6154
9.11408	36.6432
9.11415	36.6709
9.11427	36.6987
9.1144	36.7265
9.12136	36.7543
9.12193	36.782
9.12604	36.8098
9.12611	36.8376
9.13548	36.8654
9.13573	36.8932
9.13745	36.9209
9.13765	36.9487
9.13781	36.9765
9.1429	37.0043
9.14298	37.0313
9.14307	37.0583
9.14329	37.0853
9.14347	37.1124
9.14361	37.1394
9.14376	37.1664
9.14815	37.1935
9.15768	37.2205
9.1578	37.2475
9.16332	37.2745
9.16407	37.3016
9.16429	37.3286
9.1645	37.3556
9.16475	37.3826
9.17089	37.4097
9.17096	37.4367
9.17134	37.4637
9.17601	37.4907
9.1761	37.5178
9.17629	37.5448
9.17634	37.5718
9.17638	37.5989
9.17664	37.6259
9.18208	37.6529
9.18217	37.6799
9.18294	37.707
9.18708	37.734
9.18717	37.761
9.18731	37.788
9.18747	37.8151
9.2054	37.8421
9.20556	37.8691
9.20884	37.8962
9.20892	37.9232
9.20902	37.9502
9.21534	37.9772
9.21564	38.0043
9.21597	38.0306
9.21613	38.0569
9.21636	38.0832
9.21982	38.1095
9.21989	38.1358
9.22	38.1622
9.22608	38.1885
9.2328	38.2148
9.23295	38.2411
9.23326	38.2674
9.23349	38.2937
9.23377	38.3201
9.23664	38.3464
9.23669	38.3727
9.24322	38.399
9.24759	38.4253
9.24778	38.4516
9.24791	38.4779
9.2481	38.5043
9.24823	38.5306
9.24836	38.5569
9.2485	38.5832
9.25376	38.6095
9.25381	38.6358
9.25383	38.6622
9.25384	38.6885
9.25385	38.7148
9.25876	38.7411
9.25886	38.7674
9.25891	38.7937
9.26575	38.8201
9.26593	38.8464
9.26998	38.8727
9.27574	38.899
9.27589	38.9253
9.2761	38.9516
9.27628	38.9779
9.28186	39.0043
9.28202	39.0299
9.28358	39.0555
9.28688	39.0812
9.28694	39.1068
9.28705	39.1325
9.28727	39.1581
9.2874	39.1837
9.29839	39.2094
9.29862	39.235
9.30318	39.2607
9.30331	39.2863
9.30344	39.312
9.30381	39.3376
9.30976	39.3632
9.31465	39.3889
9.315	39.4145
9.31547	39.4402
9.3201	39.4658
9.32016	39.4914
9.32023	39.5171
9.32041	39.5427
9.32069	39.5684
9.32088	39.594
9.32776	39.6196
9.32798	39.6453
9.32824	39.6709
9.33324	39.6966
9.33345	39.7222
9.33378	39.7479
9.33455	39.7735
9.33708	39.7991
9.33725	39.8248
9.33775	39.8504
9.33778	39.8761
9.33785	39.9017
9.34295	39.9273
9.34305	39.953
9.34872	39.9786
9.34899	40.0043
9.35426	40.0293
9.35441	40.0543
9.35909	40.0793
9.35914	40.1043
9.3593	40.1293
9.35947	40.1543
9.35958	40.1793
9.36776	40.2043
9.37055	40.2293
9.37088	40.2543
9.37101	40.2793
9.37116	40.3043
9.37666	40.3293
9.38586	40.3543
9.38606	40.3793
9.38621	40.4043
9.38635	40.4293
9.39079	40.4543
9.39085	40.4793
9.39095	40.5043
9.39108	40.5293
9.39685	40.5543
9.39697	40.5793
9.40888	40.6043
9.4091	40.6293
9.41295	40.6543
9.41301	40.6793
9.41312	40.7043
9.41333	40.7293
9.41348	40.7543
9.41361	40.7793
9.41376	40.8043
9.41389	40.8293
9.41949	40.8543
9.41959	40.8793
9.4198	40.9043
9.42011	40.9293
9.42035	40.9543
9.42065	40.9793
9.4241	41.0043
9.42993	41.0287
9.43271	41.053
9.43287	41.0774
9.43309	41.1018
9.43815	41.1262
9.43821	41.1506
9.44042	41.175
9.44054	41.1994
9.4406	41.2238
9.44079	41.2482
9.44092	41.2726
9.44544	41.2969
9.44615	41.3213
9.44637	41.3457
9.45114	41.3701
9.45123	41.3945
9.45137	41.4189
9.45158	41.4433
9.45506	41.4677
9.45519	41.4921
9.46411	41.5165
9.47615	41.5408
9.47635	41.5652
9.48054	41.5896
9.48069	41.614
9.48094	41.6384
9.48105	41.6628
9.48115	41.6872
9.48124	41.7116
9.4861	41.736
9.4862	41.7604
9.48644	41.7848
9.49206	41.8091
9.49742	41.8335
9.49754	41.8579
9.50273	41.8823
9.50942	41.9067
9.50964	41.9311
9.51437	41.9555
9.51465	41.9799
9.51489	42.0043
9.51506	42.0281
9.51532	42.0519
9.51893	42.0757
9.51906	42.0995
9.52575	42.1233
9.52589	42.1471
9.52614	42.1709
9.52622	42.1947
9.5263	42.2185
9.53373	42.2424
9.53668	42.2662
9.53728	42.29
9.53737	42.3138
9.53745	42.3376
9.53763	42.3614
9.54275	42.3852
9.5429	42.409
9.5431	42.4328
9.5478	42.4566
9.54799	42.4805
9.54828	42.5043
9.55984	42.5281
9.56013	42.5519
9.56057	42.5757
9.56068	42.5995
9.56099	42.6233
9.56138	42.6471
9.56439	42.6709
9.56529	42.6947
9.57724	42.7185
9.57744	42.7424
9.57813	42.7662
9.58142	42.79
9.58164	42.8138
9.5817	42.8376
9.58173	42.8614
9.58176	42.8852
9.58178	42.909
9.58189	42.9328
9.58206	42.9566
9.58686	42.9805
9.58694	43.0043
9.58697	43.0275
9.58714	43.0508
9.60433	43.074
9.60908	43.0973
9.60921	43.1205
9.60945	43.1438
9.6097	43.1671
9.61494	43.1903
9.61515	43.2136
9.61576	43.2368
9.61583	43.2601
9.62086	43.2833
9.62107	43.3066
9.62551	43.3298
9.62566	43.3531
9.62583	43.3764
9.6262	43.3996
9.6263	43.4229
9.63132	43.4461
9.63144	43.4694
9.63164	43.4926
9.63928	43.5159
9.6427	43.5391
9.64276	43.5624
9.64288	43.5857
9.64304	43.6089
9.6432	43.6322
9.64335	43.6554
9.64349	43.6787
9.64895	43.7019
9.64915	43.7252
9.64937	43.7484
9.65489	43.7717
9.65496	43.795
9.65616	43.8182
9.65642	43.8415
9.6611	43.8647
9.66122	43.888
9.66134	43.9112
9.66155	43.9345
9.66174	43.9578
9.66207	43.981
9.66223	44.0043
9.66251	44.027
9.66542	44.0497
9.66561	44.0724
9.66599	44.0952
9.66617	44.1179
9.67108	44.1406
9.67137	44.1634
9.67725	44.1861
9.67748	44.2088
9.67793	44.2315
9.67816	44.2543
9.68224	44.277
9.6827	44.2997
9.70395	44.3224
9.70409	44.3452
9.70423	44.3679
9.70453	44.3906
9.70957	44.4134
9.70965	44.4361
9.7098	44.4588
9.71543	44.4815
9.72071	44.5043
9.72081	44.527
9.72098	44.5497
9.72118	44.5724
9.72141	44.5952
9.72711	44.6179
9.72759	44.6406
9.72779	44.6634
9.73175	44.6861
9.7319	44.7088
9.73211	44.7315
9.73222	44.7543
9.73236	44.777
9.73745	44.7997
9.73767	44.8224
9.73831	44.8452
9.73873	44.8679
9.739	44.8906
9.74244	44.9134
9.74257	44.9361
9.74276	44.9588
9.74293	44.9815
9.74304	45.0043
9.7432	45.0265
9.74351	45.0487
9.74787	45.0709
9.74866	45.0932
9.74879	45.1154
9.75394	45.1376
9.75416	45.1598
9.75448	45.182
9.75474	45.2043
9.75504	45.2265
9.75532	45.2487
9.7667	45.2709
9.76752	45.2932
9.77059	45.3154
9.77069	45.3376
9.77086	45.3598
9.77115	45.382
9.7712	45.4043
9.77146	45.4265
9.77598	45.4487
9.77604	45.4709
9.77613	45.4932
9.77635	45.5154
9.77652	45.5376
9.77683	45.5598
9.78195	45.582
9.79357	45.6043
9.79412	45.6265
9.79796	45.6487
9.79802	45.6709
9.79812	45.6932
9.79823	45.7154
9.79833	45.7376
9.79842	45.7598
9.81474	45.782
9.81477	45.8043
9.81521	45.8265
9.81532	45.8487
9.81553	45.8709
9.82015	45.8932
9.82039	45.9154
9.82045	45.9376
9.82064	45.9598
9.8207	45.982
9.82663	46.0043
9.82689	46.026
9.82722	46.0477
9.82742	46.0695
9.82774	46.0912
9.83145	46.113
9.83161	46.1347
9.83189	46.1564
9.83863	46.1782
9.83876	46.1999
9.83903	46.2217
9.84353	46.2434
9.85511	46.2651
9.85528	46.2869
9.85859	46.3086
9.85864	46.3303
9.85875	46.3521
9.85894	46.3738
9.85906	46.3956
9.85914	46.4173
9.86433	46.439
9.8645	46.4608
9.86461	46.4825
9.86473	46.5043
9.86482	46.526
9.87062	46.5477
9.87567	46.5695
9.87578	46.5912
9.88181	46.613
9.88272	46.6347
9.883	46.6564
9.88691	46.6782
9.88706	46.6999
9.88719	46.7217
9.88731	46.7434
9.89291	46.7651
9.89312	46.7869
9.89338	23.3934
9.89356	23.4369
9.89707	23.4804
9.90324	23.5239
9.90342	23.5673
9.90375	23.6108
9.90377	23.6543
9.90389	23.6978
9.90407	23.7413
9.9042	23.7847
9.90804	23.8282
9.90813	23.8717
9.90821	23.9152
9.90827	23.9587
9.90834	24.0021
9.90836	24.0438
9.90843	24.0855
9.91412	24.1271
9.91435	24.1688
9.91446	24.2105
9.91914	24.2521
9.9192	24.2938
9.91929	24.3355
9.91942	24.3771
9.91969	24.4188
9.92452	24.4605
9.92485	24.5021
9.92496	24.5438
9.92508	24.5855
9.92998	24.6271
9.93008	24.6688
9.93016	24.7105
9.93029	24.7521
9.93049	24.7938
9.9364	24.8355
9.93657	24.8771
9.93677	24.9188
9.9396	24.9605
9.93969	25.0021
9.93979	25.0421
9.9425	25.0821
9.94256	25.1221
9.94396	25.1621
9.94608	25.2021
9.95101	25.2421
9.95681	25.2821
9.96937	25.3221
9.96968	25.3621
9.96987	25.4021
9.97475	25.4421
9.97608	25.4821
9.97623	25.5221
9.97641	25.5621
9.98153	25.6021
9.98162	25.6421
9.98168	25.6821
9.98179	25.7221
9.98956	25.7621
