time	cwndsize
0.25319	11
0.253765	12
0.254926	13
0.255565	14
0.256262	15
0.256966	16
0.257628	17
0.258322	18
0.259015	19
0.259905	20
0.260624	21
0.261247	22
0.261963	23
0.262652	24
0.263358	25
0.264041	26
0.264774	27
0.266805	28
0.268241	29
0.269643	30
0.272171	31
0.273535	32
0.275063	33
0.276469	34
0.277853	35
0.279236	36
0.280738	37
0.281444	38
0.282151	39
0.282783	40
0.283762	41
0.28447	42
0.285199	43
0.285943	44
0.286663	45
0.287256	46
0.287905	47
0.288589	48
0.28929	49
0.290774	50
0.291464	51
0.292119	52
0.292842	53
0.29352	54
0.295242	55
0.295949	56
0.296664	57
0.297319	58
0.298012	59
0.298729	60
0.300137	61
0.301525	62
0.303246	63
0.304584	64
0.305995	65
0.307345	66
0.308736	67
0.310326	68
0.311696	69
0.313118	70
0.319601	71
0.320243	72
0.320893	73
0.321579	74
0.32228	75
0.323681	76
0.324391	77
0.325075	78
0.32587	79
0.326531	80
0.327836	81
0.333112	82
0.334525	83
0.33517	84
0.337243	85
0.338612	86
0.339373	87
0.340075	88
0.343148	89
0.34431	90
0.345838	91
0.34651	92
0.348559	93
0.349258	94
0.349906	95
0.35067	96
0.352401	97
0.353112	98
0.353831	99
0.354544	100
0.355355	101
0.355987	102
0.356651	103
0.357798	104
0.359439	105
0.360129	106
0.360792	107
0.361528	108
0.362869	109
0.364279	110
0.364955	111
0.36568	112
0.367754	113
0.369118	114
0.369813	115
0.371216	116
0.37261	117
0.37395	118
0.375334	119
0.376732	120
0.378132	121
0.382197	122
0.387768	123
0.389148	124
0.390568	125
0.391926	126
0.393333	127
0.394844	128
0.39617	129
0.397662	130
0.398992	131
0.400484	132
0.401732	133
0.403184	134
0.405254	135
0.405895	136
0.407281	137
0.408663	138
0.4117	139
0.414355	140
0.419173	141
0.42266	142
0.434752	143
0.435648	144
0.43801	145
0.43869	146
0.439384	73
0.440078	73.0137
0.443509	73.0274
0.445505	73.0411
0.457288	73.0548
0.460631	73.0685
0.468335	73.0822
0.470256	73.0959
0.471862	73.1096
0.472525	73.1233
0.473873	73.137
0.476117	73.1507
0.47687	73.1644
0.478701	73.1781
0.479386	73.1918
0.481486	73.2055
0.482153	73.2192
0.482862	73.2329
0.484904	73.2466
0.485578	73.2603
0.48767	73.274
0.488347	73.2877
0.491171	73.3014
0.491878	73.3151
0.492571	73.3288
0.493844	73.3425
0.494548	73.3562
0.496608	73.3699
0.497284	73.3836
0.497973	73.3973
0.498991	73.411
0.4997	73.4247
0.500461	73.4384
0.501842	73.4521
0.503321	73.4658
0.506649	73.4795
0.507319	73.4932
0.509398	73.5068
0.510199	73.5205
0.513565	73.5342
0.514273	73.5479
0.514954	73.5616
0.515651	73.5753
0.517826	73.589
0.518528	73.6027
0.519216	73.6164
0.520004	73.6301
0.520662	73.6438
0.521349	73.6575
0.522091	73.6712
0.522867	73.6849
0.523491	73.6986
0.524148	73.7123
0.524837	73.726
0.52555	73.7397
0.526206	73.7534
0.526921	73.7671
0.527576	73.7808
0.528275	73.7945
0.529466	73.8082
0.530162	73.8219
0.53088	73.8356
0.531542	73.8493
0.532252	73.863
0.532906	73.8767
0.533607	73.8904
0.53648	73.9041
0.537845	73.9178
0.548333	73.9315
0.550796	73.9452
0.552868	73.9589
0.554273	73.9726
0.556996	73.9863
0.558412	74
0.561153	74.0137
0.562516	74.0272
0.565632	74.0407
0.571252	74.0542
0.574035	74.0678
0.576789	74.0813
0.579527	74.0948
0.582274	74.1083
0.587776	74.1218
0.590496	74.1353
0.593261	74.1488
0.596008	74.1623
0.598912	74.1759
0.601671	74.1894
0.60579	74.2029
0.611509	74.2164
0.612944	74.2299
0.613588	74.2434
0.615676	74.2569
0.616392	74.2705
0.617131	74.284
0.617779	74.2975
0.619272	74.311
0.620584	74.3245
0.622124	74.338
0.623442	74.3515
0.625056	74.365
0.626215	74.3786
0.627644	74.3921
0.628954	74.4056
0.630479	74.4191
0.631939	74.4326
0.633291	74.4461
0.634595	74.4596
0.635968	74.4732
0.63733	74.4867
0.638704	74.5002
0.640071	74.5137
0.641698	74.5272
0.643259	74.5407
0.644639	74.5542
0.648171	74.5678
0.652147	74.5813
0.654771	74.5948
0.65616	74.6083
0.658345	74.6218
0.662648	74.6353
0.664193	74.6488
0.666143	74.6623
0.667033	74.6759
0.6743	74.6894
0.676259	74.7029
0.679326	74.7164
0.680706	74.7299
0.682079	74.7434
0.683443	74.7569
0.685503	74.7705
0.688246	74.784
0.690992	74.7975
0.693741	74.811
0.700938	74.8245
0.70791	74.838
0.715638	74.8515
0.717043	74.865
0.72255	74.8786
0.724103	74.8921
0.726878	74.9056
0.728285	74.9191
0.731659	74.9326
0.733706	74.9461
0.736455	74.9596
0.737826	74.9732
0.777077	74.9867
0.780515	75.0002
0.78118	75.0135
0.783128	75.0269
0.78393	75.0402
0.784742	75.0535
0.785505	75.0669
0.786203	75.0802
0.78687	75.0935
0.787575	75.1069
0.789618	75.1202
0.790199	37.5601
0.794955	37.5871
0.797114	37.6141
0.798574	37.6412
0.802019	37.6682
0.806863	37.6952
0.810726	37.7223
0.811535	37.7493
0.81222	37.7763
0.812819	37.8033
0.813527	37.8304
0.814231	37.8574
0.814914	37.8844
0.815622	37.9114
0.816283	37.9385
0.817032	37.9655
0.818108	37.9925
0.818378	38.0196
0.819033	38.0459
0.819977	38.0722
0.820612	38.0985
0.821297	38.1248
0.821982	38.1511
0.822698	38.1774
0.823724	38.2038
0.82407	38.2301
0.82542	38.2564
0.82684	38.2827
0.828263	38.309
0.829567	38.3353
0.831012	38.3617
0.832327	38.388
0.833682	38.4143
0.836415	38.4406
0.839198	38.4669
0.840532	38.4932
0.846422	38.5196
0.849147	38.5459
0.853284	38.5722
0.856011	38.5985
0.869909	38.6248
0.873337	38.6511
0.880886	38.6774
0.885016	38.7038
0.889127	38.7301
0.891865	38.7564
0.89462	38.7827
0.898068	38.809
0.902175	38.8353
0.908628	38.8617
0.916532	38.888
0.921341	38.9143
0.926122	38.9406
0.927517	38.9669
0.932319	38.9932
0.934376	39.0196
0.936433	39.0452
0.938503	39.0708
0.940569	39.0965
0.942622	39.1221
0.94403	39.1478
0.946062	39.1734
0.961726	39.199
0.966563	39.2247
0.970017	39.2503
0.974824	39.276
0.97615	39.3016
0.977759	39.3272
0.979116	39.3529
0.981477	39.3785
0.982377	39.4042
0.983746	39.4298
0.985156	39.4554
0.986559	39.4811
1.0438	39.5067
1.04519	39.5324
1.0466	39.558
1.04802	39.5837
1.04966	19.7918
1.06539	19.8445
1.0757	19.8971
1.07709	19.9497
1.07912	20.0024
1.08049	20.0524
1.08196	20.1024
1.08332	20.1524
1.08469	20.2024
1.08606	20.2524
1.18877	20.3024
1.19014	20.3524
1.21113	20.4024
1.21249	20.4524
1.21389	20.5024
1.21667	20.5524
1.21802	20.6024
1.21941	20.6524
1.22073	20.7024
1.22213	20.7524
1.2236	20.8024
1.22631	20.8524
1.22807	20.9024
1.3347	20.9524
1.50633	21.0024
1.51456	21.05
1.5152	21.0976
1.51588	21.1452
1.51659	21.1928
1.51725	21.2404
1.51902	21.2881
1.52039	21.3357
1.52175	21.3833
1.52312	21.4309
1.5245	21.4785
1.78241	10.7393
1.81355	10.8393
1.81493	10.9393
1.81627	11.0393
1.81767	11.1302
1.81896	11.2211
1.82059	11.312
1.82196	11.4029
1.82265	11.4938
1.85393	11.5847
1.94924	11.6756
2.01727	11.7665
2.02135	11.8575
2.02561	11.9484
2.0292	12.0393
2.03045	12.1226
2.03321	12.2059
2.03387	12.2893
2.03524	12.3726
2.03663	12.4559
2.0373	12.5393
2.03867	12.6226
2.3159	12.7059
2.32639	12.7893
2.33969	12.8726
2.34235	12.9559
2.34444	13.0393
2.35176	13.1162
2.35519	13.1931
2.35657	13.27
2.35726	13.347
2.358	13.4239
2.35873	13.5008
2.35944	13.5777
2.53867	13.6547
2.54216	13.7316
2.55024	13.8085
2.55364	13.8854
2.55563	13.9623
2.55703	14.0393
2.56873	14.1107
2.57219	14.1821
2.57492	14.2536
2.57632	14.325
2.57836	14.3964
2.57977	14.4678
2.58042	14.5393
2.64081	14.6107
2.64218	14.6821
2.65129	14.7536
2.66466	14.825
2.66631	14.8964
2.66804	14.9678
2.66873	15.0393
2.67773	15.1059
2.68122	15.1726
2.68467	15.2393
2.68754	15.3059
2.69159	15.3726
2.69315	15.4393
2.69596	15.5059
2.72225	15.5726
2.72363	15.6393
2.72645	15.7059
2.72925	15.7726
2.73063	15.8393
2.73221	15.9059
2.73386	15.9726
2.73603	16.0393
2.73811	16.1018
2.74014	16.1643
2.74291	16.2268
2.7436	16.2893
2.75113	16.3518
2.75459	16.4143
2.75737	16.4768
2.78763	16.5393
2.78898	16.6018
2.79311	16.6643
2.7938	16.7268
2.7945	16.7893
2.7959	16.8518
2.79658	16.9143
2.79728	16.9768
2.79859	17.0393
2.79871	17.0981
2.80074	17.1569
2.8021	17.2157
2.80354	17.2746
2.80629	17.3334
2.80701	17.3922
2.80836	17.451
2.81626	17.5099
2.8197	17.5687
2.82108	17.6275
2.82246	17.6863
2.82501	17.7452
2.82701	17.804
2.82844	17.8628
2.8298	17.9216
2.83051	17.9804
2.8313	18.0393
2.832	18.0948
2.83271	18.1504
2.83341	18.2059
2.83407	18.2615
2.83481	18.317
2.83547	18.3726
2.83622	18.4282
2.83904	18.4837
2.84114	18.5393
2.84319	18.5948
2.84462	18.6504
2.84803	18.7059
2.85145	18.7615
2.85425	18.817
2.85772	18.8726
2.85909	18.9282
2.86048	18.9837
2.86185	19.0393
2.86535	19.0919
2.86602	19.1445
2.8674	19.1972
2.86809	19.2498
2.86878	19.3024
2.87016	19.3551
2.87158	19.4077
2.87621	19.4603
2.87734	19.513
2.87846	19.5656
2.87911	19.6182
2.88374	19.6709
2.88444	19.7235
2.88514	19.7761
2.88582	19.8287
2.88659	19.8814
2.88732	19.934
2.88963	19.9866
2.89044	20.0393
2.89169	20.0893
2.89375	20.1393
2.90434	20.1893
2.90484	20.2393
2.90554	20.2893
2.90622	20.3393
2.90764	20.3893
2.91665	20.4393
2.91733	20.4893
2.918	20.5393
2.91871	20.5893
2.92431	20.6393
2.92568	20.6893
2.92708	20.7393
2.92846	20.7893
2.92985	20.8393
2.93194	20.8893
2.94049	20.9393
2.94118	20.9893
2.94237	21.0393
2.94378	21.0869
2.94448	21.1345
2.95114	21.1821
2.95184	21.2297
2.95328	21.2774
2.95464	21.325
2.96014	21.3726
2.97397	21.4202
2.97537	21.4678
2.97608	21.5155
2.97966	21.5631
2.98162	21.6107
2.98366	21.6583
2.98716	21.7059
2.99123	21.7536
2.99269	21.8012
2.99338	21.8488
2.9963	21.8964
2.997	21.944
2.99768	21.9917
2.99835	22.0393
2.99964	22.0847
3.00298	22.1302
3.00658	22.1756
3.00932	22.2211
3.01464	22.2665
3.01599	22.312
3.0171	22.3575
3.03068	22.4029
3.0321	22.4484
3.03759	22.4938
3.039	22.5393
3.04115	22.5847
3.04184	22.6302
3.04313	22.6756
3.04441	22.7211
3.04666	22.7665
3.04736	22.812
3.05935	22.8575
3.06	22.9029
3.06071	22.9484
3.06359	22.9938
3.06558	23.0393
3.06658	23.0828
3.06722	23.1262
3.07015	23.1697
3.07292	23.2132
3.07565	23.2567
3.07773	23.3001
3.07912	23.3436
3.08055	23.3871
3.08192	23.4306
3.0833	23.4741
3.08406	23.5175
3.08959	23.561
3.09175	23.6045
3.09981	23.648
3.1012	23.6914
3.10255	23.7349
3.10397	23.7784
3.11022	23.8219
3.11159	23.8654
3.11302	23.9088
3.11438	23.9523
3.11508	23.9958
3.11575	24.0393
3.11646	24.0809
3.11712	24.1226
3.11785	24.1643
3.11853	24.2059
3.12071	24.2476
3.12132	24.2893
3.12199	24.3309
3.12276	24.3726
3.12344	24.4143
3.12553	24.4559
3.1283	24.4976
3.13724	24.5393
3.13928	24.5809
3.14204	24.6226
3.14411	24.6643
3.14479	24.7059
3.14549	24.7476
3.1462	24.7893
3.14756	24.8309
3.14895	24.8726
3.15101	24.9143
3.15238	24.9559
3.15389	24.9976
3.15591	25.0393
3.15727	25.0793
3.15861	25.1193
3.16066	25.1593
3.16204	25.1993
3.16344	25.2393
3.16481	25.2793
3.16801	25.3193
3.18129	25.3593
3.18277	25.3993
3.18428	25.4393
3.18634	25.4793
3.19284	25.5193
3.19418	25.5593
3.19495	25.5993
3.1973	25.6393
3.20104	25.6793
3.20396	25.7193
3.20521	25.7593
3.20659	25.7993
3.21005	25.8393
3.2121	25.8793
3.21345	25.9193
3.21689	25.9593
3.21897	25.9993
3.22033	26.0393
3.22173	26.0777
3.2224	26.1162
3.22308	26.1547
3.22379	26.1931
3.22446	26.2316
3.22516	26.27
3.22583	26.3085
3.23068	26.347
3.23836	26.3854
3.23962	26.4239
3.24098	26.4623
3.24592	26.5008
3.24795	26.5393
3.24864	26.5777
3.24936	26.6162
3.25209	26.6547
3.25489	26.6931
3.25762	26.7316
3.26046	26.77
3.26244	26.8085
3.26382	26.847
3.26518	26.8854
3.26796	26.9239
3.27098	26.9623
3.27399	27.0008
3.27658	27.0378
3.28099	27.0749
3.28321	27.1119
3.28527	27.149
3.28848	27.186
3.29024	27.223
3.29311	27.2601
3.29431	27.2971
3.29565	27.3341
3.29858	27.3712
3.30027	27.4082
3.30174	27.4453
3.31981	27.4823
3.32186	27.5193
3.32328	27.5564
3.3253	27.5934
3.3274	27.6304
3.32943	27.6675
3.33081	27.7045
3.33217	27.7416
3.33292	27.7786
3.33424	27.8156
3.33497	27.8527
3.33561	27.8897
3.33698	27.9267
3.33928	27.9638
3.33936	28.0008
3.33972	28.0365
3.3412	28.0722
3.34249	28.108
3.34704	14.054
3.34858	14.1254
3.34912	14.1968
3.34986	14.2683
3.35055	14.3397
3.35127	14.4111
3.35199	14.4825
3.36238	14.554
3.36371	14.6254
3.36857	14.6968
3.37082	14.7683
3.37231	14.8397
3.37649	14.9111
3.38063	14.9825
3.38409	15.054
3.38414	15.1206
3.38542	15.1873
3.3868	15.254
3.38955	15.3206
3.39234	15.3873
3.39505	15.454
3.3978	15.5206
3.39923	15.5873
3.40131	15.654
3.40385	15.7206
3.40542	15.7873
3.4068	15.854
3.40752	15.9206
3.40972	15.9873
3.41041	16.054
3.41179	16.1165
3.41317	16.179
3.41459	16.2415
3.41599	16.304
3.41668	16.3665
3.41738	16.429
3.41808	16.4915
3.41875	16.554
3.42012	16.6165
3.42341	16.679
3.43167	16.7415
3.43444	16.804
3.43788	16.8665
3.43854	16.929
3.44073	16.9915
3.44585	17.054
3.44652	17.1128
3.45649	17.1716
3.45716	17.2304
3.45852	17.2893
3.4599	17.3481
3.46065	17.4069
3.46147	17.4657
3.46215	17.5246
3.46388	17.5834
3.46529	17.6422
3.47177	17.701
3.47427	17.7599
3.47445	17.8187
3.47579	17.8775
3.47716	17.9363
3.47852	17.9952
3.48062	18.054
3.48126	18.1095
3.50586	18.1651
3.5064	18.2206
3.50847	18.2762
3.51058	18.3318
3.51261	18.3873
3.51329	18.4429
3.51398	18.4984
3.5147	18.554
3.51542	18.6095
3.5225	18.6651
3.5232	18.7206
3.52388	18.7762
3.52458	18.8318
3.52526	18.8873
3.52595	18.9429
3.52665	18.9984
3.52734	19.054
3.52804	19.1066
3.55396	19.1592
3.5553	19.2119
3.55741	19.2645
3.55883	19.3171
3.5609	19.3698
3.56361	19.4224
3.56636	19.475
3.56773	19.5277
3.57007	19.5803
3.5745	19.6329
3.57528	19.6856
3.57635	19.7382
3.57706	19.7908
3.57774	19.8435
3.57842	19.8961
3.57981	19.9487
3.58056	20.0013
3.58289	20.0513
3.58534	20.1013
3.61467	20.1513
3.61497	20.2013
3.61567	20.2513
3.61637	20.3013
3.61703	20.3513
3.61799	20.4013
3.61856	20.4513
3.61925	20.5013
3.62001	20.5513
3.62219	20.6013
3.62744	20.6513
3.6492	20.7013
3.65194	20.7513
3.65334	20.8013
3.6547	20.8513
3.65612	20.9013
3.6575	20.9513
3.66029	21.0013
3.66302	21.049
3.6644	21.0966
3.6692	21.1442
3.67128	21.1918
3.67264	21.2394
3.67403	21.2871
3.67541	21.3347
3.67678	21.3823
3.67815	21.4299
3.67885	21.4775
3.67955	21.5252
3.68559	21.5728
3.69876	21.6204
3.70967	21.668
3.7121	21.7156
3.71347	21.7632
3.72103	21.8109
3.72379	21.8585
3.72587	21.9061
3.72928	21.9537
3.73135	22.0013
3.73275	22.0468
3.73498	22.0923
3.74047	22.1377
3.74114	22.1832
3.74556	22.2286
3.74696	22.2741
3.74766	22.3195
3.74836	22.365
3.74903	22.4104
3.75042	22.4559
3.7532	22.5013
3.7576	22.5468
3.75832	22.5923
3.75973	22.6377
3.76108	22.6832
3.76316	22.7286
3.76569	22.7741
3.76985	22.8195
3.7726	22.865
3.77397	22.9104
3.77677	22.9559
3.77807	23.0013
3.78013	23.0448
3.78199	23.0883
3.78355	23.1318
3.78494	23.1753
3.78837	23.2187
3.79045	23.2622
3.7918	23.3057
3.79471	23.3492
3.79678	23.3926
3.79876	23.4361
3.8018	23.4796
3.81477	23.5231
3.81543	23.5666
3.81612	23.61
3.81684	23.6535
3.81753	23.697
3.81821	23.7405
3.81944	23.784
3.82013	23.8274
3.8221	23.8709
3.82415	23.9144
3.82484	23.9579
3.82762	24.0013
3.82899	24.043
3.83042	24.0847
3.83171	24.1263
3.83449	24.168
3.83518	24.2097
3.83657	24.2513
3.83793	24.293
3.8421	24.3347
3.84355	24.3763
3.84496	24.418
3.84771	24.4597
3.86164	24.5013
3.86438	24.543
3.86712	24.5847
3.8678	24.6263
3.86848	24.668
3.86988	24.7097
3.87057	24.7513
3.87126	24.793
3.87198	24.8347
3.87265	24.8763
3.87334	24.918
3.8747	24.9597
3.87544	25.0013
3.87681	25.0413
3.87817	25.0813
3.88299	25.1213
3.88576	25.1613
3.88992	25.2013
3.89436	25.2413
3.89574	25.2813
3.89808	25.3213
3.89851	25.3613
3.8992	25.4013
3.90001	25.4413
3.90728	25.4813
3.90865	25.5213
3.90935	25.5613
3.91007	25.6013
3.91078	25.6413
3.91236	25.6813
3.91442	25.7213
3.91514	25.7613
3.91649	25.8013
3.91718	25.8413
3.91788	25.8813
3.91858	25.9213
3.91934	25.9613
3.91998	26.0013
3.92068	26.0398
3.92138	26.0783
3.92205	26.1167
3.92345	26.1552
3.92624	26.1937
3.92961	26.2321
3.93031	26.2706
3.9354	26.309
3.93678	26.3475
3.93819	26.386
3.94113	26.4244
3.97047	26.4629
3.97254	26.5013
3.97323	26.5398
3.97394	26.5783
3.97529	26.6167
3.97666	26.6552
3.97802	26.6937
3.97875	26.7321
3.97942	26.7706
3.98013	26.809
3.98085	26.8475
3.98182	26.886
3.98253	26.9244
3.9832	26.9629
3.98391	27.0013
3.98459	27.0384
3.98567	27.0754
3.98635	27.1125
3.98705	27.1495
3.98961	27.1865
3.99031	27.2236
3.99105	27.2606
3.99239	27.2976
3.99307	27.3347
3.99376	27.3717
3.99445	27.4088
4.03414	27.4458
4.03763	27.4828
4.03899	27.5199
4.04039	27.5569
4.04247	27.5939
4.04314	27.631
4.04384	27.668
4.0445	27.705
4.04589	27.7421
4.04737	27.7791
4.04873	27.8162
4.0501	27.8532
4.05102	27.8902
4.05205	27.9273
4.05298	27.9643
4.05507	28.0013
4.05777	28.0371
4.05847	28.0728
4.05982	28.1085
4.0612	28.1442
4.06398	28.1799
4.06537	28.2156
4.06611	28.2513
4.06683	28.2871
4.06759	28.3228
4.07192	28.3585
4.07264	28.3942
4.11224	28.4299
4.11296	28.4656
4.11436	28.5013
4.11506	28.5371
4.11708	28.5728
4.11939	28.6085
4.12195	28.6442
4.12538	28.6799
4.12743	28.7156
4.13089	28.7513
4.13642	28.7871
4.13776	28.8228
4.13965	28.8585
4.14187	28.8942
4.14383	28.9299
4.14694	28.9656
4.15137	29.0013
4.15205	29.0358
4.15372	29.0703
4.15921	29.1048
4.16133	29.1393
4.16201	29.1738
4.1627	29.2082
4.16338	29.2427
4.16406	29.2772
4.16477	29.3117
4.16547	29.3462
4.16893	29.3807
4.19444	29.4151
4.19464	29.4496
4.19677	29.4841
4.19878	29.5186
4.19948	29.5531
4.20153	29.5876
4.2022	29.622
4.20289	29.6565
4.20429	29.691
4.20497	29.7255
4.21059	29.76
4.21469	29.7944
4.22372	29.8289
4.22786	29.8634
4.22929	29.8979
4.23267	29.9324
4.23335	29.9669
4.23405	30.0013
4.23474	30.0347
4.23543	30.068
4.23623	30.1013
4.24241	30.1347
4.24311	30.168
4.24444	30.2013
4.2459	30.2347
4.24654	30.268
4.24719	30.3013
4.24863	30.3347
4.25479	30.368
4.27212	30.4013
4.2734	30.4347
4.27408	30.468
4.27621	30.5013
4.27753	30.5347
4.27825	30.568
4.27961	30.6013
4.28099	30.6347
4.28234	30.668
4.28319	30.7013
4.28586	30.7347
4.28721	30.768
4.29451	30.8013
4.29579	30.8347
4.29717	30.868
4.29997	30.9013
4.30199	30.9347
4.30339	30.968
4.3054	31.0013
4.30609	31.0336
4.30748	31.0659
4.30886	31.0981
4.31023	31.1304
4.31367	31.1626
4.31503	31.1949
4.31574	31.2272
4.31713	31.2594
4.31849	31.2917
4.32005	31.3239
4.32735	31.3562
4.34556	31.3884
4.34636	31.4207
4.34695	31.453
4.34766	31.4852
4.34841	31.5175
4.34901	31.5497
4.35037	31.582
4.35108	31.6142
4.35482	31.6465
4.35531	31.6788
4.3568	31.711
4.35885	31.7433
4.36174	31.7755
4.36314	31.8078
4.36589	31.8401
4.36873	31.8723
4.37139	31.9046
4.37344	31.9368
4.37557	31.9691
4.37761	32.0013
4.38039	32.0326
4.38355	32.0638
4.38752	32.0951
4.38894	32.1263
4.38965	32.1576
4.39039	32.1888
4.39108	32.2201
4.39175	16.11
4.39251	16.1725
4.39317	16.235
4.39385	16.2975
4.40487	16.36
4.40621	16.4225
4.40757	16.485
4.40894	16.5475
4.41033	16.61
4.41171	16.6725
4.4131	16.735
4.41581	16.7975
4.4172	16.86
4.41928	16.9225
4.41995	16.985
4.42203	17.0475
4.42272	17.1064
4.42408	17.1652
4.42546	17.224
4.42685	17.2828
4.42752	17.3417
4.43028	17.4005
4.43098	17.4593
4.43234	17.5181
4.43303	17.577
4.4344	17.6358
4.4413	17.6946
4.44208	17.7534
4.44466	17.8123
4.44536	17.8711
4.44605	17.9299
4.45987	17.9887
4.46263	18.0475
4.46402	18.1031
4.46682	18.1587
4.46749	18.2142
4.46818	18.2698
4.4701	18.3253
4.47135	18.3809
4.47287	18.4364
4.47443	18.492
4.47584	18.5475
4.47731	18.6031
4.482	18.6587
4.4865	18.7142
4.48789	18.7698
4.48944	18.8253
4.49174	18.8809
4.53606	18.9364
4.5374	18.992
4.54018	19.0475
4.54252	19.1002
4.54593	19.1528
4.54868	19.2054
4.55161	19.2581
4.55624	19.3107
4.55929	19.3633
4.56205	19.416
4.56408	19.4686
4.56548	19.5212
4.5676	19.5739
4.56829	19.6265
4.56899	19.6791
4.56967	19.7318
4.57039	19.7844
4.5711	19.837
4.58618	19.8897
4.58934	19.9423
4.5927	19.9949
4.59496	20.0475
4.59908	20.0975
4.60045	20.1475
4.60188	20.1975
4.60325	20.2475
4.60464	20.2975
4.60599	20.3475
4.62351	20.3975
4.62694	20.4475
4.62832	20.4975
4.62972	20.5475
4.63172	20.5975
4.6325	20.6475
4.63319	20.6975
4.63389	20.7475
4.63456	20.7975
4.63533	20.8475
4.63603	20.8975
4.6372	20.9475
4.63769	20.9975
4.63909	21.0475
4.63979	21.0952
4.64047	21.1428
4.64321	21.1904
4.64461	21.238
4.64525	21.2856
4.64597	21.3333
4.64662	21.3809
4.65008	21.4285
4.65145	21.4761
4.65283	21.5237
4.67073	21.5714
4.67212	21.619
4.67556	21.6666
4.67697	21.7142
4.67765	21.7618
4.67831	21.8095
4.67902	21.8571
4.68111	21.9047
4.68317	21.9523
4.68386	21.9999
4.6873	22.0475
4.68867	22.093
4.69005	22.1385
4.69142	22.1839
4.6928	22.2294
4.69418	22.2748
4.69559	22.3203
4.69695	22.3657
4.70349	22.4112
4.70487	22.4566
4.70592	22.5021
4.7065	22.5475
4.70719	22.593
4.70857	22.6385
4.71062	22.6839
4.7113	22.7294
4.71337	22.7748
4.71588	22.8203
4.71864	22.8657
4.72068	22.9112
4.72407	22.9566
4.72488	23.0021
4.72904	23.0456
4.7325	23.089
4.73385	23.1325
4.73528	23.176
4.73665	23.2195
4.7374	23.263
4.73804	23.3064
4.73869	23.3499
4.74019	23.3934
4.74086	23.4369
4.74318	11.7184
4.74468	11.8093
4.74575	11.9003
4.74847	11.9912
4.74916	12.0821
4.74987	12.1654
4.75195	12.2487
4.75468	12.3321
4.75607	12.4154
4.75812	12.4987
4.76025	12.5821
4.76717	12.6654
4.76785	12.7487
4.77203	12.8321
4.77342	12.9154
4.77404	12.9987
4.7748	13.0821
4.77618	13.159
4.77692	13.2359
4.77763	13.3128
4.77931	13.3898
4.77969	13.4667
4.7812	13.5436
4.79853	13.6205
4.79924	13.6975
4.80679	13.7744
4.80887	13.8513
4.80954	13.9282
4.81037	14.0052
4.81095	14.0766
4.813	14.148
4.81515	14.2194
4.81583	14.2909
4.81721	14.3623
4.81794	14.4337
4.81931	14.5052
4.82525	14.5766
4.82564	14.648
4.83149	14.7194
4.83282	14.7909
4.83488	14.8623
4.83559	14.9337
4.83725	15.0052
4.83729	15.0718
4.83976	15.1385
4.84462	15.2052
4.8453	15.2718
4.84806	15.3385
4.85002	15.4052
4.85159	15.4718
4.86058	15.5385
4.86126	15.6052
4.86284	15.6718
4.8629	15.7385
4.86334	15.8052
4.86399	15.8718
4.86478	15.9385
4.86544	16.0052
4.86608	16.0677
4.86682	16.1302
4.86757	16.1927
4.86819	16.2552
4.86957	16.3177
4.87035	16.3802
4.87305	16.4427
4.88269	16.5052
4.88341	16.5677
4.88407	16.6302
4.88545	16.6927
4.88615	16.7552
4.88684	16.8177
4.88752	16.8802
4.88821	16.9427
4.88889	17.0052
4.8896	17.064
4.89306	17.1228
4.89444	17.1816
4.89517	17.2404
4.89652	17.2993
4.89722	17.3581
4.9007	17.4169
4.9164	17.4757
4.91706	17.5346
4.91776	17.5934
4.91847	17.6522
4.91916	17.711
4.92053	17.7699
4.9212	17.8287
4.9219	17.8875
4.9226	17.9463
4.92332	18.0052
4.92462	18.0607
4.92503	18.1163
4.92544	18.1718
4.92614	18.2274
4.92751	18.2829
4.92819	18.3385
4.93005	18.394
4.94066	18.4496
4.94133	18.5052
4.94203	18.5607
4.94452	18.6163
4.9453	18.6718
4.94612	18.7274
4.94687	18.7829
4.94819	18.8385
4.94887	18.894
4.94957	18.9496
4.95026	19.0052
4.95099	19.0578
4.95373	19.1104
4.95441	19.163
4.95507	19.2157
4.95647	19.2683
4.95715	19.3209
4.96274	19.3736
4.97393	19.4262
4.97462	19.4788
4.97599	19.5315
4.97874	19.5841
4.97942	19.6367
4.9801	19.6894
4.98148	19.742
4.98356	19.7946
4.98566	19.8473
4.98632	19.8999
4.98703	19.9525
4.98772	20.0052
4.9885	20.0552
4.9892	20.1052
4.9906	20.1552
4.99132	20.2052
4.99205	20.2552
4.9927	20.3052
4.99641	20.3552
5.01022	20.4052
5.01158	20.4552
5.01329	20.5052
5.01385	20.5552
5.01452	20.6052
5.01525	10.3026
5.01731	10.4026
5.01872	10.5026
5.02009	10.6026
5.02083	10.7026
5.02285	10.8026
5.03429	10.9026
5.0357	11.0026
5.03707	11.0935
5.03777	11.1844
5.0385	11.2753
5.0392	11.3662
5.03989	11.4571
5.04059	11.548
5.04287	11.6389
5.05392	11.7298
5.0546	11.8208
5.05694	11.9117
5.05749	12.0026
5.05816	12.0859
5.08065	12.1692
5.08132	12.2526
5.08481	12.3359
5.08553	12.4192
5.08621	12.5026
5.08849	12.5859
5.10127	12.6692
5.10195	12.7526
5.10264	12.8359
5.10333	12.9192
5.10407	13.0026
5.10529	13.0795
5.12246	13.1564
5.12402	13.2333
5.12747	13.3103
5.1282	13.3872
5.12956	13.4641
5.13302	13.541
5.14595	13.618
5.14662	13.6949
5.1473	13.7718
5.14799	13.8487
5.14868	13.9257
5.14936	14.0026
5.15005	14.074
5.15155	14.1454
5.15222	14.2169
5.15633	14.2883
5.15703	14.3597
5.16115	14.4311
5.1646	14.5026
5.18443	14.574
5.18512	14.6454
5.18582	14.7169
5.18715	14.7883
5.18852	14.8597
5.18989	14.9311
5.19059	15.0026
5.19196	15.0692
5.19687	15.1359
5.19759	15.2026
5.19824	15.2692
5.19896	15.3359
5.19962	15.4026
5.20102	15.4692
5.21521	15.5359
5.21587	15.6026
5.21726	15.6692
5.21932	15.7359
5.22136	15.8026
5.22342	15.8692
5.2248	15.9359
5.22547	16.0026
5.22755	16.0651
5.23892	16.1276
5.23962	16.1901
5.24096	16.2526
5.24283	16.3151
5.24288	16.3776
5.24402	16.4401
5.26246	16.5026
5.26313	16.5651
5.26382	16.6276
5.26452	16.6901
5.26519	16.7526
5.26659	16.8151
5.26736	16.8776
5.26867	16.9401
5.26936	17.0026
5.27003	17.0614
5.27226	17.1202
5.27292	17.179
5.27363	17.2379
5.27432	17.2967
5.275	17.3555
5.27641	17.4143
5.29381	17.4732
5.29494	17.532
5.29631	17.5908
5.2977	17.6496
5.29836	17.7085
5.30044	17.7673
5.30115	17.8261
5.30396	17.8849
5.30466	17.9438
5.30537	18.0026
5.3074	18.0581
5.32192	18.1137
5.32336	18.1692
5.32393	18.2248
5.32542	18.2804
5.32594	18.3359
5.32688	18.3915
5.33172	18.447
5.3324	18.5026
5.33312	18.5581
5.33459	18.6137
5.33524	18.6692
5.3359	18.7248
5.33651	18.7804
5.33726	18.8359
5.33861	18.8915
5.33881	18.947
5.33927	19.0026
5.34002	19.0552
5.3539	19.1078
5.35459	19.1605
5.35511	19.2131
5.3573	19.2657
5.35799	19.3184
5.35864	19.371
5.37803	19.4236
5.37932	19.4763
5.38074	19.5289
5.38286	19.5815
5.38355	19.6342
5.3842	19.6868
5.38495	19.7394
5.38566	19.792
5.38629	19.8447
5.38698	19.8973
5.38768	19.9499
5.38838	20.0026
5.38913	20.0526
5.39325	20.1026
5.39391	20.1526
5.39464	20.2026
5.39601	20.2526
5.39669	20.3026
5.39745	20.3526
5.41456	20.4026
5.41877	20.4526
5.42361	20.5026
5.42571	20.5526
5.42637	20.6026
5.42708	20.6526
5.42781	20.7026
5.42852	20.7526
5.42915	20.8026
5.42984	20.8526
5.43053	20.9026
5.43126	20.9526
5.43189	21.0026
5.43257	21.0502
5.43612	21.0978
5.43678	21.1454
5.43748	21.1931
5.43814	21.2407
5.43882	21.2883
5.43952	21.3359
5.44652	21.3835
5.45057	21.4311
5.46025	21.4788
5.46313	21.5264
5.46371	21.574
5.46446	21.6216
5.4651	21.6692
5.46578	21.7169
5.46784	21.7645
5.46853	21.8121
5.46926	21.8597
5.47061	21.9073
5.4713	21.955
5.47199	22.0026
5.47268	22.048
5.48039	22.0935
5.48108	22.1389
5.48176	22.1844
5.48244	22.2298
5.48311	22.2753
5.48379	22.3208
5.48736	22.3662
5.48878	22.4117
5.49017	22.4571
5.49106	22.5026
5.4916	22.548
5.49228	22.5935
5.49297	22.6389
5.49367	22.6844
5.49511	22.7298
5.49574	22.7753
5.49645	22.8208
5.49783	22.8662
5.49922	22.9117
5.50062	22.9571
5.50138	23.0026
5.50478	23.0461
5.52139	23.0895
5.52205	23.133
5.52274	23.1765
5.52342	23.22
5.52547	23.2634
5.52604	23.3069
5.53035	23.3504
5.53245	23.3939
5.53377	23.4374
5.53455	23.4808
5.53517	23.5243
5.53586	23.5678
5.53654	23.6113
5.53834	23.6547
5.53964	23.6982
5.54046	23.7417
5.54114	23.7852
5.54182	23.8287
5.54258	23.8721
5.54465	11.9361
5.54517	12.027
5.54585	12.1103
5.54654	12.1936
5.55423	12.277
5.55491	12.3603
5.55561	12.4436
5.55685	12.527
5.557	12.6103
5.55768	12.6936
5.5646	12.777
5.56687	12.8603
5.5689	12.9436
5.57279	13.027
5.57348	13.1039
5.5753	13.1808
5.57602	13.2577
5.5767	13.3347
5.57806	13.4116
5.57875	13.4885
5.57943	13.5654
5.58011	13.6424
5.5808	13.7193
5.59083	13.7962
5.59151	13.8731
5.59218	13.9501
5.59287	14.027
5.59355	14.0984
5.59424	14.1698
5.59574	14.2413
5.59643	14.3127
5.59711	14.3841
5.59783	14.4556
5.59853	14.527
5.59921	14.5984
5.59989	14.6698
5.60772	14.7413
5.60842	14.8127
5.61018	14.8841
5.61096	14.9556
5.61153	15.027
5.61222	15.0936
5.61362	15.1603
5.61551	15.227
5.61686	15.2936
5.61824	15.3603
5.61911	15.427
5.61963	15.4936
5.62032	15.5603
5.621	15.627
5.62834	15.6936
5.62899	15.7603
5.62967	15.827
5.63105	15.8936
5.63243	15.9603
5.63311	16.027
5.6338	16.0895
5.63517	16.152
5.63586	16.2145
5.63726	16.277
5.63795	16.3395
5.64481	16.402
5.64546	16.4645
5.64689	16.527
5.64828	16.5895
5.65309	16.652
5.65443	16.7145
5.65635	16.777
5.65756	16.8395
5.65857	16.902
5.65923	16.9645
5.65992	17.027
5.66128	17.0858
5.66198	17.1446
5.66338	17.2035
5.66407	17.2623
5.66921	17.3211
5.67617	17.3799
5.67691	17.4387
5.67759	17.4976
5.68174	17.5564
5.68378	17.6152
5.68516	17.674
5.68658	17.7329
5.68792	17.7917
5.69205	17.8505
5.69615	17.9093
5.6982	17.9682
5.69959	18.027
5.70028	18.0825
5.70233	18.1381
5.70373	18.1936
5.706	18.2492
5.70671	18.3048
5.71383	18.3603
5.71809	18.4159
5.71946	18.4714
5.72016	18.527
5.72289	18.5825
5.72427	18.6381
5.727	18.6936
5.72836	18.7492
5.72974	18.8048
5.73574	18.8603
5.73808	18.9159
5.74018	18.9714
5.74239	19.027
5.74434	19.0796
5.74567	19.1322
5.74637	19.1849
5.74706	19.2375
5.75174	19.2901
5.75927	19.3428
5.76067	19.3954
5.76377	19.448
5.7652	19.5007
5.7659	19.5533
5.76657	19.6059
5.76727	19.6586
5.76796	19.7112
5.76933	19.7638
5.77207	19.8165
5.77731	19.8691
5.77937	19.9217
5.78006	19.9743
5.78075	20.027
5.78349	20.077
5.78559	20.127
5.788	20.177
5.78939	20.227
5.79168	20.277
5.80008	20.327
5.80079	20.377
5.80219	20.427
5.80424	20.477
5.80697	20.527
5.80835	20.577
5.80968	20.627
5.81035	20.677
5.81311	20.727
5.81521	20.777
5.81866	20.827
5.82274	20.877
5.82616	20.927
5.82827	20.977
5.83106	21.027
5.83496	21.0746
5.83568	21.1222
5.83638	21.1698
5.83705	21.2175
5.83787	21.2651
5.85517	21.3127
5.85796	21.3603
5.85986	21.4079
5.86026	21.4556
5.86095	21.5032
5.8617	21.5508
5.86284	21.5984
5.8631	21.646
5.86378	21.6936
5.86446	21.7413
5.86558	21.7889
5.86628	21.8365
5.87432	21.8841
5.87637	21.9317
5.87711	21.9794
5.87849	22.027
5.87919	22.0724
5.88059	22.1179
5.8847	22.1633
5.88608	22.2088
5.88954	22.2543
5.90927	22.2997
5.91707	22.3452
5.91911	22.3906
5.92048	22.4361
5.92397	22.4815
5.92598	22.527
5.92804	22.5724
5.93082	22.6179
5.93352	22.6633
5.93623	22.7088
5.93914	22.7543
5.93985	22.7997
5.942	22.8452
5.94341	22.8906
5.94477	22.9361
5.94615	22.9815
5.94751	23.027
5.95416	23.0705
5.9569	23.1139
5.95827	23.1574
5.95896	23.2009
5.96241	23.2444
5.97594	23.2878
5.97731	23.3313
5.97868	23.3748
5.98007	23.4183
5.98075	23.4618
5.98153	23.5052
5.98213	23.5487
5.98286	23.5922
5.98351	23.6357
5.98492	23.6792
5.99694	23.7226
6.00195	23.7661
6.01294	23.8096
6.01439	23.8531
6.01508	23.8965
6.01575	23.94
6.01648	23.9835
6.01784	24.027
6.01853	24.0686
6.01922	24.1103
6.02002	24.152
6.02064	24.1936
6.0213	24.2353
6.03305	24.277
6.0335	24.3186
6.03485	24.3603
6.03763	24.402
6.03969	24.4436
6.04041	24.4853
6.04108	24.527
6.04313	24.5686
6.04382	24.6103
6.04556	24.652
6.04661	24.6936
6.04933	24.7353
6.05837	24.777
6.05912	24.8186
6.06052	24.8603
6.06187	24.902
6.06392	24.9436
6.06599	24.9853
6.06736	25.027
6.06807	25.067
6.06877	25.107
6.06949	25.147
6.07018	25.187
6.07157	25.227
6.07647	25.267
6.07857	25.307
6.08006	25.347
6.08446	25.387
6.08769	25.427
6.08978	25.467
6.09046	25.507
6.09252	25.547
6.09595	25.587
6.09736	25.627
6.09874	25.667
6.10012	25.707
6.10081	25.747
6.10148	25.787
6.10227	25.827
6.10366	25.867
6.10504	25.907
6.10573	25.947
6.10851	25.987
6.11012	26.027
6.112	26.0654
6.11267	26.1039
6.11401	26.1424
6.11475	26.1808
6.11546	26.2193
6.11613	26.2577
6.11684	26.2962
6.11751	26.3347
6.1182	26.3731
6.11888	26.4116
6.12032	26.4501
6.12165	26.4885
6.12305	26.527
6.12851	26.5654
6.12919	26.6039
6.12992	26.6424
6.13125	26.6808
6.13403	26.7193
6.13541	26.7577
6.14095	26.7962
6.14505	26.8347
6.14576	26.8731
6.14645	26.9116
6.14714	26.9501
6.14857	26.9885
6.14861	27.027
6.14922	27.064
6.14991	27.1011
6.1506	27.1381
6.15265	27.1751
6.15336	27.2122
6.15404	27.2492
6.15473	27.2862
6.15543	27.3233
6.15681	27.3603
6.15889	27.3973
6.16024	27.4344
6.1616	27.4714
6.16368	27.5085
6.1677	27.5455
6.16783	27.5825
6.16853	27.6196
6.16991	27.6566
6.17128	27.6936
6.17198	27.7307
6.18098	27.7677
6.18232	27.8048
6.18578	27.8418
6.18785	27.8788
6.18921	27.9159
6.19058	27.9529
6.19267	27.9899
6.19334	28.027
6.19473	28.0627
6.19541	28.0984
6.19611	28.1341
6.19682	28.1698
6.19752	28.2056
6.1982	28.2413
6.19891	28.277
6.19961	28.3127
6.201	28.3484
6.20236	28.3841
6.20305	28.4198
6.20442	28.4556
6.2072	28.4913
6.20926	28.527
6.21063	28.5627
6.21136	28.5984
6.21475	28.6341
6.21612	28.6698
6.21751	28.7056
6.22789	28.7413
6.22934	28.777
6.23202	28.8127
6.23409	28.8484
6.23615	28.8841
6.24031	28.9198
6.24367	28.9556
6.24485	28.9913
6.24663	29.027
6.25055	29.0615
6.25276	29.0959
6.25327	29.1304
6.25456	29.1649
6.25556	29.1994
6.25595	29.2339
6.25879	29.2684
6.2595	29.3028
6.26011	29.3373
6.26151	29.3718
6.2629	29.4063
6.26567	29.4408
6.26634	29.4753
6.26879	29.5097
6.2709	29.5442
6.27222	29.5787
6.27633	29.6132
6.27775	29.6477
6.28281	29.6822
6.29186	29.7166
6.29245	29.7511
6.29384	29.7856
6.29701	29.8201
6.29908	29.8546
6.30401	29.889
6.30453	29.9235
6.30591	29.958
6.30731	29.9925
6.31094	30.027
6.31232	30.0603
6.31635	30.0936
6.31762	30.127
6.32108	30.1603
6.32246	15.0802
6.32382	15.1468
6.32588	15.2135
6.32724	15.2802
6.32861	15.3468
6.32998	15.4135
6.33071	15.4802
6.33209	15.5468
6.33275	15.6135
6.33775	15.6802
6.33897	15.7468
6.33961	15.8135
6.35185	15.8802
6.35589	15.9468
6.35798	16.0135
6.36168	16.076
6.36235	16.1385
6.36585	16.201
6.36968	16.2635
6.37507	16.326
6.37713	16.3885
6.37852	16.451
6.38125	16.5135
6.38193	16.576
6.38261	16.6385
6.38467	16.701
6.38536	16.7635
6.39438	16.826
6.39778	16.8885
6.40009	16.951
6.41416	17.0135
6.41499	17.0723
6.41691	17.1311
6.42104	17.19
6.42243	17.2488
6.42311	17.3076
6.42552	17.3664
6.42622	17.4253
6.42689	17.4841
6.42761	17.5429
6.42898	17.6017
6.43175	17.6605
6.43249	17.7194
6.44203	17.7782
6.44663	17.837
6.44868	17.8958
6.45892	17.9547
6.46018	18.0135
6.46179	18.069
6.4635	18.1246
6.46419	18.1802
6.46489	18.2357
6.4656	18.2913
6.46629	18.3468
6.46834	18.4024
6.46903	9.20119
6.47043	9.3123
6.4711	9.42341
6.47322	9.53452
6.47648	9.64563
6.48135	9.75674
6.48774	9.86786
6.4922	9.97897
6.49362	10.0901
6.49497	10.1901
6.49564	10.2901
6.49634	10.3901
6.49705	10.4901
6.49923	10.5901
6.50061	10.6901
6.502	10.7901
6.50404	10.8901
6.50548	10.9901
6.5244	11.0901
6.52579	11.181
6.52646	11.2719
6.52718	11.3628
6.52783	11.4537
6.52921	11.5446
6.52994	11.6355
6.5306	11.7264
6.53267	11.8174
6.53545	11.9083
6.55048	11.9992
6.55125	12.0901
6.55195	12.1734
6.55386	12.2567
6.55449	12.3401
6.55524	12.4234
6.5573	12.5067
6.558	12.5901
6.55867	12.6734
6.56079	12.7567
6.56147	12.8401
6.57719	12.9234
6.57788	13.0067
6.57856	13.0837
6.58028	13.1606
6.581	13.2375
6.58173	13.3144
6.58246	13.3914
6.58311	13.4683
6.58383	6.73414
6.58451	6.90081
6.5866	7.06747
6.58731	7.21033
6.60785	7.35319
6.60851	7.49605
6.60922	7.6389
6.60988	7.78176
6.61061	7.92462
6.61126	8.06747
6.61195	8.19247
6.61266	8.31747
6.61342	8.44247
6.62861	8.56747
6.62863	8.69247
6.62955	8.81747
6.63141	8.94247
6.63163	9.06747
6.63314	9.17859
6.6344	9.2897
6.63574	9.40081
6.64962	9.51192
6.65028	9.62303
6.65099	9.73414
6.65169	9.84525
6.65571	9.95636
6.65625	10.0675
6.65708	10.1675
6.65823	10.2675
6.65879	10.3675
6.66823	10.4675
6.66881	10.5675
6.66959	10.6675
6.67012	10.7675
6.67086	10.8675
6.67152	10.9675
6.6722	11.0675
6.67289	11.1584
6.67359	11.2493
6.67426	11.3402
6.68678	11.4311
6.68815	11.522
6.6895	11.6129
6.69021	11.7038
6.69157	11.7947
6.69293	11.8857
6.69434	11.9766
6.69527	12.0675
6.69663	12.1508
6.698	12.2341
6.69872	12.3175
6.70495	12.4008
6.70567	12.4841
6.70636	12.5675
6.70706	12.6508
6.70775	12.7341
6.70848	12.8175
6.70916	12.9008
6.70983	12.9841
6.7106	13.0675
6.71129	13.1444
6.71208	13.2213
6.71286	13.2982
6.71889	6.64912
6.71948	6.81579
6.7213	6.98246
6.7225	7.14912
6.7232	7.29198
6.72387	7.43484
6.72594	7.57769
6.72666	7.72055
6.7273	7.86341
6.72799	8.00626
6.72867	8.13126
6.72936	8.25626
6.73005	8.38126
6.73655	8.50626
6.73703	8.63126
6.73777	8.75626
6.73842	8.88126
6.73917	9.00626
6.74123	9.11738
6.74136	9.22849
6.74138	9.3396
6.75391	9.45071
6.7546	9.56182
6.75527	9.67293
6.75593	9.78404
6.75665	9.89515
6.75731	10.0063
6.75802	10.1063
6.7587	10.2063
6.75939	10.3063
6.76867	10.4063
6.76936	10.5063
6.77006	10.6063
6.77075	10.7063
6.77147	10.8063
6.77215	10.9063
6.77283	11.0063
6.7735	11.0972
6.77418	11.1881
6.77502	11.279
6.78178	11.3699
6.7825	11.4608
6.78453	11.5517
6.78534	11.6426
6.78743	11.7335
6.788	11.8244
6.78871	11.9154
6.78937	12.0063
6.79012	12.0896
6.79155	12.1729
6.79215	12.2563
6.79978	12.3396
6.80045	12.4229
6.80112	12.5063
6.80181	12.5896
6.80251	12.6729
6.8044	12.7563
6.80578	12.8396
6.80715	12.9229
6.80787	13.0063
6.80921	13.0832
6.81059	13.1601
6.81129	13.237
6.82054	13.314
6.82198	13.3909
6.82271	13.4678
6.8234	13.5447
6.82413	13.6216
6.82485	13.6986
6.82547	13.7755
6.82622	13.8524
6.82785	13.9293
6.83952	14.0063
6.84158	14.0777
6.84228	14.1491
6.84396	14.2206
6.85058	14.292
6.85391	14.3634
6.85804	14.4348
6.86079	14.5063
6.86222	14.5777
6.8629	14.6491
6.86361	14.7206
6.86497	14.792
6.86706	14.8634
6.87047	14.9348
6.87119	15.0063
6.87466	15.0729
6.87742	15.1396
6.87949	15.2063
6.88087	15.2729
6.88415	15.3396
6.89247	15.4063
6.89316	15.4729
6.89387	15.5396
6.89526	15.6063
6.89663	15.6729
6.898	15.7396
6.90213	15.8063
6.90285	15.8729
6.90355	15.9396
6.90422	16.0063
6.90491	16.0688
6.90561	16.1313
6.907	16.1938
6.91317	16.2563
6.91594	16.3188
6.91798	16.3813
6.92011	16.4438
6.92839	16.5063
6.93045	16.5688
6.93292	16.6313
6.93514	16.6938
6.93578	16.7563
6.93647	16.8188
6.9379	16.8813
6.93855	16.9438
6.93925	17.0063
6.93997	17.0651
6.94132	17.1239
6.947	17.1827
6.94981	17.2416
6.95119	17.3004
6.95256	8.65019
6.95326	8.77519
6.95532	8.90019
6.95842	9.02519
6.97048	9.1363
6.97186	9.24741
6.97322	9.35852
6.976	9.46964
6.97678	9.58075
6.97747	9.69186
6.97878	9.80297
6.98016	9.91408
6.98154	10.0252
6.98294	10.1252
6.98433	10.2252
6.98711	10.3252
6.98794	10.4252
6.99699	10.5252
6.99834	10.6252
6.99976	10.7252
7.00042	10.8252
7.00113	10.9252
7.0018	11.0252
7.00321	11.1161
7.00388	11.207
7.01202	11.2979
7.01272	11.3888
7.02099	11.4797
7.0217	11.5706
7.02378	11.6616
7.02448	11.7525
7.02513	11.8434
7.02583	11.9343
7.02651	12.0252
7.02722	12.1085
7.0279	12.1919
7.0286	12.2752
7.0293	12.3585
7.03416	12.4419
7.03487	12.5252
7.03775	12.6085
7.0397	12.6919
7.04038	12.7752
7.04108	12.8585
7.04176	12.9419
7.04247	13.0252
7.04388	13.1021
7.04599	13.179
7.04932	13.256
7.05068	13.3329
7.0545	13.4098
7.0551	13.4867
7.05686	13.5637
7.05717	13.6406
7.05784	13.7175
7.05854	13.7944
7.05926	13.8713
7.05993	13.9483
7.0606	14.0252
7.06128	14.0966
7.06266	14.168
7.06547	14.2395
7.06683	14.3109
7.06961	14.3823
7.07028	14.4538
7.07098	14.5252
7.07169	14.5966
7.07235	14.668
7.07375	14.7395
7.0744	14.8109
7.07649	14.8823
7.07788	14.9538
7.07856	15.0252
7.07995	15.0919
7.08135	15.1585
7.0862	15.2252
7.08684	15.2919
7.08959	15.3585
7.09029	15.4252
7.09101	15.4919
7.09171	15.5585
7.09235	15.6252
7.09303	15.6919
7.09372	15.7585
7.09446	15.8252
7.09515	15.8919
7.09583	15.9585
7.09721	16.0252
7.09859	16.0877
7.10063	16.1502
7.10205	16.2127
7.10342	16.2752
7.10617	16.3377
7.10688	16.4002
7.10761	16.4627
7.10963	16.5252
7.11033	16.5877
7.11792	16.6502
7.12065	16.7127
7.12271	16.7752
7.12431	16.8377
7.12503	16.9002
7.12571	16.9627
7.12647	17.0252
7.1285	17.084
7.12988	17.1428
7.13191	17.2017
7.13262	17.2605
7.13399	17.3193
7.14229	17.3781
7.143	17.437
7.14367	17.4958
7.14435	17.5546
7.14849	17.6134
7.15131	17.6723
7.15199	17.7311
7.1527	17.7899
7.15406	17.8487
7.15611	17.9075
7.15819	17.9664
7.15888	18.0252
7.15959	18.0807
7.16023	18.1363
7.16232	18.1919
7.16414	18.2474
7.16849	18.303
7.17412	18.3585
7.17482	18.4141
7.1755	18.4696
7.17617	18.5252
7.18055	18.5807
7.18328	18.6363
7.18399	18.6919
7.18468	18.7474
7.18606	18.803
7.18743	18.8585
7.1888	18.9141
7.18948	18.9696
7.19021	19.0252
7.1923	19.0778
7.19356	19.1305
7.19563	19.1831
7.19837	19.2357
7.20391	19.2883
7.21856	19.341
7.21926	19.3936
7.22135	19.4462
7.22271	19.4989
7.2269	19.5515
7.22759	19.6041
7.23035	19.6568
7.23172	19.7094
7.23243	19.762
7.23585	19.8147
7.23721	19.8673
7.23927	19.9199
7.2417	19.9726
7.24337	20.0252
7.24481	20.0752
7.24693	20.1252
7.24968	20.1752
7.25393	20.2252
7.26002	20.2752
7.28088	20.3252
7.28347	20.3752
7.28625	20.4252
7.28762	20.4752
7.29456	20.5252
7.29523	20.5752
7.29599	20.6252
7.29662	20.6752
7.29731	20.7252
7.2997	20.7752
7.30283	20.8252
7.30416	20.8752
7.30556	20.9252
7.30693	20.9752
7.30966	21.0252
7.3128	21.0728
7.31418	21.1204
7.31556	21.168
7.31923	21.2157
7.31996	21.2633
7.33565	21.3109
7.33768	21.3585
7.33836	21.4061
7.3397	21.4538
7.34943	21.5014
7.35216	21.549
7.35353	21.5966
7.3549	21.6442
7.35557	21.6919
7.35834	21.7395
7.36109	21.7871
7.36177	21.8347
7.36601	21.8823
7.36739	21.93
7.36808	21.9776
7.36923	22.0252
7.36954	22.0706
7.3702	22.1161
7.3709	22.1616
7.37229	22.207
7.37436	22.2525
7.38548	22.2979
7.38754	22.3434
7.38821	22.3888
7.3896	22.4343
7.40277	22.4797
7.40827	22.5252
7.40971	22.5706
7.41102	22.6161
7.41247	22.6616
7.41376	22.707
7.41514	22.7525
7.4167	11.3762
7.41796	11.4671
7.41857	11.5581
7.4193	11.649
7.42065	11.7399
7.42212	11.8308
7.42279	11.9217
7.42487	12.0126
7.42697	12.0959
7.42795	12.1793
7.42853	12.2626
7.44425	12.3459
7.4467	12.4293
7.4481	12.5126
7.44943	12.5959
7.45644	12.6793
7.45707	12.7626
7.45773	12.8459
7.45843	12.9293
7.45923	13.0126
7.45985	13.0895
7.46193	13.1664
7.46329	13.2434
7.46469	13.3203
7.46885	13.3972
7.47092	13.4741
7.48005	13.5511
7.48263	13.628
7.48469	13.7049
7.48674	13.7818
7.48949	13.8587
7.49365	13.9357
7.49647	14.0126
7.49718	14.084
7.49789	14.1555
7.49921	14.2269
7.49991	14.2983
7.50064	14.3697
7.50135	14.4412
7.50272	14.5126
7.50377	14.584
7.50505	14.6555
7.52048	14.7269
7.52126	14.7983
7.52268	14.8697
7.52468	14.9412
7.52543	15.0126
7.52818	15.0793
7.53026	15.1459
7.53096	15.2126
7.53233	15.2793
7.53371	15.3459
7.53579	15.4126
7.53854	15.4793
7.54169	15.5459
7.54306	15.6126
7.54732	15.6793
7.54869	15.7459
7.55077	15.8126
7.55283	15.8793
7.5535	15.9459
7.55419	16.0126
7.55557	16.0751
7.55832	16.1376
7.56695	16.2001
7.57036	16.2626
7.57243	16.3251
7.57518	16.3876
7.57766	16.4501
7.57976	16.5126
7.58112	16.5751
7.58718	16.6376
7.59	16.7001
7.59065	16.7626
7.59207	16.8251
7.59277	16.8876
7.59345	16.9501
7.59414	17.0126
7.59483	17.0714
7.59553	17.1302
7.59697	17.1891
7.59767	17.2479
7.60036	17.3067
7.60383	17.3655
7.60657	17.4244
7.61036	17.4832
7.61171	17.542
7.6179	17.6008
7.62065	17.6597
7.62136	17.7185
7.62279	17.7773
7.62519	17.8361
7.62588	17.8949
7.62657	17.9538
7.62859	18.0126
7.62929	18.0682
7.63064	18.1237
7.63343	18.1793
7.63623	18.2348
7.63702	18.2904
7.6383	18.3459
7.63896	18.4015
7.64112	18.457
7.64251	18.5126
7.64852	18.5682
7.65111	9.28408
7.65179	9.39519
7.65463	9.5063
7.65531	9.61741
7.65667	9.72852
7.65804	9.83963
7.66082	9.95074
7.6615	10.0619
7.66217	10.1619
7.66288	10.2619
7.66426	10.3619
7.66498	10.4619
7.66632	10.5619
7.66707	10.6619
7.66776	10.7619
7.66912	10.8619
7.67185	10.9619
7.67933	11.0619
7.68282	11.1528
7.68352	11.2437
7.68487	11.3346
7.68561	11.4255
7.68628	11.5164
7.68861	11.6073
7.68864	11.6982
7.68973	11.7891
7.69429	11.88
7.70192	11.9709
7.70261	12.0619
7.70887	12.1452
7.71018	12.2285
7.71157	12.3119
7.71432	12.3952
7.715	12.4785
7.71638	12.5619
7.71707	12.6452
7.71847	12.7285
7.71983	12.8119
7.72264	12.8952
7.72366	12.9785
7.72402	13.0619
7.72756	13.1388
7.72823	13.2157
7.7289	13.2926
7.73026	13.3695
7.73162	13.4465
7.73299	13.5234
7.7337	13.6003
7.7344	13.6772
7.7358	13.7542
7.74471	13.8311
7.74492	13.908
7.74563	13.9849
7.74632	14.0619
7.74768	14.1333
7.74915	14.2047
7.75056	14.2761
7.75144	14.3476
7.75268	7.17378
7.75324	7.31664
7.75396	7.4595
7.75465	7.60236
7.7553	7.74521
7.76157	7.88807
7.76223	8.03093
7.76354	8.15593
7.76559	8.28093
7.76697	8.40593
7.76953	8.53093
7.77025	8.65593
7.77572	8.78093
7.77716	8.90593
7.78058	9.03093
7.78141	9.14204
7.78203	9.25315
7.78272	9.36426
7.78579	9.47537
7.79107	9.58648
7.79236	9.69759
7.79305	9.8087
7.7973	9.91982
7.79796	10.0309
7.80482	10.1309
7.8072	10.2309
7.80976	10.3309
7.8118	10.4309
7.81255	10.5309
7.81399	10.6309
7.81462	10.7309
7.81739	10.8309
7.81805	10.9309
7.82153	11.0309
7.82287	11.1218
7.82421	11.2127
7.82559	11.3037
7.82698	11.3946
7.82905	11.4855
7.83318	11.5764
7.83455	11.6673
7.83661	11.7582
7.83728	11.8491
7.83863	11.94
7.85332	12.0309
7.85399	12.1143
7.85673	12.1976
7.85916	12.2809
7.86015	12.3643
7.8615	12.4476
7.86222	12.5309
7.86289	12.6143
7.8636	12.6976
7.86434	12.7809
7.86565	12.8643
7.87333	12.9476
7.87402	13.0309
7.87469	13.1078
7.8775	13.1848
7.87822	13.2617
7.87958	13.3386
7.88094	13.4155
7.88425	13.4925
7.88511	13.5694
7.88646	13.6463
7.88717	13.7232
7.88787	13.8002
7.89063	13.8771
7.89129	13.954
7.89198	14.0309
7.89268	14.1024
7.89817	14.1738
7.90067	14.2452
7.90829	14.3166
7.91213	14.3881
7.91418	14.4595
7.9176	14.5309
7.91898	14.6024
7.91966	14.6738
7.92035	14.7452
7.92104	14.8166
7.92448	14.8881
7.92585	7.44403
7.92722	7.58689
7.92792	7.72975
7.92861	7.87261
7.92928	8.01546
7.93075	8.14046
7.935	8.26546
7.93584	8.39046
7.93639	8.51546
7.93709	8.64046
7.93777	8.76546
7.93845	8.89046
7.93915	9.01546
7.93984	9.12657
7.95055	9.23769
7.95191	9.3488
7.95395	9.45991
7.95468	9.57102
7.95536	9.68213
7.95603	9.79324
7.9567	9.90435
7.95739	10.0155
7.95884	10.1155
7.96715	10.2155
7.96814	10.3155
7.96882	10.4155
7.9695	10.5155
7.97019	10.6155
7.9709	10.7155
7.97158	10.8155
7.97227	10.9155
7.97295	11.0155
7.97364	11.1064
7.97438	11.1973
7.97506	11.2882
7.97576	11.3791
7.97646	11.47
7.98156	11.5609
7.98292	11.6518
7.98501	11.7427
7.98705	11.8336
7.98916	11.9246
7.99604	12.0155
8.00584	12.0988
8.00713	12.1821
8.00852	12.2655
8.01128	12.3488
8.01428	12.4321
8.01707	12.5155
8.01843	12.5988
8.01913	12.6821
8.02048	12.7655
8.02188	12.8488
8.02949	12.9321
8.03088	13.0155
8.03226	13.0924
8.03505	13.1693
8.03814	13.2462
8.04009	13.3232
8.04214	13.4001
8.04422	13.477
8.04765	13.5539
8.05778	13.6308
8.05848	13.7078
8.05916	13.7847
8.05983	13.8616
8.06125	13.9385
8.06576	14.0155
8.06713	14.0869
8.06784	14.1583
8.07059	14.2297
8.07264	14.3012
8.07335	14.3726
8.0754	14.444
8.07746	14.5155
8.0802	14.5869
8.08173	14.6583
8.08554	14.7297
8.0883	14.8012
8.08966	14.8726
8.09246	14.944
8.09318	15.0155
8.10143	15.0821
8.10283	15.1488
8.10556	15.2155
8.10694	15.2821
8.1083	15.3488
8.11045	15.4155
8.1118	15.4821
8.11247	15.5488
8.11599	15.6155
8.11732	15.6821
8.12005	15.7488
8.12242	15.8155
8.12518	15.8821
8.1266	15.9488
8.12917	16.0155
8.12921	16.078
8.12937	16.1405
8.13075	16.203
8.13212	16.2655
8.13693	16.328
8.14447	16.3905
8.1466	16.453
8.14793	16.5155
8.15002	16.578
8.15138	16.6405
8.15336	16.703
8.15403	16.7655
8.15543	16.828
8.15679	16.8905
8.15749	16.953
8.15958	17.0155
8.16033	17.0743
8.16103	17.1331
8.16379	17.1919
8.16448	17.2508
8.16654	17.3096
8.16722	17.3684
8.16927	17.4272
8.1707	17.4861
8.172	17.5449
8.1727	17.6037
8.17479	17.6625
8.17613	17.7213
8.17893	17.7802
8.18098	17.839
8.18235	17.8978
8.18306	17.9566
8.18375	18.0155
8.18514	18.071
8.18723	18.1266
8.18859	18.1821
8.18927	18.2377
8.18996	18.2932
8.19063	18.3488
8.19132	18.4044
8.19275	18.4599
8.19411	18.5155
8.19485	18.571
8.19552	18.6266
8.19696	18.6821
8.19968	18.7377
8.201	18.7932
8.20375	18.8488
8.20722	18.9044
8.20925	18.9599
8.21133	19.0155
8.21249	19.0681
8.21277	19.1207
8.21345	19.1734
8.21412	19.226
8.21548	19.2786
8.21691	19.3313
8.21898	19.3839
8.21972	19.4365
8.2204	19.4891
8.22109	19.5418
8.22247	19.5944
8.22593	19.647
8.2273	19.6997
8.22866	19.7523
8.23074	19.8049
8.23348	19.8576
8.23626	19.9102
8.2376	19.9628
8.23828	20.0155
8.23972	20.0655
8.24041	20.1155
8.24113	20.1655
8.24256	20.2155
8.24399	20.2655
8.24533	20.3155
8.24694	20.3655
8.24838	20.4155
8.25219	20.4655
8.25258	20.5155
8.25437	20.5655
8.25571	20.6155
8.25998	20.6655
8.26483	20.7155
8.26621	20.7655
8.26693	20.8155
8.26898	20.8655
8.271	20.9155
8.27169	20.9655
8.27237	21.0155
8.27305	21.0631
8.27376	21.1107
8.27652	21.1583
8.28204	21.2059
8.28271	21.2536
8.28339	21.3012
8.28407	21.3488
8.28485	21.3964
8.28553	21.444
8.28623	21.4917
8.28758	21.5393
8.28978	21.5869
8.29115	21.6345
8.29246	21.6821
8.29385	21.7297
8.2973	21.7774
8.30042	21.825
8.3049	21.8726
8.30568	21.9202
8.30628	21.9678
8.30987	22.0155
8.31137	22.0609
8.31274	22.1064
8.31329	22.1518
8.31404	22.1973
8.31611	22.2427
8.31815	22.2882
8.31894	22.3336
8.32026	22.3791
8.32666	22.4246
8.32864	22.47
8.3322	22.5155
8.3328	22.5609
8.33365	22.6064
8.33486	22.6518
8.33622	22.6973
8.33829	22.7427
8.34162	22.7882
8.34222	22.8336
8.34406	22.8791
8.34747	22.9246
8.34823	22.97
8.34896	23.0155
8.36002	23.0589
8.36069	23.1024
8.36204	23.1459
8.36347	23.1894
8.36505	23.2329
8.36557	23.2763
8.36645	23.3198
8.36926	23.3633
8.37734	23.4068
8.38158	23.4502
8.39292	23.4937
8.39427	23.5372
8.39513	23.5807
8.39571	23.6242
8.39633	23.6676
8.39773	23.7111
8.3992	23.7546
8.40048	23.7981
8.40182	23.8416
8.40331	23.885
8.40516	23.9285
8.40762	23.972
8.4094	24.0155
8.41415	24.0571
8.41905	24.0988
8.42042	24.1405
8.42111	24.1821
8.42179	24.2238
8.42249	24.2655
8.42388	24.3071
8.43286	24.3488
8.43638	24.3905
8.43824	24.4321
8.44034	24.4738
8.44241	24.5155
8.44308	24.5571
8.44377	24.5988
8.44457	24.6405
8.44862	24.6821
8.4513	24.7238
8.45267	24.7655
8.4576	24.8071
8.46036	24.8488
8.46178	24.8905
8.4625	24.9321
8.46319	24.9738
8.46389	25.0155
8.47053	25.0555
8.47336	25.0955
8.47423	25.1355
8.47563	25.1755
8.47703	25.2155
8.4784	25.2555
8.48231	25.2955
8.49128	25.3355
8.49265	25.3755
8.49404	25.4155
8.49679	25.4555
8.49817	25.4955
8.49954	25.5355
8.50032	25.5755
8.50157	25.6155
8.50326	25.6555
8.504	25.6955
8.5047	25.7355
8.50544	25.7755
8.50684	25.8155
8.50823	25.8555
8.51411	25.8955
8.5155	25.9355
8.51686	25.9755
8.51959	26.0155
8.52347	26.0539
8.52487	26.0924
8.52554	26.1308
8.52708	26.1693
8.52829	26.2078
8.53035	26.2462
8.53338	26.2847
8.53979	26.3232
8.54139	26.3616
8.54422	26.4001
8.54491	26.4385
8.5456	26.477
8.5463	26.5155
8.54701	26.5539
8.54768	26.5924
8.54837	26.6308
8.54906	26.6693
8.54982	26.7078
8.55047	26.7462
8.55257	26.7847
8.55332	26.8232
8.55631	26.8616
8.55755	26.9001
8.5603	26.9385
8.56305	26.977
8.56594	27.0155
8.57008	27.0525
8.57245	27.0895
8.57495	27.1266
8.57701	27.1636
8.57839	27.2006
8.58045	27.2377
8.58183	27.2747
8.58251	27.3118
8.5832	27.3488
8.58806	27.3858
8.58876	27.4229
8.58943	27.4599
8.59017	27.4969
8.59154	27.534
8.59291	27.571
8.59364	27.6081
8.59434	27.6451
8.59502	27.6821
8.59642	27.7192
8.59782	27.7562
8.59857	27.7932
8.59927	27.8303
8.59994	27.8673
8.60061	27.9044
8.60202	27.9414
8.6034	27.9784
8.60479	28.0155
8.60547	28.0512
8.60755	28.0869
8.61031	28.1226
8.61492	28.1583
8.61767	28.194
8.62048	28.2297
8.62318	28.2655
8.62454	28.3012
8.62729	28.3369
8.6287	28.3726
8.62938	28.4083
8.63008	28.444
8.63075	28.4797
8.63215	28.5155
8.6335	28.5512
8.63629	28.5869
8.63768	28.6226
8.63906	28.6583
8.64048	14.3292
8.64466	14.4006
8.64625	14.472
8.64715	14.5434
8.6482	14.6149
8.64937	14.6863
8.64959	14.7577
8.65027	14.8292
8.65095	14.9006
8.65169	14.972
8.65717	15.0434
8.65856	15.1101
8.66065	15.1768
8.66409	15.2434
8.66684	15.3101
8.66961	15.3768
8.67232	15.4434
8.67758	15.5101
8.67963	15.5768
8.68238	15.6434
8.68374	15.7101
8.68444	15.7768
8.68512	15.8434
8.6865	15.9101
8.68786	15.9768
8.68857	16.0434
8.69064	16.1059
8.69135	16.1684
8.69977	16.2309
8.7025	16.2934
8.70319	16.3559
8.70388	16.4184
8.70461	16.4809
8.70597	16.5434
8.71078	16.6059
8.71214	16.6684
8.71421	16.7309
8.71695	16.7934
8.71833	16.8559
8.72046	16.9184
8.72245	16.9809
8.7245	17.0434
8.72727	17.1023
8.72865	17.1611
8.73419	17.2199
8.73628	17.2787
8.73705	17.3376
8.73768	17.3964
8.7413	17.4552
8.74751	17.514
8.75032	17.5729
8.75304	17.6317
8.75547	17.6905
8.75743	17.7493
8.76037	17.8082
8.76154	17.867
8.76239	17.9258
8.76298	17.9846
8.76587	18.0434
8.76802	18.099
8.76881	18.1546
8.77017	18.2101
8.77096	18.2657
8.77159	18.3212
8.77233	18.3768
8.77388	18.4323
8.77453	18.4879
8.77728	18.5434
8.78005	18.599
8.7814	18.6546
8.78284	18.7101
8.78765	18.7657
8.78967	18.8212
8.79106	18.8768
8.7924	18.9323
8.79517	18.9879
8.79587	19.0434
8.79727	19.0961
8.79796	19.1487
8.80211	19.2013
8.80377	19.254
8.8049	19.3066
8.80626	19.3592
8.81913	19.4119
8.82262	19.4645
8.82458	19.5171
8.82595	19.5698
8.82742	19.6224
8.8296	19.675
8.83291	19.7277
8.83306	19.7803
8.83376	19.8329
8.8344	19.8856
8.83568	19.9382
8.83639	19.9908
8.83715	20.0434
8.83839	20.0934
8.8391	20.1434
8.84393	20.1934
8.84593	20.2434
8.84664	20.2934
8.84796	20.3434
8.86409	20.3934
8.86555	20.4434
8.86889	20.4934
8.87031	20.5434
8.87102	20.5934
8.87169	20.6434
8.87242	20.6934
8.87309	20.7434
8.87387	20.7934
8.87459	20.8434
8.87526	20.8934
8.87599	20.9434
8.87671	20.9934
8.87739	21.0434
8.87805	21.0911
8.87873	21.1387
8.88027	21.1863
8.88157	21.2339
8.88295	21.2815
8.88433	21.3292
8.88969	21.3768
8.89172	21.4244
8.89442	21.472
8.89715	21.5196
8.89989	21.5673
8.90411	21.6149
8.90481	21.6625
8.90621	21.7101
8.90894	21.7577
8.9105	21.8054
8.9118	21.853
8.91317	21.9006
8.91444	21.9482
8.91581	21.9958
8.91733	22.0434
8.91869	22.0889
8.91996	22.1344
8.92071	22.1798
8.92206	22.2253
8.92274	22.2707
8.92348	22.3162
8.926	22.3616
8.92626	22.4071
8.929	22.4525
8.93109	22.498
8.93583	22.5434
8.94067	22.5889
8.94208	22.6344
8.94962	22.6798
8.95034	22.7253
8.95311	22.7707
8.95452	22.8162
8.95591	22.8616
8.95727	22.9071
8.95866	22.9525
8.96034	22.998
8.96144	23.0434
8.96283	23.0869
8.96358	23.1304
8.96427	23.1739
8.96521	23.2174
8.96558	23.2608
8.96623	23.3043
8.96711	23.3478
8.96775	23.3913
8.96852	23.4348
8.96921	23.4782
8.96985	23.5217
8.97121	23.5652
8.97199	23.6087
8.97332	23.6521
8.98019	23.6956
8.99212	23.7391
8.99489	23.7826
8.99765	23.8261
8.99837	23.8695
8.99905	23.913
8.99971	23.9565
9.0004	24
9.00177	24.0434
9.00246	24.0851
9.00385	24.1268
9.00521	24.1684
9.00886	24.2101
9.00962	24.2518
9.01165	24.2934
9.01314	24.3351
9.0139	24.3768
9.01452	12.1884
9.01707	12.2717
9.01776	12.3551
9.01845	12.4384
9.01914	12.5217
9.02929	12.6051
9.03271	12.6884
9.03646	12.7717
9.04197	12.8551
9.04443	12.9384
9.04539	13.0217
9.04707	13.0986
9.04776	13.1756
9.04913	13.2525
9.05049	13.3294
9.05117	13.4063
9.05187	13.4833
9.05325	13.5602
9.05395	13.6371
9.05529	13.714
9.05667	13.791
9.05805	13.8679
9.06716	13.9448
9.06853	14.0217
9.09952	14.0932
9.10173	14.1646
9.10284	14.236
9.10353	14.3074
9.10422	14.3789
9.1049	14.4503
9.10563	14.5217
9.10701	14.5932
9.10768	14.6646
9.10835	14.736
9.10991	14.8074
9.13199	14.8789
9.13337	14.9503
9.13474	15.0217
9.16101	15.0884
9.16344	15.1551
9.16444	15.2217
9.16582	15.2884
9.16656	15.3551
9.16726	15.4217
9.16795	15.4884
9.16863	15.5551
9.16932	15.6217
9.17001	15.6884
9.17139	15.7551
9.17211	15.8217
9.17278	15.8884
9.17348	15.9551
9.17417	16.0217
9.19594	16.0842
9.19803	16.1467
9.20216	16.2092
9.20419	16.2717
9.20556	16.3342
9.20695	16.3967
9.20832	16.4592
9.20982	16.5217
9.21116	16.5842
9.21327	16.6467
9.21604	16.7092
9.22034	16.7717
9.22092	16.8342
9.22157	16.8967
9.22362	16.9592
9.22498	17.0217
9.24378	17.0805
9.246	17.1394
9.24727	17.1982
9.24933	17.257
9.24998	17.3158
9.25136	17.3747
9.25282	17.4335
9.25511	17.4923
9.25791	17.5511
9.25863	17.61
9.25925	17.6688
9.26068	17.7276
9.26173	17.7864
9.26206	17.8453
9.26274	17.9041
9.26901	17.9629
9.26966	18.0217
9.28214	18.0773
9.28491	18.1328
9.28629	18.1884
9.28908	18.2439
9.28974	18.2995
9.29249	18.3551
9.29524	18.4106
9.30075	18.4662
9.30152	18.5217
9.30433	18.5773
9.30571	18.6328
9.30715	18.6884
9.30847	18.7439
9.3099	18.7995
9.31329	18.8551
9.31466	18.9106
9.31539	18.9662
9.3161	19.0217
9.3176	19.0744
9.31896	19.127
9.32448	19.1796
9.332	19.2322
9.33342	19.2849
9.33477	19.3375
9.33612	19.3901
9.3368	19.4428
9.33752	19.4954
9.33819	19.548
9.34093	19.6007
9.34231	19.6533
9.34374	19.7059
9.34507	19.7586
9.34786	19.8112
9.34848	19.8638
9.35143	19.9165
9.35498	19.9691
9.35564	20.0217
9.35633	20.0717
9.35706	20.1217
9.35775	20.1717
9.35848	20.2217
9.36053	20.2717
9.36123	20.3217
9.3619	20.3717
9.36258	20.4217
9.364	20.4717
9.36539	20.5217
9.36814	20.5717
9.36952	20.6217
9.37089	20.6717
9.37226	20.7217
9.37364	20.7717
9.37569	20.8217
9.38327	20.8717
9.38467	20.9217
9.38536	20.9717
9.38604	21.0217
9.38674	21.0693
9.3875	21.117
9.38963	21.1646
9.39022	21.2122
9.39228	21.2598
9.39298	21.3074
9.39369	21.3551
9.39555	21.4027
9.39557	21.4503
9.3957	21.4979
9.39642	21.5455
9.39711	21.5932
9.39784	21.6408
9.39852	21.6884
9.39925	21.736
9.40201	21.7836
9.40405	21.8312
9.40612	21.8789
9.40749	21.9265
9.40961	21.9741
9.41262	22.0217
9.4147	22.0672
9.42039	22.1126
9.42301	22.1581
9.42466	22.2035
9.42537	22.249
9.42675	22.2945
9.42756	22.3399
9.42882	22.3854
9.42955	22.4308
9.43095	22.4763
9.43163	22.5217
9.43232	22.5672
9.43301	22.6126
9.43438	22.6581
9.43516	22.7035
9.43863	22.749
9.44137	22.7945
9.44278	22.8399
9.44416	22.8854
9.44551	22.9308
9.44634	22.9763
9.45102	23.0217
9.45446	23.0652
9.45725	23.1087
9.45794	23.1522
9.45863	23.1956
9.45935	23.2391
9.46212	23.2826
9.46385	23.3261
9.46421	23.3695
9.46489	23.413
9.46608	23.4565
9.47044	23.5
9.47182	23.5435
9.47254	23.5869
9.47318	23.6304
9.47392	23.6739
9.4746	23.7174
9.47594	23.7609
9.47661	23.8043
9.47736	23.8478
9.47802	23.8913
9.47953	23.9348
9.48566	23.9782
9.49875	24.0217
9.49942	24.0634
9.50011	24.1051
9.50079	24.1467
9.50153	24.1884
9.50228	24.2301
9.50295	24.2717
9.50638	24.3134
9.50706	24.3551
9.50774	24.3967
9.50847	24.4384
9.50983	12.2192
9.51119	12.3025
9.51718	12.3859
9.51788	12.4692
9.51857	12.5525
9.51925	12.6359
9.52062	12.7192
9.52129	12.8025
9.52407	12.8859
9.52739	12.9692
9.53229	13.0525
9.535	13.1295
9.5371	13.2064
9.54055	13.2833
9.54193	13.3602
9.54332	13.4371
9.54473	13.5141
9.5489	13.591
9.54961	13.6679
9.55028	13.7448
9.55173	13.8218
9.55242	13.8987
9.55522	13.9756
9.56081	14.0525
9.56426	14.124
9.56635	14.1954
9.56773	14.2668
9.57527	14.3382
9.57735	14.4097
9.5825	14.4811
9.58455	14.5525
9.58522	14.624
9.58591	14.6954
9.58797	14.7668
9.58867	14.8382
9.58944	14.9097
9.59905	14.9811
9.60038	15.0525
9.60321	15.1192
9.60387	15.1859
9.60521	15.2525
9.60596	15.3192
9.60975	15.3859
9.61592	15.4525
9.61866	15.5192
9.62209	15.5859
9.62344	15.6525
9.62419	15.7192
9.62551	15.7859
9.62833	15.8525
9.63327	15.9192
9.634	15.9859
9.63466	16.0525
9.63539	16.115
9.63607	16.1775
9.63676	16.24
9.63743	16.3025
9.63815	16.365
9.63884	16.4275
9.63953	16.49
9.64112	16.5525
9.64249	16.615
9.64334	16.6775
9.64715	16.74
9.65476	16.8025
9.66817	16.865
9.66885	16.9275
9.67088	16.99
9.67225	17.0525
9.67301	17.1114
9.67606	17.1702
9.6782	17.229
9.67889	17.2878
9.67959	17.3466
9.68029	17.4055
9.68303	17.4643
9.68457	17.5231
9.68661	17.5819
9.68804	17.6408
9.69147	17.6996
9.69633	17.7584
9.70948	17.8172
9.71084	17.8761
9.71291	17.9349
9.71362	17.9937
9.7143	18.0525
9.71636	18.1081
9.71912	18.1636
9.72255	18.2192
9.72325	18.2748
9.72464	18.3303
9.72602	18.3859
9.72946	18.4414
9.73087	18.497
9.7315	18.5525
9.73288	18.6081
9.73771	18.6636
9.74121	18.7192
9.74518	18.7748
9.74852	18.8303
9.75123	18.8859
9.7543	18.9414
9.75836	18.997
9.7591	19.0525
9.76345	19.1052
9.7667	19.1578
9.76869	19.2104
9.7693	19.2631
9.76994	19.3157
9.77133	19.3683
9.77204	19.4209
9.77338	19.4736
9.78046	19.5262
9.78115	19.5788
9.78392	19.6315
9.78942	19.6841
9.80017	19.7367
9.80498	19.7894
9.80715	19.842
9.80847	19.8946
9.8092	19.9473
9.81193	19.9999
9.8158	20.0525
9.81718	20.1025
9.81856	20.1525
9.82062	20.2025
9.822	20.2525
9.8234	20.3025
9.82518	20.3525
9.8264	20.4025
9.82778	20.4525
9.8292	20.5025
9.83053	20.5525
9.83405	20.6025
9.84094	20.6525
9.86685	20.7025
9.86819	20.7525
9.86895	20.8025
9.87105	20.8525
9.87176	20.9025
9.87309	20.9525
9.87378	21.0025
9.87453	21.0501
9.87655	21.0978
9.87728	21.1454
9.87795	10.5727
9.87931	10.6727
9.88068	10.7727
9.88205	10.8727
9.88616	10.9727
9.8883	11.0727
9.88961	11.1636
9.89237	11.2545
9.89884	11.3454
9.90155	11.4363
9.91335	11.5272
9.91539	11.6181
9.9162	11.7091
9.91679	11.8
9.91823	11.8909
9.91893	11.9818
9.92034	12.0727
9.92174	12.156
9.92722	12.2394
9.9286	12.3227
9.93099	12.406
9.94753	12.4894
9.95089	12.5727
9.95158	12.656
9.95295	12.7394
9.95506	12.8227
9.95644	12.906
9.95786	12.9894
9.95855	13.0727
9.95996	13.1496
9.96271	13.2265
9.9634	13.3035
9.9648	13.3804
9.97036	13.4573
9.9766	13.5342
9.97795	13.6112
9.98007	13.6881
9.98211	13.765
9.98626	13.8419
9.99173	13.9188
9.99244	13.9958
9.99313	14.0727
9.99517	14.1441
9.99794	14.2155
9.99952	14.287
10.0014	14.3584
10.009	14.4298
10.0145	14.5013
10.0152	14.5727
10.0169	14.6441
10.0191	14.7155
10.0192	14.787
10.0204	14.8584
10.0212	14.9298
10.0218	15.0013
10.0225	15.0679
10.0253	15.1346
10.0303	15.2013
10.0324	15.2679
10.0358	15.3346
10.0492	15.4013
10.0561	15.4679
10.0568	15.5346
10.0602	15.6013
10.0616	15.6679
10.0623	15.7346
10.0637	15.8013
10.0644	15.8679
10.0651	15.9346
10.0658	16.0013
10.0665	16.0638
10.0678	16.1263
10.0706	16.1888
10.0713	16.2513
10.0726	16.3138
10.0862	16.3763
10.093	16.4388
10.0944	16.5013
10.0972	16.5638
10.0985	16.6263
10.1038	16.6888
10.1087	16.7513
10.1093	16.8138
10.11	16.8763
10.1107	16.9388
10.1114	17.0013
10.1121	17.0601
10.1142	17.1189
10.119	17.1777
10.1198	17.2366
10.1218	17.2954
10.1287	17.3542
10.1349	17.413
10.1356	17.4719
10.1363	17.5307
10.1376	17.5895
10.1383	17.6483
10.1444	17.7071
10.1457	17.766
10.1464	17.8248
10.1481	17.8836
10.1488	17.9424
10.1495	18.0013
10.1502	18.0568
10.1515	18.1124
10.1568	18.1679
10.1589	18.2235
10.161	18.279
10.1684	18.3346
10.1769	18.3902
10.1776	18.4457
10.1783	18.5013
10.1796	18.5568
10.1803	18.6124
10.1817	18.6679
10.1824	18.7235
10.1831	18.779
10.1838	18.8346
10.1845	18.8902
10.1852	18.9457
10.1859	19.0013
10.1865	19.0539
10.1879	19.1065
10.1935	19.1592
10.1955	19.2118
10.1976	19.2644
10.2087	19.3171
10.2162	19.3697
10.217	19.4223
10.2176	19.4749
10.219	19.5276
10.2197	19.5802
10.2211	19.6328
10.2218	19.6855
10.2225	19.7381
10.2232	19.7907
10.2239	19.8434
10.2246	19.896
10.2252	19.9486
10.2259	20.0013
10.2266	20.0513
10.228	20.1013
10.2308	20.1513
10.2315	20.2013
10.2329	20.2513
10.2385	20.3013
10.2478	20.3513
10.2485	20.4013
10.2492	20.4513
10.2505	20.5013
10.2512	20.5513
10.2543	20.6013
10.255	20.6513
10.2556	20.7013
10.2564	20.7513
10.2573	20.8013
10.2579	20.8513
10.2587	20.9013
10.2593	20.9513
10.26	21.0013
10.2608	21.0489
10.2636	21.0965
10.2704	21.1441
10.2711	21.1917
10.2725	21.2394
10.2781	21.287
10.287	21.3346
10.2877	21.3822
10.2885	21.4298
10.2897	21.4775
10.2904	21.5251
10.2918	21.5727
10.2927	21.6203
10.2933	21.6679
10.2939	21.7155
10.2947	21.7632
10.2953	21.8108
10.296	21.8584
10.2967	10.9292
10.2974	11.0292
10.2981	11.1201
10.2988	11.211
10.3001	11.3019
10.3043	11.3928
10.305	11.4837
10.3064	11.5747
10.3133	11.6656
10.3241	11.7565
10.3255	11.8474
10.3262	11.9383
10.3282	12.0292
10.3283	12.1125
10.3298	12.1959
10.3304	12.2792
10.331	12.3625
10.3317	12.4459
10.3325	12.5292
10.3331	12.6125
10.3341	12.6959
10.3525	12.7792
10.3532	12.8625
10.3553	12.9459
10.3561	13.0292
10.3566	13.1061
10.3581	13.183
10.3594	13.26
10.36	13.3369
10.3608	13.4138
10.3615	13.4907
10.3621	13.5677
10.3628	13.6446
10.3725	13.7215
10.3732	13.7984
10.3763	13.8754
10.378	13.9523
10.3787	14.0292
10.3801	14.1006
10.3815	14.1721
10.3829	14.2435
10.3843	14.3149
10.3863	14.3863
10.3878	14.4578
10.3891	14.5292
10.3898	14.6006
10.3932	14.6721
10.3939	14.7435
10.3961	14.8149
10.3981	14.8863
10.3988	14.9578
10.4001	15.0292
10.4015	15.0959
10.4042	15.1625
10.4056	15.2292
10.4071	15.2959
10.4091	15.3625
10.4116	15.4292
10.4126	15.4959
10.414	15.5625
10.4168	15.6292
10.4175	15.6959
10.4189	15.7625
10.4196	15.8292
10.4203	15.8959
10.4209	15.9625
10.4217	16.0292
10.4223	16.0917
10.4244	16.1542
10.4279	16.2167
10.4375	16.2792
10.441	16.3417
10.4417	16.4042
10.4424	16.4667
10.4431	16.5292
10.4458	16.5917
10.4465	16.6542
10.4472	8.3271
10.4479	8.4521
10.4486	8.5771
10.4502	8.7021
10.4508	8.8271
10.4516	8.9521
10.4522	9.0771
10.4529	9.18821
10.4706	9.29932
10.4727	9.41044
10.4733	9.52155
10.4747	9.63266
10.4761	9.74377
10.4784	9.85488
10.4798	9.96599
10.4813	10.0771
10.4894	10.1771
10.4908	10.2771
10.4915	10.3771
10.4922	10.4771
10.4928	10.5771
10.4935	10.6771
10.4942	10.7771
10.4956	10.8771
10.497	10.9771
10.4977	11.0771
10.5088	11.168
10.5095	11.2589
10.5102	11.3498
10.5109	11.4407
10.5123	11.5316
10.5138	11.6226
10.5143	11.7135
10.5149	11.8044
10.5156	11.8953
10.5163	11.9862
10.5177	12.0771
10.528	12.1604
10.5303	12.2438
10.531	12.3271
10.5317	12.4104
10.5365	12.4938
10.5372	12.5771
10.5385	12.6604
10.5407	12.7438
10.5413	12.8271
10.5421	12.9104
10.5441	12.9938
10.5449	13.0771
10.5496	13.154
10.551	13.2309
10.5522	13.3079
10.5529	13.3848
10.5549	13.4617
10.5563	13.5386
10.5604	13.6156
10.5646	13.6925
10.5673	13.7694
10.574	13.8463
10.5789	13.9233
10.5795	14.0002
10.5802	14.0716
10.5809	14.143
10.583	14.2145
10.5844	14.2859
10.5858	14.3573
10.5872	14.4288
10.5885	14.5002
10.5899	14.5716
10.592	14.643
10.5934	14.7145
10.5996	14.7859
10.6031	14.8573
10.6058	14.9288
10.6065	15.0002
10.6072	15.0668
10.6093	15.1335
10.6147	15.2002
10.6196	15.2668
10.6203	15.3335
10.6217	15.4002
10.6238	15.4668
10.6251	15.5335
10.6258	15.6002
10.6265	15.6668
10.6279	15.7335
10.6299	15.8002
10.6306	15.8668
10.632	15.9335
10.6334	16.0002
10.6341	16.0627
10.6348	16.1252
10.6401	16.1877
10.6407	16.2502
10.6414	16.3127
10.6422	16.3752
10.6428	16.4377
10.6449	16.5002
10.6573	16.5627
10.6587	16.6252
10.6622	16.6877
10.6636	16.7502
10.665	16.8127
10.6664	16.8752
10.6678	16.9377
10.6692	17.0002
10.6706	17.059
10.6719	17.1178
10.6733	17.1766
10.6741	17.2355
10.6747	17.2943
10.6754	17.3531
10.6761	17.4119
10.6768	17.4708
10.6775	17.5296
10.6782	17.5884
10.679	17.6472
10.6818	17.7061
10.6832	17.7649
10.686	17.8237
10.6874	17.8825
10.6887	17.9414
10.6919	18.0002
10.6953	18.0557
10.699	18.1113
10.7015	18.1668
10.7035	18.2224
10.7049	18.278
10.7073	18.3335
10.7094	18.3891
10.7121	18.4446
10.7139	18.5002
10.7153	18.5557
10.7167	18.6113
10.7217	18.6668
10.7224	18.7224
10.7231	18.778
10.7237	18.8335
10.7245	18.8891
10.7252	18.9446
10.7259	19.0002
10.7267	19.0528
10.7274	19.1054
10.728	19.1581
10.7287	19.2107
10.7307	19.2633
10.7363	19.316
10.7391	19.3686
10.7405	19.4212
10.7419	19.4739
10.744	19.5265
10.7467	19.5791
10.7495	19.6318
10.7502	19.6844
10.7524	19.737
10.7524	19.7897
10.7524	19.8423
10.7579	19.8949
10.7586	19.9475
10.7605	20.0002
10.7611	20.0502
10.762	20.1002
10.7639	20.1502
10.7662	20.2002
10.7701	20.2502
10.7715	20.3002
10.7722	20.3502
10.7729	20.4002
10.7738	20.4502
10.7755	20.5002
10.7794	20.5502
10.7836	20.6002
10.7849	20.6502
10.79	20.7002
10.7907	20.7502
10.7928	20.8002
10.7951	20.8502
10.7962	20.9002
10.799	20.9502
10.8004	21.0002
10.8018	21.0478
10.8066	21.0954
10.808	21.143
10.8095	21.1907
10.8109	21.2383
10.8128	21.2859
10.8143	21.3335
10.8157	21.3811
10.8198	21.4288
10.8212	21.4764
10.8219	21.524
10.8227	21.5716
10.8237	21.6192
10.8244	21.6668
10.8251	21.7145
10.8285	21.7621
10.8299	21.8097
10.8322	21.8573
10.8341	21.9049
10.8354	21.9526
10.8368	22.0002
10.8389	22.0456
10.8423	22.0911
10.8478	22.1365
10.8485	22.182
10.8506	22.2275
10.854	22.2729
10.8567	22.3184
10.8616	22.3638
10.864	22.4093
10.8648	22.4547
10.8662	22.5002
10.8743	22.5456
10.8757	22.5911
10.8862	22.6365
10.8875	22.682
10.8917	22.7275
10.8949	22.7729
10.8982	22.8184
10.9008	22.8638
10.9022	22.9093
10.9042	22.9547
10.9063	23.0002
10.9098	23.0437
10.9119	23.0871
10.9155	23.1306
10.9161	23.1741
10.9168	23.2176
10.9182	23.261
10.9189	23.3045
10.9195	23.348
10.9203	23.3915
10.921	23.435
10.9217	23.4784
10.9356	23.5219
10.937	23.5654
10.9384	23.6089
10.9397	23.6524
10.9405	23.6958
10.943	23.7393
10.9438	23.7828
10.9444	23.8263
10.9451	23.8697
10.9458	23.9132
10.9486	23.9567
10.9493	24.0002
10.9499	24.0418
10.9522	24.0835
10.9573	24.1252
10.9598	24.1668
10.9627	24.2085
10.9689	24.2502
10.9702	24.2918
10.9743	24.3335
10.9798	24.3752
10.9819	24.4168
10.9826	24.4585
10.9847	24.5002
10.9854	24.5418
10.9875	24.5835
10.9896	24.6252
10.9903	24.6668
10.991	24.7085
10.9917	24.7502
10.9924	24.7918
10.993	24.8335
10.9937	24.8752
11.0128	24.9168
11.0156	24.9585
11.019	25.0002
11.0211	25.0402
11.0232	25.0802
11.0273	25.1202
11.0286	25.1602
11.03	25.2002
11.0328	25.2402
11.0349	25.2802
11.0369	25.3202
11.0383	25.3602
11.0404	25.4002
11.0411	25.4402
11.0439	25.4802
11.0446	25.5202
11.046	25.5602
11.0474	25.6002
11.0481	25.6402
11.0489	25.6802
11.0502	25.7202
11.0515	25.7602
11.0529	25.8002
11.0549	25.8402
11.0668	25.8802
11.0696	25.9202
11.0737	25.9602
11.0758	26.0002
11.0772	26.0386
11.0786	26.0771
11.08	26.1156
11.0814	26.154
11.0828	26.1925
11.0848	26.2309
11.0876	26.2694
11.0897	26.3079
11.0917	26.3463
11.0945	26.3848
11.0958	26.4233
11.1001	26.4617
11.1028	26.5002
11.1098	26.5386
11.1134	26.5771
11.1175	26.6156
11.1211	26.654
11.1225	26.6925
11.1241	26.7309
11.1245	26.7694
11.1252	26.8079
11.1259	26.8463
11.1266	26.8848
11.128	26.9233
11.1369	26.9617
11.139	27.0002
11.141	27.0372
11.1424	27.0743
11.1438	27.1113
11.1473	27.1483
11.1499	27.1854
11.1507	27.2224
11.1513	27.2594
11.1548	27.2965
11.1571	27.3335
11.1612	27.3705
11.163	27.4076
11.1672	27.4446
11.1693	27.4817
11.1741	27.5187
11.1749	27.5557
11.1757	27.5928
11.1764	13.7964
11.1769	13.8733
11.1776	13.9502
11.179	14.0272
11.1818	14.0986
11.1825	14.17
11.1838	14.2414
11.1853	14.3129
11.1859	14.3843
11.1873	14.4557
11.19	14.5272
11.1914	14.5986
11.1961	14.67
11.1975	14.7414
11.2042	14.8129
11.2069	14.8843
11.209	14.9557
11.2111	15.0272
11.2146	15.0938
11.2173	15.1605
11.2206	15.2272
11.2219	15.2938
11.2262	15.3605
11.2283	15.4272
11.2304	15.4938
11.2325	15.5605
11.2339	15.6272
11.2367	15.6938
11.2374	15.7605
11.2388	15.8272
11.245	15.8938
11.2512	15.9605
11.2519	7.98024
11.2549	8.1231
11.2563	8.2481
11.2565	8.3731
11.2576	8.4981
11.2714	8.6231
11.2722	8.7481
11.2756	8.8731
11.277	8.9981
11.2789	9.1231
11.2805	9.23421
11.2811	9.34532
11.2832	9.45643
11.2853	9.56755
11.2863	9.67866
11.3037	9.78977
11.3044	9.90088
11.305	10.012
11.3064	10.112
11.3071	10.212
11.3113	10.312
11.3119	10.412
11.314	10.512
11.3264	10.612
11.3272	10.712
11.3286	10.812
11.3307	10.912
11.3327	11.012
11.3341	11.1029
11.3369	11.1938
11.3375	11.2847
11.3389	11.3756
11.3555	11.4665
11.3563	11.5574
11.3577	11.6484
11.3591	11.7393
11.3597	11.8302
11.3611	11.9211
11.3628	12.012
11.3649	12.0953
11.3669	12.1787
11.3704	12.262
11.3726	12.3453
11.376	12.4287
11.3768	12.512
11.3781	12.5953
11.3831	12.6787
11.4031	12.762
11.4038	12.8453
11.4079	12.9287
11.4086	13.012
11.41	13.0889
11.4113	13.1658
11.4127	13.2428
11.4161	13.3197
11.4199	13.3966
11.422	13.4735
11.4247	13.5505
11.4261	13.6274
11.4281	13.7043
11.4295	13.7812
11.4309	13.8581
11.435	13.9351
11.4533	14.012
11.4547	14.0834
11.4595	14.1548
11.4609	14.2263
11.4623	14.2977
11.463	14.3691
11.4637	14.4406
11.4659	14.512
11.468	14.5834
11.4694	14.6548
11.4701	14.7263
11.4715	14.7977
11.4728	14.8691
11.4742	14.9406
11.4756	15.012
11.4763	15.0787
11.4905	15.1453
11.5013	15.212
11.5049	15.2787
11.5116	15.3453
11.5137	15.412
11.5165	15.4787
11.5178	15.5453
11.5185	15.612
11.5199	15.6787
11.5213	15.7453
11.5242	15.812
11.5262	15.8787
11.5278	15.9453
11.5285	16.012
11.5292	16.0745
11.53	16.137
11.5316	16.1995
11.5323	16.262
11.5344	16.3245
11.5461	16.387
11.5468	16.4495
11.5475	16.512
11.5483	16.5745
11.5499	16.637
11.5527	16.6995
11.554	16.762
11.5563	16.8245
11.5577	16.887
11.5591	16.9495
11.5604	17.012
11.5625	17.0708
11.569	17.1296
11.5711	17.1885
11.5738	17.2473
11.5773	17.3061
11.5807	17.3649
11.5822	17.4238
11.5835	17.4826
11.5849	17.5414
11.5863	17.6002
11.5876	17.659
11.589	17.7179
11.5904	17.7767
11.5911	17.8355
11.5918	17.8943
11.5925	17.9532
11.5932	18.012
11.5939	18.0675
11.5967	18.1231
11.5974	18.1787
11.5995	18.2342
11.6029	18.2898
11.6037	18.3453
11.605	18.4009
11.607	18.4564
11.6078	18.512
11.6091	18.5675
11.6112	18.6231
11.614	18.6787
11.6181	18.7342
11.6208	18.7898
11.6228	18.8453
11.6242	18.9009
11.6276	9.45044
11.6308	9.56155
11.6329	9.67266
11.6374	9.78377
11.6378	9.89488
11.6395	10.006
11.6415	10.106
11.6429	10.206
11.6472	10.306
11.6495	10.406
11.652	10.506
11.6524	10.606
11.6538	10.706
11.6551	10.806
11.6565	10.906
11.6579	11.006
11.6593	11.0969
11.6606	11.1878
11.6711	11.2787
11.6732	11.3696
11.6739	11.4605
11.6745	11.5514
11.6759	11.6424
11.678	11.7333
11.6815	11.8242
11.6822	11.9151
11.684	12.006
11.6847	12.0893
11.6875	6.04466
11.6941	6.21133
11.6956	6.378
11.6977	6.54466
11.6991	6.71133
11.7005	6.878
11.7019	7.04466
11.7032	7.18752
11.7046	7.33038
11.7074	7.47324
11.713	7.61609
11.7137	7.75895
11.7186	7.90181
11.7207	8.04466
11.7227	8.16966
11.7241	8.29466
11.7268	8.41966
11.7442	8.54466
11.7455	8.66966
11.7463	8.79466
11.7476	8.91966
11.7483	9.04466
11.7565	9.15578
11.7572	9.26689
11.7577	9.378
11.7764	9.48911
11.7777	9.60022
11.7805	9.71133
11.7814	9.82244
11.7827	9.93355
11.7848	10.0447
11.7917	10.1447
11.7955	10.2447
11.7955	10.3447
11.7956	10.4447
11.8011	10.5447
11.8018	10.6447
11.8119	10.7447
11.8132	10.8447
11.8216	10.9447
11.826	11.0447
11.8301	11.1356
11.8337	11.2265
11.8365	11.3174
11.8394	11.4083
11.8481	11.4992
11.8489	11.5901
11.8496	11.681
11.8501	11.7719
11.8745	11.8628
11.8759	11.9538
11.8781	12.0447
11.8809	12.128
11.8822	12.2113
11.8849	12.2947
11.8863	12.378
11.8876	12.4613
11.8898	12.5447
11.8935	12.628
11.8942	12.7113
11.9057	12.7947
11.9085	12.878
11.9133	12.9613
11.9153	13.0447
11.9195	13.1216
11.9222	13.1985
11.9236	13.2754
11.9284	13.3524
11.9304	13.4293
11.9332	13.5062
11.9339	13.5831
11.9346	13.66
11.9442	13.737
11.9449	13.8139
11.9492	13.8908
11.9519	13.9677
11.9547	14.0447
11.956	14.1161
11.9574	14.1875
11.9588	14.2589
11.9602	14.3304
11.9615	14.4018
11.9622	14.4732
11.963	14.5447
11.9658	14.6161
11.987	14.6875
11.9884	14.7589
11.9907	14.8304
11.9928	14.9018
11.9942	14.9732
11.9956	15.0447
11.997	15.1113
11.9976	15.178
11.9991	15.2447
12.0011	15.3113
12.0039	15.378
12.0053	15.4447
12.006	15.5113
12.0073	15.578
12.0211	15.6447
12.0218	15.7113
12.0239	15.778
12.0246	15.8447
12.0253	15.9113
12.026	15.978
12.0274	16.0447
12.0287	16.1072
12.0294	16.1697
12.0315	16.2322
12.0322	16.2947
12.0349	16.3572
12.0363	16.4197
12.0397	16.4822
12.0473	16.5447
12.0688	16.6072
12.0694	16.6697
12.0715	16.7322
12.0743	16.7947
12.0798	16.8572
12.0805	16.9197
12.0812	16.9822
12.0826	17.0447
12.0833	17.1035
12.0839	17.1623
12.0846	17.2211
12.0853	17.28
12.0867	17.3388
12.0881	17.3976
12.0894	17.4564
12.0922	17.5153
12.1214	17.5741
12.1227	17.6329
12.1248	17.6917
12.1263	17.7505
12.1276	17.8094
12.1297	17.8682
12.1324	17.927
12.1345	17.9858
12.1365	18.0447
12.1379	18.1002
12.14	18.1558
12.1413	18.2113
12.1434	18.2669
12.1448	18.3224
12.1472	18.378
12.1485	9.189
12.1506	9.30011
12.1768	9.41122
12.1782	9.52233
12.1796	9.63344
12.1831	9.74455
12.1866	9.85567
12.1886	9.96678
12.1907	10.0779
12.1927	10.1779
12.1948	10.2779
12.1955	10.3779
12.1969	10.4779
12.1982	10.5779
12.1989	10.6779
12.2003	10.7779
12.201	10.8779
12.2031	10.9779
12.2383	11.0779
12.2396	11.1688
12.2424	11.2597
12.2445	11.3506
12.2459	11.4415
12.2523	11.5324
12.2542	11.6233
12.2584	11.7143
12.2618	11.8052
12.2651	11.8961
12.2851	11.987
12.2857	12.0779
12.2864	12.1612
12.2878	12.2446
12.2899	12.3279
12.2906	12.4112
12.2933	12.4946
12.2964	12.5779
12.2985	12.6612
12.2999	12.7446
12.302	12.8279
12.3185	12.9112
12.3192	12.9946
12.3199	13.0779
12.3206	13.1548
12.3227	13.2317
12.3302	13.3087
12.3316	13.3856
12.3323	13.4625
12.3348	13.5394
12.3391	13.6163
12.3405	13.6933
12.3411	13.7702
12.3474	13.8471
12.3481	13.924
12.3501	14.001
12.3502	14.0724
12.3503	14.1438
12.3509	14.2153
12.3565	14.2867
12.3584	14.3581
12.3599	14.4295
12.3633	14.501
12.3668	14.5724
12.3696	14.6438
12.3716	14.7153
12.3771	14.7867
12.3792	14.8581
12.3799	14.9295
12.3806	15.001
12.3812	15.0676
12.382	15.1343
12.3856	15.201
12.3876	15.2676
12.3883	15.3343
12.3897	15.401
12.3913	15.4676
12.3959	15.5343
12.3994	15.601
12.4007	15.6676
12.4056	15.7343
12.4063	15.801
12.407	15.8676
12.4083	15.9343
12.409	16.001
12.4114	16.0635
12.4131	16.126
12.4156	16.1885
12.4177	16.251
12.4184	16.3135
12.4198	16.376
12.4205	16.4385
12.4239	16.501
12.426	16.5635
12.4293	16.626
12.437	16.6885
12.4377	16.751
12.4405	16.8135
12.4418	16.876
12.4425	16.9385
12.4432	17.001
12.4446	17.0598
12.4473	17.1186
12.4515	8.55931
12.4548	8.68431
12.4548	8.80931
12.455	8.93431
12.457	9.05931
12.4584	9.17042
12.4591	9.28153
12.4598	9.39264
12.4619	9.50375
12.4633	9.61486
12.4647	9.72597
12.4661	9.83708
12.4683	9.94819
12.469	10.0593
12.4724	10.1593
12.4807	10.2593
12.4814	10.3593
12.4925	10.4593
12.4934	10.5593
12.4949	10.6593
12.4962	10.7593
12.4976	10.8593
12.5	10.9593
12.5014	11.0593
12.5028	11.1502
12.5055	11.2411
12.5082	11.332
12.5191	11.4229
12.52	11.5139
12.5205	11.6048
12.5212	11.6957
12.5233	11.7866
12.524	11.8775
12.5262	11.9684
12.5262	12.0593
12.5268	12.1426
12.5275	12.226
12.5295	12.3093
12.5352	12.3926
12.5373	12.476
12.5387	12.5593
12.5408	12.6426
12.5451	12.726
12.5472	12.8093
12.55	12.8926
12.5514	12.976
12.5521	13.0593
12.5534	13.1362
12.5548	13.2132
12.5562	13.2901
12.5618	13.367
12.5645	13.4439
12.5652	13.5208
12.5659	13.5978
12.568	13.6747
12.5686	13.7516
12.5727	13.8285
12.5741	13.9055
12.5748	13.9824
12.5755	14.0593
12.5783	14.1307
12.5796	14.2022
12.581	14.2736
12.5893	14.345
12.5908	14.4164
12.5914	14.4879
12.5921	14.5593
12.5928	14.6307
12.5935	14.7022
12.5942	14.7736
12.5949	14.845
12.5962	14.9164
12.597	14.9879
12.5976	15.0593
12.6004	15.126
12.6012	15.1926
12.6026	15.2593
12.6069	15.326
12.6131	15.3926
12.6138	15.4593
12.6145	15.526
12.6151	15.5926
12.6159	15.6593
12.6172	15.726
12.6186	15.7926
12.62	15.8593
12.6248	15.926
12.6255	15.9926
12.6261	16.0593
12.6275	16.1218
12.6296	16.1843
12.6324	16.2468
12.6359	16.3093
12.638	16.3718
12.6387	16.4343
12.6393	16.4968
12.64	16.5593
12.6407	16.6218
12.6414	16.6843
12.6421	16.7468
12.6428	16.8093
12.6435	16.8718
12.6459	16.9343
12.648	16.9968
12.6529	17.0593
12.6544	17.1181
12.6551	17.177
12.6572	17.2358
12.6607	17.2946
12.662	17.3534
12.6634	17.4122
12.6648	17.4711
12.6677	17.5299
12.6684	17.5887
12.6698	17.6475
12.6726	17.7064
12.6733	17.7652
12.6747	17.824
12.6761	17.8828
12.6775	17.9417
12.6788	18.0005
12.6802	18.056
12.6816	18.1116
12.6837	18.1671
12.6848	18.2227
12.6879	18.2783
12.6894	18.3338
12.6907	18.3894
12.6914	18.4449
12.6923	18.5005
12.6929	18.556
12.6961	18.6116
12.6996	18.6671
12.6996	18.7227
12.7002	18.7783
12.7009	18.8338
12.7023	18.8894
12.7037	18.9449
12.7061	19.0005
12.7065	19.0531
12.7078	19.1057
12.7093	19.1584
12.7113	19.211
12.7121	19.2636
12.7134	19.3163
12.7141	19.3689
12.7149	19.4215
12.717	19.4742
12.7197	19.5268
12.722	19.5794
12.7227	19.6321
12.7241	19.6847
12.7248	19.7373
12.7309	19.79
12.733	19.8426
12.7337	19.8952
12.736	19.9479
12.7374	20.0005
12.7408	20.0505
12.7422	20.1005
12.7434	20.1505
12.7442	20.2005
12.7455	20.2505
12.7462	20.3005
12.7469	20.3505
12.7483	20.4005
12.7519	20.4505
12.7546	20.5005
12.7595	20.5505
12.7606	20.6005
12.7636	20.6505
12.7654	20.7005
12.7766	20.7505
12.7809	20.8005
12.7816	20.8505
12.7838	20.9005
12.7844	20.9505
12.7851	21.0005
12.7858	21.0481
12.7865	21.0957
12.7872	21.1433
12.7886	21.191
12.7913	21.2386
12.7934	21.2862
12.794	21.3338
12.7969	21.3814
12.7996	21.4291
12.8024	21.4767
12.8067	21.5243
12.8073	21.5719
12.8126	21.6195
12.8134	21.6671
12.8251	21.7148
12.8265	21.7624
12.8295	21.81
12.8342	21.8576
12.8369	21.9052
12.8383	21.9529
12.8414	22.0005
12.8428	22.0459
12.8456	22.0914
12.8463	22.1368
12.8477	22.1823
12.8484	22.2278
12.8492	22.2732
12.8499	22.3187
12.8514	22.3641
12.8522	22.4096
12.8528	22.455
12.8625	22.5005
12.8631	22.5459
12.8736	22.5914
12.877	22.6368
12.8806	22.6823
12.8813	22.7278
12.882	22.7732
12.8834	22.8187
12.8841	22.8641
12.8848	22.9096
12.8862	22.955
12.8876	23.0005
12.8903	23.044
12.891	23.0874
12.8943	23.1309
12.895	23.1744
12.8956	23.2179
12.8963	23.2614
12.897	23.3048
12.8977	23.3483
12.8992	23.3918
12.8999	23.4353
12.9035	23.4787
12.9042	23.5222
12.9121	23.5657
12.9153	23.6092
12.9221	23.6527
12.9243	23.6961
12.9257	23.7396
12.9264	23.7831
12.927	23.8266
12.9284	23.87
12.9291	23.9135
12.9298	23.957
12.9315	24.0005
12.9322	24.0421
12.9329	24.0838
12.9336	24.1255
12.9343	24.1671
12.9351	24.2088
12.9364	24.2505
12.9385	24.2921
12.9399	24.3338
12.949	24.3755
12.9505	24.4171
12.9539	24.4588
12.9552	24.5005
12.9601	24.5421
12.9635	24.5838
12.967	24.6255
12.9683	24.6671
12.9697	24.7088
12.9704	24.7505
12.9711	24.7921
12.9725	24.8338
12.9732	24.8755
12.9739	24.9171
12.9746	24.9588
12.9753	25.0005
12.976	25.0405
12.9767	25.0805
12.9773	25.1205
12.978	25.1605
12.9787	25.2005
12.9794	25.2405
12.9808	25.2805
12.9821	25.3205
12.9915	25.3605
12.9922	25.4005
12.9951	25.4405
12.9992	25.4805
13.0048	25.5205
13.0082	25.5605
13.0158	25.6005
13.0186	25.6405
13.0199	25.6805
13.0207	25.7205
13.0214	25.7605
13.0227	25.8005
13.0234	25.8405
13.0248	25.8805
13.0255	25.9205
13.0268	25.9605
13.0275	26.0005
13.0289	26.0389
13.0303	26.0774
13.031	26.1159
13.0317	26.1543
13.0331	26.1928
13.0338	26.2313
13.0344	26.2697
13.0352	26.3082
13.0366	26.3466
13.038	26.3851
13.0394	26.4236
13.0442	26.462
13.0498	26.5005
13.0575	26.5389
13.0602	26.5774
13.0623	26.6159
13.0637	26.6543
13.0666	26.6928
13.0712	26.7313
13.0727	26.7697
13.0733	26.8082
13.074	26.8466
13.0754	26.8851
13.0768	26.9236
13.0802	26.962
13.0809	27.0005
13.0839	27.0375
13.0845	27.0746
13.0852	27.1116
13.0859	27.1486
13.0866	27.1857
13.088	27.2227
13.0887	27.2597
13.0894	27.2968
13.0901	27.3338
13.0924	27.3709
13.093	27.4079
13.0937	27.4449
13.0993	27.482
13.1048	27.519
13.109	27.556
13.1103	27.5931
13.1158	27.6301
13.1214	27.6671
13.1243	27.7042
13.125	27.7412
13.1263	27.7783
13.1277	27.8153
13.1284	27.8523
13.1291	27.8894
13.1312	27.9264
13.1319	27.9634
13.1326	28.0005
13.1333	28.0362
13.134	28.0719
13.1347	28.1076
13.1354	28.1433
13.1361	28.1791
13.1375	28.2148
13.1389	28.2505
13.1396	28.2862
13.1403	28.3219
13.1429	28.3576
13.145	28.3933
13.1464	28.4291
13.1471	28.4648
13.1526	28.5005
13.1541	28.5362
13.1568	28.5719
13.1588	28.6076
13.1609	28.6433
13.1639	28.6791
13.1653	28.7148
13.166	28.7505
13.1667	28.7862
13.1696	28.8219
13.1711	14.411
13.1731	14.4824
13.1737	14.5538
13.1763	14.6252
13.1764	14.6967
13.1766	14.7681
13.1779	14.8395
13.1793	14.911
13.18	14.9824
13.1807	15.0538
13.1828	15.1205
13.1841	15.1871
13.1862	15.2538
13.1882	15.3205
13.1894	15.3871
13.1901	15.4538
13.1908	15.5205
13.1922	15.5871
13.1965	15.6538
13.1979	15.7205
13.1996	15.7871
13.2003	15.8538
13.201	15.9205
13.2017	15.9871
13.2024	16.0538
13.2031	16.1163
13.2038	16.1788
13.2045	16.2413
13.2055	16.3038
13.2061	16.3663
13.208	16.4288
13.2087	16.4913
13.2094	16.5538
13.2101	16.6163
13.2108	16.6788
13.2115	16.7413
13.2122	16.8038
13.2128	16.8663
13.2136	16.9288
13.2143	16.9913
13.215	17.0538
13.2156	17.1126
13.2163	17.1715
13.2171	17.2303
13.2222	17.2891
13.2229	17.3479
13.2236	17.4068
13.2242	17.4656
13.2316	17.5244
13.2372	17.5832
13.2379	17.642
13.2386	17.7009
13.2393	17.7597
13.24	17.8185
13.2422	17.8773
13.2438	17.9362
13.2451	17.995
13.2459	18.0538
13.2466	18.1094
13.2475	18.1649
13.2498	18.2205
13.2659	18.276
13.2673	18.3316
13.2681	18.3871
13.2686	18.4427
13.2791	18.4983
13.2859	18.5538
13.2866	18.6094
13.2873	18.6649
13.2884	18.7205
13.2887	18.776
13.2895	18.8316
13.2903	18.8871
13.2926	18.9427
13.2932	18.9983
13.2941	19.0538
13.2951	19.1064
13.2961	19.1591
13.2969	19.2117
13.3106	19.2643
13.3132	19.317
13.3141	19.3696
13.3148	19.4222
13.3248	19.4749
13.3342	19.5275
13.3351	19.5801
13.3356	19.6328
13.3384	19.6854
13.3407	19.738
13.342	19.7907
13.3426	19.8433
13.3436	19.8959
13.3443	19.9485
13.3449	20.0012
13.3456	20.0512
13.3464	20.1012
13.347	20.1512
13.3478	20.2012
13.3597	20.2512
13.3609	20.3012
13.3617	20.3512
13.3624	20.4012
13.3756	20.4512
13.3837	20.5012
13.3843	20.5512
13.3857	20.6012
13.3864	20.6512
13.3872	20.7012
13.3879	20.7512
13.3884	20.8012
13.3891	20.8512
13.3898	20.9012
13.3919	20.9512
13.393	21.0012
13.3943	21.0488
13.395	21.0964
13.3957	21.144
13.3969	21.1917
13.4116	21.2393
13.4128	21.2869
13.4129	21.3345
13.4137	21.3821
13.4236	21.4298
13.4253	21.4774
13.4261	21.525
13.4271	21.5726
13.4279	21.6202
13.4286	21.6678
13.4294	21.7155
13.4299	21.7631
13.4307	21.8107
13.4315	21.8583
13.4329	21.9059
13.4336	21.9536
13.4343	22.0012
13.435	22.0466
13.4357	22.0921
13.4366	22.1375
13.4372	22.183
13.4523	22.2285
13.453	22.2739
13.4537	22.3194
13.4544	22.3648
13.4647	22.4103
13.4679	22.4557
13.4686	22.5012
13.4693	22.5466
13.4701	22.5921
13.4709	22.6375
13.4718	22.683
13.4726	22.7285
13.4733	22.7739
13.4745	22.8194
13.4746	22.8648
13.4753	22.9103
13.4759	22.9557
13.4767	23.0012
13.4773	23.0447
13.4786	23.0881
13.4793	23.1316
13.48	23.1751
13.4871	23.2186
13.4878	23.2621
13.4885	23.3055
13.4892	23.349
13.5002	23.3925
13.5051	23.436
13.5058	23.4794
13.5065	23.5229
13.5072	23.5664
13.5079	23.6099
13.5086	23.6534
13.5093	23.6968
13.5106	23.7403
13.5113	23.7838
13.512	23.8273
13.5127	23.8707
13.5134	23.9142
13.5141	23.9577
13.5148	24.0012
13.5155	24.0428
13.5162	24.0845
13.5169	24.1262
13.5176	24.1678
13.5227	24.2095
13.5234	24.2512
13.5242	24.2928
13.525	24.3345
13.5376	24.3762
13.5432	24.4178
13.5438	24.4595
13.5445	24.5012
13.5452	24.5428
13.5459	24.5845
13.5466	24.6262
13.5473	24.6678
13.5494	24.7095
13.5501	24.7512
13.5508	24.7928
13.5521	24.8345
13.5527	24.8762
13.5534	24.9178
13.5542	24.9595
13.5548	25.0012
13.5557	25.0412
13.5562	25.0812
13.5574	25.1212
13.5581	25.1612
13.5619	25.2012
13.5626	25.2412
13.5637	25.2812
13.565	25.3212
13.5781	25.3612
13.5835	25.4012
13.5842	25.4412
13.5849	25.4812
13.5856	25.5212
13.5863	25.5612
13.5874	25.6012
13.5878	25.6412
13.5891	25.6812
13.5898	25.7212
13.5906	25.7612
13.5913	25.8012
13.592	25.8412
13.5935	25.8812
13.5942	25.9212
13.5949	25.9612
13.5955	26.0012
13.5962	26.0396
13.5969	26.0781
13.5976	26.1166
13.5983	26.155
13.6023	26.1935
13.6029	26.232
13.6041	26.2704
13.6052	26.3089
13.6131	26.3473
13.6191	26.3858
13.6198	26.4243
13.6208	26.4627
13.6215	26.5012
13.6222	26.5396
13.6229	26.5781
13.6236	26.6166
13.6246	26.655
13.6254	26.6935
13.6267	26.732
13.6274	26.7704
13.6281	26.8089
13.6288	26.8473
13.6295	26.8858
13.6302	26.9243
13.6312	26.9627
13.6316	27.0012
13.6323	27.0382
13.633	27.0753
13.6336	27.1123
13.6343	27.1493
13.6387	27.1864
13.6394	27.2234
13.6402	27.2604
13.6413	27.2975
13.6521	27.3345
13.6562	27.3716
13.6571	27.4086
13.6578	27.4456
13.6585	27.4827
13.6592	27.5197
13.6599	27.5567
13.6611	27.5938
13.6619	27.6308
13.6626	27.6678
13.6634	27.7049
13.6641	27.7419
13.6649	27.779
13.6656	27.816
13.6663	27.853
13.667	27.8901
13.6677	27.9271
13.6684	27.9641
13.6691	28.0012
13.6698	28.0369
13.6705	28.0726
13.6712	28.1083
13.6718	28.144
13.6763	28.1798
13.677	28.2155
13.6779	28.2512
13.6786	28.2869
13.6875	28.3226
13.6916	28.3583
13.6927	28.394
13.6935	28.4298
13.6942	28.4655
13.6949	28.5012
13.6958	28.5369
13.6964	28.5726
13.6971	28.6083
13.6985	28.644
13.6992	28.6798
13.7	28.7155
13.7007	28.7512
13.7013	28.7869
13.702	28.8226
13.7029	28.8583
13.7036	28.894
13.7043	28.9298
13.705	28.9655
13.7057	29.0012
13.7064	29.0357
13.707	29.0701
13.7077	29.1046
13.7084	29.1391
13.713	29.1736
13.7136	29.2081
13.7144	29.2426
13.715	29.277
13.724	29.3115
13.7284	29.346
13.7291	29.3805
13.7298	29.415
13.7305	29.4495
13.7312	29.4839
13.732	29.5184
13.7328	29.5529
13.7335	29.5874
13.7349	29.6219
13.7356	29.6564
13.7363	29.6908
13.737	29.7253
13.7377	29.7598
13.7388	29.7943
13.7398	29.8288
13.7405	29.8632
13.7421	29.8977
13.7428	29.9322
13.7435	29.9667
13.7442	30.0012
13.7448	30.0345
13.7455	30.0678
13.7462	30.1012
13.747	30.1345
13.7477	30.1678
13.7496	30.2012
13.7503	30.2345
13.751	30.2678
13.7605	30.3012
13.7629	30.3345
13.7638	30.3678
13.7645	30.4012
13.7655	30.4345
13.7661	30.4678
13.7675	30.5012
13.7684	30.5345
13.769	30.5678
13.7698	30.6012
13.7704	30.6345
13.7711	30.6678
13.772	30.7012
13.7732	30.7345
13.7743	30.7678
13.7748	30.8012
13.7755	30.8345
13.7762	30.8678
13.7768	30.9012
13.7776	30.9345
13.7783	30.9678
13.7789	31.0012
13.78	31.0334
13.7806	31.0657
13.7814	31.098
13.7822	31.1302
13.7828	31.1625
13.7836	31.1947
13.7844	31.227
13.7851	31.2592
13.789	31.2915
13.7926	31.3238
13.7926	31.356
13.7933	31.3883
13.7938	31.4205
13.7949	31.4528
13.7958	31.4851
13.7965	31.5173
13.7972	31.5496
13.7979	31.5818
13.7989	31.6141
13.7996	31.6463
13.8002	31.6786
13.801	31.7109
13.8017	31.7431
13.8024	31.7754
13.8031	31.8076
13.8037	31.8399
13.8045	31.8721
13.8051	31.9044
13.8058	31.9367
13.8065	31.9689
13.8072	32.0012
13.8079	32.0324
13.8086	32.0637
13.8093	32.0949
13.81	32.1262
13.811	32.1574
13.8117	32.1887
13.8131	32.2199
13.8138	32.2512
13.8194	32.2824
13.8204	32.3137
13.8213	32.3449
13.8219	32.3762
13.8226	32.4074
13.8233	32.4387
13.8241	32.4699
13.8247	32.5012
13.8255	32.5324
13.8261	32.5637
13.8268	32.5949
13.8276	32.6262
13.8282	32.6574
13.8289	32.6887
13.8296	32.7199
13.8311	32.7512
13.8317	32.7824
13.8324	32.8137
13.8332	32.8449
13.8339	32.8762
13.8345	32.9074
13.8356	32.9387
13.836	32.9699
13.8367	33.0012
13.8374	33.0315
13.8381	33.0618
13.8389	33.0921
13.8395	33.1224
13.8401	33.1527
13.8408	33.183
13.8415	33.2133
13.8423	33.2436
13.8436	33.2739
13.8456	33.3042
13.8463	33.3345
13.8471	33.3648
13.8479	33.3951
13.8487	33.4254
13.8507	33.4557
13.8515	33.486
13.8522	33.5163
13.8528	33.5466
13.8534	33.5769
13.8541	33.6072
13.8548	33.6375
13.8555	33.6678
13.8562	33.6982
13.8569	33.7285
13.8577	33.7588
13.8582	33.7891
13.859	33.8194
13.8596	33.8497
13.8604	33.88
13.8611	33.9103
13.8618	33.9406
13.8625	33.9709
13.8634	34.0012
13.8641	34.0306
13.8649	34.06
13.8656	34.0894
13.8663	34.1188
13.8672	34.1482
13.8679	34.1777
13.8685	34.2071
13.8692	34.2365
13.8711	34.2659
13.8741	34.2953
13.8755	34.3247
13.8767	34.3541
13.8775	34.3835
13.8781	34.4129
13.8788	34.4424
13.8795	34.4718
13.8802	34.5012
13.881	34.5306
13.8825	34.56
13.883	34.5894
13.8837	34.6188
13.8844	34.6482
13.8851	34.6777
13.8858	34.7071
13.8865	34.7365
13.8871	34.7659
13.8878	34.7953
13.8885	34.8247
13.8902	34.8541
13.8909	34.8835
13.8917	34.9129
13.8924	34.9424
13.8931	34.9718
13.8938	35.0012
13.8945	35.0298
13.8957	35.0583
13.8964	35.0869
13.8971	35.1155
13.8978	35.144
13.8985	35.1726
13.8992	35.2012
13.8999	35.2298
13.9017	35.2583
13.9041	35.2869
13.9048	35.3155
13.9056	35.344
13.9068	35.3726
13.9075	35.4012
13.9083	35.4298
13.9089	35.4583
13.9096	35.4869
13.9103	35.5155
13.911	35.544
13.9117	35.5726
13.9123	35.6012
13.913	35.6298
13.9137	35.6583
13.9147	35.6869
13.9154	35.7155
13.9161	35.744
13.9168	35.7726
13.9176	35.8012
13.9182	35.8298
13.919	35.8583
13.9197	35.8869
13.9203	35.9155
13.921	35.944
13.9218	35.9726
13.9224	36.0012
13.9231	36.029
13.9238	36.0567
13.9245	36.0845
13.9252	36.1123
13.926	36.1401
13.9267	36.1678
13.9274	36.1956
13.928	36.2234
13.9287	36.2512
13.9295	36.279
13.9302	36.3067
13.9309	36.3345
13.9316	36.3623
13.9322	36.3901
13.9329	36.4178
13.9343	36.4456
13.935	36.4734
13.9356	36.5012
13.9363	36.529
13.937	36.5567
13.9377	36.5845
13.9384	36.6123
13.9391	36.6401
13.94	36.6678
13.9407	36.6956
13.9414	36.7234
13.9421	36.7512
13.9431	36.779
13.9437	36.8067
13.9444	36.8345
13.9455	36.8623
13.9463	36.8901
13.9469	36.9178
13.9477	36.9456
13.9482	36.9734
13.9489	37.0012
13.9496	37.0282
13.9503	37.0552
13.951	37.0823
13.9517	37.1093
13.9524	37.1363
13.9531	37.1633
13.9537	37.1904
13.9544	37.2174
13.9551	37.2444
13.9558	37.2715
13.9565	37.2985
13.9572	37.3255
13.9579	37.3525
13.9586	37.3796
13.9593	37.4066
13.96	37.4336
13.9607	37.4606
13.9614	37.4877
13.9621	37.5147
13.9628	37.5417
13.9635	37.5687
13.9641	37.5958
13.9648	37.6228
13.9655	37.6498
13.9662	37.6769
13.9669	37.7039
13.9676	37.7309
13.9683	37.7579
13.969	37.785
13.9697	37.812
13.9704	37.839
13.971	37.866
13.9717	37.8931
13.9724	37.9201
13.9731	37.9471
13.9738	37.9742
13.9745	38.0012
13.9752	38.0275
13.9758	38.0538
13.9766	38.0801
13.9772	38.1064
13.9779	38.1328
13.9786	38.1591
13.9798	38.1854
13.9803	38.2117
13.981	38.238
13.9819	38.2643
13.9826	38.2907
13.9833	38.317
13.984	38.3433
13.9847	38.3696
13.9857	38.3959
13.9864	38.4222
13.9871	38.4485
13.9878	38.4749
13.9885	38.5012
13.9892	38.5275
13.9904	38.5538
13.991	38.5801
13.9917	38.6064
13.9924	38.6328
13.9931	38.6591
13.9938	38.6854
13.9945	38.7117
13.9952	38.738
13.9958	38.7643
13.9966	38.7907
13.9972	38.817
13.998	38.8433
13.9986	38.8696
13.9993	38.8959
14	38.9222
14.0007	38.9485
14.0014	38.9749
14.0021	39.0012
14.0028	39.0268
14.0035	39.0525
14.0043	39.0781
14.0049	39.1037
14.0055	39.1294
14.0063	39.155
14.0069	39.1807
14.0076	39.2063
14.0083	39.232
14.009	39.2576
14.0098	39.2832
14.0105	39.3089
14.0112	39.3345
14.0119	39.3602
14.0126	39.3858
14.0132	39.4114
14.0139	39.4371
14.0146	39.4627
14.0153	39.4884
14.016	39.514
14.0167	39.5396
14.0174	39.5653
14.0181	39.5909
14.0188	39.6166
14.0195	39.6422
14.0202	39.6678
14.0209	39.6935
14.0216	39.7191
14.0223	39.7448
14.023	39.7704
14.0237	39.7961
14.0255	39.8217
14.0262	39.8473
14.0269	39.873
14.0276	39.8986
14.0283	39.9243
14.029	39.9499
14.0304	39.9755
14.0311	40.0012
14.0318	40.0262
14.0325	40.0512
14.0332	40.0762
14.0339	40.1012
14.0346	40.1262
14.0352	40.1512
14.0359	40.1762
14.0366	40.2012
14.0374	40.2262
14.038	40.2512
14.0387	40.2762
14.0394	40.3012
14.0401	40.3262
14.0408	40.3512
14.0415	40.3762
14.0422	40.4012
14.0436	40.4262
14.0448	40.4512
14.045	40.4762
14.0457	40.5012
14.0464	40.5262
14.0471	40.5512
14.0477	40.5762
14.0484	40.6012
14.0491	40.6262
14.0498	40.6512
14.0505	40.6762
14.0512	40.7012
14.0519	40.7262
14.0526	40.7512
14.0533	40.7762
14.054	40.8012
14.0547	40.8262
14.0556	40.8512
14.0563	40.8762
14.057	40.9012
14.0577	40.9262
14.0584	40.9512
14.0591	40.9762
14.0598	41.0012
14.0604	41.0256
14.0611	41.05
14.0618	41.0744
14.0625	41.0987
14.0632	41.1231
14.0639	41.1475
14.0646	41.1719
14.0653	41.1963
14.066	41.2207
14.0667	41.2451
14.0674	41.2695
14.0684	41.2939
14.0691	41.3183
14.0698	41.3426
14.0705	41.367
14.0712	41.3914
14.0719	41.4158
14.0726	41.4402
14.0733	41.4646
14.074	41.489
14.0747	41.5134
14.0764	41.5378
14.0764	41.5622
14.0768	41.5865
14.0775	41.6109
14.0782	41.6353
14.0789	41.6597
14.0796	41.6841
14.0803	41.7085
14.081	41.7329
14.0817	41.7573
14.0824	41.7817
14.0831	41.8061
14.0838	41.8304
14.0845	41.8548
14.0852	41.8792
14.0858	41.9036
14.0867	41.928
14.0879	41.9524
14.0882	41.9768
14.0888	42.0012
14.0895	42.025
14.0901	42.0488
14.0909	21.0244
14.0915	21.072
14.0922	21.1196
14.0929	21.1673
14.0936	21.2149
14.0943	21.2625
14.095	21.3101
14.0957	21.3577
14.0964	21.4054
14.0971	21.453
14.0978	21.5006
14.0985	21.5482
14.0992	21.5958
14.0999	21.6434
14.1006	21.6911
14.1013	21.7387
14.102	21.7863
14.1027	21.8339
14.1033	21.8815
14.104	21.9292
14.1048	21.9768
14.1054	22.0244
14.1061	22.0699
14.1068	22.1153
14.1076	22.1608
14.109	22.2062
14.1097	22.2517
14.1104	22.2971
14.1111	22.3426
14.1118	22.388
14.1125	22.4335
14.1132	22.4789
14.1139	22.5244
14.1146	22.5699
14.1155	22.6153
14.1162	22.6608
14.1169	22.7062
14.1176	22.7517
14.1183	22.7971
14.1191	22.8426
14.1209	22.888
14.1215	22.9335
14.1222	22.9789
14.1229	23.0244
14.1236	23.0679
14.1243	23.1114
14.125	23.1548
14.1257	23.1983
14.1264	23.2418
14.1271	23.2853
14.1277	23.3287
14.1285	23.3722
14.1291	23.4157
14.1298	23.4592
14.1305	23.5027
14.1312	23.5461
14.1319	23.5896
14.1334	23.6331
14.134	23.6766
14.1348	23.7201
14.1354	23.7635
14.1362	23.807
14.1369	23.8505
14.1376	23.894
14.1383	23.9374
14.139	23.9809
14.1397	24.0244
14.1404	24.0661
14.1411	24.1077
14.1422	24.1494
14.1427	24.1911
14.1437	24.2327
14.1438	24.2744
14.1445	24.3161
14.1456	24.3577
14.1463	24.3994
14.1469	24.4411
14.1476	24.4827
14.1484	24.5244
14.1491	24.5661
14.1497	24.6077
14.1504	24.6494
14.1534	24.6911
14.1541	24.7327
14.1548	24.7744
14.1555	24.8161
14.1562	24.8577
14.1569	24.8994
14.1576	24.9411
14.1583	24.9827
14.1596	25.0244
14.1603	25.0644
14.1617	25.1044
14.1631	25.1444
14.1645	25.1844
14.1663	25.2244
14.1677	25.2644
14.1698	25.3044
14.1728	25.3444
14.1735	25.3844
14.1742	25.4244
14.1749	25.4644
14.176	25.5044
14.1767	25.5444
14.178	25.5844
14.1802	25.6244
14.1808	25.6644
14.1815	25.7044
14.1822	25.7444
14.183	25.7844
14.1837	25.8244
14.1848	25.8644
14.1862	25.9044
14.1869	25.9444
14.1878	25.9844
14.1892	26.0244
14.1898	26.0629
14.1906	26.1013
14.192	26.1398
14.1927	26.1782
14.194	26.2167
14.1948	26.2552
14.1955	26.2936
14.1962	26.3321
14.1969	26.3706
14.1976	26.409
14.1985	26.4475
14.1992	26.4859
14.1999	26.5244
14.2006	26.5629
14.2013	26.6013
14.2019	26.6398
14.2027	26.6782
14.2033	26.7167
14.204	26.7552
14.2048	26.7936
14.2054	26.8321
14.2061	26.8706
14.2068	26.909
14.2075	26.9475
14.2083	26.9859
14.209	27.0244
14.2102	27.0614
14.2103	27.0985
14.2115	27.1355
14.2121	27.1725
14.2129	27.2096
14.2135	27.2466
14.2142	27.2837
14.2149	27.3207
14.2156	13.6603
14.2163	13.7373
14.217	13.8142
14.2177	13.8911
14.2184	13.968
14.2191	14.045
14.2198	14.1164
14.2205	14.1878
14.2212	14.2592
14.2224	14.3307
14.2228	14.4021
14.2235	14.4735
14.2241	14.545
14.2248	14.6164
14.2255	14.6878
14.2262	14.7592
14.2269	14.8307
14.2276	14.9021
14.2283	14.9735
14.2299	15.045
14.23	15.1116
14.2304	15.1783
14.2311	15.245
14.2317	15.3116
14.2324	15.3783
14.2331	15.445
14.2355	15.5116
14.2389	15.5783
14.2396	15.645
14.2402	15.7116
14.241	15.7783
14.2427	15.845
14.2434	15.9116
14.2442	15.9783
14.2449	16.045
14.2456	16.1075
14.2462	16.17
14.2469	16.2325
14.2477	16.295
14.2484	16.3575
14.249	16.42
14.2577	16.4825
14.2608	16.545
14.2615	16.6075
14.2622	16.67
14.263	16.7325
14.2638	16.795
14.2644	16.8575
14.2659	16.92
14.2666	16.9825
14.2671	17.045
14.2678	17.1038
14.2686	17.1626
14.2692	17.2214
14.2706	17.2803
14.2714	17.3391
14.2721	17.3979
14.2781	17.4567
14.283	17.5156
14.2837	17.5744
14.2844	17.6332
14.285	17.692
14.2857	17.7508
14.2864	17.8097
14.2871	17.8685
14.2878	17.9273
14.2886	17.9861
14.2892	18.045
14.2899	18.1005
14.2902	18.1561
