time	cwndsize
0.216688	11
0.217068	12
0.217811	13
0.219085	14
0.219457	15
0.220206	16
0.220842	17
0.221551	18
0.222535	19
0.222973	20
0.224394	21
0.225098	22
0.225726	23
0.226427	24
0.227105	25
0.227776	26
0.228496	27
0.229169	28
0.229843	29
0.230539	30
0.23121	31
0.231921	32
0.232852	33
0.233332	34
0.234641	35
0.235418	36
0.237461	37
0.238801	38
0.24153	39
0.243004	40
0.244239	41
0.245674	42
0.24644	43
0.247202	44
0.24803	45
0.248764	46
0.249221	47
0.250743	48
0.251975	49
0.254717	50
0.257397	51
0.258148	52
0.25915	53
0.262958	54
0.264507	55
0.265721	56
0.267136	57
0.268501	58
0.269219	59
0.269814	60
0.270529	61
0.27199	62
0.273266	63
0.274817	64
0.275379	65
0.276193	66
0.276722	67
0.278481	68
0.279826	69
0.280156	70
0.280827	71
0.283183	72
0.283712	73
0.284343	74
0.28647	75
0.289914	76
0.290602	77
0.291219	78
0.292022	79
0.293121	80
0.294097	81
0.294694	82
0.296079	83
0.297251	84
0.297607	85
0.301902	86
0.302248	87
0.30359	88
0.304243	89
0.305699	90
0.307	91
0.30766	92
0.309037	93
0.310508	94
0.312046	95
0.315611	96
0.316981	97
0.319165	98
0.319733	99
0.321068	100
0.322476	101
0.323343	102
0.324586	103
0.326565	104
0.328911	105
0.3302	106
0.330758	107
0.332279	108
0.332927	109
0.334911	110
0.336373	111
0.337635	112
0.338574	113
0.340653	114
0.341229	115
0.342664	116
0.344347	117
0.347356	118
0.351757	119
0.353091	120
0.353788	121
0.354195	122
0.359638	123
0.361754	124
0.368082	125
0.368736	126
0.369401	127
0.371901	128
0.372053	129
0.372575	130
0.373594	131
0.374218	132
0.374566	133
0.375176	134
0.376093	135
0.377061	136
0.378338	137
0.38062	138
0.381219	139
0.38178	140
0.38259	141
0.384606	142
0.386819	143
0.388044	144
0.38938	145
0.390205	146
0.391668	147
0.394222	148
0.397789	149
0.399712	150
0.406623	151
0.408683	152
0.409466	153
0.410938	154
0.412404	155
0.413556	156
0.415312	157
0.416971	158
0.41924	159
0.421076	160
0.422553	161
0.424625	162
0.42592	163
0.428027	164
0.429426	165
0.431448	166
0.434397	167
0.435627	168
0.437031	169
0.438354	170
0.44061	171
0.441135	172
0.442544	173
0.44386	174
0.445417	175
0.446762	176
0.448169	177
0.450748	178
0.452459	179
0.454899	180
0.456232	181
0.457597	182
0.45835	183
0.4597	184
0.461087	185
0.462466	186
0.465988	187
0.46929	188
0.470677	189
0.471624	190
0.472772	191
0.475947	192
0.478746	193
0.48078	194
0.480911	195
0.483572	196
0.487048	197
0.491096	198
0.496012	199
0.499291	200
0.500962	201
0.502218	202
0.502907	203
0.504336	101.5
0.508098	101.51
0.509158	101.52
0.511507	101.53
0.511738	101.54
0.513148	101.55
0.515012	101.559
0.515831	101.569
0.516972	101.579
0.519332	101.589
0.51997	101.599
0.52082	101.609
0.521322	101.619
0.522769	101.629
0.523432	101.639
0.527614	101.649
0.53034	101.658
0.530884	101.668
0.532489	101.678
0.533571	101.688
0.535941	101.698
0.537285	101.708
0.538715	101.718
0.539416	101.728
0.54083	101.738
0.542197	101.748
0.543514	101.757
0.544254	101.767
0.54542	101.777
0.545828	101.787
0.546276	101.797
0.547292	101.807
0.547919	101.817
0.548558	101.827
0.549198	101.837
0.549966	101.847
0.550443	101.856
0.551126	101.866
0.553109	101.876
0.555228	101.886
0.556965	101.896
0.557908	101.906
0.558319	101.916
0.559049	101.926
0.563341	101.936
0.566637	101.946
0.567972	101.955
0.571319	101.965
0.572911	101.975
0.573428	101.985
0.574292	101.995
0.575364	102.005
0.576088	102.015
0.576873	102.025
0.577557	102.034
0.57902	102.044
0.581013	102.054
0.583951	102.064
0.585164	102.074
0.58591	102.083
0.586534	102.093
0.587926	102.103
0.589345	102.113
0.590873	102.123
0.592309	102.132
0.592991	102.142
0.595056	102.152
0.596929	102.162
0.597488	102.172
0.599494	102.181
0.60004	102.191
0.601038	102.201
0.601469	102.211
0.603355	102.221
0.604021	102.23
0.604851	102.24
0.60592	102.25
0.60674	102.26
0.607144	102.27
0.607997	102.279
0.609124	102.289
0.609541	102.299
0.610564	102.309
0.610753	102.319
0.611363	102.328
0.611972	102.338
0.612953	102.348
0.613402	102.358
0.615651	102.368
0.616151	102.377
0.616717	102.387
0.617304	102.397
0.617834	102.407
0.618467	102.417
0.621202	102.427
0.621579	102.436
0.621771	102.446
0.62194	102.456
0.624003	102.466
0.624811	102.476
0.626791	102.485
0.628225	102.495
0.628846	102.505
0.63063	102.515
0.63117	102.525
0.632338	102.534
0.633079	102.544
0.633822	102.554
0.634098	102.564
0.634476	102.574
0.635283	102.583
0.63745	102.593
0.640026	102.603
0.642546	102.613
0.643632	102.623
0.644478	102.632
0.645263	102.642
0.649055	102.652
0.651739	102.662
0.652455	102.672
0.659954	102.681
0.661178	102.691
0.662404	102.701
0.66477	102.711
0.667072	102.721
0.669148	102.73
0.673784	102.74
0.675412	102.75
0.678648	102.76
0.681394	102.77
0.683352	102.779
0.684511	102.789
0.687855	102.799
0.688313	102.809
0.691282	102.819
0.692438	102.828
0.694577	102.838
0.696582	102.848
0.698626	102.858
0.699605	102.868
0.700904	102.877
0.701446	102.887
0.702789	102.897
0.70496	102.907
0.705713	102.917
0.706238	102.927
0.708369	102.936
0.709772	102.946
0.710988	102.956
0.713747	102.966
0.715316	102.976
0.716566	102.985
0.717864	102.995
0.719378	103.005
0.720039	103.015
0.720599	103.024
0.721319	103.034
0.721988	103.044
0.722653	103.053
0.724221	103.063
0.724958	103.073
0.728826	103.083
0.729575	103.092
0.730475	103.102
0.730991	103.112
0.732263	103.121
0.732988	103.131
0.737427	103.141
0.737682	103.151
0.737948	103.16
0.738537	103.17
0.73926	103.18
0.739952	103.189
0.741255	103.199
0.74268	103.209
0.745598	103.219
0.746222	103.228
0.747046	103.238
0.747581	103.248
0.748404	103.257
0.749059	103.267
0.749697	103.277
0.752287	103.287
0.752535	103.296
0.752923	103.306
0.752964	103.316
0.753287	103.325
0.754009	103.335
0.754682	103.345
0.755361	103.354
0.756173	103.364
0.756764	103.374
0.75749	103.384
0.758193	103.393
0.758796	103.403
0.759691	103.413
0.760262	103.422
0.761019	103.432
0.768285	103.442
0.768778	103.452
0.769083	103.461
0.77045	103.471
0.770664	103.481
0.77317	103.49
0.773917	103.5
0.775853	103.51
0.776127	103.52
0.776352	103.529
0.776719	103.539
0.778926	103.549
0.779006	103.558
0.781155	103.568
0.781948	103.578
0.782098	103.587
0.78317	103.597
0.783835	103.607
0.784969	103.617
0.785062	103.626
0.786382	103.636
0.787237	103.646
0.787502	103.655
0.787597	103.665
0.787685	103.675
0.787895	103.685
0.78804	103.694
0.78841	103.704
0.788719	103.714
0.789985	103.723
0.792238	103.733
0.792516	103.743
0.793644	103.753
0.79385	103.762
0.793995	103.772
0.794074	103.782
0.794201	103.791
0.794738	103.801
0.794968	103.811
0.79518	103.82
0.795452	103.83
0.795622	103.84
0.795798	103.85
0.796028	51.9248
0.796741	51.9444
0.797301	51.964
0.798005	51.9836
0.798683	52.0032
0.799392	52.0225
0.800054	52.0417
0.80075	52.0609
0.80144	52.0802
0.802838	52.0994
0.803497	52.1186
0.804252	52.1379
0.804915	52.1571
0.806279	52.1763
0.806936	52.1955
0.807645	52.2148
0.808398	52.234
0.809193	52.2532
0.809772	52.2725
0.810416	52.2917
0.81197	52.3109
0.812471	52.3302
0.813393	52.3494
0.813828	52.3686
0.814538	52.3879
0.815204	52.4071
0.818362	52.4263
0.820032	52.4455
0.821444	52.4648
0.822111	52.484
0.822779	52.5032
0.82351	52.5225
0.824198	52.5417
0.824915	52.5609
0.827045	52.5802
0.827663	52.5994
0.828349	52.6186
0.829206	52.6379
0.830432	52.6571
0.832612	52.6763
0.833407	52.6955
0.833905	52.7148
0.848687	52.734
0.850568	52.7532
0.853285	52.7725
0.854	52.7917
0.858419	52.8109
0.858884	52.8302
0.860956	52.8494
0.862252	52.8686
0.863192	52.8879
0.866038	52.9071
0.867169	52.9263
0.869943	52.9455
0.871494	52.9648
0.879546	52.984
0.880822	53.0032
0.887236	53.0221
0.908137	53.041
0.908338	53.0598
0.90887	53.0787
0.911428	53.0976
0.911807	53.1164
0.915301	53.1353
0.91625	53.1542
0.916974	53.173
0.917162	53.1919
0.91723	53.2108
0.917639	53.2297
0.918395	53.2485
0.918954	53.2674
0.920372	53.2863
0.921361	53.3051
0.921523	53.324
0.921944	53.3429
0.922519	53.3617
0.923886	53.3806
0.925292	53.3995
0.925443	53.4183
0.926021	53.4372
0.926704	53.4561
0.92738	53.4749
0.928092	53.4938
0.928739	53.5127
0.929487	53.5315
0.930263	53.5504
0.930832	53.5693
0.939264	53.5881
0.939913	53.607
0.941337	53.6259
0.942189	53.6447
0.942688	53.6636
0.943372	53.6825
0.944486	53.7013
0.944761	53.7202
0.945808	53.7391
0.946678	53.758
0.946815	53.7768
0.94749	53.7957
0.948861	53.8146
0.996504	53.8334
0.997132	53.8523
0.999397	53.8712
1.00061	53.89
1.00625	53.9089
1.01035	53.9278
1.01199	53.9466
1.02219	53.9655
1.24042	53.9844
1.24189	54.0032
1.24637	54.0218
1.24936	54.0403
1.25215	54.0588
1.25698	54.0773
1.26217	54.0958
1.27903	54.1143
1.2863	54.1329
1.29539	54.1514
1.30434	54.1699
1.3052	54.1884
1.31122	54.2069
1.31676	54.2255
1.32443	54.244
1.37732	54.2625
1.39467	54.281
1.39581	54.2995
1.39973	54.3181
1.40565	54.3366
1.50726	54.3551
1.50793	54.3736
1.50939	54.3921
1.51009	54.4106
1.51082	54.4292
1.51142	54.4477
1.51226	54.4662
1.51379	54.4847
1.51558	54.5032
1.51624	54.5218
1.51692	54.5403
1.51765	54.5588
1.51863	54.5773
1.51936	54.5958
1.52072	54.6143
1.52241	54.6329
1.52305	54.6514
1.52381	54.6699
1.52446	54.6884
1.52512	54.7069
1.5258	54.7255
1.52661	54.744
1.52724	54.7625
1.52797	54.781
1.52857	54.7995
1.52927	54.8181
1.52997	54.8366
1.53061	54.8551
1.53147	54.8736
1.532	54.8921
1.53385	54.9106
1.82353	27.4553
1.99313	27.4924
1.99565	27.5294
1.99656	27.5664
1.99918	27.6035
2.00193	27.6405
2.00269	27.6775
2.00327	27.7146
2.00663	27.7516
2.00738	27.7887
2.00985	27.8257
2.01134	27.8627
2.01299	27.8998
2.01327	27.9368
2.01485	27.9738
2.0153	28.0109
2.01594	28.0466
2.01749	28.0823
2.01893	28.118
2.02012	28.1537
2.02332	28.1894
2.02404	28.2252
2.02535	28.2609
2.02601	28.2966
2.02746	28.3323
2.03032	28.368
2.03282	28.4037
2.03356	28.4394
2.03654	28.4752
2.03781	28.5109
2.03845	28.5466
2.21853	28.5823
2.22181	28.618
2.22913	28.6537
2.23056	28.6894
2.23207	28.7252
2.23259	28.7609
2.23327	28.7966
2.23485	28.8323
2.23556	28.868
2.23712	28.9037
2.23834	28.9394
2.23967	28.9752
2.24268	29.0109
2.2441	29.0454
2.2448	29.0798
2.24682	29.1143
2.24832	29.1488
2.25042	29.1833
2.25164	29.2178
2.25306	29.2523
2.25445	29.2867
2.25578	29.3212
2.25722	29.3557
2.25855	29.3902
2.45231	29.4247
2.45301	29.4592
2.45504	29.4936
2.45714	29.5281
2.45922	29.5626
2.461	29.5971
2.46147	29.6316
2.46273	29.6661
2.46341	29.7005
2.62256	29.735
2.62325	29.7695
2.626	29.804
2.62964	29.8385
2.63502	29.8729
2.63633	29.9074
2.63857	29.9419
2.63952	29.9764
2.64223	30.0109
2.64286	30.0442
2.6436	30.0775
2.6443	30.1109
2.64577	30.1442
2.65198	30.1775
2.65463	30.2109
2.65757	30.2442
2.66022	30.2775
2.66151	30.3109
2.6656	30.3442
2.6663	30.3775
2.66698	30.4109
2.66836	30.4442
2.77425	30.4775
2.77516	30.5109
2.77631	30.5442
2.77837	30.5775
2.77931	30.6109
2.7807	30.6442
2.78115	30.6775
2.78184	30.7109
2.78255	30.7442
2.78512	30.7775
2.8451	30.8109
2.8465	30.8442
2.84789	30.8775
2.8486	30.9109
2.85285	30.9442
2.8537	30.9775
2.85511	31.0109
2.85559	31.0431
2.85698	31.0754
2.85774	31.1077
2.86022	31.1399
2.8605	31.1722
2.86158	31.2044
2.86231	31.2367
2.86437	31.2689
2.86548	31.3012
2.86711	31.3335
2.86832	31.3657
2.86975	31.398
2.87792	31.4302
2.87814	31.4625
2.88023	31.4947
2.94368	31.527
2.94471	31.5593
2.94978	31.5915
2.95049	31.6238
2.95135	31.656
2.95209	31.6883
2.95291	31.7206
2.95696	31.7528
2.959	31.7851
2.96039	31.8173
2.96107	31.8496
2.96847	31.8818
2.96974	31.9141
2.97037	31.9464
2.97174	31.9786
2.97246	32.0109
2.97479	32.0421
2.97587	32.0734
2.97657	32.1046
2.98044	32.1359
2.98072	32.1671
2.98149	32.1984
2.98174	32.2296
2.98367	32.2609
2.98711	32.2921
2.9902	32.3234
2.99099	32.3546
2.99405	32.3859
2.99544	32.4171
2.99601	32.4484
3.00805	32.4796
3.00875	32.5109
3.00944	32.5421
3.05081	32.5734
3.05296	32.6046
3.05425	32.6359
3.05628	32.6671
3.05854	32.6984
3.05971	32.7296
3.0632	32.7609
3.06523	32.7921
3.06674	32.8234
3.07213	32.8546
3.07346	32.8859
3.07419	32.9171
3.07494	32.9484
3.07793	32.9796
3.07903	33.0109
3.08048	33.0412
3.08206	33.0715
3.08459	33.1018
3.0946	33.1321
3.09587	33.1624
3.09743	33.1927
3.09935	33.223
3.10325	33.2533
3.1033	33.2836
3.10353	33.3139
3.10445	33.3442
3.10556	33.3745
3.10759	33.4048
3.10965	33.4351
3.12024	33.4654
3.12342	33.4957
3.12551	33.526
3.13318	33.5563
3.13383	33.5866
3.13451	33.6169
3.13515	33.6472
3.1359	33.6775
3.13655	33.7078
3.13723	33.7382
3.138	33.7685
3.13933	33.7988
3.14414	33.8291
3.1511	33.8594
3.15531	33.8897
3.16011	33.92
3.16407	33.9503
3.16593	33.9806
3.16799	34.0109
3.17073	34.0403
3.17142	34.0697
3.1728	34.0991
3.17483	34.1285
3.17831	34.1579
3.18177	34.1873
3.18381	34.2168
3.19073	34.2462
3.19099	34.2756
3.19148	34.305
3.19235	34.3344
3.19516	34.3638
3.19789	34.3932
3.19983	34.4226
3.20409	17.2113
3.20745	17.2701
3.21032	17.329
3.21173	17.3878
3.21413	17.4466
3.21459	17.5054
3.21614	17.5643
3.21723	17.6231
3.21997	17.6819
3.22071	17.7407
3.22207	17.7996
3.22347	17.8584
3.22547	17.9172
3.22826	17.976
3.22971	18.0349
3.23097	18.0904
3.23168	18.146
3.23307	18.2015
3.23373	18.2571
3.23511	18.3126
3.23653	18.3682
3.23927	18.4237
3.24259	18.4793
3.24395	18.5349
3.24609	18.5904
3.24748	18.646
3.24814	18.7015
3.25256	18.7571
3.25304	18.8126
3.25414	18.8682
3.25514	18.9237
3.25575	18.9793
3.25605	19.0349
3.25869	19.0875
3.27299	19.1401
3.27636	19.1927
3.27775	19.2454
3.28325	19.298
3.28393	19.3506
3.28494	19.4033
3.28568	19.4559
3.28624	19.5085
3.28682	19.5612
3.28808	19.6138
3.28904	19.6664
3.29049	19.7191
3.29118	19.7717
3.29316	19.8243
3.29448	9.91216
3.29661	10.0233
3.29865	10.1233
3.30007	10.2233
3.30219	10.3233
3.30421	10.4233
3.30618	10.5233
3.3083	10.6233
3.31443	10.7233
3.31584	10.8233
3.32237	10.9233
3.32619	11.0233
3.3296	11.1142
3.33033	11.2051
3.33094	11.296
3.33167	11.3869
3.33374	11.4778
3.33441	11.5687
3.34791	11.6596
3.36028	11.7505
3.36325	11.8415
3.37347	11.9324
3.37482	12.0233
3.37765	12.1066
3.38139	12.1899
3.38251	12.2733
3.38472	12.3566
3.38517	12.4399
3.38918	12.5233
3.3927	12.6066
3.4017	12.6899
3.40314	12.7733
3.404	12.8566
3.41938	12.9399
3.42068	13.0233
3.42409	13.1002
3.42682	13.1771
3.42893	13.254
3.43104	13.331
3.43174	13.4079
3.43249	13.4848
3.43308	13.5617
3.43397	13.6387
3.44	13.7156
3.45124	13.7925
3.4533	13.8694
3.46282	13.9464
3.46349	14.0233
3.46558	14.0947
3.46765	14.1661
3.46833	14.2376
3.47042	14.309
3.47107	14.3804
3.47384	14.4518
3.47458	14.5233
3.48003	14.5947
3.48359	14.6661
3.48586	14.7376
3.48793	14.809
3.48944	14.8804
3.49124	14.9518
3.49255	15.0233
3.49687	15.0899
3.50035	15.1566
3.50098	15.2233
3.50285	15.2899
3.50487	15.3566
3.50561	15.4233
3.50858	15.4899
3.50978	15.5566
3.51119	15.6233
3.52015	15.6899
3.52034	15.7566
3.52316	15.8233
3.52362	15.8899
3.53104	15.9566
3.53163	16.0233
3.53271	16.0858
3.53488	16.1483
3.53635	16.2108
3.53788	16.2733
3.53895	16.3358
3.5404	16.3983
3.54172	16.4608
3.54273	16.5233
3.54615	16.5858
3.548	16.6483
3.55435	16.7108
3.55502	16.7733
3.56054	16.8358
3.5612	16.8983
3.56638	16.9608
3.56907	17.0233
3.57048	17.0821
3.57255	17.1409
3.57454	17.1997
3.5774	17.2586
3.57807	17.3174
3.57955	17.3762
3.58006	17.435
3.58162	17.4939
3.58228	17.5527
3.58442	17.6115
3.58779	17.6703
3.59592	17.7292
3.59887	17.788
3.59902	17.8468
3.60076	17.9056
3.60123	17.9644
3.6016	18.0233
3.6026	18.0788
3.60563	18.1344
3.60767	18.1899
3.60834	18.2455
3.60926	18.3011
3.60962	18.3566
3.61302	18.4122
3.61585	18.4677
3.61721	18.5233
3.6208	18.5788
3.62134	18.6344
3.62496	18.6899
3.62656	18.7455
3.62697	18.8011
3.6311	18.8566
3.63247	18.9122
3.63312	18.9677
3.6338	19.0233
3.63526	19.0759
3.63584	19.1285
3.63675	19.1812
3.63723	19.2338
3.6393	19.2864
3.64068	19.3391
3.64148	19.3917
3.6427	19.4443
3.64419	19.497
3.64995	19.5496
3.6517	19.6022
3.65521	19.6549
3.66084	19.7075
3.66149	19.7601
3.66293	19.8127
3.66431	19.8654
3.66524	19.918
3.66639	19.9706
3.6677	20.0233
3.66952	20.0733
3.66982	20.1233
3.67047	20.1733
3.67117	20.2233
3.67393	20.2733
3.67478	20.3233
3.67612	20.3733
3.67736	20.4233
3.67881	20.4733
3.68157	20.5233
3.68357	20.5733
3.68775	20.6233
3.69075	20.6733
3.69281	20.7233
3.6962	20.7733
3.69683	20.8233
3.6975	20.8733
3.69817	20.9233
3.69905	20.9733
3.69953	21.0233
3.70162	21.0709
3.70368	21.1185
3.70568	21.1661
3.70851	21.2137
3.7101	21.2614
3.71135	21.309
3.71257	21.3566
3.71412	21.4042
3.71475	21.4518
3.71615	21.4995
3.71678	21.5471
3.71836	21.5947
3.72096	21.6423
3.72136	21.6899
3.72451	21.7376
3.72539	21.7852
3.72554	21.8328
3.7259	21.8804
3.72654	21.928
3.72745	21.9757
3.72897	22.0233
3.72934	22.0687
3.73007	22.1142
3.73073	22.1596
3.73349	22.2051
3.73554	22.2505
3.73906	22.296
3.73972	22.3415
3.74122	22.3869
3.74174	22.4324
3.74316	22.4778
3.74385	22.5233
3.74677	22.5687
3.75557	22.6142
3.75694	22.6596
3.76231	22.7051
3.76507	22.7505
3.76637	22.796
3.76852	22.8415
3.76921	22.8869
3.76978	22.9324
3.77054	22.9778
3.77116	23.0233
3.77216	23.0668
3.77269	23.1102
3.7734	23.1537
3.77408	23.1972
3.77457	23.2407
3.77538	23.2841
3.77607	23.3276
3.77743	23.3711
3.77836	11.6855
3.77921	11.7765
3.77955	11.8674
3.78202	11.9583
3.78399	12.0492
3.78612	12.1325
3.79232	12.2159
3.79466	12.2992
3.79621	12.3825
3.79721	12.4659
3.79795	12.5492
3.79997	12.6325
3.80088	12.7159
3.80131	12.7992
3.80208	12.8825
3.8041	12.9659
3.80545	13.0492
3.80706	13.1261
3.80756	13.203
3.80958	13.28
3.81093	13.3569
3.81308	13.4338
3.81508	13.5107
3.83174	13.5876
3.83239	13.6646
3.83385	13.7415
3.83791	13.8184
3.84015	13.8953
3.84202	13.9723
3.84352	14.0492
3.84619	14.1206
3.84758	14.192
3.84892	14.2635
3.85033	14.3349
3.85161	14.4063
3.85304	14.4778
3.8801	14.5492
3.88166	14.6206
3.88359	14.692
3.88588	14.7635
3.8873	14.8349
3.8975	14.9063
3.89889	14.9778
3.90016	15.0492
3.90167	15.1159
3.90441	15.1825
3.90577	15.2492
3.90636	15.3159
3.90709	15.3825
3.90779	15.4492
3.93344	15.5159
3.9348	15.5825
3.93565	15.6492
3.93892	15.7159
3.94029	15.7825
3.94657	15.8492
3.95167	15.9159
3.95335	15.9825
3.95404	16.0492
3.95559	16.1117
3.95846	16.1742
3.96035	16.2367
3.96301	16.2992
3.96572	16.3617
3.96849	16.4242
3.98794	16.4867
3.99066	16.5492
3.99132	16.6117
3.99268	16.6742
3.99342	16.7367
3.9982	16.7992
4.00164	16.8617
4.00302	16.9242
4.0044	16.9867
4.0058	17.0492
4.00901	17.108
4.01102	17.1668
4.01165	17.2257
4.01234	17.2845
4.01313	17.3433
4.01374	17.4021
4.03917	17.461
4.03992	17.5198
4.04054	17.5786
4.04112	17.6374
4.0419	17.6962
4.04471	17.7551
4.05022	8.87753
4.05147	9.00253
4.05361	9.11365
4.05648	9.22476
4.05865	9.33587
4.06223	9.44698
4.06343	9.55809
4.06377	9.6692
4.06403	9.78031
4.06532	9.89142
4.0668	10.0025
4.0744	10.1025
4.07526	10.2025
4.07572	10.3025
4.07849	10.4025
4.08634	10.5025
4.08656	10.6025
4.09183	10.7025
4.0932	10.8025
4.09895	10.9025
4.09942	11.0025
4.10848	11.0934
4.10926	11.1844
4.11071	11.2753
4.11198	11.3662
4.11824	11.4571
4.12035	5.72854
4.12756	5.92854
4.13036	6.12854
4.13165	6.29521
4.13233	6.46187
4.13341	6.62854
4.1369	6.79521
4.1384	6.96187
4.1417	7.12854
4.14306	7.2714
4.14886	7.41425
4.1599	7.55711
4.16334	7.69997
4.16413	7.84283
4.17104	7.98568
4.17184	8.12854
4.17319	8.25354
4.17923	8.37854
4.18297	8.50354
4.18692	8.62854
4.18966	8.75354
4.19992	8.87854
4.2006	9.00354
4.20216	9.11465
4.20285	9.22576
4.20963	9.33687
4.21617	9.44798
4.21733	9.5591
4.21996	9.67021
4.22599	9.78132
4.22666	9.89243
4.22806	10.0035
4.23039	10.1035
4.23359	10.2035
4.23619	10.3035
4.24236	10.4035
4.2443	10.5035
4.24543	10.6035
4.24754	10.7035
4.24837	10.8035
4.2495	10.9035
4.24972	11.0035
4.25611	11.0944
4.25714	11.1854
4.26363	11.2763
4.27036	11.3672
4.27101	11.4581
4.27169	11.549
4.2724	11.6399
4.27398	11.7308
4.27485	11.8217
4.27512	11.9126
4.27586	12.0035
4.28293	12.0869
4.28349	12.1702
4.28645	12.2535
4.29121	12.3369
4.29178	12.4202
4.29269	12.5035
4.29383	12.5869
4.29617	12.6702
4.29763	12.7535
4.29883	12.8369
4.30068	12.9202
4.30191	13.0035
4.30332	13.0805
4.30416	13.1574
4.30843	13.2343
4.31256	13.3112
4.31272	13.3882
4.3135	13.4651
4.31605	13.542
4.31843	13.6189
4.31922	13.6958
4.31981	13.7728
4.32069	13.8497
4.32143	13.9266
4.32183	14.0035
4.3232	14.075
4.32665	14.1464
4.33117	14.2178
4.33459	7.10891
4.33527	7.25177
4.33625	7.39463
4.33633	7.53748
4.33703	7.68034
4.33799	7.8232
4.3388	7.96606
4.34007	8.10891
4.34132	8.23391
4.34195	8.35891
4.3426	8.48391
4.34483	8.60891
4.34557	8.73391
4.3504	8.85891
4.35722	8.98391
4.35793	9.10891
4.35861	9.22002
4.35928	9.33113
4.36015	9.44225
4.36203	9.55336
4.36336	9.66447
4.36885	9.77558
4.37304	9.88669
4.37465	9.9978
4.37533	10.1089
4.37583	10.2089
4.37659	10.3089
4.37756	10.4089
4.37925	10.5089
4.37995	10.6089
4.38556	10.7089
4.39284	10.8089
4.39427	10.9089
4.39549	11.0089
4.39764	11.0998
4.39826	11.1907
4.39962	11.2816
4.40035	11.3725
4.401	11.4635
4.40174	11.5544
4.4052	11.6453
4.41217	11.7362
4.41379	11.8271
4.41657	11.918
4.41719	12.0089
4.41848	12.0922
4.41943	12.1756
4.42064	12.2589
4.42125	12.3422
4.42253	12.4256
4.42342	12.5089
4.42757	12.5922
4.43452	12.6756
4.44004	12.7589
4.44017	12.8422
4.44072	12.9256
4.44164	13.0089
4.44394	13.0858
4.44409	13.1628
4.44545	13.2397
4.44713	13.3166
4.44793	13.3935
4.44923	13.4705
4.45437	13.5474
4.46247	13.6243
4.46482	13.7012
4.46549	13.7781
4.46892	13.8551
4.47034	13.932
4.47098	14.0089
4.47166	14.0803
4.47308	14.1518
4.47397	14.2232
4.47458	14.2946
4.47525	14.3661
4.47799	14.4375
4.48003	14.5089
4.48664	14.5803
4.49208	14.6518
4.49364	14.7232
4.49414	14.7946
4.49475	14.8661
4.49545	14.9375
4.49634	15.0089
4.4969	15.0756
4.49755	15.1422
4.49818	15.2089
4.49907	15.2756
4.50026	15.3422
4.50274	15.4089
4.50481	15.4756
4.51361	15.5422
4.51573	15.6089
4.51639	15.6756
4.51752	15.7422
4.51822	15.8089
4.51892	15.8756
4.51964	15.9422
4.52053	16.0089
4.5211	16.0714
4.52238	16.1339
4.52459	16.1964
4.52462	8.09821
4.52584	8.22321
4.52718	8.34821
4.52812	8.47321
4.53764	8.59821
4.54039	8.72321
4.54267	8.84821
4.54381	8.97321
4.54448	9.09821
4.54521	9.20932
4.54612	9.32043
4.54652	9.43154
4.5473	9.54265
4.54794	9.65376
4.54863	9.76487
4.54926	9.87598
4.56077	9.9871
4.56106	10.0982
4.56247	10.1982
4.56318	10.2982
4.56386	10.3982
4.56454	10.4982
4.56523	10.5982
4.56665	10.6982
4.56816	10.7982
4.58118	10.8982
4.58156	10.9982
4.58171	11.0982
4.5822	11.1891
4.58259	11.28
4.58328	11.3709
4.58399	11.4618
4.58485	11.5528
4.58537	11.6437
4.58604	11.7346
4.60062	11.8255
4.60126	11.9164
4.60197	12.0073
4.60283	12.0906
4.60333	12.174
4.60401	12.2573
4.60485	12.3406
4.60539	12.424
4.60742	12.5073
4.60955	12.5906
4.61018	12.674
4.61995	12.7573
4.62072	12.8406
4.62154	12.924
4.62201	13.0073
4.62268	13.0842
4.62341	13.1611
4.62409	13.2381
4.62485	13.315
4.62691	13.3919
4.62967	13.4688
4.63511	13.5458
4.63605	13.6227
4.64143	13.6996
4.64208	13.7765
4.64278	13.8535
4.64344	13.9304
4.64411	14.0073
4.64525	14.0787
4.64552	14.1502
4.64621	14.2216
4.64778	14.293
4.65276	14.3644
4.65345	14.4359
4.65441	14.5073
4.65487	14.5787
4.66113	14.6502
4.66185	14.7216
4.66418	14.793
4.66458	14.8644
4.66552	14.9359
4.66667	15.0073
4.66802	15.074
4.66871	15.1406
4.66938	15.2073
4.67147	15.274
4.67423	15.3406
4.67493	15.4073
4.67558	15.474
4.67631	15.5406
4.68063	15.6073
4.68128	15.674
4.68337	15.7406
4.68402	15.8073
4.68498	15.874
4.68539	15.9406
4.68678	16.0073
4.68751	16.0698
4.68919	16.1323
4.68957	16.1948
4.69089	16.2573
4.69373	16.3198
4.69446	16.3823
4.69573	16.4448
4.69613	16.5073
4.70021	16.5698
4.70082	16.6323
4.70233	16.6948
4.70359	16.7573
4.70446	16.8198
4.70496	16.8823
4.70566	16.9448
4.70711	17.0073
4.71059	17.0661
4.71226	17.1249
4.71346	17.1838
4.71466	17.2426
4.716	17.3014
4.71678	17.3602
4.7176	17.4191
4.71816	17.4779
4.72091	17.5367
4.72158	17.5955
4.72433	17.6544
4.72637	17.7132
4.72971	17.772
4.72974	17.8308
4.73151	17.8897
4.73189	17.9485
4.73254	18.0073
4.73327	18.0629
4.734	18.1184
4.73604	18.174
4.73672	18.2295
4.73753	18.2851
4.73852	18.3406
4.73909	18.3962
4.73952	18.4517
4.74579	18.5073
4.74717	18.5629
4.74855	18.6184
4.74985	18.674
4.75262	18.7295
4.75402	18.7851
4.75472	18.8406
4.75542	18.8962
4.75609	18.9517
4.75742	19.0073
4.75815	19.0599
4.7588	19.1126
4.75957	19.1652
4.76029	19.2178
4.76097	19.2705
4.76168	19.3231
4.76229	19.3757
4.76326	19.4283
4.77318	19.481
4.77379	19.5336
4.77539	19.5862
4.77593	19.6389
4.78004	19.6915
4.78072	19.7441
4.78148	19.7968
4.78216	19.8494
4.78287	19.902
4.78374	19.9547
4.78428	20.0073
4.78489	20.0573
4.78564	20.1073
4.78631	20.1573
4.78701	20.2073
4.78771	20.2573
4.78899	20.3073
4.80426	20.3573
4.80659	20.4073
4.80727	20.4573
4.80843	20.5073
4.80875	20.5573
4.80937	20.6073
4.81009	20.6573
4.81086	20.7073
4.81145	20.7573
4.81236	20.8073
4.81292	20.8573
4.81835	20.9073
4.81972	20.9573
4.82314	21.0073
4.8253	21.0549
4.82593	21.1025
4.83011	21.1502
4.83843	21.1978
4.83979	21.2454
4.8437	21.293
4.84701	21.3406
4.84765	21.3882
4.84901	21.4359
4.84967	21.4835
4.85244	21.5311
4.85517	21.5787
4.85657	21.6263
4.85722	21.674
4.85846	21.7216
4.85937	21.7692
4.86006	21.8168
4.86069	21.8644
4.8614	21.9121
4.86344	21.9597
4.86568	22.0073
4.87204	22.0528
4.8739	22.0982
4.87463	22.1437
4.87806	22.1891
4.87939	22.2346
4.88006	22.28
4.88076	22.3255
4.88235	22.3709
4.88284	22.4164
4.88381	22.4618
4.88426	22.5073
4.8849	22.5528
4.88697	22.5982
4.88832	22.6437
4.88972	22.6891
4.89055	22.7346
4.89106	22.78
4.89174	22.8255
4.89382	22.8709
4.90101	22.9164
4.90208	22.9618
4.90342	23.0073
4.90831	23.0508
4.90897	23.0943
4.91108	23.1377
4.91277	23.1812
4.91327	23.2247
4.9145	23.2682
4.91524	23.3116
4.9163	23.3551
4.91731	23.3986
4.91891	23.4421
4.91938	23.4856
4.92143	23.529
4.92416	23.5725
4.92483	23.616
4.92621	23.6595
4.92689	23.7029
4.92779	23.7464
4.94287	23.7899
4.94559	23.8334
4.94697	23.8769
4.94768	23.9203
4.94906	23.9638
4.9504	24.0073
4.95257	24.049
4.95528	24.0906
4.95682	24.1323
4.9587	24.174
4.96006	24.2156
4.96209	24.2573
4.96278	24.299
4.96422	24.3406
4.96555	24.3823
4.96623	24.424
4.9676	24.4656
4.96898	24.5073
4.96977	24.549
4.97043	24.5906
4.97178	12.2953
4.98355	12.3786
4.9848	12.462
4.98564	12.5453
4.99267	12.6286
4.99341	12.712
4.99476	12.7953
4.99611	12.8786
4.9975	12.962
4.99816	13.0453
5.00303	13.1222
5.00435	13.1992
5.00919	13.2761
5.01267	13.353
5.01327	13.4299
5.01399	13.5069
5.01466	13.5838
5.01531	13.6607
5.01677	13.7376
5.01883	13.8145
5.01943	13.8915
5.02012	13.9684
5.02094	14.0453
5.02774	14.1167
5.03609	14.1882
5.0409	14.2596
5.04436	14.331
5.04505	14.4025
5.04574	14.4739
5.04646	14.5453
5.04778	14.6167
5.04876	14.6882
5.04929	14.7596
5.05003	14.831
5.05129	14.9025
5.0527	14.9739
5.05401	15.0453
5.05885	15.112
5.06549	15.1786
5.06672	15.2453
5.06787	15.312
5.0686	15.3786
5.06925	15.4453
5.07018	15.512
5.07151	15.5786
5.07244	15.6453
5.07428	15.712
5.07515	15.7786
5.07573	15.8453
5.07703	15.912
5.07768	15.9786
5.0784	16.0453
5.08645	16.1078
5.08877	16.1703
5.09497	16.2328
5.0977	16.2953
5.09838	16.3578
5.09906	16.4203
5.09972	16.4828
5.10046	16.5453
5.10117	16.6078
5.10185	16.6703
5.10332	16.7328
5.10393	16.7953
5.1046	16.8578
5.10534	16.9203
5.10873	16.9828
5.10941	17.0453
5.11581	17.1041
5.11977	17.163
5.12191	17.2218
5.12668	17.2806
5.12734	17.3394
5.12886	17.3983
5.1301	17.4571
5.13155	17.5159
5.13293	17.5747
5.13366	17.6336
5.13423	17.6924
5.13566	17.7512
5.13656	17.81
5.13764	17.8688
5.1404	17.9277
5.14184	17.9865
5.14248	18.0453
5.14839	18.1009
5.15285	18.1564
5.15535	18.212
5.15721	18.2675
5.15796	18.3231
5.15997	18.3786
5.16139	18.4342
5.16216	18.4898
5.16481	18.5453
5.16554	18.6009
5.16624	18.6564
5.16823	18.712
5.17032	18.7675
5.18662	18.8231
5.18782	18.8786
5.18853	18.9342
5.18928	18.9898
5.19061	19.0453
5.19195	19.0979
5.19332	19.1506
5.19476	19.2032
5.19675	19.2558
5.19886	19.3085
5.20021	19.3611
5.20088	19.4137
5.20296	19.4664
5.20436	19.519
5.20501	19.5716
5.20779	19.6243
5.20986	19.6769
5.21614	19.7295
5.21746	19.7822
5.21859	19.8348
5.21898	19.8874
5.21959	19.9401
5.22035	19.9927
5.22585	20.0453
5.2272	20.0953
5.23027	20.1453
5.24002	10.0727
5.24053	10.1727
5.24251	10.2727
5.24326	10.3727
5.24393	10.4727
5.24467	10.5727
5.2453	10.6727
5.24612	10.7727
5.24668	10.8727
5.24873	10.9727
5.24911	11.0727
5.25015	11.1636
5.25141	11.2545
5.25346	11.3454
5.25487	11.4363
5.25554	11.5272
5.26255	11.6181
5.26612	11.709
5.26732	11.7999
5.26796	11.8908
5.26881	11.9817
5.26939	12.0727
5.27217	12.156
5.27314	12.2393
5.27379	12.3227
5.2743	12.406
5.27637	12.4893
5.28496	12.5727
5.28564	12.656
5.2894	12.7393
5.28945	12.8227
5.28958	12.906
5.29002	12.9893
5.29063	13.0727
5.29166	13.1496
5.29228	13.2265
5.29414	13.3034
5.29618	13.3803
5.30204	13.4573
5.30403	13.5342
5.30681	13.6111
5.31018	13.688
5.31088	13.765
5.31161	13.8419
5.31466	13.9188
5.31782	13.9957
5.32415	14.0727
5.32532	14.1441
5.32733	14.2155
5.33148	14.2869
5.33339	14.3584
5.33484	14.4298
5.33808	14.5012
5.34078	14.5727
5.34627	14.6441
5.35403	14.7155
5.35409	14.7869
5.35567	14.8584
5.35704	14.9298
5.35906	15.0012
5.36048	15.0679
5.36114	15.1346
5.36249	15.2012
5.36412	15.2679
5.36479	15.3346
5.36532	15.4012
5.36607	15.4679
5.36738	15.5346
5.3682	15.6012
5.36884	15.6679
5.37645	15.7346
5.37782	15.8012
5.38337	15.8679
5.38891	15.9346
5.39203	16.0012
5.39295	16.0637
5.3942	16.1262
5.39627	16.1887
5.39708	16.2512
5.39772	16.3137
5.39837	16.3762
5.40103	16.4387
5.40238	16.5012
5.40462	16.5637
5.40511	16.6262
5.40603	16.6887
5.40654	16.7512
5.4079	16.8137
5.40946	16.8762
5.41067	16.9387
5.41204	17.0012
5.41506	17.0601
5.41619	17.1189
5.4189	17.1777
5.421	17.2365
5.4225	17.2953
5.4238	17.3542
5.42518	17.413
5.42649	17.4718
5.42929	17.5306
5.43003	17.5895
5.43069	17.6483
5.43132	17.7071
5.4323	17.7659
5.43291	17.8248
5.43415	17.8836
5.4348	17.9424
5.4357	18.0012
5.43756	18.0568
5.44047	18.1123
5.44537	18.1679
5.45007	18.2235
5.45092	18.279
5.4515	18.3346
5.45421	18.3901
5.45492	18.4457
5.46195	18.5012
5.46267	18.5568
5.46406	18.6123
5.46545	18.6679
5.46582	18.7235
5.466	18.779
5.46939	18.8346
5.46989	18.8901
5.47195	18.9457
5.47341	19.0012
5.47546	19.0539
5.47895	19.1065
5.48026	19.1591
5.48436	19.2118
5.48696	19.2644
5.48764	19.317
5.48917	19.3697
5.49112	19.4223
5.49575	19.4749
5.49637	19.5275
5.49658	19.5802
5.49755	19.6328
5.49971	19.6854
5.50026	19.7381
5.50578	19.7907
5.50972	19.8433
5.51043	19.896
5.51183	19.9486
5.51444	20.0012
5.51626	20.0512
5.51778	20.1012
5.51841	20.1512
5.52543	20.2012
5.52797	20.2512
5.52881	20.3012
5.52927	20.3512
5.52996	20.4012
5.5307	20.4512
5.53131	20.5012
5.53213	20.5512
5.53346	20.6012
5.53442	20.6512
5.5358	20.7012
5.54219	20.7512
5.54335	20.8012
5.54459	20.8512
5.54596	20.9012
5.54733	20.9512
5.54818	21.0012
5.5501	21.0488
5.55219	21.0965
5.55373	21.1441
5.55979	21.1917
5.56122	21.2393
5.5626	21.2869
5.56325	21.3346
5.56421	21.3822
5.56471	21.4298
5.56565	21.4774
5.56657	21.525
5.56751	21.5727
5.56797	21.6203
5.5689	21.6679
5.57038	21.7155
5.57159	21.7631
5.57217	21.8108
5.57484	21.8584
5.57688	21.906
5.57757	21.9536
5.5796	22.0012
5.58105	22.0467
5.58444	22.0921
5.58651	22.1376
5.59341	22.183
5.59479	22.2285
5.59619	22.274
5.59819	22.3194
5.59889	22.3649
5.60046	22.4103
5.60099	22.4558
5.60165	22.5012
5.60252	22.5467
5.60304	22.5921
5.60374	22.6376
5.60602	22.683
5.60786	22.7285
5.60853	22.774
5.61289	22.8194
5.61457	22.8649
5.61572	22.9103
5.61773	22.9558
5.61912	23.0012
5.62047	23.0447
5.62595	23.0882
5.62878	23.1317
5.63104	23.1751
5.63173	23.2186
5.63233	23.2621
5.63374	23.3056
5.63463	23.3491
5.63584	23.3925
5.63799	23.436
5.63861	23.4795
5.63989	23.523
5.64065	23.5664
5.64118	23.6099
5.64192	23.6534
5.64349	23.6969
5.64403	23.7404
5.64735	23.7838
5.64962	23.8273
5.65223	23.8708
5.65548	23.9143
5.65734	23.9578
5.65806	24.0012
5.66038	24.0429
5.66629	24.0846
5.66839	24.1262
5.6725	24.1679
5.67522	24.2096
5.67599	24.2512
5.67764	24.2929
5.67829	24.3346
5.67944	24.3762
5.68033	24.4179
5.68078	24.4596
5.68217	24.5012
5.68354	24.5429
5.68513	24.5846
5.6856	24.6262
5.68698	24.6679
5.68834	24.7096
5.68982	24.7512
5.69114	24.7929
5.69393	24.8346
5.69591	24.8762
5.70073	24.9179
5.70146	24.9596
5.70282	25.0012
5.70628	25.0412
5.70833	25.0812
5.71071	25.1212
5.71327	25.1612
5.71605	25.2012
5.71679	25.2412
5.71744	25.2812
5.71984	25.3212
5.72015	25.3612
5.72094	25.4012
5.72161	25.4412
5.72233	25.4812
5.72431	25.5212
5.72568	25.5612
5.72705	25.6012
5.72839	25.6412
5.73068	25.6812
5.73185	25.7212
5.73406	25.7612
5.73489	25.8012
5.73666	25.8412
5.73813	25.8812
5.7395	25.9212
5.74009	25.9612
5.7408	26.0012
5.7429	26.0397
5.74556	26.0782
5.74942	26.1166
5.75303	26.1551
5.75678	26.1935
5.75746	26.232
5.75816	26.2705
5.75954	26.3089
5.76034	26.3474
5.76158	26.3858
5.76228	26.4243
5.76389	26.4628
5.76517	26.5012
5.76642	26.5397
5.76708	26.5782
5.76914	26.6166
5.77003	26.6551
5.77124	26.6935
5.77195	26.732
5.77263	26.7705
5.77468	26.8089
5.77746	26.8474
5.77952	26.8858
5.7809	26.9243
5.78227	26.9628
5.78414	27.0012
5.78785	27.0383
5.78799	27.0753
5.78855	27.1123
5.79276	27.1494
5.79779	27.1864
5.79913	27.2235
5.80038	27.2605
5.80176	27.2975
5.80246	27.3346
5.80462	27.3716
5.80518	27.4086
5.80593	27.4457
5.80658	27.4827
5.80795	27.5197
5.8088	27.5568
5.80948	27.5938
5.81	27.6309
5.81208	27.6679
5.8141	27.7049
5.81551	27.742
5.81618	27.779
5.81893	27.816
5.82045	27.8531
5.8226	27.8901
5.82332	27.9272
5.82398	27.9642
5.82534	28.0012
5.82721	28.0369
5.82859	28.0727
5.83003	28.1084
5.83967	28.1441
5.84121	28.1798
5.84171	28.2155
5.84247	28.2512
5.84309	28.2869
5.84378	28.3227
5.84445	28.3584
5.84519	28.3941
5.84589	28.4298
5.84649	28.4655
5.84722	28.5012
5.84794	28.5369
5.84934	28.5727
5.85	28.6084
5.85138	28.6441
5.85284	28.6798
5.85344	28.7155
5.85434	28.7512
5.85617	28.7869
5.85851	28.8227
5.85898	28.8584
5.86033	28.8941
5.86607	28.9298
5.86657	28.9655
5.86797	29.0012
5.87015	29.0357
5.87338	29.0702
5.87684	29.1047
5.87892	29.1392
5.88066	29.1736
5.881	29.2081
5.88113	29.2426
5.88178	29.2771
5.88264	29.3116
5.88337	29.3461
5.88469	29.3805
5.88529	29.415
5.8877	29.4495
5.88821	29.484
5.89024	29.5185
5.89193	29.553
5.89275	29.5874
5.89353	29.6219
5.89563	29.6564
5.89619	29.6909
5.89693	29.7254
5.89963	29.7598
5.90238	29.7943
5.90408	29.8288
5.90534	29.8633
5.91019	29.8978
5.9114	29.9323
5.9128	29.9667
5.91413	30.0012
5.91481	30.0346
5.91627	30.0679
5.91682	30.1012
5.92098	30.1346
5.92595	30.1679
5.92829	30.2012
5.92937	30.2346
5.93091	30.2679
5.93225	30.3012
5.93358	30.3346
5.93445	30.3679
5.93561	30.4012
5.93697	30.4346
5.93763	30.4679
5.93842	30.5012
5.9398	30.5346
5.9399	30.5679
5.94104	30.6012
5.94172	30.6346
5.94241	30.6679
5.94382	30.7012
5.94521	30.7346
5.94604	30.7679
5.94944	30.8012
5.95849	30.8346
5.96185	30.8679
5.96388	30.9012
5.96482	30.9346
5.96546	30.9679
5.96594	31.0012
5.96659	31.0335
5.96816	31.0657
5.96878	31.098
5.97725	31.1303
5.98254	31.1625
5.98406	31.1948
5.9846	31.227
5.98677	31.2593
5.98722	31.2916
5.98754	31.3238
5.98826	31.3561
5.99014	31.3883
5.99035	31.4206
5.99088	31.4528
5.99216	31.4851
5.99353	31.5174
5.99428	31.5496
5.99573	31.5819
5.99704	31.6141
5.99836	31.6464
5.99977	31.6786
6.00113	31.7109
6.00323	31.7432
6.01208	31.7754
6.0165	31.8077
6.01735	31.8399
6.01831	31.8722
6.02103	31.9045
6.02244	31.9367
6.02381	31.969
6.02451	32.0012
6.02659	32.0325
6.02952	32.0637
6.03349	32.095
6.04065	32.1262
6.04206	32.1575
6.04257	32.1887
6.04386	32.22
6.04482	32.2512
6.04526	32.2825
6.04828	32.3137
6.04965	32.345
6.05038	32.3762
6.05102	32.4075
6.0531	32.4387
6.05444	32.47
6.05587	32.5012
6.05652	32.5325
6.05932	32.5637
6.06005	32.595
6.06136	32.6262
6.06217	32.6575
6.06352	32.6887
6.06411	32.72
6.07168	32.7512
6.07613	32.7825
6.07809	32.8137
6.08017	32.845
6.08231	32.8762
6.08393	32.9075
6.086	32.9387
6.08802	32.97
6.08923	33.0012
6.0899	33.0315
6.09158	33.0618
6.09516	33.0921
6.09751	33.1224
6.09872	33.1527
6.09957	33.183
6.10007	33.2134
6.10097	33.2437
6.10217	33.274
6.10747	33.3043
6.1086	33.3346
6.10997	33.3649
6.11198	33.3952
6.11431	33.4255
6.11539	16.7127
6.11552	16.7752
6.11635	16.8377
6.11778	16.9002
6.11828	16.9627
6.11981	17.0252
6.12046	17.0841
6.12174	17.1429
6.12244	17.2017
6.12652	17.2605
6.12932	17.3194
6.13164	17.3782
6.13629	17.437
6.14431	17.4958
6.14464	17.5546
6.14599	17.6135
6.1466	17.6723
6.14728	17.7311
6.14794	17.7899
6.14945	17.8488
6.15303	17.9076
6.15581	17.9664
6.1618	18.0252
6.16592	18.0808
6.16867	18.1363
6.17042	18.1919
6.1715	18.2475
6.17216	18.303
6.17297	18.3586
6.17435	18.4141
6.17574	18.4697
6.17839	18.5252
6.18133	18.5808
6.18184	18.6363
6.18254	18.6919
6.18327	18.7475
6.18421	18.803
6.1846	18.8586
6.18538	18.9141
6.18754	18.9697
6.18812	19.0252
6.19098	19.0779
6.19234	19.1305
6.19517	19.1831
6.19738	19.2358
6.20005	19.2884
6.20294	19.341
6.20483	19.3937
6.20617	19.4463
6.2078	19.4989
6.20852	19.5516
6.21028	19.6042
6.21241	19.6568
6.21301	19.7094
6.21444	19.7621
6.21858	19.8147
6.22316	19.8673
6.22342	19.92
6.22352	19.9726
6.22488	20.0252
6.22694	20.0752
6.22763	20.1252
6.22925	20.1752
6.23037	20.2252
6.23197	20.2752
6.23437	20.3252
6.23499	20.3752
6.23663	20.4252
6.2382	20.4752
6.24004	20.5252
6.24402	20.5752
6.24464	20.6252
6.24567	20.6752
6.24798	20.7252
6.24976	20.7752
6.25056	20.8252
6.25319	20.8752
6.25466	20.9252
6.25743	20.9752
6.25807	21.0252
6.26257	21.0729
6.2645	21.1205
6.26565	21.1681
6.26583	21.2157
6.26612	21.2633
6.26732	21.311
6.26944	21.3586
6.27032	21.4062
6.27077	21.4538
6.27216	21.5014
6.27372	21.549
6.27491	21.5967
6.27631	21.6443
6.27764	21.6919
6.27997	21.7395
6.28112	21.7871
6.28388	21.8348
6.28757	21.8824
6.2895	21.93
6.29079	21.9776
6.29506	22.0252
6.2971	22.0707
6.29833	22.1161
6.30042	22.1616
6.30109	22.2071
6.30182	22.2525
6.30496	22.298
6.30803	22.3434
6.31034	22.3889
6.31256	22.4343
6.31386	22.4798
6.31465	22.5252
6.31514	22.5707
6.31577	22.6161
6.31786	22.6616
6.32009	22.7071
6.32197	22.7525
6.32269	22.798
6.32336	22.8434
6.32407	22.8889
6.3255	22.9343
6.32729	22.9798
6.3338	23.0252
6.33867	23.0687
6.33985	23.1122
6.34106	23.1557
6.3424	23.1991
6.34314	23.2426
6.34335	23.2861
6.34351	23.3296
6.34379	23.3731
6.34406	23.4165
6.34547	23.46
6.35253	23.5035
6.35663	23.547
6.36628	23.5905
6.36829	23.6339
6.36971	23.6774
6.3704	23.7209
6.37174	23.7644
6.37407	23.8078
6.37524	23.8513
6.3767	23.8948
6.37734	23.9383
6.3781	23.9818
6.37869	24.0252
6.37935	24.0669
6.38009	12.0335
6.38076	12.1168
6.38152	12.2001
6.38216	12.2835
6.38558	12.3668
6.38917	12.4501
6.39903	12.5335
6.40244	12.6168
6.40867	12.7001
6.40938	12.7835
6.41029	12.8668
6.4115	12.9501
6.41283	13.0335
6.41626	13.1104
6.41779	13.1873
6.41984	13.2642
6.42259	13.3411
6.42339	13.4181
6.42396	13.495
6.42533	13.5719
6.42713	13.6488
6.42819	13.7258
6.43229	13.8027
6.43504	13.8796
6.43792	13.9565
6.43865	14.0335
6.45092	14.1049
6.45473	14.1763
6.45924	14.2477
6.45962	14.3192
6.45991	14.3906
6.46069	14.462
6.46131	14.5335
6.46244	14.6049
6.46628	14.6763
6.47601	14.7477
6.47819	14.8192
6.47962	14.8906
6.48022	14.962
6.4823	15.0335
6.48503	15.1001
6.49506	15.1668
6.49575	15.2335
6.49833	15.3001
6.499	15.3668
6.4997	15.4335
6.50035	15.5001
6.50178	15.5668
6.50249	15.6335
6.50659	15.7001
6.50866	15.7668
6.51023	15.8335
6.51149	15.9001
6.51291	15.9668
6.51378	16.0335
6.51707	16.096
6.52131	16.1585
6.52249	16.221
6.52325	16.2835
6.52391	16.346
6.52566	16.4085
6.52622	16.471
6.52653	16.5335
6.52813	16.596
6.53102	16.6585
6.53298	16.721
6.53916	16.7835
6.54052	16.846
6.54354	16.9085
6.54469	16.971
6.54539	17.0335
6.55018	17.0923
6.55297	17.1511
6.55394	17.2099
6.55434	17.2687
6.55505	17.3276
6.55577	17.3864
6.55717	17.4452
6.55856	17.504
6.56218	17.5629
6.56277	17.6217
6.56409	17.6805
6.56622	17.7393
6.56699	17.7982
6.56747	17.857
6.56846	17.9158
6.56984	17.9746
6.57038	18.0335
6.57977	18.089
6.58387	18.1446
6.58882	18.2001
6.58947	18.2557
6.59013	18.3112
6.59087	18.3668
6.59574	18.4223
6.5964	18.4779
6.5971	18.5335
6.59778	18.589
6.59851	18.6446
6.59919	18.7001
6.60066	18.7557
6.60073	18.8112
6.60126	18.8668
6.60208	18.9223
6.6039	18.9779
6.60462	19.0335
6.60911	19.0861
6.61182	19.1387
6.6165	19.1913
6.61783	19.244
6.6199	19.2966
6.62273	19.3492
6.62968	19.4019
6.6298	19.4545
6.62983	19.5071
6.63106	19.5598
6.63119	19.6124
6.63176	19.665
6.63249	19.7177
6.63308	19.7703
6.63383	19.8229
6.63457	19.8756
6.63513	19.9282
6.63585	19.9808
6.63654	20.0335
6.64013	20.0835
6.64084	20.1335
6.64147	20.1835
6.64234	20.2335
6.64289	20.2835
6.6443	20.3335
6.65621	20.3835
6.65678	20.4335
6.6575	20.4835
6.65816	20.5335
6.6589	20.5835
6.65951	20.6335
6.66027	20.6835
6.66116	20.7335
6.66162	20.7835
6.66236	20.8335
6.6632	20.8835
6.66371	20.9335
6.66509	20.9835
6.66513	21.0335
6.66868	21.0811
6.66931	21.1287
6.67016	21.1763
6.67195	21.2239
6.67217	21.2715
6.67727	21.3192
6.6871	21.3668
6.688	21.4144
6.68965	21.462
6.69035	21.5096
6.69201	21.5573
6.69319	21.6049
6.69424	21.6525
6.69514	21.7001
6.69625	21.7477
6.69761	21.7954
6.69863	21.843
6.6997	21.8906
6.70064	21.9382
6.70108	21.9858
6.70197	22.0335
6.70522	22.0789
6.70636	22.1244
6.70663	22.1698
6.71068	22.2153
6.71175	22.2607
6.72126	22.3062
6.73361	22.3516
6.73429	22.3971
6.73499	22.4425
6.73566	22.488
6.73637	22.5335
6.73858	22.5789
6.73911	22.6244
6.73983	22.6698
6.7407	22.7153
6.74125	22.7607
6.74191	22.8062
6.74253	22.8516
6.74323	22.8971
6.74392	22.9425
6.74472	22.988
6.74528	23.0335
6.74598	23.0769
6.74667	23.1204
6.74743	23.1639
6.74814	23.2074
6.75026	23.2508
6.76267	23.2943
6.77063	23.3378
6.77196	23.3813
6.77269	23.4248
6.77335	23.4682
6.7748	23.5117
6.77542	23.5552
6.77633	23.5987
6.77688	23.6421
6.77747	23.6856
6.77819	23.7291
6.77907	23.7726
6.78008	23.8161
6.78057	23.8595
6.78114	23.903
6.78195	23.9465
6.78248	23.99
6.78322	24.0335
6.78383	24.0751
6.78454	24.1168
6.78522	24.1585
6.78664	24.2001
6.78802	24.2418
6.79283	24.2835
6.80145	24.3251
6.80237	24.3668
6.80353	24.4085
6.80423	24.4501
6.80488	24.4918
6.81094	24.5335
6.81144	24.5751
6.81215	24.6168
6.81384	24.6585
6.81539	24.7001
6.82109	24.7418
6.82438	24.7835
6.82627	24.8251
6.82833	24.8668
6.82971	24.9085
6.83047	24.9501
6.83112	24.9918
6.83189	25.0335
6.83256	25.0735
6.83397	25.1135
6.83522	25.1535
6.83595	25.1935
6.83704	25.2335
6.83779	25.2735
6.845	25.3135
6.84598	25.3535
6.84645	25.3935
6.84728	25.4335
6.84828	25.4735
6.85395	25.5135
6.85464	25.5535
6.85535	25.5935
6.85598	25.6335
6.85752	25.6735
6.8612	25.7135
6.86338	25.7535
6.86466	25.7935
6.86535	25.8335
6.86607	25.8735
6.86811	25.9135
6.87449	25.9535
6.87977	25.9935
6.87983	26.0335
6.88073	26.0719
6.88128	26.1104
6.88254	26.1488
6.88266	26.1873
6.88348	26.2258
6.88441	26.2642
6.88723	26.3027
6.88786	26.3411
6.88857	26.3796
6.89135	26.4181
6.89665	26.4565
6.90798	26.495
6.9087	26.5335
6.91095	26.5719
6.91178	26.6104
6.91316	26.6488
6.9143	26.6873
6.91645	26.7258
6.91852	26.7642
6.91915	26.8027
6.9223	26.8411
6.92426	26.8796
6.92475	26.9181
6.92543	26.9565
6.92747	26.995
6.92889	27.0335
6.93163	27.0705
6.93231	27.1075
6.93402	27.1446
6.93484	27.1816
6.93561	27.2186
6.94332	27.2557
6.94815	27.2927
6.95116	27.3297
6.95272	27.3668
6.95339	27.4038
6.95487	27.4409
6.95638	27.4779
6.95801	27.5149
6.95939	27.552
6.9608	27.589
6.96652	27.626
6.97114	27.6631
6.9718	27.7001
6.97319	27.7372
6.9749	27.7742
6.97597	27.8112
6.97802	27.8483
6.98537	27.8853
6.98602	27.9223
6.9878	27.9594
6.98873	27.9964
6.98958	28.0335
6.99006	28.0692
6.9908	28.1049
6.99242	28.1406
6.99395	28.1763
6.99467	28.212
6.99574	28.2477
6.99684	28.2835
7.00381	28.3192
7.00449	28.3549
7.00567	28.3906
7.00704	28.4263
7.00871	28.462
7.01012	28.4977
7.01564	28.5335
7.01703	28.5692
7.02187	28.6049
7.02463	28.6406
7.02734	28.6763
7.02807	28.712
7.02943	28.7477
7.03083	28.7835
7.03233	28.8192
7.03366	28.8549
7.03435	28.8906
7.03501	28.9263
7.03564	28.962
7.03799	28.9977
7.0389	29.0335
7.03982	29.0679
7.04119	29.1024
7.04262	29.1369
7.04324	29.1714
7.04792	29.2059
7.04928	29.2403
7.05489	29.2748
7.05811	29.3093
7.05858	29.3438
7.05937	29.3783
7.06132	29.4128
7.06265	29.4472
7.0653	29.4817
7.06901	29.5162
7.07247	29.5507
7.07397	29.5852
7.07589	29.6197
7.07725	29.6541
7.07999	29.6886
7.08239	29.7231
7.08276	29.7576
7.08439	29.7921
7.08621	29.8266
7.08711	29.861
7.08848	29.8955
7.09035	29.93
7.09239	29.9645
7.0931	29.999
7.09386	30.0335
7.09575	30.0668
7.0969	30.1001
7.09735	30.1335
7.09872	30.1668
7.10078	30.2001
7.10241	30.2335
7.11069	30.2668
7.11203	30.3001
7.11272	30.3335
7.11343	30.3668
7.11549	30.4001
7.11821	30.4335
7.11961	30.4668
7.12241	30.5001
7.12385	30.5335
7.12442	30.5668
7.12539	30.6001
7.12598	30.6335
7.12861	30.6668
7.12984	30.7001
7.13072	30.7335
7.13208	30.7668
7.13278	30.8001
7.13351	30.8335
7.13507	30.8668
7.13696	30.9001
7.13833	30.9335
7.13906	30.9668
7.14084	31.0001
7.14096	31.0324
7.15014	31.0646
7.15144	31.0969
7.15422	31.1292
7.15558	31.1614
7.15837	31.1937
7.1592	31.2259
7.1619	31.2582
7.16309	31.2904
7.16455	31.3227
7.16593	31.355
7.16729	31.3872
7.16803	31.4195
7.16867	31.4517
7.17081	31.484
7.17097	31.5162
7.17135	31.5485
7.17223	31.5808
7.17572	31.613
7.17638	31.6453
7.17836	31.6775
7.18034	31.7098
7.18194	31.7421
7.18258	31.7743
7.18461	31.8066
7.1895	31.8388
7.20055	31.8711
7.20208	31.9033
7.20397	31.9356
7.20467	31.9679
7.20742	32.0001
7.20812	32.0314
7.20949	32.0626
7.21092	32.0939
7.21226	32.1251
7.2131	32.1564
7.21362	32.1876
7.21432	32.2189
7.21641	32.2501
7.21842	32.2814
7.21994	32.3126
7.22069	32.3439
7.22269	32.3751
7.22354	32.4064
7.22406	32.4376
7.2258	32.4689
7.22618	32.5001
7.22682	32.5314
7.22755	32.5626
7.22826	32.5939
7.22961	32.6251
7.23174	32.6564
7.23651	32.6876
7.242	32.7189
7.24479	32.7501
7.24711	32.7814
7.24984	32.8126
7.25607	32.8439
7.25813	32.8751
7.26084	32.9064
7.26333	32.9376
7.26501	32.9689
7.26663	33.0001
7.26779	33.0304
7.26937	33.0607
7.27019	33.091
7.27094	33.1213
7.27184	33.1516
7.272	33.1819
7.27277	33.2122
7.27616	33.2425
7.27677	33.2728
7.27955	33.3031
7.2824	33.3335
7.28296	33.3638
7.28395	33.3941
7.28438	33.4244
7.288	33.4547
7.28834	33.485
7.28846	33.5153
7.28927	33.5456
7.29136	33.5759
7.2934	33.6062
7.29615	33.6365
7.29889	33.6668
7.29982	33.6971
7.30105	33.7274
7.30253	33.7577
7.30577	33.788
7.31155	33.8183
7.31361	33.8486
7.31512	33.8789
7.31725	33.9092
7.31849	33.9395
7.31918	33.9698
7.32062	34.0001
7.32118	34.0295
7.32323	34.0589
7.32392	34.0884
7.32531	34.1178
7.32615	34.1472
7.3269	34.1766
7.32819	34.206
7.33106	34.2354
7.33152	34.2648
7.3322	34.2942
7.3346	34.3236
7.33571	34.3531
7.33776	34.3825
7.33845	34.4119
7.33913	34.4413
7.33982	34.4707
7.34184	34.5001
7.34257	34.5295
7.34329	34.5589
7.3446	34.5884
7.34557	34.6178
7.34621	34.6472
7.34787	34.6766
7.3482	34.706
7.34891	34.7354
7.34951	34.7648
7.35103	34.7942
7.35298	34.8236
7.35506	34.8531
7.35781	34.8825
7.35918	34.9119
7.35983	34.9413
7.36128	34.9707
7.36193	35.0001
7.36739	35.0287
7.36876	35.0573
7.36947	35.0858
7.37042	35.1144
7.37084	35.143
7.37357	35.1715
7.37499	35.2001
7.37629	35.2287
7.37709	35.2573
7.37781	35.2858
7.37839	35.3144
7.3799	35.343
7.38054	35.3715
7.3821	35.4001
7.38342	35.4287
7.38529	35.4573
7.38665	35.4858
7.38751	35.5144
7.3887	35.543
7.38935	35.5715
7.39144	35.6001
7.39222	35.6287
7.39393	35.6573
7.39438	35.6858
7.39769	35.7144
7.39978	35.743
7.40184	35.7715
7.40251	35.8001
7.41578	35.8287
7.41655	35.8573
7.41708	17.9286
7.41845	17.9875
7.4191	18.0463
7.42019	18.1018
7.4205	18.1574
7.42122	18.2129
7.42192	18.2685
7.42268	18.3241
7.4233	18.3796
7.42401	18.4352
7.42463	18.4907
7.42592	18.5463
7.42595	18.6018
7.43014	18.6574
7.43079	18.7129
7.43154	18.7685
7.43354	18.8241
7.43495	18.8796
7.4356	18.9352
7.43731	18.9907
7.44002	19.0463
7.44045	19.0989
7.44253	19.1515
7.44458	19.2042
7.44678	19.2568
7.45214	19.3094
7.45555	19.3621
7.45975	19.4147
7.46043	19.4673
7.4631	19.52
7.46371	19.5726
7.46441	19.6252
7.46583	19.6779
7.46734	19.7305
7.46794	19.7831
7.46997	19.8358
7.47067	19.8884
7.47248	19.941
7.47279	19.9936
7.47409	20.0463
7.47483	20.0963
7.47553	20.1463
7.47623	20.1963
7.47687	20.2463
7.48044	20.2963
7.48318	20.3463
7.48656	20.3963
7.48808	20.4463
7.48998	20.4963
7.49152	20.5463
7.49504	20.5963
7.49731	20.6463
7.50344	20.6963
7.50404	20.7463
7.50674	20.7963
7.5074	20.8463
7.50948	20.8963
7.51019	20.9463
7.51086	20.9963
7.51152	21.0463
7.51285	21.0939
7.51703	21.1415
7.51781	21.1891
7.52121	21.2368
7.52152	21.2844
7.52192	21.332
7.52262	21.3796
7.52344	21.4272
7.52427	21.4748
7.52482	21.5225
7.52633	21.5701
7.52727	21.6177
7.52991	21.6653
7.53282	21.7129
7.53532	21.7606
7.53701	21.8082
7.538	21.8558
7.53937	21.9034
7.54061	21.951
7.54238	21.9987
7.54288	22.0463
7.54824	22.0917
7.55369	22.1372
7.55643	22.1826
7.55804	22.2281
7.55863	22.2736
7.56013	22.319
7.56072	22.3645
7.56136	22.4099
7.56211	22.4554
7.56271	22.5008
7.56336	22.5463
7.56414	22.5917
7.57026	22.6372
7.5709	22.6826
7.5723	22.7281
7.57365	22.7736
7.57445	22.819
7.57502	22.8645
7.57571	22.9099
7.57639	22.9554
7.57786	23.0008
7.57884	23.0443
7.58056	23.0878
7.58269	23.1313
7.58538	23.1747
7.5869	23.2182
7.58749	23.2617
7.58955	23.3052
7.59264	23.3486
7.59486	23.3921
7.59631	23.4356
7.59921	23.4791
7.60157	23.5226
7.6031	23.566
7.60723	23.6095
7.60794	23.653
7.60864	23.6965
7.60931	23.74
7.61031	23.7834
7.61073	23.8269
7.61137	23.8704
7.61207	23.9139
7.61281	11.9569
7.61349	12.0478
7.61417	12.1312
7.61501	12.2145
7.61637	12.2978
7.61695	12.3812
7.6176	12.4645
7.61831	12.5478
7.61952	12.6312
7.62156	12.7145
7.62503	12.7978
7.62572	12.8812
7.62648	12.9645
7.62938	13.0478
7.62995	13.1248
7.63129	13.2017
7.63184	13.2786
7.63259	13.3555
7.63322	13.4325
7.63461	13.5094
7.63533	13.5863
7.63602	13.6632
7.65034	13.7401
7.65175	13.8171
7.65445	13.894
7.65538	13.9709
7.65589	14.0478
7.65673	14.1193
7.65723	14.1907
7.65808	14.2621
7.65863	14.3336
7.65956	14.405
7.66004	14.4764
7.66077	14.5478
7.66139	14.6193
7.67105	14.6907
7.67171	14.7621
7.67241	14.8336
7.67444	14.905
7.67463	14.9764
7.67474	15.0478
7.67528	15.1145
7.67585	15.1812
7.67653	15.2478
7.67817	15.3145
7.67931	15.3812
7.68139	15.4478
7.68349	15.5145
7.68559	15.5812
7.69525	15.6478
7.6959	15.7145
7.69729	15.7812
7.70006	15.8478
7.70079	15.9145
7.70215	15.9812
7.70286	16.0478
7.70379	16.1103
7.70429	16.1728
7.70563	16.2353
7.70647	16.2978
7.70835	16.3603
7.70984	16.4228
7.71113	16.4853
7.71456	16.5478
7.71872	16.6103
7.71938	16.6728
7.72024	16.7353
7.72092	16.7978
7.72148	16.8603
7.72495	16.9228
7.72627	16.9853
7.727	17.0478
7.72769	17.1067
7.72981	17.1655
7.73067	17.2243
7.7319	17.2831
7.73407	17.342
7.73545	17.4008
7.7375	17.4596
7.74387	17.5184
7.75177	17.5773
7.75266	17.6361
7.75347	17.6949
7.754	17.7537
7.75464	17.8125
7.75749	17.8714
7.7581	17.9302
7.75942	17.989
7.76025	18.0478
7.76166	18.1034
7.7624	18.159
7.76369	18.2145
7.76567	18.2701
7.76708	18.3256
7.76882	18.3812
7.76915	18.4367
7.77553	18.4923
7.78192	18.5478
7.78326	18.6034
7.78531	18.659
7.78671	18.7145
7.7874	18.7701
7.7881	18.8256
7.78945	18.8812
7.79082	18.9367
7.79233	18.9923
7.79297	19.0478
7.79707	19.1005
7.81081	19.1531
7.81284	19.2057
7.81359	19.2584
7.81488	19.311
7.81579	19.3636
7.81627	19.4163
7.81692	19.4689
7.81829	19.5215
7.81965	19.5742
7.82108	19.6268
7.82241	19.6794
7.82392	19.7321
7.82456	19.7847
7.82516	9.89234
7.82591	10.0035
7.82797	10.1035
7.83557	10.2035
7.84062	10.3035
7.84174	10.4035
7.84657	10.5035
7.86399	10.6035
7.86526	10.7035
7.86534	10.8035
7.86602	10.9035
7.86667	11.0035
7.86803	11.0944
7.86868	11.1853
7.87008	11.2762
7.87176	11.3671
7.87283	11.458
7.87359	11.5489
7.87582	11.6398
7.8925	11.7307
7.89301	11.8216
7.89384	11.9125
7.89443	12.0035
7.89519	12.0868
7.89576	12.1701
7.89734	12.2535
7.89857	12.3368
7.9022	12.4201
7.90568	12.5035
7.90619	12.5868
7.91633	12.6701
7.91663	12.7535
7.91733	12.8368
7.91954	12.9201
7.92018	13.0035
7.92152	13.0804
7.92216	13.1573
7.92361	13.2342
7.92417	13.3111
7.92624	13.3881
7.93165	13.465
7.93275	13.5419
7.93528	13.6188
7.93614	13.6958
7.93814	13.7727
7.93883	13.8496
7.93951	13.9265
7.94022	14.0035
7.9409	14.0749
7.94161	14.1463
7.94373	14.2177
7.94522	14.2892
7.94642	14.3606
7.95567	14.432
7.95627	14.5035
7.95901	14.5749
7.96015	14.6463
7.96112	14.7177
7.96191	14.7892
7.96261	14.8606
7.96328	14.932
7.96518	15.0035
7.9659	15.0701
7.96677	15.1368
7.96801	15.2035
7.96872	15.2701
7.96934	15.3368
7.97651	15.4035
7.97865	15.4701
7.98221	15.5368
7.98227	15.6035
7.98318	15.6701
7.98349	15.7368
7.98361	15.8035
7.98368	15.8701
7.98386	15.9368
7.98407	16.0035
7.98453	16.066
7.986	16.1285
7.98609	16.191
7.98938	16.2535
7.99108	16.316
8.00021	16.3785
8.00166	16.441
8.003	16.5035
8.00341	16.566
8.00375	16.6285
8.00444	16.691
8.00518	16.7535
8.00582	16.816
8.00651	16.8785
8.00719	16.941
8.0079	17.0035
8.00859	17.0623
8.01132	17.1211
8.01201	17.1799
8.01441	17.2387
8.02812	17.2976
8.02879	17.3564
8.02947	17.4152
8.03023	17.474
8.03077	17.5329
8.04072	17.5917
8.04099	17.6505
8.04176	17.7093
8.04238	17.7682
8.04398	17.827
8.04582	17.8858
8.04674	17.9446
8.04937	18.0035
8.05337	18.059
8.05748	18.1146
8.05844	18.1701
8.06097	18.2257
8.06305	18.2812
8.06441	18.3368
8.06663	18.3923
8.06875	18.4479
8.07201	18.5035
8.07269	18.559
8.07543	18.6146
8.07704	18.6701
8.08454	18.7257
8.086	18.7812
8.08655	18.8368
8.08799	18.8923
8.08864	18.9479
8.09008	19.0035
8.0907	19.0561
8.09317	19.1087
8.09399	19.1613
8.09594	19.214
8.098	19.2666
8.09939	19.3192
8.1049	19.3719
8.10562	19.4245
8.1065	19.4771
8.10766	19.5298
8.11115	19.5824
8.11177	19.635
8.11697	19.6877
8.11789	19.7403
8.1186	19.7929
8.11907	19.8456
8.11974	19.8982
8.12181	19.9508
8.12248	20.0035
8.12558	20.0535
8.13616	20.1035
8.1376	20.1535
8.13919	20.2035
8.14057	20.2535
8.14129	20.3035
8.14331	20.3535
8.14544	20.4035
8.14679	20.4535
8.14814	20.5035
8.14884	20.5535
8.14951	20.6035
8.15023	10.3017
8.15452	10.4017
8.15639	10.5017
8.15859	10.6017
8.16054	10.7017
8.16197	10.8017
8.16347	10.9017
8.16401	11.0017
8.16669	11.0926
8.16888	11.1835
8.17175	11.2745
8.17249	11.3654
8.17384	11.4563
8.17427	11.5472
8.17565	11.6381
8.17646	11.729
8.18654	11.8199
8.18684	11.9108
8.18787	12.0017
8.18908	12.0851
8.19103	12.1684
8.19308	12.2517
8.19512	12.3351
8.19585	12.4184
8.19654	12.5017
8.19793	12.5851
8.19955	12.6684
8.21452	12.7517
8.21456	12.8351
8.21525	12.9184
8.21587	13.0017
8.21677	13.0786
8.21727	13.1556
8.21798	13.2325
8.21856	13.3094
8.21928	13.3863
8.22022	13.4633
8.22096	13.5402
8.22151	13.6171
8.22284	13.694
8.22321	13.771
8.22354	13.8479
8.2244	13.9248
8.22488	14.0017
8.22637	14.0732
8.22716	14.1446
8.22906	14.216
8.22971	14.2874
8.23189	14.3589
8.23317	14.4303
8.23409	14.5017
8.2345	14.5732
8.23817	14.6446
8.23867	14.716
8.24005	14.7874
8.2407	14.8589
8.24214	14.9303
8.24298	15.0017
8.24417	15.0684
8.24483	15.1351
8.24552	15.2017
8.2473	15.2684
8.25016	15.3351
8.25221	15.4017
8.25525	15.4684
8.25794	15.5351
8.25998	15.6017
8.26146	15.6684
8.26344	15.7351
8.268	15.8017
8.2702	15.8684
8.27309	15.9351
8.27322	16.0017
8.27358	16.0642
8.27427	16.1267
8.27558	16.1892
8.27567	16.2517
8.27637	16.3142
8.27915	16.3767
8.28137	16.4392
8.28253	16.5017
8.28533	16.5642
8.28762	16.6267
8.28877	16.6892
8.28948	16.7517
8.29159	16.8142
8.296	16.8767
8.29642	16.9392
8.29802	17.0017
8.29854	17.0606
8.29913	17.1194
8.29984	17.1782
8.3005	17.237
8.30259	17.2958
8.30534	17.3547
8.30888	17.4135
8.3091	17.4723
8.30964	17.5311
8.3119	17.59
8.31321	17.6488
8.31392	17.7076
8.31743	17.7664
8.3194	17.8253
8.32015	17.8841
8.32086	17.9429
8.32179	18.0017
8.32231	18.0573
8.32313	18.1128
8.3236	18.1684
8.32453	18.2239
8.32506	18.2795
8.32818	18.3351
8.33097	18.3906
8.33117	18.4462
8.33134	18.5017
8.33225	18.5573
8.33236	18.6128
8.3326	18.6684
8.33302	18.7239
8.33629	18.7795
8.33702	18.8351
8.33766	18.8906
8.33892	9.44531
8.33955	9.55642
8.34026	9.66753
8.34168	9.77864
8.34302	9.88975
8.34401	10.0009
8.3444	10.1009
8.34915	10.2009
8.35604	10.3009
8.35672	10.4009
8.35742	10.5009
8.36016	10.6009
8.36085	10.7009
8.36151	10.8009
8.36236	10.9009
8.36658	11.0009
8.36707	11.0918
8.36779	11.1827
8.37047	11.2736
8.37061	11.3645
8.37289	11.4554
8.37494	11.5463
8.37587	11.6372
8.37627	11.7281
8.37703	11.819
8.37777	11.91
8.37932	12.0009
8.37938	12.0842
8.37987	12.1675
8.38745	12.2509
8.3881	12.3342
8.39086	12.4175
8.39477	12.5009
8.39544	12.5842
8.3962	12.6675
8.39678	12.7509
8.39817	12.8342
8.39954	12.9175
8.4003	13.0009
8.40095	13.0778
8.40162	13.1547
8.40947	13.2316
8.40989	13.3086
8.41061	13.3855
8.41226	13.4624
8.41267	13.5393
8.41344	13.6162
8.41407	13.6932
8.41612	13.7701
8.4169	13.847
8.41752	13.9239
8.41905	14.0009
8.41956	14.0723
8.41971	14.1437
8.42589	14.2151
8.4267	14.2866
8.42935	14.358
8.43242	14.4294
8.43298	14.5009
8.43344	14.5723
8.43493	14.6437
8.43685	14.7151
8.44375	14.7866
8.44445	14.858
8.4451	14.9294
8.44585	15.0009
8.44649	15.0675
8.4473	15.1342
8.45066	15.2009
8.45079	15.2675
8.45153	15.3342
8.45346	15.4009
8.45567	15.4675
8.45637	15.5342
8.45707	15.6009
8.45776	15.6675
8.46336	15.7342
8.46403	15.8009
8.4654	15.8675
8.46743	15.9342
8.46813	16.0009
8.47019	16.0634
8.47159	16.1259
8.47714	16.1884
8.47866	16.2509
8.48003	16.3134
8.48355	16.3759
8.48591	16.4384
8.48692	16.5009
8.49042	16.5634
8.49242	16.6259
8.49633	16.6884
8.49673	16.7509
8.4969	16.8134
8.49741	16.8759
8.49828	16.9384
8.49883	17.0009
8.49945	17.0597
8.50009	17.1185
8.50083	17.1773
8.50155	17.2362
8.50362	17.295
8.50431	17.3538
8.50563	17.4126
8.50632	17.4715
8.5084	17.5303
8.51113	17.5891
8.51949	17.6479
8.52131	17.7067
8.52159	17.7656
8.52172	17.8244
8.5223	17.8832
8.523	17.942
8.5248	18.0009
8.52496	18.0564
8.52579	18.112
8.52711	18.1675
8.5286	18.2231
8.52916	18.2786
8.53074	18.3342
8.53078	18.3898
8.53124	18.4453
8.53199	18.5009
8.53266	18.5564
8.5433	18.612
8.54526	18.6675
8.54593	18.7231
8.54661	18.7786
8.54732	18.8342
8.54866	18.8898
8.54936	18.9453
8.55009	19.0009
8.55073	19.0535
8.55231	19.1061
8.55277	19.1588
8.55345	19.2114
8.55479	19.264
8.55564	19.3167
8.55617	19.3693
8.55708	19.4219
8.55764	19.4745
8.55898	19.5272
8.57007	19.5798
8.57093	19.6324
8.57148	19.6851
8.57219	19.7377
8.57286	19.7903
8.57421	19.843
8.57557	19.8956
8.57627	19.9482
8.57762	20.0009
8.57836	20.0509
8.57901	20.1009
8.58036	20.1509
8.58184	20.2009
8.58315	20.2509
8.58465	20.3009
8.58597	20.3509
8.58805	20.4009
8.58945	20.4509
8.59023	20.5009
8.59976	20.5509
8.60139	20.6009
8.60177	20.6509
8.60277	20.7009
8.60309	20.7509
8.60414	20.8009
8.60522	20.8509
8.60591	20.9009
8.60665	20.9509
8.6073	21.0009
8.60897	21.0485
8.60904	21.0961
8.61141	21.1437
8.61416	21.1913
8.61622	21.239
8.61763	21.2866
8.61836	21.3342
8.61902	10.6671
8.61965	10.7671
8.62047	10.8671
8.63271	10.9671
8.63415	11.0671
8.63487	11.158
8.63548	11.2489
8.63829	11.3398
8.63838	11.4307
8.63842	11.5216
8.6385	11.6126
8.63893	11.7035
8.63965	11.7944
8.64028	11.8853
8.64099	11.9762
8.64165	12.0671
8.64441	12.1504
8.64515	12.2338
8.64589	12.3171
8.64681	12.4004
8.64805	12.4838
8.65905	12.5671
8.65964	12.6504
8.66066	12.7338
8.66108	12.8171
8.66183	12.9004
8.66238	12.9838
8.66316	13.0671
8.6672	13.144
8.66858	13.2209
8.66942	13.2979
8.67005	13.3748
8.67138	13.4517
8.67655	13.5286
8.67713	13.6056
8.67791	13.6825
8.67858	13.7594
8.67898	13.8363
8.6797	13.9133
8.68039	13.9902
8.6811	14.0671
8.68177	14.1385
8.68252	14.21
8.68326	14.2814
8.68406	14.3528
8.68452	14.4242
8.69013	14.4957
8.69029	14.5671
8.69186	14.6385
8.69215	14.71
8.69254	14.7814
8.69352	14.8528
8.69465	14.9242
8.69604	14.9957
8.69716	15.0671
8.69954	15.1338
8.70175	15.2004
8.70364	15.2671
8.70465	15.3338
8.70718	15.4004
8.7099	15.4671
8.71126	15.5338
8.71496	15.6004
8.71629	15.6671
8.71692	15.7338
8.71763	15.8004
8.71828	15.8671
8.71892	15.9338
8.71965	16.0004
8.72049	16.0629
8.72245	16.1254
8.72308	16.1879
8.72375	16.2504
8.72447	16.3129
8.72516	16.3754
8.72645	16.4379
8.72744	16.5004
8.73025	16.5629
8.73076	16.6254
8.73151	16.6879
8.73231	16.7504
8.7328	16.8129
8.73418	16.8754
8.7357	16.9379
8.73621	17.0004
8.73867	17.0593
8.73903	17.1181
8.73973	17.1769
8.74172	17.2357
8.74312	8.61786
8.7453	8.74286
8.74664	8.86786
8.74743	8.99286
8.75163	9.11786
8.75221	9.22897
8.75293	9.34009
8.75418	9.4512
8.75657	9.56231
8.75726	9.67342
8.75795	9.78453
8.75863	9.89564
8.76066	10.0068
8.76137	10.1068
8.76295	10.2068
8.76428	10.3068
8.76561	10.4068
8.77068	10.5068
8.77198	10.6068
8.7734	10.7068
8.77426	10.8068
8.77678	10.9068
8.77746	11.0068
8.77823	11.0977
8.78243	11.1886
8.78397	11.2795
8.78425	11.3704
8.78605	11.4613
8.78626	11.5522
8.78677	11.6431
8.7879	11.734
8.78865	11.8249
8.79288	11.9158
8.79348	12.0068
8.79557	12.0901
8.79667	12.1734
8.79801	12.2568
8.7993	12.3401
8.80519	12.4234
8.80724	12.5068
8.80798	12.5901
8.80938	12.6734
8.81079	12.7568
8.81352	12.8401
8.81438	12.9234
8.81491	13.0068
8.81565	13.0837
8.81634	13.1606
8.81703	13.2375
8.82223	13.3144
8.8227	13.3914
8.82896	13.4683
8.83047	13.5452
8.83095	13.6221
8.83234	13.6991
8.83529	13.776
8.83585	13.8529
8.83733	13.9298
8.83849	14.0068
8.83946	14.0782
8.8409	14.1496
8.84201	14.221
8.84271	14.2925
8.84593	14.3639
8.85029	14.4353
8.85082	14.5068
8.85144	14.5782
8.85247	14.6496
8.85559	14.721
8.85768	14.7925
8.8586	14.8639
8.85895	14.9353
8.85979	15.0068
8.8606	15.0734
8.8609	15.1401
8.86234	15.2068
8.86278	15.2734
8.86402	15.3401
8.86467	15.4068
8.8654	15.4734
8.86686	15.5401
8.86819	15.6068
8.87011	15.6734
8.87032	15.7401
8.87184	15.8068
8.87521	15.8734
8.8764	15.9401
8.87788	16.0068
8.87915	16.0693
8.8799	16.1318
8.88709	16.1943
8.89236	16.2568
8.89292	16.3193
8.89376	16.3818
8.89608	16.4443
8.89889	16.5068
8.90155	16.5693
8.90392	16.6318
8.90465	16.6943
8.90537	16.7568
8.90674	16.8193
8.909	16.8818
8.9103	16.9443
8.91174	17.0068
8.91291	17.0656
8.91364	17.1244
8.91462	17.1832
8.91498	17.242
8.91567	17.3009
8.91709	17.3597
8.91918	17.4185
8.92373	17.4773
8.92527	17.5362
8.92617	17.595
8.92717	17.6538
8.92794	17.7126
8.92918	17.7715
8.93009	17.8303
8.93479	17.8891
8.93901	17.9479
8.93956	18.0068
8.94027	18.0623
8.94412	18.1179
8.94531	18.1734
8.94604	18.229
8.94679	18.2845
8.94739	18.3401
8.94813	18.3956
8.94912	18.4512
8.95064	18.5068
8.95198	18.5623
8.95363	18.6179
8.95571	18.6734
8.95994	18.729
8.96122	18.7845
8.96323	18.8401
8.96401	18.8956
8.96595	18.9512
8.96758	19.0068
8.96812	19.0594
8.9687	19.112
8.97019	19.1646
8.97219	19.2173
8.97288	19.2699
8.97492	19.3225
8.97635	19.3752
8.97812	19.4278
8.97825	19.4804
8.97855	19.5331
8.97929	19.5857
8.9805	19.6383
8.9813	19.691
8.98176	19.7436
8.98212	19.7962
8.98261	19.8489
8.98642	19.9015
8.9881	19.9541
8.98888	20.0068
8.99116	20.0568
8.99187	20.1068
8.99327	20.1568
8.99557	20.2068
8.99596	20.2568
8.99675	20.3068
8.99894	20.3568
9.00325	20.4068
9.00394	20.4568
9.00546	20.5068
9.00619	20.5568
9.00664	20.6068
9.00811	20.6568
9.00961	20.7068
9.01083	20.7568
9.01168	20.8068
9.01382	20.8568
9.01593	20.9068
9.01748	20.9568
9.01779	21.0068
9.01852	21.0544
9.01923	21.102
9.02011	21.1496
9.02065	21.1972
9.02194	21.2448
9.02339	21.2925
9.02364	21.3401
9.02435	21.3877
9.02452	21.4353
9.02549	21.4829
9.02696	21.5306
9.02779	21.5782
9.03367	21.6258
9.03434	21.6734
9.03723	21.721
9.03965	21.7687
9.04056	21.8163
9.04142	21.8639
9.04356	21.9115
9.04504	21.9591
9.04531	22.0068
9.04759	22.0522
9.05117	22.0977
9.05257	22.1431
9.05492	22.1886
9.05535	22.234
9.05615	22.2795
9.05661	22.3249
9.05696	22.3704
9.05721	22.4158
9.05754	22.4613
9.05821	22.5068
9.05904	22.5522
9.06439	22.5977
9.06532	22.6431
9.06671	22.6886
9.06954	22.734
9.07218	22.7795
9.07283	22.8249
9.07565	22.8704
9.07679	22.9158
9.07954	22.9613
9.08093	23.0068
9.08263	23.0502
9.08474	23.0937
9.08589	23.1372
9.08611	23.1807
9.08742	23.2241
9.0879	23.2676
9.08997	23.3111
9.09071	23.3546
9.09139	23.3981
9.0921	23.4415
9.09281	23.485
9.09414	23.5285
9.09517	23.572
9.09623	23.6154
9.09704	23.6589
9.09826	23.7024
9.099	23.7459
9.10063	23.7894
9.10325	23.8328
9.10378	23.8763
9.1089	23.9198
9.11069	23.9633
9.11211	24.0068
9.11415	24.0484
9.11634	24.0901
9.11936	24.1318
9.12094	24.1734
9.12171	24.2151
9.12308	24.2568
9.12454	24.2984
9.12527	24.3401
9.12617	24.3818
9.12661	24.4234
9.12754	24.4651
9.1284	24.5068
9.12954	24.5484
9.13027	24.5901
9.13062	24.6318
9.13159	24.6734
9.13344	24.7151
9.13553	24.7568
9.1372	24.7984
9.13754	24.8401
9.14244	24.8818
9.14313	24.9234
9.14456	24.9651
9.14539	25.0068
9.14659	25.0468
9.14726	25.0868
9.14882	25.1268
9.15014	25.1668
9.15075	25.2068
9.15301	25.2468
9.15583	25.2868
9.15841	25.3268
9.16116	25.3668
9.16183	25.4068
9.16321	25.4468
9.16385	25.4868
9.16532	25.5268
9.16668	25.5668
9.16806	25.6068
9.17007	25.6468
9.17166	25.6868
9.17348	25.7268
9.17584	25.7668
9.17628	25.8068
9.17706	25.8468
9.1798	25.8868
9.18111	25.9268
9.18335	25.9668
9.1846	26.0068
9.18529	26.0452
9.1859	26.0837
9.1887	26.1221
9.19015	26.1606
9.19053	26.1991
9.19243	26.2375
9.19293	26.276
9.19438	26.3144
9.19499	26.3529
9.19706	26.3914
9.20068	26.4298
9.20131	26.4683
9.20395	26.5068
9.20756	26.5452
9.20961	26.5837
9.21279	26.6221
9.21624	26.6606
9.21842	26.6991
9.22262	26.7375
9.22571	13.3688
9.22791	13.4457
9.22867	13.5226
9.2293	13.5995
9.22996	13.6765
9.23099	13.7534
9.23219	13.8303
9.23359	13.9072
9.2342	13.9841
9.23548	14.0611
9.23952	14.1325
9.24039	14.2039
9.24679	14.2754
9.24864	14.3468
9.25006	14.4182
9.25213	14.4896
9.25422	14.5611
9.25561	14.6325
9.25654	14.7039
9.25763	14.7754
9.25972	14.8468
9.26104	14.9182
9.26246	14.9896
9.26607	15.0611
9.26898	15.1277
9.27188	15.1944
9.27525	15.2611
9.27611	15.3277
9.27921	15.3944
9.2814	15.4611
9.28182	15.5277
9.28326	15.5944
9.28424	15.6611
9.28534	15.7277
9.28738	15.7944
9.28806	15.8611
9.289	15.9277
9.29083	15.9944
9.29167	16.0611
9.29228	16.1236
9.29497	16.1861
9.29913	16.2486
9.29984	16.3111
9.30196	16.3736
9.30352	16.4361
9.30559	16.4986
9.30631	16.5611
9.30842	16.6236
9.30884	16.6861
9.30952	16.7486
9.31023	16.8111
9.31098	16.8736
9.31292	16.9361
9.31508	16.9986
9.31713	17.0611
9.31909	17.1199
9.32704	17.1787
9.33099	17.2375
9.33172	17.2964
9.33271	17.3552
9.3338	17.414
9.33444	17.4728
9.33578	17.5317
9.33714	17.5905
9.33812	17.6493
9.33867	17.7081
9.3393	17.767
9.34095	17.8258
9.34152	17.8846
9.34217	17.9434
9.3428	18.0022
9.34342	18.0578
9.34712	18.1134
9.35389	18.1689
9.35869	18.2245
9.36021	18.28
9.36203	18.3356
9.36295	18.3911
9.36342	18.4467
9.36638	18.5022
9.36843	18.5578
9.36904	18.6134
9.36984	18.6689
9.37038	18.7245
9.37202	18.78
9.37253	18.8356
9.3732	18.8911
9.37378	18.9467
9.37596	19.0022
9.37742	19.0549
9.37936	19.1075
9.3835	19.1601
9.38554	19.2128
9.38693	19.2654
9.38796	19.318
9.3895	19.3707
9.39013	19.4233
9.39129	19.4759
9.39429	19.5286
9.39529	19.5812
9.39681	19.6338
9.3987	19.6865
9.39938	19.7391
9.40076	19.7917
9.4023	19.8443
9.40282	19.897
9.4042	19.9496
9.40487	20.0022
9.40769	20.0522
9.412	20.1022
9.41393	20.1522
9.4164	20.2022
9.41686	20.2522
9.41952	20.3022
9.42141	20.3522
9.42211	20.4022
9.42333	20.4522
9.42401	20.5022
9.4246	20.5522
9.4262	20.6022
9.4276	20.6522
9.42777	20.7022
9.42891	20.7522
9.43037	20.8022
9.43066	20.8522
9.43157	20.9022
9.43226	20.9522
9.43291	21.0022
9.43545	21.0499
9.43717	21.0975
9.44117	21.1451
9.44258	21.1927
9.44399	21.2403
9.44624	21.288
9.44743	21.3356
9.44812	21.3832
9.44946	21.4308
9.45016	21.4784
9.45105	21.5261
9.45242	21.5737
9.45682	21.6213
9.45777	21.6689
9.4584	21.7165
9.46399	21.7641
9.46466	21.8118
9.46627	21.8594
9.46813	21.907
9.46975	21.9546
9.47034	22.0022
9.47147	22.0477
9.47245	22.0932
9.47314	22.1386
9.47385	22.1841
9.47454	22.2295
9.47625	22.275
9.47634	22.3204
9.47651	22.3659
9.47726	22.4113
9.47794	22.4568
9.47861	22.5022
9.47999	22.5477
9.48069	22.5932
9.48164	22.6386
9.48206	22.6841
9.48329	22.7295
9.48364	22.775
9.48488	22.8204
9.48632	22.8659
9.48701	22.9113
9.48857	22.9568
9.48912	23.0022
9.50032	23.0457
9.50054	23.0892
9.50155	23.1327
9.50283	23.1762
9.50435	23.2196
9.50558	23.2631
9.50626	23.3066
9.50697	23.3501
9.50831	23.3935
9.509	23.437
9.50967	23.4805
9.51105	23.524
9.51327	23.5675
9.51381	23.6109
9.51449	23.6544
9.51662	23.6979
9.51803	23.7414
9.52279	23.7849
9.52359	23.8283
9.52423	23.8718
9.52498	23.9153
9.52557	23.9588
9.52637	24.0022
9.53103	24.0439
9.53121	24.0856
9.53171	24.1272
9.53236	24.1689
9.53305	24.2106
9.53394	24.2522
9.53469	12.1261
9.53525	12.2095
9.53612	12.2928
9.53724	12.3761
9.53788	12.4595
9.53935	12.5428
9.54147	12.6261
9.54278	12.7095
9.54411	12.7928
9.5469	12.8761
9.54824	12.9595
9.55112	13.0428
9.55238	13.1197
9.55336	13.1966
9.55379	13.2736
9.55498	13.3505
9.55517	13.4274
9.55658	13.5043
9.56075	13.5813
9.56396	13.6582
9.5644	13.7351
9.5651	13.812
9.56697	13.8889
9.56989	13.9659
9.57335	14.0428
9.57601	14.1142
9.57714	14.1856
9.57897	14.2571
9.58009	14.3285
9.59245	14.3999
9.59656	14.4714
9.60139	14.5428
9.60214	14.6142
9.60247	14.6856
9.60297	14.7571
9.60367	14.8285
9.60432	14.8999
9.60649	14.9714
9.60711	15.0428
9.60845	15.1095
9.61067	15.1761
9.61129	15.2428
9.61263	15.3095
9.61675	15.3761
9.63029	7.68806
9.63895	7.83092
9.64054	7.97378
9.64087	8.11663
9.64124	8.24163
9.64177	8.36663
9.64273	8.49163
9.64293	8.61663
9.64355	8.74163
9.64412	8.86663
9.64483	8.99163
9.64567	9.11663
9.64639	9.22774
9.64853	9.33885
9.64946	9.44997
9.66382	9.56108
9.6679	9.67219
9.66848	9.7833
9.6705	9.89441
9.67335	10.0055
9.67521	10.1055
9.67647	10.2055
9.67859	10.3055
9.6807	10.4055
9.68857	10.5055
9.68938	10.6055
9.68961	10.7055
9.6902	10.8055
9.69138	10.9055
9.69186	11.0055
9.69258	11.0964
9.69324	11.1873
9.69394	11.2782
9.6962	11.3692
9.70981	11.4601
9.71562	11.551
9.71607	11.6419
9.71948	11.7328
9.72019	11.8237
9.72086	11.9146
9.72239	12.0055
9.7229	12.0889
9.72492	12.1722
9.72563	12.2555
9.72699	12.3389
9.73164	12.4222
9.73208	12.5055
9.73247	12.5889
9.73311	12.6722
9.73331	12.7555
9.73352	12.8389
9.73369	12.9222
9.73423	13.0055
9.73479	13.0824
9.73543	13.1594
9.73619	13.2363
9.73715	13.3132
9.74662	13.3901
9.74774	13.4671
9.74895	13.544
9.7507	13.6209
9.75138	13.6978
9.75208	13.7748
9.75255	13.8517
9.75321	13.9286
9.75399	14.0055
9.75492	14.077
9.75535	14.1484
9.75606	14.2198
9.75804	14.2912
9.76176	14.3627
9.76337	14.4341
9.76401	14.5055
9.76502	14.577
9.76573	14.6484
9.76642	14.7198
9.76732	14.7912
9.76788	14.8627
9.76864	14.9341
9.7692	15.0055
9.76994	15.0722
9.77081	15.1389
9.77195	15.2055
9.77364	15.2722
9.77637	15.3389
9.77981	15.4055
9.78052	15.4722
9.78206	15.5389
9.78255	15.6055
9.78395	15.6722
9.79068	15.7389
9.79493	15.8055
9.7966	15.8722
9.79799	15.9389
9.79882	16.0055
9.79952	16.068
9.80021	16.1305
9.80088	16.193
9.80158	16.2555
9.80232	16.318
9.80298	16.3805
9.80377	16.443
9.80452	16.5055
9.8053	16.568
9.80584	16.6305
9.80651	16.693
9.80849	16.7555
9.81059	16.818
9.81272	16.8805
9.81327	16.943
9.8143	17.0055
9.83367	17.0643
9.83482	17.1232
9.83617	17.182
9.83693	17.2408
9.83753	17.2996
9.83829	17.3585
9.84077	17.4173
9.84124	17.4761
9.8419	17.5349
9.8438	17.5938
9.84437	17.6526
9.8451	17.7114
9.84705	17.7702
9.84847	17.8291
9.8498	17.8879
9.85139	17.9467
9.85192	18.0055
9.86168	18.0611
9.86306	18.1166
9.86507	18.1722
9.86575	18.2277
9.86646	18.2833
9.86718	18.3389
9.86854	18.3944
9.8699	18.45
9.87064	18.5055
9.87208	18.5611
9.87333	18.6166
9.87403	18.6722
9.87557	18.7277
9.87677	18.7833
9.87827	18.8389
9.8796	18.8944
9.88025	18.95
9.88161	19.0055
9.88955	19.0582
9.89153	19.1108
9.89275	19.1634
9.89365	19.216
9.89498	19.2687
9.89618	19.3213
9.89785	19.3739
9.89906	19.4266
9.89962	19.4792
9.90133	19.5318
9.90309	19.5845
9.90374	19.6371
9.90657	19.6897
9.90726	19.7424
9.90875	19.795
9.90928	19.8476
9.91022	19.9003
9.91068	19.9529
9.91209	20.0055
9.91357	20.0555
9.91421	20.1055
9.91585	20.1555
9.91629	20.2055
9.92084	20.2555
9.92151	20.3055
9.92288	20.3555
9.92563	20.4055
9.92658	20.4555
9.92924	20.5055
9.93114	20.5555
9.93274	20.6055
9.93315	20.6555
9.93701	20.7055
9.93741	20.7555
9.93767	20.8055
9.93889	20.8555
9.93962	20.9055
9.94031	20.9555
9.94112	21.0055
9.94523	21.0531
9.94589	21.1008
9.94639	21.1484
9.94781	21.196
9.94915	21.2436
9.9508	21.2912
9.95125	21.3389
9.95192	21.3865
9.95261	21.4341
9.95331	21.4817
9.95428	21.5293
9.95539	21.577
9.95605	21.6246
9.95815	21.6722
9.95883	21.7198
9.95951	21.7674
9.96022	21.815
9.96175	21.8627
9.96256	21.9103
9.96308	21.9579
9.96436	22.0055
9.96713	22.051
9.96805	22.0964
9.96856	22.1419
9.96917	22.1873
9.9707	22.2328
9.97206	22.2782
9.97624	22.3237
9.97692	22.3692
9.97941	22.4146
9.98186	22.4601
9.98407	22.5055
9.98656	22.551
9.98797	22.5964
9.99079	22.6419
9.99359	22.6873
9.99554	22.7328
9.99759	22.7782
10.0013	22.8237
10.0024	22.8692
10.0031	22.9146
10.004	22.9601
10.0045	23.0055
10.0052	23.049
10.006	23.0925
10.0075	23.136
10.0081	23.1794
10.0091	23.2229
10.0096	23.2664
10.0149	23.3099
10.017	23.3533
10.0201	11.6767
10.0225	11.7676
10.0236	11.8585
10.0243	11.9494
10.0259	12.0403
10.0298	12.1236
10.0332	12.207
10.0339	12.2903
10.036	12.3736
10.0384	12.457
10.0397	12.5403
10.0402	12.6236
10.0423	12.707
10.0443	12.7903
10.045	12.8736
10.0466	12.957
10.0471	13.0403
10.0502	13.1172
10.0508	13.1942
10.053	13.2711
10.0548	13.348
10.0581	13.4249
10.0604	13.5018
10.0789	13.5788
10.0801	13.6557
10.0816	13.7326
10.0821	13.8095
10.0828	13.8865
10.0835	13.9634
10.0842	14.0403
10.0879	14.1117
10.0889	14.1832
10.091	14.2546
10.0933	14.326
10.0938	14.3975
10.0945	14.4689
10.1173	14.5403
10.1177	14.6117
10.1191	14.6832
10.1199	14.7546
10.1205	14.826
10.1218	14.8975
10.1225	14.9689
10.1248	15.0403
10.1298	15.107
10.1326	15.1736
10.1354	15.2403
10.1368	15.307
10.1378	15.3736
10.1382	15.4403
10.1486	15.507
10.1513	15.5736
10.1535	15.6403
10.1555	15.707
10.1562	15.7736
10.1569	15.8403
10.1624	15.907
10.1655	15.9736
10.1668	16.0403
10.1732	16.1028
10.174	16.1653
10.1748	16.2278
10.1757	16.2903
10.1808	16.3528
10.1837	16.4153
10.1858	16.4778
10.1864	16.5403
10.1871	16.6028
10.1892	16.6653
10.1899	16.7278
10.205	16.7903
10.2078	16.8528
10.211	16.9153
10.2127	16.9778
10.2133	17.0403
10.214	17.0991
10.2148	17.158
10.2155	17.2168
10.217	17.2756
10.2178	17.3344
10.2225	17.3933
10.2245	17.4521
10.2314	17.5109
10.2336	17.5697
10.2475	17.6285
10.2485	17.6874
10.2491	17.7462
10.2498	17.805
10.2501	17.8638
10.2503	17.9227
10.2509	17.9815
10.2557	18.0403
10.2599	18.0959
10.2688	18.1514
10.2724	18.207
10.2729	18.2625
10.2737	18.3181
10.274	18.3736
10.2752	18.4292
10.2764	18.4848
10.2779	18.5403
10.2785	18.5959
10.2804	18.6514
10.282	18.707
10.2852	18.7625
10.2874	18.8181
10.2924	18.8736
10.2929	18.9292
10.2939	18.9848
10.2943	19.0403
10.2959	19.0929
10.2978	19.1456
10.3027	19.1982
10.3112	19.2508
10.3137	19.3035
10.3181	19.3561
10.3206	19.4087
10.3228	19.4614
10.3248	19.514
10.3334	19.5666
10.3356	19.6193
10.3368	19.6719
10.3421	19.7245
10.3431	19.7772
10.3437	19.8298
10.3444	19.8824
10.3465	19.935
10.3478	19.9877
10.3526	20.0403
10.3559	20.0903
10.3567	20.1403
10.3568	20.1903
10.3572	20.2403
10.3575	20.2903
10.3579	20.3403
10.3583	20.3903
10.3613	20.4403
10.3646	20.4903
10.3709	20.5403
10.3724	20.5903
10.3743	20.6403
10.377	20.6903
10.3785	20.7403
10.3807	20.7903
10.3933	20.8403
10.3948	20.8903
10.3955	20.9403
10.399	20.9903
10.3991	21.0403
10.4018	21.0879
10.4053	21.1355
10.408	21.1832
10.4097	21.2308
10.411	21.2784
10.4128	21.326
10.417	21.3736
10.419	21.4213
10.4246	21.4689
10.4253	21.5165
10.4269	21.5641
10.4273	21.6117
10.4287	21.6594
10.4295	21.707
10.4308	21.7546
10.4322	21.8022
10.4349	21.8498
10.438	21.8975
10.4419	21.9451
10.4426	21.9927
10.4433	22.0403
10.4519	22.0858
10.4555	22.1312
10.4575	22.1767
10.4596	22.2221
10.461	22.2676
10.463	22.313
10.465	22.3585
10.4678	22.4039
10.4698	22.4494
10.4713	22.4949
10.4733	22.5403
10.4753	22.5858
10.4767	22.6312
10.4791	22.6767
10.4805	22.7221
10.4816	22.7676
10.4837	22.813
10.4891	22.8585
10.49	22.9039
10.4912	22.9494
10.4919	22.9949
10.4927	23.0403
10.5032	23.0838
10.5067	23.1273
10.5079	23.1707
10.5129	23.2142
10.5134	23.2577
10.5182	23.3012
10.52	23.3447
10.5218	23.3881
10.5239	23.4316
10.5252	23.4751
10.5289	23.5186
10.5296	23.562
10.5322	23.6055
10.5344	23.649
10.5356	23.6925
10.5369	23.736
10.5383	23.7794
10.5412	23.8229
10.5439	23.8664
10.5453	23.9099
10.5467	23.9534
10.5487	23.9968
10.5494	24.0403
10.5508	24.082
10.5528	24.1236
10.5542	24.1653
10.5563	24.207
10.5577	24.2486
10.5585	24.2903
10.5632	24.332
10.566	24.3736
10.5673	24.4153
10.5686	24.457
10.5729	24.4986
10.5773	24.5403
10.5779	24.582
10.5786	24.6236
10.5793	24.6653
10.5807	24.707
10.5814	24.7486
10.5828	24.7903
10.5841	24.832
10.5855	24.8736
10.5872	24.9153
10.588	24.957
10.5888	24.9986
10.5893	25.0403
10.5905	25.0803
10.5917	25.1203
10.593	25.1603
10.5978	25.2003
10.6006	25.2403
10.6026	25.2803
10.6074	25.3203
10.6091	25.3603
10.6103	25.4003
10.6112	25.4403
10.6146	25.4803
10.6168	25.5203
10.6176	25.5603
10.6183	25.6003
10.6188	25.6403
10.6195	25.6803
10.6209	25.7203
10.6215	25.7603
10.6236	25.8003
10.625	25.8403
10.6256	25.8803
10.6271	25.9203
10.6284	25.9603
10.6292	26.0003
10.6298	26.0388
10.6312	26.0772
10.6326	26.1157
10.6333	26.1542
10.6349	26.1926
10.6356	26.2311
10.6375	26.2695
10.6392	26.308
10.6403	26.3465
10.6417	26.3849
10.643	26.4234
10.6465	26.4618
10.6473	26.5003
10.6479	26.5388
10.6491	26.5772
10.65	26.6157
10.6509	26.6542
10.652	26.6926
10.6534	26.7311
10.6544	26.7695
10.6564	26.808
10.6576	26.8465
10.6597	26.8849
10.6611	26.9234
10.6617	26.9618
10.6632	27.0003
10.6643	27.0373
10.665	27.0744
10.6664	13.5372
10.6677	13.6141
10.6761	13.691
10.6794	13.768
10.6821	13.8449
10.6834	13.9218
10.6841	13.9987
10.6856	14.0757
10.6862	14.1471
10.6869	14.2185
10.6877	14.2899
10.6883	14.3614
10.689	14.4328
10.6897	14.5042
10.6904	14.5757
10.691	14.6471
10.6924	14.7185
10.6932	14.7899
10.694	14.8614
10.6946	14.9328
10.6952	15.0042
10.696	15.0709
10.6967	15.1376
10.6974	15.2042
10.6981	15.2709
10.6989	15.3376
10.6994	15.4042
10.7212	15.4709
10.7223	15.5376
10.7257	15.6042
10.7265	15.6709
10.7285	15.7376
10.7291	15.8042
10.7305	15.8709
10.7327	15.9376
10.7337	16.0042
10.734	16.0667
10.7352	16.1292
10.7358	16.1917
10.7372	16.2542
10.7378	16.3167
10.7386	16.3792
10.7437	16.4417
10.744	16.5042
10.7445	16.5667
10.7448	8.28336
10.7467	8.40836
10.7473	8.53336
10.7506	8.65836
10.752	8.78336
10.7536	8.90836
10.7541	9.03336
10.755	9.14447
10.7554	9.25558
10.7561	9.3667
10.7575	9.47781
10.7588	9.58892
10.7598	9.70003
10.7726	9.81114
10.7735	9.92225
10.7747	10.0334
10.779	10.1334
10.7792	10.2334
10.7796	10.3334
10.7802	10.4334
10.781	10.5334
10.7815	10.6334
10.7911	10.7334
10.7941	10.8334
10.7976	10.9334
10.7984	11.0334
10.8097	11.1243
10.8107	11.2152
10.8127	11.3061
10.8142	11.397
10.8151	11.4879
10.8156	11.5788
10.8232	11.6697
10.8238	11.7606
10.825	11.8515
10.8257	11.9425
10.8264	12.0334
10.8311	12.1167
10.8318	12.2
10.8331	12.2834
10.8345	12.3667
10.8352	12.45
10.8359	12.5334
10.8512	12.6167
10.8518	12.7
10.8526	12.7834
10.8532	12.8667
10.8539	12.95
10.8546	13.0334
10.8554	13.1103
10.856	13.1872
10.8573	13.2641
10.8579	13.3411
10.8584	13.418
10.859	13.4949
10.8734	13.5718
10.8748	13.6487
10.8754	13.7257
10.8761	13.8026
10.8767	13.8795
10.8781	13.9564
10.8788	14.0334
10.8817	14.1048
10.8823	14.1762
10.8829	14.2476
10.8837	14.3191
10.8851	14.3905
10.886	14.4619
10.8944	14.5334
10.8949	14.6048
10.8955	14.6762
10.8963	14.7476
10.8968	14.8191
10.8976	14.8905
10.8982	14.9619
10.899	15.0334
10.8996	15.1
10.9003	15.1667
10.901	15.2334
10.9017	15.3
10.9024	15.3667
10.9031	15.4334
10.9094	15.5
10.9101	15.5667
10.9115	15.6334
10.9122	15.7
10.913	15.7667
10.915	15.8334
10.9156	15.9
10.9163	15.9667
10.917	16.0334
10.9186	16.0959
10.9191	16.1584
10.9201	16.2209
10.9204	16.2834
10.9227	16.3459
10.9232	16.4084
10.9347	16.4709
10.9349	16.5334
10.9353	16.5959
10.9355	16.6584
10.9357	16.7209
10.9364	16.7834
10.9371	16.8459
10.9378	16.9084
10.9385	16.9709
10.9392	17.0334
10.9412	17.0922
10.9426	17.151
10.944	17.2098
10.9454	17.2687
10.9474	17.3275
10.9481	17.3863
10.9619	17.4451
10.9629	17.504
10.9633	17.5628
10.9643	17.6216
10.9654	17.6804
10.9665	17.7392
10.9675	17.7981
10.9681	17.8569
10.9696	17.9157
10.9709	17.9745
10.9716	18.0334
10.973	18.0889
10.9739	18.1445
10.9743	18.2
10.975	18.2556
10.9757	18.3111
10.9767	18.3667
10.9817	18.4223
10.9824	18.4778
10.9848	18.5334
10.9852	18.5889
10.9853	18.6445
10.9874	18.7
10.9877	18.7556
10.9879	18.8111
10.9881	18.8667
10.9883	18.9223
10.9891	18.9778
10.9898	19.0334
10.9924	19.086
10.9938	19.1386
10.9946	19.1913
10.9952	19.2439
10.9959	19.2965
10.9967	19.3492
11.0134	19.4018
11.0141	19.4544
11.0154	19.507
11.0168	19.5597
11.0175	19.6123
11.0196	19.6649
11.0209	19.7176
11.0216	19.7702
11.0223	19.8228
11.0229	19.8755
11.0236	19.9281
11.0244	19.9807
11.025	20.0334
11.0264	20.0834
11.0279	20.1334
11.0282	20.1834
11.0285	20.2334
11.0292	20.2834
11.0306	20.3334
11.0393	20.3834
11.0395	20.4334
11.0397	20.4834
11.0398	20.5334
11.0398	20.5834
11.0404	20.6334
11.0411	20.6834
11.0431	20.7334
11.0433	20.7834
11.044	20.8334
11.0445	20.8834
11.047	20.9334
11.0477	20.9834
11.0491	21.0334
11.051	21.081
11.054	21.1286
11.0544	21.1762
11.0726	21.2238
11.073	21.2715
11.0758	21.3191
11.0795	21.3667
11.0798	21.4143
11.0799	21.4619
11.0801	21.5096
11.0803	21.5572
11.0809	21.6048
11.0818	21.6524
11.0824	21.7
11.0829	21.7476
11.0838	21.7953
11.0842	21.8429
11.0854	21.8905
11.0856	21.9381
11.0865	21.9857
11.0878	22.0334
11.0892	22.0788
11.0899	22.1243
11.0929	22.1697
11.0961	22.2152
11.0982	22.2606
11.0996	22.3061
11.1037	22.3515
11.1046	22.397
11.1065	22.4425
11.1085	22.4879
11.11	22.5334
11.1188	22.5788
11.1203	22.6243
11.1217	22.6697
11.127	22.7152
11.1274	22.7606
11.1279	22.8061
11.1286	22.8515
11.1299	22.897
11.1307	22.9425
11.1318	22.9879
11.1321	23.0334
11.1328	23.0768
11.1335	23.1203
11.1342	23.1638
11.1382	23.2073
11.1384	23.2508
11.1389	23.2942
11.1401	23.3377
11.1429	23.3812
11.1436	11.6906
11.1471	11.7815
11.1488	11.8724
11.1512	11.9633
11.1528	12.0542
11.1533	12.1376
11.1581	12.2209
11.1605	12.3042
11.1622	12.3876
11.1677	12.4709
11.1699	12.5542
11.1711	12.6376
11.1754	12.7209
11.1758	12.8042
11.176	12.8876
11.1765	12.9709
11.1772	13.0542
11.1778	13.1312
11.1797	13.2081
11.18	13.285
11.1806	13.3619
11.1813	13.4388
11.1821	13.5158
11.1904	13.5927
11.1973	13.6696
11.198	13.7465
11.1997	13.8235
11.2009	13.9004
11.2014	13.9773
11.203	14.0542
11.205	14.1257
11.2069	14.1971
11.2076	14.2685
11.2091	14.3399
11.2104	14.4114
11.2118	14.4828
11.2213	14.5542
11.2227	14.6257
11.223	14.6971
11.2234	14.7685
11.2238	14.8399
11.2247	14.9114
11.2253	14.9828
11.2275	15.0542
11.2277	15.1209
11.2332	15.1876
11.2343	15.2542
11.235	15.3209
11.2359	15.3876
11.2365	15.4542
11.251	15.5209
11.2531	15.5876
11.2537	15.6542
11.2546	15.7209
11.2561	15.7876
11.2595	15.8542
11.2604	15.9209
11.2609	15.9876
11.2617	16.0542
11.2622	16.1167
11.2662	16.1792
11.2669	16.2417
11.2684	16.3042
11.2692	16.3667
11.2707	16.4292
11.2781	16.4917
11.2823	16.5542
11.2844	16.6167
11.2896	16.6792
11.2909	16.7417
11.296	16.8042
11.2975	16.8667
11.2983	16.9292
11.2989	16.9917
11.3004	17.0542
11.301	17.1131
11.3043	17.1719
11.3051	17.2307
11.306	17.2895
11.3069	17.3483
11.3075	17.4072
11.3112	17.466
11.3131	17.5248
11.3139	17.5836
11.3161	17.6425
11.317	17.7013
11.3184	17.7601
11.3203	17.8189
11.3217	17.8778
11.3237	17.9366
11.3251	17.9954
11.3272	18.0542
11.3291	18.1098
11.3453	18.1653
11.3464	18.2209
11.3475	18.2765
11.3486	18.332
11.3493	18.3876
11.3514	18.4431
11.3521	18.4987
11.3528	18.5542
11.3535	18.6098
11.3543	18.6653
11.3564	18.7209
11.3571	18.7765
11.3585	18.832
11.3599	18.8876
11.3625	18.9431
11.3638	18.9987
11.3652	19.0542
11.3668	19.1069
11.3827	19.1595
11.3841	19.2121
11.3848	19.2648
11.3855	19.3174
11.3869	19.37
11.3888	19.4227
11.3897	19.4753
11.3899	19.5279
11.3903	19.5805
11.3907	19.6332
11.3935	19.6858
11.3942	19.7384
11.3953	19.7911
11.3964	19.8437
11.3973	19.8963
11.3998	19.949
11.4011	20.0016
11.4021	20.0516
11.4027	20.1016
11.4114	20.1516
11.4128	20.2016
11.4142	20.2516
11.4149	20.3016
11.4156	20.3516
11.4184	20.4016
11.4213	20.4516
11.4219	20.5016
11.4261	20.5516
11.4297	10.2758
11.4316	10.3758
11.4336	10.4758
11.4349	10.5758
11.4356	10.6758
11.4377	10.7758
11.4391	10.8758
11.4404	10.9758
11.4425	11.0758
11.4446	11.1667
11.4459	11.2576
11.4513	11.3485
11.452	11.4394
11.4534	11.5303
11.4542	11.6213
11.4548	11.7122
11.4558	11.8031
11.4565	11.894
11.4568	11.9849
11.4576	12.0758
11.4596	12.1591
11.4603	12.2425
11.4624	12.3258
11.4639	12.4091
11.4652	12.4925
11.4665	12.5758
11.4679	12.6591
11.47	12.7425
11.4728	12.8258
11.4741	12.9091
11.4758	12.9925
11.4769	13.0758
11.4784	13.1527
11.479	13.2296
11.4818	13.3066
11.4825	13.3835
11.4832	13.4604
11.4851	13.5373
11.4858	13.6143
11.4892	13.6912
11.4907	13.7681
11.4935	13.845
11.4944	13.922
11.4959	13.9989
11.498	14.0758
11.4994	14.1472
11.5014	14.2187
11.5035	14.2901
11.5041	14.3615
11.5055	14.4329
11.5083	14.5044
11.509	14.5758
11.5119	14.6472
11.5139	14.7187
11.5152	14.7901
11.5195	14.8615
11.5232	14.9329
11.5259	15.0044
11.5274	15.071
11.5288	15.1377
11.5336	15.2044
11.535	15.271
11.5363	15.3377
11.537	15.4044
11.5398	15.471
11.5404	15.5377
11.5446	15.6044
11.5472	15.671
11.5474	15.7377
11.5501	15.8044
11.5516	15.871
11.5524	15.9377
11.5529	16.0044
11.5542	16.0669
11.5549	16.1294
11.5558	16.1919
11.5564	16.2544
11.5576	16.3169
11.5588	16.3794
11.5599	16.4419
11.5606	16.5044
11.5633	16.5669
11.5743	16.6294
11.5757	16.6919
11.5812	16.7544
11.582	16.8169
11.5828	16.8794
11.5844	16.9419
11.585	17.0044
11.5856	17.0632
11.5862	17.122
11.5871	17.1808
11.5889	17.2397
11.5901	17.2985
11.5904	17.3573
11.5906	17.4161
11.5917	17.475
11.5931	17.5338
11.5959	17.5926
11.5972	17.6514
11.6029	17.7103
11.6035	17.7691
11.6059	17.8279
11.6066	17.8867
11.6074	17.9455
11.6089	18.0044
11.6101	18.0599
11.6115	18.1155
11.6122	18.171
11.6151	18.2266
11.6185	18.2821
11.6202	18.3377
11.6215	18.3933
11.6229	18.4488
11.6245	18.5044
11.6257	18.5599
11.6264	18.6155
11.6284	18.671
11.6291	18.7266
11.6298	18.7821
11.6305	18.8377
11.6312	18.8933
11.6321	18.9488
11.6326	19.0044
11.634	19.057
11.6349	19.1096
11.6363	19.1623
11.6375	19.2149
11.6383	19.2675
11.6389	19.3202
11.6397	19.3728
11.6402	19.4254
11.6416	19.4781
11.6445	19.5307
11.6472	19.5833
11.6512	19.6359
11.6517	19.6886
11.6529	19.7412
11.6534	19.7938
11.6541	19.8465
11.6555	19.8991
11.657	19.9517
11.6583	20.0044
11.66	20.0544
11.6602	20.1044
11.661	20.1544
11.6623	20.2044
11.664	20.2544
11.6652	20.3044
11.6658	20.3544
11.6671	20.4044
11.6685	20.4544
11.6699	20.5044
11.6713	20.5544
11.6823	20.6044
11.6837	20.6544
11.6851	20.7044
11.6857	20.7544
11.6864	20.8044
11.6878	20.8544
11.6884	20.9044
11.6892	20.9544
11.6905	21.0044
11.6912	21.052
11.6921	21.0996
11.6933	21.1472
11.6942	21.1948
11.6947	21.2425
11.6973	21.2901
11.6981	21.3377
11.6984	21.3853
11.6989	21.4329
11.7002	21.4806
11.7011	21.5282
11.7024	21.5758
11.7037	21.6234
11.7053	21.671
11.7062	21.7187
11.7072	21.7663
11.7079	21.8139
11.7093	21.8615
11.7101	21.9091
11.712	21.9568
11.7127	22.0044
11.714	22.0498
11.7147	22.0953
11.7175	22.1407
11.7181	22.1862
11.7195	22.2316
11.7201	22.2771
11.7222	22.3226
11.7235	22.368
11.7249	22.4135
11.7263	22.4589
11.7284	22.5044
11.7297	22.5498
11.7311	22.5953
11.7334	22.6407
11.7346	22.6862
11.7353	22.7316
11.7373	22.7771
11.738	22.8226
11.7386	22.868
11.7393	22.9135
11.7431	22.9589
11.7437	23.0044
11.7452	23.0478
11.7457	23.0913
11.7465	23.1348
11.7474	23.1783
11.7487	23.2218
11.7492	23.2652
11.7499	23.3087
11.7506	23.3522
11.7529	23.3957
11.7542	23.4392
11.7561	23.4826
11.7576	23.5261
11.7588	23.5696
11.7616	23.6131
11.7636	23.6565
11.7684	23.7
11.7699	23.7435
11.7706	23.787
11.7712	23.8305
11.7719	23.8739
11.774	23.9174
11.7753	23.9609
11.7767	24.0044
11.7789	24.046
11.7808	24.0877
11.7823	24.1294
11.7837	24.171
11.7842	24.2127
11.7849	24.2544
11.787	24.296
11.7877	24.3377
11.7884	24.3794
11.7891	24.421
11.7904	24.4627
11.7925	24.5044
11.7946	24.546
11.7955	24.5877
11.7966	24.6294
11.798	24.671
11.8007	24.7127
11.8019	24.7544
11.8028	24.796
11.8041	24.8377
11.8071	24.8794
11.8075	24.921
11.8114	24.9627
11.812	25.0044
11.8126	25.0444
11.8174	25.0844
11.8188	25.1244
11.8202	25.1644
11.8208	25.2044
11.8235	25.2444
11.8255	25.2844
11.8261	25.3244
11.8282	25.3644
11.8296	25.4044
11.8305	25.4444
11.8318	25.4844
11.833	25.5244
11.8337	25.5644
11.8351	25.6044
11.8364	25.6444
11.8371	25.6844
11.8378	25.7244
11.8406	12.8622
11.8413	12.9455
11.8434	13.0289
11.8447	13.1058
11.8461	13.1827
11.8471	13.2596
11.8475	13.3365
11.8491	13.4135
11.851	13.4904
11.8516	13.5673
11.8524	13.6442
11.8537	13.7212
11.8565	13.7981
11.8613	13.875
11.8627	13.9519
11.8647	14.0289
11.8654	14.1003
11.8667	14.1717
11.8675	14.2431
11.8689	14.3146
11.8702	14.386
11.8715	14.4574
11.8745	14.5289
11.875	14.6003
11.8757	14.6717
11.8819	14.7431
11.8848	14.8146
11.8861	14.886
11.8869	14.9574
11.8891	15.0289
11.8898	15.0955
11.891	15.1622
11.892	15.2289
11.8931	15.2955
11.8939	15.3622
11.8945	15.4289
11.8968	15.4955
11.898	15.5622
11.9	15.6289
11.9063	15.6955
11.9083	15.7622
11.9096	15.8289
11.9103	15.8955
11.911	15.9622
11.9124	16.0289
11.9131	16.0914
11.9151	16.1539
11.9167	16.2164
11.9198	16.2789
11.9205	16.3414
11.9226	16.4039
11.9261	16.4664
11.9273	16.5289
11.9283	16.5914
11.9309	16.6539
11.9321	16.7164
11.9328	16.7789
11.9342	16.8414
11.9349	16.9039
11.9356	16.9664
11.9365	17.0289
11.9369	17.0877
11.9383	17.1465
11.9392	17.2053
11.9418	17.2641
11.9424	17.323
11.9438	17.3818
11.9452	17.4406
11.9465	17.4994
11.9485	17.5583
11.9506	17.6171
11.952	17.6759
11.9527	17.7347
11.9547	17.7936
11.9554	17.8524
11.9568	17.9112
11.9575	17.97
11.9589	18.0289
11.9602	18.0844
11.9609	18.14
11.9624	18.1955
11.9629	18.2511
11.966	18.3066
11.9666	18.3622
11.9673	18.4177
11.9686	18.4733
11.9701	18.5289
11.9749	18.5844
11.977	18.64
11.9785	18.6955
11.9804	18.7511
11.9818	18.8066
11.9828	18.8622
11.9845	18.9177
11.9856	18.9733
11.9867	19.0289
11.9888	19.0815
11.9902	19.1341
11.9921	19.1867
11.9928	19.2394
11.995	9.61969
11.9956	9.7308
11.9963	9.84191
11.9977	9.95302
11.9992	10.0641
12.0025	10.1641
12.0032	10.2641
12.004	10.3641
12.0053	10.4641
12.0066	10.5641
12.0073	10.6641
12.008	10.7641
12.0087	10.8641
12.0095	10.9641
12.0108	11.0641
12.0114	11.155
12.0121	11.246
12.0135	11.3369
12.0143	11.4278
12.0211	11.5187
12.0224	11.6096
12.0238	11.7005
12.0245	11.7914
12.0259	11.8823
12.0286	11.9732
12.03	12.0641
12.0313	12.1475
12.0327	12.2308
12.0348	12.3141
12.0355	12.3975
12.0383	12.4808
12.0418	12.5641
12.0435	12.6475
12.0446	12.7308
12.0473	12.8141
12.0486	12.8975
12.0502	12.9808
12.0511	13.0641
12.0522	13.1411
12.0536	13.218
12.0552	13.2949
12.0591	13.3718
12.0637	13.4487
12.0665	13.5257
12.0687	13.6026
12.0699	13.6795
12.0707	13.7564
12.0727	13.8334
12.0748	13.9103
12.0754	13.9872
12.0762	14.0641
12.0775	14.1356
12.0782	14.207
12.0788	14.2784
12.0802	14.3498
12.081	14.4213
12.0823	14.4927
12.0844	14.5641
12.0852	14.6356
12.0865	14.707
12.0873	14.7784
12.0887	14.8498
12.0892	14.9213
12.0913	14.9927
12.0927	15.0641
12.0934	15.1308
12.0947	15.1975
12.0954	15.2641
12.0971	15.3308
12.0997	15.3975
12.1031	15.4641
12.1046	7.73207
12.1074	7.87492
12.1078	8.01778
12.1092	8.14278
12.1113	8.26778
12.1127	8.39278
12.1155	8.51778
12.1162	8.64278
12.1168	8.76778
12.1188	8.89278
12.1203	9.01778
12.121	9.12889
12.1217	9.24
12.1223	9.35111
12.123	9.46223
12.1264	9.57334
12.1278	9.68445
12.1289	9.79556
12.1298	9.90667
12.1305	10.0178
12.1317	10.1178
12.1338	10.2178
12.1345	10.3178
12.1358	10.4178
12.1393	10.5178
12.1406	10.6178
12.1413	10.7178
12.142	10.8178
12.1427	10.9178
12.1442	11.0178
12.1447	11.1087
12.1462	11.1996
12.1475	11.2905
12.1488	11.3814
12.1495	11.4723
12.1509	11.5632
12.1524	11.6541
12.153	11.7451
12.1537	11.836
12.1544	11.9269
12.1551	12.0178
12.1557	12.1011
12.1564	12.1844
12.1572	12.2678
12.165	12.3511
12.1698	12.4344
12.1712	12.5178
12.1732	12.6011
12.1746	12.6844
12.1752	12.7678
12.1766	12.8511
12.178	12.9344
12.1787	13.0178
12.1793	13.0947
12.1807	13.1716
12.1814	13.2486
12.1821	13.3255
12.1829	13.4024
12.1835	13.4793
12.1856	13.5562
12.1864	13.6332
12.1869	13.7101
12.1883	13.787
12.1892	13.8639
12.1897	13.9409
12.1903	14.0178
12.191	14.0892
12.1917	14.1606
12.1925	14.2321
12.1937	14.3035
12.1944	14.3749
12.1955	14.4464
12.1958	14.5178
12.1965	14.5892
12.1972	14.6606
12.1979	14.7321
12.2056	14.8035
12.2068	14.8749
12.2088	14.9464
12.2102	15.0178
12.2125	15.0844
12.2137	15.1511
12.215	15.2178
12.2157	15.2844
12.2172	15.3511
12.2186	15.4178
12.2204	15.4844
12.2215	15.5511
12.2227	15.6178
12.2233	15.6844
12.2235	15.7511
12.2241	15.8178
12.2248	15.8844
12.2266	15.9511
12.2269	16.0178
12.2275	16.0803
12.2289	16.1428
12.2303	16.2053
12.2312	16.2678
12.2339	16.3303
12.2351	16.3928
12.2373	16.4553
12.2379	16.5178
12.2387	16.5803
12.2394	16.6428
12.2399	16.7053
12.2406	16.7678
12.2419	16.8303
12.2433	16.8928
12.2441	16.9553
12.2447	17.0178
12.2454	17.0766
12.2468	17.1354
12.2482	17.1943
12.2497	17.2531
12.2511	17.3119
12.2523	17.3707
12.2577	17.4295
12.2592	8.71477
12.2599	8.83977
12.2606	8.96477
12.2627	9.08977
12.2633	9.20088
12.2649	9.312
12.265	9.42311
12.2654	9.53422
12.2668	9.64533
12.2678	9.75644
12.2682	9.86755
12.2689	9.97866
12.2695	10.0898
12.2702	10.1898
12.2709	10.2898
12.2723	10.3898
12.2737	10.4898
12.2815	10.5898
12.2826	10.6898
12.2848	10.7898
12.2856	10.8898
12.2869	10.9898
12.2876	11.0898
12.2904	11.1807
12.2918	11.2716
12.2924	11.3625
12.293	11.4534
12.2965	11.5443
12.2972	11.6352
12.3007	11.7261
12.302	11.817
12.3027	11.908
12.3035	11.9989
12.3041	12.0898
12.3054	12.1731
12.3061	12.2564
12.3075	12.3398
12.3084	12.4231
12.3096	12.5064
12.3104	12.5898
12.3137	12.6731
12.3144	12.7564
12.3158	12.8398
12.3164	12.9231
12.3179	13.0064
12.3186	13.0834
12.3194	13.1603
12.3202	13.2372
12.3214	13.3141
12.3227	13.3911
12.3241	13.468
12.3255	13.5449
12.3283	13.6218
12.3299	13.6987
12.3306	13.7757
12.3318	13.8526
12.3352	13.9295
12.3358	14.0064
12.3372	14.0779
12.3379	14.1493
12.3387	14.2207
12.3392	14.2922
12.3401	14.3636
12.3406	14.435
12.342	14.5064
12.3454	14.5779
12.3463	14.6493
12.3468	14.7207
12.3482	14.7922
12.3523	14.8636
12.3537	14.935
12.3543	15.0064
12.3552	15.0731
12.3565	15.1398
12.3585	15.2064
12.3592	15.2731
12.3605	15.3398
12.3612	15.4064
12.3619	15.4731
12.3646	15.5398
12.3661	15.6064
12.3674	15.6731
12.368	15.7398
12.3687	15.8064
12.3695	15.8731
12.3702	15.9398
12.3708	16.0064
12.3715	16.0689
12.3723	16.1314
12.3729	16.1939
12.3735	16.2564
12.3742	16.3189
12.3749	16.3814
12.3756	16.4439
12.3765	16.5064
12.3777	16.5689
12.3784	16.6314
12.3798	16.6939
12.3807	16.7564
12.3818	16.8189
12.3832	16.8814
12.3839	16.9439
12.3846	17.0064
12.3853	17.0653
12.3867	17.1241
12.3881	17.1829
12.3888	17.2417
12.391	17.3006
12.3912	17.3594
12.3924	17.4182
12.3942	17.477
12.3956	17.5359
12.3984	17.5947
12.3992	17.6535
12.3998	17.7123
12.4004	17.7711
12.4025	17.83
12.4033	17.8888
12.4052	17.9476
12.4059	18.0064
12.4066	18.062
12.4079	18.1176
12.4093	18.1731
12.4107	18.2287
12.4127	18.2842
12.4134	18.3398
12.4141	18.3953
12.4148	18.4509
12.4162	18.5064
12.4169	18.562
12.4184	18.6176
12.4189	18.6731
12.4196	18.7287
12.4217	18.7842
12.4224	18.8398
12.4231	18.8953
12.4244	18.9509
12.4251	19.0064
12.4258	19.0591
12.4266	19.1117
12.4285	19.1643
12.4299	19.217
12.4327	19.2696
12.4341	19.3222
12.4348	19.3749
12.4361	19.4275
12.4368	19.4801
12.4375	19.5328
12.4383	19.5854
12.4389	19.638
12.4396	19.6907
12.4409	19.7433
12.4418	19.7959
12.4441	19.8485
12.4443	19.9012
12.4445	19.9538
12.4453	20.0064
12.4461	20.0564
12.4465	20.1064
12.4486	20.1564
12.4509	20.2064
12.4516	20.2564
12.4523	20.3064
12.453	20.3564
12.4543	20.4064
12.455	20.4564
12.4564	20.5064
12.4591	20.5564
12.4598	20.6064
12.4605	20.6564
12.4619	20.7064
12.4626	20.7564
12.4646	20.8064
12.4653	20.8564
12.4666	20.9064
12.468	20.9564
12.4694	21.0064
12.4701	21.0541
12.4709	21.1017
12.4749	21.1493
12.4777	21.1969
12.4797	21.2445
12.4806	21.2922
12.4812	21.3398
12.4825	21.3874
12.4833	21.435
12.484	21.4826
12.4854	21.5302
12.486	21.5779
12.4874	21.6255
12.4881	21.6731
12.4887	10.8366
12.4896	10.9366
12.4901	11.0366
12.4908	11.1275
12.4915	11.2184
12.4924	11.3093
12.4929	11.4002
12.4938	11.4911
12.4942	11.582
12.4951	11.6729
12.4956	11.7638
12.4972	11.8547
12.4977	11.9456
12.4984	12.0366
12.4992	12.1199
12.4997	12.2032
12.5005	12.2866
12.5022	12.3699
12.5034	12.4532
12.5039	12.5366
12.5053	12.6199
12.5135	12.7032
12.5162	12.7866
12.5169	12.8699
12.5176	12.9532
12.5183	13.0366
12.519	6.51828
12.5203	6.68494
12.521	6.85161
12.5218	7.01828
12.5225	7.16113
12.5232	7.30399
12.5238	7.44685
12.5265	7.58971
12.5286	7.73256
12.53	7.87542
12.5313	8.01828
12.5327	8.14328
12.5334	8.26828
12.5362	8.39328
12.5376	8.51828
12.5399	8.64328
12.5415	8.76828
12.5424	8.89328
12.5431	9.01828
12.5452	9.12939
12.5458	9.2405
12.5493	9.35161
12.552	9.46272
12.5527	9.57383
12.5541	9.68494
12.5557	9.79605
12.5569	9.90717
12.5588	10.0183
12.5596	10.1183
12.5603	10.2183
12.561	10.3183
12.5617	10.4183
12.5623	10.5183
12.563	10.6183
12.5637	10.7183
12.5658	10.8183
12.5672	10.9183
12.5685	11.0183
12.5692	11.1092
12.5699	11.2001
12.5706	11.291
12.5713	11.3819
12.572	11.4728
12.5733	11.5637
12.574	11.6546
12.5767	11.7455
12.5788	11.8365
12.5802	11.9274
12.5809	12.0183
12.5823	12.1016
12.5843	12.1849
12.585	12.2683
12.5864	12.3516
12.5871	12.4349
12.5899	12.5183
12.5933	12.6016
12.5956	12.6849
12.5984	12.7683
12.5986	12.8516
12.599	12.9349
12.5996	13.0183
12.6003	13.0952
12.6009	13.1721
12.6025	13.249
12.6027	13.326
12.6037	13.4029
12.605	13.4798
12.6078	13.5567
12.6095	13.6337
12.6144	13.7106
12.6153	13.7875
12.6157	13.8644
12.6164	13.9414
12.6168	14.0183
