time	cwndsize
0.261138	11
0.261197	12
0.261794	13
0.262709	14
0.263223	15
0.263945	16
0.264904	17
0.265358	18
0.267442	19
0.267497	20
0.27156	21
0.272791	22
0.274096	23
0.274186	24
0.277203	25
0.27929	26
0.281422	27
0.282791	28
0.284664	29
0.285991	30
0.28816	31
0.289427	32
0.291684	33
0.293562	34
0.296854	35
0.297204	36
0.301003	37
0.301248	38
0.30478	39
0.304922	40
0.307232	41
0.311559	42
0.316019	43
0.320904	44
0.321113	45
0.322971	46
0.325646	47
0.326371	48
0.333775	49
0.333976	50
0.337338	51
0.337431	52
0.339468	53
0.339614	54
0.339725	55
0.342338	56
0.342851	57
0.342922	58
0.343112	59
0.356108	60
0.358119	61
0.359576	62
0.359692	63
0.360019	64
0.376247	65
0.376345	66
0.382276	67
0.385239	68
0.385274	69
0.388008	70
0.389399	71
0.389465	72
0.409734	73
0.420628	74
0.425816	75
0.42588	76
0.428482	77
0.431417	78
0.43153	79
0.431617	80
0.431717	81
0.437523	82
0.44232	83
0.442412	84
0.442741	85
0.447933	86
0.448093	87
0.471686	88
0.471981	89
0.475227	90
0.475328	91
0.475422	92
0.482036	93
0.482113	94
0.486472	95
0.48676	96
0.486877	97
0.487053	98
0.50262	99
0.508417	100
0.508535	101
0.508655	102
0.509084	103
0.525115	104
0.530315	105
0.5343	106
0.535624	107
0.535709	108
0.535844	109
0.535991	110
0.546927	111
0.547175	112
0.547282	113
0.549209	114
0.549255	115
0.549338	116
0.551116	117
0.552072	118
0.574459	119
0.574513	120
0.579758	121
0.583191	122
0.583274	123
0.585227	124
0.590289	125
0.590337	126
0.590355	127
0.596516	128
0.612361	129
0.612408	130
0.612548	65
0.612763	65.0154
0.61279	65.0308
0.612882	65.0462
0.612938	65.0615
0.618311	65.0769
0.618445	65.0923
0.618566	65.1077
0.618675	65.1231
0.620285	65.1385
0.620314	65.1538
0.620406	65.1692
0.620432	65.1846
0.623308	65.2
0.634703	65.2154
0.648332	65.2308
0.6508	65.2462
0.650867	65.2615
0.650941	65.2769
0.651009	65.2923
0.656417	65.3077
0.656489	65.3231
0.656548	65.3385
0.662151	65.3538
0.662295	65.3692
0.667649	65.3846
0.667761	65.4
0.667899	65.4154
0.668011	65.4308
0.668147	65.4462
0.670384	65.4615
0.67044	65.4769
0.683979	65.4923
0.684007	65.5077
0.706109	65.5231
0.706138	65.5385
0.711147	65.5538
0.711193	65.5692
0.711273	65.5846
0.711424	65.6
0.711472	65.6154
0.711581	65.6308
0.71699	65.6462
0.717112	65.6615
0.739906	65.6769
0.740056	65.6923
0.740244	65.7077
0.741056	65.7231
0.741162	65.7385
0.741308	65.7538
0.741407	65.7692
0.744184	65.7846
0.744252	65.8
0.744303	65.8154
0.755305	65.8308
0.75537	65.8462
0.755412	65.8615
0.755467	65.8769
0.760512	65.8923
0.760559	65.9077
0.760643	65.9231
0.766304	65.9385
0.766363	65.9538
0.766407	65.9692
0.766451	65.9846
0.766494	66
0.766655	66.0152
0.771424	66.0303
0.771472	66.0455
0.771555	66.0606
0.771766	66.0758
0.776874	66.0909
0.77691	66.1061
0.776993	66.1212
0.779196	66.1364
0.779253	66.1515
0.779312	66.1667
0.779515	66.1818
0.779582	66.197
0.782334	66.2121
0.782365	66.2273
0.782449	66.2424
0.782571	66.2576
0.782656	66.2727
0.798708	66.2879
0.798739	66.303
0.798802	66.3182
0.804408	66.3333
0.806854	66.3485
0.806886	66.3636
0.80697	66.3788
0.807118	66.3939
0.809612	66.4091
0.809675	66.4242
0.809745	66.4394
0.809855	66.4545
0.809947	66.4697
0.81003	66.4848
0.810107	66.5
0.815058	66.5152
0.815146	66.5303
0.815212	66.5455
0.815346	66.5606
0.842901	66.5758
0.847971	66.5909
0.848105	66.6061
0.853749	66.6212
0.85383	66.6364
0.853926	66.6515
0.858789	66.6667
0.859279	66.6818
0.864285	66.697
0.864317	66.7121
0.864463	66.7273
0.87549	66.7424
0.875577	66.7576
0.875688	66.7727
0.875766	66.7879
0.880668	66.803
0.88081	66.8182
0.88096	66.8333
0.881027	66.8485
0.903075	66.8636
0.903219	66.8788
0.903421	66.8939
0.903566	66.9091
0.908521	33.4545
0.913805	33.4848
0.913959	33.5152
0.914068	33.5455
0.914262	33.5758
0.918847	33.6061
0.918912	33.6364
0.918974	33.6667
0.91904	33.697
0.919122	33.7273
0.919156	33.7576
0.919233	33.7879
0.91929	33.8182
0.924306	33.8485
0.924353	33.8788
0.924439	33.9091
0.924497	33.9394
0.92456	33.9697
0.924625	34
0.924701	34.0294
0.93527	34.0588
0.935412	34.0882
0.93547	34.1176
0.935537	34.1471
0.935673	34.1765
0.940694	34.2059
0.940755	34.2353
0.941219	34.2647
0.946379	34.2941
0.946409	34.3235
0.946554	34.3529
0.946771	34.3824
0.946898	34.4118
0.946971	34.4412
0.951836	34.4706
0.951969	34.5
0.952055	34.5294
0.952086	34.5588
0.952189	34.5882
0.952315	34.6176
0.957131	34.6471
0.957188	34.6765
0.957346	34.7059
0.957454	34.7353
0.957535	34.7647
0.95757	34.7941
0.957693	34.8235
0.962906	34.8529
0.963002	34.8824
0.963218	34.9118
0.963305	34.9412
0.963377	34.9706
0.968463	35
0.968605	35.0286
0.968874	35.0571
0.968905	35.0857
0.968968	35.1143
0.990557	35.1429
0.990656	35.1714
0.990797	35.2
0.991087	35.2286
1.04522	35.2571
1.04535	35.2857
1.04537	35.3143
1.04544	35.3429
1.05091	35.3714
1.05106	35.4
1.05129	35.4286
1.05139	35.4571
1.05162	35.4857
1.05172	35.5143
1.05636	35.5429
1.05639	35.5714
1.0564	35.6
1.06135	35.6286
1.06142	35.6571
1.06145	35.6857
1.06158	35.7143
1.06165	35.7429
1.06171	17.8714
1.06183	17.9303
1.06193	17.9891
1.06794	18.0479
1.06889	18.1035
1.07236	18.159
1.0724	18.2146
1.07249	18.2701
1.07254	18.3257
1.07261	18.3812
1.07268	18.4368
1.07275	18.4923
1.07794	18.5479
1.07807	18.6035
1.0891	18.659
1.08912	18.7146
1.12213	18.7701
1.12957	18.8257
1.13085	18.8812
1.13088	18.9368
1.13099	18.9923
1.13112	19.0479
1.13588	19.1005
1.13786	19.1532
1.13791	19.2058
1.13799	19.2584
1.15405	19.3111
1.15471	19.3637
1.15477	19.4163
1.15618	19.469
1.15679	19.5216
1.15686	19.5742
1.1583	19.6268
1.16008	19.6795
1.19705	19.7321
1.19761	19.7847
1.19764	19.8374
1.19981	19.89
1.19989	19.9426
1.19991	19.9953
1.20183	20.0479
1.20222	20.0979
1.20536	20.1479
1.20545	20.1979
1.20681	20.2479
1.22584	20.2979
1.22587	20.3479
1.22588	20.3979
1.2286	20.4479
1.22865	20.4979
1.2287	20.5479
1.23007	20.5979
1.25203	20.6479
1.27545	20.6979
1.2803	20.7479
1.2804	20.7979
1.28057	20.8479
1.28064	20.8979
1.28072	20.9479
1.28086	20.9979
1.28556	21.0479
1.28562	21.0955
1.28572	21.1431
1.28588	21.1908
1.29023	21.2384
1.29511	21.286
1.29754	21.3336
1.2977	21.3812
1.30042	21.4289
1.30046	21.4765
1.30053	21.5241
1.30696	21.5717
1.31254	21.6193
1.34572	21.6669
1.34577	21.7146
1.35361	21.7622
1.35371	21.8098
1.35376	21.8574
1.35388	21.905
1.35395	21.9527
1.35975	22.0003
1.36053	22.0457
1.36468	22.0912
1.36482	22.1366
1.36749	22.1821
1.37121	22.2276
1.37309	22.273
1.37315	22.3185
1.37322	22.3639
1.37335	22.4094
1.37346	22.4548
1.37663	22.5003
1.37666	22.5457
1.37842	22.5912
1.42377	22.6366
1.42381	22.6821
1.42388	22.7276
1.42598	22.773
1.42731	22.8185
1.42737	22.8639
1.43238	22.9094
1.46608	22.9548
1.46617	23.0003
1.4664	23.0438
1.46645	23.0872
1.47138	23.1307
1.4715	23.1742
1.48781	23.2177
1.48783	23.2611
1.48792	23.3046
1.49421	23.3481
1.49435	23.3916
1.49464	23.4351
1.49476	23.4785
1.49496	23.522
1.49505	23.5655
1.50519	23.609
1.50995	23.6525
1.51009	23.6959
1.51027	23.7394
1.51039	23.7829
1.51055	23.8264
1.51066	23.8698
1.54508	23.9133
1.55003	23.9568
1.55017	24.0003
1.55064	24.0419
1.55069	24.0836
1.55633	24.1253
1.55647	24.1669
1.57495	24.2086
1.57513	24.2503
1.57525	24.2919
1.57789	24.3336
1.5956	24.3753
1.59986	24.4169
1.60002	24.4586
1.60012	24.5003
1.60021	24.5419
1.60039	24.5836
1.60526	24.6253
1.6053	24.6669
1.6054	24.7086
1.60553	24.7503
1.60568	24.7919
1.61183	24.8336
1.61632	24.8753
1.61685	24.9169
1.6217	24.9586
1.6218	25.0003
1.62183	25.0403
1.62768	25.0803
1.63322	25.1203
1.63898	25.1603
1.64997	25.2003
1.65512	25.2403
1.65518	25.2803
1.65853	25.3203
1.65859	25.3603
1.67328	25.4003
1.67335	25.4403
1.67951	25.4803
1.68448	25.5203
1.68458	25.5603
1.68459	25.6003
1.68978	25.6403
1.68991	25.6803
1.69007	25.7203
1.69014	25.7603
1.69664	25.8003
1.69678	25.8403
1.69701	25.8803
1.6972	25.9203
1.69741	25.9603
1.69758	26.0003
1.69768	26.0387
1.70872	26.0772
1.70882	26.1157
1.70891	26.1541
1.7335	26.1926
1.73353	26.231
1.73367	26.2695
1.73371	26.308
1.73947	26.3464
1.74142	26.3849
1.74187	26.4234
1.77169	26.4618
1.77323	26.5003
1.77335	26.5387
1.77346	26.5772
1.77355	26.6157
1.77369	26.6541
1.77376	26.6926
1.77864	26.731
1.77869	26.7695
1.77875	26.808
1.77888	26.8464
1.77908	26.8849
1.77916	26.9234
1.77925	26.9618
1.78501	27.0003
1.78518	27.0373
1.80007	27.0744
1.80017	27.1114
1.80028	27.1484
1.80891	27.1855
1.80896	27.2225
1.81337	27.2595
1.81373	27.2966
1.81389	27.3336
1.81692	27.3707
1.81704	27.4077
1.83243	27.4447
1.83256	27.4818
1.8372	27.5188
1.8375	27.5558
1.83798	27.5929
1.84218	27.6299
1.84264	27.6669
1.8478	27.704
1.84793	27.741
1.84814	27.7781
1.84846	27.8151
1.85142	27.8521
1.85157	27.8892
1.85176	27.9262
1.87259	27.9632
1.87822	28.0003
1.87856	28.036
1.89577	28.0717
1.8958	28.1074
1.89619	28.1431
1.89621	28.1789
1.90264	28.2146
1.90298	28.2503
1.90394	28.286
1.9041	28.3217
1.90428	28.3574
1.90814	28.3931
1.91229	28.4289
1.91245	28.4646
1.91551	28.5003
1.91554	28.536
1.92184	28.5717
1.92204	28.6074
1.92216	28.6431
1.93898	28.6789
1.94344	28.7146
1.94351	28.7503
1.9438	28.786
1.94931	28.8217
1.94946	28.8574
1.94967	28.8931
1.95467	28.9289
1.95475	28.9646
1.95986	29.0003
1.95998	29.0348
1.9765	29.0692
1.98177	29.1037
1.9818	29.1382
1.98185	29.1727
1.98213	29.2072
1.98225	29.2417
1.99301	29.2761
1.99315	29.3106
1.99338	29.3451
1.99878	29.3796
2.01048	29.4141
2.01063	29.4486
2.01078	29.483
2.01094	29.5175
2.01117	29.552
2.01486	29.5865
2.0258	29.621
2.03259	29.6555
2.03274	29.6899
2.0368	29.7244
2.03685	29.7589
2.03736	29.7934
2.04224	29.8279
2.0423	29.8623
2.04237	29.8968
2.0425	29.9313
2.04266	29.9658
2.04778	30.0003
2.04789	30.0336
2.05381	30.0669
2.06451	30.1003
2.06467	30.1336
2.06507	30.1669
2.06515	30.2003
2.07029	30.2336
2.08546	30.2669
2.09046	30.3003
2.09093	30.3336
2.09099	30.3669
2.10999	30.4003
2.11009	30.4336
2.11558	30.4669
2.11595	30.5003
2.11612	30.5336
2.1163	30.5669
2.11647	30.6003
2.12055	30.6336
2.12061	30.6669
2.12606	30.7003
2.12611	30.7336
2.12621	30.7669
2.13215	30.8003
2.13224	30.8336
2.13234	30.8669
2.13244	30.9003
2.13253	30.9336
2.14275	30.9669
2.14294	31.0003
2.14796	31.0325
2.14817	31.0648
2.1646	31.0971
2.16484	31.1293
2.16492	31.1616
2.1699	31.1938
2.18806	31.2261
2.18818	31.2583
2.19224	31.2906
2.19228	31.3229
2.19236	31.3551
2.20828	31.3874
2.20839	31.4196
2.20853	31.4519
2.20867	31.4842
2.21374	31.5164
2.21387	31.5487
2.21413	31.5809
2.21417	31.6132
2.21424	31.6454
2.21929	31.6777
2.21938	31.71
2.21975	31.7422
2.21984	31.7745
2.22465	31.8067
2.22488	31.839
2.22518	31.8712
2.22524	31.9035
2.24146	31.9358
2.24155	31.968
2.24656	32.0003
2.24659	32.0315
2.2468	32.0628
2.26892	32.094
2.27439	32.1253
2.27471	32.1565
2.27486	32.1878
2.30155	32.219
2.30162	32.2503
2.3017	32.2815
2.30173	32.3128
2.30686	32.344
2.31793	32.3753
2.31806	32.4065
2.31814	32.4378
2.31822	32.469
2.3183	32.5003
2.32331	32.5315
2.32344	32.5628
2.32357	32.594
2.32368	32.6253
2.3237	32.6565
2.32383	32.6878
2.3239	32.719
2.32913	32.7503
2.33433	32.7815
2.3344	32.8128
2.33448	32.844
2.33459	32.8753
2.34667	32.9065
2.35092	32.9378
2.35101	32.969
2.35109	33.0003
2.35115	33.0306
2.35128	33.0609
2.37294	33.0912
2.37307	33.1215
2.37315	33.1518
2.37321	33.1821
2.38438	33.2124
2.38454	33.2427
2.38473	33.273
2.38486	33.3033
2.38502	33.3336
2.38951	33.3639
2.38953	33.3942
2.38965	33.4245
2.38977	33.4548
2.39384	33.4851
2.39399	33.5154
2.39432	33.5457
2.3945	33.576
2.3947	33.6063
2.39667	33.6366
2.39805	33.6669
2.39817	33.6972
2.4154	33.7276
2.41555	33.7579
2.41572	33.7882
2.43734	33.8185
2.43747	33.8488
2.43766	33.8791
2.44241	33.9094
2.44273	33.9397
2.44282	33.97
2.45077	34.0003
2.45117	34.0297
2.45129	34.0591
2.49022	34.0885
2.49384	34.1179
2.49387	34.1473
2.49397	34.1768
2.49407	34.2062
2.49415	34.2356
2.49419	34.265
2.49425	34.2944
2.50003	34.3238
2.50018	34.3532
2.50034	34.3826
2.50042	34.412
2.50054	34.4415
2.50295	34.4709
2.50301	34.5003
2.50323	34.5297
2.50341	34.5591
2.5035	34.5885
2.50921	34.6179
2.51131	34.6473
2.51149	34.6768
2.51158	34.7062
2.51164	34.7356
2.51167	34.765
2.53924	34.7944
2.54479	34.8238
2.54563	34.8532
2.54578	34.8826
2.54597	34.912
2.54972	34.9415
2.5665	34.9709
2.56664	35.0003
2.56686	35.0289
2.56698	35.0574
2.56756	35.086
2.56772	35.1146
2.57173	35.1431
2.57178	35.1717
2.57179	35.2003
2.5718	35.2289
2.57187	35.2574
2.57206	35.286
2.58533	35.3146
2.58539	35.3431
2.5855	35.3717
2.58562	35.4003
2.58577	35.4289
2.58583	35.4574
2.59096	35.486
2.59111	35.5146
2.59648	35.5431
2.59656	35.5717
2.62192	35.6003
2.622	35.6289
2.62213	35.6574
2.62347	35.686
2.62354	35.7146
2.62359	35.7431
2.63139	35.7717
2.64034	35.8003
2.64043	35.8289
2.64336	35.8574
2.64342	35.886
2.6435	35.9146
2.66385	35.9431
2.66402	35.9717
2.66897	36.0003
2.669	36.0281
2.6691	36.0558
2.66923	36.0836
2.66933	36.1114
2.66938	36.1392
2.6695	36.1669
2.67485	36.1947
2.67503	36.2225
2.67522	36.2503
2.67535	36.2781
2.6973	36.3058
2.69747	36.3336
2.69767	36.3614
2.69915	36.3892
2.69924	36.4169
2.69943	36.4447
2.69959	36.4725
2.69978	36.5003
2.70308	36.5281
2.70339	36.5558
2.70907	36.5836
2.70968	36.6114
2.70988	36.6392
2.7141	36.6669
2.71413	36.6947
2.7142	36.7225
2.7274	36.7503
2.72765	36.7781
2.73048	36.8058
2.73065	36.8336
2.73093	36.8614
2.73105	36.8892
2.74496	36.9169
2.74513	36.9447
2.74665	36.9725
2.74676	37.0003
2.74812	37.0273
2.7515	37.0543
2.75246	37.0814
2.7526	37.1084
2.75769	37.1354
2.75773	37.1624
2.75936	37.1895
2.75974	37.2165
2.76508	37.2435
2.76714	37.2706
2.77702	37.2976
2.77972	37.3246
2.77988	37.3516
2.78269	37.3787
2.78272	37.4057
2.78273	37.4327
2.78868	37.4597
2.7896	37.4868
2.78971	37.5138
2.78985	37.5408
2.80422	37.5678
2.80798	37.5949
2.80821	37.6219
2.81289	37.6489
2.81848	37.676
2.82333	37.703
2.82336	37.73
2.82344	37.757
2.82358	37.7841
2.82367	37.8111
2.82376	37.8381
2.8238	37.8651
2.84606	37.8922
2.85208	37.9192
2.8522	37.9462
2.85471	37.9733
2.8568	38.0003
2.85683	38.0266
2.85727	38.0529
2.86229	38.0792
2.86234	38.1055
2.86241	38.1319
2.86255	38.1582
2.86263	38.1845
2.86269	38.2108
2.87923	38.2371
2.8794	38.2634
2.87958	38.2898
2.87988	38.3161
2.88424	38.3424
2.88437	38.3687
2.89023	38.395
2.89567	38.4213
2.89667	38.4476
2.90069	38.474
2.90075	38.5003
2.90127	38.5266
2.9175	38.5529
2.91759	38.5792
2.92354	38.6055
2.92365	38.6319
2.92832	38.6582
2.92843	38.6845
2.92851	38.7108
2.9345	38.7371
2.93462	38.7634
2.93479	38.7898
2.9349	38.8161
2.93908	38.8424
2.95067	38.8687
2.95075	38.895
2.95082	38.9213
2.95564	38.9476
2.96707	38.974
2.97218	39.0003
2.97265	39.0259
2.97278	39.0516
2.97312	39.0772
2.97752	39.1028
2.97755	39.1285
2.97767	39.1541
2.97776	39.1798
2.97783	39.2054
2.9779	39.231
2.97801	39.2567
2.97807	39.2823
2.98297	39.308
2.98302	39.3336
2.98311	39.3593
2.98322	39.3849
2.99418	39.4105
2.99427	39.4362
2.99432	39.4618
2.99449	39.4875
3.00543	39.5131
3.02744	39.5387
3.0276	39.5644
3.03784	39.59
3.03791	39.6157
3.038	39.6413
3.03812	39.6669
3.03821	19.8335
3.0444	19.8861
3.04896	19.9387
3.04914	19.9914
3.04917	20.044
3.04919	20.094
3.04921	20.144
3.05425	20.194
3.05428	20.244
3.05441	20.294
3.05468	20.344
3.06529	20.394
3.0654	20.444
3.06546	20.494
3.0656	20.544
3.06566	20.594
3.06574	20.644
3.06579	20.694
3.07073	20.744
3.0708	20.794
3.07088	20.844
3.07095	20.894
3.07108	20.944
3.07118	20.994
3.07125	21.044
3.07716	21.0916
3.07739	21.1392
3.07762	21.1869
3.09306	21.2345
3.09323	21.2821
3.09333	21.3297
3.09889	21.3773
3.1208	21.425
3.13145	21.4726
3.13148	21.5202
3.13749	21.5678
3.13785	21.6154
3.13804	21.663
3.13821	21.7107
3.15325	21.7583
3.15352	21.8059
3.1585	21.8535
3.15853	21.9011
3.15875	21.9488
3.15886	21.9964
3.15897	22.044
3.16955	22.0895
3.16969	22.1349
3.16993	22.1804
3.17882	22.2258
3.17991	22.2713
3.17994	22.3167
3.18002	22.3622
3.19797	22.4076
3.21715	22.4531
3.21787	22.4985
3.21872	22.544
3.21921	22.5895
3.21926	22.6349
3.22073	22.6804
3.22349	22.7258
3.225	22.7713
3.22675	22.8167
3.22706	22.8622
3.22775	22.9076
3.22976	22.9531
3.23123	22.9985
3.23788	23.044
3.24491	23.0875
3.2485	23.131
3.24926	23.1744
3.25327	23.2179
3.25332	23.2614
3.25486	23.3049
3.25688	23.3483
3.2749	23.3918
3.2978	23.4353
3.29796	23.4788
3.29812	23.5223
3.2983	23.5657
3.30066	23.6092
3.30072	23.6527
3.30079	23.6962
3.3009	23.7397
3.30351	23.7831
3.30358	23.8266
3.30368	23.8701
3.30382	23.9136
3.30631	23.957
3.3196	24.0005
3.32423	24.0422
3.32434	24.0839
3.32457	24.1255
3.3247	24.1672
3.32493	24.2089
3.32504	24.2505
3.32819	24.2922
3.32949	24.3339
3.35717	24.3755
3.36499	24.4172
3.3659	24.4589
3.36651	24.5005
3.36723	24.5422
3.36858	24.5839
3.37	24.6255
3.37003	24.6672
3.37134	24.7089
3.37361	24.7505
3.37386	24.7922
3.37705	24.8339
3.3786	24.8755
3.38067	24.9172
3.38071	24.9589
3.38073	25.0005
3.38494	25.0405
3.38499	25.0805
3.39403	25.1205
3.39438	25.1605
3.39454	25.2005
3.39474	25.2405
3.39872	25.2805
3.41336	25.3205
3.42717	25.3605
3.44072	25.4005
3.44092	25.4405
3.44096	25.4805
3.44629	25.5205
3.44642	25.5605
3.44693	25.6005
3.44708	25.6405
3.4472	25.6805
3.45127	25.7205
3.45891	25.7605
3.45894	25.8005
3.46116	25.8405
3.46368	25.8805
3.46374	25.9205
3.46381	25.9605
3.46634	26.0005
3.46647	26.039
3.46672	26.0774
3.47322	26.1159
3.47708	26.1544
3.4778	26.1928
3.47786	26.2313
3.47789	26.2698
3.49931	26.3082
3.50243	26.3467
3.51578	26.3851
3.51697	26.4236
3.52016	26.4621
3.53697	26.5005
3.53703	26.539
3.53711	26.5774
3.53904	26.6159
3.53907	26.6544
3.53917	26.6928
3.54457	26.7313
3.54473	26.7698
3.55751	26.8082
3.56033	26.8467
3.56041	26.8851
3.56052	26.9236
3.56306	26.9621
3.56452	27.0005
3.56455	27.0376
3.56585	27.0746
3.56656	27.1116
3.56661	27.1487
3.56669	27.1857
3.56679	27.2227
3.56935	27.2598
3.57674	27.2968
3.5952	27.3339
3.60788	27.3709
3.60914	27.4079
3.60919	27.445
3.61771	27.482
3.61801	27.519
3.62333	27.5561
3.62348	27.5931
3.62637	27.6302
3.62815	27.6672
3.6282	27.7042
3.63002	27.7413
3.63267	27.7783
3.64675	27.8153
3.64684	27.8524
3.64694	27.8894
3.64902	27.9264
3.65027	27.9635
3.6503	28.0005
3.65434	28.0362
3.65445	28.072
3.65565	28.1077
3.65573	28.1434
3.65733	28.1791
3.66301	28.2148
3.6644	28.2505
3.6715	28.2862
3.68419	28.322
3.69973	28.3577
3.69981	28.3934
3.70397	28.4291
3.70408	28.4648
3.70418	28.5005
3.70668	28.5362
3.70674	28.572
3.70694	28.6077
3.7101	28.6434
3.71016	28.6791
3.71635	28.7148
3.72171	28.7505
3.73128	28.7862
3.73666	28.822
3.7367	28.8577
3.73678	28.8934
3.74222	28.9291
3.74335	28.9648
3.74347	29.0005
3.74842	29.035
3.74859	29.0695
3.75027	29.104
3.75033	29.1385
3.75042	29.1729
3.7506	29.2074
3.75072	29.2419
3.77216	29.2764
3.77219	29.3109
3.79815	29.3453
3.79966	29.3798
3.81592	29.4143
3.816	29.4488
3.81607	29.4833
3.81717	29.5178
3.81935	29.5522
3.82073	29.5867
3.82077	29.6212
3.82085	29.6557
3.82095	29.6902
3.82099	29.7247
3.82428	29.7591
3.82431	29.7936
3.82438	29.8281
3.82748	29.8626
3.84387	29.8971
3.84401	29.9316
3.8445	29.966
3.84983	30.0005
3.85592	30.0339
3.85725	30.0672
3.85803	30.1005
3.8581	30.1339
3.85949	30.1672
3.86026	30.2005
3.86139	30.2339
3.86263	30.2672
3.86332	30.3005
3.8861	30.3339
3.88853	30.3672
3.89562	30.4005
3.89652	30.4339
3.8971	30.4672
3.90127	30.5005
3.91864	30.5339
3.91867	30.5672
3.91875	30.6005
3.91887	30.6339
3.92156	30.6672
3.92715	30.7005
3.92729	30.7339
3.93216	30.7672
3.93225	30.8005
3.93269	30.8339
3.93272	30.8672
3.93825	30.9005
3.93835	30.9339
3.94593	30.9672
3.94612	31.0005
3.94627	31.0328
3.94632	31.065
3.95056	31.0973
3.95451	31.1296
3.95844	31.1618
3.95857	31.1941
3.9588	31.2263
3.96035	31.2586
3.96039	31.2908
3.98709	31.3231
3.98713	31.3554
3.98719	31.3876
3.98722	31.4199
3.9877	31.4521
3.99295	31.4844
3.99999	31.5167
4.00292	31.5489
4.00331	31.5812
4.00345	31.6134
4.00867	31.6457
4.0314	31.6779
4.03193	31.7102
4.03744	31.7425
4.03747	31.7747
4.03813	31.807
4.03824	31.8392
4.04275	31.8715
4.04827	31.9037
4.05388	31.936
4.054	31.9683
4.05845	32.0005
4.05894	32.0318
4.05897	32.063
4.05912	32.0943
4.05931	32.1255
4.05946	32.1568
4.05962	32.188
4.05976	32.2193
4.05993	32.2505
4.07108	32.2818
4.08732	32.313
4.08737	32.3443
4.08752	32.3755
4.09198	32.4068
4.0993	32.438
4.09938	32.4693
4.09947	32.5005
4.10448	32.5318
4.10456	32.563
4.10478	32.5943
4.10499	32.6255
4.12694	32.6568
4.12705	32.688
4.14392	32.7193
4.14409	32.7505
4.1443	32.7818
4.14869	32.813
4.14878	32.8443
4.14885	32.8755
4.15935	32.9068
4.1595	32.938
4.15957	32.9693
4.15964	33.0005
4.15973	33.0308
4.15981	33.0611
4.16474	33.0914
4.1651	33.1217
4.17134	33.152
4.17591	33.1823
4.17616	33.2126
4.18136	33.2429
4.18147	33.2732
4.18734	33.3036
4.19218	33.3339
4.19225	33.3642
4.19345	33.3945
4.20456	33.4248
4.2047	33.4551
4.20482	33.4854
4.20869	33.5157
4.20872	33.546
4.20873	33.5763
4.20879	33.6066
4.24041	33.6369
4.24053	33.6672
4.25287	33.6975
4.25306	33.7278
4.25321	33.7581
4.25337	33.7884
4.25354	33.8187
4.25747	33.849
4.27199	33.8793
4.27261	33.9096
4.27272	33.9399
4.27301	33.9702
4.27328	34.0005
4.27969	34.0299
4.27975	34.0593
4.27983	34.0888
4.27995	34.1182
4.28004	34.1476
4.28007	34.177
4.28016	34.2064
4.28514	34.2358
4.29052	34.2652
4.30417	34.2946
4.3042	34.3241
4.3043	34.3535
4.30726	34.3829
4.3075	34.4123
4.31866	34.4417
4.31894	34.4711
4.31899	34.5005
4.31913	34.5299
4.32055	34.5593
4.32079	34.5888
4.34555	34.6182
4.35281	34.6476
4.3641	34.677
4.36828	34.7064
4.36835	34.7358
4.3684	34.7652
4.36852	34.7946
4.37382	34.8241
4.37392	34.8535
4.37399	34.8829
4.37415	34.9123
4.37942	34.9417
4.37955	34.9711
4.37995	35.0005
4.38456	35.0291
4.38462	35.0577
4.38469	35.0862
4.38481	35.1148
4.38493	35.1434
4.39055	35.172
4.39598	35.2005
4.39617	35.2291
4.39627	35.2577
4.41214	35.2862
4.41231	35.3148
4.41272	35.3434
4.41289	35.372
4.41306	35.4005
4.42336	35.4291
4.42343	35.4577
4.42351	35.4862
4.42841	35.5148
4.42847	35.5434
4.42855	35.572
4.44079	35.6005
4.46701	35.6291
4.46716	35.6577
4.46727	35.6862
4.46733	35.7148
4.47284	35.7434
4.47289	35.772
4.47843	35.8005
4.47855	35.8291
4.48329	35.8577
4.48334	35.8862
4.48352	35.9148
4.48371	35.9434
4.49016	35.972
4.4905	36.0005
4.49105	36.0283
4.49135	36.0561
4.49486	36.0839
4.49502	36.1116
4.49537	36.1394
4.50013	36.1672
4.51113	36.195
4.51119	36.2227
4.51642	36.2505
4.52397	36.2783
4.528	36.3061
4.52826	36.3339
4.52878	36.3616
4.53272	36.3894
4.53823	36.4172
4.53829	36.445
4.54369	36.4727
4.54419	36.5005
4.54904	36.5283
4.54906	36.5561
4.54912	36.5839
4.55538	36.6116
4.5555	36.6394
4.55564	36.6672
4.56001	36.695
4.5713	36.7227
4.58208	36.7505
4.58221	36.7783
4.58227	36.8061
4.58232	36.8339
4.58743	36.8616
4.58765	36.8894
4.59412	36.9172
4.59424	36.945
4.59437	36.9727
4.59837	37.0005
4.5984	37.0275
4.59871	37.0546
4.60414	37.0816
4.60418	37.1086
4.60447	37.1357
4.60463	37.1627
4.60473	37.1897
4.60498	37.2167
4.60934	37.2438
4.62628	37.2708
4.62637	37.2978
4.62645	37.3248
4.63126	37.3519
4.63132	37.3789
4.63147	37.4059
4.63149	37.433
4.63151	37.46
4.63158	37.487
4.64068	37.514
4.64413	37.5411
4.64877	37.5681
4.65083	37.5951
4.65089	37.6221
4.65097	37.6492
4.65289	37.6762
4.65361	37.7032
4.66614	37.7303
4.6675	37.7573
4.6677	37.7843
4.66839	37.8113
4.66911	37.8384
4.66984	37.8654
4.66987	37.8924
4.67469	37.9194
4.67473	37.9465
4.67492	37.9735
4.67509	38.0005
4.67532	38.0268
4.6776	38.0532
4.70849	38.0795
4.70926	38.1058
4.71235	38.1321
4.71586	38.1584
4.71659	38.1847
4.7173	38.211
4.71797	38.2374
4.71866	38.2637
4.71938	38.29
4.72432	38.3163
4.72926	38.3426
4.73143	38.3689
4.73417	38.3953
4.73559	38.4216
4.73565	38.4479
4.73573	38.4742
4.74016	38.5005
4.7403	38.5268
4.74052	38.5532
4.75092	38.5795
4.75113	38.6058
4.75579	38.6321
4.75584	38.6584
4.76444	38.6847
4.76447	38.711
4.77007	38.7374
4.7702	38.7637
4.77032	38.79
4.77037	38.8163
4.77061	38.8426
4.77606	38.8689
4.77619	38.8953
4.7772	38.9216
4.78089	38.9479
4.78096	38.9742
4.78102	39.0005
4.78113	39.0262
4.78148	39.0518
4.81372	39.0774
4.81384	39.1031
4.8165	39.1287
4.81656	39.1544
4.82205	39.18
4.82354	39.2056
4.8236	39.2313
4.82368	39.2569
4.82378	39.2826
4.82917	39.3082
4.82931	39.3339
4.82945	39.3595
4.8347	39.3851
4.83495	39.4108
4.83502	39.4364
4.83511	39.4621
4.83536	39.4877
4.83551	39.5133
4.83554	39.539
4.84104	39.5646
4.84118	39.5903
4.8462	39.6159
4.84639	39.6415
4.84658	39.6672
4.84667	39.6928
4.84679	39.7185
4.84688	39.7441
4.85774	39.7698
4.8582	39.7954
4.86288	39.821
4.86955	39.8467
4.86959	39.8723
4.8738	39.898
4.87384	39.9236
4.87394	39.9492
4.87403	39.9749
4.87961	40.0005
4.87968	40.0255
4.87977	40.0505
4.90239	40.0755
4.90699	40.1005
4.90711	40.1255
4.90732	40.1505
4.91564	40.1755
4.91949	40.2005
4.91962	40.2255
4.91981	40.2505
4.9251	40.2755
4.92585	40.3005
4.92588	40.3255
4.92613	40.3505
4.93143	40.3755
4.93146	40.4005
4.93151	40.4255
4.93154	40.4505
4.93172	40.4755
4.93177	40.5005
4.9377	40.5255
4.93803	40.5505
4.93836	40.5755
4.95898	40.6005
4.95909	40.6255
4.95931	40.6505
4.95947	40.6755
4.96416	40.7005
4.96424	40.7255
4.96434	40.7505
4.96449	40.7755
4.96459	40.8005
4.96468	40.8255
4.96476	40.8505
4.96996	40.8755
4.97008	40.9005
4.97027	40.9255
4.97568	40.9505
5.00312	40.9755
5.00331	41.0005
5.0039	41.0249
5.00405	41.0493
5.00812	41.0737
5.0145	41.0981
5.01462	41.1225
5.01477	41.1469
5.0149	41.1713
5.01933	41.1956
5.0245	41.22
5.03586	41.2444
5.04168	41.2688
5.04184	41.2932
5.04201	41.3176
5.04213	41.342
5.04232	41.3664
5.04677	41.3908
5.04693	41.4152
5.05181	41.4395
5.05735	41.4639
5.05743	41.4883
5.05753	41.5127
5.05769	41.5371
5.06345	41.5615
5.06355	41.5859
5.0639	41.6103
5.06412	41.6347
5.06823	41.6591
5.06826	41.6834
5.06874	41.7078
5.07367	41.7322
5.08037	41.7566
5.0807	41.781
5.08095	41.8054
5.08119	41.8298
5.09015	41.8542
5.09019	41.8786
5.09024	41.903
5.09026	41.9274
5.10827	41.9517
5.10836	41.9761
5.10884	42.0005
5.10895	42.0243
5.11214	42.0481
5.11219	42.072
5.11226	42.0958
5.1124	42.1196
5.11785	42.1434
5.13961	42.1672
5.13987	42.191
5.13995	42.2148
5.14004	42.2386
5.14495	42.2624
5.14498	42.2862
5.14545	42.31
5.14555	42.3339
5.1507	42.3577
5.15085	42.3815
5.15105	42.4053
5.15117	42.4291
5.15617	42.4529
5.15646	42.4767
5.15651	42.5005
5.16136	42.5243
5.16805	42.5481
5.17249	42.572
5.17257	42.5958
5.17267	42.6196
5.17277	42.6434
5.17296	42.6672
5.17852	42.691
5.17891	42.7148
5.18369	42.7386
5.18377	42.7624
5.18384	42.7862
5.18389	42.81
5.18916	42.8339
5.18923	42.8577
5.18932	42.8815
5.18943	42.9053
5.19461	42.9291
5.19468	42.9529
5.19473	42.9767
5.19484	43.0005
5.20011	43.0238
5.20611	43.047
5.20627	43.0703
5.20647	43.0935
5.20657	43.1168
5.21078	43.1401
5.21133	43.1633
5.22183	43.1866
5.22202	43.2098
5.22208	43.2331
5.2222	43.2563
5.22231	43.2796
5.22716	43.3028
5.22723	43.3261
5.23366	43.3494
5.23375	43.3726
5.23388	43.3959
5.23397	43.4191
5.23884	43.4424
5.23897	43.4656
5.23914	43.4889
5.24396	43.5121
5.24403	43.5354
5.25572	43.5587
5.25899	43.5819
5.25934	43.6052
5.25942	43.6284
5.26242	43.6517
5.26323	43.6749
5.26328	43.6982
5.26335	43.7215
5.2637	43.7447
5.26375	43.768
5.26811	43.7912
5.26814	43.8145
5.2682	43.8377
5.26823	43.861
5.27148	43.8842
5.27737	43.9075
5.27795	43.9308
5.27957	43.954
5.28018	43.9773
5.28091	44.0005
5.28164	44.0232
5.29586	44.046
5.29589	44.0687
5.30164	44.0914
5.30188	44.1142
5.30197	44.1369
5.30206	44.1596
5.32071	44.1823
5.32092	44.2051
5.32408	44.2278
5.32411	44.2505
5.32418	44.2732
5.32616	44.296
5.32652	44.3187
5.32659	44.3414
5.32971	44.3642
5.33104	44.3869
5.33107	44.4096
5.33108	44.4323
5.33127	44.4551
5.33139	44.4778
5.33975	44.5005
5.34166	44.5232
5.34377	44.546
5.34515	44.5687
5.34518	44.5914
5.3466	44.6142
5.34769	44.6369
5.34799	44.6596
5.34813	44.6823
5.3494	44.7051
5.34946	44.7278
5.3572	44.7505
5.35985	44.7732
5.36017	44.796
5.3603	44.8187
5.36417	44.8414
5.36561	44.8642
5.37548	44.8869
5.37753	44.9096
5.37756	44.9323
5.37764	44.9551
5.37777	44.9778
5.38032	45.0005
5.38036	45.0227
5.39103	45.045
5.3916	45.0672
5.39393	45.0894
5.39582	45.1116
5.39783	45.1339
5.40363	45.1561
5.41227	45.1783
5.41519	45.2005
5.41533	45.2227
5.41554	45.245
5.41566	45.2672
5.41587	45.2894
5.41828	45.3116
5.41834	45.3339
5.41862	45.3561
5.42252	45.3783
5.42258	45.4005
5.42267	45.4227
5.42459	45.445
5.42466	45.4672
5.43325	45.4894
5.43337	45.5116
5.43345	45.5339
5.43351	45.5561
5.43361	45.5783
5.4389	45.6005
5.43953	45.6227
5.43967	45.645
5.43978	45.6672
5.43997	45.6894
5.44234	45.7116
5.44534	45.7339
5.44537	45.7561
5.44864	45.7783
5.44877	45.8005
5.44887	45.8227
5.44903	45.845
5.47553	45.8672
5.47563	45.8894
5.47567	45.9116
5.47579	45.9339
5.47586	45.9561
5.48167	45.9783
5.4818	46.0005
5.48235	46.0223
5.49144	46.044
5.49255	46.0657
5.4982	46.0875
5.49906	46.1092
5.4997	46.131
5.49988	46.1527
5.51153	46.1744
5.5116	46.1962
5.51295	46.2179
5.51367	46.2397
5.51576	46.2614
5.51784	46.2831
5.51787	46.3049
5.51795	46.3266
5.51991	46.3483
5.51998	46.3701
5.52135	46.3918
5.52206	46.4136
5.52209	46.4353
5.52838	46.457
5.53316	46.4788
5.53326	46.5005
5.53344	46.5223
5.53821	46.544
5.5383	46.5657
5.53835	46.5875
5.53847	46.6092
5.53856	46.631
5.5446	46.6527
5.54481	46.6744
5.54494	46.6962
5.55006	46.7179
5.5502	46.7397
5.55029	46.7614
5.55038	46.7831
5.55042	46.8049
5.55595	46.8266
5.57264	46.8483
5.57268	46.8701
5.57275	46.8918
5.57291	46.9136
5.57929	46.9353
5.57948	46.957
5.57965	46.9788
5.5798	47.0005
5.57995	47.0218
5.58424	47.0431
5.58921	47.0644
5.5893	47.0856
5.58967	47.1069
5.58976	47.1282
5.59501	47.1495
5.59535	47.1707
5.60106	47.192
5.60164	47.2133
5.60557	47.2346
5.60561	47.2558
5.60566	47.2771
5.60581	47.2984
5.60593	47.3197
5.62418	47.3409
5.62437	47.3622
5.62459	47.3835
5.62473	47.4048
5.6277	47.4261
5.62775	47.4473
5.63506	47.4686
5.63523	47.4899
5.63546	47.5112
5.63556	47.5324
5.63693	47.5537
5.6392	47.575
5.63931	47.5963
5.64402	47.6175
5.64407	47.6388
5.65833	47.6601
5.65843	47.6814
5.65853	47.7026
5.65967	47.7239
5.65984	47.7452
5.66001	47.7665
5.66023	47.7878
5.66039	47.809
5.68002	47.8303
5.68006	47.8516
5.6802	47.8729
5.68032	47.8941
5.68039	47.9154
5.68049	47.9367
5.68058	47.958
5.68066	47.9792
5.68552	48.0005
5.68557	48.0214
5.6856	48.0422
5.68562	48.063
5.68597	48.0839
5.68602	48.1047
5.69134	48.1255
5.69706	48.1464
5.70202	48.1672
5.7022	48.188
5.70228	48.2089
5.70554	48.2297
5.70558	48.2505
5.70559	48.2714
5.7056	48.2922
5.70561	48.313
5.7173	48.3339
5.71799	48.3547
5.71874	48.3755
5.72094	48.3964
5.72263	48.4172
5.7244	48.438
5.74431	48.4589
5.74437	48.4797
5.74666	48.5005
5.74695	48.5214
5.74914	48.5422
5.7492	48.563
5.74929	48.5839
5.75134	48.6047
5.75136	48.6255
5.75144	48.6464
5.75155	48.6672
5.75549	48.688
5.75551	48.7089
5.7556	48.7297
5.75834	48.7505
5.7584	48.7714
5.76064	48.7922
5.77695	48.813
5.777	48.8339
5.77705	48.8547
5.78299	48.8755
5.78319	48.8964
5.78341	48.9172
5.78353	48.938
5.7837	48.9589
5.78389	48.9797
5.78415	49.0005
5.78428	49.0209
5.78446	49.0413
5.7878	49.0617
5.78793	49.0822
5.78818	49.1026
5.79525	49.123
5.79534	49.1434
5.79541	49.1638
5.79553	49.1842
5.80089	49.2046
5.80107	49.225
5.80127	49.2454
5.80139	49.2658
5.80162	49.2862
5.80169	49.3066
5.81331	49.3271
5.81345	49.3475
5.82141	49.3679
5.82253	49.3883
5.82263	49.4087
5.8227	49.4291
5.84669	49.4495
5.84681	49.4699
5.84696	49.4903
5.84706	49.5107
5.85195	49.5311
5.85209	49.5515
5.85461	49.572
5.85463	49.5924
5.85711	49.6128
5.86091	49.6332
5.86095	49.6536
5.86097	49.674
5.8611	49.6944
5.8612	49.7148
5.86819	49.7352
5.86849	49.7556
5.86866	49.776
5.86886	49.7964
5.86901	49.8168
5.8691	49.8373
5.87798	49.8577
5.87898	49.8781
5.87909	49.8985
5.88057	49.9189
5.8807	49.9393
5.88085	49.9597
5.88295	49.9801
5.88853	50.0005
5.8886	50.0205
5.88867	50.0405
5.88883	50.0605
5.88892	50.0805
5.88915	50.1005
5.89428	50.1205
5.89689	50.1405
5.89695	50.1605
5.89702	50.1805
5.89713	50.2005
5.89723	50.2205
5.89732	50.2405
5.90154	50.2605
5.90171	50.2805
5.9042	50.3005
5.91341	50.3205
5.91357	50.3405
5.92441	50.3605
5.92447	50.3805
5.92981	50.4005
5.92985	50.4205
5.94548	50.4405
5.94551	50.4605
5.94559	50.4805
5.94828	50.5005
5.96087	50.5205
5.96166	50.5405
5.96245	50.5605
5.96266	50.5805
5.96382	50.6005
5.96395	50.6205
5.96408	50.6405
5.969	50.6605
5.96912	50.6805
5.96932	50.7005
5.96945	50.7205
5.97085	50.7405
5.971	50.7605
5.97122	50.7805
5.97144	50.8005
5.97168	50.8205
5.98442	50.8405
5.98452	50.8605
5.98461	50.8805
5.98919	50.9005
5.98927	50.9205
5.98937	50.9405
5.99564	50.9605
5.99578	50.9805
5.99594	51.0005
5.99613	51.0201
5.99632	51.0397
6.00144	51.0593
6.00152	51.079
6.007	51.0986
6.02022	51.1182
6.02025	51.1378
6.02053	51.1574
6.02739	51.177
6.02752	51.1966
6.0277	51.2162
6.02787	51.2358
6.02804	51.2554
6.02837	51.275
6.03293	51.2946
6.03806	51.3142
6.0382	51.3339
6.04937	51.3535
6.04941	51.3731
6.04949	51.3927
6.05466	51.4123
6.05469	51.4319
6.05486	51.4515
6.05506	51.4711
6.05516	51.4907
6.05753	51.5103
6.0602	51.5299
6.06023	51.5495
6.06032	51.5691
6.06047	51.5888
6.06057	51.6084
6.0637	51.628
6.07502	51.6476
6.08218	51.6672
6.08247	51.6868
6.08259	51.7064
6.0829	51.726
6.09012	51.7456
6.09016	51.7652
6.09017	51.7848
6.09018	51.8044
6.09563	51.8241
6.09569	51.8437
6.09572	51.8633
6.09579	51.8829
6.09594	51.9025
6.09943	51.9221
6.10055	51.9417
6.11174	51.9613
6.11734	51.9809
6.11742	52.0005
6.11751	52.0198
6.12264	52.039
6.12278	52.0582
6.12297	52.0774
6.12785	52.0967
6.12788	52.1159
6.12806	52.1351
6.12808	52.1544
6.14416	52.1736
6.14419	52.1928
6.14429	52.2121
6.14446	52.2313
6.14457	52.2505
6.14466	52.2698
6.15612	52.289
6.15622	52.3082
6.15628	52.3274
6.16366	52.3467
6.16373	52.3659
6.16407	52.3851
6.16906	52.4044
6.16914	52.4236
6.16922	52.4428
6.17593	52.4621
6.17595	52.4813
6.18015	52.5005
6.18022	52.5198
6.18028	52.539
6.18039	52.5582
6.18049	52.5774
6.18056	52.5967
6.18058	52.6159
6.18554	52.6351
6.19031	52.6544
6.19047	52.6736
6.19071	52.6928
6.19525	52.7121
6.1953	52.7313
6.19533	52.7505
6.19535	52.7698
6.19567	52.789
6.20096	52.8082
6.20176	52.8274
6.2019	52.8467
6.20592	52.8659
6.20614	52.8851
6.21137	52.9044
6.21143	52.9236
6.21151	52.9428
6.21164	52.9621
6.21175	52.9813
6.21185	53.0005
6.22319	53.0194
6.23912	53.0383
6.23922	53.0571
6.23928	53.076
6.23939	53.0949
6.24443	53.1137
6.24455	53.1326
6.24473	53.1515
6.24485	53.1703
6.24518	53.1892
6.24536	53.2081
6.24553	53.2269
6.24967	53.2458
6.24972	53.2647
6.2498	53.2835
6.24992	53.3024
6.25002	53.3213
6.26082	53.3401
6.26669	53.359
6.27153	53.3779
6.27157	53.3967
6.27165	53.4156
6.27177	53.4345
6.27701	53.4534
6.27709	53.4722
6.27719	53.4911
6.27729	53.51
6.28148	53.5288
6.28229	53.5477
6.29041	53.5666
6.29047	53.5854
6.29064	53.6043
6.29239	53.6232
6.29303	53.642
6.29822	53.6609
6.29841	53.6798
6.30313	53.6986
6.30327	53.7175
6.30335	53.7364
6.30909	53.7552
6.31003	53.7741
6.31016	53.793
6.31025	53.8118
6.32693	53.8307
6.33212	53.8496
6.33803	53.8684
6.33819	53.8873
6.3383	53.9062
6.33844	53.925
6.33858	53.9439
6.33876	53.9628
6.33887	53.9817
6.34285	54.0005
6.34288	54.019
6.34323	54.0376
6.34334	54.0561
6.34341	54.0746
6.34347	54.0931
6.34898	54.1116
6.34909	54.1302
6.34921	54.1487
6.34933	54.1672
6.34948	54.1857
6.34965	54.2042
6.34994	54.2227
6.35011	54.2413
6.35388	54.2598
6.35398	54.2783
6.35405	54.2968
6.35933	54.3153
6.38125	54.3339
6.38128	54.3524
6.38134	54.3709
6.38147	54.3894
6.38157	54.4079
6.38683	54.4264
6.38687	54.445
6.38696	54.4635
6.38723	54.482
6.38736	54.5005
6.39778	54.519
6.39787	54.5376
6.40994	54.5561
6.41431	54.5746
6.41442	54.5931
6.41451	54.6116
6.41454	54.6302
6.41459	54.6487
6.41956	54.6672
6.4196	54.6857
6.41965	54.7042
6.41989	54.7227
6.41998	54.7413
6.42551	54.7598
6.42562	54.7783
6.42575	54.7968
6.44829	54.8153
6.44844	54.8339
6.44867	54.8524
6.45252	54.8709
6.46346	54.8894
6.46353	54.9079
6.46364	54.9264
6.46375	54.945
6.46384	54.9635
6.46394	54.982
6.46399	55.0005
6.46963	55.0187
6.46978	55.0369
6.47485	55.0551
6.47984	55.0732
6.48021	55.0914
6.48043	55.1096
6.48588	55.1278
6.48597	55.146
6.48607	55.1642
6.48617	55.1823
6.49079	55.2005
6.49094	55.2187
6.49097	55.2369
6.4913	55.2551
6.49625	55.2732
6.4963	55.2914
6.49637	55.3096
6.50265	55.3278
6.50283	55.346
6.50303	55.3642
6.50783	55.3823
6.50789	55.4005
6.51289	55.4187
6.51292	55.4369
6.51301	55.4551
6.51315	55.4732
6.52197	55.4914
6.52223	55.5096
6.52244	55.5278
6.53566	55.546
6.53577	55.5642
6.54029	55.5823
6.54627	55.6005
6.54644	55.6187
6.54665	55.6369
6.56279	27.8184
6.5629	27.8555
6.56307	27.8925
6.56812	27.9296
6.5682	27.9666
6.5683	28.0036
6.56872	28.0393
6.56883	28.0751
6.57893	28.1108
6.57903	28.1465
6.57915	28.1822
6.57924	28.2179
6.57937	28.2536
6.5795	28.2893
6.58421	28.3251
6.58426	28.3608
6.58434	28.3965
6.59043	28.4322
6.59532	28.4679
6.59541	28.5036
6.59552	28.5393
6.59556	28.5751
6.5956	28.6108
6.60094	28.6465
6.60101	28.6822
6.60608	28.7179
6.60668	28.7536
6.61201	28.7893
6.6121	28.8251
6.61719	28.8608
6.61724	28.8965
6.61731	28.9322
6.61739	28.9679
6.61742	29.0036
6.61747	29.0381
6.62253	29.0726
6.62295	29.1071
6.62863	29.1416
6.62914	29.176
6.62924	29.2105
6.63943	29.245
6.63946	29.2795
6.64487	29.314
6.65001	29.3485
6.65007	29.3829
6.65014	29.4174
6.65025	29.4519
6.6503	29.4864
6.65035	29.5209
6.67874	29.5554
6.67887	29.5898
6.68294	29.6243
6.68316	29.6588
6.68321	29.6933
6.68328	29.7278
6.69434	29.7622
6.69937	29.7967
6.69942	29.8312
6.70529	29.8657
6.70596	29.9002
6.70627	29.9347
6.70636	29.9691
6.71033	30.0036
6.71594	30.037
6.73312	30.0703
6.73324	30.1036
6.73338	30.137
6.73352	30.1703
6.73368	30.2036
6.73769	30.237
6.73775	30.2703
6.73781	30.3036
6.73794	30.337
6.73803	30.3703
6.73812	30.4036
6.74195	30.437
6.742	30.4703
6.74208	30.5036
6.76494	30.537
6.76501	30.5703
6.76508	30.6036
6.76521	30.637
6.7697	30.6703
6.76979	30.7036
6.78824	30.737
6.78898	30.7703
6.79053	30.8036
6.79244	30.837
6.79472	30.8703
6.7953	30.9036
6.79674	30.937
6.79735	30.9703
6.79807	31.0036
6.80301	31.0359
6.81891	31.0681
6.81966	31.1004
6.81971	31.1327
6.82421	31.1649
6.82605	31.1972
6.82745	31.2294
6.83158	31.2617
6.8323	31.294
6.83235	31.3262
6.83241	31.3585
6.83271	31.3907
6.83725	31.423
6.83921	31.4552
6.83933	31.4875
6.83944	31.5198
6.84199	31.552
6.84211	31.5843
6.84222	31.6165
6.85128	31.6488
6.85332	31.681
6.87255	31.7133
6.87591	31.7456
6.87597	31.7778
6.87754	31.8101
6.8776	31.8423
6.87887	31.8746
6.87893	31.9069
6.89599	31.9391
6.89668	31.9714
6.89737	32.0036
6.90034	32.0349
6.90301	32.0661
6.91334	32.0974
6.91476	32.1286
6.91539	32.1599
6.92032	32.1911
6.92106	32.2224
6.92182	32.2536
6.92238	32.2849
6.92388	32.3161
6.92396	32.3474
6.92591	32.3786
6.93435	32.4099
6.93512	32.4411
6.93518	32.4724
6.93872	32.5036
6.93885	32.5349
6.94066	32.5661
6.9414	32.5974
6.94146	32.6286
6.94851	32.6599
6.9691	32.6911
6.96969	32.7224
6.97108	32.7536
6.97186	32.7849
6.97192	32.8161
6.97319	32.8474
6.97462	32.8786
6.98791	32.9099
6.98802	32.9411
6.99003	32.9724
7.00424	33.0036
7.0044	33.0339
7.00875	33.0642
7.00891	33.0945
7.00899	33.1248
7.01111	33.1551
7.01616	33.1854
7.01628	33.2157
7.01879	33.2461
7.01882	33.2764
7.01888	33.3067
7.02252	33.337
7.02261	33.3673
7.02267	33.3976
7.0262	33.4279
7.02635	33.4582
7.02764	33.4885
7.02769	33.5188
7.02774	33.5491
7.03467	33.5794
7.03594	33.6097
7.03905	33.64
7.04815	33.6703
7.05524	33.7006
7.05527	33.7309
7.05803	33.7612
7.05808	33.7915
7.05816	33.8218
7.05828	33.8521
7.0644	33.8824
7.06862	33.9127
7.06925	33.943
7.07564	33.9733
7.07704	34.0036
7.07771	34.033
7.07865	34.0625
7.07912	34.0919
7.08222	34.1213
7.08674	34.1507
7.08739	34.1801
7.09297	34.2095
7.09361	34.2389
7.09432	34.2683
7.09931	34.2977
7.09998	34.3272
7.10003	34.3566
7.10019	34.386
7.11834	34.4154
7.11853	34.4448
7.11875	34.4742
7.12248	34.5036
7.12836	34.533
7.12842	34.5625
7.1333	34.5919
7.13332	34.6213
7.13336	34.6507
7.13341	34.6801
7.13352	34.7095
7.14058	34.7389
7.14066	34.7683
7.14073	34.7977
7.14293	34.8272
7.15952	34.8566
7.15973	34.886
7.15976	34.9154
7.16509	34.9448
7.16535	34.9742
7.16576	35.0036
7.17254	35.0322
7.17257	35.0608
7.17276	35.0893
7.17284	35.1179
7.17295	35.1465
7.17301	35.1751
7.17819	35.2036
7.18515	35.2322
7.18525	35.2608
7.18533	35.2893
7.1854	35.3179
7.18547	35.3465
7.18552	35.3751
7.1856	35.4036
7.19062	35.4322
7.1908	35.4608
7.19091	35.4893
7.1972	35.5179
7.19734	35.5465
7.19749	35.5751
7.19754	35.6036
7.20253	35.6322
7.20395	35.6608
7.20402	35.6893
7.20993	35.7179
7.21001	35.7465
7.21008	35.7751
7.21419	35.8036
7.23801	35.8322
7.24024	35.8608
7.24036	35.8893
7.24207	35.9179
7.24213	35.9465
7.24353	35.9751
7.24452	36.0036
7.25819	36.0314
7.25891	36.0592
7.26241	36.087
7.26453	36.1147
7.26461	36.1425
7.26636	36.1703
7.26641	36.1981
7.26651	36.2258
7.26666	36.2536
7.26678	36.2814
7.27023	36.3092
7.28228	36.337
7.28242	36.3647
7.28254	36.3925
7.28675	36.4203
7.28946	36.4481
7.28961	36.4758
7.28974	36.5036
7.28988	36.5314
7.2946	36.5592
7.29515	36.587
7.29522	36.6147
7.29968	36.6425
7.29972	36.6703
7.30559	36.6981
7.30567	36.7258
7.30577	36.7536
7.30587	36.7814
7.32819	36.8092
7.33655	36.837
7.33657	36.8647
7.33662	36.8925
7.33672	36.9203
7.3368	36.9481
7.33686	36.9758
7.34227	37.0036
7.35875	37.0307
7.36402	37.0577
7.36429	37.0847
7.36496	37.1117
7.36509	37.1388
7.36927	37.1658
7.37492	37.1928
7.37494	37.2198
7.37496	37.2469
7.37503	37.2739
7.38157	37.3009
7.3916	37.328
7.39202	37.355
7.39217	37.382
7.39236	37.409
7.39665	37.4361
7.39699	37.4631
7.39707	37.4901
7.39715	37.5171
7.3972	37.5442
7.40251	37.5712
7.40256	37.5982
7.40789	37.6252
7.40796	37.6523
7.40832	37.6793
7.40835	37.7063
7.40855	37.7334
7.40858	37.7604
7.42956	37.7874
7.44184	37.8144
7.44199	37.8415
7.44237	37.8685
7.44586	37.8955
7.44598	37.9225
7.44607	37.9496
7.44618	37.9766
7.44637	38.0036
7.46343	38.0299
7.46361	38.0563
7.46385	38.0826
7.46794	38.1089
7.46797	38.1352
7.46828	38.1615
7.46836	38.1878
7.46842	38.2142
7.47354	38.2405
7.47385	38.2668
7.47908	38.2931
7.49583	38.3194
7.49586	38.3457
7.501	38.372
7.50109	38.3984
7.50116	38.4247
7.51191	38.451
7.51194	38.4773
7.51205	38.5036
7.51208	38.5299
7.51212	38.5563
7.51729	38.5826
7.51744	38.6089
7.51765	38.6352
7.51779	38.6615
7.52259	38.6878
7.52262	38.7142
7.52317	38.7405
7.54521	38.7668
7.55074	38.7931
7.55107	38.8194
7.55119	38.8457
7.55141	38.872
7.55594	38.8984
7.55601	38.9247
7.55642	19.4623
7.55651	19.515
7.55656	19.5676
7.57294	19.6202
7.573	19.6729
7.57785	19.7255
7.57817	19.7781
7.57823	19.8308
7.57828	19.8834
7.58343	19.936
7.58351	19.9887
7.58361	20.0413
7.58936	20.0913
7.58947	20.1413
7.58981	20.1913
7.58997	20.2413
7.59423	20.2913
7.5944	20.3413
7.59447	20.3913
7.59998	20.4413
7.60001	20.4913
7.60024	20.5413
7.60541	20.5913
7.60554	20.6413
7.60567	20.6913
7.60579	20.7413
7.60599	20.7913
7.61784	20.8413
7.61866	20.8913
7.61885	20.9413
7.65434	20.9913
7.65446	21.0413
7.65453	21.0889
7.65466	21.1365
7.65473	21.1841
7.6548	21.2318
7.6599	21.2794
7.68017	21.327
7.68062	21.3746
7.68073	21.4222
7.68596	21.4699
7.68612	21.5175
7.68632	21.5651
7.68646	21.6127
7.69657	21.6603
7.69665	21.708
7.69674	21.7556
7.70139	21.8032
7.70143	21.8508
7.70327	21.8984
7.72095	21.946
7.72099	21.9937
7.72101	22.0413
7.72638	22.0867
7.72642	22.1322
7.72645	22.1777
7.72648	22.2231
7.72666	22.2686
7.75329	22.314
7.75401	22.3595
7.7547	22.4049
7.75543	22.4504
7.75689	22.4958
7.75911	22.5413
7.76244	22.5867
7.76323	22.6322
7.76328	22.6777
7.76466	22.7231
7.7802	22.7686
7.78031	22.814
7.78038	22.8595
7.79035	22.9049
7.79045	22.9504
7.79579	22.9958
7.79586	23.0413
7.79602	23.0848
7.8006	23.1282
7.80077	23.1717
7.8008	23.2152
7.80664	23.2587
7.81662	23.3022
7.83002	23.3456
7.83011	23.3891
7.83693	23.4326
7.83696	23.4761
7.83843	23.5195
7.83972	23.563
7.84279	23.6065
7.84399	23.65
7.84405	23.6935
7.85768	23.7369
7.86308	23.7804
7.86327	23.8239
7.86839	23.8674
7.86852	23.9109
7.88136	23.9543
7.88139	23.9978
7.88338	24.0413
7.88413	24.083
7.88419	24.1246
7.88544	24.1663
7.88617	24.208
7.88763	24.2496
7.91973	24.2913
7.92323	24.333
7.93126	24.3746
7.9318	24.4163
7.93639	24.458
7.93645	24.4996
7.93679	24.5413
7.94348	24.583
7.94367	24.6246
7.94385	24.6663
7.94391	24.708
7.9522	24.7496
7.95242	24.7913
7.95746	24.833
7.95763	24.8746
7.9635	24.9163
7.96362	24.958
7.96383	24.9996
7.96393	25.0413
7.96412	25.0813
7.9686	25.1213
7.96868	25.1613
7.96873	25.2013
7.96883	25.2413
8.01111	25.2813
8.01125	25.3213
8.01693	25.3613
8.02253	25.4013
8.0273	25.4413
8.02752	25.4813
8.02763	25.5213
8.02775	25.5613
8.02783	25.6013
8.02789	25.6413
8.03278	25.6813
8.03303	25.7213
8.03313	25.7613
8.03737	25.8013
8.04039	25.8413
8.05106	25.8813
8.05112	25.9213
8.05124	25.9613
8.0565	26.0013
8.05667	26.0397
8.06179	26.0782
8.06181	26.1167
8.06195	26.1551
8.06198	26.1936
8.06202	26.2321
8.10011	26.2705
8.10016	26.309
8.10022	26.3474
8.10564	26.3859
8.10571	26.4244
8.10578	26.4628
8.10581	26.5013
8.10591	26.5397
8.1104	26.5782
8.11165	26.6167
8.12127	26.6551
8.12665	26.6936
8.13262	26.7321
8.13265	26.7705
8.13275	26.809
8.15634	26.8474
8.15641	26.8859
8.16192	26.9244
8.16197	26.9628
8.162	27.0013
8.16204	27.0383
8.1672	27.0754
8.16728	27.1124
8.16734	27.1494
8.17235	27.1865
8.17252	27.2235
8.19142	27.2605
8.1916	27.2976
8.19446	27.3346
8.21164	27.3717
8.21645	27.4087
8.2165	27.4457
8.21683	27.4828
8.21699	27.5198
8.22192	27.5568
8.22377	27.5939
8.22933	27.6309
8.2294	27.668
8.23413	27.705
8.23837	27.742
8.23884	27.7791
8.24304	27.8161
8.24323	27.8531
8.25928	27.8902
8.25931	27.9272
8.25933	27.9643
8.25934	28.0013
8.26443	28.037
8.26457	28.0727
8.26465	28.1084
8.2647	28.1441
8.2649	28.1799
8.26493	28.2156
8.29338	28.2513
8.29345	28.287
8.30409	28.3227
8.32078	28.3584
8.32089	28.3941
8.32091	28.4299
8.32133	28.4656
8.32591	28.5013
8.32614	28.537
8.32623	28.5727
8.3263	28.6084
8.32646	28.6441
8.33744	28.6799
8.34236	28.7156
8.34241	28.7513
8.34256	28.787
8.34267	28.8227
8.35919	28.8584
8.35927	28.8941
8.35932	28.9299
8.36421	28.9656
8.36444	29.0013
8.36472	29.0358
8.36994	29.0703
8.37006	29.1047
8.37033	29.1392
8.37036	29.1737
8.37513	29.2082
8.39283	29.2427
8.39746	29.2771
8.40401	29.3116
8.4312	29.3461
8.43134	29.3806
8.43143	29.4151
8.43618	29.4496
8.43627	29.484
8.43636	29.5185
8.44764	29.553
8.44786	29.5875
8.4527	29.622
8.45844	29.6565
8.4586	29.6909
8.45878	29.7254
8.46349	29.7599
8.46367	29.7944
8.46887	29.8289
8.46892	29.8634
8.469	29.8978
8.47478	29.9323
8.47485	29.9668
8.47493	30.0013
8.47982	30.0346
8.48026	30.068
8.48035	30.1013
8.48043	30.1346
8.48541	30.168
8.48553	30.2013
8.5184	30.2346
8.51848	30.268
8.51857	30.3013
8.53471	15.1506
8.54005	15.2173
8.5402	15.284
8.54035	15.3506
8.54043	15.4173
8.54539	15.484
8.55213	15.5506
8.55224	15.6173
8.55655	15.684
8.5673	15.7506
8.56735	15.8173
8.57324	15.884
8.57337	15.9506
8.5788	16.0173
8.58435	16.0798
8.58439	16.1423
8.58919	16.2048
8.58923	16.2673
8.58981	16.3298
8.59489	16.3923
8.60019	16.4548
8.60028	16.5173
8.60038	16.5798
8.60051	16.6423
8.60061	16.7048
8.60068	16.7673
8.60074	16.8298
8.65011	16.8923
8.65016	16.9548
8.65031	17.0173
8.65534	17.0761
8.65554	17.135
8.66083	17.1938
8.66172	17.2526
8.66188	17.3114
8.68439	17.3703
8.68453	17.4291
8.68466	17.4879
8.68926	17.5467
8.68931	17.6055
8.68939	17.6644
8.69534	17.7232
8.69549	17.782
8.7185	17.8408
8.72119	17.8997
8.72136	17.9585
8.72159	18.0173
8.72568	18.0729
8.72636	18.1284
8.7564	18.184
8.76067	18.2395
8.76372	18.2951
8.77214	18.3506
8.77222	18.4062
8.77245	18.4618
8.77251	18.5173
8.77648	18.5729
8.78158	18.6284
8.79584	18.684
8.80043	18.7395
8.80057	18.7951
8.80757	18.8506
8.80764	18.9062
8.80795	18.9618
8.80801	19.0173
8.81737	19.0699
8.81849	19.1226
8.85334	19.1752
8.85529	19.2278
8.85659	19.2805
8.85664	19.3331
8.85673	19.3857
8.85896	19.4384
8.86581	19.491
8.87523	19.5436
8.87542	19.5963
8.87569	19.6489
8.87771	19.7015
8.87843	19.7542
8.90507	19.8068
8.9051	19.8594
8.90514	19.912
8.90517	19.9647
8.90526	20.0173
8.91094	20.0673
8.9164	20.1173
8.93258	20.1673
8.93538	20.2173
8.9417	20.2673
8.94175	20.3173
8.94304	20.3673
8.95217	20.4173
8.95224	20.4673
8.96937	20.5173
8.96951	20.5673
8.96967	20.6173
8.97337	20.6673
8.97342	20.7173
8.98044	20.7673
8.98266	20.8173
8.98279	20.8673
8.98286	20.9173
8.98664	20.9673
8.98675	21.0173
9.00049	21.0649
9.01088	21.1125
9.01835	21.1602
9.01841	21.2078
9.01848	21.2554
9.01858	21.303
9.03112	21.3506
9.0312	21.3983
9.03434	21.4459
9.03447	21.4935
9.03461	21.5411
9.03484	21.5887
9.03601	21.6364
9.03613	21.684
9.03626	21.7316
9.03641	21.7792
9.0365	21.8268
9.04015	21.8745
9.04336	21.9221
9.04342	21.9697
9.04355	22.0173
9.04368	22.0628
9.04644	22.1082
9.0465	22.1537
9.05283	22.1991
9.0529	22.2446
9.053	22.29
9.05313	22.3355
9.0532	22.3809
9.06	22.4264
9.06012	22.4719
9.06022	22.5173
9.06025	22.5628
9.06039	22.6082
9.06051	22.6537
9.06527	22.6991
9.0653	22.7446
9.06536	22.79
9.08945	22.8355
9.08956	22.8809
9.08978	22.9264
9.08996	22.9719
9.09007	23.0173
9.09456	23.0608
9.09465	23.1043
9.09471	23.1477
9.10518	23.1912
9.10558	23.2347
9.10569	23.2782
9.1058	23.3217
9.11058	23.3651
9.1106	23.4086
9.11066	23.4521
9.11073	23.4956
9.11609	23.539
9.11643	23.5825
9.11653	23.626
9.12193	23.6695
9.12199	23.713
9.12726	23.7564
9.13812	23.7999
9.13818	23.8434
9.13825	23.8869
9.13836	23.9304
9.13852	23.9738
9.1443	24.0173
9.14436	24.059
9.14454	24.1006
9.14477	24.1423
9.14942	24.184
9.15547	24.2256
9.15605	24.2673
9.15608	24.309
9.15609	24.3506
9.1563	24.3923
9.16084	24.434
9.16091	24.4756
9.16101	24.5173
9.16665	24.559
9.16678	24.6006
9.16684	24.6423
9.1669	24.684
9.17224	24.7256
9.1885	24.7673
9.18868	24.809
9.18884	24.8506
9.18898	24.8923
9.18915	24.934
9.19356	24.9756
9.19361	25.0173
9.1937	25.0573
9.19397	25.0973
9.19406	25.1373
9.2045	25.1773
9.20453	25.2173
9.20466	25.2573
9.20474	25.2973
9.2048	25.3373
9.20488	25.3773
9.2049	25.4173
9.20506	25.4573
9.20996	25.4973
9.21036	25.5373
9.2104	25.5773
9.21542	25.6173
9.21546	25.6573
9.21568	25.6973
9.23812	25.7373
9.23831	25.7773
9.2385	25.8173
9.23865	25.8573
9.23883	25.8973
9.24274	25.9373
9.24279	25.9773
9.24288	26.0173
9.24301	26.0558
9.24313	26.0942
9.2432	26.1327
9.24327	26.1712
9.24337	26.2096
9.24825	26.2481
9.2484	26.2865
9.2485	26.325
9.24855	26.3635
9.24857	26.4019
9.24863	26.4404
9.25401	26.4788
9.25417	26.5173
9.25438	26.5558
9.25447	26.5942
9.25462	26.6327
9.25473	26.6712
9.26488	26.7096
9.26497	26.7481
9.26502	26.7865
9.27024	26.825
9.2704	26.8635
9.27486	26.9019
9.27492	26.9404
9.275	26.9788
9.27511	27.0173
9.27521	27.0543
9.27965	27.0914
9.27969	27.1284
9.27976	27.1655
9.27989	27.2025
9.27991	27.2395
9.27996	27.2766
9.27999	27.3136
9.28009	27.3506
9.28534	27.3877
9.28554	27.4247
9.28559	27.4618
9.28571	27.4988
9.28587	27.5358
9.28603	27.5729
9.2862	27.6099
9.28636	27.6469
9.29649	27.684
9.29656	27.721
9.29661	27.7581
9.30153	27.7951
9.30156	27.8321
9.31252	27.8692
9.31258	27.9062
9.31269	27.9432
9.31282	27.9803
9.31292	28.0173
9.31301	28.053
9.31311	28.0887
9.3182	28.1245
9.31835	28.1602
9.31853	28.1959
9.31873	28.2316
9.31878	28.2673
9.31888	28.303
9.319	28.3387
9.31911	28.3745
9.32337	28.4102
9.32341	28.4459
9.32353	28.4816
9.32357	28.5173
9.3236	28.553
9.32363	28.5887
9.32366	28.6245
9.32959	28.6602
9.3297	28.6959
9.32994	28.7316
9.33002	28.7673
9.33017	28.803
9.33991	28.8387
9.34001	28.8745
9.34012	28.9102
9.34026	28.9459
9.34036	28.9816
9.34052	29.0173
9.3406	29.0518
9.3458	29.0863
9.3462	29.1208
9.34638	29.1552
9.34657	29.1897
9.3467	29.2242
9.34691	29.2587
9.34705	29.2932
9.35078	29.3277
9.35084	29.3621
9.35089	29.3966
9.35098	29.4311
9.35105	29.4656
9.35109	29.5001
9.3512	29.5346
9.35626	29.569
9.35633	29.6035
9.36228	29.638
9.3623	29.6725
9.36235	29.707
9.36238	29.7414
9.3672	29.7759
9.37816	29.8104
9.3782	29.8449
9.37825	29.8794
9.37831	29.9139
9.37841	29.9483
9.37846	29.9828
9.37852	30.0173
9.38358	30.0506
9.38363	30.084
9.3837	30.1173
9.38385	30.1506
9.38396	30.184
9.38407	30.2173
9.38421	30.2506
9.38429	30.284
9.38903	30.3173
9.38906	30.3506
9.38909	30.384
9.38914	30.4173
9.38923	30.4506
9.38931	30.484
9.38938	30.5173
9.39993	30.5506
9.4	30.584
9.40004	30.6173
9.40014	30.6506
9.40021	30.684
9.4003	30.7173
9.40036	30.7506
9.41247	30.784
9.41258	30.8173
9.41271	30.8506
9.41285	30.884
9.41298	30.9173
9.41681	30.9506
9.41686	30.984
9.41689	31.0173
9.42771	31.0496
9.42783	31.0818
9.42793	31.1141
9.42801	31.1463
9.42808	31.1786
9.43307	31.2109
9.43309	31.2431
9.43319	31.2754
9.4333	31.3076
9.43337	31.3399
9.43342	31.3721
9.43351	31.4044
9.43872	31.4367
9.43876	31.4689
9.43892	31.5012
9.43913	31.5334
9.43919	31.5657
9.43922	31.598
9.4441	31.6302
9.44413	31.6625
9.44436	31.6947
9.4446	31.727
9.44959	31.7592
9.44966	31.7915
9.44971	31.8238
9.44974	31.856
9.44986	31.8883
9.46049	31.9205
9.46056	31.9528
9.46065	31.9851
9.46079	32.0173
9.46091	32.0486
9.46102	32.0798
9.46115	32.1111
9.46585	32.1423
9.46587	32.1736
9.46592	32.2048
9.46595	32.2361
9.47233	32.2673
9.47267	32.2986
9.47686	32.3298
9.47693	32.3611
9.47703	32.3923
9.4824	32.4236
9.48256	32.4548
9.48267	32.4861
9.48774	32.5173
9.48789	32.5486
9.48798	32.5798
9.48825	32.6111
9.4935	32.6423
9.49364	32.6736
9.49904	32.7048
9.49914	32.7361
9.49921	32.7673
9.4993	32.7986
9.50465	32.8298
9.5047	32.8611
9.50485	32.8923
9.50504	32.9236
9.50509	32.9548
9.50514	32.9861
9.50997	33.0173
9.51011	33.0476
9.51024	33.0779
9.51586	33.1082
9.51605	33.1385
9.5162	33.1688
9.51652	33.1991
9.52107	33.2294
9.52123	33.2597
9.52141	33.29
9.52144	33.3203
9.52673	33.3506
9.52776	33.3809
9.52792	33.4112
9.53191	33.4416
9.53194	33.4719
9.53203	33.5022
9.53217	33.5325
9.53229	33.5628
9.53232	33.5931
9.53241	33.6234
9.53745	33.6537
9.5375	33.684
9.53752	33.7143
9.54317	33.7446
9.54329	33.7749
9.54335	33.8052
9.54878	33.8355
9.54889	33.8658
9.55374	33.8961
9.55381	33.9264
9.55389	33.9567
9.55403	33.987
9.55411	34.0173
9.56023	34.0467
9.5707	34.0761
9.57085	34.1055
9.57106	34.135
9.57146	34.1644
9.57585	34.1938
9.57594	34.2232
9.58697	34.2526
9.58706	34.282
9.58716	34.3114
9.58726	34.3408
9.59222	34.3703
9.59227	34.3997
9.59234	34.4291
9.59249	34.4585
9.59258	34.4879
9.59265	34.5173
9.59275	34.5467
9.60314	34.5761
9.60894	34.6055
9.60899	34.635
9.60908	34.6644
9.61389	34.6938
9.61394	34.7232
9.6141	34.7526
9.61452	34.782
9.61457	34.8114
9.61936	34.8408
9.61943	34.8703
9.63139	34.8997
9.63145	34.9291
9.63158	34.9585
9.63568	34.9879
9.63571	35.0173
9.63633	35.0459
9.64151	35.0745
9.64167	35.103
9.64192	35.1316
9.6421	35.1602
9.64225	35.1887
9.64243	35.2173
9.64253	35.2459
9.64263	35.2745
9.6468	35.303
9.64683	35.3316
9.64689	35.3602
9.64724	35.3887
9.65486	35.4173
9.65496	35.4459
9.65766	35.4745
9.66346	17.7372
9.66357	17.7961
9.66368	17.8549
9.66385	17.9137
9.66394	17.9725
9.66408	18.0313
9.66918	18.0869
9.66925	18.1425
9.6747	18.198
9.6748	18.2536
9.67954	18.3091
9.67959	18.3647
9.67968	18.4202
9.6801	18.4758
9.685	18.5313
9.68505	18.5869
9.68524	18.6425
9.69059	18.698
9.69081	18.7536
9.69086	18.8091
9.69092	18.8647
9.691	18.9202
9.69594	18.9758
9.70214	19.0313
9.70234	19.084
9.70245	19.1366
9.70259	19.1892
9.70802	19.2419
9.70815	19.2945
9.71244	19.3471
9.71252	19.3998
9.71261	19.4524
9.71278	19.505
9.71783	19.5577
9.71789	19.6103
9.71809	19.6629
9.71812	19.7156
9.72436	19.7682
9.7245	19.8208
9.72468	19.8734
9.72477	19.9261
9.73447	19.9787
9.73991	20.0313
9.74014	20.0813
9.74022	20.1313
9.74025	20.1813
9.74347	20.2313
9.75144	20.2813
9.75166	20.3313
9.75431	10.1657
9.75436	10.2657
9.75442	10.3657
9.75448	10.4657
9.75783	10.5657
9.75786	10.6657
9.75788	10.7657
9.7579	10.8657
9.76123	10.9657
9.77949	11.0657
9.78094	11.1566
9.78523	11.2475
9.78525	11.3384
9.78532	11.4293
9.78538	11.5202
9.79474	11.6111
9.7949	11.702
9.79855	11.7929
9.79861	11.8839
9.79868	11.9748
9.79878	12.0657
9.79888	12.149
9.80874	12.2323
9.8089	12.3157
9.80907	12.399
9.81126	12.4823
9.81642	12.5657
9.81657	12.649
9.831	12.7323
9.8311	12.8157
9.8312	12.899
9.8313	12.9823
9.8355	13.0657
9.83556	13.1426
9.83613	13.2195
9.83642	13.2964
9.84182	13.3734
9.842	13.4503
9.84202	13.5272
9.84936	13.6041
9.85501	13.6811
9.86615	13.758
9.86628	13.8349
9.86893	13.9118
9.86907	13.9887
9.8695	14.0657
9.87449	14.1371
9.87946	14.2085
9.87979	14.28
9.88006	14.3514
9.88443	14.4228
9.88451	14.4942
9.88462	14.5657
9.88729	14.6371
9.9015	14.7085
9.90153	14.78
9.90164	14.8514
9.90171	14.9228
9.90174	14.9942
9.90181	7.49712
9.90192	7.63998
9.90772	7.78284
9.90803	7.92569
9.90808	8.06855
9.91842	8.19355
9.91852	8.31855
9.91859	8.44355
9.91863	8.56855
9.92324	8.69355
9.92457	8.81855
9.92464	8.94355
9.9247	9.06855
9.92723	9.17966
9.93171	9.29077
9.93174	9.40188
9.93392	9.51299
9.94573	9.62411
9.94578	9.73522
9.9459	9.84633
9.946	9.95744
9.94851	10.0686
9.94856	10.1686
9.95158	10.2686
9.95172	10.3686
9.95189	10.4686
9.96069	10.5686
9.96082	10.6686
9.96102	10.7686
9.96109	10.8686
9.96115	10.9686
9.9647	11.0686
9.97273	11.1595
9.97287	11.2504
9.97468	11.3413
9.97774	11.4322
9.97891	11.5231
9.97893	11.614
9.97901	11.7049
9.98168	11.7958
9.98175	11.8867
9.98181	11.9776
9.98935	12.0686
9.98941	12.1519
9.9895	12.2352
9.99711	12.3186
9.99783	12.4019
9.99785	12.4852
9.99934	12.5686
10.0037	12.6519
10.0184	12.7352
10.0197	12.8186
10.0241	12.9019
10.0267	12.9852
10.0351	13.0686
10.0359	13.1455
10.0359	13.2224
10.036	13.2993
10.047	13.3762
10.0506	13.4532
10.0507	13.5301
10.0509	13.607
10.0511	13.6839
10.0576	13.7609
10.0576	13.8378
10.0577	13.9147
10.0597	13.9916
10.0597	14.0686
10.0735	14.14
10.0748	14.2114
10.0833	14.2828
10.084	14.3543
10.0843	14.4257
10.0897	14.4971
10.0897	14.5686
10.0911	14.64
10.0912	14.7114
10.0987	14.7828
10.1083	14.8543
10.1083	14.9257
10.1096	14.9971
10.1148	15.0686
10.1149	15.1352
10.116	15.2019
10.1199	15.2686
10.1238	15.3352
10.1244	15.4019
10.1404	15.4686
10.1406	15.5352
10.1533	15.6019
10.1534	15.6686
10.1547	15.7352
10.1568	15.8019
10.1582	15.8686
10.1583	15.9352
10.1597	16.0019
10.1603	16.0644
10.161	16.1269
10.1618	16.1894
10.1625	16.2519
10.1626	16.3144
10.1673	16.3769
10.1681	16.4394
10.1785	16.5019
10.1786	16.5644
10.18	16.6269
10.18	16.6894
10.1812	16.7519
10.1939	16.8144
10.1946	16.8769
10.2019	16.9394
10.2034	17.0019
10.2051	17.0607
10.2079	17.1195
10.2117	17.1784
10.2124	17.2372
10.2131	17.296
10.2137	17.3548
10.2145	17.4136
10.2152	17.4725
10.2159	17.5313
10.2198	17.5901
10.2208	17.6489
10.2299	17.7078
10.2327	17.7666
10.2343	17.8254
10.2486	17.8842
10.25	17.9431
10.2507	18.0019
10.2549	18.0574
10.2549	18.113
10.2584	18.1686
10.2592	18.2241
10.2598	18.2797
10.2605	18.3352
10.2605	18.3908
10.2607	18.4463
10.262	18.5019
10.2683	18.5574
10.2703	18.613
10.2754	18.6686
10.2768	18.7241
10.2768	18.7797
10.2798	18.8352
10.2817	18.8908
10.2859	18.9463
10.2876	19.0019
10.2877	19.0545
10.3004	19.1071
10.304	19.1598
10.3051	19.2124
10.3068	19.265
10.3104	19.3177
10.3111	19.3703
10.3112	19.4229
10.3119	19.4756
10.3133	19.5282
10.314	19.5808
10.3157	19.6335
10.3164	19.6861
10.318	19.7387
10.3214	19.7914
10.3227	19.844
10.3351	19.8966
10.3367	19.9493
10.3372	20.0019
10.3378	20.0519
10.3387	20.1019
10.3392	20.1519
10.3407	20.2019
10.3413	20.2519
10.342	20.3019
10.3422	20.3519
10.3429	20.4019
10.3632	20.4519
10.3638	20.5019
10.3697	20.5519
10.3712	20.6019
10.3719	20.6519
10.3726	20.7019
10.3733	20.7519
10.3748	20.8019
10.3748	20.8519
10.3753	20.9019
10.3785	20.9519
10.38	21.0019
10.3812	21.0495
10.3828	21.0971
10.3835	21.1447
10.3849	21.1924
10.386	21.24
10.3875	21.2876
10.3994	21.3352
10.4	21.3828
10.4029	21.4305
10.4036	21.4781
10.4042	21.5257
10.4057	21.5733
10.4086	21.6209
10.4118	21.6686
10.4132	21.7162
10.414	21.7638
10.4147	21.8114
10.4154	21.859
10.416	21.9066
10.4167	21.9543
10.4175	22.0019
10.4175	22.0473
10.4183	22.0928
10.419	22.1382
10.4211	22.1837
10.4232	22.2292
10.4248	22.2746
10.4259	22.3201
10.428	22.3655
10.4337	22.411
10.4351	22.4564
10.4535	22.5019
10.4542	22.5473
10.4552	22.5928
10.457	22.6382
10.4578	22.6837
10.4591	22.7292
10.4597	22.7746
10.4628	22.8201
10.4634	22.8655
10.4642	22.911
10.4663	22.9564
10.467	23.0019
10.4698	23.0454
10.4713	23.0888
10.4727	23.1323
10.4733	23.1758
10.4739	23.2193
10.4746	23.2628
10.4755	23.3062
10.4767	23.3497
10.4792	23.3932
10.4825	23.4367
10.4837	23.4801
10.4846	23.5236
10.4867	23.5671
10.4874	23.6106
10.4943	23.6541
10.5116	23.6975
10.5124	23.741
10.5162	23.7845
10.5178	23.828
10.5199	23.8714
10.5205	23.9149
10.5212	23.9584
10.5219	24.0019
10.5233	24.0436
10.5239	24.0852
10.5246	24.1269
10.5261	24.1686
10.5277	24.2102
10.529	24.2519
10.5305	24.2936
10.5311	24.3352
10.5329	24.3769
10.5336	24.4186
10.5341	24.4602
10.536	24.5019
10.5366	24.5436
10.5429	24.5852
10.5437	24.6269
10.5445	24.6686
10.5451	24.7102
10.5458	24.7519
10.5469	24.7936
10.5652	24.8352
10.5662	24.8769
10.5667	24.9186
10.5744	24.9602
10.5778	25.0019
10.5809	25.0419
10.581	25.0819
10.5825	25.1219
10.584	25.1619
10.5869	25.2019
10.5886	25.2419
10.5898	25.2819
10.5905	25.3219
10.5912	25.3619
10.5919	25.4019
10.5926	25.4419
10.5932	25.4819
10.5938	25.5219
10.5951	25.5619
10.5951	25.6019
10.596	25.6419
10.5966	25.6819
10.5981	25.7219
10.5994	25.7619
10.6014	25.8019
10.6039	25.8419
10.6045	25.8819
10.6101	25.9219
10.6257	25.9619
10.6292	26.0019
10.6305	26.0403
10.6312	26.0788
10.6336	26.1173
10.6343	26.1557
10.6348	26.1942
10.6355	26.2327
10.637	26.2711
10.6376	26.3096
10.6391	26.348
10.6413	26.3865
10.6425	26.425
10.6472	26.4634
10.6484	26.5019
10.6492	26.5403
10.6498	26.5788
10.6505	26.6173
10.6527	26.6557
10.6542	26.6942
10.6543	26.7327
10.6548	26.7711
10.6586	26.8096
10.6628	26.848
10.6657	26.8865
10.6663	26.925
10.6698	26.9634
10.6727	27.0019
10.6757	27.0389
10.688	27.076
10.6886	27.113
10.6902	27.15
10.6922	27.1871
10.6937	27.2241
10.6942	27.2611
10.6949	27.2982
10.6961	27.3352
10.6971	27.3723
10.6979	27.4093
10.7004	27.4463
10.7018	27.4834
10.7024	27.5204
10.7032	27.5574
10.7038	27.5945
10.708	27.6315
10.7093	27.6686
10.7099	27.7056
10.7157	27.7426
10.7171	27.7797
10.7177	27.8167
10.7186	27.8537
10.72	27.8908
10.7236	27.9278
10.7241	27.9648
10.7251	28.0019
10.7259	28.0376
10.7271	28.0733
10.7277	28.109
10.7457	28.1447
10.7472	28.1805
10.7479	28.2162
10.7487	28.2519
10.7508	28.2876
10.7521	28.3233
10.7543	28.359
10.7559	28.3947
10.7563	28.4305
10.7571	28.4662
10.7578	28.5019
10.7584	28.5376
10.7644	28.5733
10.765	28.609
10.7664	28.6447
10.767	28.6805
10.7722	28.7162
10.7755	28.7519
10.7801	28.7876
10.7817	28.8233
10.7843	28.859
10.7851	28.8947
10.7857	28.9305
10.7871	28.9662
10.7909	29.0019
10.7927	29.0364
10.7933	29.0708
10.7947	29.1053
10.7948	29.1398
10.7955	29.1743
10.7977	29.2088
10.8048	29.2433
10.8063	29.2777
10.8077	29.3122
10.8085	29.3467
10.8096	29.3812
10.8099	29.4157
10.8118	29.4502
10.8125	29.4846
10.8131	29.5191
10.8153	29.5536
10.816	29.5881
10.8191	29.6226
10.8205	29.6571
10.8211	29.6915
10.8254	29.726
10.8268	29.7605
10.8273	29.795
10.838	29.8295
10.8392	29.864
10.8399	29.8984
10.8471	29.9329
10.8483	29.9674
10.849	30.0019
10.8504	30.0352
10.8538	30.0686
10.8539	30.1019
10.8596	30.1352
10.8603	30.1686
10.8632	30.2019
10.8675	30.2352
10.8695	30.2686
10.8702	30.3019
10.8709	30.3352
10.8712	30.3686
10.8732	30.4019
10.8738	30.4352
10.8757	30.4686
10.8759	30.5019
10.8765	30.5352
10.881	30.5686
10.8811	30.6019
10.8824	30.6352
10.8831	30.6686
10.8873	30.7019
10.888	30.7352
10.8901	30.7686
10.8928	30.8019
10.8935	30.8352
10.8948	30.8686
10.8958	30.9019
10.8977	30.9352
10.8991	30.9686
10.8998	31.0019
10.9018	31.0341
10.9027	31.0664
10.9048	31.0987
10.9175	31.1309
10.9184	31.1632
10.919	31.1954
10.9218	31.2277
10.9225	31.2599
10.924	31.2922
10.9261	31.3245
10.9279	31.3567
10.9288	31.389
10.9294	31.4212
10.9302	31.4535
10.9331	31.4858
10.9338	31.518
10.9352	31.5503
10.9361	31.5825
10.9421	31.6148
10.9459	31.647
10.9486	31.6793
10.9499	31.7116
10.9517	31.7438
10.9536	31.7761
10.9543	31.8083
10.9549	31.8406
10.9556	31.8729
10.9571	31.9051
10.9578	31.9374
10.9601	31.9696
10.962	32.0019
10.9634	32.0331
10.9641	32.0644
10.9664	32.0956
10.9685	32.1269
10.9691	32.1581
10.97	32.1894
10.9706	32.2206
10.9713	32.2519
10.9754	32.2831
10.9769	32.3144
10.9775	32.3456
10.979	32.3769
10.9864	32.4081
10.9874	32.4394
10.988	32.4706
10.99	32.5019
10.9911	32.5331
10.9919	32.5644
10.9934	32.5956
10.994	32.6269
10.9969	32.6581
11.0011	32.6894
11.0093	32.7206
11.0103	32.7519
11.0133	32.7831
11.0146	32.8144
11.0159	32.8456
11.0195	32.8769
11.0202	32.9081
11.0209	32.9394
11.023	32.9706
11.0236	33.0019
11.0244	33.0322
11.0269	33.0625
11.0283	33.0928
11.0289	33.1231
11.0296	33.1534
11.0304	33.1837
11.031	33.214
11.0317	33.2443
11.0367	33.2746
11.0373	33.3049
11.0383	33.3352
11.0394	33.3655
11.0412	33.3958
11.0446	33.4261
11.046	33.4564
11.0463	33.4867
11.0464	33.517
11.0476	33.5473
11.049	33.5776
11.0512	33.6079
11.0518	33.6382
11.0525	33.6686
11.0532	33.6989
11.0573	33.7292
11.0658	33.7595
11.0723	33.7898
11.0737	33.8201
11.0763	33.8504
11.0798	33.8807
11.0811	33.911
11.0868	33.9413
11.0875	33.9716
11.0882	34.0019
11.0895	34.0313
11.0906	34.0607
11.0914	34.0901
11.0923	34.1195
11.0975	34.1489
11.0982	34.1784
11.0989	34.2078
11.0999	34.2372
11.1005	34.2666
11.1013	34.296
11.1031	34.3254
11.1045	34.3548
11.1073	34.3842
11.108	34.4136
11.1087	34.4431
11.1094	34.4725
11.1095	34.5019
11.1101	34.5313
11.1123	34.5607
11.1129	34.5901
11.1173	34.6195
11.1202	34.6489
11.1223	34.6784
11.1232	34.7078
11.1252	34.7372
11.1257	34.7666
11.1279	34.796
11.1286	34.8254
11.1309	34.8548
11.1408	34.8842
11.1413	34.9136
11.1449	34.9431
11.1456	34.9725
11.147	35.0019
11.1477	35.0305
11.1563	35.059
11.1576	35.0876
11.1606	35.1162
11.167	35.1447
11.1682	35.1733
11.169	35.2019
11.1696	35.2305
11.1711	35.259
11.1718	35.2876
11.1725	35.3162
11.1732	35.3447
11.1738	35.3733
11.1746	35.4019
11.1753	35.4305
11.1761	35.459
11.1768	35.4876
11.1773	35.5162
11.1781	35.5447
11.1788	35.5733
11.1803	35.6019
11.1817	35.6305
11.1832	35.659
11.1838	35.6876
11.1852	35.7162
11.1857	35.7447
11.1865	35.7733
11.1891	35.8019
11.1898	35.8305
11.1942	35.859
11.1954	35.8876
11.1962	35.9162
11.2052	35.9447
11.2072	35.9733
11.2078	36.0019
11.2086	36.0297
11.2103	36.0574
11.2112	36.0852
11.2117	36.113
11.213	36.1408
11.2148	36.1686
11.2268	36.1963
11.2274	36.2241
11.2288	36.2519
11.2327	36.2797
11.2347	36.3074
11.2353	36.3352
11.236	36.363
11.2377	36.3908
11.2383	36.4186
11.239	36.4463
11.2416	36.4741
11.2428	36.5019
11.244	36.5297
11.2448	36.5574
11.2455	36.5852
11.2473	36.613
11.25	36.6408
11.2507	36.6686
11.2537	36.6963
11.2546	36.7241
11.256	36.7519
11.2566	36.7797
11.2587	36.8074
11.2602	36.8352
11.2608	36.863
11.2642	36.8908
11.2651	36.9186
11.2664	36.9463
11.2706	36.9741
11.2724	37.0019
11.2742	37.0289
11.2778	37.0559
11.2784	37.083
11.2788	37.11
11.2816	37.137
11.2832	37.164
11.2838	37.1911
11.2845	37.2181
11.2924	37.2451
11.2944	37.2722
11.2976	37.2992
11.3018	37.3262
11.3018	37.3532
11.3066	37.3803
11.3084	37.4073
11.309	37.4343
11.3097	37.4613
11.3104	37.4884
11.3111	37.5154
11.3118	37.5424
11.3125	37.5695
11.3177	37.5965
11.3195	37.6235
11.3203	37.6505
11.3209	37.6776
11.3217	37.7046
11.3243	37.7316
11.3253	37.7586
11.3304	37.7857
11.3311	37.8127
11.3317	37.8397
11.3333	37.8667
11.3367	37.8938
11.3384	37.9208
11.3384	37.9478
11.3386	37.9749
11.3427	38.0019
11.3475	38.0282
11.3486	38.0545
11.3516	38.0808
11.3554	38.1071
11.3587	38.1335
11.3593	38.1598
11.3601	38.1861
11.3607	38.2124
11.3634	38.2387
11.3662	38.265
11.3673	38.2914
11.3676	38.3177
11.3685	38.344
11.3766	38.3703
11.3781	38.3966
11.3801	38.4229
11.3815	38.4493
11.3829	38.4756
11.3838	38.5019
11.3839	38.5282
11.385	38.5545
11.3857	38.5808
11.3865	38.6071
11.3885	38.6335
11.3893	38.6598
11.3906	38.6861
11.3911	38.7124
11.3918	38.7387
11.3923	38.765
11.393	38.7914
11.3941	38.8177
11.3993	38.844
11.4019	38.8703
11.4033	38.8966
11.4135	38.9229
11.414	38.9493
11.4148	38.9756
11.4175	39.0019
11.4183	39.0275
11.4189	39.0532
11.4195	39.0788
11.4298	39.1044
11.4333	39.1301
11.4354	39.1557
11.436	39.1814
11.4367	39.207
11.4373	39.2327
11.4396	39.2583
11.4403	39.2839
11.4415	39.3096
11.4478	39.3352
11.4485	39.3609
11.4491	39.3865
11.4499	39.4121
11.4517	39.4378
11.4524	39.4634
11.4564	39.4891
11.4572	39.5147
11.4578	39.5403
11.4585	39.566
11.4592	39.5916
11.4599	39.6173
11.4641	39.6429
11.4661	39.6686
11.4679	39.6942
11.4727	39.7198
11.4774	39.7455
11.4781	39.7711
11.4789	39.7968
11.4796	39.8224
11.4802	39.848
11.481	39.8737
11.4817	39.8993
11.4834	39.925
11.4854	39.9506
11.487	39.9762
11.4875	40.0019
11.4907	40.0269
11.4921	40.0519
11.4927	40.0769
11.495	40.1019
11.4956	40.1269
11.4999	40.1519
11.5012	40.1769
11.5057	40.2019
11.5064	40.2269
11.5071	40.2519
11.5091	40.2769
11.5185	40.3019
11.519	40.3269
11.5198	40.3519
11.5212	40.3769
11.5219	40.4019
11.5225	40.4269
11.5284	40.4519
11.5296	40.4769
11.5305	40.5019
11.5311	40.5269
11.5331	40.5519
11.5339	40.5769
11.5345	40.6019
11.536	40.6269
11.5366	40.6519
11.538	40.6769
11.5388	40.7019
11.5395	40.7269
11.5425	40.7519
11.5488	40.7769
11.55	40.8019
11.5521	40.8269
11.5527	40.8519
11.5535	40.8769
11.5541	40.9019
11.5556	40.9269
11.5562	40.9519
11.5569	40.9769
11.5603	41.0019
11.5609	41.0263
11.5616	41.0507
11.5644	41.0751
11.5665	41.0994
11.5691	41.1238
11.5705	41.1482
11.5725	41.1726
11.5739	41.197
11.5752	41.2214
11.5767	41.2458
11.5783	41.2702
11.5795	41.2946
11.5802	41.319
11.5808	41.3433
11.5831	41.3677
11.5844	41.3921
11.586	41.4165
11.5903	41.4409
11.5909	41.4653
11.5937	41.4897
11.5957	41.5141
11.5972	41.5385
11.5978	41.5629
11.6009	41.5872
11.6017	41.6116
11.6023	41.636
11.606	41.6604
11.6067	41.6848
11.608	41.7092
11.6087	41.7336
11.6112	41.758
11.6114	41.7824
11.6119	41.8068
11.613	41.8312
11.6138	41.8555
11.6148	41.8799
11.6154	41.9043
11.6176	41.9287
11.6214	41.9531
11.6222	41.9775
11.6235	42.0019
11.6262	42.0257
11.6268	42.0495
11.6303	42.0733
11.6308	42.0971
11.6316	42.1209
11.6351	42.1447
11.6358	42.1686
11.6365	42.1924
11.6414	42.2162
11.6437	42.24
11.6444	42.2638
11.6471	42.2876
11.6471	42.3114
11.6478	42.3352
11.65	42.359
11.6507	42.3828
11.6531	42.4066
11.6537	42.4305
11.6554	42.4543
11.6561	42.4781
11.6579	42.5019
11.6612	42.5257
11.6617	42.5495
11.6637	42.5733
11.6645	42.5971
11.6651	42.6209
11.6667	42.6447
11.6675	42.6686
11.6687	42.6924
11.67	42.7162
11.6724	42.74
11.6726	42.7638
11.6757	42.7876
11.6777	42.8114
11.6782	42.8352
11.6798	42.859
11.6818	42.8828
11.6819	42.9066
11.6849	42.9305
11.6859	42.9543
11.6879	42.9781
11.6892	43.0019
11.6915	43.0251
11.692	43.0484
11.6935	43.0717
11.694	43.0949
11.6948	43.1182
11.6954	43.1414
11.6971	43.1647
11.6996	43.1879
11.7016	43.2112
11.7036	43.2344
11.705	43.2577
11.7071	43.281
11.7085	43.3042
11.7105	43.3275
11.712	43.3507
11.7169	43.374
11.7175	43.3972
11.719	43.4205
11.7199	43.4437
11.7204	43.467
11.7213	43.4903
11.7218	43.5135
11.7226	43.5368
11.7272	43.56
11.7279	43.5833
11.7315	43.6065
11.7346	43.6298
11.736	43.653
11.7379	43.6763
11.7392	43.6996
11.742	43.7228
11.7435	43.7461
11.7451	43.7693
11.7457	43.7926
11.7464	43.8158
11.7471	43.8391
11.7479	43.8623
11.7486	43.8856
11.7498	43.9089
11.7509	43.9321
11.753	43.9554
11.7551	43.9786
11.7557	44.0019
11.7572	44.0246
11.7587	44.0473
11.7607	44.0701
11.763	44.0928
11.7637	44.1155
11.766	44.1382
11.7674	44.161
11.768	44.1837
11.7696	44.2064
11.7715	44.2292
11.7738	44.2519
11.7744	44.2746
11.775	44.2973
11.7755	44.3201
11.7764	44.3428
11.7771	44.3655
11.7779	44.3882
11.7875	44.411
11.7889	44.4337
11.7918	44.4564
11.7939	44.4792
11.7949	44.5019
11.797	44.5246
11.7984	44.5473
11.7993	44.5701
11.8002	44.5928
11.8011	44.6155
11.8025	44.6382
11.8042	44.661
11.8048	44.6837
11.8076	44.7064
11.8085	44.7292
11.8097	44.7519
11.8114	44.7746
11.8124	44.7973
11.8168	44.8201
11.817	44.8428
11.8176	44.8655
11.8184	44.8882
11.8195	44.911
11.8206	44.9337
11.8215	44.9564
11.823	44.9792
11.8254	45.0019
11.826	45.0241
11.8274	45.0463
11.8295	45.0686
11.8309	45.0908
11.8317	45.113
11.8323	45.1352
11.8344	45.1574
11.8351	45.1797
11.8359	45.2019
11.8372	45.2241
11.8399	45.2463
11.8413	45.2686
11.842	45.2908
11.8435	45.313
11.8448	45.3352
11.8465	45.3574
11.8479	45.3797
11.8491	45.4019
11.8508	45.4241
11.8514	45.4463
11.8522	45.4686
11.8529	45.4908
11.8548	45.513
11.8648	45.5352
11.8654	45.5574
11.8678	45.5797
11.8693	45.6019
11.8708	45.6241
11.8722	45.6463
11.8735	45.6686
11.8754	45.6908
11.8793	45.713
11.88	45.7352
11.8806	45.7574
11.8819	45.7797
11.8825	45.8019
11.8849	45.8241
11.8855	45.8463
11.8884	45.8686
11.8891	45.8908
11.89	45.913
11.8913	45.9352
11.8937	45.9574
11.8956	45.9797
11.8964	46.0019
11.897	46.0236
11.8977	46.0454
11.8984	46.0671
11.8993	46.0888
11.9011	46.1106
11.9031	46.1323
11.9038	46.1541
11.9045	46.1758
11.9068	46.1975
11.9075	46.2193
11.9096	46.241
11.9102	46.2628
11.9109	46.2845
11.9116	46.3062
11.9123	46.328
11.9131	46.3497
11.914	46.3714
11.916	46.3932
11.9175	46.4149
11.9196	46.4367
11.9202	46.4584
11.9229	46.4801
11.9238	46.5019
11.9241	46.5236
11.9252	46.5454
11.9309	46.5671
11.9329	46.5888
11.934	46.6106
11.936	46.6323
11.9368	46.6541
11.9376	46.6758
11.939	46.6975
11.9396	46.7193
11.9411	46.741
11.943	46.7628
11.9431	46.7845
11.9451	46.8062
11.9463	46.828
11.9486	46.8497
11.9513	46.8714
11.9523	46.8932
11.9598	23.4466
11.9619	23.4901
11.9633	23.5336
11.9645	23.577
11.9654	23.6205
11.966	23.664
11.9682	23.7075
11.9703	23.7509
11.9709	23.7944
11.9739	23.8379
11.9745	23.8814
11.9766	23.9249
11.9793	23.9683
11.9808	24.0118
11.9835	24.0535
11.9843	24.0951
11.985	24.1368
11.9877	24.1785
11.9884	24.2201
11.9899	24.2618
11.992	24.3035
11.9927	24.3451
11.9928	24.3868
11.9941	24.4285
11.9948	24.4701
11.9963	24.5118
11.9968	24.5535
11.9976	24.5951
11.9983	24.6368
11.9989	24.6785
11.9998	24.7201
12.0004	24.7618
12.0019	24.8035
12.0024	24.8451
12.0039	24.8868
12.0057	24.9285
12.007	24.9701
12.0102	25.0118
12.0138	25.0518
12.0159	25.0918
12.0167	25.1318
12.0183	25.1718
12.0188	25.2118
12.0211	25.2518
12.0233	25.2918
12.0244	25.3318
12.0251	25.3718
12.0279	25.4118
12.031	25.4518
12.0511	25.4918
12.0538	25.5318
12.0558	25.5718
12.0567	25.6118
12.059	25.6518
12.0611	25.6918
12.0618	25.7318
12.0626	25.7718
12.0646	25.8118
12.0661	25.8518
12.0666	25.8918
12.0674	25.9318
12.0688	25.9718
12.0709	26.0118
12.0729	26.0503
12.0737	26.0887
12.0743	26.1272
12.0794	26.1657
12.0807	26.2041
12.0829	26.2426
12.0835	13.1213
12.0838	13.1982
12.0851	13.2751
12.0885	13.3521
12.0902	13.429
12.0912	13.5059
12.101	13.5828
12.1029	13.6598
12.1134	13.7367
12.1141	13.8136
12.1148	13.8905
12.1156	13.9674
12.1163	14.0444
12.117	14.1158
12.1177	14.1872
12.1183	14.2587
12.1199	14.3301
12.1205	14.4015
12.122	14.4729
12.1229	14.5444
12.1246	14.6158
12.1255	14.6872
12.1268	14.7587
12.1283	14.8301
12.1297	14.9015
12.1312	14.9729
12.1454	15.0444
12.146	15.111
12.1467	15.1777
12.1475	15.2444
12.1628	15.311
12.1637	15.3777
12.165	15.4444
12.1669	15.511
12.1683	15.5777
12.1691	15.6444
12.1698	15.711
12.1712	15.7777
12.172	15.8444
12.1726	15.911
12.1739	15.9777
12.1754	16.0444
12.1874	16.1069
12.1909	16.1694
12.1916	16.2319
12.2006	16.2944
12.2019	16.3569
12.2027	16.4194
12.2055	16.4819
12.2061	16.5444
12.2132	16.6069
12.2138	16.6694
12.215	16.7319
12.2165	16.7944
12.2173	16.8569
12.2186	16.9194
12.22	16.9819
12.2216	17.0444
12.2265	17.1032
12.2271	17.162
12.2319	17.2208
12.2445	17.2797
12.2467	17.3385
12.2488	17.3973
12.2504	17.4561
12.2544	17.515
12.2559	17.5738
12.2574	17.6326
12.2595	17.6914
12.2596	17.7502
12.2609	17.8091
12.2616	17.8679
12.2624	17.9267
12.2637	17.9855
12.2666	18.0444
12.2715	18.0999
12.2721	18.1555
12.279	18.211
12.289	18.2666
12.2897	18.3221
12.2912	18.3777
12.2925	18.4333
12.294	18.4888
12.2953	18.5444
12.305	18.5999
12.3066	18.6555
12.308	18.711
12.3087	18.7666
12.3101	18.8221
12.3116	18.8777
12.3122	18.9333
12.313	18.9888
12.3165	19.0444
12.318	19.097
12.3186	19.1496
12.3216	19.2023
12.3225	19.2549
12.3235	19.3075
12.3267	19.3602
12.3392	19.4128
12.3412	19.4654
12.3417	19.5181
12.3523	19.5707
12.3531	19.6233
12.356	19.6759
12.3574	19.7286
12.3594	19.7812
12.3601	19.8338
12.3616	19.8865
12.3623	19.9391
12.3652	19.9917
12.3658	20.0444
12.3665	20.0944
12.3689	20.1444
12.3742	20.1944
12.3747	20.2444
12.376	20.2944
12.3767	20.3444
12.3845	20.3944
12.3855	20.4444
12.3858	20.4944
12.4081	20.5444
12.4087	20.5944
12.4095	20.6444
12.4116	20.6944
12.4121	20.7444
12.4126	20.7944
12.4155	20.8444
12.4164	20.8944
12.4181	20.9444
12.4195	20.9944
12.4205	21.0444
12.4223	21.092
12.4247	21.1396
12.4258	21.1872
12.4274	21.2348
12.4289	21.2825
12.4329	21.3301
12.439	21.3777
12.4408	21.4253
12.4412	21.4729
12.447	21.5206
12.4499	21.5682
12.4508	21.6158
12.4516	21.6634
12.4587	21.711
12.4601	21.7587
12.4615	21.8063
12.4742	21.8539
12.4745	21.9015
12.479	21.9491
12.4821	21.9967
12.4854	22.0444
12.4855	22.0898
12.4869	22.1353
12.4882	22.1807
12.4906	22.2262
12.4909	22.2716
12.4916	22.3171
12.4917	22.3625
12.4945	22.408
12.4954	22.4535
12.4959	22.4989
12.5038	22.5444
12.5099	22.5898
12.5105	22.6353
12.5114	22.6807
12.512	22.7262
12.5127	22.7716
12.525	22.8171
12.5266	22.8625
12.5271	22.908
12.5285	22.9535
12.5299	22.9989
12.5306	23.0444
12.5313	23.0878
12.5329	23.1313
12.5352	23.1748
12.5357	23.2183
12.5363	23.2618
12.537	23.3052
12.5454	23.3487
12.5462	23.3922
12.5469	23.4357
12.547	23.4791
12.5598	23.5226
12.562	23.5661
12.5633	23.6096
12.5654	23.6531
12.5667	23.6965
12.5673	23.74
12.5698	23.7835
12.5766	23.827
12.5772	23.8705
12.5787	23.9139
12.5807	23.9574
12.5822	24.0009
12.5836	24.0426
12.5841	24.0842
12.5859	24.1259
12.5895	24.1676
12.5933	24.2092
12.5941	24.2509
12.5962	24.2926
12.597	24.3342
12.5984	24.3759
12.5991	24.4176
12.6018	24.4592
12.62	24.5009
12.6216	24.5426
12.6252	24.5842
12.6258	24.6259
12.6265	24.6676
12.63	24.7092
12.6315	24.7509
12.6336	24.7926
12.6357	24.8342
12.6377	24.8759
12.6385	24.9176
12.6398	24.9592
12.6412	25.0009
12.6426	25.0409
12.644	25.0809
12.6455	25.1209
12.6461	25.1609
12.6485	25.2009
12.6491	25.2409
12.6575	25.2809
12.6609	25.3209
12.6616	25.3609
12.663	25.4009
12.6644	25.4409
12.6653	25.4809
12.6664	25.5209
12.6677	25.5609
12.6684	25.6009
12.6803	25.6409
12.689	25.6809
12.6906	25.7209
12.6912	25.7609
12.6933	25.8009
12.6942	25.8409
12.6965	25.8809
12.6974	25.9209
12.6998	25.9609
12.7025	26.0009
12.7032	26.0394
12.7079	26.0778
12.7089	26.1163
12.7109	26.1547
12.7129	26.1932
12.7136	26.2317
12.7158	26.2701
12.7173	26.3086
12.7202	26.347
12.7207	26.3855
12.7214	26.424
12.7243	26.4624
12.7251	26.5009
12.7258	26.5394
12.7285	26.5778
12.7344	26.6163
12.7351	26.6547
12.7372	26.6932
12.748	26.7317
12.749	26.7701
12.7495	26.8086
12.7502	26.847
12.7517	26.8855
12.7532	26.924
12.7539	26.9624
12.7568	27.0009
12.7596	27.0379
12.7615	27.075
12.7624	27.112
12.7629	27.149
12.7636	27.1861
12.7643	27.2231
12.7777	27.2601
12.7784	27.2972
12.7791	27.3342
12.7808	27.3713
12.7809	27.4083
12.7834	27.4453
12.784	27.4824
12.7856	27.5194
12.7904	27.5564
12.7945	27.5935
12.7953	27.6305
12.7967	27.6676
12.8066	27.7046
12.8073	27.7416
12.8094	27.7787
12.8143	27.8157
12.815	27.8527
12.8157	27.8898
12.8164	27.9268
12.8172	27.9639
12.8178	28.0009
12.8185	28.0366
12.8192	28.0723
12.82	28.108
12.8227	28.1437
12.8245	28.1795
12.8259	28.2152
12.8336	28.2509
12.836	28.2866
12.8367	28.3223
12.8376	28.358
12.8387	28.3937
12.8399	28.4295
12.8508	28.4652
12.8529	28.5009
12.8609	28.5366
12.8628	28.5723
12.8647	28.608
12.8669	28.6437
12.8737	28.6795
12.8752	28.7152
12.8765	28.7509
12.8779	28.7866
12.8805	28.8223
12.8812	28.858
12.8841	28.8937
12.8848	28.9295
12.8869	28.9652
12.8877	29.0009
12.8883	29.0354
12.8897	29.0699
12.8912	29.1043
12.8932	29.1388
12.8941	29.1733
12.8962	29.2078
12.8983	29.2423
12.8998	29.2768
12.9026	29.3112
12.9026	29.3457
12.9057	29.3802
12.9076	29.4147
12.9118	29.4492
12.9249	29.4836
12.9267	29.5181
12.9287	29.5526
12.9294	29.5871
12.9304	29.6216
12.9394	29.6561
12.9399	29.6905
12.9415	29.725
12.9476	29.7595
12.9483	29.794
12.949	29.8285
12.9498	29.863
12.9504	29.8974
12.9511	29.9319
12.9519	29.9664
12.9526	30.0009
12.9547	30.0342
12.9623	30.0676
12.964	30.1009
12.9654	30.1342
12.9661	30.1676
12.9675	30.2009
12.9696	30.2342
12.9703	30.2676
12.9709	30.3009
12.9765	30.3342
12.9771	30.3676
12.9788	30.4009
12.9814	30.4342
12.9885	30.4676
12.9898	30.5009
12.9912	30.5342
12.9919	30.5676
12.9954	30.6009
13.0051	30.6342
13.0059	30.6676
13.0075	30.7009
13.0207	30.7342
13.0221	30.7676
13.0235	30.8009
13.0255	30.8342
13.0277	30.8676
13.0284	30.9009
13.0291	30.9342
13.0304	30.9676
13.0312	31.0009
13.0319	31.0331
13.0333	31.0654
13.0364	31.0977
13.037	31.1299
13.0384	31.1622
13.0392	31.1944
13.0406	31.2267
13.0452	31.259
13.0459	31.2912
13.0485	31.3235
13.0493	31.3557
13.0559	31.388
13.0566	31.4202
13.0586	31.4525
13.0592	31.4848
13.0599	31.517
13.0617	31.5493
13.0654	31.5815
13.0729	31.6138
13.0751	31.6461
13.0773	31.6783
13.0794	31.7106
13.0803	31.7428
13.0809	31.7751
13.0826	31.8073
13.0829	31.8396
13.0856	31.8719
13.0862	31.9041
13.0869	31.9364
13.0899	31.9686
13.0951	32.0009
13.1	32.0321
13.1007	32.0634
13.1029	32.0946
13.1098	32.1259
13.1101	32.1571
13.1114	32.1884
13.1121	32.2196
13.1128	32.2509
13.1135	32.2821
13.1142	32.3134
13.1212	32.3446
13.1227	32.3759
13.1233	32.4071
13.1275	32.4384
13.1284	32.4696
13.13	32.5009
13.1312	32.5321
13.1442	32.5634
13.1448	32.5946
13.1463	32.6259
13.1469	32.6571
13.1475	32.6884
13.1492	32.7196
13.1599	32.7509
13.1608	32.7821
13.1614	32.8134
13.1631	32.8446
13.1653	32.8759
13.1656	32.9071
13.1662	32.9384
13.1669	32.9696
13.1708	33.0009
13.1767	33.0312
13.1795	33.0615
13.1811	33.0918
13.1837	33.1221
13.1844	33.1524
13.1852	33.1827
13.1865	33.213
13.1877	33.2433
13.1917	33.2736
13.1946	33.3039
13.1966	33.3342
13.1974	33.3645
13.1987	33.3948
13.2001	33.4251
13.2086	33.4554
13.21	33.4857
13.2111	33.516
13.2154	33.5463
13.2168	33.5766
13.2176	33.6069
13.2184	33.6373
13.219	33.6676
13.2214	33.6979
13.222	33.7282
13.224	33.7585
13.2387	33.7888
13.2392	33.8191
13.2402	33.8494
13.2432	33.8797
13.2439	33.91
13.2464	33.9403
13.2487	33.9706
13.25	34.0009
13.2544	34.0303
13.255	34.0597
13.2563	34.0891
13.257	34.1185
13.2592	34.1479
13.2605	34.1774
13.2612	34.2068
13.266	34.2362
13.2695	17.1181
13.2709	17.1769
13.2737	17.2357
13.2752	17.2946
13.2758	17.3534
13.2766	17.4122
13.2793	17.471
13.2801	17.5299
13.2808	17.5887
13.2905	17.6475
13.2925	17.7063
13.2932	17.7652
13.2954	17.824
13.2959	17.8828
13.2982	17.9416
13.2994	18.0004
13.301	18.056
13.3031	18.1116
13.3046	18.1671
13.3052	18.2227
13.3061	18.2782
13.3095	18.3338
13.3101	18.3893
13.3108	18.4449
13.3136	18.5004
13.3152	18.556
13.3213	18.6116
13.3229	18.6671
13.3235	18.7227
13.3251	18.7782
13.3265	18.8338
13.3271	18.8893
13.3278	18.9449
13.3314	19.0004
13.3497	19.0531
13.3504	19.1057
13.3512	19.1583
13.3519	19.211
13.3534	19.2636
13.3543	19.3162
13.3653	19.3689
13.3673	19.4215
13.3679	19.4741
13.3685	19.5268
13.3719	19.5794
13.3725	19.632
13.3781	19.6847
13.383	19.7373
13.3844	19.7899
13.3852	19.8425
13.3867	19.8952
13.3881	19.9478
13.3887	20.0004
13.3909	20.0504
13.3915	20.1004
13.3923	20.1504
13.3927	20.2004
13.3945	20.2504
13.3952	20.3004
13.4111	20.3504
13.415	20.4004
13.4154	20.4504
13.4171	20.5004
13.4173	20.5504
13.4179	20.6004
13.4204	20.6504
13.421	20.7004
13.4305	20.7504
13.4319	20.8004
13.4339	20.8504
13.4353	20.9004
13.436	20.9504
13.4367	21.0004
13.4375	21.0481
13.438	21.0957
13.439	21.1433
13.4396	21.1909
13.4404	21.2385
13.441	21.2862
13.4418	21.3338
13.4438	21.3814
13.4462	21.429
13.4468	21.4766
13.4481	21.5243
13.4489	21.5719
13.4504	21.6195
13.459	21.6671
13.4693	21.7147
13.4723	21.7623
13.4738	21.81
13.4765	21.8576
13.4768	21.9052
13.4782	21.9528
13.4788	22.0004
13.4796	22.0459
13.481	22.0914
13.4817	22.1368
13.4824	22.1823
13.4833	22.2277
13.4841	22.2732
13.4846	22.3186
13.4856	22.3641
13.4865	22.4095
13.4888	22.455
13.4905	22.5004
13.4913	22.5459
13.4967	22.5914
13.501	22.6368
13.5082	22.6823
13.5097	22.7277
13.5179	22.7732
13.5243	22.8186
13.5256	22.8641
13.5262	22.9095
13.5286	22.955
13.5293	23.0004
13.5299	23.0439
13.5345	23.0874
13.5359	23.1309
13.5366	23.1744
13.5373	23.2178
13.5389	23.2613
13.5397	23.3048
13.5405	23.3483
13.5423	23.3917
13.5451	23.4352
13.5459	23.4787
13.5465	23.5222
13.5498	23.5657
13.5515	23.6091
13.5518	23.6526
13.5537	23.6961
13.5593	23.7396
13.5664	23.7831
13.5679	23.8265
13.5685	23.87
13.5699	23.9135
13.5704	23.957
13.5722	24.0004
13.5727	24.0421
13.577	24.0838
13.5779	24.1254
13.5787	24.1671
13.5793	24.2088
13.5831	24.2504
13.5901	24.2921
13.5951	24.3338
13.5959	24.3754
13.599	24.4171
13.5993	24.4588
13.6002	24.5004
13.6008	24.5421
13.6022	24.5838
13.6029	24.6254
13.6052	24.6671
13.6067	24.7088
13.6073	24.7504
13.611	24.7921
13.6116	24.8338
13.6123	24.8754
13.613	24.9171
13.6209	24.9588
13.6222	25.0004
13.6236	25.0404
13.6237	25.0804
13.6242	25.1204
13.6258	25.1604
13.6286	25.2004
13.6319	25.2404
13.6352	25.2804
13.6385	25.3204
13.6392	25.3604
13.6397	25.4004
13.6413	25.4404
13.6426	25.4804
13.6453	25.5204
13.6459	25.5604
13.6465	25.6004
13.6605	25.6404
13.6653	25.6804
13.6668	25.7204
13.6674	25.7604
13.6681	25.8004
13.6703	25.8404
13.6722	25.8804
13.6729	25.9204
13.6788	25.9604
13.679	26.0004
13.6794	26.0389
13.6801	26.0774
13.6808	26.1158
13.6918	26.1543
13.6929	26.1928
13.6936	26.2312
13.6942	26.2697
13.6949	26.3081
13.6957	26.3466
13.6964	26.3851
13.6972	26.4235
13.6991	26.462
13.7005	26.5004
13.7026	26.5389
13.7054	26.5774
13.7059	26.6158
13.7095	26.6543
13.7102	26.6928
13.7115	26.7312
13.713	26.7697
13.7147	26.8081
13.7167	26.8466
13.7174	26.8851
13.7181	26.9235
13.723	26.962
13.7322	27.0004
13.7329	27.0375
13.735	27.0745
13.7356	27.1116
13.7379	27.1486
13.7494	27.1856
13.7543	27.2227
13.755	27.2597
13.7556	27.2967
13.7569	27.3338
13.7577	27.3708
13.7593	27.4079
13.7601	27.4449
13.7608	27.4819
13.7613	27.519
13.7621	27.556
13.7645	27.593
13.766	27.6301
13.7666	27.6671
13.7672	27.7041
13.7681	27.7412
13.7687	27.7782
13.7718	27.8153
13.7732	27.8523
13.7818	27.8893
13.7831	27.9264
13.7881	27.9634
13.7887	28.0004
13.793	28.0362
13.7937	28.0719
13.7945	28.1076
13.7972	28.1433
13.8112	28.179
13.8119	28.2147
13.8127	28.2504
13.8136	28.2862
13.8186	28.3219
13.8275	28.3576
13.8288	28.3933
13.8296	28.429
13.8301	28.4647
13.8321	28.5004
13.8327	28.5362
13.8333	28.5719
13.8341	28.6076
13.8349	28.6433
13.8356	28.679
13.8422	28.7147
13.8428	28.7504
13.8436	28.7862
13.8443	28.8219
13.8449	28.8576
13.8462	28.8933
13.8479	28.929
13.8486	28.9647
13.8494	29.0004
13.8538	29.0349
13.8553	29.0694
13.8559	29.1039
13.8581	29.1384
13.8643	29.1729
13.8659	29.2073
13.8682	29.2418
13.8693	29.2763
13.8705	29.3108
13.8742	29.3453
13.8768	29.3798
13.8789	29.4142
13.8981	29.4487
13.8988	29.4832
13.8995	29.5177
13.9002	29.5522
13.9015	29.5867
13.9023	29.6211
13.9033	29.6556
13.9054	29.6901
13.9061	29.7246
13.9075	29.7591
13.9081	29.7935
13.9116	29.828
13.9195	29.8625
13.9216	29.897
13.9225	29.9315
13.9249	29.966
13.9265	30.0004
13.9271	30.0338
13.9285	30.0671
13.9292	30.1004
13.9349	30.1338
13.9378	30.1671
13.9393	30.2004
13.9399	30.2338
13.9413	30.2671
13.9428	30.3004
13.9434	30.3338
13.9443	30.3671
13.9546	30.4004
13.9675	30.4338
13.969	30.4671
13.9697	30.5004
13.9709	30.5338
13.9725	30.5671
13.9747	30.6004
13.9754	30.6338
13.9767	30.6671
13.9781	30.7004
13.9796	30.7338
13.9831	30.7671
13.9866	30.8004
13.9872	30.8338
13.988	30.8671
13.9905	30.9004
13.9911	30.9338
13.9918	30.9671
13.993	31.0004
13.9965	31.0327
14.0021	31.065
14.0035	31.0972
14.0041	31.1295
14.0047	31.1617
14.0083	31.194
14.009	31.2263
14.0098	31.2585
14.0127	31.2908
14.0132	31.323
14.0146	31.3553
14.0203	31.3875
14.0298	31.4198
14.0306	31.4521
14.0311	31.4843
14.0337	31.5166
14.0337	31.5488
14.0346	31.5811
14.0352	31.6133
14.0358	31.6456
14.0366	15.8228
14.0373	15.8895
14.038	15.9561
14.0386	16.0228
14.0393	16.0853
14.0402	16.1478
14.042	16.2103
14.0469	16.2728
14.0529	16.3353
14.0533	16.3978
14.0567	16.4603
14.0573	16.5228
14.0593	16.5853
14.0601	16.6478
14.0608	16.7103
14.0756	16.7728
14.0796	16.8353
14.0803	16.8978
14.0851	16.9603
14.0897	17.0228
14.0912	17.0816
14.0919	17.1404
14.0923	17.1993
14.0953	17.2581
14.0969	17.3169
14.0977	17.3757
14.1012	17.4346
14.1019	17.4934
14.1058	17.5522
14.1068	17.611
14.1116	17.6699
14.1171	17.7287
14.1186	17.7875
14.1193	17.8463
14.12	17.9052
14.1235	17.964
14.1257	18.0228
14.1263	18.0784
14.127	18.1339
14.1277	18.1895
14.1334	18.245
14.134	18.3006
14.1383	18.3561
14.1398	18.4117
14.1405	18.4672
14.1509	18.5228
14.1559	18.5784
14.1568	18.6339
14.1597	18.6895
14.1604	18.745
14.1611	18.8006
14.1621	18.8561
14.1624	18.9117
14.1631	18.9672
14.1648	19.0228
14.1654	19.0754
14.1661	19.1281
14.169	19.1807
14.1707	19.2333
14.173	19.286
14.179	19.3386
14.1802	19.3912
14.1823	19.4439
14.1845	19.4965
14.1859	19.5491
14.1976	19.6018
14.1982	19.6544
14.1991	19.707
14.1997	19.7596
14.2003	19.8123
14.203	19.8649
14.2063	19.9175
14.2126	19.9702
14.2145	20.0228
14.2153	20.0728
14.2178	20.1228
14.2191	20.1728
14.2231	20.2228
14.2243	20.2728
14.2304	20.3228
14.2314	20.3728
14.233	20.4228
14.2364	20.4728
14.237	20.5228
14.2396	20.5728
14.2409	20.6228
14.2423	20.6728
14.2431	20.7228
14.246	20.7728
14.2572	20.8228
14.2578	20.8728
14.2592	20.9228
14.2607	20.9728
14.2614	21.0228
14.2621	21.0704
14.2742	21.118
14.2756	21.1657
14.277	21.2133
14.2787	21.2609
14.2799	21.3085
14.2807	21.3561
14.2815	21.4038
14.2915	21.4514
14.2935	21.499
14.2942	21.5466
14.2951	21.5942
14.2958	21.6419
14.2973	21.6895
14.2987	21.7371
14.3014	21.7847
14.314	21.8323
14.3171	21.8799
14.3194	21.9276
14.3221	21.9752
14.324	22.0228
14.3246	22.0683
14.3296	22.1137
14.3311	22.1592
14.335	22.2046
14.3355	22.2501
14.3371	22.2955
14.3403	22.341
14.341	22.3864
14.3462	22.4319
14.3482	22.4773
14.3496	22.5228
14.3511	22.5683
14.3518	22.6137
14.3532	22.6592
14.3628	22.7046
14.3654	22.7501
14.3744	22.7955
14.3772	22.841
14.3786	22.8864
14.3793	22.9319
14.3806	22.9773
14.3827	23.0228
14.3842	23.0663
14.3858	23.1098
14.3899	23.1532
14.3962	23.1967
14.3983	23.2402
14.4005	23.2837
14.4013	23.3272
14.4019	23.3706
14.4033	23.4141
14.4052	23.4576
14.4065	23.5011
14.4078	23.5445
14.4084	23.588
14.4113	23.6315
14.4135	23.675
14.4142	23.7185
14.4229	23.7619
14.4244	23.8054
14.4273	23.8489
14.4299	23.8924
14.4306	23.9358
14.4314	11.9679
14.4364	12.0588
14.4394	12.1422
14.4408	12.2255
14.4414	12.3088
14.4437	12.3922
14.4451	12.4755
14.4554	12.5588
14.4569	12.6422
14.4574	12.7255
14.4589	12.8088
14.4603	12.8922
14.461	12.9755
14.4617	13.0588
14.4624	13.1358
14.4663	13.2127
14.4713	13.2896
14.4728	13.3665
14.4763	13.4434
14.4768	13.5204
14.4783	13.5973
14.4792	13.6742
14.4799	13.7511
14.5032	13.8281
14.5042	13.905
14.506	13.9819
14.5067	14.0588
14.5074	14.1303
14.5124	14.2017
14.5138	14.2731
14.5152	14.3445
14.5165	14.416
14.5174	14.4874
14.5203	14.5588
14.5239	14.6303
14.5293	14.7017
14.5324	14.7731
14.5398	14.8445
14.544	14.916
14.5454	14.9874
14.5466	15.0588
14.5474	15.1255
14.5488	15.1922
14.5503	15.2588
14.5566	15.3255
14.5572	15.3922
14.5579	15.4588
14.5623	15.5255
14.5629	15.5922
14.5635	15.6588
14.5756	15.7255
14.5788	15.7922
14.5868	15.8588
14.5882	15.9255
14.5919	15.9922
14.5932	16.0588
14.5932	16.1213
14.5973	16.1838
14.5979	16.2463
14.5985	16.3088
14.5993	16.3713
14.603	16.4338
14.6038	16.4963
14.6043	16.5588
14.6077	16.6213
14.6177	16.6838
14.6208	16.7463
14.6213	16.8088
14.6235	16.8713
14.6241	16.9338
14.6259	16.9963
14.6283	17.0588
14.629	17.1177
14.6312	17.1765
14.6318	17.2353
14.6339	17.2941
14.6466	17.3529
14.6472	17.4118
14.65	17.4706
14.6522	17.5294
14.6522	17.5882
14.6613	17.6471
14.663	17.7059
14.6636	17.7647
14.6664	17.8235
14.6698	17.8824
14.6724	17.9412
14.6731	18
14.6832	18.0556
14.6839	18.1111
14.6846	18.1667
14.6867	18.2222
14.6892	18.2778
14.69	18.3333
14.6924	18.3889
14.6953	18.4445
14.6966	18.5
14.6974	18.5556
14.7049	18.6111
14.7056	18.6667
14.7093	18.7222
14.7099	18.7778
14.7156	18.8333
14.7207	18.8889
14.7213	18.9445
14.7225	19
14.7255	19.0526
14.7263	19.1053
14.7319	19.1579
14.7325	19.2105
14.7332	19.2632
14.7373	19.3158
14.738	19.3684
14.7418	19.4211
14.743	19.4737
14.7437	19.5263
14.7452	19.579
14.7564	19.6316
14.7593	19.6842
14.766	19.7369
14.7666	19.7895
14.7673	19.8421
14.7694	19.8947
14.7695	19.9474
14.7749	20
14.7788	20.05
14.7792	20.1
14.7811	20.15
14.7812	20.2
14.7839	20.25
14.7997	20.3
14.8002	20.35
14.801	20.4
14.8023	20.45
14.8023	20.5
14.8037	20.55
14.8065	20.6
14.8071	20.65
14.8072	20.7
14.8117	20.75
14.8161	20.8
14.8174	20.85
14.8278	20.9
14.8285	20.95
14.8293	21
14.8326	21.0476
14.8331	21.0952
14.8388	21.1429
14.8401	21.1905
14.8437	21.2381
14.8451	21.2857
14.8457	21.3333
14.849	21.381
14.8496	21.4286
14.8629	21.4762
14.8637	21.5238
14.8654	21.5714
14.8661	21.6191
14.8668	21.6667
14.8676	21.7143
14.8709	21.7619
14.8716	21.8095
14.8785	21.8572
14.8823	21.9048
14.8828	21.9524
14.8837	22
14.8842	22.0455
14.885	22.0909
14.8874	22.1364
14.8934	22.1818
14.8949	22.2273
14.895	22.2727
14.8983	22.3182
14.9048	22.3636
14.9093	22.4091
14.9107	22.4546
14.9121	22.5
14.9147	22.5455
14.9152	22.5909
14.9217	22.6364
14.9224	22.6818
14.9232	22.7273
14.9273	22.7727
14.9293	22.8182
14.9302	22.8636
14.9384	22.9091
14.9411	22.9546
14.9426	23
14.9433	23.0435
14.9441	23.087
14.9498	23.1304
14.9503	23.1739
14.9505	23.2174
14.9539	23.2609
14.9544	23.3044
14.9597	23.3478
14.9603	23.3913
14.961	23.4348
14.9617	23.4783
14.9618	23.5217
14.973	23.5652
14.975	23.6087
14.9757	23.6522
14.9764	23.6957
14.9765	23.7391
14.9766	23.7826
14.98	23.8261
14.984	23.8696
14.9862	23.9131
14.987	23.9565
14.988	24
14.9886	24.0417
14.9914	24.0833
14.992	24.125
14.9929	24.1667
14.9949	24.2083
15.0007	24.25
15.0026	24.2917
15.0057	24.3333
15.0063	24.375
15.0114	24.4167
15.012	24.4583
15.0133	24.5
15.0153	24.5417
15.0176	24.5833
15.0184	24.625
15.0203	24.6667
15.0219	24.7083
15.0226	24.75
15.0245	24.7917
15.0275	24.8333
15.0292	24.875
15.0296	24.9167
15.0301	24.9583
15.0317	25
15.0363	25.04
15.0378	25.08
15.0387	25.12
15.0401	25.16
15.0421	25.2
15.0437	25.24
15.0452	25.28
15.0488	25.32
15.0497	25.36
15.0509	25.4
15.0523	25.44
15.0538	25.48
15.0594	25.52
15.0602	25.56
15.0609	25.6
15.0636	25.64
15.0651	25.68
15.0664	25.72
15.0679	25.76
15.0728	25.8
15.0735	25.84
15.076	25.88
15.0767	25.92
15.0773	25.96
15.0781	26
15.0797	26.0385
15.0817	26.0769
15.0874	26.1154
15.0883	26.1539
15.0934	26.1923
15.094	26.2308
15.0963	26.2692
15.0968	26.3077
15.0977	26.3462
15.099	26.3846
15.1026	26.4231
15.1038	26.4615
15.1046	26.5
15.1066	26.5385
15.1099	26.5769
15.1112	26.6154
15.1135	26.6539
15.1174	26.6923
15.1181	26.7308
15.1188	26.7692
15.1202	26.8077
15.1208	26.8462
15.1236	26.8846
15.1305	26.9231
15.1318	26.9615
15.1326	27
15.1341	27.037
15.1356	27.0741
15.1376	27.1111
15.1381	27.1482
15.139	27.1852
15.1418	27.2222
15.1426	27.2593
15.1432	27.2963
15.145	27.3333
15.1512	27.3704
15.1517	27.4074
15.1525	27.4445
15.153	27.4815
15.1563	27.5185
15.1592	27.5556
15.1653	27.5926
15.1689	27.6296
15.1701	27.6667
15.1743	27.7037
15.1749	27.7407
15.1766	27.7778
15.1772	27.8148
15.178	27.8519
15.1787	27.8889
15.1814	27.9259
15.1881	27.963
15.1896	28
15.1908	28.0357
15.192	28.0714
15.1938	28.1072
15.1951	28.1429
15.1966	28.1786
15.1972	28.2143
15.1991	28.25
15.1998	28.2857
15.2007	28.3214
15.2026	28.3572
15.2032	28.3929
15.2038	28.4286
15.2047	28.4643
15.2097	28.5
15.211	28.5357
15.2155	28.5714
15.2179	28.6072
15.2268	28.6429
15.2294	28.6786
15.2312	28.7143
15.2314	28.75
15.232	28.7857
15.2349	28.8214
15.2356	28.8572
15.2362	28.8929
15.2391	28.9286
15.2396	28.9643
15.2406	29
15.2413	29.0345
15.2471	29.069
15.2484	29.1035
15.2493	29.1379
15.2516	29.1724
15.2542	29.2069
15.2548	29.2414
15.2563	29.2759
15.2577	29.3104
15.2619	29.3448
15.2646	29.3793
15.2652	29.4138
15.2686	29.4483
15.2699	29.4828
15.2727	29.5173
15.2734	29.5517
15.275	29.5862
15.2751	29.6207
15.2771	29.6552
15.2789	29.6897
15.281	29.7241
15.2824	29.7586
15.2848	29.7931
15.285	29.8276
15.2857	29.8621
15.2866	29.8966
15.2886	29.931
15.2902	29.9655
15.2915	30
15.2921	30.0333
15.2935	30.0667
15.2942	30.1
15.297	30.1333
15.2984	30.1667
15.299	30.2
15.2997	30.2333
15.3009	30.2667
15.3021	30.3
15.303	30.3333
15.3047	30.3667
15.3104	30.4
15.3118	30.4333
15.3133	30.4667
15.3148	30.5
15.3153	30.5333
15.316	30.5667
15.3167	30.6
15.3175	30.6333
15.3195	30.6667
15.3209	30.7
15.3215	30.7333
15.3245	30.7667
15.3251	30.8
15.3266	30.8333
15.3282	30.8667
15.3296	30.9
15.3308	30.9333
15.3329	30.9667
15.3336	31
15.3347	31.0323
15.3354	31.0645
15.337	31.0968
15.3386	31.129
15.3409	31.1613
15.3418	31.1936
15.3439	31.2258
15.3453	31.2581
15.346	31.2903
15.3468	31.3226
15.3488	31.3548
15.3505	31.3871
15.3517	31.4194
15.3524	31.4516
15.3549	31.4839
15.3557	31.5161
15.3561	31.5484
15.3567	31.5807
15.361	31.6129
15.3629	31.6452
15.3635	31.6774
15.3642	31.7097
15.3649	31.7419
15.3658	31.7742
15.3689	31.8065
15.3703	31.8387
15.3739	31.871
15.375	31.9032
15.3766	31.9355
15.3781	31.9678
15.3802	32
15.3817	32.0313
15.3824	32.0625
15.3846	32.0938
15.3851	32.125
15.3858	32.1563
15.3872	32.1875
15.3878	32.2188
15.3901	32.25
15.3915	32.2813
15.3922	32.3125
15.3929	32.3438
15.3935	32.375
15.3983	32.4063
15.3991	32.4375
15.4005	32.4688
15.4012	32.5
15.4019	32.5313
15.4026	32.5625
15.404	32.5938
15.4061	32.625
15.4073	32.6563
15.408	32.6875
15.4095	32.7188
