time	cwndsize
0.27217	11
0.273502	12
0.274901	13
0.276179	14
0.276887	15
0.277585	16
0.278934	17
0.280311	18
0.28168	19
0.28309	20
0.291603	21
0.291877	22
0.292972	23
0.294592	24
0.295725	25
0.296408	26
0.297792	27
0.299176	28
0.300527	29
0.30195	30
0.303283	31
0.304689	32
0.306078	33
0.307447	34
0.308783	35
0.310251	36
0.312313	37
0.313653	38
0.315741	39
0.317132	40
0.341721	41
0.342829	42
0.344219	43
0.345596	44
0.346305	45
0.347719	46
0.34911	47
0.350473	48
0.351827	49
0.353874	50
0.354682	51
0.355983	52
0.357317	53
0.35868	54
0.36007	55
0.362815	56
0.363578	57
0.364194	58
0.365549	59
0.366985	60
0.369015	61
0.369758	62
0.371094	63
0.372495	64
0.373848	65
0.375208	66
0.377258	67
0.378678	68
0.380012	69
0.381391	70
0.382773	71
0.384167	72
0.39034	73
0.39174	74
0.393111	75
0.394569	76
0.396529	77
0.397902	78
0.399231	79
0.40073	80
0.439391	81
0.440677	82
0.442408	83
0.443686	84
0.444898	85
0.446241	86
0.447755	87
0.448984	88
0.45036	89
0.451747	90
0.453158	91
0.454664	92
0.455322	93
0.455998	94
0.458063	95
0.458787	96
0.460895	97
0.462898	98
0.464248	99
0.465654	100
0.467025	101
0.468377	102
0.469736	103
0.470465	104
0.472511	105
0.473877	106
0.475267	107
0.476679	108
0.47802	109
0.479399	110
0.480795	111
0.482123	112
0.483514	113
0.485215	114
0.486605	115
0.487767	116
0.489085	117
0.490499	118
0.491144	119
0.492507	120
0.494592	121
0.495308	122
0.497342	123
0.498728	124
0.500083	125
0.501542	126
0.503016	127
0.504281	128
0.505593	129
0.50695	130
0.508467	131
0.509696	132
0.51177	133
0.513817	134
0.515215	135
0.516573	136
0.517942	137
0.519348	138
0.522073	139
0.523437	140
0.524889	141
0.526198	142
0.53312	143
0.534437	144
0.54908	145
0.550321	146
0.551663	147
0.553024	148
0.554436	149
0.557292	150
0.559356	151
0.560708	152
0.562127	153
0.563462	154
0.564881	155
0.566308	156
0.567679	157
0.569012	158
0.57052	159
0.572015	160
0.631168	161
0.631855	162
0.633195	163
0.634613	164
0.635299	165
0.636076	166
0.637411	167
0.639465	168
0.640159	169
0.641511	170
0.642882	171
0.644239	172
0.645595	86
0.646994	86.0116
0.648357	86.0233
0.64973	86.0349
0.651097	86.0465
0.652465	86.0581
0.65313	86.0698
0.654548	86.0814
0.655899	86.093
0.657278	86.1047
0.658633	86.1163
0.660009	86.1279
0.661487	86.1395
0.662866	86.1512
0.664258	86.1628
0.665636	86.1744
0.666982	86.186
0.668348	86.1977
0.669748	86.2093
0.671103	86.2209
0.672493	86.2326
0.673847	86.2442
0.675236	86.2558
0.676686	86.2674
0.678706	86.2791
0.679402	86.2907
0.680763	86.3023
0.682152	86.314
0.683515	86.3256
0.685561	86.3372
0.686946	86.3488
0.688316	86.3605
0.689702	86.3721
0.691066	86.3837
0.692463	86.3953
0.693822	86.407
0.694531	86.4186
0.695205	86.4302
0.696555	86.4419
0.697929	86.4535
0.699504	86.4651
0.700866	86.4767
0.702236	86.4884
0.703571	86.5
0.704998	86.5116
0.706364	86.5233
0.707715	86.5349
0.709093	86.5465
0.710468	86.5581
0.71185	86.5698
0.713224	86.5814
0.714608	86.593
0.715961	86.6047
0.717328	86.6163
0.718699	86.6279
0.720067	86.6395
0.72147	86.6512
0.722823	86.6628
0.723487	86.6744
0.725578	86.686
0.728322	86.6977
0.729728	86.7093
0.731121	86.7209
0.732438	86.7326
0.733803	86.7442
0.735182	86.7558
0.736571	86.7674
0.737932	86.7791
0.738609	86.7907
0.740678	86.8023
0.742063	86.814
0.743419	86.8256
0.744791	86.8372
0.746159	86.8488
0.747537	86.8605
0.74892	86.8721
0.750288	86.8837
0.751864	86.8953
0.753269	86.907
0.754626	86.9186
0.756007	86.9302
0.757362	86.9419
0.758742	86.9535
0.760106	86.9651
0.761485	86.9767
0.76288	86.9884
0.764256	87
0.765931	87.0116
0.767285	87.0231
0.768667	87.0346
0.770061	87.0461
0.770738	87.0576
0.772087	87.0691
0.774181	87.0806
0.776904	87.0921
0.778313	87.1036
0.779645	87.1151
0.781708	87.1266
0.785124	87.1381
0.786538	87.1496
0.787897	87.1611
0.789939	87.1725
0.807804	87.184
0.809873	87.1955
0.822241	87.207
0.824292	87.2185
0.827727	87.23
0.835958	87.2415
0.836655	87.253
0.837345	87.2645
0.83803	87.276
0.839406	87.2875
0.840118	87.299
0.840784	87.3105
0.841493	87.322
0.843646	87.3335
0.845014	87.345
0.84572	87.3565
0.84642	87.3679
0.847184	87.3794
0.847797	87.3909
0.848482	87.4024
0.849266	87.4139
0.849943	87.4254
0.850679	87.4369
0.851254	87.4484
0.851958	87.4599
0.853204	87.4714
0.853481	87.4829
0.855411	87.4944
0.857444	87.5059
0.858798	87.5174
0.86018	87.5289
0.861603	87.5404
0.862959	87.5519
0.864337	87.5634
0.865696	87.5748
0.867138	87.5863
0.869702	87.5978
0.873068	87.6093
0.87448	87.6208
0.87589	87.6323
0.876567	87.6438
0.877249	87.6553
0.877933	87.6668
0.878956	87.6783
0.879351	87.6898
0.885081	87.7013
0.885253	87.7128
0.885366	87.7243
0.885852	87.7358
0.88723	87.7473
0.888645	87.7588
0.890135	87.7702
0.891408	87.7817
0.89283	87.7932
0.894143	87.8047
0.8955	87.8162
0.896877	87.8277
0.898411	87.8392
0.899849	87.8507
0.901003	87.8622
0.902359	87.8737
0.903749	87.8852
0.90512	87.8967
0.906488	87.9082
0.907846	87.9197
0.909255	87.9312
0.910616	87.9427
0.911964	87.9542
0.913364	87.9657
0.914723	87.9771
0.916305	87.9886
0.917486	88.0001
0.918872	88.0115
0.920219	88.0229
0.921598	88.0342
0.922999	88.0456
0.924373	88.057
0.925736	88.0683
0.92711	88.0797
0.92848	88.091
0.929865	88.1024
0.930561	44.0512
0.931918	44.0739
0.933297	44.0967
0.934666	44.1194
0.93608	44.1421
0.936791	44.1648
0.937473	44.1876
0.938108	44.2103
0.938799	44.233
0.939498	44.2557
0.940193	44.2785
0.940891	44.3012
0.941551	44.3239
0.942238	44.3467
0.942923	44.3694
0.943613	44.3921
0.944297	44.4148
0.944994	44.4376
0.945672	44.4603
0.946577	44.483
0.947142	44.5057
0.947826	44.5285
0.948518	44.5512
0.949205	44.5739
0.951608	44.5967
0.951719	44.6194
0.95184	44.6421
0.952389	44.6648
0.953035	44.6876
0.9538	44.7103
0.957882	44.733
0.957905	44.7557
0.958031	44.7785
0.958225	44.8012
0.958587	44.8239
0.958692	44.8467
0.95877	44.8694
0.959508	44.8921
0.960206	44.9148
0.96091	44.9376
0.961557	44.9603
0.962272	44.983
0.962961	45.0057
0.963655	45.028
0.964337	45.0502
0.965041	45.0724
0.965699	45.0946
0.966406	45.1169
0.96709	45.1391
0.967751	45.1613
0.96844	45.1835
0.975855	45.2057
0.976387	45.228
0.977235	45.2502
0.977866	45.2724
0.979183	45.2946
0.979863	45.3169
0.980545	45.3391
0.982539	45.3613
0.983534	45.3835
0.984868	45.4057
0.986256	45.428
0.987619	45.4502
0.989034	45.4724
0.99041	45.4946
0.991774	45.5169
0.992433	45.5391
0.993883	45.5613
0.995174	45.5835
0.996539	45.6057
0.997921	45.628
0.999281	45.6502
1.0007	45.6724
1.00221	45.6946
1.00344	45.7169
1.0048	45.7391
1.00621	45.7613
1.00753	45.7835
1.00822	45.8057
1.0096	45.828
1.01095	45.8502
1.01235	45.8724
1.0137	45.8946
1.01511	45.9169
1.01647	45.9391
1.01783	45.9613
1.01924	45.9835
1.0213	46.0057
1.05306	46.0275
1.05372	46.0492
1.05611	46.071
1.05657	46.0927
1.05794	46.1144
1.05866	46.1362
1.06074	46.1579
1.06152	46.1797
1.08423	46.2014
1.08498	46.2231
1.08843	46.2449
1.08911	46.2666
1.09122	46.2884
1.09253	46.3101
1.0939	46.3318
1.09598	46.3536
1.09667	46.3753
1.09738	46.3971
1.09809	46.4188
1.09871	46.4405
1.09943	46.4623
1.10012	46.484
1.1008	46.5057
1.10162	46.5275
1.10217	46.5492
1.10287	46.571
1.10355	46.5927
1.10502	46.6144
1.10562	46.6362
1.10699	46.6579
1.10854	46.6797
1.10921	46.7014
1.10976	46.7231
1.11046	46.7449
1.11111	46.7666
1.11184	46.7884
1.11249	46.8101
1.11317	46.8318
1.11388	46.8536
1.11455	46.8753
1.11525	46.8971
1.11593	46.9188
1.11661	46.9405
1.11732	46.9623
1.11799	46.984
1.11869	47.0057
1.12356	47.027
1.12442	47.0483
1.12568	47.0696
1.12642	47.0909
1.12707	47.1121
1.12775	47.1334
1.12913	47.1547
1.1298	47.176
1.14365	47.1972
1.14437	47.2185
1.14505	47.2398
1.14572	47.2611
1.14709	47.2823
1.14778	47.3036
1.14848	47.3249
1.14983	47.3462
1.15052	47.3675
1.1512	47.3887
1.15186	47.41
1.15257	47.4313
1.15325	47.4526
1.15391	47.4738
1.15461	47.4951
1.15535	47.5164
1.15601	47.5377
1.15672	47.5589
1.15739	47.5802
1.15805	47.6015
1.15875	47.6228
1.15954	47.644
1.18727	47.6653
1.18806	47.6866
1.18864	47.7079
1.19003	47.7292
1.19145	47.7504
1.19212	47.7717
1.19285	47.793
1.19352	47.8143
1.19424	23.9071
1.19489	23.9506
1.19624	23.9941
1.19692	24.0376
1.19779	24.0792
1.19836	24.1209
1.19901	24.1626
1.19968	24.2042
1.20037	24.2459
1.20173	24.2876
1.20243	24.3292
1.20379	24.3709
1.20467	24.4126
1.20516	24.4542
1.2059	24.4959
1.20654	24.5376
1.20722	24.5792
1.21484	24.6209
1.21967	24.6626
1.22033	24.7042
1.22311	24.7459
1.22521	24.7876
1.22588	24.8292
1.22725	24.8709
1.22937	24.9126
1.23001	24.9542
1.23139	24.9959
1.23344	25.0376
1.2348	25.0776
1.23618	25.1176
1.23687	25.1576
1.23756	25.1976
1.23891	25.2376
1.23961	25.2776
1.24169	25.3176
1.24235	25.3576
1.24305	25.3976
1.24376	25.4376
1.26495	25.4776
1.26532	25.5176
1.26599	25.5576
1.26668	25.5976
1.27989	25.6376
1.28054	25.6776
1.28193	25.7176
1.28269	25.7576
1.28399	25.7976
1.29335	25.8376
1.29431	25.8776
1.29498	25.9176
1.29638	25.9576
1.29711	25.9976
1.29774	26.0376
1.29846	26.076
1.29914	26.1145
1.30053	26.1529
1.30299	26.1914
1.30385	26.2299
1.30402	26.2683
1.30495	26.3068
1.30506	26.3453
1.30639	26.3837
1.30702	26.4222
1.30959	26.4606
1.31101	26.4991
1.32424	26.5376
1.32491	26.576
1.32564	26.6145
1.32647	26.6529
1.34688	26.6914
1.34825	26.7299
1.34963	26.7683
1.35036	26.8068
1.35375	26.8453
1.35857	26.8837
1.35995	26.9222
1.36148	26.9606
1.3634	26.9991
1.36476	27.0376
1.36544	27.0746
1.36683	27.1116
1.3682	27.1487
1.36897	27.1857
1.37095	27.2227
1.37166	27.2598
1.37236	27.2968
1.37374	27.3339
1.37442	27.3709
1.37511	27.4079
1.37648	27.445
1.37791	27.482
1.38198	27.519
1.38543	27.5561
1.40504	27.5931
1.4063	27.6302
1.40704	27.6672
1.40896	27.7042
1.41308	27.7413
1.41585	27.7783
1.41739	27.8153
1.41862	27.8524
1.42013	27.8894
1.42345	27.9265
1.42622	27.9635
1.42826	28.0005
1.43036	28.0362
1.43452	28.072
1.43652	28.1077
1.44067	28.1434
1.44202	28.1791
1.44338	28.2148
1.44476	28.2505
1.44618	28.2862
1.44686	28.322
1.44824	28.3577
1.44963	28.3934
1.45103	28.4291
1.45187	28.4648
1.45239	28.5005
1.45309	28.5362
1.45446	28.572
1.45583	28.6077
1.46405	28.6434
1.46431	28.6791
1.46494	28.7148
1.46561	28.7505
1.46635	28.7862
1.467	28.822
1.46911	28.8577
1.47053	28.8934
1.47253	28.9291
1.4732	28.9648
1.47458	29.0005
1.47529	29.035
1.47801	29.0695
1.48215	29.104
1.48625	29.1385
1.48831	29.1729
1.4897	29.2074
1.49107	29.2419
1.49243	29.2764
1.4938	29.3109
1.49521	29.3454
1.49656	29.3798
1.49795	29.4143
1.49929	29.4488
1.50066	29.4833
1.50204	29.5178
1.50342	29.5523
1.50477	29.5867
1.50617	29.6212
1.50685	29.6557
1.51585	29.6902
1.51793	29.7247
1.52	29.7591
1.5207	29.7936
1.52148	29.8281
1.52279	29.8626
1.52348	29.8971
1.52418	29.9316
1.52485	29.966
1.52556	30.0005
1.52622	30.0339
1.5269	30.0672
1.53171	30.1005
1.53447	30.1339
1.53515	30.1672
1.5367	30.2005
1.53789	30.2339
1.53927	15.1169
1.53995	15.1836
1.54132	15.2503
1.542	15.3169
1.54271	15.3836
1.54339	15.4503
1.54752	15.5169
1.55093	15.5836
1.55162	15.6503
1.55299	15.7169
1.55369	15.7836
1.55439	15.8503
1.55787	15.9169
1.55995	15.9836
1.56064	16.0503
1.56134	16.1128
1.5634	16.1753
1.56409	16.2378
1.56614	16.3003
1.56682	16.3628
1.5675	16.4253
1.56889	16.4878
1.56959	16.5503
1.57094	16.6128
1.57233	16.6753
1.57646	16.7378
1.57782	16.8003
1.57853	16.8628
1.57921	16.9253
1.58128	16.9878
1.59241	17.0503
1.59382	17.1091
1.59446	17.1679
1.5951	8.58396
1.5979	8.70896
1.59861	8.83396
1.59926	8.95896
1.60207	9.08396
1.60352	9.19507
1.60499	9.30618
1.60625	9.41729
1.61099	9.5284
1.61304	9.63951
1.61443	9.75062
1.61649	9.86173
1.61718	9.97284
1.62138	10.084
1.62211	10.184
1.62615	10.284
1.62753	10.384
1.63512	10.484
1.63657	10.584
1.63793	10.684
1.63994	10.784
1.64133	10.884
1.64342	10.984
1.64409	11.084
1.64478	11.1749
1.64547	11.2658
1.64752	11.3567
1.65185	11.4476
1.65313	11.5385
1.65937	11.6294
1.66278	11.7203
1.66414	11.8112
1.66622	11.9021
1.66774	11.993
1.66925	12.084
1.66984	12.1673
1.67107	12.2506
1.67176	12.334
1.67519	12.4173
1.6759	12.5006
1.67667	12.584
1.67731	12.6673
1.67802	12.7506
1.67869	12.834
1.67968	12.9173
1.68151	13.0006
1.68216	13.0775
1.68358	13.1545
1.68565	13.2314
1.68782	13.3083
1.68916	13.3852
1.6898	13.4622
1.69257	13.5391
1.69397	13.616
1.69536	13.6929
1.69675	13.7699
1.70223	13.8468
1.70361	13.9237
1.70499	14.0006
1.70636	14.0721
1.70781	14.1435
1.70994	14.2149
1.71407	14.2863
1.71475	14.3578
1.71544	14.4292
1.7169	14.5006
1.71753	14.5721
1.71911	14.6435
1.71985	14.7149
1.72459	14.7863
1.7252	14.8578
1.72653	14.9292
1.7279	15.0006
1.73004	15.0673
1.73684	15.134
1.73825	15.2006
1.73903	15.2673
1.73966	15.334
1.74099	15.4006
1.74182	15.4673
1.74315	15.534
1.7445	15.6006
1.7461	15.6673
1.75213	15.734
1.75423	15.8006
1.75833	15.8673
1.759	15.934
1.76053	16.0006
1.76175	16.0631
1.76725	16.1256
1.76866	16.1881
1.77141	16.2506
1.77276	16.3131
1.77416	16.3756
1.77484	16.4381
1.77626	16.5006
1.77764	16.5631
1.7797	16.6256
1.78344	16.6881
1.78459	16.7506
1.78528	16.8131
1.78596	16.8756
1.78731	16.9381
1.78807	17.0006
1.78941	17.0594
1.79217	17.1183
1.79427	17.1771
1.80078	17.2359
1.80461	17.2947
1.80599	17.3536
1.80681	17.4124
1.80752	17.4712
1.80881	17.53
1.80946	17.5889
1.8185	17.6477
1.81986	17.7065
1.82125	17.7653
1.82279	17.8242
1.82403	17.883
1.82536	17.9418
1.8269	18.0006
1.82814	18.0562
1.8295	18.1117
1.83112	18.1673
1.83229	18.2228
1.8339	18.2784
1.83509	18.334
1.84077	18.3895
1.84341	18.4451
1.84472	18.5006
1.84607	18.5562
1.85094	18.6117
1.85163	18.6673
1.85251	18.7228
1.85368	18.7784
1.85508	18.834
1.85595	18.8895
1.85646	18.9451
1.85721	19.0006
1.85856	19.0533
1.85993	19.1059
1.86273	19.1585
1.86411	19.2111
1.86553	19.2638
1.86691	19.3164
1.87238	19.369
1.87519	19.4217
1.87662	19.4743
1.87789	19.5269
1.88689	19.5796
1.88762	19.6322
1.88832	19.6848
1.88923	19.7375
1.89107	19.7901
1.89312	19.8427
1.89385	19.8954
1.89524	19.948
1.89655	20.0006
1.89806	20.0506
1.89862	20.1006
1.89936	20.1506
1.90356	20.2006
1.90422	20.2506
1.90509	20.3006
1.90766	20.3506
1.91047	20.4006
1.9133	20.4506
1.91469	20.5006
1.92601	20.5506
1.9274	20.6006
1.92878	20.6506
1.9317	20.7006
1.93368	20.7506
1.9344	20.8006
1.93501	20.8506
1.93583	20.9006
1.93637	20.9506
1.93775	21.0006
1.93982	21.0482
1.94137	21.0959
1.9433	21.1435
1.94677	21.1911
1.9475	21.2387
1.94817	21.2863
1.95235	21.334
1.95513	21.3816
1.95923	21.4292
1.96065	21.4768
1.96612	21.5244
1.96755	21.5721
1.96963	21.6197
1.97173	21.6673
1.97384	21.7149
1.97451	21.7625
1.97587	21.8101
1.97738	21.8578
1.97861	21.9054
1.9793	21.953
1.97998	22.0006
1.98067	22.0461
1.98136	22.0915
1.98275	22.137
1.98431	22.1824
1.98554	22.2279
1.98847	22.2733
1.99108	22.3188
1.99247	22.3643
1.99315	22.4097
1.99383	22.4552
1.9952	22.5006
1.99658	22.5461
1.99799	22.5915
1.99937	22.637
2.00077	22.6824
2.00143	22.7279
2.00216	22.7733
2.00289	22.8188
2.00354	22.8643
2.00711	22.9097
2.00839	22.9552
2.00977	23.0006
2.01116	23.0441
2.01182	23.0876
2.01259	23.1311
2.0133	23.1745
2.01465	23.218
2.01539	23.2615
2.01675	23.305
2.01832	23.3484
2.02016	23.3919
2.02086	23.4354
2.0216	23.4789
2.02224	23.5224
2.02429	23.5658
2.02701	23.6093
2.02843	23.6528
2.02978	23.6963
2.0305	23.7398
2.03186	23.7832
2.03257	23.8267
2.03393	23.8702
2.03529	23.9137
2.03673	23.9571
2.0374	24.0006
2.03809	24.0423
2.03878	24.084
2.04021	24.1256
2.04334	24.1673
2.04394	24.209
2.04444	24.2506
2.04582	24.2923
2.04767	24.334
2.04812	24.3756
2.04854	24.4173
2.0493	24.459
2.05062	24.5006
2.05134	24.5423
2.05201	24.584
2.05341	24.6256
2.0548	24.6673
2.05552	24.709
2.05689	24.7506
2.05768	24.7923
2.05823	24.834
2.05913	24.8756
2.05961	12.4378
2.06096	12.5211
2.06168	12.6045
2.06235	12.6878
2.06373	12.7711
2.06517	12.8545
2.06725	12.9378
2.06868	13.0211
2.0702	13.0981
2.07287	13.175
2.07356	13.2519
2.07554	13.3288
2.07691	13.4058
2.07825	13.4827
2.07963	13.5596
2.08035	13.6365
2.08171	13.7135
2.08242	13.7904
2.08377	13.8673
2.0845	13.9442
2.08585	14.0211
2.08651	14.0926
2.08721	14.164
2.08866	14.2354
2.09193	14.3069
2.09221	14.3783
2.09355	14.4497
2.09423	14.5211
2.09493	14.5926
2.09628	14.664
2.09698	14.7354
2.09768	14.8069
2.09836	7.40343
2.09906	7.54629
2.09976	7.68914
2.10043	7.832
2.10184	7.97486
2.10253	8.11772
2.11358	8.24272
2.11419	8.36772
2.11489	8.49272
2.11568	8.61772
2.11695	8.74272
2.11845	8.86772
2.11967	8.99272
2.12102	9.11772
2.13395	9.22883
2.13525	9.33994
2.13592	9.45105
2.13665	9.56216
2.13734	9.67327
2.13819	9.78438
2.13873	9.89549
2.14008	10.0066
2.14076	10.1066
2.15828	10.2066
2.15963	10.3066
2.16101	10.4066
2.16172	10.5066
2.16306	10.6066
2.16375	10.7066
2.16511	10.8066
2.16653	10.9066
2.16789	11.0066
2.16925	11.0975
2.18478	11.1884
2.18613	11.2793
2.18689	11.3702
2.18755	11.4611
2.18819	11.5521
2.18891	11.643
2.18961	11.7339
2.19096	11.8248
2.19232	11.9157
2.19304	12.0066
2.19519	12.0899
2.21891	12.1733
2.22014	12.2566
2.22153	12.3399
2.22374	12.4233
2.2238	12.5066
2.22522	12.5899
2.22634	12.6733
2.22772	12.7566
2.22845	12.8399
2.22914	12.9233
2.23051	13.0066
2.23121	13.0835
2.25081	13.1605
2.25224	13.2374
2.25364	13.3143
2.2543	13.3912
2.25567	13.4681
2.25638	13.5451
2.25832	13.622
2.25983	13.6989
2.26045	13.7758
2.2611	13.8528
2.26179	13.9297
2.26254	14.0066
2.2639	14.078
2.28535	14.1495
2.28595	14.2209
2.28665	14.2923
2.28745	14.3637
2.28809	14.4352
2.28879	14.5066
2.28943	14.578
2.29019	14.6495
2.29083	14.7209
2.29155	14.7923
2.29293	14.8637
2.29362	14.9352
2.29502	15.0066
2.29629	15.0733
2.32421	15.1399
2.325	15.2066
2.32839	15.2733
2.32964	15.3399
2.33053	15.4066
2.33173	15.4733
2.33322	15.5399
2.33382	15.6066
2.33515	15.6733
2.33587	15.7399
2.33756	15.8066
2.33877	15.8733
2.34082	15.9399
2.34219	16.0066
2.34291	16.0691
2.35476	16.1316
2.35618	16.1941
2.35825	16.2566
2.36028	16.3191
2.36167	16.3816
2.36379	16.4441
2.36594	16.5066
2.36871	16.5691
2.36938	16.6316
2.37006	16.6941
2.3715	16.7566
2.37218	16.8191
2.37353	16.8816
2.37422	16.9441
2.37496	17.0066
2.37558	17.0654
2.39485	17.1243
2.39617	17.1831
2.39756	17.2419
2.3989	17.3007
2.39961	17.3595
2.4003	17.4184
2.40119	17.4772
2.40166	17.536
2.40302	17.5948
2.40443	17.6537
2.40583	17.7125
2.40654	17.7713
2.40792	17.8301
2.40996	17.889
2.41133	17.9478
2.41271	18.0066
2.41407	18.0622
2.43564	18.1177
2.43636	18.1733
2.43771	18.2288
2.43906	18.2844
2.44043	18.3399
2.44181	18.3955
2.44324	18.451
2.44458	18.5066
2.44595	18.5622
2.44674	18.6177
2.44802	18.6733
2.44942	18.7288
2.45009	18.7844
2.45151	18.8399
2.45284	18.8955
2.45431	18.951
2.45559	19.0066
2.45907	19.0592
2.48055	19.1119
2.48121	19.1645
2.48193	19.2171
2.48264	19.2698
2.48397	19.3224
2.48535	19.375
2.48748	19.4277
2.48877	19.4803
2.49017	19.5329
2.49153	19.5856
2.49362	19.6382
2.4943	19.6908
2.49506	19.7434
2.49641	19.7961
2.49775	19.8487
2.5	19.9013
2.50121	19.954
2.50281	20.0066
2.50491	20.0566
2.51242	20.1066
2.51384	20.1566
2.51467	20.2066
2.51517	10.1033
2.51587	10.2033
2.51654	10.3033
2.51723	10.4033
2.51862	10.5033
2.51931	10.6033
2.52001	10.7033
2.52206	10.8033
2.52346	10.9033
2.52484	11.0033
2.5262	11.0942
2.52755	11.1851
2.52891	11.276
2.52963	11.3669
2.53101	11.4578
2.53236	11.5488
2.53719	11.6397
2.54904	11.7306
2.54973	11.8215
2.55036	11.9124
2.55423	12.0033
2.55491	12.0866
2.55691	12.17
2.55761	12.2533
2.55828	12.3366
2.55897	12.42
2.56036	12.5033
2.56182	12.5866
2.57358	12.67
2.57495	12.7533
2.57653	12.8366
2.5791	12.92
2.57989	13.0033
2.58115	13.0802
2.58318	13.1571
2.58391	13.2341
2.58526	13.311
2.58598	13.3879
2.58732	13.4648
2.59017	13.5418
2.60264	13.6187
2.60396	13.6956
2.60538	13.7725
2.60811	13.8495
2.60948	13.9264
2.61084	14.0033
2.61259	14.0747
2.61363	14.1462
2.61523	14.2176
2.61585	14.289
2.61636	14.3604
2.61908	14.4319
2.6198	14.5033
2.62751	14.5747
2.62821	14.6462
2.62962	14.7176
2.631	14.789
2.63235	14.8604
2.63442	14.9319
2.63578	15.0033
2.63646	15.07
2.63787	15.1366
2.63927	15.2033
2.64014	15.27
2.64128	15.3366
2.64198	15.4033
2.64333	15.47
2.65382	15.5366
2.65517	15.6033
2.65601	15.67
2.65675	15.7366
2.65737	15.8033
2.65796	15.87
2.65864	15.9366
2.65943	16.0033
2.66006	16.0658
2.66136	16.1283
2.66208	16.1908
2.66344	16.2533
2.66412	16.3158
2.66549	16.3783
2.66618	16.4408
2.66909	16.5033
2.66979	16.5658
2.67069	16.6283
2.67123	16.6908
2.67188	16.7533
2.67266	16.8158
2.67322	16.8783
2.67405	16.9408
2.67483	17.0033
2.67538	17.0621
2.67601	17.1209
2.67674	17.1798
2.67742	17.2386
2.67942	17.2974
2.68081	17.3562
2.68219	17.4151
2.68942	17.4739
2.69076	17.5327
2.69216	17.5915
2.69354	17.6504
2.6949	17.7092
2.69645	17.768
2.69787	17.8268
2.69905	17.8857
2.69983	17.9445
2.70043	18.0033
2.70113	18.0589
2.70179	18.1144
2.70267	18.17
2.70329	18.2255
2.70386	18.2811
2.70462	18.3366
2.70522	18.3922
2.71781	18.4477
2.71916	18.5033
2.72055	18.5589
2.72201	18.6144
2.72349	18.67
2.72469	18.7255
2.72533	18.7811
2.726	18.8366
2.72669	18.8922
2.72739	18.9477
2.7281	19.0033
2.72942	19.0559
2.73015	19.1086
2.73152	19.1612
2.7329	19.2138
2.73358	19.2665
2.73425	19.3191
2.73499	19.3717
2.74662	19.4244
2.74806	19.477
2.74864	19.5296
2.75078	19.5822
2.75208	19.6349
2.75288	19.6875
2.75361	19.7401
2.75494	19.7928
2.75623	19.8454
2.75759	19.898
2.75829	19.9507
2.75967	20.0033
2.76175	20.0533
2.76378	20.1033
2.76446	20.1533
2.76601	20.2033
2.76806	20.2533
2.76875	20.3033
2.76945	20.3533
2.77374	20.4033
2.77386	20.4533
2.77401	20.5033
2.77451	20.5533
2.77527	20.6033
2.77593	20.6533
2.77657	20.7033
2.7772	20.7533
2.77788	20.8033
2.77861	20.8533
2.77943	20.9033
2.78014	20.9533
2.78079	21.0033
2.78135	21.0509
2.78272	21.0985
2.78406	21.1462
2.78475	21.1938
2.78614	21.2414
2.78768	21.289
2.78906	21.3366
2.79841	21.3843
2.79903	21.4319
2.8004	21.4795
2.8013	21.5271
2.802	21.5747
2.80284	21.6223
2.8041	21.67
2.80543	21.7176
2.80679	21.7652
2.80763	21.8128
2.80817	21.8604
2.80955	21.9081
2.81095	21.9557
2.81227	22.0033
2.81369	22.0488
2.81436	22.0942
2.81506	22.1397
2.81577	22.1851
2.81647	22.2306
2.81712	22.276
2.81779	22.3215
2.82898	22.3669
2.82989	22.4124
2.83129	22.4578
2.83271	22.5033
2.83337	22.5488
2.83429	22.5942
2.83477	22.6397
2.83614	22.6851
2.83751	22.7306
2.83887	22.776
2.84026	22.8215
2.84164	22.8669
2.84299	22.9124
2.84437	22.9578
2.84572	23.0033
2.8471	23.0468
2.84867	23.0903
2.84921	23.1337
2.84993	23.1772
2.85176	23.2207
2.85211	23.2642
2.85268	23.3076
2.85574	23.3511
2.85621	23.3946
2.85639	23.4381
2.85735	23.4816
2.85812	23.525
2.85899	23.5685
2.85965	23.612
2.8604	23.6555
2.86107	23.699
2.86172	23.7424
2.86238	23.7859
2.8631	23.8294
2.86446	23.8729
2.86515	23.9163
2.86584	23.9598
2.86737	24.0033
2.86789	24.045
2.86952	24.0866
2.87065	24.1283
2.87136	24.17
2.87294	24.2116
2.87416	24.2533
2.87549	24.295
2.89147	24.3366
2.89328	24.3783
2.89496	24.42
2.89611	24.4616
2.89675	24.5033
2.8976	24.545
2.89825	24.5866
2.89945	24.6283
2.9003	24.67
2.90235	24.7116
2.90304	24.7533
2.90375	24.795
2.90454	24.8366
2.90508	24.8783
2.90576	24.92
2.90646	24.9616
2.90719	25.0033
2.90858	25.0433
2.91059	25.0833
2.91195	25.1233
2.91341	25.1633
2.91409	25.2033
2.91544	25.2433
2.9175	25.2833
2.93296	25.3233
2.93381	25.3633
2.9344	25.4033
2.93503	25.4433
2.93643	25.4833
2.93778	25.5233
2.93915	25.5633
2.94053	25.6033
2.94187	25.6433
2.94326	25.6833
2.94395	25.7233
2.94467	25.7633
2.94535	25.8033
2.94604	25.8433
2.94739	25.8833
2.94809	25.9233
2.94876	25.9633
2.94947	26.0033
2.95086	26.0418
2.95223	26.0802
2.95292	26.1187
2.95431	26.1571
2.95507	26.1956
2.95636	26.2341
2.95704	26.2725
2.96655	26.311
2.96793	26.3495
2.96942	26.3879
2.97133	26.4264
2.97271	26.4648
2.97406	26.5033
2.97543	26.5418
2.97681	26.5802
2.97817	26.6187
2.97954	26.6571
2.98105	26.6956
2.98229	26.7341
2.98368	26.7725
2.98505	26.811
2.98644	26.8495
2.98781	26.8879
2.98917	26.9264
2.99052	26.9648
2.99192	27.0033
2.9933	27.0403
2.99484	27.0774
2.9961	27.1144
2.99747	27.1515
2.99879	27.1885
3.00039	27.2255
3.00091	27.2626
3.01197	27.2996
3.01264	27.3366
3.01404	27.3737
3.01544	27.4107
3.01618	27.4477
3.01748	27.4848
3.01884	27.5218
3.01957	27.5589
3.02094	27.5959
3.02162	27.6329
3.02299	27.67
3.02369	27.707
3.02784	27.744
3.02987	27.7811
3.03191	27.8181
3.03329	27.8552
3.03466	27.8922
3.03535	27.9292
3.03672	27.9663
3.0381	28.0033
3.03878	28.039
3.04016	28.0747
3.04084	28.1104
3.04247	28.1462
3.04497	28.1819
3.04568	28.2176
3.04706	28.2533
3.05129	28.289
3.05267	28.3247
3.05403	28.3604
3.05541	28.3962
3.05611	28.4319
3.05749	28.4676
3.05846	28.5033
3.0596	28.539
3.06022	28.5747
3.06165	28.6104
3.06231	28.6462
3.06449	28.6819
3.06513	28.7176
3.06574	28.7533
3.06643	28.789
3.06715	28.8247
3.06853	28.8604
3.06987	28.8962
3.07126	28.9319
3.07218	28.9676
3.0733	29.0033
3.07481	29.0378
3.07537	29.0723
3.07605	29.1068
3.07748	29.1412
3.07948	29.1757
3.08226	29.2102
3.08383	29.2447
3.08792	29.2792
3.0893	29.3136
3.09069	29.3481
3.09139	29.3826
3.09274	29.4171
3.09413	29.4516
3.09552	29.4861
3.09685	29.5205
3.09752	29.555
3.09902	29.5895
3.09962	29.624
3.10032	29.6585
3.101	29.693
3.10169	29.7274
3.10239	29.7619
3.10306	29.7964
3.10443	29.8309
3.10512	29.8654
3.10578	29.8999
3.10716	29.9343
3.10786	29.9688
3.10854	30.0033
3.10921	30.0366
3.1099	30.07
3.11059	30.1033
3.11141	30.1366
3.11265	30.17
3.11409	30.2033
3.11544	30.2366
3.12314	30.27
3.12448	30.3033
3.12665	30.3366
3.12729	30.37
3.12934	30.4033
3.1307	30.4366
3.13139	30.47
3.13277	30.5033
3.1343	15.2517
3.13482	15.3183
3.1362	15.385
3.13755	15.4517
3.13892	15.5183
3.14031	15.585
3.14166	15.6517
3.14306	15.7183
3.14512	15.785
3.14721	15.8517
3.14925	15.9183
3.14993	15.985
3.15061	16.0517
3.15197	16.1142
3.15267	16.1767
3.15489	16.2392
3.15493	16.3017
3.1561	16.3642
3.1568	16.4267
3.15816	16.4892
3.15957	16.5517
3.16093	16.6142
3.16538	16.6767
3.16727	16.7392
3.16868	16.8017
3.17002	16.8642
3.17138	16.9267
3.17306	16.9892
3.17371	17.0517
3.17447	17.1105
3.18338	17.1693
3.1848	17.2281
3.18615	17.2869
3.1875	17.3458
3.18889	17.4046
3.18959	17.4634
3.19096	17.5222
3.19232	17.5811
3.20002	17.6399
3.20068	17.6987
3.20207	17.7575
3.20275	17.8164
3.20424	17.8752
3.20484	17.934
3.20552	17.9928
3.2069	18.0517
3.20757	18.1072
3.21036	18.1628
3.21107	18.2183
3.21178	18.2739
3.21306	18.3294
3.21447	18.385
3.21515	18.4405
3.21721	18.4961
3.2179	18.5517
3.22786	18.6072
3.22905	18.6628
3.22971	18.7183
3.23198	18.7739
3.23319	18.8294
3.23459	18.885
3.23534	18.9405
3.23596	18.9961
3.23731	19.0517
3.23884	19.1043
3.23937	19.1569
3.24076	19.2095
3.24213	19.2622
3.24286	19.3148
3.24352	19.3674
3.2449	19.4201
3.24634	19.4727
3.24777	19.5253
3.25811	19.578
3.2595	19.6306
3.26086	19.6832
3.26223	19.7359
3.26497	19.7885
3.26635	19.8411
3.26791	19.8938
3.26916	19.9464
3.27053	19.999
3.2712	20.0517
3.27255	20.1017
3.27325	20.1517
3.27476	20.2017
3.27681	20.2517
3.27748	20.3017
3.27887	20.3517
3.28377	20.4017
3.28512	20.4517
3.28652	20.5017
3.28967	20.5517
3.29019	20.6017
3.29085	20.6517
3.29154	20.7017
3.2936	20.7517
3.29513	20.8017
3.29634	20.8517
3.29703	20.9017
3.29853	20.9517
3.29926	21.0017
3.30046	21.0493
3.30114	21.0969
3.30268	21.1445
3.3039	21.1921
3.30528	21.2397
3.30605	10.6199
3.30735	10.7199
3.30953	10.8199
3.31147	10.9199
3.31353	11.0199
3.32831	11.1108
3.32882	11.2017
3.33019	11.2926
3.33088	11.3835
3.33156	11.4744
3.33241	11.5653
3.33295	11.6562
3.33432	11.7471
3.33501	11.8381
3.33636	11.929
3.33706	12.0199
3.33843	12.1032
3.33911	12.1865
3.3398	12.2699
3.34121	12.3532
3.34188	12.4365
3.36757	12.5199
3.36894	12.6032
3.3696	12.6865
3.37029	12.7699
3.37097	12.8532
3.37238	12.9365
3.37305	13.0199
3.3744	13.0968
3.37578	13.1737
3.37714	13.2506
3.37851	13.3276
3.3799	13.4045
3.39315	13.4814
3.39426	13.5583
3.39564	13.6353
3.39706	13.7122
3.39845	13.7891
3.4006	13.866
3.40118	13.943
3.40255	14.0199
3.40393	14.0913
3.40529	14.1627
3.40665	14.2342
3.40823	14.3056
3.40943	14.377
3.42089	14.4484
3.4212	14.5199
3.42189	14.5913
3.42258	14.6627
3.42352	14.7342
3.42407	14.8056
3.42557	14.877
3.42691	14.9484
3.42829	15.0199
3.42882	15.0865
3.4295	15.1532
3.43095	15.2199
3.43246	15.2865
3.43296	15.3532
3.44332	15.4199
3.44399	15.4865
3.44537	15.5532
3.44675	15.6199
3.44745	15.6865
3.44823	15.7532
3.45074	15.8199
3.45179	15.8865
3.45318	15.9532
3.45472	16.0199
3.45595	16.0824
3.45729	16.1449
3.458	16.2074
3.45873	16.2699
3.45947	16.3324
3.46222	16.3949
3.46364	16.4574
3.46431	16.5199
3.46635	16.5824
3.4677	16.6449
3.4705	16.7074
3.4774	16.7699
3.47878	16.8324
3.48014	16.8949
3.48082	16.9574
3.48219	17.0199
3.48359	17.0787
3.48425	17.1375
3.48495	17.1963
3.48566	17.2552
3.48637	17.314
3.48717	17.3728
3.48791	17.4316
3.48845	17.4905
3.49021	17.5493
3.49084	17.6081
3.49123	17.6669
3.4926	17.7258
3.49396	17.7846
3.49465	17.8434
3.49603	17.9022
3.49737	17.961
3.49876	18.0199
3.50015	18.0754
3.50248	18.131
3.50361	18.1865
3.50498	18.2421
3.50635	18.2977
3.51126	18.3532
3.51335	18.4088
3.51476	18.4643
3.51616	18.5199
3.51751	18.5754
3.51817	18.631
3.51885	18.6865
3.52028	18.7421
3.52162	18.7977
3.5237	18.8532
3.52711	18.9088
3.52948	18.9643
3.53085	19.0199
3.53233	19.0725
3.53356	19.1251
3.53576	19.1778
3.53633	19.2304
3.53772	19.283
3.54116	19.3357
3.54262	19.3883
3.54333	19.4409
3.54604	19.4936
3.54744	19.5462
3.54952	19.5988
3.55093	19.6515
3.55222	19.7041
3.55302	19.7567
3.55362	19.8093
3.55429	19.862
3.55499	19.9146
3.55568	19.9672
3.55662	20.0199
3.55715	20.0699
3.55782	20.1199
3.5585	20.1699
3.55918	20.2199
3.56127	20.2699
3.56266	20.3199
3.56353	20.3699
3.56411	20.4199
3.56547	20.4699
3.56682	20.5199
3.56752	20.5699
3.56821	20.6199
3.56891	20.6699
3.57042	20.7199
3.57096	20.7699
3.5724	20.8199
3.57369	20.8699
3.57505	20.9199
3.57709	20.9699
3.57866	21.0199
3.58127	21.0675
3.58344	21.1151
3.58468	21.1627
3.58673	21.2103
3.58811	21.258
3.59089	21.3056
3.59448	21.3532
3.59515	21.4008
3.59588	21.4484
3.59724	21.4961
3.59861	21.5437
3.59926	21.5913
3.59995	21.6389
3.6007	21.6865
3.6015	21.7342
3.60314	21.7818
3.60384	21.8294
3.60467	21.877
3.6052	21.9246
3.60664	21.9723
3.60801	22.0199
3.60868	22.0653
3.61009	22.1108
3.61075	22.1562
3.61281	22.2017
3.61418	22.2471
3.61629	22.2926
3.62114	22.3381
3.62252	22.3835
3.62392	22.429
3.62526	22.4744
3.62667	22.5199
3.62799	22.5653
3.62939	22.6108
3.63078	22.6562
3.63144	22.7017
3.63282	22.7471
3.63419	22.7926
3.63487	22.8381
3.63624	22.8835
3.63831	22.929
3.63972	22.9744
3.6404	23.0199
3.64181	23.0634
3.64331	23.1068
3.64455	23.1503
3.64592	23.1938
3.64729	23.2373
3.64874	23.2807
3.65265	23.3242
3.65288	23.3677
3.65429	23.4112
3.65498	23.4547
3.65582	23.4981
3.65708	23.5416
3.65776	23.5851
3.65845	23.6286
3.65914	23.672
3.65983	23.7155
3.66122	23.759
3.6626	23.8025
3.66399	23.846
3.66536	23.8894
3.66673	23.9329
3.66738	23.9764
3.66814	24.0199
3.66881	24.0615
3.66952	24.1032
3.67017	24.1449
3.67152	24.1865
3.67219	24.2282
3.67435	24.2699
3.68265	24.3115
3.68537	24.3532
3.68742	24.3949
3.6888	24.4365
3.69154	24.4782
3.69226	12.2391
3.69359	12.3224
3.69443	12.4058
3.6971	12.4891
3.69778	12.5724
3.69847	12.6558
3.69914	12.7391
3.70055	12.8224
3.70123	12.9058
3.70271	12.9891
3.70327	13.0724
3.70396	13.1494
3.70537	13.2263
3.70602	13.3032
3.70737	13.3801
3.70878	13.4571
3.70946	13.534
3.71152	13.6109
3.71431	13.6878
3.71546	13.7647
3.71577	13.8417
3.71645	13.9186
3.71808	13.9955
3.71851	14.0724
3.72195	14.1439
3.72264	14.2153
3.72398	14.2867
3.72537	14.3582
3.7275	14.4296
3.72886	14.501
3.73026	14.5724
3.73851	14.6439
3.74754	14.7153
3.74823	14.7867
3.7496	14.8582
3.75028	14.9296
3.75097	15.001
3.75234	15.0677
3.75302	15.1343
3.75443	15.201
3.75511	15.2677
3.75589	15.3343
3.75714	15.401
3.75851	15.4677
3.75923	15.5343
3.76077	15.601
3.76763	15.6677
3.76896	15.7343
3.76967	15.801
3.77108	15.8677
3.77177	15.9343
3.77314	16.001
3.77449	16.0635
3.7759	16.126
3.77658	16.1885
3.77862	16.251
3.77935	8.1255
3.7807	8.2505
3.78206	8.3755
3.78343	8.5005
3.79103	8.6255
3.79666	8.7505
3.79799	8.8755
3.79871	9.0005
3.7996	9.11162
3.80007	9.22273
3.80143	9.33384
3.80281	9.44495
3.80419	9.55606
3.80489	9.66717
3.8063	9.77828
3.80694	9.88939
3.82246	10.0005
3.8246	10.1005
3.82596	10.2005
3.82728	10.3005
3.82936	10.4005
3.83072	10.5005
3.83209	10.6005
3.83804	10.7005
3.8389	10.8005
3.85355	10.9005
3.85475	11.0005
3.85629	11.0914
3.85686	11.1823
3.85751	11.2732
3.85821	11.3641
3.85888	11.455
3.85956	11.546
3.86024	11.6369
3.86095	11.7278
3.88478	11.8187
3.88559	11.9096
3.88698	12.0005
3.88836	12.0838
3.88903	12.1672
3.89019	12.2505
3.89065	12.3338
3.89108	12.4172
3.89248	12.5005
3.89387	12.5838
3.89451	12.6672
3.9022	12.7505
3.90292	12.8338
3.90429	12.9172
3.90496	13.0005
3.90634	13.0774
3.90774	13.1544
3.90863	13.2313
3.90989	13.3082
3.91052	13.3851
3.9119	13.462
3.91259	13.539
3.91398	13.6159
3.92711	13.6928
3.92848	13.7697
3.92997	13.8467
3.93058	13.9236
3.9319	14.0005
3.93328	14.0719
3.93395	14.1434
3.93533	14.2148
3.93604	14.2862
3.93675	14.3576
3.93808	14.4291
3.93949	14.5005
3.94087	14.5719
3.95545	14.6434
3.95614	14.7148
3.95748	14.7862
3.96024	14.8576
3.963	14.9291
3.96367	15.0005
3.96639	15.0672
3.96777	15.1338
3.96917	15.2005
3.97125	15.2672
3.97261	15.3338
3.97466	15.4005
3.97607	15.4672
3.97673	15.5338
3.98386	15.6005
3.98448	15.6672
3.98594	15.7338
3.98856	15.8005
3.98928	15.8672
3.99127	15.9338
3.99199	16.0005
3.99269	16.063
3.99551	16.1255
3.99759	16.188
3.99961	16.2505
4.001	16.313
4.00167	16.3755
4.00375	16.438
4.00512	16.5005
4.01789	16.563
4.01906	16.6255
4.02116	16.688
4.02182	16.7505
4.0232	16.813
4.02453	16.8755
4.02592	16.938
4.02797	17.0005
4.02937	17.0593
4.03076	17.1182
4.03417	17.177
4.03554	17.2358
4.03624	17.2946
4.03761	17.3534
4.03896	17.4123
4.03966	17.4711
4.04388	17.5299
4.04529	17.5887
4.04663	17.6476
4.04735	17.7064
4.04876	17.7652
4.05012	17.824
4.05147	17.8829
4.05217	17.9417
4.05355	18.0005
4.05427	18.0561
4.05559	18.1116
4.05633	18.1672
4.05975	18.2227
4.06111	18.2783
4.06251	18.3338
4.06405	18.3894
4.06519	18.4449
4.07845	18.5005
4.07907	18.5561
4.07974	18.6116
4.0806	18.6672
4.08111	18.7227
4.08183	18.7783
4.0825	18.8338
4.08399	18.8894
4.08529	18.9449
4.08602	19.0005
4.0867	19.0531
4.08799	19.1058
4.08898	19.1584
4.0901	19.211
4.09093	19.2637
4.09219	19.3163
4.09624	19.3689
4.10042	19.4216
4.10734	19.4742
4.10802	19.5268
4.10938	19.5795
4.11007	19.6321
4.11079	19.6847
4.11144	19.7373
4.11284	19.79
4.11351	19.8426
4.11487	19.8952
4.11554	19.9479
4.1163	20.0005
4.11762	20.0505
4.11901	20.1005
4.11971	20.1505
4.12116	20.2005
4.12261	20.2505
4.12324	20.3005
4.12384	20.3505
4.12458	20.4005
4.12883	20.4505
4.12947	20.5005
4.1302	20.5505
4.13092	20.6005
4.13156	20.6505
4.13226	20.7005
4.1329	20.7505
4.13359	20.8005
4.13429	20.8505
4.13569	20.9005
4.13701	20.9505
4.13772	21.0005
4.14	21.0481
4.14116	21.0957
4.14209	21.1434
4.14394	21.191
4.14537	21.2386
4.14597	21.2862
4.14741	21.3338
4.14806	21.3815
4.15018	21.4291
4.15087	21.4767
4.15225	21.5243
4.15359	21.5719
4.15708	21.6196
4.15798	21.6672
4.15911	21.7148
4.16047	21.7624
4.16185	21.81
4.16262	21.8576
4.16327	21.9053
4.16464	21.9529
4.16627	22.0005
4.16692	22.046
4.16745	22.0914
4.16814	22.1369
4.16879	22.1823
4.16951	22.2278
4.17018	22.2732
4.17358	22.3187
4.1743	22.3641
4.17821	22.4096
4.17856	22.455
4.17922	22.5005
4.1806	22.546
4.18134	22.5914
4.18194	22.6369
4.18278	22.6823
4.18434	22.7278
4.18571	22.7732
4.18638	22.8187
4.18774	22.8641
4.18913	22.9096
4.18983	22.955
4.19118	23.0005
4.19188	23.044
4.19261	23.0875
4.19342	23.1309
4.19464	23.1744
4.19611	23.2179
4.19669	23.2614
4.19884	23.3049
4.20009	23.3483
4.20656	23.3918
4.2078	23.4353
4.20921	23.4788
4.20988	23.5222
4.2106	23.5657
4.2113	23.6092
4.21198	23.6527
4.21265	23.6962
4.21335	23.7396
4.21406	23.7831
4.21474	23.8266
4.21542	23.8701
4.21612	23.9135
4.21679	23.957
4.2175	24.0005
4.2182	24.0422
4.2189	24.0838
4.22098	24.1255
4.2237	24.1672
4.22509	24.2088
4.22578	24.2505
4.22749	24.2922
4.22785	24.3338
4.22932	24.3755
4.2295	24.4172
4.23067	24.4588
4.23203	24.5005
4.23272	24.5422
4.2341	24.5838
4.23477	24.6255
4.23546	24.6672
4.23683	24.7088
4.23753	24.7505
4.239	24.7922
4.24029	24.8338
4.24165	24.8755
4.24403	24.9172
4.24509	24.9588
4.24646	25.0005
4.24713	25.0405
4.24864	25.0805
4.24996	25.1205
4.25213	25.1605
4.25338	25.2005
4.25406	25.2405
4.25543	25.2805
4.25632	25.3205
4.25929	25.3605
4.25984	25.4005
4.26006	25.4405
4.26038	25.4805
4.2605	25.5205
4.26052	25.5605
4.26109	25.6005
4.26181	25.6405
4.2625	25.6805
4.26323	25.7205
4.26383	25.7605
4.26451	25.8005
4.26521	25.8405
4.26659	25.8805
4.26796	25.9205
4.26866	25.9605
4.27073	26.0005
4.27138	26.039
4.2721	26.0774
4.27277	26.1159
4.2735	26.1544
4.27554	26.1928
4.27622	26.2313
4.27757	26.2697
4.27894	26.3082
4.28661	26.3467
4.28752	26.3851
4.28866	26.4236
4.28942	26.462
4.2901	26.5005
4.29077	26.539
4.29146	26.5774
4.29218	26.6159
4.29284	26.6544
4.29353	26.6928
4.29492	26.7313
4.29628	26.7697
4.297	26.8082
4.2977	26.8467
4.29836	26.8851
4.29975	26.9236
4.30044	26.962
4.3011	27.0005
4.30258	27.0375
4.3032	27.0746
4.30455	27.1116
4.3052	27.1487
4.30679	27.1857
4.30729	27.2227
4.30864	27.2598
4.31074	27.2968
4.31394	27.3338
4.3143	27.3709
4.31498	27.4079
4.31566	27.4449
4.31636	27.482
4.31705	27.519
4.31776	27.5561
4.31844	27.5931
4.31919	27.6301
4.31994	27.6672
4.32047	27.7042
4.32113	27.7412
4.32187	27.7783
4.32323	27.8153
4.32462	27.8524
4.32599	27.8894
4.32753	27.9264
4.32871	27.9635
4.33007	28.0005
4.33213	28.0362
4.33356	28.0719
4.33489	28.1076
4.33633	28.1434
4.34005	28.1791
4.34116	28.2148
4.34185	28.2505
4.34257	28.2862
4.34698	28.3219
4.34745	28.3576
4.34822	28.3934
4.34958	28.4291
4.35021	28.4648
4.35108	28.5005
4.35241	28.5362
4.35297	28.5719
4.35443	28.6076
4.35502	28.6434
4.35657	28.6791
4.35779	28.7148
4.35848	28.7505
4.35987	28.7862
4.36125	28.8219
4.36188	28.8576
4.36329	28.8934
4.36463	28.9291
4.36672	28.9648
4.3681	29.0005
4.37153	29.035
4.37291	29.0695
4.37498	29.104
4.37566	29.1384
4.3764	29.1729
4.37771	29.2074
4.37908	29.2419
4.38049	29.2764
4.38411	29.3108
4.38418	29.3453
4.3848	29.3798
4.3856	29.4143
4.38829	29.4488
4.38897	29.4833
4.39052	29.5177
4.3917	29.5522
4.39312	29.5867
4.39447	29.6212
4.39581	29.6557
4.39719	29.6902
4.39861	29.7246
4.39995	29.7591
4.40133	29.7936
4.40269	29.8281
4.40409	29.8626
4.40479	29.8971
4.40682	29.9315
4.41049	29.966
4.41233	30.0005
4.41368	30.0338
4.41436	30.0672
4.41511	30.1005
4.41643	30.1338
4.41733	30.1672
4.41785	30.2005
4.41855	30.2338
4.41928	30.2672
4.42929	30.3005
4.42996	30.3338
4.43063	30.3672
4.43133	30.4005
4.43272	30.4338
4.4343	30.4672
4.43566	30.5005
4.43639	30.5338
4.43777	30.5672
4.43848	30.6005
4.43989	30.6338
4.44121	30.6672
4.44266	30.7005
4.44419	30.7338
4.4453	30.7672
4.4467	30.8005
4.44805	30.8338
4.44942	30.8672
4.45082	30.9005
4.45218	30.9338
4.45357	30.9672
4.45498	31.0005
4.45635	31.0328
4.4577	31.065
4.45927	31.0973
4.46045	31.1295
4.46203	31.1618
4.4625	31.1941
4.46329	31.2263
4.46392	31.2586
4.47296	31.2908
4.47431	31.3231
4.47497	31.3553
4.47638	31.3876
4.47706	31.4199
4.47776	31.4521
4.4786	31.4844
4.47915	31.5166
4.48053	31.5489
4.48142	31.5811
4.4819	31.6134
4.48259	31.6457
4.48328	31.6779
4.48398	31.7102
4.4847	31.7424
4.48534	31.7747
4.48604	31.807
4.48673	31.8392
4.48878	31.8715
4.48954	31.9037
4.4943	31.936
4.49702	31.9682
4.49841	32.0005
4.49978	32.0318
4.50144	32.063
4.5029	32.0943
4.5042	32.1255
4.50538	32.1568
4.50675	32.188
4.50813	32.2193
4.50964	32.2505
4.51415	32.2818
4.51424	32.313
4.51446	32.3443
4.51593	32.3755
4.51655	32.4068
4.51739	32.438
4.51945	32.4693
4.52074	32.5005
4.52206	32.5318
4.52339	32.563
4.52479	32.5943
4.52627	32.6255
4.52688	32.6568
4.52774	32.688
4.52967	32.7193
4.53034	32.7505
4.53168	32.7818
4.53315	32.813
4.5338	32.8443
4.53445	32.8755
4.53584	32.9068
4.53653	32.938
4.53739	32.9693
4.53795	33.0005
4.53931	33.0308
4.54204	33.0611
4.5427	33.0914
4.5435	33.1217
4.54516	33.152
4.54583	33.1823
4.54732	33.2126
4.55263	33.2429
4.55694	33.2732
4.55762	33.3035
4.55833	33.3338
4.559	33.3641
4.56106	33.3944
4.56251	33.4247
4.56396	33.455
4.5652	33.4854
4.5666	33.5157
4.56788	33.546
4.56929	33.5763
4.57074	33.6066
4.57226	33.6369
4.5736	33.6672
4.57486	33.6975
4.57626	33.7278
4.57759	33.7581
4.579	33.7884
4.58035	33.8187
4.58102	33.849
4.58243	33.8793
4.58382	33.9096
4.58463	33.9399
4.58516	33.9702
4.58662	34.0005
4.58873	34.0299
4.58929	34.0593
4.59066	34.0887
4.59139	34.1182
4.59218	34.1476
4.59341	34.177
4.59426	34.2064
4.5955	34.2358
4.60529	34.2652
4.60598	34.2946
4.60665	34.324
4.60733	34.3534
4.60804	34.3829
4.60888	34.4123
4.61014	34.4417
4.61215	34.4711
4.6137	34.5005
4.61491	34.5299
4.61625	34.5593
4.61767	34.5887
4.61904	34.6182
4.62048	34.6476
4.62179	34.677
4.62319	34.7064
4.62404	34.7358
4.62595	34.7652
4.62736	34.7946
4.62875	34.824
4.63075	34.8534
4.63214	34.8829
4.6329	34.9123
4.63493	34.9417
4.63626	34.9711
4.63695	35.0005
4.63913	35.0291
4.64045	35.0576
4.64177	35.0862
4.64251	35.1148
4.64383	35.1434
4.64622	35.1719
4.64756	35.2005
4.64826	35.2291
4.65118	35.2576
4.65198	35.2862
4.65265	35.3148
4.65322	35.3434
4.65409	35.3719
4.65464	35.4005
4.6554	35.4291
4.65598	35.4576
4.65734	35.4862
4.65872	35.5148
4.66284	35.5434
4.66419	35.5719
4.66509	35.6005
4.66559	35.6291
4.66769	35.6576
4.66902	35.6862
4.67454	35.7148
4.67533	35.7434
4.67657	35.7719
4.67799	35.8005
4.67864	35.8291
4.68005	35.8576
4.68163	35.8862
4.68217	35.9148
4.6828	35.9434
4.68351	35.9719
4.68489	36.0005
4.68627	36.0283
4.68762	36.0561
4.68919	36.0838
4.69038	36.1116
4.69177	36.1394
4.69465	36.1672
4.69526	36.1949
4.69593	36.2227
4.69839	36.2505
4.69863	36.2783
4.69882	36.3061
4.6989	36.3338
4.69955	36.3616
4.70091	36.3894
4.7023	36.4172
4.703	36.4449
4.70439	36.4727
4.70576	36.5005
4.70714	36.5283
4.70783	36.5561
4.70921	36.5838
4.71054	36.6116
4.71124	36.6394
4.71192	36.6672
4.71811	36.6949
4.72231	36.7227
4.72648	18.3614
4.72717	18.4169
4.72785	18.4725
4.72852	18.528
4.72931	18.5836
4.73071	18.6391
4.73137	18.6947
4.73277	18.7503
4.73416	18.8058
4.7355	18.8614
4.73687	18.9169
4.73823	18.9725
4.73962	19.028
4.74099	19.0807
4.74236	19.1333
4.74371	19.1859
4.74444	19.2386
4.74515	19.2912
4.74789	19.3438
4.74805	19.3965
4.74962	19.4491
4.75012	19.5017
4.7508	19.5543
4.75149	19.607
4.75221	19.6596
4.75289	19.7122
4.75356	19.7649
4.75424	19.8175
4.75494	19.8701
4.75565	19.9228
4.75717	19.9754
4.75771	20.028
4.75923	20.078
4.76047	20.128
4.76187	20.178
4.76476	20.228
4.77152	20.278
4.78958	20.328
4.7903	20.378
4.79113	20.428
4.79166	20.478
4.79248	20.528
4.79309	20.578
4.79395	20.628
4.7946	20.678
4.79524	20.728
4.79592	20.778
4.79657	20.828
4.79728	20.878
4.79813	20.928
4.79871	20.978
4.79936	21.028
4.80003	21.0756
4.80072	21.1233
4.80152	21.1709
4.80211	21.2185
4.80383	21.2661
4.8173	21.3137
4.82011	21.3614
4.82143	21.409
4.82281	21.4566
4.82556	21.5042
4.82692	21.5518
4.82832	21.5995
4.83037	21.6471
4.83174	21.6947
4.83322	21.7423
4.83455	21.7899
4.83699	21.8376
4.83771	21.8852
4.83907	21.9328
4.83975	21.9804
4.84043	22.028
4.84109	22.0735
4.84179	22.1189
4.84251	22.1644
4.84319	22.2098
4.84392	22.2553
4.86452	22.3008
4.86659	22.3462
4.86799	22.3917
4.86935	22.4371
4.87147	22.4826
4.87278	22.528
4.87416	22.5735
4.87553	22.6189
4.87691	22.6644
4.87827	22.7098
4.87963	22.7553
4.88323	22.8008
4.88393	22.8462
4.88462	22.8917
4.88598	22.9371
4.88736	22.9826
4.88874	23.028
4.89011	23.0715
4.89149	23.115
4.89284	23.1585
4.89421	23.2019
4.89625	23.2454
4.90267	23.2889
4.90477	23.3324
4.90626	23.3759
4.90683	23.4193
4.90817	23.4628
4.91028	23.5063
4.91229	23.5498
4.91433	23.5932
4.9171	23.6367
4.9188	23.6802
4.92083	23.7237
4.92967	23.7672
4.9304	23.8106
4.93171	23.8541
4.93242	23.8976
4.93375	23.9411
4.93581	23.9846
4.93716	24.028
4.94001	24.0697
4.9408	24.1114
4.94274	24.153
4.94348	24.1947
4.94538	24.2364
4.95767	24.278
4.95848	24.3197
4.96059	24.3614
4.96195	24.403
4.96334	24.4447
4.96399	24.4864
4.96536	24.528
4.96674	24.5697
4.96815	24.6114
4.96948	24.653
4.97087	24.6947
4.97224	24.7364
4.97376	24.778
4.97497	24.8197
4.97635	24.8614
4.97772	24.903
4.97908	24.9447
4.98123	24.9864
4.98328	25.028
4.98466	25.068
4.98741	25.108
4.99153	25.148
4.99358	25.188
4.99856	25.228
5.01064	25.268
5.01111	25.308
5.0118	25.348
5.01249	25.388
5.01322	25.428
5.01393	25.468
5.01457	25.508
5.01594	25.548
5.01728	25.588
5.01804	25.628
5.01943	25.668
5.02009	25.708
5.02079	25.748
5.02147	25.788
5.02218	25.828
5.02286	25.868
5.02363	25.908
5.02424	25.948
5.02842	25.988
5.02979	26.028
5.03205	26.0665
5.03458	26.105
5.03528	26.1434
5.03734	26.1819
5.04012	26.2203
5.06299	26.2588
5.0636	26.2973
5.06511	26.3357
5.06611	26.3742
5.06719	26.4126
5.06792	26.4511
5.06921	26.4896
5.07009	26.528
5.07071	26.5665
5.07128	26.605
5.07263	26.6434
5.07334	26.6819
5.07401	26.7203
5.07475	26.7588
5.07783	26.7973
5.08009	26.8357
5.08212	26.8742
5.08537	26.9126
5.1034	26.9511
5.10474	26.9896
5.10611	27.028
5.10681	27.0651
5.10819	27.1021
5.10892	27.1391
5.10963	27.1762
5.11059	27.2132
5.11277	27.2503
5.11324	27.2873
5.11398	27.3243
5.11473	27.3614
5.1154	27.3984
5.11678	27.4354
5.11749	27.4725
5.11817	27.5095
5.11886	27.5465
5.12026	27.5836
5.12095	27.6206
5.12231	27.6577
5.12313	27.6947
5.1237	27.7317
5.12509	27.7688
5.12577	27.8058
5.12645	27.8428
5.12715	27.8799
5.12852	27.9169
5.12987	27.954
5.13194	27.991
5.13262	28.028
5.13497	28.0637
5.13634	28.0995
5.13773	28.1352
5.14046	28.1709
5.14668	28.2066
5.1488	28.2423
5.15019	28.278
5.15299	28.3137
5.15434	28.3495
5.1557	28.3852
5.15708	28.4209
5.15914	28.4566
5.15989	28.4923
5.16127	28.528
5.16259	28.5637
5.16398	28.5995
5.16535	28.6352
5.16669	28.6709
5.16816	28.7066
5.1696	28.7423
5.17157	28.778
5.17226	28.8137
5.17293	28.8495
5.17358	28.8852
5.1743	28.9209
5.17569	28.9566
5.1764	28.9923
5.17704	29.028
5.17774	29.0625
5.1786	29.097
5.17985	29.1315
5.18048	29.166
5.18171	29.2004
5.18748	29.2349
5.18815	29.2694
5.19047	29.3039
5.19123	29.3384
5.19384	29.3729
5.19519	29.4073
5.19744	29.4418
5.19882	29.4763
5.20017	29.5108
5.20315	29.5453
5.205	29.5798
5.20643	29.6142
5.20842	29.6487
5.21051	29.6832
5.21258	29.7177
5.21394	29.7522
5.21461	29.7867
5.21669	29.8211
5.21804	29.8556
5.21942	29.8901
5.22081	29.9246
5.22218	29.9591
5.22365	29.9935
5.22422	30.028
5.22627	30.0614
5.22716	30.0947
5.22858	30.128
5.22904	30.1614
5.23051	30.1947
5.23538	30.228
5.23674	30.2614
5.23743	30.2947
5.23881	30.328
5.23953	30.3614
5.24088	30.3947
5.24157	30.428
5.24391	30.4614
5.24396	30.4947
5.24636	30.528
5.25258	30.5614
5.25599	30.5947
5.25736	30.628
5.25802	30.6614
5.25942	30.6947
5.26284	30.728
5.26424	30.7614
5.26563	30.7947
5.26699	30.828
5.26905	30.8614
5.27111	30.8947
5.27317	30.928
5.2746	30.9614
5.27595	30.9947
5.27731	31.028
5.27873	31.0603
5.27939	31.0925
5.28076	31.1248
5.28144	31.1571
5.28283	31.1893
5.28854	31.2216
5.28989	31.2538
5.29124	31.2861
5.29258	31.3184
5.29398	31.3506
5.29531	31.3829
5.29671	31.4151
5.29811	31.4474
5.29881	31.4796
5.29948	31.5119
5.30427	31.5442
5.30839	31.5764
5.30975	31.6087
5.31185	31.6409
5.31463	31.6732
5.3174	31.7054
5.31943	31.7377
5.32079	31.77
5.32217	31.8022
5.32354	31.8345
5.32424	31.8667
5.32492	31.899
5.32561	31.9313
5.32629	31.9635
5.32698	31.9958
5.32766	32.028
5.32836	32.0593
5.32903	32.0905
5.32971	32.1218
5.33124	32.153
5.33178	32.1843
5.33608	32.2155
5.33678	32.2468
5.33747	32.278
5.33883	32.3093
5.34022	32.3405
5.3416	32.3718
5.34299	32.403
5.34433	32.4343
5.34778	32.4655
5.34981	32.4968
5.35537	32.528
5.35744	32.5593
5.35811	32.5905
5.36018	32.6218
5.36371	32.653
5.36497	32.6843
5.36703	32.7155
5.36846	32.7468
5.37052	32.778
5.37189	32.8093
5.37324	32.8405
5.37396	32.8718
5.37463	32.903
5.37533	32.9343
5.37602	32.9655
5.37669	32.9968
5.37809	33.028
5.37875	33.0583
5.37948	33.0886
5.38014	33.1189
5.38084	33.1492
5.38153	33.1795
5.38657	33.2098
5.38724	33.2402
5.38795	16.6201
5.39055	16.6826
5.39498	16.7451
5.3962	16.8076
5.39825	16.8701
5.39963	16.9326
5.40031	16.9951
5.40101	17.0576
5.4017	17.1164
5.40236	17.1752
5.40305	17.234
5.40444	17.2929
5.40588	17.3517
5.41136	17.4105
5.41336	17.4693
5.41476	17.5282
5.41548	17.587
5.41627	17.6458
5.4168	17.7046
5.41751	17.7635
5.4182	17.8223
5.41886	17.8811
5.41953	17.9399
5.42032	17.9988
5.42093	18.0576
5.42162	18.1131
5.42231	18.1687
5.423	18.2242
5.42368	18.2798
5.42506	18.3354
5.42576	18.3909
5.43849	18.4465
5.44109	18.502
5.44731	18.5576
5.44896	18.6131
5.44901	18.6687
5.44937	18.7242
5.45008	18.7798
5.45144	18.8354
5.45214	18.8909
5.45283	18.9465
5.45351	19.002
5.45417	19.0547
5.4559	19.1073
5.4566	19.1599
5.45729	19.2125
5.458	19.2652
5.45867	19.3178
5.45937	19.3704
5.49077	19.4231
5.49832	19.4757
5.49906	19.5283
5.50042	19.581
5.5018	19.6336
5.50387	19.6862
5.50522	19.7389
5.50659	19.7915
5.50799	19.8441
5.50935	19.8968
5.5107	19.9494
5.51209	20.002
5.5135	20.052
5.51576	20.102
5.51697	20.152
5.51831	20.202
5.51974	20.252
5.52109	20.302
5.52315	20.352
5.5298	20.402
5.53259	20.452
5.53546	20.502
5.53617	20.552
5.5369	20.602
5.53761	20.652
5.53892	20.702
5.54138	20.752
5.54498	20.802
5.54776	20.852
5.54981	20.902
5.55261	20.952
5.55394	21.002
5.55533	21.0496
5.55736	21.0973
5.55804	21.1449
5.56012	21.1925
5.56219	21.2401
5.5643	21.2877
5.56567	21.3354
5.57188	21.383
5.57326	21.4306
5.57504	21.4782
5.57574	21.5258
5.5764	21.5734
5.5778	21.6211
5.57916	21.6687
5.58122	21.7163
5.58264	21.7639
5.58395	21.8115
5.5867	21.8592
5.58811	21.9068
5.58946	21.9544
5.59083	22.002
5.59148	22.0475
5.59292	22.0929
5.59431	22.1384
5.59796	22.1838
5.59993	22.2293
5.60119	22.2747
5.6026	22.3202
5.62537	22.3657
5.62601	22.4111
5.629	22.4566
5.63016	22.502
5.63155	22.5475
5.6329	22.5929
5.63496	22.6384
5.63564	22.6838
5.63633	22.7293
5.63768	22.7747
5.63837	22.8202
5.63976	22.8657
5.64045	22.9111
5.64113	22.9566
5.64184	23.002
5.6432	23.0455
5.64389	23.089
5.64528	23.1325
5.64602	23.1759
5.6473	23.2194
5.64798	23.2629
5.64938	23.3064
5.67004	23.3498
5.67076	23.3933
5.67257	23.4368
5.67325	23.4803
5.67404	23.5238
5.67545	23.5672
5.67684	23.6107
5.67837	23.6542
5.67955	23.6977
5.68094	23.7412
5.68228	23.7846
5.6837	23.8281
5.68436	23.8716
5.6857	23.9151
5.68646	23.9585
5.68712	24.002
5.68851	24.0437
5.68992	24.0854
5.69154	24.127
5.69268	24.1687
5.69473	24.2104
5.6965	24.252
5.69764	24.2937
5.72002	24.3354
5.72299	24.377
5.72438	24.4187
5.72649	24.4604
5.72866	24.502
5.72993	24.5437
5.73129	24.5854
5.73267	24.627
5.73462	24.6687
5.73546	24.7104
5.73684	24.752
5.73817	24.7937
5.73957	24.8354
5.74093	24.877
5.7423	24.9187
5.74368	24.9604
5.74506	25.002
5.74644	25.042
5.74785	25.082
5.74852	25.122
5.74921	25.162
5.74989	25.202
5.7506	25.242
5.75243	25.282
5.77751	25.322
5.77886	25.362
5.7796	25.402
5.78024	25.442
5.78162	25.482
5.78237	25.522
5.78304	25.562
5.786	25.602
5.78723	25.642
5.7886	25.682
5.78928	25.722
5.79074	25.762
5.792	25.802
5.79271	25.842
5.79615	25.882
5.79959	25.922
5.80162	25.962
5.80299	26.002
5.8044	26.0405
5.80643	26.0789
5.80779	26.1174
5.80914	26.1559
5.81052	26.1943
5.81122	26.2328
5.81192	26.2713
5.82163	26.3097
5.82299	26.3482
5.82507	26.3866
5.82579	26.4251
5.82712	26.4636
5.82852	26.502
5.82922	26.5405
5.83055	26.5789
5.83264	26.6174
5.83398	26.6559
5.8347	26.6943
5.83608	26.7328
5.83745	26.7713
5.83813	26.8097
5.84155	26.8482
5.84431	26.8866
5.8457	26.9251
5.84778	26.9636
5.84914	27.002
5.85123	27.0391
5.85331	27.0761
5.85471	27.1131
5.85603	27.1502
5.8567	27.1872
5.8581	27.2242
5.85958	27.2613
5.86177	27.2983
5.8619	27.3354
5.86369	27.3724
5.86438	27.4094
5.86593	27.4465
5.86779	27.4835
5.86851	27.5205
5.87052	27.5576
5.87898	27.5946
5.88171	27.6316
5.88244	27.6687
5.88321	27.7057
5.88448	27.7428
5.88584	27.7798
5.88791	27.8168
5.8886	27.8539
5.89141	27.8909
5.89276	27.9279
5.89413	27.965
5.89554	28.002
5.89728	28.0377
5.89828	28.0734
5.89899	28.1092
5.90034	28.1449
5.90179	28.1806
5.90336	28.2163
5.90448	28.252
5.90593	28.2877
5.90734	28.3234
5.90887	28.3592
5.91004	28.3949
5.91142	28.4306
5.91293	28.4663
5.91419	28.502
5.91692	28.5377
5.92448	28.5734
5.92652	28.6092
5.92717	28.6449
5.92931	28.6806
5.93138	28.7163
5.93271	28.752
5.93407	28.7877
5.93547	28.8234
5.93682	28.8592
5.93775	28.8949
5.93893	28.9306
5.94028	28.9663
5.94115	29.002
5.94165	29.0365
5.94307	29.071
5.94446	29.1055
5.94582	29.14
5.94723	29.1744
5.94857	29.2089
5.94925	29.2434
5.95556	29.2779
5.95694	29.3124
5.95832	29.3468
5.95966	29.3813
5.96105	29.4158
5.96172	29.4503
5.9638	29.4848
5.96587	29.5193
5.96933	29.5537
5.97069	29.5882
5.97203	29.6227
5.97349	29.6572
5.97492	29.6917
5.97629	29.7262
5.97762	29.7606
5.97833	29.7951
5.97899	29.8296
5.98034	29.8641
5.98106	29.8986
5.98175	29.9331
5.98312	29.9675
5.98453	30.002
5.9852	30.0354
5.98725	30.0687
5.98796	30.102
5.98863	30.1354
5.98934	30.1687
5.99074	30.202
5.99207	30.2354
5.99704	30.2687
5.99842	30.302
5.99974	30.3354
6.00044	30.3687
6.0011	30.402
6.00251	30.4354
6.0039	30.4687
6.00732	30.502
6.01014	30.5354
6.01156	30.5687
6.01312	30.602
6.01357	30.6354
6.01772	30.6687
6.01913	30.702
6.01983	30.7354
6.02119	30.7687
6.02187	30.802
6.02257	30.8354
6.02324	30.8687
6.02463	30.902
6.02599	30.9354
6.02667	30.9687
6.02733	31.002
6.02872	31.0343
6.03009	31.0665
6.0308	31.0988
6.03148	31.1311
6.03287	31.1633
6.03423	31.1956
6.03558	31.2278
6.03735	31.2601
6.03843	31.2923
6.04052	31.3246
6.04191	31.3569
6.04325	31.3891
6.04464	31.4214
6.046	31.4536
6.04814	31.4859
6.0508	31.5181
6.05219	31.5504
6.0543	31.5827
6.055	31.6149
6.05568	31.6472
6.05637	31.6794
6.05733	31.7117
6.05774	31.744
6.05914	31.7762
6.05981	31.8085
6.06062	31.8407
6.06122	31.873
6.06326	31.9052
6.06398	31.9375
6.0653	31.9698
6.06605	32.002
6.0681	32.0333
6.07015	32.0645
6.07154	32.0958
6.07223	32.127
6.07291	32.1583
6.07356	32.1895
6.07428	32.2208
6.07869	32.252
6.08022	32.2833
6.08074	32.3145
6.08208	32.3458
6.08281	32.377
6.08483	32.4083
6.08693	32.4395
6.08852	32.4708
6.09174	32.502
6.0931	32.5333
6.09514	32.5645
6.09587	32.5958
6.09723	32.627
6.09864	32.6583
6.09933	32.6895
6.10022	32.7208
6.10183	32.752
6.10213	32.7833
6.10353	32.8145
6.1049	32.8458
6.10625	32.877
6.10765	32.9083
6.10849	32.9395
6.10968	32.9708
6.11179	33.002
6.11313	33.0323
6.11456	33.0626
6.11584	33.0929
6.1173	33.1232
6.11787	33.1535
6.11882	33.1838
6.12006	33.2141
6.12559	33.2444
6.12723	33.2747
6.12834	33.3051
6.12981	33.3354
6.13041	33.3657
6.13178	33.396
6.13314	33.4263
6.13522	33.4566
6.13592	33.4869
6.13731	33.5172
6.13873	33.5475
6.14092	33.5778
6.1422	33.6081
6.14289	33.6384
6.1443	33.6687
6.14725	33.699
6.15399	33.7293
6.15469	33.7596
6.15535	33.7899
6.15671	33.8202
6.15741	33.8505
6.15819	33.8808
6.15885	33.9111
6.15946	33.9414
6.16096	33.9717
6.16219	34.002
6.16426	34.0314
6.16562	34.0608
6.16701	34.0903
6.16904	34.1197
6.17053	34.1491
6.17113	34.1785
6.17191	34.2079
6.17492	34.2373
6.17499	34.2667
6.17551	34.2961
6.17617	34.3255
6.17749	34.355
6.17819	34.3844
6.17889	34.4138
6.18044	34.4432
6.18096	34.4726
6.18232	34.502
6.18518	34.5314
6.18653	34.5608
6.18716	34.5903
6.18853	34.6197
6.19749	34.6491
6.19957	34.6785
6.20169	34.7079
6.2024	34.7373
6.20316	34.7667
6.20374	34.7961
6.20505	34.8255
6.20644	34.855
6.20712	34.8844
6.2078	34.9138
6.20917	34.9432
6.21271	34.9726
6.21337	35.002
6.21471	35.0306
6.21749	35.0592
6.21819	35.0877
6.21956	35.1163
6.22024	35.1449
6.22165	35.1734
6.22438	35.202
6.22788	35.2306
6.22862	35.2592
6.22935	35.2877
6.22999	35.3163
6.23072	35.3449
6.23205	35.3734
6.23276	35.402
6.23347	35.4306
6.23486	35.4592
6.2362	35.4877
6.2383	35.5163
6.24046	35.5449
6.24178	35.5734
6.24387	35.602
6.24633	35.6306
6.24809	35.6592
6.25045	35.6877
6.25089	35.7163
6.25168	35.7449
6.25226	35.7734
6.25296	35.802
6.25425	35.8306
6.25494	35.8592
6.2563	35.8877
6.25836	35.9163
6.26043	35.9449
6.26251	35.9734
6.26385	36.002
6.26458	36.0298
6.26592	36.0576
6.26661	36.0854
6.26799	36.1131
6.26936	36.1409
6.27074	36.1687
6.27348	36.1965
6.2806	36.2242
6.28141	36.252
6.28192	36.2798
6.28263	36.3076
6.28328	36.3354
6.28464	36.3631
6.28535	36.3909
6.28616	36.4187
6.28677	36.4465
6.28746	36.4742
6.29028	36.502
6.29297	36.5298
6.29434	36.5576
6.29508	36.5854
6.29713	36.6131
6.29849	36.6409
6.29986	36.6687
6.30123	36.6965
6.30245	36.7242
6.3033	36.752
6.30472	18.376
6.30605	18.4316
6.30743	18.4871
6.30948	18.5427
6.31223	18.5982
6.3136	18.6538
6.31429	18.7093
6.31497	18.7649
6.31634	18.8205
6.31845	18.876
6.3205	18.9316
6.32185	18.9871
6.32255	19.0427
6.3246	19.0953
6.32533	19.1479
6.32604	19.2006
6.32925	19.2532
6.32946	19.3058
6.32957	19.3585
6.32966	19.4111
6.33096	19.4637
6.33238	19.5164
6.33307	19.569
6.33468	19.6216
6.33531	19.6743
6.33591	19.7269
6.34363	19.7795
6.34568	19.8322
6.34764	19.8848
6.35039	19.9374
6.3532	19.99
6.35459	20.0427
6.35611	20.0927
6.35747	20.1427
6.35812	20.1927
6.35866	20.2427
6.36166	20.2927
6.36219	20.3427
6.36358	20.3927
6.36427	20.4427
6.36494	20.4927
6.36695	20.5427
6.36834	20.5927
6.37064	20.6427
6.37108	20.6927
6.37215	20.7427
6.37261	20.7927
6.37332	20.8427
6.37476	20.8927
6.37612	20.9427
6.37749	20.9927
6.37885	21.0427
6.37953	21.0903
6.38025	21.1379
6.38092	21.1855
6.3816	21.2332
6.41392	21.2808
6.41528	21.3284
6.41669	21.376
6.41734	21.4236
6.41883	21.4712
6.42028	21.5189
6.42157	21.5665
6.42227	21.6141
6.42286	21.6617
6.42422	21.7093
6.4249	21.757
6.42628	21.8046
6.42697	21.8522
6.42947	21.8998
6.42977	21.9474
6.43112	21.9951
6.43183	22.0427
6.43321	22.0881
6.43459	22.1336
6.43595	22.179
6.43732	22.2245
6.45029	22.2699
6.45161	22.3154
6.45301	22.3609
6.45429	22.4063
6.45569	22.4518
6.45705	22.4972
6.45844	22.5427
6.45915	22.5881
6.46052	22.6336
6.46119	22.679
6.46253	22.7245
6.46324	22.7699
6.46391	22.8154
6.46463	22.8609
6.46597	22.9063
6.46672	22.9518
6.46804	22.9972
6.46945	23.0427
6.4708	23.0862
6.4722	23.1296
6.47424	23.1731
6.47631	23.2166
6.50394	23.2601
6.50485	23.3035
6.50622	23.347
6.50688	23.3905
6.5077	23.434
6.50832	23.4775
6.50908	23.5209
6.50967	23.5644
6.5105	23.6079
6.51122	23.6514
6.51169	23.6949
6.51243	23.7383
6.51306	23.7818
6.51374	23.8253
6.51509	23.8688
6.51581	23.9122
6.51719	23.9557
6.51861	23.9992
6.51994	24.0427
6.52336	24.0843
6.52628	24.126
6.5268	24.1677
6.52822	24.2093
6.53635	24.251
6.53695	24.2927
6.53825	24.3343
6.53967	24.376
6.54049	24.4177
6.54165	24.4593
6.54238	24.501
6.543	24.5427
6.54437	24.5843
6.54575	24.626
6.54661	24.6677
6.54782	24.7093
6.54933	24.751
6.55054	24.7927
6.55124	24.8343
6.55264	24.876
6.55399	24.9177
6.55549	24.9593
6.55677	25.001
6.55816	25.041
6.55952	25.081
6.56024	25.121
6.5616	25.161
6.5623	25.201
6.56517	25.241
6.56652	25.281
6.56795	25.321
6.56858	25.361
6.57024	25.401
6.57139	25.441
6.57276	25.481
6.57345	25.521
6.57479	25.561
6.57621	25.601
6.57731	25.641
6.57753	25.681
6.57917	25.721
6.57971	25.761
6.58028	25.801
6.58234	25.841
6.58373	25.881
6.58513	25.921
6.58587	25.961
6.58652	26.001
6.58717	26.0395
6.58785	26.0779
6.5885	26.1164
6.59062	26.1549
6.59132	26.1933
6.59816	26.2318
6.59946	26.2702
6.60084	26.3087
6.60223	26.3472
6.60357	26.3856
6.60426	26.4241
6.60563	26.4625
6.60718	26.501
6.60839	26.5395
6.60909	26.5779
6.61047	26.6164
6.61121	26.6549
6.61409	26.6933
6.61476	26.7318
6.61563	26.7702
6.61752	26.8087
6.61819	26.8472
6.61956	26.8856
6.62093	26.9241
6.62233	26.9625
6.62371	27.001
6.62508	27.038
6.62786	27.0751
6.62924	27.1121
6.63062	27.1492
6.63198	27.1862
6.63591	27.2232
6.63648	27.2603
6.63783	27.2973
6.63904	27.3343
6.64035	27.3714
6.64175	27.4084
6.64313	27.4455
6.6445	27.4825
6.64589	27.5195
6.64724	27.5566
6.6486	27.5936
6.64997	27.6306
6.65137	27.6677
6.65271	27.7047
6.6541	27.7418
6.6562	27.7788
6.65829	27.8158
6.65982	27.8529
6.66107	27.8899
6.66231	27.9269
6.66397	27.964
6.66509	28.001
6.66669	28.0367
6.67081	28.0724
6.6713	28.1082
6.67201	28.1439
6.67429	28.1796
6.67703	28.2153
6.67714	28.251
6.67848	28.2867
6.67915	28.3224
6.67985	28.3582
6.68122	28.3939
6.68216	28.4296
6.68327	28.4653
6.6848	28.501
6.68606	28.5367
6.68741	28.5724
6.69019	28.6082
6.69156	28.6439
6.69224	28.6796
6.69431	28.7153
6.69569	28.751
6.69708	28.7867
6.69844	28.8224
6.69932	28.8582
6.69983	28.8939
6.7012	28.9296
6.70256	28.9653
6.70394	29.001
6.70532	29.0355
6.70955	29.07
6.71084	29.1045
6.71224	29.1389
6.71287	29.1734
6.72088	29.2079
6.72091	29.2424
6.72095	29.2769
6.7213	29.3114
6.72266	29.3458
6.72404	29.3803
6.72479	29.4148
6.72541	29.4493
6.72611	29.4838
6.72678	29.5183
6.72822	29.5527
6.72958	29.5872
6.73028	29.6217
6.73161	29.6562
6.73248	29.6907
6.73364	29.7251
6.73505	29.7596
6.73645	29.7941
6.73781	29.8286
6.73848	29.8631
6.7399	29.8976
6.74134	29.932
6.74402	29.9665
6.74537	30.001
6.74883	30.0343
6.7495	30.0677
6.75159	30.101
6.75297	30.1343
6.75431	30.1677
6.76331	30.201
6.76475	30.2343
6.76542	30.2677
6.76679	30.301
6.76757	30.3343
6.76932	30.3677
6.76969	30.401
6.76991	30.4343
6.77056	30.4677
6.77126	30.501
6.77201	30.5343
6.77333	30.5677
6.77404	30.601
6.77469	30.6343
6.77539	30.6677
6.77604	30.701
6.77742	30.7343
6.77814	30.7677
6.77878	30.801
6.7802	30.8343
6.78158	30.8677
6.78437	30.901
6.78649	30.9343
6.78781	30.9677
6.78917	31.001
6.79142	15.5005
6.79194	15.5672
6.79878	15.6338
6.80088	15.7005
6.80157	15.7672
6.8044	15.8338
6.80579	15.9005
6.80649	15.9672
6.80718	16.0338
6.80794	16.0963
6.80859	16.1588
6.80929	16.2213
6.80998	16.2838
6.81066	16.3463
6.81137	16.4088
6.81204	16.4713
6.81409	16.5338
6.81547	16.5963
6.81616	16.6588
6.81693	16.7213
6.81755	16.7838
6.81823	16.8463
6.81892	16.9088
6.82028	16.9713
6.82165	17.0338
6.82301	17.0927
6.82438	17.1515
6.82577	17.2103
6.82715	17.2691
6.82781	17.328
6.82921	17.3868
6.83684	8.69339
6.8382	8.81839
6.8403	8.94339
6.84101	9.06839
6.84239	9.1795
6.84376	9.29061
6.84509	9.40172
6.84602	9.51283
6.84665	9.62395
6.84786	9.73506
6.84853	9.84617
6.8499	9.95728
6.8508	10.0684
6.8521	10.1684
6.85402	10.2684
6.85542	10.3684
6.85752	10.4684
6.86111	10.5684
6.86131	10.6684
6.86171	10.7684
6.86241	10.8684
6.86379	10.9684
6.8645	11.0684
6.86587	11.1593
6.86723	11.2502
6.86794	11.3411
6.87068	11.432
6.88485	11.5229
6.88531	5.76147
6.88596	5.96147
6.88733	6.16147
6.88801	6.32813
6.88871	6.4948
6.89008	6.66147
6.89077	6.82813
6.89213	6.9948
6.8935	7.16147
6.89419	7.30432
6.8991	7.44718
6.89982	7.59004
6.90051	7.7329
6.90189	7.87575
6.90335	8.01861
6.90462	8.14361
6.90602	8.26861
6.91584	8.39361
6.91708	8.51861
6.91852	8.64361
6.92206	8.76861
6.92341	8.89361
6.92489	9.01861
6.92761	9.12972
6.92831	9.24083
6.93379	9.35194
6.93457	9.46305
6.93523	9.57417
6.9362	9.68528
6.93693	9.79639
6.93963	9.9075
6.94099	10.0186
6.94524	10.1186
6.94663	10.2186
6.95984	10.3186
6.96188	10.4186
6.96327	10.5186
6.96464	10.6186
6.96534	10.7186
6.96741	10.8186
6.96876	10.9186
6.97015	11.0186
6.97223	11.1095
6.97308	11.2004
6.98561	11.2913
6.98874	11.3822
6.9903	11.4732
6.99216	11.5641
6.99286	11.655
6.99508	11.7459
6.99629	11.8368
6.99771	11.9277
6.99905	12.0186
6.99976	12.1019
7.00043	12.1853
7.01222	12.2686
7.01359	12.3519
7.01428	12.4353
7.01497	12.5186
7.01566	12.6019
7.01638	12.6853
7.01703	12.7686
7.01773	12.8519
7.01843	12.9353
7.01909	13.0186
7.0198	13.0955
7.0205	13.1725
7.03296	13.2494
7.03431	13.3263
7.0357	13.4032
7.03703	13.4801
7.03842	13.5571
7.0399	13.634
7.04114	13.7109
7.04258	13.7878
7.04414	13.8648
7.04535	13.9417
7.04664	14.0186
7.04872	14.09
7.04941	14.1615
7.05868	14.2329
7.05991	14.3043
7.0606	14.3758
7.06138	14.4472
7.06195	14.5186
7.06265	14.59
7.06333	14.6615
7.06404	14.7329
7.06476	14.8043
7.06537	14.8758
7.06691	14.9472
7.06822	15.0186
7.07022	15.0853
7.07092	15.1519
7.09025	15.2186
7.09162	15.2853
7.09302	15.3519
7.09438	15.4186
7.09576	15.4853
7.0971	15.5519
7.09851	15.6186
7.09985	15.6853
7.10123	15.7519
7.1026	15.8186
7.10336	15.8853
7.10399	15.9519
7.10536	16.0186
7.10617	16.0811
7.10741	16.1436
7.11657	16.2061
7.11793	16.2686
7.11939	16.3311
7.12009	16.3936
7.12078	16.4561
7.12147	16.5186
7.1222	16.5811
7.12288	16.6436
7.12492	16.7061
7.12629	16.7686
7.12765	16.8311
7.12907	16.8936
7.1318	16.9561
7.13313	17.0186
7.13452	17.0774
7.13799	17.1363
7.15189	17.1951
7.1533	17.2539
7.15469	17.3127
7.15723	17.3716
7.15859	17.4304
7.16001	17.4892
7.16136	17.548
7.16205	17.6068
7.16275	17.6657
7.16411	17.7245
7.16549	17.7833
7.16687	17.8421
7.16824	17.901
7.16959	17.9598
7.17029	18.0186
7.17257	18.0742
7.17381	18.1297
7.1915	18.1853
7.19218	18.2408
7.19862	18.2964
7.20136	18.3519
7.20272	18.4075
7.20344	18.4631
7.2048	18.5186
7.20554	18.5742
7.20758	18.6297
7.20892	18.6853
7.21029	18.7408
7.21167	18.7964
7.21303	18.8519
7.2144	18.9075
7.21593	18.9631
7.21651	19.0186
7.21786	19.0712
7.21922	19.1239
7.22138	19.1765
7.22208	19.2291
7.22344	19.2818
7.2255	19.3344
7.22685	19.387
7.22824	19.4397
7.22963	19.4923
7.23097	19.5449
7.23235	19.5976
7.23377	19.6502
7.23677	19.7028
7.23807	19.7555
7.2396	19.8081
7.24086	19.8607
7.24228	19.9133
7.24363	19.966
7.24657	20.0186
7.24779	20.0686
7.24849	20.1186
7.25824	20.1686
7.25887	20.2186
7.25963	20.2686
7.26102	20.3186
7.26234	20.3686
7.26372	20.4186
7.26439	20.4686
7.26511	20.5186
7.26585	20.5686
7.26658	20.6186
7.26781	20.6686
7.26853	20.7186
7.26989	20.7686
7.2733	20.8186
7.27467	20.8686
7.27605	20.9186
7.27742	20.9686
7.27902	21.0186
7.28037	21.0662
7.28174	21.1138
7.295	21.1615
7.29569	21.2091
7.29635	21.2567
7.29702	21.3043
7.29841	21.3519
7.29982	21.3996
7.30121	21.4472
7.30255	21.4948
7.30391	21.5424
7.30467	21.59
7.306	21.6377
7.30674	21.6853
7.30743	21.7329
7.30951	21.7805
7.31087	21.8281
7.3122	21.8758
7.3136	21.9234
7.31435	21.971
7.31567	22.0186
7.31633	22.0641
7.31774	22.1095
7.33778	22.155
7.33834	22.2004
7.33969	22.2459
7.3405	22.2913
7.34117	22.3368
7.34274	22.3822
7.34346	22.4277
7.34393	22.4732
7.34534	22.5186
7.34667	22.5641
7.3481	22.6095
7.34943	22.655
7.35012	22.7004
7.35155	22.7459
7.35221	22.7913
7.35307	22.8368
7.35425	22.8822
7.35492	22.9277
7.35633	22.9732
7.357	23.0186
7.35839	23.0621
7.35906	23.1056
7.37241	23.149
7.37389	23.1925
7.37495	23.236
7.37706	23.2795
7.37795	23.323
7.38096	23.3664
7.38553	23.4099
7.38696	23.4534
7.38835	23.4969
7.38981	23.5403
7.39116	23.5838
7.39444	23.6273
7.39457	23.6708
7.39659	23.7143
7.39845	23.7577
7.39866	23.8012
7.39925	23.8447
7.39995	23.8882
7.40064	23.9317
7.40132	23.9751
7.40201	24.0186
7.40268	24.0603
7.40338	24.1019
7.42016	24.1436
7.42084	24.1853
7.42153	24.2269
7.42223	24.2686
7.42358	24.3103
7.42426	24.3519
7.42573	24.3936
7.42706	24.4353
7.42774	24.4769
7.42844	24.5186
7.42913	24.5603
7.43049	24.6019
7.43119	24.6436
7.43195	24.6853
7.43324	24.7269
7.43393	24.7686
7.43465	24.8103
7.43612	24.8519
7.43672	24.8936
7.43737	24.9353
7.43874	24.9769
7.44014	25.0186
7.44085	25.0586
7.44289	25.0986
7.46032	25.1386
7.461	25.1786
7.46177	25.2186
7.4631	25.2586
7.46376	25.2986
7.46444	25.3386
7.46579	25.3786
7.46653	25.4186
7.46828	25.4586
7.46948	25.4986
7.47085	25.5386
7.47219	25.5786
7.47292	25.6186
7.47432	25.6586
7.47579	25.6986
7.47674	25.7386
7.47717	25.7786
7.47811	25.8186
7.47868	25.8586
7.47924	25.8986
7.47997	25.9386
7.48078	25.9786
7.48134	26.0186
7.482	26.0571
7.48366	26.0955
7.5	26.134
7.50127	26.1725
7.50211	26.2109
7.50341	26.2494
7.50477	26.2878
7.5055	26.3263
7.50626	26.3648
7.50692	26.4032
7.50757	26.4417
7.50959	26.4801
7.51094	26.5186
7.51173	26.5571
7.51302	26.5955
7.51371	26.634
7.5151	26.6725
7.51645	26.7109
7.51785	26.7494
7.51855	26.7878
7.5192	26.8263
7.51991	26.8648
7.52077	26.9032
7.52127	26.9417
7.52196	26.9801
7.52266	27.0186
7.52415	27.0556
7.52471	27.0927
7.5373	27.1297
7.53812	27.1668
7.53964	27.2038
7.54147	27.2408
7.54219	27.2779
7.54354	27.3149
7.54508	27.3519
7.54803	27.389
7.5487	27.426
7.54942	27.4631
7.55007	27.5001
7.55335	27.5371
7.55469	27.5742
7.55613	27.6112
7.55757	27.6482
7.55882	27.6853
7.55951	27.7223
7.56088	27.7594
7.56225	27.7964
7.56364	27.8334
7.56431	27.8705
7.565	27.9075
7.56571	27.9445
7.56637	27.9816
7.56779	28.0186
7.56983	28.0543
7.5705	28.09
7.58038	14.045
7.58249	14.1164
7.58466	14.1879
7.58591	14.2593
7.58795	14.3307
7.58865	14.4022
7.59001	14.4736
7.59074	14.545
7.5914	14.6164
7.59211	14.6879
7.59347	14.7593
7.59541	14.8307
7.59622	14.9022
7.59764	14.9736
7.599	15.045
7.59968	15.1117
7.6004	15.1784
7.60247	15.245
7.60395	15.3117
7.60566	15.3784
7.60592	15.445
7.60664	15.5117
7.60731	15.5784
7.60798	15.645
7.60867	15.7117
7.60958	15.7784
7.61079	15.845
7.61149	15.9117
7.61771	15.9784
7.61934	16.045
7.62052	16.1075
7.62137	16.17
7.62274	16.2325
7.62398	16.295
7.62532	16.3575
7.62599	16.42
7.62759	16.4825
7.62901	16.545
7.63038	16.6075
7.63128	16.67
7.63176	16.7325
7.63246	16.795
7.63325	16.8575
7.63557	16.92
7.63798	16.9825
7.63866	17.045
7.64003	17.1038
7.64142	17.1627
7.64285	17.2215
7.64433	17.2803
7.64553	17.3391
7.64621	17.398
7.64767	17.4568
7.649	17.5156
7.64967	17.5744
7.65039	17.6333
7.65181	17.6921
7.65315	17.7509
7.65381	17.8097
7.65464	17.8685
7.65525	17.9274
7.65661	17.9862
7.6573	18.045
7.65875	18.1006
7.65881	18.1561
7.66005	18.2117
7.6621	18.2672
7.66286	18.3228
7.66353	18.3784
7.66494	18.4339
7.66697	18.4895
7.66765	18.545
7.66902	18.6006
7.66971	18.6561
7.67106	18.7117
7.67108	18.7672
7.67253	18.8228
7.6739	18.8784
7.67461	18.9339
7.67529	18.9895
7.676	19.045
7.67666	19.0977
7.67737	19.1503
7.67875	19.2029
7.6801	19.2555
7.68081	19.3082
7.68153	19.3608
7.68286	19.4134
7.68562	19.4661
7.68633	19.5187
7.687	19.5713
7.6877	19.624
7.68839	19.6766
7.68908	19.7292
7.69014	19.7819
7.69054	19.8345
7.6912	19.8871
7.69261	19.9398
7.69327	19.9924
7.69394	20.045
7.69465	20.095
7.69538	20.145
7.69607	20.195
7.69672	20.245
7.69808	20.295
7.69879	20.345
7.70015	20.395
7.70156	20.445
7.70222	20.495
7.70359	20.545
7.705	20.595
7.70646	20.645
7.70772	20.695
7.71614	20.745
7.7168	20.795
7.71747	20.845
7.71884	20.895
7.72021	20.945
7.72159	20.995
7.72226	21.045
7.72293	21.0926
7.72431	21.1403
7.72505	21.1879
7.72645	21.2355
7.72707	21.2831
7.72774	21.3307
7.72914	21.3784
7.72984	21.426
7.73067	21.4736
7.73127	21.5212
7.73196	21.5688
7.73334	21.6164
7.73404	21.6641
7.73549	21.7117
7.73614	21.7593
7.73754	21.8069
7.73823	21.8545
7.7389	21.9022
7.73958	21.9498
7.74027	21.9974
7.74098	22.045
7.74164	22.0905
7.74232	22.1359
7.74304	22.1814
7.7437	22.2268
7.74438	22.2723
7.74507	22.3177
7.74576	22.3632
7.74713	22.4087
7.7485	22.4541
7.7499	22.4996
7.75125	22.545
7.75261	22.5905
7.75333	22.6359
7.75829	22.6814
7.75962	22.7268
7.76101	22.7723
7.76242	22.8177
7.76378	22.8632
7.76513	22.9087
7.76656	22.9541
7.76788	22.9996
7.76928	23.045
7.77065	23.0885
7.772	23.132
7.77337	23.1755
7.77476	23.2189
7.77611	23.2624
7.77751	23.3059
7.78025	23.3494
7.78094	23.3928
7.78234	23.4363
7.78376	23.4798
7.78514	23.5233
7.78584	23.5668
7.78649	23.6102
7.78803	23.6537
7.78818	23.6972
7.78934	23.7407
7.79003	23.7841
7.79069	23.8276
7.79209	23.8711
7.79345	23.9146
7.79416	23.9581
7.79482	24.0015
7.79568	24.0432
7.79689	24.0849
7.79758	24.1265
7.79824	24.1682
7.8003	24.2099
7.8024	24.2515
7.80518	24.2932
7.80651	24.3349
7.80794	24.3765
7.80926	24.4182
7.81064	24.4599
7.81202	24.5015
7.81344	24.5432
7.81495	24.5849
7.82451	24.6265
7.8259	24.6682
7.82728	24.7099
7.82796	24.7515
7.82937	24.7932
7.83007	24.8349
7.8316	24.8765
7.83213	24.9182
7.83296	24.9599
7.83348	25.0015
7.83487	25.0415
7.83559	25.0815
7.83624	25.1215
7.83692	25.1615
7.83761	25.2015
7.83828	25.2415
7.83898	25.2815
7.83967	25.3215
7.84035	25.3615
7.84104	25.4015
7.84243	25.4415
7.84379	25.4815
7.84447	25.5215
7.84586	25.5615
7.85494	25.6015
7.85631	25.6415
7.85773	25.6815
7.85919	25.7215
7.8632	25.7615
7.8646	25.8015
7.86596	25.8415
7.86738	25.8815
7.86867	25.9215
7.87009	25.9615
7.87144	26.0015
7.87285	26.04
7.87424	26.0785
7.87558	26.1169
7.87759	26.1554
7.87762	26.1938
7.87902	26.2323
7.8804	26.2708
7.88181	26.3092
7.88253	26.3477
7.88386	26.3862
7.88455	26.4246
7.88532	26.4631
7.88753	26.5015
7.88892	26.54
7.89527	26.5785
7.8967	26.6169
7.89862	26.6554
7.90001	26.6938
7.90198	26.7323
7.90268	26.7708
7.90403	26.8092
7.90475	26.8477
7.90628	26.8862
7.90767	26.9246
7.90837	26.9631
7.9095	27.0015
7.9109	27.0386
7.91227	27.0756
7.91297	27.1127
7.91435	27.1497
7.91499	27.1867
7.91641	27.2238
7.91707	27.2608
7.91916	27.2978
7.92056	27.3349
7.92215	27.3719
7.92335	27.4089
7.92475	27.446
7.92748	27.483
7.9295	27.5201
7.94756	27.5571
7.94891	27.5941
7.94958	27.6312
7.95099	27.6682
7.95231	27.7052
7.95368	27.7423
7.95507	27.7793
7.95589	27.8164
7.95714	27.8534
7.95875	27.8904
7.9594	27.9275
7.95992	27.9645
7.96059	28.0015
7.96133	28.0373
7.962	28.073
7.96269	28.1087
7.96336	28.1444
7.96406	28.1801
7.96474	28.2158
7.96563	28.2515
7.96624	28.2873
7.967	28.323
7.96821	28.3587
7.96888	28.3944
7.97025	28.4301
7.97234	28.4658
7.9736	28.5015
7.97971	28.5373
7.98109	28.573
7.98252	28.6087
7.98383	28.6444
7.9859	28.6801
7.98798	28.7158
7.99008	28.7515
7.99144	28.7873
7.9935	28.823
7.99485	28.8587
7.99692	28.8944
7.9983	28.9301
7.99971	28.9658
8.00107	29.0015
8.00381	29.036
8.00519	29.0705
8.00724	29.105
8.00862	29.1395
8.01066	29.174
8.01343	29.2084
8.01409	29.2429
8.01548	29.2774
8.01621	29.3119
8.01689	29.3464
8.01762	29.3809
8.01832	29.4153
8.01908	29.4498
8.01972	29.4843
8.02186	29.5188
8.02256	29.5533
8.02328	29.5877
8.02485	29.6222
8.02557	29.6567
8.02699	29.6912
8.02831	29.7257
8.02968	29.7602
8.0345	29.7946
8.03654	29.8291
8.03799	29.8636
8.03927	29.8981
8.04078	29.9326
8.0421	29.9671
8.04347	30.0015
8.04483	30.0349
8.04619	30.0682
8.04904	30.1015
8.05107	30.1349
8.05408	30.1682
8.0553	30.2015
8.05664	30.2349
8.05864	30.2682
8.06274	30.3015
8.06345	30.3349
8.0662	30.3682
8.06825	30.4015
8.07033	30.4349
8.071	30.4682
8.07338	30.5015
8.07347	30.5349
8.0738	30.5682
8.07453	30.6015
8.07523	30.6349
8.07678	30.6682
8.07801	30.7015
8.07955	30.7349
8.08084	30.7682
8.08216	30.8015
8.08368	30.8349
8.08557	30.8682
8.08693	30.9015
8.08898	30.9349
8.09036	30.9682
8.09172	31.0015
8.09244	31.0338
8.09453	31.0661
8.09519	31.0983
8.10136	31.1306
8.10216	31.1628
8.10288	31.1951
8.1036	31.2273
8.10965	31.2596
8.11183	31.2919
8.1125	31.3241
8.11321	31.3564
8.11384	31.3886
8.11457	31.4209
8.1159	31.4532
8.11792	31.4854
8.11808	31.5177
8.1194	31.5499
8.12027	31.5822
8.12076	31.6144
8.12163	31.6467
8.12233	31.679
8.12283	31.7112
8.12353	31.7435
8.1244	31.7757
8.12511	31.808
8.12563	31.8403
8.12631	31.8725
8.12788	31.9048
8.12851	31.937
8.12906	31.9693
8.13043	15.9846
8.13119	16.0513
8.1325	16.1138
8.13325	16.1763
8.14211	16.2388
8.14424	16.3013
8.14556	16.3638
8.14625	16.4263
8.14762	16.4888
8.14831	16.5513
8.15355	16.6138
8.15493	16.6763
8.15629	16.7388
8.15767	16.8013
8.15833	16.8638
8.16135	16.9263
8.16258	16.9888
8.16331	17.0513
8.16471	17.1101
8.16606	17.169
8.16742	17.2278
8.16882	17.2866
8.16948	17.3454
8.17087	17.4042
8.17226	17.4631
8.17297	17.5219
8.17363	17.5807
8.17433	17.6395
8.17503	17.6984
8.17569	17.7572
8.1764	17.816
8.19373	17.8748
8.1944	17.9337
8.19507	17.9925
8.19575	18.0513
8.19713	18.1069
8.19781	18.1624
8.19919	18.218
8.19988	18.2735
8.20126	18.3291
8.20262	18.3846
8.20354	18.4402
8.20489	18.4958
8.20562	18.5513
8.20626	18.6069
8.20718	18.6624
8.20766	18.718
8.20904	18.7735
8.2252	18.8291
8.22676	18.8846
8.22795	18.9402
8.22863	18.9958
8.22934	19.0513
8.23086	19.1039
8.2314	19.1566
8.23205	19.2092
8.23288	19.2618
8.23346	19.3145
8.23413	19.3671
8.23509	19.4197
8.23761	19.4724
8.24103	19.525
8.24171	19.5776
8.24243	19.6303
8.24312	19.6829
8.24445	19.7355
8.25241	19.7882
8.25354	19.8408
8.25499	19.8934
8.2563	19.946
8.25763	19.9987
8.25835	20.0513
8.26038	20.1013
8.26179	20.1513
8.26317	20.2013
8.26382	20.2513
8.26454	20.3013
8.26519	20.3513
8.26594	20.4013
8.26665	20.4513
8.26836	20.5013
8.27113	20.5513
8.27247	20.6013
8.27339	20.6513
8.27385	20.7013
8.27914	20.7513
8.27973	20.8013
8.28111	20.8513
8.28179	20.9013
8.28317	20.9513
8.28383	21.0013
8.28522	21.0489
8.28661	21.0965
8.28798	21.1442
8.28878	21.1918
8.29005	21.2394
8.29211	21.287
8.29351	21.3346
8.29558	21.3823
8.29694	21.4299
8.29969	21.4775
8.30175	21.5251
8.30313	21.5727
8.30384	21.6204
8.3052	21.668
8.3152	21.7156
8.31642	21.7632
8.31707	21.8108
8.31778	21.8585
8.31851	21.9061
8.31917	21.9537
8.31986	22.0013
8.32123	22.0468
8.32191	22.0922
8.32275	22.1377
8.32328	22.1831
8.32397	22.2286
8.3267	22.274
8.32895	22.3195
8.33012	22.3649
8.3315	22.4104
8.3322	22.4559
8.33286	22.5013
8.33355	22.5468
8.33425	22.5922
8.33502	22.6377
8.34227	22.6831
8.34301	22.7286
8.34519	22.774
8.34646	22.8195
8.347	22.8649
8.34857	22.9104
8.34989	22.9559
8.35126	23.0013
8.35249	23.0448
8.35415	23.0883
8.3553	23.1317
8.3568	23.1752
8.35822	23.2187
8.35936	23.2622
8.36081	23.3057
8.3615	23.3491
8.36217	23.3926
8.363	23.4361
8.3642	23.4796
8.36499	23.523
8.36558	23.5665
8.36627	23.61
8.38183	23.6535
8.3846	23.697
8.38598	23.7404
8.38666	23.7839
8.38734	23.8274
8.38872	23.8709
8.3901	23.9144
8.39148	23.9578
8.39285	24.0013
8.39477	24.043
8.39487	24.0846
8.39695	24.1263
8.39904	24.168
8.4004	24.2096
8.40121	24.2513
8.40176	24.293
8.40247	24.3346
8.40382	24.3763
8.4045	24.418
8.40587	24.4596
8.40724	24.5013
8.40863	24.543
8.41002	24.5846
8.42879	24.6263
8.42951	24.668
8.43087	24.7096
8.43151	24.7513
8.4322	24.793
8.43289	24.8346
8.43358	24.8763
8.43429	24.918
8.43499	24.9596
8.43634	25.0013
8.43771	25.0413
8.4393	25.0813
8.44043	25.1213
8.4425	25.1613
8.44455	25.2013
8.44602	25.2413
8.4473	25.2813
8.45016	25.3213
8.45283	25.3613
8.45423	25.4013
8.45492	25.4413
8.45854	25.4813
8.45981	25.5213
8.4612	25.5613
8.48566	25.6013
8.4864	25.6413
8.48774	25.6813
8.48914	25.7213
8.48983	25.7613
8.49053	25.8013
8.49136	25.8413
8.49201	25.8813
8.49262	25.9213
8.49327	25.9613
8.4947	26.0013
8.49604	26.0398
8.49743	26.0782
8.50084	26.1167
8.5022	26.1552
8.50355	26.1936
8.50496	26.2321
8.50651	26.2705
8.50775	26.309
8.50912	26.3475
8.51047	26.3859
8.51183	26.4244
8.51322	26.4628
8.51459	26.5013
8.51594	26.5398
8.54125	26.5782
8.54179	26.6167
8.54325	26.6552
8.54394	26.6936
8.54533	26.7321
8.54668	26.7705
8.5482	26.809
8.54949	26.8475
8.55086	26.8859
8.55223	26.9244
8.55291	26.9628
8.55426	27.0013
8.55574	27.0383
8.55716	27.0754
8.55769	27.1124
8.55847	27.1495
8.55914	27.1865
8.55982	27.2235
8.56069	27.2606
8.56186	27.2976
8.56326	27.3346
8.56393	27.3717
8.56463	27.4087
8.56529	27.4458
8.56597	27.4828
8.56667	27.5198
8.59599	27.5569
8.5972	27.5939
8.59859	27.6309
8.59997	27.668
8.60131	27.705
8.60267	27.742
8.60406	27.7791
8.60614	27.8161
8.60918	27.8532
8.61042	27.8902
8.6111	27.9272
8.61179	27.9643
8.61245	28.0013
8.61315	28.037
8.61386	28.0727
8.61457	28.1085
8.61593	28.1442
8.61663	28.1799
8.61796	28.2156
8.61934	28.2513
8.62072	28.287
8.6221	28.3227
8.62486	28.3585
8.6269	28.3942
8.63249	28.4299
8.63383	28.4656
8.63591	28.5013
8.65262	28.537
8.654	28.5727
8.65538	28.6085
8.65673	28.6442
8.65811	28.6799
8.65971	28.7156
8.66111	28.7513
8.66255	28.787
8.66448	28.8227
8.66587	28.8585
8.6666	28.8942
8.66725	28.9299
8.66879	28.9656
8.67018	29.0013
8.67074	29.0358
8.67142	29.0703
8.67245	29.1048
8.67385	29.1392
8.67436	29.1737
8.67503	29.2082
8.67572	29.2427
8.67778	29.2772
8.67864	29.3117
8.67922	29.3461
8.67991	29.3806
8.68127	29.4151
8.68263	29.4496
8.68404	29.4841
8.70915	29.5185
8.70972	29.553
8.71039	29.5875
8.71174	29.622
8.71246	29.6565
8.71383	29.691
8.71452	29.7254
8.7152	29.7599
8.71588	29.7944
8.71726	29.8289
8.71863	29.8634
8.71933	29.8979
8.72072	29.9323
8.72228	29.9668
8.72275	30.0013
8.72417	30.0346
8.72484	30.068
8.7262	30.1013
8.72828	30.1346
8.72962	30.168
8.73122	30.2013
8.73258	30.2346
8.73379	30.268
8.73514	30.3013
8.73651	30.3346
8.73788	30.368
8.73935	30.4013
8.74067	30.4346
8.74202	30.468
8.76373	30.5013
8.7644	30.5346
8.76501	30.568
8.76575	30.6013
8.76728	30.6346
8.7678	30.668
8.76851	30.7013
8.76921	30.7346
8.77059	30.768
8.77192	30.8013
8.77331	30.8346
8.77405	30.868
8.77595	30.9013
8.77674	30.9346
8.77743	30.968
8.77809	31.0013
8.77944	31.0336
8.78015	31.0658
8.78083	31.0981
8.7815	31.1303
8.78221	31.1626
8.78289	31.1949
8.78369	31.2271
8.78431	15.6136
8.78499	15.6802
8.78566	15.7469
8.78633	15.8136
8.78711	15.8802
8.78846	15.9469
8.79213	16.0136
8.80988	16.0761
8.81055	16.1386
8.81125	16.2011
8.81264	16.2636
8.81401	16.3261
8.81469	16.3886
8.81607	16.4511
8.81678	16.5136
8.81747	16.5761
8.81814	16.6386
8.81885	16.7011
8.8202	16.7636
8.82095	16.8261
8.82164	16.8886
8.82232	16.9511
8.823	17.0136
8.82373	17.0724
8.82508	17.1312
8.82577	17.19
8.82658	17.2489
8.82711	17.3077
8.82793	17.3665
8.8292	17.4253
8.82992	17.4841
8.85198	17.543
8.85404	17.6018
8.85475	17.6606
8.8563	17.7194
8.85682	17.7783
8.85749	17.8371
8.85819	17.8959
8.85888	17.9547
8.85957	18.0136
8.86026	18.0691
8.86093	18.1247
8.86239	18.1802
8.86372	18.2358
8.86511	18.2913
8.86651	18.3469
8.86713	18.4024
8.86784	18.458
8.89353	18.5136
8.89639	18.5691
8.89815	18.6247
8.89916	18.6802
8.90053	18.7358
8.90191	18.7913
8.90331	18.8469
8.90468	18.9024
8.90617	18.958
8.90674	19.0136
8.90742	19.0662
8.90811	19.1188
8.90883	19.1715
8.90949	19.2241
8.91083	19.2767
8.91223	19.3293
8.9136	19.382
8.91498	19.4346
8.92211	19.4872
8.92341	19.5399
8.92442	19.5925
8.92552	19.6451
8.92616	19.6978
8.92819	19.7504
8.93032	19.803
8.93236	19.8557
8.93303	19.9083
8.93443	19.9609
8.93576	20.0136
8.93783	20.0636
8.94002	20.1136
8.9433	20.1636
8.94398	20.2136
8.94538	20.2636
8.94878	20.3136
8.95156	20.3636
8.95708	20.4136
8.96135	20.4636
8.96275	20.5136
8.96347	20.5636
8.96413	20.6136
8.96546	20.6636
8.9662	20.7136
8.96754	20.7636
8.96821	20.8136
8.9689	20.8636
8.96957	20.9136
8.97033	20.9636
8.97098	21.0136
8.97183	21.0612
8.97325	21.1088
8.9758	21.1564
8.97719	21.204
8.97935	21.2517
8.98074	21.2993
8.98211	21.3469
8.98279	21.3945
8.99128	21.4421
8.99324	21.4897
8.99391	21.5374
8.99474	21.585
8.99596	21.6326
8.99668	21.6802
8.99734	21.7278
9.00126	21.7755
9.00188	21.8231
9.00325	21.8707
9.00396	21.9183
9.00483	21.9659
9.00536	22.0136
9.00607	22.059
9.00949	22.1045
9.01088	22.1499
9.01291	22.1954
9.01429	22.2408
9.01568	22.2863
9.01843	22.3317
9.01989	22.3772
9.02744	22.4226
9.02881	22.4681
9.03019	22.5136
9.03154	22.559
9.03295	22.6045
9.03361	22.6499
9.03432	22.6954
9.03706	22.7408
9.03847	22.7863
9.03909	22.8317
9.04045	22.8772
9.04186	22.9226
9.04322	22.9681
9.04392	23.0136
9.04463	23.057
9.04528	23.1005
9.04669	23.144
9.04735	23.1875
9.04874	23.2309
9.05217	23.2744
9.05503	23.3179
9.05712	23.3614
9.06161	23.4049
9.06271	23.4483
9.06411	23.4918
9.06545	23.5353
9.06752	23.5788
9.06949	23.6223
9.07088	23.6657
9.07364	23.7092
9.07426	23.7527
9.07635	23.7962
9.0777	23.8396
9.07977	23.8831
9.0821	23.9266
9.08391	23.9701
9.08527	24.0136
9.08663	24.0552
9.08872	24.0969
9.09011	24.1386
9.09079	24.1802
9.09478	24.2219
9.09887	24.2636
9.10099	24.3052
9.10183	24.3469
9.10467	24.3886
9.10809	24.4302
9.10948	24.4719
9.11089	24.5136
9.11275	24.5552
9.1136	24.5969
9.11432	24.6386
9.11782	24.6802
9.11979	24.7219
9.12139	24.7636
9.12264	24.8052
9.12434	24.8469
9.12574	24.8886
9.12709	24.9302
9.13086	24.9719
9.13145	25.0136
9.13209	25.0536
9.13554	25.0936
9.13794	25.1336
9.13931	25.1736
9.14136	25.2136
9.14428	25.2536
9.14567	25.2936
9.14705	25.3336
9.15618	25.3736
9.15766	25.4136
9.15829	25.4536
9.15897	25.4936
9.1603	25.5336
9.16275	25.5736
9.16415	25.6136
9.16574	25.6536
9.16872	25.6936
9.17026	25.7336
9.1715	25.7736
9.17447	25.8136
9.17583	25.8536
9.17731	25.8936
9.17861	25.9336
9.18072	25.9736
9.18206	26.0136
9.18411	26.052
9.18616	26.0905
9.191	26.1289
9.19305	26.1674
9.19512	26.2059
9.19722	26.2443
9.19807	26.2828
9.19868	26.3212
9.20837	26.3597
9.20976	26.3982
9.21042	26.4366
9.21113	26.4751
9.21178	26.5136
9.21248	26.552
9.21321	26.5905
9.21388	26.6289
9.21456	26.6674
9.21598	26.7059
9.21869	26.7443
9.22021	26.7828
9.22144	26.8212
9.22404	26.8597
9.22681	26.8982
9.22752	26.9366
9.22819	26.9751
9.22891	27.0136
9.22958	27.0506
9.23169	27.0876
9.23926	27.1247
9.24131	27.1617
9.2427	27.1987
9.24541	27.2358
9.24682	27.2728
9.24819	27.3099
9.25182	27.3469
9.25249	27.3839
9.25386	27.421
9.25659	27.458
9.25801	27.495
9.25936	27.5321
9.26073	27.5691
9.26212	27.6061
9.26346	27.6432
9.26482	27.6802
9.2677	27.7173
9.2684	27.7543
9.26908	27.7913
9.26978	27.8284
9.27259	27.8654
9.27323	27.9024
9.27391	27.9395
9.27464	13.9697
9.27531	14.0467
9.27616	14.1181
9.27737	14.1895
9.27803	14.261
9.27945	14.3324
9.28086	14.4038
9.28424	14.4752
9.28636	14.5467
9.28704	14.6181
9.29535	14.6895
9.29677	14.761
9.29817	14.8324
9.29884	14.9038
9.29952	14.9752
9.30089	15.0467
9.30299	15.1133
9.3037	15.18
9.30431	15.2467
9.30569	15.3133
9.30708	15.38
9.30772	15.4467
9.30915	15.5133
9.30983	15.58
9.31193	15.6467
9.31259	15.7133
9.31328	15.78
9.32448	15.8467
9.32517	15.9133
9.32585	15.98
9.32721	16.0467
9.3286	16.1092
9.32929	16.1717
9.33064	16.2342
9.33205	16.2967
9.33341	16.3592
9.33413	16.4217
9.33551	16.4842
9.3362	16.5467
9.33834	16.6092
9.33968	16.6717
9.34103	16.7342
9.35145	16.7967
9.35214	16.8592
9.3535	16.9217
9.35425	16.9842
9.35493	17.0467
9.35631	17.1055
9.357	17.1643
9.35771	17.2231
9.35906	17.282
9.35974	17.3408
9.36114	17.3996
9.3626	17.4584
9.36317	17.5173
9.36387	17.5761
9.36455	17.6349
9.36665	17.6937
9.3764	17.7525
9.37782	17.8114
9.37853	17.8702
9.37916	17.929
9.3805	17.9878
9.3812	18.0467
9.38258	18.1022
9.38535	18.1578
9.38713	18.2133
9.38822	18.2689
9.38962	18.3244
9.39098	18.38
9.39235	18.4356
9.39446	18.4911
9.39743	18.5467
9.39876	18.6022
9.40035	18.6578
9.41599	18.7133
9.41672	18.7689
9.41741	18.8244
9.41874	18.88
9.41941	18.9356
9.4202	18.9911
9.42183	19.0467
9.42259	19.0993
9.42323	9.54965
9.42406	9.66076
9.42466	9.77187
9.42531	9.88298
9.4266	9.99409
9.42812	10.1052
9.43147	10.2052
9.43765	10.3052
9.44075	10.4052
9.44245	10.5052
9.45332	10.6052
9.4547	10.7052
9.45536	10.8052
9.45609	10.9052
9.45691	11.0052
9.45759	11.0961
9.45817	11.187
9.45881	11.2779
9.45977	11.3688
9.46983	11.4597
9.49258	11.5507
9.49394	11.6416
9.49531	11.7325
9.49686	11.8234
9.49809	11.9143
9.49959	12.0052
9.50111	12.0885
9.50166	12.1719
9.50302	12.2552
9.50444	12.3385
9.50854	12.4219
9.51693	12.5052
9.5193	12.5885
9.52121	12.6719
9.52386	12.7552
9.52594	12.8385
9.52739	12.9219
9.52798	13.0052
9.52935	13.0821
9.53003	13.159
9.53206	13.236
9.53359	13.3129
9.53553	13.3898
9.5494	13.4667
9.55007	13.5437
9.5508	13.6206
9.55533	13.6975
9.55673	13.7744
9.55825	13.8514
9.56013	13.9283
9.56151	14.0052
9.56289	14.0766
9.56428	14.1481
9.56498	14.2195
9.56702	14.2909
9.56773	14.3623
9.57936	14.4338
9.58076	14.5052
9.58257	14.5766
9.58484	14.6481
9.58635	14.7195
9.58821	14.7909
9.58978	14.8623
9.59234	14.9338
9.59371	15.0052
9.59513	15.0719
9.59784	15.1385
9.59921	15.2052
9.602	15.2719
9.60338	15.3385
9.60755	15.4052
9.60893	15.4719
9.61031	15.5385
9.61523	15.6052
9.61587	15.6719
9.61795	15.7385
9.61861	15.8052
9.61997	15.8719
9.62202	15.9385
9.62273	16.0052
9.62341	16.0677
9.62555	16.1302
9.62692	16.1927
9.62758	16.2552
9.62896	16.3177
9.62971	16.3802
9.63123	16.4427
9.63251	16.5052
9.63593	16.5677
9.63745	16.6302
9.63869	16.6927
9.64002	16.7552
9.6414	16.8177
9.64277	16.8802
9.64418	16.9427
9.64553	17.0052
9.64762	17.064
9.65176	17.1229
9.65382	17.1817
9.65518	17.2405
9.65728	17.2993
9.66008	17.3581
9.66213	17.417
9.66421	17.4758
9.66629	17.5346
9.66699	17.5934
9.66835	17.6523
9.66918	17.7111
9.66972	17.7699
9.67109	17.8287
9.6725	17.8876
9.67317	17.9464
9.67384	18.0052
9.67525	18.0608
9.6766	18.1163
9.67802	18.1719
9.68003	18.2274
9.68143	18.283
9.68562	18.3385
9.68705	18.3941
9.68788	18.4496
9.69055	18.5052
9.69188	18.5608
9.69394	18.6163
9.69531	18.6719
9.69677	18.7274
9.7001	18.783
9.70244	18.8385
9.70355	18.8941
9.70559	18.9496
9.707	19.0052
9.70842	19.0578
9.70973	19.1105
9.71386	19.1631
9.71591	19.2157
9.71747	19.2684
9.71948	19.321
9.72016	19.3736
9.72234	19.4263
9.72517	19.4789
9.72639	19.5315
9.72708	19.5842
9.72779	19.6368
9.72868	19.6894
9.72915	19.742
9.73071	19.7947
9.73259	19.8473
9.73534	19.8999
9.73603	19.9526
9.73807	20.0052
9.7388	20.0552
9.74083	20.1052
9.74302	20.1552
9.74519	20.2052
9.74564	10.1026
9.75122	10.2026
9.75261	10.3026
9.75331	10.4026
9.75608	10.5026
9.75749	10.6026
9.75816	10.7026
9.76023	10.8026
9.76158	10.9026
9.76299	11.0026
9.76364	11.0935
9.76639	11.1844
9.76847	11.2753
9.76914	11.3662
9.77053	11.4571
9.77189	11.5481
9.77343	11.639
9.77495	11.7299
9.77701	11.8208
9.77904	11.9117
9.78958	12.0026
9.79025	12.0859
9.79305	12.1693
9.79576	12.2526
9.79644	12.3359
9.79715	12.4193
9.79854	12.5026
9.79988	12.5859
9.80261	12.6693
9.8047	12.7526
9.80673	12.8359
9.82084	12.9193
9.82205	13.0026
9.82339	13.0795
9.82478	13.1564
9.8262	13.2334
9.82758	13.3103
9.82898	13.3872
9.83032	13.4641
9.83167	13.5411
9.83304	13.618
9.83441	13.6949
9.8365	13.7718
9.85518	13.8488
9.85687	13.9257
9.85732	14.0026
9.85939	14.074
9.86007	14.1455
9.86213	14.2169
9.86349	14.2883
9.86493	14.3597
9.86627	14.4312
9.86762	14.5026
9.869	14.574
9.86968	14.6455
9.87107	14.7169
9.88642	14.7883
9.89055	14.8597
9.89193	14.9312
9.89327	15.0026
9.89464	15.0693
9.89601	15.1359
9.89809	15.2026
9.89946	15.2693
9.90085	15.3359
9.9022	15.4026
9.90359	15.4693
9.90565	15.5359
9.90705	15.6026
9.9084	15.6693
9.92576	15.7359
9.92918	15.8026
9.9306	15.8693
9.93133	15.9359
9.93264	16.0026
9.93408	16.0651
9.93539	16.1276
9.9388	16.1901
9.93951	16.2526
9.94089	16.3151
9.94224	16.3776
9.94362	16.4401
9.94569	16.5026
9.94777	16.5651
9.94911	16.6276
9.9603	16.6901
9.96234	16.7526
9.96438	16.8151
9.96856	16.8776
9.97319	16.9401
9.97417	17.0026
9.9756	17.0614
9.97723	17.1202
9.97776	17.1791
9.97903	17.2379
9.98175	17.2967
9.98298	17.3555
9.98395	17.4144
9.98505	17.4732
9.9865	17.532
9.98922	17.5908
9.99899	17.6497
9.99982	17.7085
10.0026	17.7673
10.0045	17.8261
10.0073	17.885
10.0093	17.9438
10.0107	18.0026
10.0128	18.0582
10.015	18.1137
10.0162	18.1693
10.0169	18.2248
10.0203	18.2804
10.0238	18.3359
10.0244	18.3915
10.0252	18.447
10.0273	18.5026
10.028	18.5582
10.0371	18.6137
10.0377	18.6693
10.0399	18.7248
10.0415	18.7804
10.0432	18.8359
10.046	18.8915
10.0474	18.947
10.0488	19.0026
10.0508	19.0552
10.0522	19.1079
10.0535	19.1605
10.055	19.2131
10.0571	19.2658
10.059	19.3184
10.0604	19.371
10.0618	19.4237
10.0646	19.4763
10.0661	19.5289
10.0701	19.5815
10.0706	19.6342
10.0724	19.6868
10.0732	19.7394
10.0746	19.7921
10.0758	19.8447
10.0765	19.8973
10.077	19.95
10.0785	20.0026
10.0798	20.0526
10.0811	20.1026
10.0826	20.1526
10.084	20.2026
10.0847	20.2526
10.0853	20.3026
10.0867	20.3526
10.088	20.4026
10.0901	20.4526
10.0915	20.5026
10.0964	20.5526
10.0977	20.6026
10.0991	20.6526
10.1005	20.7026
10.1012	20.7526
10.1025	20.8026
10.1039	20.8526
10.1053	20.9026
10.1067	20.9526
10.108	21.0026
10.1094	21.0502
10.1115	21.0978
10.1129	21.1455
10.1144	21.1931
10.115	21.2407
10.1177	21.2883
10.1192	21.3359
10.1207	21.3836
10.1239	21.4312
10.1253	21.4788
10.1288	21.5264
10.1302	21.574
10.1316	21.6216
10.1329	21.6693
10.1336	21.7169
10.1343	21.7645
10.1364	21.8121
10.1385	21.8597
10.1399	21.9074
10.1412	21.955
10.1425	22.0026
10.144	22.0481
10.1461	22.0935
10.1481	22.139
10.1501	22.1844
10.1529	22.2299
10.1543	22.2753
10.1557	22.3208
10.1564	22.3662
10.1578	22.4117
10.1592	22.4571
10.1657	22.5026
10.1675	22.5481
10.1696	22.5935
10.1718	22.639
10.173	22.6844
10.1744	22.7299
10.1765	22.7753
10.1793	22.8208
10.1806	22.8662
10.1819	22.9117
10.1841	22.9571
10.1855	23.0026
10.1868	23.0461
10.1882	23.0896
10.1904	23.133
10.1918	23.1765
10.1944	23.22
10.1953	23.2635
10.1959	23.3069
10.1965	23.3504
10.1993	23.3939
10.2034	23.4374
10.2103	23.4809
10.2124	23.5243
10.2138	23.5678
10.2152	23.6113
10.2166	23.6548
10.218	23.6983
10.2193	23.7417
10.2213	23.7852
10.2234	23.8287
10.2241	23.8722
10.2255	23.9156
10.2264	23.9591
10.2275	24.0026
10.2283	24.0443
10.2289	24.0859
10.2296	24.1276
10.2303	24.1693
10.231	24.2109
10.2324	24.2526
10.2351	24.2943
10.2381	24.3359
10.2476	24.3776
10.2483	24.4193
10.2525	24.4609
10.2539	24.5026
10.2553	24.5443
10.2566	24.5859
10.258	24.6276
10.2594	24.6693
10.2608	24.7109
10.2615	24.7526
10.2628	24.7943
10.2642	24.8359
10.265	24.8776
10.2663	24.9193
10.2677	24.9609
10.269	25.0026
10.2704	25.0426
10.2711	25.0826
10.2731	25.1226
10.2738	25.1626
10.2759	25.2026
10.2773	25.2426
10.281	12.6213
10.2815	12.7046
10.2856	12.788
10.2899	12.8713
10.2953	12.9546
10.296	13.038
10.2981	13.1149
10.3004	13.1918
10.3015	13.2687
10.303	13.3457
10.3045	13.4226
10.3051	13.4995
10.3063	13.5764
10.3071	13.6534
10.3084	13.7303
10.3105	13.8072
10.3114	13.8841
10.3119	13.961
10.3126	14.038
10.3133	14.1094
10.3139	14.1808
10.3147	14.2523
10.3155	14.3237
10.316	14.3951
10.3167	14.4665
10.3396	14.538
10.3403	14.6094
10.3451	14.6808
10.3466	14.7523
10.3479	14.8237
10.3492	14.8951
10.3499	14.9665
10.3527	15.038
10.3534	15.1046
10.354	15.1713
10.3563	15.238
10.3568	15.3046
10.3582	15.3713
10.3596	15.438
10.3804	15.5046
10.3811	15.5713
10.3831	15.638
10.3865	15.7046
10.3879	15.7713
10.3907	15.838
10.3914	15.9046
10.3923	15.9713
10.3929	16.038
10.3934	16.1005
10.3941	16.163
10.4031	16.2255
10.406	16.288
10.4072	16.3505
10.4093	16.413
10.4178	16.4755
10.42	16.538
10.422	16.6005
10.424	16.663
10.426	16.7255
10.4336	16.788
10.4352	16.8505
10.4366	16.913
10.4372	16.9755
10.4386	17.038
10.4411	17.0968
10.4425	17.1556
10.4439	17.2144
10.4448	17.2733
10.4453	17.3321
10.446	17.3909
10.4642	17.4497
10.4648	17.5086
10.4655	17.5674
10.4662	17.6262
10.467	17.685
10.4675	17.7438
10.4682	17.8027
10.4689	17.8615
10.4696	17.9203
10.4718	17.9791
10.4723	18.038
10.4732	18.0935
10.4738	18.1491
10.4745	18.2046
10.4752	18.2602
10.4758	18.3157
10.4767	18.3713
10.5007	18.4269
10.5014	18.4824
10.5021	18.538
10.5028	18.5935
10.5037	18.6491
10.5042	18.7046
10.5055	18.7602
10.5062	18.8157
10.5111	18.8713
10.5124	18.9269
10.5131	18.9824
10.5138	19.038
10.5145	19.0906
10.5152	19.1432
10.5166	19.1959
10.5173	19.2485
10.5179	19.3011
10.5194	19.3538
10.5396	19.4064
10.5403	19.459
10.5409	19.5117
10.5417	19.5643
10.5423	19.6169
10.5437	19.6695
10.5444	19.7222
10.5458	19.7748
10.5465	19.8274
10.5478	19.8801
10.5486	19.9327
10.5492	19.9853
10.5499	20.038
10.5506	20.088
10.5514	20.138
10.552	20.188
10.5527	20.238
10.5534	20.288
10.5541	20.338
10.5878	20.388
10.5885	20.438
10.5892	20.488
10.5899	20.538
10.5905	20.588
10.5913	20.638
10.5919	20.688
10.5926	20.738
10.5933	20.788
10.5953	20.838
10.5967	20.888
10.5976	20.938
10.5981	20.988
10.5988	21.038
10.6008	21.0856
10.6052	21.1332
10.6064	21.1808
10.6077	21.2284
10.6111	21.2761
10.6119	21.3237
10.6396	21.3713
10.641	21.4189
10.6423	21.4665
10.6438	21.5142
10.6444	21.5618
10.6457	21.6094
10.6485	21.657
10.6492	21.7046
10.6505	21.7523
10.6515	21.7999
10.6527	21.8475
10.6547	21.8951
10.6554	21.9427
10.6561	21.9903
10.6568	22.038
10.6575	22.0834
10.6582	22.1289
10.6589	22.1743
10.6616	22.2198
10.663	22.2652
10.6644	22.3107
10.6742	22.3561
10.6756	22.4016
10.6776	22.4471
10.679	22.4925
10.6811	22.538
10.6825	22.5834
10.6845	22.6289
10.6859	22.6743
10.6879	22.7198
10.69	22.7652
10.6913	22.8107
10.6927	22.8561
10.6948	22.9016
10.6962	22.9471
10.6982	22.9925
10.701	23.038
10.7016	23.0814
10.703	23.1249
10.7039	23.1684
10.7052	23.2119
10.7066	23.2554
10.7073	23.2988
10.7177	23.3423
10.7198	23.3858
10.7205	23.4293
10.7232	23.4728
10.7239	23.5162
10.7254	23.5597
10.7267	23.6032
10.7274	23.6467
10.7302	23.6901
10.7329	23.7336
10.7342	23.7771
10.7357	23.8206
10.737	23.8641
10.7377	23.9075
10.7392	23.951
10.7399	23.9945
10.7406	24.038
10.7415	24.0796
10.7434	24.1213
10.7489	24.163
10.7502	24.2046
10.751	24.2463
10.7537	24.288
10.765	24.3296
10.7683	24.3713
10.769	24.413
10.7705	24.4546
10.7745	24.4963
10.7759	24.538
10.7794	24.5796
10.7801	24.6213
10.7807	24.663
10.7821	24.7046
10.7828	24.7463
10.7837	24.788
10.7842	24.8296
10.7849	24.8713
10.7863	24.913
10.787	24.9546
10.7884	24.9963
10.789	25.038
10.7939	25.078
10.796	25.118
10.7981	25.158
10.8002	25.198
10.8009	25.238
10.8016	25.278
10.8155	25.318
10.8171	25.358
10.8175	25.398
10.8182	25.438
10.8189	25.478
10.8203	25.518
10.8217	25.558
10.8244	25.598
10.8259	25.638
10.8271	25.678
10.8278	25.718
10.8292	25.758
10.8306	25.798
10.8316	25.838
10.8327	25.878
10.8334	25.918
10.8343	25.958
10.8348	25.998
10.8356	26.038
10.8362	26.0764
10.8382	13.0382
10.841	13.1151
10.8417	13.1921
10.8433	13.269
10.8465	13.3459
10.8695	13.4228
10.8722	13.4998
10.8728	13.5767
10.8743	13.6536
10.8749	13.7305
10.8756	13.8074
10.8763	13.8844
10.877	13.9613
10.8779	14.0382
10.8784	14.1096
10.8798	14.1811
10.8806	14.2525
10.8812	14.3239
10.8818	14.3954
10.8833	14.4668
10.8839	14.5382
10.8846	14.6096
10.8853	14.6811
10.886	14.7525
10.8868	14.8239
10.8874	14.8954
10.9115	14.9668
10.9145	15.0382
10.9165	15.1049
10.9186	15.1715
10.9199	15.2382
10.9228	15.3049
10.9241	15.3715
10.9262	15.4382
10.9269	15.5049
10.9282	15.5715
10.9289	15.6382
10.9303	15.7049
10.9309	15.7715
10.9323	15.8382
10.9428	15.9049
10.9517	15.9715
10.9524	16.0382
10.9579	16.1007
10.9586	16.1632
10.9593	16.2257
10.96	16.2882
10.9607	16.3507
10.9627	16.4132
10.9655	16.4757
10.9675	16.5382
10.9709	16.6007
10.9751	16.6632
10.9765	16.7257
10.9786	16.7882
10.9853	16.8507
10.9856	16.9132
10.9871	16.9757
10.9884	17.0382
10.9939	17.097
10.9953	17.1559
10.9959	17.2147
10.9966	17.2735
10.998	17.3323
10.9994	17.3912
11.0007	17.45
11.0035	17.5088
11.0076	17.5676
11.0083	17.6264
11.009	17.6853
11.0097	17.7441
11.0195	17.8029
11.0197	17.8617
