time	cwndsize
0.27733	11
0.278574	12
0.282969	13
0.285167	14
0.286511	15
0.28788	16
0.289302	17
0.289931	18
0.290633	19
0.291311	20
0.292015	21
0.292752	22
0.294069	23
0.295506	24
0.305073	25
0.30648	26
0.312688	27
0.314011	28
0.322471	29
0.323007	30
0.325494	31
0.326424	32
0.328475	33
0.328754	34
0.329934	35
0.330276	36
0.330808	37
0.331352	38
0.332096	39
0.332766	40
0.338338	41
0.341098	42
0.343188	43
0.345929	44
0.348007	45
0.350753	46
0.353625	47
0.356796	48
0.359529	49
0.360879	50
0.362246	51
0.363668	52
0.364991	53
0.366367	54
0.367768	55
0.371891	56
0.387078	57
0.388429	58
0.389761	59
0.391149	60
0.399633	61
0.400873	62
0.401631	63
0.402261	64
0.404387	65
0.405051	66
0.405801	67
0.40681	68
0.407418	69
0.408125	70
0.409421	71
0.409621	72
0.410562	73
0.411449	74
0.4128	75
0.412922	76
0.414147	77
0.414779	78
0.416638	79
0.416958	80
0.423427	81
0.424399	82
0.425588	83
0.425836	84
0.42662	85
0.429141	86
0.432104	87
0.433928	88
0.436232	89
0.438841	90
0.445759	91
0.449915	92
0.451225	93
0.452001	94
0.45673	95
0.457473	96
0.46082	97
0.463782	98
0.46645	99
0.468557	100
0.471274	101
0.475278	102
0.476581	103
0.479352	104
0.482239	105
0.484843	106
0.487623	107
0.489718	108
0.49108	54
0.492484	54.0185
0.493866	54.037
0.495275	54.0556
0.496681	54.0741
0.497985	54.0926
0.499361	54.1111
0.501416	54.1296
0.50436	54.1481
0.506909	54.1667
0.508285	54.1852
0.509871	54.2037
0.512597	54.2222
0.513765	54.2407
0.516009	54.2593
0.517906	54.2778
0.519493	54.2963
0.51999	54.3148
0.520753	54.3333
0.52222	54.3519
0.524086	54.3704
0.524767	54.3889
0.526165	54.4074
0.529631	54.4259
0.531708	54.4444
0.533041	54.463
0.533729	54.4815
0.535108	54.5
0.537136	54.5185
0.538528	54.537
0.543373	54.5556
0.545399	54.5741
0.546113	54.5926
0.547504	54.6111
0.552583	54.6296
0.555825	54.6481
0.564066	54.6667
0.565537	54.6852
0.566835	54.7037
0.568187	54.7222
0.568871	54.7407
0.570305	54.7593
0.571638	54.7778
0.572344	54.7963
0.573724	54.8148
0.575108	54.8333
0.575833	54.8519
0.576498	54.8704
0.577912	54.8889
0.579478	54.9074
0.579972	54.9259
0.58067	54.9444
0.603727	54.963
0.60647	54.9815
0.609298	55
0.611872	55.0182
0.613974	55.0364
0.615541	55.0545
0.616913	55.0727
0.618814	55.0909
0.621576	55.1091
0.624567	55.1273
0.627259	55.1455
0.629789	55.1636
0.632547	55.1818
0.635296	55.2
0.63667	55.2182
0.641	55.2364
0.644307	55.2545
0.647085	55.2727
0.649129	55.2909
0.652555	55.3091
0.655304	55.3273
0.658868	55.3455
0.661513	55.3636
0.664273	55.3818
0.667022	55.4
0.66978	55.4182
0.672464	55.4364
0.675278	55.4545
0.678892	55.4727
0.681492	55.4909
0.684251	55.5091
0.688364	55.5273
0.689746	55.5455
0.692473	55.5636
0.695255	55.5818
0.698168	55.6
0.700937	55.6182
0.702298	55.6364
0.70641	55.6545
0.70915	55.6727
0.711902	55.6909
0.714635	55.7091
0.717379	55.7273
0.722116	55.7455
0.725592	55.7636
0.72866	55.7818
0.731481	55.8
0.732762	55.8182
0.735516	55.8364
0.738265	55.8545
0.74177	55.8727
0.744515	55.8909
0.747271	55.9091
0.750036	55.9273
0.752773	55.9455
0.755532	55.9636
0.778348	55.9818
0.779027	56
0.779731	56.0182
0.780408	56.036
0.782478	56.0539
0.784533	56.0718
0.78521	56.0896
0.7859	56.1075
0.786589	56.1253
0.78728	56.1432
0.787957	56.161
0.788649	56.1789
0.789337	56.1968
0.790021	56.2146
0.790707	56.2325
0.791388	56.2503
0.792103	56.2682
0.793464	56.286
0.794838	56.3039
0.79552	56.3218
0.796221	56.3396
0.796885	56.3575
0.797579	56.3753
0.798258	56.3932
0.799643	56.411
0.800329	56.4289
0.801702	56.4468
0.802393	56.4646
0.803091	56.4825
0.805119	56.5003
0.807237	56.5182
0.80864	56.536
0.811371	56.5539
0.814311	56.5718
0.820277	56.5896
0.821656	56.6075
0.823054	56.6253
0.824407	56.6432
0.825304	56.661
0.828521	56.6789
0.83127	56.6968
0.834261	56.7146
0.836798	56.7325
0.840593	56.7503
0.844666	56.7682
0.84609	56.786
0.846766	56.8039
0.847434	56.8218
0.848807	56.8396
0.852643	56.8575
0.855967	56.8753
0.858037	56.8932
0.860775	56.911
0.863525	56.9289
0.865579	56.9468
0.88492	56.9646
0.886277	56.9825
0.887162	57.0003
0.888383	57.0179
0.889052	57.0354
0.893352	57.053
0.896146	57.0705
0.898156	57.088
0.89955	57.1056
0.900916	57.1231
0.902952	57.1407
0.904306	57.1582
0.905708	57.1758
0.907771	57.1933
0.909169	57.2109
0.910516	57.2284
0.911937	57.2459
0.914123	57.2635
0.916858	57.281
0.918817	57.2986
0.920817	57.3161
0.922872	57.3337
0.924248	57.3512
0.926303	57.3687
0.927681	57.3863
0.931119	57.4038
0.933549	57.4214
0.936616	57.4389
0.937997	57.4565
0.940077	28.7282
0.942795	28.7639
0.945524	28.7997
0.947585	28.8354
0.953559	28.8711
0.955994	28.9068
0.961874	28.9425
0.96395	28.9782
0.966023	29.0139
0.968106	29.0484
0.96949	29.0829
0.973688	29.1174
0.977149	29.1519
0.980987	29.1864
0.984269	29.2208
0.989047	29.2553
0.993871	29.2898
0.995896	29.3243
0.997258	29.3588
0.998664	29.3933
1.00071	29.4277
1.00481	29.4622
1.00895	29.4967
1.0117	29.5312
1.01512	29.5657
1.01926	29.6002
1.02389	29.6346
1.0319	29.6691
1.03399	29.7036
1.03534	29.7381
1.03604	29.7726
1.03806	29.8071
1.03958	29.8415
1.04439	29.876
1.04769	29.9105
1.04907	29.945
1.0504	29.9795
1.05197	30.0139
1.05387	30.0473
1.05526	30.0806
1.05665	30.1139
1.05812	30.1473
1.05937	30.1806
1.06073	30.2139
1.0621	30.2473
1.06417	30.2806
1.06622	30.3139
1.06759	30.3473
1.06963	30.3806
1.07104	30.4139
1.07243	30.4473
1.07513	30.4806
1.07721	30.5139
1.08132	30.5473
1.08338	30.5806
1.08409	30.6139
1.08479	30.6473
1.10617	30.6806
1.10889	30.7139
1.11167	30.7473
1.11372	30.7806
1.11507	30.8139
1.11712	30.8473
1.11919	30.8806
1.12057	30.9139
1.12263	30.9473
1.12471	30.9806
1.1261	31.0139
1.12814	31.0462
1.12887	31.0785
1.13167	31.1107
1.13235	31.143
1.13374	31.1752
1.13439	31.2075
1.13578	31.2398
1.13647	31.272
1.13723	31.3043
1.13926	31.3365
1.14132	31.3688
1.14504	31.401
1.14917	31.4333
1.15464	31.4656
1.15532	31.4978
1.15809	31.5301
1.15949	31.5623
1.16225	31.5946
1.16501	31.6269
1.18232	31.6591
1.18726	31.6914
1.19025	31.7236
1.19209	31.7559
1.19351	31.7881
1.19618	31.8204
1.19894	31.8527
1.20033	31.8849
1.20306	31.9172
1.20581	31.9494
1.20787	31.9817
1.20982	32.0139
1.2113	32.0452
1.21267	32.0764
1.22159	32.1077
1.22366	32.1389
1.22502	32.1702
1.2264	32.2014
1.22854	32.2327
1.22984	32.2639
1.23052	32.2952
1.23261	32.3264
1.23407	32.3577
1.23473	32.3889
1.23547	32.4202
1.23752	32.4514
1.23823	32.4827
1.24165	32.5139
1.24371	32.5452
1.2451	16.2726
1.2458	16.3351
1.29591	16.3976
1.29969	16.4601
1.30114	16.5226
1.3025	16.5851
1.30296	16.6476
1.30572	16.7101
1.30792	16.7726
1.30846	16.8351
1.30914	16.8976
1.30983	16.9601
1.31076	17.0226
1.31188	17.0814
1.31258	17.1402
1.31472	17.1991
1.31606	17.2579
1.31669	17.3167
1.31807	17.3755
1.32011	17.4344
1.32492	17.4932
1.32905	17.552
1.3311	17.6108
1.33385	17.6697
1.33594	17.7285
1.33668	17.7873
1.33731	17.8461
1.33938	17.905
1.34216	17.9638
1.34354	18.0226
1.34513	18.0782
1.3924	18.1337
1.39243	18.1893
1.39286	18.2448
1.39496	18.3004
1.39656	18.3559
1.3984	18.4115
1.39911	18.467
1.3998	18.5226
1.40057	18.5782
1.40119	18.6337
1.40261	18.6893
1.40332	18.7448
1.40472	18.8004
1.40605	18.8559
1.40746	18.9115
1.40881	18.967
1.41016	19.0226
1.41565	19.0752
1.44544	19.1279
1.44608	19.1805
1.44776	19.2331
1.44904	19.2858
1.45181	19.3384
1.45312	19.391
1.45591	19.4437
1.45739	19.4963
1.46541	19.5489
1.46704	19.6015
1.4684	19.6542
1.47114	19.7068
1.47255	19.7594
1.47529	19.8121
1.47736	19.8647
1.47942	19.9173
1.48095	19.97
1.48216	20.0226
1.48361	20.0726
1.49529	20.1226
1.49739	20.1726
1.49875	20.2226
1.49945	20.2726
1.50359	20.3226
1.5043	20.3726
1.50566	20.4226
1.50771	20.4726
1.51125	20.5226
1.51272	20.5726
1.51338	20.6226
1.51464	20.6726
1.51667	20.7226
1.51805	20.7726
1.51874	20.8226
1.52012	20.8726
1.52081	20.9226
1.5222	20.9726
1.52292	21.0226
1.52428	21.0702
1.52778	21.1178
1.52846	21.1655
1.52984	21.2131
1.53191	21.2607
1.53608	21.3083
1.53675	21.3559
1.53946	21.4036
1.54151	21.4512
1.5429	21.4988
1.54428	21.5464
1.54907	21.594
1.55113	21.6416
1.5518	21.6893
1.55319	21.7369
1.55528	21.7845
1.55596	21.8321
1.55667	21.8797
1.55808	21.9274
1.56015	21.975
1.56083	22.0226
1.56151	22.0681
1.56232	22.1135
1.56379	22.159
1.56638	22.2044
1.56707	22.2499
1.56932	22.2953
1.56992	22.3408
1.57142	22.3862
1.572	22.4317
1.57287	22.4771
1.57336	22.5226
1.57409	22.5681
1.57476	22.6135
1.57548	22.659
1.57754	22.7044
1.57821	22.7499
1.57887	22.7953
1.57961	22.8408
1.58309	22.8862
1.5859	22.9317
1.58653	22.9771
1.58732	23.0226
1.58793	23.0661
1.59001	23.1096
1.59158	23.153
1.59274	23.1965
1.59415	23.24
1.59549	23.2835
1.59689	23.3269
1.59895	23.3704
1.60373	23.4139
1.60653	23.4574
1.60851	23.5009
1.60993	23.5443
1.61131	23.5878
1.612	23.6313
1.61401	23.6748
1.61546	23.7183
1.61681	23.7617
1.61751	23.8052
1.61843	23.8487
1.62454	23.8922
1.6252	23.9356
1.62658	23.9791
1.62801	24.0226
1.62935	24.0643
1.63286	24.1059
1.63354	24.1476
1.63425	24.1893
1.6349	24.2309
1.6356	24.2726
1.63629	24.3143
1.63905	24.3559
1.63976	24.3976
1.64056	24.4393
1.64111	24.4809
1.64186	24.5226
1.64248	24.5643
1.64338	24.6059
1.6439	24.6476
1.64456	24.6893
1.64527	24.7309
1.64661	24.7726
1.64942	24.8143
1.65083	24.8559
1.65153	24.8976
1.65291	24.9393
1.65429	24.9809
1.65498	25.0226
1.65633	25.0626
1.65722	25.1026
1.65774	25.1426
1.6584	25.1826
1.6598	25.2226
1.66046	25.2626
1.66115	25.3026
1.66181	25.3426
1.66319	25.3826
1.66386	25.4226
1.66594	25.4626
1.66805	25.5026
1.66938	25.5426
1.67077	25.5826
1.67421	25.6226
1.67559	25.6626
1.67623	25.7026
1.67763	25.7426
1.67917	25.7826
1.68047	25.8226
1.68117	25.8626
1.68253	25.9026
1.6833	25.9426
1.68399	25.9826
1.68479	26.0226
1.6853	26.0611
1.68604	26.0995
1.68676	26.138
1.68748	26.1764
1.68807	26.2149
1.68876	26.2534
1.68946	26.2918
1.69017	26.3303
1.69155	26.3688
1.69219	26.4072
1.69349	26.4457
1.69424	26.4841
1.69549	26.5226
1.69628	26.5611
1.69865	26.5995
1.69917	26.638
1.69998	26.6764
1.70049	26.7149
1.71317	26.7534
1.71402	26.7918
1.71525	26.8303
1.71594	26.8688
1.71914	26.9072
1.7199	26.9457
1.72076	26.9841
1.72142	27.0226
1.72225	27.0596
1.72614	27.0967
1.7268	27.1337
1.72833	27.1707
1.72967	27.2078
1.73099	27.2448
1.73169	27.2819
1.73236	27.3189
1.73575	27.3559
1.73805	27.393
1.73852	27.43
1.73923	27.467
1.73991	27.5041
1.74068	27.5411
1.7417	27.5782
1.74305	27.6152
1.74373	27.6522
1.74444	27.6893
1.75269	27.7263
1.75337	27.7633
1.75406	27.8004
1.75611	27.8374
1.7568	27.8745
1.75751	27.9115
1.75958	27.9485
1.76096	27.9856
1.76174	28.0226
1.76234	28.0583
1.76463	28.094
1.76581	28.1297
1.76819	28.1655
1.77109	28.2012
1.77251	28.2369
1.77356	14.1184
1.77422	14.1899
1.77592	14.2613
1.77731	14.3327
1.77805	14.4042
1.77877	14.4756
1.77952	14.547
1.78217	14.6184
1.78494	14.6899
1.7863	14.7613
1.78768	14.8327
1.78835	14.9042
1.79999	14.9756
1.80134	15.047
1.80203	15.1137
1.80271	15.1803
1.80344	15.247
1.80413	15.3137
1.8057	15.3803
1.8103	15.447
1.81376	15.5137
1.81471	15.5803
1.81538	15.647
1.81679	15.7137
1.81738	15.7803
1.81787	15.847
1.81927	15.9137
1.81994	15.9803
1.84041	16.047
1.8411	16.1095
1.84247	16.172
1.84386	16.2345
1.84453	16.297
1.84589	16.3595
1.84797	16.422
1.84866	16.4845
1.84938	16.547
1.85009	16.6095
1.85843	16.672
1.85913	16.7345
1.85984	16.797
1.86059	16.8595
1.86188	16.922
1.87254	16.9845
1.87459	17.047
1.87567	17.1058
1.87671	17.1647
1.87736	17.2235
1.87807	17.2823
1.87945	17.3411
1.88157	17.4
1.88222	17.4588
1.8829	17.5176
1.88364	17.5764
1.88851	17.6352
1.89127	17.6941
1.8928	17.7529
1.89554	17.8117
1.89741	17.8705
1.91646	17.9294
1.91786	17.9882
1.91928	18.047
1.92085	18.1026
1.92287	18.1581
1.92613	18.2137
1.92751	18.2692
1.93025	18.3248
1.93366	18.3803
1.93508	18.4359
1.93582	18.4915
1.9375	18.547
1.94685	18.6026
1.95025	18.6581
1.95437	18.7137
1.95575	18.7692
1.95644	18.8248
1.96111	18.8803
1.96137	18.9359
1.96225	18.9915
1.96275	19.047
1.96558	19.0996
1.96688	19.1523
1.96915	19.2049
1.97036	19.2575
1.97124	19.3102
1.97388	19.3628
1.97923	19.4154
1.98407	19.4681
1.98612	19.5207
1.99022	19.5733
1.99231	19.626
1.9937	19.6786
1.99576	19.7312
1.99643	19.7839
1.9976	19.8365
1.99885	19.8891
2.00082	19.9418
2.00221	19.9944
2.00356	20.047
2.00634	20.097
2.00912	20.147
2.01187	20.197
2.01392	20.247
2.01738	20.297
2.01872	20.347
2.02148	20.397
2.02421	20.447
2.0263	20.497
2.02971	20.547
2.03328	20.597
2.03727	20.647
2.03915	20.697
2.03919	20.747
2.04559	20.797
2.04716	20.847
2.0483	20.897
2.04968	20.947
2.05105	20.997
2.05243	21.047
2.05317	21.0946
2.05385	21.1423
2.05523	21.1899
2.05593	21.2375
2.05728	21.2851
2.05798	21.3327
2.06274	21.3803
2.06854	21.428
2.07104	21.4756
2.07449	21.5232
2.07996	21.5708
2.08341	21.6184
2.08491	21.6661
2.08618	21.7137
2.09321	21.7613
2.0938	21.8089
2.09516	21.8565
2.09584	21.9042
2.09653	21.9518
2.09721	21.9994
2.09864	22.047
2.10684	22.0925
2.10823	22.1379
2.11027	22.1834
2.11304	22.2288
2.11516	22.2743
2.11788	22.3197
2.11927	22.3652
2.11997	22.4106
2.12197	22.4561
2.12407	22.5016
2.12817	22.547
2.12884	22.5925
2.13031	22.6379
2.13094	22.6834
2.14268	22.7288
2.14403	22.7743
2.14541	22.8197
2.14816	22.8652
2.15092	22.9106
2.15305	22.9561
2.15368	23.0016
2.15437	23.045
2.15507	23.0885
2.15578	23.132
2.15646	23.1755
2.15868	23.219
2.15992	11.6095
2.16127	11.7004
2.16272	11.7913
2.16749	11.8822
2.17027	11.9731
2.17233	12.064
2.17508	12.1474
2.17646	12.2307
2.17715	12.314
2.17783	12.3974
2.18904	12.4807
2.18979	12.564
2.19261	12.6474
2.19462	12.7307
2.19517	12.814
2.19722	12.8974
2.19997	12.9807
2.20067	13.064
2.20204	13.1409
2.20484	13.2179
2.20752	13.2948
2.20889	13.3717
2.21439	13.4486
2.2416	13.5256
2.2495	13.6025
2.25058	13.6794
2.25196	13.7563
2.25332	13.8333
2.25469	13.9102
2.25819	13.9871
2.25888	14.064
2.25957	14.1354
2.26041	14.2069
2.2617	14.2783
2.26242	14.3497
2.26391	14.4212
2.31719	14.4926
2.32218	14.564
2.32377	14.6354
2.32464	14.7069
2.326	14.7783
2.32877	14.8497
2.33219	14.9212
2.33493	14.9926
2.33915	15.064
2.34206	15.1307
2.34714	15.1974
2.34728	15.264
2.34956	15.3307
2.35232	15.3974
2.37997	15.464
2.39037	15.5307
2.39104	15.5974
2.39237	15.664
2.39309	15.7307
2.39443	15.7974
2.39587	15.864
2.39661	15.9307
2.39748	15.9974
2.39796	16.064
2.39939	16.1265
2.41032	16.189
2.41237	16.2515
2.41444	16.314
2.41926	16.3765
2.43397	16.439
2.44614	16.5015
2.44899	16.564
2.44962	16.6265
2.45098	16.689
2.45304	16.7515
2.4537	16.814
2.45507	16.8765
2.45575	16.939
2.45646	17.0015
2.45804	17.0603
2.45914	17.1192
2.46072	17.178
2.4648	17.2368
2.46751	17.2956
2.47101	17.3545
2.48576	17.4133
2.49048	17.4721
2.49552	17.5309
2.49694	17.5898
2.49896	17.6486
2.50033	17.7074
2.50176	17.7662
2.50309	17.825
2.50581	17.8839
2.5086	17.9427
2.51061	18.0015
2.51338	18.0571
2.5161	18.1126
2.51748	18.1682
2.51818	18.2237
2.51885	18.2793
2.52095	18.3349
2.52795	18.3904
2.53489	18.446
2.54241	18.5015
2.54518	18.5571
2.54857	18.6126
2.55101	18.6682
2.55168	18.7237
2.55236	18.7793
2.55324	18.8349
2.55376	18.8904
2.55721	18.946
2.55856	19.0015
2.56346	19.0542
2.56414	19.1068
2.56556	19.1594
2.56691	19.212
2.56898	19.2647
2.57237	19.3173
2.57796	19.3699
2.57876	19.4226
2.58345	19.4752
2.58482	19.5278
2.58755	19.5805
2.58968	19.6331
2.59051	19.6857
2.59101	19.7384
2.59301	19.791
2.59596	19.8436
2.60076	19.8963
2.60133	19.9489
2.60274	20.0015
2.60764	20.0515
2.60906	20.1015
2.61034	20.1515
2.61314	20.2015
2.61448	20.2515
2.61723	20.3015
2.62482	20.3515
2.62692	20.4015
2.62835	20.4515
2.63097	20.5015
2.63234	20.5515
2.63369	20.6015
2.6344	20.6515
2.63508	20.7015
2.63646	20.7515
2.6388	20.8015
2.64135	20.8515
2.64284	20.9015
2.64548	20.9515
2.64709	21.0015
2.6565	21.0491
2.65715	21.0968
2.65923	21.1444
2.66139	21.192
2.66268	21.2396
2.66411	21.2872
2.6704	21.3349
2.67182	21.3825
2.67593	21.4301
2.67869	21.4777
2.68273	21.5253
2.68413	21.5729
2.68571	21.6206
2.68635	21.6682
2.68697	21.7158
2.68846	21.7634
2.68968	21.811
2.69108	21.8587
2.69174	21.9063
2.69242	21.9539
2.69314	22.0015
2.69385	22.047
2.69456	22.0924
2.6952	22.1379
2.69683	22.1833
2.69819	22.2288
2.70047	22.2742
2.70982	22.3197
2.71067	22.3652
2.71221	22.4106
2.71296	22.4561
2.7143	22.5015
2.71701	22.547
2.71936	22.5924
2.72049	22.6379
2.72191	22.6833
2.72329	22.7288
2.72537	22.7742
2.7274	22.8197
2.72878	22.8652
2.73015	22.9106
2.73152	22.9561
2.73359	23.0015
2.73497	23.045
2.73634	23.0885
2.73773	23.132
2.73847	23.1754
2.73912	23.2189
2.73986	11.6095
2.762	11.7004
2.7634	11.7913
2.76479	11.8822
2.76681	11.9731
2.7675	12.064
2.76836	12.1473
2.76889	12.2307
2.76977	12.314
2.77101	12.3973
2.77165	12.4807
2.77235	12.564
2.77371	12.6473
2.777	12.7307
2.78204	12.814
2.78279	12.8973
2.7866	12.9807
2.78731	13.064
2.78875	13.1409
2.78948	13.2178
2.79237	13.2948
2.79507	13.3717
2.79644	13.4486
2.80973	13.5255
2.81047	13.6025
2.81186	13.6794
2.81789	13.7563
2.81934	13.8332
2.82263	13.9102
2.82336	13.9871
2.82482	14.064
2.82613	14.1354
2.83024	14.2069
2.84329	14.2783
2.84538	14.3497
2.84674	14.4211
2.86427	14.4926
2.86604	14.564
2.86827	14.6354
2.87027	14.7069
2.87106	14.7783
2.87234	14.8497
2.87397	14.9211
2.87582	14.9926
2.87791	15.064
2.88066	15.1307
2.88336	15.1973
2.88616	15.264
2.88753	15.3307
2.88888	15.3973
2.90646	15.464
2.90759	15.5307
2.90824	15.5973
2.91033	15.664
2.91125	15.7307
2.9138	15.7973
2.92753	15.864
2.93164	15.9307
2.93233	15.9973
2.933	16.064
2.93371	16.1265
2.93458	16.189
2.93576	16.2515
2.9385	16.314
2.94058	16.3765
2.95656	16.439
2.96354	16.5015
2.96555	16.564
2.96895	16.6265
2.97035	16.689
2.9745	16.7515
2.97588	16.814
2.97724	16.8765
2.98	16.939
2.98271	17.0015
2.98549	17.0603
2.98635	17.1191
2.98684	17.178
2.9904	17.2368
2.99578	17.2956
2.99647	17.3544
3.01537	17.4133
3.01964	17.4721
3.02099	17.5309
3.02524	17.5897
3.02796	17.6486
3.03614	17.7074
3.0403	17.7662
3.04239	17.825
3.04444	17.8839
3.04673	17.9427
3.04872	18.0015
3.0527	18.0571
3.05614	18.1126
3.05778	18.1682
3.05901	18.2237
3.06197	18.2793
3.06309	18.3348
3.07407	18.3904
3.07472	18.4459
3.0757	18.5015
3.07707	18.5571
3.07843	18.6126
3.07978	18.6682
3.08326	18.7237
3.08668	18.7793
3.08804	18.8348
3.08941	18.8904
3.09093	18.9459
3.09356	19.0015
3.09496	19.0541
3.09632	19.1068
3.10119	19.1594
3.10397	19.212
3.10534	19.2647
3.10693	19.3173
3.11762	19.3699
3.12573	19.4226
3.12709	19.4752
3.12915	19.5278
3.13049	19.5804
3.13324	19.6331
3.13464	19.6857
3.13531	19.7383
3.13601	19.791
3.13669	19.8436
3.13738	19.8962
3.13876	19.9489
3.14014	20.0015
3.14222	20.0515
3.1443	20.1015
3.14725	20.1515
3.14923	20.2015
3.1512	20.2515
3.15769	20.3015
3.16511	20.3515
3.16856	20.4015
3.16993	20.4515
3.171	20.5015
3.17215	20.5515
3.17302	20.6015
3.17427	20.6515
3.17572	10.3258
3.17699	10.4258
3.17833	10.5258
3.17973	10.6258
3.18105	10.7258
3.18244	10.8258
3.18381	10.9258
3.18521	11.0258
3.18726	11.1167
3.19075	11.2076
3.19213	11.2985
3.19283	11.3894
3.19631	11.4803
3.21717	11.5712
3.21867	11.6621
3.21925	11.753
3.21991	11.8439
3.22062	11.9348
3.22133	12.0258
3.22197	12.1091
3.22267	12.1924
3.22335	12.2758
3.22426	12.3591
3.22683	12.4424
3.25961	12.5258
3.26108	12.6091
3.26176	12.6924
3.26246	12.7758
3.26315	12.8591
3.26385	12.9424
3.26467	13.0258
3.26709	13.1027
3.26983	13.1796
3.27273	13.2565
3.27547	13.3334
3.27684	13.4104
3.30175	13.4873
3.30995	13.5642
3.31198	13.6411
3.31406	13.7181
3.31543	13.795
3.31691	13.8719
3.31759	13.9488
3.31826	14.0258
3.31895	14.0972
3.31963	14.1686
3.32106	14.24
3.32326	14.3115
3.32554	14.3829
3.36086	14.4543
3.36564	14.5258
3.36769	14.5972
3.37043	14.6686
3.37181	14.74
3.37457	14.8115
3.37594	14.8829
3.37731	14.9543
3.378	15.0258
3.38006	15.0924
3.38214	15.1591
3.3829	15.2258
3.38431	15.2924
3.38514	15.3591
3.41553	15.4258
3.41618	15.4924
3.41688	15.5591
3.41758	15.6258
3.41894	15.6924
3.41965	15.7591
3.42032	15.8258
3.42102	15.8924
3.42172	15.9591
3.4226	16.0258
3.42316	16.0883
3.4238	16.1508
3.42521	16.2133
3.42592	16.2758
3.43759	16.3383
3.45884	16.4008
3.45939	16.4633
3.46214	16.5258
3.46349	16.5883
3.46492	16.6508
3.46697	16.7133
3.46867	16.7758
3.47009	16.8383
3.47142	16.9008
3.47282	16.9633
3.47757	17.0258
3.47829	17.0846
3.47966	17.1434
3.48108	17.2022
3.48307	17.261
3.48594	17.3199
3.50241	17.3787
3.50366	17.4375
3.50454	17.4963
3.51656	17.5552
3.5177	17.614
3.51904	17.6728
3.52045	17.7316
3.52116	17.7905
3.52249	17.8493
3.52451	17.9081
3.52588	17.9669
3.52657	18.0258
3.52863	18.0813
3.53012	18.1369
3.53206	18.1924
3.53415	18.248
3.5362	18.3035
3.54522	18.3591
3.5494	18.4146
3.55008	18.4702
3.55574	18.5258
3.55692	18.5813
3.5583	18.6369
3.55967	18.6924
3.56106	18.748
3.56257	18.8035
3.5653	18.8591
3.56654	18.9146
3.56791	18.9702
3.56926	19.0258
3.57409	19.0784
3.57476	19.131
3.57614	19.1836
3.57771	19.2363
3.58029	19.2889
3.58377	19.3415
3.59546	19.3942
3.59825	19.4468
3.59891	19.4994
3.59964	19.5521
3.60032	19.6047
3.60104	19.6573
3.6024	19.71
3.60321	19.7626
3.61496	19.8152
3.61632	19.8679
3.61906	19.9205
3.61975	19.9731
3.62045	20.0258
3.62181	20.0758
3.62251	20.1258
3.62318	20.1758
3.62387	20.2258
3.62525	20.2758
3.62873	20.3258
3.63169	20.3758
3.651	20.4258
3.65444	20.4758
3.65718	20.5258
3.65856	20.5758
3.6599	20.6258
3.66129	20.6758
3.66197	20.7258
3.66474	20.7758
3.66614	20.8258
3.66758	20.8758
3.67039	20.9258
3.67107	20.9758
3.67182	21.0258
3.67249	21.0734
3.67302	21.121
3.67456	21.1686
3.676	21.2162
3.6765	21.2638
3.68407	21.3115
3.68478	21.3591
3.68902	21.4067
3.68966	21.4543
3.7069	21.5019
3.70756	21.5496
3.7084	21.5972
3.7089	21.6448
3.70957	21.6924
3.7112	21.74
3.71241	21.7877
3.71443	21.8353
3.7153	21.8829
3.71668	21.9305
3.71724	21.9781
3.71859	22.0258
3.72007	22.0712
3.72133	22.1167
3.72294	22.1621
3.72409	22.2076
3.72564	22.253
3.72902	22.2985
3.72969	22.3439
3.73443	22.3894
3.73473	22.4348
3.73948	22.4803
3.7408	22.5258
3.74141	22.5712
3.7421	22.6167
3.74296	22.6621
3.74363	22.7076
3.74486	22.753
3.74555	22.7985
3.74618	22.8439
3.74829	22.8894
3.751	22.9348
3.75307	22.9803
3.75461	23.0258
3.76218	23.0692
3.76624	23.1127
3.7683	23.1562
3.769	23.1997
3.77038	23.2431
3.78095	23.2866
3.78156	23.3301
3.78434	23.3736
3.78507	23.4171
3.78732	23.4605
3.78857	23.504
3.78915	23.5475
3.78982	23.591
3.79052	23.6344
3.79256	23.6779
3.79323	23.7214
3.7962	23.7649
3.79872	23.8084
3.80091	23.8518
3.80355	23.8953
3.80563	23.9388
3.80835	23.9823
3.81111	24.0258
3.81402	24.0674
3.81522	24.1091
3.81804	24.1508
3.82419	24.1924
3.82697	24.2341
3.83956	24.2758
3.84573	24.3174
3.84781	24.3591
3.84985	24.4008
3.8512	12.2004
3.85193	12.2837
3.85261	12.367
3.85327	12.4504
3.85397	12.5337
3.85466	12.617
3.85949	12.7004
3.86217	12.7837
3.86359	12.867
3.8663	12.9504
3.86843	13.0337
3.87462	13.1106
3.87531	13.1876
3.87666	13.2645
3.87738	13.3414
3.87805	13.4183
3.87941	13.4952
3.8808	13.5722
3.88151	13.6491
3.88232	13.726
3.90804	13.8029
3.90943	13.8799
3.91009	13.9568
3.91147	14.0337
3.91909	14.1051
3.92051	14.1766
3.92125	14.248
3.92183	14.3194
3.92251	14.3909
3.92319	14.4623
3.92476	14.5337
3.92599	14.6051
3.92874	14.6766
3.95245	14.748
3.95382	14.8194
3.95449	14.8909
3.95523	14.9623
3.95661	15.0337
3.95863	15.1004
3.96211	15.167
3.96415	15.2337
3.96568	15.3004
3.96623	15.367
3.96759	15.4337
3.96895	15.5004
3.9731	15.567
3.97379	15.6337
4.00607	15.7004
4.00787	15.767
4.01687	15.8337
4.02359	15.9004
4.02705	15.967
4.02837	16.0337
4.03188	16.0962
4.03319	16.1587
4.03457	16.2212
4.03623	16.2837
4.03762	16.3462
4.03919	16.4087
4.03996	16.4712
4.04062	16.5337
4.04135	16.5962
4.06577	16.6587
4.06642	16.7212
4.08235	16.7837
4.08441	16.8462
4.08508	16.9087
4.08576	16.9712
4.08855	17.0337
4.09358	17.0925
4.09368	17.1514
4.09477	17.2102
4.09674	17.269
4.09886	17.3278
4.10158	17.3866
4.10292	17.4455
4.10434	17.5043
4.10568	17.5631
4.11646	17.6219
4.11709	17.6808
4.11835	17.7396
4.11981	17.7984
4.12047	17.8572
4.12179	17.9161
4.12253	17.9749
4.12387	18.0337
4.12527	18.0893
4.12676	18.1448
4.12798	18.2004
4.12937	18.2559
4.13076	18.3115
4.13147	18.367
4.13237	18.4226
4.13286	18.4782
4.13558	18.5337
4.15721	18.5893
4.15782	18.6448
4.15849	18.7004
4.15996	18.7559
4.16059	18.8115
4.1613	18.867
4.162	18.9226
4.16271	18.9782
4.16346	19.0337
4.16423	19.0863
4.16628	19.139
4.16752	19.1916
4.16893	19.2442
4.17023	19.2969
4.17718	19.3495
4.17851	19.4021
4.18057	19.4548
4.18337	19.5074
4.19929	19.56
4.19952	19.6127
4.20084	19.6653
4.20253	19.7179
4.20319	19.7706
4.20387	19.8232
4.20666	19.8758
4.20736	19.9284
4.20873	19.9811
4.21015	20.0337
4.21154	20.0837
4.21499	20.1337
4.21567	20.1837
4.21794	20.2337
4.22115	20.2837
4.22472	20.3337
4.22818	20.3837
4.23093	20.4337
4.23367	20.4837
4.24614	20.5337
4.24754	20.5837
4.24858	20.6337
4.24898	20.6837
4.24971	20.7337
4.25037	20.7837
4.25316	20.8337
4.25387	20.8837
4.25536	20.9337
4.25599	20.9837
4.25671	21.0337
4.25734	21.0813
4.25869	21.1289
4.25939	21.1766
4.26018	21.2242
4.26147	21.2718
4.26353	21.3194
4.26684	21.367
4.26957	21.4147
4.27162	21.4623
4.28701	21.5099
4.28828	21.5575
4.29324	21.6051
4.29448	21.6528
4.29583	21.7004
4.2966	21.748
4.30158	21.7956
4.30362	21.8432
4.30508	21.8909
4.31044	21.9385
4.31459	21.9861
4.31733	22.0337
4.31938	22.0792
4.32145	22.1246
4.32421	22.1701
4.32695	22.2155
4.32832	22.261
4.3297	22.3064
4.33038	22.3519
4.33199	22.3973
4.33252	22.4428
4.34155	22.4883
4.34299	22.5337
4.34431	22.5792
4.34577	22.6246
4.34718	22.6701
4.34858	22.7155
4.36448	22.761
4.36928	22.8064
4.37204	22.8519
4.37339	22.8973
4.37478	22.9428
4.37547	22.9883
4.37682	23.0337
4.3776	23.0772
4.37822	23.1207
4.3789	23.1641
4.38027	23.2076
4.38371	23.2511
4.38672	23.2946
4.38924	23.3381
4.39064	23.3815
4.392	23.425
4.39807	23.4685
4.39859	23.512
4.39925	23.5554
4.40001	23.5989
4.40051	23.6424
4.40144	23.6859
4.43162	23.7294
4.43314	23.7728
4.43446	23.8163
4.4359	23.8598
4.43722	23.9033
4.43857	23.9468
4.43927	23.9902
4.44064	24.0337
4.44204	24.0754
4.4434	24.117
4.44554	24.1587
4.4462	24.2004
4.4469	24.242
4.4476	24.2837
4.4483	24.3254
4.44902	24.367
4.44969	24.4087
4.45497	24.4504
4.45607	24.492
4.45747	24.5337
4.45817	24.5754
4.45897	24.617
4.46853	24.6587
4.47889	24.7004
4.48078	24.742
4.48216	24.7837
4.48354	24.8254
4.48439	24.867
4.48733	24.9087
4.48999	24.9504
4.4927	24.992
4.49476	25.0337
4.49683	25.0737
4.49826	25.1137
4.49981	25.1537
4.50032	25.1937
4.50098	25.2337
4.50233	25.2737
4.50244	25.3137
4.50319	25.3537
4.50467	25.3937
4.50878	25.4337
4.50895	25.4737
4.51207	25.5137
4.51322	25.5537
4.51389	25.5937
4.5203	25.6337
4.54272	25.6737
4.54475	25.7137
4.54549	25.7537
4.54681	25.7937
4.5496	25.8337
4.55094	25.8737
4.55166	25.9137
4.55302	25.9537
4.5545	25.9937
4.55603	26.0337
4.5565	26.0722
4.55801	26.1106
4.55859	26.1491
4.55929	26.1876
4.56008	26.226
4.56067	26.2645
4.56135	26.3029
4.5622	26.3414
4.56277	26.3799
4.56563	26.4183
4.56843	26.4568
4.57263	26.4952
4.57875	26.5337
4.58149	26.5722
4.58641	26.6106
4.58915	26.6491
4.59123	26.6876
4.5926	26.726
4.59472	26.7645
4.59676	26.8029
4.59951	26.8414
4.60086	26.8799
4.60376	26.9183
4.60431	26.9568
4.60504	26.9952
4.60637	27.0337
4.60843	27.0707
4.60979	27.1078
4.61391	27.1448
4.61531	27.1819
4.61544	27.2189
4.61609	27.2559
4.61679	27.293
4.61747	27.33
4.61834	27.367
4.62624	27.4041
4.63057	27.4411
4.63188	27.4782
4.63454	27.5152
4.63814	27.5522
4.64144	27.5893
4.6428	27.6263
4.64495	27.6633
4.64626	27.7004
4.64899	27.7374
4.65176	27.7744
4.65317	27.8115
4.65452	27.8485
4.65587	27.8856
4.65752	27.9226
4.65865	27.9596
4.65996	27.9967
4.66137	28.0337
4.66298	28.0694
4.66419	28.1051
4.66826	28.1409
4.67084	28.1766
4.67103	28.2123
4.67176	28.248
4.67244	28.2837
4.67329	28.3194
4.67404	28.3551
4.7026	28.3909
4.70382	28.4266
4.7052	28.4623
4.70663	28.498
4.70793	28.5337
4.70862	28.5694
4.71001	28.6051
4.7114	28.6409
4.71275	28.6766
4.71756	28.7123
4.71895	28.748
4.71961	28.7837
4.71975	28.8194
4.72049	28.8551
4.7212	28.8909
4.72186	28.9266
4.72258	28.9623
4.72398	28.998
4.72468	29.0337
4.72609	29.0682
4.72829	29.1027
4.72949	29.1372
4.73367	29.1716
4.73431	29.2061
4.73637	29.2406
4.73775	29.2751
4.74256	29.3096
4.74545	29.3441
4.77108	29.3785
4.77137	29.413
4.77154	29.4475
4.77168	29.482
4.77178	29.5165
4.77245	29.551
4.77318	29.5854
4.77456	29.6199
4.77523	29.6544
4.77737	29.6889
4.78421	29.7234
4.78834	29.7578
4.79107	29.7923
4.79384	29.8268
4.7962	29.8613
4.7976	29.8958
4.79947	29.9303
4.80156	29.9647
4.80363	29.9992
4.80499	30.0337
4.80636	30.067
4.81185	30.1004
4.81392	30.1337
4.81533	30.167
4.81668	30.2004
4.81805	30.2337
4.8196	30.267
4.82101	30.3004
4.82166	30.3337
4.83011	30.367
4.8307	30.4004
4.83138	30.4337
4.83765	30.467
4.83974	30.5004
4.84178	30.5337
4.84381	30.567
4.84676	30.6004
4.85617	30.6337
4.86239	30.667
4.86513	30.7004
4.86655	30.7337
4.8672	30.767
4.86924	30.8004
4.87077	30.8337
4.8713	30.867
4.87278	30.9004
4.87473	30.9337
4.87612	30.967
4.87815	31.0004
4.87957	31.0326
4.8803	31.0649
4.88099	31.0971
4.88169	31.1294
4.88262	31.1617
4.88508	31.1939
4.88922	31.2262
4.89333	31.2584
4.89407	31.2907
4.89478	31.323
4.90672	31.3552
4.91017	31.3875
4.91292	31.4197
4.93073	31.452
4.93212	31.4842
4.93349	31.5165
4.93488	31.5488
4.93558	31.581
4.93761	31.6133
4.93904	31.6455
4.93977	31.6778
4.94046	31.7101
4.94114	31.7423
4.94184	31.7746
4.94255	31.8068
4.94321	31.8391
4.94408	31.8713
4.94692	31.9036
4.94753	31.9359
4.95028	31.9681
4.95094	32.0004
4.95161	32.0316
4.95439	32.0629
4.956	32.0941
4.95719	32.1254
4.96269	32.1566
4.96407	32.1879
4.96613	32.2191
4.97572	32.2504
4.98061	32.2816
4.9833	32.3129
5.00147	32.3441
5.002	32.3754
5.0029	32.4066
5.00775	32.4379
5.00922	32.4691
5.01194	32.5004
5.014	32.5316
5.01534	32.5629
5.01623	32.5941
5.0167	32.6254
5.01751	32.6566
5.01814	32.6879
5.01975	32.7191
5.01979	32.7504
5.02017	32.7816
5.02089	32.8129
5.02155	32.8441
5.02223	32.8754
5.0236	32.9066
5.02498	32.9379
5.02566	32.9691
5.02636	33.0004
5.02907	33.0307
5.03116	33.061
5.03254	33.0913
5.03671	33.1216
5.04399	33.1519
5.04539	16.5759
5.04619	16.6384
5.04689	16.7009
5.04754	16.7634
5.04824	16.8259
5.07313	16.8884
5.0787	16.9509
5.07941	17.0134
5.0809	17.0723
5.09102	17.1311
5.09239	17.1899
5.09385	17.2487
5.09433	17.3076
5.09641	17.3664
5.09792	17.4252
5.10125	17.484
5.10335	17.5429
5.10605	17.6017
5.10744	17.6605
5.10895	17.7193
5.11088	17.7782
5.11295	17.837
5.11499	17.8958
5.12463	17.9546
5.12877	18.0134
5.12956	18.069
5.13019	18.1246
5.13084	18.1801
5.13225	18.2357
5.13363	18.2912
5.13433	18.3468
5.13578	18.4023
5.13713	18.4579
5.16843	18.5134
5.17042	18.569
5.17166	18.6246
5.17241	18.6801
5.17316	18.7357
5.17375	18.7912
5.17463	18.8468
5.17514	18.9023
5.17661	18.9579
5.17675	19.0134
5.17719	19.0661
5.17874	19.1187
5.17879	19.1713
5.17943	19.224
5.18008	19.2766
5.18079	19.3292
5.18155	19.3819
5.18209	19.4345
5.21329	19.4871
5.21411	19.5398
5.21486	19.5924
5.21556	19.645
5.21623	19.6977
5.21762	19.7503
5.21827	19.8029
5.21967	19.8556
5.22147	19.9082
5.22194	19.9608
5.22264	20.0134
5.2233	20.0634
5.22525	20.1134
5.22592	20.1634
5.22654	20.2134
5.22791	20.2634
5.2293	20.3134
5.23069	20.3634
5.23274	20.4134
5.25933	20.4634
5.2601	20.5134
5.2608	20.5634
5.26162	20.6134
5.26227	20.6634
5.26295	20.7134
5.26377	20.7634
5.26452	20.8134
5.26519	20.8634
5.26588	20.9134
5.26657	20.9634
5.26727	21.0134
5.26795	21.0611
5.28676	21.1087
5.2888	21.1563
5.29087	21.2039
5.29225	21.2515
5.29362	21.2992
5.29569	21.3468
5.29711	21.3944
5.31515	21.442
5.31654	21.4896
5.31791	21.5373
5.31927	21.5849
5.32134	21.6325
5.32273	21.6801
5.32479	21.7277
5.32752	21.7754
5.32889	21.823
5.33098	21.8706
5.33169	21.9182
5.33235	21.9658
5.33306	22.0134
5.33374	22.0589
5.33513	22.1044
5.33648	22.1498
5.33923	22.1953
5.33992	22.2407
5.34065	22.2862
5.34134	22.3316
5.34204	22.3771
5.37333	22.4225
5.37471	22.468
5.37768	22.5134
5.37881	22.5589
5.38019	22.6044
5.38156	22.6498
5.38291	22.6953
5.38364	22.7407
5.38568	22.7862
5.38704	22.8316
5.3878	22.8771
5.38908	22.9225
5.38979	22.968
5.39322	23.0134
5.39391	23.0569
5.39459	23.1004
5.39597	23.1439
5.39733	23.1874
5.39871	23.2308
5.4001	23.2743
5.40284	23.3178
5.40423	23.3613
5.43423	23.4047
5.43544	23.4482
5.4362	23.4917
5.43686	23.5352
5.43752	23.5787
5.43832	23.6221
5.43972	23.6656
5.44027	23.7091
5.441	23.7526
5.44239	23.7961
5.44375	23.8395
5.44513	23.883
5.44651	23.9265
5.44856	23.97
5.44925	24.0134
5.45058	24.0551
5.45092	24.0968
5.45141	24.1384
5.45222	24.1801
5.45278	24.2218
5.45416	24.2634
5.45896	24.3051
5.46038	24.3468
5.49916	24.3884
5.50398	12.1942
5.50945	12.2776
5.51014	12.3609
5.51105	12.4442
5.51173	12.5276
5.51238	12.6109
5.51364	12.6942
5.51434	12.7776
5.5157	12.8609
5.51718	12.9442
5.51845	13.0276
5.5198	13.1045
5.52739	13.1814
5.52898	13.2583
5.52966	13.3352
5.53312	13.4122
5.53452	13.4891
5.53595	13.566
5.53673	13.6429
5.53734	13.7199
5.54425	13.7968
5.54495	13.8737
5.54562	13.9506
5.58097	14.0276
5.58284	14.099
5.58294	14.1704
5.58302	14.2418
5.58379	14.3133
5.58447	14.3847
5.58724	14.4561
5.59271	14.5276
5.5939	14.599
5.6001	14.6704
5.60425	14.7418
5.60765	14.8133
5.60911	14.8847
5.63488	14.9561
5.63626	15.0276
5.64796	15.0942
5.64871	15.1609
5.64938	15.2276
5.65007	15.2942
5.65832	15.3609
5.65945	15.4276
5.65976	15.4942
5.66047	15.5609
5.66118	15.6276
5.66184	15.6942
5.66252	15.7609
5.66389	15.8276
5.71078	15.8942
5.71212	15.9609
5.71351	16.0276
5.71488	16.0901
5.71624	16.1526
5.71692	16.2151
5.71901	16.2776
5.72175	16.3401
5.72544	16.4026
5.72729	16.4651
5.72799	16.5276
5.72875	16.5901
5.7294	16.6526
5.73011	16.7151
5.73075	16.7776
5.79501	16.8401
5.79557	16.9026
5.79561	16.9651
5.79564	17.0276
5.79678	17.0864
5.79755	17.1452
5.79824	17.204
5.79953	17.2629
5.80022	17.3217
5.8044	17.3805
5.80573	17.4393
5.80718	17.4981
5.80787	17.557
5.81134	17.6158
5.81202	17.6746
5.81687	17.7334
5.86453	17.7923
5.86724	17.8511
5.87001	17.9099
5.87275	17.9687
5.87415	18.0276
5.87982	18.0831
5.88101	18.1387
5.8824	18.1942
5.88377	18.2498
5.88513	18.3053
5.88722	18.3609
5.88859	18.4164
5.89006	18.472
5.89221	18.5276
5.8931	18.5831
5.89332	18.6387
5.89352	18.6942
5.92724	18.7498
5.92857	18.8053
5.93132	18.8609
5.93203	18.9164
5.93476	18.972
5.93685	19.0276
5.93768	19.0802
5.939	19.1328
5.94034	19.1855
5.94097	19.2381
5.9417	19.2907
5.94236	19.3433
5.94305	19.396
5.94374	19.4486
5.95063	19.5012
5.95202	19.5539
5.95476	19.6065
5.95614	19.6591
5.98403	19.7118
5.98793	19.7644
5.98863	19.817
5.99037	19.8697
5.99176	19.9223
5.99381	19.9749
5.99518	20.0276
5.99723	20.0776
6.00069	20.1276
6.00276	20.1776
6.00414	20.2276
6.00617	20.2776
6.00758	20.3276
6.01099	20.3776
6.01235	20.4276
6.01795	20.4776
6.01862	20.5276
6.01929	20.5776
6.02069	20.6276
6.06243	20.6776
6.0762	20.7276
6.07958	20.7776
6.08235	20.8276
6.08512	20.8776
6.08659	20.9276
6.08877	20.9776
6.08992	21.0276
6.0907	21.0752
6.09132	21.1228
6.09202	21.1704
6.09274	21.218
6.09341	21.2657
6.09409	21.3133
6.09476	21.3609
6.09546	21.4085
6.0962	21.4561
6.09684	21.5037
6.09754	21.5514
6.0982	21.599
6.13523	21.6466
6.13644	21.6942
6.13781	21.7418
6.13918	21.7895
6.14059	21.8371
6.14151	21.8847
6.14233	21.9323
6.14317	21.9799
6.14422	22.0276
6.14476	22.073
6.1462	22.1185
6.14689	22.1639
6.14831	22.2094
6.14987	22.2548
6.15105	22.3003
6.15241	22.3457
6.15375	22.3912
6.15519	22.4366
6.15652	22.4821
6.15859	22.5276
6.16078	22.573
6.2007	22.6185
6.20204	22.6639
6.20343	22.7094
6.20411	22.7548
6.20754	22.8003
6.21168	22.8457
6.21305	22.8912
6.21648	22.9366
6.2192	22.9821
6.2206	23.0276
6.22264	23.071
6.22473	23.1145
6.22899	23.158
6.23227	23.2015
6.23301	23.2449
6.23366	23.2884
6.23438	23.3319
6.23572	23.3754
6.23711	23.4189
6.23858	23.4623
6.2412	23.5058
6.24256	23.5493
6.28628	23.5928
6.28696	23.6363
6.28761	23.6797
6.2883	23.7232
6.28904	23.7667
6.28969	23.8102
6.29036	23.8536
6.29105	23.8971
6.29173	23.9406
6.29244	23.9841
6.29381	24.0276
6.29451	24.0692
6.29517	24.1109
6.29586	24.1526
6.29726	24.1942
6.29795	24.2359
6.29864	24.2776
6.30005	24.3192
6.30137	24.3609
6.30226	24.4026
6.30348	24.4442
6.30416	24.4859
6.30486	24.5276
6.34309	24.5692
6.34691	24.6109
6.35034	24.6526
6.353	24.6942
6.35577	24.7359
6.35918	24.7776
6.35988	12.3888
6.36129	12.4721
6.36198	12.5554
6.36263	12.6388
6.36401	12.7221
6.36468	12.8054
6.36538	12.8888
6.36606	12.9721
6.36815	13.0554
6.36955	13.1324
6.37022	13.2093
6.37161	13.2862
6.37307	13.3631
6.37368	13.4401
6.37438	13.517
6.37575	13.5939
6.3764	13.6708
6.3862	13.7478
6.43732	13.8247
6.44019	13.9016
6.44212	13.9785
6.44555	14.0554
6.44634	14.1269
6.44695	14.1983
6.44888	14.2697
6.44985	14.3412
6.45114	14.4126
6.45188	14.484
6.45806	14.5554
6.46009	14.6269
6.46908	14.6983
6.50383	14.7697
6.50524	14.8412
6.50596	14.9126
6.50664	14.984
6.50803	15.0554
6.50871	15.1221
6.50942	15.1888
6.5174	15.2554
6.52014	15.3221
6.52153	15.3888
6.5229	15.4554
6.5243	15.5221
6.52772	15.5888
6.53137	15.6554
6.58073	15.7221
6.58283	15.7888
6.58401	15.8554
6.58471	15.9221
6.58662	15.9888
6.58724	16.0554
6.58794	16.1179
6.5886	16.1804
6.59134	16.2429
6.59406	16.3054
6.59679	16.3679
6.5981	16.4304
6.59952	16.4929
6.60156	16.5554
6.60428	16.6179
6.64128	16.6804
6.64603	16.7429
6.64669	16.8054
6.64739	16.8679
6.6501	16.9304
6.65286	16.9929
6.65595	17.0554
6.65817	17.1143
6.65942	17.1731
6.66086	17.2319
6.66174	17.2907
6.66229	17.3496
6.66294	17.4084
6.6636	17.4672
6.66432	17.526
6.66639	17.5849
6.69068	17.6437
6.69202	17.7025
6.69339	17.7613
6.69477	17.8202
6.69615	17.879
6.69889	17.9378
6.70027	17.9966
6.70302	18.0554
6.71059	18.111
6.71337	18.1666
6.71473	18.2221
6.7172	18.2777
6.71756	18.3332
6.71892	18.3888
6.71962	18.4443
6.72031	18.4999
6.72099	18.5554
6.74808	18.611
6.74868	18.6666
6.75011	18.7221
6.75079	18.7777
6.7515	18.8332
6.75219	18.8888
6.75289	18.9443
6.75358	18.9999
6.75493	19.0554
6.75632	19.1081
6.7577	19.1607
6.75906	19.2133
6.76604	19.266
6.76743	19.3186
6.7688	19.3712
6.77012	19.4239
6.77148	19.4765
6.7729	19.5291
6.80347	19.5818
6.80481	19.6344
6.8055	19.687
6.80754	19.7397
6.80889	19.7923
6.81234	19.8449
6.81372	19.8975
6.81509	19.9502
6.81719	20.0028
6.81854	20.0528
6.82061	20.1028
6.82267	20.1528
6.82334	20.2028
6.82411	20.2528
6.82501	20.3028
6.82683	20.3528
6.82889	20.4028
6.82958	20.4528
6.83097	20.5028
6.84492	20.5528
6.84696	20.6028
6.84766	20.6528
6.84834	20.7028
6.8491	20.7528
6.85109	20.8028
6.85248	20.8528
6.85384	20.9028
6.85575	20.9528
6.8566	21.0028
6.85795	21.0504
6.86004	21.0981
6.8621	21.1457
6.86691	21.1933
6.87037	21.2409
6.8731	21.2885
6.87448	21.3361
6.87602	21.3838
6.8773	21.4314
6.87867	21.479
6.88388	10.7395
6.88431	10.8395
6.88567	10.9395
6.88636	11.0395
6.88772	11.1304
6.88841	11.2213
6.88908	11.3122
6.88978	11.4031
6.89047	11.494
6.89734	11.585
6.9008	11.6759
6.90292	11.7668
6.90357	11.8577
6.90494	11.9486
6.90569	12.0395
6.92001	12.1228
6.92277	12.2062
6.92415	12.2895
6.92554	12.3728
6.92689	12.4562
6.92763	12.5395
6.94085	12.6228
6.9429	12.7062
6.94429	12.7895
6.95253	12.8728
6.9546	12.9562
6.95599	13.0395
6.96629	13.1164
6.96766	13.1933
6.96835	13.2703
6.96905	13.3472
6.97395	13.4241
6.97669	13.501
7.0051	13.578
7.0066	13.6549
7.00858	6.82744
7.01071	6.99411
7.01568	7.16078
7.0205	7.30363
7.02186	7.44649
7.02795	7.58935
7.02998	7.73221
7.03273	7.87506
7.03345	8.01792
7.04097	8.14292
7.04238	8.26792
7.06387	8.39292
7.06529	8.51792
7.0723	4.25896
7.07295	4.50896
7.07431	4.75896
7.07497	5.00896
7.08136	5.20896
7.08258	5.40896
7.10412	5.60896
7.107	5.80896
7.11063	6.00896
7.11173	6.17563
7.11309	6.34229
7.15434	6.50896
7.15575	6.67563
7.15647	6.84229
7.15716	7.00896
7.15786	7.15182
7.16347	7.29467
7.19811	7.43753
7.20084	7.58039
7.20293	7.72325
7.20427	7.8661
7.20498	8.00896
7.20568	8.13396
7.20634	8.25896
7.22916	8.38396
7.23051	8.50896
7.23122	8.63396
7.23263	8.75896
7.23539	8.88396
7.23676	9.00896
7.24085	9.12007
7.24362	9.23118
7.2796	9.34229
7.28233	9.4534
7.28371	9.56452
7.2851	9.67563
7.28578	9.78674
7.28646	9.89785
7.28716	10.009
7.28804	10.109
7.28864	10.209
7.31653	10.309
7.3173	10.409
7.31791	10.509
7.32004	10.609
7.32296	10.709
7.32482	10.809
7.32758	10.909
7.32896	11.009
7.32964	11.0999
7.33032	11.1908
7.35601	11.2817
7.35734	11.3726
7.35806	11.4635
7.35942	11.5544
7.36216	11.6453
7.36501	11.7362
7.36633	11.8271
7.36771	11.9181
7.37044	12.009
7.37271	12.0923
7.37329	12.1756
7.39027	12.259
7.39276	12.3423
7.39606	12.4256
7.39884	12.509
7.4002	12.5923
7.40088	12.6756
7.40226	12.759
7.40294	12.8423
7.40432	12.9256
7.405	13.009
7.40637	13.0859
7.40828	13.1628
7.43639	13.2397
7.43912	13.3167
7.44068	13.3936
7.44186	13.4705
7.44343	13.5474
7.44407	13.6243
7.44736	13.7013
7.44948	13.7782
7.4509	13.8551
7.45156	13.932
7.45289	14.009
7.45365	14.0804
7.45564	14.1518
7.47804	14.2232
7.47897	14.2947
7.48029	14.3661
7.48182	14.4375
7.48377	14.509
7.48463	14.5804
7.48576	14.6518
7.48715	14.7232
7.49008	14.7947
7.4913	14.8661
7.49402	14.9375
7.49624	15.009
7.4976	15.0756
7.50036	15.1423
7.544	15.209
7.546	15.2756
7.54746	15.3423
7.54887	15.409
7.55018	15.4756
7.55153	15.5423
7.5529	15.609
7.55497	15.6756
7.55639	15.7423
7.55771	15.809
7.55977	15.8756
7.56052	15.9423
7.56186	16.009
7.56252	16.0715
7.56392	16.134
7.6034	16.1965
7.60486	16.259
7.60552	16.3215
7.6062	16.384
7.60845	16.4465
7.61045	16.509
7.61105	16.5715
7.61177	16.634
7.62482	16.6965
7.62688	16.759
7.62891	16.8215
7.63447	16.884
7.6372	16.9465
7.64068	17.009
7.64297	17.0678
7.64635	17.1266
7.67164	17.1854
7.67174	17.2443
7.67195	17.3031
7.67268	17.3619
7.67327	17.4207
7.67397	17.4795
7.67889	17.5384
7.68361	17.5972
7.68654	17.656
7.68707	17.7148
7.68772	17.7737
7.68844	17.8325
7.68913	17.8913
7.69273	8.94566
7.69397	9.07066
7.69607	9.18177
7.70295	9.29288
7.72659	9.40399
7.72866	9.5151
7.73008	9.62621
7.73078	9.73732
7.73151	9.84843
7.73216	9.95955
7.73511	10.0707
7.73625	10.1707
7.73837	10.2707
7.73973	10.3707
7.74112	10.4707
7.74319	10.5707
7.7654	10.6707
7.76677	10.7707
7.76746	10.8707
7.76816	10.9707
7.76908	11.0707
7.76963	11.1616
7.77027	11.2525
7.77237	11.3434
7.7747	11.4343
7.77735	11.5252
7.80125	11.6161
7.80173	11.707
7.8025	11.7979
7.80401	11.8888
7.80529	11.9797
7.8059	12.0707
7.81072	12.154
7.81708	12.2373
7.8178	12.3207
7.81846	12.404
7.82421	12.4873
7.85957	12.5707
7.86027	12.654
7.8706	12.7373
7.87605	12.8207
7.87911	12.904
7.88088	12.9873
7.88225	13.0707
7.88368	13.1476
7.88433	13.2245
7.88574	13.3014
7.89123	13.3783
7.89317	13.4553
7.93154	13.5322
7.93217	13.6091
7.93668	13.686
7.93737	13.763
7.93996	13.8399
7.94124	13.9168
7.94196	13.9937
7.94261	14.0707
7.94335	14.1421
7.94401	14.2135
7.94468	14.2849
7.94536	14.3564
7.95426	14.4278
7.98667	14.4992
7.98727	14.5707
7.99511	14.6421
7.99994	14.7135
8.0013	14.7849
8.00268	14.8564
8.007	14.9278
8.0075	14.9992
8.0117	15.0707
8.01434	15.1373
8.01717	15.204
8.01855	15.2707
8.01932	15.3373
8.01994	15.404
8.02661	15.4707
8.03233	15.5373
8.03644	15.604
8.03782	15.6707
8.03916	15.7373
8.04125	15.804
8.04544	15.8707
8.04679	15.9373
8.04819	16.004
8.04953	16.0665
8.05089	16.129
8.05296	16.1915
8.05457	16.254
8.05778	16.3165
8.06189	16.379
8.07169	16.4415
8.07344	16.504
8.07708	16.5665
8.07765	16.629
8.07858	16.6915
8.08135	16.754
8.08546	16.8165
8.08686	16.879
8.08822	16.9415
8.09097	17.004
8.09236	17.0628
8.09369	17.1216
8.09441	17.1805
8.09577	17.2393
8.09854	17.2981
8.09989	17.3569
8.12046	17.4158
8.12085	17.4746
8.12214	17.5334
8.12284	17.5922
8.12424	17.651
8.12565	17.7099
8.12702	17.7687
8.12845	17.8275
8.12977	17.8863
8.13052	17.9452
8.13185	18.004
8.13251	18.0595
8.13323	18.1151
8.13391	18.1707
8.1353	18.2262
8.13739	18.2818
8.13875	18.3373
8.16451	18.3929
8.16471	18.4484
8.16545	18.504
8.16623	18.5595
8.16691	18.6151
8.16758	18.6707
8.1685	18.7262
8.16896	18.7818
8.16966	18.8373
8.1703	18.8929
8.17172	18.9484
8.17316	19.004
8.17378	19.0566
8.1745	19.1093
8.17519	19.1619
8.17604	19.2145
8.17713	19.2671
8.17729	19.3198
8.21393	19.3724
8.21471	19.425
8.21544	19.4777
8.21618	19.5303
8.21673	19.5829
8.21762	19.6356
8.21811	19.6882
8.2189	19.7408
8.22018	19.7935
8.22155	19.8461
8.22328	19.8987
8.2239	19.9514
8.22457	20.004
8.22526	20.054
8.22668	20.104
8.22802	20.154
8.22872	20.204
8.23097	20.254
8.2317	20.304
8.26653	20.354
8.26675	20.404
8.26747	20.454
8.26817	20.504
8.26885	20.554
8.27233	20.604
8.27368	20.654
8.27522	20.704
8.27717	20.754
8.27924	20.804
8.28084	20.854
8.28201	20.904
8.28474	20.954
8.28751	21.004
8.293	21.0516
8.2978	21.0992
8.30259	21.1468
8.30411	21.1945
8.30552	21.2421
8.30811	21.2897
8.32272	21.3373
8.32563	21.3849
8.32756	21.4326
8.3311	21.4802
8.33589	21.5278
8.34071	21.5754
8.34429	21.623
8.35037	21.6707
8.35171	21.7183
8.35314	21.7659
8.35446	21.8135
8.35519	21.8611
8.35721	21.9088
8.35995	21.9564
8.36269	22.004
8.3641	22.0494
8.36683	22.0949
8.36753	22.1404
8.3689	22.1858
8.37025	22.2313
8.37099	22.2767
8.39314	22.3222
8.39525	22.3676
8.39864	22.4131
8.41182	22.4585
8.41185	22.504
8.41243	22.5494
8.41309	22.5949
8.41594	22.6404
8.4187	22.6858
8.41943	11.3429
8.42005	11.4338
8.42072	11.5247
8.42143	11.6156
8.42214	11.7065
8.42483	11.7974
8.42554	11.8884
8.42691	11.9793
8.43035	12.0702
8.4319	12.1535
8.43309	12.2368
8.43447	12.3202
8.4372	12.4035
8.46334	12.4868
8.46401	12.5702
8.46613	12.6535
8.47724	12.7368
8.47929	12.8202
8.48133	12.9035
8.48341	12.9868
8.48545	13.0702
8.48753	13.1471
8.5117	13.224
8.51237	13.3009
8.51309	13.3779
8.52555	13.4548
8.52758	13.5317
8.53177	13.6086
8.5565	13.6856
8.55743	13.7625
8.55794	13.8394
8.55869	13.9163
8.56091	13.9933
8.5614	14.0702
8.56221	14.1416
8.57728	14.213
8.57816	14.2845
8.57867	14.3559
8.58071	14.4273
8.58145	14.4987
8.5842	14.5702
8.61615	14.6416
8.62238	14.713
8.62344	14.7845
8.62385	14.8559
8.62455	14.9273
8.62526	14.9987
8.62605	15.0702
8.62889	15.1368
8.63661	15.2035
8.63927	15.2702
8.64204	15.3368
8.64471	15.4035
8.64748	15.4702
8.64951	15.5368
8.66443	15.6035
8.67333	15.6702
8.67745	15.7368
8.67949	15.8035
8.68226	15.8702
8.68574	15.9368
8.68638	16.0035
8.68716	16.066
8.68849	16.1285
8.69059	16.191
8.69206	16.2535
8.69344	16.316
8.69489	16.3785
8.69628	16.441
8.69755	16.5035
8.72665	16.566
8.7273	16.6285
8.72802	16.691
8.72879	16.7535
8.73028	16.816
8.73155	16.8785
8.73531	16.941
8.73791	17.0035
8.74136	17.0623
8.74273	17.1212
8.74685	17.18
8.74892	17.2388
8.75164	17.2976
8.75304	17.3565
8.7544	17.4153
8.75854	17.4741
8.77937	17.5329
8.78282	17.5917
8.78422	17.6506
8.78634	17.7094
8.78778	17.7682
8.78833	17.827
8.78902	17.8859
8.78972	17.9447
8.79041	18.0035
8.7954	18.0591
8.79758	18.1146
8.79961	18.1702
8.80025	18.2257
8.80297	18.2813
8.80309	18.3368
8.80336	18.3924
8.81064	18.448
8.83617	18.5035
8.83707	18.5591
8.83823	18.6146
8.8396	18.6702
8.84101	18.7257
8.84237	18.7813
8.84377	18.8368
8.84445	18.8924
8.84514	18.948
8.84673	19.0035
8.84789	19.0561
8.8493	19.1088
8.85202	19.1614
8.8575	19.214
8.87399	19.2667
8.87543	19.3193
8.87618	19.3719
8.87681	19.4246
8.89891	19.4772
8.90029	19.5298
8.90098	19.5825
8.90165	19.6351
8.90359	19.6877
8.90462	19.7404
8.90532	19.793
8.90667	19.8456
8.90807	19.8982
8.90946	19.9509
8.91083	20.0035
8.91226	20.0535
8.92057	20.1035
8.92603	20.1535
8.93497	20.2035
8.94571	20.2535
8.94704	20.3035
8.94843	20.3535
8.95	20.4035
8.95677	20.4535
8.95807	20.5035
8.96029	20.5535
8.96237	20.6035
8.96302	20.6535
8.96506	20.7035
8.96718	20.7535
8.96923	20.8035
8.97275	20.8535
8.97341	20.9035
8.97499	20.9535
8.97754	21.0035
8.98238	21.0511
8.98372	21.0987
8.98518	21.1464
8.98936	21.194
9.00734	21.2416
9.00873	21.2892
9.0101	21.3368
9.01088	21.3845
9.01221	21.4321
9.01356	21.4797
9.01445	21.5273
9.01494	21.5749
9.01562	21.6226
9.01633	21.6702
9.01702	21.7178
9.01772	21.7654
9.03058	21.813
9.03436	21.8607
9.03576	21.9083
9.03716	21.9559
9.03849	22.0035
9.03921	22.049
9.04082	22.0944
9.04114	22.1399
9.04493	22.1853
9.04822	22.2308
9.04894	22.2762
9.05031	22.3217
9.05185	22.3671
9.05272	22.4126
9.05338	22.4581
9.05395	22.5035
9.05461	22.549
9.05599	22.5944
9.05748	22.6399
9.05808	22.6853
9.0595	22.7308
9.07469	22.7762
9.0777	22.8217
9.07853	22.8671
9.08261	22.9126
9.08449	22.9581
9.08572	23.0035
9.08688	23.047
9.08761	23.0905
9.08827	23.1339
9.09456	23.1774
9.09663	23.2209
9.09801	23.2644
9.10094	23.3079
9.10301	23.3513
9.10712	23.3948
9.10851	23.4383
9.10998	23.4818
9.11113	23.5252
9.11176	23.5687
9.11199	23.6122
9.11359	23.6557
9.11481	23.6992
9.11828	23.7426
9.11896	23.7861
9.11963	23.8296
9.12315	23.8731
9.12793	23.9166
9.13001	23.96
9.13137	24.0035
9.13276	24.0452
9.13352	24.0868
9.13417	24.1285
9.13486	24.1702
9.13558	24.2118
9.13626	24.2535
9.13695	24.2952
9.13764	24.3368
9.13906	24.3785
9.14224	24.4202
9.14428	24.4618
9.145	24.5035
9.14729	24.5452
9.14915	24.5868
9.15256	24.6285
9.15335	24.6702
9.15729	24.7118
9.15798	24.7535
9.16003	24.7952
9.16355	24.8368
9.16427	24.8785
9.16562	24.9202
9.16706	24.9618
9.16768	25.0035
9.1684	25.0435
9.16931	25.0835
9.17187	25.1235
9.17256	25.1635
9.17485	25.2035
9.17623	25.2435
9.17692	25.2835
9.17969	25.3235
9.18105	25.3635
9.18243	25.4035
9.18446	25.4435
9.18655	25.4835
9.18932	25.5235
9.1914	25.5635
9.19354	25.6035
9.19441	25.6435
9.19555	25.6835
9.19635	25.7235
9.19704	25.7635
9.19768	25.8035
9.19849	25.8435
9.19908	25.8835
9.20049	25.9235
9.20199	25.9635
9.20283	26.0035
9.20605	26.042
9.21155	26.0804
9.21291	26.1189
9.21428	26.1574
9.21937	26.1958
9.22004	26.2343
9.22152	26.2727
9.22299	26.3112
9.22362	26.3497
9.22504	26.3881
9.22638	26.4266
9.22709	26.465
9.22775	26.5035
9.22845	26.542
9.23057	26.5804
9.23124	26.6189
9.23398	26.6574
9.23891	26.6958
9.24027	26.7343
9.24156	26.7727
9.2444	26.8112
9.24709	26.8497
9.24841	26.8881
9.2491	26.9266
9.25047	26.965
9.25255	27.0035
9.25328	27.0405
9.25535	27.0776
9.2562	27.1146
9.2574	27.1517
9.26023	27.1887
9.26096	27.2257
9.26178	27.2628
9.26253	27.2998
9.26373	27.3368
9.2658	27.3739
9.26718	27.4109
9.26854	27.448
9.26993	27.485
9.27194	27.522
9.27474	27.5591
9.27681	27.5961
9.27752	27.6331
9.27887	27.6702
9.28161	27.7072
9.283	27.7443
9.28588	27.7813
9.28867	27.8183
9.28999	27.8554
9.29137	27.8924
9.29274	27.9294
9.29344	27.9665
9.29505	28.0035
9.29555	28.0392
9.2969	28.0749
9.29829	28.1107
9.30103	28.1464
9.30971	28.1821
9.31125	28.2178
9.31585	28.2535
9.31798	28.2892
9.31867	28.3249
9.31933	28.3607
9.32004	28.3964
9.32075	14.1982
9.32144	14.2696
9.32297	14.341
9.3252	14.4125
9.32611	14.4839
9.32659	14.5553
9.32736	14.6268
9.32803	14.6982
9.32871	14.7696
9.32942	14.841
9.3301	14.9125
9.3308	14.9839
9.33147	15.0553
9.33354	15.122
9.33511	15.1887
9.33769	15.2553
9.33973	15.322
9.34388	15.3887
9.34729	15.4553
9.34939	15.522
9.35008	15.5887
9.35418	15.6553
9.35556	15.722
9.36251	15.7887
9.36322	15.8553
9.36393	15.922
9.36459	15.9887
9.36531	16.0553
9.37103	16.1178
9.37219	16.1803
9.37562	16.2428
9.37631	16.3053
9.37704	16.3678
9.37905	16.4303
9.38182	16.4928
9.3848	16.5553
9.39039	16.6178
9.39315	16.6803
9.4029	16.7428
9.40368	16.8053
9.405	16.8678
9.4057	16.9303
9.40779	16.9928
9.40871	17.0553
9.42228	17.1141
9.4271	17.173
9.42922	17.2318
9.43059	17.2906
9.4333	17.3494
9.43399	17.4083
9.43469	17.4671
9.4354	17.5259
9.43607	17.5847
9.4368	17.6436
9.43751	17.7024
9.439	17.7612
9.43962	17.82
9.44098	17.8789
9.44235	17.9377
9.44373	17.9965
9.44511	18.0553
9.45717	18.1109
9.45761	18.1664
9.45891	18.222
9.46037	18.2775
9.461	18.3331
9.46263	18.3887
9.4647	18.4442
9.46735	18.4998
9.47016	18.5553
9.47284	18.6109
9.47626	18.6664
9.48376	18.722
9.48447	18.7775
9.48529	18.8331
9.48591	18.8887
9.4872	18.9442
9.4886	18.9998
9.49005	19.0553
9.50938	19.108
9.51072	19.1606
9.51214	19.2132
9.51278	19.2659
9.51412	19.3185
9.51552	19.3711
9.51688	19.4237
9.51842	19.4764
9.52051	19.529
9.5212	19.5816
9.52327	19.6343
9.52729	19.6869
9.5282	19.7395
9.5287	19.7922
9.52938	19.8448
9.53006	19.8974
9.53076	19.9501
9.53286	20.0027
9.53494	20.0527
9.5533	20.1027
9.55414	20.1527
9.55604	20.2027
9.55812	20.2527
9.56023	20.3027
9.56157	20.3527
9.5636	20.4027
9.56433	20.4527
9.56499	20.5027
9.56704	20.5527
9.57117	20.6027
9.58043	20.6527
9.58121	20.7027
9.58172	10.3513
9.58228	10.4513
9.58297	10.5513
9.58434	10.6513
9.58987	10.7513
9.59196	10.8513
9.5933	10.9513
9.60021	11.0513
9.60157	11.1423
9.60432	11.2332
9.61052	11.3241
9.61469	11.415
9.6161	11.5059
9.61888	11.5968
9.61951	11.6877
9.62025	11.7786
9.62097	11.8695
9.62165	11.9604
9.63478	12.0513
9.63686	12.1347
9.64998	12.218
9.65341	12.3013
9.6555	12.3847
9.65827	12.468
9.66382	12.5513
9.66525	12.6347
9.66751	12.718
9.668	12.8013
9.6687	12.8847
9.68612	12.968
9.68937	13.0513
9.69143	13.1283
9.69929	13.2052
9.69981	13.2821
9.70186	13.359
9.70319	13.436
9.70742	13.5129
9.71304	13.5898
9.72467	13.6667
9.72815	13.7437
9.72953	13.8206
9.73299	13.8975
9.73644	13.9744
9.73779	14.0513
9.7392	14.1228
9.74276	14.1942
9.74621	14.2656
9.75201	14.3371
9.75249	14.4085
9.7539	14.4799
9.7559	14.5513
9.76141	14.6228
9.76688	14.6942
9.76824	14.7656
9.77183	14.8371
9.77256	14.9085
9.77453	14.9799
9.77595	15.0513
9.77803	15.118
9.78379	15.1847
9.78714	15.2513
9.78785	15.318
9.78855	15.3847
9.79062	15.4513
9.79269	15.518
9.79338	15.5847
9.79476	15.6513
9.79542	15.718
9.80581	15.7847
9.80646	15.8513
9.80872	15.918
9.80924	15.9847
9.81006	16.0513
9.81065	16.1138
9.82184	16.1763
9.82599	16.2388
9.82879	16.3013
9.82958	16.3638
9.83163	16.4263
9.83301	16.4888
9.83438	16.5513
9.83643	16.6138
9.83712	16.6763
9.83946	16.7388
9.84015	16.8013
9.84154	16.8638
9.84442	16.9263
9.84718	16.9888
9.84856	17.0513
9.8506	17.1102
9.87716	17.169
9.8778	17.2278
9.8792	17.2866
9.88193	17.3455
9.88536	17.4043
9.88604	17.4631
9.88677	17.5219
9.88817	17.5808
9.89023	17.6396
9.89423	17.6984
9.8983	17.7572
9.90246	17.8161
9.9032	17.8749
9.90727	17.9337
9.90945	17.9925
9.9114	18.0513
9.91273	18.1069
9.92801	18.1625
9.92933	18.218
9.93007	18.2736
9.93073	18.3291
9.93139	18.3847
9.93211	18.4402
9.93831	18.4958
9.9509	18.5513
9.95204	18.6069
9.95771	18.6625
9.95837	18.718
9.95975	18.7736
9.96041	18.8291
9.96197	18.8847
9.96454	18.9402
9.96865	18.9958
9.9715	19.0513
9.97287	19.104
9.97988	19.1566
9.98204	19.2092
9.98546	19.2619
9.98668	19.3145
9.98958	19.3671
9.99366	19.4198
9.99585	19.4724
9.99875	19.525
9.9991	19.5777
10.0054	19.6303
10.0075	19.6829
10.0088	19.7356
10.0109	19.7882
10.0123	19.8408
10.0136	19.8935
10.015	19.9461
10.0171	19.9987
10.0184	20.0513
10.0232	20.1013
10.0309	20.1513
10.0317	20.2013
10.0323	20.2513
10.0346	20.3013
10.0358	20.3513
10.0373	20.4013
10.0399	20.4513
10.0502	20.5013
10.0523	20.5513
10.0546	20.6013
10.0571	20.6513
10.0601	20.7013
10.0614	20.7513
10.0644	20.8013
10.0655	20.8513
10.0663	20.9013
10.0669	20.9513
10.0682	21.0013
10.0691	21.049
10.0705	21.0966
10.0772	21.1442
10.0821	21.1918
10.087	21.2394
10.0877	21.2871
10.0882	21.3347
10.0889	21.3823
10.0939	21.4299
10.0958	21.4775
10.0988	21.5252
10.1003	21.5728
10.1015	21.6204
10.1028	21.668
10.1035	21.7156
10.1097	21.7633
10.1117	21.8109
10.1131	21.8585
10.1138	21.9061
10.1179	21.9537
10.1186	22.0013
10.12	22.0468
10.122	22.0923
10.1227	22.1377
10.1262	22.1832
10.131	22.2286
10.1324	22.2741
10.1344	22.3195
10.1358	22.365
10.1366	22.4104
10.1381	22.4559
10.1393	22.5013
10.1408	22.5468
10.1415	22.5923
10.1428	22.6377
10.145	22.6832
10.147	22.7286
10.1512	22.7741
10.1539	22.8195
10.1552	22.865
10.1566	22.9104
10.1573	22.9559
10.1587	23.0013
10.1593	23.0448
10.16	23.0883
10.1607	23.1318
10.1622	23.1753
10.1641	23.2187
10.165	23.2622
10.1663	23.3057
10.1684	23.3492
10.1699	23.3927
10.1739	23.4361
10.1794	23.4796
10.1836	23.5231
10.1851	23.5666
10.1863	23.61
10.187	23.6535
10.1878	23.697
10.1884	23.7405
10.1898	23.784
10.1906	23.8274
10.1919	23.8709
10.1926	23.9144
10.1947	23.9579
10.1963	24.0013
10.1968	24.043
10.1975	24.0847
10.1982	24.1263
10.2009	24.168
10.2016	24.2097
10.2026	24.2513
10.2037	24.293
10.2053	24.3347
10.2119	24.3763
10.2195	24.418
10.223	24.4597
10.2237	24.5013
10.2246	24.543
10.2255	24.5847
10.2258	24.6263
10.2265	24.668
10.2278	24.7097
10.2286	24.7513
10.23	24.793
10.2306	24.8347
10.2314	24.8763
10.232	24.918
10.2335	24.9597
10.2342	25.0013
10.2349	25.0413
10.2355	25.0813
10.2363	25.1213
10.2404	25.1613
10.2432	25.2013
10.2445	12.6007
10.2452	12.684
10.2466	12.7673
10.2521	12.8507
10.2535	12.934
10.2564	13.0173
10.2584	13.0943
10.2598	13.1712
10.2627	13.2481
10.2636	13.325
10.264	13.402
10.266	13.4789
10.2676	13.5558
10.2739	13.6327
10.275	13.7096
10.2764	13.7866
10.2778	13.8635
10.2805	13.9404
10.2819	14.0173
10.2828	14.0888
10.2841	14.1602
10.2847	14.2316
10.286	14.3031
10.2867	14.3745
10.2874	14.4459
10.298	14.5173
10.2987	14.5888
10.2999	14.6602
10.3007	14.7316
10.3014	14.8031
10.302	14.8745
10.3028	14.9459
10.3035	15.0173
10.3051	15.084
10.3064	15.1507
10.3078	15.2173
10.3092	15.284
10.3105	15.3507
10.312	15.4173
10.3238	15.484
10.3244	15.5507
10.3299	15.6173
10.3321	15.684
10.3336	15.7507
10.335	15.8173
10.3362	15.884
10.3376	15.9507
10.3389	16.0173
10.3417	16.0798
10.3431	16.1423
10.3446	16.2048
10.3459	16.2673
10.3473	16.3298
10.3506	16.3923
10.3604	16.4548
10.3605	16.5173
10.3608	16.5798
10.3717	16.6423
10.3758	16.7048
10.3772	16.7673
10.3793	16.8298
10.3806	16.8923
10.3822	16.9548
10.3835	17.0173
10.3849	17.0762
10.3861	17.135
10.3869	17.1938
10.3891	17.2526
10.3897	17.3115
10.391	17.3703
10.3972	17.4291
10.3981	17.4879
10.3995	17.5468
10.4093	17.6056
10.4106	17.6644
10.4113	17.7232
10.412	17.782
10.4133	17.8409
10.414	17.8997
10.4154	17.9585
10.4161	18.0173
10.4175	18.0729
10.4188	18.1285
10.4203	18.184
10.4236	18.2396
10.4257	18.2951
10.4278	18.3507
10.4344	18.4062
10.4348	18.4618
10.4362	18.5173
10.4377	18.5729
10.4391	18.6285
10.4397	18.684
10.4405	18.7396
10.4411	18.7951
10.442	18.8507
10.4445	18.9062
10.4458	18.9618
10.4486	19.0173
10.45	19.07
10.4514	19.1226
10.4527	19.1752
10.4541	19.2279
10.4596	19.2805
10.4603	19.3331
10.4701	19.3858
10.4707	19.4384
10.4714	19.491
10.4735	19.5437
10.4763	19.5963
10.4777	19.6489
10.479	19.7016
10.4805	19.7542
10.4831	19.8068
10.4845	19.8594
10.4852	19.9121
10.4866	19.9647
10.4879	20.0173
10.4886	20.0673
10.49	20.1173
10.4907	20.1673
10.4927	20.2173
10.4943	20.2673
10.4955	20.3173
10.5315	20.3673
10.5322	20.4173
10.5329	20.4673
10.5336	20.5173
10.5343	20.5673
10.5351	20.6173
10.5363	20.6673
10.5392	20.7173
10.5406	20.7673
10.5411	20.8173
10.5425	20.8673
10.5432	20.9173
10.5439	20.9673
10.5466	21.0173
10.5477	21.065
10.5484	21.1126
10.5491	21.1602
10.5519	21.2078
10.5531	21.2554
10.5545	21.3031
10.5727	21.3507
10.5739	21.3983
10.5753	21.4459
10.5767	21.4935
10.5783	21.5411
10.5795	21.5888
10.5812	21.6364
10.5818	21.684
10.5823	21.7316
10.5837	21.7792
10.5871	21.8269
10.5885	21.8745
10.5909	21.9221
10.5923	21.9697
10.5929	22.0173
10.5937	22.0628
10.5944	22.1082
10.5958	22.1537
10.5979	22.1992
10.602	22.2446
10.604	22.2901
10.6296	22.3355
10.6305	22.381
10.6312	22.4264
10.6318	22.4719
10.6325	22.5173
10.6338	22.5628
10.6345	22.6082
10.6372	22.6537
10.6386	22.6992
10.6393	22.7446
10.6407	22.7901
10.6434	22.8355
10.6456	22.881
10.6462	22.9264
10.649	22.9719
10.6496	23.0173
10.6512	23.0608
10.6526	23.1043
10.6534	23.1478
10.6548	23.1913
10.6576	23.2347
10.659	23.2782
10.6667	23.3217
10.6674	23.3652
10.6687	23.4086
10.6694	23.4521
10.6701	23.4956
10.6721	23.5391
10.6735	23.5826
10.6755	23.626
10.6777	23.6695
10.679	23.713
10.6818	23.7565
10.6849	23.7999
10.6875	23.8434
10.6882	23.8869
10.6904	23.9304
10.6911	23.9739
10.6921	24.0173
10.6931	24.059
10.6938	24.1007
10.6952	24.1423
10.6994	24.184
10.7029	24.2257
10.7035	24.2673
10.7056	24.309
10.7063	24.3507
10.7069	24.3923
10.7076	24.434
10.7083	24.4757
10.709	24.5173
10.7104	24.559
10.7111	24.6007
10.7129	24.6423
10.7136	24.684
10.7149	24.7257
10.7177	24.7673
10.7204	24.809
10.7219	24.8507
10.7272	24.8923
10.7314	24.934
10.7321	24.9757
10.7329	25.0173
10.7337	25.0573
10.7348	25.0973
10.7357	25.1373
10.7377	25.1773
10.7412	25.2173
10.7426	25.2573
10.7432	25.2973
10.7445	25.3373
10.7464	25.3773
10.7473	25.4173
10.748	25.4573
10.7487	25.4973
10.7494	25.5373
10.75	25.5773
10.7516	25.6173
10.7523	12.8087
10.754	12.892
10.7552	12.9753
10.7577	13.0587
10.7604	13.1356
10.7648	13.2125
10.7662	13.2894
10.7677	13.3664
10.7691	13.4433
10.7703	13.5202
10.7717	13.5971
10.7731	13.6741
10.7738	13.751
10.7772	13.8279
10.7819	13.9048
10.7826	13.9817
10.784	14.0587
10.7847	14.1301
10.7867	14.2015
10.7881	14.273
10.789	14.3444
10.7901	14.4158
10.7917	14.4872
10.7933	14.5587
10.7951	14.6301
10.8	14.7015
10.8038	14.773
10.8094	14.8444
10.811	14.9158
10.8131	14.9872
10.8138	15.0587
10.8146	15.1253
10.8168	15.192
10.8175	15.2587
10.8189	15.3253
10.8197	15.392
10.8223	15.4587
10.8231	15.5253
10.8258	15.592
10.8278	15.6587
10.8295	15.7253
10.8325	15.792
10.8341	15.8587
10.8355	15.9253
10.8369	15.992
10.8383	16.0587
10.8398	16.1212
10.8412	16.1837
10.8432	16.2462
10.8462	16.3087
10.8468	16.3712
10.8571	16.4337
10.8577	16.4962
10.8588	16.5587
10.8659	16.6212
10.8668	16.6837
10.8715	16.7462
10.8729	16.8087
10.8744	16.8712
10.8761	16.9337
10.8775	16.9962
10.8787	17.0587
10.8801	17.1175
10.8815	17.1763
10.884	17.2351
10.8868	17.294
10.8882	17.3528
10.8924	17.4116
10.8939	17.4704
10.8952	17.5293
10.9008	17.5881
10.9021	17.6469
10.9042	17.7057
10.9056	17.7646
10.9063	17.8234
10.907	17.8822
10.9078	17.941
10.9086	17.9998
10.9093	18.0587
10.9098	18.1142
10.9104	18.1698
10.9113	18.2253
10.9118	18.2809
10.9127	18.3364
10.9139	18.392
10.9155	18.4476
10.9161	18.5031
10.9188	18.5587
10.9265	18.6142
10.9362	18.6698
10.9378	18.7253
10.9385	18.7809
10.9407	18.8364
10.9427	18.892
10.9433	18.9476
10.9442	19.0031
10.945	19.0557
10.9457	19.1084
10.9465	19.161
10.9472	19.2136
10.9479	19.2663
10.9486	19.3189
10.9499	19.3715
10.9544	19.4242
10.9597	19.4768
10.9644	19.5294
10.9694	19.5821
10.9759	19.6347
10.9783	19.6873
10.9799	19.74
10.9813	19.7926
10.9827	19.8452
10.984	19.8979
10.9854	19.9505
10.9868	20.0031
10.9882	20.0531
10.9889	20.1031
10.9902	20.1531
10.9917	20.2031
10.993	20.2531
10.9944	20.3031
10.9951	20.3531
10.9958	20.4031
10.9964	20.4531
11.0011	20.5031
11.0098	20.5531
11.0193	20.6031
11.0201	20.6531
11.0208	20.7031
11.0216	20.7531
11.0224	20.8031
11.0231	20.8531
11.0238	20.9031
11.0245	20.9531
11.0254	21.0031
11.026	21.0507
11.0267	21.0984
11.0274	21.146
11.0288	21.1936
11.0303	21.2412
11.0317	21.2888
11.0331	21.3364
11.0345	21.3841
11.0358	21.4317
11.0515	21.4793
11.0563	21.5269
11.0721	21.5745
11.0735	21.6222
11.0743	21.6698
11.0771	21.7174
11.0778	21.765
11.0792	21.8126
11.0802	21.8603
11.0814	21.9079
11.0821	21.9555
11.0828	22.0031
11.0843	22.0486
11.0856	22.094
11.0869	22.1395
11.0884	22.1849
11.089	22.2304
11.0898	22.2758
11.0905	22.3213
11.0912	22.3668
11.0918	22.4122
11.1214	22.4577
11.1288	22.5031
11.1364	22.5486
11.1371	22.594
11.1393	22.6395
11.144	22.6849
11.1447	22.7304
11.1461	22.7758
11.1468	22.8213
11.1475	22.8668
11.1482	22.9122
11.1489	22.9577
11.1503	23.0031
11.153	23.0466
11.1537	23.0901
11.1544	23.1335
11.1551	23.177
11.1579	23.2205
11.1593	23.264
11.1609	23.3075
11.1616	23.3509
11.163	23.3944
11.1858	23.4379
11.1906	23.4814
11.1976	23.5249
11.1989	23.5683
11.1996	23.6118
11.2038	23.6553
11.2044	23.6988
11.2059	23.7422
11.2072	23.7857
11.2079	23.8292
11.2093	23.8727
11.2119	23.9162
11.2134	23.9596
11.2148	24.0031
11.2188	24.0448
11.2202	24.0864
11.2215	24.1281
11.223	24.1698
11.2256	24.2114
11.227	24.2531
11.2285	24.2948
11.2299	24.3364
11.234	24.3781
11.241	24.4198
11.2458	24.4614
11.2486	24.5031
11.25	24.5448
11.2506	24.5864
11.2534	24.6281
11.2542	24.6698
11.255	24.7114
11.2571	24.7531
11.2591	24.7948
11.2605	24.8364
11.2638	24.8781
11.2646	24.9198
11.266	24.9614
11.2667	25.0031
11.2686	25.0431
11.2701	25.0831
11.2715	25.1231
11.2721	25.1631
11.2742	25.2031
11.275	25.2431
11.2762	25.2831
11.2776	25.3231
11.279	25.3631
11.2825	25.4031
11.2873	25.4431
11.2899	25.4831
11.291	25.5231
11.2916	25.5631
11.2938	25.6031
11.2946	25.6431
11.2957	25.6831
11.297	25.7231
11.2993	25.7631
11.3007	25.8031
11.3028	25.8431
11.3035	25.8831
11.3048	25.9231
11.3062	25.9631
11.3076	26.0031
11.3092	26.0416
11.3104	26.08
11.3115	26.1185
11.3132	26.157
11.3149	26.1954
11.3165	26.2339
11.3171	26.2723
11.3185	26.3108
11.3192	26.3493
11.3225	26.3877
11.3283	26.4262
11.3309	26.4647
11.333	26.5031
11.3337	26.5416
11.3352	26.58
11.3368	26.6185
11.3394	26.657
11.3422	26.6954
11.3462	26.7339
11.3476	26.7723
11.3513	26.8108
11.352	26.8493
11.3531	26.8877
11.3556	26.9262
11.357	26.9647
11.3577	27.0031
11.3591	27.0402
11.3604	27.0772
11.3629	27.1142
11.3644	27.1513
11.3672	27.1883
11.3688	27.2253
11.3702	27.2624
11.3709	27.2994
11.3717	27.3364
11.3725	27.3735
11.373	27.4105
11.3737	27.4476
11.3744	27.4846
11.375	27.5216
11.3757	27.5587
11.3764	27.5957
11.3791	27.6327
11.383	27.6698
11.3872	27.7068
11.3888	27.7439
11.3914	27.7809
11.3923	27.8179
11.3937	27.855
11.3951	27.892
11.3965	27.929
11.3973	27.9661
11.3985	28.0031
11.3993	28.0388
11.4006	28.0745
11.4032	28.1103
11.4046	28.146
11.4073	28.1817
11.4087	28.2174
11.4101	28.2531
11.4115	28.2888
11.4124	28.3245
11.4131	28.3603
11.4139	28.396
11.4145	28.4317
11.4158	28.4674
11.4165	28.5031
11.4172	28.5388
11.4179	28.5745
11.4205	28.6103
11.4255	28.646
11.4288	28.6817
11.4303	28.7174
11.4331	28.7531
11.4346	28.7888
11.4352	28.8245
11.4366	28.8603
11.438	28.896
11.4394	28.9317
11.4401	28.9674
11.4408	29.0031
11.4422	29.0376
11.4436	29.0721
11.4463	29.1066
11.4477	29.141
11.4505	29.1755
11.4518	29.21
11.4534	29.2445
11.4548	29.279
11.4554	29.3135
11.4562	29.3479
11.457	29.3824
11.4583	29.4169
11.4606	29.4514
11.4622	29.4859
11.463	29.5204
11.4644	29.5548
11.4658	29.5893
11.4701	29.6238
11.4707	29.6583
11.474	29.6928
11.4782	29.7273
11.4797	29.7617
11.4804	29.7962
11.4818	29.8307
11.4832	29.8652
11.4846	29.8997
11.4853	29.9341
11.4866	29.9686
11.4874	30.0031
11.4887	30.0364
11.4919	30.0698
11.4933	30.1031
11.4947	30.1364
11.497	30.1698
11.4984	30.2031
11.4998	30.2364
11.5012	30.2698
11.5019	30.3031
11.5026	30.3364
11.504	30.3698
11.5063	30.4031
11.5079	30.4364
11.5092	30.4698
11.5106	30.5031
11.5121	30.5364
11.5137	30.5698
11.5185	30.6031
11.5199	30.6364
11.5206	30.6698
11.5274	30.7031
11.5295	30.7364
11.5302	30.7698
11.5309	30.8031
11.5333	30.8364
11.5342	30.8698
11.5362	30.9031
11.5375	30.9364
11.5389	30.9698
11.5403	31.0031
11.5417	31.0354
11.5445	31.0676
11.5458	31.0999
11.5472	31.1321
11.5493	31.1644
11.5513	31.1967
11.552	31.2289
11.5528	31.2612
11.5535	31.2934
11.5542	31.3257
11.5582	31.358
11.5598	31.3902
11.5619	31.4225
11.5633	31.4547
11.565	31.487
11.5656	31.5192
11.5664	31.5515
11.573	31.5838
11.5738	31.616
11.5746	31.6483
11.5807	31.6805
11.5829	31.7128
11.5837	31.7451
11.5852	31.7773
11.5865	31.8096
11.5873	31.8418
11.5888	31.8741
11.5901	31.9063
11.5915	31.9386
11.5929	31.9709
11.5942	32.0031
11.5956	32.0344
11.5984	32.0656
11.5998	32.0969
11.6012	32.1281
11.604	32.1594
11.6054	32.1906
11.6068	32.2219
11.6075	32.2531
11.6081	32.2844
11.6089	32.3156
11.6117	32.3469
11.6133	32.3781
11.6161	32.4094
11.6177	32.4406
11.6188	32.4719
11.6202	32.5031
11.6209	32.5344
11.6272	32.5656
11.6278	32.5969
11.6286	32.6281
11.6333	32.6594
11.6358	32.6906
11.6365	32.7219
11.6379	32.7531
11.6393	32.7844
11.6399	32.8156
11.6414	32.8469
11.6421	32.8781
11.6434	32.9094
11.6448	32.9406
11.6462	32.9719
11.6476	33.0031
11.649	33.0334
11.6516	33.0637
11.653	33.094
11.6543	33.1243
11.6571	33.1546
11.6586	33.1849
11.6599	33.2152
11.6615	33.2455
11.662	33.2758
11.6628	33.3061
11.6665	33.3364
11.6672	33.3668
11.6692	33.3971
11.6706	33.4274
11.6721	33.4577
11.6729	33.488
11.6735	33.5183
11.684	33.5486
11.6853	33.5789
11.6861	33.6092
11.6889	33.6395
11.6896	33.6698
11.691	33.7001
11.6917	33.7304
11.6924	33.7607
11.6938	33.791
11.6945	33.8213
11.6952	33.8516
11.6974	33.8819
11.6987	33.9122
11.7001	33.9425
11.7016	33.9728
11.703	34.0031
11.7044	34.0325
11.7069	34.0619
11.7083	34.0913
11.7097	34.1208
11.7124	34.1502
11.7138	34.1796
11.7152	34.209
11.7196	34.2384
11.7202	34.2678
11.7213	34.2972
11.722	34.3266
11.7227	34.3561
11.7241	34.3855
11.7254	34.4149
11.7268	34.4443
11.7275	34.4737
11.7281	34.5031
11.7405	34.5325
11.7412	34.5619
11.7426	34.5913
11.7454	34.6208
11.7468	34.6502
11.7481	34.6796
11.7488	34.709
11.7505	34.7384
11.7519	34.7678
11.7532	34.7972
11.7546	34.8266
11.756	34.8561
11.7574	34.8855
11.7587	34.9149
11.7601	34.9443
11.7615	34.9737
11.7622	35.0031
11.7635	35.0317
11.7655	35.0603
11.7662	35.0888
11.7676	35.1174
11.7697	35.146
11.771	35.1745
11.7718	35.2031
11.7751	35.2317
11.7766	35.2603
11.7778	35.2888
11.7792	35.3174
11.7809	35.346
11.7823	35.3745
11.7837	35.4031
11.785	35.4317
11.7858	35.4603
11.7864	35.4888
11.7964	35.5174
11.7971	35.546
11.7985	35.5745
11.8006	35.6031
11.8027	35.6317
11.8034	35.6603
11.8041	35.6888
11.8061	35.7174
11.8075	35.746
11.8089	35.7745
11.8096	35.8031
11.811	35.8317
11.8124	35.8603
11.8151	35.8888
11.8158	35.9174
11.8172	35.946
11.8178	35.9745
11.8192	36.0031
11.8199	36.0309
11.822	36.0587
11.8227	36.0864
11.824	36.1142
11.8261	36.142
11.8274	36.1698
11.8288	36.1976
11.8322	36.2253
11.8337	36.2531
11.835	36.2809
11.8364	36.3087
11.8379	36.3364
11.8386	36.3642
11.8406	36.392
11.842	36.4198
11.8427	36.4476
11.8434	36.4753
11.8523	36.5031
11.8531	36.5309
11.8537	36.5587
11.8559	36.5864
11.8566	36.6142
11.8573	36.642
11.8579	36.6698
11.8586	18.3349
11.8593	18.3904
11.86	18.446
11.8607	18.5016
11.8613	18.5571
11.8626	18.6127
11.8654	18.6682
11.8667	18.7238
11.8681	18.7793
11.8688	18.8349
11.8702	18.8904
11.8709	18.946
11.8716	19.0016
11.8736	19.0542
11.8743	19.1068
11.8757	19.1595
11.8777	19.2121
11.8791	19.2647
11.8805	19.3173
11.8833	19.37
11.8847	19.4226
11.8868	19.4752
11.8882	19.5279
11.8889	19.5805
11.8903	19.6331
11.8917	19.6858
11.8924	19.7384
11.8931	19.791
11.8937	19.8437
11.9035	19.8963
11.9042	19.9489
11.9049	20.0016
11.9069	20.0516
11.9076	20.1016
11.9085	20.1516
11.9096	20.2016
11.9179	20.2516
11.9193	20.3016
11.9245	20.3516
11.9259	20.4016
11.928	20.4516
11.9287	20.5016
11.9293	20.5516
11.9319	20.6016
11.9326	20.6516
11.9339	20.7016
11.9346	20.7516
11.9353	20.8016
11.943	20.8516
11.9449	20.9016
11.9455	20.9516
11.9469	21.0016
11.9483	21.0492
11.9511	21.0968
11.9525	21.1444
11.9539	10.5722
11.958	10.6722
11.9594	10.7722
11.9652	10.8722
11.9686	10.9722
11.9701	11.0722
11.9708	11.1631
11.9721	11.254
11.9735	11.3449
11.9742	11.4358
11.9749	11.5268
11.9756	11.6177
11.9763	11.7086
11.9852	11.7995
11.9886	11.8904
11.9893	11.9813
11.9916	12.0722
11.9923	12.1555
11.9938	12.2389
11.9959	12.3222
11.9965	12.4055
12.0104	12.4889
12.0118	12.5722
12.0125	12.6555
12.0228	12.7389
12.0263	12.8222
12.027	12.9055
12.0277	12.9889
12.0291	13.0722
12.0298	13.1491
12.0312	13.2261
12.0339	13.303
12.0346	13.3799
12.0452	13.4568
12.0466	13.5337
12.0473	13.6107
12.0546	13.6876
12.0589	13.7645
12.0597	13.8414
12.0604	13.9184
12.0611	13.9953
12.0618	6.99764
12.0631	7.16431
12.0659	7.30717
12.0683	7.45002
12.0688	7.59288
12.0835	7.73574
12.0847	7.87859
12.086	8.02145
12.0879	8.14645
12.095	8.27145
12.0957	8.39645
12.0978	8.52145
12.1138	8.64645
12.1154	8.77145
12.1168	8.89645
12.1179	9.02145
12.1249	9.13256
12.1258	9.24367
12.1272	9.35478
12.1292	9.4659
12.1457	9.57701
12.1464	9.68812
12.1486	9.79923
12.15	9.91034
12.1513	10.0215
12.1588	10.1215
12.1602	10.2215
12.1617	10.3215
12.163	10.4215
12.18	10.5215
12.1808	10.6215
12.182	10.7215
12.1833	10.8215
12.1847	10.9215
12.1862	11.0215
12.1957	11.1124
12.1964	11.2033
12.1978	11.2942
12.199	11.3851
12.2155	11.476
12.2161	11.5669
12.2174	11.6578
12.2187	11.7487
12.2201	11.8396
12.2215	11.9305
12.2231	12.0215
12.2335	12.1048
12.2342	12.1881
12.235	12.2715
12.237	12.3548
12.2538	12.4381
12.2545	12.5215
12.2563	12.6048
12.2578	12.6881
12.2585	12.7715
12.26	12.8548
12.2627	12.9381
12.2641	13.0215
12.2753	13.0984
12.2765	13.1753
12.278	13.2522
12.2808	13.3291
12.2932	13.4061
12.2939	13.483
12.296	13.5599
12.2973	13.6368
12.2987	13.7138
12.3001	13.7907
12.3021	13.8676
12.3035	13.9445
12.305	14.0215
12.3172	14.0929
12.3186	14.1643
12.32	14.2357
12.322	14.3072
12.3345	14.3786
12.336	14.45
12.3373	14.5215
12.3388	14.5929
12.3401	14.6643
12.3422	14.7357
12.3435	14.8072
12.3449	14.8786
12.3464	14.95
12.3478	15.0215
12.3614	15.0881
12.3628	15.1548
12.3641	15.2215
12.3649	15.2881
12.3782	15.3548
12.3803	15.4215
12.3817	15.4881
12.3831	15.5548
12.3845	15.6215
12.3865	15.6881
12.3879	15.7548
12.3893	15.8215
12.3906	15.8881
12.392	15.9548
12.3927	16.0215
12.4063	16.084
12.4077	16.1465
12.4098	16.209
12.4105	16.2715
12.4239	16.334
12.4252	16.3965
12.4274	16.459
12.4281	16.5215
12.4287	16.584
12.4301	16.6465
12.4309	16.709
12.4317	16.7715
12.4323	16.834
12.433	16.8965
12.4337	16.959
12.4344	17.0215
12.4442	17.0803
12.4458	17.1391
12.448	17.1979
12.4485	17.2567
12.4624	17.3156
12.4645	17.3744
12.4659	17.4332
12.4667	17.492
12.4678	17.5509
12.4686	17.6097
12.4692	17.6685
12.4699	17.7273
12.4706	17.7862
12.4713	17.845
12.472	17.9038
12.4727	17.9626
12.4734	18.0215
12.4858	18.077
12.4867	18.1326
12.4872	18.1881
12.4879	18.2437
12.5038	18.2992
12.5053	18.3548
12.506	18.4103
12.5073	18.4659
12.5081	18.5215
12.5089	18.577
12.5096	18.6326
12.5102	18.6881
12.5109	18.7437
12.5115	18.7992
12.5123	18.8548
12.5138	18.9103
12.5163	18.9659
12.5177	19.0215
12.5274	19.0741
12.5281	19.1267
12.5288	19.1793
12.5302	19.232
12.5462	19.2846
12.5471	19.3372
12.5485	19.3899
12.5492	19.4425
12.5499	19.4951
12.5506	19.5478
12.5513	19.6004
12.552	19.653
12.5527	19.7057
12.5534	19.7583
12.5541	19.8109
12.5548	19.8636
12.5559	19.9162
12.5568	19.9688
12.5574	20.0215
12.5677	20.0715
12.5685	20.1215
12.5692	20.1715
12.5699	20.2215
12.5851	20.2715
12.5859	20.3215
12.587	20.3715
12.588	20.4215
12.5887	20.4715
12.5894	20.5215
12.5901	20.5715
12.5908	20.6215
12.5921	20.6715
12.593	20.7215
12.5938	20.7715
12.5944	20.8215
12.5951	20.8715
12.5963	20.9215
12.597	20.9715
12.5979	21.0215
12.6081	21.0691
12.609	21.1167
12.6097	21.1643
12.6111	21.2119
12.6257	21.2595
12.6271	21.3072
12.6285	21.3548
12.6294	21.4024
12.6301	21.45
12.6316	21.4976
12.6322	21.5453
12.633	21.5929
12.6336	21.6405
12.6343	21.6881
12.6357	21.7357
12.6364	21.7834
12.637	21.831
12.638	21.8786
12.6385	21.9262
12.6398	21.9738
12.6405	22.0215
12.6439	22.0669
12.6446	22.1124
12.6461	22.1578
12.6475	22.2033
12.6592	22.2487
12.6621	22.2942
12.6635	22.3396
12.6651	22.3851
12.6656	22.4305
12.6665	22.476
12.667	22.5215
12.6688	22.5669
12.6693	22.6124
12.6699	22.6578
12.6707	22.7033
12.6714	22.7487
12.6721	22.7942
12.6732	22.8396
12.674	22.8851
12.6747	22.9305
12.6761	22.976
12.6768	23.0215
12.6789	23.0649
12.6795	23.1084
12.6813	23.1519
12.6826	23.1954
12.6952	23.2388
12.6999	23.2823
12.7006	23.3258
12.702	23.3693
12.7027	23.4128
12.7034	11.7064
12.7041	11.7973
12.7049	11.8882
12.7056	11.9791
12.7062	12.07
12.7077	12.1533
12.7086	12.2367
12.7094	12.32
12.7105	12.4033
12.7112	12.4867
12.712	12.57
12.7139	12.6533
12.7146	12.7367
12.7153	12.82
12.7164	12.9033
12.7179	12.9867
12.7187	13.07
12.7201	13.1469
12.7333	13.2239
12.739	13.3008
12.7403	13.3777
12.741	13.4546
12.7426	13.5316
12.7461	13.6085
12.7467	13.6854
12.7474	13.7623
12.7481	13.8392
12.7497	13.9162
12.7503	13.9931
12.7516	14.07
12.7525	14.1414
12.766	14.2129
12.7709	14.2843
12.7716	14.3557
12.7747	14.4272
12.7773	14.4986
12.791	14.57
12.7916	14.6414
12.7924	14.7129
12.7943	14.7843
12.7966	14.8557
12.798	14.9272
12.7988	14.9986
12.7994	15.07
12.8007	15.1367
12.8119	15.2033
12.8151	15.27
12.816	15.3367
12.8179	15.4033
12.8186	15.47
12.8313	15.5367
12.832	15.6033
12.8328	15.67
12.8358	15.7367
12.838	15.8033
12.8386	15.87
12.8395	15.9367
12.8407	16.0033
12.8422	16.0658
12.8436	16.1283
12.8553	16.1908
12.8588	16.2533
12.8602	16.3158
12.8609	16.3783
12.8615	16.4408
12.8736	16.5033
12.8743	16.5658
12.875	16.6283
12.8778	16.6908
12.8798	16.7533
12.8804	16.8158
12.8818	16.8783
12.8834	16.9408
12.8847	17.0033
12.8861	17.0622
12.8875	17.121
12.8993	17.1798
12.9027	17.2386
12.9041	17.2975
12.905	17.3563
12.9056	17.4151
12.9069	17.4739
12.9076	17.5328
12.9092	17.5916
12.912	17.6504
12.9133	17.7092
12.9146	17.7681
12.9162	17.8269
12.9174	17.8857
12.9188	17.9445
12.9201	18.0033
12.9217	18.0589
12.9249	18.1145
12.9347	18.17
12.9388	18.2256
12.9402	18.2811
12.9417	18.3367
12.9425	18.3922
12.9435	18.4478
12.9465	18.5033
12.9471	18.5589
12.9499	18.6145
12.9512	18.67
12.9528	18.7256
12.954	18.7811
12.9556	18.8367
12.9568	18.8922
12.9581	18.9478
12.9596	19.0033
12.9609	19.056
12.9629	19.1086
12.9719	19.1612
12.9767	19.2139
12.9788	19.2665
12.9796	19.3191
12.9802	19.3718
12.9822	19.4244
12.9858	19.477
12.9872	19.5297
12.9898	19.5823
12.9913	19.6349
12.9927	19.6876
12.9941	19.7402
12.9955	19.7928
12.9962	19.8455
12.9969	19.8981
12.9976	19.9507
12.999	20.0033
13.0015	20.0533
13.0022	20.1033
13.0112	20.1533
13.0168	20.2033
13.0182	20.2533
13.0195	20.3033
13.0202	20.3533
13.0224	20.4033
13.0259	20.4533
13.0266	20.5033
13.03	20.5533
13.0314	20.6033
13.0335	20.6533
13.0349	20.7033
13.0356	20.7533
13.0363	20.8033
13.0376	20.8533
13.039	20.9033
13.0397	20.9533
13.0404	21.0033
13.0422	21.051
13.043	21.0986
13.0534	21.1462
13.0562	21.1938
13.0576	21.2414
13.0583	21.2891
13.0592	21.3367
13.0597	21.3843
13.0619	21.4319
13.0632	21.4795
13.066	21.5272
13.0681	21.5748
13.0708	21.6224
13.0716	21.67
13.0731	21.7176
13.0744	21.7653
13.075	21.8129
13.0757	21.8605
13.0765	21.9081
13.077	21.9557
13.0779	22.0033
13.0784	22.0488
13.0791	22.0943
13.0887	22.1397
13.0922	22.1852
13.093	22.2306
13.0935	22.2761
13.0942	22.3215
13.097	22.367
13.0986	22.4124
13.0999	22.4579
13.1013	22.5033
13.1034	22.5488
13.1068	22.5943
13.1082	22.6397
13.1096	22.6852
13.1103	22.7306
13.1112	22.7761
13.1118	22.8215
13.1123	22.867
13.1132	22.9124
13.1139	22.9579
13.1144	23.0033
13.1151	23.0468
13.1158	23.0903
13.1276	23.1338
13.1303	23.1773
13.1317	23.2207
13.1331	23.2642
13.1339	23.3077
13.1353	23.3512
13.1361	23.3947
13.1381	23.4381
13.1398	23.4816
13.1403	23.5251
13.1459	23.5686
13.1472	23.612
13.1479	23.6555
13.1486	23.699
13.1494	23.7425
13.15	23.786
13.1509	23.8294
13.1514	23.8729
13.1521	23.9164
13.1528	23.9599
13.1534	24.0033
13.1541	24.045
13.1548	24.0867
13.1669	24.1283
13.1704	24.17
13.1718	24.2117
13.1725	24.2533
13.1733	24.295
13.1747	24.3367
13.1761	24.3783
13.1775	24.42
13.179	24.4617
13.1803	24.5033
13.1844	24.545
13.1851	24.5867
13.1859	24.6283
13.1865	24.67
13.1871	24.7117
13.1878	24.7533
13.1885	24.795
13.1892	24.8367
13.1902	24.8783
13.1906	24.92
13.1914	24.9617
13.192	25.0033
13.1927	25.0433
13.1933	25.0833
13.2043	25.1233
13.2064	25.1633
13.2073	25.2033
13.208	25.2433
13.2093	25.2833
13.2107	25.3233
13.2121	25.3633
13.2135	25.4033
13.2149	25.4433
13.2163	25.4833
13.2205	25.5233
13.2212	25.5633
13.2219	25.6033
13.2227	25.6433
13.2234	25.6833
13.224	25.7233
13.2248	25.7633
13.2254	25.8033
13.2261	25.8433
13.2267	25.8833
13.2274	12.9417
13.2281	13.025
13.2288	13.1019
13.2295	13.1789
13.2302	13.2558
13.2419	13.3327
13.2439	13.4096
13.2453	13.4865
13.2467	13.5635
13.2481	13.6404
13.2494	13.7173
13.2509	13.7942
13.2522	13.8712
13.2536	13.9481
13.255	14.025
13.2564	14.0964
13.2593	14.1679
13.26	14.2393
13.2608	14.3107
13.2615	14.3822
13.2622	14.4536
13.263	14.525
13.2636	14.5964
13.2643	14.6679
13.265	14.7393
13.2819	14.8107
13.2833	14.8822
13.2846	14.9536
13.286	15.025
13.2875	15.0917
13.2895	15.1583
13.2922	15.225
13.293	15.2917
13.2936	15.3583
13.2943	15.425
13.295	15.4917
13.2957	15.5583
13.2965	15.625
13.2972	15.6917
13.3153	15.7583
13.3167	15.825
13.3181	15.8917
13.3195	15.9583
13.3208	16.025
13.3222	16.0875
13.3243	16.15
13.3264	16.2125
13.3271	16.275
13.3277	16.3375
13.3284	16.4
13.3291	16.4625
13.3299	16.525
13.3306	16.5875
13.3313	16.65
13.3437	16.7125
13.3452	16.775
13.3465	16.8375
13.3479	16.9
13.3494	16.9625
13.3506	17.025
13.352	17.0838
13.3534	17.1427
13.3558	17.2015
13.3563	17.2603
13.3569	17.3191
13.3575	17.3779
13.3583	17.4368
13.359	17.4956
13.3599	17.5544
13.3604	17.6132
13.3797	17.6721
13.3813	17.7309
13.3822	17.7897
13.3833	17.8485
13.3841	17.9074
13.3855	17.9662
13.3871	18.025
13.3878	18.0806
13.3885	18.1361
13.3907	18.1917
13.392	18.2472
13.3927	18.3028
13.3945	18.3583
13.3955	18.4139
13.3972	18.4695
13.3983	18.525
13.3991	18.5806
13.4219	18.6361
13.4233	18.6917
13.4242	18.7472
13.4249	18.8028
13.4265	18.8583
13.4279	18.9139
13.4286	18.9695
13.4293	19.025
13.43	19.0776
13.4306	19.1303
13.4323	19.1829
13.4335	19.2355
13.4345	19.2882
13.4372	19.3408
13.4381	19.3934
13.4398	19.4461
13.4405	19.4987
13.4414	19.5513
13.4653	19.604
13.4665	19.6566
13.4687	19.7092
13.4701	19.7618
13.4706	19.8145
13.4713	19.8671
13.472	19.9197
13.4727	19.9724
13.4734	20.025
13.4742	20.075
13.4748	20.125
13.4765	20.175
13.4772	20.225
13.4787	20.275
13.4826	20.325
13.4832	20.375
13.4848	20.425
13.4855	20.475
13.4865	20.525
13.5126	20.575
13.5133	20.625
13.5148	20.675
13.5155	20.725
13.5162	20.775
13.5169	20.825
13.5176	20.875
13.5183	20.925
13.5191	20.975
13.5198	21.025
13.5205	21.0726
13.5212	21.1202
13.5219	21.1679
13.5226	21.2155
13.5233	21.2631
13.5241	21.3107
13.5248	21.3583
13.5255	21.406
13.5262	21.4536
13.527	21.5012
13.554	21.5488
13.5548	21.5964
13.5561	21.6441
13.5574	21.6917
13.5583	21.7393
13.559	21.7869
13.5597	21.8345
13.561	21.8822
13.5616	21.9298
13.5621	21.9774
13.5628	22.025
13.5636	22.0705
13.5642	22.1159
13.5649	22.1614
13.5661	22.2068
13.5671	22.2523
13.5693	22.2977
13.5699	22.3432
13.5714	22.3886
13.5728	22.4341
13.5737	22.4796
13.5987	22.525
13.5991	22.5705
13.5997	22.6159
13.6004	22.6614
13.6012	22.7068
13.6018	22.7523
13.6027	22.7977
13.6032	22.8432
13.6038	22.8886
13.6046	22.9341
13.6052	22.9796
13.6059	23.025
13.6066	23.0685
13.6073	23.112
13.608	23.1554
13.6094	23.1989
13.6108	23.2424
13.6122	23.2859
13.6135	23.3294
13.6149	23.3728
13.6163	23.4163
13.6176	23.4598
13.6423	23.5033
13.6432	23.5467
13.6437	23.5902
13.6447	23.6337
13.6458	23.6772
13.6465	23.7207
13.6478	23.7641
13.6495	23.8076
13.6502	23.8511
13.6518	23.8946
13.6523	23.9381
13.6536	23.9815
13.6546	24.025
13.656	24.0667
13.6567	24.1083
13.658	24.15
13.6587	24.1917
13.6594	24.2333
13.6608	24.275
13.6621	24.3167
13.6628	24.3583
13.6635	24.4
13.6649	24.4417
13.6845	24.4833
13.6858	24.525
13.6886	24.5667
13.6918	24.6083
13.6931	24.65
13.6944	24.6917
13.6958	24.7333
13.6972	24.775
13.6978	24.8167
13.6986	24.8583
13.6999	24.9
13.7006	24.9417
13.7014	24.9833
13.7027	25.025
13.7034	25.065
13.7041	25.105
13.7048	25.145
13.7062	25.185
13.7075	25.225
13.7083	25.265
13.7089	25.305
13.7097	25.345
13.7111	25.385
13.7118	25.425
13.7331	25.465
13.7337	25.505
13.7364	25.545
13.7392	25.585
13.7406	25.625
13.7421	25.665
13.7427	25.705
13.7441	25.745
13.7448	25.785
13.7455	25.825
13.7469	25.865
13.7476	25.905
13.7482	25.945
13.7496	25.985
13.7503	26.025
13.751	26.0635
13.7517	26.1019
13.7524	26.1404
13.7543	26.1789
13.7557	26.2173
13.7564	26.2558
13.7571	26.2942
13.7587	26.3327
13.7594	26.3712
13.7601	26.4096
13.7825	26.4481
13.7833	26.4865
13.7854	26.525
13.7889	26.5635
13.7909	26.6019
13.7923	26.6404
13.793	26.6789
13.795	26.7173
13.7963	26.7558
13.797	26.7942
13.7977	26.8327
13.7984	26.8712
13.7991	26.9096
13.8014	26.9481
13.8021	26.9865
13.8028	27.025
13.8035	27.062
13.8049	27.0991
13.8056	27.1361
13.8069	27.1732
13.8076	27.2102
13.8083	27.2472
13.8097	27.2843
13.8104	27.3213
13.8111	27.3583
13.8117	27.3954
13.8341	27.4324
13.8356	27.4695
13.837	27.5065
13.8391	27.5435
13.8409	27.5806
13.8423	27.6176
13.843	27.6546
13.8436	27.6917
13.845	13.8458
13.8457	13.9228
13.8464	13.9997
13.8477	14.0766
13.8484	14.148
13.8491	14.2195
13.8498	14.2909
13.8512	14.3623
13.8518	14.4337
13.8532	14.5052
13.8539	14.5766
13.8546	14.648
13.8553	14.7195
13.856	14.7909
13.8574	14.8623
13.8581	14.9337
13.8587	15.0052
13.8594	15.0718
13.8798	15.1385
13.8811	15.2052
13.8825	15.2718
13.8848	15.3385
13.8862	15.4052
13.8878	15.4718
13.8884	15.5385
13.8891	15.6052
13.8951	15.6718
13.8957	15.7385
13.8964	15.8052
13.8973	15.8718
13.8987	15.9385
13.8996	16.0052
13.9008	16.0677
13.9198	16.1302
13.9207	16.1927
13.9225	16.2552
13.9245	16.3177
13.9252	16.3802
13.9275	8.19009
13.9282	8.31509
13.9289	8.44009
13.9308	8.56509
13.9314	8.69009
13.9321	8.81509
13.9327	8.94009
13.9334	9.06509
13.9341	9.1762
13.9348	9.28731
13.9505	9.39842
13.9514	9.50953
13.9534	9.62064
13.9556	9.73176
13.9569	9.84287
13.9598	9.95398
13.9604	10.0651
13.9611	10.1651
13.9619	10.2651
13.9783	10.3651
13.979	10.4651
13.981	10.5651
13.9839	10.6651
13.9853	10.7651
13.9885	10.8651
13.9891	10.9651
13.9897	11.0651
13.9905	11.156
13.9918	11.2469
14.006	11.3378
14.0066	11.4287
14.0081	11.5196
14.0094	11.6105
14.0101	11.7015
14.011	11.7924
14.0118	11.8833
14.0126	11.9742
14.0131	12.0651
14.0138	12.1484
14.0146	12.2318
14.0261	12.3151
14.0267	12.3984
14.0279	12.4818
14.0293	12.5651
14.0308	12.6484
14.0315	12.7318
14.0324	12.8151
14.033	12.8984
14.0338	12.9818
14.0345	13.0651
14.0352	13.142
14.0359	13.2189
14.0391	13.2959
14.0405	13.3728
14.0429	13.4497
14.0441	13.5266
14.0453	13.6036
14.0468	6.80178
14.0476	6.96844
14.0483	7.13511
14.0495	7.27797
14.0502	7.42082
14.051	7.56368
14.0515	7.70654
14.0522	7.84939
14.0529	7.99225
14.0536	8.13511
14.0558	8.26011
14.0565	8.38511
14.0579	8.51011
14.0628	8.63511
14.0635	8.76011
14.0648	8.88511
14.0655	9.01011
14.0662	9.12122
14.0684	9.23233
14.0689	9.34344
14.0696	9.45455
14.071	9.56566
14.0719	9.67678
14.0741	9.78789
14.0753	9.899
14.0764	10.0101
14.0777	10.1101
14.0812	10.2101
14.0819	10.3101
14.0833	10.4101
14.0847	10.5101
14.0861	10.6101
14.0869	10.7101
14.0877	10.8101
14.0882	10.9101
14.0889	11.0101
14.0896	11.101
14.0928	11.1919
14.0941	11.2828
14.0962	11.3737
14.0975	11.4647
14.0982	11.5556
14.099	11.6465
14.1011	11.7374
14.1018	11.8283
14.1024	11.9192
14.1031	12.0101
14.1065	12.0934
14.1086	12.1768
14.1093	12.2601
14.1106	12.3434
14.1115	12.4268
14.1124	12.5101
14.1129	12.5934
14.1138	12.6768
14.1143	12.7601
14.1149	12.8434
14.1175	12.9268
14.119	13.0101
14.1242	13.087
14.1276	13.164
14.1283	13.2409
14.1297	13.3178
14.1304	13.3947
14.131	13.4716
14.1317	13.5486
14.1324	13.6255
14.1334	13.7024
14.134	13.7793
14.1385	13.8563
14.1399	13.9332
14.1409	14.0101
14.144	14.0815
14.149	14.153
14.1495	14.2244
14.151	14.2958
14.1517	14.3673
14.1524	14.4387
14.1531	14.5101
14.1538	14.5815
14.1546	14.653
14.1553	14.7244
14.1582	14.7958
14.1606	14.8673
14.161	14.9387
14.1618	15.0101
14.165	15.0768
14.1706	15.1434
14.1713	15.2101
14.1728	15.2768
14.1739	15.3434
14.1754	15.4101
14.1761	15.4768
14.1768	15.5434
14.1775	15.6101
14.1783	15.6768
14.1806	15.7434
14.182	15.8101
14.1827	15.8768
14.184	15.9434
14.1848	16.0101
14.1875	16.0726
14.194	16.1351
14.1947	16.1976
14.1972	16.2601
14.198	16.3226
14.1986	16.3851
14.1993	16.4476
14.2	16.5101
14.2007	16.5726
14.2014	16.6351
14.2031	16.6976
14.2045	16.7601
14.2053	16.8226
14.2066	16.8851
14.2073	16.9476
14.208	17.0101
14.2108	17.0689
14.217	17.1278
14.2184	17.1866
14.2198	17.2454
14.2205	17.3042
14.2212	17.363
14.222	17.4219
14.2229	17.4807
14.2236	17.5395
14.2248	17.5983
14.2269	17.6572
14.2293	17.716
14.23	17.7748
14.2307	17.8336
14.2314	17.8925
14.232	17.9513
14.2327	18.0101
14.2354	18.0657
14.2423	18.1212
14.2435	18.1768
14.2448	18.2323
14.2455	18.2879
14.2462	18.3434
14.2473	18.399
14.2481	18.4546
14.2492	18.5101
14.2505	18.5657
14.2529	18.6212
14.2541	18.6768
14.2553	18.7323
14.256	18.7879
14.2567	18.8434
14.2574	18.899
14.2581	18.9546
14.2588	19.0101
14.2615	19.0627
14.2657	19.1154
14.2663	19.168
14.267	19.2206
14.2677	19.2733
14.2684	19.3259
14.2691	19.3785
14.2698	19.4312
14.2705	19.4838
14.2711	19.5364
14.2718	19.5891
14.274	19.6417
14.2754	19.6943
14.2761	19.747
14.2767	19.7996
14.2774	19.8522
14.2781	19.9048
14.2789	19.9575
14.2818	20.0101
14.2857	20.0601
14.2865	20.1101
14.2874	20.1601
14.2882	20.2101
14.2889	20.2601
14.2896	10.1301
14.2904	10.2301
14.291	10.3301
14.2917	10.4301
14.2923	10.5301
14.293	10.6301
14.2937	10.7301
14.2944	10.8301
14.2951	10.9301
14.2958	11.0301
14.2965	11.121
14.2973	11.2119
14.2981	11.3028
14.2988	11.3937
14.2995	11.4846
14.3001	11.5755
14.3008	11.6664
14.3015	11.7573
14.3022	11.8482
14.303	11.9391
14.3037	12.0301
14.3045	12.1134
14.3051	12.1967
14.3058	12.2801
14.3064	12.3634
14.3071	12.4467
14.3082	12.5301
14.3088	12.6134
14.3101	12.6967
14.3108	12.7801
14.3117	12.8634
14.3123	12.9467
14.313	13.0301
14.3137	13.107
14.3144	13.1839
14.3151	13.2608
14.3157	13.3377
14.3164	13.4147
14.3171	13.4916
14.3178	13.5685
14.3187	13.6454
14.3191	13.7224
14.3198	13.7993
14.3205	13.8762
14.3212	13.9531
14.3219	14.0301
14.3226	14.1015
14.3233	14.1729
14.3239	14.2443
14.3246	14.3158
14.3253	14.3872
14.326	14.4586
14.3272	14.5301
14.3279	14.6015
14.3289	14.6729
14.3296	14.7443
14.3303	14.8158
14.3311	14.8872
14.3317	14.9586
14.3324	15.0301
14.3331	15.0967
14.3338	15.1634
14.3346	15.2301
14.3353	15.2967
14.3361	15.3634
14.3369	15.4301
14.3376	15.4967
14.3383	15.5634
14.339	15.6301
14.3397	15.6967
14.3404	15.7634
14.3418	15.8301
14.3435	15.8967
14.3442	15.9634
14.3448	16.0301
14.3456	16.0926
14.3462	16.1551
14.3469	16.2176
14.348	16.2801
14.3482	16.3426
14.349	16.4051
14.3496	16.4676
14.3503	16.5301
14.3517	16.5926
14.3523	16.6551
14.353	16.7176
14.3537	16.7801
14.3544	16.8426
14.355	16.9051
14.3557	16.9676
14.3564	17.0301
14.3571	17.0889
14.3578	17.1477
14.3585	17.2065
14.3598	17.2653
14.3609	17.3242
14.3616	17.383
14.3622	17.4418
14.3629	17.5006
14.3636	17.5595
14.3644	17.6183
14.365	17.6771
14.3657	17.7359
14.3664	17.7948
14.367	17.8536
14.3677	17.9124
14.3684	17.9712
14.3691	18.0301
14.3698	18.0856
14.3706	18.1412
14.3712	18.1967
14.3719	18.2523
14.3726	18.3078
14.3734	18.3634
14.3739	18.4189
14.3747	18.4745
14.3753	18.5301
14.376	18.5856
14.3768	18.6412
14.3774	18.6967
14.378	18.7523
14.3787	18.8078
14.3794	18.8634
14.3801	18.9189
14.3808	18.9745
14.3815	19.0301
14.3822	19.0827
14.3829	19.1353
14.3848	19.1879
14.3853	19.2406
14.386	19.2932
14.3867	19.3458
14.3874	19.3985
14.3881	19.4511
14.3887	19.5037
14.3894	19.5564
14.3921	19.609
14.3927	19.6616
14.3934	19.7143
14.3941	19.7669
14.3948	19.8195
14.3955	19.8722
14.3962	19.9248
14.3969	19.9774
14.3976	20.0301
14.3983	20.0801
14.399	20.1301
14.3997	20.1801
14.4004	20.2301
14.4021	20.2801
14.4031	20.3301
14.4034	20.3801
14.4041	20.4301
14.4048	20.4801
14.4055	20.5301
14.4062	20.5801
14.4069	20.6301
14.4076	20.6801
14.4083	20.7301
14.4099	20.7801
14.4106	20.8301
14.4113	20.8801
14.4122	20.9301
14.4127	20.9801
14.4133	21.0301
14.4141	21.0777
14.4147	21.1253
14.4155	21.1729
14.4161	10.5865
14.4168	10.6865
14.4175	10.7865
14.4189	10.8865
14.4201	10.9865
14.4207	11.0865
14.4214	11.1774
14.4221	11.2683
14.4228	11.3592
14.4235	11.4501
14.4242	11.541
14.4249	11.6319
14.4256	11.7228
14.4262	11.8137
14.4273	11.9046
14.4276	11.9955
14.4283	12.0865
14.4289	12.1698
14.4297	12.2531
14.4303	12.3365
14.431	12.4198
14.4317	12.5031
14.4324	12.5865
14.4331	12.6698
14.4342	12.7531
14.4348	12.8365
14.4355	12.9198
14.4361	13.0031
14.4368	13.08
14.4375	13.157
14.4382	13.2339
14.4389	13.3108
14.4396	13.3877
14.4402	13.4647
14.4409	13.5416
14.4416	13.6185
14.4423	13.6954
14.443	13.7724
14.4437	13.8493
14.4444	6.92464
14.4452	7.0913
14.4457	7.23416
14.4464	7.37702
14.4471	7.51988
14.4478	7.66273
14.4485	7.80559
14.4492	7.94845
14.4499	8.0913
14.4506	8.2163
14.4513	8.3413
14.4519	8.4663
14.4526	8.5913
14.4533	8.7163
14.454	8.8413
14.4547	8.9663
14.4554	9.0913
14.4561	9.20242
14.4567	9.31353
14.4574	9.42464
14.4581	9.53575
14.4588	9.64686
14.4595	9.75797
14.4602	9.86908
14.4608	9.98019
14.4615	10.0913
14.4622	10.1913
14.463	10.2913
14.4636	10.3913
14.4643	10.4913
14.465	10.5913
14.4657	10.6913
14.4664	10.7913
14.4671	10.8913
14.4677	10.9913
14.4684	11.0913
14.4691	11.1822
14.4698	11.2731
14.4705	11.364
14.4712	11.4549
14.4719	11.5459
14.4726	11.6368
14.4733	11.7277
14.4739	11.8186
14.4746	11.9095
14.4753	12.0004
14.476	12.0837
14.4767	12.1671
14.4774	12.2504
14.478	12.3337
14.4787	6.16686
14.4794	6.33353
14.4801	6.5002
14.4808	6.66686
14.4815	6.83353
14.4828	7.0002
14.4837	7.14305
14.4844	7.28591
14.4851	7.42877
14.4858	7.57163
14.4865	7.71448
14.4872	7.85734
14.4879	8.0002
14.4886	8.1252
14.4893	8.2502
14.4899	8.3752
14.4906	8.5002
14.4913	8.6252
14.492	8.7502
14.4927	8.8752
14.4933	9.0002
14.4941	9.11131
14.4947	9.22242
14.4954	9.33353
14.4961	9.44464
14.4968	9.55575
14.4975	9.66686
14.4982	9.77798
14.4989	9.88909
14.4995	10.0002
14.5002	10.1002
14.501	10.2002
14.5016	10.3002
14.5023	10.4002
14.503	10.5002
14.5036	10.6002
14.5043	10.7002
14.505	10.8002
14.5066	10.9002
14.5076	11.0002
14.5082	11.0911
14.5088	11.182
14.5095	11.2729
14.5102	11.3638
14.5109	11.4547
14.5116	11.5457
14.5123	11.6366
14.513	11.7275
14.5137	11.8184
14.5143	11.9093
14.515	12.0002
14.5157	12.0835
14.5164	12.1669
14.5171	12.2502
14.5177	12.3335
14.5185	12.4169
14.5193	12.5002
14.5198	12.5835
14.5205	12.6669
14.5212	12.7502
14.5219	12.8335
14.5226	12.9169
14.5233	13.0002
14.5239	13.0771
14.5246	13.154
14.5253	13.231
14.526	13.3079
14.5267	13.3848
14.5274	13.4617
14.5292	13.5387
14.5299	13.6156
14.5305	13.6925
14.5312	13.7694
14.5319	13.8464
14.5326	13.9233
14.5333	14.0002
14.534	14.0716
14.5347	14.1431
14.5354	14.2145
14.536	14.2859
14.5367	14.3573
14.5375	14.4288
14.5381	7.21438
14.5388	7.35724
14.5395	7.5001
14.5402	7.64296
14.5409	7.78581
14.5415	7.92867
14.5422	8.07153
14.5453	8.19653
14.546	8.32153
14.5467	8.44653
14.5473	8.57153
14.5481	8.69653
14.5487	8.82153
14.5494	8.94653
14.5501	9.07153
14.5508	9.18264
14.5515	9.29375
14.5522	9.40486
14.5528	9.51597
14.5535	9.62708
14.5542	9.73819
14.5549	9.84931
14.5556	9.96042
14.5563	10.0715
14.557	10.1715
14.5583	10.2715
14.5589	10.3715
14.5596	10.4715
14.5603	10.5715
14.561	10.6715
14.5624	10.7715
14.5631	10.8715
14.5638	10.9715
14.5644	11.0715
14.5651	11.1624
14.5658	11.2533
14.5665	11.3443
14.5672	11.4352
14.5679	11.5261
14.5686	11.617
14.5692	11.7079
14.5699	11.7988
14.5709	11.8897
14.5716	11.9806
14.5722	12.0715
14.573	12.1549
14.5736	12.2382
14.5743	12.3215
14.575	12.4049
14.5757	12.4882
14.5764	12.5715
14.5784	12.6549
14.579	12.7382
14.5796	12.8215
14.5803	12.9049
14.581	12.9882
14.5817	13.0715
14.5824	13.1485
14.5831	13.2254
14.5838	13.3023
14.5845	13.3792
14.5851	13.4561
14.5858	13.5331
14.5865	13.61
14.5872	6.80499
14.5879	6.97166
14.5895	7.13833
14.5902	7.28118
14.5909	7.42404
14.5916	7.5669
14.5922	7.70976
14.593	7.85261
14.5936	7.99547
14.5943	8.13833
14.595	8.26333
14.5957	8.38833
14.5963	8.51333
14.597	8.63833
14.5977	8.76333
14.5984	8.88833
14.5992	9.01333
14.5998	9.12444
14.6005	9.23555
14.6011	9.34666
14.602	9.45777
14.6025	9.56888
14.6032	9.67999
14.6039	9.79111
14.6046	9.90222
14.6053	10.0133
14.606	10.1133
14.6066	10.2133
14.6073	10.3133
14.6081	10.4133
14.6087	10.5133
14.6094	10.6133
14.6101	10.7133
14.6107	10.8133
14.6114	10.9133
14.6121	11.0133
14.6128	11.1042
14.6135	11.1951
14.6142	11.2861
14.6149	11.377
14.6155	11.4679
14.6162	11.5588
14.617	11.6497
14.6176	11.7406
14.6183	11.8315
14.619	11.9224
14.6197	12.0133
14.6204	12.0967
14.621	12.18
14.6217	12.2633
14.6224	12.3467
14.6231	12.43
14.6238	12.5133
14.6245	12.5967
14.6252	12.68
14.6261	12.7633
14.6268	12.8467
14.6275	12.93
14.6282	13.0133
14.6289	13.0903
14.6296	13.1672
14.6303	13.2441
14.631	13.321
14.6317	13.3979
14.6324	6.69897
14.633	6.86564
14.6337	7.0323
14.6344	7.17516
14.6351	7.31802
14.6358	7.46088
14.6365	7.60373
14.6372	7.74659
14.6378	7.88945
14.6385	8.0323
14.6392	8.1573
14.6399	8.2823
14.6406	8.4073
14.6413	8.5323
14.643	8.6573
14.6444	8.7823
14.6451	8.9073
14.6457	9.0323
14.6464	9.14342
14.6471	9.25453
14.6477	9.36564
14.6484	9.47675
14.6491	9.58786
14.6498	9.69897
14.6515	9.81008
14.6521	9.92119
14.6531	10.0323
14.6537	10.1323
14.6544	10.2323
14.6551	10.3323
14.6561	10.4323
14.6566	10.5323
14.6573	10.6323
14.658	10.7323
14.6587	10.8323
14.6594	10.9323
14.6601	11.0323
14.6612	11.1232
14.6626	11.2141
14.6637	11.305
14.6644	11.3959
14.665	11.4869
14.6657	11.5778
14.6664	11.6687
14.6671	11.7596
14.6678	11.8505
14.6686	11.9414
14.6692	12.0323
14.6699	12.1156
14.6712	12.199
14.6714	12.2823
14.6721	12.3656
14.6727	6.18282
14.6743	6.34949
14.6761	6.51615
14.6768	6.68282
14.6774	6.84949
14.678	7.01615
14.6788	7.15901
14.6799	7.30187
14.6805	7.44472
14.6811	7.58758
14.6824	7.73044
14.6829	7.8733
14.6836	8.01615
14.6843	8.14115
14.6849	8.26615
14.6856	8.39115
14.6864	8.51615
14.6879	8.64115
14.6885	8.76615
14.6892	8.89115
14.6898	9.01615
14.6905	9.12726
14.6918	9.23837
14.6925	9.34949
14.6931	9.4606
14.6939	9.57171
14.6946	9.68282
14.6952	9.79393
14.6959	9.90504
14.6966	4.95252
14.6984	5.20252
14.6995	5.40252
14.6997	5.60252
14.7004	5.80252
14.7011	6.00252
14.7018	6.16919
14.7025	6.33585
14.7032	6.50252
14.7038	6.66919
14.7045	6.83585
14.7052	7.00252
14.7059	3.50126
14.7071	3.83459
14.7081	4.16793
14.7086	4.41793
14.7093	4.66793
14.7106	4.91793
14.7113	5.16793
14.712	5.36793
14.713	5.56793
14.7136	5.76793
14.715	5.96793
14.7157	6.16793
14.7165	6.33459
14.7172	6.50126
14.7178	6.66793
14.7185	6.83459
14.7199	7.00126
14.7213	7.14412
14.7219	7.28697
14.7232	7.42983
14.7243	7.57269
14.7249	7.71555
14.7259	7.8584
14.7266	8.00126
14.7273	8.12626
14.728	8.25126
14.7294	8.37626
14.73	8.50126
14.7307	8.62626
14.7314	8.75126
14.7321	8.87626
14.7328	9.00126
14.7349	9.11237
14.7356	9.22348
14.7362	9.33459
14.7375	9.4457
14.7377	9.55682
14.7384	9.66793
14.7391	9.77904
14.7405	9.89015
14.7418	10.0013
14.7421	10.1013
