segment	rtt	rttvar	srtt	rto
0	85.8693	42.9346	85.8693	429.346
11	20.4733	44.0577	84.2344	436.696
12	26.4305	44.6305	83.0301	440.074
13	27.6548	45.0782	81.8765	442.502
14	19.7714	45.6863	80.7675	446.258
15	19.8164	46.2314	79.679	449.531
16	18.9801	46.6835	78.7306	452.199
17	19.2065	47.0848	77.8006	454.479
24	15.7447	47.5007	76.9387	456.944
25	16.0479	47.8726	76.093	459.074
10	503.496	57.3609	81.4355	540.323
30	0.401445	58.5445	79.4096	547.766
31	0.450431	59.5653	77.4357	553.958
32	0.358246	60.4409	75.5087	559.036
33	0.365262	61.176	73.6301	563.038
34	0.373499	61.78	71.7987	566.039
35	0.383929	62.2618	70.0134	568.108
36	0.374946	62.6306	68.2724	569.317
37	0.464592	62.8895	66.5772	569.693
38	0.394434	63.0541	64.9226	569.356
39	0.408397	63.1271	63.3098	568.327
40	0.326352	63.1211	61.9976	566.967
41	0.5289	63.0523	60.717	565.135
42	0.578536	62.9309	59.4641	562.911
43	1.06907	62.7419	58.2476	560.183
44	0.762665	62.5229	57.05	557.233
45	0.8413	62.2598	55.879	553.957
46	0.586649	61.9694	54.727	550.483
47	0.654871	61.6404	53.6005	546.724
48	0.5932	61.2807	52.4962	542.742
49	0.444091	60.8962	51.4118	538.581
50	0.374452	60.4854	50.3485	534.231
51	0.401514	60.0463	49.3079	529.678
52	0.225038	59.5895	48.2854	525.001
53	0.261531	59.1076	47.2849	520.145
54	0.264032	58.604	46.3053	515.137
55	0.362611	58.0764	45.3481	509.959
56	0.313362	57.533	44.4099	504.674
57	0.363538	56.9711	43.4923	499.261
58	0.349874	56.3949	42.5935	493.752
59	0.323436	55.8063	41.7129	488.163
60	0.344362	55.2047	40.851	482.489
61	0.330065	54.5929	40.0068	476.75
62	0.332922	53.9713	39.1803	470.951
63	0.347429	53.3405	38.3713	465.096
64	0.347394	52.7023	37.5791	459.198
65	0.305525	52.1513	36.9135	454.124
66	0.327278	51.5954	36.2602	449.023
67	0.325033	51.0361	35.6185	443.907
68	0.326902	50.4738	34.9883	438.779
69	0.415076	49.9059	34.3709	433.618
70	0.431376	49.3357	33.7648	428.45
71	0.424959	48.7644	33.1695	423.285
72	0.41021	48.1928	32.5845	418.127
73	0.401375	47.621	32.0098	412.978
74	0.444762	47.0476	31.4461	407.827
76	0.308109	46.4794	30.8901	402.725
77	0.392451	45.9086	30.3455	397.615
78	0.366837	45.3397	29.8102	392.528
75	0.685335	44.7606	29.2901	387.375
79	0.396502	44.1939	28.7741	382.325
80	0.466649	43.6265	28.2686	377.281
81	0.405254	43.0636	27.7711	372.28
82	0.575562	42.4969	27.2854	367.26
83	0.597994	41.9322	26.8089	362.267
84	0.678244	41.3679	26.3422	357.285
86	0.54075	40.8119	25.8815	352.377
85	0.655335	40.2553	25.431	347.474
87	0.517287	39.7074	24.9861	342.645
88	0.333555	39.1697	24.5459	337.904
89	0.363347	38.6345	24.1141	333.19
92	0.285073	38.1057	23.6886	328.534
93	0.365512	37.5777	23.2721	323.894
90	0.507424	37.0487	22.8656	319.255
91	0.583262	36.5213	22.4677	314.638
94	1.41008	36.0381	22.1386	310.443
95	1.72069	35.55	21.8196	306.219
96	1.7222	35.0671	21.5056	302.042
97	1.81605	34.5865	21.1979	297.89
98	3.56002	34.0569	20.9224	293.377
99	3.50154	33.537	20.6502	288.946
100	3.61829	33.0212	20.384	284.554
101	3.51581	32.5164	20.1205	280.252
102	3.21825	32.0285	19.8564	276.084
103	3.337	31.5438	19.5982	271.949
104	3.11215	31.0733	19.3407	267.927
108	0.432536	30.6931	19.0452	264.59
109	0.374108	30.3174	18.7535	261.293
110	0.333145	29.9456	18.4657	258.031
111	0.360906	29.5756	18.1828	254.788
105	1.79916	29.1634	17.9268	251.234
112	0.399497	28.7997	17.6529	248.051
106	2.00107	28.3889	17.4084	244.519
107	1.90969	27.986	17.1662	241.055
113	0.547337	27.6308	16.9065	237.953
114	0.597609	27.277	16.6517	234.868
115	0.610293	26.9259	16.401	231.808
116	0.677918	26.5758	16.1554	228.762
117	0.734875	26.2272	15.9144	225.732
118	0.6966	25.8832	15.6766	222.742
119	0.596813	25.5456	15.441	219.805
120	0.646916	25.2096	15.2099	216.886
121	0.779727	24.8727	14.9844	213.966
122	0.640389	24.5437	14.7603	211.11
123	1.04583	24.2053	14.546	208.188
124	1.54504	23.8551	14.3428	205.184
125	1.52767	23.5101	14.1426	202.224
126	1.66436	23.1654	13.9476	200
127	1.61506	22.8645	13.7763	200
128	1.76823	22.5629	13.6096	200
129	1.64732	22.2685	13.4434	200
130	1.73165	21.9752	13.2808	200
133	0.690147	21.7145	13.1059	200
131	1.57846	21.4315	12.9458	200
134	0.751009	21.175	12.7764	200
137	0.514474	20.9274	12.6061	200
138	0.608711	20.6793	12.4395	200
140	0.518938	20.436	12.2739	200
135	1.56285	20.1659	12.1251	200
141	0.87035	19.9184	11.9688	200
132	1.82055	19.647	11.8279	200
142	0.922615	19.4041	11.6764	200
143	0.923837	19.1638	11.5271	200
144	0.78924	18.9298	11.3779	200
145	0.875315	18.6957	11.2321	200
139	1.56914	18.4448	11.0979	200
136	1.98845	18.1854	10.9713	200
146	0.447861	17.9726	10.8252	200
147	0.751616	17.7532	10.6853	200
148	0.731577	17.5365	10.547	200
151	0.69324	17.3231	10.4102	200
149	0.73834	17.1106	10.2758	200
152	0.695616	16.9014	10.1428	200
153	0.696378	16.6943	10.0116	200
154	0.715415	16.4888	9.88246	200
150	1.34301	16.268	9.76385	200
155	1.09801	16.0568	9.64349	200
156	1.10463	15.848	9.5249	200
157	2.17124	15.6121	9.42276	200
158	2.17921	15.3796	9.32216	200
164	1.52614	15.1689	9.21388	200
159	2.19297	14.9426	9.11637	200
165	1.49931	14.7391	9.01057	200
160	2.20859	14.5186	8.9161	200
166	1.51009	14.3211	8.81324	200
161	2.0091	14.1331	8.72819	200
162	1.98683	13.9483	8.64392	200
167	0.69813	13.7983	8.5446	200
168	1.37699	13.6325	8.455	200
163	3.29379	13.4207	8.39049	200
169	1.43388	13.2591	8.30353	200
170	1.43546	13.0994	8.21768	200
171	1.43462	12.9414	8.13289	200
172	1.86295	12.7747	8.05451	200
173	1.89416	12.6093	7.97751	200
174	2.0636	12.4419	7.90358	200
175	2.09029	12.2762	7.83092	200
176	2.2275	12.1094	7.76087	200
177	1.90891	11.9529	7.68772	200
180	1.1897	11.8166	7.6065	200
181	1.2703	11.6796	7.52729	200
182	1.31885	11.5428	7.44969	200
184	0.93565	11.4171	7.36826	200
185	0.87691	11.2939	7.28712	200
186	0.99002	11.169	7.20841	200
187	0.880445	11.048	7.12931	200
188	0.762319	10.9309	7.04972	200
189	0.775025	10.8145	6.97128	200
190	0.826675	10.6978	6.89448	200
191	0.809779	10.5825	6.81842	200
194	0.780802	10.4688	6.74295	200
195	0.816468	10.3553	6.66887	200
196	0.809022	10.2429	6.59562	200
197	0.890181	10.1295	6.5243	200
198	0.885818	10.0172	6.45382	200
199	0.808416	9.90789	6.38325	200
200	0.862455	9.79821	6.31424	200
201	0.621547	9.69557	6.24308	200
202	0.773376	9.58992	6.17471	200
203	0.793963	9.48469	6.10745	200
204	0.705681	9.38262	6.03993	200
178	4.66847	9.18234	6.02278	200
179	4.69128	8.98607	6.00614	200
183	4.6159	8.79617	5.98876	200
192	3.84324	8.62991	5.96194	200
193	3.75582	8.46931	5.93436	200
205	2.67469	8.35091	5.89732	200
206	2.85637	8.23023	5.86276	200
207	3.2896	8.10166	5.83352	200
208	3.30877	7.97491	5.80483	200
209	3.21945	7.85242	5.77545	200
210	3.36025	7.72885	5.74801	200
211	3.31117	7.60857	5.72031	200
212	2.36675	7.51187	5.6822	200
213	2.4401	7.41483	5.64536	200
214	2.12773	7.32625	5.60539	200
215	2.05887	7.24035	5.56509	200
216	2.23598	7.15146	5.52726	200
217	2.36989	7.06068	5.49137	200
224	1.0313	7.00158	5.44069	200
218	2.46342	6.91012	5.40686	200
225	1.13405	6.85018	5.3583	200
219	2.54082	6.75852	5.32629	200
226	1.35294	6.69522	5.28113	200
220	2.15626	6.61408	5.24563	200
227	1.2945	6.55356	5.20073	200
221	2.2697	6.47123	5.16742	200
228	1.5201	6.40705	5.12597	200
222	2.55275	6.31991	5.09673	200
230	1.62622	6.25515	5.05729	200
231	1.463	6.19468	5.01645	200
232	1.45731	6.13478	4.976	200
233	1.39066	6.07684	4.93526	200
234	1.20235	6.02356	4.89284	200
223	2.86667	5.93271	4.86981	200
235	1.26198	5.87988	4.82881	200
243	0.534964	5.84383	4.78002	200
244	0.629777	5.80534	4.73286	200
245	0.644527	5.76631	4.6864	200
248	0.462505	5.73126	4.6384	200
246	0.872618	5.68659	4.59561	200
249	0.553958	5.6492	4.54968	200
247	1.29507	5.59478	4.51269	200
250	0.818567	5.55158	4.47071	200
251	0.781443	5.50926	4.42879	200
253	0.542386	5.47237	4.38463	200
254	0.677009	5.43226	4.34249	200
255	0.528823	5.39548	4.29915	200
256	0.628657	5.35627	4.25744	200
257	0.665982	5.31616	4.21663	200
258	0.802425	5.27294	4.17783	200
259	0.681337	5.23592	4.14141	200
236	3.4694	5.14084	4.13441	200
237	3.49126	5.04714	4.12771	200
238	3.39731	4.95721	4.1201	200
239	3.41616	4.8686	4.11277	200
240	3.44626	4.78105	4.10583	200
241	3.25361	4.6992	4.09695	200
266	0.491669	4.67641	4.05939	200
242	3.21662	4.59654	4.05061	200
267	0.663458	4.57135	4.01533	200
272	0.358216	4.5523	3.97723	200
268	0.712734	4.52547	3.94323	200
273	0.733713	4.49805	3.9098	200
229	5.78711	4.44346	3.92935	200
269	1.03661	4.41115	3.89922	200
274	0.684943	4.38621	3.86573	200
275	0.746301	4.35982	3.83324	200
252	3.41654	4.27767	3.8289	200
260	2.16961	4.22312	3.81161	200
276	0.807484	4.19773	3.78032	200
277	0.476249	4.17911	3.7459	200
261	2.25735	4.12305	3.7304	200
278	0.601087	4.10235	3.6978	200
262	2.35819	4.04479	3.68384	200
279	0.727295	4.02212	3.65305	200
263	2.42727	3.96386	3.64028	200
280	0.892505	3.93853	3.61165	200
264	2.63845	3.87675	3.60152	200
281	0.895556	3.85236	3.57333	200
265	3.11587	3.78163	3.56856	200
282	1.40428	3.74793	3.54602	200
270	2.70118	3.68745	3.53722	200
283	1.4576	3.65395	3.51555	200
271	2.73666	3.59406	3.50744	200
284	1.439	3.56227	3.48589	200
285	1.45498	3.53037	3.46474	200
286	1.45154	3.49876	3.44376	200
287	1.35792	3.46932	3.42204	200
288	1.41167	3.43893	3.4011	200
289	1.59271	3.40496	3.38226	200
290	1.52028	3.37281	3.36286	200
291	1.59355	3.33941	3.34443	200
292	1.59752	3.30623	3.32623	200
294	1.48186	3.27577	3.30702	200
295	1.02031	3.25517	3.2832	200
305	0.429802	3.2468	3.25348	200
293	1.77297	3.21	3.23805	200
296	1.79215	3.17325	3.22299	200
297	1.78063	3.13719	3.20797	200
298	1.76993	3.10451	3.19414	200
299	1.76638	3.07226	3.18041	200
300	1.76588	3.04038	3.16681	200
301	1.61442	3.01177	3.15188	200
302	1.72629	2.98126	3.13817	200
306	1.55699	2.95434	3.12297	200
303	2.16161	2.91601	3.11373	200
318	0.795819	2.90451	3.09144	200
304	2.28705	2.86412	3.0837	200
315	0.881055	2.8514	3.06252	200
319	0.833886	2.83942	3.04109	200
316	0.892593	2.82614	3.02043	200
320	0.771277	2.81504	2.99881	200
317	1.09471	2.79752	2.9805	200
321	0.79556	2.78574	2.95949	200
307	2.1538	2.74766	2.95174	200
308	2.17202	2.70981	2.94424	200
309	2.27409	2.67059	2.9378	200
310	2.26806	2.63211	2.93136	200
311	2.58079	2.58824	2.92799	200
312	1.86536	2.5589	2.91777	200
324	0.952569	2.54748	2.89887	200
313	1.85489	2.51857	2.88883	200
314	1.90646	2.48902	2.87939	200
334	0.688548	2.48329	2.85832	200
336	0.367379	2.48343	2.83437	200
337	0.519543	2.48019	2.81211	200
338	0.561604	2.47577	2.79047	200
335	0.639002	2.46954	2.76978	200
340	0.401458	2.46759	2.74701	200
344	0.387375	2.46551	2.72432	200
345	0.402561	2.46275	2.702	200
346	0.329339	2.46102	2.67918	200
347	0.378529	2.45793	2.65706	200
322	3.04938	2.41821	2.66083	200
323	3.04768	2.37914	2.66455	200
325	3.16018	2.34292	2.66932	200
326	3.51245	2.31408	2.67742	200
327	3.60285	2.28737	2.68632	200
328	3.42913	2.25767	2.69346	200
329	3.42013	2.22823	2.70045	200
330	3.41916	2.1992	2.70736	200
331	3.41607	2.17053	2.71417	200
332	3.31236	2.14029	2.71992	200
333	3.28646	2.11003	2.72537	200
339	2.6381	2.07113	2.72453	200
341	2.86811	2.03406	2.72591	200
342	2.89728	1.99824	2.72756	200
343	2.74053	1.96006	2.72768	200
359	0.527287	1.96468	2.70652	200
360	0.735001	1.96481	2.68757	200
361	0.668879	1.96585	2.66816	200
348	2.57129	1.9299	2.66722	200
349	2.71888	1.89636	2.66769	200
350	2.46981	1.86603	2.66592	200
351	1.82461	1.84773	2.65841	200
352	2.08269	1.82502	2.65327	200
368	0.762299	1.8262	2.63638	200
369	0.769408	1.82692	2.61971	200
353	2.1672	1.80238	2.61567	200
370	0.830979	1.80206	2.59973	200
354	1.76908	1.78472	2.59232	200
355	1.8636	1.76586	2.58581	200
371	0.804487	1.76613	2.56991	200
356	1.94073	1.74583	2.56429	200
372	0.927502	1.74388	2.54967	200
357	2.09681	1.72083	2.54563	200
373	1.03236	1.71712	2.53212	200
358	2.22584	1.69193	2.52938	200
374	0.813012	1.69236	2.51406	200
362	2.2328	1.66717	2.51154	200
363	2.14335	1.64397	2.50826	200
364	2.15096	1.62099	2.50507	200
365	2.15095	1.59837	2.5019	200
378	1.14488	1.59406	2.48979	200
366	2.42172	1.56681	2.48918	200
379	1.33228	1.55949	2.47885	200
367	2.2623	1.53551	2.47691	200
380	1.27763	1.5295	2.46621	200
375	1.57292	1.51814	2.45823	200
387	0.918549	1.51852	2.44448	200
376	1.772	1.50342	2.43848	200
377	1.80706	1.48785	2.43284	200
397	0.323767	1.49894	2.41401	200
398	0.318958	1.50958	2.3953	200
399	0.458878	1.5172	2.37801	200
381	1.93214	1.49807	2.37403	200
400	0.449681	1.50568	2.35685	200
382	2.24763	1.48075	2.35587	200
401	0.728299	1.48337	2.34134	200
383	2.16447	1.46004	2.33976	200
388	1.8163	1.44331	2.33509	200
389	1.69128	1.42904	2.32934	200
405	0.557639	1.43515	2.31352	200
384	2.41383	1.41132	2.31441	200
406	0.802599	1.41311	2.30091	200
390	2.08683	1.3917	2.299	200
407	0.61345	1.39695	2.28395	200
385	2.73947	1.38013	2.28802	200
391	2.37283	1.357	2.28878	200
386	2.85859	1.34295	2.29386	200
392	2.38932	1.32067	2.29472	200
393	2.37437	1.29851	2.29543	200
394	2.35872	1.27645	2.29599	200
395	2.43444	1.25613	2.29723	200
396	2.42441	1.23597	2.29836	200
402	2.074	1.2179	2.29636	200
403	2.08657	1.1999	2.29448	200
404	1.99052	1.1839	2.29177	200
408	1.67748	1.17373	2.28629	200
409	1.75846	1.16296	2.28189	200
410	1.83445	1.15104	2.27816	200
411	1.80859	1.13968	2.27424	200
422	0.798777	1.14528	2.26195	200
412	1.90339	1.13216	2.25896	200
423	1.13058	1.1321	2.24955	200
413	2.1469	1.11494	2.2487	200
424	1.10944	1.11535	2.23921	200
414	2.03206	1.10021	2.23748	200
425	1.34508	1.09675	2.23004	200
415	2.20348	1.07891	2.22982	200
426	1.4315	1.07423	2.22317	200
416	2.40313	1.05933	2.22466	200
417	2.28807	1.04273	2.22519	200
428	1.33221	1.04023	2.21775	200
418	2.17026	1.02368	2.21735	200
429	1.43952	1.01959	2.21087	200
419	2.3422	1.00478	2.21197	200
430	1.56911	0.998749	2.20661	200
420	2.38395	0.985058	2.20809	200
421	2.32168	0.970533	2.20903	200
438	1.22762	0.970714	2.20085	200
439	1.05851	0.973574	2.19133	200
444	1.18506	0.974118	2.18295	200
445	1.20111	0.974246	2.17476	200
446	1.20488	0.974173	2.16668	200
447	1.27554	0.972789	2.15925	200
448	1.48716	0.967777	2.15365	200
449	1.4768	0.962928	2.14801	200
450	1.63536	0.955423	2.14374	200
427	6.88954	1.01859	2.18329	200
431	10.5721	1.14143	2.25319	200
432	10.6622	1.26256	2.32327	200
433	10.875	1.38404	2.39453	200
434	10.9134	1.50296	2.46552	200
435	10.8399	1.61748	2.53531	200
436	10.8625	1.72931	2.6047	200
437	11.0159	1.84067	2.67479	200
440	10.8878	1.94688	2.74323	200
441	10.8146	2.04895	2.81049	200
442	10.8856	2.14939	2.87779	200
458	9.08936	2.21709	2.92955	200
459	9.22416	2.28505	2.98201	200
460	9.35394	2.35316	3.0351	200
471	0.771193	2.35168	3.01624	200
461	10.0548	2.42979	3.07489	200
462	6.17641	2.44098	3.10074	200
463	6.08302	2.45001	3.12559	200
464	5.89663	2.45536	3.14868	200
465	5.92411	2.46069	3.17181	200
466	5.72114	2.46217	3.19305	200
467	5.73104	2.46343	3.2142	200
468	5.65142	2.46299	3.23451	200
469	5.60697	2.46148	3.25428	200
470	5.52639	2.45833	3.27322	200
480	0.46387	2.46418	3.2498	200
472	5.46323	2.46	3.26825	200
481	0.586519	2.46369	3.2459	200
473	5.33319	2.45742	3.2633	200
474	5.40376	2.45214	3.28113	200
483	0.832864	2.45207	3.26073	200
475	5.37768	2.44683	3.27727	200
484	0.84705	2.44657	3.25828	200
486	0.784966	2.44699	3.23896	200
487	0.77757	2.44721	3.21973	200
488	0.791504	2.44692	3.20076	200
489	0.805254	2.44611	3.18204	200
490	0.827623	2.44468	3.16365	200
491	0.772155	2.44385	3.14496	200
492	0.790539	2.44245	3.12657	200
493	0.895235	2.43915	3.10914	200
494	1.51519	2.42594	3.09668	200
495	1.48693	2.41319	3.08411	200
496	1.49683	2.40029	3.07171	200
476	3.37647	2.36754	3.07409	200
497	1.59036	2.35373	3.06249	200
503	0.372164	2.35899	3.04148	200
504	0.401589	2.36338	3.02085	200
477	3.61258	2.3357	3.02547	200
505	0.509834	2.33851	3.00582	200
498	1.89526	2.31932	2.99714	200
478	3.77651	2.29526	3.00323	200
507	0.560656	2.29756	2.98415	200
499	1.90661	2.2785	2.97573	200
508	0.711101	2.27828	2.95803	200
479	4.04543	2.25967	2.96653	200
509	0.780339	2.25852	2.94945	200
500	2.21252	2.23475	2.94369	200
510	0.82441	2.23294	2.92713	200
482	4.20272	2.21798	2.9371	200
511	1.00505	2.21352	2.922	200
501	2.54649	2.1848	2.91907	200
485	4.17748	2.17032	2.9289	200
502	2.5996	2.14155	2.92633	200
506	1.69645	2.12731	2.91672	200
520	0.630785	2.12979	2.89886	200
512	1.3341	2.12096	2.88664	200
513	1.36807	2.11155	2.87477	200
524	0.47026	2.11612	2.85598	200
525	0.529757	2.1194	2.83781	200
514	1.60576	2.10554	2.82818	200
526	0.678373	2.10623	2.81139	200
515	1.62974	2.09178	2.80216	200
527	0.785073	2.09062	2.7864	200
516	1.71053	2.07476	2.77799	200
519	1.57918	2.06107	2.76863	200
517	1.79302	2.04411	2.761	200
530	0.837918	2.04222	2.74598	200
518	1.8768	2.02389	2.73919	200
531	0.896549	2.02106	2.72479	200
521	1.74696	2.00476	2.71715	200
532	1.02174	1.99992	2.70391	200
522	1.8237	1.98243	2.69703	200
523	1.92512	1.96351	2.691	200
534	1.12003	1.95738	2.67872	200
528	1.67395	1.94249	2.67087	200
535	1.22452	1.93474	2.65957	200
529	1.84721	1.9172	2.65323	200
536	1.26662	1.90891	2.64239	200
538	1.18918	1.90179	2.63104	200
539	1.24306	1.89376	2.6202	200
540	1.20506	1.88628	2.60914	200
533	1.84901	1.86868	2.6032	200
541	1.28361	1.8601	2.59289	200
542	1.42307	1.84932	2.58375	200
543	1.3554	1.83962	2.57415	200
544	1.35487	1.83049	2.56519	200
545	1.33727	1.82163	2.55616	200
537	2.11238	1.80137	2.55289	200
548	1.23006	1.79433	2.54317	200
546	1.46908	1.78374	2.53527	200
547	1.50588	1.77264	2.5277	200
558	0.520973	1.77609	2.51294	200
559	0.638178	1.77754	2.49916	200
549	1.55535	1.76528	2.49222	200
560	0.767582	1.76468	2.47954	200
550	1.61379	1.75146	2.47317	200
561	0.865694	1.74934	2.46135	200
552	1.6671	1.73529	2.45551	200
562	0.875234	1.73301	2.44389	200
551	1.90423	1.71546	2.43992	200
563	1.04562	1.71074	2.42967	200
553	1.95844	1.69251	2.4262	200
564	1.08578	1.68733	2.41635	200
554	2.01442	1.66843	2.41339	200
565	1.19588	1.6618	2.40444	200
555	2.07366	1.64222	2.402	200
566	1.31465	1.63406	2.39401	200
556	2.20617	1.61279	2.39262	200
567	1.48546	1.60242	2.38595	200
557	2.22091	1.58128	2.38474	200
574	1.02141	1.57807	2.37472	200
575	0.94938	1.57583	2.36423	200
568	1.67982	1.56272	2.3592	200
569	1.64131	1.55029	2.35392	200
582	0.532362	1.55428	2.34053	200
570	1.76367	1.53991	2.33629	200
571	1.69333	1.52672	2.33156	200
583	0.685436	1.52847	2.31945	200
584	0.695149	1.52988	2.30751	200
585	0.706849	1.53092	2.29574	200
572	1.97803	1.51308	2.2934	200
586	0.841376	1.51218	2.28273	200
587	0.887169	1.51047	2.27246	200
588	0.850501	1.50916	2.26201	200
576	1.95012	1.49156	2.25971	200
589	0.951587	1.48886	2.25009	200
573	2.4609	1.47006	2.25164	200
590	1.01401	1.46665	2.24254	200
577	2.23062	1.44525	2.24246	200
591	1.20432	1.43927	2.23482	200
578	2.34321	1.41969	2.23562	200
592	1.15941	1.41464	2.2277	200
579	2.36074	1.39579	2.22868	200
593	1.28484	1.38915	2.22174	200
580	2.48261	1.37255	2.22366	200
594	1.55832	1.36215	2.21877	200
581	2.63067	1.34818	2.22179	200
595	1.57333	1.33789	2.21703	200
596	1.54703	1.32807	2.2121	200
603	1.00694	1.32626	2.20324	200
604	1.06123	1.32355	2.19484	200
597	1.71085	1.3112	2.19128	200
598	1.73444	1.29863	2.18792	200
599	1.80769	1.28513	2.18512	200
600	1.76692	1.27238	2.18205	200
601	1.78373	1.25953	2.17912	200
606	1.41644	1.25222	2.17351	200
602	1.85046	1.23855	2.17113	200
607	1.523	1.22987	2.16637	200
605	1.68656	1.21884	2.16284	200
608	1.59655	1.20924	2.15868	200
609	1.60583	1.19959	2.15461	200
610	1.66793	1.18911	2.15103	200
611	1.51461	1.18098	2.14635	200
612	1.61002	1.17202	2.14262	200
613	1.60439	1.16322	2.13889	200
614	1.66077	1.1537	2.13557	200
615	1.64237	1.14453	2.13214	200
616	1.70578	1.13456	2.12918	200
617	1.74432	1.12414	2.12651	200
618	1.57116	1.11624	2.12265	200
619	1.53905	1.10885	2.1186	200
620	1.56507	1.10113	2.11475	200
621	1.58689	1.09317	2.11109	200
622	1.61656	1.08485	2.10765	200
628	1.13146	1.08334	2.10087	200
623	1.63142	1.07482	2.09761	200
629	1.26739	1.07142	2.09185	200
624	1.77063	1.061	2.08961	200
630	1.40748	1.05574	2.08488	200
625	1.88843	1.0438	2.08351	200
631	1.4519	1.03808	2.07912	200
626	1.96046	1.02531	2.0783	200
632	1.57182	1.0181	2.07478	200
627	2.03331	1.00453	2.07449	200
633	1.5713	0.997571	2.071	200
634	1.66048	0.989417	2.06815	200
635	1.53985	0.983012	2.06448	200
636	1.6281	0.975419	2.06145	200
637	1.87579	0.96445	2.06016	200
638	1.82248	0.954355	2.05851	200
639	1.83726	0.944172	2.05697	200
640	1.81755	0.934383	2.05531	200
643	1.63326	0.927267	2.05238	200
644	1.49523	0.922126	2.04851	200
645	1.45478	0.917564	2.04438	200
646	1.4619	0.91291	2.04034	200
641	1.93574	0.901683	2.03961	200
642	1.96167	0.890242	2.03907	200
648	1.51517	0.885153	2.03543	200
649	1.52312	0.879974	2.03187	200
650	1.50688	0.875043	2.02822	200
647	1.87811	0.864974	2.02718	200
651	1.65141	0.858179	2.02457	200
652	1.69594	0.850824	2.02229	200
653	1.6101	0.844731	2.01943	200
654	1.64072	0.838258	2.0168	200
656	1.30627	0.836483	2.01186	200
657	1.34163	0.834174	2.0072	200
655	1.7209	0.826564	2.00522	200
658	1.52532	0.821749	2.00188	200
659	1.5021	0.817277	1.99841	200
661	1.52088	0.812558	1.9951	200
662	1.52251	0.807836	1.99181	200
663	1.57702	0.802377	1.98893	200
660	1.824	0.793523	1.98779	200
665	1.5369	0.788764	1.98465	200
666	1.54615	0.783899	1.98161	200
664	1.81168	0.775371	1.98043	200
667	1.71194	0.76833	1.97856	200
668	1.77102	0.760541	1.97712	200
669	1.7481	0.753158	1.97553	200
670	1.69836	0.746547	1.9736	200
671	1.68734	0.740154	1.97162	200
672	1.694	0.733729	1.96969	200
673	1.79623	0.725947	1.96848	200
674	1.74474	0.718971	1.96693	200
675	1.70742	0.712589	1.96513	200
677	1.69274	0.706475	1.96323	200
676	1.82671	0.698558	1.96229	200
678	1.66686	0.692958	1.96023	200
680	1.67408	0.687307	1.95825	200
681	1.66505	0.681833	1.95621	200
679	1.91598	0.672921	1.95593	200
682	1.71784	0.666881	1.95427	200
683	1.71321	0.660966	1.9526	200
684	1.77602	0.654238	1.95137	200
685	1.76503	0.648081	1.95015	200
686	1.69201	0.64295	1.94845	200
687	1.70891	0.637641	1.94687	200
688	1.74352	0.631926	1.94553	200
689	1.71828	0.626601	1.94404	200
690	1.74478	0.620978	1.94273	200
691	1.70034	0.615996	1.94113	200
692	1.71104	0.610918	1.93962	200
693	1.68029	0.606291	1.93791	200
694	1.70206	0.601416	1.93636	200
695	1.69767	0.596643	1.93479	200
696	1.67578	0.5922	1.93308	200
697	1.70245	0.587442	1.93156	200
698	1.69088	0.582879	1.92998	200
699	1.64216	0.578996	1.92809	200
702	1.58619	0.575876	1.92584	200
700	1.76479	0.570417	1.92478	200
703	1.62042	0.566916	1.92277	200
701	1.88368	0.559971	1.92252	200
704	1.69169	0.55564	1.921	200
705	1.74929	0.550588	1.91987	200
707	1.70035	0.546231	1.91842	200
708	1.73055	0.541515	1.91718	200
709	1.71774	0.537014	1.91587	200
710	1.69665	0.532832	1.91443	200
711	1.75146	0.527965	1.91336	200
706	2.19684	0.524748	1.91522	200
712	1.91537	0.517845	1.91522	200
713	1.84973	0.511893	1.91479	200
714	1.78805	0.506825	1.91396	200
715	1.78187	0.501894	1.91309	200
716	1.87909	0.495737	1.91286	200
717	1.80559	0.490625	1.91216	200
718	1.79524	0.485707	1.91139	200
719	1.82046	0.480512	1.91079	200
720	1.80274	0.475611	1.91008	200
721	1.7816	0.471043	1.90923	200
722	1.82014	0.466017	1.90864	200
723	1.78645	0.461493	1.90784	200
724	1.76066	0.457357	1.90687	200
725	1.79442	0.452818	1.90613	200
726	1.81441	0.448066	1.90553	200
727	1.81199	0.443401	1.90491	200
728	1.77992	0.439211	1.90409	200
729	1.7749	0.435131	1.90324	200
730	1.85186	0.430081	1.9029	200
731	1.73053	0.42669	1.90176	200
732	1.80077	0.422404	1.9011	200
733	1.75004	0.418833	1.90011	200
734	1.75798	0.415192	1.89917	200
735	1.82468	0.410709	1.89868	200
736	1.81987	0.406341	1.89816	200
737	1.73312	0.403166	1.89707	200
738	1.83283	0.398706	1.89665	200
739	1.80126	0.394714	1.89602	200
740	1.78805	0.390941	1.89531	200
741	1.86825	0.386153	1.89513	200
742	1.785	0.382521	1.89441	200
743	1.86953	0.377815	1.89424	200
744	1.91988	0.373181	1.89441	200
745	1.91442	0.368533	1.89454	200
746	1.88585	0.363798	1.89448	200
747	1.8958	0.359028	1.89449	200
748	1.89129	0.354346	1.89447	200
749	1.88193	0.349848	1.89439	200
750	1.93868	0.345827	1.89468	200
751	1.84159	0.341975	1.89433	200
752	1.88137	0.337645	1.89424	200
753	1.93977	0.333801	1.89454	200
754	1.87578	0.329655	1.89442	200
755	1.86967	0.325643	1.89426	200
756	1.87441	0.321619	1.89412	200
757	1.91843	0.317706	1.89428	200
758	1.89152	0.313562	1.89426	200
759	1.91074	0.309653	1.89437	200
760	1.85658	0.306075	1.89412	200
761	1.87808	0.302258	1.89402	200
762	1.8928	0.298494	1.89401	200
763	1.80715	0.295848	1.89347	200
764	1.91381	0.292404	1.89359	200
765	1.78703	0.29008	1.89293	200
766	1.82955	0.287246	1.89253	200
767	1.85775	0.28409	1.89231	200
768	1.88072	0.280683	1.89224	200
769	1.91561	0.277466	1.89238	200
770	1.93598	0.274542	1.89266	200
771	1.91569	0.271398	1.8928	200
772	1.88836	0.268061	1.89277	200
773	1.95754	0.265519	1.89318	200
774	2.03858	0.264017	1.89408	200
775	2.0087	0.262149	1.8948	200
776	1.99473	0.260121	1.89542	200
777	1.97308	0.25784	1.89591	200
778	1.92121	0.254933	1.89607	200
779	1.86845	0.252091	1.89589	200
780	1.88692	0.249051	1.89584	200
781	1.95737	0.246707	1.89622	200
782	1.89985	0.243668	1.89624	200
783	1.91365	0.240839	1.89635	200
784	2.06931	0.23999	1.89743	200
785	2.09302	0.239435	1.89865	200
786	2.04361	0.238254	1.89956	200
787	2.6675	0.244875	1.90436	200
788	2.73499	0.252196	1.90955	200
789	2.66728	0.258515	1.91428	200
790	2.58492	0.263666	1.91847	200
791	2.5639	0.268437	1.92251	200
792	2.47945	0.272043	1.92599	200
793	2.3966	0.274525	1.92893	200
794	2.357	0.276444	1.9316	200
795	2.32301	0.277881	1.93405	200
796	2.29636	0.278936	1.93631	200
797	2.09843	0.277475	1.93733	200
798	2.04429	0.275343	1.93799	200
799	2.03782	0.273149	1.93862	200
800	2.04649	0.271082	1.93929	200
801	2.08332	0.269493	1.94019	200
802	2.00488	0.266933	1.9406	200
803	2.0055	0.264407	1.941	200
804	1.958	0.261314	1.94111	200
805	1.9828	0.258568	1.94137	200
806	1.99802	0.256044	1.94172	200
807	1.8919	0.253466	1.94141	200
808	6.82177	0.311302	1.97191	200
809	6.84429	0.368315	2.00236	200
810	6.1822	0.415959	2.02849	200
811	6.22107	0.463166	2.05469	200
812	6.2543	0.509871	2.08094	200
813	6.27327	0.555901	2.10714	200
814	6.30444	0.601418	2.13337	200
815	6.41995	0.647482	2.16016	200
816	6.42797	0.692736	2.18683	200
817	6.56817	0.738843	2.21422	200
818	6.53221	0.783582	2.2412	200
819	6.58413	0.828073	2.26835	200
820	6.58876	0.871727	2.29535	200
821	6.6944	0.915818	2.32284	200
822	6.81515	0.960524	2.35092	200
823	6.79862	1.00411	2.37872	200
824	6.80517	1.04689	2.40638	200
825	6.9413	1.09049	2.43473	200
826	6.94571	1.13325	2.46292	200
827	6.95597	1.17525	2.491	200
828	6.93873	1.21615	2.5188	200
829	7.02727	1.2573	2.54698	200
830	6.98017	1.297	2.57468	200
831	7.06689	1.33694	2.60276	200
832	2.05609	1.32706	2.59934	200
833	2.0945	1.31679	2.59619	200
834	2.02557	1.30746	2.59262	200
835	2.05303	1.29786	2.58925	200
836	2.05586	1.2883	2.58591	200
837	2.0329	1.27911	2.58245	200
838	2.05347	1.26973	2.57915	200
839	1.99537	1.26116	2.5755	200
840	2.06555	1.25177	2.57231	200
841	1.99446	1.24334	2.5687	200
842	2.06409	1.23411	2.56554	200
843	2.00381	1.2261	2.5622	200
844	2.06934	1.21737	2.55927	200
845	2.06293	1.20879	2.55631	200
846	1.99633	1.20107	2.55298	200
847	2.04345	1.19283	2.54994	200
848	2.05836	1.18448	2.54702	200
849	2.00468	1.17684	2.54379	200
850	2.06805	1.16849	2.54096	200
851	2.11962	1.1596	2.53845	200
852	2.05639	1.15153	2.53558	200
853	2.10362	1.14296	2.53301	200
854	2.11479	1.13434	2.53052	200
855	2.03957	1.12668	2.52759	200
856	2.05621	1.11887	2.52479	200
857	2.06852	1.11098	2.52207	200
858	2.12966	1.10243	2.51973	200
859	2.13444	1.09389	2.51744	200
860	2.10814	1.08574	2.515	200
861	2.21075	1.07644	2.51319	200
862	2.37876	1.06522	2.51239	200
863	2.44395	1.05336	2.51198	200
864	2.41308	1.04199	2.51139	200
865	2.33991	1.03163	2.51037	200
866	2.25009	1.02245	2.50882	200
867	2.26624	1.01316	2.50738	200
868	2.23399	1.00435	2.50575	200
869	2.23933	0.995568	2.50416	200
870	2.173	0.987658	2.50219	200
871	2.19318	0.979578	2.50035	200
872	2.21642	0.971296	2.49866	200
873	2.15915	0.963774	2.49664	200
874	2.20908	0.955723	2.49493	200
875	2.16253	0.948302	2.49295	200
876	2.15416	0.941045	2.49093	200
877	2.26408	0.932542	2.48958	200
878	2.16634	0.925288	2.48766	200
879	2.17644	0.917977	2.4858	200
880	2.19394	0.910523	2.48407	200
881	2.23412	0.902659	2.48258	200
882	2.16581	0.895684	2.48069	200
883	2.13786	0.889102	2.47865	200
884	2.1553	0.882366	2.47673	200
885	2.17149	0.875495	2.47491	200
886	2.06115	0.869998	2.47245	200
887	1.88757	0.866603	2.46896	200
888	1.84065	0.863766	2.46522	200
889	1.87743	0.86048	2.46172	200
890	1.91814	0.856707	2.45849	200
891	1.98729	0.852117	2.45568	200
892	2.13143	0.845832	2.45375	200
893	2.16159	0.83924	2.45201	200
894	2.14926	0.832853	2.45021	200
895	2.14914	0.826522	2.44842	200
896	2.14587	0.820284	2.44662	200
897	2.10453	0.814591	2.44458	200
898	2.1917	0.807904	2.44307	200
899	2.12458	0.802077	2.44118	200
900	2.15365	0.795951	2.43947	200
901	2.12372	0.790234	2.43758	200
902	2.23744	0.783209	2.43639	200
903	2.18024	0.776934	2.43487	200
904	2.1949	0.770541	2.43344	200
905	2.1204	0.765094	2.43158	200
906	2.07618	0.760216	2.42946	200
907	2.1453	0.754548	2.42777	200
908	2.18766	0.748423	2.42634	200
909	2.06965	0.743759	2.42421	200
910	2.20703	0.73749	2.42292	200
911	2.22067	0.731118	2.42172	200
912	2.18087	0.725281	2.42028	200
913	2.231	0.7189	2.41915	200
914	2.28189	0.711975	2.41834	200
915	2.24629	0.705547	2.41731	200
916	2.26376	0.698975	2.4164	200
917	2.24202	0.692729	2.41536	200
918	2.14358	0.687717	2.41374	200
919	2.22407	0.681787	2.41261	200
920	2.21023	0.676079	2.41141	200
921	2.25156	0.669933	2.41045	200
922	2.21651	0.664266	2.4093	200
923	2.26785	0.658042	2.40846	200
924	2.19714	0.652723	2.4072	200
925	2.25233	0.646796	2.40628	200
926	2.22182	0.641292	2.40518	200
927	2.24382	0.635578	2.40422	200
928	2.11962	0.631589	2.4026	200
929	2.08028	0.628074	2.40077	200
930	2.12287	0.624094	2.39919	200
931	2.2752	0.618411	2.39848	200
932	2.28164	0.612711	2.39782	200
933	2.28716	0.607005	2.39719	200
934	2.22546	0.602058	2.39622	200
935	2.26197	0.596741	2.39545	200
936	2.20104	0.592169	2.39435	200
937	2.25221	0.587055	2.39354	200
938	2.28687	0.581596	2.39293	200
939	2.32573	0.57575	2.39255	200
940	2.21797	0.571191	2.39156	200
941	2.28643	0.565894	2.39096	200
942	2.34808	0.55995	2.39072	200
943	2.33414	0.554229	2.39039	200
944	2.39342	0.547965	2.39041	200
945	2.32048	0.542532	2.39001	200
946	2.48745	0.537474	2.39057	200
947	2.6578	0.534403	2.39208	200
948	2.63051	0.531039	2.39344	200
949	2.52336	0.52648	2.39418	200
950	2.50707	0.52178	2.39482	200
951	2.53939	0.517493	2.39564	200
952	2.5622	0.513505	2.39658	200
953	2.65348	0.510589	2.39804	200
954	2.70802	0.508309	2.39981	200
955	2.59935	0.5048	2.40094	200
956	2.66389	0.502051	2.40243	200
957	2.62016	0.49882	2.40367	200
958	2.61288	0.495529	2.40486	200
959	2.63698	0.492535	2.40618	200
960	2.58571	0.488978	2.4072	200
961	2.60796	0.485702	2.40834	200
962	2.54787	0.481768	2.40913	200
963	2.59515	0.478407	2.41018	200
964	2.62045	0.475359	2.41138	200
965	2.62027	0.472331	2.41256	200
966	2.58077	0.468875	2.41352	200
967	2.5991	0.465655	2.41457	200
968	2.5329	0.461708	2.41524	200
969	2.49552	0.457373	2.4157	200
970	2.50606	0.453202	2.41621	200
971	2.46464	0.448602	2.41649	200
972	2.5775	0.445333	2.4174	200
973	2.36979	0.440813	2.41713	200
974	2.2243	0.437995	2.41603	200
975	2.28347	0.434524	2.41528	200
976	2.30362	0.430855	2.41465	200
977	2.41352	0.425971	2.41464	200
978	2.26174	0.422867	2.41377	200
979	2.31858	0.419143	2.41323	200
980	2.2015	0.416786	2.41203	200
981	2.2647	0.413723	2.41119	200
982	2.29261	0.410369	2.41051	200
983	2.3003	0.406958	2.40989	200
984	2.33848	0.403144	2.40948	200
985	2.2619	0.400239	2.40864	200
986	2.37509	0.396072	2.40845	200
987	2.35239	0.392208	2.40813	200
988	2.3203	0.388749	2.40763	200
989	2.49579	0.385333	2.40813	200
990	2.42383	0.381132	2.40822	200
991	2.36363	0.377307	2.40797	200
992	2.52582	0.374358	2.40864	200
993	2.69189	0.373322	2.41025	200
994	2.71631	0.372557	2.41198	200
995	2.90794	0.373959	2.4148	200
996	2.89095	0.37512	2.41751	200
997	2.89608	0.376295	2.42022	200
998	2.82341	0.3766	2.42252	200
999	2.83847	0.377047	2.42488	200
1000	2.76497	0.376627	2.42681	200
1001	2.85258	0.377185	2.42923	200
1002	2.79487	0.377053	2.43131	200
1003	2.85989	0.377638	2.43374	200
1004	3.0543	0.380398	2.43727	200
1005	3.08682	0.383456	2.44096	200
1006	3.09048	0.386479	2.44465	200
1007	2.99171	0.388303	2.44775	200
1008	2.98116	0.389951	2.45078	200
1009	2.90034	0.390628	2.45334	200
1010	2.95201	0.391855	2.45617	200
1011	2.92422	0.39272	2.45883	200
1012	2.95764	0.393925	2.46166	200
1013	3.10442	0.396752	2.46532	200
1014	3.03408	0.398706	2.46855	200
1015	3.0328	0.400587	2.47175	200
1016	3.05438	0.402655	2.47506	200
1017	2.84347	0.402282	2.47707	200
1018	2.85319	0.401997	2.47911	200
1019	2.9289	0.402516	2.48155	200
1020	2.76568	0.401229	2.4831	200
1021	2.47914	0.39691	2.48307	200
1022	2.56089	0.393441	2.4835	200
1023	2.33649	0.390762	2.4827	200
1024	2.44588	0.386914	2.4825	200
1025	2.42873	0.383292	2.4822	200
1026	2.43616	0.379626	2.48195	200
1027	2.52254	0.37594	2.48217	200
1028	2.55159	0.372608	2.48255	200
1029	2.47026	0.368691	2.48248	200
1030	2.60856	0.366053	2.48317	200
1031	2.50675	0.36233	2.4833	200
1032	2.3063	0.360315	2.48233	200
1033	2.19265	0.359547	2.48076	200
1034	2.30414	0.357558	2.4798	200
1035	2.40612	0.354472	2.4794	200
1036	2.37737	0.351728	2.47884	200
1037	2.47686	0.347926	2.47883	200
1038	2.45256	0.344429	2.47869	200
1039	2.45114	0.340984	2.47854	200
1040	2.35954	0.338571	2.47789	200
1041	2.21567	0.337741	2.47647	200
1042	2.20942	0.336972	2.47501	200
1043	2.26854	0.335553	2.47389	200
1044	2.30717	0.333717	2.47298	200
1045	2.39606	0.330925	2.47256	200
1046	2.49354	0.327556	2.47268	200
1047	2.50363	0.324332	2.47285	200
1048	2.44396	0.32112	2.47269	200
1049	2.46437	0.31772	2.47264	200
1050	2.53994	0.314998	2.47301	200
1051	2.44001	0.311932	2.47283	200
1052	2.52041	0.309058	2.47309	200
1053	2.40782	0.306408	2.47273	200
1054	2.45126	0.30331	2.47261	200
1055	2.52349	0.300566	2.47289	200
1056	2.50307	0.297627	2.47306	200
1057	2.48638	0.294536	2.47313	200
1058	2.4903	0.291521	2.47322	200
1059	2.35707	0.289614	2.47259	200
1060	2.42779	0.286952	2.47234	200
1061	2.45449	0.284027	2.47225	200
1062	2.56176	0.281912	2.47273	200
1063	2.47977	0.278924	2.47277	200
1064	2.42528	0.276408	2.47251	200
1065	2.49614	0.27366	2.47264	200
1066	2.42954	0.271153	2.4724	200
1067	2.45492	0.268395	2.47231	200
1068	2.52791	0.266081	2.47261	200
1069	2.53605	0.263878	2.47295	200
1070	2.47105	0.26103	2.47294	200
1071	2.51706	0.258672	2.47318	200
1072	2.46417	0.255958	2.47313	200
1073	2.6603	0.25521	2.47415	200
1074	2.63569	0.254191	2.47503	200
1075	2.50115	0.251711	2.47517	200
1076	2.47686	0.248993	2.47518	200
1077	2.50021	0.246558	2.47531	200
1078	2.50172	0.244165	2.47546	200
1079	2.58431	0.242694	2.47605	200
1080	2.55453	0.240909	2.47647	200
1081	2.6081	0.239721	2.47719	200
1082	2.60605	0.238516	2.47789	200
1083	2.54885	0.236694	2.47827	200
1084	2.57918	0.235218	2.47882	200
1085	2.56604	0.233609	2.4793	200
1086	2.53136	0.231635	2.47958	200
1087	2.52574	0.229618	2.47983	200
1088	2.54462	0.227826	2.48018	200
1089	2.52638	0.225851	2.48043	200
1090	2.56046	0.224265	2.48086	200
1091	2.47592	0.221881	2.48084	200
1092	2.56328	0.220365	2.48129	200
1093	2.61248	0.219395	2.482	200
1094	2.61045	0.218406	2.4827	200
1095	2.63704	0.217709	2.48353	200
1096	2.70091	0.217705	2.48472	200
1097	2.65192	0.217156	2.48562	200
1098	2.58228	0.215846	2.48615	200
1099	2.5811	0.214531	2.48666	200
1100	2.76239	0.215196	2.48816	200
1101	2.72726	0.215455	2.48946	200
1102	2.73444	0.215775	2.49079	200
1103	2.54981	0.214071	2.49111	200
1104	2.57376	0.212642	2.49156	200
1105	2.61404	0.211662	2.49223	200
1106	2.71486	0.211781	2.49343	200
1107	2.67124	0.211411	2.4944	200
1108	2.71399	0.211499	2.49559	200
1109	2.59466	0.210276	2.49613	200
1110	2.63653	0.209548	2.49686	200
1111	2.54349	0.20785	2.4971	200
1112	2.58564	0.206607	2.49757	200
1113	2.69897	0.206552	2.49861	200
1114	2.6264	0.205731	2.49928	200
1115	2.6181	0.204825	2.4999	200
1116	2.61246	0.203863	2.50048	200
1117	2.68131	0.203623	2.50142	200
1118	2.64794	0.203028	2.50219	200
1119	2.72649	0.203249	2.50335	200
1120	2.64153	0.202571	2.50407	200
1121	2.73024	0.202816	2.50525	200
1122	2.69237	0.202652	2.50623	200
457	77.6622	0.983415	2.89766	200
1123	2.78301	0.974365	2.89706	200
456	78.1688	1.74829	3.2891	200
1124	2.84684	1.73469	3.2868	200
455	78.4971	2.50006	3.67852	200
1125	2.87128	2.48243	3.67431	200
1126	2.95091	2.4641	3.67055	200
1127	3.11486	2.44422	3.66765	200
1128	3.12115	2.42445	3.6648	200
454	79.2363	3.1864	4.05841	200
1129	3.13436	3.16283	4.05359	200
453	79.369	3.91442	4.44586	200
452	79.9066	4.6597	4.83888	200
1130	3.16342	4.62861	4.83016	200
451	80.136	5.36483	5.22237	200
1131	3.29463	5.32903	5.21233	200
443	80.9955	6.06292	5.60704	200
1132	3.36399	6.02313	5.59535	200
1133	3.37781	5.98349	5.5838	200
1134	3.36957	5.94423	5.57227	200
1135	3.41494	5.90478	5.56103	200
1136	3.34969	5.86631	5.54952	200
1137	3.35884	5.82802	5.5381	200
1138	3.37561	5.78984	5.52684	200
1139	3.38175	5.75187	5.51567	200
1140	3.49121	5.71304	5.50512	200
1141	3.45974	5.67483	5.49447	200
1142	3.52001	5.63629	5.48419	200
1143	3.48222	5.59843	5.47376	200
1144	3.47228	5.56096	5.46333	200
1145	3.49826	5.5235	5.4531	200
1146	3.47587	5.48656	5.4428	200
1147	3.4599	5.45007	5.43247	200
1148	3.45384	5.4139	5.42216	200
1149	3.52616	5.37726	5.41229	200
1150	3.47244	5.34145	5.40219	200
1151	3.49614	5.30567	5.39226	200
1152	3.42671	5.27087	5.38202	200
1153	3.48612	5.23572	5.37214	200
1154	3.51328	5.20054	5.36246	200
1155	3.44852	5.16631	5.35249	200
1156	3.42591	5.13256	5.34246	200
1157	3.45445	5.09876	5.33262	200
1158	3.47899	5.06496	5.32297	200
1159	3.51066	5.03107	5.31353	200
1160	3.27054	4.99995	5.30289	200
1161	3.19333	4.96984	5.2919	200
1162	3.20258	4.93983	5.28102	200
1164	3.28607	4.90916	5.27063	200
1165	3.24575	4.87911	5.26008	200
1166	3.17804	4.84997	5.24924	200
1167	3.27881	4.81998	5.23897	200
1170	3.14784	4.79155	5.22808	200
1171	3.08192	4.764	5.2169	200
1172	3.09299	4.73649	5.20584	200
1163	3.98492	4.69987	5.19948	200
1173	3.22615	4.67147	5.1892	200
1174	3.29233	4.64257	5.17932	200
1175	3.3197	4.61358	5.16964	200
1168	3.8954	4.57879	5.163	200
1176	3.3315	4.55018	5.15346	200
1177	3.3184	4.52189	5.1439	200
1169	4.13341	4.48531	5.13864	200
1178	3.45566	4.45612	5.12987	200
1179	3.36482	4.42809	5.12068	200
1180	3.39827	4.39991	5.11171	200
1181	3.42092	4.37169	5.1029	200
1182	3.40622	4.34382	5.09406	200
1183	3.35471	4.31551	5.08461	200
1184	3.39174	4.287	5.07541	200
1185	3.432	4.25696	5.06607	200
1186	3.44157	4.22705	5.05684	200
1187	3.46416	4.19569	5.04736	200
1188	3.32814	4.1662	5.03713	200
1189	3.47223	4.13369	5.02735	200
1190	3.43641	4.1019	5.0174	200
1191	3.4547	4.06849	5.00712	200
1192	3.48562	4.03498	4.99711	200
1193	3.44493	4.00049	4.98633	200
1194	3.44568	3.96633	4.97563	200
1195	3.51539	3.92947	4.96489	200
1196	3.48924	3.89339	4.95404	200
1197	3.5346	3.85473	4.94295	200
1198	3.5291	3.81659	4.93191	200
1199	3.51229	3.77664	4.92007	200
1200	3.48105	3.73768	4.90808	200
1201	3.51228	3.69586	4.89562	200
1202	3.54988	3.65389	4.8836	200
1203	3.5194	3.60986	4.87049	200
1204	3.5327	3.56617	4.85762	200
1205	3.58506	3.51838	4.84437	200
1206	3.46621	3.47379	4.83001	200
1207	3.48783	3.42535	4.81476	200
1208	3.5179	3.37697	4.80002	200
1209	3.53191	3.32425	4.78417	200
1210	3.41178	3.27546	4.76701	200
1211	3.48859	3.21998	4.74926	200
1212	3.369	3.16888	4.73009	200
1213	3.434	3.11035	4.70983	200
1214	3.4684	3.05195	4.69044	200
1215	3.46831	2.9866	4.66861	200
1216	3.4838	2.92225	4.64745	200
1217	3.4463	2.85053	4.62243	200
1218	3.44409	2.78086	4.59788	200
1219	3.5703	2.69319	4.57219	200
1220	3.47348	2.61347	4.54472	200
9	988.445	63.9439	35.2916	546.843
8	988.474	119.521	65.0785	1021.25
7	988.49	186.512	103.554	1595.65
6	988.602	244.723	140.431	2098.22
5	988.667	320.163	193.446	2754.75
4	988.828	379.565	243.157	3279.68
3	988.916	471.113	336.377	4105.28
2	989.07	516.508	417.964	4550.03
1	989.09	530.163	489.354	4730.66
