time	cwndsize
0.292491	11
0.294076	12
0.294219	13
0.294264	14
0.294434	15
0.295318	16
0.295776	17
0.296691	18
0.297134	19
0.297828	20
0.299005	21
0.299605	22
0.300825	23
0.30241	24
0.303317	25
0.30385	26
0.305889	27
0.310676	28
0.318927	29
0.322408	30
0.331134	31
0.332454	32
0.348092	33
0.350265	34
0.359383	35
0.36017	36
0.363242	37
0.36662	38
0.369593	39
0.371256	40
0.375337	41
0.376876	42
0.377008	43
0.383886	44
0.384456	45
0.391083	46
0.395015	47
0.401266	48
0.403824	49
0.40416	50
0.420214	51
0.420352	52
0.420595	53
0.426418	54
0.442448	55
0.449427	56
0.465604	57
0.466199	58
0.466409	59
0.467496	60
0.470639	61
0.48251	62
0.48652	63
0.486763	64
0.507291	65
0.51045	66
0.512847	67
0.513336	68
0.52687	69
0.52729	70
0.53519	71
0.535585	72
0.537853	73
0.538155	74
0.541217	75
0.542976	76
0.555153	77
0.555193	78
0.560931	79
0.593062	80
0.593516	81
0.598658	82
0.59919	83
0.599959	84
0.600444	85
0.603625	86
0.603709	87
0.615036	88
0.622011	89
0.62617	90
0.63765	91
0.638777	92
0.653467	93
0.654591	94
0.658367	95
0.658454	96
0.658745	97
0.658938	98
0.665815	49
0.66937	49.0204
0.675154	49.0408
0.675373	49.0612
0.675564	49.0816
0.687002	49.102
0.687392	49.1224
0.688077	49.1429
0.691159	49.1633
0.691237	49.1837
0.702931	49.2041
0.70309	49.2245
0.703464	49.2449
0.703816	49.2653
0.718663	49.2857
0.718835	49.3061
0.719166	49.3265
0.740969	49.3469
0.74625	49.3673
0.758653	49.3878
0.75904	49.4082
0.759456	49.4286
0.806484	49.449
0.807014	49.4694
0.860952	49.4898
0.86105	49.5102
0.861678	49.5306
0.861837	49.551
0.866634	49.5714
0.877926	49.5918
0.932665	49.6122
0.933948	49.6327
0.937927	49.6531
0.938048	49.6735
0.948899	49.6939
0.949006	49.7143
0.949122	49.7347
0.95389	49.7551
1.01501	49.7755
1.01956	49.7959
1.01964	49.8163
1.01984	49.8367
1.01987	49.8571
1.03645	49.8776
1.03654	49.898
1.03673	49.9184
1.04138	49.9388
1.05227	49.9592
1.05253	49.9796
1.05258	50
1.07097	50.02
1.07422	50.04
1.0746	50.06
1.07469	50.08
1.07968	50.1
1.08011	50.12
1.08019	50.14
1.08524	50.16
1.08597	50.18
1.09057	50.2
1.09111	50.22
1.0913	50.24
1.09797	50.26
1.0986	50.28
1.09894	50.3
1.09926	50.32
1.09958	50.34
1.10841	50.36
1.11817	50.38
1.11834	50.4
1.12357	50.42
1.12392	50.44
1.12434	50.46
1.12449	50.48
1.12959	50.5
1.12997	50.52
1.13033	50.54
1.13059	50.56
1.13076	50.58
1.13445	50.6
1.13506	50.62
1.13516	50.64
1.14024	50.66
1.14662	50.68
1.16759	50.7
1.17845	50.72
1.17896	50.74
1.18403	50.76
1.18466	50.78
1.18925	50.8
1.18942	50.82
1.18958	50.84
1.19474	50.86
1.19478	50.88
1.19536	50.9
1.33689	50.92
1.3371	50.94
1.34801	50.96
1.34807	50.98
1.34834	51
1.35337	51.0196
1.35432	51.0392
1.35452	51.0588
1.35485	51.0784
1.35868	51.098
1.35873	51.1176
1.35929	51.1373
1.36442	51.1569
1.36458	51.1765
1.37015	51.1961
1.37519	51.2157
1.3753	51.2353
1.37547	51.2549
1.37562	51.2745
1.38066	51.2941
1.3915	51.3137
1.39733	51.3333
1.39747	51.3529
1.40786	51.3725
1.4079	51.3922
1.40807	51.4118
1.40822	51.4314
1.40831	51.451
1.40843	51.4706
1.40868	25.7353
1.41346	25.7753
1.4135	25.8153
1.41381	25.8553
1.41396	25.8953
1.41946	25.9353
1.42418	25.9753
1.42435	26.0153
1.43047	26.0538
1.44138	26.0922
1.44155	26.1307
1.44619	26.1691
1.44658	26.2076
1.44699	26.2461
1.45137	26.2845
1.45143	26.323
1.45151	26.3614
1.45189	26.3999
1.452	26.4384
1.4573	26.4768
1.56648	26.5153
1.56651	26.5538
1.56661	26.5922
1.56663	26.6307
1.56669	26.6691
1.56674	26.7076
1.57263	26.7461
1.5727	26.7845
1.57286	26.823
1.5776	26.8614
1.57774	26.8999
1.57788	26.9384
1.5786	26.9768
1.5788	27.0153
1.57912	27.0523
1.5833	27.0894
1.58352	27.1264
1.58854	27.1634
1.58865	27.2005
1.58885	27.2375
1.59506	27.2746
1.59981	27.3116
1.60514	27.3486
1.63279	27.3857
1.63314	27.4227
1.63318	27.4597
1.63321	27.4968
1.63785	27.5338
1.72287	13.7669
1.72303	13.8438
1.74212	13.9208
1.74803	13.9977
1.74824	14.0746
1.75281	14.146
1.75325	14.2175
1.7535	14.2889
1.76405	14.3603
1.76417	14.4317
1.76426	14.5032
1.76431	14.5746
1.76449	14.646
1.76898	14.7175
1.76908	14.7889
1.76942	14.8603
1.76961	14.9317
1.77045	15.0032
1.77098	15.0698
1.77997	15.1365
1.78008	15.2032
1.78012	15.2698
1.78038	15.3365
1.80203	15.4032
1.86785	15.4698
1.86796	15.5365
1.87536	15.6032
1.87863	15.6698
1.8787	15.7365
1.87872	15.8032
1.88342	15.8698
1.88347	15.9365
1.88366	16.0032
1.88563	16.0657
1.8862	16.1282
1.88697	16.1907
1.88717	16.2532
1.89488	16.3157
1.89544	16.3782
1.95227	16.4407
1.96327	16.5032
1.97541	16.5657
1.97617	16.6282
1.97692	16.6907
1.98904	16.7532
1.99681	16.8157
2.00115	16.8782
2.00253	16.9407
2.00258	17.0032
2.00266	17.062
2.00482	17.1208
2.00693	17.1796
2.01104	17.2385
2.0112	17.2973
2.02095	17.3561
2.06208	17.4149
2.07665	17.4738
2.08419	17.5326
2.10052	17.5914
2.10068	17.6502
2.11218	17.7091
2.12411	17.7679
2.1243	17.8267
2.12612	17.8855
2.12849	17.9443
2.12875	18.0032
2.13586	18.0587
2.13705	18.1143
2.1398	18.1698
2.14034	18.2254
2.1456	18.2809
2.15254	18.3365
2.20668	18.3921
2.20747	18.4476
2.21337	18.5032
2.23717	18.5587
2.23865	18.6143
2.24349	18.6698
2.24514	18.7254
2.24666	18.7809
2.24697	18.8365
2.25358	18.8921
2.25683	18.9476
2.25772	19.0032
2.26684	19.0558
2.27274	19.1084
2.29143	19.1611
2.29167	19.2137
2.29349	19.2663
2.29846	19.319
2.32435	19.3716
2.32511	19.4242
2.32935	19.4769
2.34172	19.5295
2.3431	9.76474
2.34316	9.87585
2.34679	9.98697
2.35601	10.0981
2.35604	10.1981
2.35608	10.2981
2.36299	10.3981
2.3635	10.4981
2.37576	10.5981
2.38434	10.6981
2.38452	10.7981
2.40634	10.8981
2.40807	10.9981
2.40937	11.0981
2.44954	11.189
2.46442	11.2799
2.46456	11.3708
2.46627	11.4617
2.47805	11.5526
2.50096	11.6435
2.50428	11.7344
2.53031	5.86722
2.5306	6.06722
2.53067	6.23389
2.54154	6.40055
2.63071	6.56722
2.63096	6.73389
2.63171	6.90055
2.64654	7.06722
2.64949	7.21008
2.66132	7.35293
2.77499	7.49579
2.7753	7.63865
2.77675	7.78151
2.78694	7.92436
2.80169	8.06722
2.80441	8.19222
2.82333	8.31722
2.91879	8.44222
2.9213	8.56722
2.92146	8.69222
2.96321	8.81722
2.96551	8.94222
2.9712	9.06722
2.97124	9.17833
3.00061	9.28944
3.07243	9.40055
3.07264	9.51166
3.07287	9.62278
3.09863	9.73389
3.104	9.845
3.12125	9.95611
3.12152	10.0672
3.12902	10.1672
3.14559	10.2672
3.22639	10.3672
3.23291	5.18361
3.23379	5.38361
3.23487	5.58361
3.23564	5.78361
3.25196	5.98361
3.25641	6.18361
3.25646	6.35028
3.25776	6.51694
3.26256	6.68361
3.36178	6.85028
3.38899	7.01694
3.38918	7.1598
3.38974	7.30266
3.39358	7.44551
3.39369	7.58837
3.49349	7.73123
3.51982	7.87409
3.53076	8.01694
3.53082	8.14194
3.53122	8.26694
3.53718	8.39194
3.54158	8.51694
3.62488	8.64194
3.65806	8.76694
3.66246	8.89194
3.66255	9.01694
3.66267	9.12805
3.66279	9.23917
3.68502	9.35028
3.6853	9.46139
3.7843	9.5725
3.80643	9.68361
3.81165	9.79472
3.81183	9.90583
3.81217	10.0169
3.81246	10.1169
3.81273	10.2169
3.86072	10.3169
3.86141	10.4169
3.94997	10.5169
3.97047	10.6169
3.97539	10.7169
3.97671	10.8169
3.97741	10.9169
3.98344	11.0169
3.98918	11.1079
3.98941	11.1988
4.01992	11.2897
4.0208	11.3806
4.11809	11.4715
4.12722	11.5624
4.12749	11.6533
4.13126	11.7442
4.13221	11.8351
4.14201	11.926
4.14529	12.0169
4.1455	12.1003
4.14589	12.1836
4.1469	12.2669
4.16805	12.3503
4.26473	12.4336
4.29277	12.5169
4.31054	12.6003
4.31086	12.6836
4.31148	12.7669
4.31229	12.8503
4.31684	12.9336
4.32316	13.0169
4.32343	13.0939
4.32388	13.1708
4.32519	13.2477
4.36059	6.62386
4.44405	6.79052
4.50203	6.95719
4.51397	7.12386
4.51407	7.26671
4.51416	7.40957
4.51419	7.55243
4.51847	7.69528
4.51923	7.83814
4.5271	7.981
4.52737	8.12386
4.52944	8.24886
4.52964	8.37386
4.64538	8.49886
4.65942	8.62386
4.67053	8.74886
4.67073	8.87386
4.67632	8.99886
4.6764	9.12386
4.67647	9.23497
4.67678	9.34608
4.73861	9.45719
4.73873	9.5683
4.76009	9.67941
4.76095	9.79052
4.76503	9.90163
4.76536	10.0127
4.76549	10.1127
4.7657	10.2127
4.76612	10.3127
4.84771	10.4127
4.85598	10.5127
4.86001	10.6127
4.86417	10.7127
4.86676	10.8127
4.86799	10.9127
4.88248	11.0127
4.88677	11.1037
4.88691	11.1946
4.88713	11.2855
4.94882	11.3764
4.95746	11.4673
4.95862	11.5582
4.96543	11.6491
4.96577	11.74
4.97113	11.8309
4.98185	11.9218
4.98337	12.0127
4.98385	12.0961
4.98488	12.1794
4.99004	12.2627
5.05522	12.3461
5.05997	12.4294
5.06856	12.5127
5.07494	12.5961
5.0752	12.6794
5.07697	12.7627
5.0918	12.8461
5.09951	12.9294
5.10012	13.0127
5.10079	13.0897
5.10371	13.1666
5.10537	13.2435
5.16545	13.3204
5.18062	13.3974
5.18758	13.4743
5.18803	13.5512
5.19821	13.6281
5.19879	13.7051
5.19986	13.782
5.20905	13.8589
5.20943	13.9358
5.21378	14.0127
5.21405	14.0842
5.22587	14.1556
5.22967	14.227
5.2643	14.2985
5.27563	14.3699
5.2758	14.4413
5.27599	14.5127
5.30769	14.5842
5.31159	14.6556
5.31166	14.727
5.31953	14.7985
5.34045	14.8699
5.34077	14.9413
5.34531	15.0127
5.34535	15.0794
5.35104	15.1461
5.36185	15.2127
5.39465	15.2794
5.39475	15.3461
5.39484	15.4127
5.395	15.4794
5.40263	15.5461
5.4058	15.6127
5.40583	15.6794
5.42365	15.7461
5.46729	15.8127
5.46753	15.8794
5.48929	15.9461
5.48957	16.0127
5.4897	16.0752
5.48993	16.1377
5.50002	16.2002
5.53852	16.2627
5.53863	16.3252
5.53874	16.3877
5.54418	16.4502
5.54432	16.5127
5.54581	16.5752
5.54953	16.6377
5.56087	16.7002
5.62315	16.7627
5.62376	16.8252
5.63365	16.8877
5.63717	16.9502
5.63766	17.0127
5.63778	17.0716
5.64275	17.1304
5.64904	17.1892
5.67584	17.248
5.67655	17.3069
5.68218	17.3657
5.68263	17.4245
5.68284	17.4833
5.68681	17.5422
5.68704	17.601
5.70469	17.6598
5.74675	17.7186
5.74689	17.7775
5.74783	17.8363
5.75282	17.8951
5.75321	17.9539
5.75825	18.0127
5.75864	18.0683
5.75915	18.1239
5.75989	18.1794
5.80969	18.235
5.81249	18.2905
5.81263	18.3461
5.81275	18.4016
5.81317	18.4572
5.81812	18.5127
5.81835	18.5683
5.83206	18.6239
5.87966	18.6794
5.87993	18.735
5.88521	18.7905
5.89133	18.8461
5.89227	18.9016
5.89581	18.9572
5.89657	19.0127
5.90208	19.0654
5.90272	19.118
5.9075	19.1706
5.9353	19.2233
5.94218	19.2759
5.95683	19.3285
5.95715	19.3812
5.95798	19.4338
5.95812	19.4864
5.96284	19.5391
5.96296	19.5917
5.98937	19.6443
6.00103	19.697
6.02867	19.7496
6.02877	19.8022
6.02881	19.8549
6.03362	19.9075
6.03843	19.9601
6.03855	20.0127
6.03866	20.0627
6.03899	20.1127
6.07228	20.1627
6.07727	20.2127
6.08253	20.2627
6.08831	20.3127
6.09514	20.3627
6.09581	20.4127
6.09945	20.4627
6.11525	20.5127
6.12175	20.5627
6.12696	20.6127
6.12703	20.6627
6.13732	20.7127
6.1375	20.7627
6.13772	20.8127
6.15736	20.8627
6.18686	20.9127
6.18727	20.9627
6.18787	21.0127
6.19055	21.0604
6.19407	21.108
6.22594	21.1556
6.22599	21.2032
6.22852	21.2508
6.22857	21.2985
6.23022	21.3461
6.23071	21.3937
6.23075	21.4413
6.24835	21.4889
6.25039	21.5366
6.25348	21.5842
6.25384	21.6318
6.2542	21.6794
6.25763	21.727
6.2724	21.7746
6.29273	21.8223
6.31138	21.8699
6.31296	21.9175
6.31319	21.9651
6.31405	22.0127
6.31419	22.0582
6.32114	22.1037
6.37315	22.1491
6.37383	22.1946
6.3745	22.24
6.37517	22.2855
6.37577	22.3309
6.37732	22.3764
6.37871	22.4218
6.37938	22.4673
6.38019	22.5127
6.38449	22.5582
6.38475	22.6037
6.38519	22.6491
6.38816	22.6946
6.38858	22.74
6.41115	22.7855
6.43595	22.8309
6.43624	22.8764
6.44081	22.9218
6.44854	22.9673
6.45091	23.0127
6.4511	23.0562
6.45182	23.0997
6.51408	23.1432
6.51437	23.1867
6.51772	23.2301
6.51804	23.2736
6.51845	23.3171
6.51868	23.3606
6.5276	23.404
6.52841	23.4475
6.52854	23.491
6.5347	23.5345
6.53485	23.578
6.53949	23.6214
6.54398	23.6649
6.55076	23.7084
6.58042	23.7519
6.58053	23.7954
6.58539	23.8388
6.58542	23.8823
6.58755	23.9258
6.5929	23.9693
6.59529	24.0127
6.60085	24.0544
6.60115	24.0961
6.65347	24.1377
6.65393	24.1794
6.65469	24.2211
6.65545	24.2627
6.65661	24.3044
6.65917	24.3461
6.67118	24.3877
6.67136	24.4294
6.67202	24.4711
6.67218	24.5127
6.67564	24.5544
6.67617	24.5961
6.67646	24.6377
6.67656	24.6794
6.71449	24.7211
6.71926	24.7627
6.73001	24.8044
6.73038	24.8461
6.73044	24.8877
6.73051	24.9294
6.73062	24.9711
6.73803	25.0127
6.74141	25.0527
6.7423	25.0927
6.80241	25.1327
6.80709	25.1727
6.829	25.2127
6.82905	25.2527
6.82916	25.2927
6.82939	25.3327
6.84121	25.3727
6.84145	25.4127
6.84162	25.4527
6.84676	25.4927
6.84685	25.5327
6.84711	25.5727
6.84742	25.6127
6.84802	25.6527
6.87996	25.6927
6.88921	25.7327
6.88944	25.7727
6.88967	25.8127
6.88994	25.8527
6.89008	25.8927
6.89618	25.9327
6.90709	25.9727
6.91215	26.0127
6.91765	26.0512
6.9312	26.0897
6.97256	26.1281
6.97275	26.1666
6.99362	26.2051
6.99892	26.2435
6.99909	26.282
6.99935	26.3204
6.99942	26.3589
7.00574	26.3974
7.00622	26.4358
7.00652	26.4743
7.01013	26.5127
7.01685	26.5512
7.01916	26.5897
7.02133	26.6281
7.04865	26.6666
7.04929	26.7051
7.04943	26.7435
7.04957	26.782
7.06228	26.8204
7.06616	26.8589
7.07066	26.8974
7.07108	13.4487
7.07568	13.5256
7.07592	13.6025
7.07622	13.6794
7.07637	13.7564
7.1228	13.8333
7.1253	13.9102
7.16379	13.9871
7.16402	14.0641
7.16417	14.1355
7.16424	14.2069
7.1716	14.2784
7.17447	14.3498
7.17455	14.4212
7.17531	14.4926
7.18	14.5641
7.19177	14.6355
7.19828	14.7069
7.19859	14.7784
7.22462	14.8498
7.22511	14.9212
7.22971	14.9926
7.22991	15.0641
7.23522	15.1307
7.24115	15.1974
7.31242	15.2641
7.31301	15.3307
7.31466	15.3974
7.34177	15.4641
7.34566	15.5307
7.34591	15.5974
7.34995	15.6641
7.37365	15.7307
7.37406	15.7974
7.37456	15.8641
7.37489	15.9307
7.37536	15.9974
7.38347	16.0641
7.38378	16.1266
7.38877	16.1891
7.47182	16.2516
7.47199	16.3141
7.47223	16.3766
7.48474	16.4391
7.48504	16.5016
7.48763	16.5641
7.51517	16.6266
7.5433	16.6891
7.54359	16.7516
7.54769	16.8141
7.54799	16.8766
7.54808	16.9391
7.55306	17.0016
7.55322	17.0604
7.55355	17.1192
7.55456	17.178
7.59182	17.2369
7.61402	17.2957
7.61895	17.3545
7.6353	17.4133
7.63547	17.4722
7.63631	17.531
7.65725	17.5898
7.67453	17.6486
7.67491	17.7074
7.67706	17.7663
7.67966	17.8251
7.68193	17.8839
7.69043	17.9427
7.69535	18.0016
7.69567	18.0571
7.7063	18.1127
7.70974	18.1682
7.73999	18.2238
7.76022	18.2793
7.76377	18.3349
7.78019	18.3905
7.78048	18.446
7.78277	18.5016
7.8047	18.5571
7.80835	18.6127
7.81111	18.6682
7.81253	18.7238
7.8133	18.7793
7.81386	18.8349
7.81548	18.8905
7.82957	9.44523
7.83137	9.55634
7.83269	9.66745
7.84875	9.77856
7.84919	9.88967
7.85936	10.0008
7.90214	10.1008
7.90281	10.2008
7.9175	10.3008
7.9177	10.4008
7.92353	10.5008
7.94721	10.6008
7.95618	10.7008
7.97779	10.8008
7.98202	10.9008
7.98288	11.0008
7.98781	11.0917
7.98902	11.1826
8.0703	11.2735
8.07592	11.3644
8.08172	11.4553
8.11528	11.5462
8.11859	11.6371
8.1257	11.7281
8.12611	11.819
8.12663	11.9099
8.13074	12.0008
8.14267	12.0841
8.14298	12.1674
8.2078	12.2508
8.21916	12.3341
8.22483	12.4174
8.25663	12.5008
8.25677	12.5841
8.27067	12.6674
8.27352	12.7508
8.27444	12.8341
8.27471	12.9174
8.27486	13.0008
8.28477	13.0777
8.28966	13.1546
8.33621	13.2316
8.34545	13.3085
8.3552	13.3854
8.4071	13.4623
8.40734	13.5392
8.41085	13.6162
8.42844	13.6931
8.43236	13.77
8.43252	13.8469
8.43308	13.9239
8.4332	14.0008
8.43326	14.0722
8.45438	14.1436
8.47786	14.2151
8.48862	14.2865
8.49861	14.3579
8.55889	14.4294
8.55894	14.5008
8.57193	14.5722
8.57197	14.6436
8.572	14.7151
8.57668	14.7865
8.57696	14.8579
8.57778	14.9294
8.57836	15.0008
8.58027	15.0674
8.62997	15.1341
8.63004	15.2008
8.63627	15.2674
8.63691	15.3341
8.68244	15.4008
8.69686	15.4674
8.7002	15.5341
8.70079	15.6008
8.70521	15.6674
8.70537	15.7341
8.70645	15.8008
8.70657	15.8674
8.71094	15.9341
8.71134	16.0008
8.73888	16.0633
8.76696	16.1258
8.76711	16.1883
8.79187	16.2508
8.79408	16.3133
8.84657	16.3758
8.84772	16.4383
8.84816	16.5008
8.84881	16.5633
8.84975	16.6258
8.853	16.6883
8.85358	16.7508
8.86084	16.8133
8.86126	16.8758
8.86407	16.9383
8.86492	17.0008
8.87549	17.0596
8.91941	17.1184
8.93686	17.1773
8.94812	17.2361
8.95527	17.2949
8.98317	17.3537
8.98392	17.4125
8.98491	17.4714
8.98841	17.5302
8.98853	17.589
8.98863	17.6478
8.98907	17.7067
8.99632	17.7655
8.99735	17.8243
8.99776	17.8831
8.99852	17.942
9.00114	18.0008
9.00166	18.0563
9.07288	18.1119
9.07987	18.1674
9.08342	18.223
9.08745	18.2786
9.13214	18.3341
9.13317	18.3897
9.13681	18.4452
9.13685	18.5008
9.13951	18.5563
9.13968	18.6119
9.14351	18.6674
9.14355	18.723
9.14357	18.7786
9.14669	18.8341
9.14724	18.8897
9.15012	18.9452
9.15133	19.0008
9.15581	19.0534
9.22781	19.106
9.23706	19.1587
9.24569	19.2113
9.24581	19.2639
9.26707	19.3166
9.26801	19.3692
9.28568	19.4218
9.28743	19.4745
9.29241	19.5271
9.29245	19.5797
9.29773	19.6324
9.30479	19.685
9.30748	19.7376
9.30755	19.7903
9.30759	19.8429
9.31025	19.8955
9.31672	19.9482
9.3234	20.0008
9.32767	20.0508
9.40238	20.1008
9.40276	20.1508
9.40431	20.2008
9.4051	20.2508
9.43705	20.3008
9.4375	20.3508
9.46846	20.4008
9.46855	20.4508
9.47242	20.5008
9.47755	20.5508
9.48373	20.6008
9.48544	20.6508
9.48599	20.7008
9.48677	20.7508
9.49041	20.8008
9.4908	20.8508
9.49467	20.9008
9.5001	20.9508
9.50151	21.0008
9.51665	21.0484
9.56039	21.096
9.56073	21.1436
9.56109	21.1913
9.56131	21.2389
9.59316	21.2865
9.59431	21.3341
9.65306	21.3817
9.65713	21.4294
9.65719	21.477
9.66342	21.5246
9.66363	21.5722
9.66404	21.6198
9.6685	21.6674
9.66897	21.7151
9.67371	21.7627
9.67384	21.8103
9.67436	21.8579
9.70971	21.9055
9.70984	21.9532
9.71012	22.0008
9.71758	22.0462
9.75387	22.0917
9.75393	22.1371
9.75492	22.1826
9.75517	22.2281
9.78328	22.2735
9.78357	22.319
9.8484	22.3644
9.8518	22.4099
9.85189	22.4553
9.85868	22.5008
9.85902	22.5462
9.85966	22.5917
9.8608	22.6371
9.86201	22.6826
9.8624	22.7281
9.8711	22.7735
9.87175	22.819
9.87215	22.8644
9.87712	22.9099
9.88032	22.9553
9.88071	23.0008
9.88452	23.0443
9.8973	23.0877
9.89743	23.1312
9.89808	23.1747
9.89873	23.2182
9.91966	23.2617
9.92077	23.3051
9.99351	23.3486
9.99413	23.3921
9.99912	23.4356
10.0003	23.479
10.0017	23.5225
10.0037	23.566
10.0054	23.6095
10.0073	23.653
10.0135	23.6964
10.0141	23.7399
10.0144	23.7834
10.0158	23.8269
10.0189	23.8703
10.0275	23.9138
10.0296	23.9573
10.0309	24.0008
10.0325	24.0424
10.041	24.0841
10.0417	24.1258
10.0468	24.1674
10.0476	24.2091
10.0943	24.2508
10.0947	24.2924
10.1541	24.3341
10.1552	24.3758
10.1559	24.4174
10.1594	24.4591
10.163	24.5008
10.1637	24.5424
10.1674	24.5841
10.1707	24.6258
10.177	24.6674
10.1784	24.7091
10.1815	24.7508
10.1816	24.7924
10.1908	24.8341
10.1956	24.8758
10.1966	24.9174
10.2011	24.9591
10.2014	25.0008
10.2065	25.0408
10.2069	25.0808
10.2078	25.1208
10.2191	25.1608
10.2199	25.2008
10.2614	25.2408
10.2628	25.2808
10.3084	25.3208
10.3119	25.3608
10.3122	25.4008
10.3127	25.4408
10.3131	25.4808
10.3187	25.5208
10.3225	25.5608
10.3316	25.6008
10.3355	25.6408
10.3356	25.6808
10.3356	25.7208
10.3376	25.7608
10.3429	25.8008
10.3489	25.8408
10.349	25.8808
10.354	25.9208
10.3543	25.9608
10.3612	26.0008
10.3721	26.0392
10.3729	26.0777
10.3753	26.1162
10.387	26.1546
10.3877	26.1931
10.4595	26.2316
10.4596	26.27
10.4708	26.3085
10.471	26.3469
10.475	26.3854
10.4758	26.4239
10.4877	26.4623
10.4888	26.5008
10.4889	26.5392
10.511	26.5777
10.5153	26.6162
10.5219	26.6546
10.5237	26.6931
10.5314	26.7316
10.5317	26.77
10.5338	26.8085
10.5343	26.8469
10.5345	26.8854
10.5352	26.9239
10.5355	26.9623
10.5357	27.0008
10.5399	27.0378
10.5404	27.0749
10.5459	27.1119
10.573	27.1489
10.5733	27.186
10.6792	27.223
10.6807	27.26
10.6819	27.2971
10.6855	27.3341
10.686	27.3712
10.6875	27.4082
10.6889	27.4452
10.689	27.4823
10.6907	27.5193
10.7102	27.5563
10.7103	27.5934
10.7104	27.6304
10.7187	27.6674
10.7268	27.7045
10.73	27.7415
10.7327	27.7786
10.7329	27.8156
10.7331	27.8526
10.7352	27.8897
10.7352	27.9267
10.7357	27.9637
10.7376	28.0008
10.738	28.0365
10.7381	28.0722
10.7402	28.1079
10.7556	28.1436
10.7572	28.1794
10.8326	28.2151
10.834	28.2508
10.8346	28.2865
10.8409	28.3222
10.8474	28.3579
10.8499	28.3936
10.85	28.4294
10.85	28.4651
10.85	28.5008
10.8554	28.5365
10.8555	28.5722
10.8555	28.6079
10.8654	28.6436
10.867	28.6794
10.8678	28.7151
10.8682	28.7508
10.8731	14.3754
10.8736	14.4468
10.8759	14.5182
10.8871	14.5897
10.8903	14.6611
10.8915	14.7325
10.8927	14.804
10.8953	14.8754
10.8971	14.9468
10.9028	15.0182
10.9049	15.0849
10.91	15.1516
10.9656	15.2182
10.9837	15.2849
10.9872	15.3516
10.9873	15.4182
10.9902	15.4849
10.9991	15.5516
11.0036	15.6182
11.0042	15.6849
11.0076	15.7516
11.0225	15.8182
11.0254	15.8849
11.0328	15.9516
11.0365	16.0182
11.037	16.0807
11.0425	16.1432
11.0439	16.2057
11.1196	16.2682
11.1199	16.3307
11.1247	16.3932
11.1393	16.4557
11.1495	16.5182
11.1532	16.5807
11.1547	16.6432
11.1558	16.7057
11.191	16.7682
11.1931	16.8307
11.1962	16.8932
11.1964	16.9557
11.1988	17.0182
11.2045	17.0771
11.2047	17.1359
11.2074	17.1947
11.3108	17.2535
11.3146	17.3124
11.3146	17.3712
11.3195	17.43
11.3308	17.4888
11.3372	17.5477
11.3417	17.6065
11.3498	17.6653
11.3533	8.83265
11.3534	8.95765
11.3578	9.08265
11.3595	9.19376
11.3598	9.30488
11.3605	9.41599
11.3627	9.5271
11.3632	9.63821
11.3655	9.74932
11.4793	9.86043
11.4796	9.97154
11.48	10.0827
11.4902	10.1827
11.5043	10.2827
11.5054	10.3827
11.5181	10.4827
11.519	10.5827
11.5227	10.6827
11.5959	10.7827
11.5959	10.8827
11.597	10.9827
11.5982	11.0827
11.6233	11.1736
11.6565	11.2645
11.6595	11.3554
11.6609	11.4463
11.6617	11.5372
11.6662	11.6281
11.7723	11.719
11.7765	11.8099
11.7783	11.9008
11.7861	11.9917
11.7861	12.0827
11.7861	12.166
11.7914	12.2493
11.7932	12.3327
11.7954	12.416
11.7961	12.4993
11.7979	12.5827
11.9097	12.666
11.9104	12.7493
11.9112	12.8327
11.9255	12.916
11.929	12.9993
11.9326	13.0827
11.933	13.1596
11.9345	13.2365
11.9365	13.3134
11.9407	13.3903
11.9416	13.4673
11.9537	13.5442
12.0389	13.6211
12.0397	13.698
12.0412	13.775
12.0571	13.8519
12.0651	13.9288
12.0659	14.0057
12.0684	14.0772
12.0689	14.1486
12.0745	14.22
12.0748	14.2914
12.0794	14.3629
12.08	14.4343
12.0904	14.5057
12.1758	14.5772
12.1778	14.6486
12.1792	14.72
12.2043	14.7914
12.212	14.8629
12.2128	14.9343
12.2207	15.0057
12.2221	15.0724
12.2236	15.1391
12.224	15.2057
12.2255	15.2724
12.2263	15.3391
12.2276	15.4057
12.2293	15.4724
12.2313	15.5391
12.2335	15.6057
12.2337	15.6724
12.2375	15.7391
12.2376	15.8057
12.2406	15.8724
12.2411	15.9391
12.2412	16.0057
12.2433	16.0682
12.2449	16.1307
12.2515	16.1932
12.2795	16.2557
12.294	16.3182
12.3009	16.3807
12.3012	16.4432
12.3091	16.5057
12.3099	16.5682
12.3114	16.6307
12.3119	16.6932
12.3149	16.7557
12.3176	16.8182
12.3189	16.8807
12.3191	16.9432
12.3225	17.0057
12.3263	17.0646
12.3313	17.1234
12.3315	17.1822
12.3324	17.241
12.4059	17.2998
12.4068	17.3587
12.4104	17.4175
12.4409	17.4763
12.4466	17.5351
12.447	17.594
12.4476	17.6528
12.4491	17.7116
12.4517	17.7704
12.4528	17.8293
12.4542	17.8881
12.4548	17.9469
12.456	18.0057
12.4588	18.0613
12.461	18.1168
12.463	18.1724
12.4692	18.228
12.5376	18.2835
12.5396	18.3391
12.5403	18.3946
12.586	18.4502
12.5866	18.5057
12.5923	18.5613
12.5942	18.6168
12.5957	18.6724
12.5974	18.728
12.5981	18.7835
12.6003	18.8391
12.6021	18.8946
12.6035	18.9502
12.605	19.0057
12.6053	19.0584
12.6084	19.111
12.6091	19.1636
12.6301	19.2163
12.6784	19.2689
12.6792	19.3215
12.6902	19.3742
12.7052	19.4268
12.7066	19.4794
12.7081	19.532
12.711	19.5847
12.7117	19.6373
12.7173	19.6899
12.7179	19.7426
12.7295	19.7952
12.7314	19.8478
12.7389	19.9005
12.7396	19.9531
12.7397	20.0057
12.7415	20.0557
12.7448	20.1057
12.7459	20.1557
12.7726	20.2057
12.8029	20.2557
12.8042	20.3057
12.8122	20.3557
12.8594	20.4057
12.8659	20.4557
12.8692	20.5057
12.8693	20.5557
12.8721	20.6057
12.8737	20.6557
12.8747	20.7057
12.8769	20.7557
12.8769	20.8057
12.909	20.8557
12.9106	20.9057
12.9112	20.9557
12.912	21.0057
12.9163	21.0533
12.9182	21.101
12.9204	21.1486
12.9225	21.1962
12.9456	21.2438
12.9479	21.2914
12.9491	21.3391
12.987	21.3867
12.9899	21.4343
13.0384	21.4819
13.0444	21.5295
13.0571	21.5772
13.0588	21.6248
13.0591	21.6724
13.0604	21.72
13.0629	21.7676
13.0716	21.8153
13.0761	21.8629
13.0902	21.9105
13.0907	21.9581
13.092	22.0057
13.0922	22.0512
13.1047	22.0966
13.1078	22.1421
13.1127	22.1875
13.1232	22.233
13.1242	22.2785
13.1257	22.3239
13.1512	22.3694
13.1527	22.4148
13.1945	22.4603
13.2007	22.5057
13.2021	22.5512
13.2205	22.5966
13.2212	22.6421
13.2212	22.6875
13.2231	22.733
13.2247	22.7785
13.2277	22.8239
13.2278	22.8694
13.2317	22.9148
13.2317	22.9603
13.2327	23.0057
13.2555	23.0492
13.2593	23.0927
13.2635	23.1362
13.2637	23.1796
13.2672	23.2231
13.2676	23.2666
13.2686	23.3101
13.3018	23.3536
13.3097	23.397
13.3208	23.4405
13.3236	23.484
13.3244	23.5275
13.3498	23.5709
13.3511	23.6144
13.3523	23.6579
13.3538	23.7014
13.3551	23.7449
13.3552	23.7883
13.3553	23.8318
13.3649	23.8753
13.3665	23.9188
13.3686	23.9623
13.3697	24.0057
13.3997	24.0474
13.4009	24.0891
13.4029	24.1307
13.4032	24.1724
13.4182	24.2141
13.4197	24.2557
13.4243	24.2974
13.457	24.3391
13.4585	24.3807
13.4752	24.4224
13.4815	24.4641
13.4827	24.5057
13.4935	24.5474
13.5027	24.5891
13.5073	24.6307
13.5088	24.6724
13.5131	24.7141
13.5144	24.7557
13.517	24.7974
13.5393	24.8391
13.5398	24.8807
13.5406	24.9224
13.5423	24.9641
13.5434	25.0057
13.5535	25.0457
13.5569	25.0857
13.5611	25.1257
13.5625	25.1657
13.5731	25.2057
13.5765	25.2457
13.589	25.2857
13.6014	25.3257
13.6076	25.3657
13.6104	25.4057
13.6118	25.4457
13.6137	25.4857
13.626	25.5257
13.6303	25.5657
13.6531	25.6057
13.6585	25.6457
13.6619	25.6857
13.664	25.7257
13.6662	25.7657
13.6997	25.8057
13.7006	25.8457
13.7023	12.9229
13.7025	13.0062
13.716	13.0831
13.7242	13.16
13.7247	13.237
13.7272	13.3139
13.7344	13.3908
13.7344	13.4677
13.736	13.5447
13.7498	13.6216
13.7509	13.6985
13.7572	13.7754
13.7697	13.8524
13.7759	13.9293
13.7778	14.0062
13.7916	14.0776
13.793	14.1491
13.8066	14.2205
13.82	14.2919
13.8205	14.3633
13.8215	14.4348
13.8233	14.5062
13.8582	14.5776
13.8603	14.6491
13.9072	14.7205
13.9187	14.7919
13.9195	14.8633
13.9196	14.9348
13.9228	15.0062
13.9257	15.0729
13.9275	15.1395
13.9276	15.2062
13.948	15.2729
13.948	15.3395
13.9486	15.4062
13.9522	15.4729
13.9703	15.5395
13.971	15.6062
14.0116	15.6729
14.0226	15.7395
14.0238	15.8062
14.0246	15.8729
14.0348	15.9395
14.0455	16.0062
14.0475	16.0687
14.048	16.1312
14.0493	16.1937
14.0525	16.2562
14.0556	16.3187
14.056	16.3812
14.059	16.4437
14.0849	16.5062
14.0884	16.5687
14.1431	16.6312
14.1556	16.6937
14.156	16.7562
14.1598	16.8187
14.1598	16.8812
14.1664	16.9437
14.1695	17.0062
14.1733	17.065
14.1755	17.1238
14.1762	17.1827
14.1777	17.2415
14.1847	17.3003
14.2079	17.3591
14.2097	17.418
14.2134	17.4768
14.2149	17.5356
14.284	17.5944
14.2868	17.6533
14.2877	17.7121
14.2935	17.7709
14.3007	17.8297
14.3277	17.8886
14.329	17.9474
14.3316	18.0062
14.3352	18.0618
14.3397	18.1173
14.3412	18.1729
14.3533	18.2284
14.3553	18.284
14.3601	18.3395
14.3602	18.3951
14.3715	18.4506
14.372	18.5062
14.402	18.5618
14.4063	18.6173
14.4194	18.6729
14.4555	18.7284
14.4569	18.784
14.4778	18.8395
14.4784	18.8951
14.4791	18.9506
14.4798	19.0062
14.4818	19.0588
14.4905	19.1115
14.4948	19.1641
14.5099	19.2167
14.5164	19.2694
14.5196	19.322
14.5227	19.3746
14.5277	19.4273
14.5317	19.4799
14.56	19.5325
14.5616	19.5851
14.5673	19.6378
14.6039	19.6904
14.6074	19.743
14.6407	19.7957
14.642	19.8483
14.6432	19.9009
14.6441	19.9536
14.6446	20.0062
14.6452	20.0562
14.6464	20.1062
14.6465	20.1562
14.6474	20.2062
14.6522	20.2562
14.6539	20.3062
14.6539	20.3562
14.6577	20.4062
14.6591	20.4562
14.6958	20.5062
14.7006	20.5562
14.708	20.6062
14.7466	20.6562
14.7623	20.7062
14.7803	20.7562
14.7815	20.8062
14.7895	20.8562
14.7994	20.9062
14.803	20.9562
14.8054	21.0062
14.81	21.0538
14.8116	21.1014
14.8119	21.1491
14.8236	21.1967
14.8343	21.2443
14.838	21.2919
14.8399	21.3395
14.8452	10.6698
14.847	10.7698
14.8889	10.8698
14.8908	10.9698
14.8935	11.0698
14.9263	11.1607
14.9303	11.2516
14.9609	11.3425
14.9653	11.4334
14.9707	11.5243
14.9713	11.6152
14.9854	11.7061
14.9891	11.797
14.9892	11.8879
14.9924	11.9789
14.9938	12.0698
14.9962	12.1531
14.998	12.2364
14.9991	12.3198
15.0137	12.4031
15.0146	12.4864
15.0967	12.5698
15.1147	12.6531
15.1201	12.7364
15.1202	12.8198
15.1203	12.9031
15.1217	12.9864
15.1217	13.0698
15.1227	13.1467
15.124	13.2236
15.1378	13.3005
15.1526	13.3775
15.1564	13.4544
15.2204	13.5313
15.2259	13.6082
15.2296	13.6852
15.2373	13.7621
15.2467	13.839
15.2609	13.9159
15.261	13.9928
15.2611	14.0698
15.267	14.1412
15.2688	14.2126
15.2791	14.2841
15.2859	14.3555
15.2941	14.4269
15.3609	14.4983
15.3653	14.5698
15.3667	14.6412
15.3701	14.7126
15.3732	14.7841
15.376	14.8555
15.3871	14.9269
15.3886	14.9983
15.3897	15.0698
15.3907	15.1364
15.3947	15.2031
15.4117	15.2698
15.4151	15.3364
15.4176	15.4031
15.4961	15.4698
15.4991	15.5364
15.5019	15.6031
15.509	15.6698
15.5133	15.7364
15.515	15.8031
15.5258	15.8698
15.5301	15.9364
15.5311	16.0031
15.5312	16.0656
15.5318	16.1281
15.5381	16.1906
15.5396	16.2531
15.5464	16.3156
15.5528	16.3781
15.5967	16.4406
15.5976	16.5031
15.5984	16.5656
15.6027	16.6281
15.6144	16.6906
15.6159	16.7531
15.6187	16.8156
15.6373	16.8781
15.6398	16.9406
15.6413	17.0031
15.6418	17.0619
15.6453	17.1207
15.6504	17.1796
15.6515	17.2384
15.6533	17.2972
15.6587	17.356
15.6929	17.4149
15.7168	17.4737
15.7183	17.5325
15.721	17.5913
15.7271	17.6502
15.7273	17.709
15.734	17.7678
15.7492	17.8266
15.7549	17.8855
15.7588	17.9443
15.7639	18.0031
15.7649	18.0587
15.7666	18.1142
15.7667	18.1698
15.7667	18.2253
15.7693	18.2809
15.7714	18.3364
15.7989	18.392
15.8262	18.4475
15.8296	18.5031
15.8311	18.5587
15.8377	18.6142
15.8474	18.6698
15.849	18.7253
15.865	18.7809
15.866	18.8364
15.8672	18.892
15.8687	18.9475
15.8701	19.0031
15.8706	19.0557
15.872	19.1084
15.8734	19.161
15.8786	19.2136
15.8896	19.2663
15.8934	19.3189
15.9103	19.3715
15.9292	19.4242
15.9319	19.4768
15.9356	19.5294
15.9568	19.582
15.9596	19.6347
15.9653	19.6873
15.9706	19.7399
15.973	19.7926
15.9743	19.8452
15.9779	19.8978
15.9811	19.9505
15.9861	20.0031
15.9866	20.0531
15.987	20.1031
15.9892	20.1531
15.9895	20.2031
15.9903	20.2531
15.9917	20.3031
15.9926	20.3531
16.052	20.4031
16.0577	20.4531
16.0626	20.5031
16.0627	20.5531
16.0638	20.6031
16.0774	20.6531
16.0782	20.7031
16.0791	20.7531
16.08	20.8031
16.0811	20.8531
16.0921	20.9031
16.0956	20.9531
16.0981	21.0031
16.1044	21.0507
16.1057	21.0983
16.1076	21.146
16.1102	21.1936
16.1222	21.2412
16.1228	21.2888
16.1241	21.3364
16.1584	21.3841
16.1633	21.4317
16.1827	21.4793
16.1832	21.5269
16.1848	21.5745
16.1912	21.6221
16.2006	21.6698
16.203	21.7174
16.2041	21.765
16.2067	21.8126
16.207	21.8602
16.2131	21.9079
16.2143	21.9555
16.2184	22.0031
16.2233	22.0486
16.2253	22.094
16.2281	22.1395
16.2398	22.1849
16.2537	22.2304
16.257	22.2758
16.2646	22.3213
16.2715	22.3667
16.2743	22.4122
16.3039	22.4576
16.3076	22.5031
16.3104	22.5486
16.316	22.594
16.3254	22.6395
16.3255	22.6849
16.3269	22.7304
16.3277	22.7758
16.3303	22.8213
16.3319	22.8667
16.335	22.9122
16.3395	22.9576
16.3433	23.0031
16.3493	23.0466
16.3521	23.0901
16.3555	23.1335
16.3619	23.177
16.3621	23.2205
16.3783	23.264
16.3858	23.3074
16.3869	23.3509
16.404	23.3944
16.4298	23.4379
16.4316	23.4814
16.4339	23.5248
16.4361	23.5683
16.4365	23.6118
16.4367	23.6553
16.4394	23.6988
16.4424	23.7422
16.4459	23.7857
16.4459	23.8292
16.4486	23.8727
16.4495	23.9161
16.4581	23.9596
16.4596	24.0031
16.4596	24.0448
16.4637	24.0864
16.4656	24.1281
16.4871	24.1698
16.4875	24.2114
16.4993	24.2531
16.5139	24.2948
16.5163	24.3364
16.5271	24.3781
16.5332	24.4198
16.5568	24.4614
16.5603	24.5031
16.5647	24.5448
16.5702	24.5864
16.5704	24.6281
16.5723	24.6698
16.573	24.7114
16.5803	24.7531
16.5869	24.7948
16.5913	24.8364
16.5924	24.8781
16.5957	24.9198
16.5972	24.9614
16.5981	25.0031
16.5986	25.0431
16.6032	25.0831
16.6038	25.1231
16.6074	25.1631
16.6174	25.2031
16.6181	25.2431
16.6211	25.2831
16.6344	25.3231
16.6395	25.3631
16.6739	25.4031
16.6761	25.4431
16.6775	25.4831
16.6829	25.5231
16.6927	25.5631
16.6986	25.6031
16.7049	25.6431
16.707	25.6831
16.7134	25.7231
16.7147	25.7631
16.7273	25.8031
16.7302	25.8431
16.7318	25.8831
16.7338	25.9231
16.7339	25.9631
16.7341	26.0031
16.7385	26.0416
16.7385	26.08
16.7385	26.1185
16.7418	26.1569
16.7458	26.1954
16.7508	26.2339
16.7509	26.2723
16.757	26.3108
16.7612	26.3493
16.7812	26.3877
16.7836	26.4262
16.7916	26.4646
16.7932	26.5031
16.8102	26.5416
16.8123	26.58
16.8124	26.6185
16.8145	26.6569
16.8214	26.6954
16.8222	26.7339
16.8372	26.7723
16.8494	26.8108
16.8513	26.8493
16.8528	26.8877
16.8533	26.9262
16.8539	26.9646
16.8565	27.0031
16.8571	27.0401
16.8578	27.0772
16.8602	27.1142
16.8602	27.1512
16.862	27.1883
16.8628	27.2253
16.863	27.2624
16.8636	27.2994
16.8648	27.3364
16.8669	27.3735
16.8707	27.4105
16.8814	27.4475
16.8834	27.4846
16.8942	27.5216
16.8957	27.5587
16.8987	27.5957
16.9031	27.6327
16.9258	27.6698
16.927	27.7068
16.9623	27.7438
16.9648	27.7809
16.9706	27.8179
16.9726	27.855
16.9741	27.892
16.9757	27.929
16.9758	27.9661
16.9768	28.0031
16.9774	28.0388
16.9781	28.0745
16.9789	28.1102
16.9789	28.146
16.9868	28.1817
16.9872	28.2174
16.9886	28.2531
16.9909	28.2888
16.9933	28.3245
16.9998	28.3602
17.0004	28.396
17.015	28.4317
17.0157	28.4674
17.0256	28.5031
17.0271	28.5388
17.0279	28.5745
17.0311	28.6102
17.0383	28.646
17.0584	28.6817
17.1099	28.7174
17.1117	28.7531
17.113	28.7888
17.1136	14.3944
17.1146	14.4658
17.1153	14.5373
17.1158	14.6087
17.1179	14.6801
17.1186	14.7515
17.1193	14.823
17.1221	14.8944
17.1229	14.9658
17.1256	15.0373
17.1297	15.1039
17.1301	15.1706
17.132	15.2373
17.1408	15.3039
17.1438	15.3706
17.1485	15.4373
17.1534	15.5039
17.1613	15.5706
17.1628	15.6373
17.1773	15.7039
17.178	15.7706
17.1813	15.8373
17.1838	15.9039
17.1858	15.9706
17.2259	16.0373
17.2775	16.0998
17.2797	16.1623
17.2834	16.2248
17.2874	16.2873
17.2984	16.3498
17.3016	16.4123
17.3022	16.4748
17.3031	16.5373
17.3035	16.5998
17.3038	16.6623
17.3051	16.7248
17.3053	16.7873
17.3281	16.8498
17.3316	16.9123
17.364	16.9748
17.3705	17.0373
17.4276	17.0961
17.4279	17.1549
17.4287	17.2137
17.4294	17.2726
17.4606	17.3314
17.464	17.3902
17.4663	17.449
17.4735	17.5079
17.4746	17.5667
17.4752	17.6255
17.476	17.6843
17.4773	17.7431
17.4875	17.802
17.4901	17.8608
17.5233	17.9196
17.5257	17.9784
17.5257	18.0373
17.579	18.0928
17.5797	18.1484
17.5816	18.2039
17.5875	18.2595
17.6017	9.12974
17.6038	9.24085
17.604	9.35197
17.6158	9.46308
17.6204	9.57419
17.622	9.6853
17.6237	9.79641
17.626	9.90752
17.6316	10.0186
17.6352	10.1186
17.6696	10.2186
17.6714	10.3186
17.6798	10.4186
17.6812	10.5186
17.7177	10.6186
17.7223	10.7186
17.7244	10.8186
17.7266	10.9186
17.7892	11.0186
17.798	11.1095
17.8117	11.2005
17.814	11.2914
17.818	11.3823
17.818	11.4732
17.8515	11.5641
17.8522	11.655
17.8529	11.7459
17.8574	11.8368
17.9235	11.9277
17.9279	12.0186
17.9286	12.102
17.946	12.1853
17.9536	12.2686
17.9544	12.352
17.9559	12.4353
17.9891	12.5186
17.9985	12.602
18.006	12.6853
18.0076	12.7686
18.0625	12.852
18.0652	12.9353
18.0833	13.0186
18.0833	13.0956
18.0902	13.1725
18.0909	13.2494
18.0971	13.3263
18.0972	13.4032
18.1446	13.4802
18.1511	13.5571
18.1699	13.634
18.1704	13.7109
18.2132	13.7879
18.2284	13.8648
18.2303	13.9417
18.2322	14.0186
18.2334	14.0901
18.2426	14.1615
18.2458	14.2329
18.2509	14.3043
18.2561	14.3758
18.3031	14.4472
18.3084	14.5186
18.3248	14.5901
18.3333	14.6615
18.3668	14.7329
18.3875	14.8043
18.3906	14.8758
18.3937	14.9472
18.4047	15.0186
18.4052	15.0853
18.4056	15.152
18.4109	15.2186
18.4109	15.2853
18.4152	7.64265
18.4506	7.78551
18.4574	7.92836
18.466	8.07122
18.4666	8.19622
18.5015	8.32122
18.5163	8.44622
18.5184	8.57122
18.5316	8.69622
18.5434	8.82122
18.5465	8.94622
18.549	9.07122
18.5512	9.18233
18.5527	9.29344
18.5584	9.40455
18.6294	9.51567
18.6549	9.62678
18.6564	9.73789
18.6581	9.849
18.6597	9.96011
18.6603	10.0712
18.6613	10.1712
18.6617	10.2712
18.6625	10.3712
18.7427	10.4712
18.7447	10.5712
18.749	10.6712
18.7505	10.7712
18.753	10.8712
18.7575	10.9712
18.7752	11.0712
18.7853	11.1621
18.7867	11.253
18.7906	5.62652
18.8553	5.82652
18.8642	6.02652
18.8729	6.19319
18.8813	6.35985
18.8831	6.52652
18.8831	6.69319
18.8835	6.85985
18.8845	7.02652
18.8983	7.16938
18.8988	7.31223
18.9908	7.45509
18.9947	7.59795
18.9977	7.74081
19.0045	7.88366
19.005	8.02652
19.0203	8.15152
19.0214	8.27652
19.1097	8.40152
19.1124	8.52652
19.1295	8.65152
19.1319	8.77652
19.1327	4.38826
19.1335	4.63826
19.1388	4.88826
19.1487	5.13826
19.2395	5.33826
19.2437	5.53826
19.2544	5.73826
19.2553	5.93826
19.2647	6.13826
19.3357	6.30493
19.3384	6.47159
19.3634	6.63826
19.3645	6.80493
19.3661	6.97159
19.3675	7.13826
19.4383	7.28112
19.4391	7.42397
19.479	7.56683
19.4796	7.70969
19.4856	7.85255
19.4906	7.9954
19.4931	8.13826
19.56	8.26326
19.5625	8.38826
19.5928	8.51326
19.595	8.63826
19.5951	8.76326
19.5971	8.88826
19.6109	9.01326
19.6179	9.12437
19.6657	9.23548
19.6736	9.34659
19.701	9.4577
19.7018	9.56882
19.7036	9.67993
19.7047	9.79104
19.7088	9.90215
19.7101	10.0133
19.715	10.1133
19.77	5.05663
19.7721	5.25663
19.8034	5.45663
19.8039	5.65663
19.804	5.85663
19.8187	6.05663
19.8192	6.2233
19.8206	6.38996
19.8257	6.55663
19.8995	3.27831
19.9212	3.61165
19.9251	3.94498
19.9265	4.27831
19.927	4.52831
19.9285	4.77831
20.0094	5.02831
20.0094	5.22831
20.0113	5.42831
20.012	5.62831
20.0987	5.82831
20.1057	6.02831
20.1086	6.19498
20.1169	6.36165
20.1181	6.52831
20.1793	6.69498
20.1846	6.86165
20.1851	7.02831
20.189	7.17117
20.207	7.31403
20.2083	7.45689
20.2701	7.59974
20.2703	7.7426
20.2718	7.88546
20.2719	8.02831
20.2836	8.15331
20.3077	8.27831
20.3078	8.40331
20.3721	8.52831
20.3747	8.65331
20.3765	8.77831
20.3909	8.90331
20.3909	9.02831
20.3918	9.13943
20.405	9.25054
20.4057	9.36165
20.4664	9.47276
20.47	9.58387
20.4905	9.69498
20.4999	9.80609
20.5004	9.9172
20.501	10.0283
20.5032	10.1283
20.5048	10.2283
20.5067	10.3283
20.5678	10.4283
20.5692	10.5283
20.5991	10.6283
20.601	10.7283
20.6016	10.8283
20.603	10.9283
20.6137	11.0283
20.6153	11.1192
20.6168	11.2101
20.6303	11.301
20.6546	11.392
20.6567	11.4829
20.6994	11.5738
20.7015	11.6647
20.7036	11.7556
20.7043	11.8465
20.7094	11.9374
20.7194	12.0283
20.7245	12.1116
20.7261	12.195
20.7407	12.2783
20.7591	12.3616
20.7611	12.445
20.8059	12.5283
20.8069	12.6116
20.8076	12.695
20.8097	12.7783
20.8119	12.8616
20.8175	12.945
20.8326	13.0283
20.8347	13.1052
20.8366	13.1822
20.859	13.2591
20.8639	13.336
20.8687	13.4129
20.9111	13.4899
20.9135	13.5668
20.9139	13.6437
20.9144	13.7206
20.9155	13.7975
20.9237	13.8745
20.934	13.9514
20.9366	14.0283
20.943	7.01416
20.9606	7.15701
20.9731	7.29987
20.9774	7.44273
20.9779	7.58559
21.0217	7.72844
21.0232	7.8713
21.032	8.01416
21.0415	8.13916
21.0432	8.26416
21.0445	8.38916
21.0553	8.51416
21.0567	8.63916
21.0569	8.76416
21.1507	8.88916
21.1525	9.01416
21.1531	9.12527
21.1548	9.23638
21.1554	9.34749
21.1625	9.4586
21.1654	9.56971
21.1665	9.68082
21.2469	9.79194
21.2786	9.90305
21.2806	10.0142
21.2813	10.1142
21.286	10.2142
21.2872	10.3142
21.2901	10.4142
21.2913	10.5142
21.2935	10.6142
21.3611	10.7142
21.3734	10.8142
21.3749	10.9142
21.3802	11.0142
21.3803	11.1051
21.3825	11.196
21.3844	11.2869
21.397	11.3778
21.3994	11.4687
21.4013	11.5596
21.4684	11.6505
21.4792	11.7414
21.484	11.8323
21.5005	11.9232
21.5014	12.0142
21.5038	12.0975
21.507	12.1808
21.5084	12.2642
21.5179	12.3475
21.5195	12.4308
21.5253	12.5142
21.5797	12.5975
21.5949	12.6808
21.5952	12.7642
21.6076	12.8475
21.6118	12.9308
21.6124	13.0142
21.6133	13.0911
21.6245	13.168
21.6258	13.2449
21.6271	13.3218
21.6314	13.3988
21.6391	13.4757
21.6876	13.5526
21.7054	13.6295
21.7068	13.7065
21.7089	13.7834
21.7143	13.8603
21.7157	13.9372
21.7196	14.0142
21.7197	14.0856
21.73	14.157
21.7314	14.2284
21.7334	14.2999
21.7522	14.3713
21.7545	14.4427
21.791	14.5142
21.8005	14.5856
21.81	14.657
21.8108	14.7284
21.8114	14.7999
21.8124	14.8713
21.8131	14.9427
21.8137	15.0142
21.8151	15.0808
21.8265	15.1475
21.8415	15.2142
21.8446	15.2808
21.8555	15.3475
21.8557	15.4142
21.8818	15.4808
21.8875	15.5475
21.8935	15.6142
21.8942	15.6808
21.8948	15.7475
21.8956	15.8142
21.8957	15.8808
21.908	15.9475
21.9083	16.0142
21.911	16.0767
21.9164	16.1392
21.931	16.2017
21.9372	16.2642
21.9418	16.3267
21.9423	16.3892
21.972	16.4517
21.9746	16.5142
21.9768	16.5767
21.9774	16.6392
21.9794	16.7017
21.981	16.7642
21.9813	16.8267
21.9967	16.8892
22.0034	16.9517
22.0126	17.0142
22.0146	17.073
22.0158	17.1318
22.0193	17.1906
22.0234	17.2495
22.0252	17.3083
22.0278	17.3671
22.0628	17.4259
22.0629	17.4847
22.067	17.5436
22.067	17.6024
22.069	17.6612
22.072	17.72
22.0802	17.7789
22.0817	17.8377
22.0876	17.8965
22.0995	17.9553
22.1009	18.0142
22.1133	18.0697
22.114	18.1253
22.1153	18.1808
22.1205	18.2364
22.1238	18.2919
22.1318	18.3475
22.144	18.403
22.1498	18.4586
22.152	18.5142
22.1616	18.5697
22.1624	18.6253
22.168	18.6808
22.1687	18.7364
22.1911	18.7919
22.1918	18.8475
22.1959	18.903
22.198	18.9586
22.2015	19.0142
22.2022	19.0668
22.2034	19.1194
22.218	19.1721
22.2189	19.2247
22.2204	19.2773
22.2352	19.3299
22.2422	19.3826
22.246	19.4352
22.253	19.4878
22.2567	19.5405
22.2587	19.5931
22.2618	19.6457
22.2629	19.6984
22.2893	19.751
22.2908	19.8036
22.3152	19.8563
22.3159	19.9089
22.3167	19.9615
22.3174	20.0142
22.323	20.0642
22.324	20.1142
22.3334	20.1642
22.3349	20.2142
22.3363	20.2642
22.3415	20.3142
22.3421	20.3642
22.3478	20.4142
22.3527	20.4642
22.3575	20.5142
22.3586	20.5642
22.3608	20.6142
22.3611	20.6642
22.3724	20.7142
22.3741	20.7642
22.386	20.8142
22.3862	20.8642
22.3862	20.9142
22.3888	20.9642
22.3897	21.0142
22.4193	21.0618
22.4195	21.1094
22.4288	21.157
22.4294	21.2046
22.4317	21.2523
22.4328	21.2999
22.4371	21.3475
22.4401	21.3951
22.4402	21.4427
22.4606	21.4903
22.4626	21.538
22.4662	21.5856
22.4706	21.6332
22.4795	21.6808
22.4827	21.7284
22.4953	21.7761
22.4979	21.8237
22.4986	21.8713
22.4993	21.9189
22.5006	21.9665
22.5015	22.0142
22.5164	22.0596
22.5234	22.1051
22.5295	22.1505
22.539	22.196
22.5445	22.2414
22.5466	22.2869
22.5528	22.3323
22.5544	22.3778
22.5578	22.4232
22.5596	22.4687
22.5597	22.5142
22.5625	22.5596
22.5818	22.6051
22.5879	22.6505
22.5922	22.696
22.6078	22.7414
22.6092	22.7869
22.617	22.8323
22.6195	22.8778
22.6215	22.9232
22.6244	22.9687
22.6245	23.0142
22.6366	23.0576
22.6456	23.1011
22.6471	23.1446
22.6493	23.1881
22.6574	23.2315
22.6579	23.275
22.6594	23.3185
22.6621	23.362
22.6691	23.4055
22.6719	23.4489
22.6741	23.4924
22.6755	23.5359
22.7008	23.5794
22.708	23.6229
22.7185	23.6663
22.7292	23.7098
22.7344	23.7533
22.7352	23.7968
22.737	23.8402
22.744	23.8837
22.753	23.9272
22.7533	23.9707
22.7536	24.0142
22.7538	24.0558
22.7612	24.0975
22.7627	24.1392
22.764	24.1808
22.7807	24.2225
22.7825	24.2642
22.784	24.3058
22.7852	24.3475
22.789	24.3892
22.7894	24.4308
22.7903	24.4725
22.793	24.5142
22.8275	24.5558
22.8347	24.5975
22.8422	24.6392
22.85	24.6808
22.8515	24.7225
22.8538	24.7642
22.8558	24.8058
22.8688	24.8475
22.873	24.8892
22.8736	24.9308
22.8754	24.9725
22.8762	25.0142
22.8914	25.0542
22.9049	25.0942
22.9096	25.1342
22.9102	25.1742
22.9169	25.2142
22.9173	25.2542
22.9229	25.2942
22.9236	25.3342
22.9265	25.3742
22.9334	25.4142
22.9346	25.4542
22.938	25.4942
22.9552	25.5342
22.9574	25.5742
22.9586	25.6142
22.9739	25.6542
22.9758	25.6942
22.9772	25.7342
22.9805	25.7742
22.9893	25.8142
22.9988	25.8542
22.9996	25.8942
23.0065	25.9342
23.008	25.9742
23.0087	26.0142
23.0093	26.0526
23.0205	26.0911
23.0346	26.1295
23.0352	26.168
23.0383	26.2065
23.0384	26.2449
23.0461	26.2834
23.0468	26.3218
23.0476	26.3603
23.0648	26.3988
23.0659	26.4372
23.0694	26.4757
23.08	26.5142
23.0834	26.5526
23.0867	26.5911
23.0898	26.6295
23.0918	26.668
23.0952	26.7065
23.096	26.7449
23.1003	26.7834
23.1174	26.8218
23.1208	26.8603
23.1241	26.8988
23.1253	26.9372
23.1291	26.9757
23.1297	27.0142
23.1303	27.0512
23.1324	13.5256
23.1481	13.6025
23.1505	13.6794
23.1515	13.7564
23.1522	13.8333
23.1567	13.9102
23.1582	13.9871
23.1583	14.0641
23.1641	14.1355
23.1643	14.2069
23.1686	14.2783
23.1949	14.3498
23.1962	14.4212
23.1985	14.4926
23.2007	14.5641
23.2029	14.6355
23.2082	14.7069
23.2104	14.7783
23.2108	14.8498
23.2216	14.9212
23.2291	14.9926
23.2351	15.0641
23.2408	15.1307
23.2464	15.1974
23.2474	15.2641
23.2475	15.3307
23.249	15.3974
23.2966	7.6987
23.2999	7.84155
23.3061	7.98441
23.3126	8.12727
23.3127	8.25227
23.3183	8.37727
23.3329	8.50227
23.3348	8.62727
23.3362	8.75227
23.3394	8.87727
23.3405	9.00227
23.3408	9.11338
23.3423	9.22449
23.3446	9.3356
23.4034	9.44671
23.4053	9.55782
23.4082	9.66893
23.4108	9.78005
23.4142	9.89116
23.4173	10.0023
23.4182	10.1023
23.4204	10.2023
23.428	10.3023
23.4539	10.4023
23.4561	10.5023
23.4576	10.6023
23.468	10.7023
23.4695	10.8023
23.4727	10.9023
23.4768	11.0023
23.4813	11.0932
23.4823	11.1841
23.4832	11.275
23.5291	11.3659
23.5304	11.4568
23.5324	11.5477
23.5369	11.6386
23.5469	11.7295
23.5476	11.8204
23.5482	11.9114
23.5483	12.0023
23.5503	12.0856
23.5504	12.1689
23.5562	12.2523
23.5981	12.3356
23.5988	12.4189
23.6002	12.5023
23.6034	12.5856
23.6124	12.6689
23.6126	12.7523
23.6133	12.8356
23.6168	12.9189
23.618	13.0023
23.6181	13.0792
23.6203	13.1561
23.6215	13.233
23.667	13.31
23.6691	13.3869
23.6757	13.4638
23.6792	13.5407
23.6797	13.6177
23.6819	13.6946
23.6866	13.7715
23.6883	13.8484
23.6892	13.9253
23.6912	14.0023
23.6919	14.0737
23.6934	14.1451
23.6966	14.2166
23.7595	14.288
23.7604	14.3594
23.7701	14.4308
23.7702	14.5023
23.7705	14.5737
23.7739	14.6451
23.7751	14.7166
23.7772	14.788
23.7779	14.8594
23.7794	14.9308
23.7799	15.0023
23.7854	15.0689
23.7856	15.1356
23.7918	15.2023
23.8496	15.2689
23.8514	15.3356
23.8585	15.4023
23.8602	15.4689
23.8615	15.5356
23.8637	15.6023
23.8671	15.6689
23.8682	15.7356
23.8699	15.8023
23.8707	15.8689
23.8721	15.9356
23.8739	16.0023
23.8755	16.0648
23.8757	16.1273
23.8758	16.1898
23.9291	16.2523
23.9348	16.3148
23.935	16.3773
23.9352	16.4398
23.9479	16.5023
23.9542	16.5648
23.9546	16.6273
23.9585	16.6898
23.9591	16.7523
23.9656	16.8148
23.9663	16.8773
23.9664	16.9398
23.9748	17.0023
23.9762	17.0611
23.9777	17.1199
23.9791	17.1787
24.0385	17.2376
24.0455	17.2964
24.0494	17.3552
24.0519	17.414
24.0535	17.4729
24.0628	17.5317
24.0681	17.5905
24.0686	17.6493
24.0707	17.7081
24.0765	17.767
24.0791	17.8258
24.0796	17.8846
24.0859	17.9434
24.0869	18.0023
24.0886	18.0578
24.0929	18.1134
24.0957	18.1689
24.1498	18.2245
24.1606	18.28
24.1639	18.3356
24.1648	18.3912
24.167	18.4467
24.1684	18.5023
24.1695	18.5578
24.1707	18.6134
24.1728	18.6689
24.1769	18.7245
24.1805	18.78
24.1812	18.8356
24.1865	18.8912
24.1885	18.9467
24.1891	19.0023
24.1903	19.0549
24.1933	19.1075
24.2	19.1602
24.2675	19.2128
24.2719	19.2654
24.2736	19.3181
24.283	19.3707
24.2887	19.4233
24.2918	19.476
24.2926	19.5286
24.2937	19.5812
24.2954	19.6338
24.2984	19.6865
24.2985	19.7391
24.2985	19.7917
24.2996	19.8444
24.2998	19.897
24.3033	19.9496
24.3039	20.0023
24.3065	20.0523
24.3093	20.1023
24.3106	20.1523
24.3933	20.2023
24.3949	20.2523
24.3971	20.3023
24.3975	20.3523
24.407	20.4023
24.4079	20.4523
24.4088	20.5023
24.4115	20.5523
24.4126	20.6023
24.4143	20.6523
24.4148	20.7023
24.4178	20.7523
24.4185	20.8023
24.4187	20.8523
24.423	20.9023
24.4254	20.9523
24.4282	21.0023
24.4373	21.0499
24.443	21.0975
24.4451	21.1451
24.4855	21.1927
24.4951	21.2404
24.4953	21.288
24.4983	21.3356
24.4984	21.3832
24.5019	21.4308
24.5035	21.4785
24.5326	21.5261
24.5326	21.5737
24.5359	21.6213
24.5365	21.6689
24.5387	21.7166
24.5407	21.7642
24.5427	21.8118
24.5436	21.8594
24.5461	21.907
24.5557	21.9546
24.5617	22.0023
24.5642	22.0477
24.5643	22.0932
24.5664	22.1386
24.5844	22.1841
24.61	22.2295
24.6115	22.275
24.6137	22.3204
24.6159	22.3659
24.6165	22.4114
24.6174	22.4568
24.6356	22.5023
24.6435	22.5477
24.6456	22.5932
24.654	22.6386
24.6559	22.6841
24.6568	22.7295
24.658	22.775
24.6587	22.8204
24.6613	22.8659
24.6691	22.9114
24.6698	22.9568
24.6704	23.0023
24.6714	23.0457
24.6715	23.0892
24.6728	23.1327
24.6781	23.1762
24.7213	23.2197
24.7323	23.2631
24.7323	23.3066
24.7341	23.3501
24.7347	23.3936
24.7372	23.4371
24.7569	23.4805
24.7659	23.524
24.7662	23.5675
24.7681	23.611
24.7703	23.6544
24.7718	23.6979
24.772	23.7414
24.7722	23.7849
24.7759	23.8284
24.7765	23.8718
24.7784	23.9153
24.7819	23.9588
24.7841	24.0023
24.7842	24.0439
24.7868	24.0856
24.7885	24.1273
24.7966	24.1689
24.8365	24.2106
24.8381	24.2523
24.8397	24.2939
24.8398	24.3356
24.8418	24.3773
24.8432	24.4189
24.8433	24.4606
24.8733	24.5023
24.8738	24.5439
24.8752	24.5856
24.8761	24.6273
24.8762	24.6689
24.878	24.7106
24.88	24.7523
24.8818	24.7939
24.8829	24.8356
24.8855	24.8773
24.8863	24.9189
24.8917	24.9606
24.8919	25.0023
24.8966	25.0423
24.8975	25.0823
24.9019	25.1223
24.9111	25.1623
24.939	25.2023
24.941	25.2423
24.9419	25.2823
24.9454	25.3223
24.9468	25.3623
24.9469	25.4023
24.9511	25.4423
24.9836	25.4823
24.9849	25.5223
24.9863	25.5623
24.9864	25.6023
24.9865	25.6423
24.9908	25.6823
24.991	25.7223
24.9923	25.7623
24.9935	25.8023
24.9938	25.8423
24.9942	25.8823
24.9965	25.9223
24.997	25.9623
25.0012	26.0023
25.0023	26.0407
25.0038	26.0792
25.0057	26.1177
25.0069	26.1561
25.0372	26.1946
25.0379	26.233
25.049	26.2715
25.0519	26.31
25.0556	26.3484
25.0566	26.3869
25.0576	26.4253
25.0809	26.4638
25.0894	26.5023
25.0928	26.5407
25.0934	26.5792
25.0953	26.6177
25.0967	26.6561
25.0998	26.6946
25.1012	26.733
25.1026	26.7715
25.1044	26.81
25.1053	26.8484
25.1065	26.8869
25.1079	26.9253
25.1093	26.9638
25.1103	27.0023
25.1112	27.0393
25.1131	27.0763
25.1133	27.1134
25.1144	27.1504
25.1312	27.1875
25.1344	27.2245
25.1399	27.2615
25.1417	27.2986
25.1552	27.3356
25.1559	27.3726
25.1566	27.4097
25.1705	27.4467
25.1842	27.4837
25.1856	27.5208
25.1874	27.5578
25.1895	27.5949
25.1902	27.6319
25.1903	27.6689
25.2062	27.706
25.2117	27.743
25.2129	27.78
25.2155	27.8171
25.216	27.8541
25.2171	27.8912
25.2172	27.9282
25.2207	27.9652
25.2212	28.0023
25.2222	28.038
25.2226	28.0737
25.2248	28.1094
25.2255	28.1451
25.2259	28.1808
25.2266	28.2166
25.2324	28.2523
25.2372	28.288
25.2438	28.3237
25.2443	28.3594
25.2444	28.3951
25.2654	28.4308
25.2769	28.4666
25.2785	28.5023
25.2825	28.538
25.283	28.5737
25.2839	28.6094
25.2867	28.6451
25.2884	28.6808
25.2985	28.7166
25.3007	28.7523
25.3026	28.788
25.3039	28.8237
25.3076	28.8594
25.3115	28.8951
25.313	28.9308
25.3137	28.9666
25.3146	29.0023
25.316	29.0368
25.3161	29.0712
25.3165	29.1057
25.318	29.1402
25.3192	29.1747
25.3199	29.2092
25.3219	29.2436
25.3251	29.2781
25.3407	29.3126
25.3415	29.3471
25.3424	29.3816
25.3513	29.4161
25.3618	29.4505
25.3635	29.485
25.3643	29.5195
25.3685	29.554
25.3707	29.5885
25.3749	29.623
25.3847	29.6574
25.3878	29.6919
25.3912	29.7264
25.3913	29.7609
25.3962	29.7954
25.3992	29.8299
25.3994	29.8643
25.4055	29.8988
25.4061	29.9333
25.4068	29.9678
25.4082	30.0023
25.4123	30.0356
25.4131	30.0689
25.4135	30.1023
25.4141	30.1356
25.4156	30.1689
25.4261	30.2023
25.4264	30.2356
25.4282	30.2689
25.4301	30.3023
25.4302	30.3356
25.4307	30.3689
25.4367	30.4023
25.4482	30.4356
25.4509	30.4689
25.4541	30.5023
25.4617	30.5356
25.4652	30.5689
25.4662	30.6023
25.4805	30.6356
25.4811	30.6689
25.4817	30.7023
25.4827	30.7356
25.4904	30.7689
25.4917	30.8023
25.4926	30.8356
25.4934	30.8689
25.4941	30.9023
25.4951	30.9356
25.4958	30.9689
25.4971	31.0023
25.5009	31.0345
25.5152	31.0668
25.5162	31.099
25.518	31.1313
25.5182	31.1636
25.5193	31.1958
25.5202	31.2281
25.5204	31.2603
25.5223	31.2926
25.5259	31.3248
25.5286	31.3571
25.5292	31.3894
25.5454	31.4216
25.55	31.4539
25.5504	31.4861
25.562	31.5184
25.5625	31.5507
25.5662	31.5829
25.5894	31.6152
25.5919	31.6474
25.5991	31.6797
25.6004	31.7119
25.6007	31.7442
25.6071	31.7765
25.6091	31.8087
25.6164	31.841
25.6191	31.8732
25.6199	31.9055
25.621	31.9378
25.6224	31.97
25.6233	32.0023
25.6244	32.0335
25.6246	32.0648
25.6258	32.096
25.626	32.1273
25.6264	32.1585
25.6271	32.1898
25.6279	32.221
25.6285	32.2523
25.6294	32.2835
25.6296	32.3148
25.6323	32.346
25.6339	32.3773
25.648	32.4085
25.654	32.4398
25.6562	32.471
25.6637	32.5023
25.6645	32.5335
25.6695	32.5648
25.6839	32.596
25.6857	32.6273
25.6869	32.6585
25.6892	32.6898
25.6897	32.721
25.6905	32.7523
25.6912	32.7835
25.7073	32.8148
25.7174	32.846
25.7198	32.8773
25.7234	32.9085
25.7262	32.9398
25.7285	32.971
25.7297	33.0023
25.7315	33.0326
25.7329	33.0629
25.733	33.0932
25.7334	33.1235
25.7346	33.1538
25.7366	33.1841
25.7385	33.2144
25.739	33.2447
25.7416	33.275
25.743	33.3053
25.7438	33.3356
25.7443	33.3659
25.7445	33.3962
25.7553	33.4265
25.7561	33.4568
25.7649	33.4871
25.767	33.5174
25.7703	33.5477
25.7842	33.578
25.787	33.6083
25.7888	33.6386
25.7897	33.6689
25.7914	33.6992
25.7919	33.7295
25.7933	33.7598
25.8063	33.7901
25.8206	33.8204
25.822	33.8508
25.8237	33.8811
25.8288	33.9114
25.8296	33.9417
25.83	33.972
25.8307	34.0023
25.8325	34.0317
25.8326	34.0611
25.8362	34.0905
25.8385	34.1199
25.8394	34.1493
25.8396	34.1787
25.8399	34.2081
25.8421	34.2376
25.8428	34.267
25.8443	34.2964
25.8457	34.3258
25.8489	34.3552
25.8502	34.3846
25.8511	34.414
25.8514	34.4434
25.8671	34.4729
25.8703	34.5023
25.8723	34.5317
25.8908	34.5611
25.8914	34.5905
25.8942	34.6199
25.8967	34.6493
25.8975	34.6787
25.8981	34.7081
25.9023	34.7376
25.905	34.767
25.9248	34.7964
25.9256	34.8258
25.9264	34.8552
25.9269	34.8846
25.9291	34.914
25.9319	34.9434
25.9321	34.9729
25.936	35.0023
25.9382	35.0308
25.9409	35.0594
25.9443	35.088
25.9447	35.1166
25.9461	35.1451
25.9464	35.1737
25.9478	35.2023
25.9479	35.2308
25.9493	35.2594
25.9585	35.288
25.9735	35.3166
25.9736	35.3451
25.9756	35.3737
25.9762	35.4023
25.9777	35.4308
25.9785	35.4594
25.9802	35.488
25.9824	35.5166
25.9874	35.5451
25.9884	35.5737
25.9896	35.6023
25.991	35.6308
25.9949	35.6594
25.997	35.688
26.0176	35.7166
26.0235	35.7451
26.0359	35.7737
26.0382	35.8023
26.0385	35.8308
26.0409	35.8594
26.0409	35.888
26.0414	35.9166
26.0444	35.9451
26.048	35.9737
26.0481	36.0023
26.0515	36.03
26.053	36.0578
26.056	36.0856
26.0561	36.1134
26.0597	36.1412
26.0602	36.1689
26.0604	36.1967
26.0606	36.2245
26.0713	36.2523
26.0797	36.28
26.0844	36.3078
26.0865	36.3356
26.0865	36.3634
26.0881	36.3912
26.0915	36.4189
26.0935	36.4467
26.0943	36.4745
26.0962	36.5023
26.0963	36.53
26.1136	36.5578
26.1147	36.5856
26.1164	36.6134
26.1176	36.6412
26.1217	36.6689
26.1272	36.6967
26.1272	36.7245
26.1416	36.7523
26.147	36.78
26.1509	36.8078
26.1536	36.8356
26.155	36.8634
26.1553	36.8912
26.1571	36.9189
26.1578	36.9467
26.1579	36.9745
26.1579	37.0023
26.158	37.0293
26.1613	37.0563
26.1648	37.0833
26.1663	37.1104
26.1684	37.1374
26.172	37.1644
26.1721	37.1915
26.1739	37.2185
26.1785	37.2455
26.1922	37.2725
26.1929	37.2996
26.1976	37.3266
26.1988	37.3536
26.1989	37.3806
26.2003	37.4077
26.2103	37.4347
26.2123	37.4617
26.2134	37.4888
26.2142	18.7444
26.2239	18.7999
26.2265	18.8555
26.2382	18.911
26.2396	18.9666
26.241	19.0222
26.2432	19.0748
26.246	19.1274
26.2495	19.18
26.2555	19.2327
26.2617	19.2853
26.2644	19.3379
26.2671	19.3906
26.2687	19.4432
26.2694	19.4958
26.2764	19.5485
26.2811	19.6011
26.2823	19.6537
26.2861	19.7064
26.2874	19.759
26.2932	19.8116
26.2939	19.8643
26.294	19.9169
26.2952	19.9695
26.3053	20.0222
26.3054	20.0722
26.3059	20.1222
26.3108	20.1722
26.3171	20.2222
26.3193	20.2722
26.3206	20.3222
26.3207	20.3722
26.3256	20.4222
26.3279	20.4722
26.3327	20.5222
26.3388	20.5722
26.3446	20.6222
26.3755	20.6722
26.3763	20.7222
26.3883	20.7722
26.3974	20.8222
26.3994	20.8722
26.4003	20.9222
26.4017	20.9722
26.4045	10.4861
26.4214	10.5861
26.4233	10.6861
26.4283	10.7861
26.4304	10.8861
26.432	10.9861
26.4348	11.0861
26.437	11.177
26.439	11.2679
26.4403	11.3588
26.4424	11.4497
26.448	11.5406
26.4651	11.6315
26.4814	11.7224
26.4829	11.8134
26.4864	11.9043
26.4987	11.9952
26.5009	12.0861
26.5017	12.1694
26.5018	12.2527
26.5345	12.3361
26.5352	12.4194
26.5362	12.5027
26.5604	12.5861
26.5721	12.6694
26.5731	12.7527
26.5732	12.8361
26.5779	12.9194
26.5952	13.0027
26.5981	13.0797
26.6131	13.1566
26.616	13.2335
26.6597	13.3104
26.6619	13.3874
26.6629	13.4643
26.6642	13.5412
26.6733	13.6181
26.6766	13.6951
26.6778	13.772
26.6794	13.8489
26.7055	13.9258
26.7075	14.0027
26.7186	14.0742
26.7193	14.1456
26.7201	14.217
26.7503	14.2885
26.7764	14.3599
26.7775	14.4313
26.7813	14.5027
26.7825	14.5742
26.7844	14.6456
26.7919	14.717
26.7919	14.7885
26.7942	14.8599
26.7946	14.9313
26.7951	15.0027
26.8231	15.0694
26.8261	15.1361
26.8262	15.2027
26.8745	15.2694
26.8799	15.3361
26.8812	15.4027
26.8818	15.4694
26.8928	15.5361
26.8944	15.6027
26.8949	15.6694
26.8949	15.7361
26.9014	15.8027
26.9021	15.8694
26.9028	15.9361
26.904	16.0027
26.9104	16.0652
26.9111	16.1277
26.9125	16.1902
26.9602	16.2527
26.9674	16.3152
26.9686	16.3777
26.9714	16.4402
26.9754	16.5027
26.9915	16.5652
26.9934	16.6277
26.9936	16.6902
26.9943	16.7527
26.9964	16.8152
26.9969	16.8777
26.9982	16.9402
26.9989	17.0027
26.999	17.0616
27.0023	17.1204
27.0053	17.1792
27.0385	17.238
27.0396	17.2969
27.0412	17.3557
27.0444	17.4145
27.0492	17.4733
27.0813	17.5322
27.084	17.591
27.0857	17.6498
27.0865	17.7086
27.0883	17.7674
27.0895	17.8263
27.0902	17.8851
27.0977	17.9439
27.1	18.0027
27.1011	18.0583
27.1037	18.1139
27.1038	18.1694
27.1057	18.225
27.1088	18.2805
27.1102	18.3361
27.1384	18.3916
27.1413	18.4472
27.1715	18.5027
27.1784	18.5583
27.18	18.6139
27.1802	18.6694
27.1816	18.725
27.1817	18.7805
27.1831	18.8361
27.1955	18.8916
27.1999	18.9472
27.2028	19.0027
27.2037	19.0554
27.2056	19.108
27.2116	19.1606
27.2121	19.2133
27.2137	19.2659
27.2177	19.3185
27.2285	19.3712
27.2309	19.4238
27.277	19.4764
27.2814	19.5291
27.2816	19.5817
27.2858	19.6343
27.2862	19.687
27.2905	19.7396
27.292	19.7922
27.2955	19.8448
27.2978	19.8975
27.3005	19.9501
27.302	20.0027
27.3058	20.0527
27.31	20.1027
27.3124	20.1527
27.3155	20.2027
27.3267	20.2527
27.3274	20.3027
27.3304	20.3527
27.3318	20.4027
27.3748	20.4527
27.378	20.5027
27.3791	20.5527
27.381	20.6027
27.3849	20.6527
27.3898	20.7027
27.3907	20.7527
27.3912	20.8027
27.3913	20.8527
27.3926	20.9027
27.3927	20.9527
27.3928	21.0027
27.4096	21.0504
27.4116	21.098
27.4117	21.1456
27.4136	21.1932
27.4224	21.2408
27.4271	21.2885
27.428	21.3361
27.4343	21.3837
27.4731	21.4313
27.4744	21.4789
27.4745	21.5266
27.4765	21.5742
27.4779	21.6218
27.4853	21.6694
27.4893	21.717
27.4919	21.7646
27.4936	21.8123
27.499	21.8599
27.5016	21.9075
27.5032	21.9551
27.5032	22.0027
27.5146	22.0482
27.5292	22.0937
27.53	22.1391
27.5377	22.1846
27.5378	22.23
27.5569	22.2755
27.5589	22.3209
27.559	22.3664
27.5739	22.4118
27.5803	22.4573
27.5886	22.5027
27.5887	22.5482
27.592	22.5937
27.5982	22.6391
27.601	22.6846
27.6023	22.73
27.6166	22.7755
27.6227	22.8209
27.6235	22.8664
27.6257	22.9118
27.6284	22.9573
27.6335	23.0027
27.6407	23.0462
27.6465	23.0897
27.6471	23.1332
27.6491	23.1767
27.6532	23.2201
27.6664	23.2636
27.67	23.3071
27.6716	23.3506
27.6918	23.394
27.6939	23.4375
27.6981	23.481
27.6983	23.5245
27.6992	23.568
27.6999	23.6114
27.7011	23.6549
27.7041	23.6984
27.7083	23.7419
27.7337	23.7854
27.7412	23.8288
27.7419	23.8723
27.7434	23.9158
27.744	23.9593
27.7448	24.0027
27.7483	24.0444
27.7491	24.0861
27.7498	24.1277
27.7501	24.1694
27.7607	24.2111
27.7651	24.2527
27.7725	24.2944
27.8041	24.3361
27.8055	24.3777
27.8092	24.4194
27.8131	24.4611
27.8148	24.5027
27.8192	24.5444
27.8228	24.5861
27.8248	24.6277
27.8266	24.6694
27.8282	24.7111
27.8502	24.7527
27.8662	24.7944
27.87	24.8361
27.8746	24.8777
27.8779	24.9194
27.8808	24.9611
27.8855	25.0027
27.8882	25.0427
27.89	25.0827
27.8915	25.1227
27.8963	25.1627
27.9047	12.5814
27.9057	12.6647
27.9329	12.748
27.9446	12.8314
27.947	12.9147
27.9555	12.998
27.9578	13.0814
27.9622	13.1583
27.9629	13.2352
27.9669	13.3121
27.9683	13.3891
27.9698	13.466
27.9887	13.5429
27.9959	13.6198
27.9968	13.6968
28.0105	13.7737
28.0131	13.8506
28.0139	13.9275
28.0151	14.0044
28.0179	14.0759
28.0181	14.1473
28.0186	14.2187
28.0221	14.2902
28.0463	14.3616
28.1049	14.433
28.1147	14.5044
28.1259	14.5759
28.1272	14.6473
28.1297	14.7187
28.1301	14.7902
28.1443	14.8616
28.1446	14.933
28.1491	15.0044
28.1511	15.0711
28.1512	15.1378
28.1545	15.2044
28.1554	15.2711
28.1788	7.63556
28.1941	7.77841
28.2241	7.92127
28.2261	8.06413
28.2276	8.18913
28.2366	8.31413
28.2463	8.43913
28.2577	8.56413
28.2604	8.68913
28.2635	8.81413
28.2643	8.93913
28.265	9.06413
28.2693	9.17524
28.2759	9.28635
28.3305	9.39746
28.3325	9.50857
28.3334	9.61968
28.3341	9.7308
28.3426	9.84191
28.3435	9.95302
28.3441	10.0641
28.3473	10.1641
28.3481	10.2641
28.4163	10.3641
28.4181	10.4641
28.4201	10.5641
28.4287	10.6641
28.4315	10.7641
28.434	10.8641
28.4346	10.9641
28.4366	11.0641
28.4373	11.155
28.4378	11.2459
28.4973	11.3369
28.5002	11.4278
28.5039	11.5187
28.5049	11.6096
28.5133	11.7005
28.5146	11.7914
28.5147	11.8823
28.5172	11.9732
28.5187	12.0641
28.5209	12.1475
28.5229	12.2308
28.5805	12.3141
28.5822	12.3975
28.5877	12.4808
28.5969	12.5641
28.5996	12.6475
28.6002	12.7308
28.6026	12.8141
28.6045	12.8975
28.6082	12.9808
28.6104	13.0641
28.6116	13.1411
28.6157	13.218
28.6641	13.2949
28.6648	13.3718
28.6666	13.4487
28.6736	13.5257
28.6744	13.6026
28.6799	13.6795
28.6873	13.7564
28.6885	13.8334
28.6907	13.9103
28.6935	13.9872
28.6944	14.0641
28.697	14.1356
28.6996	14.207
28.7293	14.2784
28.7296	14.3498
28.7303	14.4213
28.748	14.4927
28.7489	14.5641
28.7498	14.6356
28.753	14.707
28.7538	14.7784
28.7572	14.8498
28.7585	14.9213
28.7596	14.9927
28.762	15.0641
28.7662	15.1308
28.7669	15.1975
28.8031	15.2641
28.8048	15.3308
28.808	15.3975
28.8169	15.4641
28.8262	15.5308
28.8297	15.5975
28.8307	15.6641
28.8334	15.7308
28.8383	15.7975
28.8399	15.8641
28.8415	15.9308
28.8426	15.9975
28.8436	16.0641
28.8447	16.1266
28.8455	16.1891
28.871	16.2516
28.8778	16.3141
28.8798	16.3766
28.9008	16.4391
28.9099	16.5016
28.9163	16.5641
28.9226	16.6266
28.9246	16.6891
28.9263	16.7516
28.928	16.8141
28.9323	16.8766
28.9371	16.9391
28.9385	17.0016
28.944	17.0605
28.9469	17.1193
28.9476	17.1781
28.9605	17.2369
28.9625	17.2957
28.9634	17.3546
28.9751	17.4134
28.9836	17.4722
28.9968	17.531
29.0014	17.5899
29.0025	17.6487
29.0089	17.7075
29.0112	17.7663
29.0161	17.8252
29.019	17.884
29.0205	17.9428
29.0224	18.0016
29.0252	18.0572
29.026	18.1127
29.0267	18.1683
29.0408	18.2239
29.0428	18.2794
29.0447	18.335
29.0464	18.3905
29.0627	18.4461
29.0745	18.5016
29.0872	18.5572
29.0904	18.6127
29.094	18.6683
29.0947	18.7239
29.1057	18.7794
29.1078	18.835
29.1091	18.8905
29.1145	18.9461
29.1153	19.0016
29.1175	19.0543
29.1182	19.1069
29.12	19.1595
29.125	19.2122
29.1311	19.2648
29.1319	19.3174
29.1403	19.3701
29.15	19.4227
29.1578	19.4753
29.1679	19.5279
29.17	19.5806
29.1755	19.6332
29.1779	19.6858
29.1973	19.7385
29.199	19.7911
29.2039	19.8437
29.2045	19.8964
29.2055	19.949
29.2088	20.0016
29.2095	20.0516
29.2107	20.1016
29.2115	20.1516
29.2116	20.2016
29.213	20.2516
29.2145	20.3016
29.2307	20.3516
29.2324	20.4016
29.2363	20.4516
29.2381	20.5016
29.2387	20.5516
29.2595	20.6016
29.2602	20.6516
29.2724	20.7016
29.2816	20.7516
29.293	20.8016
29.2951	20.8516
29.2969	20.9016
29.2977	20.9516
29.299	21.0016
29.3006	21.0492
29.3019	21.0969
29.3034	21.1445
29.3048	21.1921
29.3064	21.2397
29.3069	21.2873
29.3237	21.335
29.3306	21.3826
29.3329	21.4302
29.3336	21.4778
29.3355	21.5254
29.3532	21.5731
29.3564	21.6207
29.3819	21.6683
29.3878	21.7159
29.3886	21.7635
29.3927	21.8112
29.3948	21.8588
29.4008	21.9064
29.4046	21.954
29.4077	22.0016
29.4103	22.0471
29.4113	22.0925
29.4123	22.138
29.4132	22.1834
29.4145	22.2289
29.4166	22.2744
29.4232	22.3198
29.4287	22.3653
29.4314	22.4107
29.4378	22.4562
29.4456	22.5016
29.4505	22.5471
29.4508	22.5925
29.473	22.638
29.4738	22.6834
29.48	22.7289
29.481	22.7744
29.4821	22.8198
29.496	22.8653
29.4988	22.9107
29.5006	22.9562
29.5026	23.0016
29.5031	23.0451
29.5043	23.0886
29.5047	23.1321
29.5056	23.1755
29.5061	23.219
29.508	23.2625
29.5094	23.306
29.5157	23.3495
29.5257	23.3929
29.5264	23.4364
29.5271	23.4799
29.5301	23.5234
29.531	23.5668
29.5436	23.6103
29.5437	23.6538
29.5462	23.6973
29.5472	23.7408
29.5681	23.7842
29.5799	23.8277
29.5819	23.8712
29.5835	23.9147
29.5847	23.9582
29.5854	24.0016
29.5862	24.0433
29.5868	24.085
29.5876	24.1266
29.5882	24.1683
29.589	24.21
29.5898	24.2516
29.5911	24.2933
29.5917	24.335
29.5986	24.3766
29.5992	24.4183
29.604	24.46
29.6065	24.5016
29.6081	24.5433
29.6199	24.585
29.6287	24.6266
29.6294	24.6683
29.64	24.71
29.6724	24.7516
29.6766	24.7933
29.6771	24.835
29.6778	24.8766
29.6832	24.9183
29.6861	24.96
29.6875	25.0016
29.6883	25.0416
29.689	25.0816
29.6895	25.1216
29.6921	25.1616
29.6957	25.2016
29.6966	25.2416
29.6984	25.2816
29.6995	25.3216
29.7039	25.3616
29.7041	25.4016
29.7054	25.4416
29.706	25.4816
29.7093	25.5216
29.7148	25.5616
29.7213	25.6016
29.7227	25.6416
29.7296	25.6816
29.7721	25.7216
29.7812	25.7616
29.7878	25.8016
29.7894	25.8416
29.7898	25.8816
29.7934	25.9216
29.7943	25.9616
29.7948	26.0016
29.7956	26.0401
29.798	26.0786
29.7991	26.117
29.8013	26.1555
29.802	26.1939
29.8048	26.2324
29.8065	26.2709
29.8075	26.3093
29.808	26.3478
29.8087	26.3862
29.8095	26.4247
29.8101	26.4632
29.8117	26.5016
29.8214	26.5401
29.8242	26.5786
29.825	26.617
29.8292	26.6555
29.8762	26.6939
29.9039	26.7324
29.9106	26.7709
29.9114	26.8093
29.9121	26.8478
29.9133	26.8862
29.9147	26.9247
29.9224	26.9632
29.9224	27.0016
29.9272	27.0387
29.9318	27.0757
29.9326	27.1127
29.9352	27.1498
29.9362	27.1868
29.9386	27.2239
29.9393	27.2609
29.9403	27.2979
29.9431	27.335
29.9487	27.372
29.9516	27.409
29.9554	27.4461
29.9572	27.4831
29.958	27.5201
29.9748	27.5572
29.9767	27.5942
29.9779	27.6313
30.0056	27.6683
30.0215	27.7053
30.0254	27.7424
30.0314	13.8712
30.0335	13.9481
30.0356	14.025
30.0368	14.0965
30.0393	14.1679
30.0404	14.2393
30.0429	14.3107
30.0463	14.3822
30.0471	14.4536
30.0576	14.525
30.0591	14.5965
30.0665	14.6679
30.0676	14.7393
30.0682	14.8107
30.0686	14.8822
30.0694	14.9536
30.0701	15.025
30.0822	15.0917
30.0857	15.1584
30.0879	15.225
30.1015	15.2917
30.1128	15.3584
30.1163	15.425
30.1214	15.4917
30.1403	15.5584
30.1426	15.625
30.1731	15.6917
30.1738	15.7584
30.1808	15.825
30.1822	15.8917
30.1853	15.9584
30.1859	16.025
30.1866	16.0875
30.1965	16.15
30.1986	16.2125
30.2074	16.275
30.2186	8.13752
30.2256	8.26252
30.2281	8.38752
30.2446	8.51252
30.2491	8.63752
30.2644	8.76252
30.2661	8.88752
30.2677	9.01252
30.2686	9.12363
30.2715	9.23474
30.2739	9.34585
30.275	9.45696
30.2827	9.56807
30.2836	9.67918
30.2863	9.79029
30.2951	9.9014
30.3396	10.0125
30.3514	10.1125
30.3572	10.2125
30.3585	10.3125
30.3593	10.4125
30.3644	10.5125
30.3661	10.6125
30.3675	10.7125
30.3703	10.8125
30.4179	10.9125
30.4213	11.0125
30.435	11.1034
30.4426	11.1943
30.4437	11.2852
30.4449	11.3762
30.4463	11.4671
30.4481	11.558
30.4491	11.6489
30.4588	11.7398
30.4922	11.8307
30.5148	11.9216
30.5156	12.0125
30.5244	12.0958
30.5284	12.1792
30.5299	12.2625
30.5312	12.3458
30.5452	12.4292
30.5466	12.5125
30.5501	12.5958
30.5512	12.6792
30.5885	12.7625
30.6009	12.8458
30.603	12.9292
30.6035	13.0125
30.6122	13.0894
30.6157	13.1664
30.6167	13.2433
30.6188	13.3202
30.6274	13.3971
30.6286	13.4741
30.6302	13.551
30.6349	13.6279
30.6642	13.7048
30.6735	13.7817
30.6752	13.8587
30.6778	13.9356
30.6783	14.0125
30.6805	14.0839
30.6819	14.1554
30.6829	14.2268
30.6835	14.2982
30.7007	14.3697
30.7036	14.4411
30.7043	14.5125
30.7053	14.5839
30.7361	14.6554
30.7379	14.7268
30.7411	14.7982
30.7433	14.8697
30.7449	14.9411
30.7461	15.0125
30.7476	15.0792
30.7484	15.1458
30.7534	15.2125
30.7564	15.2792
30.7777	15.3458
30.7825	15.4125
30.7845	15.4792
30.7859	15.5458
30.8134	15.6125
30.8205	15.6792
30.8248	15.7458
30.8349	15.8125
30.8395	15.8792
30.8406	15.9458
30.8427	16.0125
30.8447	16.075
30.8531	16.1375
30.8581	16.2
30.8596	16.2625
30.8857	16.325
30.8896	16.3875
30.892	16.45
30.8954	16.5125
30.9318	16.575
30.9351	16.6375
30.9415	16.7
30.9429	16.7625
30.9447	16.825
30.9475	16.8875
30.949	16.95
30.951	17.0125
30.9647	17.0713
30.9673	17.1302
30.9702	17.189
30.9807	17.2478
31.0045	17.3066
31.0051	17.3655
31.0056	17.4243
31.007	17.4831
31.0575	17.5419
31.0577	17.6008
31.0586	17.6596
31.0595	17.7184
31.0684	17.7772
31.07	17.836
31.0704	17.8949
31.0712	17.9537
31.0719	18.0125
31.0762	18.0681
31.0806	18.1236
31.0817	18.1792
31.0829	18.2347
31.0851	18.2903
31.0908	18.3458
31.1011	18.4014
31.1038	18.457
31.1403	18.5125
31.1407	18.5681
31.1413	18.6236
31.142	18.6792
31.1497	18.7347
31.1502	18.7903
31.1508	18.8458
31.1517	18.9014
31.1535	18.957
31.1542	19.0125
31.1577	19.0651
31.1592	19.1178
31.16	19.1704
31.1642	19.223
31.1649	19.2757
31.1656	19.3283
31.1663	19.3809
31.1681	19.4336
31.2073	19.4862
31.2079	19.5388
31.2088	19.5915
31.2124	19.6441
31.2195	19.6967
31.2206	19.7494
31.2214	19.802
31.2245	19.8546
31.2274	19.9073
31.2316	19.9599
31.2349	20.0125
31.238	20.0625
31.2433	20.1125
31.2441	20.1625
31.2483	20.2125
31.2489	20.2625
31.2498	20.3125
31.2503	20.3625
31.2511	20.4125
31.2897	20.4625
31.291	20.5125
31.2912	20.5625
31.2922	20.6125
31.2974	20.6625
31.2981	20.7125
31.317	20.7625
31.3172	20.8125
31.3194	20.8625
31.3298	20.9125
31.3316	20.9625
31.3326	21.0125
31.3332	21.0601
31.334	21.1078
31.3404	21.1554
31.3419	21.203
31.3434	21.2506
31.3483	21.2982
31.3492	21.3458
31.3539	21.3935
31.3759	21.4411
31.3782	21.4887
31.3806	21.5363
31.3829	21.5839
31.3862	21.6316
31.3876	21.6792
31.3946	21.7268
31.3952	21.7744
31.4072	21.822
31.4089	21.8697
31.4096	21.9173
31.4108	21.9649
31.4127	22.0125
31.4146	22.058
31.4229	22.1034
31.4232	22.1489
31.4246	22.1943
31.4286	22.2398
31.4295	22.2852
31.4314	22.3307
31.4323	22.3762
31.4621	22.4216
31.4626	22.4671
31.4631	22.5125
31.4634	22.558
31.4641	22.6034
31.4697	22.6489
31.4712	22.6943
31.4718	22.7398
31.4908	22.7852
31.4921	22.8307
31.4928	22.8762
31.494	22.9216
31.4981	22.9671
31.4998	23.0125
31.5012	23.056
31.5117	23.0995
31.5121	23.143
31.5152	23.1864
31.5159	23.2299
31.5186	23.2734
31.5195	23.3169
31.52	23.3603
31.5523	23.4038
31.5538	23.4473
31.5552	23.4908
31.5589	23.5343
31.563	23.5777
31.5635	23.6212
31.564	23.6647
31.565	23.7082
31.5832	23.7516
31.5852	23.7951
31.5856	23.8386
31.5879	23.8821
31.5924	23.9256
31.595	23.969
31.5961	24.0125
31.5967	24.0542
31.6026	24.0958
31.6067	24.1375
31.6124	24.1792
31.6135	24.2208
31.614	24.2625
31.6148	24.3042
31.6221	24.3458
31.6344	24.3875
31.6349	24.4292
31.6371	24.4708
31.6515	24.5125
31.652	24.5542
31.6544	24.5958
31.6577	24.6375
31.662	24.6792
31.6746	24.7208
31.6774	24.7625
31.6802	24.8042
31.6867	24.8458
31.689	24.8875
31.6897	24.9292
31.6903	24.9708
31.691	25.0125
31.6916	25.0525
31.6925	25.0925
31.6933	25.1325
31.6952	25.1725
31.6965	25.2125
31.7016	25.2525
31.703	25.2925
31.706	25.3325
31.7152	25.3725
31.716	25.4125
31.7227	25.4525
31.7336	25.4925
31.7346	25.5325
31.7494	25.5725
31.7592	25.6125
31.7637	25.6525
31.7667	25.6925
31.7674	25.7325
31.7731	25.7725
31.7774	25.8125
31.7781	25.8525
31.7788	25.8925
31.7818	25.9325
31.7849	25.9725
31.7863	26.0125
31.7881	26.051
31.7889	26.0894
31.7944	26.1279
31.7993	26.1664
31.801	26.2048
31.8047	26.2433
31.8062	26.2817
31.8144	26.3202
31.822	26.3587
31.8248	26.3971
31.8256	26.4356
31.8362	26.4741
31.8371	26.5125
31.8397	26.551
31.8446	26.5894
31.8592	26.6279
31.8606	26.6664
31.8612	26.7048
31.8671	26.7433
31.8701	26.7817
31.8712	26.8202
31.8738	26.8587
31.8743	26.8971
31.8752	26.9356
31.8765	26.9741
31.8781	27.0125
31.8792	27.0496
31.8798	27.0866
31.8903	27.1236
31.8914	27.1607
31.8954	27.1977
31.8961	27.2347
31.8969	27.2718
31.8987	27.3088
31.9091	27.3458
31.9094	27.3829
31.9117	27.4199
31.9345	27.457
31.9359	27.494
31.9366	27.531
31.938	27.5681
31.9502	27.6051
31.9542	27.6421
31.9567	27.6792
31.9598	27.7162
31.9703	27.7533
31.9722	27.7903
31.9742	27.8273
31.9749	27.8644
31.9757	27.9014
31.9762	27.9384
31.977	27.9755
31.9776	28.0125
31.9781	28.0482
31.9786	28.0839
31.9811	28.1197
31.9832	28.1554
31.9902	28.1911
31.9919	28.2268
31.9957	28.2625
31.9986	28.2982
32.004	28.3339
32.0045	28.3697
32.0078	28.4054
32.0225	28.4411
32.024	28.4768
32.0267	28.5125
32.0284	28.5482
32.0348	28.5839
32.0354	28.6197
32.0383	28.6554
32.0455	28.6911
32.0519	28.7268
32.0527	28.7625
32.0563	28.7982
32.0576	28.8339
32.0617	28.8697
32.0635	28.9054
32.0662	28.9411
32.0697	28.9768
32.0717	29.0125
32.0759	29.047
32.0762	29.0815
32.0803	29.116
32.0833	29.1504
32.0858	14.5752
32.0864	14.6467
32.0913	14.7181
32.092	14.7895
32.0945	14.8609
32.0977	14.9324
32.0984	15.0038
32.1115	15.0705
32.117	15.1371
32.1195	15.2038
32.1227	15.2705
32.124	15.3371
32.1258	15.4038
32.1265	15.4705
32.1282	15.5371
32.1338	15.6038
32.1385	15.6705
32.1406	15.7371
32.1429	15.8038
32.1435	15.8705
32.1441	15.9371
32.1457	16.0038
32.1487	16.0663
32.1534	16.1288
32.157	16.1913
32.158	16.2538
32.1604	16.3163
32.1665	16.3788
32.1672	16.4413
32.2024	16.5038
32.2046	16.5663
32.2061	16.6288
32.2069	16.6913
32.2089	16.7538
32.2103	16.8163
32.211	16.8788
32.2182	16.9413
32.2198	17.0038
32.2226	17.0626
32.2264	17.1214
32.2283	17.1803
32.2289	17.2391
32.2302	17.2979
32.2364	17.3567
32.2395	17.4156
32.2644	17.4744
32.2665	17.5332
32.2671	17.592
32.2706	17.6509
32.2715	17.7097
32.2728	17.7685
32.2744	17.8273
32.2751	17.8861
32.2771	17.945
32.2787	18.0038
32.2818	18.0594
32.2855	18.1149
32.2861	18.1705
32.2875	18.226
32.2911	18.2816
32.2948	18.3371
32.3032	18.3927
32.3185	18.4482
32.3231	18.5038
32.3237	18.5594
32.3253	18.6149
32.3271	18.6705
32.3284	18.726
32.332	18.7816
32.3336	18.8371
32.3346	18.8927
32.336	18.9482
32.3381	19.0038
32.3398	19.0564
32.3456	19.1091
32.3469	19.1617
32.3491	19.2143
32.3501	19.267
32.3519	19.3196
32.3644	19.3722
32.3809	19.4248
32.3824	19.4775
32.3831	19.5301
32.3857	19.5827
32.3865	19.6354
32.3881	19.688
32.3902	19.7406
32.3914	19.7933
32.3937	19.8459
32.3951	19.8985
32.3959	19.9512
32.3972	20.0038
32.4017	20.0538
32.4043	20.1038
32.4057	20.1538
32.4088	20.2038
32.4125	20.2538
32.4143	20.3038
32.4189	20.3538
32.4526	20.4038
32.4548	20.4538
32.4563	20.5038
32.4575	20.5538
32.4591	20.6038
32.4599	20.6538
32.462	20.7038
32.4629	20.7538
32.4636	20.8038
32.4642	20.8538
32.4649	20.9038
32.4664	20.9538
32.4671	21.0038
32.4701	21.0514
32.4741	21.099
32.4775	21.1467
32.4799	21.1943
32.4817	21.2419
32.4887	21.2895
32.4938	21.3371
32.5226	21.3847
32.5252	21.4324
32.5258	21.48
32.5263	21.5276
32.527	21.5752
32.5291	21.6228
32.5308	21.6705
32.5338	21.7181
32.5345	21.7657
32.5353	21.8133
32.5361	21.8609
32.5367	21.9086
32.5374	21.9562
32.5381	22.0038
32.5392	22.0492
32.542	22.0947
32.5442	22.1402
32.5485	22.1856
32.5504	22.2311
32.5593	22.2765
32.5659	22.322
32.5968	22.3674
32.5989	22.4129
32.5996	22.4583
32.601	22.5038
32.6035	22.5492
32.604	22.5947
32.6059	22.6402
32.6076	22.6856
32.6087	22.7311
32.6095	22.7765
32.6105	22.822
32.611	22.8674
32.6116	22.9129
32.613	22.9583
32.6137	23.0038
32.6151	23.0473
32.6163	23.0908
32.6242	23.1342
32.6257	23.1777
32.627	23.2212
32.6323	23.2647
32.6349	23.3081
32.6735	23.3516
32.6749	23.3951
32.6763	23.4386
32.6776	23.4821
32.683	23.5255
32.6839	23.569
32.6844	23.6125
32.6851	23.656
32.686	23.6994
32.6865	23.7429
32.6873	23.7864
32.6879	23.8299
32.6893	23.8734
32.6907	23.9168
32.6921	23.9603
32.6927	24.0038
32.695	24.0455
32.6981	24.0871
32.7046	24.1288
32.7101	24.1705
32.7124	24.2121
32.7142	24.2538
32.7178	24.2955
32.7482	24.3371
32.7497	24.3788
32.7512	24.4205
32.7529	24.4621
32.7575	24.5038
32.7594	24.5455
32.7603	24.5871
32.7616	24.6288
32.763	24.6705
32.7644	24.7121
32.7664	24.7538
32.7671	24.7955
32.7678	24.8371
32.7684	24.8788
32.7695	24.9205
32.7701	24.9621
32.772	25.0038
32.773	25.0438
32.7809	25.0838
32.7869	25.1238
32.7953	25.1638
32.7969	25.2038
32.7977	25.2438
32.7982	25.2838
32.8275	25.3238
32.8311	25.3638
32.8345	25.4038
32.8368	25.4438
32.8407	25.4838
32.8416	25.5238
32.8435	25.5638
32.8442	25.6038
32.8449	25.6438
32.8469	25.6838
32.8485	25.7238
32.8489	25.7638
32.8503	25.8038
32.8512	25.8438
32.8517	25.8838
32.8524	25.9238
32.8531	25.9638
32.8539	26.0038
32.8545	26.0423
32.8634	26.0807
32.8686	26.1192
32.8743	26.1576
32.8754	26.1961
32.8785	26.2346
32.8823	26.273
32.9079	26.3115
32.9132	26.3499
32.9146	26.3884
32.9166	26.4269
32.919	26.4653
32.9203	26.5038
32.9231	26.5423
32.9246	26.5807
32.9259	26.6192
32.9273	26.6576
32.9281	26.6961
32.9289	26.7346
32.9296	26.773
32.9303	26.8115
32.9317	26.8499
32.9323	26.8884
32.933	26.9269
32.9336	26.9653
32.9346	27.0038
32.9358	27.0408
32.9428	27.0779
32.9443	27.1149
32.9477	27.1519
32.9485	27.189
32.9519	27.226
32.954	27.2631
32.9792	27.3001
32.9839	27.3371
32.986	27.3742
32.9878	27.4112
32.99	27.4482
32.9931	27.4853
32.9944	27.5223
32.9996	27.5594
33.0001	27.5964
33.0021	27.6334
33.0048	27.6705
33.0055	27.7075
33.0069	27.7445
33.0084	27.7816
33.0099	27.8186
33.0105	27.8556
33.0115	27.8927
33.012	27.9297
33.0128	27.9668
33.0134	28.0038
33.0142	28.0395
33.0157	28.0752
33.0193	28.1109
33.0219	28.1467
33.0261	28.1824
33.0273	28.2181
33.0279	28.2538
33.0503	28.2895
33.0546	28.3252
33.0574	28.3609
33.0612	28.3967
33.0642	28.4324
33.0653	28.4681
33.0671	28.5038
33.0695	28.5395
33.0703	28.5752
33.0744	28.6109
33.0765	28.6467
33.0779	28.6824
33.0794	28.7181
33.0801	28.7538
33.0811	28.7895
33.0818	28.8252
33.083	28.8609
33.0835	28.8967
33.0845	28.9324
33.0852	28.9681
33.0858	29.0038
33.0886	29.0383
33.0901	29.0728
33.095	29.1072
33.0979	29.1417
33.1011	29.1762
33.1057	29.2107
33.107	29.2452
33.1226	29.2797
33.1284	29.3141
33.1308	29.3486
33.1324	29.3831
33.1357	29.4176
33.1378	29.4521
33.1391	29.4866
33.141	29.521
33.1466	29.5555
33.1472	29.59
33.15	29.6245
33.1518	29.659
33.1539	29.6934
33.1554	29.7279
33.1566	29.7624
33.158	29.7969
33.1584	29.8314
33.1599	29.8659
33.1612	29.9003
33.1623	29.9348
33.1629	29.9693
33.1643	30.0038
33.1657	30.0371
33.1672	30.0705
33.1678	30.1038
33.1699	30.1371
33.1707	30.1705
33.1715	30.2038
33.1727	30.2371
33.1731	30.2705
33.1741	30.3038
33.1757	30.3371
33.1764	30.3705
33.1776	30.4038
33.1784	30.4371
33.1797	30.4705
33.1832	30.5038
33.1838	30.5371
33.1853	30.5705
33.187	30.6038
33.1881	30.6371
33.191	30.6705
33.1911	30.7038
33.1912	30.7371
33.1931	30.7705
33.1946	30.8038
33.196	30.8371
33.1969	30.8705
33.1988	30.9038
33.2018	30.9371
33.205	30.9705
33.2091	31.0038
33.2101	31.0361
33.2164	31.0683
33.2183	31.1006
33.2221	31.1328
33.2224	31.1651
33.2226	31.1973
33.2227	31.2296
33.2244	31.2619
33.2249	31.2941
33.2265	31.3264
33.227	31.3586
33.2285	31.3909
33.2298	31.4231
33.2314	31.4554
33.232	31.4877
33.2335	31.5199
33.2347	31.5522
33.2362	31.5844
33.2368	31.6167
33.242	31.649
33.2437	31.6812
33.2451	31.7135
33.2458	31.7457
33.2492	31.778
33.265	31.8102
33.2679	31.8425
33.2697	31.8748
33.2766	31.907
33.2841	31.9393
33.296	31.9715
33.2977	32.0038
33.3056	32.035
33.3082	32.0663
33.3089	32.0975
33.3109	32.1288
33.3139	32.16
33.3165	32.1913
33.3198	32.2225
33.3218	32.2538
33.3232	32.285
33.3258	32.3163
33.327	32.3475
33.3294	32.3788
33.3315	32.41
33.3355	32.4413
33.3379	32.4725
33.3386	32.5038
33.3393	32.535
33.3401	32.5663
33.342	32.5975
33.3435	32.6288
33.3456	32.66
33.3473	32.6913
33.3505	32.7225
33.3529	32.7538
33.3541	32.785
33.3649	32.8163
33.367	32.8475
33.3744	32.8788
33.3791	32.91
33.386	32.9413
33.3889	32.9725
33.3897	33.0038
33.3905	33.0341
33.3928	33.0644
33.395	33.0947
33.3961	33.125
33.3963	33.1553
33.4001	33.1856
33.4012	33.2159
33.4024	33.2462
33.4148	33.2765
33.416	33.3068
33.4175	33.3371
33.4193	16.6686
33.4259	16.7311
33.4287	16.7936
33.4307	16.8561
33.4333	16.9186
33.4348	16.9811
33.4353	17.0436
33.4385	17.1024
33.4392	17.1612
33.4419	17.22
33.4462	17.2789
33.4475	17.3377
33.4488	17.3965
33.4586	17.4553
33.4618	17.5142
33.4636	17.573
33.4658	17.6318
33.4764	17.6906
33.4777	17.7494
33.4783	17.8083
33.4799	17.8671
33.4821	17.9259
33.4843	17.9847
33.4927	18.0436
33.4937	18.0991
33.4951	18.1547
33.4994	18.2102
33.5001	18.2658
33.5012	18.3213
33.5037	18.3769
33.5111	18.4325
33.5119	18.488
33.5141	18.5436
33.5501	18.5991
33.5507	18.6547
33.5514	18.7102
33.5534	18.7658
33.5619	18.8213
33.5658	18.8769
33.5672	18.9325
33.5681	18.988
33.5718	19.0436
33.5738	19.0962
33.5752	19.1488
33.5794	19.2015
33.58	19.2541
33.5813	19.3067
33.5822	19.3594
33.5841	19.412
33.5863	19.4646
33.588	19.5172
33.6058	19.5699
33.6161	19.6225
33.6197	19.6751
33.6203	19.7278
33.621	19.7804
33.6302	19.833
33.6313	19.8857
33.6324	19.9383
33.6348	19.9909
33.6354	20.0436
33.6369	20.0936
33.6388	20.1436
33.6451	20.1936
33.6476	20.2436
33.6508	20.2936
33.6536	20.3436
33.655	20.3936
33.6575	20.4436
33.6587	20.4936
33.6647	20.5436
33.6801	20.5936
33.6826	20.6436
33.6836	20.6936
33.6851	20.7436
33.6858	20.7936
33.6874	20.8436
33.6879	20.8936
33.6927	20.9436
33.6933	20.9936
33.6948	21.0436
33.6964	21.0912
33.6997	21.1388
33.7017	21.1864
33.7043	21.234
33.7077	21.2817
33.7113	21.3293
33.7142	21.3769
33.7148	21.4245
33.7174	21.4721
33.7232	21.5198
33.7359	21.5674
33.7366	21.615
33.7396	21.6626
33.741	21.7102
33.7543	21.7578
33.7567	21.8055
33.7588	21.8531
33.7618	21.9007
33.7639	21.9483
33.7666	21.9959
33.767	22.0436
33.7677	22.089
33.7689	22.1345
33.7697	22.1799
33.7742	22.2254
33.7794	22.2708
33.7832	22.3163
33.7832	22.3617
33.7844	22.4072
33.7874	22.4527
33.7901	22.4981
33.8003	22.5436
33.8018	22.589
33.8029	22.6345
33.8054	22.6799
33.8185	22.7254
33.8197	22.7708
33.8207	22.8163
33.8225	22.8617
33.8233	22.9072
33.8335	22.9527
33.8363	22.9981
33.8399	23.0436
33.8428	23.087
33.8437	23.1305
33.8442	23.174
33.8479	23.2175
33.8479	23.261
33.848	23.3044
33.8486	23.3479
33.8531	23.3914
33.8546	23.4349
33.8565	23.4783
33.8682	23.5218
33.8711	23.5653
33.8722	23.6088
33.8781	23.6523
33.8823	23.6957
33.8852	23.7392
33.8872	23.7827
33.8883	23.8262
33.8906	23.8697
33.8928	23.9131
33.897	23.9566
33.8978	24.0001
33.901	24.0418
33.9023	24.0834
33.904	24.1251
33.9137	24.1668
33.9158	24.2084
33.9185	24.2501
33.9207	24.2918
33.9235	24.3334
33.9254	24.3751
33.9261	24.4168
33.9277	24.4584
33.9391	24.5001
33.9477	24.5418
33.9497	24.5834
33.9503	24.6251
33.9531	24.6668
33.9551	24.7084
33.9572	24.7501
33.9602	24.7918
33.9616	24.8334
33.9638	24.8751
33.9656	24.9168
33.9679	24.9584
33.9693	25.0001
33.9703	25.0401
33.9717	25.0801
33.9732	25.1201
33.9739	25.1601
33.9888	25.2001
33.9932	25.2401
33.9968	25.2801
33.9975	25.3201
33.9982	25.3601
34	25.4001
34.0068	25.4401
34.0101	25.4801
34.0192	25.5201
34.0252	25.5601
34.0271	25.6001
34.0287	25.6401
34.0299	25.6801
34.0335	25.7201
34.0377	25.7601
34.0431	25.8001
34.0438	25.8401
34.0447	25.8801
34.0448	25.9201
34.0456	25.9601
34.0464	26.0001
34.0481	26.0385
34.0486	26.077
34.0499	26.1155
34.0507	26.1539
34.0516	26.1924
34.0719	26.2309
34.074	26.2693
34.0745	26.3078
34.0758	26.3462
34.0788	26.3847
34.0804	26.4232
34.0819	26.4616
34.0874	26.5001
34.0994	26.5385
34.1012	26.577
34.1024	26.6155
34.1043	26.6539
34.1095	26.6924
34.1147	26.7309
34.1192	26.7693
34.1211	26.8078
34.1228	26.8462
34.1234	26.8847
34.1241	26.9232
34.1248	26.9616
34.1256	27.0001
34.1265	27.0371
34.1271	27.0742
34.1278	27.1112
34.1283	27.1482
34.1294	27.1853
34.1481	27.2223
34.1509	27.2593
34.1519	27.2964
34.154	27.3334
34.1568	27.3705
34.1587	27.4075
34.1604	27.4445
34.1678	27.4816
34.1709	27.5186
34.1776	27.5556
34.1805	27.5927
34.1837	27.6297
34.1945	27.6668
34.1961	27.7038
34.2001	27.7408
34.2012	27.7779
34.2043	27.8149
34.206	27.8519
34.2073	27.889
34.2079	27.926
34.2086	27.963
34.2095	28.0001
34.21	28.0358
34.2108	28.0715
34.2115	28.1072
34.212	28.1429
34.2128	28.1787
34.2286	28.2144
34.2312	28.2501
34.2342	28.2858
34.2378	28.3215
34.2404	28.3572
34.2427	28.3929
34.2439	28.4287
34.2469	28.4644
34.253	28.5001
34.258	28.5358
34.2614	28.5715
34.2626	28.6072
34.2748	28.6429
34.2771	28.6787
34.2798	28.7144
34.2826	28.7501
34.2882	28.7858
34.2916	28.8215
34.2933	28.8572
34.2967	28.8929
34.2978	28.9287
34.2992	28.9644
34.3002	29.0001
34.3006	29.0346
34.3014	29.0691
34.3021	29.1035
34.3027	29.138
34.3034	29.1725
34.3074	29.207
34.3086	29.2415
34.3105	29.2759
34.3243	29.3104
34.3275	29.3449
34.3308	29.3794
34.333	29.4139
34.3364	29.4484
34.3379	29.4828
34.341	29.5173
34.3482	29.5518
34.3504	29.5863
34.3545	29.6208
34.3569	29.6553
34.3602	29.6897
34.3621	29.7242
34.376	29.7587
34.3791	29.7932
34.3842	29.8277
34.3863	29.8622
34.3922	29.8966
34.397	29.9311
34.3976	29.9656
34.4009	30.0001
34.4015	30.0334
34.4033	30.0668
34.4045	30.1001
34.4052	30.1334
34.4065	30.1668
34.4072	30.2001
34.41	30.2334
34.4116	30.2668
34.4122	30.3001
34.4179	30.3334
34.4204	30.3668
34.424	30.4001
34.4251	30.4334
34.4258	30.4668
34.4278	30.5001
34.4296	30.5334
34.4316	30.5668
34.4333	30.6001
34.4358	30.6334
34.4371	30.6668
34.4526	30.7001
34.4561	30.7334
34.4578	30.7668
34.4604	30.8001
34.4772	30.8334
34.4798	30.8668
34.4828	30.9001
34.4861	30.9334
34.4882	30.9668
34.4897	31.0001
34.4943	31.0323
34.4977	31.0646
34.4984	31.0969
34.5003	31.1291
34.501	31.1614
34.5039	31.1936
34.5047	31.2259
34.5053	31.2582
34.5066	31.2904
34.5073	15.6452
34.5094	15.7119
34.512	15.7785
34.5148	15.8452
34.5182	15.9119
34.5205	15.9785
34.5211	16.0452
34.5226	16.1077
34.5247	16.1702
34.5253	16.2327
34.5268	16.2952
34.5303	16.3577
34.5309	16.4202
34.5426	16.4827
34.5442	16.5452
34.5575	16.6077
34.5623	16.6702
34.5648	16.7327
34.569	16.7952
34.5719	16.8577
34.5763	16.9202
34.5779	16.9827
34.5815	17.0452
34.584	17.104
34.5874	17.1629
34.5903	17.2217
34.5938	17.2805
34.5975	17.3393
34.5985	17.3981
34.5997	17.457
34.6315	17.5158
34.6345	17.5746
34.6377	17.6334
34.643	17.6923
34.6434	17.7511
34.644	17.8099
34.6516	17.8687
34.6561	17.9276
34.6602	17.9864
34.661	18.0452
34.6629	18.1008
34.6648	18.1563
34.6725	18.2119
34.6733	18.2674
34.6755	18.323
34.6785	18.3785
34.6804	18.4341
34.7009	18.4896
34.7128	18.5452
34.7144	18.6008
34.7163	18.6563
34.7169	18.7119
34.7198	18.7674
34.7286	18.823
34.7291	18.8785
34.7311	18.9341
34.7317	18.9896
34.7326	19.0452
34.7351	19.0978
34.7355	19.1505
34.7454	19.2031
34.7469	19.2557
34.7497	19.3084
34.7533	19.361
34.7539	19.4136
34.7675	19.4663
34.778	19.5189
34.7802	19.5715
34.7823	19.6242
34.7855	19.6768
34.7898	19.7294
34.8005	19.782
34.802	19.8347
34.8043	19.8873
34.8071	19.9399
34.8093	19.9926
34.8105	20.0452
34.8116	20.0952
34.8129	20.1452
34.8251	20.1952
34.8277	20.2452
34.8302	20.2952
34.832	20.3452
34.8346	20.3952
34.842	20.4452
34.854	20.4952
34.8581	20.5452
34.8585	20.5952
34.8646	20.6452
34.8797	20.6952
34.8801	20.7452
34.8808	20.7952
34.8822	20.8452
34.8848	20.8952
34.8864	20.9452
34.8871	20.9952
34.889	21.0452
34.8904	21.0928
34.8974	21.1404
34.9087	21.1881
34.9124	21.2357
34.9136	21.2833
34.9196	21.3309
34.9248	21.3785
34.9254	21.4262
34.93	21.4738
34.9446	21.5214
34.9469	21.569
34.9483	21.6166
34.961	21.6643
34.9632	21.7119
34.9639	21.7595
34.9655	21.8071
34.9663	21.8547
34.9669	21.9023
34.9693	21.95
34.9702	21.9976
34.9718	22.0452
34.9774	22.0907
34.9789	22.1361
34.9877	22.1816
34.992	22.227
34.9966	22.2725
34.9977	22.3179
35.0002	22.3634
35.0041	22.4088
35.0076	22.4543
35.017	22.4997
35.0223	22.5452
35.0229	22.5907
35.0335	22.6361
35.0355	22.6816
35.036	22.727
35.0371	22.7725
35.0386	22.8179
35.0473	22.8634
35.0519	22.9088
35.0545	22.9543
35.0564	22.9997
35.0579	23.0452
35.0622	23.0887
35.0628	23.1322
35.0672	23.1756
35.0706	23.2191
35.0733	23.2626
35.0763	23.3061
35.0787	23.3496
35.0793	23.393
35.0902	23.4365
35.0946	23.48
35.0966	23.5235
35.0972	23.5669
35.0982	23.6104
35.101	23.6539
35.103	23.6974
35.1061	23.7409
35.1105	23.7843
35.1254	23.8278
35.1264	23.8713
35.1285	23.9148
35.1305	23.9582
35.1317	24.0017
35.1326	24.0434
35.1446	24.0851
35.1458	24.1267
35.1479	24.1684
35.1509	24.2101
35.153	24.2517
35.1551	24.2934
35.1584	24.3351
35.1634	24.3767
35.1737	24.4184
35.1775	24.4601
35.18	24.5017
35.1835	24.5434
35.1857	24.5851
35.1895	24.6267
35.1919	24.6684
35.1935	24.7101
35.2002	24.7517
35.2025	24.7934
35.2124	24.8351
35.2138	24.8767
35.2163	24.9184
35.2166	24.9601
35.219	25.0017
35.2207	25.0417
35.2282	25.0817
35.2303	25.1217
35.2375	25.1617
35.2389	25.2017
35.2409	25.2417
35.2424	25.2817
35.2437	25.3217
35.246	25.3617
35.2509	25.4017
35.2648	25.4417
35.2657	25.4817
35.2669	25.5217
35.2698	25.5617
35.2704	25.6017
35.2729	25.6417
35.286	25.6817
35.2926	25.7217
35.2934	25.7617
35.2978	25.8017
35.2994	25.8417
35.3006	25.8817
35.3026	25.9217
35.3051	25.9617
35.3069	26.0017
35.3076	26.0402
35.3148	26.0786
35.3161	26.1171
35.3246	26.1556
35.3288	26.194
35.33	26.2325
35.3314	26.271
35.3354	26.3094
35.3373	26.3479
35.345	26.3863
35.3471	26.4248
35.3489	26.4633
35.3518	26.5017
35.354	26.5402
35.3547	26.5786
35.356	26.6171
35.3655	26.6556
35.3735	26.694
35.3753	26.7325
35.3767	26.771
35.3782	26.8094
35.3796	26.8479
35.381	26.8863
35.3824	26.9248
35.3843	26.9633
35.386	27.0017
35.3873	27.0388
35.3928	13.5194
35.3935	13.5963
35.3942	13.6732
35.3951	13.7502
35.4067	13.8271
35.4073	13.904
35.4093	13.9809
35.41	14.0578
35.4173	14.1293
35.4185	14.2007
35.4197	14.2721
35.4205	14.3436
35.4212	14.415
35.4228	14.4864
35.4247	14.5578
35.4452	14.6293
35.4467	14.7007
35.4505	14.7721
35.4516	14.8436
35.4546	14.915
35.4553	14.9864
35.4564	15.0578
35.4583	15.1245
35.459	15.1912
35.4614	15.2578
35.4621	15.3245
35.4696	15.3912
35.4712	15.4578
35.4777	15.5245
35.4935	15.5912
35.5048	15.6578
35.5095	15.7245
35.5109	15.7912
35.5132	15.8578
35.5145	15.9245
35.5165	15.9912
35.5179	16.0578
35.52	16.1203
35.5214	16.1828
35.5224	16.2453
35.5243	16.3078
35.5255	16.3703
35.5275	16.4328
35.5434	16.4953
35.5561	16.5578
35.561	16.6203
35.5616	16.6828
35.5641	16.7453
35.5663	16.8078
35.5743	16.8703
35.5764	16.9328
35.5779	16.9953
35.58	17.0578
35.5814	17.1167
35.5842	17.1755
35.5914	17.2343
35.5918	17.2931
35.5934	17.352
35.5938	17.4108
35.6045	17.4696
35.6179	17.5284
35.6209	17.5873
35.6333	17.6461
35.6339	17.7049
35.6378	17.7637
35.6391	17.8225
35.6412	17.8814
35.6433	17.9402
35.6447	17.999
35.6457	18.0578
35.6477	18.1134
35.6481	18.169
35.6563	18.2245
35.6571	18.2801
35.6579	18.3356
35.6623	18.3912
35.6716	18.4467
35.6848	18.5023
35.687	18.5578
35.6999	18.6134
35.7013	18.669
35.7026	18.7245
35.7041	18.7801
35.707	18.8356
35.7085	18.8912
35.7098	18.9467
35.713	19.0023
35.7156	19.0549
35.7165	19.1076
35.718	19.1602
35.7222	19.2128
35.7349	19.2654
35.7364	19.3181
35.7376	19.3707
35.7416	19.4233
35.7464	19.476
35.7494	19.5286
35.7557	19.5812
35.757	19.6339
35.7591	19.6865
35.7611	19.7391
35.7687	19.7918
35.7854	19.8444
35.7879	19.897
35.7897	19.9497
35.7903	20.0023
35.791	20.0523
35.7939	20.1023
35.7949	20.1523
35.7992	20.2023
35.7999	20.2523
35.8014	20.3023
35.8019	20.3523
35.8036	20.4023
35.8057	20.4523
35.8068	20.5023
35.827	20.5523
35.8284	20.6023
35.8305	20.6523
35.8325	20.7023
35.8336	20.7523
35.8443	20.8023
35.848	20.8523
35.8574	20.9023
35.8599	20.9523
35.8642	21.0023
35.8655	21.0499
35.8671	21.0975
35.8683	21.1451
35.8692	21.1928
35.8711	21.2404
35.8724	21.288
35.8802	21.3356
35.8817	21.3832
35.8833	21.4309
35.8847	21.4785
35.8954	21.5261
35.8974	21.5737
35.8975	21.6213
35.9095	21.669
35.9115	21.7166
35.9135	21.7642
35.9234	21.8118
35.9269	21.8594
35.9282	21.907
35.9282	21.9547
35.9296	22.0023
35.9303	22.0477
35.931	22.0932
35.9324	22.1387
35.9332	22.1841
35.9353	22.2296
35.9444	22.275
35.9535	22.3205
35.9568	22.3659
35.9579	22.4114
35.9587	22.4568
35.9598	22.5023
35.9612	22.5477
35.9633	22.5932
35.979	22.6387
35.9821	22.6841
35.9848	22.7296
35.9999	22.775
36.0005	22.8205
36.0035	22.8659
36.0051	22.9114
36.0072	22.9568
36.0095	23.0023
36.011	23.0458
36.0129	23.0892
36.0149	23.1327
36.0153	11.5664
36.0168	11.6573
36.0203	11.7482
36.0357	11.8391
36.0377	11.93
36.0392	12.0209
36.0447	12.1042
36.0451	12.1876
36.0467	12.2709
36.05	12.3542
36.0559	12.4376
36.0589	12.5209
36.0596	12.6042
36.0852	12.6876
36.0867	12.7709
36.088	12.8542
36.0887	12.9376
36.0908	13.0209
36.0921	13.0978
36.0936	13.1748
36.095	13.2517
36.1011	13.3286
36.1247	13.4055
36.127	13.4824
36.1327	6.74122
36.1334	6.90789
36.137	7.07456
36.1385	7.21741
36.1409	7.36027
36.1414	7.50313
36.1424	7.64598
36.1429	7.78884
36.1435	7.9317
36.1449	8.07456
36.1506	8.19956
36.1663	8.32456
36.1676	8.44956
36.1733	8.57456
36.1887	8.69956
36.1893	8.82456
36.1907	8.94956
36.192	9.07456
36.1926	9.18567
36.2014	9.29678
36.2071	9.40789
36.2092	9.519
36.2252	9.63011
36.2277	9.74122
36.2316	9.85233
36.2317	9.96344
36.2335	10.0746
36.236	10.1746
36.2417	10.2746
36.2448	10.3746
36.2475	10.4746
36.2626	10.5746
36.2641	10.6746
36.2654	10.7746
36.267	10.8746
36.2676	10.9746
36.2771	11.0746
36.2805	11.1655
36.2826	11.2564
36.2838	11.3473
36.287	11.4382
36.3059	11.5291
36.3067	11.62
36.308	11.7109
36.3094	11.8018
36.3108	11.8927
36.3194	11.9836
36.3201	12.0746
36.3216	12.1579
36.3223	12.2412
36.3228	12.3246
36.3334	12.4079
36.3343	12.4912
36.3395	12.5746
36.3442	12.6579
36.3469	12.7412
36.3486	12.8246
36.35	12.9079
36.3588	12.9912
36.3645	13.0746
36.3651	13.1515
36.3665	13.2284
36.3672	13.3053
36.3762	13.3822
36.3774	13.4592
36.3803	13.5361
36.3807	13.613
36.3817	13.6899
36.3832	13.7669
36.3847	13.8438
36.3894	13.9207
36.4064	13.9976
36.4093	14.0746
36.4099	14.146
36.4116	14.2174
36.4138	14.2888
36.4199	14.3603
36.4213	14.4317
36.4231	14.5031
36.4238	14.5746
36.426	14.646
36.4264	14.7174
36.4286	14.7888
36.43	14.8603
36.4425	14.9317
36.4429	15.0031
36.4444	15.0698
36.4458	15.1365
36.4472	15.2031
36.4486	15.2698
36.4652	15.3365
36.4667	15.4031
36.4673	15.4698
36.4686	15.5365
36.4704	15.6031
36.4725	15.6698
36.474	15.7365
36.4816	15.8031
36.4824	15.8698
36.485	15.9365
36.4866	16.0031
36.4881	16.0656
36.4902	16.1281
36.4907	16.1906
36.4949	16.2531
36.512	16.3156
36.5135	16.3781
36.5136	16.4406
36.5144	16.5031
36.5157	16.5656
36.5163	16.6281
36.5177	16.6906
36.5238	16.7531
36.5258	16.8156
36.5284	16.8781
36.5289	16.9406
36.5303	17.0031
36.531	17.062
36.5324	17.1208
36.5338	17.1796
36.5449	17.2384
36.5476	17.2972
36.5484	17.3561
36.55	17.4149
36.5512	17.4737
36.5533	17.5325
36.5546	17.5914
36.5562	17.6502
36.5693	17.709
36.5697	17.7678
36.5712	17.8267
36.5726	17.8855
36.5739	17.9443
36.5768	18.0031
36.5783	18.0587
36.5789	18.1142
36.5859	18.1698
36.5873	18.2253
36.5881	18.2809
36.596	18.3365
36.5979	18.392
36.5987	18.4476
36.6014	18.5031
36.6046	18.5587
36.6069	18.6142
36.609	18.6698
36.6101	18.7253
36.6112	18.7809
36.6132	18.8365
36.6139	18.892
36.616	18.9476
36.6163	19.0031
36.6189	19.0558
36.6204	19.1084
36.6208	19.161
36.6221	19.2137
36.6222	19.2663
36.6266	19.3189
36.6294	19.3715
36.6309	19.4242
36.6336	19.4768
36.64	19.5294
36.6409	19.5821
36.642	19.6347
36.6505	19.6873
36.652	19.74
36.6547	19.7926
36.6562	19.8452
36.6577	19.8979
36.6589	19.9505
36.6646	20.0031
36.6659	20.0531
36.6677	20.1031
36.6683	20.1531
36.6699	20.2031
36.6705	20.2531
36.6713	20.3031
36.6726	20.3531
36.6739	20.4031
36.678	20.4531
36.6814	20.5031
36.6907	20.5531
36.6921	20.6031
36.6933	20.6531
36.6949	20.7031
36.6961	20.7531
36.6976	20.8031
36.7019	20.8531
36.7072	20.9031
36.7082	20.9531
36.7097	21.0031
36.7109	21.0507
36.7131	21.0984
36.7138	21.146
36.7149	21.1936
36.7159	21.2412
36.7179	21.2888
36.7243	21.3365
36.7251	21.3841
36.7263	21.4317
36.7278	21.4793
36.7286	21.5269
36.7308	21.5746
36.732	21.6222
36.7363	21.6698
36.7376	21.7174
36.7384	21.765
36.7391	21.8127
36.7397	21.8603
36.7398	21.9079
36.7412	21.9555
36.7462	22.0031
36.7483	22.0486
36.7499	22.094
36.7518	22.1395
36.7533	22.1849
36.7547	22.2304
36.7561	22.2759
36.7673	22.3213
36.768	22.3668
36.7721	22.4122
36.7735	22.4577
36.7753	22.5031
36.7843	22.5486
36.7848	22.594
36.7855	22.6395
36.787	22.6849
36.7884	22.7304
36.7904	22.7759
36.7919	22.8213
36.7946	22.8668
36.796	22.9122
36.7963	22.9577
36.7968	23.0031
36.7975	23.0466
36.7982	23.0901
36.7989	23.1336
36.7997	23.177
36.8004	23.2205
36.8011	23.264
36.802	23.3075
36.8027	23.351
36.8092	23.3944
36.8109	23.4379
36.8111	23.4814
36.8124	23.5249
36.8138	23.5683
36.8152	23.6118
36.8172	23.6553
36.8195	23.6988
36.8206	23.7423
36.8214	23.7857
36.8215	23.8292
36.8225	23.8727
36.8237	23.9162
36.825	23.9596
36.8256	24.0031
36.8301	24.0448
36.8324	24.0865
36.8342	24.1281
36.8359	24.1698
36.8369	24.2115
36.8378	24.2531
36.8435	24.2948
36.8458	24.3365
36.8463	24.3781
36.8469	24.4198
36.848	24.4615
36.8498	24.5031
36.8504	24.5448
36.8514	24.5865
36.8517	24.6281
36.854	24.6698
36.8549	24.7115
36.8554	24.7531
36.856	24.7948
36.8571	24.8365
36.8576	24.8781
36.8591	24.9198
36.8609	24.9615
36.862	25.0031
36.8627	25.0431
36.864	25.0831
36.8646	25.1231
36.8676	25.1631
36.8687	25.2031
36.8693	25.2431
36.8699	25.2831
36.8772	25.3231
36.8795	25.3631
36.8805	25.4031
36.8809	25.4431
36.882	25.4831
36.8827	25.5231
36.8842	25.5631
36.8851	25.6031
36.8861	25.6431
36.8869	25.6831
36.8877	25.7231
36.8933	25.7631
36.8959	25.8031
36.897	25.8431
36.8979	25.8831
36.8996	25.9231
36.9003	25.9631
36.9016	26.0031
36.9027	26.0416
36.9038	26.0801
36.9039	26.1185
36.905	26.157
36.9064	26.1954
36.9077	26.2339
36.9089	26.2724
36.9098	26.3108
36.9105	26.3493
36.9117	26.3877
36.9124	26.4262
36.9131	26.4647
36.9138	26.5031
36.9159	26.5416
36.9183	26.5801
36.9189	26.6185
36.9196	26.657
36.9213	26.6954
36.9249	26.7339
36.9342	26.7724
36.9356	26.8108
36.9367	26.8493
36.9374	26.8877
36.938	26.9262
36.9392	26.9647
36.9401	27.0031
36.9409	27.0402
36.9429	27.0772
36.9581	27.1142
