time	cwndsize
0.256382	11
0.257083	12
0.258414	13
0.261184	14
0.26192	15
0.262701	16
0.264642	17
0.265313	18
0.266	19
0.267383	20
0.295274	21
0.295955	22
0.298726	23
0.3001	24
0.301486	25
0.302622	26
0.304644	27
0.30527	28
0.306649	29
0.310547	30
0.311873	31
0.313253	32
0.314811	33
0.316175	34
0.317565	35
0.318938	36
0.320711	37
0.322197	38
0.323503	39
0.324878	40
0.36746	41
0.368821	42
0.370335	43
0.371562	44
0.37227	45
0.372976	46
0.373649	47
0.375756	48
0.377122	49
0.378497	50
0.381006	51
0.382397	52
0.383718	53
0.386487	54
0.387863	55
0.389219	56
0.389917	57
0.390584	58
0.392012	59
0.393351	60
0.394736	30
0.396113	30.0333
0.39689	30.0667
0.397596	30.1
0.398303	30.1333
0.399642	30.1667
0.400328	30.2
0.401721	30.2333
0.403765	30.2667
0.405139	30.3
0.405848	30.3333
0.407206	30.3667
0.407897	30.4
0.410016	30.4333
0.411355	30.4667
0.412071	30.5
0.413431	30.5333
0.414174	30.5667
0.416512	30.6
0.417911	30.6333
0.476899	30.6667
0.477558	30.7
0.478255	30.7333
0.478929	30.7667
0.479715	30.8
0.480378	30.8333
0.481111	30.8667
0.48258	30.9
0.485361	30.9333
0.486727	30.9667
0.48809	31
0.48948	31.0323
0.490855	31.0645
0.494418	31.0968
0.497239	31.129
0.498615	31.1613
0.499988	31.1935
0.501388	31.2258
0.50276	31.2581
0.504829	31.2903
0.505556	31.3226
0.506959	31.3548
0.50973	31.3871
0.512047	31.4194
0.51257	31.4516
0.513925	31.4839
0.51531	31.5161
0.51598	31.5484
0.517349	31.5806
0.518762	31.6129
0.520105	31.6452
0.522195	31.6774
0.522892	31.7097
0.526289	31.7419
0.526984	31.7742
0.528387	31.8065
0.529859	31.8387
0.531138	31.871
0.532512	31.9032
0.533177	31.9355
0.620013	31.9677
0.620661	32
0.622033	32.0313
0.622764	32.0625
0.623416	32.0938
0.624118	32.125
0.62477	32.1563
0.625469	32.1875
0.633677	32.2188
0.635066	32.25
0.636428	32.2813
0.638645	32.3125
0.642816	32.3438
0.644214	32.375
0.645564	32.4063
0.646983	32.4375
0.647823	16.2188
0.648455	16.2813
0.649138	16.3438
0.649947	16.4063
0.651576	16.4688
0.651605	16.5313
0.651917	16.5938
0.652609	16.6563
0.653266	16.7188
0.655361	16.7813
0.656509	16.8438
0.658634	16.9063
0.659249	16.9688
0.659901	17.0313
0.660676	17.0901
0.675038	17.1489
0.675746	17.2077
0.676414	17.2665
0.678456	17.3254
0.679859	17.3842
0.681202	17.443
0.682576	17.5018
0.684621	17.5607
0.814524	17.6195
0.814821	17.6783
0.815496	17.7371
0.816623	17.796
0.816933	17.8548
0.817527	17.9136
0.81826	17.9724
0.820846	18.0313
0.820872	18.0868
0.82126	18.1424
0.821923	9.07118
0.822594	9.18229
0.823276	9.2934
0.824047	9.40451
0.824745	9.51563
0.825464	9.62674
0.828087	9.73785
0.829331	9.84896
0.832078	9.96007
0.83276	10.0712
0.833454	10.1712
0.83483	10.2712
0.838944	10.3712
0.847372	10.4712
0.883283	10.5712
0.883937	10.6712
0.884619	10.7712
0.885287	10.8712
0.910104	5.43559
0.910771	5.63559
0.911454	5.83559
0.912166	6.03559
0.912858	6.20226
0.913517	6.36892
0.91579	6.53559
0.916442	6.70226
0.918271	6.86892
0.918296	7.03559
0.964699	7.17845
0.964735	7.3213
0.968876	7.46416
0.9772	7.60702
0.980661	7.74988
0.981371	7.89273
0.982013	8.03559
1.04155	8.16059
1.0422	8.28559
1.07546	8.41059
1.08381	8.53559
1.08724	8.66059
1.08793	8.78559
1.08861	8.91059
1.0893	9.03559
1.16439	9.1467
1.16506	9.25781
1.19903	9.36892
1.20862	9.48003
1.21205	9.59115
1.21276	9.70226
1.2134	9.81337
1.21408	9.92448
1.21478	10.0356
1.30598	10.1356
1.30665	10.2356
1.33978	10.3356
1.34664	10.4356
1.3473	10.5356
1.34797	10.6356
1.34865	10.7356
1.34934	10.8356
1.35002	10.9356
1.35072	11.0356
1.36446	11.1265
1.36559	11.2174
1.36722	11.3083
1.36787	11.3992
1.36857	11.4901
1.36924	11.581
1.36993	11.672
1.37061	11.7629
1.37139	11.8538
1.372	11.9447
1.37269	12.0356
1.38025	12.1189
1.38092	12.2023
1.38298	12.2856
1.38368	12.3689
1.38436	12.4523
1.38504	12.5356
1.38574	12.6189
1.38642	12.7023
1.38712	12.7856
1.38778	12.8689
1.38847	12.9523
1.38918	13.0356
1.3974	13.1125
1.39817	13.1894
1.40012	13.2664
1.40082	13.3433
1.40151	13.4202
1.4022	13.4971
1.40287	13.5741
1.40359	13.651
1.40426	13.7279
1.40492	13.8048
1.40564	13.8817
1.40632	13.9587
1.407	14.0356
1.41594	14.107
1.41662	14.1784
1.41867	14.2499
1.41938	14.3213
1.42005	14.3927
1.42076	14.4642
1.42144	14.5356
1.42213	14.607
1.42281	14.6784
1.42348	14.7499
1.42415	14.8213
1.4249	14.8927
1.42555	14.9642
1.42623	15.0356
1.43612	15.1023
1.43678	15.1689
1.43816	15.2356
1.43888	15.3023
1.43954	15.3689
1.44035	15.4356
1.4416	15.5023
1.44299	15.5689
1.44434	15.6356
1.44572	15.7023
1.44709	15.7689
1.44931	15.8356
1.45067	15.9023
1.45205	15.9689
1.45277	16.0356
1.46853	16.0981
1.46992	16.1606
1.47313	16.2231
1.47402	16.2856
1.47539	16.3481
1.4768	16.4106
1.47882	16.4731
1.48087	16.5356
1.48293	16.5981
1.48499	16.6606
1.48569	8.3303
1.48636	8.4553
1.48707	8.5803
1.48775	8.7053
1.48843	8.8303
1.48914	8.9553
1.49599	9.0803
1.49667	9.19141
1.49806	9.30252
1.49879	9.41363
1.49944	9.52474
1.50017	9.63585
1.50088	9.74696
1.50154	9.85807
1.50226	9.96918
1.50291	10.0803
1.51046	10.1803
1.51185	10.2803
1.51252	10.3803
1.51325	10.4803
1.51391	10.5803
1.51458	10.6803
1.51526	10.7803
1.51596	10.8803
1.51668	10.9803
1.51742	11.0803
1.52621	11.1712
1.52753	11.2621
1.52821	11.353
1.52893	11.4439
1.52958	11.5348
1.53033	11.6257
1.53099	11.7167
1.53164	11.8076
1.53285	11.8985
1.53343	5.94924
1.53412	6.14924
1.54205	6.31591
1.54275	6.48257
1.54342	6.64924
1.54411	6.81591
1.54479	6.98257
1.54552	7.14924
1.54617	7.2921
1.54686	7.43495
1.54758	7.57781
1.55372	7.72067
1.55441	7.86352
1.55511	8.00638
1.5558	8.13138
1.55712	8.25638
1.55782	8.38138
1.55848	8.50638
1.56537	8.63138
1.56605	8.75638
1.56678	8.88138
1.56742	9.00638
1.56812	9.11749
1.56882	9.2286
1.5695	9.33971
1.57019	9.45083
1.57837	9.56194
1.57905	9.67305
1.57972	9.78416
1.58107	9.89527
1.5811	10.0064
1.58179	10.1064
1.58246	10.2064
1.58319	10.3064
1.58386	10.4064
1.59216	10.5064
1.59337	10.6064
1.59372	10.7064
1.59448	10.8064
1.5951	10.9064
1.59577	11.0064
1.59682	11.0973
1.5974	11.1882
1.5981	11.2791
1.59875	11.37
1.60776	11.4609
1.60842	11.5518
1.60909	11.6427
1.60992	11.7337
1.6105	11.8246
1.61119	11.9155
1.61188	12.0064
1.61266	12.0897
1.61324	12.173
1.61396	12.2564
1.61465	12.3397
1.62012	12.423
1.62084	12.5064
1.62152	12.5897
1.62225	12.673
1.62289	12.7564
1.6236	12.8397
1.62428	12.923
1.62499	13.0064
1.62568	13.0833
1.62635	13.1602
1.62706	13.2372
1.62771	13.3141
1.6339	13.391
1.63462	13.4679
1.63528	13.5448
1.63597	13.6218
1.63666	13.6987
1.63736	13.7756
1.63804	13.8525
1.63875	13.9295
1.63941	14.0064
1.64009	14.0778
1.6408	14.1492
1.6415	14.2207
1.6422	14.2921
1.64911	14.3635
1.64976	14.435
1.6505	14.5064
1.65113	14.5778
1.65185	14.6492
1.65252	14.7207
1.65325	14.7921
1.65391	14.8635
1.6546	14.935
1.65528	15.0064
1.656	15.073
1.65669	15.1397
1.65738	15.2064
1.65807	15.273
1.66566	15.3397
1.66631	15.4064
1.66699	15.473
1.66771	15.5397
1.66838	15.6064
1.66913	15.673
1.66978	15.7397
1.67046	15.8064
1.67114	15.873
1.67185	15.9397
1.67254	16.0064
1.6733	16.0689
1.67393	16.1314
1.67459	16.1939
1.67535	16.2564
1.68359	16.3189
1.6843	16.3814
1.68491	16.4439
1.68563	16.5064
1.68636	16.5689
1.68701	8.28444
1.68767	8.40944
1.68839	8.53444
1.68904	8.65944
1.68985	8.78444
1.69048	8.90944
1.69112	9.03444
1.69179	9.14555
1.69246	9.25666
1.69316	9.36777
1.69409	9.47889
1.70317	9.59
1.70379	9.70111
1.70444	9.81222
1.70523	9.92333
1.70584	10.0344
1.70653	10.1344
1.70721	10.2344
1.70789	10.3344
1.70861	10.4344
1.71411	10.5344
1.71525	10.6344
1.71554	10.7344
1.71616	10.8344
1.71686	10.9344
1.71756	11.0344
1.71822	11.1253
1.71894	11.2163
1.71998	11.3072
1.72032	11.3981
1.72758	11.489
1.72826	5.74449
1.72894	5.94449
1.7299	6.14449
1.73033	6.31116
1.731	6.47783
1.73169	6.64449
1.73237	6.81116
1.73307	6.97783
1.73425	7.14449
1.73489	7.28735
1.73889	7.43021
1.73959	7.57306
1.74061	7.71592
1.74125	7.85878
1.74194	8.00164
1.7426	8.12664
1.74327	8.25164
1.74815	8.37664
1.74882	8.50164
1.74957	8.62664
1.75022	8.75164
1.75087	8.87664
1.7518	9.00164
1.75244	9.11275
1.75316	9.22386
1.7587	4.61193
1.75936	4.86193
1.76003	5.11193
1.76073	5.31193
1.76141	5.51193
1.76212	5.71193
1.76279	5.91193
1.76349	6.11193
1.76418	6.2786
1.77118	6.44526
1.77182	6.61193
1.77252	6.7786
1.77325	6.94526
1.77397	7.11193
1.77459	7.25479
1.77948	7.39764
1.78037	7.5405
1.78091	7.68336
1.78161	7.82621
1.78231	7.96907
1.78303	8.11193
1.78432	8.23693
1.78851	8.36193
1.78918	8.48693
1.79005	8.61193
1.79058	8.73693
1.79125	8.86193
1.79196	8.98693
1.79268	9.11193
1.79333	9.22304
1.79883	9.33415
1.79951	9.44526
1.8002	9.55637
1.80089	9.66748
1.80161	4.83374
1.80227	5.08374
1.803	5.28374
1.80364	5.48374
1.80434	5.68374
1.81055	5.88374
1.81128	6.08374
1.81195	6.25041
1.81262	6.41708
1.81332	6.58374
1.82161	6.75041
1.82297	6.91708
1.82365	7.08374
1.82501	7.2266
1.82572	7.36946
1.82747	7.51231
1.83628	7.65517
1.83696	7.79803
1.83767	7.94089
1.83834	8.08374
1.83901	8.20874
1.83973	8.33374
1.84046	8.45874
1.84529	8.58374
1.84596	8.70874
1.84677	8.83374
1.84734	8.95874
1.84807	9.08374
1.84871	9.19485
1.8494	9.30596
1.85009	9.41708
1.85567	9.52819
1.85703	9.6393
1.85903	9.75041
1.85969	9.86152
1.86178	9.97263
1.86183	10.0837
1.86284	10.1837
1.86413	10.2837
1.8648	10.3837
1.8738	10.4837
1.87447	10.5837
1.87649	10.6837
1.87719	10.7837
1.87928	10.8837
1.88009	10.9837
1.88073	11.0837
1.88136	11.1747
1.88275	11.2656
1.88411	11.3565
1.89689	11.4474
1.8983	11.5383
1.89904	11.6292
1.89984	11.7201
1.90037	11.811
1.90169	11.9019
1.90177	11.9928
1.90241	12.0837
1.90311	12.1671
1.90383	12.2504
1.90449	12.3337
1.90937	12.4171
1.91005	12.5004
1.91073	12.5837
1.91142	12.6671
1.91213	12.7504
1.91282	12.8337
1.91353	12.9171
1.91417	13.0004
1.91489	13.0773
1.91555	13.1543
1.91626	13.2312
1.91694	13.3081
1.92246	13.385
1.92314	13.4619
1.92395	13.5389
1.92451	13.6158
1.92524	13.6927
1.9259	13.7696
1.92657	13.8466
1.9273	13.9235
1.92796	14.0004
1.92866	14.0718
1.92933	14.1433
1.93009	14.2147
1.93072	14.2861
1.93758	14.3576
1.93826	14.429
1.94032	14.5004
1.94103	14.5718
1.94307	14.6433
1.94381	14.7147
1.9446	14.7861
1.94517	14.8576
1.94585	14.929
1.94654	15.0004
1.94728	15.0671
1.94794	15.1337
1.94863	15.2004
1.94931	15.2671
1.95345	15.3337
1.95414	15.4004
1.95483	15.4671
1.95555	15.5337
1.95699	15.6004
1.96032	15.6671
1.9617	15.7337
1.96248	15.8004
1.96382	15.8671
1.96447	15.9337
1.96514	16.0004
1.96584	16.0629
1.9672	16.1254
1.96789	16.1879
1.96862	16.2504
1.97274	16.3129
1.97342	16.3754
1.97412	16.4379
1.97482	16.5004
1.97549	16.5629
1.97617	16.6254
1.97692	8.3127
1.97755	8.4377
1.97824	8.5627
1.97898	8.6877
1.97965	8.8127
1.98035	8.9377
1.98101	9.0627
1.98166	9.17382
1.98235	9.28493
1.98303	9.39604
1.98648	9.50715
1.98715	9.61826
1.98783	9.72937
1.98854	9.84048
1.98921	9.95159
1.9899	10.0627
1.99059	10.1627
1.99125	10.2627
1.99197	10.3627
1.9975	10.4627
2.0167	10.5627
2.01876	10.6627
2.02148	10.7627
2.02354	10.8627
2.02493	10.9627
2.02628	11.0627
2.02767	11.1536
2.02904	11.2445
2.03181	11.3354
2.03593	11.4263
2.07028	11.5172
2.07434	11.6082
2.07578	11.6991
2.07721	11.79
2.07848	11.8809
2.07985	11.9718
2.0812	12.0627
2.08328	12.146
2.08395	12.2294
2.08533	12.3127
2.08673	12.396
2.12928	6.19802
2.13626	6.36469
2.13889	6.53135
2.14232	6.69802
2.14575	6.86469
2.14853	7.03135
2.15124	7.17421
2.15191	7.31707
2.15538	7.45992
2.15743	7.60278
2.15959	7.74564
2.16291	7.8885
2.17528	8.03135
2.17666	8.15635
2.17739	8.28135
2.17809	8.40635
2.17872	8.53135
2.18009	8.65635
2.18145	8.78135
2.19314	8.90635
2.1938	9.03135
2.19519	9.14246
2.19592	4.57123
2.19725	4.82123
2.19793	5.07123
2.19931	5.27123
2.20075	5.47123
2.21238	5.67123
2.21303	5.87123
2.21384	6.07123
2.2152	6.2379
2.21796	6.40457
2.22968	6.57123
2.23032	6.7379
2.23169	6.90457
2.23238	7.07123
2.23376	7.21409
2.23652	7.35695
2.24819	7.4998
2.24889	7.64266
2.25024	7.78552
2.25095	7.92837
2.25163	8.07123
2.25301	4.03562
2.25607	4.28562
2.26853	4.53562
2.26925	4.78562
2.27057	5.03562
2.27127	5.23562
2.27195	5.43562
2.27263	5.63562
2.28927	5.83562
2.28989	6.03562
2.29058	6.20228
2.29139	6.36895
2.29197	6.53562
2.31403	6.70228
2.31474	6.86895
2.31568	7.03562
2.31624	7.17847
2.3169	7.32133
2.31754	7.46419
2.32719	7.60704
2.32788	7.7499
2.3287	7.89276
2.32938	8.03562
2.33	8.16062
2.33069	8.28562
2.33135	8.41062
2.34171	8.53562
2.34239	4.26781
2.34306	4.51781
2.34378	4.76781
2.34443	5.01781
2.34513	5.21781
2.34584	5.41781
2.34654	5.61781
2.3576	5.81781
2.35827	6.01781
2.35895	6.18447
2.35965	6.35114
2.36033	6.51781
2.37206	6.68447
2.37278	6.85114
2.37344	7.01781
2.37416	7.16067
2.37481	7.30352
2.37557	7.44638
2.38795	7.58924
2.38862	7.73209
2.38936	7.87495
2.38998	8.01781
2.39072	8.14281
2.39139	8.26781
2.39211	8.39281
2.3998	8.51781
2.4004	8.64281
2.4011	8.76781
2.40179	8.89281
2.40243	9.01781
2.40318	9.12892
2.40379	9.24003
2.40449	9.35114
2.41202	9.46225
2.41273	9.57336
2.41343	9.68447
2.41408	9.79559
2.4148	9.9067
2.41543	10.0178
2.41612	10.1178
2.41683	10.2178
2.4175	10.3178
2.42574	10.4178
2.4265	10.5178
2.42713	10.6178
2.42783	10.7178
2.42854	10.8178
2.42917	10.9178
2.42989	11.0178
2.43054	11.1087
2.43124	11.1996
2.43195	11.2905
2.44097	11.3814
2.44159	11.4724
2.44228	11.5633
2.44296	11.6542
2.44367	11.7451
2.44443	11.836
2.44504	11.9269
2.44578	12.0178
2.44641	12.1011
2.44711	12.1845
2.44779	12.2678
2.45742	12.3511
2.45807	12.4345
2.45881	12.5178
2.45953	12.6011
2.46012	12.6845
2.46086	12.7678
2.46149	12.8511
2.46218	12.9345
2.4629	13.0178
2.46355	13.0947
2.46426	13.1717
2.46501	13.2486
2.47525	13.3255
2.47592	13.4024
2.4766	13.4793
2.47728	13.5563
2.47802	13.6332
2.47869	13.7101
2.47939	13.787
2.48005	13.864
2.48073	13.9409
2.4814	14.0178
2.4821	14.0892
2.48279	14.1607
2.48347	14.2321
2.4945	14.3035
2.49523	14.375
2.49586	14.4464
2.49726	14.5178
2.49797	14.5892
2.4986	14.6607
2.49933	14.7321
2.5007	14.8035
2.50208	14.875
2.50274	14.9464
2.50341	15.0178
2.50423	15.0845
2.50481	15.1511
2.50547	15.2178
2.52334	15.2845
2.52475	15.3511
2.52618	15.4178
2.52745	15.4845
2.52813	15.5511
2.5295	15.6178
2.53089	7.8089
2.53161	7.95176
2.53294	8.09462
2.53363	8.21962
2.53433	8.34462
2.53501	8.46962
2.53638	8.59462
2.53715	8.71962
2.53847	8.84462
2.5508	8.96962
2.55148	9.09462
2.55219	9.20573
2.55286	9.31684
2.55354	9.42795
2.55432	9.53906
2.55834	9.65017
2.56178	9.76128
2.59002	9.8724
2.59061	9.98351
2.59198	10.0946
2.59267	10.1946
2.59407	10.2946
2.59541	10.3946
2.59611	10.4946
2.59825	10.5946
2.6003	10.6946
2.61749	10.7946
2.61816	10.8946
2.61888	10.9946
2.6196	11.0946
2.62023	11.1855
2.62097	11.2764
2.62159	11.3673
2.6223	11.4583
2.62299	11.5492
2.62368	11.6401
2.63199	11.731
2.63268	11.8219
2.63336	11.9128
2.63406	12.0037
2.6347	12.087
2.63543	12.1704
2.63616	12.2537
2.6368	12.337
2.63754	12.4204
2.6382	12.5037
2.63889	12.587
2.64789	12.6704
2.64854	12.7537
2.64921	12.837
2.64996	12.9204
2.65066	13.0037
2.65132	13.0806
2.652	13.1576
2.65271	13.2345
2.6534	13.3114
2.65415	13.3883
2.65477	13.4652
2.65549	13.5422
2.66515	13.6191
2.66582	13.696
2.66648	13.7729
2.66723	13.8499
2.6679	13.9268
2.66858	14.0037
2.66928	14.0751
2.66995	14.1466
2.67069	14.218
2.67134	14.2894
2.67204	14.3609
2.67272	14.4323
2.67347	14.5037
2.68377	14.5751
2.68445	14.6466
2.68516	14.718
2.68585	14.7894
2.68654	14.8609
2.68724	14.9323
2.68792	15.0037
2.6886	15.0704
2.68929	15.137
2.69001	15.2037
2.69065	15.2704
2.69134	15.337
2.69203	15.4037
2.6927	15.4704
2.69892	15.537
2.69957	15.6037
2.70035	15.6704
2.70095	15.737
2.70171	15.8037
2.70238	15.8704
2.70301	15.937
2.70369	16.0037
2.7044	16.0662
2.7051	16.1287
2.70584	16.1912
2.7065	16.2537
2.70718	16.3162
2.70792	16.3787
2.70855	16.4412
2.71541	16.5037
2.71609	16.5662
2.71677	16.6287
2.7176	16.6912
2.71819	16.7537
2.71891	16.8162
2.71957	16.8787
2.72024	16.9412
2.72097	17.0037
2.72161	17.0625
2.72231	17.1214
2.723	17.1802
2.72367	17.239
2.7244	17.2978
2.72505	17.3567
2.72588	17.4155
2.73336	17.4743
2.73399	17.5331
2.73468	17.5919
2.73605	17.6508
2.73672	8.82538
2.73742	8.95038
2.73808	9.07538
2.73947	9.1865
2.74016	9.29761
2.74153	9.40872
2.7429	9.51983
2.74359	9.63094
2.74534	9.74205
2.74568	9.85316
2.74633	9.96427
2.7477	10.0754
2.7491	10.1754
2.76146	10.2754
2.7628	10.3754
2.76348	10.4754
2.76415	10.5754
2.76636	10.6754
2.767	10.7754
2.76761	10.8754
2.76968	10.9754
2.77109	11.0754
2.77244	11.1663
2.78345	11.2572
2.78412	11.3481
2.78482	11.439
2.78617	11.5299
2.78685	11.6208
2.78754	5.81042
2.78823	6.01042
2.78894	6.17709
2.79028	6.34375
2.79169	6.51042
2.79244	6.67709
2.80335	6.84375
2.8048	7.01042
2.80542	7.15328
2.80675	7.29613
2.80818	7.43899
2.81157	7.58185
2.82191	7.7247
2.82254	7.86756
2.82392	8.01042
2.8253	8.13542
2.82666	8.26042
2.82803	8.38542
2.8302	8.51042
2.84275	8.63542
2.84343	8.76042
2.84412	8.88542
2.84479	9.01042
2.84546	9.12153
2.84614	9.23264
2.84684	9.34375
2.84753	9.45486
2.85599	9.56597
2.85665	9.67709
2.85727	9.7882
2.85798	9.89931
2.85864	10.0104
2.85932	10.1104
2.86001	10.2104
2.86068	10.3104
2.86137	10.4104
2.87029	10.5104
2.87098	10.6104
2.87171	10.7104
2.87235	10.8104
2.87303	10.9104
2.87373	11.0104
2.87443	11.1013
2.8751	11.1922
2.87579	11.2831
2.87648	11.3741
2.88608	11.465
2.88747	11.5559
2.88899	11.6468
2.89025	11.7377
2.89089	11.8286
2.89157	11.9195
2.89295	12.0104
2.89365	12.0938
2.89437	12.1771
2.89507	12.2604
2.89573	12.3438
2.90602	12.4271
2.90738	12.5104
2.9082	12.5938
2.90875	12.6771
2.90945	12.7604
2.91081	12.8438
2.91148	6.42188
2.91223	6.58854
2.91355	6.75521
2.91425	6.92188
2.91562	7.08854
2.9163	7.2314
2.92799	7.37426
2.93146	7.51711
2.93278	7.65997
2.93357	7.80283
2.93485	7.94569
2.93621	8.08854
2.93904	8.21354
2.95553	8.33854
2.95823	8.46354
2.9596	8.58854
2.96098	8.71354
2.96166	8.83854
2.96308	8.96354
2.9644	9.08854
2.96788	9.19965
2.98173	9.31077
2.98447	9.42188
2.98582	9.53299
2.98791	9.6441
2.98926	9.75521
2.99061	9.86632
2.99131	9.97743
2.9927	10.0885
2.99543	10.1885
3.01148	10.2885
3.01532	10.3885
3.01599	10.4885
3.01739	10.5885
3.01914	10.6885
3.02114	10.7885
3.02249	10.8885
3.0243	10.9885
3.02494	11.0885
3.02729	11.1795
3.05004	11.2704
3.05358	11.3613
3.05427	11.4522
3.05496	11.5431
3.05631	11.634
3.05697	11.7249
3.05856	11.8158
3.06157	11.9067
3.06229	11.9976
3.06367	12.0885
3.06433	12.1719
3.09463	12.2552
3.09603	12.3385
3.0974	12.4219
3.09876	12.5052
3.10013	12.5885
3.10157	12.6719
3.10288	12.7552
3.10775	12.8385
3.10848	12.9219
3.11128	13.0052
3.11198	13.0821
3.11264	13.1591
3.15285	13.236
3.15353	13.3129
3.15547	13.3898
3.16025	13.4667
3.16161	13.5437
3.16503	13.6206
3.16584	13.6975
3.1756	13.7744
3.18013	13.8514
3.18488	13.9283
3.18626	14.0052
3.18762	14.0766
3.18897	14.1481
3.22173	14.2195
3.2254	14.2909
3.22678	14.3624
3.22885	14.4338
3.23232	14.5052
3.23577	14.5766
3.23781	14.6481
3.24632	14.7195
3.25175	14.7909
3.25395	14.8624
3.25468	14.9338
3.25544	15.0052
3.26137	15.0719
3.26414	15.1385
3.29117	15.2052
3.29457	15.2719
3.29551	15.3385
3.29731	15.4052
3.29926	15.4719
3.30007	15.5385
3.30148	15.6052
3.31076	15.6719
3.31384	15.7385
3.31522	15.8052
3.31656	15.8719
3.31799	15.9385
3.31932	16.0052
3.32207	16.0677
3.32833	16.1302
3.36586	16.1927
3.36653	16.2552
3.37013	16.3177
3.37149	16.3802
3.37421	16.4427
3.37552	16.5052
3.37693	16.5677
3.3837	16.6302
3.38437	16.6927
3.38507	16.7552
3.38586	16.8177
3.38647	16.8802
3.38783	16.9427
3.38858	17.0052
3.39111	17.064
3.39551	17.1229
3.41492	17.1817
3.41627	17.2405
3.42042	17.2993
3.42113	17.3582
3.42183	17.417
3.42264	17.4758
3.42389	17.5346
3.42829	17.5934
3.42964	17.6523
3.43106	17.7111
3.43239	17.7699
3.4331	17.8287
3.43377	17.8876
3.43519	17.9464
3.43585	18.0052
3.43652	18.0608
3.43728	18.1163
3.4599	18.1719
3.46127	18.2274
3.46203	18.283
3.46267	18.3385
3.46412	18.3941
3.46477	18.4497
3.46542	18.5052
3.46685	18.5608
3.4682	18.6163
3.46961	18.6719
3.47029	18.7274
3.47098	18.783
3.47164	18.8385
3.47231	18.8941
3.4737	18.9497
3.47437	19.0052
3.47506	19.0578
3.47584	19.1105
3.49776	19.1631
3.49912	19.2157
3.50045	19.2684
3.50185	19.321
3.50324	19.3736
3.50391	19.4263
3.50462	19.4789
3.50529	19.5315
3.50599	19.5842
3.50668	19.6368
3.50739	19.6894
3.50805	19.7421
3.50875	19.7947
3.50946	19.8473
3.51014	19.8999
3.51079	19.9526
3.51149	20.0052
3.51218	20.0552
3.51288	20.1052
3.52947	20.1552
3.5301	20.2052
3.53148	20.2552
3.53215	20.3052
3.53284	20.3552
3.53424	20.4052
3.53489	20.4552
3.53559	20.5052
3.53696	20.5552
3.53768	20.6052
3.53833	20.6552
3.539	20.7052
3.54039	20.7552
3.54175	20.8052
3.54313	20.8552
3.54381	20.9052
3.54519	20.9552
3.5466	21.0052
3.54794	21.0528
3.54931	21.1004
3.56865	21.1481
3.56931	10.574
3.57	10.674
3.57069	10.774
3.5714	10.874
3.57214	10.974
3.57276	11.074
3.57347	11.1649
3.57421	11.2559
3.57485	11.3468
3.5755	11.4377
3.5762	11.5286
3.57689	11.6195
3.57767	11.7104
3.57827	11.8013
3.57964	11.8922
3.58031	11.9831
3.58102	12.074
3.58172	12.1574
3.58241	12.2407
3.58309	12.324
3.60648	12.4074
3.61467	12.4907
3.61536	12.574
3.61609	12.6574
3.61674	12.7407
3.61743	12.824
3.61817	12.9074
3.6188	12.9907
3.61948	13.074
3.62018	13.151
3.62087	13.2279
3.62156	13.3048
3.63673	13.3817
3.64293	13.4586
3.64429	13.5356
3.64567	13.6125
3.64708	13.6894
3.6484	13.7663
3.64979	13.8433
3.65114	13.9202
3.65187	13.9971
3.65264	14.074
3.65399	14.1455
3.65529	14.2169
3.65665	14.2883
3.67593	14.3597
3.67665	14.4312
3.67732	14.5026
3.67799	14.574
3.67867	14.6455
3.67937	14.7169
3.68002	14.7883
3.68076	14.8597
3.68143	14.9312
3.68212	15.0026
3.68284	15.0693
3.68351	15.1359
3.68487	15.2026
3.68559	15.2693
3.71236	15.3359
3.71303	15.4026
3.7144	15.4693
3.71513	15.5359
3.71585	15.6026
3.71656	15.6693
3.7172	15.7359
3.71788	15.8026
3.71855	15.8693
3.71935	15.9359
3.71993	16.0026
3.72064	16.0651
3.72137	16.1276
3.72199	16.1901
3.72269	16.2526
3.73717	16.3151
3.73922	16.3776
3.7399	16.4401
3.74127	16.5026
3.74196	16.5651
3.74333	16.6276
3.74406	16.6901
3.74539	16.7526
3.74608	16.8151
3.74677	16.8776
3.74814	16.9401
3.74951	17.0026
3.75036	17.0614
3.75093	17.1203
3.7516	17.1791
3.75227	17.2379
3.76056	17.2967
3.76122	17.3555
3.76188	17.4144
3.7626	17.4732
3.7633	17.532
3.76396	17.5908
3.76462	17.6497
3.76534	17.7085
3.76602	17.7673
3.76676	17.8261
3.76809	17.885
3.77154	17.9438
3.77291	18.0026
3.77437	18.0582
3.7757	18.1137
3.77702	18.1693
3.7777	18.2248
3.78803	18.2804
3.78872	18.3359
3.7894	18.3915
3.79007	18.447
3.79077	18.5026
3.79215	18.5582
3.79282	18.6137
3.7935	18.6693
3.7942	18.7248
3.79488	18.7804
3.79561	18.8359
3.79624	18.8915
3.79691	18.947
3.79763	19.0026
3.79834	19.0552
3.79906	19.1079
3.79969	19.1605
3.80036	19.2131
3.80865	19.2658
3.81017	19.3184
3.81142	19.371
3.81287	19.4237
3.81416	19.4763
3.81553	19.5289
3.81626	19.5816
3.81769	19.6342
3.8183	19.6868
3.819	19.7394
3.82036	9.86972
3.82102	9.98083
3.82173	10.0919
3.82243	10.1919
3.82307	10.2919
3.82376	10.3919
3.82445	10.4919
3.82519	10.5919
3.82588	10.6919
3.83348	10.7919
3.83413	10.8919
3.83476	10.9919
3.83545	11.0919
3.83618	11.1829
3.83686	11.2738
3.83752	11.3647
3.83834	11.4556
3.83891	11.5465
3.83961	11.6374
3.85472	11.7283
3.85539	5.86415
3.85608	6.06415
3.85675	6.23082
3.85745	6.39749
3.85816	6.56415
3.85884	6.73082
3.85961	6.89749
3.86046	7.06415
3.86091	7.20701
3.86157	7.34987
3.87054	7.49273
3.87124	7.63558
3.87261	7.77844
3.87465	7.9213
3.87604	8.06415
3.87673	8.18915
3.87809	8.31415
3.89191	8.43915
3.89264	8.56415
3.89327	8.68915
3.89397	8.81415
3.8947	8.93915
3.89535	9.06415
3.89605	9.17527
3.89674	9.28638
3.90779	9.39749
3.91133	9.5086
3.91261	9.61971
3.91325	9.73082
3.91462	9.84193
3.91532	9.95304
3.91667	10.0642
3.91737	10.1642
3.91807	10.2642
3.92438	10.3642
3.92495	10.4642
3.92573	10.5642
3.92641	10.6642
3.9271	10.7642
3.92772	10.8642
3.92914	10.9642
3.92979	11.0642
3.93051	11.1551
3.93184	11.246
3.93806	11.3369
3.93871	11.4278
3.94075	11.5187
3.94212	11.6096
3.94501	11.7005
3.94625	11.7914
3.94768	11.8823
3.94835	11.9732
3.94901	12.0642
3.94969	12.1475
3.95041	12.2308
3.95528	12.3142
3.95598	12.3975
3.95669	12.4808
3.95877	12.5642
3.96015	12.6475
3.96149	12.7308
3.96218	12.8142
3.96356	12.8975
3.96424	12.9808
3.96494	13.0642
3.96628	13.1411
3.96697	13.218
3.97389	13.2949
3.97522	13.3718
3.97659	13.4488
3.97807	13.5257
3.97866	13.6026
3.97935	6.80131
3.98001	6.96797
3.98072	7.13464
3.98141	7.2775
3.98212	7.42036
3.98277	7.56321
3.98346	7.70607
3.98416	7.84893
3.98835	7.99178
3.98901	8.13464
3.98969	8.25964
3.99111	8.38464
3.99244	8.50964
3.99797	8.63464
4.00005	8.75964
4.00762	8.88464
4.00831	9.00964
4.009	9.12075
4.00966	9.23186
4.01036	9.34297
4.01106	9.45409
4.01173	9.5652
4.01243	9.67631
4.02411	9.78742
4.0248	9.89853
4.02551	10.0096
4.02619	10.1096
4.02824	10.2096
4.02856	10.3096
4.02995	10.4096
4.03137	10.5096
4.03273	10.6096
4.04094	10.7096
4.04162	10.8096
4.04231	10.9096
4.04302	11.0096
4.0437	11.1006
4.04436	11.1915
4.04505	11.2824
4.04573	11.3733
4.04642	11.4642
4.04715	11.5551
4.05538	11.646
4.05604	11.7369
4.05672	11.8278
4.05808	11.9187
4.05881	12.0096
4.05948	12.093
4.06017	6.04649
4.06154	6.21315
4.06295	6.37982
4.06361	6.54649
4.06429	6.71315
4.07185	6.87982
4.07258	7.04649
4.07323	7.18934
4.07394	7.3322
4.0746	7.47506
4.07599	7.61792
4.07737	7.76077
4.08558	7.90363
4.08626	8.04649
4.08697	8.17149
4.08835	8.29649
4.09041	8.42149
4.09247	8.54649
4.09531	8.67149
4.1028	8.79649
4.10355	8.92149
4.10417	9.04649
4.10559	9.1576
4.10624	9.26871
4.10694	9.37982
4.10832	9.49093
4.11037	9.60204
4.11864	9.71315
4.12	9.82427
4.12071	9.93538
4.12141	10.0465
4.12211	10.1465
4.12344	10.2465
4.12481	10.3465
4.12688	10.4465
4.12896	10.5465
4.13652	10.6465
4.13795	10.7465
4.13927	10.8465
4.13997	10.9465
4.14138	11.0465
4.14351	11.1374
4.14409	11.2283
4.14546	11.3192
4.14614	11.4101
4.14824	11.501
4.15438	11.5919
4.15512	11.6829
4.1558	11.7738
4.15715	11.8647
4.15852	11.9556
4.1599	12.0465
4.1613	12.1298
4.16268	12.2132
4.16471	12.2965
4.16613	12.3798
4.16749	12.4632
4.1716	12.5465
4.17229	12.6298
4.173	12.7132
4.17371	12.7965
4.17575	12.8798
4.1771	12.9632
4.17848	13.0465
4.17918	13.1234
4.17992	13.2003
4.18058	13.2773
4.18124	13.3542
4.18401	13.4311
4.18744	13.508
4.18882	13.5849
4.19093	13.6619
4.19294	13.7388
4.19365	13.8157
4.19435	13.8926
4.19507	13.9696
4.19711	14.0465
4.19915	14.1179
4.20053	14.1893
4.20193	14.2608
4.20259	14.3322
4.20396	14.4036
4.20466	14.4751
4.20606	14.5465
4.20811	14.6179
4.20881	7.30896
4.20952	7.45182
4.21227	7.59467
4.21368	7.73753
4.21431	7.88039
4.21499	8.02324
4.21777	8.14824
4.21911	8.27324
4.22047	8.39824
4.22115	8.52324
4.22189	8.64824
4.22256	8.77324
4.22464	8.89824
4.226	9.02324
4.23013	9.13435
4.23289	9.24547
4.23496	9.35658
4.23562	9.46769
4.23632	9.5788
4.237	9.68991
4.23907	9.80102
4.24043	9.91213
4.24118	10.0232
4.24461	10.1232
4.24534	10.2232
4.24595	10.3232
4.24735	10.4232
4.24801	10.5232
4.2487	10.6232
4.24947	10.7232
4.25148	10.8232
4.25219	10.9232
4.25284	11.0232
4.25974	11.1142
4.26106	11.2051
4.26244	11.296
4.26383	11.3869
4.26453	11.4778
4.26524	11.5687
4.26589	11.6596
4.26865	11.7505
4.26935	11.8414
4.27002	11.9323
4.27071	12.0232
4.27966	12.1066
4.28034	12.1899
4.28102	12.2732
4.28241	12.3566
4.28379	12.4399
4.28518	12.5232
4.28586	12.6066
4.28726	12.6899
4.28795	12.7732
4.28857	12.8566
4.29136	12.9399
4.29204	13.0232
4.29822	13.1002
4.29891	13.1771
4.30097	13.254
4.30168	13.3309
4.30234	13.4079
4.30377	13.4848
4.30586	13.5617
4.30786	13.6386
4.30923	13.7156
4.31062	13.7925
4.31265	13.8694
4.31339	13.9463
4.31604	14.0232
4.3194	14.0947
4.32143	14.1661
4.32212	14.2375
4.32487	14.309
4.32553	14.3804
4.3269	14.4518
4.32899	14.5232
4.32973	14.5947
4.33107	14.6661
4.33244	14.7375
4.33387	14.809
4.3352	14.8804
4.33659	14.9518
4.33726	15.0232
4.33932	15.0899
4.34069	15.1566
4.34342	15.2232
4.34552	15.2899
4.34758	15.3566
4.34826	15.4232
4.34964	15.4899
4.35102	15.5566
4.35239	15.6232
4.35318	15.6899
4.35451	15.7566
4.35528	15.8232
4.35586	15.8899
4.35723	15.9566
4.35858	16.0232
4.35998	16.0857
4.36274	16.1482
4.36411	16.2107
4.3648	16.2732
4.36617	16.3357
4.36824	16.3982
4.36897	16.4607
4.37031	16.5232
4.37098	16.5857
4.37166	16.6482
4.37447	16.7107
4.37584	16.7732
4.37652	16.8357
4.37787	16.8982
4.37856	16.9607
4.38133	17.0232
4.38271	17.0821
4.38338	17.1409
4.3868	17.1997
4.38751	17.2585
4.3882	17.3174
4.38887	17.3762
4.3896	17.435
4.39031	17.4938
4.39165	17.5527
4.39236	17.6115
4.39305	17.6703
4.39441	17.7291
4.39579	17.7879
4.39717	17.8468
4.39921	17.9056
4.40073	17.9644
4.4013	18.0232
4.40333	18.0788
4.40542	18.1344
4.4061	18.1899
4.40679	18.2455
4.40748	18.301
4.40817	18.3566
4.40954	18.4121
4.41029	18.4677
4.41231	18.5232
4.41372	18.5788
4.41573	18.6344
4.41712	18.6899
4.41783	18.7455
4.41851	18.801
4.41921	18.8566
4.4207	18.9121
4.42127	18.9677
4.42334	19.0232
4.42474	19.0759
4.42543	19.1285
4.42611	19.1811
4.42696	19.2338
4.42744	9.61689
4.42814	9.728
4.42882	9.83911
4.43022	9.95022
4.43161	10.0613
4.43436	10.1613
4.43571	10.2613
4.4364	10.3613
4.43706	10.4613
4.43987	10.5613
4.44049	10.6613
4.44189	10.7613
4.44255	10.8613
4.44326	10.9613
4.44393	11.0613
4.44462	11.1522
4.44535	11.2431
4.44742	11.3341
4.45565	11.425
4.45633	11.5159
4.45705	11.6068
4.45772	11.6977
4.45915	11.7886
4.4612	11.8795
4.46263	11.9704
4.46469	12.0613
4.46598	12.1447
4.46736	12.228
4.46876	12.3113
4.47285	12.3947
4.47421	12.478
4.47559	12.5613
4.477	12.6447
4.47833	12.728
4.48109	12.8113
4.48246	12.8947
4.48382	12.978
4.48452	13.0613
4.48661	13.1383
4.48865	13.2152
4.49144	13.2921
4.49348	13.369
4.49626	13.4459
4.49691	6.72297
4.49765	6.88964
4.49898	7.05631
4.501	7.19916
4.50239	7.34202
4.50376	7.48488
4.5059	7.62773
4.50723	7.77059
4.50871	7.91345
4.50998	8.05631
4.51342	8.18131
4.51552	8.30631
4.52247	8.43131
4.52309	8.55631
4.52655	8.68131
4.52855	4.34065
4.52993	4.59065
4.5313	4.84065
4.5327	5.09065
4.53407	5.29065
4.54232	5.49065
4.54368	5.69065
4.54574	5.89065
4.5507	6.09065
4.55198	6.25732
4.56089	6.42399
4.56226	3.21199
4.56361	3.54533
4.56501	3.87866
4.56708	4.21199
4.56911	4.46199
4.57739	4.71199
4.58219	4.96199
4.58287	5.21199
4.58632	5.41199
4.59662	5.61199
4.59808	5.81199
4.59868	6.01199
4.59939	6.17866
4.60142	6.34533
4.61178	6.51199
4.61518	6.67866
4.61592	6.84533
4.61655	7.01199
4.61871	3.506
4.62	3.83933
4.6269	4.17266
4.62756	4.42266
4.62893	4.67266
4.63103	4.92266
4.63167	5.17266
4.64268	5.37266
4.64404	5.57266
4.64541	5.77266
4.64752	5.97266
4.64955	6.17266
4.65576	6.33933
4.65644	6.506
4.65985	6.67266
4.66189	6.83933
4.66262	3.41966
4.664	3.753
4.66812	4.08633
4.66952	4.33633
4.67291	4.58633
4.67776	4.83633
4.6798	5.08633
4.6819	5.28633
4.68671	5.48633
4.69083	5.68633
4.69361	5.88633
4.69429	6.08633
4.69569	6.253
4.69913	6.41966
4.70393	6.58633
4.70465	3.29317
4.70531	3.6265
4.70602	3.95983
4.70946	4.29317
4.71358	4.54317
4.71565	4.79317
4.72049	5.04317
4.72122	5.24317
4.72806	5.44317
4.73149	5.64317
4.73238	2.82158
4.73362	3.32158
4.73495	3.65492
4.74183	3.98825
4.74388	4.32158
4.74669	4.57158
4.75428	4.82158
4.75836	5.07158
4.75974	5.27158
4.76186	5.47158
4.76949	5.67158
4.77357	5.87158
4.77423	6.07158
4.77562	6.23825
4.7777	3.11912
4.78532	3.45246
4.7887	3.78579
4.78939	4.11912
4.79007	4.36912
4.79075	4.61912
4.80534	4.86912
4.80594	5.11912
4.8066	5.31912
4.80729	5.51912
4.81834	5.71912
4.81902	5.91912
4.82037	6.11912
4.82242	6.28579
4.82313	6.45246
4.83209	6.61912
4.83351	6.78579
4.83623	6.95246
4.83691	7.11912
4.83829	7.26198
4.83968	7.40484
4.84935	7.5477
4.85001	7.69055
4.85139	7.83341
4.85207	7.97627
4.85348	8.11912
4.8548	8.24412
4.8569	8.36912
4.86585	8.49412
4.86721	8.61912
4.8686	8.74412
4.86928	8.86912
4.8707	8.99412
4.87202	9.11912
4.8734	9.23024
4.8741	4.61512
4.88238	4.86512
4.88371	5.11512
4.88442	5.31512
4.88581	5.51512
4.88719	5.71512
4.88786	5.91512
4.88855	6.11512
4.88926	6.28178
4.89889	6.44845
4.8996	6.61512
4.90102	6.78178
4.90234	6.94845
4.90303	7.11512
4.9037	7.25798
4.91339	7.40083
4.91405	7.54369
4.91541	7.68655
4.91749	7.8294
4.91817	7.97226
4.91883	3.98613
4.91955	4.31946
4.92916	4.56946
4.9299	4.81946
4.93053	5.06946
4.9319	5.26946
4.9326	5.46946
4.94294	5.66946
4.94364	2.83473
4.94431	3.33473
4.945	3.66807
4.94567	4.0014
4.9561	4.2514
4.95674	4.5014
4.95741	4.7514
4.9719	5.0014
4.97402	5.2014
4.97468	5.4014
4.97536	5.6014
4.98781	5.8014
4.98846	6.0014
4.98916	3.0007
4.99122	3.33403
4.99192	3.66737
5.00158	4.0007
5.00296	4.2507
5.00367	4.5007
5.01057	4.7507
5.01125	5.0007
5.01262	5.2007
5.01402	5.4007
5.02367	5.6007
5.02434	5.8007
5.02575	6.0007
5.02641	6.16737
5.02709	6.33403
5.03402	6.5007
5.03479	6.66737
5.03537	6.83403
5.03607	7.0007
5.03743	7.14356
5.03883	7.28641
5.05129	7.42927
5.05193	7.57213
5.05261	7.71498
5.05329	7.85784
5.05469	8.0007
5.05605	8.1257
5.05675	8.2507
5.06572	8.3757
5.0664	8.5007
5.06708	8.6257
5.06776	8.7507
5.06844	8.8757
5.06911	9.0007
5.0705	9.11181
5.07191	9.22292
5.08569	9.33403
5.0864	9.44514
5.08704	9.55625
5.08841	9.66737
5.0898	9.77848
5.09054	9.88959
5.09117	10.0007
5.0919	10.1007
5.09256	10.2007
5.10643	10.3007
5.10773	10.4007
5.10914	10.5007
5.1105	10.6007
5.1112	10.7007
5.11186	10.8007
5.1126	10.9007
5.11329	11.0007
5.11395	11.0916
5.11461	11.1825
5.1291	11.2734
5.12976	11.3643
5.13048	11.4552
5.13112	5.72762
5.13327	5.92762
5.13459	6.12762
5.13598	6.29429
5.13736	6.46096
5.13804	6.62762
5.14014	6.79429
5.14079	6.96096
5.15318	7.12762
5.15456	7.27048
5.15524	7.41334
5.15672	7.55619
5.15734	7.69905
5.1581	7.84191
5.17668	7.98477
5.17737	8.12762
5.17804	8.25262
5.17879	8.37762
5.17951	8.50262
5.18018	8.62762
5.18157	8.75262
5.20026	8.87762
5.20165	9.00262
5.20233	4.50131
5.20305	4.75131
5.20441	5.00131
5.20576	5.20131
5.20648	5.40131
5.20716	5.60131
5.22376	5.80131
5.2252	6.00131
5.22645	6.16798
5.22789	6.33464
5.22999	6.50131
5.24722	6.66798
5.24791	6.83464
5.24855	7.00131
5.24924	7.14417
5.25201	7.28703
5.25271	7.42988
5.27475	7.57274
5.27541	7.7156
5.27611	7.85845
5.27677	8.00131
5.27746	8.12631
5.27816	8.25131
5.27954	8.37631
5.29471	8.50131
5.29612	8.62631
5.2968	8.75131
5.29815	8.87631
5.29951	9.00131
5.30024	9.11242
5.30156	9.22353
5.3023	9.33464
5.31672	9.44576
5.31742	9.55687
5.31813	9.66798
5.31877	9.77909
5.32017	9.8902
5.32089	10.0013
5.32161	10.1013
5.32296	10.2013
5.32363	10.3013
5.33875	10.4013
5.33946	10.5013
5.34011	10.6013
5.34088	10.7013
5.34149	10.8013
5.3422	10.9013
5.34294	11.0013
5.34358	11.0922
5.34427	11.1831
5.34493	11.274
5.35873	11.3649
5.35944	11.4559
5.36011	11.5468
5.36147	11.6377
5.36284	11.7286
5.36422	11.8195
5.36495	11.9104
5.36559	12.0013
5.36698	12.0846
5.36766	12.168
5.36836	12.2513
5.37666	12.3346
5.37803	12.418
5.37875	12.5013
5.37942	12.5846
5.3808	12.668
5.38218	12.7513
5.38288	12.8346
5.38424	12.918
5.38497	13.0013
5.38634	13.0782
5.38768	13.1552
5.38839	13.2321
5.39939	13.309
5.40087	13.3859
5.4022	13.4628
5.40354	13.5398
5.40423	13.6167
5.40494	13.6936
5.40629	13.7705
5.40767	13.8475
5.40914	13.9244
5.41047	14.0013
5.41119	14.0727
5.41254	14.1442
5.41323	14.2156
5.42082	14.287
5.42218	14.3585
5.42289	14.4299
5.42565	14.5013
5.42773	14.5727
5.42839	14.6442
5.42978	14.7156
5.43115	14.787
5.43192	7.39351
5.43324	7.53637
5.43459	7.67923
5.43529	7.82208
5.43741	7.96494
5.43807	8.1078
5.4456	8.2328
5.44628	8.3578
5.44765	8.4828
5.44984	8.6078
5.45115	8.7328
5.4525	8.8578
5.4539	8.9828
5.45527	9.1078
5.46771	9.21891
5.46842	9.33002
5.46903	9.44113
5.47044	9.55224
5.47182	9.66335
5.47249	9.77447
5.47389	9.88558
5.47459	9.99669
5.47524	10.1078
5.48492	10.2078
5.48561	10.3078
5.48632	10.4078
5.48765	10.5078
5.48837	10.6078
5.48911	5.3039
5.49111	5.5039
5.49182	5.7039
5.49249	5.9039
5.49392	6.1039
5.50147	6.27057
5.50212	6.43723
5.50282	6.6039
5.50418	6.77057
5.5063	6.93723
5.50972	7.1039
5.51867	7.24676
5.51935	7.38961
5.52073	7.53247
5.52146	7.67533
5.52349	7.81818
5.52557	7.96104
5.52624	8.1039
5.53567	8.2289
5.53706	8.3539
5.53842	8.4789
5.5391	8.6039
5.5419	8.7289
5.54398	8.8539
5.54466	8.9789
5.54604	9.1039
5.55772	9.21501
5.55907	9.32612
5.55977	9.43723
5.56045	9.54834
5.56114	4.77417
5.56389	5.02417
5.56529	5.22417
5.56595	5.42417
5.56672	5.62417
5.57977	5.82417
5.58041	6.02417
5.58109	6.19084
5.58256	6.35751
5.58731	6.52417
5.6004	6.69084
5.60173	6.85751
5.60242	7.02417
5.60383	7.16703
5.60522	7.30989
5.60725	7.45274
5.61827	7.5956
5.62103	7.73846
5.62245	7.88131
5.62378	8.02417
5.62447	8.14917
5.62585	8.27417
5.62722	8.39917
5.63619	8.52417
5.64105	8.64917
5.64243	8.77417
5.64312	8.89917
5.64451	9.02417
5.64521	4.51209
5.64592	4.76209
5.64661	5.01209
5.65553	5.21209
5.6569	5.41209
5.65756	5.61209
5.65896	5.81209
5.66035	6.01209
5.66169	6.17875
5.67862	6.34542
5.67992	6.51209
5.68063	6.67875
5.68132	6.84542
5.68298	7.01209
5.6844	7.15494
5.6996	7.2978
5.70023	7.44066
5.70095	7.58351
5.70163	7.72637
5.70229	7.86923
5.70297	8.01209
5.70366	8.13709
5.7116	8.26209
5.71303	8.38709
5.71441	4.19354
5.71575	4.44354
5.71782	4.69354
5.71921	4.94354
5.72059	5.19354
5.72195	5.39354
5.731	5.59354
5.73163	5.79354
5.73439	5.99354
5.73574	6.19354
5.73645	3.09677
5.7509	3.4301
5.75159	3.76344
5.75257	4.09677
5.75331	4.34677
5.75395	4.59677
5.76794	4.84677
5.76932	5.09677
5.77142	5.29677
5.77343	5.49677
5.78661	5.69677
5.7872	5.89677
5.78791	2.94839
5.78857	3.44839
5.78928	3.78172
5.80668	4.11505
5.8073	4.36505
5.80801	4.61505
5.82335	2.30753
5.82398	2.80753
5.82468	3.30753
5.82542	3.64086
5.84125	3.97419
5.84217	4.30753
5.84402	4.55753
5.85717	4.80753
5.8578	5.05753
5.85849	5.25753
5.85923	5.45753
5.87161	5.65753
5.87297	5.85753
5.87374	6.05753
5.87435	6.22419
5.87501	6.39086
5.89296	6.55753
5.89365	6.72419
5.89435	6.89086
5.895	7.05753
5.89639	7.20038
5.89708	7.34324
5.90859	7.4861
5.90929	7.62895
5.90996	7.77181
5.91068	7.91467
5.91202	8.05753
5.91271	8.18253
5.91341	8.30753
5.91902	8.43253
5.9203	8.55753
5.92098	8.68253
5.92168	4.34126
5.92237	4.59126
5.92376	4.84126
5.92651	5.09126
5.92855	5.29126
5.93415	5.49126
5.93478	5.69126
5.93615	5.89126
5.93687	6.09126
5.93827	6.25793
5.94792	6.4246
5.94858	6.59126
5.94926	6.75793
5.95616	6.9246
5.95753	7.09126
5.95826	7.23412
5.96098	7.37698
5.96244	7.51983
5.96382	7.66269
5.96786	7.80555
5.96928	7.94841
5.97062	8.09126
5.97204	8.21626
5.97824	8.34126
5.97905	4.17063
5.9804	4.42063
5.98241	4.67063
5.98516	4.92063
5.98654	5.17063
5.9879	5.37063
5.98928	5.57063
5.9914	5.77063
6.00168	5.97063
6.0031	6.17063
6.00375	6.3373
6.00444	6.50396
6.00925	6.67063
6.01485	3.33532
6.01547	3.66865
6.01616	4.00198
6.01751	4.25198
6.01889	4.50198
6.02098	4.75198
6.02923	5.00198
6.02997	5.20198
6.03064	5.40198
6.032	5.60198
6.03888	5.80198
6.04027	6.00198
6.04162	6.16865
6.04301	6.33532
6.04438	6.50198
6.05199	6.66865
6.05264	6.83532
6.05474	7.00198
6.05542	7.14484
6.05678	7.2877
6.0582	7.43055
6.06368	7.57341
6.06501	7.71627
6.06781	7.85913
6.06845	8.00198
6.06997	8.12698
6.07244	8.25198
6.07379	8.37698
6.0752	8.50198
6.0759	8.62698
6.08137	8.75198
6.08276	8.87698
6.08411	9.00198
6.08685	9.11309
6.09033	9.2242
6.09169	9.33532
6.09235	9.44643
6.09309	9.55754
6.0951	9.66865
6.09583	9.77976
6.0965	9.89087
6.09717	10.002
6.10134	10.102
6.10269	10.202
6.10476	10.302
6.10544	10.402
6.10681	10.502
6.10753	10.602
6.10887	10.702
6.11026	10.802
6.11094	10.902
6.11166	11.002
6.11233	11.0929
6.11302	11.1838
6.1151	11.2747
6.11646	11.3656
6.11784	11.4565
6.12059	11.5474
6.12129	11.6383
6.12275	11.7293
6.12339	11.8202
6.12404	11.9111
6.12473	12.002
6.12542	12.0853
6.12681	12.1686
6.12884	12.252
6.13025	12.3353
6.13097	12.4186
6.13368	6.20932
6.13505	6.37599
6.13573	6.54266
6.13713	6.70932
6.13784	6.87599
6.1385	7.04266
6.13917	7.18552
6.13988	7.32837
6.14059	7.47123
6.14124	7.61409
6.14193	7.75694
6.14278	7.8998
6.14831	8.04266
6.14897	8.16766
6.15036	8.29266
6.15106	8.41766
6.15243	8.54266
6.15382	8.66766
6.15448	8.79266
6.15807	8.91766
6.15864	9.04266
6.16002	9.15377
6.16072	4.57688
6.16139	4.82688
6.16213	5.07688
6.16346	5.27688
6.16415	5.47688
6.16621	5.67688
6.1669	5.87688
6.16759	6.07688
6.16908	6.24355
6.17043	6.41022
6.1748	6.57688
6.17527	3.28844
6.17657	3.62178
6.17863	3.95511
6.17947	4.28844
6.18003	4.53844
6.1821	4.78844
6.18623	5.03844
6.18761	5.23844
6.18833	5.43844
6.18969	5.63844
6.19151	5.83844
6.19225	6.03844
6.19359	6.20511
6.19495	6.37178
6.19636	6.53844
6.19773	6.70511
6.20059	6.87178
6.20116	7.03844
6.20324	7.1813
6.20598	7.32416
6.20805	7.46701
6.20877	7.60987
6.21011	7.75273
6.21151	7.89559
6.21287	8.03844
6.21359	8.16344
6.21563	8.28844
6.21845	8.41344
6.21979	8.53844
6.22121	8.66344
6.2219	8.78844
6.22315	8.91344
6.22398	9.03844
6.22463	9.14955
6.22532	9.26066
6.22738	9.37178
6.22947	9.48289
6.23104	9.594
6.23365	9.70511
6.23919	9.81622
6.23986	9.92733
6.24055	10.0384
6.24121	10.1384
6.24263	10.2384
6.24331	10.3384
6.24399	10.4384
6.24603	10.5384
6.24742	10.6384
6.24957	10.7384
6.25097	10.8384
6.25228	10.9384
6.25363	11.0384
6.25438	11.1294
6.25501	11.2203
6.25571	11.3112
6.25732	11.4021
6.25937	11.493
6.26142	11.5839
6.26806	11.6748
6.26995	11.7657
6.27132	11.8566
6.27268	11.9475
6.27412	12.0384
6.27475	12.1218
6.27677	12.2051
6.27745	12.2884
6.27893	12.3718
6.28241	12.4551
6.28373	12.5384
6.28512	12.6218
6.28584	12.7051
6.28644	12.7884
6.28852	12.8718
6.28935	12.9551
6.29039	13.0384
6.29065	13.1154
6.29346	13.1923
6.29589	13.2692
6.29755	13.3461
6.29945	13.4231
6.30014	13.5
6.30277	13.5769
6.30362	13.6538
6.30902	13.7307
6.30975	6.86537
6.31384	7.03204
6.31451	7.1749
6.31517	7.31776
6.31586	7.46061
6.31655	7.60347
6.32065	7.74633
6.32204	7.88918
6.32272	8.03204
6.32346	8.15704
6.32623	8.28204
6.32687	8.40704
6.33168	8.53204
6.33932	8.65704
6.34019	8.78204
6.34067	8.90704
6.34222	9.03204
6.34225	9.14315
6.34274	9.25426
6.34411	9.36537
6.34895	9.47649
6.35593	9.5876
6.35719	9.69871
6.35857	9.80982
6.36133	9.92093
6.36215	10.032
6.36269	10.132
6.36547	10.232
6.36622	10.332
6.36973	10.432
6.37455	10.532
6.37594	10.632
6.37664	10.732
6.37868	10.832
6.38007	10.932
6.38177	11.032
6.38307	11.123
6.38933	11.2139
6.39122	11.3048
6.39536	11.3957
6.39607	11.4866
6.3974	11.5775
6.40012	11.6684
6.4059	11.7593
6.4064	11.8502
6.40696	11.9411
6.40764	12.032
6.40908	12.1154
6.41395	12.1987
6.4146	12.282
6.42266	12.3654
6.42397	12.4487
6.42567	12.532
6.42698	12.6154
6.43209	12.6987
6.43346	12.782
6.43479	12.8654
6.43549	12.9487
6.4363	13.032
6.43759	13.109
6.43969	13.1859
6.44033	13.2628
6.44699	13.3397
6.44703	13.4167
6.44722	13.4936
6.45003	13.5705
6.45823	13.6474
6.45891	13.7243
6.45957	13.8013
6.46032	13.8782
6.46101	13.9551
6.4617	14.032
6.46233	14.1035
6.46465	14.1749
6.46629	14.2463
6.47134	14.3178
6.47186	14.3892
6.47332	14.4606
6.47794	14.532
6.48138	14.6035
6.4822	14.6749
6.48281	14.7463
6.48345	14.8178
6.4841	14.8892
6.48483	14.9606
6.48553	15.032
6.48615	15.0987
6.48897	15.1654
6.49036	15.232
6.49114	15.2987
6.49461	15.3654
6.49779	15.432
6.5026	15.4987
6.50671	15.5654
6.5082	15.632
6.50884	15.6987
6.50969	15.7654
6.51087	15.832
6.51155	15.8987
6.51295	15.9654
6.5136	16.032
6.5143	16.0945
6.51704	16.157
6.51773	16.2195
6.51842	16.282
6.51979	16.3445
6.52121	16.407
6.5244	16.4695
6.53178	16.532
6.53318	16.5945
6.53388	16.657
6.53521	16.7195
6.53662	16.782
6.53854	16.8445
6.53992	16.907
6.54063	16.9695
6.54128	17.032
6.54197	8.51602
6.54335	8.64102
6.54405	8.76602
6.54474	8.89102
6.54612	9.01602
6.54863	9.12713
6.55135	9.23824
6.55667	9.34935
6.56061	9.46047
6.56261	9.57158
6.56474	9.68269
6.5661	9.7938
6.56892	9.90491
6.56956	10.016
6.57028	10.116
6.57094	10.216
6.57234	10.316
6.57958	10.416
6.58293	10.516
6.58359	10.616
6.58568	10.716
6.58923	10.816
6.59396	10.916
6.59616	11.016
6.59913	11.1069
6.59977	11.1978
6.60182	11.2887
6.60323	11.3797
6.60392	11.4706
6.60466	11.5615
6.60546	11.6524
6.60602	11.7433
6.61008	11.8342
6.61405	11.9251
6.61473	12.016
6.61685	12.0994
6.61817	12.1827
6.6226	12.266
6.63234	12.3494
6.633	12.4327
6.63653	12.516
6.63792	12.5994
6.63892	12.6827
6.63965	12.766
6.64399	12.8494
6.64467	12.9327
6.6464	13.016
6.64705	13.0929
6.64778	13.1699
6.64954	13.2468
6.65452	13.3237
6.65934	13.4006
6.66347	13.4776
6.66553	13.5545
6.66622	13.6314
6.66692	13.7083
6.66832	13.7853
6.66899	13.8622
6.66969	13.9391
6.67035	14.016
6.67105	14.0874
6.67174	14.1589
6.67452	14.2303
6.68	14.3017
6.6856	14.3732
6.68693	14.4446
6.68772	14.516
6.68991	14.5874
6.69126	14.6589
6.692	14.7303
6.69402	14.8017
6.69607	14.8732
6.69679	14.9446
6.69954	15.016
6.7009	15.0827
6.70282	15.1494
6.70329	15.216
6.70403	15.2827
6.71096	15.3494
6.71294	15.416
6.71359	15.4827
6.71567	15.5494
6.71711	15.616
6.72047	15.6827
6.72253	15.7494
6.72395	15.816
6.72528	15.8827
6.72598	15.9494
6.72665	16.016
6.7274	16.0785
6.72806	16.141
6.73024	16.2035
6.73425	16.266
6.73786	16.3285
6.73914	16.391
6.73977	16.4535
6.74186	16.516
6.74253	16.5785
6.74597	16.641
6.74668	16.7035
6.74735	16.766
6.74875	16.8285
6.74941	16.891
6.75011	16.9535
6.75147	17.016
6.75216	17.0748
6.75494	17.1337
6.75845	17.1925
6.76111	17.2513
6.76318	17.3101
6.76384	17.369
6.76459	17.4278
6.76663	17.4866
6.76929	17.5454
6.77618	8.77272
6.77688	8.89772
6.77758	9.02272
6.77828	9.13383
6.77896	9.24494
6.77962	9.35605
6.78036	9.46716
6.781	9.57827
6.78167	9.68938
6.78304	9.80049
6.78374	9.91161
6.78442	10.0227
6.78652	10.1227
6.7871	10.2227
6.78849	10.3227
6.79545	10.4227
6.79547	10.5227
6.80082	10.6227
6.80169	5.31136
6.80224	5.51136
6.80295	5.71136
6.80502	5.91136
6.80738	6.11136
6.80929	6.27802
6.81204	6.44469
6.81617	6.61136
6.81688	6.77802
6.82306	6.94469
6.82583	3.47235
6.82926	3.80568
6.83204	4.13901
6.83478	4.38901
6.83553	4.63901
6.84376	4.88901
6.85068	5.13901
6.8534	5.33901
6.85463	2.66951
6.86376	3.16951
6.87076	3.50284
6.87206	3.83617
6.87391	4.16951
6.88659	4.41951
6.88772	4.66951
6.88835	4.91951
6.88913	5.16951
6.8966	5.36951
6.89729	5.56951
6.90066	5.76951
6.90076	5.96951
6.90148	6.16951
6.90892	6.33617
6.90961	6.50284
6.91512	6.66951
6.91578	6.83617
6.91649	7.00284
6.91717	7.1457
6.92201	3.57285
6.9227	3.90618
6.92411	4.23952
6.92545	4.48952
6.92681	4.73952
6.92752	4.98952
6.92822	5.23952
6.93644	5.43952
6.93789	5.63952
6.93922	5.83952
6.94066	6.03952
6.94164	6.20618
6.94517	6.37285
6.94797	6.53952
6.94864	6.70618
6.95085	6.87285
6.95154	7.03952
6.95378	7.18237
6.95812	7.32523
6.96158	7.46809
6.96229	7.61094
6.96368	7.7538
6.96587	7.89666
6.96653	8.03952
6.96935	8.16452
6.97351	8.28952
6.97588	8.41452
6.97657	8.53952
6.97796	8.66452
6.98147	8.78952
6.98215	8.91452
6.98278	9.03952
6.98351	9.15063
6.98901	9.26174
6.98969	9.37285
6.99037	9.48396
6.99182	9.59507
6.99654	9.70618
6.99862	9.81729
7.00298	9.9284
7.00379	10.0395
7.00506	10.1395
7.00717	10.2395
7.0078	10.3395
7.0085	10.4395
7.00928	10.5395
7.01129	10.6395
7.01267	10.7395
7.01955	10.8395
7.02094	10.9395
7.02165	11.0395
7.02531	11.1304
7.0255	11.2213
7.02599	11.3122
7.02737	11.4032
7.02876	11.4941
7.03218	11.585
7.03501	11.6759
7.03845	11.7668
7.03925	11.8577
7.03984	11.9486
7.04057	12.0395
7.04331	12.1228
7.04405	12.2062
7.04469	12.2895
7.04537	12.3728
7.04602	12.4562
7.04878	12.5395
7.04948	12.6228
7.05158	12.7062
7.05297	12.7895
7.05361	12.8728
7.055	12.9562
7.05637	13.0395
7.05983	13.1164
7.06054	13.1934
7.06122	13.2703
7.06201	13.3472
7.06264	13.4241
7.06468	13.5011
7.06534	13.578
7.06674	13.6549
7.06807	13.7318
7.06881	13.8087
7.07017	13.8857
7.07153	13.9626
7.07428	14.0395
7.07646	14.1109
7.07708	14.1824
7.07785	14.2538
7.07884	14.3252
7.07915	14.3967
7.08119	14.4681
7.08191	14.5395
7.08335	14.6109
7.0866	14.6824
7.08796	14.7538
7.08873	14.8252
7.08936	14.8967
7.09143	14.9681
7.09211	15.0395
7.09351	15.1062
7.09423	15.1728
7.09558	15.2395
7.09697	15.3062
7.09835	15.3728
7.09921	15.4395
7.10109	15.5062
7.10247	15.5728
7.1053	15.6395
7.10593	15.7062
7.10967	15.7728
7.11179	15.8395
7.11316	15.9062
7.11448	15.9728
7.11515	16.0395
7.11733	16.102
7.11921	16.1645
7.11973	16.227
7.12056	16.2895
7.12193	16.352
7.12451	16.4145
7.12731	16.477
7.12965	16.5395
7.13116	16.602
7.13328	16.6645
7.13488	16.727
7.14006	16.7895
7.14081	16.852
7.14132	16.9145
7.14199	16.977
7.14336	17.0395
7.1441	17.0983
7.14474	17.1572
7.14543	17.216
7.14614	17.2748
7.14754	17.3336
7.15017	17.3925
7.15246	17.4513
7.15327	17.5101
7.15384	17.5689
7.15452	8.78446
7.16088	8.90946
7.16373	9.03446
7.16438	9.14557
7.16644	9.25669
7.16713	9.3678
7.16781	9.47891
7.16854	9.59002
7.16918	9.70113
7.17085	9.81224
7.17134	9.92335
7.17341	10.0345
7.17408	10.1345
7.17617	10.2345
7.17684	10.3345
7.17753	10.4345
7.17889	10.5345
7.18749	10.6345
7.18814	5.31723
7.18886	5.51723
7.1902	5.71723
7.19089	5.91723
7.1916	6.11723
7.19294	6.2839
7.19436	6.45057
7.19573	6.61723
7.19809	6.7839
7.20364	6.95057
7.20501	7.11723
7.20571	7.26009
7.20707	7.40295
7.20984	7.5458
7.21608	7.68866
7.21675	7.83152
7.21744	7.97437
7.21816	8.11723
7.21884	8.24223
7.22018	8.36723
7.22719	8.49223
7.23005	8.61723
7.23064	8.74223
7.23204	8.86723
7.23336	8.99223
7.23472	9.11723
7.23544	9.22834
7.23684	9.33945
7.24294	9.45057
7.24623	9.56168
7.2469	9.67279
7.24759	9.7839
7.24833	9.89501
7.24901	10.0061
7.24966	10.1061
7.25038	10.2061
7.25276	10.3061
7.25969	10.4061
7.26404	10.5061
7.26539	10.6061
7.26618	10.7061
7.2668	10.8061
7.26742	10.9061
7.26812	11.0061
7.2688	11.097
7.26988	11.1879
7.27191	11.2788
7.27956	11.3698
7.28226	11.4607
7.28433	11.5516
7.28437	11.6425
7.28444	11.7334
7.28505	11.8243
7.28569	11.9152
7.28641	12.0061
7.28707	12.0895
7.28845	12.1728
7.29056	12.2561
7.30011	12.3395
7.30354	12.4228
7.30494	12.5061
7.30633	12.5895
7.30771	12.6728
7.30908	12.7561
7.31045	12.8395
7.31114	12.9228
7.31181	13.0061
7.3132	13.083
7.31393	13.16
7.316	13.2369
7.32679	13.3138
7.33112	13.3907
7.33186	13.4677
7.33319	13.5446
7.33389	13.6215
7.33458	13.6984
7.33524	13.7754
7.33627	13.8523
7.3376	13.9292
7.33833	14.0061
7.33903	14.0775
7.34042	14.149
7.34319	14.2204
7.35392	14.2918
7.35961	14.3633
7.36097	14.4347
7.36164	14.5061
7.36306	14.5775
7.36372	14.649
7.36512	14.7204
7.36579	14.7918
7.36646	14.8633
7.36714	14.9347
7.36786	15.0061
7.36853	15.0728
7.37129	15.1395
7.37337	15.2061
7.38365	15.2728
7.3871	15.3395
7.38846	15.4061
7.38913	15.4728
7.38984	15.5395
7.39049	15.6061
7.39119	15.6728
7.39194	15.7395
7.3933	15.8061
7.39463	15.8728
7.39531	15.9395
7.39668	16.0061
7.39901	16.0686
7.3995	16.1311
7.40117	16.1936
7.41354	16.2561
7.41642	16.3186
7.41716	16.3811
7.4186	8.19056
7.41986	8.31556
7.42055	8.44056
7.42123	8.56556
7.42274	8.69056
7.42343	8.81556
7.42486	8.94056
7.42554	9.06556
7.4262	9.17667
7.42685	9.28778
7.42763	9.39889
7.42825	9.51
7.42963	9.62112
7.44345	9.73223
7.44755	9.84334
7.44822	9.95445
7.45034	10.0656
7.45101	10.1656
7.45172	10.2656
7.45241	10.3656
7.45311	10.4656
7.45449	10.5656
7.47203	10.6656
7.47541	5.33278
7.47614	5.53278
7.47814	5.73278
7.47883	5.93278
7.47953	6.13278
7.48088	6.29945
7.48157	6.46611
7.48228	6.63278
7.48363	6.79945
7.50095	6.96611
7.50574	7.13278
7.50642	7.27564
7.50714	7.41849
7.50853	7.56135
7.50993	7.70421
7.52938	7.84707
7.53413	7.98992
7.53473	8.13278
7.53623	8.25778
7.53821	8.38278
7.53961	8.50778
7.54094	8.63278
7.55681	8.75778
7.56169	8.88278
7.56232	9.00778
7.563	9.11889
7.56367	9.23
7.56473	9.34111
7.56584	9.45222
7.56643	9.56334
7.5872	9.67445
7.58851	9.78556
7.58918	9.89667
7.5906	10.0078
7.59126	10.1078
7.59193	10.2078
7.5926	10.3078
7.59329	10.4078
7.5988	10.5078
7.61263	10.6078
7.61407	10.7078
7.6154	10.8078
7.61604	10.9078
7.61674	11.0078
7.61912	11.0987
7.6216	11.1896
7.62562	11.2805
7.627	11.3714
7.63111	11.4623
7.63875	11.5532
7.63945	11.6441
7.64011	11.7351
7.64079	11.826
7.64148	11.9169
7.64349	12.0078
7.64488	12.0911
7.64566	12.1744
7.64722	12.2578
7.64929	12.3411
7.66046	12.4244
7.66324	12.5078
7.66393	12.5911
7.66461	12.6744
7.66643	12.7578
7.66659	12.8411
7.66666	12.9244
7.66812	13.0078
7.6694	13.0847
7.67009	13.1616
7.67146	13.2385
7.67215	13.3155
7.67641	13.3924
7.68669	13.4693
7.68731	13.5462
7.68868	13.6232
7.68871	13.7001
7.69145	13.777
7.69213	13.8539
7.69282	13.9309
7.6935	14.0078
7.69423	14.0792
7.69489	14.1506
7.69646	14.2221
7.69715	14.2935
7.6979	14.3649
7.70435	14.4364
7.70499	14.5078
7.70574	7.25389
7.70636	7.39675
7.7084	7.5396
7.70841	7.68246
7.70984	7.82532
7.71118	7.96818
7.7119	8.11103
7.71335	8.23603
7.71476	8.36103
7.71681	8.48603
7.72166	8.61103
7.72919	8.73603
7.73056	8.86103
7.73124	8.98603
7.73816	9.11103
7.73887	9.22214
7.74164	9.33326
7.7423	9.44437
7.74297	9.55548
7.74515	9.66659
7.75267	9.7777
7.75673	9.88881
7.761	9.99992
7.76175	10.111
7.7624	10.211
7.76308	10.311
7.76372	10.411
7.76509	10.511
7.76584	10.611
7.77205	10.711
7.77338	10.811
7.77826	10.911
7.78154	11.011
7.78328	11.1019
7.78465	11.1929
7.7868	11.2838
7.78744	11.3747
7.78948	11.4656
7.79017	11.5565
7.79159	11.6474
7.79328	11.7383
7.79636	5.86915
7.79794	6.06915
7.79845	6.23582
7.79916	6.40249
7.80048	6.56915
7.80189	6.73582
7.8026	6.90249
7.81028	7.06915
7.81158	7.21201
7.8122	7.35487
7.81427	7.49772
7.82278	7.64058
7.82487	7.78344
7.82837	7.9263
7.82907	8.06915
7.82967	8.19415
7.83036	8.31915
7.83175	8.44415
7.8368	8.56915
7.84165	8.69415
7.84452	8.81915
7.8482	8.94415
7.84954	9.06915
7.85022	9.18026
7.85232	9.29138
7.85373	4.64569
7.8645	4.89569
7.86926	5.14569
7.87202	5.34569
7.87284	5.54569
7.8741	5.74569
7.87479	5.94569
7.87552	6.14569
7.87687	6.31235
7.89248	6.47902
7.89454	6.64569
7.89656	6.81235
7.89928	6.97902
7.89948	7.14569
7.90345	7.28854
7.91724	7.4314
7.92004	7.57426
7.92069	7.71712
7.92283	7.85997
7.92415	8.00283
7.92551	8.12783
7.92631	8.25283
7.92902	8.37783
7.93108	8.50283
7.93173	8.62783
7.93449	8.75283
7.93727	8.87783
7.93794	9.00283
7.93999	9.11394
7.94346	9.22505
7.94961	4.61253
7.95035	4.86253
7.95098	5.11253
7.9517	5.31253
7.95237	5.51253
7.95307	5.71253
7.95514	5.91253
7.95652	6.11253
7.95931	6.27919
7.96578	6.44586
7.96715	6.61253
7.96779	3.30626
7.97141	3.6396
7.97191	3.97293
7.97636	4.30626
7.98383	4.55626
7.98451	4.80626
7.99069	5.05626
7.99141	5.25626
7.99622	5.45626
7.99961	5.65626
8.00325	5.85626
8.00378	6.05626
8.00587	6.22293
8.00875	6.3896
8.01571	6.55626
8.01775	6.72293
8.01868	6.8896
8.02008	7.05626
8.02288	7.19912
8.02694	7.34198
8.0297	7.48483
8.03108	7.62769
8.03245	7.77055
8.03384	7.91341
8.03589	8.05626
8.03731	8.18126
8.04007	8.30626
8.04257	8.43126
8.04669	8.55626
8.05011	8.68126
8.05148	8.80626
8.05355	8.93126
8.05457	9.05626
8.05531	9.16737
8.05597	9.27849
8.05735	4.63924
8.0608	4.88924
8.06162	5.13924
8.06285	5.33924
8.06421	5.53924
8.06492	5.73924
8.06634	5.93924
8.07111	6.13924
8.07208	6.30591
8.07701	3.15295
8.07827	3.48629
8.07897	3.81962
8.08311	4.15295
8.08379	4.40295
8.08468	4.65295
8.09615	4.90295
8.09686	5.15295
8.09758	5.35295
8.09918	5.55295
8.10656	5.75295
8.10857	5.95295
8.10927	6.15295
8.1106	6.31962
8.11276	6.48629
8.12176	6.65295
8.12385	6.81962
8.12624	6.98629
8.12659	7.15295
8.12936	7.29581
8.13006	7.43867
8.1336	7.58153
8.13488	7.72438
8.13763	7.86724
8.14038	8.0101
8.14176	8.1351
8.14246	8.2601
8.14454	8.3851
8.14581	8.5101
8.14652	8.6351
8.14923	8.7601
8.15062	8.8851
8.15199	4.44255
8.15336	4.69255
8.15687	4.94255
8.15819	5.19255
8.15888	5.39255
8.16027	5.59255
8.16231	5.79255
8.1637	5.99255
8.16644	6.19255
8.16712	6.35922
8.16783	6.52588
8.17164	6.69255
8.17276	6.85922
8.17554	7.02588
8.17623	7.16874
8.17897	7.3116
8.18037	7.45445
8.18245	7.59731
8.18315	7.74017
8.18521	7.88302
8.18589	8.02588
8.18655	8.15088
8.19002	8.27588
8.19347	8.40088
8.19789	8.52588
8.1983	8.65088
8.19966	8.77588
8.20102	8.90088
8.20238	9.02588
8.20377	9.13699
8.20474	9.2481
8.20602	9.35922
8.2088	9.47033
8.20947	9.58144
8.21013	9.69255
8.21188	9.80366
8.21309	9.91477
8.21447	10.0259
8.21589	10.1259
8.21657	10.2259
8.21866	10.3259
8.22276	10.4259
8.22345	10.5259
8.22567	10.6259
8.22804	10.7259
8.22868	10.8259
8.2303	5.41294
8.23077	5.61294
8.23214	5.81294
8.23576	6.01294
8.23644	6.17961
8.23964	6.34627
8.24108	6.51294
8.24172	6.67961
8.24244	6.84627
8.24447	7.01294
8.25212	7.1558
8.25275	7.29866
8.25625	7.44151
8.25715	7.58437
8.25854	7.72723
8.26136	7.87008
8.26342	8.01294
8.26693	8.13794
8.26824	8.26294
8.27034	8.38794
8.27104	8.51294
8.27309	8.63794
8.27517	8.76294
8.27725	8.88794
8.27789	9.01294
8.28204	9.12405
8.28345	9.23516
8.2848	9.34627
8.28549	9.45739
8.28617	9.5685
8.28923	9.67961
8.29058	9.79072
8.29126	9.90183
8.29196	10.0129
8.29403	10.1129
8.29655	10.2129
8.29729	10.3129
8.29796	10.4129
8.29901	10.5129
8.30318	10.6129
8.3045	10.7129
8.30518	10.8129
8.30598	10.9129
8.30656	11.0129
8.30805	11.1039
8.31011	11.1948
8.31355	11.2857
8.31423	11.3766
8.31497	11.4675
8.3164	11.5584
8.31723	11.6493
8.31793	11.7402
8.31863	11.8311
8.32003	11.922
8.32066	12.0129
8.32136	12.0963
8.3234	12.1796
8.32484	12.2629
8.32551	12.3463
8.32761	12.4296
8.33373	12.5129
8.33534	12.5963
8.33607	12.6796
8.3374	12.7629
8.3381	12.8463
8.3388	12.9296
8.34017	13.0129
8.34084	13.0899
8.34155	13.1668
8.34433	6.58339
8.3457	6.75006
8.34643	6.91673
8.34915	7.08339
8.34984	7.22625
8.3505	7.36911
8.35188	7.51197
8.35338	7.65482
8.35409	7.79768
8.35752	7.94054
8.35821	8.08339
8.36027	8.20839
8.36233	8.33339
8.37089	8.45839
8.37428	8.58339
8.377	8.70839
8.37762	8.83339
8.37827	4.4167
8.37976	4.6667
8.38047	4.9167
8.38118	5.1667
8.38893	5.3667
8.39121	5.5667
8.39293	5.7667
8.3957	5.9667
8.40258	6.1667
8.40327	6.33336
8.40393	6.50003
8.40466	3.25002
8.4081	3.58335
8.41157	3.91668
8.41229	4.25002
8.41503	4.50002
8.41641	4.75002
8.42885	5.00002
8.4295	5.20002
8.43052	5.40002
8.43086	5.60002
8.4441	5.80002
8.44478	6.00002
8.44546	6.16668
8.44685	6.33335
8.44753	6.50002
8.46067	6.66668
8.46205	6.83335
8.46272	7.00002
8.46341	7.14287
8.46412	7.28573
8.4655	7.42859
8.47854	7.57144
8.47858	7.7143
8.479	7.85716
8.47972	8.00002
8.48108	8.12502
8.48457	8.25002
8.48461	8.37502
8.49144	8.50002
8.49278	8.62502
8.49415	8.75002
8.49721	8.87502
8.49858	9.00002
8.49996	9.11113
8.50068	9.22224
8.50202	9.33335
8.50343	9.44446
8.50413	9.55557
8.50552	9.66668
8.50687	9.77779
8.50825	9.8889
8.50963	10
8.51101	10.1
8.51238	10.2
8.51374	10.3
8.51927	10.4
8.51997	10.5
8.52133	10.6
8.52478	10.7
8.52824	10.8
8.52962	10.9
8.53101	11
8.53251	11.0909
8.53391	11.1818
8.53731	11.2727
8.53871	11.3637
8.53943	11.4546
8.54016	11.5455
8.54356	11.6364
8.54565	11.7273
8.54645	11.8182
8.54702	11.9091
8.54772	12
8.54907	12.0833
8.55049	12.1667
8.55182	12.25
8.5539	12.3333
8.55526	12.4167
8.55662	12.5
8.55804	12.5833
8.5587	12.6667
8.56006	12.75
8.56078	12.8333
8.56212	12.9167
8.5635	13
8.56765	13.0769
8.56898	13.1539
8.57243	13.2308
8.57386	13.3077
8.57521	13.3846
8.57723	13.4616
8.57865	13.5385
8.58	13.6154
8.58069	13.6923
8.5821	13.7692
8.5828	13.8462
8.58483	13.9231
8.58596	14
8.58827	14.0714
8.58895	14.1429
8.59033	14.2143
8.59103	14.2857
8.59242	14.3572
8.59583	14.4286
8.59794	14.5
8.59925	14.5714
8.60067	7.28572
8.60203	7.42858
8.60476	7.57144
8.60545	7.71429
8.60755	7.85715
8.60819	8.00001
8.61232	8.12501
8.61303	8.25001
8.61787	8.37501
8.62006	8.50001
8.62142	8.62501
8.62279	8.75001
8.62419	8.87501
8.62556	9.00001
8.63109	9.11112
8.63246	9.22223
8.63521	9.33334
8.63727	9.44445
8.63797	9.55556
8.64001	9.66667
8.64138	9.77779
8.64691	9.8889
8.6503	10
8.65237	10.1
8.65375	10.2
8.6572	10.3
8.65786	10.4
8.66267	10.5
8.66334	10.6
8.66475	10.7
8.66613	10.8
8.66757	10.9
8.67025	11
8.67163	5.5
8.6737	5.7
8.6785	5.9
8.6806	6.1
8.68609	6.26667
8.68813	6.43334
8.68881	6.6
8.6902	6.76667
8.69223	6.93334
8.695	7.1
8.69645	7.24286
8.70465	7.38572
8.70599	7.52858
8.70877	7.67143
8.71219	7.81429
8.71787	7.95715
8.71838	8.1
8.72115	8.225
8.7232	8.35
8.72598	8.475
8.73081	8.6
8.73629	8.725
8.73909	8.85
8.74673	8.975
8.74733	9.1
8.75009	9.21111
8.75073	9.32223
8.75422	9.43334
8.75558	9.54445
8.75764	9.65556
8.76109	9.76667
8.76385	9.87778
8.76539	9.98889
8.76594	10.1
8.7674	10.2
8.76938	10.3
8.77284	10.4
8.77421	10.5
8.77629	10.6
8.7804	10.7
8.78315	10.8
8.78592	10.9
8.78798	11
8.78868	11.0909
8.79005	11.1818
8.79141	11.2727
8.79277	11.3636
8.79415	11.4545
8.79624	11.5455
8.79833	11.6364
8.80106	11.7273
8.80588	11.8182
8.80723	11.9091
8.80792	12
8.8086	12.0833
8.80936	12.1667
8.81002	12.25
8.81135	12.3333
8.81352	12.4167
8.81413	12.5
8.81573	12.5833
8.81623	12.6667
8.81898	12.75
8.82035	6.375
8.8218	6.54167
8.82244	6.70834
8.82382	6.875
8.82519	7.04167
8.82727	7.18453
8.82792	7.32738
8.8293	7.47024
8.83068	7.6131
8.83341	7.75595
8.8341	7.89881
8.83687	8.04167
8.84101	8.16667
8.84169	8.29167
8.84463	8.41667
8.84649	8.54167
8.84787	8.66667
8.84857	8.79167
8.85199	8.91667
8.85267	9.04167
8.85756	9.15278
8.85826	9.26389
8.86029	9.375
8.86235	9.48611
8.86302	9.59722
8.86444	9.70834
8.86719	9.81945
8.86786	9.93056
8.86852	10.0417
8.87203	10.1417
8.87268	10.2417
8.87474	10.3417
8.87614	10.4417
8.87749	10.5417
8.87937	10.6417
8.88463	10.7417
8.88595	10.8417
8.88736	10.9417
8.888	11.0417
8.89078	11.1326
8.89144	11.2235
8.89215	11.3144
8.89352	11.4053
8.89559	11.4962
8.89703	11.5871
8.90119	11.678
8.9032	11.7689
8.90455	11.8599
8.90526	11.9508
8.90593	12.0417
8.90903	12.125
8.9097	12.2083
8.91038	12.2917
8.91105	12.375
8.91475	12.4583
8.9168	12.5417
8.92302	12.625
8.92506	12.7083
8.92644	12.7917
8.92713	12.875
8.92783	12.9583
8.92867	13.0417
8.93285	13.1186
8.93358	13.1955
8.93425	13.2724
8.93568	13.3494
8.93769	13.4263
8.94049	13.5032
8.94675	13.5801
8.94883	13.6571
8.95084	13.734
8.95152	13.8109
8.95222	13.8878
8.95294	13.9647
8.95358	14.0417
8.9592	14.1131
8.95988	14.1845
8.96057	14.256
8.96201	14.3274
8.96475	14.3988
8.96746	14.4702
8.97027	14.5417
8.97094	14.6131
8.97344	14.6845
8.97369	14.756
8.97441	14.8274
8.9751	14.8988
8.9758	14.9702
8.97645	15.0417
8.98196	15.1083
8.98267	15.175
8.98348	15.2417
8.9847	15.3083
8.98819	15.375
8.99092	15.4417
8.99367	15.5083
8.99435	15.575
8.99641	15.6417
8.99713	15.7083
8.99871	15.775
8.99942	15.8417
9.00009	15.9083
9.00289	15.975
9.00497	16.0417
9.00632	16.1042
9.00702	8.05208
9.00846	8.17708
9.00985	8.30208
9.01186	8.42708
9.01319	8.55208
9.01599	8.67708
9.01672	8.80208
9.01874	8.92708
9.0194	9.05208
9.02012	9.1632
9.02079	9.27431
9.02148	9.38542
9.02699	9.49653
9.02851	9.60764
9.02922	9.71875
9.03199	9.82986
9.03889	9.94097
9.03957	10.0521
9.04028	10.1521
9.04105	10.2521
9.04173	10.3521
9.04861	10.4521
9.0493	10.5521
9.05	10.6521
9.05347	10.7521
9.05893	10.8521
9.05962	10.9521
9.06031	11.0521
9.06103	11.143
9.06171	11.2339
9.06239	11.3248
9.0668	11.4157
9.06745	11.5066
9.06814	11.5975
9.07225	11.6884
9.07787	11.7794
9.07849	11.8703
9.0792	11.9612
9.0799	12.0521
9.08057	12.1354
9.08124	12.2188
9.08196	12.3021
9.08675	12.3854
9.08747	12.4688
9.0881	12.5521
9.09295	12.6354
9.0985	12.7188
9.09917	12.8021
9.09986	12.8854
9.10057	12.9688
9.10124	13.0521
9.10193	13.129
9.10262	13.2059
9.10329	13.2829
9.10885	13.3598
9.10953	13.4367
9.11024	13.5136
9.11577	13.5905
9.11784	13.6675
9.11855	13.7444
9.11923	13.8213
9.11991	13.8982
9.12065	13.9752
9.12129	14.0521
9.12197	14.1235
9.1227	14.1949
9.12336	14.2664
9.12954	14.3378
9.13026	14.4092
9.13095	14.4807
9.13644	14.5521
9.13851	14.6235
9.13935	14.6949
9.13994	14.7664
9.14123	14.8378
9.14227	14.9092
9.14325	14.9807
9.14454	7.49033
9.14827	7.63318
9.14962	7.77604
9.15274	7.9189
9.1535	8.06176
9.16061	8.18676
9.1627	8.31176
9.1634	8.43676
9.16407	8.56176
9.16494	8.68676
9.16629	8.81176
9.16703	8.93676
9.16838	9.06176
9.16985	9.17287
9.18349	9.28398
9.1842	9.39509
9.18495	9.5062
9.18553	9.61731
9.18727	9.72842
9.18796	9.83953
9.19161	9.95065
9.19304	10.0618
9.19369	10.1618
9.20614	10.2618
9.20678	10.3618
9.20747	10.4618
9.20815	10.5618
9.21159	10.6618
9.2137	10.7618
9.2159	10.8618
9.21659	10.9618
9.21863	11.0618
9.2207	5.53088
9.23034	5.73088
9.23106	5.93088
9.2317	6.13088
9.23238	6.29754
9.23584	6.46421
9.23791	6.63088
9.24	6.79754
9.24065	6.96421
9.24273	7.13088
9.24342	7.27374
9.25855	7.41659
9.26061	7.55945
9.26276	7.70231
9.26336	7.84516
9.26471	7.98802
9.26542	8.13088
9.2668	4.06544
9.28017	4.31544
9.28226	4.56544
9.28429	4.81544
9.285	5.06544
9.28633	5.26544
9.28705	5.46544
9.28771	5.66544
9.30494	5.86544
9.30562	6.06544
9.30699	3.03272
9.30769	3.36605
9.30839	3.69939
9.32816	4.03272
9.32885	4.28272
9.32953	4.53272
9.35016	2.26636
9.35084	2.76636
9.35152	3.26636
9.35223	3.59969
9.37591	3.93303
9.37659	4.26636
9.3773	4.51636
9.40027	4.76636
9.40087	5.01636
9.40155	5.21636
9.40222	5.41636
9.42261	5.61636
9.42325	5.81636
9.42397	6.01636
9.42463	6.18303
9.42531	6.34969
9.44115	6.51636
9.4418	6.68303
9.44251	6.84969
9.44317	7.01636
9.44466	7.15922
9.44548	7.30207
9.45824	7.44493
9.45891	7.58779
9.45957	3.79389
9.46036	4.12723
9.46094	4.37723
9.46163	4.62723
9.46232	4.87723
9.47824	5.12723
9.47893	5.32723
9.47969	5.52723
9.48032	5.72723
9.49732	2.86361
9.498	3.36361
9.49902	3.69695
9.49962	4.03028
9.50029	4.28028
9.51856	4.53028
9.5193	4.78028
9.51995	5.03028
9.52065	5.23028
9.53576	5.43028
9.53647	5.63028
9.53714	5.83028
9.53789	6.03028
9.53931	6.19695
9.55447	6.36361
9.55521	6.53028
9.55586	6.69695
9.55659	6.86361
9.55723	7.03028
9.55794	7.17314
9.57055	7.31599
9.5713	7.45885
9.57186	7.60171
9.57256	7.74457
9.57326	7.88742
9.57394	8.03028
9.57467	8.15528
9.58776	8.28028
9.58989	8.40528
9.59	8.53028
9.59002	8.65528
9.59049	8.78028
9.59119	8.90528
9.59187	9.03028
9.59259	9.14139
9.60686	9.2525
9.60711	9.36361
9.60771	9.47472
9.6084	9.58584
9.60914	9.69695
9.60979	9.80806
9.61047	9.91917
9.61117	10.0303
9.61185	10.1303
9.62376	10.2303
9.62443	10.3303
9.62515	10.4303
9.6258	10.5303
9.62655	10.6303
9.62718	10.7303
9.62792	5.36514
9.62857	5.56514
9.62923	5.76514
9.62993	5.96514
9.64309	6.16514
9.64374	6.33181
9.64443	6.49847
9.64511	6.66514
9.64648	6.83181
9.6611	6.99847
9.66259	7.16514
9.66329	7.308
9.66402	7.45085
9.66466	7.59371
9.66537	7.73657
9.67913	7.87943
9.67986	8.02228
9.68051	8.14728
9.68121	8.27228
9.68197	8.39728
9.6826	8.52228
9.68331	8.64728
9.69626	8.77228
9.69641	8.89728
9.69713	9.02228
9.69777	9.13339
9.69869	9.24451
9.69937	9.35562
9.70008	9.46673
9.70073	9.57784
9.71458	9.68895
9.71523	9.80006
9.7159	9.91117
9.71661	10.0223
9.71729	10.1223
9.71797	10.2223
9.71873	10.3223
9.71937	10.4223
9.72005	10.5223
9.7318	10.6223
9.73245	10.7223
9.73315	10.8223
9.73384	5.41114
9.73452	5.61114
9.7352	5.81114
9.73588	6.01114
9.73655	6.17781
9.73734	6.34447
9.73794	6.51114
9.75244	6.67781
9.75317	6.84447
9.75385	7.01114
9.75449	7.154
9.75518	7.29686
9.75595	7.43971
9.76919	7.58257
9.76987	7.72543
9.77062	7.86828
9.77119	8.01114
9.77187	8.13614
9.7726	8.26114
9.77324	8.38614
9.78601	8.51114
9.78655	8.63614
9.7872	8.76114
9.78788	8.88614
9.78857	9.01114
9.78937	9.12225
9.79002	9.23336
9.79065	4.61668
9.80047	4.86668
9.80107	5.11668
9.80245	5.31668
9.80314	5.51668
9.80514	5.71668
9.80627	5.91668
9.80632	6.11668
9.8191	6.28335
9.81978	6.45002
9.82045	6.61668
9.82113	6.78335
9.82295	6.95002
9.82364	7.11668
9.83771	7.25954
9.83837	7.4024
9.83908	7.54525
9.83983	7.68811
9.84059	7.83097
9.84121	7.97382
9.84187	8.11668
9.85651	8.24168
9.85718	8.36668
9.85793	4.18334
9.85857	4.43334
9.85926	4.68334
9.85997	4.93334
9.86082	5.18334
9.86134	5.38334
9.87558	5.58334
9.87629	5.78334
9.87699	5.98334
9.87768	6.18334
9.87835	6.35001
9.89212	6.51667
9.89283	6.68334
9.89352	6.85001
9.89419	7.01667
9.89488	7.15953
9.89557	7.30239
9.90662	7.44525
9.90733	7.5881
9.908	3.79405
9.9087	4.12738
9.90939	4.37738
9.91011	4.62738
9.91076	4.87738
9.92211	5.12738
9.92275	5.32738
9.92359	5.52738
9.93707	5.72738
9.93774	5.92738
9.93844	6.12738
9.9391	6.29405
9.93986	6.46072
9.9546	6.62738
9.95526	6.79405
9.95616	6.96072
9.95683	7.12738
9.95753	7.27024
9.95822	7.4131
9.97402	7.55596
9.97472	7.69881
9.97543	7.84167
9.97608	3.92084
9.97677	4.25417
9.97747	4.50417
9.97872	4.75417
9.99303	5.00417
9.99371	5.20417
9.9944	5.40417
9.99511	5.60417
10.004	2.80208
10.0048	3.30208
10.0054	3.63542
10.0061	3.96875
10.008	4.30208
10.017	4.55208
10.0177	4.80208
10.0184	5.05208
10.0198	5.25208
10.0297	5.45208
10.031	5.65208
10.0311	5.85208
10.0317	6.05208
10.0332	6.21875
10.0445	3.10938
10.0452	3.44271
10.0459	3.77604
10.0465	4.10938
10.0473	4.35938
10.0498	4.60938
10.0597	4.85938
10.0604	5.10938
10.0611	5.30938
10.0625	5.50938
10.0726	5.70938
10.0733	5.90938
10.074	2.95469
10.0747	3.45469
10.076	3.78802
10.0829	4.12135
10.0838	4.37135
10.0852	4.62135
10.0912	4.87135
10.0912	5.12135
10.0914	5.32135
10.0928	5.52135
10.1011	5.72135
10.1019	5.92135
10.1025	6.12135
10.1031	6.28802
10.1039	6.45469
10.108	6.62135
10.1087	6.78802
10.1093	6.95469
10.1113	7.12135
10.1119	7.26421
10.1126	7.40707
10.1181	7.54993
10.1188	7.69278
10.1201	7.83564
10.1208	3.91782
10.1215	4.25115
10.1222	4.50115
10.1245	4.75115
10.1279	5.00115
10.1285	5.20115
10.1314	5.40115
10.1378	5.60115
10.1385	5.80115
10.1392	6.00115
10.1399	6.16782
10.1419	6.33449
10.1481	6.50115
10.1489	6.66782
10.1495	6.83449
10.1509	7.00115
10.1517	7.14401
10.1524	3.57201
10.1593	3.90534
10.1607	4.23867
10.1632	4.48867
10.165	4.73867
10.1657	4.98867
10.1671	5.23867
10.1732	5.43867
10.174	5.63867
10.1754	5.83867
10.1762	6.03867
10.177	6.20534
10.1818	6.37201
10.1832	3.186
10.1839	3.51934
10.186	3.85267
10.1867	4.186
10.1873	4.436
10.1908	4.686
10.1954	4.936
10.1961	5.186
10.1968	2.593
10.1999	3.093
10.2034	3.42633
10.204	3.75967
10.2047	4.093
10.2082	4.343
10.2089	4.593
10.2096	4.843
10.2102	5.093
10.213	5.293
10.2153	5.493
10.2164	5.693
10.2164	5.893
10.2171	6.093
10.2196	6.25967
10.2222	6.42633
10.2229	6.593
10.2236	6.75967
10.2243	6.92633
10.225	7.093
10.227	7.23586
10.2304	7.37872
10.2311	7.52157
10.2325	7.66443
10.2346	7.80729
10.2353	7.95014
10.2361	8.093
10.2368	8.218
10.2389	8.343
10.2403	8.468
10.2409	8.593
10.2424	8.718
10.243	8.843
10.2438	8.968
10.2444	9.093
10.2451	9.20411
10.2472	9.31522
10.2479	4.65761
10.2486	4.90761
10.2493	5.15761
10.2507	5.35761
10.2521	5.55761
10.2528	5.75761
10.2535	5.95761
10.2541	6.15761
10.2562	6.32428
10.2585	6.49095
10.259	6.65761
10.2597	6.82428
10.261	6.99095
10.2619	7.15761
10.2624	7.30047
10.2631	7.44333
10.2644	7.58618
10.267	7.72904
10.2679	7.8719
10.2687	3.93595
10.2692	4.26928
10.2702	4.51928
10.2713	4.76928
10.272	5.01928
10.2728	5.21928
10.2734	5.41928
10.2773	5.61928
10.2774	5.81928
10.2777	6.01928
10.281	6.18595
10.2824	6.35262
10.2831	6.51928
10.2838	6.68595
10.2845	6.85262
10.2851	7.01928
10.2859	7.16214
10.2872	7.305
10.2879	7.44785
10.2886	7.59071
10.2893	7.73357
10.29	7.87642
10.2907	8.01928
10.2921	8.14428
10.2941	8.26928
10.2949	8.39428
10.2962	8.51928
10.2969	8.64428
10.2976	8.76928
10.2983	8.89428
10.2989	9.01928
10.3004	9.13039
10.3006	9.2415
10.3011	9.35262
10.3024	9.46373
10.3039	9.57484
10.3052	9.68595
10.3066	9.79706
10.308	9.90817
10.3086	10.0193
10.31	10.1193
10.3117	10.2193
10.3127	10.3193
10.3141	10.4193
10.315	10.5193
10.3157	10.6193
10.3171	10.7193
10.3177	10.8193
10.3185	10.9193
10.3192	11.0193
10.3212	11.1102
10.3233	11.2011
10.324	11.292
10.3246	11.3829
10.3254	11.4738
10.3267	11.5647
10.3274	11.6556
10.3288	11.7466
10.3301	11.8375
10.3302	11.9284
10.3309	12.0193
10.3316	12.1026
10.3336	12.1859
10.3343	12.2693
10.335	12.3526
10.3364	12.4359
10.3378	12.5193
10.3399	12.6026
10.3405	12.6859
10.3413	12.7693
10.342	12.8526
10.3426	12.9359
10.3433	13.0193
10.344	13.0962
10.3454	13.1731
10.3461	13.2501
10.3481	13.327
10.3495	13.4039
10.3502	13.4808
10.3516	13.5577
10.3523	13.6347
10.355	13.7116
10.3558	13.7885
10.3573	13.8654
10.3579	13.9424
10.3586	14.0193
10.3593	14.0907
10.3615	14.1621
10.3621	14.2336
10.3635	14.305
10.3641	14.3764
10.3655	14.4479
10.3662	14.5193
10.367	14.5907
10.3697	14.6621
10.371	14.7336
10.3717	14.805
10.3731	14.8764
10.375	14.9479
10.3752	15.0193
10.3759	15.0859
10.3773	15.1526
10.3779	15.2193
10.3786	15.2859
10.3793	15.3526
10.3807	15.4193
10.3814	15.4859
10.3834	15.5526
10.3848	15.6193
10.387	15.6859
10.3881	15.7526
10.3902	15.8193
10.3915	15.8859
10.3922	15.9526
10.3929	16.0193
10.3943	16.0818
10.3964	16.1443
10.397	16.2068
10.3984	16.2693
10.3991	16.3318
10.3998	16.3943
10.4009	16.4568
10.4011	16.5193
10.4026	8.25964
10.4046	8.38464
10.4051	8.50964
10.4118	8.63464
10.4126	8.75964
10.4145	8.88464
10.4159	9.00964
10.4167	9.12075
10.4181	9.23186
10.4218	9.34297
10.4224	9.45409
10.4238	9.5652
10.4246	9.67631
10.4252	9.78742
10.4265	9.89853
10.428	10.0096
10.4356	10.1096
10.437	10.2096
10.441	10.3096
10.4417	10.4096
10.4439	10.5096
10.4446	10.6096
10.4453	10.7096
10.4466	10.8096
10.4481	10.9096
10.4486	11.0096
10.4528	11.1006
10.4537	11.1915
10.4583	11.2824
10.4604	11.3733
10.4632	11.4642
10.4645	11.5551
10.4661	11.646
10.4675	11.7369
10.4694	11.8278
10.4701	11.9187
10.4708	12.0096
10.473	12.093
10.4736	12.1763
10.4787	12.2596
10.4809	12.343
10.4815	12.4263
10.4822	12.5096
10.4837	12.593
10.4857	12.6763
10.4864	12.7596
10.4871	12.843
10.4884	12.9263
10.4891	13.0096
10.4925	13.0866
10.4933	13.1635
10.4974	13.2404
10.5008	13.3173
10.5024	13.3943
10.5029	13.4712
10.5036	13.5481
10.5074	13.625
10.5095	13.7019
10.5101	13.7789
10.5116	13.8558
10.5123	13.9327
10.5131	14.0096
10.5136	14.0811
10.5143	14.1525
10.5175	14.2239
10.5216	14.2954
10.5236	14.3668
10.5244	14.4382
10.5257	14.5096
10.5299	14.5811
10.5306	14.6525
10.5312	14.7239
10.5335	14.7954
10.534	14.8668
10.5361	14.9382
10.5368	15.0096
10.5423	15.0763
10.543	15.143
10.5437	15.2096
10.5444	15.2763
10.5457	15.343
10.5472	15.4096
10.5485	15.4763
10.5512	15.543
10.5519	15.6096
10.5533	15.6763
10.5567	15.743
10.5588	15.8096
10.5616	15.8763
10.563	15.943
10.565	16.0096
10.5651	16.0721
10.5658	16.1346
10.5671	16.1971
10.5678	16.2596
10.5699	16.3221
10.5719	16.3846
10.5726	16.4471
10.5754	16.5096
10.576	16.5721
10.5782	16.6346
10.5795	16.6971
10.5822	16.7596
10.5857	16.8221
10.5884	16.8846
10.5891	16.9471
10.5898	17.0096
10.5905	17.0685
10.5912	17.1273
10.5919	17.1861
10.594	17.2449
10.5947	17.3038
10.5967	17.3626
10.5974	17.4214
10.6008	17.4802
10.6022	17.5391
10.6072	17.5979
10.6081	17.6567
10.6102	17.7155
10.6114	17.7743
10.6121	17.8332
10.613	17.892
10.6143	17.9508
10.615	18.0096
10.6157	18.0652
10.6171	18.1208
10.6178	18.1763
10.6201	18.2319
10.6222	18.2874
10.6236	18.343
10.6242	18.3985
10.6283	18.4541
10.6298	18.5096
10.6338	9.25482
10.6345	9.36593
10.6361	9.47704
10.6382	9.58815
10.6388	9.69926
10.6395	9.81038
10.641	9.92149
10.6416	10.0326
10.6423	10.1326
10.643	10.2326
10.6437	10.3326
10.6444	10.4326
10.645	10.5326
10.6457	10.6326
10.6464	10.7326
10.6471	10.8326
10.6534	10.9326
10.654	11.0326
10.6637	11.1235
10.6644	11.2144
10.665	11.3053
10.6658	11.3962
10.6664	11.4871
10.6671	11.5781
10.6678	11.669
10.6685	11.7599
10.6751	11.8508
10.6771	11.9417
10.6778	12.0326
10.684	12.1159
10.6847	12.1993
10.6861	12.2826
10.6875	12.3659
10.6889	12.4493
10.6895	12.5326
10.6902	12.6159
10.6909	12.6993
10.6943	12.7826
10.695	12.8659
10.6957	12.9493
10.6964	13.0326
10.7012	13.1095
10.7019	13.1864
10.7026	6.59322
10.7035	6.75989
10.7055	6.92656
10.706	7.09322
10.7074	7.23608
10.7088	7.37894
10.7116	7.52179
10.713	7.66465
10.7149	7.80751
10.715	7.95037
10.7157	8.09322
10.7226	8.21822
10.7232	8.34322
10.7274	8.46822
10.7281	8.59322
10.7288	8.71822
10.7295	8.84322
10.7308	8.96822
10.7315	9.09322
10.7397	9.20433
10.7404	9.31544
10.7439	9.42656
10.7452	9.53767
10.746	9.64878
10.7473	9.75989
10.7487	9.871
10.7494	9.98211
10.7501	10.0932
10.7576	10.1932
10.759	10.2932
10.7597	10.3932
10.7611	10.4932
10.7618	10.5932
10.7625	10.6932
10.7638	10.7932
10.7645	10.8932
10.7656	10.9932
10.7659	11.0932
10.7749	11.1841
10.7762	11.275
10.7769	11.3659
10.7776	11.4569
10.779	11.5478
10.7797	11.6387
10.7811	11.7296
10.7829	11.8205
10.7835	11.9114
10.7842	12.0023
10.7849	12.0856
10.7938	12.169
10.7945	12.2523
10.7952	12.3356
10.7966	12.419
10.7973	12.5023
10.7986	12.5856
10.8001	12.669
10.8007	12.7523
10.8014	12.8356
10.8021	12.919
10.8028	13.0023
10.8034	13.0792
10.8139	13.1562
10.8145	13.2331
10.8152	13.31
10.8166	13.3869
10.8174	13.4639
10.8186	13.5408
10.82	13.6177
10.8207	13.6946
10.8214	13.7715
10.8221	13.8485
10.8228	13.9254
10.8241	14.0023
10.8248	14.0737
10.8331	14.1452
10.8345	7.07259
10.8351	7.21544
10.8359	7.3583
10.8372	7.50116
10.8386	7.64401
10.8393	7.78687
10.8407	7.92973
10.8414	8.07259
10.8434	8.19759
10.8448	8.32259
10.8462	8.44759
10.8483	8.57259
10.8503	8.69759
10.8552	8.82259
10.8579	8.94759
10.8593	9.07259
10.862	9.1837
10.8634	9.29481
10.8641	9.40592
10.8662	9.51703
10.869	9.62814
10.8738	9.73925
10.8765	9.85036
10.878	9.96147
10.8786	10.0726
10.882	10.1726
10.8828	10.2726
10.8834	10.3726
10.8841	10.4726
10.8855	10.5726
10.8903	10.6726
10.8931	10.7726
10.8945	10.8726
10.8952	10.9726
10.8959	11.0726
10.9	11.1635
10.9007	11.2544
10.9014	11.3453
10.9035	11.4362
10.9048	11.5271
10.9076	11.618
10.9097	11.7089
10.911	11.7999
10.9118	11.8908
10.9124	11.9817
10.918	12.0726
10.9181	12.1559
10.92	12.2393
10.9214	12.3226
10.9223	12.4059
10.9251	12.4893
10.927	12.5726
10.9299	12.6559
10.9312	12.7393
10.9333	12.8226
10.936	12.9059
10.9374	12.9893
10.9381	13.0726
10.9408	13.1495
10.9436	13.2264
10.945	13.3034
10.9457	13.3803
10.9474	13.4572
10.9484	13.5341
10.9494	13.611
10.9519	13.688
10.9567	13.7649
10.9573	13.8418
10.9595	13.9187
10.9601	13.9957
10.9623	14.0726
10.963	14.144
10.9644	14.2154
10.9651	14.2869
10.9664	14.3583
10.9685	7.17915
10.9706	7.32201
10.9733	7.46486
10.9781	7.60772
10.9816	7.75058
10.9837	7.89344
10.9844	8.03629
10.9851	8.16129
10.9859	8.28629
10.9871	8.41129
10.9885	8.53629
10.9892	8.66129
10.9899	8.78629
10.9913	8.91129
11.0078	9.03629
11.0086	9.1474
11.0106	9.25851
11.0119	9.36963
11.0126	9.48074
11.0141	9.59185
11.0147	9.70296
11.0154	4.85148
11.026	5.10148
11.0274	5.30148
11.0281	5.50148
11.0302	5.70148
11.0322	5.90148
11.0336	6.10148
11.0363	6.26815
11.0377	6.43481
11.0481	6.60148
11.0502	6.76815
11.0515	6.93481
11.0522	7.10148
11.057	7.24434
11.0577	7.38719
11.0646	7.53005
11.0667	7.67291
11.0688	7.81577
11.0689	7.95862
11.0697	8.10148
11.0749	8.22648
11.0756	8.35148
11.0798	4.17574
11.0811	4.42574
11.0825	4.67574
11.0832	4.92574
11.0839	5.17574
11.0854	5.37574
11.0908	5.57574
11.0915	5.77574
11.0987	5.97574
11.0987	6.17574
11.0991	6.34241
11.1059	6.50907
11.1066	6.67574
11.1135	6.84241
11.1143	7.00907
11.1149	7.15193
11.1156	7.29479
11.1197	7.43764
11.1204	7.5805
11.1287	7.72336
11.1294	7.86622
11.1312	8.00907
11.1318	8.13407
11.1325	8.25907
11.1366	8.38407
11.1374	8.50907
11.1435	8.63407
11.1442	8.75907
11.1449	8.88407
11.1456	9.00907
11.1463	9.12018
11.147	9.2313
11.1511	9.34241
11.1518	9.45352
11.1573	9.56463
11.1573	9.67574
11.158	9.78685
11.1587	9.89796
11.1594	10.0091
11.1601	10.1091
11.1607	10.2091
11.1656	10.3091
11.1676	10.4091
11.1718	10.5091
11.1725	10.6091
11.1732	10.7091
11.1739	10.8091
11.1746	10.9091
11.1752	11.0091
11.1767	11.1
11.1869	11.1909
11.1876	11.2818
11.1893	11.3727
11.1914	11.4636
11.1928	11.5545
11.1935	11.6454
11.1973	11.7363
11.2139	11.8273
11.2145	11.9182
11.2166	12.0091
11.218	12.0924
11.2193	12.1757
11.2235	12.2591
11.2256	12.3424
11.2276	12.4257
11.2339	12.5091
11.2359	12.5924
11.2421	12.6757
11.247	12.7591
11.2512	6.37954
11.2538	6.5462
11.2559	6.71287
11.2573	6.87954
11.258	7.0462
11.2635	7.18906
11.2675	7.33192
11.2697	7.47477
11.2759	7.61763
11.2794	7.76049
11.2843	7.90335
11.285	8.0462
11.2856	8.1712
11.2877	8.2962
11.289	8.4212
11.2911	8.5462
11.2952	8.6712
11.3022	8.7962
11.3036	8.9212
11.3045	9.0462
11.3091	9.15731
11.3132	9.26843
11.3146	9.37954
11.3153	9.49065
11.3166	9.60176
11.3207	9.71287
11.3228	9.82398
11.3255	9.93509
11.3335	10.0462
11.338	10.1462
11.3408	10.2462
11.3456	10.3462
11.3469	10.4462
11.3497	10.5462
11.352	10.6462
11.3534	10.7462
11.3548	10.8462
11.3563	10.9462
11.3587	11.0462
11.361	11.1371
11.3686	11.228
11.3725	11.3189
11.3734	11.4098
11.3782	11.5007
11.3789	11.5917
11.3803	11.6826
11.3816	11.7735
11.3824	11.8644
11.383	11.9553
11.3853	12.0462
11.3872	12.1295
11.3899	12.2129
11.3982	12.2962
11.4049	12.3795
11.411	12.4629
11.4133	12.5462
11.4154	12.6295
11.4161	12.7129
11.4168	12.7962
11.4195	12.8795
11.4209	12.9629
11.4223	13.0462
11.4236	13.1231
11.4264	13.2
11.4271	13.277
11.4285	13.3539
11.4384	13.4308
11.4476	13.5077
11.4517	13.5847
11.4523	13.6616
11.4551	13.7385
11.4565	13.8154
11.4578	13.8924
11.4599	13.9693
11.4613	14.0462
11.462	14.1176
11.464	14.1891
11.4647	14.2605
11.4675	14.3319
11.4682	14.4033
11.4688	14.4748
11.4778	14.5462
11.4812	14.6176
11.4902	14.6891
11.4915	14.7605
11.495	14.8319
11.4984	7.41596
11.5019	7.55882
11.5032	7.70167
11.5053	7.84453
11.5074	7.98739
11.5088	8.13024
11.5102	8.25524
11.5122	8.38024
11.5136	8.50524
11.5191	8.63024
11.524	8.75524
11.5361	8.88024
11.5396	9.00524
11.5403	9.11636
11.5416	9.22747
11.543	9.33858
11.5458	9.44969
11.5472	9.5608
11.5493	9.67191
11.552	9.78302
11.5555	9.89413
11.5575	10.0052
11.5603	10.1052
11.561	5.05262
11.5665	5.25262
11.5679	5.45262
11.5699	5.65262
11.5734	5.85262
11.5775	6.05262
11.5795	6.21929
11.5816	6.38596
11.5837	6.55262
11.5858	6.71929
11.5914	6.88596
11.592	7.05262
11.5941	7.19548
11.5961	7.33834
11.5988	7.48119
11.6009	7.62405
11.6065	7.76691
11.6071	7.90977
11.6079	8.05262
11.6099	8.17762
11.612	8.30262
11.6163	8.42762
11.6175	8.55262
11.6243	8.67762
11.625	8.80262
11.6257	8.92762
11.6264	9.05262
11.6284	9.16373
11.6317	9.27484
11.6365	9.38596
11.6372	9.49707
11.644	9.60818
11.6447	9.71929
11.6454	9.8304
11.6461	9.94151
11.6468	10.0526
11.6475	5.02631
11.6482	5.22631
11.6537	5.42631
11.6544	5.62631
11.662	5.82631
11.6627	6.02631
11.6633	6.19298
11.6641	6.35964
11.6647	6.52631
11.6654	6.69298
11.6758	6.85964
11.6764	7.02631
11.6771	7.16917
11.6793	7.31203
11.6801	7.45488
11.6807	7.59774
11.6931	7.7406
11.6938	7.88345
11.6944	8.02631
11.6952	8.15131
11.696	8.27631
11.6966	8.40131
11.6977	4.20066
11.7074	4.45066
11.7087	4.70066
11.7093	4.95066
11.7101	5.20066
11.7107	5.40066
11.7114	5.60066
11.7225	5.80066
11.7231	6.00066
11.7238	6.16732
11.7245	6.33399
11.7251	6.50066
11.7355	6.66732
11.7362	6.83399
11.7369	7.00066
11.7375	7.14351
11.7382	7.28637
11.7389	7.42923
11.7492	7.57208
11.7499	7.71494
11.7507	7.8578
11.7513	8.00066
11.752	8.12566
11.7527	8.25066
11.7534	8.37566
11.763	8.50066
11.7637	8.62566
11.7644	8.75066
11.765	8.87566
11.7657	9.00066
11.7664	9.11177
11.7671	9.22288
11.7679	9.33399
11.7782	9.4451
11.7788	9.55621
11.7795	9.66732
11.7802	9.77843
11.781	9.88954
11.7816	10.0007
11.7823	10.1007
11.783	10.2007
11.7837	10.3007
11.7926	10.4007
11.7933	10.5007
11.794	10.6007
11.7947	10.7007
11.7954	5.35033
11.7961	5.55033
11.7967	5.75033
11.7974	5.95033
11.7981	6.15033
11.7988	6.31699
11.8091	6.48366
11.8105	6.65033
11.8113	6.81699
11.8119	6.98366
11.8127	7.15033
11.8223	7.29318
11.823	7.43604
11.8238	7.5789
11.8243	7.72176
11.825	7.86461
11.8257	8.00747
11.8264	8.13247
11.8377	8.25747
11.8384	8.38247
11.8391	8.50747
11.8398	8.63247
11.8405	8.75747
11.8414	8.88247
11.8419	9.00747
11.8425	9.11858
11.8522	9.22969
11.8529	9.3408
11.8536	9.45192
11.8542	9.56303
11.8549	9.67414
11.8556	4.83707
11.8563	5.08707
11.857	5.28707
11.8577	5.48707
11.8668	5.68707
11.8675	5.88707
11.8687	6.08707
11.8689	6.25374
11.8702	6.4204
11.882	6.58707
11.8823	6.75374
11.883	6.9204
11.8837	7.08707
11.8845	7.22993
11.8851	7.37278
11.8934	7.51564
11.8941	7.6585
11.8948	7.80135
11.8955	7.94421
11.8961	8.08707
11.8968	8.21207
11.8975	8.33707
11.9092	8.46207
11.9099	8.58707
11.9106	8.71207
11.9113	8.83707
11.912	8.96207
11.9126	9.08707
11.9133	9.19818
11.9141	9.30929
11.9203	9.4204
11.9218	4.7102
11.9224	4.9602
11.923	5.2102
11.9244	5.4102
11.9244	5.6102
11.9258	5.8102
11.9259	6.0102
11.9264	6.17687
11.9313	6.34353
11.932	6.5102
11.9327	6.67687
11.9333	6.84353
11.9347	7.0102
11.9416	7.15306
11.9423	7.29592
11.943	7.43877
11.9437	3.71939
11.9444	4.05272
11.9458	4.30272
11.9465	4.55272
11.9534	4.80272
11.9541	5.05272
11.9555	5.25272
11.9575	5.45272
11.9638	5.65272
11.9655	5.85272
11.9661	6.05272
11.9667	6.21939
11.9681	6.38605
11.9771	6.55272
11.9786	3.27636
11.9792	3.60969
11.9798	3.94303
11.9806	4.27636
11.9812	4.52636
11.9918	4.77636
11.993	5.02636
11.9936	5.22636
11.9944	5.42636
12.0042	5.62636
12.0049	5.82636
12.0057	6.02636
12.0063	6.19303
12.007	6.35969
12.0153	6.52636
12.0161	6.69303
12.0191	6.85969
12.0198	7.02636
12.0204	7.16922
12.0221	7.31207
12.0285	7.45493
12.0292	7.59779
12.0299	7.74065
12.0306	3.87032
12.0313	4.20366
12.032	4.45366
12.0327	4.70366
12.0396	4.95366
12.041	5.20366
12.0417	5.40366
12.0492	5.60366
12.0501	5.80366
12.0506	2.90183
12.0513	3.40183
12.0527	3.73516
12.0601	4.06849
12.0608	4.31849
12.0636	4.56849
12.0685	4.81849
12.0691	5.06849
12.0705	5.26849
12.0732	5.46849
12.0754	5.66849
12.076	5.86849
12.0766	6.06849
12.078	6.23516
12.0827	6.40183
12.0868	6.56849
12.0875	6.73516
12.0881	6.90183
12.0889	7.06849
12.0902	7.21135
12.0959	7.35421
12.0994	7.49707
12.1007	7.63992
12.103	7.78278
12.1051	7.92564
12.1058	8.06849
12.1079	8.19349
12.1102	8.31849
12.1137	8.44349
12.1168	8.56849
12.1219	8.69349
12.1234	8.81849
12.1239	8.94349
12.1257	9.06849
12.1284	9.17961
12.1312	4.5898
12.1319	4.8398
12.1341	5.0898
12.1386	5.2898
12.1408	5.4898
12.1414	5.6898
12.1421	5.8898
12.1428	6.0898
12.1455	6.25647
12.1545	6.42314
12.1551	6.5898
12.1559	6.75647
12.1573	3.37823
12.1579	3.71157
12.1593	4.0449
12.1662	4.2949
12.1669	4.5449
12.1677	4.7949
12.1697	5.0449
12.1777	5.2449
12.1784	5.4449
12.179	5.6449
12.1804	5.8449
12.1811	6.0449
12.1894	6.21157
12.19	6.37823
12.1908	6.5449
12.1921	6.71157
12.1928	6.87823
12.1935	7.0449
12.2023	7.18776
12.2031	7.33062
12.204	7.47347
12.2052	7.61633
12.2058	7.75919
12.2066	7.90204
12.2072	8.0449
12.2139	4.02245
12.2146	4.27245
12.2153	4.52245
12.2166	4.77245
12.2173	5.02245
12.218	5.22245
12.2187	5.42245
12.2195	5.62245
12.2283	5.82245
12.2289	6.02245
12.2296	6.18912
12.2303	6.35578
12.231	6.52245
12.2379	6.68912
12.2387	6.85578
12.2394	7.02245
12.2406	7.16531
12.2414	7.30817
12.2421	3.65408
12.2491	3.98742
12.2497	4.32075
12.2504	4.57075
12.2523	4.82075
12.2544	5.07075
12.2619	2.53537
12.2626	3.03537
12.2645	3.36871
12.2647	3.70204
12.2654	4.03537
12.2715	4.28537
12.2723	4.53537
12.2736	4.78537
12.2743	5.03537
12.283	5.23537
12.2837	5.43537
12.2851	5.63537
12.2858	5.83537
12.2864	6.03537
12.292	6.20204
12.2927	6.36871
12.2933	6.53537
12.294	6.70204
12.2947	6.86871
12.2954	7.03537
12.301	7.17823
12.3016	7.32109
12.3023	7.46395
12.3032	7.6068
12.3044	7.74966
12.3051	7.89252
12.3057	8.03537
12.3129	8.16037
12.3144	8.28537
12.315	8.41037
12.3158	8.53537
12.3171	4.26769
12.3177	4.51769
12.3184	4.76769
12.3192	5.01769
12.3246	5.21769
12.3253	5.41769
12.3274	5.61769
12.3299	5.81769
12.3381	2.90884
12.3387	3.40884
12.3394	3.74218
12.3408	4.07551
12.3415	4.32551
12.3478	4.57551
12.3485	4.82551
12.3491	5.07551
12.3519	5.27551
12.359	5.47551
12.3597	2.73776
12.3604	3.23776
12.361	3.57109
12.3638	3.90442
12.3686	4.23776
12.37	4.48776
12.3728	4.73776
12.379	4.98776
12.3797	5.23776
12.3803	5.43776
12.3846	5.63776
12.3853	2.81888
12.3859	3.31888
12.3867	3.65221
12.388	3.98554
12.3931	4.31888
12.3951	4.56888
12.3959	4.81888
12.3993	5.06888
12.4	5.26888
12.4035	5.46888
12.4041	5.66888
12.409	5.86888
12.4096	6.06888
12.4103	6.23554
12.4117	6.40221
12.4124	6.56888
12.4152	6.73554
12.416	6.90221
12.4165	7.06888
12.4172	7.21173
12.4186	7.35459
12.4193	7.49745
12.4207	7.64031
12.4214	7.78316
12.4234	7.92602
12.4241	8.06888
12.4248	8.19388
12.4269	8.31888
12.4282	8.44388
12.431	8.56888
12.4324	8.69388
12.4331	8.81888
12.4337	8.94388
12.4344	9.06888
12.4358	9.17999
12.4366	9.2911
12.4393	9.40221
12.4435	9.51332
12.4443	9.62443
12.4456	9.73554
12.4463	9.84666
12.447	9.95777
12.4477	10.0689
12.4484	10.1689
12.4498	10.2689
12.4511	10.3689
12.4525	10.4689
12.4552	10.5689
12.4566	10.6689
12.458	10.7689
12.4593	10.8689
12.46	10.9689
12.4607	11.0689
12.4621	11.1598
12.4635	11.2507
12.4641	11.3416
12.4656	11.4325
12.4676	11.5234
12.4715	11.6143
12.4729	11.7052
12.4736	11.7962
12.4749	11.8871
12.4756	11.978
12.4784	12.0689
12.4791	12.1522
12.4798	12.2355
12.4805	12.3189
12.4846	12.4022
12.4866	12.4855
12.4871	12.5689
12.4878	12.6522
12.4912	12.7355
12.4919	12.8189
12.4933	12.9022
12.4947	12.9855
12.4968	13.0689
12.4988	13.1458
12.4995	13.2227
12.5002	13.2996
12.5009	13.3766
12.5016	6.68828
12.503	6.85495
12.5088	7.02162
12.5109	7.16448
12.5116	7.30733
12.5122	7.45019
12.5146	7.59305
12.5152	7.7359
12.5159	7.87876
12.5222	8.02162
12.5229	8.14662
12.5249	8.27162
12.5263	8.39662
12.5277	8.52162
12.5304	8.64662
12.5311	8.77162
12.5325	8.89662
12.536	9.02162
12.5374	9.13273
12.5417	9.24384
12.5424	9.35495
12.543	9.46606
12.5452	4.73303
12.5459	4.98303
12.5466	5.23303
12.5508	5.43303
12.5515	5.63303
12.553	5.83303
12.5543	6.03303
12.555	6.1997
12.5597	6.36636
12.5604	6.53303
12.5618	6.6997
12.5639	6.86636
12.5666	7.03303
12.5673	7.17589
12.5714	7.31875
12.5722	7.4616
12.5728	7.60446
12.5743	7.74732
12.5756	7.89017
12.5764	8.03303
12.5795	8.15803
12.5802	8.28303
12.5808	8.40803
12.5822	8.53303
12.5843	8.65803
12.5849	8.78303
12.587	8.90803
12.5891	9.03303
12.5898	9.14414
12.5905	9.25525
12.5925	9.36636
12.5932	9.47748
12.5953	9.58859
12.598	9.6997
12.6008	9.81081
12.6022	9.92192
12.6029	10.033
12.6043	10.133
12.6088	10.233
12.6122	10.333
12.6129	10.433
12.6142	10.533
12.6149	10.633
12.6156	10.733
12.6179	10.833
12.6193	10.933
12.6234	11.033
12.6248	11.1239
12.6261	11.2148
12.6268	11.3058
12.6282	11.3967
12.6289	11.4876
12.631	11.5785
12.6323	11.6694
12.6344	11.7603
12.6358	11.8512
12.64	11.9421
12.6406	12.033
12.6413	12.1164
12.6441	12.1997
12.6454	12.283
12.6469	12.3664
12.6475	12.4497
12.6482	12.533
12.6496	12.6164
12.6503	12.6997
12.6516	12.783
12.6546	12.8664
12.6559	12.9497
12.6585	13.033
12.6612	13.11
12.6647	13.1869
12.666	13.2638
12.6681	13.3407
12.6695	13.4176
12.6722	13.4946
12.6729	13.5715
12.6737	13.6484
12.675	13.7253
12.675	13.8023
12.6771	13.8792
12.6784	13.9561
12.6798	14.033
12.6825	14.1045
12.6867	14.1759
12.688	14.2473
12.6908	14.3187
12.6921	14.3902
12.6951	14.4616
12.6951	14.533
12.6962	14.6045
12.6969	14.6759
12.6976	14.7473
12.7004	14.8187
12.7018	14.8902
12.7032	14.9616
12.7039	15.033
12.7059	15.0997
12.7121	15.1664
12.7141	15.233
12.7155	15.2997
12.7176	15.3664
12.719	15.433
12.7207	15.4997
12.7213	15.5664
12.722	15.633
12.7247	15.6997
12.7268	15.7664
12.7275	15.833
12.7282	15.8997
12.7309	15.9664
12.7323	16.033
12.735	16.0955
12.7385	16.158
12.7412	16.2205
12.7429	16.283
12.745	16.3455
12.7471	16.408
12.7498	16.4705
12.7505	16.533
12.7519	16.5955
12.7525	16.658
12.7532	16.7205
12.7553	16.783
12.7567	16.8455
12.7573	16.908
12.7588	16.9705
12.7594	17.033
12.7608	17.0919
12.7649	17.1507
12.7663	17.2095
12.7683	17.2683
12.7711	17.3271
12.7732	17.386
12.7739	17.4448
12.7766	17.5036
12.78	17.5624
12.7807	17.6213
12.7814	17.6801
12.7828	17.7389
12.7834	17.7977
12.7848	17.8566
12.7862	17.9154
12.7869	17.9742
12.7883	18.033
12.7903	18.0886
12.7921	18.1441
12.7927	18.1997
12.7948	18.2553
12.7968	18.3108
12.7982	18.3664
12.8003	18.4219
12.8023	18.4775
12.8092	18.533
12.8099	18.5886
12.812	18.6441
12.8126	18.6997
12.8133	18.7553
12.8161	18.8108
12.8182	18.8664
12.8188	18.9219
12.8202	18.9775
12.8216	19.033
12.8222	19.0857
12.8236	19.1383
12.8243	19.1909
12.8257	19.2436
12.8305	19.2962
12.8325	19.3488
12.8332	19.4015
12.8359	19.4541
12.8381	19.5067
12.8387	19.5593
12.8401	19.612
12.842	19.6646
12.8426	19.7172
12.8465	19.7699
12.8472	19.8225
12.8486	19.8751
12.8492	19.9278
12.8513	19.9804
12.852	20.033
12.855	20.083
12.8557	20.133
12.8585	20.183
12.8598	20.233
12.8639	20.283
12.8646	20.333
12.8673	20.383
12.8694	20.433
12.871	20.483
12.8714	20.533
12.8729	20.583
12.8735	20.633
12.8749	20.683
12.877	20.733
12.8783	20.783
12.8831	20.833
12.8838	20.883
12.8859	20.933
12.8893	20.983
12.8914	21.033
12.8921	21.0807
12.8927	21.1283
12.8935	21.1759
12.8941	21.2235
12.8948	21.2711
12.8976	21.3187
12.8989	21.3664
12.9033	21.414
12.9039	21.4616
12.9067	21.5092
12.9074	21.5568
12.9129	21.6045
12.9156	21.6521
12.9177	21.6997
12.9184	21.7473
12.919	10.8737
12.9197	10.9737
12.9205	11.0737
12.9233	11.1646
12.9246	11.2555
12.9259	11.3464
12.9293	11.4373
12.9321	11.5282
12.9341	11.6191
12.9348	11.71
12.9404	11.8009
12.9417	11.8918
12.9431	11.9827
12.9438	12.0737
12.9444	12.157
12.9483	12.2403
12.9495	12.3237
12.9502	12.407
12.9509	12.4903
12.9567	12.5737
12.9587	12.657
12.9695	6.3285
12.9709	6.49516
12.9722	6.66183
12.973	6.8285
12.9736	6.99516
12.9751	7.16183
12.9779	7.30469
12.9792	7.44754
12.9799	7.5904
12.9812	7.73326
12.9868	7.87611
12.9888	8.01897
13.0003	8.14397
13.0011	8.26897
13.0024	8.39397
13.0038	8.51897
13.0058	8.64397
13.0092	4.32199
13.0121	4.57199
13.0127	4.82199
13.0244	5.07199
13.0257	5.27199
13.0271	5.47199
13.0285	5.67199
13.0306	5.87199
13.047	6.07199
13.0484	6.23865
13.0498	6.40532
13.0519	6.57199
13.0546	6.73865
13.0729	6.90532
13.0736	7.07199
13.0749	7.21484
13.0763	7.3577
13.0783	7.50056
13.0804	7.64341
13.0948	7.78627
13.0955	7.92913
13.0963	8.07199
13.0976	8.19699
13.0989	8.32199
13.101	8.44699
13.103	8.57199
13.1154	8.69699
13.1161	8.82199
13.1168	8.94699
13.1175	9.07199
13.1182	9.1831
13.1196	9.29421
13.1216	4.6471
13.1237	4.8971
13.1395	5.1471
13.14	5.3471
13.1407	5.5471
13.1414	5.7471
13.1421	5.9471
13.1428	6.1471
13.1442	6.31377
13.1626	6.48044
13.1633	6.6471
13.164	6.81377
13.1646	6.98044
13.1653	7.1471
13.1667	7.28996
13.1804	7.43282
13.1811	7.57568
13.1818	7.71853
13.1825	7.86139
13.1832	3.93069
13.1839	4.26403
13.1853	4.51403
13.2002	4.76403
13.2009	5.01403
13.2016	5.21403
13.2034	5.41403
13.2207	5.61403
13.2214	5.81403
13.2221	6.01403
13.2228	6.18069
13.2235	6.34736
13.2397	6.51403
13.2404	6.68069
13.2411	6.84736
13.2419	7.01403
13.2436	7.15689
13.2442	7.29974
13.2593	7.4426
13.2599	7.58546
13.2606	7.72831
13.2613	7.87117
13.262	8.01403
13.2627	8.13903
13.2634	8.26403
13.2774	8.38903
13.2781	8.51403
13.2788	8.63903
13.2795	8.76403
13.2802	8.88903
13.2809	9.01403
13.2816	9.12514
13.2822	9.23625
13.2967	9.34736
13.2968	9.45847
13.2975	4.72924
13.2982	4.97924
13.2988	5.22924
13.2995	5.42924
13.3002	5.62924
13.3009	5.82924
13.3016	6.02924
13.3166	6.1959
13.3174	6.36257
13.318	6.52924
13.3187	6.6959
13.3194	6.86257
13.3201	7.02924
13.3365	7.17209
13.3373	7.31495
13.3379	7.45781
13.3387	7.60066
13.3393	7.74352
13.34	7.88638
13.3407	8.02924
13.3534	8.15424
13.354	8.27924
13.3547	8.40424
13.3555	8.52924
13.3562	8.65424
13.3569	8.77924
13.3575	8.90424
13.359	9.02924
13.3701	9.14035
13.371	4.57017
13.3715	4.82017
13.3722	5.07017
13.3729	5.27017
13.3736	5.47017
13.3743	5.67017
13.3751	5.87017
13.3757	6.07017
13.3888	6.23684
13.3894	6.40351
13.3902	6.57017
13.3908	6.73684
13.3914	6.90351
13.3928	7.07017
13.4006	7.21303
13.4013	7.35589
13.402	7.49875
13.4027	7.6416
13.4034	7.78446
13.4041	7.92732
13.4048	8.07017
13.411	4.03509
13.4117	4.28509
13.4124	4.53509
13.4131	4.78509
13.4138	5.03509
13.4145	5.23509
13.4152	5.43509
13.4158	5.63509
13.4228	5.83509
13.4234	6.03509
13.4241	6.20175
13.4248	6.36842
13.4254	6.53509
13.4325	3.26754
13.4332	3.60088
13.4339	3.93421
13.4346	4.26754
13.4353	4.51754
13.436	4.76754
13.4369	5.01754
13.4373	5.21754
13.438	5.41754
13.4387	5.61754
13.4394	5.81754
13.4401	6.01754
13.4408	6.18421
13.4415	6.35088
13.4421	6.51754
13.4432	6.68421
13.4435	6.85088
13.4447	7.01754
13.4452	7.1604
13.4459	7.30326
13.4466	7.44611
13.4473	7.58897
13.448	7.73183
13.4487	7.87469
13.4493	8.01754
13.45	8.14254
13.4507	8.26754
13.4514	8.39254
13.4521	8.51754
13.4528	8.64254
13.4535	8.76754
13.4542	8.89254
13.4548	9.01754
13.4556	9.12865
13.4564	9.23977
13.4569	9.35088
13.4576	9.46199
13.4583	9.5731
13.459	9.68421
13.4597	9.79532
13.4603	9.90643
13.461	10.0175
13.4617	10.1175
13.4631	10.2175
13.4631	10.3175
13.4638	10.4175
13.4644	10.5175
13.4651	10.6175
13.4659	10.7175
13.4665	10.8175
13.4672	10.9175
13.4679	11.0175
13.4686	11.1085
13.4694	11.1994
13.47	11.2903
13.4706	11.3812
13.4713	11.4721
13.472	11.563
13.4727	11.6539
13.4734	11.7448
13.4746	11.8357
13.475	11.9266
13.4756	12.0175
13.4763	12.1009
13.477	12.1842
13.4777	12.2675
13.4784	12.3509
13.4791	12.4342
13.4798	12.5175
13.4804	12.6009
13.4811	12.6842
13.4818	12.7675
13.4825	12.8509
13.4832	12.9342
13.4839	13.0175
13.4846	13.0945
13.4852	13.1714
13.4859	13.2483
13.4866	13.3252
13.4873	13.4022
13.488	13.4791
13.4887	13.556
13.4894	13.6329
13.49	13.7099
13.4907	13.7868
13.4915	13.8637
13.4921	13.9406
13.4928	14.0175
13.4935	14.089
13.4942	14.1604
13.4948	14.2318
13.4955	14.3033
13.4962	14.3747
13.4969	14.4461
13.4976	14.5175
13.4983	14.589
13.499	14.6604
13.4997	14.7318
13.5003	14.8033
13.501	14.8747
13.5017	14.9461
13.5024	15.0175
13.5031	15.0842
13.5038	15.1509
13.5045	15.2175
13.5052	15.2842
13.5058	15.3509
13.5065	15.4175
13.5072	15.4842
13.5079	15.5509
13.5086	15.6175
13.5092	15.6842
13.51	7.84211
13.5113	7.98496
13.5121	8.12782
13.5128	8.25282
13.5134	8.37782
13.5141	8.50282
13.5148	8.62782
13.5155	8.75282
13.5162	8.87782
13.5169	9.00282
13.5176	9.11393
13.5182	9.22504
13.519	9.33615
13.5196	9.44726
13.5203	9.55837
13.521	9.66949
13.5217	9.7806
13.5224	9.89171
13.523	10.0028
13.5237	10.1028
13.5244	10.2028
13.5251	10.3028
13.5258	10.4028
13.5265	10.5028
13.5269	10.6028
