time	cwndsize
0.237118	11
0.238466	12
0.239855	13
0.240511	14
0.24195	15
0.243328	16
0.244692	17
0.246062	18
0.247417	19
0.24877	20
0.250151	21
0.251517	22
0.25293	23
0.254257	24
0.255632	25
0.257018	26
0.25838	27
0.259742	28
0.260462	29
0.261948	30
0.2625	31
0.263851	32
0.265262	33
0.266607	34
0.267982	35
0.269364	36
0.270752	37
0.272121	38
0.279112	39
0.280454	40
0.281887	41
0.28323	42
0.284568	43
0.285938	44
0.287308	45
0.288833	46
0.290068	47
0.291444	48
0.292876	49
0.29352	50
0.294884	51
0.296396	52
0.297599	53
0.299016	54
0.300389	55
0.301733	56
0.302414	57
0.303792	58
0.305183	59
0.306545	60
0.307903	61
0.309276	62
0.310639	63
0.312039	64
0.314085	65
0.31477	66
0.316819	67
0.318206	68
0.319587	69
0.321074	70
0.322326	71
0.323765	72
0.324412	73
0.325758	74
0.327188	75
0.328519	76
0.349239	77
0.350602	78
0.352016	79
0.353381	80
0.354106	81
0.354727	82
0.355399	83
0.356792	84
0.358139	85
0.359595	86
0.36092	87
0.362271	88
0.36295	89
0.364314	90
0.365682	91
0.367053	92
0.369331	93
0.369841	94
0.371175	95
0.372565	96
0.373951	97
0.375302	98
0.376671	99
0.37805	100
0.379418	101
0.38084	102
0.382187	103
0.382856	104
0.384231	105
0.386274	106
0.386305	107
0.387651	108
0.389037	109
0.390401	110
0.391782	111
0.393152	112
0.394603	113
0.395217	114
0.395892	115
0.397299	116
0.398644	117
0.400061	118
0.402171	119
0.402888	120
0.404219	121
0.404914	122
0.40631	123
0.407665	61.5
0.409047	61.5164
0.410414	61.5328
0.411783	61.5492
0.413161	61.5656
0.414523	61.582
0.416913	61.5984
0.418253	61.6148
0.41961	61.6311
0.421016	61.6475
0.422368	61.6639
0.42373	61.6803
0.425098	61.6967
0.426472	61.7131
0.427854	61.7295
0.42926	61.7459
0.430648	61.7623
0.432016	61.7787
0.4337	61.7951
0.435045	61.8115
0.436403	61.8279
0.437755	61.8443
0.439157	61.8607
0.440529	61.877
0.441928	61.8934
0.443301	61.9098
0.444702	61.9262
0.446038	61.9426
0.447429	61.959
0.479643	61.9754
0.480315	61.9918
0.480991	62.0082
0.481705	62.0243
0.482367	62.0405
0.483058	62.0566
0.484416	62.0727
0.485791	62.0888
0.487196	62.105
0.488688	62.1211
0.489244	62.1372
0.490448	62.1534
0.491296	62.1695
0.492647	62.1856
0.494045	62.2017
0.494733	62.2179
0.496123	62.234
0.496767	62.2501
0.498146	62.2663
0.49885	62.2824
0.499516	62.2985
0.500211	62.3146
0.501811	62.3308
0.502505	62.3469
0.503847	62.363
0.50453	62.3792
0.50583	62.3953
0.507308	62.4114
0.507976	62.4276
0.509351	62.4437
0.510026	62.4598
0.512123	62.4759
0.513185	62.4921
0.513887	62.5082
0.515916	62.5243
0.517294	62.5405
0.518682	62.5566
0.519383	62.5727
0.520746	62.5888
0.522116	62.605
0.523476	62.6211
0.52484	62.6372
0.526219	62.6534
0.527587	62.6695
0.528977	62.6856
0.530389	62.7017
0.531752	62.7179
0.533089	62.734
0.534491	62.7501
0.535832	62.7663
0.537204	62.7824
0.538602	62.7985
0.539994	62.8146
0.541337	62.8308
0.542706	62.8469
0.544117	62.863
0.545482	62.8792
0.546837	62.8953
0.548221	62.9114
0.54957	62.9276
0.550948	62.9437
0.552315	62.9598
0.553681	62.9759
0.555062	62.9921
0.55644	63.0082
0.557799	63.0241
0.559193	63.0399
0.560569	63.0558
0.561929	63.0717
0.563297	63.0876
0.564699	63.1034
0.566745	63.1193
0.568122	63.1352
0.569471	63.1511
0.570846	63.1669
0.573726	63.1828
0.574403	63.1987
0.576476	63.2145
0.577862	63.2304
0.578567	63.2463
0.580037	63.2622
0.581352	63.278
0.584217	63.2939
0.584277	63.3098
0.585508	63.3257
0.586784	63.3415
0.588159	63.3574
0.589564	63.3733
0.590896	63.3891
0.593444	63.405
0.593572	63.4209
0.594332	63.4368
0.59573	63.4526
0.688295	63.4685
0.689003	63.4844
0.6897	63.5003
0.690374	63.5161
0.691028	63.532
0.692531	63.5479
0.69317	63.5638
0.69392	63.5796
0.694564	63.5955
0.695201	63.6114
0.695945	63.6272
0.698088	63.6431
0.698734	63.659
0.701477	63.6749
0.702865	63.6907
0.704267	63.7066
0.706309	63.7225
0.70834	63.7384
0.709788	63.7542
0.711123	63.7701
0.711791	63.786
0.713918	63.8018
0.715266	63.8177
0.717335	63.8336
0.719425	63.8495
0.722834	63.8653
0.723545	63.8812
0.726975	63.8971
0.728358	63.913
0.72973	63.9288
0.731839	63.9447
0.733185	63.9606
0.735274	63.9765
0.737331	63.9923
0.73801	64.0082
0.739437	64.0238
0.740235	64.0394
0.741558	64.0551
0.745712	64.0707
0.747146	64.0863
0.749245	64.1019
0.751396	64.1176
0.752725	64.1332
0.754087	64.1488
0.755461	64.1644
0.75685	64.1801
0.757536	64.1957
0.758247	64.2113
0.759618	64.2269
0.760989	64.2426
0.76168	64.2582
0.763094	64.2738
0.764437	64.2894
0.766057	64.3051
0.766735	32.1525
0.768114	32.1838
0.769535	32.215
0.770855	32.2463
0.772224	32.2775
0.772915	32.3088
0.774291	32.34
0.775653	32.3713
0.777141	32.4025
0.894912	32.4338
0.896318	32.465
0.897673	32.4963
0.899042	32.5275
0.900463	32.5588
0.901791	32.59
0.903357	32.6213
0.904725	32.6525
0.906144	32.6838
0.907477	32.715
0.908844	32.7463
0.910227	32.7775
0.911595	32.8088
0.913005	32.84
0.914358	32.8713
0.915716	32.9025
0.917127	32.9338
0.918468	32.965
0.91984	32.9963
0.921236	33.0275
0.922586	33.0578
0.924811	33.0881
0.92622	33.1184
0.927555	33.1487
0.928943	33.1791
0.930303	33.2094
0.931706	33.2397
0.933053	33.27
0.934428	33.3003
0.935799	33.3306
0.937226	33.3609
0.93922	33.3912
0.939913	33.4215
0.940602	33.4518
0.941304	33.4821
0.942011	33.5124
0.942681	33.5427
0.943349	33.573
0.944021	33.6033
0.944758	33.6336
0.94545	33.6639
0.946125	33.6942
0.946876	33.7245
0.94748	33.7548
0.948205	33.7851
0.948852	33.8154
0.949519	33.8457
0.950252	33.876
0.950953	33.9063
0.951585	33.9366
0.952269	33.9669
0.952959	33.9972
0.953638	34.0275
0.954347	34.0569
0.996053	34.0864
0.997807	34.1158
0.998813	34.1452
1.0002	34.1746
1.0018	34.204
1.00291	34.2334
1.00428	34.2628
1.00566	34.2922
1.00701	34.3217
1.00838	34.3511
1.00979	34.3805
1.01052	34.4099
1.01122	34.4393
1.01192	34.4687
1.01259	34.4981
1.01373	34.5275
1.0144	34.5569
1.01509	34.5864
1.0158	34.6158
1.01647	34.6452
1.01716	34.6746
1.01828	34.704
1.0192	34.7334
1.01976	34.7628
1.02046	34.7922
1.02114	34.8217
1.02183	34.8511
1.02252	34.8805
1.0232	34.9099
1.02389	34.9393
1.02458	34.9687
1.02526	34.9981
1.02595	35.0275
1.02665	35.0561
1.12737	35.0847
1.12815	35.1133
1.12874	35.1418
1.12943	35.1704
1.13011	35.199
1.13078	35.2275
1.13149	35.2561
1.13218	35.2847
1.13285	35.3133
1.13354	35.3418
1.13423	35.3704
1.13844	35.399
1.13915	35.4275
1.13983	35.4561
1.14051	35.4847
1.14123	35.5133
1.1419	35.5418
1.14257	35.5704
1.14325	35.599
1.14395	35.6275
1.14465	35.6561
1.14532	35.6847
1.14601	35.7133
1.1467	35.7418
1.14746	35.7704
1.14806	35.799
1.14875	35.8275
1.14944	35.8561
1.15013	35.8847
1.15165	35.9133
1.15232	35.9418
1.15301	35.9704
1.1537	35.999
1.15438	36.0275
1.15507	36.0553
1.19045	36.0831
1.19113	36.1109
1.19184	36.1386
1.19296	36.1664
1.19317	36.1942
1.19386	36.222
1.19455	36.2498
1.19525	36.2775
1.19592	36.3053
1.19661	36.3331
1.1973	36.3609
1.19798	36.3886
1.19866	36.4164
1.19936	36.4442
1.20008	36.472
1.20075	36.4998
1.20142	36.5275
1.20209	36.5553
1.20279	36.5831
1.20347	36.6109
1.20418	36.6386
1.205	36.6664
1.2057	36.6942
1.20637	36.722
1.20715	36.7498
1.20777	36.7775
1.20841	36.8053
1.20911	36.8331
1.20978	36.8609
1.21052	36.8886
1.21121	36.9164
1.21224	36.9442
1.2129	36.972
1.21359	36.9998
1.21427	37.0275
1.21493	37.0546
1.26231	37.0816
1.26299	37.1086
1.26366	37.1356
1.26437	37.1627
1.26505	37.1897
1.26572	37.2167
1.26641	37.2438
1.26709	37.2708
1.26781	37.2978
1.26861	37.3248
1.2693	37.3519
1.26998	37.3789
1.27065	37.4059
1.27135	37.4329
1.27203	37.46
1.27271	37.487
1.27341	37.514
1.27408	37.541
1.27478	37.5681
1.27547	37.5951
1.27618	37.6221
1.27684	37.6492
1.27752	37.6762
1.27821	37.7032
1.2789	37.7302
1.27959	37.7573
1.28028	37.7843
1.28096	37.8113
1.28165	37.8383
1.28232	37.8654
1.28301	37.8924
1.28369	37.9194
1.2844	37.9465
1.28508	37.9735
1.2858	38.0005
1.28645	38.0268
1.28719	38.0531
1.29835	38.0795
1.29838	38.1058
1.29903	38.1321
1.29968	38.1584
1.3004	38.1847
1.30106	38.211
1.30176	38.2374
1.30243	38.2637
1.30317	38.29
1.30381	38.3163
1.3045	38.3426
1.30517	38.3689
1.30587	38.3952
1.30657	38.4216
1.30725	38.4479
1.30793	38.4742
1.30864	38.5005
1.30932	38.5268
1.31	38.5531
1.31067	38.5795
1.31136	38.6058
1.31204	38.6321
1.31274	38.6584
1.31344	38.6847
1.31417	38.711
1.31485	38.7374
1.31548	38.7637
1.31638	38.79
1.31723	38.8163
1.31808	38.8426
1.31823	38.8689
1.31893	38.8952
1.31965	38.9216
1.32031	38.9479
1.32097	38.9742
1.32166	39.0005
1.32235	39.0261
1.32303	39.0518
1.32572	39.0774
1.32575	39.1031
1.32607	39.1287
1.32684	39.1544
1.32749	39.18
1.32819	39.2056
1.34549	39.2313
1.34615	39.2569
1.34682	39.2826
1.34755	39.3082
1.34832	39.3338
1.3489	39.3595
1.34959	39.3851
1.35026	39.4108
1.35096	39.4364
1.35163	39.462
1.35234	39.4877
1.353	39.5133
1.35371	39.539
1.35442	39.5646
1.35511	39.5903
1.35578	39.6159
1.35649	39.6415
1.35716	39.6672
1.35787	39.6928
1.35855	39.7185
1.35922	39.7441
1.35993	39.7697
1.36061	39.7954
1.36129	39.821
1.36206	39.8467
1.36273	39.8723
1.36342	39.8979
1.36412	39.9236
1.3648	39.9492
1.36549	39.9749
1.36617	40.0005
1.36688	40.0255
1.36757	40.0505
1.36829	40.0755
1.36896	40.1005
1.36964	40.1255
1.37032	40.1505
1.37103	40.1755
1.37172	40.2005
1.39503	40.2255
1.39674	40.2505
1.39745	40.2755
1.39811	40.3005
1.3988	40.3255
1.39949	40.3505
1.40017	40.3755
1.40088	40.4005
1.40156	40.4255
1.40223	40.4505
1.4029	40.4755
1.4036	40.5005
1.40428	40.5255
1.40496	40.5505
1.40567	40.5755
1.40634	40.6005
1.40796	40.6255
1.40927	40.6505
1.40995	40.6755
1.41067	40.7005
1.41132	40.7255
1.41318	40.7505
1.41381	40.7755
1.41517	40.8005
1.41587	40.8255
1.41657	40.8505
1.41725	40.8755
1.41861	40.9005
1.41931	40.9255
1.41999	40.9505
1.42069	40.9755
1.42136	41.0005
1.42209	41.0249
1.42278	41.0493
1.42346	41.0737
1.42413	41.0981
1.4248	41.1225
1.42576	41.1469
1.42644	41.1712
1.42713	41.1956
1.43072	41.22
1.43211	41.2444
1.43346	41.2688
1.43486	41.2932
1.43623	41.3176
1.43823	41.342
1.4395	41.3664
1.44119	41.3908
1.44246	41.4151
1.44533	41.4395
1.44662	41.4639
1.44798	41.4883
1.44981	41.5127
1.45118	41.5371
1.45256	41.5615
1.45393	41.5859
1.4553	41.6103
1.45617	41.6347
1.45738	41.659
1.45875	41.6834
1.45945	41.7078
1.46017	41.7322
1.46147	41.7566
1.46287	41.781
1.46425	41.8054
1.46562	41.8298
1.46699	41.8542
1.46834	41.8786
1.46977	41.9029
1.4711	41.9273
1.47248	41.9517
1.47386	41.9761
1.47522	42.0005
1.47592	42.0243
1.4766	42.0481
1.47729	42.0719
1.47794	42.0957
1.47863	42.1196
1.47937	42.1434
1.48012	42.1672
1.48073	42.191
1.48164	42.2148
1.48221	42.2386
1.48303	42.2624
1.48362	42.2862
1.48429	42.31
1.48502	42.3338
1.48568	42.3577
1.48639	42.3815
1.48701	42.4053
1.4877	42.4291
1.48838	42.4529
1.48908	42.4767
1.48976	42.5005
1.49046	42.5243
1.49114	42.5481
1.49188	42.5719
1.49255	42.5957
1.4932	42.6196
1.49387	42.6434
1.49462	42.6672
1.49527	42.691
1.49595	42.7148
1.49683	42.7386
1.49732	42.7624
1.498	42.7862
1.49872	42.81
1.49937	42.8338
1.50006	42.8577
1.50093	42.8815
1.50163	42.9053
1.50231	42.9291
1.503	42.9529
1.50368	42.9767
1.50438	43.0005
1.5051	43.0238
1.50574	43.047
1.50644	43.0703
1.50711	43.0935
1.50835	43.1168
1.50888	43.14
1.50957	43.1633
1.51029	43.1866
1.5296	43.2098
1.53099	43.2331
1.53167	43.2563
1.53235	43.2796
1.53587	43.3028
1.53726	43.3261
1.53862	43.3493
1.54	43.3726
1.54138	43.3959
1.54276	43.4191
1.54415	43.4424
1.54551	43.4656
1.54688	43.4889
1.54825	43.5121
1.54962	43.5354
1.55197	43.5586
1.5533	43.5819
1.55468	43.6052
1.55606	43.6284
1.55741	43.6517
1.55879	43.6749
1.56022	43.6982
1.56087	43.7214
1.56155	43.7447
1.56352	43.768
1.56481	43.7912
1.56625	43.8145
1.56756	43.8377
1.56915	43.861
1.57032	43.8842
1.57168	43.9075
1.57238	43.9307
1.57305	43.954
1.57379	43.9773
1.57452	44.0005
1.5752	44.0232
1.57865	44.046
1.57954	44.0687
1.58091	44.0914
1.58161	44.1141
1.58305	44.1369
1.58365	44.1596
1.58504	44.1823
1.59271	44.2051
1.59485	44.2278
1.59619	44.2505
1.59685	44.2732
1.59822	44.296
1.59934	44.3187
1.60005	44.3414
1.60138	44.3641
1.60281	44.3869
1.60417	44.4096
1.60555	44.4323
1.60759	44.4551
1.60895	44.4778
1.61033	44.5005
1.61102	44.5232
1.61172	44.546
1.61377	44.5687
1.61514	44.5914
1.61651	22.2957
1.6172	22.3412
1.61788	22.3866
1.61928	22.4321
1.61994	22.4775
1.62063	22.523
1.62202	22.5684
1.6227	22.6139
1.62408	22.6593
1.62474	22.7048
1.62544	22.7503
1.62616	22.7957
1.62683	22.8412
1.62819	22.8866
1.63024	22.9321
1.63164	22.9775
1.63369	23.023
1.63525	23.0665
1.63658	23.1099
1.63795	23.1534
1.63934	23.1969
1.64221	23.2404
1.64421	23.2839
1.64627	23.3273
1.64764	23.3708
1.64899	23.4143
1.66157	23.4578
1.66501	23.5012
1.66641	23.5447
1.66709	23.5882
1.66845	23.6317
1.66918	23.6752
1.66984	23.7186
1.67119	23.7621
1.67256	23.8056
1.67326	23.8491
1.67464	23.8925
1.67602	23.936
1.67737	23.9795
1.67875	24.023
1.67944	24.0646
1.68081	24.1063
1.68156	24.148
1.68356	24.1896
1.68644	24.2313
1.68838	24.273
1.69043	24.3146
1.6925	24.3563
1.71248	24.398
1.71524	24.4396
1.71693	24.4813
1.71758	24.523
1.71964	24.5646
1.72034	24.6063
1.72171	24.648
1.72268	24.6896
1.72483	24.7313
1.72611	24.773
1.72749	24.8146
1.72956	24.8563
1.73093	24.898
1.73162	24.9396
1.73395	24.9813
1.73528	25.023
1.73666	25.063
1.73807	25.103
1.73945	25.143
1.7408	25.183
1.7422	25.223
1.74352	25.263
1.74494	25.303
1.74632	25.343
1.75116	25.383
1.75256	25.423
1.7539	25.463
1.7553	25.503
1.75594	25.543
1.75732	25.583
1.75801	25.623
1.7594	25.663
1.76011	25.703
1.76145	25.743
1.76214	25.783
1.76361	25.823
1.76429	25.863
1.76563	25.903
1.76632	25.943
1.76768	25.983
1.76838	26.023
1.77044	26.0614
1.77112	26.0999
1.77251	26.1384
1.77318	26.1768
1.77387	26.2153
1.77661	26.2538
1.77939	26.2922
1.78007	26.3307
1.78087	26.3691
1.78218	26.4076
1.78285	26.4461
1.78356	26.4845
1.78496	26.523
1.78626	26.5614
1.78697	26.5999
1.78764	26.6384
1.78902	13.3192
1.78971	13.3961
1.7904	13.473
1.7918	13.55
1.79316	13.6269
1.79452	13.7038
1.79518	13.7807
1.79658	13.8576
1.79798	13.9346
1.79933	14.0115
1.80003	14.0829
1.80071	14.1543
1.80181	14.2258
1.80211	14.2972
1.80275	14.3686
1.80344	14.4401
1.80423	14.5115
1.80758	14.5829
1.81249	14.6543
1.81461	14.7258
1.81593	14.7972
1.81735	14.8686
1.81869	14.9401
1.82008	15.0115
1.82075	15.0782
1.82214	15.1448
1.82693	15.2115
1.8276	7.60575
1.82838	7.7486
1.82898	7.89146
1.83044	8.03432
1.83416	8.15932
1.84038	8.28432
1.84107	8.40932
1.84173	8.53432
1.84312	8.65932
1.8445	8.78432
1.84723	8.90932
1.84789	9.03432
1.85078	9.14543
1.85133	9.25654
1.85274	9.36765
1.87388	9.47876
1.87392	9.58987
1.8762	9.70098
1.87825	9.81209
1.88104	9.92321
1.88306	10.0343
1.88856	10.1343
1.8906	10.2343
1.89128	10.3343
1.89756	10.4343
1.89821	10.5343
1.89891	10.6343
1.90028	10.7343
1.90097	10.8343
1.90168	10.9343
1.90233	11.0343
1.90302	11.1252
1.90372	11.2161
1.90576	11.307
1.92785	11.398
1.92923	11.4889
1.92992	11.5798
1.93129	11.6707
1.93197	11.7616
1.93266	11.8525
1.9347	11.9434
1.93678	12.0343
1.93748	12.1177
1.93813	12.201
1.93886	12.2843
1.95266	12.3677
1.95403	12.451
1.95537	12.5343
1.95745	12.6177
1.95811	12.701
1.95879	12.7843
1.95952	12.8677
1.96227	12.951
1.96297	13.0343
1.96431	13.1112
1.96567	13.1882
1.9664	13.2651
1.97747	13.342
1.97817	13.4189
1.98368	13.4959
1.98499	13.5728
1.98636	13.6497
1.98773	13.7266
1.98841	13.8035
1.9891	13.8805
1.98978	13.9574
1.99119	14.0343
1.99256	14.1057
1.99391	14.1772
1.99596	14.2486
1.99949	14.32
2.00021	14.3915
2.00156	14.4629
2.00224	14.5343
2.00365	14.6057
2.00429	14.6772
2.00566	14.7486
2.00637	14.82
2.00783	14.8915
2.0098	14.9629
2.01049	15.0343
2.01122	15.101
2.01186	15.1677
2.01256	15.2343
2.02297	15.301
2.02434	15.3677
2.02573	15.4343
2.02707	15.501
2.02847	15.5677
2.03126	15.6343
2.03258	15.701
2.03394	15.7677
2.03599	15.8343
2.03804	15.901
2.03941	15.9677
2.04423	16.0343
2.04562	16.0968
2.04904	16.1593
2.05041	16.2218
2.06503	16.2843
2.06561	16.3468
2.06699	16.4093
2.06846	16.4718
2.07043	16.5343
2.07179	16.5968
2.07318	16.6593
2.07592	16.7218
2.07665	16.7843
2.07738	16.8468
2.07798	16.9093
2.07877	16.9718
2.07943	17.0343
2.08006	17.0931
2.08077	17.152
2.08145	17.2108
2.0864	17.2696
2.08707	17.3284
2.08845	8.66422
2.08981	8.78922
2.0912	8.91422
2.09185	9.03922
2.09393	9.15033
2.09671	9.26144
2.09735	9.37255
2.09805	9.48366
2.09875	9.59477
2.09942	9.70588
2.10011	9.817
2.10092	9.92811
2.10148	10.0392
2.10218	10.1392
2.10285	10.2392
2.13045	10.3392
2.13181	10.4392
2.13455	10.5392
2.13661	10.6392
2.13799	10.7392
2.14006	10.8392
2.1421	10.9392
2.14347	11.0392
2.14554	11.1301
2.14627	11.221
2.15323	11.3119
2.15391	11.4029
2.15459	11.4938
2.15596	11.5847
2.15667	11.6756
2.15731	11.7665
2.15801	11.8574
2.15871	11.9483
2.15941	12.0392
2.16081	12.1226
2.16148	12.2059
2.18769	12.2892
2.18903	12.3726
2.19044	12.4559
2.19111	12.5392
2.19317	12.6226
2.19454	12.7059
2.19664	12.7892
2.19797	12.8726
2.19935	12.9559
2.20077	13.0392
2.2021	13.1161
2.20345	13.1931
2.20977	13.27
2.21044	13.3469
2.21113	13.4238
2.21185	13.5008
2.2133	13.5777
2.21456	13.6546
2.21667	13.7315
2.21731	13.8084
2.21873	13.8854
2.22142	13.9623
2.22212	14.0392
2.22283	14.1106
2.22351	14.1821
2.23253	14.2535
2.2332	14.3249
2.23457	14.3964
2.23597	14.4678
2.23734	14.5392
2.23878	14.6106
2.23943	14.6821
2.24014	14.7535
2.24148	14.8249
2.24292	14.8964
2.24429	14.9678
2.24565	15.0392
2.24698	15.1059
2.24768	15.1726
2.25461	15.2392
2.25542	15.3059
2.25671	15.3726
2.25805	15.4392
2.25947	15.5059
2.26038	15.5726
2.2611	15.6392
2.26241	15.7059
2.26314	15.7726
2.26377	15.8392
2.26458	15.9059
2.26586	15.9726
2.26735	16.0392
2.26793	16.1017
2.2686	16.1642
2.28243	16.2267
2.28386	16.2892
2.28448	16.3517
2.28524	16.4142
2.28591	16.4767
2.28656	16.5392
2.28722	16.6017
2.28795	16.6642
2.28926	16.7267
2.28994	16.7892
2.29152	16.8517
2.2928	16.9142
2.29341	16.9767
2.29409	17.0392
2.29546	17.098
2.29683	17.1569
2.30724	17.2157
2.30861	17.2745
2.30927	17.3333
2.31067	17.3922
2.31144	17.451
2.31274	17.5098
2.31411	17.5686
2.3155	17.6275
2.31686	17.6863
2.31827	17.7451
2.31963	17.8039
2.32098	17.8627
2.32237	17.9216
2.32375	17.9804
2.32445	18.0392
2.3258	18.0948
2.32712	18.1503
2.33212	18.2059
2.33341	18.2614
2.33412	18.317
2.33483	18.3726
2.33826	18.4281
2.33895	18.4837
2.33965	18.5392
2.34097	18.5948
2.34236	18.6503
2.34324	18.7059
2.34444	18.7614
2.3451	18.817
2.34646	18.8726
2.34784	18.9281
2.34852	18.9837
2.34921	19.0392
2.34998	9.51961
2.35058	9.63072
2.36317	9.74183
2.36382	9.85294
2.36453	9.96405
2.36521	10.0752
2.36589	10.1752
2.36658	10.2752
2.36727	10.3752
2.36797	10.4752
2.36865	10.5752
2.36933	10.6752
2.37003	10.7752
2.37138	10.8752
2.37207	10.9752
2.37348	11.0752
2.37481	11.1661
2.37622	11.257
2.37755	11.3479
2.39005	11.4388
2.3907	11.5297
2.39214	11.6206
2.39279	11.7115
2.39346	11.8024
2.39415	11.8933
2.39553	11.9843
2.39688	12.0752
2.39827	12.1585
2.39964	12.2418
2.40034	12.3252
2.4142	12.4085
2.41487	12.4918
2.41562	12.5752
2.41627	12.6585
2.41694	12.7418
2.41769	12.8252
2.41832	12.9085
2.419	12.9918
2.41968	13.0752
2.42104	13.1521
2.42197	13.229
2.42266	13.3059
2.43647	13.3829
2.43784	13.4598
2.43851	13.5367
2.43922	13.6136
2.4399	13.6905
2.4406	13.7675
2.44131	13.8444
2.44267	13.9213
2.44404	13.9982
2.4447	14.0752
2.44609	14.1466
2.44755	14.218
2.44887	14.2894
2.45995	14.3609
2.46135	14.4323
2.46198	14.5037
2.46336	14.5752
2.46475	14.6466
2.46613	14.718
2.46755	14.7894
2.46888	14.8609
2.46957	14.9323
2.47024	15.0037
2.47166	7.50187
2.47229	7.64472
2.47297	7.78758
2.47374	7.93044
2.47999	8.0733
2.48132	8.1983
2.48282	8.3233
2.48421	8.4483
2.48548	8.5733
2.48685	8.6983
2.48894	8.8233
2.49023	8.9483
2.4916	9.0733
2.4923	9.18441
2.49375	9.29552
2.50684	9.40663
2.50819	9.51774
2.51161	9.62885
2.51503	9.73996
2.51645	9.85107
2.5171	9.96219
2.51846	10.0733
2.51992	10.1733
2.5212	10.2733
2.53984	10.3733
2.54123	10.4733
2.54258	10.5733
2.54394	10.6733
2.54464	10.7733
2.54602	10.8733
2.54739	10.9733
2.54879	11.0733
2.55014	11.1642
2.55152	11.2551
2.56807	11.346
2.56875	11.4369
2.5701	11.5278
2.57079	11.6188
2.57222	11.7097
2.57421	11.8006
2.57492	11.8915
2.57771	11.9824
2.57904	12.0733
2.57975	12.1566
2.58109	12.24
2.59902	12.3233
2.60038	12.4066
2.60243	12.49
2.60379	12.5733
2.60517	12.6566
2.6066	12.74
2.60792	12.8233
2.60936	12.9066
2.61069	12.99
2.61206	13.0733
2.61344	13.1502
2.61478	13.2271
2.62514	13.3041
2.62653	13.381
2.6279	13.4579
2.62928	13.5348
2.63064	13.6118
2.63135	13.6887
2.63203	13.7656
2.63271	13.8425
2.63341	13.9195
2.63477	13.9964
2.63622	14.0733
2.63685	14.1447
2.63821	14.2162
2.64718	14.2876
2.64922	14.359
2.65061	14.4304
2.65201	14.5019
2.65266	14.5733
2.65335	14.6447
2.65406	14.7162
2.65472	14.7876
2.65541	14.859
2.65615	14.9304
2.65677	15.0019
2.65751	15.0685
2.65883	15.1352
2.66021	15.2019
2.66784	15.2685
2.66993	15.3352
2.6726	15.4019
2.67469	15.4685
2.67607	15.5352
2.67675	15.6019
2.67741	15.6685
2.67816	15.7352
2.6788	15.8019
2.67949	15.8685
2.68018	15.9352
2.68083	16.0019
2.68225	16.0644
2.68295	16.1269
2.68434	16.1894
2.6865	16.2519
2.68923	16.3144
2.68988	16.3769
2.69125	16.4394
2.69257	16.5019
2.69391	16.5644
2.69533	16.6269
2.69601	16.6894
2.69668	16.7519
2.6974	16.8144
2.69811	16.8769
2.69876	16.9394
2.69945	17.0019
2.70015	17.0607
2.70081	17.1195
2.70225	17.1783
2.70364	17.2372
2.7043	17.296
2.7057	17.3548
2.70851	17.4136
2.7098	17.4725
2.71117	17.5313
2.71255	17.5901
2.71401	17.6489
2.71537	17.7078
2.71602	17.7666
2.71735	17.8254
2.71806	17.8842
2.71874	17.943
2.71945	18.0019
2.72017	18.0574
2.72154	9.02871
2.72219	9.13982
2.72703	9.25093
2.72908	9.36205
2.73046	9.47316
2.73115	9.58427
2.73255	9.69538
2.734	9.80649
2.73605	9.9176
2.73742	10.0287
2.74156	10.1287
2.74226	10.2287
2.74365	10.3287
2.74499	10.4287
2.74637	10.5287
2.74795	10.6287
2.74923	10.7287
2.75056	10.8287
2.76851	10.9287
2.76989	11.0287
2.77268	11.1196
2.77422	11.2105
2.77674	11.3014
2.77878	11.3923
2.78093	11.4833
2.78227	11.5742
2.78377	11.6651
2.78567	11.756
2.80647	11.8469
2.80775	11.9378
2.80913	12.0287
2.81049	12.112
2.81189	12.1954
2.81536	12.2787
2.81742	12.362
2.82088	12.4454
2.82224	12.5287
2.82358	12.612
2.82495	12.6954
2.83604	12.7787
2.83743	12.862
2.83809	12.9454
2.8388	13.0287
2.84015	13.1056
2.84084	13.1826
2.8457	13.2595
2.847	13.3364
2.84908	13.4133
2.85126	13.4903
2.85252	13.5672
2.85389	13.6441
2.8581	13.721
2.8588	13.7979
2.86017	13.8749
2.86157	13.9518
2.86288	14.0287
2.86436	14.1001
2.86566	14.1716
2.86771	14.243
2.86908	14.3144
2.87048	14.3859
2.87187	14.4573
2.8732	14.5287
2.87455	14.6001
2.89123	14.6716
2.89254	14.743
2.89384	14.8144
2.89521	14.8859
2.89665	14.9573
2.89799	15.0287
2.89934	15.0954
2.90072	15.162
2.90208	15.2287
2.90355	15.2954
2.90496	15.362
2.90694	15.4287
2.90904	15.4954
2.91041	15.562
2.92697	15.6287
2.92829	15.6954
2.92968	15.762
2.93102	15.8287
2.93308	15.8954
2.93445	15.962
2.93521	16.0287
2.93655	16.0912
2.93725	16.1537
2.93857	16.2162
2.94063	16.2787
2.94207	16.3412
2.94406	16.4037
2.94474	16.4662
2.94686	16.5287
2.95996	16.5912
2.96129	16.6537
2.96339	16.7162
2.96472	16.7787
2.96677	16.8412
2.96817	16.9037
2.96956	16.9662
2.97023	17.0287
2.97159	17.0875
2.97299	17.1464
2.97433	17.2052
2.97581	17.264
2.97709	17.3228
2.97775	17.3817
2.97913	17.4405
2.98049	17.4993
2.99568	17.5581
2.99635	17.6169
2.99842	17.6758
2.99979	17.7346
3.00124	17.7934
3.00187	17.8522
3.00322	17.9111
3.00458	17.9699
3.006	18.0287
3.00668	18.0843
3.00808	18.1398
3.00939	18.1954
3.01146	18.2509
3.01284	18.3065
3.01425	18.362
3.0149	18.4176
3.01626	18.4732
3.02871	18.5287
3.03007	18.5843
3.03145	18.6398
3.03218	18.6954
3.03354	18.7509
3.03489	18.8065
3.03558	18.862
3.03694	18.9176
3.03832	18.9732
3.0397	19.0287
3.04118	19.0813
3.04243	19.134
3.0438	19.1866
3.04521	19.2392
3.04655	19.2919
3.04791	19.3445
3.04931	19.3971
3.05066	19.4498
3.05969	19.5024
3.06106	19.555
3.06244	19.6077
3.06379	19.6603
3.06584	19.7129
3.0679	19.7656
3.06862	19.8182
3.06997	19.8708
3.07133	19.9234
3.07275	19.9761
3.07409	20.0287
3.07477	20.0787
3.07615	20.1287
3.07753	20.1787
3.0782	20.2287
3.07887	20.2787
3.08099	20.3287
3.08233	20.3787
3.08438	20.4287
3.09478	20.4787
3.09547	20.5287
3.09682	20.5787
3.09819	20.6287
3.09892	20.6787
3.10026	20.7287
3.10095	20.7787
3.10165	20.8287
3.1023	20.8787
3.10369	20.9287
3.10438	20.9787
3.10506	21.0287
3.10644	21.0763
3.10782	21.1239
3.1085	21.1716
3.10922	21.2192
3.11056	21.2668
3.11196	21.3144
3.11262	21.362
3.11333	21.4097
3.12234	21.4573
3.12369	21.5049
3.12509	21.5525
3.1258	21.6001
3.12715	21.6478
3.12854	21.6954
3.12987	21.743
3.13056	21.7906
3.13125	21.8382
3.13263	21.8859
3.13404	21.9335
3.13466	21.9811
3.13536	22.0287
3.13679	22.0742
3.13815	22.1196
3.13951	22.1651
3.14023	22.2105
3.14159	22.256
3.14297	22.3014
3.14429	22.3469
3.14503	22.3923
3.15472	22.4378
3.15543	22.4833
3.15612	22.5287
3.15744	22.5742
3.15951	22.6196
3.16088	22.6651
3.16225	22.7105
3.16293	22.756
3.16431	22.8014
3.16567	22.8469
3.16637	22.8923
3.16779	22.9378
3.16912	22.9833
3.16979	23.0287
3.17048	23.0722
3.17185	23.1157
3.17325	23.1591
3.17466	23.2026
3.17597	23.2461
3.17735	23.2896
3.17883	23.3331
3.18011	23.3765
3.18917	23.42
3.1906	23.4635
3.19188	23.507
3.19323	23.5505
3.19395	23.5939
3.1946	23.6374
3.19533	23.6809
3.19673	23.7244
3.19816	23.7678
3.19944	23.8113
3.2008	23.8548
3.20146	23.8983
3.2022	23.9418
3.20295	23.9852
3.20425	24.0287
3.20563	24.0704
3.20631	24.112
3.20697	24.1537
3.20766	24.1954
3.20905	24.237
3.20971	24.2787
3.21109	24.3204
3.21253	24.362
3.21531	24.4037
3.21615	24.4454
3.21739	24.487
3.21876	24.5287
3.21943	24.5704
3.22081	24.612
3.22149	24.6537
3.22287	24.6954
3.22359	24.737
3.22428	24.7787
3.22495	24.8204
3.22565	24.862
3.22698	24.9037
3.2277	24.9454
3.22834	24.987
3.22973	25.0287
3.23113	25.0687
3.2318	25.1087
3.23317	25.1487
3.23388	25.1887
3.23591	25.2287
3.23673	25.2687
3.23731	25.3087
3.23864	25.3487
3.25117	25.3887
3.2525	25.4287
3.2532	25.4687
3.25457	25.5087
3.25526	25.5487
3.25593	25.5887
3.25671	25.6287
3.25799	25.6687
3.25867	25.7087
3.25936	25.7487
3.26006	25.7887
3.26078	25.8287
3.26214	25.8687
3.26349	25.9087
3.26487	25.9487
3.26626	25.9887
3.26761	26.0287
3.269	26.0672
3.27034	26.1056
3.27172	26.1441
3.27241	26.1826
3.27382	26.221
3.27515	26.2595
3.27666	26.2979
3.27791	26.3364
3.28907	26.3749
3.29038	26.4133
3.29106	26.4518
3.29183	26.4903
3.29312	26.5287
3.29383	26.5672
3.29529	26.6056
3.2959	26.6441
3.29655	26.6826
3.29793	26.721
3.29861	26.7595
3.2993	26.7979
3.30001	26.8364
3.30065	26.8749
3.30207	26.9133
3.30345	26.9518
3.30409	26.9903
3.30481	27.0287
3.30616	27.0657
3.30685	27.1028
3.30753	27.1398
3.30825	27.1769
3.30963	27.2139
3.31028	27.2509
3.31097	27.288
3.31166	27.325
3.31657	27.362
3.31796	27.3991
3.31864	13.6995
3.32	13.7765
3.32141	13.8534
3.32207	13.9303
3.32274	14.0072
3.32415	14.0787
3.32553	14.1501
3.32691	14.2215
3.32757	14.2929
3.32901	14.3644
3.32963	14.4358
3.33102	14.5072
3.33169	14.5787
3.33306	14.6501
3.33379	14.7215
3.33444	14.7929
3.33518	14.8644
3.33649	14.9358
3.33787	15.0072
3.33924	15.0739
3.34062	15.1406
3.34136	15.2072
3.34203	15.2739
3.34338	15.3406
3.34406	15.4072
3.35872	15.4739
3.35943	15.5406
3.36007	15.6072
3.36072	15.6739
3.36142	15.7406
3.3628	15.8072
3.36347	15.8739
3.36419	15.9406
3.36493	16.0072
3.36551	16.0697
3.36622	16.1322
3.36768	16.1947
3.36833	16.2572
3.36965	16.3197
3.37106	16.3822
3.38214	16.4447
3.38287	16.5072
3.38357	16.5697
3.38424	16.6322
3.38495	16.6947
3.3856	16.7572
3.38628	16.8197
3.38697	16.8822
3.38831	16.9447
3.38904	17.0072
3.38969	17.0661
3.39036	17.1249
3.39107	17.1837
3.39176	17.2425
3.3925	17.3014
3.3932	17.3602
3.40227	17.419
3.4029	17.4778
3.4043	17.5366
3.4057	17.5955
3.40707	17.6543
3.40843	17.7131
3.40907	17.7719
3.41109	17.8308
3.41182	17.8896
3.4132	17.9484
3.41383	18.0072
3.41452	18.0628
3.41524	18.1183
3.41727	18.1739
3.41797	18.2295
3.41936	18.285
3.4201	18.3406
3.43268	18.3961
3.43398	18.4517
3.4353	18.5072
3.43667	18.5628
3.43734	18.6183
3.43806	18.6739
3.43942	18.7295
3.44015	18.785
3.44078	18.8406
3.44213	18.8961
3.44352	18.9517
3.44422	19.0072
3.44561	19.0599
3.44627	19.1125
3.44766	19.1651
3.44834	19.2178
3.44902	19.2704
3.4504	19.323
3.46923	19.3757
3.47057	19.4283
3.47197	19.4809
3.47337	19.5335
3.4747	19.5862
3.47608	19.6388
3.47747	19.6914
3.47882	19.7441
3.48019	19.7967
3.48155	19.8493
3.48293	19.902
3.48438	19.9546
3.48568	20.0072
3.48704	20.0572
3.48846	20.1072
3.4898	20.1572
3.49118	20.2072
3.49326	20.2572
3.49532	20.3072
3.51819	20.3572
3.5195	20.4072
3.52021	20.4572
3.52154	20.5072
3.52293	20.5572
3.5243	20.6072
3.52569	20.6572
3.52634	20.7072
3.52772	20.7572
3.52909	20.8072
3.52978	20.8572
3.53119	20.9072
3.53254	20.9572
3.5339	21.0072
3.53528	21.0549
3.53667	21.1025
3.53804	21.1501
3.53941	21.1977
3.54215	21.2453
3.54354	21.2929
3.56715	21.3406
3.56854	21.3882
3.56989	21.4358
3.57125	21.4834
3.57265	21.531
3.574	21.5787
3.57537	21.6263
3.57675	21.6739
3.57811	21.7215
3.57949	21.7691
3.58085	21.8168
3.58224	21.8644
3.58362	21.912
3.58502	21.9596
3.58634	22.0072
3.58772	22.0527
3.58909	22.0981
3.58981	22.1436
3.59049	22.1891
3.59118	22.2345
3.59325	22.28
3.61942	22.3254
3.6201	22.3709
3.62284	22.4163
3.62352	22.4618
3.62561	22.5072
3.62625	22.5527
3.62694	22.5981
3.62763	22.6436
3.629	22.6891
3.63107	22.7345
3.63314	22.78
3.63378	22.8254
3.6352	22.8709
3.63727	22.9163
3.63863	22.9618
3.64	11.4809
3.64068	11.5718
3.64273	11.6627
3.64345	11.7536
3.64549	11.8445
3.64685	11.9354
3.64756	12.0263
3.66348	12.1097
3.66483	12.193
3.66618	12.2763
3.66759	12.3597
3.66893	12.443
3.67171	12.5263
3.67239	12.6097
3.67373	12.693
3.67443	12.7763
3.67579	12.8597
3.67783	12.943
3.67924	13.0263
3.67993	13.1033
3.68129	13.1802
3.70684	13.2571
3.70888	13.334
3.71164	13.411
3.71298	13.4879
3.71366	13.5648
3.71507	13.6417
3.71639	13.7187
3.71982	13.7956
3.72193	13.8725
3.72261	6.93625
3.72327	7.10292
3.72464	7.24577
3.72534	7.38863
3.74679	7.53149
3.74814	7.67434
3.74952	7.8172
3.75019	7.96006
3.75226	8.10292
3.75361	8.22792
3.7564	8.35292
3.75844	8.47792
3.76116	8.60292
3.78879	8.72792
3.78947	8.85292
3.79083	8.97792
3.7916	9.10292
3.79363	9.21403
3.79501	9.32514
3.79642	9.43625
3.79911	9.54736
3.82124	9.65847
3.82258	9.76958
3.82535	9.88069
3.82669	9.9918
3.82743	10.1029
3.82943	10.2029
3.83152	10.3029
3.83426	5.15146
3.83493	5.35146
3.85982	5.55146
3.86052	5.75146
3.86393	5.95146
3.86462	6.15146
3.86669	6.31812
3.86803	6.48479
3.86877	6.65146
3.89973	6.81812
3.90115	6.98479
3.9025	7.15146
3.90395	7.29431
3.90538	7.43717
3.90666	7.58003
3.9287	7.72289
3.93218	7.86574
3.93349	8.0086
3.93489	8.1336
3.93622	8.2586
3.93762	8.3836
3.93896	8.5086
3.96308	8.6336
3.9679	8.7586
3.96927	8.8836
3.97062	9.0086
3.97201	9.11971
3.97337	9.23082
3.97474	9.34193
3.97616	9.45305
3.99619	9.56416
4.00094	9.67527
4.00232	9.78638
4.00367	9.89749
4.00506	10.0086
4.00575	10.1086
4.0071	10.2086
4.0085	10.3086
4.01102	10.4086
4.02675	10.5086
4.02743	10.6086
4.02811	10.7086
4.0288	10.8086
4.02948	10.9086
4.03084	11.0086
4.03223	11.0995
4.03361	11.1904
4.03634	11.2813
4.03842	11.3722
4.0598	11.4631
4.06043	11.5541
4.06112	11.645
4.06178	11.7359
4.06258	11.8268
4.06322	11.9177
4.06395	12.0086
4.06454	12.0919
4.06523	12.1753
4.06663	12.2586
4.06801	12.3419
4.09072	12.4253
4.09212	12.5086
4.09275	12.5919
4.09346	12.6753
4.09483	12.7586
4.09554	12.8419
4.0962	12.9253
4.09689	13.0086
4.09756	13.0855
4.09823	13.1624
4.09976	13.2394
4.10105	13.3163
4.12236	13.3932
4.1244	13.4701
4.12581	13.5471
4.12713	13.624
4.12849	13.7009
4.12988	13.7778
4.13136	13.8548
4.13193	13.9317
4.13274	14.0086
4.13336	14.08
4.13401	14.1515
4.13537	14.2229
4.13674	14.2943
4.15191	14.3657
4.15324	14.4372
4.15396	14.5086
4.15532	14.58
4.15667	14.6515
4.16011	14.7229
4.16082	14.7943
4.16217	14.8657
4.16362	14.9372
4.16491	15.0086
4.16629	15.0753
4.16766	15.1419
4.16835	15.2086
4.16972	15.2753
4.18628	15.3419
4.18693	15.4086
4.1883	15.4753
4.18905	15.5419
4.19037	15.6086
4.19314	15.6753
4.19449	15.7419
4.19588	15.8086
4.19659	15.8753
4.19724	15.9419
4.19794	16.0086
4.1993	16.0711
4.19999	16.1336
4.2014	16.1961
4.20272	16.2586
4.21515	16.3211
4.21652	16.3836
4.21792	16.4461
4.21926	16.5086
4.22133	16.5711
4.22337	16.6336
4.22477	16.6961
4.22613	16.7586
4.22752	16.8211
4.22901	16.8836
4.23103	16.9461
4.23243	17.0086
4.233	17.0674
4.23438	17.1262
4.23505	17.1851
4.23642	17.2439
4.24402	17.3027
4.24677	17.3615
4.24814	17.4204
4.24883	17.4792
4.25019	17.538
4.2509	17.5968
4.25155	17.6557
4.25294	17.7145
4.25433	17.7733
4.25498	17.8321
4.25637	17.891
4.25705	17.9498
4.25843	18.0086
4.26117	18.0642
4.26392	18.1197
4.26461	18.1753
4.26876	18.2308
4.27156	18.2864
4.2736	18.3419
4.2743	18.3975
4.27499	18.453
4.27567	18.5086
4.27772	18.5642
4.27981	18.6197
4.28045	18.6753
4.28321	18.7308
4.28458	18.7864
4.28599	18.8419
4.28664	18.8975
4.29008	18.953
4.29144	19.0086
4.29492	19.0612
4.29627	19.1139
4.29697	19.1665
4.2998	19.2191
4.30665	19.2718
4.30797	19.3244
4.31082	19.377
4.31145	19.4297
4.31208	19.4823
4.31414	19.5349
4.31622	19.5875
4.31897	19.6402
4.32102	19.6928
4.32169	19.7454
4.32307	19.7981
4.32445	19.8507
4.32652	19.9033
4.32994	19.956
4.332	20.0086
4.33408	20.0586
4.33615	20.1086
4.33694	20.1586
4.33816	20.2086
4.33964	20.2586
4.34099	20.3086
4.34441	20.3586
4.3451	20.4086
4.34576	20.4586
4.34781	20.5086
4.35061	20.5586
4.35265	20.6086
4.35685	20.6586
4.35818	20.7086
4.35883	20.7586
4.35951	20.8086
4.3602	20.8586
4.36087	20.9086
4.36155	20.9586
4.36223	21.0086
4.36292	21.0562
4.36369	21.1038
4.36432	21.1515
4.36568	21.1991
4.37604	21.2467
4.37673	21.2943
4.37811	21.3419
4.37877	21.3896
4.37947	21.4372
4.38017	21.4848
4.38086	21.5324
4.38156	21.58
4.38221	10.79
4.38291	10.89
4.38361	10.99
4.38566	11.09
4.38774	11.1809
4.3884	11.2718
4.39048	11.3627
4.39252	11.4537
4.39389	11.5446
4.39532	11.6355
4.39689	11.7264
4.39801	11.8173
4.39937	11.9082
4.40703	11.9991
4.40768	12.09
4.40907	12.1733
4.40979	12.2567
4.41112	12.34
4.41183	12.4233
4.41251	12.5067
4.41394	12.59
4.42623	12.6733
4.42689	12.7567
4.42828	12.84
4.43728	12.9233
4.43933	13.0067
4.44003	13.0836
4.44144	13.1605
4.44208	13.2375
4.44345	13.3144
4.44484	13.3913
4.44625	6.69565
4.44689	6.86231
4.4579	7.02898
4.45935	7.17184
4.46	7.3147
4.46478	7.45755
4.46689	7.60041
4.46824	7.74327
4.47026	7.88612
4.47176	8.02898
4.47299	8.15398
4.4737	8.27898
4.47436	8.40398
4.49024	8.52898
4.49434	8.65398
4.495	8.77898
4.49643	8.90398
4.49777	9.02898
4.49913	9.14009
4.50122	9.2512
4.50325	9.36231
4.51913	9.47343
4.52119	9.58454
4.52322	9.69565
4.52388	9.80676
4.52597	9.91787
4.52664	10.029
4.52736	10.129
4.52874	10.229
4.53147	10.329
4.54387	10.429
4.54525	10.529
4.54592	10.629
4.54663	10.729
4.55074	10.829
4.55143	10.929
4.5521	11.029
4.55353	11.1199
4.55555	11.2108
4.55691	11.3017
4.5673	11.3926
4.56796	11.4835
4.56863	11.5744
4.56931	11.6653
4.57143	11.7563
4.57207	11.8472
4.57275	11.9381
4.57412	12.029
4.57691	12.1123
4.57825	12.1956
4.57964	12.279
4.58932	12.3623
4.59074	12.4456
4.59212	12.529
4.59272	12.6123
4.59411	12.6956
4.59563	12.779
4.5969	12.8623
4.59759	12.9456
4.59899	13.029
4.6004	13.1059
4.60107	13.1828
4.60238	13.2598
4.60594	13.3367
4.60665	13.4136
4.60728	13.4905
4.608	13.5674
4.60934	13.6444
4.61344	13.7213
4.6141	13.7982
4.6148	13.8751
4.61688	13.9521
4.61755	14.029
4.61897	14.1004
4.61962	14.1718
4.62099	14.2433
4.62937	14.3147
4.63065	14.3861
4.63204	14.4576
4.63407	14.529
4.63545	14.6004
4.63682	14.6718
4.63827	14.7433
4.63896	14.8147
4.6403	14.8861
4.64099	14.9576
4.64237	15.029
4.64309	15.0956
4.64449	15.1623
4.64596	15.229
4.6563	15.2956
4.65761	15.3623
4.65828	15.429
4.65895	7.71449
4.65963	7.85735
4.66036	8.00021
4.66107	8.12521
4.66171	8.25021
4.66378	8.37521
4.66516	8.50021
4.66588	8.62521
4.66792	8.75021
4.67064	8.87521
4.67135	9.00021
4.67269	9.11132
4.67685	9.22243
4.67825	9.33354
4.67959	9.44465
4.68511	9.55576
4.68784	9.66687
4.69061	9.77798
4.6927	9.88909
4.69338	10.0002
4.69403	10.1002
4.70369	10.2002
4.7044	10.3002
4.70579	5.1501
4.70853	5.3501
4.7106	5.5501
4.71197	5.7501
4.71477	5.9501
4.71544	6.1501
4.71744	6.31677
4.71812	6.48344
4.72716	6.6501
4.72784	6.81677
4.732	6.98344
4.73335	7.1501
4.73538	7.29296
4.73745	7.43582
4.74716	7.57867
4.74783	7.72153
4.74922	7.86439
4.75125	8.00725
4.75194	8.13225
4.75538	8.25725
4.7588	8.38225
4.77059	8.50725
4.77125	8.63225
4.77404	8.75725
4.77814	8.88225
4.77949	9.00725
4.78085	9.11836
4.78156	9.22947
4.78292	9.34058
4.79809	9.45169
4.79878	9.5628
4.80019	9.67391
4.80428	9.78502
4.80497	9.89613
4.80639	10.0072
4.80911	10.1072
4.81048	10.2072
4.81115	10.3072
4.82635	10.4072
4.8277	10.5072
4.82909	10.6072
4.82979	10.7072
4.83113	10.8072
4.83184	10.9072
4.83322	11.0072
4.83595	11.0982
4.8387	11.1891
4.84016	11.28
4.86075	11.3709
4.86144	11.4618
4.86354	11.5527
4.86489	11.6436
4.86625	11.7345
4.86832	11.8254
4.869	11.9163
4.87042	12.0072
4.87829	12.0906
4.87831	12.1739
4.87832	12.2572
4.89451	12.3406
4.89526	12.4239
4.89658	12.5072
4.89727	12.5906
4.89862	6.29529
4.89933	6.46196
4.90067	6.62862
4.90551	6.79529
4.90688	6.96196
4.90824	7.12862
4.90893	7.27148
4.91031	7.41434
4.9221	7.55719
4.92345	7.70005
4.92482	7.84291
4.92619	7.98577
4.93039	8.12862
4.93169	8.25362
4.93307	8.37862
4.94689	8.50362
4.94825	8.62862
4.94964	8.75362
4.95101	8.87862
4.95377	9.00362
4.95512	9.11473
4.95651	9.22584
4.9579	9.33696
4.97394	9.44807
4.97599	9.55918
4.97743	9.67029
4.97874	9.7814
4.98086	9.89251
4.98217	10.0036
4.98361	10.1036
4.98563	10.2036
4.98697	10.3036
5.00352	10.4036
5.00558	10.5036
5.00763	10.6036
5.00968	10.7036
5.01249	10.8036
5.01315	10.9036
5.01452	11.0036
5.01586	11.0945
5.01723	11.1854
5.01862	11.2763
5.03246	11.3673
5.0352	11.4582
5.03729	11.5491
5.03931	11.64
5.04068	11.7309
5.04214	11.8218
5.04342	11.9127
5.0448	12.0036
5.04616	12.087
5.04758	12.1703
5.04894	12.2536
5.06688	12.337
5.06759	12.4203
5.06835	12.5036
5.07027	12.587
5.07098	12.6703
5.07168	12.7536
5.07234	12.837
5.07371	12.9203
5.07509	13.0036
5.07646	13.0805
5.07786	13.1575
5.07926	13.2344
5.09852	13.3113
5.09985	13.3882
5.10053	13.4652
5.10193	13.5421
5.10327	13.619
5.10397	13.6959
5.10536	13.7729
5.10671	13.8498
5.10808	13.9267
5.1095	14.0036
5.11088	14.0751
5.11226	14.1465
5.11358	14.2179
5.12739	14.2893
5.13016	14.3608
5.1308	14.4322
5.13219	14.5036
5.13285	14.5751
5.13353	14.6465
5.13421	14.7179
5.13563	14.7893
5.13628	14.8608
5.13769	14.9322
5.13907	15.0036
5.14041	15.0703
5.14177	15.137
5.14246	15.2036
5.15905	15.2703
5.16113	15.337
5.16253	15.4036
5.16314	15.4703
5.16385	15.537
5.16449	15.6036
5.16586	15.6703
5.16723	15.737
5.16863	15.8036
5.17002	15.8703
5.17071	15.937
5.17136	16.0036
5.17205	16.0661
5.1735	16.1286
5.17487	16.1911
5.18598	16.2536
5.1873	16.3161
5.19004	16.3786
5.19076	16.4411
5.1921	16.5036
5.19348	16.5661
5.19487	16.6286
5.19632	16.6911
5.19762	16.7536
5.19897	16.8161
5.20034	16.8786
5.20187	16.9411
5.20308	17.0036
5.20446	17.0624
5.20517	17.1213
5.20653	17.1801
5.21829	17.2389
5.21896	17.2977
5.22102	17.3566
5.22172	17.4154
5.2231	17.4742
5.22583	17.533
5.22729	17.5919
5.22863	17.6507
5.23002	17.7095
5.23205	17.7683
5.23412	17.8272
5.23549	17.886
5.23618	17.9448
5.23686	18.0036
5.23758	18.0592
5.23892	18.1147
5.2396	18.1703
5.25414	18.2258
5.25547	18.2814
5.25754	18.337
5.25891	18.3925
5.25961	18.4481
5.26098	18.5036
5.2624	18.5592
5.26441	18.6147
5.26579	18.6703
5.26714	18.7258
5.26925	18.7814
5.27058	18.837
5.27127	18.8925
5.27194	18.9481
5.27268	19.0036
5.274	19.0563
5.2747	19.1089
5.27539	19.1615
5.2831	19.2141
5.28441	19.2668
5.28714	19.3194
5.2885	19.372
5.2899	19.4247
5.29128	19.4773
5.29263	19.5299
5.29402	19.5826
5.29553	19.6352
5.29678	19.6878
5.29812	19.7405
5.29884	19.7931
5.30022	19.8457
5.30157	19.8984
5.30225	19.951
5.30298	20.0036
5.30434	20.0536
5.30569	20.1036
5.30704	20.1536
5.314	20.2036
5.31484	20.2536
5.31605	20.3036
5.31742	20.3536
5.31877	20.4036
5.32017	20.4536
5.32154	20.5036
5.3229	20.5536
5.32427	20.6036
5.3257	20.6536
5.32702	20.7036
5.32772	20.7536
5.3285	20.8036
5.3291	20.8536
5.33046	20.9036
5.33117	20.9536
5.33252	21.0036
5.33321	21.0512
5.33458	21.0989
5.3353	21.1465
5.34566	21.1941
5.347	21.2417
5.34768	21.2893
5.34837	21.337
5.34973	21.3846
5.35113	21.4322
5.3525	21.4798
5.35385	21.5274
5.35453	21.5751
5.35594	21.6227
5.35729	21.6703
5.35797	21.7179
5.35866	21.7655
5.35935	21.8131
5.36012	21.8608
5.36074	21.9084
5.36211	10.9542
5.3635	11.0542
5.36419	11.1451
5.36553	11.236
5.36632	11.3269
5.37045	11.4178
5.37179	11.5087
5.37314	11.5996
5.37453	11.6906
5.37591	11.7815
5.37733	11.8724
5.37865	11.9633
5.38003	12.0542
5.38142	12.1375
5.38281	12.2209
5.38414	12.3042
5.38552	12.3875
5.38692	12.4709
5.38826	12.5542
5.38964	12.6375
5.39101	12.7209
5.4014	6.36043
5.40344	6.5271
5.40478	6.69376
5.40615	6.86043
5.40755	7.0271
5.40828	7.16995
5.40891	7.31281
5.4096	7.45567
5.41233	7.59852
5.4144	7.74138
5.41578	7.88424
5.41718	8.0271
5.43093	8.1521
5.43235	8.2771
5.43304	8.4021
5.43507	8.5271
5.43709	8.6521
5.43777	8.7771
5.43984	8.9021
5.44124	9.0271
5.45366	9.13821
5.45572	9.24932
5.45641	9.36043
5.45775	9.47154
5.45913	9.58265
5.45985	9.69376
5.46049	9.80487
5.46121	9.91599
5.46189	10.0271
5.47573	10.1271
5.47778	10.2271
5.47913	10.3271
5.48187	10.4271
5.48254	10.5271
5.48394	10.6271
5.48463	10.7271
5.48529	10.8271
5.48667	10.9271
5.48737	11.0271
5.50343	11.118
5.50476	11.2089
5.50679	11.2998
5.51022	11.3907
5.51166	11.4816
5.51381	11.5726
5.51434	11.6635
5.5165	11.7544
5.51779	11.8453
5.5192	11.9362
5.51984	12.0271
5.53644	12.1104
5.53777	12.1938
5.54056	12.2771
5.54258	12.3604
5.54468	12.4438
5.546	12.5271
5.54736	12.6104
5.54945	12.6938
5.5508	12.7771
5.55286	12.8604
5.55354	12.9438
5.55492	13.0271
5.57013	13.104
5.57147	13.1809
5.57422	13.2579
5.57765	13.3348
5.57918	13.4117
5.58039	6.70586
5.58246	6.87252
5.58454	7.03919
5.58657	7.18205
5.58866	7.3249
5.59	7.46776
5.59069	7.61062
5.59207	7.75347
5.60795	7.89633
5.60998	8.03919
5.61276	8.16419
5.61618	8.28919
5.61686	8.41419
5.62463	8.53919
5.62669	8.66419
5.64124	8.78919
5.64353	8.91419
5.64494	9.03919
5.64766	9.1503
5.64976	9.26141
5.65109	9.37252
5.65869	4.68626
5.65992	4.93626
5.68156	5.18626
5.6843	5.38626
5.6857	5.58626
5.68705	5.78626
5.68841	5.98626
5.69118	6.18626
5.71373	6.35293
5.714	6.51959
5.71475	6.68626
5.71745	6.85293
5.72023	7.01959
5.72088	7.16245
5.74735	7.30531
5.74815	7.44817
5.74939	7.59102
5.75144	3.79551
5.75353	4.12884
5.75415	4.37884
5.75551	4.62884
5.77561	4.87884
5.77697	5.12884
5.77838	5.32884
5.77975	5.52884
5.80116	5.72884
5.80252	5.92884
5.80388	6.12884
5.80524	6.29551
5.80731	6.46218
5.8267	6.62884
5.82739	6.79551
5.82875	6.96218
5.83019	7.12884
5.83153	7.2717
5.83224	7.41456
5.848	7.55742
5.84999	7.70027
5.85133	7.84313
5.85272	7.98599
5.85414	8.12884
5.85633	8.25384
5.85771	8.37884
5.87018	8.50384
5.87221	8.62884
5.87354	8.75384
5.87633	8.87884
5.87835	9.00384
5.88042	9.11496
5.8825	9.22607
5.88454	9.33718
5.89695	9.44829
5.90175	9.5594
5.90314	9.67051
5.90519	9.78162
5.90794	9.89273
5.90932	10.0038
5.91209	10.1038
5.91345	10.2038
5.91622	10.3038
5.92659	10.4038
5.92869	10.5038
5.93137	10.6038
5.93345	10.7038
5.93689	10.8038
5.9383	10.9038
5.93965	11.0038
5.94169	11.0948
5.94309	11.1857
5.94517	11.2766
5.95892	11.3675
5.96106	11.4584
5.96375	11.5493
5.96649	11.6402
5.97205	11.7311
5.97273	11.822
5.97341	11.9129
5.97413	12.0038
5.97549	12.0872
5.97684	12.1705
5.9782	12.2538
5.99195	12.3372
5.99338	12.4205
5.9954	12.5038
6.00092	12.5872
6.00639	12.6705
6.00779	12.7538
6.00916	12.8372
6.01053	12.9205
6.01194	13.0038
6.0133	13.0808
6.01467	13.1577
6.0169	13.2346
6.02513	13.3115
6.02652	13.3885
6.0279	13.4654
6.03549	13.5423
6.04031	13.6192
6.04168	13.6962
6.04306	13.7731
6.04451	13.85
6.04595	13.9269
6.04733	14.0038
6.04871	14.0753
6.05009	14.1467
6.05145	14.2181
6.05834	14.2896
6.06108	14.361
6.06248	14.4324
6.06593	14.5038
6.06871	14.5753
6.07008	14.6467
6.07142	14.7181
6.07282	14.7896
6.07348	14.861
6.07488	14.9324
6.07626	15.0038
6.07898	15.0705
6.08035	15.1372
6.08171	15.2038
6.0886	15.2705
6.09136	15.3372
6.09274	15.4038
6.096	15.4705
6.09803	15.5372
6.09941	15.6038
6.10079	15.6705
6.10221	15.7372
6.10353	15.8038
6.10491	15.8705
6.10698	15.9372
6.10833	16.0038
6.1097	16.0663
6.11038	16.1288
6.11244	16.1913
6.11937	16.2538
6.12144	16.3163
6.12279	16.3788
6.1263	16.4413
6.12975	16.5038
6.13041	16.5663
6.13178	16.6288
6.13258	16.6913
6.13383	16.7538
6.13594	16.8163
6.13659	16.8788
6.13893	16.9413
6.13963	17.0038
6.14098	17.0627
6.14381	17.1215
6.1452	17.1803
6.15001	17.2391
6.15277	17.298
6.15478	17.3568
6.1589	17.4156
6.16251	17.4744
6.16384	17.5333
6.16454	17.5921
6.16642	17.6509
6.16776	17.7097
6.16914	17.7686
6.16986	17.8274
6.17119	17.8862
6.17326	17.945
6.17396	18.0038
6.17534	18.0594
6.17675	18.115
6.1781	18.1705
6.18428	18.2261
6.18706	18.2816
6.18909	18.3372
6.19528	18.3927
6.19735	18.4483
6.19872	18.5038
6.19943	18.5594
6.2001	18.615
6.20145	18.6705
6.20284	18.7261
6.20353	18.7816
6.2042	18.8372
6.20496	18.8927
6.20558	18.9483
6.20628	19.0038
6.20836	19.0565
6.21041	19.1091
6.2125	19.1617
6.22076	19.2144
6.22213	19.267
6.22349	19.3196
6.22487	19.3723
6.22761	19.4249
6.23121	19.4775
6.23333	19.5302
6.23402	19.5828
6.23474	19.6354
6.23607	19.6881
6.23676	19.7407
6.23746	19.7933
6.23888	19.846
6.23951	19.8986
6.24093	19.9512
6.24158	20.0038
6.24227	20.0538
6.24296	20.1038
6.24502	20.1538
6.24847	20.2038
6.24946	20.2538
6.2507	20.3038
6.25163	20.3538
6.25417	20.4038
6.25566	10.2019
6.2597	10.3019
6.26106	10.4019
6.26178	10.5019
6.26557	10.6019
6.26687	10.7019
6.26753	10.8019
6.27245	10.9019
6.27406	11.0019
6.2745	11.0928
6.2777	11.1837
6.27918	11.2746
6.27993	11.3656
6.28075	11.4565
6.28126	11.5474
6.28277	11.6383
6.28339	11.7292
6.28401	11.8201
6.28537	11.911
6.28604	12.0019
6.29959	12.0853
6.303	12.1686
6.30371	12.2519
6.30507	12.3353
6.30634	12.4186
6.30839	12.5019
6.31045	12.5853
6.31182	12.6686
6.31317	12.7519
6.31677	12.8353
6.31728	12.9186
6.31796	13.0019
6.32738	13.0788
6.33014	13.1558
6.33229	13.2327
6.33319	13.3096
6.33526	13.3865
6.33651	13.4635
6.33861	13.5404
6.33928	13.6173
6.34133	13.6942
6.34269	13.7712
6.34338	13.8481
6.34419	13.925
6.34476	14.0019
6.34696	14.0734
6.34961	14.1448
6.35106	14.2162
6.35307	14.2876
6.35664	14.3591
6.35722	14.4305
6.36068	14.5019
6.36139	14.5734
6.36276	14.6448
6.36345	14.7162
6.36422	14.7876
6.36622	14.8591
6.36692	14.9305
6.36765	15.0019
6.36987	15.0686
6.37186	15.1353
6.37312	15.2019
6.37375	15.2686
6.37456	15.3353
6.37513	15.4019
6.37873	15.4686
6.38011	15.5353
6.38133	15.6019
6.38205	15.6686
6.38339	15.7353
6.38402	15.8019
6.38472	15.8686
6.38613	15.9353
6.38688	16.0019
6.3951	16.0644
6.39725	16.1269
6.39924	16.1894
6.39998	16.2519
6.40068	16.3144
6.4016	16.3769
6.40575	16.4394
6.40632	16.5019
6.40701	16.5644
6.4077	16.6269
6.40842	16.6894
6.40976	16.7519
6.41115	16.8144
6.41253	16.8769
6.41323	16.9394
6.41526	17.0019
6.41732	8.50096
6.41945	8.62596
6.42079	8.75096
6.42146	8.87596
6.42286	9.00096
6.42353	9.11207
6.42772	9.22318
6.42848	9.33429
6.43047	9.44541
6.43115	9.55652
6.43337	9.66763
6.43469	9.77874
6.43539	9.88985
6.43607	10.001
6.43671	10.101
6.4374	10.201
6.43885	10.301
6.45613	10.401
6.45681	10.501
6.45836	10.601
6.45889	10.701
6.45964	10.801
6.4604	10.901
6.46143	11.001
6.46619	11.0919
6.46895	11.1828
6.46965	11.2737
6.48398	11.3646
6.48469	11.4555
6.48813	11.5464
6.48963	11.6373
6.49097	11.7282
6.49237	11.8191
6.49292	11.9101
6.49358	12.001
6.49571	12.0843
6.49977	12.1676
6.50261	12.251
6.5109	12.3343
6.5123	12.4176
6.515	12.501
6.51931	12.5843
6.52189	12.6676
6.52393	12.751
6.52601	12.8343
6.5267	12.9176
6.52732	13.001
6.52803	13.0779
6.52945	13.1548
6.53318	13.2317
6.54565	13.3087
6.54701	13.3856
6.54839	13.4625
6.55181	13.5394
6.55387	13.6163
6.55665	13.6933
6.55737	13.7702
6.55869	13.8471
6.56143	13.924
6.56215	14.001
6.5628	14.0724
6.56353	14.1438
6.56555	14.2152
6.57882	14.2867
6.58072	14.3581
6.58202	14.4295
6.58305	14.501
6.58358	14.5724
6.58494	14.6438
6.58909	14.7152
6.59116	14.7867
6.59324	14.8581
6.5946	14.9295
6.59532	15.001
6.59601	15.0676
6.59665	15.1343
6.5975	15.201
6.6022	15.2676
6.60437	15.3343
6.605	15.401
6.60567	15.4676
6.60772	15.5343
6.60847	15.601
6.61416	15.6676
6.61485	15.7343
6.6169	15.801
6.61831	15.8676
6.61969	15.9343
6.62106	16.001
6.62242	16.0635
6.62451	16.126
6.628	16.1885
6.63296	16.251
6.63359	16.3135
6.6343	16.376
6.63494	16.4385
6.63563	16.501
6.6363	16.5635
6.63702	16.626
6.6377	16.6885
6.63837	16.751
6.63976	16.8135
6.64045	16.876
6.64319	16.9385
6.64389	17.001
6.64457	17.0598
6.6453	17.1186
6.64868	17.1774
6.6584	17.2363
6.65907	17.2951
6.65978	17.3539
6.66044	17.4127
6.66184	17.4715
6.66386	17.5304
6.66455	17.5892
6.66623	17.648
6.66726	17.7068
6.66763	17.7657
6.66924	17.8245
6.66928	17.8833
6.67071	17.9421
6.67166	18.001
6.67299	18.0565
6.67374	18.1121
6.67781	18.1676
6.68564	18.2232
6.68667	9.11159
6.68764	9.2227
6.68955	9.33381
6.69025	9.44493
6.69157	9.55604
6.69297	9.66715
6.69569	9.77826
6.69706	9.88937
6.69774	10.0005
6.69845	10.1005
6.69914	10.2005
6.70051	10.3005
6.70189	10.4005
6.70255	10.5005
6.70393	10.6005
6.70462	10.7005
6.70539	10.8005
6.71444	10.9005
6.7164	11.0005
6.71776	11.0914
6.72005	11.1823
6.72054	11.2732
6.72128	11.3641
6.72191	11.455
6.72335	11.5459
6.72405	11.6368
6.72539	11.7278
6.7356	11.8187
6.73903	11.9096
6.74109	12.0005
6.74178	12.0838
6.74382	12.1671
6.74452	12.2505
6.74588	12.3338
6.74865	6.16691
6.74933	6.33357
6.75454	6.50024
6.75629	6.66691
6.76843	6.83357
6.77011	7.00024
6.7715	7.1431
6.77216	7.28595
6.77351	7.42881
6.77633	7.57167
6.77837	7.71453
6.77969	7.85738
6.79287	8.00024
6.79507	8.12524
6.79563	8.25024
6.80058	8.37524
6.80245	8.50024
6.80317	8.62524
6.80454	8.75024
6.8297	8.87524
6.83107	9.00024
6.8331	9.11135
6.83448	9.22246
6.8386	9.33357
6.83929	9.44468
6.84067	9.5558
6.84203	9.66691
6.85898	9.77802
6.86033	9.88913
6.8618	10.0002
6.86249	10.1002
6.86314	10.2002
6.86454	10.3002
6.86512	10.4002
6.8658	10.5002
6.86655	10.6002
6.88852	10.7002
6.88989	10.8002
6.89194	10.9002
6.89337	11.0002
6.894	11.0911
6.89638	11.1821
6.89774	11.273
6.89911	11.3639
6.89982	11.4548
6.90294	11.5457
6.92887	11.6366
6.92957	11.7275
6.93028	11.8184
6.93099	11.9093
6.93234	12.0002
6.93402	12.0836
6.93474	12.1669
6.93615	12.2502
6.93829	12.3336
6.93952	12.4169
6.94137	12.5002
6.96002	12.5836
6.96143	12.6669
6.96289	12.7502
6.96421	12.8336
6.96555	12.9169
6.96695	13.0002
6.96833	13.0772
6.96968	13.1541
6.97101	13.231
6.97307	13.3079
6.97445	13.3849
6.97581	13.4618
6.99227	13.5387
6.99387	13.6156
6.99456	13.6925
6.99594	13.7695
6.99661	13.8464
6.99873	13.9233
6.99937	14.0002
7.00114	14.0717
7.00416	14.1431
7.0068	14.2145
7.00875	14.286
7.0101	14.3574
7.01145	14.4288
7.03118	14.5002
7.03184	14.5717
7.03247	14.6431
7.03439	14.7145
7.03507	14.786
7.03642	14.8574
7.03646	14.9288
7.03775	15.0002
7.03861	15.0669
7.03914	15.1336
7.04052	15.2002
7.04191	15.2669
7.04332	15.3336
7.04531	15.4002
7.06488	15.4669
7.06558	15.5336
7.06622	15.6002
7.06692	15.6669
7.0683	15.7336
7.069	15.8002
7.0697	15.8669
7.07042	15.9336
7.07109	16.0002
7.07174	16.0627
7.07309	16.1252
7.07448	16.1877
7.07588	16.2502
7.07736	16.3127
7.07875	16.3752
7.10056	16.4377
7.10261	16.5002
7.10397	16.5627
7.10466	16.6252
7.1061	16.6877
7.10687	16.7502
7.10811	16.8127
7.1088	16.8752
7.10946	16.9377
7.11015	17.0002
7.11152	17.0591
7.11221	17.1179
7.11293	17.1767
7.11559	17.2355
7.11616	17.2944
7.11687	17.3532
7.13534	17.412
7.13668	17.4708
7.138	17.5297
7.13948	17.5885
7.14113	17.6473
7.1425	17.7061
7.14389	17.7649
7.14526	17.8238
7.14764	17.8826
7.14829	17.9414
7.14898	18.0002
7.1497	18.0558
7.15034	18.1114
7.15107	18.1669
7.15175	18.2225
7.15312	18.278
7.15447	18.3336
7.16953	18.3891
7.17019	18.4447
7.1709	18.5002
7.17228	18.5558
7.17306	18.6114
7.17432	18.6669
7.17501	18.7225
7.17569	18.778
7.1764	18.8336
7.1771	18.8891
7.17777	18.9447
7.17844	19.0002
7.17915	9.50012
7.17983	9.61123
7.18118	9.72234
7.18192	9.83345
7.18256	9.94456
7.18327	10.0557
7.1965	10.1557
7.19743	10.2557
7.19926	10.3557
7.20136	10.4557
7.20265	10.5557
7.20332	10.6557
7.20469	10.7557
7.20714	10.8557
7.20851	10.9557
7.20998	11.0557
7.21135	11.1466
7.21301	11.2375
7.21475	11.3284
7.22865	11.4193
7.23005	11.5102
7.23077	11.6011
7.23145	11.692
7.23375	11.7829
7.23446	11.8739
7.2351	11.9648
7.23651	12.0557
7.23789	12.139
7.24129	12.2223
7.24426	12.3057
7.25456	12.389
7.25524	12.4723
7.25596	12.5557
7.25659	12.639
7.25866	12.7223
7.25934	12.8057
7.26006	12.889
7.26142	12.9723
7.26214	13.0557
7.26348	13.1326
7.26418	13.2095
7.26552	13.2864
7.27488	13.3634
7.27689	13.4403
7.27896	13.5172
7.28139	13.5941
7.28207	13.6711
7.28423	13.748
7.2843	13.8249
7.2849	13.9018
7.28563	13.9788
7.28701	14.0557
7.28844	14.1271
7.28907	14.1985
7.29098	14.27
7.29806	14.3414
7.30083	14.4128
7.30154	14.4842
7.30497	14.5557
7.30612	14.6271
7.30824	14.6985
7.30891	14.77
7.31026	14.8414
7.31224	14.9128
7.31295	14.9842
7.31415	15.0557
7.3155	15.1223
7.31625	15.189
7.3176	15.2557
7.32035	15.3223
7.32254	15.389
7.32387	15.4557
7.32524	15.5223
7.32668	15.589
7.32733	15.6557
7.32868	15.7223
7.33006	15.789
7.33251	15.8557
7.33389	15.9223
7.338	15.989
7.33929	16.0557
7.34061	16.1182
7.34198	16.1807
7.34339	16.2432
7.3493	16.3057
7.34999	16.3682
7.35066	16.4307
7.35136	16.4932
7.35205	16.5557
7.35291	16.6182
7.35358	16.6807
7.35426	16.7432
7.35622	16.8057
7.35741	16.8682
7.35878	16.9307
7.36087	16.9932
7.3616	17.0557
7.36295	17.1145
7.36431	17.1733
7.36569	17.2321
7.37257	17.291
7.37429	17.3498
7.37595	17.4086
7.37732	17.4674
7.3787	17.5263
7.37937	17.5851
7.38006	17.6439
7.38076	17.7027
7.38213	17.7616
7.38353	17.8204
7.38416	17.8792
7.38569	17.938
7.38622	17.9969
7.38763	18.0557
7.38898	18.1112
7.39035	18.1668
7.39173	18.2223
7.3952	18.2779
7.398	18.3335
7.39942	18.389
7.40068	18.4446
7.40207	18.5001
7.40273	18.5557
7.40341	18.6112
7.40415	18.6668
7.40758	18.7223
7.40892	18.7779
7.40962	18.8335
7.41031	18.889
7.411	18.9446
7.41172	19.0001
7.41307	19.0528
7.41371	19.1054
7.41559	19.158
7.41676	19.2106
7.41996	19.2633
7.42157	19.3159
7.42233	19.3685
7.42363	19.4212
7.42432	19.4738
7.42571	19.5264
7.42775	19.5791
7.42968	19.6317
7.43102	19.6843
7.43244	19.737
7.43377	19.7896
7.43514	19.8422
7.4378	19.8949
7.43919	19.9475
7.43987	20.0001
7.44127	20.0501
7.4426	20.1001
7.44399	20.1501
7.44536	20.2001
7.44747	20.2501
7.44953	20.3001
7.45091	20.3501
7.45227	20.4001
7.453	20.4501
7.45432	20.5001
7.45507	20.5501
7.45568	20.6001
7.45745	20.6501
7.45753	20.7001
7.45804	20.7501
7.45856	20.8001
7.46054	20.8501
7.46191	20.9001
7.46406	20.9501
7.46466	21.0001
7.46631	21.0477
7.46836	21.0954
7.46971	21.143
7.47314	21.1906
7.47715	21.2382
7.47779	21.2858
7.47914	21.3335
7.48055	21.3811
7.48191	21.4287
7.48328	21.4763
7.48396	21.5239
7.48473	21.5715
7.48533	21.6192
7.48601	21.6668
7.48669	21.7144
7.48808	21.762
7.48945	21.8096
7.4909	21.8573
7.4929	21.9049
7.49425	21.9525
7.49496	22.0001
7.49564	22.0456
7.49771	22.091
7.50071	22.1365
7.50181	22.1819
7.50761	22.2274
7.50765	22.2728
7.50952	22.3183
7.51081	22.3638
7.51164	22.4092
7.51294	22.4547
7.51477	22.5001
7.51637	22.5456
7.51685	22.591
7.51832	22.6365
7.5189	22.6819
7.52035	22.7274
7.52174	22.7728
7.52368	22.8183
7.52618	22.8638
7.52753	22.9092
7.52901	22.9547
7.5303	23.0001
7.53098	23.0436
7.53184	23.0871
7.53373	23.1306
7.53443	23.174
7.54274	23.2175
7.54411	23.261
7.54549	23.3045
7.54689	23.3479
7.54752	23.3914
7.55032	23.4349
7.5523	23.4784
7.55368	23.5219
7.55443	23.5653
7.55504	23.6088
7.55582	23.6523
7.55721	23.6958
7.55789	23.7393
7.55865	23.7827
7.55995	23.8262
7.56224	23.8697
7.56363	23.9132
7.56437	23.9566
7.56526	24.0001
7.56661	24.0418
7.56806	24.0835
7.57023	24.1251
7.57152	24.1668
7.5784	24.2085
7.57979	24.2501
7.58184	12.1251
7.58318	12.2084
7.58462	12.2917
7.58593	12.3751
7.58822	12.4584
7.58865	12.5417
7.58937	12.6251
7.5907	12.7084
7.59207	12.7917
7.59347	12.8751
7.59414	12.9584
7.59625	13.0417
7.59688	13.1186
7.59893	13.1956
7.59961	13.2725
7.60034	13.3494
7.60171	13.4263
7.60238	13.5033
7.60379	13.5802
7.60651	13.6571
7.60795	13.734
7.60926	13.811
7.61826	13.8879
7.61964	13.9648
7.62652	14.0417
7.62786	14.1132
7.62925	14.1846
7.62994	14.256
7.63132	14.3274
7.63212	14.3989
7.63341	14.4703
7.63477	14.5417
7.63828	14.6132
7.63957	14.6846
7.64094	14.756
7.65134	14.8274
7.6527	14.8989
7.65753	14.9703
7.65898	15.0417
7.66032	15.1084
7.66169	15.1751
7.66303	15.2417
7.66718	15.3084
7.66787	15.3751
7.66937	15.4417
7.67012	15.5084
7.67115	15.5751
7.67183	15.6417
7.6732	15.7084
7.68481	15.7751
7.68497	15.8417
7.6892	15.9084
7.69257	15.9751
7.69329	16.0417
7.69462	16.1042
7.69602	16.1667
7.69737	16.2292
7.70085	16.2917
7.7015	16.3542
7.70218	16.4167
7.70287	16.4792
7.70429	16.5417
7.70564	16.6042
7.70632	16.6667
7.71601	16.7292
7.7167	16.7917
7.71947	16.8542
7.72083	16.9167
7.72154	16.9792
7.7229	17.0417
7.72563	17.1006
7.72701	17.1594
7.72913	17.2182
7.73151	17.277
7.73355	17.3358
7.73491	17.3947
7.73703	17.4535
7.73769	17.5123
7.73972	17.5711
7.74052	17.63
7.75088	17.6888
7.75218	17.7476
7.7549	17.8064
7.75647	17.8653
7.75711	17.9241
7.75769	17.9829
7.75973	18.0417
7.7632	18.0973
7.76461	18.1528
7.76733	18.2084
7.76876	18.2639
7.76939	18.3195
7.77202	18.3751
7.77273	18.4306
7.7734	18.4862
7.7741	18.5417
7.77479	18.5973
7.78663	18.6528
7.78804	18.7084
7.78941	18.7639
7.79004	18.8195
7.79219	18.8751
7.7936	18.9306
7.79418	18.9862
7.79557	19.0417
7.79693	19.0944
7.79898	19.147
7.80172	19.1996
7.8024	19.2523
7.80378	19.3049
7.80475	19.3575
7.80653	19.4101
7.80789	19.4628
7.80859	19.5154
7.8093	19.568
7.8245	19.6207
7.82588	19.6733
7.82659	19.7259
7.82801	19.7786
7.82932	19.8312
7.8314	19.8838
7.8328	19.9365
7.83551	19.9891
7.83627	20.0417
7.83756	20.0917
7.84101	20.1417
7.84238	20.1917
7.84312	20.2417
7.84384	20.2917
7.84591	20.3417
7.84653	20.3917
7.84941	20.4417
7.85145	20.4917
7.85223	20.5417
7.86774	20.5917
7.86979	20.6417
7.87049	20.6917
7.87111	20.7417
7.8718	20.7917
7.87459	20.8417
7.87593	20.8917
7.88006	20.9417
7.88073	20.9917
7.88366	21.0417
7.88506	21.0893
7.88709	21.137
7.88915	21.1846
7.89054	21.2322
7.89125	21.2798
7.8933	21.3274
7.89561	21.3751
7.89835	21.4227
7.9011	21.4703
7.90254	21.5179
7.91147	21.5655
7.91296	21.6132
7.91361	21.6608
7.91435	21.7084
7.91493	21.756
7.9225	21.8036
7.92413	21.8513
7.92521	21.8989
7.9259	21.9465
7.92727	21.9941
7.92796	22.0417
7.92937	22.0872
7.93071	22.1326
7.93212	22.1781
7.93561	22.2235
7.93679	22.269
7.93814	22.3145
7.94027	22.3599
7.94228	22.4054
7.94504	22.4508
7.94574	22.4963
7.95377	22.5417
7.95573	22.5872
7.95645	22.6326
7.95709	22.6781
7.9578	22.7235
7.96622	22.769
7.96684	22.8145
7.96844	22.8599
7.96963	22.9054
7.97102	22.9508
7.97244	22.9963
7.97371	23.0417
7.97444	23.0852
7.97719	23.1287
7.97925	23.1722
7.98413	23.2156
7.98482	23.2591
7.98545	23.3026
7.98826	23.3461
7.99029	23.3896
7.99301	23.433
7.99373	23.4765
7.99803	23.52
8.00079	23.5635
8.00452	23.6069
8.00524	23.6504
8.00658	23.6939
8.01248	23.7374
8.01319	23.7809
8.01392	23.8243
8.01596	23.8678
8.01666	23.9113
8.01857	23.9548
8.01871	23.9982
8.01938	24.0417
8.02076	24.0834
8.02281	24.1251
8.0242	24.1667
8.03037	24.2084
8.03315	24.2501
8.03448	24.2917
8.03729	24.3334
8.03933	12.1667
8.04009	12.25
8.04073	12.3334
8.0435	12.4167
8.04898	12.5
8.05103	12.5834
8.05243	12.6667
8.05381	12.75
8.05587	12.8334
8.05792	12.9167
8.05869	13
8.06137	13.077
8.06217	13.1539
8.06274	13.2308
8.06347	13.3077
8.06411	13.3846
8.06618	13.4616
8.06712	13.5385
8.0676	13.6154
8.06958	13.6923
8.07645	13.7693
8.07783	13.8462
8.07924	13.9231
8.08058	14
8.09949	14.0715
8.10089	14.1429
8.10154	14.2143
8.10223	14.2857
8.10302	14.3572
8.10361	14.4286
8.10428	14.5
8.10568	14.5715
8.10704	14.6429
8.11142	7.32144
8.11278	7.4643
8.11413	7.60716
8.11483	7.75002
8.11701	7.89287
8.13671	8.03573
8.13809	8.16073
8.14015	8.28573
8.14085	8.41073
8.14153	8.53573
8.14287	8.66073
8.14357	8.78573
8.14563	8.91073
8.147	9.03573
8.17592	9.14684
8.17933	9.25795
8.18143	9.36906
8.18209	9.48017
8.18349	9.59128
8.18483	9.7024
8.18622	9.81351
8.18692	9.92462
8.18762	10.0357
8.20876	10.1357
8.21028	10.2357
8.21084	10.3357
8.2115	10.4357
8.21493	10.5357
8.21634	10.6357
8.21906	10.7357
8.21971	10.8357
8.22109	10.9357
8.22248	11.0357
8.24388	11.1266
8.24526	11.2175
8.24672	11.3085
8.24806	11.3994
8.2487	11.4903
8.24937	11.5812
8.25214	11.6721
8.2535	11.763
8.2549	11.8539
8.25565	11.9448
8.25696	12.0357
8.27706	12.1191
8.27768	12.2024
8.27833	12.2857
8.27903	12.3691
8.28046	12.4524
8.28179	12.5357
8.28249	12.6191
8.28456	12.7024
8.28662	12.7857
8.28867	12.8691
8.29005	12.9524
8.29142	13.0357
8.30044	6.51786
8.3011	6.68453
8.3025	6.8512
8.30392	7.01786
8.30526	7.16072
8.30598	7.30358
8.30733	7.44644
8.31009	7.58929
8.31147	7.73215
8.31286	7.87501
8.3142	8.01786
8.31558	8.14286
8.31695	8.26786
8.33214	8.39286
8.33419	8.51786
8.33557	8.64286
8.33694	8.76786
8.33971	8.89286
8.34106	9.01786
8.34246	9.12898
8.34519	9.24009
8.36057	9.3512
8.3626	9.46231
8.36395	9.57342
8.36548	9.68453
8.36688	9.79564
8.36896	9.90675
8.37039	10.0179
8.37173	10.1179
8.37516	10.2179
8.39312	10.3179
8.39585	10.4179
8.39722	10.5179
8.39995	10.6179
8.40193	10.7179
8.40469	10.8179
8.40747	10.9179
8.40883	11.0179
8.41086	11.1088
8.41224	11.1997
8.42881	11.2906
8.43018	11.3815
8.43155	11.4724
8.43568	11.5633
8.43774	11.6542
8.43909	11.7451
8.43979	11.836
8.44124	11.927
8.44256	12.0179
8.44325	12.1012
8.44464	12.1845
8.46321	12.2679
8.46456	12.3512
8.46597	12.4345
8.47075	12.5179
8.4735	12.6012
8.47558	12.6845
8.47628	12.7679
8.48021	12.8512
8.48159	12.9345
8.4836	13.0179
8.48495	13.0948
8.48703	13.1717
8.49949	13.2486
8.50082	13.3256
8.5022	13.4025
8.50837	13.4794
8.51253	13.5563
8.51527	13.6332
8.51666	13.7102
8.5187	13.7871
8.51941	13.864
8.52077	13.9409
8.52214	14.0179
8.52555	14.0893
8.52693	14.1607
8.54489	14.2322
8.54554	14.3036
8.54624	14.375
8.55053	14.4464
8.55461	14.5179
8.55598	14.5893
8.55736	14.6607
8.56012	14.7322
8.56147	14.8036
8.56286	14.875
8.56423	14.9464
8.56563	15.0179
8.56697	15.0845
8.5697	15.1512
8.58078	15.2179
8.5828	15.2845
8.58347	15.3512
8.58486	15.4179
8.58759	15.4845
8.58899	15.5512
8.59034	15.6179
8.59241	15.6845
8.59315	15.7512
8.59584	15.8179
8.59723	15.8845
8.59858	15.9512
8.59998	16.0179
8.60069	16.0804
8.60424	16.1429
8.61318	16.2054
8.6159	16.2679
8.61731	16.3304
8.61799	16.3929
8.61869	16.4554
8.62003	16.5179
8.6214	16.5804
8.62277	16.6429
8.62419	16.7054
8.62555	16.7679
8.62758	16.8304
8.63033	16.8929
8.63106	16.9554
8.63239	17.0179
8.63321	17.0767
8.63515	17.1355
8.64209	17.1943
8.64278	17.2532
8.64347	17.312
8.64484	17.3708
8.64552	8.6854
8.64691	8.8104
8.64967	8.9354
8.65104	9.0604
8.65241	9.17151
8.65517	9.28263
8.65789	9.39374
8.65927	9.50485
8.65995	9.61596
8.66136	9.72707
8.66269	9.83818
8.66408	9.94929
8.66683	10.0604
8.67443	10.1604
8.67512	10.2604
8.67651	10.3604
8.67722	10.4604
8.6868	10.5604
8.68819	10.6604
8.68886	10.7604
8.69028	5.3802
8.6937	5.5802
8.69508	5.7802
8.70337	5.9802
8.70476	6.1802
8.70616	6.34687
8.70817	6.51353
8.71505	6.6802
8.71642	6.84687
8.71714	7.01353
8.73027	7.15639
8.73161	7.29925
8.73505	7.44211
8.74199	7.58496
8.74355	7.72782
8.74422	7.87068
8.74491	8.01353
8.75526	8.13853
8.75593	8.26353
8.75663	8.38853
8.76557	8.51353
8.76833	8.63853
8.76968	8.76353
8.77038	8.88853
8.77122	9.01353
8.77946	9.12465
8.78082	9.23576
8.78221	9.34687
8.78939	9.45798
8.7942	9.56909
8.79486	9.6802
8.79558	9.79131
8.79626	9.90242
8.79736	10.0135
8.80347	10.1135
8.80555	10.2135
8.80753	10.3135
8.81032	10.4135
8.81309	10.5135
8.81446	10.6135
8.81654	10.7135
8.81725	10.8135
8.81859	10.9135
8.81999	11.0135
8.82506	11.1044
8.82579	11.1954
8.82649	11.2863
8.82993	11.3772
8.83334	11.4681
8.83542	11.559
8.83612	11.6499
8.83819	11.7408
8.83956	11.8317
8.84162	11.9226
8.84332	12.0135
8.84609	12.0969
8.84759	12.1802
8.84826	12.2635
8.85176	12.3469
8.85521	12.4302
8.85651	12.5135
8.85789	12.5969
8.85927	12.6802
8.85994	12.7635
8.86185	12.8469
8.86423	12.9302
8.86485	13.0135
8.86904	13.0905
8.8704	13.1674
8.8718	13.2443
8.87493	13.3212
8.87785	13.3982
8.87856	13.4751
8.87925	13.552
8.87994	13.6289
8.8807	13.7058
8.88137	13.7828
8.88212	13.8597
8.88469	13.9366
8.88672	14.0135
8.88814	14.085
8.88951	14.1564
8.89088	14.2278
8.89504	14.2992
8.89573	14.3707
8.89781	14.4421
8.90056	14.5135
8.90121	14.585
8.90259	14.6564
8.90399	14.7278
8.90468	14.7992
8.90671	14.8707
8.90948	14.9421
8.91016	15.0135
8.91091	15.0802
8.91318	15.1469
8.91504	15.2135
8.91642	15.2802
8.91712	15.3469
8.91849	15.4135
8.91986	15.4802
8.9206	15.5469
8.92121	15.6135
8.92261	15.6802
8.92401	15.7469
8.92535	15.8135
8.92879	15.8802
8.92947	15.9469
8.93084	16.0135
8.93643	16.076
8.93835	16.1385
8.93916	16.201
8.942	16.2635
8.94265	16.326
8.94404	16.3885
8.9461	16.451
8.94767	16.5135
8.95027	16.576
8.95162	16.6385
8.95229	16.701
8.95302	16.7635
8.9544	16.826
8.95508	16.8885
8.95658	16.951
8.95797	17.0135
8.96011	17.0724
8.96075	17.1312
8.96212	17.19
8.96768	17.2488
8.96905	17.3077
8.97113	17.3665
8.97178	17.4253
8.97387	17.4841
8.97457	17.5429
8.9766	17.6018
8.97798	17.6606
8.97938	17.7194
8.98008	17.7782
8.98073	17.8371
8.98213	17.8959
8.9828	17.9547
8.98419	18.0135
8.99125	18.0691
8.99267	18.1246
8.99331	18.1802
8.99953	18.2358
9.00035	9.11788
9.00164	9.22899
9.00232	9.3401
9.00368	9.45121
9.00437	9.56232
9.00513	9.67343
9.00713	9.78455
9.00986	9.89566
9.01195	10.0068
9.01262	10.1068
9.01398	10.2068
9.01469	10.3068
9.01674	10.4068
9.01949	10.5068
9.02227	10.6068
9.02293	10.7068
9.02361	10.8068
9.02989	10.9068
9.0354	11.0068
9.03675	11.0977
9.03812	11.1886
9.03951	5.59429
9.04087	5.79429
9.04157	5.99429
9.04229	6.19429
9.04296	6.36096
9.04434	6.52763
9.05621	6.69429
9.06183	6.86096
9.06251	7.02763
9.06385	7.17048
9.06458	7.31334
9.07281	7.4562
9.08182	7.59905
9.09078	7.74191
9.09283	7.88477
9.09362	8.02763
9.09425	8.15263
9.09565	8.27763
9.10236	8.40263
9.11618	8.52763
9.12398	8.65263
9.12532	8.77763
9.12672	8.90263
9.12808	9.02763
9.13015	9.13874
9.13155	9.24985
9.13464	9.36096
9.14706	9.47207
9.1539	9.58318
9.15533	9.69429
9.15672	9.8054
9.15812	9.91652
9.16013	10.0276
9.16219	10.1276
9.1643	10.2276
9.16988	10.3276
9.17572	10.4276
9.1819	10.5276
9.18326	10.6276
9.18603	10.7276
9.18744	10.8276
9.18808	10.9276
9.18877	11.0276
9.18948	11.1185
9.19019	11.2094
9.19779	11.3004
9.20056	11.3913
9.20607	11.4822
9.20885	11.5731
9.2133	11.664
9.21526	11.7549
9.21606	11.8458
9.21675	11.9367
9.21745	5.96836
9.21953	6.16836
9.22022	6.33503
9.22503	6.50169
9.22711	6.66836
9.2354	6.83503
9.2395	7.00169
9.24296	7.14455
9.24506	7.28741
9.24774	7.43026
9.24982	7.57312
9.267	7.71598
9.27318	7.85883
9.27386	8.00169
9.27734	8.12669
9.27938	8.25169
9.28144	8.37669
9.28628	8.50169
9.30285	8.62669
9.30697	8.75169
9.30972	8.87669
9.31108	9.00169
9.31245	9.1128
9.3173	9.22391
9.318	9.33503
9.32487	9.44614
9.33818	9.55725
9.34098	9.66836
9.34301	9.77947
9.34439	9.89058
9.34577	10.0017
9.34648	10.1017
9.35134	10.2017
9.35206	10.3017
9.35755	10.4017
9.36521	10.5017
9.37058	10.6017
9.37335	10.7017
9.37403	10.8017
9.37745	10.9017
9.37884	11.0017
9.38021	11.0926
9.38232	11.1835
9.38368	11.2744
9.38917	11.3653
9.39398	11.4562
9.40018	11.5471
9.40226	11.6381
9.4043	11.729
9.40705	11.8199
9.40983	11.9108
9.41117	12.0017
9.41327	6.00085
9.41945	6.16751
9.42016	6.33418
9.42426	6.50085
9.42842	6.66751
9.43943	6.83418
9.4415	7.00085
9.44287	7.1437
9.44427	7.28656
9.44495	7.42942
9.4484	7.57227
9.44972	7.71513
9.46765	7.85799
9.46832	8.00085
9.47043	8.12585
9.4711	8.25085
9.47192	8.37585
9.47593	8.50085
9.47732	8.62585
9.49429	8.75085
9.49448	8.87585
9.49518	9.00085
9.49587	9.11196
9.49659	9.22307
9.49797	9.33418
9.49869	9.44529
9.50072	9.5564
9.51517	9.66751
9.51654	9.77862
9.5179	9.88973
9.51927	10.0008
9.52064	10.1008
9.52209	10.2008
9.52344	10.3008
9.52478	10.4008
9.52741	10.5008
9.53606	10.6008
9.5409	10.7008
9.54298	10.8008
9.54567	10.9008
9.54635	11.0008
9.54852	11.0918
9.54911	11.1827
9.55049	11.2736
9.55266	11.3645
9.55664	11.4554
9.56151	11.5463
9.56633	11.6372
9.5677	11.7281
9.57184	11.819
9.5739	11.9099
9.57456	12.0008
9.57593	12.0842
9.57734	12.1675
9.57867	12.2508
9.58004	12.3342
9.58348	12.4175
9.58766	12.5008
9.59173	12.5842
9.59449	12.6675
9.59817	12.7508
9.60163	12.8342
9.60301	12.9175
9.6044	13.0008
9.60579	13.0778
9.6072	13.1547
9.60782	13.2316
9.6092	13.3085
9.61332	13.3855
9.61545	13.4624
9.62032	13.5393
9.6231	13.6162
9.62587	13.6932
9.6272	13.7701
9.62858	13.847
9.63066	13.9239
9.63202	14.0008
9.63275	14.0723
9.63408	14.1437
9.63546	14.2151
9.63682	14.2866
9.64253	14.358
9.64447	14.4294
9.64792	14.5008
9.65034	14.5723
9.65445	14.6437
9.65585	14.7151
9.65651	14.7866
9.65791	14.858
9.65861	14.9294
9.66	15.0008
9.66149	15.0675
9.66284	15.1342
9.66421	15.2008
9.66556	15.2675
9.67109	15.3342
9.67248	15.4008
9.67384	15.4675
9.67677	15.5342
9.68293	15.6008
9.68432	15.6675
9.68569	15.7342
9.68777	15.8008
9.6891	15.8675
9.68979	15.9342
9.69047	16.0008
9.69117	16.0633
9.69254	16.1258
9.69392	16.1883
9.6946	16.2508
9.70151	16.3133
9.70225	16.3758
9.7029	16.4383
9.70428	16.5008
9.70701	8.25042
9.70838	8.37542
9.70976	8.50042
9.71112	8.62542
9.71186	8.75042
9.7132	8.87542
9.71456	9.00042
9.71594	9.11153
9.71661	9.22265
9.7173	9.33376
9.72005	9.44487
9.72213	9.55598
9.73157	9.66709
9.7356	9.7782
9.73702	9.88931
9.73766	10.0004
9.74413	10.1004
9.74608	10.2004
9.74737	10.3004
9.74879	10.4004
9.75079	10.5004
9.75842	10.6004
9.76443	10.7004
9.7681	10.8004
9.77057	10.9004
9.772	11.0004
9.77402	11.0913
9.77542	11.1822
9.77744	11.2732
9.77886	11.3641
9.78094	5.68203
9.79276	5.88203
9.79954	6.08203
9.8029	6.2487
9.80496	6.41536
9.80794	6.58203
9.8093	6.7487
9.81068	6.91536
9.81136	7.08203
9.81344	7.22489
9.8148	7.36774
9.83583	7.5106
9.83719	7.65346
9.83856	7.79632
9.83993	7.93917
9.84131	8.08203
9.8427	8.20703
9.84407	8.33203
9.86367	8.45703
9.86646	8.58203
9.86918	8.70703
9.86987	8.83203
9.87127	8.95703
9.87263	9.08203
9.87399	9.19314
9.87751	9.30425
9.88621	9.41536
9.8883	9.52647
9.89112	9.63759
9.89242	9.7487
9.89543	9.85981
9.89614	9.97092
9.89747	10.082
9.89896	10.182
9.903	10.282
9.91475	10.382
9.91612	10.482
9.92005	10.582
9.92076	10.682
9.9242	10.782
9.92554	10.882
9.92691	10.982
9.92829	11.082
9.92966	11.1729
9.93379	11.2638
9.94419	11.3548
9.9469	11.4457
9.94967	11.5366
9.95036	11.6275
9.9511	11.7184
9.95308	11.8093
9.95515	11.9002
9.95655	11.9911
9.95789	12.082
9.95927	12.1654
9.96215	12.2487
9.97168	12.332
9.97374	12.4154
9.97579	12.4987
9.97717	12.582
9.97855	12.6654
9.98139	12.7487
9.98344	12.832
9.98549	12.9154
9.98685	12.9987
9.98823	13.082
9.9896	13.159
9.99098	13.2359
9.99994	13.3128
10.002	13.3897
10.0028	13.4666
10.0034	13.5436
10.0042	13.6205
10.0048	13.6974
10.009	13.7743
10.0118	13.8513
10.0132	13.9282
10.0146	14.0051
10.0159	14.0765
10.0173	14.148
10.018	14.2194
10.027	14.2908
10.0297	14.3622
10.0311	14.4337
10.0325	14.5051
10.0338	14.5765
10.0352	14.648
10.0379	14.7194
10.0386	14.7908
10.0409	14.8622
10.0416	14.9337
10.0423	15.0051
10.043	15.0718
10.0465	15.1384
10.0479	15.2051
10.052	15.2718
10.0558	15.3384
10.0565	15.4051
10.0585	15.4718
10.0599	15.5384
10.0634	15.6051
10.0661	15.6718
10.0675	15.7384
10.0696	15.8051
10.071	15.8718
10.073	15.9384
10.0737	16.0051
10.0758	16.0676
10.0771	16.1301
10.0813	16.1926
10.0861	16.2551
10.0868	16.3176
10.0875	16.3801
10.0889	16.4426
10.0902	16.5051
10.0954	16.5676
10.0981	16.6301
10.0995	16.6926
10.1071	16.7551
10.1085	16.8176
10.1099	16.8801
10.1105	16.9426
10.1112	17.0051
10.1133	17.0639
10.1147	17.1228
10.1181	17.1816
10.1229	17.2404
10.1251	17.2992
10.1263	17.358
10.1277	17.4169
10.1291	17.4757
10.134	17.5345
10.136	17.5933
10.1367	17.6522
10.1451	17.711
10.1466	17.7698
10.1514	17.8286
10.1515	17.8875
10.1528	17.9463
10.1535	18.0051
10.1548	18.0607
10.1562	18.1162
10.1583	18.1718
10.1611	18.2273
10.1631	18.2829
10.1645	18.3384
10.1652	18.394
10.1666	18.4496
10.1693	18.5051
10.1707	18.5607
10.1714	18.6162
10.1735	18.6718
10.1762	18.7273
10.1803	18.7829
10.181	18.8384
10.1817	18.894
10.183	18.9496
10.1838	19.0051
10.1852	19.0577
10.1865	19.1104
10.1879	19.163
10.192	19.2156
10.1941	19.2683
10.1996	19.3209
10.2003	19.3735
10.201	19.4262
10.2018	19.4788
10.2024	19.5314
10.2037	19.5841
10.2051	19.6367
10.2065	19.6893
10.2107	19.7419
10.212	19.7946
10.2141	19.8472
10.2148	19.8998
10.2175	19.9525
10.2184	20.0051
10.2192	20.0551
10.2205	20.1051
10.2212	20.1551
10.2232	20.2051
10.2253	20.2551
10.2308	20.3051
10.2315	20.3551
10.2322	20.4051
10.2336	20.4551
10.2343	20.5051
10.2356	20.5551
10.2363	20.6051
10.2391	20.6551
10.2411	20.7051
10.2419	20.7551
10.2425	20.8051
10.2432	20.8551
10.2446	20.9051
10.2453	20.9551
10.2466	21.0051
10.2473	21.0527
10.2487	21.1003
10.2494	21.148
10.2501	21.1956
10.2522	21.2432
10.2557	21.2908
10.2584	21.3384
10.259	21.3861
10.2604	21.4337
10.2618	21.4813
10.2632	21.5289
10.2646	21.5765
10.2659	21.6242
10.2666	21.6718
10.2673	21.7194
10.2687	21.767
10.27	21.8146
10.2708	21.8622
10.2721	21.9099
10.2735	21.9575
10.2749	22.0051
10.2762	22.0506
10.2769	22.096
10.2783	22.1415
10.279	22.1869
10.2797	22.2324
10.281	22.2778
10.2838	22.3233
10.2845	22.3687
10.2859	22.4142
10.2866	22.4597
10.2873	22.5051
10.2879	22.5506
10.2907	22.596
10.2914	22.6415
10.2941	22.6869
10.2947	22.7324
10.2961	22.7778
10.2968	22.8233
10.2974	22.8687
10.2982	22.9142
10.2988	22.9597
10.3014	23.0051
10.3021	23.0486
10.3048	23.0921
10.3069	23.1355
10.3089	23.179
10.3096	23.2225
10.311	23.266
10.3122	23.3095
10.3129	23.3529
10.3135	23.3964
10.3143	23.4399
10.3156	23.4834
10.3163	23.5268
10.3184	23.5703
10.3191	23.6138
10.3205	23.6573
10.3212	23.7008
10.3218	23.7442
10.3225	23.7877
10.3232	23.8312
10.3246	23.8747
10.3267	23.9182
10.3273	23.9616
10.3287	24.0051
10.3294	24.0468
10.3309	24.0884
10.3321	24.1301
10.3342	24.1718
10.3356	24.2134
10.337	24.2551
10.3377	24.2968
10.3383	24.3384
10.339	24.3801
10.3399	24.4218
10.3419	24.4634
10.3427	24.5051
10.3443	24.5468
10.3443	24.5884
10.3454	24.6301
10.3462	24.6718
10.3475	24.7134
10.3489	24.7551
10.3525	24.7968
10.3546	24.8384
10.3567	24.8801
10.3574	24.9218
10.3594	24.9634
10.3601	25.0051
10.3608	25.0451
10.3615	25.0851
10.3622	25.1251
10.3635	25.1651
10.3643	25.2051
10.3657	25.2451
10.3664	25.2851
10.3671	25.3251
10.3685	25.3651
10.3692	25.4051
10.3699	25.4451
10.3706	25.4851
10.3713	25.5251
10.372	25.5651
10.3733	25.6051
10.374	25.6451
10.3772	25.6851
10.3772	25.7251
10.3809	25.7651
10.3829	25.8051
10.3845	25.8451
10.3861	25.8851
10.3865	25.9251
10.3873	25.9651
10.3887	26.0051
10.3911	26.0436
10.3911	26.082
10.3911	26.1205
10.3916	26.159
10.3929	26.1974
10.3936	26.2359
10.3943	26.2743
10.395	26.3128
10.3968	26.3513
10.3978	26.3897
10.3987	26.4282
10.3999	26.4666
10.4006	26.5051
10.4013	26.5436
10.4027	26.582
10.4048	26.6205
10.4089	26.659
10.4098	26.6974
10.4111	26.7359
10.4117	26.7743
10.4124	26.8128
10.4132	26.8513
10.4138	26.8897
10.4147	26.9282
10.416	26.9666
10.4165	27.0051
10.4172	27.0421
10.418	27.0792
10.4186	27.1162
10.4194	27.1533
10.42	27.1903
10.4207	27.2273
10.4232	27.2644
10.4238	13.6322
10.4268	13.7091
10.4281	13.786
10.4302	13.863
10.4307	13.9399
10.4314	14.0168
10.4336	14.0882
10.4349	14.1597
10.437	14.2311
10.4384	14.3025
10.439	14.3739
10.4398	14.4454
10.4412	14.5168
10.4418	14.5882
10.4425	14.6597
10.4431	14.7311
10.4438	14.8025
10.4452	14.8739
10.4459	14.9454
10.4466	15.0168
10.4481	15.0835
10.4488	15.1501
10.4494	15.2168
10.4508	15.2835
10.4518	15.3501
10.4523	15.4168
10.4636	15.4835
10.4644	15.5501
10.4656	15.6168
10.4663	15.6835
10.467	15.7501
10.4677	15.8168
10.4684	15.8835
10.4697	15.9501
10.4711	16.0168
10.4725	16.0793
10.4738	16.1418
10.4752	16.2043
10.476	16.2668
10.478	16.3293
10.4793	16.3918
10.487	16.4543
10.4877	16.5168
10.4897	16.5793
10.4911	16.6418
10.4918	16.7043
10.4932	16.7668
10.4938	8.3834
10.4946	8.5084
10.4953	8.6334
10.496	8.7584
10.4973	8.8834
10.4987	9.0084
10.5008	9.11951
10.5015	9.23062
10.5028	9.34173
10.5035	9.45284
10.5154	9.56395
10.5161	9.67507
10.5168	9.78618
10.5202	9.89729
10.5216	10.0084
10.5236	10.1084
10.5271	10.2084
10.5278	10.3084
10.5285	10.4084
10.542	10.5084
10.5433	10.6084
10.5447	10.7084
10.5468	5.3542
10.5482	5.5542
10.5497	5.7542
10.5514	5.9542
10.5517	6.1542
10.5525	6.32087
10.5531	6.48753
10.5699	6.6542
10.5728	6.82087
10.5749	6.98753
10.5831	7.1542
10.5845	7.29706
10.5865	7.43991
10.6042	3.71996
10.6061	4.05329
10.6075	4.30329
10.6164	4.55329
10.617	4.80329
10.6198	5.05329
10.6211	5.25329
10.6398	5.45329
10.6411	5.65329
10.6441	5.85329
10.646	6.05329
10.6467	6.21996
10.6642	6.38662
10.6649	6.55329
10.6703	6.71996
10.6731	6.88662
10.6745	7.05329
10.6769	7.19615
10.6955	7.339
10.6968	7.48186
10.6981	7.62472
10.6998	7.76758
10.7031	3.88379
10.7039	4.21712
10.7054	4.46712
10.7291	4.71712
10.7304	4.96712
10.7318	5.21712
10.7339	5.41712
10.7574	5.61712
10.7588	5.81712
10.7608	6.01712
10.7622	6.18379
10.7636	6.35045
10.7877	6.51712
10.7891	6.68379
10.7898	6.85045
10.7911	7.01712
10.7933	7.15998
10.7947	7.30284
10.8226	7.44569
10.8239	7.58855
10.826	7.73141
10.8274	7.87426
10.8287	8.01712
10.8301	8.14212
10.8322	8.26712
10.8513	8.39212
10.8539	8.51712
10.8566	8.64212
10.8598	8.76712
10.8612	8.89212
10.8619	9.01712
10.8626	9.12823
10.8661	9.23934
10.8778	9.35045
10.8785	9.46157
10.8792	9.57268
10.884	9.68379
10.8879	9.7949
10.8893	9.90601
10.89	10.0171
10.8927	10.1171
10.8942	10.2171
10.9005	10.3171
10.9019	10.4171
10.9047	10.5171
10.9074	10.6171
10.9094	10.7171
10.9101	5.35856
10.9115	5.55856
10.9129	5.75856
10.9135	5.95856
10.9149	6.15856
10.9269	6.32523
10.9283	6.49189
10.929	6.65856
10.9345	6.82523
10.9352	6.99189
10.9359	7.15856
10.9563	7.30142
10.9569	7.44427
10.9577	7.58713
10.959	7.72999
10.9604	7.87285
10.9618	8.0157
10.9632	8.1407
10.9694	8.2657
10.9707	8.3907
10.9722	8.5157
10.9735	8.6407
10.9742	8.7657
10.9763	8.8907
10.9776	9.0157
10.979	9.12681
10.9884	9.23793
10.9898	9.34904
10.9904	9.46015
10.9918	9.57126
10.9932	9.68237
10.9971	9.79348
10.998	9.90459
10.9996	10.0157
11.0021	10.1157
11.0097	10.2157
11.0111	10.3157
11.0118	10.4157
11.0125	10.5157
11.0132	10.6157
11.0152	10.7157
11.0167	10.8157
11.0187	5.40785
11.0201	5.60785
11.0214	5.80785
11.0313	6.00785
11.0319	6.17452
11.0332	6.34119
11.0338	6.50785
11.0346	6.67452
11.0359	6.84119
11.0366	7.00785
11.0546	7.15071
11.0559	7.29357
11.058	3.64678
11.0593	3.98012
11.06	4.31345
11.0622	4.56345
11.0629	4.81345
11.0805	5.06345
11.0815	5.26345
11.0836	5.46345
11.0849	5.66345
11.1064	5.86345
11.1077	6.06345
11.109	6.23012
11.1098	6.39678
11.1104	6.56345
11.1305	6.73012
11.1319	6.89678
11.1333	7.06345
11.1346	7.20631
11.136	7.34916
11.1374	7.49202
11.1569	7.63488
11.159	7.77774
11.161	7.92059
11.1624	8.06345
11.1637	8.18845
11.1651	8.31345
11.1665	8.43845
11.1862	8.56345
11.1875	8.68845
11.1883	8.81345
11.1903	8.93845
11.1923	9.06345
11.1944	9.17456
11.1967	9.28567
11.1994	9.39678
11.2084	9.50789
11.2091	9.61901
11.2142	9.73012
11.2229	9.84123
11.2242	9.95234
11.2256	10.0634
11.227	10.1634
11.2305	10.2634
11.2318	10.3634
11.2373	10.4634
11.2407	10.5634
11.2435	10.6634
11.2471	10.7634
11.249	10.8634
11.2559	10.9634
11.2573	11.0634
11.2586	11.1544
11.2601	11.2453
11.2614	11.3362
11.2651	11.4271
11.2692	11.518
11.2748	11.6089
11.2796	11.6998
11.2824	11.7907
11.2879	11.8816
11.2893	11.9725
11.2906	12.0634
11.2913	12.1468
11.2934	12.2301
11.2957	12.3134
11.2978	12.3968
11.3033	12.4801
11.3103	12.5634
11.3179	12.6468
11.32	12.7301
11.3255	12.8134
11.3268	12.8968
11.3275	12.9801
11.3289	13.0634
11.3302	13.1404
11.3317	13.2173
11.333	13.2942
11.3359	13.3711
11.3413	13.4481
11.3483	13.525
11.3553	13.6019
11.3567	13.6788
11.3608	13.7558
11.3623	13.8327
11.3636	13.9096
11.3658	13.9865
11.3671	14.0634
11.3677	14.1349
11.3705	14.2063
11.3719	14.2777
11.3726	14.3492
11.3817	14.4206
11.3887	14.492
11.3966	14.5634
11.3979	14.6349
11.4	14.7063
11.4009	14.7777
11.4021	14.8492
11.4034	14.9206
11.4041	14.992
11.4048	15.0634
11.4062	15.1301
11.4075	15.1968
11.4089	15.2634
11.4095	15.3301
11.4231	15.3968
11.4293	15.4634
11.4358	15.5301
11.4372	15.5968
11.4397	15.6634
11.4404	15.7301
11.4411	7.86506
11.442	8.00792
11.4425	8.13292
11.4454	8.25792
11.4459	8.38292
11.4473	8.50792
11.4487	8.63292
11.4494	8.75792
11.4514	8.88292
11.4638	9.00792
11.4652	9.11903
11.4721	9.23014
11.4728	9.34125
11.4755	9.45236
11.4776	9.56347
11.4811	9.67458
11.4817	9.78569
11.4855	9.8968
11.4862	10.0079
11.4876	10.1079
11.4883	10.2079
11.4889	10.3079
11.4903	10.4079
11.4967	10.5079
11.5043	10.6079
11.5119	10.7079
11.514	10.8079
11.5147	10.9079
11.5161	11.0079
11.5178	11.0988
11.5202	11.1897
11.5216	11.2806
11.5244	11.3716
11.5284	11.4625
11.534	11.5534
11.5361	11.6443
11.5379	11.7352
11.54	11.8261
11.5489	11.917
11.5507	12.0079
11.5534	12.0912
11.5549	12.1746
11.5556	12.2579
11.5569	12.3412
11.5588	12.4246
11.5616	12.5079
11.5623	12.5912
11.563	12.6746
11.5702	12.7579
11.5717	12.8412
11.5736	12.9246
11.5743	13.0079
11.5752	13.0848
11.5778	13.1618
11.5791	13.2387
11.5812	13.3156
11.5834	13.3925
11.5847	13.4695
11.5854	13.5464
11.5882	13.6233
11.5902	13.7002
11.5916	13.7771
11.5923	13.8541
11.5937	13.931
11.5985	14.0079
11.5992	14.0793
11.6006	14.1508
11.6013	14.2222
11.6048	14.2936
11.6103	14.3651
11.6116	14.4365
11.6123	14.5079
11.6143	14.5793
11.6157	14.6508
11.6178	14.7222
11.6185	14.7936
11.6199	14.8651
11.6212	14.9365
11.6226	15.0079
11.6234	15.0746
11.6261	15.1412
11.6301	15.2079
11.6307	15.2746
11.6328	15.3412
11.6335	15.4079
11.6364	15.4746
11.6416	15.5412
11.6428	15.6079
11.6442	15.6746
11.6492	15.7412
11.6501	15.8079
11.6506	15.8746
11.6544	15.9412
11.655	16.0079
11.6571	16.0704
11.6583	16.1329
11.6618	16.1954
11.6631	16.2579
11.6638	16.3204
11.67	16.3829
11.6714	16.4454
11.6721	16.5079
11.6739	16.5704
11.6753	16.6329
11.676	16.6954
11.677	16.7579
11.6778	16.8204
11.6784	8.41021
11.6826	8.53521
11.6839	8.66021
11.6846	8.78521
11.6867	8.91021
11.6901	9.03521
11.6929	9.14632
11.6943	9.25743
11.6949	9.36854
11.697	9.47965
11.6984	9.59076
11.7046	9.70187
11.706	9.81299
11.7073	9.9241
11.7081	10.0352
11.7088	10.1352
11.7101	10.2352
11.7115	10.3352
11.7142	10.4352
11.7163	10.5352
11.7231	10.6352
11.7238	10.7352
11.7258	10.8352
11.7272	10.9352
11.7279	11.0352
11.73	11.1261
11.7314	11.217
11.7335	11.3079
11.7342	11.3988
11.7355	11.4898
11.7363	11.5807
11.737	11.6716
11.7394	11.7625
11.7405	11.8534
11.7419	11.9443
11.7447	12.0352
11.746	12.1185
11.7475	12.2019
11.7501	12.2852
11.7523	12.3685
11.7552	12.4519
11.7558	12.5352
11.7564	12.6185
11.7571	12.7019
11.7578	12.7852
11.7585	12.8685
11.7592	12.9519
11.7598	13.0352
11.7605	13.1121
11.7612	13.1891
11.7626	13.266
11.7646	13.3429
11.7667	13.4198
11.7688	13.4967
11.7701	13.5737
11.7715	13.6506
11.7723	13.7275
11.7729	13.8044
11.7736	13.8814
11.7743	13.9583
11.775	14.0352
11.7757	14.1066
11.7777	14.1781
11.7791	14.2495
11.7798	14.3209
11.7812	14.3924
11.7833	14.4638
11.7874	14.5352
11.7881	14.6066
11.7895	14.6781
11.7909	14.7495
11.7923	14.8209
11.7937	14.8924
11.795	14.9638
11.7957	7.48189
11.7972	7.62475
11.7972	7.7676
11.7978	7.91046
11.799	8.05332
11.8003	8.17832
11.801	8.30332
11.8016	8.42832
11.8043	8.55332
11.8061	8.67832
11.8074	8.80332
11.8082	8.92832
11.8088	9.05332
11.8095	9.16443
11.8109	9.27554
11.8123	9.38665
11.8167	9.49776
11.8186	9.60887
11.8193	9.71998
11.82	9.8311
11.8207	9.94221
11.8215	10.0533
11.8262	10.1533
11.8296	10.2533
11.8317	10.3533
11.8324	10.4533
11.8331	10.5533
11.8347	10.6533
11.8358	10.7533
11.838	10.8533
11.8394	10.9533
11.8408	11.0533
11.8423	11.1442
11.8436	11.2351
11.8443	11.326
11.8449	11.417
11.8457	11.5079
11.847	11.5988
11.8477	11.6897
11.8491	11.7806
11.8504	11.8715
11.8518	11.9624
11.8525	12.0533
11.854	12.1367
11.8546	12.22
11.856	12.3033
11.8581	12.3867
11.8637	12.47
11.8651	12.5533
11.8665	12.6367
11.8672	12.72
11.8678	12.8033
11.8686	12.8867
11.8692	12.97
11.8699	13.0533
11.8706	13.1302
11.8713	13.2072
11.872	13.2841
11.8727	13.361
11.8734	13.4379
11.8741	13.5149
11.8763	13.5918
11.877	13.6687
11.8777	13.7456
11.8783	13.8225
11.8798	13.8995
11.8818	13.9764
11.8832	14.0533
11.8845	14.1247
11.8859	14.1962
11.8873	14.2676
11.8898	14.339
11.8911	14.4105
11.8933	14.4819
11.896	14.5533
11.8974	14.6247
11.8988	14.6962
11.9002	14.7676
11.9022	14.839
11.9036	14.9105
11.9043	14.9819
11.9057	15.0533
11.9063	15.12
11.9071	15.1867
11.9088	15.2533
11.911	15.32
11.913	15.3867
11.915	15.4533
11.9165	15.52
11.9171	15.5867
11.9178	15.6533
11.9191	15.72
11.9205	15.7867
11.9226	15.8533
11.9244	15.92
11.9276	15.9867
11.9288	16.0533
11.9302	16.1158
11.9316	16.1783
11.9336	16.2408
11.9357	16.3033
11.9371	16.3658
11.9405	16.4283
11.9419	16.4908
11.9433	16.5533
11.9446	16.6158
11.9454	16.6783
11.9474	16.7408
11.9499	16.8033
11.952	16.8658
11.9548	16.9283
11.9568	16.9908
11.9581	17.0533
11.9603	17.1121
11.9616	17.171
11.9631	17.2298
11.9637	17.2886
11.9657	17.3474
11.9664	17.4063
11.9678	17.4651
11.9691	17.5239
11.9698	17.5827
11.9712	17.6416
11.9739	17.7004
11.9746	17.7592
11.9764	17.818
11.9784	17.8768
11.9797	17.9357
11.9805	17.9945
11.9846	18.0533
11.9852	18.1089
11.9867	18.1644
11.988	18.22
11.9887	9.10999
11.9928	9.2211
11.9935	9.33221
11.9956	9.44333
11.9976	9.55444
11.9983	9.66555
11.9997	9.77666
12.0011	9.88777
12.0024	9.99888
12.0032	10.11
12.0059	10.21
12.008	10.31
12.0094	10.41
12.0128	10.51
12.0142	10.61
12.0155	10.71
12.0169	10.81
12.0199	10.91
12.0296	11.01
12.0303	11.1009
12.0309	11.1918
12.0337	11.2827
12.0351	11.3736
12.0409	11.4645
12.0416	11.5554
12.043	11.6464
12.0443	11.7373
12.0457	11.8282
12.0588	11.9191
12.0602	12.01
12.0616	12.0933
12.0629	12.1767
12.0636	12.26
12.065	12.3433
12.0705	12.4267
12.0719	12.51
12.0733	12.5933
12.0746	12.6767
12.0753	12.76
12.09	12.8433
12.0914	12.9267
12.0928	13.01
12.0941	13.0869
12.0955	13.1638
12.0962	13.2408
12.0969	13.3177
12.1017	13.3946
12.1031	13.4715
12.1052	13.5485
12.106	13.6254
12.1073	13.7023
12.1169	13.7792
12.1203	13.8561
12.1218	13.9331
12.1224	14.01
12.1238	14.0814
12.13	14.1528
12.1314	14.2243
12.1341	14.2957
12.1375	14.3671
12.1382	14.4386
12.1396	14.51
12.141	14.5814
12.1424	14.6528
12.1585	14.7243
12.1613	14.7957
12.1647	14.8671
12.1668	14.9386
12.1674	15.01
12.1688	15.0767
12.172	15.1433
12.1734	15.21
12.1747	15.2767
12.1768	15.3433
12.1775	15.41
12.1789	15.4767
12.181	15.5433
12.1823	15.61
12.197	15.6767
12.1983	15.7433
12.1997	15.81
12.2011	15.8767
12.2018	15.9433
12.2073	16.01
12.2087	16.0725
12.2108	16.135
12.2128	16.1975
12.2149	8.09875
12.2156	8.22375
12.217	8.34875
12.2183	8.47375
12.2197	8.59875
12.2218	8.72375
12.2333	8.84875
12.234	8.97375
12.2347	9.09875
12.2361	9.20986
12.2375	9.32097
12.2444	9.43208
12.2457	9.54319
12.2472	9.6543
12.2485	9.76541
12.2506	9.87652
12.2679	9.98764
12.2685	10.0987
12.2699	10.1987
12.2713	10.2987
12.2762	10.3987
12.2782	10.4987
12.2803	10.5987
12.283	10.6987
12.2845	10.7987
12.2865	10.8987
12.2919	10.9987
12.2968	11.0987
12.3009	11.1897
12.3016	11.2806
12.3092	11.3715
12.3098	11.4624
12.3106	11.5533
12.3142	11.6442
12.3163	11.7351
12.3193	11.826
12.322	11.9169
12.3279	12.0078
12.3292	12.0912
12.334	12.1745
12.3354	12.2578
12.3423	12.3412
12.3437	12.4245
12.345	12.5078
12.3478	12.5912
12.3498	12.6745
12.3514	12.7578
12.3547	12.8412
12.3609	12.9245
12.3622	13.0078
12.3643	13.0848
12.3693	13.1617
12.3705	13.2386
12.3736	13.3155
12.3749	13.3925
12.3764	13.4694
12.3784	13.5463
12.3797	13.6232
12.3805	13.7001
12.3839	13.7771
12.3914	13.854
12.3928	13.9309
12.3942	14.0078
12.3956	14.0793
12.3992	14.1507
12.4006	14.2221
12.4104	14.2936
12.4117	14.365
12.413	14.4364
12.4144	14.5078
12.4157	14.5793
12.4172	14.6507
12.4185	14.7221
12.4273	14.7936
12.4279	14.865
12.4293	14.9364
12.4307	15.0078
12.432	15.0745
12.4334	15.1412
12.4341	15.2078
12.4438	15.2745
12.4451	15.3412
12.4472	15.4078
12.4492	15.4745
12.4506	15.5412
12.4513	15.6078
12.4527	15.6745
12.4541	15.7412
12.4554	15.8078
12.4575	15.8745
12.4589	15.9412
12.4605	16.0078
12.4627	16.0703
12.4641	16.1328
12.4648	16.1953
12.4662	16.2578
12.4676	16.3203
12.4765	16.3828
12.4785	16.4453
12.4806	16.5078
12.4813	16.5703
12.484	16.6328
12.4854	16.6953
12.4861	16.7578
12.4875	16.8203
12.4888	16.8828
12.4895	16.9453
12.4909	17.0078
12.493	17.0667
12.495	17.1255
12.4964	17.1843
12.4985	17.2431
12.4998	17.302
12.5012	17.3608
12.5054	17.4196
12.5143	17.4784
12.5151	17.5372
12.5157	17.5961
12.5164	17.6549
12.5178	17.7137
12.5192	17.7725
12.5205	17.8314
12.5218	17.8902
12.5232	17.949
12.5246	18.0078
12.5253	18.0634
12.5282	18.1189
12.5294	18.1745
12.5309	18.2301
12.5329	18.2856
12.5343	18.3412
12.537	18.3967
12.5439	18.4523
12.5446	18.5078
12.5459	18.5634
12.5467	18.6189
12.5481	18.6745
12.5494	18.7301
12.5515	18.7856
12.5528	18.8412
12.5535	18.8967
12.5549	18.9523
12.5563	19.0078
12.5577	19.0605
12.5597	19.1131
12.5618	19.1657
12.5645	19.2184
12.5659	19.271
12.568	19.3236
12.5687	19.3763
12.5757	19.4289
12.5771	19.4815
12.5792	19.5342
12.5805	19.5868
12.5812	19.6394
12.5825	19.692
12.5846	19.7447
12.5867	19.7973
12.5894	19.8499
12.5901	19.9026
12.5915	19.9552
12.5929	9.9776
12.5942	10.0887
12.5956	10.1887
12.6008	10.2887
12.6035	10.3887
12.6042	10.4887
12.6066	10.5887
12.6146	10.6887
12.6176	10.7887
12.6192	10.8887
12.6199	10.9887
12.6205	11.0887
12.6212	11.1796
12.6219	11.2705
12.6226	11.3614
12.624	11.4524
12.6246	11.5433
12.626	11.6342
12.6267	11.7251
12.6316	5.86254
12.6323	6.06254
12.6329	6.22921
12.6337	6.39587
12.6343	6.56254
12.6357	6.72921
12.6358	6.89587
12.6371	7.06254
12.6377	7.2054
12.6391	7.34825
12.6398	7.49111
12.6464	7.63397
12.6471	7.77682
12.6485	7.91968
12.6491	8.06254
12.6498	8.18754
12.6512	8.31254
12.6519	8.43754
12.6582	8.56254
12.6589	8.68754
12.6602	8.81254
12.6608	8.93754
12.6615	9.06254
12.6623	9.17365
12.6636	9.28476
12.6644	9.39587
12.6712	9.50698
12.6718	9.61809
12.6736	9.72921
12.6744	9.84032
12.675	9.95143
12.6757	10.0625
12.6773	10.1625
12.6777	10.2625
12.6784	10.3625
12.6843	10.4625
12.6849	10.5625
12.6857	10.6625
12.6863	10.7625
12.6871	10.8625
12.6877	10.9625
12.6884	11.0625
12.6905	11.1534
12.6912	11.2444
12.6919	11.3353
12.6947	11.4262
12.697	11.5171
12.699	11.608
12.6998	11.6989
12.7011	11.7898
12.7025	11.8807
12.7039	11.9716
12.7047	12.0625
12.706	12.1459
12.7067	12.2292
12.7074	12.3125
12.708	12.3959
12.7096	12.4792
12.7101	12.5625
12.7122	12.6459
12.7129	12.7292
12.7136	6.3646
12.7164	6.53127
12.7177	6.69794
12.7198	6.8646
12.7205	7.03127
12.726	7.17413
12.7267	7.31698
12.7281	7.45984
12.7288	7.6027
12.7295	7.74556
12.7314	7.88841
12.7336	8.03127
12.7342	8.15627
12.7356	8.28127
12.737	8.40627
12.7377	8.53127
12.739	8.65627
12.7398	8.78127
12.7424	8.90627
12.7431	9.03127
12.7438	9.14238
12.7458	9.25349
12.7479	9.3646
12.7486	9.47571
12.7499	9.58682
12.7513	9.69794
12.752	4.84897
12.7534	5.09897
12.7541	5.29897
12.7554	5.49897
12.7569	5.69897
12.7575	5.89897
12.7582	6.09897
12.7589	6.26563
12.7596	6.4323
12.7619	6.59897
12.7627	6.76563
12.7633	6.9323
12.7641	7.09897
12.7654	7.24183
12.7668	7.38468
12.7682	7.52754
12.7702	7.6704
12.7716	7.81325
12.773	7.95611
12.7744	8.09897
12.7757	8.22397
12.7772	8.34897
12.7785	8.47397
12.7793	8.59897
12.7806	8.72397
12.782	8.84897
12.7834	8.97397
12.7852	9.09897
12.7853	9.21008
12.7855	9.32119
12.7891	9.4323
12.7897	9.54341
12.7903	9.65452
12.7917	9.76563
12.7925	9.87675
12.7938	9.98786
12.7952	10.099
12.7986	10.199
12.7993	10.299
12.8012	10.399
12.8026	10.499
12.8046	10.599
12.8054	10.699
12.8082	10.799
12.8089	10.899
12.8095	10.999
12.8109	11.099
12.8137	11.1899
12.8144	11.2808
12.8185	11.3717
12.8192	11.4626
12.8222	11.5535
12.8228	11.6444
12.8249	11.7353
12.8256	11.8262
12.8276	11.9171
12.8283	12.0081
12.8297	12.0914
12.8318	12.1747
12.8325	12.2581
12.8395	12.3414
12.8409	12.4247
12.8444	12.5081
12.8464	12.5914
12.8478	12.6747
12.8485	12.7581
12.8499	12.8414
12.8506	12.9247
12.8519	13.0081
12.8533	13.085
12.8568	13.1619
12.8581	13.2388
12.8637	13.3158
12.8643	13.3927
12.8679	13.4696
12.8693	13.5465
12.8734	13.6234
12.8751	13.7004
12.8775	13.7773
12.8779	13.8542
12.8793	13.9311
12.8802	14.0081
12.8806	14.0795
12.8834	14.1509
12.8841	14.2223
12.8882	14.2938
12.8896	14.3652
12.8917	14.4366
12.8937	14.5081
12.8958	14.5795
12.8993	14.6509
12.9006	14.7223
12.902	14.7938
12.9033	14.8652
12.9055	14.9366
12.9069	15.0081
12.9076	15.0747
12.9083	15.1414
12.9089	15.2081
12.9193	15.2747
12.9207	15.3414
12.922	15.4081
12.9227	15.4747
12.9241	15.5414
12.9249	15.6081
12.9255	15.6747
12.9275	15.7414
12.9289	15.8081
12.9317	15.8747
12.9324	15.9414
12.933	16.0081
12.9337	16.0706
12.9351	16.1331
12.9365	16.1956
12.9464	16.2581
12.9478	16.3206
12.9492	16.3831
12.9505	16.4456
12.9522	16.5081
12.9529	16.5706
12.9543	16.6331
12.9556	16.6956
12.9577	16.7581
12.9583	16.8206
12.9591	16.8831
12.9598	16.9456
12.9604	17.0081
12.9618	17.0669
12.9632	17.1257
12.9638	17.1845
12.9729	17.2434
12.9735	17.3022
12.9756	17.361
12.979	17.4198
12.9804	17.4786
12.9818	17.5375
12.9831	17.5963
12.9845	17.6551
12.9859	17.7139
12.9873	17.7728
12.9879	17.8316
12.9887	17.8904
12.9893	17.9492
12.99	18.0081
12.9907	18.0636
12.9913	18.1192
12.992	18.1747
12.9942	18.2303
12.996	18.2858
12.997	18.3414
12.9983	18.3969
13.0034	18.4525
13.0061	18.5081
13.0094	18.5636
13.0094	18.6192
13.0102	18.6747
13.0117	18.7303
13.013	18.7858
13.0144	18.8414
13.0158	18.8969
13.0172	18.9525
13.0186	19.0081
13.0199	19.0607
13.0206	19.1133
13.0213	19.166
13.0289	19.2186
13.0303	19.2712
13.0309	19.3238
13.0316	19.3765
13.0323	19.4291
13.033	19.4817
13.0338	19.5344
13.0344	19.587
13.0351	19.6396
13.0358	19.6923
13.0364	19.7449
13.0372	19.7975
13.0378	19.8502
13.0386	19.9028
13.0392	19.9554
13.0399	20.0081
13.0406	20.0581
13.0413	20.1081
13.042	20.1581
13.0441	20.2081
13.0448	20.2581
13.0461	20.3081
13.0482	20.3581
13.049	20.4081
13.0496	20.4581
13.0503	20.5081
13.0516	20.5581
13.0532	20.6081
13.0546	20.6581
13.0559	20.7081
13.0573	20.7581
13.0587	20.8081
13.0601	20.8581
13.0614	20.9081
13.0628	20.9581
13.0636	21.0081
13.0649	21.0557
13.0663	21.1033
13.067	21.1509
13.0677	21.1985
13.0691	21.2462
13.0698	21.2938
13.0705	21.3414
13.0719	21.389
13.0725	21.4366
13.0732	21.4842
13.0739	21.5319
13.0746	21.5795
13.0752	21.6271
13.0759	21.6747
13.0766	21.7223
13.0774	10.8612
13.0789	10.9612
13.0796	11.0612
13.0819	11.1521
13.0823	11.243
13.083	11.3339
13.0837	11.4248
13.0851	11.5157
13.0873	11.6066
13.0887	11.6975
13.0893	11.7884
13.0928	11.8794
13.0943	11.9703
13.0957	12.0612
13.0971	12.1445
13.0978	12.2278
13.0999	12.3112
13.1012	12.3945
13.1019	12.4778
13.1033	12.5612
13.1047	12.6445
13.1102	12.7278
13.1129	12.8112
13.1144	12.8945
13.1157	12.9778
13.1171	13.0612
13.1178	13.1381
13.1191	13.215
13.1199	13.2919
13.1213	13.3689
13.1233	13.4458
13.1247	13.5227
13.1274	13.5996
13.133	13.6766
13.1337	13.7535
13.1344	13.8304
13.1364	13.9073
13.1379	13.9842
13.1393	14.0612
13.1399	14.1326
13.1406	7.0663
13.1419	7.20916
13.144	7.35201
13.1447	7.49487
13.1461	7.63773
13.1495	7.78059
13.1544	7.92344
13.1551	8.0663
13.1557	8.1913
13.1578	8.3163
13.1593	8.4413
13.1606	8.5663
13.1613	8.6913
13.1619	8.8163
13.1732	8.9413
13.1738	9.0663
13.1745	9.17741
13.1762	9.28852
13.1769	9.39963
13.1776	9.51074
13.1783	9.62186
13.179	9.73297
13.1798	9.84408
13.1804	9.95519
13.1811	10.0663
13.1818	10.1663
13.1825	10.2663
13.1831	10.3663
13.1838	10.4663
13.1845	10.5663
13.1852	10.6663
13.1866	10.7663
13.1872	10.8663
13.1879	10.9663
13.1886	11.0663
13.1893	11.1572
13.1899	11.2481
13.1908	11.339
13.1913	11.4299
13.1921	11.5208
13.1927	11.6118
13.2004	11.7027
13.2011	11.7936
13.2018	11.8845
13.2024	11.9754
13.2031	12.0663
13.2039	12.1496
13.2045	12.233
13.2052	12.3163
13.2059	12.3996
13.2066	12.483
13.2073	12.5663
13.2121	12.6496
13.2127	12.733
13.2134	12.8163
13.2141	12.8996
13.2148	12.983
13.2155	13.0663
13.2162	13.1432
13.2168	13.2201
13.2175	13.2971
13.2182	13.374
13.2189	13.4509
13.2196	13.5278
13.223	13.6048
13.2237	13.6817
13.2243	13.7586
13.2251	13.8355
13.2257	13.9125
13.2264	13.9894
13.2271	14.0663
13.2278	14.1377
13.2284	14.2092
13.2291	14.2806
13.2298	14.352
13.2305	14.4234
13.2312	14.4949
13.234	14.5663
13.2347	14.6377
13.2353	14.7092
13.236	14.7806
13.2367	14.852
13.2374	14.9234
13.2381	14.9949
13.2388	15.0663
13.2395	15.133
13.2402	15.1996
13.2408	15.2663
13.2415	15.333
13.2422	15.3996
13.2432	15.4663
13.2439	15.533
13.2446	15.5996
13.2452	15.6663
13.2459	15.733
13.2466	15.7996
13.2473	15.8663
13.248	15.933
13.2487	15.9996
13.2494	16.0663
13.2501	16.1288
13.2508	16.1913
13.2514	16.2538
13.2521	16.3163
13.2528	16.3788
13.2535	16.4413
13.2542	16.5038
13.2549	16.5663
13.2555	16.6288
13.2562	16.6913
13.257	16.7538
13.2576	16.8163
13.2583	16.8788
13.259	16.9413
13.2597	17.0038
13.2604	17.0626
13.2611	17.1214
13.2617	17.1803
13.2624	17.2391
13.2631	17.2979
13.2638	17.3567
13.2645	17.4156
13.2652	17.4744
13.2658	17.5332
13.2666	17.592
13.2672	17.6509
13.2679	17.7097
13.2686	17.7685
13.2695	17.8273
13.27	17.8862
13.2707	17.945
13.2716	18.0038
13.2721	18.0594
13.2728	18.1149
13.2735	18.1705
13.2742	18.226
13.2749	18.2816
13.2755	18.3371
13.2762	18.3927
13.2769	18.4482
13.2776	18.5038
13.2783	18.5594
13.2789	18.6149
13.2796	18.6705
13.2803	18.726
13.281	18.7816
13.2817	18.8371
13.2824	18.8927
13.2827	18.9482
