time	cwndsize
0.274945	11
0.275291	12
0.275413	13
0.275874	14
0.276043	15
0.276466	16
0.276662	17
0.276972	18
0.277087	19
0.277414	20
0.279477	21
0.279572	22
0.280487	23
0.28076	24
0.280957	25
0.281205	26
0.281987	27
0.282357	28
0.2827	29
0.283862	30
0.284524	31
0.284949	32
0.285162	33
0.292402	34
0.292642	35
0.293123	36
0.293227	37
0.293925	38
0.294169	39
0.29436	40
0.294485	41
0.294844	42
0.294917	43
0.295652	44
0.295741	45
0.296369	46
0.297369	47
0.30493	48
0.305452	49
0.305654	50
0.305772	51
0.307316	52
0.307546	53
0.307635	54
0.307729	55
0.309443	56
0.309918	57
0.310396	58
0.310496	59
0.311877	60
0.312401	61
0.312641	62
0.312746	63
0.313466	64
0.313754	65
0.314203	66
0.314337	67
0.315067	68
0.315303	69
0.316544	70
0.317021	71
0.317159	72
0.31741	73
0.323369	74
0.323612	75
0.326823	76
0.3269	77
0.327189	78
0.328874	79
0.328969	80
0.329028	81
0.329801	82
0.329914	83
0.330433	84
0.330601	85
0.331406	86
0.331538	87
0.332631	88
0.332841	89
0.340718	90
0.340993	91
0.347253	92
0.347647	93
0.34831	94
0.348474	95
0.349232	96
0.349299	97
0.353012	98
0.353588	99
0.356507	100
0.356638	101
0.374293	102
0.374952	103
0.375684	104
0.37725	105
0.386264	106
0.396292	107
0.398276	108
0.398478	109
0.398723	110
0.398921	111
0.422043	112
0.422131	113
0.422495	114
0.422792	115
0.42761	116
0.427748	117
0.430317	118
0.430607	119
0.448908	120
0.449109	121
0.45052	122
0.451125	123
0.457257	124
0.45739	125
0.491246	126
1.3474	63
1.81258	63.0159
1.81262	63.0317
1.81287	63.0476
1.81295	63.0635
1.81302	63.0794
1.81318	63.0952
1.81497	63.1111
1.81508	63.127
1.81555	63.1429
1.81658	63.1587
1.81673	63.1746
1.81678	63.1905
1.81736	63.2063
1.81763	63.2222
1.81803	63.2381
1.81855	63.254
1.81879	63.2698
1.81934	63.2857
1.81982	63.3016
1.82124	63.3175
1.82188	63.3333
1.82198	63.3492
1.82258	63.3651
1.82304	63.381
1.82396	63.3968
1.82419	63.4127
1.82456	63.4286
1.82473	63.4444
1.82498	63.4603
1.82519	63.4762
1.82547	63.4921
1.8261	63.5079
1.82642	63.5238
1.82674	63.5397
1.82708	63.5556
1.82781	63.5714
1.82892	63.5873
1.82922	63.6032
1.82928	63.619
1.83054	63.6349
1.83064	63.6508
1.83332	63.6667
1.83363	63.6825
1.83435	63.6984
1.83447	63.7143
1.83499	63.7302
1.83541	63.746
1.83565	63.7619
1.83643	63.7778
1.83665	63.7937
1.83688	63.8095
1.83697	63.8254
1.83711	63.8413
1.83729	63.8571
1.83738	63.873
1.83765	63.8889
1.83772	63.9048
1.83778	63.9206
1.83803	63.9365
1.83884	63.9524
1.83899	63.9683
1.83921	63.9841
1.83934	64
1.83954	64.0156
1.8399	64.0313
1.84005	64.0469
1.84011	64.0625
1.84031	64.0781
1.84064	64.0938
1.8408	64.1094
1.84088	64.125
1.84094	64.1406
1.84135	64.1563
1.84141	64.1719
1.84148	64.1875
1.8417	64.2031
1.84189	64.2188
1.84196	64.2344
1.84212	64.25
1.8422	64.2656
1.84223	64.2813
1.84236	64.2969
1.84243	64.3125
1.84246	64.3281
1.8427	64.3438
1.84281	64.3594
1.84288	64.375
1.84293	64.3906
1.84313	64.4063
1.84353	64.4219
1.84373	64.4375
1.84406	64.4531
1.84412	64.4688
1.84439	64.4844
1.84443	64.5
1.8446	64.5156
1.84493	64.5313
1.8452	64.5469
1.84535	64.5625
1.84564	64.5781
1.84632	64.5938
1.84701	64.6094
1.84715	64.625
1.84757	64.6406
1.84778	64.6563
1.848	64.6719
1.84814	64.6875
1.84827	64.7031
1.84845	64.7188
1.84858	64.7344
1.84865	64.75
1.84886	64.7656
1.84896	64.7813
1.84903	64.7969
1.84917	64.8125
1.84924	64.8281
1.8493	64.8438
1.84935	64.8594
1.84944	64.875
1.84993	64.8906
1.85002	64.9063
1.85035	64.9219
1.85042	64.9375
1.85051	64.9531
1.85078	64.9688
1.851	64.9844
1.85115	65
1.85123	65.0154
1.85128	65.0308
1.85142	65.0462
1.85173	65.0615
1.85231	65.0769
1.8524	65.0923
1.85282	65.1077
1.85296	65.1231
1.85334	65.1385
1.85399	65.1538
1.85417	65.1692
1.85445	65.1846
1.85453	65.2
1.85466	65.2154
1.85495	65.2308
1.85524	65.2462
1.85585	65.2615
1.85592	65.2769
1.85597	65.2923
1.85603	65.3077
1.85613	65.3231
1.8562	65.3385
1.85626	65.3538
1.85631	65.3692
1.85637	65.3846
1.85642	65.4
1.85652	65.4154
1.85659	65.4308
1.85678	65.4462
1.85682	65.4615
1.85689	65.4769
1.85702	65.4923
1.85709	65.5077
1.85711	65.5231
1.85715	65.5385
1.85717	65.5538
1.85733	65.5692
1.85741	65.5846
1.85766	65.6
1.85784	65.6154
1.85786	65.6308
1.85825	65.6462
1.85837	65.6615
1.85862	65.6769
1.85903	65.6923
1.85923	65.7077
1.85985	65.7231
1.85992	65.7385
1.86002	65.7538
1.86011	65.7692
1.86025	65.7846
1.86145	65.8
1.86154	65.8154
1.86179	65.8308
1.86221	65.8462
1.86235	65.8615
1.86245	65.8769
1.86282	65.8923
1.86294	65.9077
1.863	65.9231
1.8633	65.9385
1.86507	65.9538
1.86548	65.9692
1.86569	65.9846
1.86786	66
1.86794	66.0152
1.86816	66.0303
1.86832	66.0455
1.86859	66.0606
1.86917	66.0758
1.86957	66.0909
1.86994	66.1061
1.87002	66.1212
1.87042	66.1364
1.87065	66.1515
1.87082	66.1667
1.87091	66.1818
1.87133	66.197
1.87175	66.2121
1.87199	66.2273
1.8722	66.2424
1.87246	66.2576
1.87276	66.2727
1.87331	66.2879
1.87394	66.303
1.87403	66.3182
1.87481	66.3333
1.87564	66.3485
1.87595	66.3636
1.87613	66.3788
1.87621	66.3939
1.87671	66.4091
1.87701	66.4242
1.87722	66.4394
1.87745	66.4545
1.8775	66.4697
1.8777	66.4848
1.87802	66.5
1.8784	66.5152
1.87843	66.5303
1.87865	66.5455
1.87899	66.5606
1.87907	66.5758
1.87961	66.5909
1.8821	66.6061
1.88307	66.6212
1.88314	66.6364
1.88334	66.6515
1.88353	66.6667
1.88361	66.6818
1.88389	66.697
1.88396	66.7121
1.88407	66.7273
1.88422	66.7424
1.88429	66.7576
1.88451	66.7727
1.8847	66.7879
1.88482	66.803
1.88701	66.8182
1.88749	66.8333
1.88794	66.8485
1.88833	66.8636
1.88867	66.8788
1.88915	66.8939
1.88943	66.9091
1.89015	66.9242
1.89245	66.9394
1.89445	66.9545
1.8948	66.9697
1.89494	66.9848
1.89525	67
1.89549	67.0149
1.89582	67.0299
1.89592	67.0448
1.89616	67.0597
1.89651	67.0746
1.89658	67.0896
1.89667	67.1045
1.8976	67.1194
1.89783	67.1343
1.89853	67.1493
1.9001	67.1642
1.90013	67.1791
1.90017	67.194
1.90105	67.209
1.90202	67.2239
1.90313	67.2388
1.9033	67.2537
1.904	67.2687
1.90417	67.2836
1.90427	67.2985
1.90443	67.3134
1.90454	67.3284
1.90471	67.3433
1.90481	67.3582
1.90485	67.3731
1.90619	67.3881
1.90637	67.403
1.90652	67.4179
1.90694	67.4328
1.90716	67.4478
1.9079	67.4627
1.90901	67.4776
1.90942	67.4925
1.91082	67.5075
1.91105	67.5224
1.91129	67.5373
1.91145	67.5522
1.91151	67.5672
1.91175	67.5821
1.91246	67.597
1.91288	67.6119
1.91345	67.6269
1.9137	67.6418
1.91404	67.6567
1.9145	67.6716
1.915	67.6866
1.91631	67.7015
1.91726	67.7164
1.91729	67.7313
1.91752	67.7463
1.91784	67.7612
1.91811	67.7761
1.91846	67.791
1.91868	67.806
1.91897	67.8209
1.91945	67.8358
1.92013	67.8507
1.92039	67.8657
1.92064	67.8806
1.92103	67.8955
1.9211	67.9104
1.92117	67.9254
1.92146	67.9403
1.92169	67.9552
1.92187	67.9701
1.92201	67.9851
1.92217	68
1.9228	68.0147
1.92334	68.0294
1.92359	68.0441
1.92378	68.0588
1.924	68.0735
1.92463	68.0882
1.92509	68.1029
1.92517	68.1176
1.92545	68.1324
1.92563	68.1471
1.92568	68.1618
1.92596	68.1765
1.92611	68.1912
1.92633	68.2059
1.92641	68.2206
1.92687	68.2353
1.92729	68.25
1.92749	68.2647
1.92772	68.2794
1.92806	68.2941
1.9282	68.3088
1.92835	68.3235
1.92849	68.3382
1.92861	68.3529
1.9289	68.3676
1.92905	68.3824
1.92937	68.3971
1.92962	68.4118
1.92974	68.4265
1.93012	68.4412
1.93081	68.4559
1.93107	68.4706
1.93147	68.4853
1.93181	68.5
1.93216	68.5147
1.93248	68.5294
1.93258	68.5441
1.93295	68.5588
1.93306	68.5735
1.93331	68.5882
1.93338	68.6029
1.93344	68.6176
1.9335	68.6324
1.93359	68.6471
1.93371	68.6618
1.9338	68.6765
1.93405	68.6912
1.93422	68.7059
1.93439	68.7206
1.93544	68.7353
1.9362	68.75
1.93668	68.7647
1.93676	68.7794
1.937	68.7941
1.93724	68.8088
1.93748	68.8235
1.93762	68.8382
1.93773	68.8529
1.9379	68.8676
1.93795	68.8824
1.93825	68.8971
1.93846	68.9118
1.93861	68.9265
1.93883	68.9412
1.93954	68.9559
1.93968	68.9706
1.93981	68.9853
1.94044	69
1.94071	69.0145
1.94082	69.029
1.94132	69.0435
1.9415	69.058
1.94163	69.0725
1.94197	69.087
1.94225	69.1014
1.94258	69.1159
1.94276	69.1304
1.94311	69.1449
1.9433	69.1594
1.94379	69.1739
1.94408	69.1884
1.94432	69.2029
1.94435	69.2174
1.94459	69.2319
1.94477	69.2464
1.94614	69.2609
1.94621	69.2754
1.94627	69.2899
1.94634	69.3043
1.9469	69.3188
1.94833	69.3333
1.94841	69.3478
1.94886	69.3623
1.94905	69.3768
1.94929	69.3913
1.94987	69.4058
1.95048	69.4203
1.95074	69.4348
1.95086	69.4493
1.95183	69.4638
1.95307	69.4783
1.95345	69.4928
1.95361	69.5072
1.95404	69.5217
1.95448	69.5362
1.95518	69.5507
1.95536	69.5652
1.95546	69.5797
1.95565	69.5942
1.956	69.6087
1.95607	69.6232
1.95635	69.6377
1.95643	69.6522
1.95752	69.6667
1.95767	69.6812
1.95772	69.6957
1.95776	69.7101
1.9591	69.7246
1.95932	69.7391
1.95949	69.7536
1.95961	69.7681
1.96004	69.7826
1.96047	69.7971
1.96064	69.8116
1.9611	69.8261
1.96128	69.8406
1.96145	69.8551
1.9615	69.8696
1.96169	69.8841
1.96179	69.8986
1.96194	69.913
1.96204	69.9275
1.96263	69.942
1.96279	69.9565
1.96286	69.971
1.96361	69.9855
1.96434	70
1.96444	70.0143
1.96469	70.0286
1.96487	70.0429
1.96527	70.0571
1.96534	70.0714
1.96568	70.0857
1.96584	70.1
1.96618	70.1143
1.96645	70.1286
1.9666	70.1429
1.96673	70.1571
1.9669	70.1714
1.96716	70.1857
1.96725	70.2
1.96739	70.2143
1.96751	70.2286
1.96779	70.2429
1.96788	70.2571
1.96798	70.2714
1.96817	70.2857
1.96827	70.3
1.96838	70.3143
1.96871	70.3286
1.96901	70.3429
1.96928	70.3571
1.96954	70.3714
1.96969	70.3857
1.96997	70.4
1.9703	70.4143
1.97056	70.4286
1.97085	70.4429
1.97095	70.4571
1.97122	70.4714
1.97129	70.4857
1.97135	70.5
1.97145	70.5143
1.97153	70.5286
1.97159	70.5429
1.97164	70.5571
1.9717	70.5714
1.97176	70.5857
1.97185	70.6
1.97193	70.6143
1.97196	70.6286
1.9724	70.6429
1.97245	70.6571
1.97266	70.6714
1.97306	70.6857
1.97333	70.7
1.97345	70.7143
1.97376	70.7286
1.97387	70.7429
1.97418	70.7571
1.97437	70.7714
1.97444	70.7857
1.97455	70.8
1.97465	70.8143
1.975	70.8286
1.9753	70.8429
1.97537	70.8571
1.97552	70.8714
1.97559	70.8857
1.97564	70.9
1.9757	70.9143
1.97632	70.9286
1.97641	70.9429
1.97644	70.9571
1.97645	70.9714
1.97647	70.9857
1.97671	71
1.97704	71.0141
1.97723	71.0282
1.97739	71.0423
1.97756	71.0563
1.9778	71.0704
1.97796	71.0845
1.9787	71.0986
1.97903	71.1127
1.97909	71.1268
1.97923	71.1408
1.9794	71.1549
1.9796	71.169
1.9797	71.1831
1.97983	71.1972
1.97988	71.2113
1.98007	71.2254
1.98025	71.2394
1.98063	71.2535
1.98077	71.2676
1.98099	71.2817
1.98121	71.2958
1.98136	71.3099
1.98156	71.3239
1.98172	71.338
1.98176	71.3521
1.98193	71.3662
1.98233	71.3803
1.98255	71.3944
1.9831	71.4085
1.9832	71.4225
1.98368	71.4366
1.98389	71.4507
1.98398	71.4648
1.98401	71.4789
1.98427	71.493
1.98431	71.507
1.98446	71.5211
1.98453	71.5352
1.98458	71.5493
1.98498	71.5634
1.9863	71.5775
1.98656	71.5915
1.98681	71.6056
1.98696	71.6197
1.98709	71.6338
1.9873	71.6479
1.98757	71.662
1.9879	71.6761
1.98794	71.6901
1.98827	71.7042
1.98845	71.7183
1.98856	71.7324
1.98866	71.7465
1.98868	71.7606
1.98879	71.7746
1.98895	71.7887
1.98909	71.8028
1.98927	71.8169
1.98946	71.831
1.98949	71.8451
1.98954	71.8592
1.98966	71.8732
1.98977	71.8873
1.98984	71.9014
1.99001	71.9155
1.99011	71.9296
1.99042	71.9437
1.9905	71.9577
1.99076	71.9718
1.99088	71.9859
1.99095	72
1.99103	72.0139
1.9911	72.0278
1.99115	72.0417
1.99128	72.0556
1.99137	72.0694
1.99143	72.0833
1.99156	72.0972
1.99171	72.1111
1.99186	72.125
1.99331	72.1389
1.99339	72.1528
1.99345	72.1667
1.99357	72.1806
1.99364	72.1944
1.9937	72.2083
1.99376	72.2222
1.99382	72.2361
1.99397	72.25
1.99402	72.2639
1.99403	72.2778
1.99413	72.2917
1.99423	72.3056
1.99469	72.3194
1.99502	72.3333
1.99525	72.3472
1.99544	72.3611
1.99567	72.375
1.99573	72.3889
1.99578	72.4028
1.99597	72.4167
1.99604	72.4306
1.99621	72.4444
1.99627	72.4583
1.99637	72.4722
1.99646	72.4861
1.9965	72.5
1.99652	72.5139
1.99654	72.5278
1.99655	72.5417
1.99663	72.5556
1.99666	72.5694
1.99676	72.5833
1.99682	72.5972
1.99693	72.6111
1.9971	72.625
1.99716	72.6389
1.99725	72.6528
1.99751	72.6667
1.9976	72.6806
1.99768	72.6944
1.99787	72.7083
1.99795	72.7222
1.99812	72.7361
1.99834	72.75
1.99838	72.7639
2.00043	72.7778
2.00067	72.7917
2.00075	72.8056
2.0008	72.8194
2.00086	72.8333
2.00098	72.8472
2.00105	72.8611
2.00111	72.875
2.00117	72.8889
2.00124	72.9028
2.00128	72.9167
2.00133	72.9306
2.00136	72.9444
2.00137	72.9583
2.00139	72.9722
2.00141	72.9861
2.00144	73
2.00147	73.0137
2.00149	73.0274
2.00183	73.0411
2.00193	73.0548
2.00199	73.0685
2.00222	73.0822
2.00247	73.0959
2.00259	73.1096
2.00289	73.1233
2.00296	73.137
2.00302	73.1507
2.00313	73.1644
2.00328	73.1781
2.00336	73.1918
2.00347	73.2055
2.00371	73.2192
2.00384	73.2329
2.004	73.2466
2.00426	73.2603
2.00445	73.274
2.00456	73.2877
2.00463	73.3014
2.00468	73.3151
2.00474	73.3288
2.0048	73.3425
2.00495	73.3562
2.00505	73.3699
2.00512	73.3836
2.00518	73.3973
2.00524	73.411
2.00538	73.4247
2.00549	73.4384
2.00558	73.4521
2.00564	73.4658
2.00719	73.4795
2.00779	73.4932
2.00808	73.5068
2.00846	73.5205
2.00878	73.5342
2.00908	73.5479
2.00946	73.5616
2.00967	73.5753
2.00976	73.589
2.00983	73.6027
2.00992	73.6164
2.01004	73.6301
2.01046	73.6438
2.01076	73.6575
2.01085	73.6712
2.01093	73.6849
2.0111	73.6986
2.01113	73.7123
2.0114	73.726
2.01148	73.7397
2.01164	73.7534
2.0117	73.7671
2.0118	73.7808
2.01189	73.7945
2.01323	73.8082
2.0136	73.8219
2.01373	73.8356
2.01404	73.8493
2.01411	73.863
2.01417	73.8767
2.01424	73.8904
2.01434	73.9041
2.01441	73.9178
2.01449	73.9315
2.01464	73.9452
2.01475	73.9589
2.01483	73.9726
2.01485	73.9863
2.01505	74
2.01523	74.0135
2.0154	74.027
2.01558	74.0405
2.01568	74.0541
2.01574	74.0676
2.01606	74.0811
2.01614	74.0946
2.01637	74.1081
2.01663	74.1216
2.01677	74.1351
2.0169	74.1486
2.01696	74.1622
2.01702	74.1757
2.01708	74.1892
2.01746	74.2027
2.01771	74.2162
2.01785	74.2297
2.01796	74.2432
2.0181	74.2568
2.01823	74.2703
2.01846	74.2838
2.01858	74.2973
2.01862	74.3108
2.01888	74.3243
2.01927	74.3378
2.01954	74.3514
2.01966	74.3649
2.01981	74.3784
2.01997	74.3919
2.02033	74.4054
2.02058	74.4189
2.02069	74.4324
2.02079	74.4459
2.02091	74.4595
2.02132	74.473
2.02164	74.4865
2.02286	74.5
2.02294	74.5135
2.02306	74.527
2.02312	74.5405
2.02315	74.5541
2.02316	74.5676
2.02318	74.5811
2.0232	74.5946
2.02332	74.6081
2.02336	74.6216
2.02348	74.6351
2.02353	74.6486
2.02355	74.6622
2.0236	74.6757
2.02364	74.6892
2.0239	74.7027
2.02399	74.7162
2.02404	74.7297
2.02412	74.7432
2.0244	74.7568
2.02451	74.7703
2.02474	74.7838
2.02486	74.7973
2.02493	74.8108
2.02518	74.8243
2.02537	74.8378
2.02563	74.8514
2.02574	74.8649
2.0258	74.8784
2.02594	74.8919
2.02606	74.9054
2.02623	74.9189
2.0265	74.9324
2.02669	74.9459
2.02706	74.9595
2.02727	74.973
2.0274	74.9865
2.02754	75
2.02772	75.0133
2.02781	75.0267
2.02797	75.04
2.02825	75.0533
2.02891	75.0667
2.0295	75.08
2.02988	75.0933
2.0309	75.1067
2.03163	75.12
2.03175	75.1333
2.0319	75.1467
2.03211	75.16
2.03217	75.1733
2.03256	75.1867
2.03266	75.2
2.03319	75.2133
2.03347	75.2267
2.03354	75.24
2.03372	75.2533
2.03394	75.2667
2.03406	75.28
2.03416	75.2933
2.03428	75.3067
2.03439	75.32
2.0345	75.3333
2.03469	75.3467
2.03516	75.36
2.03561	75.3733
2.03589	75.3867
2.0361	75.4
2.03656	75.4133
2.03665	75.4267
2.03677	75.44
2.03691	75.4533
2.03715	75.4667
2.03751	75.48
2.03786	75.4933
2.03806	75.5067
2.03977	75.52
2.0399	75.5333
2.04	75.5467
2.0401	75.56
2.0402	75.5733
2.0403	75.5867
2.04043	75.6
2.04047	75.6133
2.04061	75.6267
2.04065	75.64
2.04085	75.6533
2.04102	75.6667
2.04111	75.68
2.04141	75.6933
2.04164	75.7067
2.04176	75.72
2.04203	75.7333
2.04217	75.7467
2.04245	75.76
2.04264	75.7733
2.04276	75.7867
2.04316	75.8
2.04332	75.8133
2.04346	75.8267
2.04366	75.84
2.04379	75.8533
2.04396	75.8667
2.04408	75.88
2.04436	75.8933
2.04451	75.9067
2.04474	75.92
2.0448	75.9333
2.04498	75.9467
2.04512	75.96
2.04533	75.9733
2.04674	75.9867
2.04725	76
2.04742	76.0132
2.04761	76.0263
2.04772	76.0395
2.04785	76.0526
2.04806	76.0658
2.04833	76.0789
2.04847	76.0921
2.04861	76.1053
2.04891	76.1184
2.04903	76.1316
2.04938	76.1447
2.04945	76.1579
2.04979	76.1711
2.04983	76.1842
2.04993	76.1974
2.04997	76.2105
2.05004	76.2237
2.05035	76.2368
2.05046	76.25
2.05057	76.2632
2.05081	76.2763
2.05088	76.2895
2.05111	76.3026
2.05146	76.3158
2.0515	76.3289
2.05164	76.3421
2.05171	76.3553
2.05177	76.3684
2.05182	76.3816
2.05212	76.3947
2.05224	76.4079
2.05234	76.4211
2.05253	76.4342
2.05279	76.4474
2.05289	76.4605
2.05296	76.4737
2.05314	76.4868
2.05339	76.5
2.05426	76.5132
2.05452	76.5263
2.05478	76.5395
2.0551	76.5526
2.05537	76.5658
2.05566	76.5789
2.05592	76.5921
2.05615	76.6053
2.05646	76.6184
2.05688	76.6316
2.05699	76.6447
2.05709	76.6579
2.05747	76.6711
2.05766	76.6842
2.05786	76.6974
2.05796	76.7105
2.058	76.7237
2.05818	76.7368
2.05852	76.75
2.08204	76.7632
2.11581	76.7763
2.13161	76.7895
2.13527	76.8026
2.13631	76.8158
2.14622	76.8289
2.14694	76.8421
2.14735	76.8553
2.14749	76.8684
2.148	76.8816
2.14873	76.8947
2.14885	76.9079
2.14917	76.9211
2.14936	76.9342
2.14943	76.9474
2.15057	76.9605
2.15207	76.9737
2.15324	76.9868
2.15571	77
2.15663	77.013
2.15676	77.026
2.15714	77.039
2.15722	77.0519
2.15801	77.0649
2.15832	77.0779
2.16058	77.0909
2.16157	77.1039
2.16363	77.1169
2.16477	77.1299
2.16895	77.1429
2.16932	77.1558
2.16957	77.1688
2.17034	77.1818
2.17064	77.1948
2.17436	77.2078
2.17485	77.2208
2.17711	77.2338
2.17746	77.2468
2.1781	77.2597
2.17929	77.2727
2.18067	77.2857
2.18208	77.2987
2.18319	77.3117
2.19843	77.3247
2.21056	77.3377
2.21512	77.3506
2.21755	77.3636
2.22638	77.3766
2.22769	77.3896
2.22795	77.4026
2.23243	77.4156
2.23404	77.4286
2.23464	77.4416
2.23804	77.4545
2.24078	77.4675
2.24086	77.4805
2.24197	77.4935
2.24243	77.5065
2.24252	77.5195
2.24448	77.5325
2.24475	77.5455
2.24485	77.5584
2.25067	77.5714
2.25079	77.5844
2.25243	38.7922
2.25785	38.8185
2.26957	38.8448
2.26979	38.8712
2.37299	38.8975
2.37312	38.9238
2.38503	38.9501
2.3852	38.9764
2.40864	39.0027
2.40886	39.0284
2.41659	39.054
2.41664	39.0797
2.41753	39.1053
2.42201	39.1309
2.43466	39.1566
2.44213	39.1822
2.44223	39.2079
2.44321	39.2335
2.45646	39.2591
2.47115	39.2848
2.47297	39.3104
2.48791	39.3361
2.48982	39.3617
2.50884	39.3873
2.51351	39.413
2.5259	39.4386
2.53	39.4643
2.54377	39.4899
2.55059	39.5156
2.56205	39.5412
2.56917	39.5668
2.57485	39.5925
2.57612	39.6181
2.57626	39.6438
2.58511	39.6694
2.59138	39.695
2.59255	39.7207
2.59589	39.7463
2.60759	39.772
2.61985	39.7976
2.62833	39.8232
2.62898	39.8489
2.62913	39.8745
2.62926	39.9002
2.635	39.9258
2.63546	39.9515
2.63566	39.9771
2.6358	40.0027
2.64082	40.0277
2.64399	40.0527
2.6447	40.0777
2.64514	40.1027
2.64541	40.1277
2.64568	40.1527
2.64822	40.1777
2.65076	40.2027
2.65213	40.2277
2.65253	40.2527
2.65335	40.2777
2.65363	40.3027
2.65532	40.3277
2.6578	40.3527
2.66056	40.3777
2.66097	40.4027
2.66114	40.4277
2.66141	40.4527
2.66158	40.4777
2.66231	40.5027
2.66314	40.5277
2.66454	40.5527
2.66546	40.5777
2.66551	40.6027
2.66842	40.6277
2.67057	40.6527
2.67086	40.6777
2.67128	40.7027
2.67162	40.7277
2.67199	40.7527
2.67266	40.7777
2.67333	40.8027
2.67431	40.8277
2.67494	40.8527
2.67515	40.8777
2.67678	40.9027
2.67763	40.9277
2.67774	40.9527
2.67785	40.9777
2.67803	41.0027
2.67808	41.0271
2.67852	41.0515
2.67906	41.0759
2.67999	41.1003
2.68112	41.1247
2.68177	41.1491
2.68241	41.1735
2.68268	41.1979
2.68281	41.2222
2.68303	41.2466
2.68338	41.271
2.68345	41.2954
2.68356	41.3198
2.68403	41.3442
2.68423	41.3686
2.68589	41.393
2.68727	41.4174
2.6873	41.4418
2.68794	41.4661
2.68831	41.4905
2.68855	41.5149
2.6888	41.5393
2.68896	41.5637
2.68916	41.5881
2.68946	41.6125
2.68996	41.6369
2.69015	41.6613
2.69164	41.6857
2.6943	41.7101
2.69436	41.7344
2.69529	41.7588
2.69579	41.7832
2.69618	41.8076
2.69654	41.832
2.69691	41.8564
2.69721	41.8808
2.698	41.9052
2.69846	41.9296
2.6988	41.954
2.69932	41.9783
2.69994	42.0027
2.70004	42.0265
2.70012	42.0504
2.70022	42.0742
2.70033	42.098
2.70045	42.1218
2.70051	42.1456
2.70059	42.1694
2.70146	42.1932
2.7018	42.217
2.70211	42.2408
2.70237	42.2646
2.70247	42.2884
2.70297	42.3123
2.70345	42.3361
2.70366	42.3599
2.70372	42.3837
2.70471	42.4075
2.70501	42.4313
2.70579	42.4551
2.70678	42.4789
2.70686	42.5027
2.70717	42.5265
2.70727	42.5504
2.70738	42.5742
2.70774	42.598
2.70784	42.6218
2.70801	42.6456
2.70809	42.6694
2.70899	42.6932
2.70945	42.717
2.71052	42.7408
2.71207	42.7646
2.7124	42.7884
2.71276	42.8123
2.71293	42.8361
2.71324	42.8599
2.7133	42.8837
2.71336	42.9075
2.71359	42.9313
2.71394	42.9551
2.71498	42.9789
2.71517	43.0027
2.71535	43.026
2.71738	43.0492
2.71763	43.0725
2.71788	43.0958
2.718	43.119
2.71963	43.1423
2.71969	43.1655
2.71975	43.1888
2.72024	43.212
2.72082	43.2353
2.72165	43.2585
2.72364	43.2818
2.72504	43.3051
2.72614	43.3283
2.72817	43.3516
2.72863	43.3748
2.72881	43.3981
2.72952	43.4213
2.72962	43.4446
2.72994	43.4679
2.73006	43.4911
2.73098	43.5144
2.73111	43.5376
2.73127	43.5609
2.73174	43.5841
2.7321	43.6074
2.73235	43.6306
2.73247	43.6539
2.73267	43.6772
2.73303	43.7004
2.73313	43.7237
2.73331	43.7469
2.73376	43.7702
2.73393	43.7934
2.73418	43.8167
2.73441	43.8399
2.73477	43.8632
2.73487	43.8865
2.7351	43.9097
2.73534	43.933
2.73573	43.9562
2.73584	43.9795
2.73603	44.0027
2.73623	44.0255
2.73696	44.0482
2.73718	44.0709
2.7374	44.0936
2.73748	44.1164
2.73766	44.1391
2.73772	44.1618
2.73796	44.1846
2.73813	44.2073
2.73836	44.23
2.7388	44.2527
2.739	44.2755
2.7391	44.2982
2.73931	44.3209
2.73958	44.3436
2.73967	44.3664
2.73998	44.3891
2.74051	44.4118
2.74069	44.4346
2.74076	44.4573
2.74091	44.48
2.74132	44.5027
2.7416	44.5255
2.74167	44.5482
2.74183	44.5709
2.74196	44.5936
2.74255	44.6164
2.74282	44.6391
2.74296	44.6618
2.74339	44.6846
2.7436	44.7073
2.74392	44.73
2.74403	44.7527
2.74444	44.7755
2.74474	44.7982
2.74512	44.8209
2.74527	44.8436
2.74534	44.8664
2.7456	44.8891
2.74586	44.9118
2.74608	44.9346
2.74627	44.9573
2.74706	44.98
2.74746	45.0027
2.74761	45.025
2.74799	45.0472
2.74813	45.0694
2.74843	45.0916
2.74873	45.1138
2.74915	45.1361
2.74938	45.1583
2.74945	45.1805
2.74968	45.2027
2.74995	45.225
2.75013	45.2472
2.75073	45.2694
2.75083	45.2916
2.75089	45.3138
2.75111	45.3361
2.75139	45.3583
2.75159	45.3805
2.75178	45.4027
2.75182	45.425
2.75223	45.4472
2.7526	45.4694
2.75267	45.4916
2.75287	45.5138
2.75311	45.5361
2.75325	45.5583
2.75342	45.5805
2.75375	45.6027
2.75408	45.625
2.75438	45.6472
2.75483	45.6694
2.75506	45.6916
2.75513	45.7138
2.75537	45.7361
2.75573	45.7583
2.75613	45.7805
2.75631	45.8027
2.75719	45.825
2.75733	45.8472
2.75739	45.8694
2.75753	45.8916
2.75775	45.9138
2.75797	45.9361
2.75818	45.9583
2.75828	45.9805
2.75848	46.0027
2.75869	46.0245
2.75908	46.0462
2.75936	46.068
2.75956	46.0897
2.75973	46.1114
2.75994	46.1332
2.76028	46.1549
2.76055	46.1766
2.7608	46.1984
2.76146	46.2201
2.76165	46.2419
2.7626	46.2636
2.7627	46.2853
2.76274	46.3071
2.76291	46.3288
2.76385	46.3506
2.76397	46.3723
2.76415	46.394
2.7643	46.4158
2.76437	46.4375
2.76443	46.4593
2.7645	46.481
2.7647	46.5027
2.76477	46.5245
2.76483	46.5462
2.7649	46.568
2.76505	46.5897
2.76523	46.6114
2.76554	46.6332
2.76576	46.6549
2.76598	46.6766
2.76619	46.6984
2.76625	46.7201
2.76656	46.7419
2.76659	46.7636
2.76756	46.7853
2.76763	46.8071
2.76776	46.8288
2.76789	46.8506
2.7684	46.8723
2.76954	46.894
2.7699	46.9158
2.77015	46.9375
2.77047	46.9593
2.77057	46.981
2.77069	47.0027
2.77085	47.024
2.77107	47.0453
2.77117	47.0666
2.77133	47.0878
2.77147	47.1091
2.77252	47.1304
2.77266	47.1517
2.77313	47.1729
2.77332	47.1942
2.77349	47.2155
2.77366	47.2368
2.77369	47.2581
2.77371	47.2793
2.77388	47.3006
2.774	47.3219
2.7741	47.3432
2.7743	47.3644
2.77435	47.3857
2.77445	47.407
2.77473	47.4283
2.77486	47.4495
2.77496	47.4708
2.77509	47.4921
2.77528	47.5134
2.77557	47.5346
2.77581	47.5559
2.77606	47.5772
2.77633	47.5985
2.77645	47.6198
2.77671	47.641
2.77679	47.6623
2.77698	47.6836
2.77745	47.7049
2.7776	47.7261
2.77788	47.7474
2.77801	47.7687
2.7781	47.79
2.77823	47.8112
2.77847	47.8325
2.77879	47.8538
2.77905	47.8751
2.7794	47.8964
2.77975	47.9176
2.78003	47.9389
2.78028	47.9602
2.78053	47.9815
2.7806	48.0027
2.78088	48.0236
2.78097	48.0444
2.78117	48.0652
2.78127	48.0861
2.78144	48.1069
2.78165	48.1277
2.78177	48.1486
2.78195	48.1694
2.78198	48.1902
2.78223	48.2111
2.78236	48.2319
2.78246	48.2527
2.78269	48.2736
2.78296	48.2944
2.78308	48.3152
2.78319	48.3361
2.78335	48.3569
2.78347	48.3777
2.78361	48.3986
2.78376	48.4194
2.78383	48.4402
2.78389	48.4611
2.78407	48.4819
2.78421	48.5027
2.78439	48.5236
2.78455	48.5444
2.78465	48.5652
2.78518	48.5861
2.78536	48.6069
2.78543	48.6277
2.78552	48.6486
2.78561	48.6694
2.78567	48.6902
2.78594	48.7111
2.78641	48.7319
2.78696	48.7527
2.78707	48.7736
2.78734	48.7944
2.78758	48.8152
2.78762	48.8361
2.78777	48.8569
2.78798	48.8777
2.78815	48.8986
2.78834	48.9194
2.78846	48.9402
2.78855	48.9611
2.78872	48.9819
2.78891	49.0027
2.78915	49.0231
2.78923	49.0436
2.78929	49.064
2.78946	49.0844
2.78957	49.1048
2.78962	49.1252
2.78975	49.1456
2.79024	49.166
2.79041	49.1864
2.79069	49.2068
2.79077	49.2272
2.79114	49.2476
2.7914	49.268
2.79153	49.2884
2.79166	49.3089
2.79188	49.3293
2.79196	49.3497
2.79225	49.3701
2.7933	49.3905
2.79351	49.4109
2.79391	49.4313
2.79404	49.4517
2.79418	49.4721
2.79428	49.4925
2.79449	49.5129
2.79464	49.5333
2.79477	49.5538
2.79493	49.5742
2.79502	49.5946
2.7952	49.615
2.79544	49.6354
2.79557	49.6558
2.7957	49.6762
2.79585	49.6966
2.79607	49.717
2.79634	49.7374
2.79648	49.7578
2.79662	49.7782
2.79677	49.7987
2.79684	49.8191
2.79695	49.8395
2.79703	49.8599
2.79705	49.8803
2.79733	49.9007
2.79753	49.9211
2.7976	49.9415
2.79779	49.9619
2.79806	49.9823
2.80021	50.0027
2.80029	50.0227
2.80031	50.0427
2.80054	50.0627
2.80065	50.0827
2.80073	50.1027
2.80079	50.1227
2.80085	50.1427
2.80091	50.1627
2.80096	50.1827
2.80102	50.2027
2.80112	50.2227
2.80119	50.2427
2.80121	50.2627
2.80125	50.2827
2.80127	50.3027
2.8014	50.3227
2.80164	50.3427
2.80176	50.3627
2.80206	50.3827
2.80235	50.4027
2.80276	50.4227
2.80293	50.4427
2.80315	50.4627
2.80323	50.4827
2.80342	50.5027
2.80368	50.5227
2.80378	50.5427
2.80394	50.5627
2.80418	50.5827
2.80431	50.6027
2.80449	50.6227
2.80459	50.6427
2.80513	50.6627
2.80593	50.6827
2.80614	50.7027
2.8065	50.7227
2.80687	50.7427
2.80724	50.7627
2.80741	50.7827
2.80768	50.8027
2.80788	50.8227
2.80809	50.8427
2.80829	50.8627
2.80843	50.8827
2.80856	50.9027
2.80867	50.9227
2.80873	50.9427
2.80901	50.9627
2.80911	50.9827
2.80938	51.0027
2.80958	51.0223
2.80971	51.0419
2.80994	51.0616
2.81024	51.0812
2.81033	51.1008
2.81045	51.1204
2.81065	51.14
2.8108	51.1596
2.81087	51.1792
2.81097	51.1988
2.81102	51.2184
2.81132	51.238
2.81149	51.2576
2.81166	51.2772
2.81179	51.2969
2.81189	51.3165
2.81196	51.3361
2.81205	51.3557
2.81218	51.3753
2.81234	51.3949
2.81242	51.4145
2.81254	51.4341
2.81275	51.4537
2.81284	51.4733
2.81304	51.4929
2.81314	51.5125
2.81324	51.5321
2.81335	51.5518
2.81348	51.5714
2.81359	51.591
2.81378	51.6106
2.81396	51.6302
2.81409	51.6498
2.81418	51.6694
2.81431	51.689
2.81447	51.7086
2.81462	51.7282
2.81492	51.7478
2.81499	51.7674
2.81506	51.787
2.81525	51.8067
2.81535	51.8263
2.81559	51.8459
2.81564	51.8655
2.81579	51.8851
2.81597	51.9047
2.81604	51.9243
2.81609	51.9439
2.81624	51.9635
2.81645	51.9831
2.81652	52.0027
2.81662	52.022
2.81668	52.0412
2.81688	52.0604
2.81701	52.0797
2.81707	52.0989
2.81734	52.1181
2.81745	52.1373
2.81768	52.1566
2.81779	52.1758
2.81789	52.195
2.81805	52.2143
2.81814	52.2335
2.81827	52.2527
2.8185	52.272
2.81857	52.2912
2.81862	52.3104
2.81872	52.3297
2.81888	52.3489
2.81899	52.3681
2.81909	52.3873
2.81921	52.4066
2.81928	52.4258
2.81947	52.445
2.81972	52.4643
2.81976	52.4835
2.82006	52.5027
2.82019	52.522
2.82025	52.5412
2.82035	52.5604
2.82045	52.5797
2.82072	52.5989
2.82112	52.6181
2.82121	52.6373
2.8215	52.6566
2.82157	52.6758
2.82162	52.695
2.82185	52.7143
2.82193	52.7335
2.82202	52.7527
2.82208	52.772
2.82214	52.7912
2.82224	52.8104
2.82233	52.8297
2.82246	52.8489
2.82249	52.8681
2.82263	52.8873
2.82281	52.9066
2.82288	52.9258
2.82297	52.945
2.82321	52.9643
2.82338	52.9835
2.82349	53.0027
2.82369	53.0216
2.82375	53.0405
2.82382	53.0593
2.82416	53.0782
2.8242	53.0971
2.82431	53.1159
2.82447	53.1348
2.82461	53.1537
2.82488	53.1725
2.82502	53.1914
2.82509	53.2103
2.82525	53.2291
2.82532	53.248
2.82537	53.2669
2.82543	53.2858
2.82568	53.3046
2.82577	53.3235
2.8259	53.3424
2.82614	53.3612
2.8264	53.3801
2.82646	53.399
2.82649	53.4178
2.82674	53.4367
2.82694	53.4556
2.82715	53.4744
2.82721	53.4933
2.82767	53.5122
2.82803	53.531
2.82819	53.5499
2.82837	53.5688
2.8285	53.5876
2.82869	53.6065
2.82873	53.6254
2.82885	53.6442
2.82896	53.6631
2.82917	53.682
2.82929	53.7008
2.82933	53.7197
2.82954	53.7386
2.82957	53.7575
2.82974	53.7763
2.82981	53.7952
2.82999	53.8141
2.83003	53.8329
2.83017	53.8518
2.83025	53.8707
2.83036	53.8895
2.83043	53.9084
2.83051	53.9273
2.83054	53.9461
2.83064	53.965
2.83076	53.9839
2.83111	54.0027
2.83116	54.0213
2.83128	54.0398
2.83132	54.0583
2.83154	54.0768
2.83164	54.0953
2.83188	54.1138
2.83211	54.1324
2.83222	54.1509
2.83229	54.1694
2.83242	54.1879
2.8327	54.2064
2.8328	54.225
2.83303	54.2435
2.83312	54.262
2.83322	54.2805
2.83347	54.299
2.83355	54.3175
2.83361	54.3361
2.83385	54.3546
2.83388	54.3731
2.8339	54.3916
2.83392	54.4101
2.83394	54.4287
2.83412	54.4472
2.83422	54.4657
2.83425	54.4842
2.83447	54.5027
2.83458	54.5213
2.83468	54.5398
2.83483	54.5583
2.83501	54.5768
2.83518	54.5953
2.83527	54.6138
2.83538	54.6324
2.83546	54.6509
2.83568	54.6694
2.83582	54.6879
2.83605	54.7064
2.83609	54.725
2.83685	54.7435
2.83734	54.762
2.83738	54.7805
2.8374	54.799
2.83743	54.8175
2.83745	54.8361
2.83751	54.8546
2.83756	54.8731
2.83762	54.8916
2.83765	54.9101
2.83771	54.9287
2.83775	54.9472
2.83778	54.9657
2.83792	54.9842
2.83799	55.0027
2.83824	55.0209
2.83835	55.0391
2.8384	55.0573
2.83875	55.0755
2.83891	55.0936
2.8394	55.1118
2.83955	55.13
2.83982	55.1482
2.84005	55.1664
2.84019	55.1846
2.84044	55.2027
2.84067	55.2209
2.84072	55.2391
2.84092	55.2573
2.841	55.2755
2.84129	55.2936
2.84135	55.3118
2.84142	55.33
2.84166	55.3482
2.84183	55.3664
2.8421	55.3846
2.84215	55.4027
2.84235	55.4209
2.84254	55.4391
2.84258	55.4573
2.84281	55.4755
2.84287	55.4936
2.84294	55.5118
2.84312	55.53
2.84331	55.5482
2.84358	55.5664
2.84373	55.5846
2.84384	55.6027
2.84435	55.6209
2.84439	55.6391
2.84453	55.6573
2.84468	55.6755
2.84474	55.6936
2.8448	55.7118
2.84486	55.73
2.84496	55.7482
2.84512	55.7664
2.84527	55.7846
2.84537	55.8027
2.84544	55.8209
2.84559	55.8391
2.84572	55.8573
2.84589	55.8755
2.84594	55.8936
2.84606	55.9118
2.84617	55.93
2.84628	55.9482
2.84632	55.9664
2.8464	55.9846
2.84654	56.0027
2.84668	56.0206
2.84679	56.0384
2.84686	56.0563
2.84695	56.0742
2.84704	56.092
2.84727	56.1099
2.84741	56.1277
2.84753	56.1456
2.8476	56.1634
2.84772	56.1813
2.84783	56.1992
2.84803	56.217
2.84814	56.2349
2.84821	56.2527
2.84833	56.2706
2.84844	56.2884
2.84848	56.3063
2.84872	56.3242
2.84891	56.342
2.84905	56.3599
2.84921	56.3777
2.84939	56.3956
2.84956	56.4134
2.84963	56.4313
2.84969	56.4492
2.84974	56.467
2.84986	56.4849
2.84995	56.5027
2.84998	56.5206
2.85003	56.5384
2.85015	56.5563
2.8502	56.5742
2.85038	56.592
2.85043	56.6099
2.85064	56.6277
2.85068	56.6456
2.85085	56.6634
2.85103	56.6813
2.85117	56.6992
2.85157	56.717
2.85168	56.7349
2.85175	56.7527
2.85188	56.7706
2.85206	56.7884
2.85209	56.8063
2.85217	56.8242
2.85222	56.842
2.85234	56.8599
2.85248	56.8777
2.85258	56.8956
2.85279	56.9134
2.85293	56.9313
2.8531	56.9492
2.85314	56.967
2.8533	56.9849
2.85337	57.0027
2.85347	57.0203
2.85356	57.0378
2.85369	57.0554
2.85421	57.0729
2.85442	57.0905
2.85455	57.108
2.85472	57.1255
2.85486	57.1431
2.85506	57.1606
2.85509	57.1782
2.85519	57.1957
2.85538	57.2133
2.85547	57.2308
2.85549	57.2483
2.85552	57.2659
2.85576	57.2834
2.85587	57.301
2.856	57.3185
2.85611	57.3361
2.85616	57.3536
2.85625	57.3712
2.8564	57.3887
2.85644	57.4062
2.85683	57.4238
2.85874	57.4413
2.85882	57.4589
2.85884	57.4764
2.85886	57.494
2.8589	57.5115
2.85892	57.529
2.85894	57.5466
2.85895	57.5641
2.85897	57.5817
2.85902	57.5992
2.85905	57.6168
2.85908	57.6343
2.8591	57.6519
2.85912	57.6694
2.85975	57.6869
2.85982	57.7045
2.85984	57.722
2.85997	57.7396
2.86005	57.7571
2.86018	57.7747
2.86031	57.7922
2.86039	57.8098
2.86045	57.8273
2.86062	57.8448
2.86069	57.8624
2.86075	57.8799
2.86081	57.8975
2.86094	57.915
2.86107	57.9326
2.86113	57.9501
2.86119	57.9676
2.86132	57.9852
2.86154	58.0027
2.86168	58.02
2.86174	58.0372
2.8618	58.0545
2.86187	58.0717
2.86214	58.0889
2.86225	58.1062
2.86228	58.1234
2.86231	58.1407
2.8626	58.1579
2.86273	58.1751
2.86281	58.1924
2.86299	58.2096
2.86322	58.2269
2.86339	58.2441
2.86368	58.2614
2.86389	58.2786
2.86406	58.2958
2.86414	58.3131
2.86425	58.3303
2.86463	58.3476
2.86484	58.3648
2.86489	58.382
2.86526	58.3993
2.86572	58.4165
2.86578	58.4338
2.8659	58.451
2.86599	58.4683
2.86615	58.4855
2.86658	58.5027
2.86697	58.52
2.86706	58.5372
2.86731	58.5545
2.86762	58.5717
2.86797	58.5889
2.86823	58.6062
2.86852	58.6234
2.86878	58.6407
2.86909	58.6579
2.86931	58.6751
2.86938	58.6924
2.86943	58.7096
2.86957	58.7269
2.86963	58.7441
2.86981	58.7614
2.86998	58.7786
2.87034	58.7958
2.87042	58.8131
2.87048	58.8303
2.87065	58.8476
2.87081	58.8648
2.87111	58.882
2.87119	58.8993
2.87125	58.9165
2.87139	58.9338
2.87165	58.951
2.87192	58.9683
2.87199	58.9855
2.87213	59.0027
2.87221	59.0197
2.87234	59.0366
2.87245	59.0536
2.87249	59.0705
2.87277	59.0875
2.87293	59.1044
2.87302	59.1214
2.8732	59.1383
2.8735	59.1553
2.87367	59.1722
2.87381	59.1892
2.87401	59.2061
2.87425	59.2231
2.87441	59.24
2.87455	59.257
2.87472	59.2739
2.87498	59.2909
2.8751	59.3078
2.87549	59.3248
2.87556	59.3417
2.87564	59.3587
2.87575	59.3756
2.87585	59.3926
2.87593	59.4095
2.87606	59.4265
2.87615	59.4434
2.87723	59.4604
2.87726	59.4773
2.87729	59.4943
2.87736	59.5112
2.87744	59.5282
2.87756	59.5451
2.8776	59.5621
2.87769	59.579
2.87778	59.596
2.87789	59.6129
2.87815	59.6299
2.87827	59.6468
2.87834	59.6638
2.8784	59.6807
2.87862	59.6976
2.8788	59.7146
2.87914	59.7315
2.87939	59.7485
2.87949	59.7654
2.87986	59.7824
2.88002	59.7993
2.88026	59.8163
2.88035	59.8332
2.88074	59.8502
2.88095	59.8671
2.88136	59.8841
2.88153	59.901
2.88163	59.918
2.88186	59.9349
2.88218	59.9519
2.88228	59.9688
2.88266	59.9858
2.88275	60.0027
2.88316	60.0194
2.88324	60.0361
2.88331	60.0527
2.8835	60.0694
2.88376	60.0861
2.88391	60.1027
2.884	60.1194
2.88434	60.1361
2.88444	60.1527
2.88469	60.1694
2.8848	60.1861
2.88503	60.2027
2.8851	60.2194
2.88526	60.2361
2.88552	60.2527
2.88564	60.2694
2.88605	60.2861
2.8862	60.3027
2.88646	60.3194
2.88672	60.3361
2.88694	60.3527
2.88718	60.3694
2.88736	60.3861
2.88762	60.4027
2.88777	60.4194
2.88814	60.4361
2.88843	60.4527
2.88847	60.4694
2.88868	60.4861
2.88874	60.5027
2.88895	60.5194
2.88916	60.5361
2.88944	60.5527
2.88959	60.5694
2.88978	60.5861
2.88992	60.6027
2.89009	60.6194
2.89022	60.6361
2.89039	60.6527
2.89064	60.6694
2.89092	60.6861
2.89103	60.7027
2.8912	60.7194
2.8913	60.7361
2.89133	60.7527
2.89144	60.7694
2.8917	60.7861
2.89182	60.8027
2.89198	60.8194
2.89218	60.8361
2.89232	60.8527
2.89254	60.8694
2.89258	60.8861
2.89269	60.9027
2.89293	60.9194
2.89309	60.9361
2.89331	60.9527
2.89341	60.9694
2.89354	60.9861
2.89379	61.0027
2.89394	61.0191
2.89409	61.0355
2.89426	61.0519
2.89438	61.0683
2.89458	61.0847
2.89463	61.1011
2.89472	61.1175
2.89511	61.1339
2.8952	61.1503
2.8955	61.1667
2.89569	61.1831
2.89576	61.1995
2.89591	61.2158
2.89618	61.2322
2.89626	61.2486
2.89659	61.265
2.89677	61.2814
2.89684	61.2978
2.89698	61.3142
2.89716	61.3306
2.89733	61.347
2.89744	61.3634
2.89752	61.3798
2.89767	61.3962
2.89782	61.4126
2.89801	61.429
2.89812	61.4454
2.89822	61.4618
2.89837	61.4781
2.89874	61.4945
2.89878	61.5109
2.89887	61.5273
2.899	61.5437
2.8992	61.5601
2.89938	61.5765
2.89952	61.5929
2.8996	61.6093
2.8999	61.6257
2.90002	61.6421
2.9002	61.6585
2.9005	61.6749
2.90057	61.6913
2.9007	61.7077
2.90088	61.724
2.90104	61.7404
2.90125	61.7568
2.9013	61.7732
2.90155	61.7896
2.90176	61.806
2.9018	61.8224
2.90205	61.8388
2.90227	61.8552
2.90246	61.8716
2.90267	61.888
2.90275	61.9044
2.90297	61.9208
2.90327	61.9372
2.90363	61.9536
2.90371	61.9699
2.90384	61.9863
2.90439	62.0027
2.90469	62.0189
2.90488	62.035
2.90539	62.0511
2.90549	62.0673
2.90553	62.0834
2.90555	62.0995
2.90561	62.1156
2.90571	62.1318
2.90604	62.1479
2.90625	62.164
2.90658	62.1802
2.9067	62.1963
2.90693	62.2124
2.90706	62.2285
2.90724	62.2447
2.90744	31.1223
2.90763	31.1546
2.90782	31.1869
2.90805	31.2191
2.9082	31.2514
2.90847	31.2836
2.90908	31.3159
2.90959	31.3481
2.90969	31.3804
2.90994	31.4127
2.91005	31.4449
2.91025	31.4772
2.91037	31.5094
2.91055	31.5417
2.91061	31.5739
2.91075	31.6062
2.91099	31.6385
2.91118	31.6707
2.9115	31.703
2.91164	31.7352
2.91182	31.7675
2.91193	31.7998
2.9121	31.832
2.91245	31.8643
2.93194	31.8965
2.93202	31.9288
2.93225	31.961
2.93418	31.9933
2.9518	32.0256
2.95195	32.0568
2.95269	32.0881
2.95294	32.1193
2.95408	32.1506
2.95439	32.1818
2.95467	32.2131
2.95494	32.2443
2.95616	32.2756
2.95652	32.3068
2.95674	32.3381
2.95696	32.3693
2.95717	32.4006
2.95741	32.4318
2.9575	32.4631
2.95821	32.4943
2.95861	32.5256
2.95892	32.5568
2.95921	32.5881
2.95956	32.6193
2.95985	32.6506
2.95994	32.6818
2.96082	32.7131
2.96093	32.7443
2.96141	32.7756
2.96167	32.8068
2.96207	32.8381
2.96231	32.8693
2.96269	32.9006
2.96308	32.9318
2.96346	32.9631
2.96368	32.9943
2.96397	33.0256
2.96421	33.0559
2.96466	33.0862
2.96486	33.1165
2.96512	33.1468
2.96567	33.1771
2.96602	33.2074
2.96622	33.2377
2.96639	33.268
2.96655	33.2983
2.96668	33.3286
2.96704	33.3589
2.96756	33.3892
2.96781	33.4195
2.96862	33.4498
2.96888	33.4801
2.96898	33.5104
2.96937	33.5407
2.96964	33.571
2.96979	33.6013
2.97015	33.6316
2.97071	33.6619
2.97119	33.6922
2.97164	33.7225
2.97204	33.7528
2.9723	33.7831
2.97259	33.8134
2.97274	33.8437
2.97292	33.874
2.97364	33.9043
2.97378	33.9347
2.97443	33.965
2.9747	33.9953
2.97532	34.0256
2.97552	34.055
2.97606	34.0844
2.97629	34.1138
2.97663	34.1432
2.97702	34.1726
2.97743	34.202
2.97759	34.2314
2.9777	34.2609
2.97795	34.2903
2.97846	34.3197
2.97867	34.3491
2.97909	34.3785
2.97966	34.4079
2.98006	34.4373
2.98033	34.4667
2.98093	34.4961
2.98125	34.5256
2.98148	34.555
2.98174	34.5844
2.98214	34.6138
2.98298	34.6432
2.98309	34.6726
2.98325	34.702
2.9836	34.7314
2.98401	34.7609
2.98434	34.7903
2.98481	34.8197
2.98501	34.8491
2.98528	34.8785
2.98535	34.9079
2.98544	34.9373
2.98577	34.9667
2.98616	34.9961
2.98658	35.0256
2.98708	35.0541
2.98719	35.0827
2.98753	35.1113
2.98784	35.1398
2.98808	35.1684
2.98829	35.197
2.98869	35.2256
2.98894	35.2541
2.98911	35.2827
2.98941	35.3113
2.98991	35.3398
2.99002	35.3684
2.99044	35.397
2.99061	35.4256
2.99109	35.4541
2.99165	35.4827
2.9919	35.5113
2.99247	35.5398
2.99276	35.5684
2.99299	35.597
2.99357	35.6256
2.99373	35.6541
2.99411	35.6827
2.99453	35.7113
2.99502	35.7398
2.99539	35.7684
2.99582	35.797
2.99609	35.8256
2.9966	35.8541
2.99714	35.8827
2.99769	35.9113
2.99831	35.9398
2.99864	35.9684
2.99969	35.997
3.00038	36.0256
3.00057	36.0533
3.00069	36.0811
3.00084	36.1089
3.0009	36.1367
3.00092	36.1644
3.00117	36.1922
3.00145	36.22
3.00194	36.2478
3.00295	36.2756
3.00324	36.3033
3.00351	36.3311
3.00389	36.3589
3.00416	36.3867
3.00447	36.4144
3.00479	36.4422
3.00503	36.47
3.0053	36.4978
3.00553	36.5256
3.00599	36.5533
3.00639	36.5811
3.00685	36.6089
3.00731	36.6367
3.00756	36.6644
3.00804	36.6922
3.00826	36.72
3.00843	36.7478
3.00869	36.7756
3.00879	36.8033
3.00882	36.8311
3.00926	36.8589
3.00968	36.8867
3.01009	36.9144
3.01059	36.9422
3.01101	36.97
3.01111	36.9978
3.0113	37.0256
3.01144	37.0526
3.01165	37.0796
3.01175	37.1066
3.01188	37.1337
3.01218	37.1607
3.01228	37.1877
3.01234	37.2147
3.0124	37.2418
3.01254	37.2688
3.01272	37.2958
3.01281	37.3229
3.01303	37.3499
3.01355	37.3769
3.01366	37.4039
3.01379	37.431
3.01394	37.458
3.01416	37.485
3.01424	37.512
3.0145	37.5391
3.01464	37.5661
3.01495	37.5931
3.0152	37.6202
3.01526	37.6472
3.01558	37.6742
3.0158	37.7012
3.01616	37.7283
3.01645	37.7553
3.01672	37.7823
3.0169	37.8093
3.01735	37.8364
3.01759	37.8634
3.01778	37.8904
3.01815	37.9175
3.0184	37.9445
3.01879	37.9715
3.01915	37.9985
3.01934	38.0256
3.01952	38.0519
3.0199	38.0782
3.02017	38.1045
3.0207	38.1308
3.02092	38.1571
3.02113	38.1835
3.02124	38.2098
3.02135	38.2361
3.02179	38.2624
3.02204	38.2887
3.02236	38.315
3.02255	38.3414
3.02283	38.3677
3.02335	38.394
3.02348	38.4203
3.02399	38.4466
3.02413	38.4729
3.02438	38.4992
3.02455	38.5256
3.02465	38.5519
3.02472	38.5782
3.02495	38.6045
3.02505	38.6308
3.02526	38.6571
3.02533	38.6835
3.02541	38.7098
3.02559	38.7361
3.02566	38.7624
3.02574	38.7887
3.02583	38.815
3.02596	38.8414
3.02622	38.8677
3.0263	38.894
3.02668	38.9203
3.02681	38.9466
3.02695	38.9729
3.02714	38.9992
3.02726	39.0256
3.02742	39.0512
3.02771	39.0768
3.02797	39.1025
3.02811	39.1281
3.02859	39.1538
3.02898	39.1794
3.02957	39.205
3.03003	39.2307
3.03036	39.2563
3.03075	39.282
3.03106	39.3076
3.03134	39.3333
3.03157	39.3589
3.03294	39.3845
3.03618	39.4102
3.03635	39.4358
3.03652	39.4615
3.03697	39.4871
3.03703	39.5127
3.0374	39.5384
3.03778	39.564
3.03791	39.5897
3.03847	39.6153
3.03898	39.6409
3.03903	39.6666
3.03923	39.6922
3.03948	39.7179
3.03964	39.7435
3.03985	39.7692
3.0399	39.7948
3.04052	39.8204
3.04114	39.8461
3.04328	39.8717
3.04336	39.8974
3.04366	39.923
3.04377	39.9486
3.04415	39.9743
3.04427	39.9999
3.04453	40.0256
3.04465	40.0506
3.04524	40.0756
3.04543	40.1006
3.04567	40.1256
3.04596	40.1506
3.04641	40.1756
3.04746	40.2006
3.04772	40.2256
3.04832	40.2506
3.04918	40.2756
3.04976	40.3006
3.0507	40.3256
3.05142	40.3506
3.05167	40.3756
3.05195	40.4006
3.05227	40.4256
3.05234	40.4506
3.0525	40.4756
3.05311	40.5006
3.05395	40.5256
3.05444	40.5506
3.05462	40.5756
3.05495	40.6006
3.05639	40.6256
3.05784	40.6506
3.05879	40.6756
3.05899	40.7006
3.05914	40.7256
3.05964	40.7506
3.05979	40.7756
3.06006	40.8006
3.06049	40.8256
3.06067	40.8506
3.06105	40.8756
3.0611	40.9006
3.06112	40.9256
3.06143	40.9506
3.06188	40.9756
3.0621	41.0006
3.06251	41.025
3.06328	41.0493
3.06384	41.0737
3.06442	41.0981
3.0648	41.1225
3.06618	41.1469
3.06668	41.1713
3.06745	41.1957
3.06796	41.2201
3.06834	41.2445
3.06853	41.2689
3.06958	41.2932
3.06997	41.3176
3.07097	41.342
3.0716	41.3664
3.07176	41.3908
3.07202	41.4152
3.07244	41.4396
3.07294	41.464
3.07377	41.4884
3.07451	41.5128
3.07557	41.5371
3.07585	41.5615
3.07609	41.5859
3.07669	41.6103
3.07708	41.6347
3.07715	41.6591
3.07747	41.6835
3.07783	41.7079
3.07839	41.7323
3.07915	41.7567
3.07937	41.781
3.08028	41.8054
3.08075	41.8298
3.08103	41.8542
3.08116	41.8786
3.08176	41.903
3.08209	41.9274
3.08232	41.9518
3.08268	41.9762
3.08284	42.0006
3.08328	42.0244
3.08563	42.0482
3.08606	42.072
3.08675	42.0958
3.08747	42.1196
3.0879	42.1434
3.08831	42.1672
3.08865	42.191
3.08885	42.2148
3.08978	42.2387
3.08995	42.2625
3.09037	42.2863
3.09077	42.3101
3.09101	42.3339
3.09123	42.3577
3.092	42.3815
3.09234	42.4053
3.09264	42.4291
3.09297	42.4529
3.09328	42.4768
3.0935	42.5006
3.09382	42.5244
3.09439	42.5482
3.09512	42.572
3.09534	42.5958
3.09588	42.6196
3.09659	42.6434
3.09671	42.6672
3.09689	42.691
3.09757	42.7148
3.09813	42.7387
3.09863	42.7625
3.09889	42.7863
3.09945	42.8101
3.09962	42.8339
3.09979	42.8577
3.10026	42.8815
3.10052	42.9053
3.10078	42.9291
3.10093	42.9529
3.10108	42.9768
3.10114	43.0006
3.10118	43.0238
3.1014	43.0471
3.10167	43.0703
3.10213	43.0936
3.10288	43.1168
3.10306	43.1401
3.10331	43.1634
3.10449	43.1866
3.10493	43.2099
3.1056	43.2331
3.10583	43.2564
3.10605	43.2796
3.10629	43.3029
3.10675	43.3261
3.10703	43.3494
3.10728	43.3727
3.1077	43.3959
3.10818	43.4192
3.10846	43.4424
3.10883	43.4657
3.1089	43.4889
3.1092	43.5122
3.10942	43.5354
3.10994	43.5587
3.1101	43.582
3.11035	43.6052
3.11073	43.6285
3.11122	43.6517
3.1114	43.675
3.11156	43.6982
3.11175	43.7215
3.11225	43.7447
3.11255	43.768
3.11282	43.7913
3.11347	43.8145
3.11401	43.8378
3.1143	43.861
3.11478	43.8843
3.11512	43.9075
3.11564	43.9308
3.11586	43.954
3.1179	43.9773
3.11814	44.0006
3.11848	44.0233
3.11868	44.046
3.11886	44.0687
3.11923	44.0915
3.11935	44.1142
3.11977	44.1369
3.12028	44.1597
3.1207	44.1824
3.12113	44.2051
3.12228	44.2278
3.12232	44.2506
3.1226	44.2733
3.12289	44.296
3.12345	44.3187
3.12471	44.3415
3.12494	44.3642
3.12506	44.3869
3.12531	44.4097
3.12603	44.4324
3.12606	44.4551
3.1262	44.4778
3.12641	44.5006
3.12703	44.5233
3.12738	44.546
3.12757	44.5687
3.12786	44.5915
3.12932	44.6142
3.12943	44.6369
3.12966	44.6597
3.13017	44.6824
3.13037	44.7051
3.13107	44.7278
3.13151	44.7506
3.13197	44.7733
3.13222	44.796
3.13258	44.8187
3.1329	44.8415
3.13313	44.8642
3.13353	44.8869
3.13442	44.9097
3.13462	44.9324
3.13491	44.9551
3.13504	44.9778
3.13553	45.0006
3.13574	45.0228
3.13614	45.045
3.13648	45.0672
3.1368	45.0894
3.1374	45.1117
3.13772	45.1339
3.13817	45.1561
3.13847	45.1783
3.13903	45.2006
3.13922	45.2228
3.13944	45.245
3.13984	45.2672
3.14038	45.2894
3.14074	45.3117
3.14115	45.3339
3.1416	45.3561
3.14184	45.3783
3.14225	45.4006
3.14258	45.4228
3.14285	45.445
3.14365	45.4672
3.14387	45.4894
3.14455	45.5117
3.14488	45.5339
3.14531	45.5561
3.1458	45.5783
3.14618	45.6006
3.14645	45.6228
3.14681	45.645
3.14742	45.6672
3.14795	45.6894
3.1482	45.7117
3.14855	45.7339
3.14972	45.7561
3.15002	45.7783
3.15083	45.8006
3.15114	45.8228
3.15122	45.845
3.15183	45.8672
3.15198	45.8894
3.15253	45.9117
3.15307	45.9339
3.15339	45.9561
3.15386	45.9783
3.15449	46.0006
3.15473	46.0223
3.15498	46.044
3.15547	46.0658
3.15565	46.0875
3.15634	46.1093
3.1568	46.131
3.15701	46.1527
3.15744	46.1745
3.15797	46.1962
3.15815	46.218
3.15839	46.2397
3.15886	46.2614
3.15916	46.2832
3.15962	46.3049
3.15988	46.3266
3.1602	46.3484
3.16085	46.3701
3.16091	46.3919
3.16163	46.4136
3.16181	46.4353
3.16228	46.4571
3.16265	46.4788
3.16292	46.5006
3.16326	46.5223
3.16373	46.544
3.16426	46.5658
3.16442	46.5875
3.16483	46.6093
3.16624	46.631
3.16645	46.6527
3.16663	46.6745
3.1667	46.6962
3.1668	46.718
3.16713	46.7397
3.16739	46.7614
3.16758	46.7832
3.16799	46.8049
3.16828	46.8266
3.1684	46.8484
3.16856	46.8701
3.16873	46.8919
3.16924	46.9136
3.16952	46.9353
3.16989	46.9571
3.17007	46.9788
3.17052	47.0006
3.17099	47.0218
3.17144	47.0431
3.17161	47.0644
3.17192	47.0857
3.17285	47.1069
3.17343	47.1282
3.17356	47.1495
3.17422	47.1708
3.17434	47.192
3.17489	47.2133
3.17519	47.2346
3.17532	47.2559
3.17556	47.2772
3.17587	47.2984
3.17605	47.3197
3.17619	47.341
3.17632	47.3623
3.17662	47.3835
3.17682	47.4048
3.17699	47.4261
3.17728	47.4474
3.17775	47.4686
3.17791	47.4899
3.17816	47.5112
3.1786	47.5325
3.1788	47.5538
3.17893	47.575
3.17931	47.5963
3.18082	47.6176
3.18361	23.8088
3.18686	23.8523
3.18739	23.8957
3.18795	23.9392
3.18901	23.9827
3.18939	24.0262
3.19085	24.0678
3.19168	24.1095
3.19193	24.1512
3.19244	24.1928
3.19292	24.2345
3.19309	24.2762
3.1932	24.3178
3.19349	24.3595
3.19375	24.4012
3.19385	24.4428
3.19415	24.4845
3.19424	24.5262
3.1943	24.5678
3.19451	24.6095
3.19482	24.6512
3.19524	24.6928
3.19825	24.7345
3.19847	24.7762
3.19874	24.8178
3.19885	24.8595
3.19946	24.9012
3.19963	24.9428
3.19993	24.9845
3.20043	25.0262
3.20048	25.0662
3.20077	25.1062
3.20096	25.1462
3.20134	25.1862
3.2017	25.2262
3.20184	25.2662
3.20237	25.3062
3.2024	25.3462
3.20249	25.3862
3.20309	25.4262
3.20338	25.4662
3.20364	25.5062
3.20379	25.5462
3.20396	25.5862
3.20422	25.6262
3.20432	25.6662
3.20452	25.7062
3.20493	25.7462
3.20559	25.7862
3.20585	25.8262
3.20598	25.8662
3.20642	25.9062
3.20654	25.9462
3.20687	25.9862
3.20725	26.0262
3.20742	26.0646
3.20769	26.1031
3.20784	26.1416
3.20792	26.18
3.20813	26.2185
3.20848	26.257
3.20883	26.2954
3.20903	26.3339
3.20927	26.3723
3.20947	26.4108
3.20971	26.4493
3.21004	26.4877
3.21047	26.5262
3.21057	26.5646
3.21084	26.6031
3.21111	26.6416
3.21133	26.68
3.21162	26.7185
3.21195	26.757
3.21209	26.7954
3.21238	26.8339
3.2126	26.8723
3.21293	26.9108
3.21313	26.9493
3.21343	26.9877
3.21356	27.0262
3.21371	27.0632
3.21415	27.1003
3.21438	27.1373
3.21463	27.1743
3.21484	27.2114
3.21511	27.2484
3.2154	27.2854
3.21552	27.3225
3.21585	27.3595
3.21616	27.3966
3.21644	27.4336
3.21658	27.4706
3.21848	27.5077
3.21866	27.5447
3.21911	27.5817
3.21935	27.6188
3.21973	27.6558
3.21982	27.6928
3.21996	27.7299
3.22054	27.7669
3.2207	27.804
3.22093	27.841
3.22123	27.878
3.22142	27.9151
3.22181	27.9521
3.22202	27.9891
3.22243	28.0262
3.22274	28.0619
3.2228	28.0976
3.22316	28.1333
3.22331	28.169
3.22357	28.2048
3.22384	28.2405
3.22421	28.2762
3.22447	28.3119
3.22478	28.3476
3.22498	28.3833
3.22542	28.419
3.22564	28.4548
3.22598	28.4905
3.22626	28.5262
3.22662	28.5619
3.2267	28.5976
3.22706	28.6333
3.22732	28.669
3.22754	28.7048
3.22796	28.7405
3.22836	28.7762
3.22869	28.8119
3.22915	28.8476
3.22977	28.8833
3.23015	28.919
3.23055	28.9548
3.23083	28.9905
3.23178	29.0262
3.2323	29.0607
3.23245	29.0951
3.23263	29.1296
3.23282	29.1641
3.23291	29.1986
3.23324	29.2331
3.23358	29.2676
3.23397	29.302
3.23429	29.3365
3.23468	29.371
3.2357	29.4055
3.2358	29.44
3.23638	29.4745
3.23699	29.5089
3.23706	29.5434
3.23717	29.5779
3.23762	29.6124
3.23788	29.6469
3.23814	29.6814
3.23876	29.7158
3.23902	29.7503
3.23927	29.7848
3.24079	29.8193
3.24108	29.8538
3.24128	29.8883
3.24134	29.9227
3.24146	29.9572
3.24159	29.9917
3.24168	30.0262
3.24185	30.0595
3.24201	30.0928
3.2422	30.1262
3.24227	30.1595
3.24248	30.1928
3.24257	30.2262
3.24281	30.2595
3.24296	30.2928
3.2431	30.3262
3.24336	30.3595
3.24355	30.3928
3.24378	30.4262
3.24404	30.4595
3.2442	30.4928
3.24433	30.5262
3.2446	30.5595
3.24503	30.5928
3.2452	30.6262
3.24531	30.6595
3.24553	30.6928
3.2457	30.7262
3.24585	30.7595
3.24631	30.7928
3.24648	30.8262
3.24676	30.8595
3.24703	30.8928
3.24713	30.9262
3.24742	30.9595
3.2476	30.9928
3.24786	31.0262
3.24823	31.0584
3.24852	31.0907
3.24878	31.123
3.24908	31.1552
3.24923	31.1875
3.24938	31.2197
3.24974	31.252
3.24994	31.2842
3.25014	31.3165
3.25026	31.3488
3.25049	31.381
3.25076	31.4133
3.25116	31.4455
3.25161	31.4778
3.25218	31.5101
3.25241	31.5423
3.25253	31.5746
3.2526	31.6068
3.25275	31.6391
3.25319	31.6713
3.25346	31.7036
3.25364	31.7359
3.25405	31.7681
3.25432	31.8004
3.25456	31.8326
3.2549	31.8649
3.25521	31.8971
3.25551	31.9294
3.25568	31.9617
3.25596	31.9939
3.25619	32.0262
3.25632	32.0574
3.25654	32.0887
3.25671	32.1199
3.25693	32.1512
3.25705	32.1824
3.25712	32.2137
3.25724	32.2449
3.25752	32.2762
3.25769	32.3074
3.25784	32.3387
3.25843	32.3699
3.25868	32.4012
3.25881	32.4324
3.25914	32.4637
3.25917	32.4949
3.25958	32.5262
3.25977	32.5574
3.25996	32.5887
3.26016	32.6199
3.26028	32.6512
3.26035	32.6824
3.26073	32.7137
3.26084	32.7449
3.26108	32.7762
3.26134	32.8074
3.26169	32.8387
3.26184	32.8699
3.26223	32.9012
3.26252	32.9324
3.26277	32.9637
3.26417	32.9949
3.26427	33.0262
3.26469	33.0565
3.26483	33.0868
3.26533	33.1171
3.26544	33.1474
3.26553	33.1777
3.26562	33.208
3.26565	33.2383
3.26567	33.2686
3.26612	33.2989
3.26636	33.3292
3.26639	33.3595
3.2666	33.3898
3.26724	33.4201
3.26794	33.4504
3.268	33.4807
3.26825	33.511
3.26847	33.5413
3.26867	33.5716
3.26877	33.6019
3.26887	33.6322
3.26897	33.6625
3.26913	33.6928
3.26928	33.7232
3.26943	33.7535
3.26954	33.7838
3.26962	33.8141
3.2699	33.8444
3.26999	33.8747
3.27005	33.905
3.27027	33.9353
3.27045	33.9656
3.27052	33.9959
3.27088	34.0262
3.27112	34.0556
3.27116	34.085
3.27136	34.1144
3.27167	34.1438
3.2718	34.1732
3.27196	34.2027
3.27217	34.2321
3.27234	34.2615
3.27242	34.2909
3.27259	34.3203
3.27279	34.3497
3.27299	34.3791
3.27317	34.4085
3.27334	34.4379
3.27337	34.4674
3.27356	34.4968
3.27363	34.5262
3.27384	34.5556
3.27415	34.585
3.27432	34.6144
3.27448	34.6438
3.2747	34.6732
3.27517	34.7027
3.27525	34.7321
3.27547	34.7615
3.2755	34.7909
3.27565	34.8203
3.27575	34.8497
3.27593	34.8791
3.27623	34.9085
3.2765	34.9379
3.27665	34.9674
3.27681	34.9968
3.27695	35.0262
3.277	35.0548
3.27728	35.0833
3.27745	35.1119
3.27771	35.1405
3.27777	35.169
3.27812	35.1976
3.27819	35.2262
3.27852	35.2548
3.27867	35.2833
3.27877	35.3119
3.27914	35.3405
3.27929	35.369
3.2795	35.3976
3.2796	35.4262
3.27967	35.4548
3.28002	35.4833
3.28042	35.5119
3.28067	35.5405
3.28093	35.569
3.28127	35.5976
3.28152	35.6262
3.28165	35.6548
3.28183	35.6833
3.28218	35.7119
3.28242	35.7405
3.28311	35.769
3.28332	35.7976
3.2835	35.8262
3.28367	35.8548
3.28397	35.8833
3.2842	35.9119
3.28441	35.9405
3.28453	35.969
3.28481	35.9976
3.28502	36.0262
3.28523	36.054
3.28541	36.0817
3.28712	36.1095
3.28722	36.1373
3.28751	36.1651
3.28763	36.1928
3.28783	36.2206
3.28799	36.2484
3.28824	36.2762
3.28845	36.304
3.28871	36.3317
3.28904	36.3595
3.28945	36.3873
3.28957	36.4151
3.28983	36.4428
3.29008	36.4706
3.29019	36.4984
3.29024	36.5262
3.2903	36.554
3.29033	36.5817
3.29046	36.6095
3.29053	36.6373
3.29061	36.6651
3.29063	36.6928
3.2907	36.7206
3.29087	36.7484
3.291	36.7762
3.29119	36.804
3.29141	36.8317
3.29264	36.8595
3.29563	36.8873
3.29589	36.9151
3.29608	36.9428
3.29629	36.9706
3.29658	36.9984
3.29669	37.0262
3.29685	37.0532
3.29709	37.0802
3.29721	37.1073
3.29726	37.1343
3.29759	37.1613
3.29782	37.1883
3.29798	37.2154
3.29818	37.2424
3.29831	37.2694
3.29841	37.2965
3.2986	37.3235
3.29894	37.3505
3.29898	37.3775
3.29919	37.4046
3.29926	37.4316
3.29947	37.4586
3.29968	37.4856
3.30002	37.5127
3.30023	37.5397
3.30052	37.5667
3.30067	37.5937
3.30089	37.6208
3.30111	37.6478
3.30125	37.6748
3.30132	37.7019
3.30137	37.7289
3.30151	37.7559
3.30161	37.7829
3.3018	37.81
3.302	37.837
3.30221	37.864
3.30231	37.891
3.30253	37.9181
3.30266	37.9451
3.30275	37.9721
3.30296	37.9992
3.303	38.0262
3.30329	38.0525
3.30342	38.0788
3.30373	38.1051
3.30403	38.1314
3.30427	38.1578
3.3044	38.1841
3.30457	38.2104
3.30475	38.2367
3.30494	38.263
3.30521	38.2893
3.30527	38.3157
3.30563	38.342
3.30581	38.3683
3.30609	38.3946
3.30616	38.4209
3.30629	38.4472
3.30642	38.4736
3.3066	38.4999
3.30671	38.5262
3.30709	38.5525
3.30728	38.5788
3.3075	38.6051
3.30776	38.6314
3.30809	38.6578
3.30814	38.6841
3.30891	38.7104
3.30898	38.7367
3.30901	38.763
3.30902	38.7893
3.30905	38.8157
3.30936	38.842
3.30949	38.8683
3.30985	38.8946
3.3099	38.9209
3.31001	38.9472
3.31023	38.9736
3.31041	38.9999
3.31054	39.0262
3.31067	39.0518
3.31091	39.0775
3.31128	39.1031
3.31134	39.1287
3.3115	39.1544
3.31169	39.18
3.31177	39.2057
3.31193	39.2313
3.31207	39.257
3.31236	39.2826
3.31264	39.3082
3.31279	39.3339
3.31304	39.3595
3.31321	39.3852
3.31337	39.4108
3.31364	39.4364
3.31381	39.4621
3.31389	39.4877
3.31401	39.5134
3.3142	39.539
3.31433	39.5646
3.31459	39.5903
3.31484	39.6159
3.31495	39.6416
3.31518	39.6672
3.31532	39.6928
3.31564	39.7185
3.31582	39.7441
3.31587	39.7698
3.31611	39.7954
3.3162	39.8211
3.31645	39.8467
3.31662	39.8723
3.31694	39.898
3.31709	39.9236
3.31734	39.9493
3.3176	39.9749
3.31769	40.0005
3.31791	40.0255
3.31803	40.0505
3.31823	40.0755
3.31861	40.1005
3.31896	40.1255
3.319	40.1505
3.31902	40.1755
3.31927	40.2005
3.31945	40.2255
3.31962	40.2505
3.31965	40.2755
3.31997	40.3005
3.32017	40.3255
3.32032	40.3505
3.32071	40.3755
3.32082	40.4005
3.32086	40.4255
3.32122	40.4505
3.32137	40.4755
3.32152	40.5005
3.32162	40.5255
3.32181	40.5505
3.32204	40.5755
3.32238	40.6005
3.32256	40.6255
3.32273	40.6505
3.32281	40.6755
3.3231	40.7005
3.32318	40.7255
3.3233	40.7505
3.32371	40.7755
3.32387	40.8005
3.32403	40.8255
3.32417	40.8505
3.32446	40.8755
3.32453	40.9005
3.32468	40.9255
3.32483	40.9505
3.32501	40.9755
3.32515	41.0005
3.32539	41.0249
3.32569	41.0493
3.32585	41.0737
3.32599	41.0981
3.32612	41.1225
3.32656	41.1469
3.32665	41.1713
3.32695	41.1957
3.32739	41.2201
3.3276	41.2444
3.32769	41.2688
3.32795	41.2932
3.32811	41.3176
3.329	41.342
3.3292	41.3664
3.3294	41.3908
3.32969	41.4152
3.32977	41.4396
3.32986	41.464
3.33003	41.4883
3.33034	41.5127
3.33045	41.5371
3.33067	41.5615
3.33098	41.5859
3.33135	41.6103
3.33167	41.6347
3.33184	41.6591
3.33207	41.6835
3.33216	41.7079
3.33242	41.7322
3.33254	41.7566
3.33272	41.781
3.33301	41.8054
3.33316	41.8298
3.33331	41.8542
3.33362	41.8786
3.33381	41.903
3.33428	41.9274
3.33448	41.9518
3.33467	41.9762
3.33476	42.0005
3.3348	42.0244
3.33495	42.0482
3.33501	42.072
3.33505	42.0958
3.33528	42.1196
3.33534	42.1434
3.33553	42.1672
3.3356	42.191
3.33566	42.2148
3.3359	42.2386
3.33627	42.2624
3.33665	42.2863
3.33685	42.3101
3.337	42.3339
3.33727	42.3577
3.33739	42.3815
3.33748	42.4053
3.33766	42.4291
3.33796	42.4529
3.33855	42.4767
3.33878	42.5005
3.33898	42.5244
3.33959	42.5482
3.33988	42.572
3.33996	42.5958
3.34042	42.6196
3.34082	42.6434
3.34134	42.6672
3.3414	42.691
3.34152	42.7148
3.34177	42.7386
3.34186	42.7624
3.3421	42.7863
3.34217	42.8101
3.34242	42.8339
3.3426	42.8577
3.34297	42.8815
3.34323	42.9053
3.34345	42.9291
3.34375	42.9529
3.34385	42.9767
3.344	43.0005
3.34413	43.0238
3.34446	43.0471
3.34475	43.0703
3.34501	43.0936
3.34544	43.1168
3.34568	43.1401
3.3461	43.1633
3.34624	43.1866
3.34637	43.2098
3.34666	43.2331
3.3469	43.2564
3.34736	43.2796
3.34758	43.3029
3.34786	43.3261
3.34816	43.3494
3.34842	43.3726
3.34862	43.3959
3.34903	43.4191
3.34917	43.4424
3.34942	43.4657
3.34977	43.4889
3.35005	43.5122
3.35025	43.5354
3.35043	43.5587
3.35065	43.5819
3.35094	43.6052
3.35119	43.6284
3.35146	43.6517
3.35166	43.675
3.35323	43.6982
3.3533	43.7215
3.35336	43.7447
3.35345	43.768
3.35353	43.7912
3.35357	43.8145
3.3536	43.8378
3.35363	43.861
3.35387	43.8843
3.35442	43.9075
3.3547	43.9308
3.35495	43.954
3.35617	43.9773
3.35634	44.0005
3.35653	44.0233
3.35661	44.046
3.35693	44.0687
3.35724	44.0915
3.3574	44.1142
3.35799	44.1369
3.35814	44.1596
3.35827	44.1824
3.35843	44.2051
3.35864	44.2278
3.35905	44.2505
3.3591	44.2733
3.35934	44.296
3.35964	44.3187
3.35992	44.3415
3.36021	44.3642
3.3604	44.3869
3.36055	44.4096
3.3606	44.4324
3.36119	44.4551
3.3614	44.4778
3.36177	44.5005
3.36231	44.5233
3.3625	44.546
3.36292	44.5687
3.36307	44.5915
3.36325	44.6142
3.36348	44.6369
3.36387	44.6596
3.36401	44.6824
3.3643	44.7051
3.36469	44.7278
3.36496	44.7505
3.36522	44.7733
3.36545	44.796
3.36579	44.8187
3.36597	44.8415
3.36614	44.8642
3.3664	44.8869
3.36667	44.9096
3.36686	44.9324
3.36716	44.9551
3.36743	44.9778
3.36766	45.0005
3.36797	45.0228
3.3682	45.045
3.36833	45.0672
3.36866	45.0894
3.36878	45.1117
3.36911	45.1339
3.36922	45.1561
3.3695	45.1783
3.36972	45.2005
3.37003	45.2228
3.37025	45.245
3.37061	45.2672
3.3709	45.2894
3.37104	45.3117
3.37154	45.3339
3.37181	45.3561
3.37201	45.3783
3.37269	45.4005
3.37297	45.4228
3.37308	45.445
3.3736	45.4672
3.37419	45.4894
3.37485	45.5117
3.37502	45.5339
3.37518	45.5561
3.37536	45.5783
3.3757	45.6005
3.37581	45.6228
3.37601	45.645
3.37634	45.6672
3.37652	45.6894
3.37657	45.7117
3.37773	45.7339
3.37776	45.7561
3.37781	45.7783
3.37784	45.8005
3.37786	45.8228
3.37787	45.845
3.37796	45.8672
3.37803	45.8894
3.37805	45.9117
3.37832	45.9339
3.37839	45.9561
3.37853	45.9783
3.37863	46.0005
3.37886	46.0223
3.37916	46.044
3.37927	46.0658
3.37949	46.0875
3.37961	46.1092
3.37987	46.131
3.38001	46.1527
3.38017	46.1745
3.38031	46.1962
3.38047	46.2179
3.38077	46.2397
3.38101	46.2614
3.38122	46.2831
3.38161	46.3049
3.38185	46.3266
3.38206	46.3484
3.38233	46.3701
3.38263	46.3918
3.38273	46.4136
3.38296	46.4353
3.38307	46.4571
3.38316	46.4788
3.38331	46.5005
3.38341	46.5223
3.38348	46.544
3.38389	46.5658
3.38413	46.5875
3.38419	46.6092
3.38463	46.631
3.38489	46.6527
3.38505	46.6745
3.38513	46.6962
3.3854	46.7179
3.38598	46.7397
3.38609	46.7614
3.38643	46.7831
3.38651	46.8049
3.38664	46.8266
3.38671	46.8484
3.387	46.8701
3.38725	46.8918
3.38769	46.9136
3.3879	46.9353
3.3881	46.9571
3.38837	46.9788
3.38847	47.0005
3.38859	47.0218
3.38866	47.0431
3.38897	47.0644
3.3893	47.0856
3.38951	47.1069
3.38962	47.1282
3.38977	47.1495
3.39001	47.1708
3.39011	47.192
3.39023	47.2133
3.39054	47.2346
3.39067	47.2559
3.39086	47.2771
3.39152	47.2984
3.39166	47.3197
3.39171	47.341
3.39195	47.3622
3.39203	47.3835
3.39231	47.4048
3.39241	47.4261
3.39272	47.4473
3.3928	47.4686
3.3931	47.4899
3.39321	47.5112
3.39334	47.5325
3.39338	47.5537
3.39362	47.575
3.39388	47.5963
3.39413	47.6176
3.3945	47.6388
3.39453	47.6601
3.39463	47.6814
3.39489	47.7027
3.39495	47.7239
3.39506	47.7452
3.39562	47.7665
3.39567	47.7878
3.3959	47.8091
3.396	47.8303
3.39638	47.8516
3.39651	47.8729
3.39669	47.8942
3.3971	47.9154
3.39728	47.9367
3.3977	47.958
3.39775	47.9793
3.39794	48.0005
3.3981	48.0214
3.39824	48.0422
3.39848	48.063
3.39874	48.0839
3.3992	48.1047
3.39927	48.1255
3.39948	48.1464
3.39987	48.1672
3.39999	48.188
3.4002	48.2089
3.40037	48.2297
3.40046	48.2505
3.40083	48.2714
3.40086	48.2922
3.40101	48.313
3.40131	48.3339
3.40156	48.3547
3.40164	48.3755
3.40194	48.3964
3.40204	48.4172
3.40208	48.438
3.40239	48.4589
3.40253	48.4797
3.40298	48.5005
3.40313	48.5214
3.40329	48.5422
3.40346	48.563
3.40361	48.5839
3.40365	48.6047
3.40392	48.6255
3.4042	48.6464
3.40429	48.6672
3.40464	48.688
3.40475	48.7089
3.40479	48.7297
3.40504	48.7505
3.40529	48.7714
3.40566	48.7922
3.40573	48.813
3.40593	48.8339
3.40602	48.8547
3.40609	48.8755
3.40624	48.8964
3.4063	48.9172
3.40679	48.938
3.40697	48.9589
3.40712	48.9797
3.40742	49.0005
3.40774	49.0209
3.4079	49.0414
3.40808	49.0618
3.40835	49.0822
3.40852	49.1026
3.40875	49.123
3.40962	49.1434
3.40965	49.1638
3.40967	49.1842
3.40968	49.2046
3.4097	49.225
3.40974	49.2454
3.40976	49.2658
3.41046	49.2863
3.41051	49.3067
3.41064	49.3271
3.41068	49.3475
3.41099	49.3679
3.41119	49.3883
3.41164	49.4087
3.41168	49.4291
3.41223	49.4495
3.41228	49.4699
3.41238	49.4903
3.41273	49.5107
3.41282	49.5312
3.41294	49.5516
3.41323	49.572
3.41345	49.5924
3.41372	49.6128
3.41391	49.6332
3.41418	49.6536
3.41449	49.674
3.41464	49.6944
3.4147	49.7148
3.41483	49.7352
3.41517	49.7556
3.41524	49.7761
3.41549	49.7965
3.41569	49.8169
3.41585	49.8373
3.41608	49.8577
3.41628	49.8781
3.41638	49.8985
3.41693	49.9189
3.41729	49.9393
3.41749	49.9597
3.41758	49.9801
3.41781	50.0005
3.418	50.0205
3.41804	50.0405
3.41817	50.0605
3.41828	50.0805
3.4184	50.1005
3.41866	50.1205
3.41914	50.1405
3.41923	50.1605
3.41944	50.1805
3.41963	50.2005
3.42008	50.2205
3.42031	50.2405
3.42044	50.2605
3.42054	50.2805
3.42076	50.3005
3.42104	50.3205
3.42114	50.3405
3.42167	50.3605
3.42189	50.3805
3.42204	50.4005
3.42227	50.4205
3.42234	50.4405
3.42265	50.4605
3.42301	50.4805
3.42304	50.5005
3.42312	50.5205
3.42346	50.5405
3.4236	50.5605
3.42413	50.5805
3.42442	50.6005
3.42459	50.6205
3.42477	50.6405
3.4249	50.6605
3.42516	50.6805
3.42529	50.7005
3.4254	50.7205
3.42564	50.7405
3.42604	50.7605
3.42614	50.7805
3.42634	50.8005
3.42677	50.8205
3.42691	50.8405
3.42708	50.8605
3.42712	50.8805
3.42739	50.9005
3.42765	50.9205
3.42775	50.9405
3.42804	50.9605
3.42845	50.9805
3.42858	51.0005
3.42885	51.0201
3.42909	51.0398
3.42935	51.0594
3.42942	51.079
3.42962	51.0986
3.43001	51.1182
3.4301	51.1378
3.43019	51.1574
3.43029	51.177
3.43059	51.1966
3.43072	51.2162
3.43096	51.2358
3.43124	51.2554
3.43131	51.2751
3.43184	51.2947
3.43195	51.3143
3.43199	51.3339
3.43255	51.3535
3.43269	51.3731
3.43285	51.3927
3.43298	51.4123
3.43342	51.4319
3.43351	51.4515
3.43363	51.4711
3.43369	51.4907
3.43377	51.5103
3.43415	51.53
3.43436	51.5496
3.4348	51.5692
3.43488	51.5888
3.43494	51.6084
3.4353	51.628
3.43549	51.6476
3.43553	51.6672
3.43554	51.6868
3.43556	51.7064
3.43565	51.726
3.43585	51.7456
3.43606	51.7652
3.4361	51.7849
3.43672	51.8045
3.43714	51.8241
3.43755	51.8437
3.43759	51.8633
3.43761	51.8829
3.43776	51.9025
3.43785	51.9221
3.43821	51.9417
3.43843	51.9613
3.43848	51.9809
3.43868	52.0005
3.43874	52.0198
3.43893	52.039
3.44002	52.0582
3.44006	26.0291
3.44014	26.0676
3.44087	26.106
3.44093	26.1445
3.44103	26.183
3.44111	26.2214
3.4412	26.2599
3.44128	26.2983
3.44142	26.3368
3.44172	26.3753
3.4419	26.4137
3.44204	26.4522
3.44209	26.4907
3.44304	26.5291
3.58785	26.5676
3.59149	26.606
3.59184	26.6445
3.59233	26.683
3.59247	26.7214
3.59317	26.7599
3.59355	26.7983
3.59413	26.8368
3.59523	26.8753
3.59573	26.9137
3.5962	26.9522
3.59645	26.9907
3.59707	27.0291
3.59763	27.0662
3.59837	27.1032
3.60006	27.1402
3.60104	27.1773
3.6017	27.2143
3.60237	27.2513
3.6028	27.2884
3.60298	27.3254
3.60328	27.3625
3.60389	27.3995
3.60451	27.4365
3.60582	27.4736
3.60666	27.5106
3.60722	27.5476
3.60776	27.5847
3.60823	27.6217
3.60849	27.6587
3.60879	27.6958
3.60956	27.7328
3.61019	27.7699
3.61139	27.8069
3.6126	27.8439
3.61277	27.881
3.61329	27.918
3.61396	27.955
3.6144	27.9921
3.61466	28.0291
3.61493	28.0648
3.61503	28.1005
3.61518	28.1363
3.61526	28.172
3.61536	28.2077
3.61649	28.2434
3.61665	28.2791
3.61686	28.3148
3.61733	28.3505
3.61794	28.3863
3.61832	28.422
3.61856	28.4577
3.61863	28.4934
3.61879	28.5291
3.61897	28.5648
3.61913	28.6005
3.61918	28.6363
3.62032	28.672
3.62078	28.7077
3.6212	28.7434
3.62138	28.7791
3.62182	28.8148
3.62262	28.8505
3.62278	28.8863
3.62301	28.922
3.62306	28.9577
3.6234	28.9934
3.62356	29.0291
3.62375	29.0636
3.62386	29.0981
3.62422	29.1326
3.6246	29.167
3.62477	29.2015
3.62501	29.236
3.62627	29.2705
3.62634	29.305
3.62657	29.3395
3.62673	29.3739
3.62696	29.4084
3.6272	29.4429
3.62725	29.4774
3.62752	29.5119
3.62766	29.5464
3.6279	29.5808
3.62811	29.6153
3.6283	29.6498
3.62897	29.6843
3.62914	29.7188
3.62928	29.7533
3.62947	29.7877
3.62957	29.8222
3.63012	29.8567
3.63021	29.8912
3.63029	29.9257
3.63048	29.9602
3.63063	29.9946
3.6307	30.0291
3.63097	30.0625
3.63138	30.0958
3.63148	30.1291
3.63184	30.1625
3.63216	30.1958
3.63228	30.2291
3.63256	30.2625
3.63279	30.2958
3.6329	30.3291
3.63319	30.3625
3.63335	30.3958
3.63364	30.4291
3.63382	30.4625
3.63386	30.4958
3.634	30.5291
3.63424	30.5625
3.63441	30.5958
3.63452	30.6291
3.63489	30.6625
3.63536	30.6958
3.63594	30.7291
3.63628	30.7625
3.63648	30.7958
3.63664	30.8291
3.63712	30.8625
3.63722	30.8958
3.63747	30.9291
3.63763	30.9625
3.63773	30.9958
3.638	31.0291
3.6384	31.0614
3.63847	31.0936
3.63883	31.1259
3.63912	31.1581
3.63957	31.1904
3.64006	31.2227
3.64043	31.2549
3.64058	31.2872
3.64068	31.3194
3.64086	31.3517
3.64105	31.384
3.64123	31.4162
3.64134	31.4485
3.64143	31.4807
3.64177	31.513
3.64204	31.5452
3.64209	31.5775
3.64288	31.6098
3.64341	31.642
3.64381	31.6743
3.64408	31.7065
3.64418	31.7388
3.64428	31.7711
3.64445	31.8033
3.64451	31.8356
3.64462	31.8678
3.64502	31.9001
3.64518	31.9323
3.64528	31.9646
3.64548	31.9969
3.64572	32.0291
3.64581	32.0604
3.64607	32.0916
3.64633	32.1229
3.64653	32.1541
3.64671	32.1854
3.64689	32.2166
3.64698	32.2479
3.64721	32.2791
3.64725	32.3104
3.64741	32.3416
3.64758	32.3729
3.64771	32.4041
3.64812	32.4354
3.64827	32.4666
3.64831	32.4979
3.64903	32.5291
3.64921	32.5604
3.64933	32.5916
3.64957	32.6229
3.64988	32.6541
3.65018	32.6854
3.65058	32.7166
3.65061	32.7479
3.65064	32.7791
3.65088	32.8104
3.651	32.8416
3.6512	32.8729
3.65166	32.9041
3.65187	32.9354
3.65199	32.9666
3.65245	32.9979
3.65256	33.0291
3.65286	33.0594
3.65298	33.0897
3.65301	33.12
3.65331	33.1503
3.65336	33.1806
3.65357	33.2109
3.65391	33.2412
3.65407	33.2715
3.65435	33.3018
3.65462	33.3321
3.65488	33.3625
3.65522	33.3928
3.65539	33.4231
3.65567	33.4534
3.65583	33.4837
3.65593	33.514
3.65608	33.5443
3.65619	33.5746
3.65644	33.6049
3.65657	33.6352
3.65692	33.6655
3.65726	33.6958
3.65761	33.7261
3.65782	33.7564
3.65788	33.7867
3.65822	33.817
3.65848	33.8473
3.65892	33.8776
3.65913	33.9079
3.65939	33.9382
3.65971	33.9685
3.6599	33.9988
3.66006	34.0291
3.66033	34.0585
3.66053	34.0879
3.66069	34.1174
3.66082	34.1468
3.66096	34.1762
3.66105	34.2056
3.66131	34.235
3.66136	34.2644
3.66171	34.2938
3.66182	34.3232
3.66207	34.3526
3.66246	34.3821
3.6625	34.4115
3.66252	34.4409
3.66268	34.4703
3.663	34.4997
3.66323	34.5291
3.66335	34.5585
3.66359	34.5879
3.66385	34.6174
3.66391	34.6468
3.66405	34.6762
3.66432	34.7056
3.66457	34.735
3.66469	34.7644
3.66487	34.7938
3.66515	34.8232
3.66529	34.8526
3.66553	34.8821
3.66574	34.9115
3.66619	34.9409
3.6664	34.9703
3.6666	34.9997
3.66665	35.0291
3.6668	35.0577
3.66685	35.0863
3.66716	35.1148
3.66722	35.1434
3.66749	35.172
3.6678	35.2005
3.66794	35.2291
3.66807	35.2577
3.6682	35.2863
3.66854	35.3148
3.66877	35.3434
3.66901	35.372
3.66905	35.4005
3.66907	35.4291
3.66908	35.4577
3.66947	35.4863
3.66953	35.5148
3.67016	35.5434
3.67053	35.572
3.6708	35.6005
3.67139	35.6291
3.67155	35.6577
3.6721	35.6863
3.67264	35.7148
3.67277	35.7434
3.67287	35.772
3.67319	35.8005
3.67328	35.8291
3.67348	35.8577
3.67369	35.8863
3.67393	35.9148
3.67399	35.9434
3.67474	35.972
3.67494	36.0005
3.67533	36.0283
3.67556	36.0561
3.67568	36.0839
3.6759	36.1117
3.676	36.1394
3.6761	36.1672
3.67624	36.195
3.6764	36.2228
3.67655	36.2505
3.67675	36.2783
3.67696	36.3061
3.677	36.3339
3.67728	36.3617
3.67764	36.3894
3.67778	36.4172
3.67787	36.445
3.67797	36.4728
3.67824	36.5005
3.67844	36.5283
3.67876	36.5561
3.67892	36.5839
3.67919	36.6117
3.67997	36.6394
3.68055	36.6672
3.68075	36.695
3.68082	36.7228
3.68088	36.7505
3.68104	36.7783
3.68119	36.8061
3.68123	36.8339
3.68158	36.8617
3.68207	36.8894
3.68331	36.9172
3.68436	36.945
3.68447	36.9728
3.68469	37.0005
3.68483	37.0276
3.68487	37.0546
3.68522	37.0816
3.68535	37.1087
3.68539	37.1357
3.68553	37.1627
3.68577	37.1897
3.68608	37.2168
3.68634	37.2438
3.68641	37.2708
3.68662	37.2978
3.68684	37.3249
3.68699	37.3519
3.68711	37.3789
3.68737	37.406
3.68775	37.433
3.6879	37.46
3.68824	37.487
3.68848	37.5141
3.68859	37.5411
3.68872	37.5681
3.68889	37.5951
3.68904	37.6222
3.68921	37.6492
3.68931	37.6762
3.68942	37.7032
3.68966	37.7303
3.68975	37.7573
3.68983	37.7843
3.69007	37.8114
3.69011	37.8384
3.6903	37.8654
3.69044	37.8924
3.69075	37.9195
3.69085	37.9465
3.69096	37.9735
3.69099	38.0005
3.69116	38.0269
3.69135	38.0532
3.6914	38.0795
3.69163	38.1058
3.69186	38.1321
3.69199	38.1584
3.69224	38.1848
3.69235	38.2111
3.69243	38.2374
3.69257	38.2637
3.69267	38.29
3.69287	38.3163
3.69314	38.3427
3.69323	38.369
3.6935	38.3953
3.69359	38.4216
3.69371	38.4479
3.69391	38.4742
3.69406	38.5005
3.69415	38.5269
3.69428	38.5532
3.69443	38.5795
3.69453	38.6058
3.69466	38.6321
3.69481	38.6584
3.69498	38.6848
3.69516	38.7111
3.69524	38.7374
3.69546	38.7637
3.6956	38.79
3.6957	38.8163
3.69576	38.8427
3.69587	38.869
3.69604	38.8953
3.69621	38.9216
3.69635	38.9479
3.6964	38.9742
3.69664	39.0005
3.69679	39.0262
3.6969	39.0518
3.69699	39.0775
3.69713	39.1031
3.69728	39.1288
3.69732	39.1544
3.69747	39.18
3.69761	39.2057
3.69766	39.2313
3.69808	39.257
3.69826	39.2826
3.69834	39.3082
3.69849	39.3339
3.69854	39.3595
3.69869	39.3852
3.69903	39.4108
3.69914	39.4364
3.69925	39.4621
3.69937	39.4877
3.69946	39.5134
3.69955	39.539
3.69981	39.5646
3.6999	39.5903
3.70011	39.6159
3.70023	39.6416
3.70037	39.6672
3.70048	39.6929
3.70053	39.7185
3.70055	39.7441
3.70088	39.7698
3.70132	39.7954
3.70138	39.8211
3.70141	39.8467
3.70155	39.8723
3.70158	39.898
3.70173	39.9236
3.70186	39.9493
3.70226	39.9749
3.70247	40.0005
3.70264	40.0255
3.70275	40.0505
3.70283	40.0755
3.70303	40.1005
3.70308	40.1255
3.70326	40.1505
3.70362	40.1755
3.70377	40.2005
3.70389	40.2255
3.70405	40.2505
3.70409	40.2755
3.70425	40.3005
3.70437	40.3255
3.7045	40.3505
3.70474	40.3755
3.70483	40.4005
3.70492	40.4255
3.70514	40.4505
3.70541	40.4755
3.7055	40.5005
3.70559	40.5255
3.70575	40.5505
3.70583	40.5755
3.706	40.6005
3.70609	40.6255
3.70626	40.6505
3.70644	40.6755
3.70654	40.7005
3.70659	40.7255
3.70669	40.7505
3.70682	40.7755
3.70714	40.8005
3.70731	40.8255
3.70748	40.8505
3.70767	40.8755
3.70771	40.9005
3.70794	40.9255
3.70802	40.9505
3.70819	40.9755
3.7083	41.0005
3.70855	41.0249
3.70869	41.0493
3.70879	41.0737
3.70892	41.0981
3.70913	41.1225
3.70925	41.1469
3.70929	41.1713
3.70949	41.1957
3.70956	41.2201
3.70962	41.2444
3.70992	41.2688
3.70998	41.2932
3.7102	41.3176
3.71028	41.342
3.71039	41.3664
3.7105	41.3908
3.71063	41.4152
3.71074	41.4396
3.71093	41.464
3.71096	41.4884
3.71131	41.5127
3.71143	41.5371
3.7115	41.5615
3.71156	41.5859
3.71162	41.6103
3.71178	41.6347
3.71191	41.6591
3.71203	41.6835
3.71216	41.7079
3.7123	41.7323
3.71243	41.7566
3.71248	41.781
3.7125	41.8054
3.71273	41.8298
3.71287	41.8542
3.71309	41.8786
3.71342	41.903
3.71363	41.9274
3.71405	41.9518
3.71429	41.9762
3.71471	42.0005
3.71516	42.0244
3.71538	42.0482
3.7157	42.072
3.71595	42.0958
3.71629	42.1196
3.71651	42.1434
3.71669	42.1672
3.71697	42.191
3.71735	42.2148
3.71752	42.2386
3.71798	42.2625
3.71831	42.2863
3.71852	42.3101
3.71892	42.3339
3.71914	42.3577
3.71934	42.3815
3.71943	42.4053
3.71975	42.4291
3.7198	42.4529
3.72004	42.4767
3.72011	42.5005
3.72033	42.5244
3.72041	42.5482
3.72072	42.572
3.72079	42.5958
3.72085	42.6196
3.72101	42.6434
3.72131	42.6672
3.72136	42.691
3.72146	42.7148
3.7215	42.7386
3.72168	42.7625
3.72183	42.7863
3.72214	42.8101
3.72224	42.8339
3.72236	42.8577
3.72249	42.8815
3.72263	42.9053
3.72283	42.9291
3.72313	42.9529
3.72324	42.9767
3.7234	43.0005
3.72351	43.0238
3.72378	43.0471
3.72421	43.0703
3.72437	43.0936
3.7245	43.1168
3.72472	43.1401
3.72489	43.1633
3.72512	43.1866
3.7252	43.2098
3.72534	43.2331
3.72559	43.2564
3.72562	43.2796
3.72585	43.3029
3.72593	43.3261
3.7261	43.3494
3.72622	43.3726
3.72657	43.3959
3.72682	43.4191
3.72698	43.4424
3.72702	43.4657
3.72704	43.4889
3.7271	43.5122
3.7274	43.5354
3.72763	43.5587
3.72766	43.5819
3.7278	43.6052
3.72794	43.6285
3.7281	43.6517
3.72828	43.675
3.72849	43.6982
3.72859	43.7215
3.72875	43.7447
3.72884	43.768
3.72901	43.7912
3.72919	43.8145
3.72933	43.8378
3.72942	43.861
3.72958	43.8843
3.72978	43.9075
3.72991	43.9308
3.72999	43.954
3.73026	43.9773
3.73039	44.0005
3.73066	44.0233
3.73074	44.046
3.73084	44.0687
3.73102	44.0915
3.73113	44.1142
3.73128	44.1369
3.73141	44.1596
3.73152	44.1824
3.73162	44.2051
3.73183	44.2278
3.7319	44.2505
3.73193	44.2733
3.73212	44.296
3.7323	44.3187
3.7324	44.3415
3.73255	44.3642
3.73263	44.3869
3.73279	44.4096
3.73315	44.4324
3.73323	44.4551
3.73348	44.4778
3.73362	44.5005
3.73374	44.5233
3.73386	44.546
3.73417	44.5687
3.73448	44.5915
3.73452	44.6142
3.73454	44.6369
3.7346	44.6596
3.73467	44.6824
3.73487	44.7051
3.73495	44.7278
3.73525	44.7505
3.73529	44.7733
3.73544	44.796
3.73552	44.8187
3.7356	44.8415
3.73584	44.8642
3.73596	44.8869
3.73618	44.9096
3.73627	44.9324
3.73639	44.9551
3.73662	44.9778
3.7367	45.0005
3.73678	45.0228
3.73833	45.045
3.73839	45.0672
3.73842	45.0894
3.73844	45.1117
3.73846	45.1339
3.73851	45.1561
3.73858	45.1783
3.73864	45.2005
3.73866	45.2228
3.73868	45.245
3.73869	45.2672
3.73878	45.2894
3.7389	45.3117
3.73894	45.3339
3.73896	45.3561
3.73898	45.3783
3.739	45.4005
3.7391	45.4228
3.73944	45.445
3.73959	45.4672
3.73971	45.4894
3.73986	45.5117
3.73996	45.5339
3.74009	45.5561
3.74024	45.5783
3.74029	45.6005
3.74047	45.6228
3.74062	45.645
3.74079	45.6672
3.74088	45.6894
3.74101	45.7117
3.74114	45.7339
3.74129	45.7561
3.74133	45.7783
3.74159	45.8005
3.74165	45.8228
3.74184	45.845
3.74207	45.8672
3.74258	45.8894
3.7428	45.9117
3.74293	45.9339
3.74326	45.9561
3.74355	45.9783
3.74365	46.0005
3.74385	46.0223
3.74391	46.044
3.74403	46.0658
3.74417	46.0875
3.74424	46.1092
3.74429	46.131
3.74452	46.1527
3.74457	46.1745
3.74474	46.1962
3.74491	46.2179
3.74495	46.2397
3.74518	46.2614
3.74526	46.2832
3.74537	46.3049
3.74548	46.3266
3.74557	46.3484
3.74561	46.3701
3.74575	46.3918
3.74597	46.4136
3.7461	46.4353
3.74617	46.4571
3.74643	46.4788
3.7465	46.5005
3.74661	46.5223
3.74678	46.544
3.74691	46.5658
3.74711	46.5875
3.74722	46.6092
3.74745	46.631
3.74763	46.6527
3.74774	46.6745
3.7478	46.6962
3.74803	46.7179
3.74807	46.7397
3.74834	46.7614
3.74839	46.7832
3.74851	46.8049
3.74869	46.8266
3.74881	46.8484
3.74905	46.8701
3.74913	46.8918
3.74922	46.9136
3.7493	46.9353
3.74944	46.9571
3.74953	46.9788
3.7497	47.0005
3.74984	47.0218
3.74996	47.0431
3.75033	47.0644
3.75052	47.0857
3.75097	47.1069
3.75114	47.1282
3.75121	47.1495
3.75127	47.1708
3.75132	47.192
3.75148	47.2133
3.75157	47.2346
3.75168	47.2559
3.75183	47.2771
3.75201	47.2984
3.75206	47.3197
3.75217	47.341
3.75234	47.3622
3.7524	47.3835
3.75259	47.4048
3.75269	47.4261
3.75283	47.4474
3.75289	47.4686
3.753	47.4899
3.75323	47.5112
3.75337	47.5325
3.75343	47.5537
3.75353	47.575
3.75361	47.5963
3.75367	47.6176
3.75376	47.6388
3.75388	47.6601
3.75406	47.6814
3.7542	47.7027
3.75431	47.7239
3.75442	47.7452
3.75451	47.7665
3.75463	47.7878
3.75483	47.8091
3.75495	47.8303
3.75502	47.8516
3.75512	47.8729
3.75522	47.8942
3.75543	47.9154
3.75558	47.9367
3.75564	47.958
3.75581	47.9793
3.75588	48.0005
3.75603	48.0214
3.75608	48.0422
3.75619	48.063
3.75648	48.0839
3.75653	48.1047
3.75665	48.1255
3.7568	48.1464
3.75699	48.1672
3.75704	48.188
3.75718	48.2089
3.75729	48.2297
3.75744	48.2505
3.75752	48.2714
3.7577	48.2922
3.7578	48.313
3.75783	48.3339
3.75799	48.3547
3.75822	48.3755
3.75833	48.3964
3.75843	48.4172
3.75862	48.438
3.75875	48.4589
3.75883	48.4797
3.7589	48.5005
3.75897	48.5214
3.75913	48.5422
3.7592	48.563
3.75942	48.5839
3.75953	48.6047
3.75968	48.6255
3.75981	48.6464
3.75987	48.6672
3.75989	48.688
3.76001	48.7089
3.76009	48.7297
3.76018	48.7505
3.76034	48.7714
3.7604	48.7922
3.76061	48.813
3.76075	48.8339
3.76084	48.8547
3.76099	48.8755
3.76106	48.8964
3.76112	48.9172
3.76116	48.938
3.76137	48.9589
3.76147	48.9797
3.76158	49.0005
3.76185	49.021
3.76195	49.0414
3.76198	49.0618
3.76205	49.0822
3.76216	49.1026
3.76232	49.123
3.7624	49.1434
3.76255	49.1638
3.76262	49.1842
3.76271	49.2046
3.76289	49.225
3.76299	49.2454
3.76308	49.2659
3.76326	49.2863
3.76341	49.3067
3.76347	49.3271
3.76363	49.3475
3.76368	49.3679
3.76377	49.3883
3.76383	49.4087
3.76405	49.4291
3.76421	49.4495
3.76433	49.4699
3.76445	49.4903
3.76449	49.5107
3.7645	49.5312
3.76471	49.5516
3.76486	49.572
3.76503	49.5924
3.76513	49.6128
3.76516	49.6332
3.76538	49.6536
3.76546	49.674
3.76552	49.6944
3.76564	49.7148
3.76575	49.7352
3.7658	49.7556
3.76603	49.7761
3.76614	49.7965
3.76624	49.8169
3.76633	49.8373
3.76649	49.8577
3.76664	49.8781
3.76674	49.8985
3.76689	49.9189
3.76694	49.9393
3.76707	49.9597
3.76723	49.9801
3.76727	50.0005
3.76746	50.0205
3.7676	50.0405
3.76778	50.0605
3.76788	50.0805
3.768	50.1005
3.76806	50.1205
3.76818	50.1405
3.76823	50.1605
3.76841	50.1805
3.76853	50.2005
3.76861	50.2205
3.76869	50.2405
3.76877	50.2605
3.76897	50.2805
3.76907	50.3005
3.76918	50.3205
3.76925	50.3405
3.76936	50.3605
3.76942	50.3805
3.76958	50.4005
3.76977	50.4205
3.77	50.4405
3.77027	50.4605
3.7705	50.4805
3.77068	50.5005
3.77079	50.5205
3.77087	50.5405
3.77103	50.5605
3.77107	50.5805
3.7713	50.6005
3.77154	50.6205
3.77164	50.6405
3.77174	50.6605
3.77181	50.6805
3.77197	50.7005
3.77204	50.7205
3.7722	50.7405
3.77236	50.7605
3.77242	50.7805
3.77254	50.8005
3.77269	50.8205
3.77279	50.8405
3.77294	50.8605
3.77301	50.8805
3.77312	50.9005
3.77328	50.9205
3.77338	50.9405
3.77349	50.9605
3.7736	50.9805
3.77373	51.0005
3.77384	51.0202
3.77402	51.0398
3.77412	51.0594
3.77425	51.079
3.77444	51.0986
3.77455	51.1182
3.77466	51.1378
3.77486	51.1574
3.77504	51.177
3.77509	51.1966
3.7753	51.2162
3.77548	51.2358
3.77562	51.2554
3.77574	51.2751
3.77583	51.2947
3.77597	51.3143
3.77617	51.3339
3.77626	51.3535
3.77636	51.3731
3.77646	51.3927
3.77682	51.4123
3.77696	51.4319
3.77704	51.4515
3.7771	51.4711
3.77729	51.4907
3.77736	51.5103
3.77747	51.53
3.7776	51.5496
3.7778	51.5692
3.77787	51.5888
3.77799	51.6084
3.77812	51.628
3.77828	51.6476
3.77838	51.6672
3.77851	51.6868
3.77861	51.7064
3.77867	51.726
3.77888	51.7456
3.77899	51.7653
3.77906	51.7849
3.77919	51.8045
3.77933	51.8241
3.77957	51.8437
3.7798	51.8633
3.77989	51.8829
3.78011	51.9025
3.78016	51.9221
3.78036	51.9417
3.7804	51.9613
3.78042	51.9809
3.7806	52.0005
3.78078	52.0198
3.781	52.039
3.78106	52.0582
3.7811	52.0775
3.78125	52.0967
3.78147	52.1159
3.78158	52.1352
3.78162	52.1544
3.78174	52.1736
3.78185	52.1929
3.78204	52.2121
3.78208	52.2313
3.78229	52.2505
3.78234	52.2698
3.78236	52.289
3.78254	52.3082
3.78259	52.3275
3.78272	52.3467
3.78288	52.3659
3.783	52.3852
3.78311	52.4044
3.78322	52.4236
3.78335	52.4429
3.78346	52.4621
3.78365	52.4813
3.78372	52.5005
3.7838	52.5198
3.7839	52.539
3.78405	52.5582
3.78418	52.5775
3.78423	52.5967
3.78439	52.6159
3.78456	52.6352
3.78465	52.6544
3.78478	52.6736
3.78484	52.6929
3.78496	52.7121
3.78503	52.7313
3.78516	52.7505
3.7853	52.7698
3.78542	52.789
3.78551	52.8082
3.78577	52.8275
3.78591	52.8467
3.78598	52.8659
3.78609	52.8852
3.78617	52.9044
3.7862	52.9236
3.78628	52.9429
3.78633	52.9621
3.78653	52.9813
3.7866	53.0005
3.78667	53.0194
3.78686	53.0383
3.78695	53.0571
3.78839	53.076
3.78845	53.0949
3.78847	53.1138
3.78849	53.1326
3.78851	53.1515
3.78852	53.1704
3.78854	53.1892
3.78857	53.2081
3.7886	53.227
3.78861	53.2458
3.78863	53.2647
3.78865	53.2836
3.78868	53.3024
3.78871	53.3213
3.78872	53.3402
3.7888	53.359
3.78893	53.3779
3.78907	53.3968
3.78918	53.4156
3.78936	53.4345
3.78951	53.4534
3.78958	53.4722
3.7897	53.4911
3.78984	53.51
3.78994	53.5288
3.79009	53.5477
3.79016	53.5666
3.79028	53.5855
3.79047	53.6043
3.79052	53.6232
3.79074	53.6421
3.79078	53.6609
3.79089	53.6798
3.79102	53.6987
3.79117	53.7175
3.79129	53.7364
3.79151	53.7553
3.79167	53.7741
3.79175	53.793
3.79189	53.8119
3.79197	53.8307
3.79211	53.8496
3.7923	53.8685
3.7924	53.8873
3.79247	53.9062
3.79261	53.9251
3.79266	53.9439
3.79285	53.9628
3.79296	53.9817
3.79317	54.0005
3.79328	54.0191
3.79344	54.0376
3.79352	54.0561
3.79363	54.0746
3.7938	54.0931
3.79394	54.1117
3.79414	54.1302
3.7942	54.1487
3.79446	54.1672
3.79458	54.1857
3.7948	54.2042
3.795	54.2228
3.79537	54.2413
3.7955	54.2598
3.79571	54.2783
3.79598	54.2968
3.79676	54.3154
3.79742	54.3339
3.79768	54.3524
3.79823	54.3709
3.79847	54.3894
3.79859	54.408
3.79874	54.4265
3.79899	54.445
3.79937	54.4635
3.79947	54.482
3.79959	54.5005
3.79985	54.5191
3.80013	54.5376
3.8003	54.5561
3.80039	54.5746
3.80062	54.5931
3.80072	54.6117
3.80096	54.6302
3.80102	54.6487
3.80117	54.6672
3.80128	54.6857
3.80144	54.7042
3.80155	54.7228
3.80165	54.7413
3.80186	54.7598
3.80197	54.7783
3.80214	54.7968
3.80222	54.8154
3.80244	54.8339
3.80248	54.8524
3.8025	54.8709
3.80251	54.8894
3.80272	54.908
3.8029	54.9265
3.80308	54.945
3.80319	54.9635
3.80332	54.982
3.80343	55.0005
3.80356	55.0187
3.8038	55.0369
3.80404	55.0551
3.80416	55.0733
3.80439	55.0915
3.80456	55.1096
3.80465	55.1278
3.80483	55.146
3.80497	55.1642
3.805	55.1824
3.80509	55.2005
3.80516	55.2187
3.8052	55.2369
3.80558	55.2551
3.80562	55.2733
3.80564	55.2915
3.80579	55.3096
3.80583	55.3278
3.80603	55.346
3.80616	55.3642
3.80625	55.3824
3.8065	55.4005
3.80658	55.4187
3.80671	55.4369
3.8068	55.4551
3.80691	55.4733
3.80694	55.4915
3.80695	55.5096
3.80711	55.5278
3.80715	55.546
3.80726	55.5642
3.80731	55.5824
3.80742	55.6005
3.80753	55.6187
3.80773	55.6369
3.80786	55.6551
3.80795	55.6733
3.80806	55.6915
3.80821	55.7096
3.80829	55.7278
3.80849	55.746
3.80859	55.7642
3.80868	55.7824
3.80879	55.8005
3.80898	55.8187
3.80903	55.8369
3.80912	55.8551
3.80926	55.8733
3.80943	55.8915
3.80948	55.9096
3.80966	55.9278
3.80976	55.946
3.8099	55.9642
3.81002	55.9824
3.81015	56.0005
3.81028	56.0184
3.8103	56.0363
3.81045	56.0541
3.8106	56.072
3.81067	56.0898
3.81095	56.1077
3.81101	56.1255
3.81108	56.1434
3.81119	56.1613
3.81129	56.1791
3.81144	56.197
3.8115	56.2148
3.8116	56.2327
3.81177	56.2505
3.81195	56.2684
3.81206	56.2863
3.8122	56.3041
3.81225	56.322
3.81242	56.3398
3.81246	56.3577
3.8126	56.3755
3.81271	56.3934
3.81287	56.4113
3.813	56.4291
3.8131	56.447
3.81315	56.4648
3.81321	56.4827
3.81338	56.5005
3.8135	56.5184
3.81374	56.5363
3.81381	56.5541
3.8139	56.572
3.81396	56.5898
3.8142	56.6077
3.81436	56.6255
3.81452	56.6434
3.81479	56.6613
3.81496	56.6791
3.81513	56.697
3.81525	56.7148
3.81547	56.7327
3.81561	56.7505
3.8157	56.7684
3.81597	56.7863
3.81623	56.8041
3.81634	56.822
3.81643	56.8398
3.81657	56.8577
3.81664	56.8755
3.81696	56.8934
3.817	56.9113
3.81703	56.9291
3.81719	56.947
3.8174	56.9648
3.81748	56.9827
3.81753	57.0005
3.81772	57.0181
3.81783	57.0356
3.81809	57.0532
3.81817	57.0707
3.8183	57.0883
3.81837	57.1058
3.81846	57.1234
3.81854	57.1409
3.81868	57.1584
3.81881	57.176
3.81899	57.1935
3.81909	57.2111
3.81926	57.2286
3.81946	57.2462
3.81954	57.2637
3.81963	57.2812
3.81974	57.2988
3.81982	57.3163
3.81998	57.3339
3.82012	57.3514
3.82026	57.369
3.8203	57.3865
3.82044	57.4041
3.82062	57.4216
3.82079	57.4391
3.82092	57.4567
3.82109	57.4742
3.82117	57.4918
3.82124	57.5093
3.8214	57.5269
3.82163	57.5444
3.82168	57.5619
3.82184	57.5795
3.82194	57.597
3.82214	57.6146
3.8223	57.6321
3.82241	57.6497
3.82256	57.6672
3.82275	57.6848
3.82294	57.7023
3.82309	57.7198
3.82325	57.7374
3.82338	57.7549
3.8235	57.7725
3.82371	57.79
3.82393	57.8076
3.82402	57.8251
3.82425	57.8427
3.82429	57.8602
3.82448	57.8777
3.82459	57.8953
3.82473	57.9128
3.82491	57.9304
3.82496	57.9479
3.82511	57.9655
3.82525	57.983
3.82538	58.0005
3.82542	58.0178
3.82563	58.035
3.82682	58.0523
3.82699	58.0695
3.82711	58.0868
3.82734	58.104
3.82748	58.1212
3.82763	58.1385
3.82769	58.1557
3.82774	58.173
3.82791	58.1902
3.82796	58.2074
3.82805	58.2247
3.82816	58.2419
3.8283	58.2592
3.82845	58.2764
3.82854	58.2936
3.82865	58.3109
3.82886	58.3281
3.82892	58.3454
3.82911	58.3626
3.82918	58.3799
3.82931	58.3971
3.82948	58.4143
3.82958	58.4316
3.82966	58.4488
3.82977	58.4661
3.82992	58.4833
3.83006	58.5005
3.83024	58.5178
3.83043	58.535
3.83054	58.5523
3.83063	58.5695
3.83075	58.5868
3.83079	58.604
3.83088	58.6212
3.83106	58.6385
3.83115	58.6557
3.83136	58.673
3.83159	58.6902
3.83173	58.7074
3.83196	58.7247
3.83206	58.7419
3.83217	58.7592
3.83232	58.7764
3.83243	58.7936
3.83255	58.8109
3.8326	58.8281
3.83274	58.8454
3.83289	58.8626
3.83304	58.8799
3.83314	58.8971
3.8332	58.9143
3.83352	58.9316
3.8337	58.9488
3.83397	58.9661
3.83424	58.9833
3.83438	59.0005
3.83455	59.0175
3.8347	59.0344
3.83488	59.0514
3.83504	59.0683
3.83514	59.0853
3.83527	59.1022
3.83546	59.1192
3.83554	59.1361
3.83569	59.1531
3.83578	59.17
3.83587	59.187
3.83607	59.2039
3.83614	59.2209
3.83622	59.2378
3.83647	59.2548
3.83656	59.2717
3.83664	59.2887
3.83676	59.3056
3.83696	59.3226
3.83708	59.3395
3.83723	59.3565
3.8373	59.3734
3.83737	59.3904
3.83754	59.4073
3.83759	59.4243
3.8378	59.4412
3.8379	59.4582
3.83804	59.4751
3.8381	59.4921
3.83825	59.509
3.83843	59.526
3.83855	59.5429
3.83865	59.5599
3.83877	59.5768
3.83903	59.5938
3.83907	59.6107
3.83921	59.6277
3.83936	59.6446
3.83945	59.6616
3.83952	59.6785
3.83973	59.6955
3.83993	59.7124
3.84004	59.7294
3.84008	59.7463
3.84023	59.7633
3.84035	59.7802
3.84042	59.7972
3.84059	59.8141
3.84068	59.8311
3.84081	59.848
3.84094	59.865
3.84114	59.8819
3.84123	59.8989
3.84131	59.9158
3.84138	59.9327
3.84146	59.9497
3.84158	59.9666
3.84176	59.9836
3.8419	60.0005
3.84196	60.0172
3.84211	60.0339
3.8423	60.0505
3.84235	60.0672
3.84247	60.0839
3.84258	60.1005
3.84271	60.1172
3.84288	60.1339
3.84302	60.1505
3.8432	60.1672
3.84336	60.1839
3.84347	60.2005
3.84369	60.2172
3.84378	60.2339
3.84388	60.2505
3.84397	60.2672
3.84415	60.2839
3.84434	60.3005
3.84469	60.3172
3.84545	60.3339
3.84554	60.3505
3.84566	60.3672
3.84572	60.3839
3.84593	60.4005
3.84608	60.4172
3.84625	60.4339
3.8464	60.4505
3.84646	60.4672
3.84656	60.4839
3.84666	60.5005
3.84675	60.5172
3.8468	60.5339
3.84685	60.5505
3.84689	60.5672
3.84697	60.5839
3.84705	60.6005
3.84839	60.6172
3.84882	60.6339
3.8489	60.6505
3.8491	60.6672
3.84921	60.6839
3.84928	60.7005
3.84973	60.7172
3.84983	60.7339
3.84994	60.7505
3.85006	60.7672
3.85012	60.7839
3.85034	60.8005
3.85052	60.8172
3.85068	60.8339
3.85078	60.8505
3.85086	60.8672
3.851	60.8839
3.85106	60.9005
3.85126	60.9172
3.8513	60.9339
3.85132	60.9505
3.85145	60.9672
3.85223	60.9839
3.85226	61.0005
3.85253	61.0169
3.8526	61.0333
3.85278	61.0497
3.85289	61.0661
3.85295	61.0825
3.8531	61.0989
3.85321	61.1153
3.85332	61.1317
3.85348	61.1481
3.85361	61.1645
3.85373	61.1809
3.85391	61.1973
3.85404	61.2137
3.8542	61.2301
3.85425	61.2464
3.8544	61.2628
3.85445	61.2792
3.85458	61.2956
3.85473	61.312
3.85483	61.3284
3.85493	61.3448
3.85508	61.3612
3.85519	61.3776
3.85538	61.394
3.85543	61.4104
3.85554	61.4268
3.85565	61.4432
3.85582	61.4596
3.85589	61.476
3.85602	61.4923
3.85605	61.5087
3.85622	61.5251
3.85642	61.5415
3.85646	61.5579
3.85664	61.5743
3.85674	61.5907
3.85686	61.6071
3.85695	61.6235
3.85721	61.6399
3.85731	61.6563
3.85738	61.6727
3.85752	61.6891
3.85766	61.7055
3.85776	61.7219
3.85804	61.7383
3.85813	61.7546
3.85818	61.771
3.85824	61.7874
3.85847	61.8038
3.85861	61.8202
3.85869	61.8366
3.85876	61.853
3.8589	61.8694
3.85895	61.8858
3.85911	61.9022
3.85926	61.9186
3.85932	61.935
3.85949	61.9514
3.85958	61.9678
3.85976	61.9842
3.8598	62.0005
3.85994	62.0167
3.86011	62.0328
3.86023	62.0489
3.86033	62.0651
3.86055	62.0812
3.86072	62.0973
3.86078	62.1134
3.86081	62.1296
3.86098	62.1457
3.86114	62.1618
3.86128	62.178
3.86143	62.1941
3.86151	62.2102
3.8617	62.2264
3.86189	62.2425
3.862	62.2586
3.86211	62.2747
3.86222	62.2909
3.86228	62.307
3.86244	62.3231
3.86258	62.3393
3.86271	62.3554
3.86282	62.3715
3.86299	62.3876
3.86313	62.4038
3.86323	62.4199
3.86347	62.436
3.86356	62.4522
3.86366	62.4683
3.86389	62.4844
3.86402	62.5005
3.86416	62.5167
3.8643	62.5328
3.86434	62.5489
3.86456	62.5651
3.86472	62.5812
3.86483	62.5973
3.86489	62.6134
3.865	62.6296
3.86522	62.6457
3.86534	62.6618
3.86543	62.678
3.86575	62.6941
3.86583	62.7102
3.86588	62.7264
3.86595	62.7425
3.86601	62.7586
3.86621	62.7747
3.86636	62.7909
3.86655	62.807
3.86669	62.8231
3.86679	62.8393
3.86697	62.8554
3.86708	62.8715
3.86716	62.8876
3.8674	62.9038
3.86743	62.9199
3.86745	62.936
3.86768	62.9522
3.86782	62.9683
3.86802	62.9844
3.8681	63.0005
3.86826	63.0164
3.86836	63.0323
3.86862	63.0482
3.8687	63.064
3.8688	63.0799
3.86887	63.0958
3.86907	63.1117
3.86933	63.1275
3.86939	63.1434
3.86941	63.1593
3.86951	63.1751
3.86973	63.191
3.86979	63.2069
3.86995	63.2228
3.86999	63.2386
3.8701	63.2545
3.87019	63.2704
3.87036	63.2863
3.87058	63.3021
3.87085	63.318
3.87095	63.3339
3.87109	63.3498
3.87118	63.3656
3.87133	63.3815
3.87149	63.3974
3.8716	63.4132
3.8718	63.4291
3.87203	63.445
3.87215	63.4609
3.87228	63.4767
3.87246	63.4926
3.87251	63.5085
3.87258	63.5244
3.8727	63.5402
3.87281	63.5561
3.87296	63.572
3.87305	63.5878
3.87323	63.6037
3.87328	63.6196
3.87341	63.6355
3.87353	63.6513
3.87373	63.6672
3.87394	63.6831
3.8741	63.699
3.87423	63.7148
3.87437	63.7307
3.87445	63.7466
3.87462	63.7625
3.8747	63.7783
3.87488	63.7942
3.87495	63.8101
3.87509	63.8259
3.87525	63.8418
3.8753	63.8577
3.87545	63.8736
3.87558	63.8894
3.87571	63.9053
3.87585	63.9212
3.87603	63.9371
3.87614	63.9529
3.87623	63.9688
3.87634	63.9847
3.8765	64.0005
3.87667	64.0162
3.87676	64.0318
3.87688	64.0474
3.87696	64.063
3.87712	64.0787
3.87731	64.0943
3.87735	64.1099
3.87748	64.1255
3.87761	64.1412
3.87778	64.1568
3.87783	64.1724
3.87794	64.188
3.8781	64.2037
3.87821	64.2193
3.87825	64.2349
3.87846	64.2505
3.87853	64.2662
3.88038	64.2818
3.88042	64.2974
3.88044	64.313
3.88049	64.3287
3.88051	64.3443
3.88057	64.3599
3.88059	64.3755
3.88066	64.3912
3.88074	64.4068
3.88078	64.4224
3.88083	64.438
3.88088	64.4537
3.88096	64.4693
3.88098	64.4849
3.881	64.5005
3.88105	64.5162
3.88114	64.5318
3.88119	64.5474
3.88122	64.563
3.88124	64.5787
3.88127	64.5943
3.88128	64.6099
3.8815	64.6255
3.88159	64.6412
3.88174	64.6568
3.88182	64.6724
3.88196	64.688
3.88207	64.7037
3.88219	64.7193
3.88232	64.7349
3.88247	64.7505
3.88264	64.7662
3.8829	64.7818
3.88306	64.7974
3.88313	64.813
3.88375	64.8287
3.88413	64.8443
3.88429	64.8599
3.88433	64.8755
3.88449	64.8912
3.88455	64.9068
3.88474	64.9224
3.88488	64.938
3.88499	64.9537
3.88659	64.9693
3.88666	64.9849
3.88669	65.0005
3.88671	65.0159
3.88673	65.0313
3.88683	65.0467
3.8869	65.0621
3.88692	65.0775
3.88701	65.0929
3.88703	65.1082
3.88708	65.1236
3.88717	65.139
3.88721	65.1544
3.88723	65.1698
3.88725	65.1852
3.88732	65.2005
3.88738	65.2159
3.8874	65.2313
3.88742	65.2467
3.88744	65.2621
3.88753	65.2775
3.8876	65.2929
3.88764	65.3082
3.88789	65.3236
3.88802	65.339
3.88813	65.3544
3.88824	65.3698
3.88839	65.3852
3.88853	65.4005
3.88864	65.4159
3.88875	65.4313
3.8889	65.4467
3.88898	65.4621
3.88915	65.4775
3.88931	65.4929
3.88941	65.5082
3.88953	65.5236
3.88965	65.539
3.88976	65.5544
3.88989	65.5698
3.89001	65.5852
3.89012	65.6005
3.89021	65.6159
3.89031	65.6313
3.89043	65.6467
3.89057	65.6621
3.89068	65.6775
3.89085	65.6929
3.89094	65.7082
3.89106	65.7236
3.89118	65.739
3.89131	65.7544
3.89143	65.7698
3.89323	65.7852
3.89326	65.8005
3.89328	65.8159
3.8933	65.8313
3.89332	65.8467
3.89344	65.8621
3.89348	65.8775
3.8935	65.8929
3.89352	65.9082
3.89358	65.9236
3.89362	65.939
3.89364	65.9544
3.89366	65.9698
3.89379	65.9852
3.89383	66.0005
3.89385	66.0157
3.89387	66.0308
3.89389	66.046
3.89393	66.0612
3.89395	66.0763
3.89401	66.0915
3.89407	66.1066
3.89415	66.1218
3.89423	66.1369
3.89435	66.1521
3.8944	66.1672
3.89454	66.1824
3.89463	66.1975
3.89479	66.2127
3.895	66.2278
3.89539	66.243
3.89554	66.2581
3.89569	66.2733
3.89581	66.2884
3.89591	66.3036
3.89612	66.3187
3.89622	66.3339
3.89641	66.349
3.89649	66.3642
3.8966	66.3793
3.89675	66.3945
3.89682	66.4096
3.89701	66.4248
3.89708	66.4399
3.89719	66.4551
3.8973	66.4702
3.89744	66.4854
3.89754	66.5005
3.89775	66.5157
3.8978	66.5308
3.89795	66.546
3.89808	66.5612
3.89819	66.5763
3.89832	66.5915
3.89844	66.6066
3.89854	66.6218
3.90038	66.6369
3.90045	66.6521
3.90048	66.6672
3.9005	66.6824
3.90052	66.6975
3.90055	66.7127
3.90057	66.7278
3.90059	66.743
3.90061	66.7581
3.90063	66.7733
3.90066	66.7884
3.90068	66.8036
3.9007	66.8187
3.90072	66.8339
3.90073	66.849
3.90075	66.8642
3.90078	66.8793
3.90082	66.8945
3.90093	66.9096
3.90117	66.9248
3.90149	66.9399
3.90163	66.9551
3.90178	66.9702
3.90185	66.9854
3.90191	67.0005
3.90207	67.0155
3.90217	67.0304
3.90265	67.0453
3.90268	67.0602
3.9027	67.0752
3.90272	67.0901
3.90273	67.105
3.90285	67.1199
3.90303	67.1349
3.90306	67.1498
3.90329	67.1647
3.9034	67.1796
3.9035	67.1946
3.90362	67.2095
3.90375	67.2244
3.90384	67.2394
3.90398	67.2543
3.90409	67.2692
3.90428	67.2841
3.90432	67.2991
3.90443	67.314
3.9046	67.3289
3.9047	67.3438
3.90484	67.3588
3.90492	67.3737
3.90504	67.3886
3.90519	67.4035
3.9053	67.4185
3.90544	67.4334
3.90551	67.4483
3.90566	67.4632
3.90574	67.4782
3.90595	67.4931
3.90602	67.508
3.90611	67.5229
3.90623	67.5379
3.90636	67.5528
3.90647	67.5677
3.90659	67.5826
3.90671	67.5976
3.9069	67.6125
3.90696	67.6274
3.90704	67.6423
3.90716	67.6573
3.9073	67.6722
3.90743	67.6871
3.90752	67.702
3.90766	67.717
3.90774	67.7319
3.90789	67.7468
3.90805	67.7617
3.90819	67.7767
3.90827	67.7916
3.90839	67.8065
3.90855	67.8214
3.90863	67.8364
3.90877	67.8513
3.90886	67.8662
3.909	67.8811
3.9091	67.8961
3.90923	67.911
3.9094	67.9259
3.90949	67.9408
3.90963	67.9558
3.90974	67.9707
3.90988	67.9856
3.91001	68.0005
3.91012	68.0153
3.91028	68.03
3.91039	68.0447
3.9105	68.0594
3.9106	68.0741
3.91076	68.0888
3.91088	68.1035
3.91102	68.1182
3.91112	68.1329
3.91125	68.1476
3.91135	68.1623
3.91147	68.177
3.91157	68.1917
3.91173	68.2064
3.91184	68.2211
3.91197	68.2358
3.91209	68.2505
3.91217	68.2653
3.91231	68.28
3.91245	68.2947
3.91257	68.3094
3.9127	68.3241
3.9128	68.3388
3.91294	68.3535
3.91305	68.3682
3.91309	68.3829
3.91324	68.3976
3.91337	68.4123
3.91345	68.427
3.91359	68.4417
3.91376	68.4564
3.91388	68.4711
3.91391	68.4858
3.9141	68.5005
3.91423	68.5153
3.91431	68.53
3.91446	68.5447
3.9146	68.5594
3.91471	68.5741
3.91487	68.5888
3.91495	68.6035
3.91511	68.6182
3.91516	68.6329
3.91533	68.6476
3.91547	68.6623
3.91559	68.677
3.91572	68.6917
3.91583	68.7064
3.91593	68.7211
3.91607	68.7358
3.9162	68.7505
3.91631	68.7653
3.91639	68.78
3.91654	68.7947
3.91667	68.8094
3.91682	68.8241
3.91693	68.8388
3.91707	68.8535
3.91719	68.8682
3.91732	68.8829
3.91753	68.8976
3.91769	68.9123
3.91784	68.927
3.91824	68.9417
3.91833	68.9564
3.91838	68.9711
3.91872	68.9858
3.91876	69.0005
3.91882	69.015
3.91912	69.0295
3.91918	69.044
3.9192	69.0585
3.91953	69.073
3.91957	69.0875
3.92054	69.102
3.92058	69.1165
3.92061	69.131
3.92069	69.1455
3.92073	69.16
3.92221	69.1745
3.92224	69.189
3.92226	69.2034
3.92233	69.2179
3.92237	69.2324
3.92238	69.2469
3.9224	69.2614
3.92242	69.2759
3.92246	69.2904
3.92251	69.3049
3.92253	69.3194
3.92255	69.3339
3.92263	69.3484
3.92266	69.3629
3.92268	69.3774
3.9227	69.3918
3.92276	69.4063
3.92278	69.4208
3.9228	69.4353
3.92285	69.4498
3.92408	69.4643
3.92422	69.4788
3.92443	69.4933
3.92483	69.5078
3.92498	69.5223
3.92605	69.5368
3.92619	69.5513
3.93435	69.5658
3.93454	69.5803
3.93457	69.5947
3.93592	69.6092
3.93594	69.6237
3.93597	69.6382
3.93701	69.6527
3.93713	69.6672
3.93757	69.6817
3.94981	69.6962
3.95058	69.7107
3.95098	69.7252
3.95114	69.7397
3.95155	69.7542
3.95187	69.7687
3.95398	69.7832
3.95413	69.7976
3.95428	69.8121
3.95441	69.8266
3.9633	69.8411
3.96391	69.8556
3.96407	69.8701
3.96479	69.8846
3.96605	69.8991
3.96614	69.9136
3.96689	69.9281
3.96697	69.9426
3.96711	69.9571
3.96736	69.9716
3.96751	69.9861
3.96768	70.0005
3.9678	70.0148
3.96794	70.0291
4.08159	35.0146
4.08233	35.0431
4.08236	35.0717
4.12568	35.1003
4.12578	35.1288
4.12581	35.1574
4.12582	35.186
4.12584	35.2146
4.74789	35.2431
