time	cwndsize
0.270778	11
0.273247	12
0.274337	13
0.275989	14
0.277403	15
0.279214	16
0.280618	17
0.281242	18
0.284386	19
0.2856	20
0.28576	21
0.28671	22
0.294578	23
0.295647	24
0.298139	25
0.302599	26
0.304584	27
0.30569	28
0.306879	29
0.307037	30
0.309257	31
0.311393	32
0.313986	33
0.314058	34
0.314973	35
0.317132	36
0.319477	37
0.321411	38
0.321758	39
0.322168	40
0.324781	41
0.32622	42
0.327193	43
0.329685	44
0.335404	45
0.339182	46
0.341174	47
0.344499	48
0.344889	49
0.347296	50
0.347366	51
0.347482	52
0.349734	53
0.349871	54
0.35036	55
0.353116	56
0.354053	57
0.35424	58
0.355249	59
0.355326	60
0.355392	61
0.355821	62
0.359062	63
0.361724	64
0.361901	65
0.362069	66
0.364954	67
0.365126	68
0.365612	69
0.367607	70
0.367763	71
0.372008	72
0.375114	73
0.375313	74
0.377249	75
0.379379	76
0.379454	77
0.379939	78
0.383309	79
0.383405	80
0.383625	81
0.384252	82
0.384448	83
0.388315	84
0.388655	85
0.390932	86
0.391093	87
0.393922	88
0.397225	89
0.397496	90
0.399143	91
0.399304	92
0.402311	93
0.406546	94
0.406772	95
0.410252	96
0.41037	97
0.415656	98
0.415801	99
0.415849	100
0.415957	101
0.419484	102
0.419744	103
0.421214	104
0.421462	105
0.425141	106
0.425577	107
0.426675	53.5
0.426941	53.5189
0.42716	53.5377
0.432243	53.5566
0.432317	53.5755
0.432603	53.5943
0.433075	53.6132
0.43684	53.6321
0.437523	53.6509
0.437618	53.6698
0.437768	53.6887
0.437935	53.7075
0.437979	53.7264
0.442179	53.7453
0.443116	53.7642
0.443264	53.783
0.443496	53.8019
0.443698	53.8208
0.447612	53.8396
0.44829	53.8585
0.448479	53.8774
0.448565	53.8962
0.448753	53.9151
0.454715	53.934
0.455278	53.9528
0.45549	53.9717
0.455686	53.9906
0.459102	54.0094
0.460168	54.028
0.46058	54.0465
0.465174	54.065
0.466194	54.0835
0.466482	54.102
0.466758	54.1205
0.466921	54.1391
0.471565	54.1576
0.471633	54.1761
0.471872	54.1946
0.471992	54.2131
0.476868	54.2317
0.477456	54.2502
0.477764	54.2687
0.478212	54.2872
0.48166	54.3057
0.48325	54.3242
0.483285	54.3428
0.48334	54.3613
0.487682	54.3798
0.487875	54.3983
0.48819	54.4168
0.488226	54.4354
0.488338	54.4539
0.490199	54.4724
0.490282	54.4909
0.490365	54.5094
0.494597	54.528
0.496848	54.5465
0.496899	54.565
0.49707	54.5835
0.498381	54.602
0.498626	54.6205
0.498751	54.6391
0.499066	54.6576
0.503626	54.6761
0.503966	54.6946
0.509553	54.7131
0.50964	54.7317
0.509847	54.7502
0.510157	54.7687
0.510359	54.7872
0.510569	54.8057
0.510716	54.8242
0.514728	54.8428
0.514796	54.8613
0.514853	54.8798
0.514989	54.8983
0.51524	54.9168
0.517699	54.9354
0.51776	54.9539
0.521504	54.9724
0.521681	54.9909
0.523743	55.0094
0.525926	55.0276
0.53135	55.0458
0.535909	55.064
0.536109	55.0822
0.537081	55.1003
0.537655	55.1185
0.537825	55.1367
0.541022	55.1549
0.542253	55.1731
0.542326	55.1913
0.54262	55.2094
0.542798	55.2276
0.542987	55.2458
0.548628	55.264
0.548882	55.2822
0.550962	55.3003
0.553196	55.3185
0.553287	55.3367
0.553362	55.3549
0.553569	55.3731
0.553709	55.3913
0.553868	55.4094
0.553992	55.4276
0.558723	55.4458
0.559203	55.464
0.608916	55.4822
0.609076	55.5003
0.614689	55.5185
0.626113	55.5367
0.626757	55.5549
0.630345	55.5731
0.63083	55.5913
0.631033	55.6094
0.631107	55.6276
0.635658	55.6458
0.635801	55.664
0.636619	55.6822
0.641835	55.7003
0.641973	27.8502
0.642168	27.8872
0.642206	27.9242
0.642272	27.9613
0.646769	27.9983
0.647207	28.0354
0.647411	28.0711
0.652429	28.1068
0.652583	28.1425
0.652679	28.1782
0.652765	28.2139
0.652867	28.2496
0.65902	28.2854
0.671596	28.3211
0.671769	28.3568
0.674164	28.3925
0.674296	28.4282
0.680131	28.4639
0.680351	28.4996
0.680486	28.5354
0.685336	28.5711
0.685732	28.6068
0.685868	28.6425
0.6906	28.6782
0.690676	28.7139
0.690765	28.7496
0.690955	28.7854
0.691032	28.8211
0.69114	28.8568
0.691188	28.8925
0.696704	28.9282
0.696898	28.9639
0.697187	28.9996
0.701709	29.0354
0.702725	29.0698
0.707659	29.1043
0.713028	29.1388
0.713393	29.1733
0.713856	29.2078
0.713987	29.2423
0.718045	29.2767
0.740807	29.3112
0.761965	29.3457
0.762001	29.3802
0.762105	29.4147
0.76252	29.4491
0.762704	29.4836
0.767801	29.5181
0.772972	29.5526
0.77307	29.5871
0.773135	29.6216
0.773474	29.656
0.784491	29.6905
0.819845	29.725
0.820135	29.7595
0.824545	29.794
0.835181	29.8285
0.835371	29.8629
0.835496	29.8974
0.835672	29.9319
0.835741	29.9664
0.841423	30.0009
0.841529	30.0342
0.846711	30.0675
0.852115	30.1009
0.852464	30.1342
0.852552	30.1675
0.852648	30.2009
0.863506	30.2342
0.88579	30.2675
0.885948	30.3009
0.896896	30.3342
0.897357	30.3675
0.901998	30.4009
0.902189	30.4342
0.902464	30.4675
0.902545	30.5009
0.902636	30.5342
0.907884	30.5675
0.907962	30.6009
0.908275	15.3004
0.920158	15.3671
0.957705	15.4338
0.963694	15.5004
0.969111	15.5671
0.969163	15.6338
0.969376	15.7004
0.969546	15.7671
0.969755	15.8338
0.969867	15.9004
0.974657	15.9671
0.974826	16.0338
0.979433	16.0963
0.97955	16.1588
0.979617	16.2213
0.985395	16.2838
0.985541	16.3463
0.990469	16.4088
0.996661	16.4713
1.01763	16.5338
1.0177	16.5963
1.01781	16.6588
1.01811	16.7213
1.01824	16.7838
1.01835	16.8463
1.02341	16.9088
1.02352	16.9713
1.02369	17.0338
1.0239	17.0926
1.02601	17.1514
1.03294	17.2102
1.03374	17.2691
1.03592	17.3279
1.03604	17.3867
1.04753	17.4455
1.04922	17.5044
1.0493	17.5632
1.04938	17.622
1.05284	17.6808
1.0556	17.7397
1.0591	17.7985
1.0597	17.8573
1.06159	17.9161
1.06207	17.9749
1.06224	18.0338
1.06243	18.0893
1.06409	18.1449
1.06678	18.2004
1.06696	18.256
1.06968	18.3115
1.07243	18.3671
1.07406	18.4227
1.07623	18.4782
1.07681	18.5338
1.08024	18.5893
1.08033	18.6449
1.08162	18.7004
1.0824	18.756
1.0873	18.8115
1.08808	18.8671
1.09013	18.9227
1.09021	18.9782
1.0915	19.0338
1.09434	19.0864
1.09548	19.139
1.10576	19.1917
1.1079	19.2443
1.11071	19.2969
1.11083	19.3496
1.11097	19.4022
1.1184	19.4548
1.11857	19.5075
1.1191	19.5601
1.11915	19.6127
1.1192	19.6653
1.12612	19.718
1.13008	19.7706
1.13501	19.8232
1.13509	19.8759
1.13517	19.9285
1.13533	19.9811
1.13548	20.0338
1.13562	20.0838
1.13578	20.1338
1.14175	20.1838
1.14188	20.2338
1.15714	20.2838
1.1572	20.3338
1.15723	20.3838
1.15726	20.4338
1.15751	20.4838
1.16238	20.5338
1.1629	20.5838
1.16302	20.6338
1.16927	20.6838
1.16956	20.7338
1.16994	20.7838
1.16998	20.8338
1.17011	20.8838
1.17347	20.9338
1.17355	20.9838
1.17363	21.0338
1.17381	21.0814
1.1741	21.129
1.18473	21.1766
1.1854	21.2242
1.21191	21.2719
1.21314	21.3195
1.21741	21.3671
1.21817	21.4147
1.21822	21.4623
1.21825	21.51
1.22018	21.5576
1.22022	21.6052
1.2222	21.6528
1.2224	21.7004
1.22243	21.7481
1.22531	21.7957
1.22534	21.8433
1.22544	21.8909
1.22573	21.9385
1.22873	21.9862
1.22876	22.0338
1.22885	22.0792
1.23165	22.1247
1.23516	22.1701
1.23651	22.2156
1.2417	22.261
1.24202	22.3065
1.2424	22.352
1.24256	22.3974
1.24744	22.4429
1.24763	22.4883
1.248	22.5338
1.25212	22.5792
1.2523	22.6247
1.25242	22.6701
1.25283	22.7156
1.25754	22.761
1.25794	22.8065
1.25797	22.852
1.25804	22.8974
1.25819	22.9429
1.26385	22.9883
1.26406	23.0338
1.26525	23.0772
1.27701	23.1207
1.27707	23.1642
1.27725	23.2077
1.27791	23.2512
1.28124	23.2946
1.28167	23.3381
1.28176	23.3816
1.28182	23.4251
1.28676	23.4686
1.28681	23.512
1.28684	23.5555
1.29276	23.599
1.29292	23.6425
1.29316	23.6859
1.29387	23.7294
1.29776	23.7729
1.29795	23.8164
1.2982	23.8599
1.2983	23.9033
1.31046	23.9468
1.31071	23.9903
1.31089	24.0338
1.31104	24.0754
1.32752	24.1171
1.33081	24.1588
1.3309	24.2004
1.33131	24.2421
1.33152	24.2838
1.33159	24.3254
1.3362	24.3671
1.33622	24.4088
1.33631	24.4504
1.33646	24.4921
1.33662	24.5338
1.33676	24.5754
1.34188	24.6171
1.34223	24.6588
1.34257	24.7004
1.34269	24.7421
1.34763	24.7838
1.3478	24.8254
1.34808	24.8671
1.35913	24.9088
1.35998	24.9504
1.36018	24.9921
1.36063	25.0338
1.36087	25.0738
1.37192	25.1138
1.37356	25.1538
1.37688	25.1938
1.37702	25.2338
1.37964	25.2738
1.37988	25.3138
1.3801	25.3538
1.38148	25.3938
1.38163	25.4338
1.38179	25.4738
1.3859	25.5138
1.38594	25.5538
1.38758	25.5938
1.38762	25.6338
1.38765	25.6738
1.38785	25.7138
1.39421	25.7538
1.39845	25.7938
1.39853	25.8338
1.39906	25.8738
1.39912	25.9138
1.40395	25.9538
1.40402	25.9938
1.40447	26.0338
1.40782	26.0722
1.41355	26.1107
1.41382	26.1492
1.41401	26.1876
1.41891	26.2261
1.41896	26.2645
1.41948	26.303
1.41953	26.3415
1.41976	26.3799
1.42528	26.4184
1.42544	26.4568
1.42565	26.4953
1.42601	26.5338
1.4277	26.5722
1.42786	26.6107
1.42974	26.6492
1.42977	26.6876
1.43498	26.7261
1.4356	26.7645
1.43585	26.803
1.43598	26.8415
1.44081	26.8799
1.44092	26.9184
1.44103	26.9568
1.4412	26.9953
1.44145	27.0338
1.44153	27.0708
1.44607	27.1078
1.44814	27.1449
1.44824	27.1819
1.44839	27.219
1.44869	27.256
1.44884	27.293
1.44898	27.3301
1.45425	27.3671
1.46803	27.4041
1.4734	27.4412
1.47349	27.4782
1.47364	27.5153
1.47379	27.5523
1.47395	27.5893
1.47774	27.6264
1.47787	27.6634
1.48002	27.7004
1.48031	27.7375
1.48044	27.7745
1.48328	27.8115
1.48432	27.8486
1.48457	27.8856
1.48956	27.9227
1.4897	27.9597
1.48983	27.9967
1.49005	28.0338
1.49425	28.0695
1.49627	28.1052
1.49736	28.1409
1.49738	28.1766
1.49739	28.2123
1.4974	28.2481
1.50042	28.2838
1.50391	28.3195
1.50396	28.3552
1.51367	28.3909
1.51569	28.4266
1.51641	28.4623
1.51791	28.4981
1.51936	28.5338
1.51994	28.5695
1.52057	28.6052
1.52203	28.6409
1.52211	28.6766
1.52219	28.7123
1.52419	28.7481
1.52423	28.7838
1.52434	28.8195
1.52639	28.8552
1.52648	28.8909
1.52651	28.9266
1.52847	28.9623
1.52854	28.9981
1.53038	29.0338
1.54404	29.0683
1.54541	29.1027
1.54747	29.1372
1.54753	29.1717
1.5489	29.2062
1.549	29.2407
1.5531	29.2751
1.5607	29.3096
1.56158	29.3441
1.56252	29.3786
1.56374	29.4131
1.56926	29.4476
1.56968	29.482
1.57114	29.5165
1.57263	29.551
1.57281	29.5855
1.57479	29.62
1.57501	29.6545
1.57818	29.6889
1.58046	29.7234
1.58069	29.7579
1.58277	29.7924
1.58297	29.8269
1.58312	29.8614
1.58343	29.8958
1.58357	29.9303
1.5837	29.9648
1.58863	29.9993
1.58878	30.0338
1.60411	30.0671
1.60484	30.1004
1.60624	30.1338
1.60637	30.1671
1.60699	30.2004
1.60774	30.2338
1.61058	30.2671
1.61609	30.3004
1.61695	30.3338
1.61753	30.3671
1.61828	30.4004
1.61834	30.4338
1.61962	30.4671
1.62025	30.5004
1.62098	30.5338
1.62107	30.5671
1.62116	30.6004
1.62303	30.6338
1.62808	30.6671
1.63018	30.7004
1.63158	30.7338
1.63164	30.7671
1.63172	30.8004
1.63409	30.8338
1.63413	30.8671
1.63707	30.9004
1.63798	30.9338
1.63811	30.9671
1.63851	31.0004
1.64207	31.0327
1.64457	31.065
1.64479	31.0972
1.64832	31.1295
1.64841	31.1617
1.64876	31.194
1.64893	31.2262
1.66365	31.2585
1.66378	31.2908
1.66552	31.323
1.66561	31.3553
1.66569	31.3875
1.67222	31.4198
1.67328	31.452
1.6739	31.4843
1.67538	31.5166
1.67616	31.5488
1.6776	31.5811
1.67893	31.6133
1.67899	31.6456
1.68038	31.6779
1.68045	31.7101
1.68142	31.7424
1.68166	31.7746
1.68179	31.8069
1.68387	31.8391
1.68446	31.8714
1.68679	31.9037
1.68688	31.9359
1.68703	31.9682
1.68718	32.0004
1.70142	32.0317
1.70188	32.0629
1.70244	32.0942
1.70321	32.1254
1.70461	32.1567
1.7054	32.1879
1.70971	32.2192
1.71054	32.2504
1.71091	32.2817
1.71192	32.3129
1.71238	32.3442
1.71313	32.3754
1.71386	32.4067
1.71602	32.4379
1.72674	32.4692
1.72815	32.5004
1.73074	32.5317
1.73153	32.5629
1.73271	32.5942
1.73366	32.6254
1.73374	32.6567
1.7339	32.6879
1.73568	32.7192
1.7364	32.7504
1.73711	32.7817
1.7372	32.8129
1.73916	32.8442
1.74074	32.8754
1.74294	32.9067
1.74299	32.9379
1.74304	32.9692
1.74307	33.0004
1.7555	33.0307
1.75556	33.061
1.75563	33.0913
1.75902	33.1216
1.75905	33.152
1.76048	33.1823
1.76259	33.2126
1.76335	33.2429
1.76415	33.2732
1.7649	33.3035
1.76748	33.3338
1.76888	33.3641
1.77048	33.3944
1.77337	33.4247
1.77529	33.455
1.77611	33.4853
1.7794	33.5156
1.77945	33.5459
1.77959	33.5762
1.7806	33.6065
1.78117	33.6368
1.78272	33.6671
1.78279	33.6974
1.78286	33.7277
1.78481	33.758
1.78486	33.7883
1.78489	33.8186
1.78492	33.8489
1.78735	33.8792
1.78813	33.9095
1.78831	33.9398
1.7902	33.9701
1.79025	34.0004
1.79969	34.0298
1.80049	34.0593
1.8012	34.0887
1.80181	34.1181
1.80332	34.1475
1.80818	34.1769
1.80953	34.2063
1.81097	34.2357
1.81242	34.2651
1.8125	34.2946
1.81376	34.324
1.81458	34.3534
1.81468	34.3828
1.81665	34.4122
1.84459	34.4416
1.84537	34.471
1.84604	34.5004
1.84609	34.5298
1.84735	34.5593
1.85128	34.5887
1.85166	34.6181
1.85171	34.6475
1.85411	34.6769
1.85426	34.7063
1.85628	34.7357
1.85634	34.7651
1.85746	34.7946
1.85825	34.824
1.85832	34.8534
1.85843	34.8828
1.86121	34.9122
1.86126	34.9416
1.86129	34.971
1.86132	35.0004
1.86142	35.029
1.86641	35.0576
1.86651	35.0862
1.86658	35.1147
1.87158	35.1433
1.87168	35.1719
1.87178	35.2004
1.87579	35.229
1.87582	35.2576
1.87583	35.2862
1.8759	35.3147
1.88024	35.3433
1.88075	35.3719
1.88522	35.4004
1.89751	35.429
1.89766	35.4576
1.89787	35.4862
1.89899	35.5147
1.8996	35.5433
1.89985	35.5719
1.90248	35.6004
1.90327	35.629
1.90386	35.6576
1.90393	35.6862
1.90824	35.7147
1.90901	35.7433
1.91742	35.7719
1.91816	35.8004
1.91943	35.829
1.92013	35.8576
1.92094	35.8862
1.92163	35.9147
1.92171	35.9433
1.92179	35.9719
1.92377	36.0004
1.92441	36.0282
1.92519	36.056
1.92528	36.0838
1.92648	36.1115
1.92655	36.1393
1.92664	36.1671
1.9287	36.1949
1.92878	36.2227
1.93077	36.2504
1.93349	36.2782
1.93497	36.306
1.93506	36.3338
1.93516	36.3615
1.93534	36.3893
1.94123	36.4171
1.94268	36.4449
1.94337	36.4727
1.94763	36.5004
1.94772	36.5282
1.94789	36.556
1.95254	36.5838
1.95264	36.6115
1.95273	36.6393
1.95538	36.6671
1.95697	36.6949
1.96676	36.7227
1.96891	36.7504
1.96907	36.7782
1.97014	36.806
1.97019	36.8338
1.97027	36.8615
1.97233	36.8893
1.97243	36.9171
1.97434	36.9449
1.97575	36.9727
1.97583	37.0004
1.97616	37.0275
1.98004	37.0545
1.98017	37.0815
1.98034	37.1085
1.98088	37.1356
1.98376	37.1626
1.98389	37.1896
1.98706	37.2167
1.98714	37.2437
1.9884	37.2707
1.98846	37.2977
1.98853	37.3248
1.9921	37.3518
1.99223	37.3788
1.99408	37.4058
1.99414	37.4329
1.9942	37.4599
1.99435	37.4869
1.99447	37.514
1.99457	37.541
2.00035	37.568
2.00046	37.595
2.0006	37.6221
2.00833	37.6491
2.00859	37.6761
2.01168	37.7031
2.01797	37.7302
2.01821	37.7572
2.02053	37.7842
2.02128	37.8112
2.02205	37.8383
2.02242	37.8653
2.02247	37.8923
2.02487	37.9194
2.02495	37.9464
2.02503	37.9734
2.02517	38.0004
2.02928	38.0268
2.02941	38.0531
2.02951	38.0794
2.0327	38.1057
2.03292	38.132
2.03321	38.1583
2.03674	38.1846
2.03689	38.211
2.03691	38.2373
2.037	38.2636
2.03715	38.2899
2.04259	38.3162
2.04311	38.3425
2.04325	38.3689
2.04522	38.3952
2.04531	38.4215
2.04658	38.4478
2.04665	38.4741
2.04707	38.5004
2.04716	38.5268
2.05166	38.5531
2.05524	38.5794
2.0556	38.6057
2.05986	38.632
2.06011	38.6583
2.06072	38.6846
2.07437	38.711
2.07555	38.7373
2.07719	38.7636
2.07972	38.7899
2.08016	38.8162
2.08072	38.8425
2.08083	38.8689
2.08104	38.8952
2.08112	38.9215
2.08351	38.9478
2.08438	38.9741
2.08444	39.0004
2.08457	39.0261
2.08482	39.0517
2.08487	39.0774
2.08491	39.103
2.08863	39.1286
2.0893	39.1543
2.1057	39.1799
2.10638	39.2056
2.10644	39.2312
2.10772	39.2568
2.10778	39.2825
2.10916	39.3081
2.11147	39.3338
2.11215	39.3594
2.11285	39.3851
2.11295	39.4107
2.11305	39.4363
2.11502	39.462
2.11509	39.4876
2.11648	39.5133
2.11842	39.5389
2.11937	39.5645
2.12053	39.5902
2.12062	39.6158
2.12195	39.6415
2.1227	39.6671
2.12627	39.6927
2.12634	39.7184
2.12824	39.744
2.13577	39.7697
2.1369	39.7953
2.13759	39.8209
2.13912	39.8466
2.13917	39.8722
2.14105	39.8979
2.14247	39.9235
2.14252	39.9492
2.14292	39.9748
2.1454	40.0004
2.14566	40.0254
2.14831	40.0504
2.14836	40.0754
2.14839	40.1004
2.14854	40.1254
2.15353	40.1504
2.15763	40.1754
2.16086	40.2004
2.16092	40.2254
2.16104	40.2504
2.16118	40.2754
2.16128	40.3004
2.16561	40.3254
2.16957	40.3504
2.16978	40.3754
2.17035	40.4004
2.1704	40.4254
2.17051	40.4504
2.17502	40.4754
2.17519	40.5004
2.17535	40.5254
2.17549	40.5504
2.17561	40.5754
2.18154	40.6004
2.18172	40.6254
2.18195	40.6504
2.18217	40.6754
2.18269	40.7004
2.18646	40.7254
2.18988	40.7504
2.18999	40.7754
2.19012	40.8004
2.19044	40.8254
2.19697	40.8504
2.19702	40.8754
2.1971	40.9004
2.19734	40.9254
2.20037	40.9504
2.20063	40.9754
2.20084	41.0004
2.2009	41.0248
2.20099	41.0492
2.2061	41.0736
2.2064	41.098
2.20739	41.1224
2.21236	41.1468
2.21259	41.1712
2.21264	41.1956
2.21511	41.2199
2.21543	41.2443
2.21717	41.2687
2.21993	41.2931
2.22015	41.3175
2.22046	41.3419
2.22061	41.3663
2.22071	41.3907
2.226	41.4151
2.22612	41.4395
2.22628	41.4639
2.22658	41.4882
2.22679	41.5126
2.22701	41.537
2.22917	41.5614
2.22921	41.5858
2.22929	41.6102
2.22941	41.6346
2.23318	41.659
2.23444	41.6834
2.24414	41.7078
2.24473	41.7321
2.24516	41.7565
2.24815	41.7809
2.24819	41.8053
2.24826	41.8297
2.25037	41.8541
2.25062	41.8785
2.25079	41.9029
2.25107	41.9273
2.25116	41.9517
2.25686	41.976
2.2573	42.0004
2.25747	42.0242
2.25774	42.0481
2.25791	42.0719
2.26214	42.0957
2.26221	42.1195
2.26237	42.1433
2.26826	42.1671
2.26841	42.1909
2.26867	42.2147
2.27173	42.2385
2.27748	42.2623
2.27898	42.2862
2.27916	42.31
2.27935	42.3338
2.27948	42.3576
2.28297	42.3814
2.28304	42.4052
2.28322	42.429
2.28386	42.4528
2.28403	42.4766
2.28417	42.5004
2.28431	42.5242
2.28452	42.5481
2.28467	42.5719
2.29177	42.5957
2.29184	42.6195
2.29953	42.6433
2.2997	42.6671
2.29987	42.6909
2.30217	42.7147
2.31066	42.7385
2.31299	42.7623
2.31316	42.7862
2.31346	42.81
2.31385	42.8338
2.31428	42.8576
2.31462	42.8814
2.31694	42.9052
2.3183	42.929
2.31838	42.9528
2.31957	42.9766
2.31966	43.0004
2.31973	43.0237
2.32	43.0469
2.32352	43.0702
2.32489	43.0935
2.32506	43.1167
2.32531	43.14
2.32554	43.1632
2.32575	43.1865
2.32668	43.2097
2.33075	43.233
2.33456	43.2563
2.3364	43.2795
2.33709	43.3028
2.33813	43.326
2.3385	43.3493
2.34059	43.3725
2.34076	43.3958
2.34117	43.419
2.34453	43.4423
2.34456	43.4656
2.34646	43.4888
2.34998	43.5121
2.35001	43.5353
2.35008	43.5586
2.35703	43.5818
2.35763	43.6051
2.35842	43.6283
2.3593	43.6516
2.3594	43.6749
2.36196	43.6981
2.36262	43.7214
2.36765	43.7446
2.36787	43.7679
2.36905	43.7911
2.37131	43.8144
2.37184	43.8376
2.37334	43.8609
2.37349	43.8842
2.37546	43.9074
2.37554	43.9307
2.37573	43.9539
2.37589	43.9772
2.37816	44.0004
2.38174	44.0232
2.38191	44.0459
2.38389	44.0686
2.3845	44.0913
2.38457	44.1141
2.38463	44.1368
2.38666	44.1595
2.38743	44.1823
2.38755	44.205
2.39167	44.2277
2.39226	44.2504
2.39232	44.2732
2.39361	44.2959
2.39368	44.3186
2.39589	44.3413
2.39609	44.3641
2.39636	44.3868
2.39658	44.4095
2.39689	44.4323
2.39945	44.455
2.39959	44.4777
2.39985	44.5004
2.40035	44.5232
2.4004	44.5459
2.40238	44.5686
2.40247	44.5913
2.40255	44.6141
2.40274	44.6368
2.40601	44.6595
2.40606	44.6823
2.41348	44.705
2.41801	44.7277
2.41824	44.7504
2.41843	44.7732
2.42004	44.7959
2.42043	44.8186
2.42088	44.8413
2.42117	44.8641
2.42539	44.8868
2.4263	44.9095
2.42638	44.9323
2.4268	44.955
2.43273	44.9777
2.43425	45.0004
2.43505	45.0227
2.43531	45.0449
2.43558	45.0671
2.43901	45.0893
2.43909	45.1115
2.44093	45.1338
2.44109	45.156
2.44125	45.1782
2.44142	45.2004
2.44155	45.2227
2.4417	45.2449
2.44651	45.2671
2.44668	45.2893
2.45365	45.3115
2.4539	45.3338
2.45422	45.356
2.4546	45.3782
2.45487	45.4004
2.45513	45.4227
2.46364	45.4449
2.46655	45.4671
2.46659	45.4893
2.46663	45.5115
2.46673	45.5338
2.46694	45.556
2.46699	45.5782
2.46711	45.6004
2.47188	45.6227
2.47196	45.6449
2.47349	45.6671
2.47366	45.6893
2.47784	45.7115
2.47799	45.7338
2.47809	45.756
2.47821	45.7782
2.48482	45.8004
2.4849	45.8227
2.48512	45.8449
2.4853	45.8671
2.48535	45.8893
2.48546	45.9115
2.48556	45.9338
2.49518	45.956
2.49525	45.9782
2.49537	46.0004
2.50007	46.0222
2.50014	46.0439
2.50477	46.0657
2.50636	46.0874
2.50675	46.1091
2.50681	46.1309
2.50695	46.1526
2.50722	46.1744
2.50889	46.1961
2.51003	46.2178
2.51021	46.2396
2.51581	46.2613
2.51599	46.283
2.51611	46.3048
2.51643	46.3265
2.51687	46.3483
2.51707	46.37
2.51726	46.3917
2.52009	46.4135
2.52505	46.4352
2.52517	46.457
2.52594	46.4787
2.52612	46.5004
2.52645	46.5222
2.53044	46.5439
2.53106	46.5657
2.53137	46.5874
2.53629	46.6091
2.5366	46.6309
2.53681	46.6526
2.53702	46.6744
2.5371	46.6961
2.5427	46.7178
2.54275	46.7396
2.54299	46.7613
2.54754	46.783
2.54779	46.8048
2.54793	46.8265
2.54809	46.8483
2.55507	46.87
2.55523	46.8917
2.55546	46.9135
2.55597	46.9352
2.55622	46.957
2.55647	46.9787
2.55663	47.0004
2.55835	47.0217
2.55851	47.043
2.56229	47.0643
2.56245	47.0855
2.56259	47.1068
2.56273	47.1281
2.5694	47.1494
2.56994	47.1706
2.57019	47.1919
2.57043	47.2132
2.57057	47.2345
2.57913	47.2558
2.57927	47.277
2.58198	47.2983
2.58205	47.3196
2.58215	47.3409
2.58233	47.3621
2.58287	47.3834
2.58806	47.4047
2.5914	47.426
2.59154	47.4472
2.59547	47.4685
2.59551	47.4898
2.60046	47.5111
2.60056	47.5324
2.60065	47.5536
2.60096	47.5749
2.60552	47.5962
2.60708	47.6175
2.60722	47.6387
2.6073	47.66
2.60753	47.6813
2.60775	47.7026
2.60806	47.7238
2.60819	47.7451
2.6116	47.7664
2.61166	47.7877
2.61181	47.8089
2.61192	47.8302
2.61201	47.8515
2.61221	47.8728
2.61236	47.8941
2.6125	47.9153
2.61759	47.9366
2.6182	47.9579
2.61841	47.9792
2.61952	48.0004
2.62508	48.0213
2.62657	48.0421
2.62672	48.0629
2.63022	48.0838
2.63025	48.1046
2.63043	48.1254
2.63062	48.1463
2.63076	48.1671
2.63092	48.1879
2.63105	48.2088
2.63115	48.2296
2.6359	48.2504
2.63595	48.2713
2.63607	48.2921
2.63629	48.3129
2.63984	48.3338
2.64014	48.3546
2.64567	48.3754
2.64576	48.3963
2.64603	48.4171
2.64865	48.4379
2.64871	48.4588
2.64883	48.4796
2.65473	48.5004
2.65482	48.5213
2.65497	48.5421
2.65541	48.5629
2.66334	48.5838
2.66352	48.6046
2.66365	48.6254
2.6637	48.6463
2.66973	48.6671
2.66998	48.6879
2.67009	48.7088
2.67032	48.7296
2.67054	48.7504
2.67226	48.7713
2.67236	48.7921
2.67264	48.8129
2.67569	48.8338
2.67589	48.8546
2.6762	48.8754
2.67633	48.8963
2.68784	48.9171
2.68798	48.9379
2.68804	48.9588
2.68812	48.9796
2.68827	49.0004
2.69334	49.0208
2.69387	49.0413
2.6987	49.0617
2.70049	49.0821
2.70075	49.1025
2.70574	49.1229
2.70581	49.1433
2.70597	49.1637
2.70615	49.1841
2.70627	49.2045
2.70641	49.2249
2.70656	49.2453
2.71203	49.2657
2.71496	49.2862
2.71516	49.3066
2.71572	49.327
2.71619	49.3474
2.71643	49.3678
2.71982	49.3882
2.72005	49.4086
2.72014	49.429
2.72018	49.4494
2.72021	49.4698
2.72384	49.4902
2.72395	49.5106
2.72402	49.531
2.72414	49.5515
2.72686	49.5719
2.72688	49.5923
2.7269	49.6127
2.72691	49.6331
2.72692	49.6535
2.72705	49.6739
2.73252	49.6943
2.7327	49.7147
2.73382	49.7351
2.73481	49.7555
2.73612	49.7759
2.73891	49.7964
2.73903	49.8168
2.73915	49.8372
2.73931	49.8576
2.73941	49.878
2.74451	49.8984
2.74483	49.9188
2.74528	49.9392
2.74539	49.9596
2.74558	49.98
2.74567	50.0004
2.76498	50.0204
2.76524	50.0404
2.7655	50.0604
2.77021	50.0804
2.77062	50.1004
2.77071	50.1204
2.77078	50.1404
2.77548	50.1604
2.77565	50.1804
2.77589	50.2004
2.77887	50.2204
2.77904	50.2404
2.78338	50.2604
2.78347	50.2804
2.7838	50.3004
2.79005	50.3204
2.79018	50.3404
2.79038	50.3604
2.79068	50.3804
2.79087	50.4004
2.79312	50.4204
2.79357	50.4404
2.7936	50.4604
2.79364	50.4804
2.79371	50.5004
2.79387	50.5204
2.79399	50.5404
2.79859	50.5604
2.79861	50.5804
2.79879	50.6004
2.79901	50.6204
2.79906	50.6404
2.79912	50.6604
2.80519	50.6804
2.80536	50.7004
2.80572	50.7204
2.80582	50.7404
2.80607	50.7604
2.8063	50.7804
2.80642	50.8004
2.81163	50.8204
2.81685	50.8404
2.81729	50.8604
2.81749	50.8804
2.81786	50.9004
2.81855	50.9204
2.82282	50.9404
2.823	50.9604
2.82332	50.9804
2.82374	51.0004
2.83002	51.02
2.83019	51.0397
2.83048	51.0593
2.83058	51.0789
2.83409	51.0985
2.83413	51.1181
2.83419	51.1377
2.83438	51.1573
2.83455	51.1769
2.83739	51.1965
2.83748	51.2161
2.83757	51.2357
2.83783	51.2553
2.84155	51.2749
2.84178	51.2946
2.85079	51.3142
2.8509	51.3338
2.85613	51.3534
2.8562	51.373
2.85632	51.3926
2.85644	51.4122
2.85653	51.4318
2.85665	51.4514
2.86228	51.471
2.86246	51.4906
2.8675	51.5102
2.86755	51.5298
2.86761	51.5495
2.86773	51.5691
2.86795	51.5887
2.86811	51.6083
2.87398	51.6279
2.87407	51.6475
2.88299	51.6671
2.88306	51.6867
2.88316	51.7063
2.88333	51.7259
2.88348	51.7455
2.88375	51.7651
2.8897	51.7848
2.88986	51.8044
2.89043	51.824
2.89077	51.8436
2.89099	51.8632
2.89463	51.8828
2.89502	51.9024
2.89529	51.922
2.89544	51.9416
2.8956	51.9612
2.89955	51.9808
2.89963	52.0004
2.89972	52.0197
2.89986	52.0389
2.90008	52.0581
2.90019	52.0774
2.90622	52.0966
2.90649	52.1158
2.90672	52.1351
2.90685	52.1543
2.91046	52.1735
2.91053	52.1927
2.91064	52.212
2.91091	52.2312
2.911	52.2504
2.91111	52.2697
2.91126	52.2889
2.91141	52.3081
2.91587	52.3274
2.91623	52.3466
2.91632	52.3658
2.9164	52.3851
2.91657	52.4043
2.9223	52.4235
2.92247	52.4427
2.92272	52.462
2.92338	52.4812
2.92354	52.5004
2.92375	52.5197
2.9276	52.5389
2.93374	52.5581
2.93421	52.5774
2.93433	52.5966
2.93468	52.6158
2.9352	52.6351
2.9455	52.6543
2.94729	52.6735
2.94735	52.6927
2.94925	52.712
2.94934	52.7312
2.94952	52.7504
2.9499	52.7697
2.95317	52.7889
2.95471	52.8081
2.95831	52.8274
2.9584	52.8466
2.95953	52.8658
2.95962	52.8851
2.95972	52.9043
2.95996	52.9235
2.96001	52.9427
2.97739	52.962
2.97762	52.9812
2.97778	53.0004
2.97791	53.0193
2.97806	53.0382
2.98211	53.057
2.98216	53.0759
2.98219	53.0948
2.98222	53.1136
2.98247	53.1325
2.98251	53.1514
2.98256	53.1702
2.98261	53.1891
2.98793	53.208
2.98879	53.2269
2.98893	53.2457
2.98916	53.2646
2.99332	53.2835
2.99345	53.3023
2.9937	53.3212
2.99379	53.3401
2.99389	53.3589
2.99399	53.3778
2.99882	53.3967
2.99892	53.4155
2.99914	53.4344
2.99928	53.4533
2.99962	53.4721
3.00421	53.491
3.00425	53.5099
3.00433	53.5287
3.00448	53.5476
3.00458	53.5665
3.00464	53.5853
3.00483	53.6042
3.00953	53.6231
3.00966	53.6419
3.00985	53.6608
3.01171	53.6797
3.01179	53.6986
3.0147	53.7174
3.01479	53.7363
3.01489	53.7552
3.01889	53.774
3.01892	53.7929
3.01899	53.8118
3.01933	53.8306
3.01948	53.8495
3.01962	53.8684
3.02561	53.8872
3.02583	53.9061
3.02603	53.925
3.03249	53.9438
3.03263	53.9627
3.03586	53.9816
3.03927	54.0004
3.04134	54.019
3.04141	54.0375
3.04159	54.056
3.04173	54.0745
3.04192	54.093
3.04207	54.1115
3.04223	54.1301
3.0478	54.1486
3.04798	54.1671
3.04837	54.1856
3.05442	54.2041
3.0546	54.2227
3.05489	54.2412
3.05497	54.2597
3.05511	54.2782
3.05546	54.2967
3.05572	54.3153
3.05825	54.3338
3.05896	54.3523
3.0591	54.3708
3.06047	54.3893
3.06051	54.4078
3.06061	54.4264
3.06079	54.4449
3.06318	54.4634
3.06626	54.4819
3.06756	54.5004
3.06811	54.519
3.06896	54.5375
3.06918	54.556
3.06939	54.5745
3.07141	54.593
3.07508	54.6115
3.08027	54.6301
3.08089	54.6486
3.08107	54.6671
3.08123	54.6856
3.08144	54.7041
3.08499	54.7227
3.08661	54.7412
3.0879	54.7597
3.08995	54.7782
3.09002	54.7967
3.09009	54.8153
3.09028	54.8338
3.09058	54.8523
3.0969	54.8708
3.09707	54.8893
3.10211	54.9078
3.10227	54.9264
3.1025	54.9449
3.10255	54.9634
3.10733	54.9819
3.10797	55.0004
3.10832	55.0186
3.11276	55.0368
3.11305	55.055
3.11321	55.0732
3.11331	55.0913
3.11344	55.1095
3.11353	55.1277
3.11876	55.1459
3.11894	55.1641
3.1192	55.1823
3.12386	55.2004
3.1245	55.2186
3.12922	55.2368
3.12926	55.255
3.12927	55.2732
3.12934	55.2913
3.12952	55.3095
3.13546	55.3277
3.13565	55.3459
3.13581	55.3641
3.13612	55.3823
3.13631	55.4004
3.13658	55.4186
3.13678	55.4368
3.13706	55.455
3.14075	55.4732
3.14089	55.4913
3.14145	55.5095
3.14186	55.5277
3.14557	55.5459
3.14615	55.5641
3.15799	55.5823
3.15843	55.6004
3.15883	55.6186
3.16176	55.6368
3.16194	55.655
3.16206	55.6732
3.16219	55.6913
3.16822	55.7095
3.16834	55.7277
3.16851	55.7459
3.16876	55.7641
3.16898	55.7823
3.16914	55.8004
3.16952	55.8186
3.16978	55.8368
3.17675	55.855
3.17684	55.8732
3.17691	55.8913
3.17706	55.9095
3.18178	55.9277
3.18204	55.9459
3.18232	55.9641
3.1825	55.9823
3.18518	56.0004
3.18525	56.0183
3.18533	56.0362
3.18553	56.054
3.1861	56.0719
3.19076	56.0897
3.19083	56.1076
3.19234	56.1254
3.19245	56.1433
3.19251	56.1612
3.19272	56.179
3.19592	56.1969
3.19615	56.2147
3.19659	56.2326
3.1968	56.2504
3.20106	56.2683
3.20114	56.2862
3.20118	56.304
3.20127	56.3219
3.20153	56.3397
3.20159	56.3576
3.20912	56.3754
3.20922	56.3933
3.2093	56.4112
3.21521	56.429
3.21532	56.4469
3.21757	56.4647
3.21761	56.4826
3.21779	56.5004
3.21809	56.5183
3.2227	56.5362
3.22285	56.554
3.22297	56.5719
3.22311	56.5897
3.23151	56.6076
3.23168	56.6254
3.23194	56.6433
3.2322	56.6612
3.2324	56.679
3.23255	56.6969
3.23276	56.7147
3.23655	56.7326
3.24373	56.7504
3.2438	56.7683
3.24408	56.7862
3.24837	56.804
3.24846	56.8219
3.25378	56.8397
3.25405	56.8576
3.25444	56.8754
3.25449	56.8933
3.25462	56.9112
3.25875	56.929
3.25882	56.9469
3.25889	56.9647
3.25904	56.9826
3.25915	57.0004
3.25925	57.018
3.2594	57.0355
3.25952	57.0531
3.27074	57.0706
3.27579	57.0882
3.27594	57.1057
3.27599	57.1232
3.28124	57.1408
3.28133	57.1583
3.28142	57.1759
3.28201	57.1934
3.28221	57.211
3.28786	57.2285
3.288	57.2461
3.28815	57.2636
3.28837	57.2811
3.28855	57.2987
3.28875	57.3162
3.28892	57.3338
3.29233	57.3513
3.29256	57.3689
3.2928	57.3864
3.29286	57.4039
3.29306	57.4215
3.29312	57.439
3.29767	57.4566
3.29773	57.4741
3.29782	57.4917
3.29811	57.5092
3.29816	57.5268
3.29819	57.5443
3.29826	57.5618
3.29852	57.5794
3.30409	57.5969
3.31096	57.6145
3.31115	57.632
3.31318	57.6496
3.31452	57.6671
3.31477	57.6846
3.3186	57.7022
3.31929	57.7197
3.31936	57.7373
3.31951	57.7548
3.31965	57.7724
3.31987	57.7899
3.32021	57.8075
3.32035	57.825
3.32487	57.8425
3.32492	57.8601
3.32495	57.8776
3.32534	57.8952
3.33291	57.9127
3.33315	57.9303
3.33333	57.9478
3.33374	57.9653
3.33817	57.9829
3.33835	58.0004
3.33856	58.0177
3.33864	58.0349
3.33874	58.0522
3.3389	58.0694
3.34371	58.0866
3.34989	58.1039
3.35021	58.1211
3.35642	58.1384
3.36255	58.1556
3.3636	58.1729
3.36399	58.1901
3.36622	58.2073
3.3665	58.2246
3.36685	58.2418
3.36699	58.2591
3.36721	58.2763
3.36752	58.2935
3.37132	58.3108
3.37141	58.328
3.37217	58.3453
3.37229	58.3625
3.37816	58.3797
3.37822	58.397
3.37839	58.4142
3.37869	58.4315
3.3788	58.4487
3.3793	58.466
3.38382	58.4832
3.3839	58.5004
3.38404	58.5177
3.38426	58.5349
3.38445	58.5522
3.38464	58.5694
3.39592	58.5866
3.39628	58.6039
3.39995	58.6211
3.40002	58.6384
3.40011	58.6556
3.40062	58.6729
3.40575	58.6901
3.40584	58.7073
3.40592	58.7246
3.40611	58.7418
3.40622	58.7591
3.40633	58.7763
3.40643	58.7935
3.41257	58.8108
3.41304	58.828
3.41329	58.8453
3.41356	58.8625
3.41389	58.8797
3.41825	58.897
3.41892	58.9142
3.41912	58.9315
3.41955	58.9487
3.42297	58.966
3.42305	58.9832
3.42308	59.0004
3.4232	59.0174
3.42383	59.0343
3.42896	59.0513
3.42904	59.0682
3.43434	59.0852
3.43452	59.1021
3.43473	59.1191
3.43923	59.136
3.43928	59.153
3.43942	59.1699
3.43985	59.1869
3.44547	59.2038
3.4514	59.2208
3.45324	59.2377
3.45569	59.2547
3.45586	59.2716
3.45595	59.2886
3.45623	59.3055
3.4618	59.3225
3.46191	59.3394
3.46204	59.3564
3.46231	59.3733
3.46267	59.3903
3.46289	59.4072
3.4668	59.4242
3.46709	59.4411
3.46727	59.4581
3.46743	59.475
3.46751	59.492
3.47816	59.5089
3.47829	59.5259
3.4832	59.5428
3.48326	59.5598
3.48338	59.5767
3.48345	59.5937
3.48367	59.6106
3.48382	59.6276
3.48975	59.6445
3.48981	59.6615
3.48994	59.6784
3.49022	59.6954
3.4904	59.7123
3.4906	59.7293
3.49081	59.7462
3.49099	59.7631
3.49468	59.7801
3.49992	59.797
3.50003	59.814
3.50012	59.8309
3.50019	59.8479
3.50557	59.8648
3.50573	59.8818
3.50609	59.8987
3.50653	59.9157
3.50676	59.9326
3.50697	59.9496
3.51045	59.9665
3.51049	59.9835
3.51062	60.0004
3.51078	60.0171
3.51094	60.0338
3.51702	60.0504
3.51745	60.0671
3.52197	60.0838
3.52215	60.1004
3.52283	60.1171
3.52755	60.1338
3.52769	60.1504
3.52791	60.1671
3.52804	60.1838
3.52828	60.2004
3.52847	60.2171
3.52876	60.2338
3.52913	60.2504
3.53246	60.2671
3.5325	60.2838
3.53264	60.3004
3.53825	60.3171
3.53831	60.3338
3.53842	60.3504
3.54406	60.3671
3.54422	60.3838
3.54436	60.4004
3.54943	60.4171
3.54959	60.4338
3.54985	60.4504
3.55079	60.4671
3.55436	60.4838
3.57278	60.5004
3.57623	60.5171
3.57628	60.5338
3.57632	60.5504
3.57636	60.5671
3.5769	60.5838
3.58177	60.6004
3.58187	60.6171
3.58194	60.6338
3.58204	60.6504
3.58246	60.6671
3.58717	60.6838
3.58727	60.7004
3.58731	60.7171
3.58734	60.7338
3.58783	60.7504
3.5934	60.7671
3.59359	60.7838
3.59385	60.8004
3.59402	60.8171
3.59425	60.8338
3.59853	60.8504
3.59868	60.8671
3.59878	60.8838
3.59888	60.9004
3.599	60.9171
3.60364	60.9338
3.60369	60.9504
3.60411	60.9671
3.60421	60.9838
3.60911	61.0004
3.6092	61.0168
3.60931	61.0332
3.60951	61.0496
3.60966	61.066
3.6098	61.0824
3.61	61.0988
3.61564	61.1152
3.61704	61.1316
3.61717	61.148
3.62076	61.1644
3.62084	61.1808
3.62103	61.1972
3.62126	61.2136
3.622	61.2299
3.62562	61.2463
3.62582	61.2627
3.62587	61.2791
3.62601	61.2955
3.62623	61.3119
3.62637	61.3283
3.62648	61.3447
3.62668	61.3611
3.63163	61.3775
3.63174	61.3939
3.63192	61.4103
3.63222	61.4267
3.63243	61.4431
3.63281	61.4595
3.63704	61.4758
3.6536	61.4922
3.65713	61.5086
3.65932	61.525
3.65941	61.5414
3.65948	61.5578
3.65963	61.5742
3.65973	61.5906
3.66287	61.607
3.66357	61.6234
3.66652	61.6398
3.66672	61.6562
3.66701	61.6726
3.66718	61.689
3.66911	61.7054
3.66918	61.7217
3.66927	61.7381
3.66942	61.7545
3.67201	61.7709
3.67478	61.7873
3.67487	61.8037
3.67494	61.8201
3.67513	61.8365
3.67542	61.8529
3.68025	61.8693
3.68043	61.8857
3.68241	61.9021
3.68809	61.9185
3.68826	61.9349
3.68852	61.9513
3.69295	61.9677
3.69776	61.984
3.6978	62.0004
3.69786	62.0166
3.69806	62.0327
3.69818	62.0488
3.69823	62.065
3.69838	62.0811
3.70409	62.0972
3.70586	62.1133
3.70601	62.1295
3.71076	62.1456
3.71082	62.1617
3.71092	62.1779
3.71114	62.194
3.71119	62.2101
3.71122	62.2262
3.71125	62.2424
3.71138	62.2585
3.71686	62.2746
3.71696	62.2908
3.71716	62.3069
3.71752	62.323
3.7177	62.3391
3.71792	62.3553
3.71811	62.3714
3.71823	62.3875
3.72162	62.4037
3.72169	62.4198
3.72176	62.4359
3.7219	62.452
3.72207	62.4682
3.72751	62.4843
3.72757	62.5004
3.72765	62.5166
3.72786	62.5327
3.72798	62.5488
3.73479	62.565
3.73504	62.5811
3.73527	62.5972
3.73568	62.6133
3.7399	62.6295
3.74012	62.6456
3.74022	62.6617
3.74032	62.6779
3.74617	62.694
3.74629	62.7101
3.75104	62.7262
3.75113	62.7424
3.75122	62.7585
3.7519	62.7746
3.75199	62.7908
3.75742	62.8069
3.75763	62.823
3.75796	62.8391
3.75813	62.8553
3.75843	62.8714
3.7586	62.8875
3.76258	62.9037
3.76279	62.9198
3.76307	62.9359
3.77909	62.952
3.77916	62.9682
3.77926	62.9843
3.77948	63.0004
3.78479	63.0163
3.78512	63.0322
3.79067	63.0481
3.7909	63.0639
3.79116	63.0798
3.79144	63.0957
3.79528	63.1115
3.79544	63.1274
3.79555	63.1433
3.79564	63.1592
3.80054	63.175
3.80062	63.1909
3.80071	63.2068
3.80726	63.2227
3.80733	63.2385
3.80749	63.2544
3.80773	63.2703
3.80791	63.2862
3.80806	63.302
3.80824	63.3179
3.80842	63.3338
3.81251	63.3496
3.81262	63.3655
3.81758	63.3814
3.81828	63.3973
3.81849	63.4131
3.81861	63.429
3.82271	63.4449
3.82285	63.4608
3.82291	63.4766
3.82363	63.4925
3.82914	63.5084
3.82936	63.5242
3.82961	63.5401
3.83063	63.556
3.83479	63.5719
3.835	63.5877
3.83524	63.6036
3.83538	63.6195
3.83983	63.6354
3.8416	63.6512
3.84185	63.6671
3.84214	63.683
3.84228	63.6988
3.84247	63.7147
3.84483	63.7306
3.84492	63.7465
3.84501	63.7623
3.84513	63.7782
3.8508	63.7941
3.85092	63.81
3.85676	63.8258
3.85689	63.8417
3.8571	63.8576
3.8573	63.8735
3.8574	63.8893
3.85759	63.9052
3.86238	63.9211
3.86264	63.9369
3.86295	63.9528
3.86316	63.9687
3.86348	63.9846
3.86369	64.0004
3.86824	64.0161
3.86873	64.0317
3.87044	64.0473
3.8706	64.0629
3.87346	64.0786
3.87843	64.0942
3.89007	64.1098
3.89046	64.1254
3.89071	64.1411
3.89191	64.1567
3.89195	64.1723
3.89548	64.1879
3.89645	64.2036
3.89647	64.2192
3.90096	64.2348
3.90125	64.2504
3.90613	64.2661
3.90625	64.2817
3.90643	64.2973
3.9066	64.3129
3.90702	64.3286
3.91221	64.3442
3.91229	64.3598
3.91244	64.3754
3.91269	64.3911
3.91289	64.4067
3.91316	64.4223
3.92383	64.4379
3.92939	64.4536
3.92963	64.4692
3.93026	64.4848
3.93037	64.5004
3.93052	64.5161
3.93388	64.5317
3.93398	64.5473
3.93419	64.5629
3.93438	64.5786
3.93456	64.5942
3.94078	64.6098
3.94082	64.6254
3.94094	64.6411
3.94112	64.6567
3.94142	64.6723
3.94194	64.6879
3.94498	64.7036
3.94503	64.7192
3.94506	64.7348
3.94509	64.7504
3.94512	64.7661
3.94528	64.7817
3.94544	64.7973
3.95086	64.8129
3.95104	64.8286
3.95132	64.8442
3.95152	64.8598
3.95177	64.8754
3.9521	64.8911
3.95226	64.9067
3.95616	64.9223
3.95621	64.9379
3.9563	64.9536
3.96179	64.9692
3.96195	64.9848
3.96209	65.0004
3.96224	65.0158
3.96807	65.0312
3.9682	65.0466
3.97256	65.062
3.97262	65.0774
3.97266	65.0927
3.98366	65.1081
3.98383	65.1235
3.98409	65.1389
3.98898	65.1543
3.98907	65.1697
3.98925	65.1851
3.98945	65.2004
3.99509	65.2158
3.99522	65.2312
3.99538	65.2466
3.99573	65.262
3.99591	65.2774
3.99618	65.2927
3.99633	65.3081
3.99653	65.3235
4.00036	65.3389
4.00577	65.3543
4.00582	65.3697
4.00586	65.3851
4.00589	65.4004
4.01221	65.4158
4.0124	65.4312
4.0127	65.4466
4.01287	65.462
4.01685	65.4774
4.01703	65.4927
4.01737	65.5081
4.02806	65.5235
4.0282	65.5389
4.02856	65.5543
4.02893	65.5697
4.02924	65.5851
4.03378	65.6004
4.03402	65.6158
4.03438	65.6312
4.03449	65.6466
4.03463	65.662
4.03485	65.6774
4.0383	65.6927
4.03836	65.7081
4.03848	65.7235
4.04407	65.7389
4.04413	65.7543
4.04426	65.7697
4.04447	65.7851
4.0446	65.8004
4.04469	65.8158
4.04486	65.8312
4.04929	65.8466
4.04991	65.862
4.05008	65.8774
4.0547	65.8927
4.05538	65.9081
4.05551	65.9235
4.05562	65.9389
4.06016	65.9543
4.06024	65.9697
4.06033	65.9851
4.06052	66.0004
4.0607	66.0156
4.06088	66.0307
4.06101	66.0459
4.06124	66.061
4.06836	66.0762
4.06855	66.0913
4.07687	66.1065
4.08226	66.1216
4.08247	66.1368
4.08257	66.152
4.08266	66.1671
4.08287	66.1823
4.08295	66.1974
4.08829	66.2126
4.08981	66.2277
4.09009	66.2429
4.09307	66.258
4.09315	66.2732
4.09328	66.2883
4.09353	66.3035
4.09375	66.3186
4.09947	66.3338
4.10617	66.3489
4.10634	66.3641
4.10957	66.3792
4.10967	66.3944
4.10972	66.4095
4.10982	66.4247
4.10991	66.4398
4.11001	66.455
4.11019	66.4701
4.11027	66.4853
4.11521	66.5004
4.11543	66.5156
4.11552	66.5307
4.11568	66.5459
4.1158	66.561
4.11591	66.5762
4.11664	66.5913
4.11668	66.6065
4.12048	66.6216
4.12073	66.6368
4.1209	66.652
4.12107	66.6671
4.12762	66.6823
4.12777	66.6974
4.1321	66.7126
4.13336	66.7277
4.13765	66.7429
4.13774	66.758
4.13796	66.7732
4.13821	66.7883
4.13907	66.8035
4.14299	66.8186
4.14327	66.8338
4.14398	66.8489
4.14428	66.8641
4.1483	66.8792
4.14872	66.8944
4.1488	66.9095
4.14886	66.9247
4.15481	66.9398
4.1549	66.955
4.15507	66.9701
4.15539	66.9853
4.15555	67.0004
4.15947	67.0154
4.15959	67.0303
4.15993	67.0452
4.16482	67.0601
4.16492	67.0751
4.16506	67.09
4.18261	67.1049
4.18745	67.1198
4.19221	67.1348
4.19227	67.1497
4.1923	67.1646
4.19239	67.1795
4.19259	67.1945
4.19271	67.2094
4.1928	67.2243
4.19829	67.2392
4.1984	67.2542
4.19847	67.2691
4.19854	67.284
4.19867	67.2989
4.19901	67.3139
4.2099	67.3288
4.2141	67.3437
4.2142	67.3586
4.21437	67.3736
4.21454	67.3885
4.21467	67.4034
4.21478	67.4183
4.21491	67.4333
4.21956	67.4482
4.22033	67.4631
4.22036	67.478
4.22569	67.493
4.22622	67.5079
4.22641	67.5228
4.22661	67.5378
4.22685	67.5527
4.22712	67.5676
4.23086	67.5825
4.23105	67.5975
4.23604	67.6124
4.23631	67.6273
4.23651	67.6422
4.23658	67.6572
4.24201	67.6721
4.24224	67.687
4.24259	67.7019
4.24278	67.7169
4.24303	67.7318
4.24328	67.7467
4.24354	67.7616
4.24688	67.7766
4.24696	67.7915
4.24702	67.8064
4.24717	67.8213
4.24859	67.8363
4.24876	67.8512
4.24893	67.8661
4.2529	67.881
4.25305	67.896
4.25333	67.9109
4.25353	67.9258
4.25377	67.9407
4.25812	67.9557
4.25824	67.9706
4.25842	67.9855
4.26393	68.0004
4.26499	68.0151
4.26514	68.0298
4.2654	68.0446
4.26882	68.0593
4.26889	68.074
4.26896	68.0887
4.2809	68.1034
4.28097	68.1181
4.2853	68.1328
4.28537	68.1475
4.28601	68.1622
4.28614	68.1769
4.29139	68.1916
4.29147	68.2063
4.29171	68.221
4.29288	68.2357
4.29312	68.2504
4.29661	68.2651
4.29681	68.2798
4.29694	68.2946
4.2973	68.3093
4.30215	68.324
4.31896	68.3387
4.31903	68.3534
4.31915	68.3681
4.31933	68.3828
4.31954	68.3975
4.31982	68.4122
4.31998	68.4269
4.32008	68.4416
4.3245	68.4563
4.32461	68.471
4.32479	68.4857
4.32489	68.5004
4.32916	68.5151
4.32925	68.5298
4.32933	68.5446
4.32951	68.5593
4.32991	68.574
4.33493	68.5887
4.33514	68.6034
4.33545	68.6181
4.33568	68.6328
4.33589	68.6475
4.33614	68.6622
4.34053	68.6769
4.34076	68.6916
4.34087	68.7063
4.34097	68.721
4.34115	68.7357
4.34686	68.7504
4.34705	68.7651
4.34728	68.7798
4.34741	68.7946
4.34772	68.8093
4.34784	68.824
4.34801	68.8387
4.34827	68.8534
4.35179	68.8681
4.35191	68.8828
4.35211	68.8975
4.3571	68.9122
4.35725	68.9269
4.35745	68.9416
4.35753	68.9563
4.35758	68.971
4.35774	68.9857
4.36243	69.0004
4.36274	69.0149
4.36286	69.0294
4.36306	69.0439
4.36321	69.0584
4.36334	69.0729
4.36348	69.0874
4.36787	69.1019
4.36808	69.1164
4.36817	69.1309
4.36821	69.1454
4.37414	69.1599
4.3744	69.1744
4.37481	69.1888
4.37496	69.2033
4.37519	69.2178
4.37534	69.2323
4.37868	69.2468
4.37919	69.2613
4.37931	69.2758
4.37952	69.2903
4.38421	69.3048
4.38476	69.3193
4.39061	69.3338
4.39149	69.3483
4.39514	69.3628
4.39527	69.3772
4.39539	69.3917
4.39563	69.4062
4.39574	69.4207
4.39585	69.4352
4.40064	69.4497
4.40093	69.4642
4.40111	69.4787
4.40125	69.4932
4.40142	69.5077
4.40721	69.5222
4.40746	69.5367
4.40763	69.5512
4.40784	69.5657
4.40799	69.5801
4.40819	69.5946
4.41171	69.6091
4.41174	69.6236
4.41211	69.6381
4.41221	69.6526
4.41231	69.6671
4.41242	69.6816
4.41756	69.6961
4.41774	69.7106
4.41818	69.7251
4.42456	69.7396
4.4248	69.7541
4.42829	69.7686
4.42835	69.783
4.42877	69.7975
4.42885	69.812
4.42893	69.8265
4.43386	69.841
4.43393	69.8555
4.43414	69.87
4.43432	69.8845
4.44071	69.899
4.44098	69.9135
4.44127	69.928
4.44149	69.9425
4.44473	69.957
4.44482	69.9715
4.44486	69.9859
4.44523	70.0004
4.44546	70.0147
4.44555	70.029
4.45029	70.0433
4.45038	70.0576
4.45054	70.0719
4.45071	70.0862
4.45084	70.1004
4.45119	70.1147
4.45621	70.129
4.45645	70.1433
4.45661	70.1576
4.45685	70.1719
4.45706	70.1862
4.45728	70.2004
4.45743	70.2147
4.46119	70.229
4.46122	70.2433
4.46124	70.2576
4.46131	70.2719
4.46148	70.2862
4.46169	70.3004
4.46176	70.3147
4.46187	70.329
4.46733	70.3433
4.46751	70.3576
4.46779	70.3719
4.46801	70.3862
4.46826	70.4004
4.4685	70.4147
4.46882	70.429
4.473	70.4433
4.47317	70.4576
4.47859	70.4719
4.47868	70.4862
4.4838	70.5004
4.48385	70.5147
4.48453	70.529
4.48888	70.5433
4.48914	70.5576
4.48944	70.5719
4.48949	70.5862
4.50064	70.6004
4.5007	70.6147
4.50088	70.629
4.50118	70.6433
4.50135	70.6576
4.50163	70.6719
4.50535	70.6862
4.50549	70.7004
4.50563	70.7147
4.50584	70.729
4.50587	70.7433
4.50589	70.7576
4.51164	70.7719
4.51178	70.7862
4.51192	70.8004
4.51227	70.8147
4.51244	70.829
4.51259	70.8433
4.51628	70.8576
4.51639	70.8719
4.51647	70.8862
4.51804	70.9004
4.51818	70.9147
4.51833	70.929
4.51849	70.9433
4.52204	70.9576
4.52222	70.9719
4.5227	70.9862
4.52279	71.0004
4.5295	71.0145
4.52971	71.0286
4.5301	71.0427
4.53039	71.0568
4.53055	71.0709
4.53312	71.0849
4.53332	71.099
4.53346	71.1131
4.53368	71.1272
4.53384	71.1413
4.53401	71.1554
4.53927	71.1695
4.53929	71.1835
4.53936	71.1976
4.54498	71.2117
4.55046	71.2258
4.55095	71.2399
4.55121	71.254
4.55151	71.268
4.55169	71.2821
4.55194	71.2962
4.55515	71.3103
4.55534	71.3244
4.55547	71.3385
4.55564	71.3525
4.55576	71.3666
4.55589	71.3807
4.55597	71.3948
4.56061	71.4089
4.56069	71.423
4.56079	71.4371
4.56098	71.4511
4.56124	71.4652
4.5614	71.4793
4.56655	71.4934
4.56664	71.5075
4.56683	71.5216
4.56715	71.5356
4.56737	71.5497
4.56763	71.5638
4.57168	71.5779
4.5735	71.592
4.5736	71.6061
4.5771	71.6202
4.57715	71.6342
4.57727	71.6483
4.57763	71.6624
4.5827	71.6765
4.58294	71.6906
4.58303	71.7047
4.58309	71.7187
4.58323	71.7328
4.58334	71.7469
4.59506	71.761
4.59545	71.7751
4.59573	71.7892
4.59975	71.8033
4.59995	71.8173
4.60013	71.8314
4.60039	71.8455
4.60048	71.8596
4.60062	71.8737
4.60628	71.8878
4.60734	71.9018
4.60752	71.9159
4.60783	71.93
4.61085	71.9441
4.61092	71.9582
4.61106	71.9723
4.61134	71.9864
4.61653	72.0004
4.61665	72.0143
4.61694	72.0282
4.61703	72.0421
4.61714	72.056
4.61723	72.0699
4.61735	72.0838
4.62279	72.0977
4.62295	72.1115
4.62325	72.1254
4.62344	72.1393
4.62371	72.1532
4.62391	72.1671
4.62413	72.181
4.62437	72.1949
4.62816	72.2088
4.62821	72.2227
4.62824	72.2365
4.62829	72.2504
4.62848	72.2643
4.62857	72.2782
4.63378	72.2921
4.63386	72.306
4.63395	72.3199
4.63414	72.3338
4.63458	72.3477
4.63469	72.3615
4.63942	72.3754
4.6395	72.3893
4.63957	72.4032
4.63975	72.4171
4.63988	72.431
4.64002	72.4449
4.64645	72.4588
4.64669	72.4727
4.64728	72.4865
4.65146	72.5004
4.65158	72.5143
4.6518	72.5282
4.65634	72.5421
4.65642	72.556
4.65694	72.5699
4.66254	72.5838
4.66377	72.5977
4.66402	72.6115
4.66764	72.6254
4.66772	72.6393
4.66781	72.6532
4.66798	72.6671
4.66812	72.681
4.66828	72.6949
4.66842	72.7088
4.67326	72.7227
4.67332	72.7365
4.67345	72.7504
4.67359	72.7643
4.67367	72.7782
4.68025	72.7921
4.68047	72.806
4.68075	72.8199
4.68095	72.8338
4.68121	72.8477
4.68435	72.8615
4.68445	36.4308
4.6845	36.4586
4.68465	36.4863
4.68471	36.5141
4.6848	36.5419
4.68484	36.5697
4.68491	36.5974
4.69282	36.6252
4.69294	36.653
4.69316	36.6808
4.69332	36.7086
4.69359	36.7363
4.69412	36.7641
4.6943	36.7919
4.6959	36.8197
4.69609	36.8474
4.69622	36.8752
4.69644	36.903
4.69657	36.9308
4.70758	36.9586
4.70773	36.9863
4.7078	37.0141
4.70788	37.0411
4.70796	37.0682
4.70822	37.0952
4.71436	37.1222
4.71449	37.1492
4.71469	37.1763
4.71495	37.2033
4.7154	37.2303
4.71557	37.2574
4.71881	37.2844
4.71888	37.3114
4.71898	37.3384
4.71907	37.3655
4.71914	37.3925
4.71923	37.4195
4.72522	37.4465
4.72541	37.4736
4.72571	37.5006
4.72593	37.5276
4.72639	37.5546
4.72989	37.5817
4.73	37.6087
4.73017	37.6357
4.7303	37.6628
4.73049	37.6898
4.73532	37.7168
4.73537	37.7438
4.73661	37.7709
4.73689	37.7979
4.737	37.8249
4.73707	37.8519
4.74125	37.879
4.74145	37.906
4.74171	37.933
4.74212	37.9601
4.74234	37.9871
4.74256	38.0141
4.74274	38.0404
4.74684	38.0667
4.7469	38.0931
4.74705	38.1194
4.75718	38.1457
4.75745	38.172
4.75793	38.1983
4.75821	38.2246
4.75834	38.2509
4.76338	38.2773
4.76346	38.3036
4.76367	38.3299
4.76862	38.3562
4.76876	38.3825
4.77328	38.4088
4.77337	38.4352
4.77349	38.4615
4.77363	38.4878
4.77374	38.5141
4.77385	38.5404
4.77835	38.5667
4.77843	38.5931
4.78001	38.6194
4.78026	38.6457
4.78048	38.672
4.78053	38.6983
4.78056	38.7246
4.78419	38.7509
4.7843	38.7773
4.7848	38.8036
4.79071	38.8299
4.80045	38.8562
4.80116	38.8825
4.80124	38.9088
4.80276	38.9352
4.8028	38.9615
4.80284	38.9878
4.80286	39.0141
4.8064	39.0397
4.80644	39.0654
4.80699	39.091
4.81712	39.1167
4.81743	39.1423
4.82185	39.168
4.82203	39.1936
4.82247	39.2192
4.82252	39.2449
4.82264	39.2705
4.82575	39.2962
4.82584	39.3218
4.82591	39.3474
4.83167	39.3731
4.83178	39.3987
4.83188	39.4244
4.83207	39.45
4.83215	39.4756
4.83796	39.5013
4.83801	39.5269
4.83804	39.5526
4.83812	39.5782
4.8384	39.6039
4.83851	39.6295
4.83869	39.6551
4.83881	39.6808
4.84262	39.7064
4.84281	39.7321
4.84286	39.7577
4.84289	39.7833
4.84295	39.809
4.85308	39.8346
4.85834	39.8603
4.85855	39.8859
4.85908	39.9115
4.86417	39.9372
4.86422	39.9628
4.86464	39.9885
4.87726	40.0141
4.87773	40.0391
4.88136	40.0641
4.88143	40.0891
4.88152	40.1141
4.88169	40.1391
4.88184	40.1641
4.88199	40.1891
4.88215	40.2141
4.8822	40.2391
4.88686	40.2641
4.88706	40.2891
4.88727	40.3141
4.8875	40.3391
4.88756	40.3641
4.89064	40.3891
4.89073	40.4141
4.89082	40.4391
4.89103	40.4641
4.89116	40.4891
4.89545	40.5141
4.89651	40.5391
4.89676	40.5641
4.89981	40.5891
4.89989	40.6141
4.89998	40.6391
4.9001	40.6641
4.90021	40.6891
4.90032	40.7141
4.90043	40.7391
4.90056	40.7641
4.90554	40.7891
4.90569	40.8141
4.90599	40.8391
4.90609	40.8641
4.90623	40.8891
4.91875	40.9141
4.91881	40.9391
4.92338	40.9641
4.92533	40.9891
4.92724	41.0141
4.92731	41.0385
4.92878	41.0629
4.92888	41.0873
4.92923	41.1117
4.92939	41.1361
4.92954	41.1604
4.93483	41.1848
4.935	41.2092
4.93511	41.2336
4.93523	41.258
4.93534	41.2824
4.94061	41.3068
4.94072	41.3312
4.94083	41.3556
4.94109	41.38
4.94642	41.4044
4.94655	41.4287
4.94665	41.4531
4.94677	41.4775
4.95269	41.5019
4.95294	41.5263
4.95316	41.5507
4.95339	41.5751
4.95355	41.5995
4.95374	41.6239
4.9574	41.6483
4.95749	41.6726
4.95757	41.697
4.95776	41.7214
4.95789	41.7458
4.95801	41.7702
4.95814	41.7946
4.95828	41.819
4.96287	41.8434
4.96641	41.8678
4.96663	41.8922
4.96695	41.9165
4.97332	41.9409
4.97375	41.9653
4.97524	41.9897
4.9754	42.0141
4.97561	42.0379
4.97578	42.0617
4.98022	42.0855
4.98025	42.1093
4.98037	42.1332
4.98079	42.157
4.99207	42.1808
4.99212	42.2046
4.99405	42.2284
4.99413	42.2522
4.99422	42.276
4.99809	42.2998
4.99838	42.3236
4.99867	42.3474
4.99888	42.3713
4.99918	42.3951
4.99938	42.4189
4.99964	42.4427
5.00441	42.4665
5.00548	42.4903
5.00558	42.5141
5.01036	42.5379
5.01044	42.5617
5.01056	42.5855
5.01082	42.6093
5.01095	42.6332
5.01385	42.657
5.01717	42.6808
5.01723	42.7046
5.01755	42.7284
5.01772	42.7522
5.01781	42.776
5.01794	42.7998
5.02287	42.8236
5.0237	42.8474
5.0243	42.8713
5.02482	42.8951
5.02876	42.9189
5.02882	42.9427
5.02888	42.9665
5.02892	42.9903
5.02907	43.0141
5.02922	43.0374
5.03623	43.0606
5.03826	43.0839
5.04252	43.1071
5.04273	43.1304
5.0431	43.1536
5.04329	43.1769
5.04709	43.2002
5.04845	43.2234
5.04926	43.2467
5.04932	43.2699
5.04942	43.2932
5.05123	43.3164
5.05144	43.3397
5.05161	43.3629
5.054	43.3862
5.05404	43.4095
5.05715	43.4327
5.05803	43.456
5.05918	43.4792
5.05981	43.5025
5.06039	43.5257
5.0612	43.549
5.06184	43.5722
5.0626	43.5955
5.0633	43.6188
5.06339	43.642
5.06508	43.6653
5.06537	43.6885
5.06611	43.7118
5.06678	43.735
5.06757	43.7583
5.06766	43.7815
5.06884	43.8048
5.06961	43.8281
5.07028	43.8513
5.07102	43.8746
5.07112	43.8978
5.07239	43.9211
5.07247	43.9443
5.07378	43.9676
5.07382	43.9909
5.07516	44.0141
5.07818	44.0368
5.08387	44.0596
5.08392	44.0823
5.08575	44.105
5.0858	44.1277
5.08587	44.1505
5.08798	44.1732
5.0971	44.1959
5.09764	44.2187
5.09785	44.2414
5.09962	44.2641
5.09976	44.2868
5.10353	44.3096
5.1036	44.3323
5.1038	44.355
5.10784	44.3777
5.10866	44.4005
5.10952	44.4232
5.10985	44.4459
5.11414	44.4687
5.11443	44.4914
5.11467	44.5141
5.11486	44.5368
5.11957	44.5596
5.11966	44.5823
5.11977	44.605
5.11994	44.6277
5.12398	44.6505
5.12418	44.6732
5.12544	44.6959
5.12575	44.7187
5.12601	44.7414
5.12851	44.7641
5.12877	44.7868
5.12892	44.8096
5.13202	44.8323
5.13224	44.855
5.13234	44.8777
5.13244	44.9005
5.13258	44.9232
5.1327	44.9459
5.13831	44.9687
5.13836	44.9914
5.14288	45.0141
5.14342	45.0363
5.14354	45.0586
5.1438	45.0808
5.14861	45.103
5.14918	45.1252
5.14932	45.1474
5.14938	45.1697
5.1538	45.1919
5.15414	45.2141
5.15434	45.2363
5.15783	45.2586
5.15847	45.2808
5.15863	45.303
5.16162	45.3252
5.16175	45.3474
5.16191	45.3697
5.16208	45.3919
5.16275	45.4141
5.16594	45.4363
5.16599	45.4586
5.1661	45.4808
5.16623	45.503
5.16637	45.5252
5.17095	45.5474
5.17279	45.5697
5.17316	45.5919
5.17613	45.6141
5.18069	45.6363
5.18295	45.6586
5.18408	45.6808
5.18417	45.703
5.18435	45.7252
5.1845	45.7474
5.18745	45.7697
5.18753	45.7919
5.18788	45.8141
5.19021	45.8363
5.1923	45.8586
5.1925	45.8808
5.19281	45.903
5.19302	45.9252
5.19324	45.9474
5.19686	45.9697
5.19695	45.9919
5.20093	46.0141
5.20244	46.0358
5.20251	46.0576
5.20258	46.0793
5.20731	46.1011
5.20742	46.1228
5.20759	46.1445
5.20766	46.1663
5.20773	46.188
5.20789	46.2098
5.21292	46.2315
5.21317	46.2532
5.21339	46.275
5.21635	46.2967
5.2165	46.3185
5.21667	46.3402
5.21687	46.3619
5.22047	46.3837
5.22221	46.4054
5.22238	46.4272
5.22252	46.4489
5.22263	46.4706
5.22273	46.4924
5.22278	46.5141
5.22849	46.5358
5.22907	46.5576
5.22929	46.5793
5.22952	46.6011
5.23106	46.6228
5.23121	46.6445
5.23255	46.6663
5.23268	46.688
5.23278	46.7098
5.23486	46.7315
5.23746	46.7532
5.23754	46.775
5.23755	46.7967
5.23768	46.8185
5.24118	46.8402
5.24395	46.8619
5.24531	46.8837
5.24536	46.9054
5.24541	46.9272
5.24746	46.9489
5.24749	46.9706
5.25178	46.9924
5.25185	47.0141
5.25505	47.0354
5.25525	47.0567
5.25555	47.0779
5.25576	47.0992
5.25602	47.1205
5.25786	47.1418
5.25797	47.163
5.25806	47.1843
5.25827	47.2056
5.25843	47.2269
5.26145	47.2481
5.26159	47.2694
5.26163	47.2907
5.26356	47.312
5.26382	47.3333
5.26566	47.3545
5.26598	47.3758
5.26617	47.3971
5.27168	47.4184
5.27186	47.4396
5.27698	47.4609
5.27715	47.4822
5.27747	47.5035
5.27799	47.5247
5.28077	47.546
5.28155	47.5673
5.28352	47.5886
5.28947	47.6099
5.29165	47.6311
5.2918	47.6524
5.29206	47.6737
5.29527	47.695
5.29558	47.7162
5.29576	47.7375
5.29608	47.7588
5.30157	47.7801
5.30185	47.8013
5.30213	47.8226
5.30401	47.8439
5.30412	47.8652
5.30421	47.8864
5.30436	47.9077
5.30804	47.929
5.30822	47.9503
5.30841	47.9716
5.30865	47.9928
5.30887	48.0141
5.31121	48.0349
5.31126	48.0558
5.3113	48.0766
5.31133	48.0974
5.31152	48.1183
5.31165	48.1391
5.31172	48.1599
5.3185	48.1808
5.3186	48.2016
5.31887	48.2224
5.31902	48.2433
5.31917	48.2641
5.32384	48.2849
5.32418	48.3058
5.32433	48.3266
5.32459	48.3474
5.32464	48.3683
5.32476	48.3891
5.32503	48.4099
5.32894	48.4308
5.33443	48.4516
5.33449	48.4724
5.33453	48.4933
5.33461	48.5141
5.33492	48.5349
5.33498	48.5558
5.34573	48.5766
5.3513	48.5974
5.35138	48.6183
5.35154	48.6391
5.35173	48.6599
5.35188	48.6808
5.35197	48.7016
5.35202	48.7224
5.35749	48.7433
5.3578	48.7641
5.36247	48.7849
5.36261	48.8058
5.36291	48.8266
5.36933	48.8474
5.36955	48.8683
5.36984	48.8891
5.37072	48.9099
5.37085	48.9308
5.37174	48.9516
5.37188	48.9724
5.3759	48.9933
5.37596	49.0141
5.37606	49.0345
5.37625	49.0549
5.37636	49.0753
5.37649	49.0957
5.37663	49.1161
5.37677	49.1366
5.38181	49.157
5.38199	49.1774
5.38224	49.1978
5.38239	49.2182
5.38264	49.2386
5.38692	49.259
5.38719	49.2794
5.3873	49.2998
5.38752	49.3202
5.39231	49.3406
5.39247	49.361
5.39252	49.3815
5.39263	49.4019
5.39275	49.4223
5.39286	49.4427
5.39307	49.4631
5.39835	49.4835
5.39841	49.5039
5.39857	49.5243
5.39883	49.5447
5.40881	49.5651
5.40892	49.5855
5.40905	49.6059
5.40921	49.6264
5.40957	49.6468
5.41509	49.6672
5.41543	49.6876
5.41578	49.708
5.416	49.7284
5.41627	49.7488
5.41644	49.7692
5.4208	49.7896
5.42091	49.81
5.4256	49.8304
5.42589	49.8508
5.42598	49.8713
5.42605	49.8917
5.43132	49.9121
5.43146	49.9325
5.43165	49.9529
5.43177	49.9733
5.43618	49.9937
5.43623	50.0141
5.43638	50.0341
5.43668	50.0541
5.43691	50.0741
5.44226	50.0941
5.44244	50.1141
5.44263	50.1341
5.44279	50.1541
5.44294	50.1741
5.44307	50.1941
5.44719	50.2141
5.44727	50.2341
5.44756	50.2541
5.44772	50.2741
5.44785	50.2941
5.44803	50.3141
5.44812	50.3341
5.45266	50.3541
5.45274	50.3741
5.45283	50.3941
5.45302	50.4141
5.45319	50.4341
5.4533	50.4541
5.45345	50.4741
5.45353	50.4941
5.45896	50.5141
5.45907	50.5341
5.45989	50.5541
5.4601	50.5741
5.4603	50.5941
5.46376	50.6141
5.46417	50.6341
5.46422	50.6541
5.46425	50.6741
5.46428	50.6941
5.4643	50.7141
5.46921	50.7341
5.46926	50.7541
5.46929	50.7741
5.46936	50.7941
5.47324	50.8141
5.47646	50.8341
5.47663	50.8541
5.47691	50.8741
5.47782	50.8941
5.48025	50.9141
5.48031	50.9341
5.4804	50.9541
5.48068	50.9741
5.48346	50.9941
5.48521	51.0141
5.48537	51.0337
5.4855	51.0533
5.48564	51.0729
5.48573	51.0925
5.48605	51.1121
5.48613	51.1318
5.49064	51.1514
5.49072	51.171
5.49129	51.1906
5.49517	51.2102
5.4979	51.2298
5.49807	51.2494
5.49836	51.269
5.50159	51.2886
5.50168	51.3082
5.50211	51.3278
5.50229	51.3474
5.50235	51.367
5.50776	51.3867
5.50798	51.4063
5.50811	51.4259
5.51359	51.4455
5.51386	51.4651
5.51403	51.4847
5.51421	51.5043
5.51438	51.5239
5.51523	51.5435
5.51525	51.5631
5.51867	51.5827
5.51959	51.6023
5.52554	51.622
5.52583	51.6416
5.52599	51.6612
5.52636	51.6808
5.52657	51.7004
5.53046	51.72
5.53511	51.7396
5.53518	51.7592
5.53548	51.7788
5.53561	51.7984
5.53569	51.818
5.53587	51.8376
5.536	51.8572
5.54116	51.8769
5.5414	51.8965
5.54156	51.9161
5.54175	51.9357
5.54192	51.9553
5.55204	51.9749
5.55219	51.9945
5.55232	52.0141
5.55245	52.0333
5.55706	52.0526
5.55713	52.0718
5.55785	52.091
5.56308	52.1103
5.56315	52.1295
5.56333	52.1487
5.56356	52.168
5.56373	52.1872
5.56397	52.2064
5.56415	52.2256
5.5688	52.2449
5.56892	52.2641
5.57362	52.2833
5.57368	52.3026
5.57379	52.3218
5.57394	52.341
5.57402	52.3603
5.57427	52.3795
5.58101	52.3987
5.58105	52.418
5.58117	52.4372
5.58134	52.4564
5.58153	52.4756
5.58181	52.4949
5.58194	52.5141
5.58216	52.5333
5.58476	52.5526
5.58506	52.5718
5.58528	52.591
5.5856	52.6103
5.58579	52.6295
5.58601	52.6487
5.58618	52.668
5.58634	52.6872
5.59048	52.7064
5.59057	52.7256
5.59065	52.7449
5.59087	52.7641
5.59098	52.7833
5.59104	52.8026
5.59119	52.8218
5.59129	52.841
5.59987	52.8603
5.60519	52.8795
5.6053	52.8987
5.60901	52.918
5.6092	52.9372
5.60925	52.9564
5.60928	52.9756
5.60932	52.9949
5.60949	53.0141
5.61444	53.033
5.61469	53.0518
5.61474	53.0707
5.61489	53.0896
5.61826	53.1084
5.6184	53.1273
5.61855	53.1462
5.61869	53.1651
5.62447	53.1839
5.62459	53.2028
5.62779	53.2217
5.62788	53.2405
5.62799	53.2594
5.62819	53.2783
5.62849	53.2971
5.63281	53.316
5.63299	53.3349
5.63319	53.3537
5.63343	53.3726
5.63354	53.3915
5.63913	53.4103
5.63927	53.4292
5.63953	53.4481
5.64278	53.4669
5.64283	53.4858
5.64286	53.5047
5.64289	53.5235
5.64294	53.5424
5.64798	53.5613
5.64868	53.5801
5.64879	53.599
5.65333	53.6179
5.65341	53.6367
5.65349	53.6556
5.65365	53.6745
5.66202	53.6934
5.6622	53.7122
5.6646	53.7311
5.66483	53.75
5.66491	53.7688
5.66508	53.7877
5.66537	53.8066
5.66548	53.8254
5.67069	53.8443
5.67074	53.8632
5.67089	53.882
5.67118	53.9009
5.67134	53.9198
5.67163	53.9386
5.67182	53.9575
5.6732	53.9764
5.67553	53.9952
5.67559	54.0141
5.67566	54.0326
5.67593	54.0511
5.67598	54.0697
5.67601	54.0882
5.68101	54.1067
5.68106	54.1252
5.68118	54.1437
5.6816	54.1623
5.68834	54.1808
5.68852	54.1993
5.68875	54.2178
5.69205	54.2363
5.69216	54.2548
5.69221	54.2734
5.6924	54.2919
5.69255	54.3104
5.69268	54.3289
5.69777	54.3474
5.69789	54.366
5.69821	54.3845
5.70436	54.403
5.70457	54.4215
5.70879	54.44
5.70886	54.4586
5.70894	54.4771
5.70933	54.4956
5.70939	54.5141
5.71423	54.5326
5.71447	54.5511
5.71463	54.5697
5.71472	54.5882
5.72084	54.6067
5.72111	54.6252
5.72136	54.6437
5.72184	54.6623
5.73188	54.6808
5.73204	54.6993
5.73222	54.7178
5.73236	54.7363
5.73671	54.7548
5.73705	54.7734
5.73715	54.7919
5.73719	54.8104
5.74258	54.8289
5.74284	54.8474
5.74295	54.866
5.74816	54.8845
5.74823	54.903
5.74843	54.9215
5.74875	54.94
5.74898	54.9586
5.74923	54.9771
5.74941	27.4885
5.7496	27.5256
5.75326	27.5626
5.75333	27.5996
5.75347	27.6367
5.75355	27.6737
5.75369	27.7108
5.75373	27.7478
5.7538	27.7848
5.7602	27.8219
5.76556	27.8589
5.76577	27.8959
5.77064	27.933
5.7708	27.97
5.771	28.0071
5.77116	28.0428
5.77147	28.0785
5.77183	28.1142
5.77204	28.1499
5.77558	28.1856
5.77564	28.2213
5.77582	28.2571
5.77617	28.2928
5.78111	28.3285
5.7812	28.3642
5.78128	28.3999
5.78136	28.4356
5.78154	28.4713
5.78192	28.5071
5.78741	28.5428
5.78756	28.5785
5.788	28.6142
5.78863	28.6499
5.79365	28.6856
5.79769	28.7213
5.79772	28.7571
5.79788	28.7928
5.79822	28.8285
5.79837	28.8642
5.80387	28.8999
5.80449	28.9356
5.8048	28.9713
5.80514	29.0071
5.80864	29.0415
5.8087	29.076
5.80901	29.1105
5.80923	29.145
5.81433	29.1795
5.81945	29.214
5.81961	29.2484
5.81977	29.2829
5.82016	29.3174
5.82028	29.3519
5.82601	29.3864
5.82696	29.4208
5.8271	29.4553
5.83048	29.4898
5.84152	29.5243
5.84186	29.5588
5.84199	29.5933
5.84585	29.6277
5.84663	29.6622
5.8568	29.6967
5.85809	29.7312
5.8597	29.7657
5.85976	29.8002
5.86117	29.8346
5.86133	29.8691
5.8634	29.9036
5.86346	29.9381
5.86384	29.9726
5.86758	30.0071
5.86762	30.0404
5.86771	30.0737
5.86975	30.1071
5.86986	30.1404
5.8699	30.1737
5.87	30.2071
5.87014	30.2404
5.87025	30.2737
5.87037	30.3071
5.8744	30.3404
5.88544	30.3737
5.88668	30.4071
5.88798	30.4404
5.88947	30.4737
5.88952	30.5071
5.88959	30.5404
5.88975	30.5737
5.89221	30.6071
5.90049	30.6404
5.90248	30.6737
5.90265	30.7071
5.90321	30.7404
5.90406	30.7737
5.90464	30.8071
5.90592	30.8404
5.90672	30.8737
5.90676	30.9071
5.90882	30.9404
5.90967	30.9737
5.91035	31.0071
5.91039	31.0393
5.91186	31.0716
5.91195	31.1038
5.91203	31.1361
5.91399	31.1683
5.91419	31.2006
5.917	31.2329
5.92032	31.2651
5.92056	31.2974
5.92075	31.3296
5.929	31.3619
5.93012	31.3942
5.93113	31.4264
5.9325	31.4587
5.93402	31.4909
5.93407	31.5232
5.93447	31.5554
5.93806	31.5877
5.94343	31.62
5.94987	31.6522
5.95063	31.6845
5.95147	31.7167
5.95289	31.749
5.95412	31.7812
5.95442	31.8135
5.95626	31.8458
5.95706	31.878
5.95735	31.9103
5.95828	31.9425
5.95836	31.9748
5.96056	32.0071
5.96061	32.0383
5.96073	32.0696
5.96096	32.1008
5.96106	32.1321
5.96115	32.1633
5.96661	32.1946
5.97535	32.2258
5.9809	32.2571
5.98101	32.2883
5.98107	32.3196
5.98689	32.3508
5.98871	32.3821
5.98998	32.4133
5.99566	32.4446
5.9958	32.4758
5.997	32.5071
5.99781	32.5383
5.99855	32.5696
6.00327	32.6008
6.00347	32.6321
6.00526	32.6633
6.00561	32.6946
6.00573	32.7258
6.00792	32.7571
6.00976	32.7883
6.01022	32.8196
6.01196	32.8508
6.01329	32.8821
6.01339	32.9133
6.0152	32.9446
6.01603	32.9758
6.018	33.0071
6.01805	33.0374
6.01983	33.0677
6.02156	33.098
6.02164	33.1283
6.02175	33.1586
6.02196	33.1889
6.02221	33.2192
6.02567	33.2495
6.02713	33.2798
6.02716	33.3101
6.02925	33.3404
6.03001	33.3707
6.0321	33.401
6.04007	33.4313
6.04135	33.4616
6.04215	33.4919
6.0428	33.5222
6.04356	33.5525
6.05464	33.5828
6.05602	33.6131
6.05673	33.6434
6.0575	33.6737
6.05896	33.704
6.05899	33.7343
6.05908	33.7646
6.06171	33.7949
6.06178	33.8252
6.06188	33.8555
6.06372	33.8858
6.06561	33.9161
6.06569	33.9464
6.06576	33.9768
6.06718	34.0071
6.06726	34.0365
6.06732	34.0659
6.06929	34.0953
6.06938	34.1247
6.07023	34.1541
6.07278	34.1835
6.07293	34.2129
6.07307	34.2423
6.07331	34.2718
6.07727	34.3012
6.07731	34.3306
6.08179	34.36
6.0819	34.3894
6.0843	34.4188
6.0894	34.4482
6.09572	34.4776
6.09829	34.5071
6.0991	34.5365
6.10751	34.5659
6.10822	34.5953
6.10895	34.6247
6.11255	34.6541
6.11261	34.6835
6.11268	34.7129
6.11479	34.7423
6.11619	34.7718
6.11643	34.8012
6.11688	34.8306
6.11826	34.86
6.11886	34.8894
6.11891	34.9188
6.11915	34.9482
6.11932	34.9776
6.12618	35.0071
6.12641	35.0356
6.12671	35.0642
6.13047	35.0928
6.13621	35.1213
6.13629	35.1499
6.13657	35.1785
6.13678	35.2071
6.13699	35.2356
6.14225	35.2642
6.148	35.2928
6.14809	35.3213
6.14823	35.3499
6.14839	35.3785
6.1485	35.4071
6.15537	35.4356
6.15549	35.4642
6.15572	35.4928
6.15591	35.5213
6.15992	35.5499
6.1621	35.5785
6.16256	35.6071
6.16434	35.6356
6.16452	35.6642
6.16605	35.6928
6.1698	35.7213
6.17	35.7499
6.17038	35.7785
6.17063	35.8071
6.17115	35.8356
6.17129	35.8642
6.17182	35.8928
6.17491	35.9213
6.17642	35.9499
6.17665	35.9785
6.17682	36.0071
6.17719	36.0348
6.18404	36.0626
6.18605	36.0904
6.18844	36.1182
6.18888	36.1459
6.18919	36.1737
6.18927	36.2015
6.19358	36.2293
6.19394	36.2571
6.202	36.2848
6.20225	36.3126
6.20253	36.3404
6.20266	36.3682
6.20638	36.3959
6.20653	36.4237
6.20685	36.4515
6.20706	36.4793
6.20736	36.5071
6.20745	36.5348
6.21234	36.5626
6.21316	36.5904
6.21966	36.6182
6.21971	36.6459
6.22223	36.6737
6.22353	36.7015
6.2237	36.7293
6.22387	36.7571
6.22416	36.7848
6.22429	36.8126
6.22467	36.8404
6.22882	36.8682
6.22893	36.8959
6.23008	36.9237
6.23023	36.9515
6.23344	36.9793
6.23364	37.0071
6.23374	37.0341
6.23632	37.0611
6.23647	37.0881
6.23665	37.1152
6.23847	37.1422
6.23936	37.1692
6.24018	37.1962
6.24434	37.2233
6.24455	37.2503
6.24497	37.2773
6.24519	37.3044
6.2463	37.3314
6.24704	37.3584
6.24778	37.3854
6.24783	37.4125
6.24966	37.4395
6.24982	37.4665
6.25056	37.4935
6.25384	37.5206
6.2561	37.5476
6.25935	37.5746
6.25943	37.6016
6.26083	37.6287
6.27125	37.6557
6.2735	37.6827
6.27474	37.7098
6.27553	37.7368
6.27698	37.7638
6.27853	37.7908
6.27859	37.8179
6.28048	37.8449
6.28056	37.8719
6.28064	37.8989
6.28275	37.926
6.28282	37.953
6.28287	37.98
6.28522	38.0071
6.28527	38.0334
6.28542	38.0597
6.28696	38.086
6.28704	38.1123
6.28719	38.1386
6.28737	38.1649
6.28751	38.1913
6.29106	38.2176
6.30142	38.2439
6.30156	38.2702
6.3017	38.2965
6.30182	38.3228
6.30838	38.3492
6.30853	38.3755
6.30874	38.4018
6.309	38.4281
6.30937	38.4544
6.30956	38.4807
6.31446	38.5071
6.31962	38.5334
6.31979	38.5597
6.3208	38.586
6.32111	38.6123
6.33634	38.6386
6.33848	38.6649
6.34134	38.6913
6.34152	38.7176
6.34163	38.7439
6.34441	38.7702
6.34646	38.7965
6.34778	38.8228
6.34785	38.8492
6.34791	38.8755
6.34806	38.9018
6.34817	38.9281
6.35223	38.9544
6.35236	38.9807
6.3528	39.0071
6.35293	39.0327
6.35304	39.0583
6.35328	39.084
6.35349	39.1096
6.35576	39.1353
6.35584	39.1609
6.35788	39.1865
6.36833	39.2122
6.36923	39.2378
6.36934	39.2635
6.36939	39.2891
6.36956	39.3147
6.36973	39.3404
6.37315	39.366
6.37336	39.3917
6.3768	39.4173
6.37684	39.443
6.37702	39.4686
6.37718	39.4942
6.38329	39.5199
6.38341	39.5455
6.38351	39.5712
6.38871	39.5968
6.40216	39.6224
6.4029	39.6481
6.40298	39.6737
6.40453	39.6994
6.40465	39.725
6.40486	39.7506
6.40793	39.7763
6.40931	39.8019
6.41068	39.8276
6.41072	39.8532
6.41223	39.8788
6.41362	39.9045
6.41374	39.9301
6.41416	39.9558
6.41427	39.9814
6.41839	40.0071
6.42192	40.0321
6.42203	40.0571
6.42206	40.0821
6.42217	40.1071
6.42244	40.1321
6.42659	40.1571
6.42665	40.1821
6.42779	40.2071
6.42851	40.2321
6.42924	40.2571
6.4294	40.2821
6.43058	40.3071
6.43126	40.3321
6.43205	40.3571
6.4321	40.3821
6.43334	40.4071
6.43501	40.4321
6.43511	40.4571
6.43518	40.4821
6.43767	40.5071
6.43773	40.5321
6.43783	40.5571
6.43795	40.5821
6.44903	40.6071
6.45041	40.6321
6.45478	40.6571
6.45737	40.6821
6.46267	40.7071
6.46317	40.7321
6.46658	40.7571
6.46733	40.7821
6.468	40.8071
6.46809	40.8321
6.46943	40.8571
6.47011	40.8821
6.47081	40.9071
6.47274	40.9321
6.47343	40.9571
6.47346	40.9821
6.47474	41.0071
6.47482	41.0314
6.47491	41.0558
6.4772	41.0802
6.47739	41.1046
6.48005	41.129
6.48504	41.1534
6.48984	41.1778
6.48992	41.2022
6.49002	41.2266
6.49017	41.251
6.49028	41.2753
6.4969	41.2997
6.49745	41.3241
6.49765	41.3485
6.4978	41.3729
6.49811	41.3973
6.50081	41.4217
6.50085	41.4461
6.50148	41.4705
6.50153	41.4949
6.50166	41.5192
6.50181	41.5436
6.50427	41.568
6.50924	41.5924
6.50986	41.6168
6.51063	41.6412
6.51135	41.6656
6.51392	41.69
6.5149	41.7144
6.52619	41.7388
6.5342	41.7632
6.53433	41.7875
6.5358	41.8119
6.53716	41.8363
6.53736	41.8607
6.5405	41.8851
6.54083	41.9095
6.54386	41.9339
6.54403	41.9583
6.54427	41.9827
6.5444	42.0071
6.54692	42.0309
6.547	42.0547
6.54714	42.0785
6.55169	42.1023
6.55179	42.1261
6.55658	42.1499
6.55783	42.1737
6.55953	42.1975
6.5604	42.2213
6.56044	42.2451
6.56047	42.269
6.5605	42.2928
6.56053	42.3166
6.56728	42.3404
6.56744	42.3642
6.56762	42.388
6.56772	42.4118
6.57386	42.4356
6.57404	42.4594
6.57423	42.4832
6.57431	42.5071
6.57454	42.5309
6.57904	42.5547
6.57911	42.5785
6.57981	42.6023
6.5799	42.6261
6.58507	42.6499
6.58531	42.6737
6.58553	42.6975
6.59042	42.7213
6.5998	42.7451
6.60004	42.769
6.6002	42.7928
6.60191	42.8166
6.60251	42.8404
6.60397	42.8642
6.60461	42.888
6.60545	42.9118
6.6055	42.9356
6.60739	42.9594
6.6076	42.9832
6.60822	43.0071
6.60894	43.0303
6.60964	43.0536
6.61034	43.0768
6.61042	43.1001
6.61184	43.1233
6.61881	43.1466
6.6195	43.1698
6.62029	43.1931
6.62052	43.2164
6.6254	43.2396
6.62559	43.2629
6.62574	43.2861
6.62869	43.3094
6.62934	43.3326
6.63284	43.3559
6.6331	43.3791
6.63351	43.4024
6.63392	43.4257
6.63651	43.4489
6.63656	43.4722
6.63665	43.4954
6.6368	43.5187
6.63694	43.5419
6.64141	43.5652
6.64247	43.5884
6.64269	43.6117
6.64726	43.635
6.64973	43.6582
6.64977	43.6815
6.64985	43.7047
6.65971	43.728
6.66099	43.7512
6.66255	43.7745
6.66272	43.7978
6.66526	43.821
6.66622	43.8443
6.66814	43.8675
6.66827	43.8908
6.66858	43.914
6.66896	43.9373
6.67317	43.9605
6.67328	43.9838
6.67421	44.0071
6.67819	44.0298
6.67947	44.0525
6.67962	44.0752
6.67972	44.098
6.67987	44.1207
6.67999	44.1434
6.68011	44.1661
6.6802	44.1889
6.68522	44.2116
6.68534	44.2343
6.68537	44.2571
6.6887	44.2798
6.6888	44.3025
6.68964	44.3252
6.69114	44.348
6.69181	44.3707
6.69251	44.3934
6.69318	44.4161
6.69376	44.4389
6.6953	44.4616
6.69598	44.4843
6.69607	44.5071
6.69617	44.5298
6.69799	44.5525
6.69809	44.5752
6.70079	44.598
6.70088	44.6207
6.70092	44.6434
6.70291	44.6661
6.70368	44.6889
6.72011	44.7116
6.72081	44.7343
6.72134	44.7571
6.72205	44.7798
6.72274	44.8025
6.72413	44.8252
6.72691	44.848
6.72701	44.8707
6.72711	44.8934
6.73058	44.9161
6.73827	44.9389
6.7385	44.9616
6.73885	44.9843
6.74111	45.0071
6.74121	45.0293
6.74463	45.0515
6.74472	45.0737
6.74479	45.0959
6.74495	45.1182
6.74739	45.1404
6.75109	45.1626
6.75476	45.1848
6.75559	45.2071
6.75984	45.2293
6.75988	45.2515
6.76003	45.2737
6.76075	45.2959
6.76336	45.3182
6.76343	45.3404
6.76356	45.3626
6.76541	45.3848
6.76552	45.4071
6.76568	45.4293
6.76582	45.4515
6.76984	45.4737
6.76994	45.4959
6.77004	45.5182
6.77024	45.5404
6.77027	45.5626
6.77038	45.5848
6.77053	45.6071
6.77607	45.6293
6.77636	45.6515
6.77697	45.6737
6.78096	45.6959
6.781	45.7182
6.78123	45.7404
6.78139	45.7626
6.79149	45.7848
6.79236	45.8071
6.79642	45.8293
6.79647	45.8515
6.7967	45.8737
6.80333	45.8959
6.80376	45.9182
6.80758	45.9404
6.80786	45.9626
6.80837	45.9848
6.80856	46.0071
6.80874	46.0288
6.80928	46.0505
6.81339	46.0723
6.81374	46.094
6.81421	46.1157
6.81538	46.1375
6.82082	46.1592
6.8211	46.181
6.82613	46.2027
6.8271	46.2244
6.82738	46.2462
6.82748	46.2679
6.82758	46.2897
6.83267	46.3114
6.83271	46.3331
6.83293	46.3549
6.83304	46.3766
6.83312	46.3984
6.83324	46.4201
6.83337	46.4418
6.83898	46.4636
6.83906	46.4853
6.83957	46.5071
6.83977	46.5288
6.84015	46.5505
6.84035	46.5723
6.84376	46.594
6.84414	46.6157
6.84523	46.6375
6.84542	46.6592
6.84948	46.681
6.84971	46.7027
6.84993	46.7244
6.85005	46.7462
6.85888	46.7679
6.85903	46.7897
6.85944	46.8114
6.86424	46.8331
6.86503	46.8549
6.87006	46.8766
6.8702	46.8984
6.87031	46.9201
6.87051	46.9418
6.87624	46.9636
6.87646	46.9853
6.87694	47.0071
6.87741	47.0283
6.88117	47.0496
6.88308	47.0709
6.88325	47.0922
6.88365	47.1134
6.89394	47.1347
6.89813	47.156
6.89816	47.1773
6.89824	47.1985
6.89827	47.2198
6.89845	47.2411
6.89867	47.2624
6.89877	47.2836
6.90368	47.3049
6.90433	47.3262
6.90436	47.3475
6.90437	47.3688
6.90441	47.39
6.91067	47.4113
6.91073	47.4326
6.91122	47.4539
6.91127	47.4751
6.91142	47.4964
6.91156	47.5177
6.91193	47.539
6.91494	47.5602
6.9152	47.5815
6.91575	47.6028
6.92079	47.6241
6.921	47.6454
6.92118	47.6666
6.92672	47.6879
6.92725	47.7092
6.92745	47.7305
6.92772	47.7517
6.92791	47.773
6.93258	47.7943
6.94389	47.8156
6.94396	47.8368
6.94399	47.8581
6.94402	47.8794
6.94754	47.9007
6.94772	47.9219
6.94787	47.9432
6.94802	47.9645
6.95341	47.9858
6.95438	48.0071
6.95458	48.0279
6.95475	48.0487
6.95505	48.0696
6.95523	48.0904
6.95562	48.1112
6.95984	48.1321
6.95996	48.1529
6.96007	48.1737
6.96022	48.1946
6.96036	48.2154
6.96044	48.2362
6.96059	48.2571
6.96074	48.2779
6.96748	48.2987
6.96754	48.3196
6.96776	48.3404
6.96898	48.3612
6.96937	48.3821
6.98311	48.4029
6.98337	48.4237
6.98347	48.4446
6.98359	48.4654
6.98387	48.4862
6.98392	48.5071
6.98937	48.5279
6.98954	48.5487
6.99024	48.5696
6.99101	48.5904
6.99118	48.6112
6.99144	48.6321
6.99575	48.6529
7.00183	48.6737
7.00199	48.6946
7.00219	48.7154
7.00242	48.7362
7.0026	48.7571
7.00279	48.7779
7.00293	48.7987
7.00709	48.8196
7.00717	48.8404
7.00726	48.8612
7.0075	48.8821
7.00759	48.9029
7.00791	48.9237
7.01354	48.9446
7.01372	48.9654
7.0139	48.9862
7.0141	49.0071
7.01445	49.0275
7.01455	49.0479
7.01955	49.0683
7.01972	49.0887
7.01999	49.1091
7.02038	49.1295
7.02066	49.1499
7.02412	49.1703
7.02429	49.1907
7.02447	49.2111
7.02479	49.2315
7.02487	49.252
7.02495	49.2724
7.02512	49.2928
7.02998	49.3132
7.03016	49.3336
7.04056	49.354
7.04327	49.3744
7.04403	49.3948
7.04423	49.4152
7.0447	49.4356
7.04497	49.456
7.04893	49.4764
7.05436	49.4968
7.05443	49.5173
7.05696	49.5377
7.05707	49.5581
7.05729	49.5785
7.05753	49.5989
7.05776	49.6193
7.05809	49.6397
7.0636	49.6601
7.06383	49.6805
7.06422	49.7009
7.06431	49.7213
7.06462	49.7417
7.0648	49.7622
7.06497	49.7826
7.06856	49.803
7.06861	49.8234
7.06922	49.8438
7.06934	49.8642
7.06948	49.8846
7.07407	49.905
7.07414	49.9254
7.07433	49.9458
7.07447	49.9662
7.07955	49.9866
7.07965	50.0071
7.07976	50.0271
7.08	50.0471
7.08014	50.0671
7.08028	50.0871
7.08048	50.1071
7.08515	50.1271
7.09193	50.1471
7.09216	50.1671
7.09247	50.1871
7.09271	50.2071
7.09639	50.2271
7.09652	50.2471
7.09662	50.2671
7.10164	50.2871
7.10172	50.3071
7.10178	50.3271
7.10269	50.3471
7.10765	50.3671
7.10775	50.3871
7.10799	50.4071
7.10845	50.4271
7.10868	50.4471
7.10896	50.4671
7.10913	50.4871
7.11271	50.5071
7.11282	50.5271
7.11324	50.5471
7.11806	50.5671
7.11814	50.5871
7.11824	50.6071
7.11848	50.6271
7.13037	50.6471
7.13077	50.6671
7.13153	50.6871
7.13453	50.7071
7.13459	50.7271
7.13462	50.7471
7.13465	50.7671
7.13468	50.7871
7.1348	50.8071
7.13497	50.8271
7.14013	50.8471
7.14068	50.8671
7.14683	50.8871
7.14707	50.9071
7.14735	50.9271
7.14753	50.9471
7.15196	50.9671
7.15228	50.9871
7.15241	51.0071
7.15259	51.0267
7.15353	51.0463
7.15643	51.0659
7.15648	51.0855
7.15657	51.1051
7.16283	51.1247
7.16347	51.1443
7.16361	51.1639
7.16384	51.1835
7.164	51.2031
7.16743	51.2227
7.16749	51.2423
7.16756	51.262
7.1677	51.2816
7.16781	51.3012
7.16791	51.3208
7.16805	51.3404
7.17443	51.36
7.17459	51.3796
7.17486	51.3992
7.17501	51.4188
7.17549	51.4384
7.17574	51.458
7.17858	51.4776
7.1787	51.4972
7.17905	51.5169
7.17919	51.5365
7.17932	51.5561
7.17945	51.5757
7.18423	51.5953
7.18445	51.6149
7.18451	51.6345
7.1846	51.6541
7.18505	51.6737
7.18988	25.8369
7.19511	25.8769
7.19549	25.9169
7.19561	25.9569
7.20127	25.9969
7.20161	26.0369
7.20187	26.0753
7.20205	26.1138
7.20615	26.1522
7.20619	26.1907
7.20641	26.2292
7.20653	26.2676
7.20667	26.3061
7.22333	26.3446
7.22345	26.383
7.2235	26.4215
7.22355	26.4599
7.2286	26.4984
7.22868	26.5369
7.22891	26.5753
7.22902	26.6138
7.23422	26.6522
7.24046	26.6907
7.24134	26.7292
7.24509	26.7676
7.24525	26.8061
7.2453	26.8446
7.24553	26.883
7.24573	26.9215
7.24593	26.9599
7.25056	26.9984
7.25061	27.0369
7.25074	27.0739
7.2511	27.1109
7.25117	27.148
7.25124	27.185
7.25756	27.222
7.25777	27.2591
7.2581	27.2961
7.25872	27.3332
7.25886	27.3702
7.25902	27.4072
7.2617	27.4443
7.26179	27.4813
7.26199	27.5183
7.26228	27.5554
7.26294	27.5924
7.26788	27.6295
7.26824	27.6665
7.26874	27.7035
7.30225	27.7406
7.3025	27.7776
7.30276	27.8146
7.30665	27.8517
7.30675	27.8887
7.30695	27.9257
7.30713	27.9628
7.31198	27.9998
7.31291	28.0369
7.31296	28.0726
7.31305	28.1083
7.3134	28.144
7.31344	28.1797
7.31347	28.2154
7.31866	28.2511
7.31879	28.2869
7.31892	28.3226
7.31907	28.3583
7.3192	28.394
7.32438	28.4297
7.3245	28.4654
7.32539	28.5011
7.32563	28.5369
7.32586	28.5726
7.33404	28.6083
7.33505	28.644
7.3376	28.6797
7.35585	28.7154
7.35647	28.7511
7.35723	28.7869
7.35734	28.8226
7.3587	28.8583
7.35934	28.894
7.36145	28.9297
7.36496	28.9654
7.36565	29.0011
7.36642	29.0356
7.3677	29.0701
7.37143	29.1046
7.37157	29.1391
7.37408	29.1736
7.37437	29.208
7.37442	29.2425
7.3769	29.277
7.38217	29.3115
7.38535	29.346
7.38553	29.3805
7.38568	29.4149
7.38949	29.4494
7.38968	29.4839
7.39009	29.5184
7.39115	29.5529
7.39191	29.5874
7.39226	29.6218
7.39235	29.6563
7.41142	29.6908
7.41275	29.7253
7.41287	29.7598
7.41316	29.7942
7.41323	29.8287
7.41327	29.8632
7.4191	29.8977
7.4232	29.9322
7.42678	29.9667
7.42696	30.0011
7.42763	30.0345
7.42847	30.0678
7.42861	30.1011
7.42864	30.1345
7.43187	30.1678
7.43195	30.2011
7.432	30.2345
7.43494	30.2678
7.43787	30.3011
7.43828	30.3345
7.44171	30.3678
7.4418	30.4011
7.44389	30.4345
7.44405	30.4678
7.44409	30.5011
7.44418	30.5345
7.44863	30.5678
7.44955	30.6011
7.44961	30.6345
7.45122	30.6678
7.45435	30.7011
7.45582	30.7345
7.45613	30.7678
7.45728	30.8011
7.4579	30.8345
7.45863	30.8678
7.46696	30.9011
7.46987	30.9345
7.47004	30.9678
7.47193	31.0011
7.47203	31.0334
7.47329	31.0657
7.47336	31.0979
7.47346	31.1302
7.47365	31.1624
7.47635	31.1947
7.47701	31.227
7.47809	31.2592
7.48256	31.2915
7.48261	31.3237
7.48268	31.356
7.48575	31.3882
7.48633	31.4205
7.48647	31.4528
7.48899	31.485
7.48955	31.5173
7.4945	31.5495
7.4947	31.5818
7.49491	31.614
7.49963	31.6463
7.50101	31.6786
7.50436	31.7108
7.50456	31.7431
7.50461	31.7753
7.50464	31.8076
7.50905	31.8399
7.51919	31.8721
7.51948	31.9044
7.51965	31.9366
7.51984	31.9689
7.52406	32.0011
7.52411	32.0324
7.52413	32.0636
7.5243	32.0949
7.52834	32.1261
7.52875	32.1574
7.52896	32.1886
7.53218	32.2199
7.53495	32.2511
7.53512	32.2824
7.53538	32.3136
7.5391	32.3449
7.53936	32.3761
7.5449	32.4074
7.54505	32.4386
7.54537	32.4699
7.54553	32.5011
7.54577	32.5324
7.54597	32.5636
7.55016	32.5949
7.55444	32.6261
7.55457	32.6574
7.55467	32.6886
7.55481	32.7199
7.55491	32.7511
7.56154	32.7824
7.56359	32.8136
7.56741	32.8449
7.56746	32.8761
7.57108	32.9074
7.57133	32.9386
7.57192	32.9699
7.57215	33.0011
7.57339	33.0314
7.57411	33.0618
7.57415	33.0921
7.57423	33.1224
7.5744	33.1527
7.57868	33.183
7.58194	33.2133
7.58199	33.2436
7.58205	33.2739
7.58216	33.3042
7.58228	33.3345
7.5861	33.3648
7.59327	33.3951
7.59339	33.4254
7.59345	33.4557
7.59595	33.486
7.59598	33.5163
7.60098	33.5466
7.61607	33.5769
7.61647	33.6072
7.61726	33.6375
7.61733	33.6678
7.61849	33.6981
7.61922	33.7284
7.62069	33.7587
7.62218	33.789
7.62287	33.8193
7.6235	33.8496
7.62363	33.8799
7.62699	33.9102
7.62707	33.9405
7.62715	33.9708
7.62731	34.0011
7.63181	34.0306
7.6319	34.06
7.6367	34.0894
7.63694	34.1188
7.63906	34.1482
7.63913	34.1776
7.63948	34.207
7.63974	34.2364
7.63992	34.2659
7.64004	34.2953
7.64479	34.3247
7.65133	34.3541
7.65621	34.3835
7.65744	34.4129
7.6575	34.4423
7.65756	34.4717
7.65964	34.5011
7.66108	34.5306
7.66973	34.56
7.66982	34.5894
7.67416	34.6188
7.67457	34.6482
7.67472	34.6776
7.68146	34.707
7.68162	34.7364
7.68166	34.7659
7.6831	34.7953
7.68424	34.8247
7.6843	34.8541
7.68437	34.8835
7.68635	34.9129
7.68679	34.9423
7.68879	34.9717
7.68888	35.0011
7.68915	35.0297
7.68933	35.0583
7.69494	35.0869
7.6955	35.1154
7.6958	35.144
7.70039	35.1726
7.70254	35.2011
7.70262	35.2297
7.70271	35.2583
7.70291	35.2869
7.7106	35.3154
7.7108	35.344
7.71383	35.3726
7.71395	35.4011
7.71403	35.4297
7.71414	35.4583
7.71459	35.4869
7.71972	35.5154
7.71983	35.544
7.72001	35.5726
7.72325	35.6011
7.7233	35.6297
7.72516	35.6583
7.73421	35.6869
7.7374	35.7154
7.73747	35.744
7.73777	35.7726
7.73785	35.8011
7.74299	35.8297
7.74302	35.8583
7.74304	35.8869
7.74314	35.9154
7.74331	35.944
7.74867	35.9726
7.74889	36.0011
7.74926	36.0289
7.74944	36.0567
7.75504	36.0845
7.75507	36.1123
7.75529	36.14
7.75559	36.1678
7.76465	36.1956
7.76471	36.2234
7.7648	36.2511
7.76492	36.2789
7.77607	36.3067
7.77613	36.3345
7.77687	36.3623
7.77712	36.39
7.77745	36.4178
7.77763	36.4456
7.77785	36.4734
7.78328	36.5011
7.78337	36.5289
7.78356	36.5567
7.78705	36.5845
7.78724	36.6123
7.78759	36.64
7.78781	36.6678
7.80211	36.6956
7.8023	36.7234
7.80386	36.7511
7.80407	36.7789
7.80428	36.8067
7.80448	36.8345
7.80462	36.8623
7.80481	36.89
7.80903	36.9178
7.8091	36.9456
7.80965	36.9734
7.80979	37.0011
7.81033	37.0282
7.81471	37.0552
7.81476	37.0822
7.81479	37.1093
7.81482	37.1363
7.81532	37.1633
7.82098	37.1903
7.82116	37.2174
7.82126	37.2444
7.82146	37.2714
7.83174	37.2984
7.8318	37.3255
7.83201	37.3525
7.83769	37.3795
7.83802	37.4066
7.83813	37.4336
7.83817	37.4606
7.84153	37.4876
7.84206	37.5147
7.84215	37.5417
7.84704	37.5687
7.84715	37.5957
7.8503	37.6228
7.85035	37.6498
7.85926	37.6768
7.85982	37.7038
7.86008	37.7309
7.86016	37.7579
7.86189	37.7849
7.86194	37.812
7.86595	37.839
7.86735	37.866
7.87215	37.893
7.87224	37.9201
7.87283	37.9471
7.87286	37.9741
7.87447	38.0011
7.87662	38.0275
7.87691	38.0538
7.8788	38.0801
7.87909	38.1064
7.87929	38.1327
7.87933	38.159
7.87944	38.1854
7.88362	38.2117
7.88379	38.238
7.88421	38.2643
7.88767	38.2906
7.88784	38.3169
7.88806	38.3433
7.88834	38.3696
7.89077	38.3959
7.89117	38.4222
7.89137	38.4485
7.89149	38.4748
7.89182	38.5011
7.89618	38.5275
7.89621	38.5538
7.89628	38.5801
7.89658	38.6064
7.90472	38.6327
7.91277	38.659
7.91284	38.6854
7.91295	38.7117
7.91319	38.738
7.91336	38.7643
7.91368	38.7906
7.91856	38.8169
7.91917	38.8433
7.9199	38.8696
7.92066	38.8959
7.92073	38.9222
7.922	38.9485
7.92434	38.9748
7.92569	39.0011
7.92638	39.0268
7.9284	39.0524
7.92855	39.0781
7.93121	39.1037
7.93257	39.1294
7.93265	39.155
7.93287	39.1806
7.93986	39.2063
7.93989	39.2319
7.93991	39.2576
7.93998	39.2832
7.94007	39.3088
7.9403	39.3345
7.94375	39.3601
7.94551	39.3858
7.94562	39.4114
7.95248	39.437
7.95258	39.4627
7.95269	39.4883
7.95297	39.514
7.95312	39.5396
7.95374	39.5652
7.95397	39.5909
7.96167	39.6165
7.96172	39.6422
7.96203	39.6678
7.96215	39.6935
7.96224	39.7191
7.96778	39.7447
7.97159	39.7704
7.97212	39.796
7.97725	39.8217
7.97868	39.8473
7.97888	39.8729
7.97906	39.8986
7.98039	39.9242
7.98507	39.9499
7.98937	39.9755
7.98947	40.0011
7.98964	40.0261
7.98985	40.0511
7.98999	40.0761
7.99008	40.1011
7.99025	40.1261
7.99596	40.1511
7.9965	40.1761
8.00164	40.2011
8.0017	40.2261
8.00184	40.2511
8.00207	40.2761
8.00219	40.3011
8.00724	40.3261
8.0075	40.3511
8.00755	40.3761
8.00759	40.4011
8.00762	40.4261
8.01261	40.4511
8.01341	40.4761
8.01348	40.5011
8.01892	40.5261
8.01903	40.5511
8.01916	40.5761
8.01933	40.6011
8.01947	40.6261
8.01959	40.6511
8.01971	40.6761
8.02441	40.7011
8.03201	40.7261
8.03508	40.7511
8.03514	40.7761
8.04793	40.8011
8.04955	40.8261
8.05363	40.8511
8.05376	40.8761
8.05413	40.9011
8.05435	40.9261
8.0545	40.9511
8.05796	40.9761
8.05804	41.0011
8.05821	41.0255
8.05842	41.0499
8.05855	41.0743
8.06204	41.0987
8.06211	41.1231
8.06345	41.1475
8.06422	41.1719
8.06524	41.1963
8.06543	41.2207
8.06713	41.245
8.06723	41.2694
8.06732	41.2938
8.06753	41.3182
8.06985	41.3426
8.07148	41.367
8.07264	41.3914
8.07274	41.4158
8.07283	41.4402
8.07302	41.4646
8.07317	41.489
8.07621	41.5133
8.07624	41.5377
8.08004	41.5621
8.08012	41.5865
8.0825	41.6109
8.08259	41.6353
8.08268	41.6597
8.08284	41.6841
8.09419	41.7085
8.09438	41.7329
8.09647	41.7572
8.10785	41.7816
8.10945	41.806
8.11016	41.8304
8.11216	41.8548
8.11288	41.8792
8.11636	41.9036
8.1242	41.928
8.12561	41.9524
8.12714	41.9768
8.12722	42.0011
8.12975	42.025
8.12984	42.0488
8.12993	42.0726
8.1328	42.0964
8.13314	42.1202
8.13807	42.144
8.1383	42.1678
8.1386	42.1916
8.13964	42.2154
8.14002	42.2392
8.14026	42.2631
8.14051	42.2869
8.14076	42.3107
8.14102	42.3345
8.14532	42.3583
8.14564	42.3821
8.14674	42.4059
8.1469	42.4297
8.14701	42.4535
8.14722	42.4773
8.1474	42.5011
8.14755	42.525
8.14773	42.5488
8.14786	42.5726
8.15372	42.5964
8.15394	42.6202
8.15419	42.644
8.15429	42.6678
8.15874	42.6916
8.15885	42.7154
8.15912	42.7392
8.16417	42.7631
8.16453	42.7869
8.16464	42.8107
8.16473	42.8345
8.16946	42.8583
8.18412	42.8821
8.18419	42.9059
8.18424	42.9297
8.18688	42.9535
8.187	42.9773
8.18712	43.0011
8.18744	43.0244
8.18755	43.0477
8.19318	43.0709
8.2011	43.0942
8.20113	43.1174
8.20136	43.1407
8.20164	43.1639
8.20183	43.1872
8.20845	43.2104
8.20864	43.2337
8.20885	43.257
8.21194	43.2802
8.21202	43.3035
8.21211	43.3267
8.21237	43.35
8.21464	43.3732
8.21842	43.3965
8.22035	43.4198
8.22045	43.443
8.22408	43.4663
8.22414	43.4895
8.22422	43.5128
8.22446	43.536
8.22448	43.5593
8.22474	43.5825
8.2304	43.6058
8.23098	43.6291
8.23483	43.6523
8.23492	43.6756
8.23497	43.6988
8.23505	43.7221
8.23517	43.7453
8.23537	43.7686
8.23542	43.7918
8.2356	43.8151
8.24117	43.8384
8.24128	43.8616
8.2414	43.8849
8.24163	43.9081
8.24236	43.9314
8.24264	43.9546
8.2428	43.9779
8.24309	44.0011
8.24601	44.0239
8.24609	44.0466
8.2462	44.0693
8.26718	44.0921
8.26736	44.1148
8.26786	44.1375
8.2681	44.1602
8.27164	44.183
8.27175	44.2057
8.27651	44.2284
8.27658	44.2511
8.2767	44.2739
8.27693	44.2966
8.27709	44.3193
8.27721	44.3421
8.28202	44.3648
8.28212	44.3875
8.28234	44.4102
8.28255	44.433
8.28266	44.4557
8.28281	44.4784
8.28293	44.5011
8.28743	44.5239
8.28795	44.5466
8.28805	44.5693
8.29297	44.5921
8.2931	44.6148
8.29323	44.6375
8.29875	44.6602
8.29896	44.683
8.29919	44.7057
8.29933	44.7284
8.29963	44.7511
8.29982	44.7739
8.30006	44.7966
8.3002	44.8193
8.30342	44.8421
8.30346	44.8648
8.30353	44.8875
8.30368	44.9102
8.30379	44.933
8.30391	44.9557
8.30992	44.9784
8.31021	45.0011
8.31039	45.0234
8.31065	45.0456
8.31433	45.0678
8.32847	45.09
8.3288	45.1123
8.32924	45.1345
8.32944	45.1567
8.32965	45.1789
8.33118	45.2011
8.33134	45.2234
8.33148	45.2456
8.33359	45.2678
8.3338	45.29
8.33397	45.3123
8.33416	45.3345
8.33433	45.3567
8.33817	45.3789
8.33826	45.4011
8.33842	45.4234
8.33855	45.4456
8.34332	45.4678
8.34375	45.49
8.35794	45.5123
8.36334	45.5345
8.36365	45.5567
8.36632	45.5789
8.36638	45.6011
8.36644	45.6234
8.36658	45.6456
8.36693	45.6678
8.36702	45.69
8.37177	45.7123
8.37185	45.7345
8.37438	45.7567
8.37461	45.7789
8.37469	45.8011
8.37484	45.8234
8.37948	45.8456
8.37963	45.8678
8.37966	45.89
8.38507	45.9123
8.38513	45.9345
8.38544	45.9567
8.38579	45.9789
8.38587	46.0011
8.38592	46.0229
8.38596	46.0446
8.3862	46.0664
8.39056	46.0881
8.39061	46.1098
8.39064	46.1316
8.39067	46.1533
8.39069	46.1751
8.39093	46.1968
8.39109	46.2185
8.39589	46.2403
8.39597	46.262
8.39672	46.2838
8.40376	46.3055
8.40396	46.3272
8.40686	46.349
8.40694	46.3707
8.40719	46.3925
8.40756	46.4142
8.40773	46.4359
8.40784	46.4577
8.408	46.4794
8.42767	46.5011
8.42774	46.5229
8.42827	46.5446
8.43181	46.5664
8.43199	46.5881
8.4321	46.6098
8.43228	46.6316
8.43241	46.6533
8.43626	46.6751
8.43638	46.6968
8.43652	46.7185
8.43668	46.7403
8.43683	46.762
8.44297	46.7838
8.4431	46.8055
8.44327	46.8272
8.44824	46.849
8.4485	46.8707
8.45647	46.8925
8.45782	46.9142
8.45814	46.9359
8.45872	46.9577
8.45895	46.9794
8.46241	47.0011
8.46249	47.0224
8.46259	47.0437
8.46284	47.065
8.46297	47.0863
8.46306	47.1075
8.46324	47.1288
8.46338	47.1501
8.46793	47.1714
8.46804	47.1926
8.46814	47.2139
8.46834	47.2352
8.46884	47.2565
8.47404	47.2777
8.47418	47.299
8.47437	47.3203
8.47463	47.3416
8.47477	47.3628
8.47498	47.3841
8.47519	47.4054
8.47545	47.4267
8.47898	47.448
8.47918	47.4692
8.48995	47.4905
8.49004	47.5118
8.49017	47.5331
8.4903	47.5543
8.49052	47.5756
8.49616	47.5969
8.49634	47.6182
8.4969	47.6394
8.49721	47.6607
8.49802	47.682
8.50107	47.7033
8.50144	47.7246
8.50158	47.7458
8.50664	47.7671
8.50673	47.7884
8.5068	47.8097
8.50694	47.8309
8.50705	47.8522
8.529	47.8735
8.5291	47.8948
8.52924	47.916
8.53447	47.9373
8.53454	47.9586
8.53465	47.9799
8.53479	48.0011
8.54095	48.022
8.54118	48.0428
8.54175	48.0636
8.5423	48.0845
8.54575	48.1053
8.54585	48.1261
8.5462	48.147
8.54633	48.1678
8.54649	48.1886
8.54661	48.2095
8.55109	48.2303
8.55115	48.2511
8.55126	48.272
8.55142	48.2928
8.55156	48.3136
8.55182	48.3345
8.55777	48.3553
8.55797	48.3761
8.55846	48.397
8.55873	48.4178
8.56206	48.4386
8.56211	48.4595
8.5622	48.4803
8.56237	48.5011
8.56266	48.522
8.56278	48.5428
8.56289	48.5636
8.56854	48.5845
8.56864	48.6053
8.56875	48.6261
8.57969	48.647
8.57977	48.6678
8.58447	48.6886
8.58456	48.7095
8.5847	48.7303
8.58487	48.7511
8.59246	48.772
8.59265	48.7928
8.59344	48.8136
8.59645	48.8345
8.60898	48.8553
8.61249	48.8761
8.61265	48.897
8.6128	48.9178
8.61315	48.9386
8.61818	48.9595
8.61821	48.9803
8.61829	49.0011
8.61843	49.0216
8.61857	49.042
8.6187	49.0624
8.61882	49.0828
8.62446	49.1032
8.62456	49.1236
8.62466	49.144
8.62485	49.1644
8.62967	49.1848
8.62971	49.2052
8.6303	49.2256
8.63662	49.246
8.63703	49.2665
8.63725	49.2869
8.63747	49.3073
8.64086	49.3277
8.64127	49.3481
8.6414	49.3685
8.64142	49.3889
8.64143	49.4093
8.64624	49.4297
8.64632	49.4501
8.64691	49.4705
8.65272	49.4909
8.6528	49.5113
8.65302	49.5318
8.65334	49.5522
8.6536	49.5726
8.65404	49.593
8.65744	49.6134
8.66926	49.6338
8.66944	49.6542
8.6696	49.6746
8.66971	49.695
8.66984	49.7154
8.67465	49.7358
8.67469	49.7562
8.67476	49.7767
8.68156	49.7971
8.68208	49.8175
8.69157	49.8379
8.69805	49.8583
8.70258	49.8787
8.70262	49.8991
8.70272	49.9195
8.70305	49.9399
8.7031	49.9603
8.70314	49.9807
8.70341	50.0011
8.7035	50.0211
8.70828	50.0411
8.70832	50.0611
8.70841	50.0811
8.70847	50.1011
8.7087	50.1211
8.7088	50.1411
8.70895	50.1611
8.70908	50.1811
8.71495	50.2011
8.72574	50.2211
8.72595	50.2411
8.72628	50.2611
8.72662	50.2811
8.72677	50.3011
8.73099	25.1506
8.73119	25.1906
8.73138	25.2306
8.73153	25.2706
8.73167	25.3106
8.73538	25.3506
8.73546	25.3906
8.73555	25.4306
8.73563	25.4706
8.73576	25.5106
8.7358	25.5506
8.73583	25.5906
8.73591	25.6306
8.74094	25.6706
8.74097	25.7106
8.7462	25.7506
8.74637	25.7906
8.74646	25.8306
8.74666	25.8706
8.74674	25.9106
8.75292	25.9506
8.75318	25.9906
8.75333	26.0306
8.75354	26.069
8.75422	26.1075
8.76251	26.146
8.76537	26.1844
8.76545	26.2229
8.76558	26.2613
8.76577	26.2998
8.76589	26.3383
8.76604	26.3767
8.77019	26.4152
8.77085	26.4536
8.77093	26.4921
8.77103	26.5306
8.77133	26.569
8.77138	26.6075
8.77147	26.646
8.77167	26.6844
8.77872	26.7229
8.78357	26.7613
8.7883	26.7998
8.78838	26.8383
8.78856	26.8767
8.80141	26.9152
8.80223	26.9536
8.80346	26.9921
8.80359	27.0306
8.80375	27.0676
8.8105	27.1046
8.81121	27.1417
8.81177	27.1787
8.81243	27.2158
8.81394	27.2528
8.81674	27.2898
8.81806	27.3269
8.82314	27.3639
8.83653	27.4009
8.84032	27.438
8.84126	27.475
8.84181	27.5121
8.84304	27.5491
8.8437	27.5861
8.8452	27.6232
8.84596	27.6602
8.84614	27.6972
8.84808	27.7343
8.85019	27.7713
8.85027	27.8084
8.85236	27.8454
8.8524	27.8824
8.85243	27.9195
8.85273	27.9565
8.8561	27.9935
8.85857	28.0306
8.86069	28.0663
8.86352	28.102
8.86358	28.1377
8.86372	28.1734
8.86383	28.2091
8.86732	28.2449
8.87485	28.2806
8.87629	28.3163
8.87754	28.352
8.88325	28.3877
8.88388	28.4234
8.8853	28.4591
8.88552	28.4949
8.88564	28.5306
8.88578	28.5663
8.8897	28.602
8.88979	28.6377
8.8925	28.6734
8.89272	28.7091
8.89603	28.7449
8.89627	28.7806
8.91085	28.8163
8.91152	28.852
8.91306	28.8877
8.91329	28.9234
8.91369	28.9591
8.91583	28.9949
8.91716	29.0306
8.91722	29.0651
8.9173	29.0995
8.91747	29.134
8.91764	29.1685
8.9177	29.203
8.92162	29.2375
8.92392	29.272
8.92404	29.3064
8.92504	29.3409
8.92521	29.3754
8.92536	29.4099
8.92704	29.4444
8.9278	29.4788
8.92883	29.5133
8.93321	29.5478
8.95007	29.5823
8.95059	29.6168
8.95076	29.6513
8.95192	29.6857
8.95604	29.7202
8.9561	29.7547
8.96369	29.7892
8.96616	29.8237
8.96636	29.8582
8.96651	29.8926
8.96948	29.9271
8.97112	29.9616
8.97123	29.9961
8.97134	30.0306
8.97518	30.0639
8.97536	30.0972
8.97871	30.1306
8.97907	30.1639
8.98074	30.1972
8.98083	30.2306
8.98094	30.2639
8.98116	30.2972
8.98343	30.3306
8.98452	30.3639
8.98492	30.3972
8.98858	30.4306
8.98922	30.4639
8.98928	30.4972
8.99224	30.5306
8.99415	30.5639
8.99429	30.5972
8.99625	30.6306
9.00179	30.6639
9.01675	30.6972
9.01901	30.7306
9.01907	30.7639
9.02118	30.7972
9.02128	30.8306
9.02135	30.8639
9.02371	30.8972
9.02611	30.9306
9.02626	30.9639
9.02654	30.9972
9.02951	31.0306
9.03169	31.0628
9.03171	31.0951
9.03363	31.1273
9.03458	31.1596
9.0352	31.1919
9.03714	31.2241
9.03863	31.2564
9.04001	31.2886
9.04488	31.3209
9.04573	31.3532
9.04727	31.3854
9.04737	31.4177
9.04754	31.4499
9.04993	31.4822
9.05002	31.5144
9.0549	31.5467
9.05915	31.579
9.06055	31.6112
9.06061	31.6435
9.07462	31.6757
9.0747	31.708
9.07736	31.7403
9.07744	31.7725
9.07902	31.8048
9.07953	31.837
9.08197	31.8693
9.08266	31.9015
9.08337	31.9338
9.08413	31.9661
9.08421	31.9983
9.08542	32.0306
9.08614	32.0618
9.09045	32.0931
9.09071	32.1243
9.09285	32.1556
9.09367	32.1868
9.09375	32.2181
9.09626	32.2493
9.09795	32.2806
9.10625	32.3118
9.10698	32.3431
9.10773	32.3743
9.10847	32.4056
9.10911	32.4368
9.10972	32.4681
9.11052	32.4993
9.11127	32.5306
9.112	32.5618
9.11345	32.5931
9.1147	32.6243
9.11476	32.6556
9.11683	32.6868
9.1169	32.7181
9.11817	32.7493
9.11828	32.7806
9.1203	32.8118
9.12321	32.8431
9.13023	32.8743
9.1303	32.9056
9.13046	32.9368
9.13064	32.9681
9.13364	32.9993
9.13443	33.0306
9.13718	33.0609
9.14016	33.0912
9.14042	33.1215
9.14151	33.1518
9.14305	33.1821
9.1431	33.2124
9.14313	33.2427
9.15598	33.273
9.16128	33.3033
9.16155	33.3336
9.16168	33.3639
9.16179	33.3942
9.16329	33.4245
9.16335	33.4548
9.16342	33.4851
9.16362	33.5154
9.16853	33.5457
9.17163	33.576
9.17172	33.6063
9.17216	33.6366
9.17228	33.6669
9.17245	33.6972
9.17257	33.7275
9.17719	33.7578
9.17727	33.7881
9.17928	33.8185
9.17964	33.8488
9.17976	33.8791
9.1847	33.9094
9.18484	33.9397
9.18504	33.97
9.18659	34.0003
9.18662	34.0297
9.1867	34.0591
9.18704	34.0885
9.18736	34.1179
9.18744	34.1473
9.19394	34.1767
9.19402	34.2062
9.19428	34.2356
9.20034	34.265
9.20048	34.2944
9.20176	34.3238
9.20186	34.3532
9.20197	34.3826
9.20199	34.412
9.202	34.4414
9.20723	34.4709
9.21428	34.5003
9.21589	34.5297
9.21603	34.5591
9.2165	34.5885
9.21693	34.6179
9.2172	34.6473
9.22148	34.6767
9.22159	34.7062
9.22207	34.7356
9.22603	34.765
9.2261	34.7944
9.22615	34.8238
9.23078	34.8532
9.23702	34.8826
9.23719	34.912
9.24177	34.9414
9.24197	34.9709
9.24209	35.0003
9.24767	35.0288
9.24778	35.0574
9.24789	35.086
9.24806	35.1146
9.24822	35.1431
9.25541	35.1717
9.25909	35.2003
9.25988	35.2288
9.26634	35.2574
9.26682	35.286
9.26708	35.3146
9.27068	35.3431
9.27085	35.3717
9.27099	35.4003
9.27116	35.4288
9.27127	35.4574
9.27718	35.486
9.27761	35.5146
9.28332	35.5431
9.28378	35.5717
9.28445	35.6003
9.28476	35.6288
9.28505	35.6574
9.28832	35.686
9.28848	35.7146
9.28858	35.7431
9.28867	35.7717
9.29493	35.8003
9.29512	35.8288
9.29919	35.8574
9.29924	35.886
9.29946	35.9146
9.29986	35.9431
9.3	35.9717
9.30017	36.0003
9.30454	36.028
9.30576	36.0558
9.30589	36.0836
9.30597	36.1114
9.31062	36.1392
9.31609	36.1669
9.32089	36.1947
9.32158	36.2225
9.33733	36.2503
9.33747	36.278
9.33784	36.3058
9.33787	36.3336
9.33799	36.3614
9.33818	36.3892
9.34282	36.4169
9.34294	36.4447
9.34299	36.4725
9.3432	36.5003
9.35443	36.528
9.35455	36.5558
9.35462	36.5836
9.3616	36.6114
9.36185	36.6392
9.36259	36.6669
9.3663	36.6947
9.3664	36.7225
9.3665	36.7503
9.37593	36.778
9.37606	36.8058
9.3762	36.8336
9.37631	36.8614
9.37643	36.8892
9.37653	36.9169
9.38168	36.9447
9.38179	36.9725
9.38206	37.0003
9.38208	37.0273
9.3821	37.0543
9.38738	37.0814
9.38756	37.1084
9.38795	37.1354
9.38831	37.1624
9.38848	37.1895
9.39224	37.2165
9.39234	37.2435
9.39267	37.2705
9.39272	37.2976
9.3928	37.3246
9.39904	37.3516
9.3992	37.3786
9.39943	37.4057
9.39958	37.4327
9.40314	37.4597
9.4032	37.4868
9.40327	37.5138
9.40341	37.5408
9.40362	37.5678
9.42117	37.5949
9.42148	37.6219
9.4219	37.6489
9.4253	37.6759
9.42543	37.703
9.43103	37.73
9.4318	37.757
9.43774	37.7841
9.43839	37.8111
9.43867	37.8381
9.43893	37.8651
9.43935	37.8922
9.44397	37.9192
9.44413	37.9462
9.4449	37.9732
9.44821	38.0003
9.44842	38.0266
9.44882	38.0529
9.44893	38.0792
9.44904	38.1055
9.4537	38.1318
9.4538	38.1582
9.45392	38.1845
9.45453	38.2108
9.4595	38.2371
9.4596	38.2634
9.45966	38.2897
9.46011	38.3161
9.47039	38.3424
9.47055	38.3687
9.47099	38.395
9.4758	38.4213
9.4759	38.4476
9.47603	38.474
9.47623	38.5003
9.47639	38.5266
9.47653	38.5529
9.48372	38.5792
9.48702	38.6055
9.48711	38.6318
9.49353	38.6582
9.49389	38.6845
9.50873	38.7108
9.50879	38.7371
9.50889	38.7634
9.50918	38.7897
9.50945	38.8161
9.50953	38.8424
9.51561	38.8687
9.51615	38.895
9.51668	38.9213
9.51981	38.9476
9.52008	38.974
9.52015	39.0003
9.52063	39.0259
9.52102	39.0516
9.52122	39.0772
9.52543	39.1028
9.52566	39.1285
9.52583	39.1541
9.52612	39.1798
9.52622	39.2054
9.52654	39.231
9.53133	39.2567
9.53143	39.2823
9.53192	39.308
9.53212	39.3336
9.53243	39.3592
9.53247	39.3849
9.53251	39.4105
9.53674	39.4362
9.53683	39.4618
9.53692	39.4874
9.53716	39.5131
9.5373	39.5387
9.54847	39.5644
9.5494	39.59
9.54948	39.6157
9.55365	39.6413
9.55404	39.6669
9.5596	39.6926
9.55998	39.7182
9.56048	39.7439
9.5607	39.7695
9.56123	39.7951
9.56459	39.8208
9.56498	39.8464
9.57045	39.8721
9.57064	39.8977
9.5709	39.9233
9.57162	39.949
9.57238	39.9746
9.5758	40.0003
9.57588	40.0253
9.57592	40.0503
9.57595	40.0753
9.58194	40.1003
9.58217	40.1253
9.58242	40.1503
9.5826	40.1753
9.58283	40.2003
9.58644	40.2253
9.5868	40.2503
9.58694	40.2753
9.58708	40.3003
9.58736	40.3253
9.59192	40.3503
9.59203	40.3753
9.59213	40.4003
9.59265	40.4253
9.59273	40.4503
9.59756	40.4753
9.59767	40.5003
9.59778	40.5253
9.60383	40.5503
9.60942	40.5753
9.60998	40.6003
9.61035	40.6253
9.61068	40.6503
9.61447	40.6753
9.61926	40.7003
9.61929	40.7253
9.61939	40.7503
9.6195	40.7753
9.61967	40.8003
9.61972	40.8253
9.62502	40.8503
9.62519	40.8753
9.62543	40.9003
9.62562	40.9253
9.6257	40.9503
9.63031	40.9753
9.63113	41.0003
9.63644	41.0247
9.63669	41.0491
9.63697	41.0734
9.63717	41.0978
9.63762	41.1222
9.63777	41.1466
9.63805	41.171
9.63837	41.1954
9.64129	41.2198
9.64141	41.2442
9.64224	41.2686
9.64724	41.293
9.64746	41.3173
9.64782	41.3417
9.64796	41.3661
9.64842	41.3905
9.64882	41.4149
9.64914	41.4393
9.64936	41.4637
9.65223	41.4881
9.65229	41.5125
9.65233	41.5369
9.66947	41.5612
9.66965	41.5856
9.66979	41.61
9.67404	41.6344
9.6741	41.6588
9.67453	41.6832
9.67462	41.7076
9.67964	41.732
9.67968	41.7564
9.67995	41.7808
9.68059	41.8051
9.68505	41.8295
9.68514	41.8539
9.68524	41.8783
9.68531	41.9027
9.6854	41.9271
9.68552	41.9515
9.68563	41.9759
9.68573	42.0003
9.6913	42.0241
9.69169	42.0479
9.69185	42.0717
9.6923	42.0955
9.69605	42.1193
9.69623	42.1431
9.6963	42.1669
9.69639	42.1907
9.70752	42.2146
9.70761	42.2384
9.70778	42.2622
9.70797	42.286
9.70809	42.3098
9.71326	42.3336
9.71336	42.3574
9.71357	42.3812
9.71366	42.405
9.71987	42.4288
9.72536	42.4527
9.72545	42.4765
9.72571	42.5003
9.72615	42.5241
9.72635	42.5479
9.72656	42.5717
9.72673	42.5955
9.73634	42.6193
9.73664	42.6431
9.73687	42.6669
9.7371	42.6907
9.73737	42.7146
