time	cwndsize
0.290576	11
0.291929	12
0.293297	13
0.297465	14
0.298843	15
0.300253	16
0.30162	17
0.304385	18
0.305064	19
0.306466	20
0.352188	21
0.353614	22
0.356283	23
0.357694	24
0.35908	25
0.359726	26
0.369361	27
0.370745	28
0.372105	29
0.373467	30
0.382654	31
0.383286	32
0.384033	33
0.384727	34
0.388859	35
0.39027	36
0.39161	37
0.393063	38
0.393683	39
0.394448	40
0.510692	41
0.512128	42
0.513578	43
0.514898	44
0.515591	45
0.517655	46
0.518354	47
0.519709	48
0.521578	49
0.52248	50
0.524009	51
0.524602	52
0.535027	53
0.535676	54
0.536453	55
0.537145	56
0.537845	57
0.53856	58
0.539206	59
0.539894	60
0.562156	61
0.563529	62
0.564873	63
0.56645	64
0.567819	65
0.570566	66
0.571943	67
0.573315	68
0.591242	69
0.592631	70
0.594103	71
0.595504	72
0.596872	73
0.598222	74
0.600961	75
0.602342	76
0.60371	77
0.60514	78
0.607151	79
0.608527	80
0.735691	81
0.740713	82
0.745957	83
0.747359	84
0.757633	85
0.758342	86
0.759096	87
0.759693	88
0.760401	89
0.761084	90
0.762436	91
0.763127	92
0.763844	93
0.768681	94
0.897904	95
0.89859	96
0.899266	97
0.899964	98
0.900648	99
0.901346	100
0.902041	101
0.902703	102
0.903414	103
0.904071	104
0.904747	105
0.905436	106
0.906131	107
0.906827	108
0.907497	109
0.908213	110
0.90889	111
0.90956	112
0.910256	113
0.910943	114
0.911632	115
0.912332	116
0.913044	117
0.913684	118
0.914379	119
0.915051	120
0.915767	121
0.916465	122
0.938584	123
0.93928	124
0.939981	125
0.941336	126
0.942736	127
0.944108	128
0.945467	129
0.946868	130
0.948242	131
0.950325	132
0.957217	133
0.959984	134
0.963167	135
0.965795	136
0.971122	137
0.974123	138
0.976833	139
0.979004	140
0.980352	141
0.981744	142
0.983077	143
0.984452	144
0.985811	145
0.987188	146
0.98856	147
0.989937	148
1.03022	149
1.03298	150
1.0357	151
1.03855	152
1.03995	153
1.04333	154
1.04611	155
1.04886	156
1.05093	157
1.05229	158
1.05366	159
1.05502	160
1.0599	161
1.06067	162
1.06204	163
1.06273	164
1.06412	165
1.06551	166
1.06619	167
1.06756	168
1.06824	169
1.06963	170
1.07031	171
1.07104	172
1.0724	173
1.07446	174
1.07586	175
1.07722	176
1.07862	177
1.08006	178
1.08141	179
1.08278	180
1.08416	181
1.08573	182
1.08709	183
1.08848	184
1.08984	185
1.09121	186
1.09257	187
1.09397	188
1.10167	189
1.1029	190
1.10358	191
1.10429	192
1.10497	193
1.1084	194
1.10906	195
1.10975	196
1.11046	197
1.11123	198
1.16683	199
1.1675	200
1.17506	201
1.17575	202
1.17657	203
1.1771	204
1.1778	102
1.1785	102.01
1.17918	102.02
1.17988	102.029
1.18054	102.039
1.18123	102.049
1.18193	102.059
1.18262	102.069
1.18332	102.078
1.18398	102.088
1.18535	102.098
1.18608	102.108
1.18744	102.118
1.18812	102.127
1.18879	102.137
1.18959	102.147
1.19086	102.157
1.19155	102.167
1.19303	102.176
1.19372	102.186
1.19646	102.196
1.19868	102.206
1.20142	102.216
1.20278	102.225
1.20553	102.235
1.20689	102.245
1.20964	102.255
1.21099	102.265
1.21238	102.275
1.21373	102.284
1.21514	102.294
1.21647	102.304
1.21787	102.314
1.21855	102.324
1.21991	102.333
1.22129	102.343
1.22335	102.353
1.22473	102.363
1.22815	102.373
1.23034	102.382
1.23445	102.392
1.23582	102.402
1.24065	102.412
1.24139	102.422
1.24497	102.431
1.24634	102.441
1.2484	102.451
1.24907	102.461
1.2498	102.471
1.25117	102.48
1.25878	102.49
1.25944	102.5
1.26151	102.51
1.26218	102.52
1.26284	102.529
1.26357	102.539
1.26428	102.549
1.26494	102.559
1.26565	102.569
1.26631	102.578
1.26977	102.588
1.27049	102.598
1.27182	102.608
1.27251	102.618
1.27387	102.627
1.27457	102.637
1.27593	102.647
1.27662	102.657
1.27804	102.667
1.27869	102.676
1.3017	102.686
1.30307	102.696
1.30375	102.706
1.30511	102.716
1.30993	102.725
1.31127	102.735
1.31331	102.745
1.31457	102.755
1.31661	102.765
1.31799	102.775
1.32005	102.784
1.32145	102.794
1.36607	102.804
1.36812	102.814
1.36951	102.824
1.37087	102.833
1.37362	102.843
1.3764	102.853
1.37776	102.863
1.37911	102.873
1.38072	102.882
1.38208	102.892
1.38348	102.902
1.38485	102.912
1.38622	102.922
1.38765	102.931
1.38901	102.941
1.39041	102.951
1.39178	102.961
1.39314	102.971
1.39456	102.98
1.39695	102.99
1.39834	103
1.39971	103.01
1.40109	103.019
1.40244	103.029
1.40382	103.039
1.40521	103.049
1.40795	103.058
1.40932	103.068
1.41139	103.078
1.41345	103.087
1.41483	103.097
1.41689	103.107
1.41828	103.117
1.42031	103.126
1.42099	103.136
1.42239	103.146
1.42312	103.155
1.42382	103.165
1.42451	103.175
1.4252	103.184
1.42591	103.194
1.42659	103.204
1.42728	103.214
1.428	103.223
1.42865	103.233
1.42935	103.243
1.43206	103.252
1.43345	103.262
1.43413	103.272
1.43481	103.282
1.43618	103.291
1.43687	103.301
1.43757	103.311
1.43895	103.32
1.44175	103.33
1.44487	103.34
1.44577	103.35
1.44783	103.359
1.44989	103.369
1.45332	103.379
1.45539	103.388
1.45677	103.398
1.45882	103.408
1.46153	103.417
1.46231	103.427
1.46362	103.437
1.46503	103.447
1.46778	103.456
1.46989	103.466
1.47123	103.476
1.47327	103.485
1.47466	103.495
1.47603	103.505
1.47808	103.515
1.48019	103.524
1.48159	103.534
1.48364	103.544
1.48573	103.553
1.48723	103.563
1.48916	103.573
1.49059	103.583
1.49333	103.592
1.49673	103.602
1.58823	103.612
1.59027	103.621
1.59163	103.631
1.59303	103.641
1.59506	103.65
1.59714	103.66
1.5992	103.67
1.60125	103.68
1.60264	103.689
1.60467	103.699
1.60636	103.709
1.60774	103.718
1.62767	103.728
1.62904	103.738
1.63108	103.748
1.63391	103.757
1.64209	103.767
1.64413	103.777
1.64826	103.786
1.64962	103.796
1.65238	103.806
1.65447	103.816
1.65584	103.825
1.65718	103.835
1.65856	103.845
1.65992	103.854
1.66129	103.864
1.66268	103.874
1.66404	103.883
1.66544	103.893
1.66823	103.903
1.67094	103.913
1.67231	103.922
1.67642	103.932
1.67917	103.942
1.68193	103.951
1.68605	103.961
1.68881	103.971
1.7047	103.981
1.70751	103.99
1.72426	104
1.72555	104.01
1.72624	104.019
1.72694	104.029
1.72759	104.038
1.72832	104.048
1.72898	104.058
1.73048	104.067
1.73121	52.0337
1.73184	52.0529
1.73255	52.0721
1.73321	52.0913
1.73391	52.1106
1.7346	52.1298
1.73527	52.149
1.73669	52.1683
1.73742	52.1875
1.73811	52.2067
1.73879	52.226
1.73946	52.2452
1.74016	52.2644
1.74085	52.2837
1.74155	52.3029
1.74221	52.3221
1.7429	52.3413
1.74359	52.3606
1.74431	52.3798
1.74496	52.399
1.74568	52.4183
1.74637	52.4375
1.74704	52.4567
1.74774	52.476
1.74845	52.4952
1.74913	52.5144
1.74982	52.5337
1.75068	52.5529
1.75119	52.5721
1.7519	52.5913
1.75328	52.6106
1.75395	52.6298
1.75463	52.649
1.7553	52.6683
1.75599	52.6875
1.7567	52.7067
1.75739	52.726
1.75805	52.7452
1.75887	52.7644
1.75943	52.7837
1.76014	52.8029
1.76082	52.8221
1.76147	52.8413
1.76215	52.8606
1.76284	52.8798
1.76354	52.899
1.76426	52.9183
1.76494	52.9375
1.76562	52.9567
1.76629	52.976
1.76699	52.9952
1.76768	53.0144
1.76835	53.0333
1.76904	53.0522
1.76975	53.071
1.77041	53.0899
1.7711	53.1088
1.77249	53.1276
1.77317	53.1465
1.77387	53.1654
1.77454	53.1842
1.77521	53.2031
1.7759	53.222
1.7766	53.2408
1.77731	53.2597
1.77797	53.2786
1.77866	53.2974
1.77935	53.3163
1.78279	53.3352
1.7856	53.354
1.78971	53.3729
1.79179	53.3918
1.79517	53.4106
1.79724	53.4295
1.79862	53.4484
1.80002	53.4673
1.80138	53.4861
1.80205	53.505
1.80343	53.5239
1.80412	53.5427
1.80549	53.5616
1.80686	53.5805
1.80754	53.5993
1.80823	53.6182
1.81033	53.6371
1.81167	53.6559
1.81304	53.6748
1.8151	53.6937
1.81646	53.7125
1.82128	53.7314
1.84483	53.7503
1.84554	53.7691
1.84621	53.788
1.84688	53.8069
1.84758	53.8257
1.84826	53.8446
1.84895	53.8635
1.84963	53.8823
1.85033	53.9012
1.85608	53.9201
1.85885	53.939
1.85958	53.9578
1.86025	53.9767
1.86442	53.9956
1.86581	54.0144
1.86926	54.0329
1.86996	54.0515
1.87271	54.07
1.87342	54.0885
1.87482	54.107
1.8762	27.0535
1.87695	27.0905
1.87759	27.1276
1.87899	27.1646
1.88075	27.2017
1.88225	27.2387
1.8835	27.2757
1.88417	27.3128
1.88626	27.3498
1.89036	27.3868
1.89244	27.4239
1.89392	27.4609
1.89447	27.498
1.89585	27.535
1.8972	27.572
1.89858	27.6091
1.89928	27.6461
1.90065	27.6831
1.90338	27.7202
1.9056	27.7572
1.91195	27.7942
1.91674	27.8313
1.92637	27.8683
1.92914	27.9054
1.9319	27.9424
1.93815	27.9794
1.94092	28.0165
1.94371	28.0522
1.94439	28.0879
1.94507	28.1236
1.94644	28.1593
1.9478	28.195
1.9485	28.2308
1.94991	28.2665
1.95058	28.3022
1.95198	28.3379
1.95268	28.3736
1.95336	28.4093
1.95407	28.445
1.95477	28.4808
1.95621	28.5165
1.95693	28.5522
1.95767	28.5879
1.95878	28.6236
1.96758	28.6593
1.9703	28.695
1.97307	28.7308
1.97718	28.7665
1.97786	28.8022
1.97924	28.8379
1.98131	28.8736
2.02775	28.9093
2.02846	28.945
2.02908	28.9808
2.02982	29.0165
2.03053	29.051
2.03121	29.0854
2.0319	29.1199
2.03352	29.1544
2.03507	29.1889
2.03576	14.5944
2.03649	14.6659
2.03716	14.7373
2.03799	14.8087
2.03864	14.8802
2.03924	14.9516
2.03992	15.023
2.04073	15.0897
2.04138	15.1563
2.04207	15.223
2.04278	15.2897
2.05109	15.3563
2.05178	15.423
2.05246	15.4897
2.05315	15.5563
2.05453	15.623
2.05521	15.6897
2.05593	15.7563
2.10165	15.823
2.1025	15.8897
2.10314	15.9563
2.1052	16.023
2.10676	16.0855
2.10744	16.148
2.10815	16.2105
2.10884	16.273
2.10953	16.3355
2.11023	16.398
2.13247	16.4605
2.13452	16.523
2.13726	16.5855
2.13794	16.648
2.13935	16.7105
2.1587	16.773
2.15993	16.8355
2.16126	16.898
2.16475	16.9605
2.16613	17.023
2.16754	8.51151
2.16821	8.63651
2.17113	8.76151
2.17248	8.88651
2.17457	9.01151
2.17594	9.12262
2.20097	9.23373
2.20239	9.34484
2.20308	9.45595
2.20375	9.56706
2.20444	9.67817
2.24303	9.78928
2.24372	9.9004
2.24441	10.0115
2.24578	10.1115
2.24775	10.2115
2.24911	10.3115
2.31271	10.4115
2.31339	10.5115
2.31475	10.6115
2.31612	10.7115
2.31755	10.8115
2.31888	10.9115
2.31956	11.0115
2.32026	11.1024
2.32092	11.1933
2.32165	11.2842
2.39429	11.3751
2.39638	11.4661
2.39704	11.557
2.39774	11.6479
2.39978	11.7388
2.40253	11.8297
2.4032	11.9206
2.40459	12.0115
2.40526	12.0948
2.40869	12.1782
2.41025	12.2615
2.46562	12.3448
2.46766	12.4282
2.46903	12.5115
2.47182	12.5948
2.47493	12.6782
2.47595	12.7615
2.47759	12.8448
2.4801	12.9282
2.48082	13.0115
2.48289	13.0884
2.48355	13.1654
2.48426	13.2423
2.53909	13.3192
2.54053	13.3961
2.54182	13.473
2.54255	13.55
2.54327	13.6269
2.54397	13.7038
2.54463	13.7807
2.54762	13.8577
2.54821	13.9346
2.5494	14.0115
2.55075	14.0829
2.55144	14.1544
2.55212	7.07718
2.57715	7.22004
2.58074	7.3629
2.58276	7.50575
2.58484	7.64861
2.58552	7.79147
2.58618	7.93432
2.58689	8.07718
2.58824	8.20218
2.5903	8.32718
2.59236	8.45218
2.59378	8.57718
2.59538	8.70218
2.59608	8.82718
2.61694	8.95218
2.61763	9.07718
2.61896	9.18829
2.62099	9.2994
2.62163	9.41052
2.62247	9.52163
2.62321	9.63274
2.62404	9.74385
2.64707	9.85496
2.64919	9.96607
2.65123	10.0772
2.6533	10.1772
2.65466	10.2772
2.65604	10.3772
2.65673	10.4772
2.65742	10.5772
2.65811	10.6772
2.70045	10.7772
2.70181	10.8772
2.70318	10.9772
2.70387	11.0772
2.70601	11.1681
2.7067	11.259
2.71084	11.3499
2.71156	11.4408
2.7129	11.5317
2.71426	11.6226
2.73942	11.7135
2.74319	11.8045
2.74461	11.8954
2.74663	11.9863
2.748	12.0772
2.75081	12.1605
2.75214	12.2438
2.75422	12.3272
2.75632	12.4105
2.7584	12.4938
2.76044	12.5772
2.77234	12.6605
2.78235	12.7438
2.7863	12.8272
2.78778	12.9105
2.78987	12.9938
2.7919	13.0772
2.79259	13.1541
2.79397	13.231
2.79534	13.308
2.79739	13.3849
2.80494	13.4618
2.80706	13.5387
2.83542	13.6156
2.84372	13.6926
2.8444	13.7695
2.84509	13.8464
2.84576	13.9233
2.84644	14.0003
2.84715	14.0717
2.8478	14.1431
2.84856	14.2145
2.84987	14.286
2.85058	14.3574
2.85274	14.4288
2.85962	14.5003
2.86529	14.5717
2.87558	14.6431
2.87764	14.7145
2.8811	14.786
2.88246	14.8574
2.88314	14.9288
2.88381	15.0003
2.8845	15.0669
2.8852	15.1336
2.88657	15.2003
2.89054	15.2669
2.89243	15.3336
2.89267	15.4003
2.89404	15.4669
2.92747	15.5336
2.92882	15.6003
2.9302	15.6669
2.9316	15.7336
2.93295	15.8003
2.93581	15.8669
2.93855	15.9336
2.94131	16.0003
2.94513	16.0628
2.94787	16.1253
2.94923	16.1878
2.95061	16.2503
2.95481	16.3128
2.95615	16.3753
2.95889	16.4378
2.97835	16.5003
2.97899	16.5628
2.97969	16.6253
2.98176	16.6878
2.98242	16.7503
2.98586	16.8128
2.98809	16.8753
2.99083	16.9378
2.99221	17.0003
2.99365	17.0591
2.99495	17.1179
2.99633	17.1767
2.99839	17.2356
3.0013	17.2944
3.00412	17.3532
3.00685	17.412
3.02763	17.4708
3.029	17.5297
3.03109	17.5885
3.03252	17.6473
3.03312	17.7061
3.03708	17.765
3.03845	17.8238
3.04051	17.8826
3.04325	17.9414
3.04531	18.0003
3.04667	18.0558
3.04736	18.1114
3.04805	18.1669
3.04944	18.2225
3.05012	18.278
3.05429	18.3336
3.05498	18.3891
3.07035	18.4447
3.07105	18.5003
3.07242	18.5558
3.07311	18.6114
3.07519	18.6669
3.07724	18.7225
3.07926	18.778
3.08201	18.8336
3.08341	18.8891
3.08478	18.9447
3.08615	19.0003
3.08822	19.0529
3.09097	19.1055
3.0937	19.1582
3.09581	19.2108
3.09716	19.2634
3.0988	19.316
3.09925	19.3687
3.1258	19.4213
3.12647	19.4739
3.12716	19.5266
3.12784	19.5792
3.12855	19.6318
3.12923	19.6845
3.12992	19.7371
3.13062	19.7897
3.1313	19.8424
3.13197	19.895
3.13266	19.9476
3.13337	20.0003
3.13473	20.0503
3.13542	20.1003
3.13681	20.1503
3.13815	20.2003
3.13956	20.2503
3.14159	20.3003
3.14296	20.3503
3.18019	20.4003
3.18086	20.4503
3.1816	20.5003
3.18298	20.5503
3.18364	20.6003
3.18569	20.6503
3.18636	20.7003
3.18777	20.7503
3.18914	20.8003
3.19051	20.8503
3.19186	20.9003
3.19323	20.9503
3.19462	21.0003
3.19668	21.0479
3.19806	21.0955
3.19943	21.1431
3.20078	21.1907
3.20219	21.2384
3.20359	21.286
3.20637	21.3336
3.24391	21.3812
3.24597	21.4288
3.24936	21.4764
3.2528	21.5241
3.25554	21.5717
3.25758	21.6193
3.25897	21.6669
3.26037	21.7145
3.26105	21.7622
3.26173	21.8098
3.2631	21.8574
3.26447	21.905
3.26585	21.9526
3.26723	22.0003
3.26862	22.0457
3.27	22.0912
3.27074	22.1366
3.27143	22.1821
3.27281	22.2275
3.2735	22.273
3.27419	22.3184
3.31529	22.3639
3.31748	22.4093
3.31955	22.4548
3.32165	22.5003
3.32434	22.5457
3.32709	22.5912
3.32914	22.6366
3.33176	22.6821
3.33408	22.7275
3.33619	22.773
3.33764	22.8184
3.33896	22.8639
3.33968	22.9093
3.34035	22.9548
3.34107	23.0003
3.34175	23.0437
3.34243	23.0872
3.34313	23.1307
3.34383	23.1742
3.34451	23.2177
3.3452	23.2611
3.34589	23.3046
3.38726	23.3481
3.3887	23.3916
3.3901	23.435
3.39143	23.4785
3.3935	23.522
3.39558	23.5655
3.40186	23.609
3.40255	23.6524
3.40393	23.6959
3.40527	11.848
3.40598	11.9389
3.40667	12.0298
3.40738	12.1131
3.40806	12.1964
3.40873	12.2798
3.40943	12.3631
3.41013	12.4464
3.41082	12.5298
3.41152	12.6131
3.41219	12.6964
3.41287	12.7798
3.4136	12.8631
3.41493	12.9464
3.42404	13.0298
3.42543	13.1067
3.42678	13.1836
3.42815	13.2605
3.42952	13.3375
3.4309	13.4144
3.4511	13.4913
3.45524	13.5682
3.4573	13.6452
3.4614	13.7221
3.46416	13.799
3.46695	13.8759
3.48221	13.9529
3.48495	14.0298
3.48703	14.1012
3.48839	14.1726
3.49048	14.2441
3.4926	14.3155
3.4939	14.3869
3.49894	14.4583
3.5003	14.5298
3.50166	14.6012
3.50304	14.6726
3.50579	14.7441
3.50925	14.8155
3.52732	14.8869
3.52868	14.9583
3.53005	15.0298
3.53142	15.0964
3.5335	15.1631
3.53569	15.2298
3.53784	15.2964
3.53852	15.3631
3.53923	15.4298
3.53993	15.4964
3.54061	15.5631
3.54129	15.6298
3.55025	15.6964
3.55639	15.7631
3.57167	15.8298
3.57234	15.8964
3.57303	15.9631
3.57375	16.0298
3.57493	16.0923
3.57629	16.1548
3.57847	16.2173
3.58397	16.2798
3.58534	16.3423
3.58742	16.4048
3.58808	16.4673
3.59015	16.5298
3.59151	16.5923
3.59221	16.6548
3.59497	16.7173
3.61738	16.7798
3.61946	16.8423
3.62008	16.9048
3.62078	16.9673
3.6215	17.0298
3.62217	17.0886
3.62354	17.1474
3.62833	17.2062
3.62904	17.2651
3.62973	17.3239
3.63111	17.3827
3.6325	17.4415
3.63315	17.5004
3.63522	17.5592
3.63727	17.618
3.6421	17.6768
3.65127	17.7357
3.65332	17.7945
3.65539	17.8533
3.65745	17.9121
3.65952	17.971
3.66157	18.0298
3.66438	18.0853
3.66569	18.1409
3.66778	18.1964
3.66847	18.252
3.66912	18.3076
3.67188	18.3631
3.67326	18.4187
3.67533	18.4742
3.68012	18.5298
3.68294	18.5853
3.68362	18.6409
3.69003	18.6964
3.69071	18.752
3.69209	18.8076
3.69346	18.8631
3.69485	18.9187
3.69619	18.9742
3.69757	19.0298
3.69894	19.0824
3.70031	19.135
3.70311	19.1877
3.70447	19.2403
3.70585	19.2929
3.70998	19.3456
3.71136	19.3982
3.71275	19.4508
3.72246	19.5035
3.72349	19.5561
3.72381	19.6087
3.73222	19.6614
3.73363	19.714
3.73498	19.7666
3.73636	19.8192
3.7377	19.8719
3.73908	19.9245
3.74046	19.9771
3.74254	20.0298
3.74466	20.0798
3.74533	20.1298
3.74605	20.1798
3.7467	20.2298
3.74742	20.2798
3.74814	20.3298
3.74877	20.3798
3.75019	20.4298
3.76607	20.4798
3.76813	20.5298
3.7702	20.5798
3.78402	20.6298
3.78541	20.6798
3.78677	20.7298
3.78962	20.7798
3.79235	20.8298
3.79511	20.8798
3.79577	20.9298
3.79648	20.9798
3.79714	21.0298
3.79785	21.0774
3.79921	21.125
3.80059	21.1726
3.80196	21.2202
3.80334	21.2679
3.80543	21.3155
3.80682	21.3631
3.80748	21.4107
3.81449	21.4583
3.81724	21.506
3.81928	21.5536
3.83586	21.6012
3.83653	21.6488
3.8386	21.6964
3.83996	21.7441
3.84269	21.7917
3.84407	21.8393
3.84546	21.8869
3.84614	21.9345
3.84751	21.9822
3.84889	22.0298
3.84964	22.0752
3.85027	22.1207
3.85163	22.1661
3.85379	22.2116
3.85442	22.257
3.85517	22.3025
3.85656	22.348
3.85725	22.3934
3.87247	22.4389
3.87313	22.4843
3.8745	22.5298
3.88413	22.5752
3.88553	22.6207
3.88688	22.6661
3.88828	22.7116
3.89101	22.757
3.89375	22.8025
3.89649	22.848
3.89788	22.8934
3.89934	22.9389
3.90001	22.9843
3.90071	23.0298
3.90139	23.0733
3.90208	23.1167
3.90277	23.1602
3.90346	23.2037
3.90416	23.2472
3.90555	23.2906
3.90973	23.3341
3.91042	23.3776
3.92419	23.4211
3.92625	23.4646
3.92694	23.508
3.93727	23.5515
3.93794	23.595
3.93931	23.6385
3.94068	23.6819
3.94278	23.7254
3.94417	23.7689
3.94499	23.8124
3.94637	23.8559
3.94829	23.8993
3.94897	23.9428
3.95033	23.9863
3.95313	24.0298
3.95492	24.0714
3.95602	24.1131
3.95735	24.1548
3.95873	24.1964
3.9601	24.2381
3.96147	24.2798
3.96491	24.3214
3.96559	24.3631
3.96702	24.4048
3.96771	24.4464
3.96844	24.4881
3.9761	24.5298
3.97886	24.5714
3.99101	24.6131
3.99239	24.6548
3.99376	24.6964
3.99514	24.7381
3.99653	24.7798
3.99723	24.8214
3.99865	24.8631
3.99934	24.9048
4.00003	24.9464
4.00073	24.9881
4.00145	25.0298
4.00214	25.0698
4.00283	25.1098
4.0035	25.1498
4.00421	25.1898
4.00491	25.2298
4.00562	25.2698
4.00668	25.3098
4.00806	25.3498
4.01738	25.3898
4.01874	25.4298
4.02069	25.4698
4.03452	25.5098
4.03726	25.5498
4.03936	25.5898
4.04574	25.6298
4.04711	25.6698
4.04848	25.7098
4.04986	25.7498
4.05123	25.7898
4.0526	25.8298
4.05397	25.8698
4.05535	25.9098
4.05756	25.9498
4.05893	25.9898
4.0603	26.0298
4.06167	26.0682
4.06306	26.1067
4.06453	26.1452
4.0679	26.1836
4.0686	26.2221
4.07066	26.2605
4.07277	26.299
4.07416	26.3375
4.07705	13.1687
4.07795	13.2457
4.07861	13.3226
4.07928	13.3995
4.0903	13.4764
4.09374	13.5533
4.10152	13.6303
4.10218	13.7072
4.10289	13.7841
4.10357	13.861
4.10425	13.938
4.10495	14.0149
4.10564	14.0863
4.10633	14.1577
4.10701	14.2292
4.10769	14.3006
4.1084	14.372
4.1091	14.4435
4.11161	14.5149
4.11369	14.5863
4.11436	14.6577
4.11989	14.7292
4.12265	14.8006
4.12744	14.872
4.13089	14.9435
4.13292	15.0149
4.1601	15.0816
4.16145	15.1482
4.16284	15.2149
4.16422	15.2816
4.16837	15.3482
4.17278	15.4149
4.1783	15.4816
4.17898	15.5482
4.17966	15.6149
4.18037	15.6816
4.18103	15.7482
4.18172	15.8149
4.18243	15.8816
4.18311	15.9482
4.1838	16.0149
4.19704	16.0774
4.19844	16.1399
4.20056	16.2024
4.20192	16.2649
4.20611	16.3274
4.20745	16.3899
4.21366	16.4524
4.21502	16.5149
4.21641	16.5774
4.21778	16.6399
4.21918	16.7024
4.22054	16.7649
4.22191	16.8274
4.22327	16.8899
4.22468	16.9524
4.2254	17.0149
4.23932	17.0737
4.2414	17.1325
4.24203	17.1914
4.24276	17.2502
4.24346	17.309
4.24412	17.3678
4.24571	17.4267
4.24694	17.4855
4.24765	17.5443
4.24972	17.6031
4.25045	17.6619
4.25184	17.7208
4.2643	17.7796
4.26499	17.8384
4.26604	17.8972
4.26673	17.9561
4.26809	18.0149
4.27501	18.0704
4.27642	18.126
4.27913	18.1816
4.28462	18.2371
4.29085	18.2927
4.29223	18.3482
4.29363	18.4038
4.29498	18.4593
4.29639	18.5149
4.29919	18.5704
4.29987	18.626
4.30056	18.6816
4.30231	18.7371
4.30267	18.7927
4.30338	18.8482
4.30409	18.9038
4.30547	18.9593
4.30619	19.0149
4.31722	19.0675
4.31861	19.1202
4.31997	19.1728
4.32203	19.2254
4.32754	19.278
4.32891	19.3307
4.33034	19.3833
4.33167	19.4359
4.33307	19.4886
4.33511	19.5412
4.33647	19.5938
4.33932	19.6465
4.3477	19.6991
4.35047	19.7517
4.35526	19.8044
4.35803	19.857
4.36009	19.9096
4.36076	19.9623
4.3642	20.0149
4.37252	20.0649
4.37632	20.1149
4.37836	20.1649
4.38387	20.2149
4.39097	20.2649
4.39234	20.3149
4.39303	20.3649
4.39854	20.4149
4.40131	20.4649
4.4054	20.5149
4.4068	20.5649
4.41019	20.6149
4.41369	20.6649
4.41439	20.7149
4.42132	20.7649
4.42403	20.8149
4.42614	20.8649
4.42824	20.9149
4.42899	20.9649
4.42967	21.0149
4.43251	21.0625
4.43318	21.1101
4.44145	21.1577
4.44213	21.2054
4.45463	21.253
4.45675	21.3006
4.45996	21.3482
4.4607	21.3958
4.46133	21.4435
4.46339	21.4911
4.46477	21.5387
4.46683	21.5863
4.46962	21.6339
4.47096	21.6816
4.47169	21.7292
4.47241	21.7768
4.47317	21.8244
4.4902	21.872
4.49179	21.9196
4.49419	21.9673
4.49608	22.0149
4.50168	22.0603
4.50234	22.1058
4.50375	22.1513
4.50545	22.1967
4.5074	22.2422
4.51316	22.2876
4.51383	22.3331
4.51456	22.3785
4.51591	22.424
4.51728	11.212
4.51866	11.3029
4.52002	11.3938
4.52212	11.4847
4.5235	11.5756
4.52699	11.6665
4.53959	11.7574
4.54029	11.8484
4.54633	11.9393
4.55292	12.0302
4.5543	12.1135
4.55911	12.1968
4.56171	12.2802
4.5637	12.3635
4.56646	12.4468
4.56784	12.5302
4.56998	12.6135
4.5748	12.6968
4.58171	12.7802
4.58445	12.8635
4.58722	12.9468
4.5886	13.0302
4.60187	13.1071
4.60253	13.184
4.60452	13.2609
4.60658	13.3379
4.60731	13.4148
4.60805	13.4917
4.60873	13.5686
4.61241	13.6456
4.61309	13.7225
4.61379	13.7994
4.61584	13.8763
4.6179	13.9532
4.61858	14.0302
4.63223	14.1016
4.63428	14.173
4.64055	14.2445
4.64541	14.3159
4.64612	14.3873
4.6469	14.4587
4.65025	14.5302
4.65371	14.6016
4.65506	14.673
4.65713	14.7445
4.65919	14.8159
4.65988	14.8873
4.66125	14.9587
4.66263	15.0302
4.68109	15.0968
4.68522	15.1635
4.69903	15.2302
4.70599	15.2968
4.70667	15.3635
4.70732	15.4302
4.7081	15.4968
4.70881	15.5635
4.70944	15.6302
4.71017	15.6968
4.71083	15.7635
4.71219	15.8302
4.71358	15.8968
4.71937	15.9635
4.72209	16.0302
4.73176	16.0927
4.73241	16.1552
4.73955	16.2177
4.74643	16.2802
4.74912	16.3427
4.75189	16.4052
4.756	16.4677
4.75875	16.5302
4.76152	16.5927
4.76287	16.6552
4.76424	16.7177
4.76561	16.7802
4.767	16.8427
4.77394	16.9052
4.77673	16.9677
4.77874	17.0302
4.78157	17.089
4.78567	17.1478
4.8044	17.2066
4.81679	17.2655
4.819	17.3243
4.82163	17.3831
4.82368	17.4419
4.82506	17.5008
4.82784	17.5596
4.82859	17.6184
4.82991	17.6772
4.83061	17.7361
4.83129	17.7949
4.8334	17.8537
4.83409	17.9125
4.83474	17.9713
4.83545	18.0302
4.8389	18.0857
4.84237	18.1413
4.86721	18.1968
4.86866	18.2524
4.87005	18.3079
4.87076	18.3635
4.87141	18.4191
4.87272	18.4746
4.8804	18.5302
4.8818	18.5857
4.88385	18.6413
4.88591	18.6968
4.88795	18.7524
4.88934	18.8079
4.89071	18.8635
4.89208	18.9191
4.89346	18.9746
4.8955	19.0302
4.89901	19.0828
4.89977	19.1354
4.9316	19.1881
4.93571	19.2407
4.93779	19.2933
4.93915	19.346
4.9412	19.3986
4.94324	19.4512
4.94464	19.5039
4.94602	19.5565
4.94808	19.6091
4.94877	19.6617
4.94946	19.7144
4.95014	19.767
4.95082	19.8196
4.95156	19.8723
4.9524	19.9249
4.95298	19.9775
4.95363	20.0302
4.95459	20.0802
4.96242	20.1302
4.98869	20.1802
4.98937	20.2302
4.99005	20.2802
4.99143	20.3302
4.99215	20.3802
4.99492	20.4302
5.00014	20.4802
5.00495	20.5302
5.00771	20.5802
5.00975	20.6302
5.01183	20.6802
5.01319	20.7302
5.01456	20.7802
5.0166	20.8302
5.01797	20.8802
5.02006	20.9302
5.02141	20.9802
5.02353	21.0302
5.02421	21.0778
5.02492	21.1254
5.02772	21.173
5.029	21.2206
5.03188	21.2683
5.03254	21.3159
5.03398	21.3635
5.03533	21.4111
5.04222	21.4587
5.04636	21.5064
5.04771	21.554
5.04911	21.6016
5.0498	21.6492
5.05162	21.6968
5.05639	21.7445
5.05845	21.7921
5.0612	21.8397
5.06187	21.8873
5.06325	21.9349
5.066	21.9826
5.06679	22.0302
5.06817	22.0756
5.06956	22.1211
5.07254	22.1665
5.07646	22.212
5.07921	22.2574
5.08058	22.3029
5.08334	22.3484
5.08543	22.3938
5.08814	22.4393
5.08951	11.2196
5.09088	11.3105
5.0923	11.4014
5.09435	11.4924
5.09437	11.5833
5.095	11.6742
5.09707	11.7651
5.09777	11.856
5.1005	11.9469
5.10187	12.0378
5.1054	12.1211
5.1068	12.2045
5.10815	12.2878
5.10959	12.3711
5.11024	12.4545
5.11093	12.5378
5.11164	12.6211
5.11875	12.7045
5.12148	12.7878
5.12286	12.8711
5.12494	12.9545
5.12837	13.0378
5.14114	13.1147
5.14188	13.1917
5.14314	13.2686
5.14462	13.3455
5.14535	13.4224
5.14747	13.4994
5.15019	13.5763
5.15293	13.6532
5.15674	13.7301
5.15814	13.807
5.16086	13.884
5.16911	13.9609
5.17049	14.0378
5.17394	14.1092
5.17666	14.1807
5.17941	14.2521
5.18013	14.3235
5.18083	14.395
5.18711	14.4664
5.18989	14.5378
5.19131	14.6092
5.19277	14.6807
5.1948	14.7521
5.19615	14.8235
5.19827	14.895
5.20373	14.9664
5.20442	15.0378
5.21263	15.1045
5.21468	15.1711
5.21614	15.2378
5.21755	15.3045
5.21825	15.3711
5.22856	15.4378
5.22924	15.5045
5.22991	15.5711
5.23353	15.6378
5.23356	15.7045
5.23416	15.7711
5.24653	15.8378
5.24726	15.9045
5.24792	15.9711
5.24933	16.0378
5.25516	16.1003
5.26003	16.1628
5.26283	16.2253
5.2642	16.2878
5.26488	16.3503
5.27794	16.4128
5.27865	16.4753
5.28004	16.5378
5.28211	16.6003
5.28411	16.6628
5.28529	16.7253
5.286	16.7878
5.28672	16.8503
5.28948	16.9128
5.29085	16.9753
5.29224	17.0378
5.30121	17.0966
5.30601	17.1555
5.30879	17.2143
5.31156	17.2731
5.31429	17.3319
5.32561	17.3908
5.32903	17.4496
5.33039	17.5084
5.33383	17.5672
5.33831	17.626
5.339	17.6849
5.34588	17.7437
5.35	17.8025
5.35275	17.8613
5.35479	17.9202
5.3562	17.979
5.35761	18.0378
5.3583	18.0934
5.35962	18.1489
5.36306	18.2045
5.36511	18.26
5.36927	18.3156
5.39518	18.3711
5.39725	18.4267
5.39998	18.4823
5.40412	18.5378
5.40685	18.5934
5.40893	18.6489
5.41099	18.7045
5.41167	18.76
5.41239	18.8156
5.41311	18.8711
5.41445	18.9267
5.41523	18.9823
5.4159	19.0378
5.4166	19.0904
5.41745	19.1431
5.41801	19.1957
5.41872	19.2483
5.42013	19.301
5.44487	19.3536
5.44833	19.4062
5.45105	19.4589
5.45409	19.5115
5.45548	19.5641
5.45757	19.6168
5.46099	19.6694
5.46238	19.722
5.46306	19.7747
5.46582	19.8273
5.4679	19.8799
5.46957	19.9325
5.47008	19.9852
5.47219	20.0378
5.47363	20.0878
5.47498	20.1378
5.47634	20.1878
5.47772	20.2378
5.47914	20.2878
5.48805	20.3378
5.49077	20.3878
5.49286	20.4378
5.49423	20.4878
5.49562	20.5378
5.49973	20.5878
5.50316	20.6378
5.50592	20.6878
5.51624	20.7378
5.51774	20.7878
5.51846	20.8378
5.51915	20.8878
5.52193	20.9378
5.52399	20.9878
5.52673	21.0378
5.52947	21.0854
5.53223	21.1331
5.53292	21.1807
5.53429	21.2283
5.53497	21.2759
5.54113	21.3235
5.54253	21.3711
5.54459	21.4188
5.55145	21.4664
5.55283	21.514
5.55419	21.5616
5.55558	21.6092
5.55834	21.6569
5.56315	21.7045
5.56872	21.7521
5.57019	21.7997
5.57086	21.8473
5.58462	21.895
5.58739	21.9426
5.59016	21.9902
5.59289	22.0378
5.59424	22.0833
5.59492	22.1287
5.59562	22.1742
5.59798	22.2196
5.60025	22.2651
5.60372	22.3105
5.60788	22.356
5.61404	22.4014
5.61969	22.4469
5.62175	22.4924
5.62313	22.5378
5.62519	22.5833
5.62657	22.6287
5.64172	22.6742
5.64458	22.7196
5.64586	11.3598
5.64722	11.4507
5.6486	11.5416
5.65002	11.6325
5.65065	11.7235
5.65204	11.8144
5.6527	11.9053
5.6534	11.9962
5.6541	12.0871
5.6548	12.1704
5.65552	12.2538
5.65619	12.3371
5.6569	12.4204
5.659	12.5038
5.66456	12.5871
5.68222	12.6704
5.68637	12.7538
5.68774	12.8371
5.6894	12.9204
5.69629	13.0038
5.69766	13.0807
5.70247	13.1576
5.7059	13.2345
5.70888	13.3114
5.7115	13.3884
5.7184	13.4653
5.74579	13.5422
5.74786	13.6191
5.74922	13.6961
5.75129	13.773
5.75202	13.8499
5.75404	13.9268
5.75544	14.0038
5.75751	14.0752
5.75887	14.1466
5.76025	14.218
5.7616	14.2895
5.76299	14.3609
5.76389	14.4323
5.78078	14.5038
5.78214	14.5752
5.78348	14.6466
5.78487	14.718
5.78695	14.7895
5.78763	14.8609
5.79311	14.9323
5.79555	15.0038
5.80557	15.0704
5.80694	15.1371
5.8091	15.2038
5.81198	15.2704
5.81339	15.3371
5.81477	15.4038
5.82456	15.4704
5.82523	15.5371
5.82597	15.6038
5.82667	15.6704
5.82802	15.7371
5.8294	15.8038
5.83118	15.8704
5.83255	15.9371
5.83322	16.0038
5.85194	16.0663
5.85434	16.1288
5.85572	16.1913
5.85849	16.2538
5.86361	16.3163
5.87538	16.3788
5.87953	16.4413
5.88091	16.5038
5.89427	16.5663
5.89567	16.6288
5.89705	16.6913
5.89775	16.7538
5.89841	16.8163
5.89915	16.8788
5.90097	16.9413
5.90237	17.0038
5.91134	17.0626
5.91272	17.1214
5.91408	17.1802
5.91616	17.239
5.91898	17.2979
5.92448	17.3567
5.92656	17.4155
5.92997	17.4743
5.94313	17.5332
5.95001	17.592
5.95275	17.6508
5.95629	17.7096
5.95836	17.7685
5.95904	17.8273
5.96	17.8861
5.96895	17.9449
5.97169	18.0038
5.97933	18.0593
5.98197	18.1149
5.98404	18.1704
5.98551	18.226
5.98839	18.2815
5.98975	18.3371
5.99249	18.3926
5.99659	18.4482
6.00418	18.5038
6.00557	18.5593
6.00763	18.6149
6.02128	18.6704
6.02223	18.726
6.02294	18.7815
6.02363	18.8371
6.02791	18.8926
6.02857	18.9482
6.02926	19.0038
6.03204	19.0564
6.03413	19.109
6.04235	19.1616
6.04445	19.2143
6.05509	19.2669
6.05719	19.3195
6.05855	19.3722
6.06063	19.4248
6.06927	19.4774
6.07203	19.5301
6.0741	19.5827
6.0851	19.6353
6.08784	19.688
6.0906	19.7406
6.09335	19.7932
6.09677	19.8459
6.09746	19.8985
6.09849	19.9511
6.09918	20.0038
6.10056	20.0538
6.10261	20.1038
6.10542	20.1538
6.1068	20.2038
6.10892	20.2538
6.10964	20.3038
6.11557	20.3538
6.11695	20.4038
6.14277	20.4538
6.14486	20.5038
6.14764	20.5538
6.14969	20.6038
6.1518	20.6538
6.15317	20.7038
6.15457	20.7538
6.15595	20.8038
6.15803	20.8538
6.15874	20.9038
6.15942	20.9538
6.16011	21.0038
6.1615	21.0514
6.16289	21.099
6.16362	21.1466
6.16431	21.1942
6.16503	21.2419
6.16572	21.2895
6.17944	21.3371
6.19316	21.3847
6.19943	21.4323
6.20007	21.4799
6.20263	21.5276
6.20436	21.5752
6.20507	21.6228
6.21051	21.6704
6.21328	21.718
6.21605	21.7657
6.22019	21.8133
6.22294	21.8609
6.22569	21.9085
6.22843	21.9561
6.2305	22.0038
6.23326	22.0492
6.23599	22.0947
6.23878	22.1401
6.24772	22.1856
6.25041	22.231
6.25248	22.2765
6.25385	22.3219
6.25454	22.3674
6.25526	22.4128
6.25592	22.4583
6.25734	22.5038
6.25802	22.5492
6.25872	22.5947
6.2753	22.6401
6.276	22.6856
6.27736	22.731
6.28084	22.7765
6.2836	22.8219
6.28496	22.8674
6.28566	22.9128
6.29116	22.9583
6.29254	23.0038
6.30497	23.0472
6.31232	23.0907
6.31365	11.5454
6.31713	11.6363
6.31781	11.7272
6.31916	11.8181
6.32053	11.909
6.32191	11.9999
6.32327	12.0908
6.32467	12.1741
6.32534	12.2575
6.32611	12.3408
6.32674	12.4241
6.33433	12.5075
6.33569	12.5908
6.33638	12.6741
6.34054	12.7575
6.34194	12.8408
6.34329	12.9241
6.34608	13.0075
6.3578	13.0844
6.3585	13.1613
6.35919	13.2382
6.37292	13.3152
6.37772	13.3921
6.3936	13.469
6.39493	13.5459
6.39564	13.6229
6.39634	13.6998
6.39703	13.7767
6.39771	13.8536
6.40806	13.9306
6.41018	14.0075
6.41581	14.0789
6.41707	14.1503
6.41909	14.2218
6.42596	14.2932
6.43282	14.3646
6.44746	14.436
6.44883	14.5075
6.45021	14.5789
6.45089	14.6503
6.45228	14.7218
6.45364	14.7932
6.45654	14.8646
6.458	14.936
6.45927	15.0075
6.46565	15.0741
6.46635	15.1408
6.47048	15.2075
6.47393	15.2741
6.4768	15.3408
6.49822	15.4075
6.49893	15.4741
6.50166	15.5408
6.50237	15.6075
6.50374	15.6741
6.50513	15.7408
6.50582	15.8075
6.50652	15.8741
6.5072	15.9408
6.50789	16.0075
6.50863	16.07
6.51	16.1325
6.51206	16.195
6.51551	16.2575
6.52171	16.32
6.55133	16.3825
6.55268	16.445
6.55407	16.5075
6.55474	16.57
6.55543	16.6325
6.55682	16.695
6.55821	16.7575
6.55957	16.82
6.56025	16.8825
6.56093	16.945
6.56162	8.47249
6.5652	8.59749
6.56589	8.72249
6.5666	8.84749
6.56871	8.97249
6.57009	9.09749
6.58712	9.2086
6.58847	9.31971
6.58984	9.43082
6.59131	9.54193
6.59191	9.65304
6.59327	9.76416
6.59397	9.87527
6.59463	9.98638
6.59603	10.0975
6.59671	10.1975
6.63	10.2975
6.63137	10.3975
6.63411	10.4975
6.63684	10.5975
6.63822	10.6975
6.64096	10.7975
6.64234	10.8975
6.6448	10.9975
6.64756	11.0975
6.65033	11.1884
6.67472	11.2793
6.67539	11.3702
6.6761	11.4611
6.67813	11.552
6.67952	11.6429
6.68089	11.7339
6.68226	11.8248
6.69061	11.9157
6.69346	12.0066
6.69472	12.0899
6.69679	12.1732
6.73028	12.2566
6.73171	12.3399
6.73241	12.4232
6.73307	12.5066
6.73376	12.5899
6.73446	12.6732
6.73515	12.7566
6.73586	12.8399
6.73655	12.9232
6.73723	13.0066
6.73797	13.0835
6.73864	13.1604
6.76684	13.2373
6.76756	13.3143
6.76826	13.3912
6.76895	13.4681
6.76963	13.545
6.77038	13.622
6.77175	13.6989
6.77313	13.7758
6.77448	13.8527
6.77593	13.9297
6.77723	14.0066
6.77861	14.078
6.77999	14.1494
6.80538	14.2209
6.8081	14.2923
6.80878	14.3637
6.80948	14.4352
6.81223	14.5066
6.81496	14.578
6.81772	14.6494
6.82045	14.7209
6.82252	14.7923
6.82387	14.8637
6.82595	14.9352
6.82732	15.0066
6.83008	15.0732
6.83143	15.1399
6.85434	15.2066
6.85641	15.2732
6.85776	15.3399
6.85845	15.4066
6.85913	15.4732
6.86049	15.5399
6.86256	15.6066
6.86325	15.6732
6.86397	15.7399
6.86533	15.8066
6.87016	15.8732
6.87153	15.9399
6.87229	16.0066
6.87366	16.0691
6.87502	16.1316
6.90211	16.1941
6.90283	16.2566
6.9035	16.3191
6.90419	16.3816
6.90555	16.4441
6.90759	16.5066
6.91045	16.5691
6.91111	16.6316
6.9118	16.6941
6.91252	16.7566
6.92422	16.8191
6.9257	16.8816
6.92898	16.9441
6.93037	17.0066
6.93173	17.0654
6.93311	17.1242
6.95673	17.183
6.95949	17.2419
6.96083	17.3007
6.96366	17.3595
6.96504	8.67976
6.9664	8.80476
6.96843	8.92976
6.97066	9.05476
6.97343	9.16587
6.97756	9.27698
6.97959	9.38809
6.98166	9.4992
6.98373	9.61032
6.98656	9.72143
6.98727	9.83254
6.98864	9.94365
6.99071	10.0548
7.02117	10.1548
7.02323	10.2548
7.02462	10.3548
7.03617	10.4548
7.03832	10.5548
7.03959	10.6548
7.04099	10.7548
7.04236	10.8548
7.04373	10.9548
7.06938	11.0548
7.07084	11.1457
7.07493	11.2366
7.07703	11.3275
7.08045	11.4184
7.08115	5.7092
7.08389	5.9092
7.08664	6.1092
7.0894	6.27586
7.09214	6.44253
7.12067	6.6092
7.12206	6.77586
7.12484	6.94253
7.12552	7.1092
7.1262	7.25206
7.13034	7.39491
7.15259	7.53777
7.15326	7.68063
7.15394	7.82348
7.15464	7.96634
7.15531	8.1092
7.15601	8.2342
7.1574	8.3592
7.18852	8.4842
7.18921	8.6092
7.19612	8.7342
7.19885	8.8592
7.19956	8.9842
7.2009	9.1092
7.2025	9.22031
7.20591	9.33142
7.22764	9.44253
7.22833	9.55364
7.23123	9.66475
7.2319	9.77586
7.2326	9.88698
7.2333	9.99809
7.23478	10.1092
7.23545	10.2092
7.237	10.3092
7.27768	10.4092
7.27837	10.5092
7.28161	10.6092
7.283	10.7092
7.28508	10.8092
7.28787	10.9092
7.28992	11.0092
7.29126	11.1001
7.29264	11.191
7.29401	11.2819
7.32436	11.3728
7.32641	11.4637
7.33849	11.5547
7.33985	11.6456
7.34124	11.7365
7.34263	11.8274
7.344	11.9183
7.34538	12.0092
7.34675	12.0925
7.34813	12.1759
7.34948	12.2592
7.37284	12.3425
7.37357	12.4259
7.38956	12.5092
7.39092	12.5925
7.39229	12.6759
7.39368	12.7592
7.39503	12.8425
7.39989	12.9259
7.40124	13.0092
7.404	13.0861
7.4054	13.163
7.40675	13.24
7.4169	13.3169
7.41826	13.3938
7.42806	13.4707
7.43073	13.5477
7.43345	13.6246
7.43486	13.7015
7.43696	13.7784
7.44806	13.8554
7.44879	13.9323
7.44958	14.0092
7.45021	14.0806
7.45091	14.1521
7.45159	14.2235
7.45229	14.2949
7.45308	14.3663
7.4549	14.4378
7.45559	14.5092
7.45628	14.5806
7.45832	14.6521
7.46723	14.7235
7.48205	14.7949
7.4834	14.8663
7.48513	14.9378
7.48546	15.0092
7.48684	15.0759
7.48752	15.1425
7.48821	15.2092
7.49308	15.2759
7.4938	15.3425
7.49449	15.4092
7.49524	15.4759
7.49596	15.5425
7.4966	15.6092
7.49731	15.6759
7.51291	15.7425
7.51429	15.8092
7.51496	15.8759
7.51634	15.9425
7.5177	16.0092
7.5185	16.0717
7.51987	16.1342
7.52123	16.1967
7.52536	16.2592
7.53091	16.3217
7.53365	16.3842
7.53581	16.4467
7.5381	16.5092
7.5386	16.5717
7.53997	16.6342
7.5428	16.6967
7.5435	16.7592
7.54418	16.8217
7.54486	16.8842
7.54558	16.9467
7.54626	17.0092
7.54696	17.068
7.54765	17.1268
7.54833	17.1857
7.54971	17.2445
7.56213	17.3033
7.56417	17.3621
7.56985	17.421
7.57498	17.4798
7.57676	17.5386
7.57881	17.5974
7.58236	17.6563
7.58305	17.7151
7.58375	17.7739
7.5851	17.8327
7.58647	17.8916
7.58786	17.9504
7.58922	18.0092
7.58991	18.0648
7.59062	18.1203
7.59201	18.1759
7.59346	18.2314
7.59687	18.287
7.59828	18.3425
7.601	18.3981
7.60992	18.4536
7.61336	18.5092
7.61474	18.5648
7.62162	18.6203
7.62578	18.6759
7.62718	18.7314
7.62854	18.787
7.62996	18.8425
7.63206	18.8981
7.63273	18.9536
7.63342	19.0092
7.63456	19.0618
7.63486	19.1145
7.63551	19.1671
7.63623	19.2197
7.63694	19.2724
7.63901	19.325
7.63969	19.3776
7.64052	19.4303
7.64128	19.4829
7.64401	19.5355
7.65902	19.5881
7.66245	19.6408
7.66338	19.6934
7.66476	19.746
7.66683	19.7987
7.67232	19.8513
7.67372	19.9039
7.67442	19.9566
7.6751	20.0092
7.67588	20.0592
7.67656	20.1092
7.67727	20.1592
7.67798	20.2092
7.68008	20.2592
7.68213	20.3092
7.68489	20.3592
7.68693	20.4092
7.68762	20.4592
7.68901	20.5092
7.69248	20.5592
7.69727	20.6092
7.69866	20.6592
7.70071	20.7092
7.70278	20.7592
7.7066	20.8092
7.70938	20.8592
7.7121	20.9092
7.71486	20.9592
7.71633	21.0092
7.72319	21.0568
7.72456	21.1044
7.72663	21.1521
7.72944	21.1997
7.73084	21.2473
7.73152	21.2949
7.73222	21.3425
7.73288	21.3902
7.73362	21.4378
7.73497	21.4854
7.75024	21.533
7.75091	21.5806
7.75158	21.6282
7.75504	21.6759
7.75778	21.7235
7.75862	21.7711
7.76066	21.8187
7.7627	21.8663
7.76475	21.914
7.76684	21.9616
7.76821	22.0092
7.77027	22.0547
7.7723	22.1001
7.77444	22.1456
7.77779	22.191
7.79018	22.2365
7.79156	22.2819
7.79223	22.3274
7.79293	22.3728
7.7943	22.4183
7.79499	22.4637
7.79778	22.5092
7.80052	22.5547
7.80121	22.6001
7.80327	22.6456
7.80401	22.691
7.8137	22.7365
7.81507	22.7819
7.81714	22.8274
7.81852	22.8728
7.82056	22.9183
7.82126	22.9637
7.82331	23.0092
7.82401	23.0527
7.82539	23.0962
7.82608	23.1396
7.82685	23.1831
7.83446	23.2266
7.83585	23.2701
7.8365	23.3135
7.8372	23.357
7.83925	23.4005
7.842	23.444
7.84688	23.4875
7.851	23.5309
7.85308	11.7655
7.85732	11.8564
7.86007	11.9473
7.8687	12.0382
7.86942	12.1215
7.87078	12.2049
7.87215	12.2882
7.87352	12.3715
7.87491	12.4549
7.87559	12.5382
7.87627	12.6215
7.87765	12.7049
7.87901	12.7882
7.87972	12.8715
7.88107	12.9549
7.88596	13.0382
7.88665	13.1151
7.8881	13.192
7.88883	13.269
7.88957	13.3459
7.89295	13.4228
7.89571	13.4997
7.91648	13.5767
7.91716	13.6536
7.91784	13.7305
7.9186	13.8074
7.92625	13.8843
7.92693	13.9613
7.92766	14.0382
7.92833	14.1096
7.94627	14.1811
7.94767	14.2525
7.94836	14.3239
7.94982	14.3953
7.95238	14.4668
7.96716	14.5382
7.96857	14.6096
7.96923	14.6811
7.97337	14.7525
7.98328	14.8239
7.98529	14.8953
7.98597	14.9668
7.98733	15.0382
7.98939	15.1049
8.00246	15.1715
8.00315	15.2382
8.00403	15.3049
8.00475	15.3715
8.0089	15.4382
8.01096	15.5049
8.01238	15.5715
8.01522	15.6382
8.01658	15.7049
8.04012	15.7715
8.04075	15.8382
8.04151	15.9049
8.0422	15.9715
8.04291	16.0382
8.04359	16.1007
8.04427	16.1632
8.04495	16.2257
8.04638	16.2882
8.0492	16.3507
8.06247	16.4132
8.06468	16.4757
8.06618	16.5382
8.07302	16.6007
8.07793	16.6632
8.0786	16.7257
8.0793	16.7882
8.08206	16.8507
8.08359	16.9132
8.08427	16.9757
8.08496	17.0382
8.08564	17.097
8.08636	17.1558
8.08779	17.2147
8.08916	17.2735
8.09877	17.3323
8.12926	17.3911
8.1382	17.45
8.1396	17.5088
8.14098	17.5676
8.14384	17.6264
8.14513	17.6853
8.14762	17.7441
8.14899	17.8029
8.15039	17.8617
8.15174	17.9205
8.15313	17.9794
8.1545	18.0382
8.15589	18.0938
8.15727	18.1493
8.15862	18.2049
8.16138	18.2604
8.16213	18.316
8.17118	18.3715
8.17806	18.4271
8.18425	18.4826
8.18838	18.5382
8.19595	18.5938
8.19803	18.6493
8.20017	18.7049
8.20157	18.7604
8.20504	18.816
8.20642	18.8715
8.20848	18.9271
8.20987	18.9826
8.21122	19.0382
8.21262	19.0908
8.214	19.1435
8.21674	19.1961
8.21816	19.2487
8.21947	19.3014
8.22156	19.354
8.2298	19.4066
8.23186	19.4592
8.23617	19.5119
8.24037	19.5645
8.24109	19.6171
8.24731	19.6698
8.24799	19.7224
8.25559	19.775
8.25837	19.8277
8.2611	19.8803
8.26316	19.9329
8.26523	19.9856
8.26729	20.0382
8.26933	20.0882
8.2707	20.1382
8.27415	20.1882
8.27483	20.2382
8.27803	20.2882
8.27807	20.3382
8.27839	20.3882
8.27912	20.4382
8.2805	20.4882
8.28397	20.5382
8.28671	20.5882
8.29848	20.6382
8.2998	20.6882
8.30335	20.7382
8.30473	20.7882
8.30542	20.8382
8.3061	20.8882
8.30684	20.9382
8.30754	20.9882
8.30824	21.0382
8.30959	21.0858
8.31168	21.1334
8.31511	21.1811
8.31581	10.5905
8.31995	10.6905
8.32179	10.7905
8.32209	10.8905
8.3235	10.9905
8.32488	11.0905
8.32698	11.1814
8.32978	11.2723
8.3325	11.3633
8.33456	11.4542
8.33802	11.5451
8.33874	11.636
8.33941	11.7269
8.34011	11.8178
8.34215	11.9087
8.34281	11.9996
8.3442	12.0905
8.34558	12.1739
8.34696	12.2572
8.34833	12.3405
8.35108	12.4239
8.37623	12.5072
8.37688	12.5905
8.38031	12.6739
8.38168	12.7572
8.38304	12.8405
8.38442	12.9239
8.3858	13.0072
8.38649	13.0841
8.38787	13.161
8.38923	13.238
8.39061	13.3149
8.39199	13.3918
8.41288	13.4687
8.4149	13.5457
8.41628	13.6226
8.41698	13.6995
8.41767	13.7764
8.41905	13.8533
8.42043	13.9303
8.42182	14.0072
8.42255	14.0786
8.42328	14.1501
8.42396	14.2215
8.42514	14.2929
8.42647	14.3643
8.45373	14.4358
8.45511	14.5072
8.45659	14.5786
8.45797	14.6501
8.4594	14.7215
8.46066	14.7929
8.46204	14.8643
8.46341	14.9358
8.46478	15.0072
8.46615	15.0739
8.46893	15.1405
8.46961	15.2072
8.47166	15.2739
8.47375	15.3405
8.49778	15.4072
8.50049	15.4739
8.50328	15.5405
8.51011	15.6072
8.51079	15.6739
8.51356	15.7405
8.51569	15.8072
8.51699	15.8739
8.51767	15.9405
8.51835	16.0072
8.51971	16.0697
8.52109	16.1322
8.52317	16.1947
8.5252	16.2572
8.52657	16.3197
8.52966	16.3822
8.53124	16.4447
8.5326	16.5072
8.53466	16.5697
8.53741	16.6322
8.53953	16.6947
8.54228	16.7572
8.54502	16.8197
8.5471	16.8822
8.54916	16.9447
8.55052	17.0072
8.55189	17.066
8.55397	17.1248
8.56508	17.1837
8.56646	17.2425
8.56782	17.3013
8.59422	17.3601
8.59627	17.419
8.59768	17.4778
8.59907	17.5366
8.6009	17.5954
8.60225	17.6543
8.60362	17.7131
8.605	17.7719
8.60637	17.8307
8.60773	17.8895
8.60912	17.9484
8.61049	18.0072
8.61188	18.0627
8.6132	18.1183
8.63683	18.1739
8.63822	18.2294
8.63967	18.285
8.64189	18.3405
8.64675	18.3961
8.64741	18.4516
8.65065	18.5072
8.65272	18.5627
8.6548	18.6183
8.65618	18.6739
8.65757	18.7294
8.6596	18.785
8.66098	18.8405
8.66235	18.8961
8.66372	18.9516
8.66443	19.0072
8.66511	19.0598
8.66583	19.1125
8.67631	19.1651
8.68816	19.2177
8.69919	19.2704
8.7205	19.323
8.72258	19.3756
8.72325	19.4282
8.7246	19.4809
8.72598	19.5335
8.72735	19.5861
8.72873	19.6388
8.73051	19.6914
8.73218	19.744
8.73288	19.7967
8.73492	19.8493
8.73699	19.9019
8.73971	19.9546
8.74109	20.0072
8.74248	20.0572
8.74424	20.1072
8.75465	20.1572
8.75601	20.2072
8.75812	20.2572
8.79059	20.3072
8.79201	20.3572
8.79338	20.4072
8.79475	10.2036
8.79542	10.3036
8.79611	10.4036
8.79679	10.5036
8.79748	10.6036
8.79821	10.7036
8.79886	10.8036
8.79953	10.9036
8.80022	11.0036
8.80091	11.0945
8.80232	11.1854
8.80235	11.2763
8.80368	11.3672
8.80436	11.4581
8.81764	11.5491
8.82039	11.64
8.83915	11.7309
8.84603	11.8218
8.84679	11.9127
8.84742	12.0036
8.84816	12.0869
8.8488	12.1703
8.85023	12.2536
8.85228	12.3369
8.85432	12.4203
8.85989	12.5036
8.86334	12.5869
8.90109	12.6703
8.90752	12.7536
8.90819	12.8369
8.90896	12.9203
8.91038	13.0036
8.91282	13.0805
8.91422	13.1574
8.91489	13.2344
8.91556	13.3113
8.91626	13.3882
8.91909	13.4651
8.9232	13.5421
8.95638	13.619
8.96469	13.6959
8.96541	13.7728
8.96656	13.8498
8.96722	13.9267
8.9686	14.0036
8.97068	14.075
8.97272	14.1465
8.97547	14.2179
8.97684	14.2893
8.97756	14.3607
8.98179	14.4322
8.98382	14.5036
9.02174	14.575
9.05577	14.6465
9.05735	14.7179
9.05857	14.7893
9.06133	14.8607
9.06199	14.9322
9.06336	15.0036
9.06406	15.0703
9.06542	15.1369
9.06883	15.2036
9.07023	15.2703
9.07229	15.3369
9.07433	15.4036
9.0764	15.4703
9.08624	15.5369
9.10997	15.6036
9.1139	15.6703
9.11486	15.7369
9.11626	15.8036
9.11767	15.8703
9.11899	15.9369
9.11972	16.0036
9.1218	16.0661
9.12522	16.1286
9.12659	16.1911
9.12798	16.2536
9.12935	16.3161
9.13216	16.3786
9.14934	16.4411
9.15212	16.5036
9.15506	16.5661
9.15636	16.6286
9.16253	16.6911
9.17214	16.7536
9.1742	16.8161
9.17559	16.8786
9.17699	16.9411
9.17766	17.0036
9.17982	17.0624
9.18047	17.1212
9.1818	17.1801
9.18246	17.2389
9.18456	17.2977
9.19007	17.3565
9.20608	17.4154
9.20746	17.4742
9.21507	17.533
9.21643	17.5918
9.21847	17.6507
9.22126	17.7095
9.22401	17.7683
9.22674	17.8271
9.22887	17.8859
9.23028	17.9448
9.23094	8.97239
9.23232	9.09739
9.23507	9.2085
9.23576	9.31961
9.23646	9.43072
9.23718	9.54183
9.23927	9.65294
9.26093	9.76405
9.26639	9.87516
9.27058	9.98628
9.27196	10.0974
9.27336	10.1974
9.27541	10.2974
9.27749	10.3974
9.27956	10.4974
9.28162	10.5974
9.28439	10.6974
9.30575	10.7974
9.31694	10.8974
9.31904	10.9974
9.3204	11.0974
9.32176	11.1883
9.32931	11.2792
9.33209	11.3701
9.33418	11.461
9.33487	11.5519
9.33556	11.6428
9.34337	11.7338
9.36756	11.8247
9.36893	11.9156
9.36964	12.0065
9.37098	12.0898
9.37306	12.1731
9.3758	12.2565
9.37786	12.3398
9.38064	12.4231
9.38132	12.5065
9.38272	12.5898
9.38831	12.6731
9.40285	12.7565
9.40492	12.8398
9.4063	12.9231
9.40768	13.0065
9.40836	13.0834
9.40905	13.1603
9.40973	13.2372
9.41109	13.3142
9.42767	13.3911
9.42836	13.468
9.43043	13.5449
9.43466	13.6219
9.43957	13.6988
9.4423	6.84939
9.4547	7.01606
9.45741	7.15892
9.45952	7.30177
9.46155	7.44463
9.46363	7.58749
9.46704	7.73034
9.46843	7.8732
9.47259	8.01606
9.47399	8.14106
9.47615	8.26606
9.48171	8.39106
9.49064	8.51606
9.49697	8.64106
9.49758	8.76606
9.50952	8.89106
9.51089	9.01606
9.5123	9.12717
9.52202	9.23828
9.52685	9.34939
9.52824	9.4605
9.53811	9.57161
9.53947	9.68273
9.55933	9.79384
9.56	9.90495
9.56212	10.0161
9.56826	10.1161
9.56971	10.2161
9.57037	10.3161
9.57108	10.4161
9.59128	10.5161
9.59268	10.6161
9.60454	10.7161
9.60867	10.8161
9.61006	10.9161
9.61146	11.0161
9.6149	11.107
9.61625	11.1979
9.61695	11.2888
9.61779	11.3797
9.62837	11.4706
9.62977	11.5615
9.65101	11.6524
9.65516	11.7433
9.65654	11.8342
9.6579	11.9252
9.65928	12.0161
9.66204	12.0994
9.66341	12.1827
9.66759	12.2661
9.66826	12.3494
9.66975	12.4327
9.67344	12.5161
9.68076	12.5994
9.68411	12.6827
9.68549	12.7661
9.68753	12.8494
9.6889	12.9327
9.69027	13.0161
9.69235	13.093
9.69579	13.1699
9.70265	13.2468
9.70476	13.3238
9.70952	13.4007
9.71139	13.4776
9.72825	13.5545
9.73159	13.6314
9.73295	13.7084
9.73362	13.7853
9.73431	13.8622
9.7357	13.9391
9.73707	14.0161
9.74669	14.0875
9.74805	14.1589
9.75013	14.2303
9.75154	14.3018
9.75567	14.3732
9.75856	14.4446
9.77957	14.5161
9.78368	14.5875
9.78804	14.6589
9.79094	14.7303
9.79296	14.8018
9.79436	14.8732
9.79523	14.9446
9.79648	15.0161
9.79717	15.0827
9.79853	15.1494
9.79919	15.2161
9.80417	15.2827
9.81018	15.3494
9.81446	15.4161
9.83651	15.4827
9.83866	15.5494
9.83957	15.6161
9.8401	15.6827
9.8409	15.7494
9.84164	15.8161
9.84299	15.8827
9.84716	15.9494
9.8485	16.0161
9.85058	16.0786
9.85333	16.1411
9.85608	16.2036
9.86437	16.2661
9.87193	16.3286
9.87408	16.3911
9.87473	16.4536
9.87543	16.5161
9.87616	16.5786
9.87691	16.6411
9.8811	16.7036
9.88935	16.7661
9.89848	16.8286
9.91036	16.8911
9.91308	16.9536
9.91447	17.0161
9.9199	17.0749
9.92266	17.1337
9.92403	17.1925
9.92887	17.2514
9.93436	17.3102
9.93642	17.369
9.9378	17.4278
9.93917	17.4866
9.94055	17.5455
9.94144	17.6043
9.94551	17.6631
9.94621	17.7219
9.94687	17.7808
9.94768	17.8396
9.9483	17.8984
9.94926	17.9572
9.94994	18.0161
9.95813	18.0716
9.96503	18.1272
9.97414	18.1827
9.98733	18.2383
9.98807	18.2938
9.98935	18.3494
9.99243	18.4049
9.99372	18.4605
9.99451	18.5161
9.99635	18.5716
9.99775	18.6272
9.99909	18.6827
10.0018	18.7383
10.0046	18.7938
10.0073	18.8494
10.0116	18.9049
10.0156	18.9605
10.0184	19.0161
10.0211	19.0687
10.024	19.1213
10.0253	19.174
10.0267	19.2266
10.0294	19.2792
10.0356	19.3318
10.0391	19.3845
10.0406	19.4371
10.0468	19.4897
10.0502	19.5424
10.053	19.595
10.0551	19.6476
10.0565	19.7003
10.0578	19.7529
10.0592	19.8055
10.0599	19.8582
10.0619	19.9108
10.0633	19.9634
10.0647	20.0161
10.0661	20.0661
10.0675	20.1161
10.0682	20.1661
10.0689	20.2161
10.0716	20.2661
10.0744	20.3161
10.0771	20.3661
10.0798	20.4161
10.0867	20.4661
10.0882	20.5161
10.0903	20.5661
10.091	20.6161
10.0917	20.6661
10.0931	20.7161
10.0938	20.7661
10.0945	20.8161
10.0952	20.8661
10.0959	20.9161
10.0966	20.9661
10.0972	21.0161
10.0979	21.0637
10.0986	21.1113
10.0993	21.1589
10.1001	21.2065
10.1007	21.2542
10.1014	21.3018
10.103	21.3494
10.1043	21.397
10.1098	21.4446
10.1125	21.4922
10.1146	21.5399
10.1153	21.5875
10.116	10.7937
10.123	10.8937
10.1236	10.9937
10.1258	11.0937
10.1319	11.1847
10.1349	11.2756
10.1397	11.3665
10.1481	11.4574
10.1488	11.5483
10.1495	11.6392
10.1502	11.7301
10.1509	11.821
10.1516	11.9119
10.1523	12.0028
10.153	12.0862
10.1537	12.1695
10.1551	12.2528
10.1565	12.3362
10.1579	12.4195
10.1592	12.5028
10.1606	12.5862
10.1758	12.6695
10.1779	12.7528
10.182	12.8362
10.1847	12.9195
10.1854	13.0028
10.1882	13.0798
10.1917	13.1567
10.1944	13.2336
10.1964	13.3105
10.1971	13.3875
10.1992	13.4644
10.1999	13.5413
10.2041	13.6182
10.2048	13.6951
10.2056	13.7721
10.2062	13.849
10.2069	13.9259
10.2076	14.0028
10.2083	14.0743
10.209	14.1457
10.2097	14.2171
10.2104	14.2885
10.2118	14.36
10.2132	14.4314
10.2145	14.5028
10.2166	14.5743
10.2187	14.6457
10.2311	14.7171
10.2318	14.7885
10.2339	14.86
10.2346	14.9314
10.2353	15.0028
10.2453	15.0695
10.246	15.1362
10.2468	15.2028
10.2474	15.2695
10.2481	15.3362
10.2488	15.4028
10.2495	15.4695
10.2502	15.5362
10.2508	15.6028
10.2517	15.6695
10.2524	15.7362
10.2531	15.8028
10.2545	15.8695
10.2559	15.9362
10.2573	16.0028
10.2778	16.0653
10.2785	16.1278
10.2791	16.1903
10.2805	16.2528
10.2819	16.3153
10.2832	16.3778
10.2846	16.4403
10.286	16.5028
10.2875	16.5653
10.2889	16.6278
10.2903	16.6903
10.2918	16.7528
10.2931	16.8153
10.2945	16.8778
10.296	16.9403
10.2973	17.0028
10.3127	17.0617
10.3133	17.1205
10.3147	17.1793
10.3182	17.2381
10.3189	17.297
10.3195	17.3558
10.3203	17.4146
10.3216	17.4734
10.3223	17.5322
10.323	17.5911
10.3237	17.6499
10.3244	17.7087
10.3251	17.7675
10.3258	17.8264
10.3265	17.8852
10.3277	17.944
10.3298	18.0028
10.3383	18.0584
10.3396	18.1139
10.3417	18.1695
10.3479	18.2251
10.3493	18.2806
10.3534	18.3362
10.3548	18.3917
10.3563	18.4473
10.3577	18.5028
10.3591	18.5584
10.3604	18.6139
10.3624	18.6695
10.3659	18.7251
10.3673	18.7806
10.368	18.8362
10.3701	18.8917
10.3721	18.9473
10.3728	19.0028
10.3769	19.0555
10.3776	19.1081
10.3784	19.1607
10.3792	19.2134
10.3799	19.266
10.3826	19.3186
10.3846	19.3713
10.386	19.4239
10.3874	19.4765
10.3894	19.5292
10.3909	19.5818
10.3937	19.6344
10.3957	19.687
10.3977	19.7397
10.3991	19.7923
10.4066	19.8449
10.4074	19.8976
10.4081	19.9502
10.4094	20.0028
10.417	20.0528
10.4184	20.1028
10.4198	20.1528
10.4212	20.2028
10.4225	20.2528
10.4247	20.3028
10.4308	20.3528
10.4322	20.4028
10.4329	20.4528
10.4343	20.5028
10.4378	20.5528
10.4385	20.6028
10.4392	20.6528
10.4399	20.7028
10.4414	20.7528
10.4428	20.8028
10.4476	20.8528
10.449	20.9028
10.4504	20.9528
10.4517	21.0028
10.4635	21.0505
10.4656	21.0981
10.4662	21.1457
10.467	21.1933
10.4684	21.2409
10.4698	21.2885
10.4726	21.3362
10.4732	21.3838
10.4739	21.4314
10.4747	21.479
10.4754	21.5266
10.4774	21.5743
10.478	21.6219
10.4863	21.6695
10.487	21.7171
10.4877	21.7647
10.4884	21.8124
10.4898	21.86
10.4911	21.9076
10.4926	21.9552
10.494	22.0028
10.4987	22.0483
10.505	22.0937
10.5064	22.1392
10.5085	22.1847
10.5099	22.2301
10.5107	22.2756
10.5155	22.321
10.5162	22.3665
10.5169	22.4119
10.5177	22.4574
10.5185	22.5028
10.5192	22.5483
10.5199	22.5937
10.5239	22.6392
10.5253	22.6847
10.5273	22.7301
10.5287	22.7756
10.5301	22.821
10.5315	22.8665
10.5328	22.9119
10.5336	22.9574
10.5349	23.0028
10.5384	23.0463
10.5398	23.0898
10.5405	23.1333
10.5425	23.1767
10.5439	23.2202
10.546	23.2637
10.5641	23.3072
10.5662	23.3507
10.5675	23.3941
10.5689	23.4376
10.5702	23.4811
10.5716	23.5246
10.573	23.5681
10.5744	23.6115
10.5757	23.655
10.5771	23.6985
10.5786	23.742
10.5799	23.7854
10.5813	23.8289
10.5827	23.8724
10.5841	23.9159
10.5856	23.9594
10.587	24.0028
10.5898	24.0445
10.5904	24.0862
10.5919	24.1278
10.5932	24.1695
10.5946	24.2112
10.596	24.2528
10.6084	24.2945
10.6091	24.3362
10.6098	24.3778
10.6104	24.4195
10.6118	24.4612
10.6125	24.5028
10.6132	24.5445
10.6146	24.5862
10.616	24.6278
10.6173	24.6695
10.6188	24.7112
10.6209	24.7528
10.6223	24.7945
10.623	24.8362
10.6244	24.8778
10.6264	24.9195
10.6278	24.9612
10.6285	25.0028
10.6326	25.0428
10.6347	25.0828
10.6361	25.1228
10.6374	25.1628
10.6388	25.2028
10.6402	25.2428
10.6565	25.2828
10.6571	25.3228
10.6578	25.3628
10.6585	25.4028
10.6592	25.4428
10.6606	25.4828
10.6613	25.5228
10.662	25.5628
10.6633	25.6028
10.664	25.6428
10.6647	25.6828
10.6654	25.7228
10.6661	25.7628
10.6669	25.8028
10.6675	25.8428
10.6682	25.8828
10.6689	25.9228
10.6696	25.9628
10.6703	26.0028
10.671	26.0413
10.6717	26.0798
10.6724	26.1182
10.6737	26.1567
10.6772	26.1951
10.6824	26.2336
10.6875	26.2721
10.6887	26.3105
10.6901	26.349
10.6914	26.3875
10.6921	26.4259
10.6935	26.4644
10.6948	26.5028
10.6963	26.5413
10.6976	26.5798
10.699	26.6182
10.6997	26.6567
10.7004	26.6951
10.7011	26.7336
10.7018	26.7721
10.7032	26.8105
10.7046	26.849
10.7059	26.8875
10.7073	26.9259
10.7087	26.9644
10.7101	27.0028
10.7114	27.0399
10.7128	27.0769
10.7142	27.1139
10.7156	27.151
10.7225	27.188
10.7245	27.2251
10.726	27.2621
10.7273	27.2991
10.7281	27.3362
10.7288	27.3732
10.7294	27.4102
10.731	27.4473
10.7323	27.4843
10.7338	27.5214
10.7352	27.5584
10.7365	27.5954
10.7378	27.6325
10.7392	27.6695
10.7406	27.7065
10.742	27.7436
10.7434	27.7806
10.7447	27.8176
10.7461	27.8547
10.7475	27.8917
10.7481	27.9288
10.7488	27.9658
10.7495	28.0028
10.7502	28.0385
10.7516	28.0743
10.7531	28.11
10.7544	28.1457
10.7572	28.1814
10.7627	28.2171
10.7682	28.2528
10.7696	28.2885
10.7703	28.3243
10.7716	28.36
10.7737	28.3957
10.7751	28.4314
10.7758	28.4671
10.7765	28.5028
10.7771	28.5385
10.778	28.5743
10.7799	28.61
10.7854	28.6457
10.7868	28.6814
10.7882	28.7171
10.7889	28.7528
10.7896	28.7885
10.7902	28.8243
10.7909	28.86
10.7923	28.8957
10.7937	28.9314
10.7952	28.9671
10.7959	29.0028
10.7966	29.0373
10.7974	29.0718
10.7987	29.1063
10.8022	29.1408
10.8077	29.1752
10.8109	29.2097
10.8157	29.2442
10.8164	29.2787
10.817	29.3132
10.8179	29.3477
10.8185	29.3821
10.8208	29.4166
10.8229	29.4511
10.8243	29.4856
10.8257	29.5201
10.8271	29.5546
10.8297	29.589
10.8345	29.6235
10.8352	29.658
10.8358	29.6925
10.8365	29.727
10.8379	29.7615
10.8392	29.7959
10.8406	29.8304
10.842	29.8649
10.8434	29.8994
10.844	29.9339
10.8447	29.9684
10.8461	30.0028
10.8469	30.0362
10.8483	30.0695
10.849	30.1028
10.8517	30.1362
10.8591	30.1695
10.8599	30.2028
10.8606	30.2362
10.862	30.2695
10.8634	30.3028
10.8648	30.3362
10.8662	30.3695
10.8703	30.4028
10.8717	30.4362
10.8744	30.4695
10.8752	30.5028
10.8765	30.5362
10.8773	30.5695
10.8814	30.6028
10.8821	30.6362
10.8836	30.6695
10.8849	30.7028
10.8863	30.7362
10.8877	30.7695
10.8891	30.8028
10.8904	30.8362
10.8917	30.8695
10.8924	30.9028
10.8931	30.9362
10.8938	30.9695
10.8951	31.0028
10.8961	31.0351
10.8968	31.0674
10.8993	31.0996
10.902	31.1319
10.9062	31.1641
10.907	31.1964
10.9077	31.2286
10.9084	31.2609
10.9091	31.2932
10.9098	31.3254
10.9108	31.3577
10.9195	31.3899
10.9223	31.4222
10.9237	31.4544
10.925	15.7272
10.9264	15.7939
10.9278	15.8606
10.9292	15.9272
10.932	15.9939
10.934	16.0606
10.9354	16.1231
10.9368	16.1856
10.9382	16.2481
10.9395	16.3106
10.9409	16.3731
10.9423	16.4356
10.9436	16.4981
10.9451	16.5606
10.9464	16.6231
10.9485	16.6856
10.9499	16.7481
10.9506	16.8106
10.9513	16.8731
10.952	16.9356
10.9532	16.9981
10.9574	17.0606
10.9581	17.1194
10.9623	17.1782
10.9636	17.237
10.9644	17.2959
10.9651	17.3547
10.9665	17.4135
10.9693	17.4723
10.9769	17.5311
10.9783	17.59
10.9838	17.6488
10.9859	17.7076
10.9873	17.7664
10.9887	17.8253
10.99	17.8841
10.9915	17.9429
10.9935	18.0017
10.9949	18.0573
10.9963	18.1128
11.0018	18.1684
11.0032	18.224
11.0053	18.2795
11.0074	18.3351
11.0082	18.3906
11.0088	18.4462
11.0123	18.5017
11.013	18.5573
11.0145	18.6128
11.0152	18.6684
11.016	18.724
11.0168	18.7795
11.0174	18.8351
11.0181	18.8906
11.0188	18.9462
11.0197	19.0017
11.0203	19.0544
11.021	19.107
11.0244	19.1596
11.0264	19.2123
11.0292	19.2649
11.032	19.3175
11.0334	19.3702
11.0347	19.4228
11.0375	19.4754
11.0395	19.528
11.0409	19.5807
11.0423	19.6333
11.0471	19.6859
11.0485	19.7386
11.0506	19.7912
11.052	19.8438
11.0533	19.8965
11.0547	19.9491
11.0561	20.0017
11.0574	20.0517
11.0581	20.1017
11.0651	20.1517
11.0659	20.2017
11.0666	20.2517
11.0707	20.3017
11.0715	20.3517
11.0722	20.4017
11.0731	20.4517
11.0739	20.5017
11.0745	20.5517
11.0752	20.6017
11.0759	20.6517
11.0779	20.7017
11.0799	20.7517
11.0814	20.8017
11.0821	20.8517
11.0828	20.9017
11.0835	20.9517
11.0842	21.0017
11.0849	21.0494
11.0856	21.097
11.094	21.1446
11.0961	21.1922
11.1003	21.2398
11.1079	21.2874
11.1141	21.3351
11.1155	21.3827
11.1162	21.4303
11.117	21.4779
11.1176	21.5255
11.1183	21.5732
11.119	21.6208
11.1199	21.6684
11.1222	21.716
11.1247	21.7636
11.1254	21.8113
11.1268	21.8589
11.1282	21.9065
11.129	21.9541
11.1296	22.0017
11.1309	22.0472
11.1317	22.0926
11.1373	22.1381
11.1386	22.1836
11.1413	22.229
11.145	22.2745
11.1463	22.3199
11.1477	22.3654
11.1497	22.4108
11.1505	22.4563
11.1519	22.5017
11.1525	22.5472
11.1539	22.5926
11.156	22.6381
11.1573	22.6836
11.1588	22.729
11.1595	22.7745
11.1615	22.8199
11.1629	22.8654
11.1643	22.9108
11.1656	22.9563
11.167	23.0017
11.1684	23.0452
11.1706	23.0887
11.1782	23.1322
11.1789	23.1756
11.1831	23.2191
11.1873	23.2626
11.188	23.3061
11.1887	23.3496
11.1894	23.393
11.1901	23.4365
11.1908	23.48
11.1915	23.5235
11.1922	23.567
11.1929	23.6104
11.1936	23.6539
11.1944	23.6974
11.195	23.7409
11.1957	23.7843
11.1964	23.8278
11.1971	23.8713
11.1977	23.9148
11.1985	23.9583
11.1991	24.0017
11.1998	24.0434
11.2005	24.0851
11.2037	24.1267
11.2045	24.1684
11.2064	24.2101
11.2121	24.2517
11.2153	24.2934
11.2167	24.3351
11.2195	24.3767
11.2209	24.4184
11.223	24.4601
11.2243	24.5017
11.2264	24.5434
11.2285	24.5851
11.2305	24.6267
11.2326	24.6684
11.234	24.7101
11.2354	24.7517
11.2367	24.7934
11.2395	24.8351
11.2417	24.8767
11.2437	24.9184
11.2458	24.9601
11.2472	25.0017
11.2493	25.0417
11.252	25.0817
11.2528	25.1217
11.2535	25.1617
11.2542	25.2017
11.2549	25.2417
11.2556	25.2817
11.2563	25.3217
11.257	25.3617
11.2577	25.4017
11.2583	25.4417
11.259	25.4817
11.2599	25.5217
11.2606	25.5617
11.2613	25.6017
11.262	25.6417
11.2627	25.6817
11.2634	25.7217
11.2641	25.7617
11.2653	25.8017
11.2667	25.8417
11.268	25.8817
11.2687	25.9217
11.2694	25.9617
11.2714	26.0017
11.273	26.0402
11.2749	26.0787
11.2803	26.1171
11.2846	26.1556
11.2867	26.194
11.2881	26.2325
11.2895	26.271
11.2901	26.3094
11.2915	26.3479
11.2929	26.3863
11.2943	26.4248
11.2957	26.4633
11.2971	26.5017
11.2985	26.5402
11.2998	26.5787
11.3012	26.6171
11.3026	26.6556
11.3039	26.694
11.3053	26.7325
11.3068	26.771
11.3082	26.8094
11.3096	26.8479
11.3111	26.8863
11.3125	26.9248
11.3139	26.9633
11.3153	27.0017
11.3166	27.0388
11.318	27.0758
11.3194	27.1128
11.3285	27.1499
11.3292	27.1869
11.3299	27.224
11.3306	27.261
11.3313	27.298
11.332	27.3351
11.3333	27.3721
11.3347	27.4091
11.3361	27.4462
11.3369	27.4832
11.3383	27.5203
11.3396	27.5573
11.3409	27.5943
11.3423	27.6314
11.3437	27.6684
11.3451	27.7054
11.3466	27.7425
11.348	27.7795
11.3513	27.8165
11.3527	27.8536
11.3548	27.8906
11.3561	27.9277
11.3575	27.9647
11.3589	28.0017
11.361	28.0374
11.3638	28.0732
11.3658	28.1089
11.3667	28.1446
11.3673	28.1803
11.3687	28.216
11.3701	28.2517
11.3714	28.2874
11.3729	28.3232
11.3742	28.3589
11.3755	28.3946
11.3776	28.4303
11.379	28.466
11.381	28.5017
11.3818	28.5374
11.3825	28.5732
11.3832	28.6089
11.3838	28.6446
11.3852	28.6803
11.3873	28.716
11.3888	28.7517
11.3944	28.7874
11.3957	28.8232
11.3978	28.8589
11.3998	28.8946
11.401	28.9303
11.4031	28.966
11.4045	29.0017
11.4066	29.0362
11.4093	29.0707
11.4135	29.1052
11.4143	29.1397
11.415	29.1741
11.4157	29.2086
11.4164	29.2431
11.4171	29.2776
11.4177	29.3121
11.4185	29.3466
11.4192	29.381
11.4199	29.4155
11.4205	29.45
11.4219	29.4845
11.4233	29.519
11.4246	29.5535
11.426	29.5879
11.4288	29.6224
11.4302	29.6569
11.433	29.6914
11.435	29.7259
11.4385	29.7604
11.4399	29.7948
11.4412	29.8293
11.4433	29.8638
11.4447	29.8983
11.4474	29.9328
11.4495	29.9673
11.4509	30.0017
11.4536	30.0351
11.455	30.0684
11.4634	30.1017
11.4642	30.1351
11.4649	30.1684
11.4656	30.2017
11.4663	30.2351
11.467	30.2684
11.4677	30.3017
11.4683	30.3351
11.469	30.3684
11.4697	30.4017
11.4704	30.4351
11.4711	30.4684
11.4718	30.5017
11.4725	30.5351
11.4745	30.5684
11.4766	30.6017
11.4787	30.6351
11.4815	30.6684
11.4835	30.7017
11.4877	30.7351
11.4897	30.7684
11.4912	30.8017
11.4925	30.8351
11.4939	30.8684
11.4953	30.9017
11.4966	30.9351
11.498	30.9684
11.4994	31.0017
11.5021	31.034
11.5049	31.0662
11.5126	31.0985
11.5161	31.1308
11.5168	31.163
11.5174	31.1953
11.5182	31.2275
11.519	31.2598
11.5197	31.2921
11.5204	31.3243
11.521	31.3566
11.5218	31.3888
11.5224	31.4211
11.5231	31.4533
11.5238	31.4856
11.5251	31.5179
11.5279	31.5501
11.5292	31.5824
11.5313	31.6146
11.5341	31.6469
11.5355	31.6792
11.5401	31.7114
11.5431	31.7437
11.5445	31.7759
11.5458	31.8082
11.5472	31.8404
11.5485	31.8727
11.5499	31.905
11.5513	31.9372
11.5527	31.9695
11.5541	32.0017
11.5554	32.033
11.5575	32.0642
11.559	32.0955
11.5604	32.1267
11.5618	32.158
11.5633	32.1892
11.5653	32.2205
11.5666	32.2517
11.568	32.283
11.5694	32.3142
11.5714	32.3455
11.5741	32.3767
11.5755	32.408
11.5769	32.4392
11.5776	32.4705
11.5783	32.5017
11.5797	32.533
11.5818	32.5642
11.5832	32.5955
11.5866	32.6267
11.588	32.658
11.5922	32.6892
11.5956	32.7205
11.597	32.7517
11.5984	32.783
11.5997	32.8142
11.6005	32.8455
11.6018	32.8767
11.6025	32.908
11.6039	32.9392
11.6046	32.9705
11.6059	33.0017
11.6066	33.032
11.6074	33.0623
11.6088	16.5312
11.6095	16.5937
11.6102	16.6562
11.6116	16.7187
11.6136	16.7812
11.6157	16.8437
11.6178	16.9062
11.6192	16.9687
11.6205	17.0312
11.6219	17.09
11.6247	17.1488
11.626	17.2076
11.6268	17.2665
11.6274	17.3253
11.6281	17.3841
11.6288	17.4429
11.6295	17.5018
11.6303	17.5606
11.6309	17.6194
11.6358	17.6782
11.64	17.7371
11.642	17.7959
11.6434	17.8547
11.6448	17.9135
11.6462	17.9723
11.6476	18.0312
11.6489	18.0867
11.6503	18.1423
11.6517	18.1978
11.6531	18.2534
11.6544	18.3089
11.6558	18.3645
11.6565	18.4201
11.6677	18.4756
11.6689	18.5312
11.6697	18.5867
11.6704	18.6423
11.6732	18.6978
11.6759	18.7534
11.678	18.8089
11.6801	18.8645
11.6815	18.9201
11.6836	18.9756
11.6849	19.0312
11.6863	19.0838
11.6877	19.1364
11.6891	19.1891
11.6905	19.2417
11.6911	19.2943
11.6918	19.347
11.6925	19.3996
11.6947	19.4522
11.6961	19.5049
11.6982	19.5575
11.6996	19.6101
11.7016	19.6627
11.7052	19.7154
11.7059	19.768
11.7073	19.8206
11.7093	19.8733
11.7121	19.9259
11.7142	19.9785
11.7149	20.0312
11.7162	20.0812
11.7176	20.1312
11.719	20.1812
11.7211	20.2312
11.7225	20.2812
11.7239	20.3312
11.7253	20.3812
11.7274	20.4312
11.7281	20.4812
11.7288	20.5312
11.7295	20.5812
11.7302	20.6312
11.7377	20.6812
11.7392	20.7312
11.7405	20.7812
11.7419	20.8312
11.7432	20.8812
11.7454	20.9312
11.7467	20.9812
11.7481	21.0312
11.7495	21.0788
11.7516	21.1264
11.7529	21.174
11.755	21.2216
11.7557	21.2693
11.7571	21.3169
11.7591	21.3645
11.7654	21.4121
11.7661	21.4597
11.7668	21.5074
11.7675	21.555
11.7682	21.6026
11.777	21.6502
11.7785	21.6978
11.782	21.7455
11.7835	21.7931
11.7864	21.8407
11.7884	21.8883
11.7912	21.9359
11.7932	21.9836
11.7946	22.0312
11.796	22.0766
11.798	22.1221
11.7993	22.1675
11.8021	22.213
11.8035	22.2584
11.8056	22.3039
11.8076	22.3494
11.8139	22.3948
11.8146	22.4403
11.8153	22.4857
11.816	22.5312
11.8167	22.5766
11.8248	22.6221
11.826	22.6675
11.831	22.713
11.8325	22.7584
11.8345	22.8039
11.8359	22.8494
11.8373	22.8948
11.8394	22.9403
11.8407	22.9857
11.8421	23.0312
11.8435	23.0746
11.845	23.1181
11.8469	23.1616
11.8504	23.2051
11.8524	23.2486
11.8546	23.292
11.8573	23.3355
11.8649	23.379
11.8657	23.4225
11.8664	23.466
11.867	23.5094
11.8677	23.5529
11.8697	23.5964
11.8704	23.6399
11.8773	23.6833
11.878	23.7268
11.8795	23.7703
11.8809	23.8138
11.8822	23.8573
11.8836	23.9007
11.885	23.9442
11.8864	23.9877
11.8877	24.0312
11.8891	24.0728
11.8905	24.1145
11.8919	24.1562
11.8932	24.1978
11.8953	24.2395
11.8981	24.2812
11.9023	24.3228
11.9106	24.3645
11.9126	24.4062
11.914	24.4478
11.9147	24.4895
11.9154	24.5312
11.9162	24.5728
11.9169	24.6145
11.921	24.6562
11.9216	24.6978
11.9238	24.7395
11.9258	24.7812
11.9272	24.8228
11.9286	24.8645
11.93	24.9062
11.9314	24.9478
11.9328	24.9895
11.9341	25.0312
11.9356	25.0712
11.937	25.1112
11.9384	25.1512
11.9397	25.1912
11.9411	25.2312
11.9425	25.2712
11.9472	25.3112
11.9569	25.3512
11.9583	25.3912
11.9597	25.4312
11.9611	25.4712
11.9624	25.5112
11.9639	25.5512
11.9646	25.5912
11.9694	25.6312
11.9702	25.6712
11.9717	25.7112
11.973	25.7512
11.9738	25.7912
11.9753	25.8312
11.9765	25.8712
11.9778	25.9112
11.9792	25.9512
11.9806	25.9912
11.9822	26.0312
11.9835	26.0696
11.9849	26.1081
11.9862	26.1466
11.9877	26.185
11.989	26.2235
11.9904	26.2619
11.9931	26.3004
12.0014	26.3389
12.0028	26.3773
12.0041	26.4158
12.0055	26.4542
12.0069	26.4927
12.0131	26.5312
12.0145	26.5696
12.0168	26.6081
12.0182	26.6466
12.0189	26.685
12.0196	26.7235
12.0203	26.7619
12.021	26.8004
12.0231	26.8389
12.0245	26.8773
12.026	26.9158
12.0272	26.9542
12.0286	26.9927
12.03	27.0312
12.0313	27.0682
12.0327	27.1052
12.0341	27.1423
12.0355	27.1793
12.0369	27.2164
12.0383	27.2534
12.0397	27.2904
12.0486	27.3275
12.05	27.3645
12.0513	27.4015
12.0527	27.4386
12.0541	27.4756
12.0589	27.5127
12.0604	27.5497
12.0646	27.5867
12.066	27.6238
12.0673	27.6608
12.068	27.6978
12.0688	27.7349
12.0694	27.7719
12.0715	27.8089
12.0722	27.846
12.0736	27.883
12.0749	27.9201
12.077	27.9571
12.0777	27.9941
12.0791	28.0312
12.0805	28.0669
12.0818	28.1026
12.0832	28.1383
12.0846	28.174
12.0867	28.2097
12.088	28.2455
12.0895	28.2812
12.0978	28.3169
12.0992	28.3526
12.1005	28.3883
12.1019	28.424
12.1033	28.4597
12.1062	28.4955
12.1075	28.5312
12.1151	28.5669
12.1165	28.6026
12.1179	28.6383
12.1186	28.674
12.1193	28.7097
12.12	28.7455
12.1221	28.7812
12.1227	28.8169
12.1242	28.8526
12.1256	28.8883
12.1269	28.924
12.1283	28.9597
12.129	28.9955
12.1304	29.0312
12.1318	29.0657
12.1332	29.1001
12.1346	29.1346
12.136	29.1691
12.1367	29.2036
12.1388	29.2381
12.1408	29.2725
12.1491	29.307
12.1505	29.3415
12.1518	29.376
12.1532	29.4105
12.1548	29.445
12.1567	29.4794
12.1587	29.5139
12.1678	29.5484
12.1692	29.5829
12.1705	29.6174
12.1713	29.6519
12.1722	29.6863
12.1731	29.7208
12.1757	29.7553
12.1764	29.7898
12.1777	29.8243
12.1792	29.8588
12.1798	29.8932
12.1812	29.9277
12.1826	29.9622
12.184	29.9967
12.1846	30.0312
12.186	30.0645
12.1874	30.0978
12.1887	30.1312
12.1901	30.1645
12.1915	30.1978
12.1929	30.2312
12.1956	30.2645
12.1984	30.2978
12.1997	30.3312
12.2011	30.3645
12.2023	30.3978
12.2037	30.4312
12.205	30.4645
12.2064	30.4978
12.2175	30.5312
12.2189	30.5645
12.2209	30.5978
12.2223	30.6312
12.2236	30.6645
12.225	30.6978
12.2278	30.7312
12.2293	30.7645
12.2314	30.7978
12.2327	30.8312
12.2341	30.8645
12.2348	30.8978
12.2369	30.9312
12.2376	30.9645
12.2389	30.9978
12.2403	31.0312
12.241	31.0634
12.2424	31.0957
12.2438	31.1279
12.2451	31.1602
12.2465	31.1925
12.2479	31.2247
12.2492	15.6124
12.2507	15.679
12.252	15.7457
12.2534	15.8124
12.2547	15.879
12.2568	15.9457
12.2602	16.0124
12.2622	16.0749
12.2726	16.1374
12.274	16.1999
12.2754	16.2624
12.2783	16.3249
12.2803	16.3874
12.2823	16.4499
12.2851	16.5124
12.2865	16.5749
12.2879	16.6374
12.2903	16.6999
12.2918	16.7624
12.2925	16.8249
12.2939	16.8874
12.2953	16.9499
12.2967	17.0124
12.298	17.0712
12.2987	17.13
12.2994	17.1888
12.3001	17.2477
12.3022	17.3065
12.3035	17.3653
12.3049	17.4241
12.3063	17.4829
12.3368	17.5418
12.3382	17.6006
12.3389	17.6594
12.342	17.7182
12.3427	17.7771
12.344	17.8359
12.3447	17.8947
12.3461	17.9535
12.3477	18.0124
12.3491	18.0679
12.3498	18.1235
12.3505	18.179
12.3519	18.2346
12.3532	18.2901
12.3546	18.3457
12.356	18.4012
12.3574	18.4568
12.3789	18.5124
12.3802	18.5679
12.3809	18.6235
12.3823	18.679
12.384	18.7346
12.3858	18.7901
12.3871	18.8457
12.3885	18.9012
12.3892	18.9568
12.3907	19.0124
12.3931	19.065
12.3938	19.1176
12.3944	19.1703
12.3951	19.2229
12.3965	19.2755
12.3979	19.3281
12.3999	19.3808
12.4016	19.4334
12.4114	19.486
12.4135	19.5387
12.4148	19.5913
12.4169	19.6439
12.4196	19.6966
12.421	19.7492
12.4231	19.8018
12.4258	19.8545
12.4279	19.9071
12.4293	19.9597
12.4307	20.0124
12.4321	20.0624
12.4334	20.1124
12.4348	20.1624
12.4376	20.2124
12.4383	20.2624
12.4396	20.3124
12.4424	20.3624
12.4438	20.4124
12.446	20.4624
12.4481	20.5124
12.4495	20.5624
12.4516	20.6124
12.4529	20.6624
12.4543	20.7124
12.4557	20.7624
12.458	20.8124
12.4587	20.8624
12.4605	20.9124
12.4625	20.9624
12.4639	21.0124
12.4653	21.06
12.4674	21.1076
12.4694	21.1552
12.4729	21.2028
12.475	21.2505
12.4757	21.2981
12.4785	21.3457
12.4806	21.3933
12.482	21.4409
12.4827	21.4885
12.4841	21.5362
12.4854	21.5838
12.4889	21.6314
12.4896	21.679
12.4914	21.7266
12.4942	21.7743
12.4962	21.8219
12.497	21.8695
12.4983	21.9171
12.4997	21.9647
12.5011	22.0124
12.5019	22.0578
12.5033	22.1033
12.5046	22.1487
12.5089	22.1942
12.511	22.2396
12.5117	22.2851
12.5138	22.3305
12.5151	22.376
12.5172	22.4215
12.5179	22.4669
12.5187	22.5124
12.5194	22.5578
12.5207	22.6033
12.5227	22.6487
12.525	11.3244
12.5275	11.4153
12.529	11.5062
12.5311	11.5971
12.5327	11.688
12.534	11.7789
12.5347	11.8698
12.5354	11.9607
12.536	12.0516
12.5384	12.135
12.5391	12.2183
12.5405	12.3016
12.5418	12.385
12.5436	12.4683
12.5464	12.5516
12.5491	12.635
12.5556	12.7183
12.5562	12.8016
12.557	12.885
12.5577	12.9683
12.5583	13.0516
12.5594	13.1286
12.5664	13.2055
12.5671	13.2824
12.5678	13.3593
12.5685	13.4362
12.5699	13.5132
12.5727	13.5901
12.5798	13.667
12.5823	13.7439
12.5825	13.8209
12.5832	13.8978
12.5839	13.9747
12.5846	14.0516
12.5853	14.1231
12.5924	14.1945
12.597	14.2659
12.5982	14.3373
12.5989	14.4088
12.6028	14.4802
12.6042	14.5516
12.6204	14.6231
12.6219	14.6945
12.623	14.7659
12.6238	14.8373
12.6244	14.9088
12.6251	14.9802
12.6271	15.0516
12.6277	15.1183
12.6399	15.185
12.642	15.2516
12.6447	15.3183
12.6474	15.385
12.6503	15.4516
12.6517	15.5183
12.6681	15.585
12.6688	15.6516
12.6695	15.7183
12.6702	15.785
12.6709	15.8516
12.6716	15.9183
12.6723	15.985
12.673	16.0516
12.6737	16.1141
12.6813	16.1766
12.6847	16.2391
12.686	16.3016
12.6888	16.3641
12.6916	16.4266
12.6929	16.4891
12.7098	16.5516
12.7116	16.6141
12.7123	16.6766
12.713	16.7391
12.7137	16.8016
12.7144	16.8641
12.7151	16.9266
12.7158	16.9891
12.7165	17.0516
12.7171	17.1105
12.7248	17.1693
12.7272	17.2281
12.7293	17.2869
12.7307	17.3458
12.7327	17.4046
12.7342	17.4634
12.7544	17.5222
12.7551	17.581
12.7558	17.6399
12.7565	17.6987
12.7572	17.7575
12.7579	17.8163
12.7586	17.8752
12.7593	17.934
12.76	17.9928
12.7606	18.0516
12.7614	18.1072
12.7667	18.1627
12.7689	18.2183
12.7703	18.2739
12.7724	18.3294
12.7744	18.385
12.7758	18.4405
12.7919	18.4961
12.7939	18.5516
12.7945	18.6072
12.7952	18.6627
12.796	18.7183
12.7967	18.7739
12.7981	18.8294
12.7981	18.885
12.7987	18.9405
12.7998	18.9961
12.8005	19.0516
12.8012	19.1043
12.8043	19.1569
12.8082	19.2095
12.8096	19.2622
12.812	19.3148
12.8148	19.3674
12.8162	19.4201
12.8306	19.4727
12.8327	19.5253
12.8348	19.5779
12.8369	19.6306
12.8376	19.6832
12.8383	19.7358
12.8389	19.7885
12.8396	19.8411
12.8411	19.8937
12.8465	19.9464
12.847	19.999
12.8478	20.0516
12.8485	20.1016
12.8492	20.1516
12.8499	20.2016
12.8505	20.2516
12.8512	20.3016
12.8532	20.3516
12.8546	20.4016
12.8643	20.4516
12.869	20.5016
12.8717	20.5516
12.8747	20.6016
12.8761	20.6516
12.8775	20.7016
12.8782	20.7516
12.8789	20.8016
12.8797	20.8516
12.8803	20.9016
12.8809	20.9516
12.8818	21.0016
12.8824	21.0493
12.8831	21.0969
12.8839	21.1445
12.8858	21.1921
12.8872	21.2397
12.89	21.2873
12.8921	21.335
12.8941	21.3826
12.905	21.4302
12.9071	21.4778
12.9113	21.5254
12.9154	21.5731
12.9168	21.6207
12.9189	21.6683
12.9196	21.7159
12.9203	21.7635
12.921	21.8112
12.9225	21.8588
12.9233	21.9064
12.9239	21.954
12.9246	22.0016
12.9253	22.0471
12.926	22.0925
12.9268	22.138
12.9274	22.1835
12.93	22.2289
12.9327	22.2744
12.9348	22.3198
12.9362	22.3653
12.9467	22.4107
12.9496	22.4562
12.9515	22.5016
12.9563	22.5471
12.9584	22.5925
12.9618	22.638
12.9625	22.6835
12.9632	22.7289
12.9639	22.7744
12.9654	22.8198
12.966	22.8653
12.9666	22.9107
12.9673	22.9562
12.968	23.0016
12.9687	23.0451
12.9694	23.0886
12.9701	23.1321
12.9708	23.1755
12.9715	23.219
12.9722	23.2625
12.9736	23.306
12.9749	23.3495
12.9832	23.3929
12.9867	23.4364
12.9889	23.4799
12.9924	23.5234
12.9951	23.5669
12.9993	23.6103
13.0007	23.6538
13.0034	23.6973
13.0055	23.7408
13.0076	23.7842
13.0101	23.8277
13.0115	23.8712
13.0122	23.9147
13.0129	23.9582
13.0136	24.0016
13.0142	24.0433
13.0149	24.085
13.0156	24.1266
13.0163	24.1683
13.017	24.21
13.018	24.2516
13.0194	24.2933
13.0201	24.335
13.0271	24.3766
13.0305	24.4183
13.034	24.46
13.0367	24.5016
13.0388	24.5433
13.0428	24.585
13.0441	24.6266
13.0455	24.6683
13.0469	24.71
13.049	24.7516
13.051	24.7933
13.0529	24.835
13.0543	24.8766
13.0556	24.9183
13.0584	24.96
13.0591	25.0016
13.0605	25.0416
13.0619	25.0816
13.0633	25.1216
13.064	25.1616
13.0654	25.2016
13.0667	25.2416
13.0681	25.2816
13.0688	25.3216
13.0757	25.3616
13.0792	12.6808
13.0813	12.7642
13.0834	12.8475
13.0847	12.9308
13.0868	13.0142
13.0895	13.0911
13.0909	13.168
13.0923	13.2449
13.0944	13.3218
13.0958	13.3988
13.0972	13.4757
13.0978	13.5526
13.0992	13.6295
13.104	13.7065
13.1054	13.7834
13.1068	13.8603
13.1081	13.9372
13.1102	14.0142
13.1123	14.0856
13.113	14.157
13.1146	14.2284
13.1153	14.2999
13.1178	14.3713
13.1183	14.4427
13.1264	14.5142
13.1446	14.5856
13.1495	14.657
13.1508	14.7284
13.1529	14.7999
13.1543	14.8713
13.1557	14.9427
13.157	15.0142
13.1601	7.50708
13.1605	7.64993
13.1612	7.79279
13.1619	7.93565
13.1626	8.0785
13.1633	8.2035
13.1708	8.3285
13.1868	8.4535
13.1923	8.5785
13.1936	8.7035
13.1957	8.8285
13.1979	8.9535
13.2008	9.0785
13.2021	9.18961
13.2035	9.30073
13.2289	9.41184
13.231	9.52295
13.2323	9.63406
13.2337	9.74517
13.235	9.85628
13.2385	9.96739
13.2392	10.0785
13.2406	10.1785
13.2419	10.2785
13.27	10.3785
13.2733	10.4785
13.276	10.5785
13.2766	10.6785
13.2803	10.7785
13.2819	10.8785
13.2831	10.9785
13.2845	11.0785
13.2859	11.1694
13.2872	11.2603
13.3031	11.3512
13.3059	11.4421
13.3074	11.533
13.3087	11.624
13.31	11.7149
13.3114	11.8058
13.3128	11.8967
13.3135	11.9876
13.3149	12.0785
13.3163	12.1618
13.3176	12.2452
13.3357	12.3285
13.3364	12.4118
13.3372	12.4952
13.3391	12.5785
13.3397	12.6618
13.341	12.7452
13.3424	12.8285
13.3431	12.9118
13.3449	12.9952
13.3463	13.0785
13.3482	13.1554
13.3502	13.2323
13.379	13.3093
13.3798	13.3862
13.3803	13.4631
13.3812	13.54
13.3822	13.617
13.3834	13.6939
13.3861	13.7708
13.3868	13.8477
13.3875	13.9247
13.3889	14.0016
13.3897	14.073
13.3904	14.1444
13.3912	14.2159
13.4161	14.2873
13.4181	14.3587
13.4188	14.4302
13.4195	14.5016
13.4202	14.573
13.4208	14.6444
13.4218	14.7159
13.4225	14.7873
13.4231	14.8587
13.4238	14.9302
13.4252	15.0016
13.4259	15.0682
13.4266	15.1349
13.4273	15.2016
13.4587	15.2682
13.4635	15.3349
13.4662	15.4016
13.4671	15.4682
13.4685	15.5349
13.4698	15.6016
13.4712	15.6682
13.4731	15.7349
13.4738	15.8016
13.4745	15.8682
13.4752	15.9349
13.4758	16.0016
13.4772	16.0641
13.4786	16.1266
13.4793	16.1891
13.4978	16.2516
13.5006	16.3141
13.5027	16.3766
13.504	16.4391
13.5054	16.5016
13.5068	16.5641
13.5082	16.6266
13.5095	16.6891
13.5109	16.7516
13.5123	16.8141
13.5137	16.8766
13.515	16.9391
13.5164	17.0016
13.5178	17.0604
13.5198	17.1192
13.5226	17.1781
13.5359	17.2369
13.5382	17.2957
13.5408	17.3545
13.5421	17.4133
13.5435	17.4722
13.5449	17.531
13.5463	17.5898
13.5476	17.6486
13.549	17.7075
13.5504	17.7663
13.5517	17.8251
13.5531	17.8839
13.5545	17.9428
13.5559	18.0016
13.5573	18.0571
13.5586	18.1127
13.56	18.1682
13.5712	18.2238
13.5719	18.2794
13.5726	18.3349
13.5734	18.3905
13.5747	18.446
13.5754	18.5016
13.5777	18.5571
13.5793	18.6127
13.581	18.6682
13.5821	18.7238
13.5835	18.7794
13.5842	18.8349
13.5862	18.8905
13.5876	18.946
13.5918	19.0016
13.595	19.0542
13.5957	19.1068
13.5964	19.1595
13.6046	19.2121
13.6101	19.2647
13.6121	19.3174
13.6135	19.37
13.6156	19.4226
13.6179	19.4753
13.6185	19.5279
13.6192	19.5805
13.6202	19.6332
13.6208	19.6858
13.6215	19.7384
13.6229	19.7911
13.6242	19.8437
13.6263	19.8963
13.6277	19.9489
13.6291	20.0016
13.6304	20.0516
13.6318	20.1016
13.6332	20.1516
13.6409	20.2016
13.6457	20.2516
13.6478	20.3016
13.6492	20.3516
13.6518	20.4016
13.6545	20.4516
13.6559	20.5016
13.6573	20.5516
13.6593	20.6016
13.6614	20.6516
13.6627	20.7016
13.6634	20.7516
13.6655	20.8016
13.6662	20.8516
13.6683	20.9016
13.6696	20.9516
13.671	21.0016
13.6723	21.0492
13.6737	21.0968
13.6751	21.1444
13.6842	21.1921
13.689	21.2397
13.6913	21.2873
13.6926	21.3349
13.6947	21.3825
13.6961	21.4302
13.6975	21.4778
13.6988	21.5254
13.7002	21.573
13.7039	21.6206
13.7067	21.6682
13.708	21.7159
13.7094	21.7635
13.7101	21.8111
13.7117	21.8587
13.7132	21.9063
13.7146	21.954
13.7159	22.0016
13.7166	22.047
13.7173	22.0925
13.718	22.1379
13.7229	22.1834
13.7277	22.2289
13.7291	22.2743
13.7305	22.3198
13.7312	22.3652
13.7319	22.4107
13.7326	22.4561
13.7342	22.5016
13.7363	22.547
13.7425	22.5925
13.7438	22.6379
13.7459	22.6834
13.7486	22.7289
13.7495	22.7743
13.7501	22.8198
13.7514	22.8652
13.7527	22.9107
13.7548	22.9561
13.7562	23.0016
13.7569	23.0451
13.7576	23.0885
13.7583	23.132
13.7631	23.1755
13.766	23.219
13.7667	23.2625
13.7688	23.3059
13.7709	23.3494
13.7723	23.3929
13.773	23.4364
13.7751	23.4798
13.7757	23.5233
13.7784	23.5668
13.7798	23.6103
13.7819	23.6538
13.786	23.6972
13.7881	23.7407
13.7894	23.7842
13.7908	23.8277
13.7915	23.8711
13.7929	23.9146
13.7949	23.9581
13.7956	24.0016
13.7963	24.0432
13.7984	24.0849
13.7991	24.1266
13.8033	24.1682
13.8076	24.2099
13.8083	24.2516
13.8091	24.2932
13.81	24.3349
13.8106	24.3766
13.8113	24.4182
13.8121	24.4599
13.8127	24.5016
13.8134	24.5432
13.8154	24.5849
13.8168	24.6266
13.8182	24.6682
13.8203	24.7099
13.823	24.7516
13.8251	24.7932
13.8272	24.8349
13.8278	24.8766
13.8285	24.9182
13.8292	24.9599
13.8299	25.0016
13.8306	25.0416
13.8333	25.0816
13.834	25.1216
13.8382	25.1616
13.841	25.2016
13.8418	25.2416
13.8425	25.2816
13.8432	25.3216
13.8439	25.3616
13.8446	25.4016
13.8453	25.4416
13.846	25.4816
13.8467	25.5216
13.8481	25.5616
13.8494	25.6016
13.8508	25.6416
13.8528	25.6816
13.8536	25.7216
13.8556	25.7616
13.8563	25.8016
13.8577	25.8416
13.8591	25.8816
13.8611	25.9216
13.8618	25.9616
13.8632	26.0016
13.8647	26.04
13.866	26.0785
13.8667	26.117
13.8702	26.1554
13.8745	26.1939
13.8752	26.2323
13.8759	26.2708
13.8766	26.3093
13.8773	26.3477
13.878	26.3862
13.8787	26.4247
13.8794	13.2123
13.88	13.2893
13.8807	13.3662
13.8814	13.4431
13.8835	13.52
13.8849	13.5969
13.8864	13.6739
13.8877	13.7508
13.8891	13.8277
13.8904	13.9046
13.8918	13.9816
13.8932	14.0585
13.8946	14.1299
13.8959	14.2013
13.8973	14.2728
13.8987	14.3442
13.9001	14.4156
13.9015	14.4871
13.9022	14.5585
13.9078	14.6299
13.9098	14.7013
13.9113	14.7728
13.912	14.8442
13.9127	14.9156
13.9134	14.9871
13.914	15.0585
13.9191	15.1251
13.9204	15.1918
13.9218	15.2585
13.9232	15.3251
13.9245	15.3918
13.9287	15.4585
13.9304	15.5251
13.9397	15.5918
13.941	15.6585
13.9431	15.7251
13.9452	15.7918
13.9465	15.8585
13.9479	15.9251
13.9493	15.9918
13.95	16.0585
13.9551	16.121
13.9571	16.1835
13.9592	16.246
13.9625	16.3085
13.9639	16.371
13.969	16.4335
13.9703	16.496
13.9861	16.5585
13.9875	16.621
13.9918	16.6835
13.9932	16.746
13.9953	16.8085
13.9966	16.871
13.9972	16.9335
13.9979	16.996
13.9986	17.0585
14.002	17.1173
14.004	17.1761
14.0061	17.235
14.0096	17.2938
14.011	17.3526
14.016	17.4114
14.0181	17.4702
14.0297	17.5291
14.0322	17.5879
14.0341	17.6467
14.0375	17.7055
14.0389	17.7644
14.0403	17.8232
14.041	17.882
14.0417	17.9408
14.0424	17.9997
14.0431	18.0585
14.0446	18.114
14.0473	18.1696
14.05	18.2251
14.0536	18.2807
14.055	18.3363
14.0591	18.3918
14.0612	18.4474
14.0748	18.5029
14.0762	18.5585
14.0777	18.614
14.082	18.6696
14.0839	18.7251
14.0867	18.7807
14.088	18.8363
14.0889	18.8918
14.0895	18.9474
14.0902	19.0029
14.0909	19.0556
14.0925	19.1082
14.0937	19.1608
14.0951	19.2135
14.0965	19.2661
14.0979	19.3187
14.1028	19.3713
14.1041	19.424
14.1155	19.4766
14.1184	19.5292
14.1193	19.5819
14.1219	19.6345
14.1233	19.6871
14.1247	19.7398
14.1267	19.7924
14.1281	19.845
14.1295	19.8977
14.1308	19.9503
14.1315	20.0029
14.1322	20.0529
14.1336	20.1029
14.135	20.1529
14.1364	20.2029
14.1378	20.2529
14.1391	20.3029
14.1421	20.3529
14.1434	20.4029
14.1545	20.4529
14.1574	20.5029
14.1579	20.5529
14.1613	20.6029
14.1627	20.6529
14.1648	20.7029
14.1655	20.7529
14.1671	20.8029
14.1684	20.8529
14.1698	20.9029
14.1706	20.9529
14.1712	21.0029
14.1726	21.0505
14.1733	21.0982
14.1747	21.1458
14.176	21.1934
14.1774	21.241
14.1781	21.2886
14.1808	21.3363
14.1817	21.3839
14.1895	21.4315
14.1934	21.4791
14.1948	21.5267
14.1983	21.5744
14.1996	21.622
14.2017	21.6696
14.203	21.7172
14.2044	21.7648
14.2058	21.8125
14.2071	21.8601
14.2092	21.9077
14.2106	21.9553
14.2127	22.0029
14.2134	22.0484
14.2148	22.0938
14.2162	22.1393
14.2175	22.1847
14.2189	22.2302
14.2203	22.2757
14.2217	22.3211
14.223	22.3666
14.2245	22.412
14.2288	22.4575
14.2309	22.5029
14.2338	22.5484
14.2352	22.5938
14.2365	22.6393
14.2379	22.6847
14.2398	22.7302
14.2412	22.7757
14.2439	22.8211
14.2467	22.8666
14.2494	22.912
14.2515	22.9575
14.2529	23.0029
14.2542	23.0464
14.2564	23.0899
14.2584	23.1334
14.2605	23.1768
14.2626	11.5884
14.2639	11.6793
14.2653	11.7702
14.266	11.8611
14.2688	11.9521
14.2716	12.043
14.2751	12.1263
14.2774	12.2096
14.2795	12.293
14.2809	12.3763
14.2822	12.4596
14.2829	12.543
14.285	12.6263
14.2877	12.7096
14.2911	12.793
14.2939	12.8763
14.2959	12.9596
14.2982	13.043
14.2989	13.1199
14.3003	13.1968
14.3024	13.2737
14.3045	13.3507
14.3065	13.4276
14.3223	13.5045
14.3237	13.5814
14.3272	13.6584
14.3306	6.82918
14.3334	6.99584
14.3354	7.16251
14.3376	7.30537
14.3389	7.44822
14.3402	7.59108
14.3409	7.73394
14.3442	7.87679
14.3463	8.01965
14.3484	8.14465
14.3645	8.26965
14.3666	8.39465
14.368	8.51965
14.3803	8.64465
14.3824	8.76965
14.3855	8.89465
14.3861	9.01965
14.3882	9.13076
14.4047	9.24187
14.406	9.35298
14.4081	9.4641
14.4184	9.57521
14.4212	9.68632
14.4246	9.79743
14.426	9.90854
14.4273	10.0197
14.4281	10.1197
14.4376	10.2197
14.4408	10.3197
14.4421	10.4197
14.4479	10.5197
14.4533	10.6197
14.4573	10.7197
14.4594	10.8197
14.4613	10.9197
14.4627	11.0197
14.4642	11.1106
14.4747	11.2015
14.4761	11.2924
14.4777	11.3833
14.4784	11.4742
14.4791	11.5651
14.4798	11.656
14.4809	11.7469
14.4839	11.8378
14.4859	11.9287
14.4874	12.0197
14.4895	12.103
14.5037	12.1863
14.5051	12.2697
14.5072	12.353
14.5086	12.4363
14.5106	12.5197
14.512	12.603
14.514	12.6863
14.5177	12.7697
14.5184	12.853
14.5191	12.9363
14.5198	13.0197
14.5205	13.0966
14.533	13.1735
14.5351	13.2504
14.5378	13.3273
14.5393	13.4043
14.5428	13.4812
14.5449	13.5581
14.5472	13.635
14.5518	13.712
14.5536	13.7889
14.5542	13.8658
14.5549	13.9427
14.5556	14.0197
14.5563	14.0911
14.5619	14.1625
14.5653	14.2339
14.568	14.3054
14.5702	14.3768
14.5743	14.4482
14.5777	14.5197
14.5798	14.5911
14.5868	14.6625
14.5881	14.7339
14.5888	14.8054
14.5895	14.8768
14.5902	14.9482
14.5909	7.47411
14.5916	7.61697
14.5922	7.75983
14.5929	7.90268
14.5951	8.04554
14.5979	8.17054
14.6027	8.29554
14.6068	8.42054
14.6096	8.54554
14.6178	8.67054
14.6199	8.79554
14.6234	8.92054
14.6247	9.04554
14.6278	9.15665
14.6325	9.26776
14.6359	9.37887
14.6428	9.48998
14.6463	9.6011
14.6476	9.71221
14.6511	9.82332
14.6525	9.93443
14.6539	10.0455
14.6573	10.1455
14.6628	10.2455
14.664	10.3455
14.6656	10.4455
14.6704	10.5455
14.6732	10.6455
14.6773	10.7455
14.6787	10.8455
14.6801	10.9455
14.6815	11.0455
14.685	11.1364
14.6961	11.2274
14.6975	11.3183
14.6981	11.4092
14.7009	11.5001
14.7017	11.591
14.7029	11.6819
14.7036	11.7728
14.7043	11.8637
14.7058	11.9546
14.7064	12.0455
14.7092	12.1289
14.7203	12.2122
14.7216	12.2955
14.7237	12.3789
14.7279	12.4622
14.7293	12.5455
14.7306	12.6289
14.7327	12.7122
14.7334	12.7955
14.7342	12.8789
14.7349	12.9622
14.7356	13.0455
14.737	13.1225
14.7419	13.1994
14.7454	13.2763
14.7482	13.3532
14.7537	13.4302
14.7558	13.5071
14.7571	13.584
14.7606	13.6609
14.7619	13.7378
14.7633	13.8148
14.7647	13.8917
14.7662	13.9686
14.7675	14.0455
14.769	14.117
14.7748	14.1884
14.7776	14.2598
14.7821	14.3313
14.7835	14.4027
14.7863	14.4741
14.7876	14.5455
14.7891	14.617
14.7905	14.6884
14.7918	14.7598
14.7939	14.8313
14.7953	14.9027
14.7966	14.9741
14.798	15.0455
14.7994	15.1122
14.8056	15.1789
14.8077	15.2455
14.8119	15.3122
14.8146	15.3789
14.816	15.4455
14.818	15.5122
14.8187	15.5789
14.8194	15.6455
14.8201	15.7122
14.8208	15.7789
14.8215	15.8455
14.8223	15.9122
14.823	15.9789
14.8237	16.0455
14.8244	16.108
14.8326	16.1705
14.8395	16.233
14.8443	16.2955
14.8477	16.358
14.8499	16.4205
14.8527	16.483
14.8541	16.5455
14.8555	16.608
14.8575	16.6705
14.8589	16.733
14.8597	16.7955
14.8603	16.858
14.861	16.9205
14.8617	16.983
14.8625	17.0455
14.8632	17.1044
14.8688	17.1632
14.8753	17.222
14.8773	17.2808
14.8801	17.3397
14.8821	17.3985
14.8849	17.4573
14.887	17.5161
14.8884	17.575
14.8928	17.6338
14.8967	17.6926
14.8973	17.7514
14.898	17.8102
14.8987	17.8691
14.8994	17.9279
14.9011	17.9867
14.9018	18.0455
14.9036	18.1011
14.906	18.1567
14.9088	18.2122
14.9107	18.2678
14.9114	18.3233
14.9121	18.3789
14.9142	18.4344
14.9168	18.49
14.9189	18.5455
14.9255	18.6011
14.9275	18.6567
14.9283	18.7122
14.929	9.3561
14.9296	9.46721
14.9303	9.57833
14.931	9.68944
14.9325	9.80055
14.9325	9.91166
14.9331	10.0228
14.9338	10.1228
14.9346	10.2228
14.9373	10.3228
14.938	10.4228
14.9387	10.5228
14.9408	10.6228
14.9429	10.7228
14.9484	10.8228
14.9498	10.9228
14.9505	11.0228
14.9562	11.1137
14.9597	11.2046
14.9617	11.2955
14.9631	11.3864
14.9652	11.4773
14.9673	11.5682
14.9688	11.6591
14.9715	11.75
14.9729	11.841
14.9736	11.9319
14.975	12.0228
14.9777	12.1061
14.9818	6.05305
14.9845	6.21972
14.9859	6.38638
14.988	6.55305
14.9901	6.71972
14.9915	6.88638
14.9935	7.05305
14.9956	7.19591
14.9977	7.33877
15.0025	7.48162
15.0039	7.62448
15.0053	7.76734
15.0178	7.91019
15.02	8.05305
15.0206	8.17805
15.0215	8.30305
15.0227	8.42805
15.0241	8.55305
15.0248	8.67805
15.0372	8.80305
15.0407	8.92805
15.0421	9.05305
15.0435	9.16416
15.0449	9.27527
15.0462	9.38638
15.0476	9.4975
15.049	9.60861
15.058	9.71972
15.0608	9.83083
15.0615	9.94194
15.0622	10.0531
15.0629	10.1531
15.0635	10.2531
15.0643	10.3531
15.065	10.4531
15.0658	10.5531
15.0707	10.6531
15.0734	10.7531
15.0741	10.8531
15.0748	10.9531
15.0755	11.0531
15.0762	11.144
15.0769	11.2349
15.0776	11.3258
15.079	11.4167
15.0803	11.5076
15.0854	11.5985
15.0891	11.6894
15.0906	11.7803
15.0919	11.8712
15.0933	11.9621
15.0946	12.0531
15.096	12.1364
15.0974	6.06819
15.0988	6.23486
15.1001	6.40153
15.1022	6.56819
15.1072	6.73486
15.1093	6.90153
15.1099	7.06819
15.1107	7.21105
15.1113	7.35391
15.112	7.49676
15.1127	7.63962
15.1134	7.78248
15.1225	7.92534
15.1232	8.06819
15.1239	8.19319
15.1245	8.31819
15.1252	8.44319
15.1259	8.56819
15.1273	8.69319
15.1356	8.81819
15.1369	8.94319
15.1384	9.06819
15.1397	9.1793
15.1411	9.29041
15.1425	9.40153
15.1439	9.51264
15.1461	9.62375
15.1546	9.73486
15.1571	9.84597
15.1578	9.95708
15.1585	10.0682
15.1592	10.1682
15.1599	10.2682
15.1606	10.3682
15.1613	10.4682
15.1626	10.5682
15.171	10.6682
15.1738	10.7682
15.1744	10.8682
15.1752	10.9682
15.1759	11.0682
15.1765	11.1591
15.1772	11.25
15.1779	11.3409
15.1793	11.4318
15.18	11.5227
15.189	11.6136
15.1924	11.7046
15.194	11.7955
15.1954	11.8864
15.1968	11.9773
15.1987	12.0682
15.2002	12.1515
15.2014	12.2349
15.2028	12.3182
15.2059	12.4015
15.2065	12.4849
15.2083	12.5682
15.209	12.6515
15.2096	12.7349
15.211	12.8182
15.2118	12.9015
15.2125	12.9849
15.2131	13.0682
15.214	13.1451
15.2159	13.222
15.2166	13.299
15.2172	13.3759
15.2179	13.4528
15.219	13.5297
15.2197	13.6067
15.2204	13.6836
15.2211	13.7605
15.2218	13.8374
15.2224	13.9143
15.2233	13.9913
15.2249	14.0682
15.2255	14.1396
15.2262	14.211
15.2269	14.2825
15.2299	14.3539
15.2312	14.4253
15.2326	14.4968
15.235	14.5682
15.2362	14.6396
15.2383	14.711
15.2397	14.7825
15.2418	14.8539
15.2431	14.9253
15.2446	14.9968
15.2452	15.0682
15.2459	15.1349
15.2475	15.2015
15.2482	15.2682
15.2489	15.3349
15.2496	15.4015
15.2506	15.4682
15.2512	15.5349
15.2521	15.6015
15.2528	15.6682
15.2535	15.7349
15.2542	15.8015
15.2549	15.8682
15.2555	15.9349
15.2562	16.0015
15.2569	16.064
15.2576	16.1265
15.2583	16.189
15.259	16.2515
15.2597	16.314
15.2604	16.3765
15.2617	16.439
15.2624	16.5015
15.2631	16.564
15.2638	16.6265
15.2645	16.689
15.2652	16.7515
15.2665	16.814
15.2672	16.8765
15.2682	16.939
15.2689	17.0015
15.2696	17.0603
15.2703	17.1192
15.2711	17.178
15.2717	17.2368
15.2725	17.2956
15.2733	17.3545
15.274	17.4133
15.2747	17.4721
15.2753	17.5309
15.2767	17.5898
15.2774	17.6486
15.279	17.7074
15.2808	17.7662
15.2817	17.8251
15.283	17.8839
15.2844	17.9427
15.2858	18.0015
15.2871	18.0571
15.2878	18.1126
15.2892	18.1682
15.2913	18.2237
15.292	18.2793
15.2934	18.3349
15.2954	18.3904
15.2968	18.446
15.2975	18.5015
15.2982	18.5571
15.2988	18.6126
15.2995	18.6682
15.3002	18.7237
15.3009	18.7793
15.3016	18.8349
15.3024	18.8904
15.3031	18.946
15.3038	19.0015
15.3045	19.0542
15.3052	19.1068
15.3061	19.1594
15.3066	19.2121
15.3074	19.2647
15.3083	19.3173
15.3099	19.3699
15.3108	19.4226
15.3115	19.4752
15.3131	19.5278
15.3138	19.5805
15.3161	19.6331
15.3168	19.6857
15.3178	19.7384
15.3191	19.791
15.3205	19.8436
15.3219	19.8963
15.3232	19.9489
15.3253	20.0015
15.3267	20.0515
15.3281	20.1015
15.3295	20.1515
15.3308	20.2015
15.3322	20.2515
15.3336	20.3015
15.3342	20.3515
15.335	20.4015
15.3356	20.4515
15.3363	20.5015
15.337	20.5515
15.3378	20.6015
15.3385	20.6515
15.3391	20.7015
15.3398	20.7515
15.3405	20.8015
15.3413	20.8515
15.3426	20.9015
15.3454	20.9515
15.3474	21.0015
15.3488	21.0491
15.3494	21.0968
15.3508	21.1444
15.3515	21.192
15.3522	21.2396
15.3536	21.2872
15.355	21.3349
15.3557	21.3825
15.3563	21.4301
15.357	21.4777
15.3577	21.5253
15.3584	21.573
15.3597	21.6206
15.3604	21.6682
15.3618	21.7158
15.3632	21.7634
15.3646	21.811
15.3652	21.8587
15.3674	21.9063
15.3688	21.9539
15.3696	22.0015
15.3709	22.047
15.3716	22.0924
15.3723	22.1379
15.373	22.1833
15.3737	22.2288
15.3744	22.2743
15.3751	22.3197
15.3758	22.3652
15.3768	22.4106
15.3775	22.4561
15.3782	22.5015
15.3788	22.547
15.3796	22.5924
15.3802	22.6379
15.3816	22.6833
15.383	22.7288
15.3851	22.7743
15.3865	22.8197
15.3878	22.8652
15.3899	22.9106
15.3913	22.9561
15.392	23.0015
15.3926	23.045
15.394	23.0885
15.3947	23.132
15.3961	23.1754
15.3968	23.2189
15.3982	23.2624
15.3995	23.3059
15.4002	23.3494
15.4016	23.3928
15.4023	23.4363
15.403	23.4798
15.4037	23.5233
15.4044	23.5667
15.4058	23.6102
15.4064	23.6537
15.4078	23.6972
15.4094	23.7407
15.4108	23.7841
15.4116	23.8276
15.4123	23.8711
15.4141	23.9146
15.4147	23.958
15.4154	24.0015
15.416	24.0432
15.4167	24.0849
15.4174	24.1265
15.4181	24.1682
15.4188	24.2099
15.4195	24.2515
15.4202	24.2932
15.4209	24.3349
15.4222	24.3765
15.4236	24.4182
15.425	24.4599
15.4264	24.5015
15.4278	24.5432
15.4292	24.5849
15.4305	24.6265
15.4319	24.6682
15.4333	24.7099
15.4353	24.7515
15.436	24.7932
15.4374	24.8349
15.4388	24.8765
15.4402	24.9182
15.4408	24.9599
15.4422	25.0015
15.4429	25.0415
15.4437	25.0815
15.4443	25.1215
15.445	25.1615
15.4463	25.2015
15.4471	25.2415
15.4477	25.2815
15.4484	25.3215
15.4491	25.3615
15.4498	25.4015
15.4505	25.4415
15.4525	25.4815
15.4532	25.5215
15.4546	25.5615
15.4553	25.6015
15.456	25.6415
15.4567	25.6815
15.4574	25.7215
15.4581	25.7615
15.4588	25.8015
15.4595	25.8415
15.4602	25.8815
15.4615	25.9215
15.4629	25.9615
15.4636	26.0015
15.465	26.04
15.4664	26.0784
15.4677	26.1169
15.4691	26.1554
15.4705	26.1938
15.4727	26.2323
15.4736	26.2708
15.4751	26.3092
15.4765	26.3477
15.4779	26.3861
15.4786	26.4246
15.4794	26.4631
15.4801	26.5015
15.4808	26.54
15.4814	26.5784
15.4822	26.6169
15.4829	26.6554
15.4836	26.6938
15.4843	26.7323
15.485	26.7708
15.4856	26.8092
15.4863	26.8477
15.487	26.8861
15.4877	26.9246
15.4884	26.9631
15.489	27.0015
15.4897	27.0386
15.4904	27.0756
15.4911	27.1126
15.4918	27.1497
15.4925	27.1867
15.4932	27.2237
15.4939	27.2608
15.4945	27.2978
15.4961	27.3349
15.4968	27.3719
15.4984	27.4089
15.4997	27.446
15.5011	27.483
15.5026	27.52
15.5043	27.5571
15.5053	27.5941
15.5067	27.6312
15.5088	27.6682
15.5111	27.7052
15.5125	27.7423
15.5139	27.7793
15.5149	27.8163
15.5157	27.8534
15.5164	27.8904
15.5171	27.9275
15.5178	27.9645
15.5185	28.0015
15.5192	28.0372
15.5199	28.073
15.5205	28.1087
15.5213	28.1444
15.5219	28.1801
15.5226	28.2158
15.5234	28.2515
15.524	28.2872
15.5248	28.323
15.5254	28.3587
15.5262	28.3944
15.5268	28.4301
15.5275	28.4658
15.5282	28.5015
15.5288	28.5372
15.5302	28.573
15.5302	28.6087
15.531	28.6444
15.5317	28.6801
15.5329	28.7158
15.535	28.7515
15.537	28.7872
15.5384	28.823
15.5398	28.8587
15.5412	28.8944
15.5426	28.9301
15.5439	28.9658
15.5452	29.0015
15.5466	29.036
15.5473	29.0705
15.548	29.105
15.5487	29.1395
15.5494	29.1739
15.5501	29.2084
15.5508	29.2429
15.554	29.2774
15.5547	29.3119
15.5553	29.3464
15.556	29.3808
15.5567	29.4153
15.5574	29.4498
15.5581	29.4843
15.5588	29.5188
15.5594	29.5532
15.5603	29.5877
15.5608	29.6222
15.5615	29.6567
15.5622	29.6912
15.563	29.7257
15.5636	29.7601
15.5643	29.7946
15.5649	29.8291
15.5656	29.8636
15.5663	29.8981
15.567	29.9326
15.5677	29.967
15.5684	30.0015
15.5691	30.0349
15.5698	30.0682
15.5704	30.1015
15.5711	30.1349
15.5718	30.1682
15.5729	30.2015
15.5743	30.2349
15.5756	30.2682
15.5773	30.3015
15.5784	30.3349
15.5798	30.3682
15.5811	30.4015
15.5825	30.4349
15.5839	30.4682
15.5853	30.5015
15.586	30.5349
15.5866	30.5682
15.5874	30.6015
15.588	30.6349
15.5887	30.6682
15.5894	15.3341
15.5901	15.4008
15.5908	15.4674
15.5915	15.5341
15.5922	15.6008
15.5929	15.6674
15.5936	15.7341
15.5942	15.8008
15.5949	15.8674
15.5956	15.9341
15.5963	16.0008
15.597	16.0633
15.5976	16.1258
15.5983	16.1883
15.599	16.2508
15.5997	16.3133
15.6005	16.3758
15.6011	16.4383
15.6018	16.5008
15.6025	16.5633
15.6032	16.6258
15.6039	16.6883
15.6047	16.7508
15.6057	16.8133
15.6062	16.8758
15.6074	16.9383
15.6091	17.0008
15.6102	17.0596
15.6129	17.1184
15.6197	17.1772
15.6205	17.2361
15.6211	17.2949
15.6218	17.3537
15.6225	17.4125
15.6232	17.4714
15.6239	17.5302
15.6246	17.589
15.6253	17.6478
15.6268	17.7066
15.6275	17.7655
15.6282	17.8243
15.6289	17.8831
15.6297	17.9419
15.6303	18.0008
15.6309	18.0563
15.6317	18.1119
15.6323	18.1674
15.633	18.223
15.6337	18.2785
15.6344	18.3341
15.635	18.3897
15.6357	18.4452
15.6364	18.5008
15.6371	18.5563
15.6381	18.6119
15.6388	18.6674
15.6402	18.723
15.6409	18.7785
15.6416	18.8341
15.6429	18.8897
15.6443	18.9452
15.6457	19.0008
15.6471	19.0534
15.6478	19.106
15.6491	19.1587
15.6505	19.2113
15.6512	19.2639
15.6519	19.3166
15.6526	19.3692
15.6533	19.4218
15.654	19.4744
15.6547	19.5271
15.6554	19.5797
15.6561	19.6323
15.6568	19.685
15.6575	19.7376
15.6582	19.7902
15.6588	19.8429
15.6595	9.92143
15.6602	10.0325
15.6609	10.1325
15.6616	10.2325
15.6623	10.3325
15.663	10.4325
15.6637	10.5325
15.6645	10.6325
15.6651	10.7325
15.6658	10.8325
15.6664	10.9325
15.6671	11.0325
15.6678	11.1235
15.6685	11.2144
15.6692	11.3053
15.6699	11.3962
15.6707	11.4871
15.6714	11.578
15.672	11.6689
15.6748	11.7598
15.6755	11.8507
15.6768	11.9416
15.6796	12.0325
15.681	12.1159
15.6824	12.1992
15.6831	12.2825
15.6838	12.3659
15.6845	12.4492
15.6852	12.5325
15.6859	12.6159
15.6866	12.6992
15.6872	12.7825
15.6879	12.8659
15.6887	12.9492
15.6894	13.0325
15.6901	13.1095
15.6907	13.1864
15.6914	13.2633
15.6921	13.3402
15.6928	13.4172
15.6935	13.4941
15.6942	13.571
15.6949	13.6479
15.6956	13.7249
15.6963	13.8018
15.6969	13.8787
15.6976	13.9556
15.6983	14.0325
15.6997	14.104
15.7004	14.1754
15.7018	14.2468
15.7032	14.3183
15.7048	14.3897
15.7059	14.4611
15.7073	14.5325
15.7086	14.604
15.71	14.6754
15.7107	14.7468
15.7115	14.8183
15.7121	14.8897
15.7128	14.9611
15.7136	15.0325
15.7142	15.0992
15.7149	15.1659
15.7156	15.2325
15.7163	15.2992
15.717	15.3659
15.7178	15.4325
15.7184	15.4992
15.7191	15.5659
15.7198	15.6325
15.7205	15.6992
15.7212	15.7659
15.7219	15.8325
15.7226	15.8992
15.7233	15.9659
15.724	16.0325
15.7247	16.095
15.7253	16.1575
15.726	16.22
15.7267	16.2825
15.7281	16.345
15.7295	16.4075
15.7309	16.47
15.7326	16.5325
15.7342	16.595
15.7353	16.6575
15.7361	16.72
15.7368	16.7825
15.7371	16.845
