time	cwndsize
0.244879	11
0.246239	12
0.247606	13
0.248942	14
0.250377	15
0.251697	16
0.253095	17
0.254468	18
0.255855	19
0.257289	20
0.258648	21
0.260022	22
0.262083	23
0.263502	24
0.264831	25
0.26626	26
0.267651	27
0.269035	28
0.270481	29
0.271802	30
0.27481	31
0.277594	32
0.281681	33
0.284458	34
0.287155	35
0.289292	36
0.290676	37
0.292075	38
0.293457	39
0.294823	40
0.30111	41
0.30185	42
0.303911	43
0.30531	44
0.307401	45
0.308815	46
0.310186	47
0.311591	48
0.312948	49
0.314344	50
0.315697	51
0.317107	52
0.318483	53
0.322577	54
0.323949	55
0.326684	56
0.332188	57
0.334285	58
0.33633	59
0.342555	60
0.346192	61
0.346796	62
0.34745	63
0.348847	64
0.35021	65
0.351649	66
0.353008	67
0.35442	68
0.355876	69
0.358704	70
0.361493	71
0.36225	72
0.362943	73
0.363629	74
0.367695	75
0.370527	76
0.375594	77
0.376989	78
0.379035	79
0.381016	80
0.423378	81
0.426074	82
0.427456	83
0.428879	84
0.429875	85
0.430534	86
0.431892	87
0.433252	88
0.434675	89
0.440806	90
0.442215	91
0.443626	92
0.445051	93
0.447646	94
0.448401	95
0.451805	96
0.460906	97
0.461684	98
0.465896	99
0.468605	100
0.469321	50
0.471451	50.02
0.47282	50.04
0.474278	50.06
0.482741	50.08
0.484088	50.1
0.48649	50.12
0.487921	50.14
0.490679	50.16
0.492098	50.18
0.494847	50.2
0.497612	50.22
0.500349	50.24
0.501738	50.26
0.504475	50.28
0.506513	50.3
0.508586	50.32
0.509988	50.34
0.512727	50.36
0.515472	50.38
0.534692	50.4
0.537415	50.42
0.53954	50.44
0.541628	50.46
0.547092	50.48
0.548478	50.5
0.551267	50.52
0.552609	50.54
0.553946	50.56
0.555309	50.58
0.558062	50.6
0.560895	50.62
0.563566	50.64
0.566329	50.66
0.57046	50.68
0.573189	50.7
0.575977	50.72
0.578715	50.74
0.580088	50.76
0.581597	50.78
0.584025	50.8
0.584101	50.82
0.584265	50.84
0.584844	50.86
0.586258	50.88
0.587012	50.9
0.588984	50.92
0.590399	50.94
0.593145	50.96
0.594549	50.98
0.598104	51
0.598807	51.0196
0.599518	51.0392
0.600225	51.0588
0.600903	51.0784
0.601622	51.098
0.602372	51.1176
0.60372	51.1373
0.604438	51.1569
0.605817	51.1765
0.658968	51.1961
0.660408	51.2157
0.664567	51.2353
0.66593	51.2549
0.669328	51.2745
0.670039	51.2941
0.673463	51.3137
0.674163	51.3333
0.674873	51.3529
0.675591	51.3725
0.676274	51.3922
0.676952	51.4118
0.678342	51.4314
0.681823	51.451
0.682398	51.4706
0.685895	51.4902
0.686579	51.5098
0.691427	51.5294
0.692116	51.549
0.695556	51.5686
0.696234	51.5882
0.69971	51.6078
0.700428	51.6275
0.702473	51.6471
0.703861	51.6667
0.705246	51.6863
0.705931	51.7059
0.706618	51.7255
0.707437	51.7451
0.708267	51.7647
0.710363	51.7843
0.730714	51.8039
0.732059	51.8235
0.733448	51.8431
0.734814	51.8627
0.739146	51.8824
0.740344	51.902
0.744464	51.9216
0.745844	51.9412
0.865454	51.9608
0.868149	51.9804
0.868305	52
0.869563	26
0.87165	26.0385
0.873006	26.0769
0.874418	26.1154
0.875753	26.1538
0.879907	26.1923
0.881279	26.2308
0.885435	26.2692
0.980042	26.3077
0.982798	26.3462
0.986949	26.3846
0.98833	26.4231
0.991116	26.4615
0.992482	26.5
0.993909	26.5385
0.995247	26.5769
0.996707	26.6154
0.997403	26.6538
0.998096	26.6923
0.998814	26.7308
0.999487	26.7692
1.00019	26.8077
1.00091	26.8462
1.00158	26.8846
1.00229	26.9231
1.00368	26.9615
1.00654	27
1.00729	27.037
1.00798	27.0741
1.00871	27.1111
1.00936	27.1481
1.01006	27.1852
1.01079	27.2222
1.01144	27.2593
1.01226	27.2963
1.01428	27.3333
1.01631	27.3704
1.01702	27.4074
1.02972	27.4444
1.03041	27.4815
1.03111	27.5185
1.03182	27.5556
1.03248	27.5926
1.03319	27.6296
1.03388	27.6667
1.03456	27.7037
1.03529	27.7407
1.07036	27.7778
1.07097	27.8148
1.07162	27.8519
1.07232	27.8889
1.43061	27.9259
1.43197	27.963
1.43748	28
1.44626	28.0357
1.44762	28.0714
1.44899	28.1071
1.45037	14.0536
1.45179	14.125
1.45315	14.1964
1.4649	14.2679
1.46763	14.3393
1.47038	14.4107
1.47174	14.4821
1.5058	14.5536
1.50649	14.625
1.50715	14.6964
1.50881	14.7679
1.50894	14.8393
1.50963	14.9107
1.51033	14.9821
1.51097	15.0536
1.5117	15.1202
1.51237	15.1869
1.53262	15.2536
1.53949	15.3202
1.57034	15.3869
1.63135	15.4536
1.93044	15.5202
1.93531	15.5869
1.93592	15.6536
1.93729	15.7202
1.93799	15.7869
1.93936	15.8536
1.95314	15.9202
1.95588	15.9869
1.95795	16.0536
1.96068	16.1161
1.96272	16.1786
1.96478	16.2411
1.97029	16.3036
1.98334	16.3661
2.06476	16.4286
2.06612	16.4911
2.06753	16.5536
2.06886	16.6161
2.07024	16.6786
2.07159	16.7411
2.07297	16.8036
2.07576	8.40179
2.08064	8.52679
2.08338	8.65179
2.08479	8.77679
2.08752	8.90179
2.08961	9.02679
2.091	9.1379
2.09309	9.24901
2.11533	9.36012
2.20028	9.47123
2.20065	9.58234
2.20135	9.69345
2.20203	9.80456
2.2027	9.91567
2.20379	10.0268
2.20452	10.1268
2.21865	10.2268
2.23115	10.3268
2.27675	10.4268
2.27974	10.5268
2.28113	10.6268
2.2818	10.7268
2.28251	10.8268
2.28388	10.9268
2.28455	11.0268
2.28525	11.1177
2.30009	11.2086
2.31441	11.2995
2.34085	11.3904
2.34636	11.4813
2.34776	11.5722
2.34839	11.6631
2.3491	11.7541
2.34979	11.845
2.35052	11.9359
2.35133	12.0268
2.3526	12.1101
2.38496	12.1935
2.3988	12.2768
2.42377	12.3601
2.43497	12.4435
2.43636	12.5268
2.43702	12.6101
2.4377	12.6935
2.43839	12.7768
2.43908	12.8601
2.44048	12.9435
2.44251	13.0268
2.44336	13.1037
2.45556	13.1806
2.46273	13.2576
2.46483	13.3345
2.48591	13.4114
2.48867	13.4883
2.49005	13.5652
2.49142	13.6422
2.49497	13.7191
2.50037	13.796
2.50108	13.8729
2.50975	13.9499
2.5111	14.0268
2.51248	14.0982
2.52912	14.1696
2.54735	14.2411
2.54945	14.3125
2.57274	14.3839
2.57395	14.4554
2.57532	14.5268
2.57741	14.5982
2.58012	14.6696
2.5822	14.7411
2.58631	14.8125
2.59042	14.8839
2.59388	14.9554
2.60384	15.0268
2.60969	15.0935
2.61393	15.1601
2.61459	15.2268
2.61601	15.2935
2.63266	15.3601
2.63334	15.4268
2.63506	15.4935
2.63709	15.5601
2.63974	15.6268
2.64181	15.6935
2.64386	15.7601
2.64524	15.8268
2.64664	15.8935
2.64875	15.9601
2.65082	16.0268
2.65498	16.0893
2.66401	16.1518
2.67104	16.2143
2.67583	16.2768
2.69914	16.3393
2.7005	16.4018
2.70188	16.4643
2.70257	16.5268
2.70326	16.5893
2.70394	16.6518
2.70597	16.7143
2.70667	16.7768
2.70944	16.8393
2.71218	16.9018
2.71289	16.9643
2.71354	17.0268
2.72216	17.0856
2.72639	17.1444
2.72932	17.2033
2.73141	17.2621
2.73424	17.3209
2.7349	17.3797
2.73557	17.4386
2.73624	17.4974
2.73693	17.5562
2.73762	17.615
2.7383	17.6738
2.73899	17.7327
2.74176	8.86633
2.74385	8.99133
2.74454	9.11633
2.74524	9.22745
2.74593	9.33856
2.75352	9.44967
2.78423	9.56078
2.78642	9.67189
2.78711	9.783
2.78849	9.89411
2.78919	10.0052
2.78988	10.1052
2.79058	10.2052
2.79126	10.3052
2.79195	10.4052
2.79261	10.5052
2.7933	10.6052
2.83674	10.7052
2.83883	10.8052
2.83952	10.9052
2.84022	11.0052
2.84093	11.0961
2.84162	11.187
2.84229	11.278
2.84298	11.3689
2.84368	11.4598
2.84438	11.5507
2.88239	11.6416
2.89065	11.7325
2.89204	11.8234
2.89272	11.9143
2.89343	12.0052
2.89422	12.0886
2.8949	12.1719
2.89559	12.2552
2.89625	12.3386
2.89694	12.4219
2.89765	12.5052
2.91487	12.5886
2.91556	12.6719
2.91832	12.7552
2.91902	12.8386
2.91974	12.9219
2.92044	13.0052
2.93294	13.0821
2.93361	13.1591
2.93433	13.236
2.935	13.3129
2.93568	13.3898
2.93705	13.4668
2.95915	13.5437
2.96056	13.6206
2.96407	13.6975
2.96544	13.7745
2.96633	13.8514
2.96692	13.9283
2.9676	14.0052
2.97415	14.0767
2.97484	14.1481
2.97552	14.2195
2.9762	14.2909
2.97776	14.3624
2.97781	14.4338
2.98859	14.5052
2.99358	14.5767
3.00103	14.6481
3.00514	14.7195
3.01004	14.7909
3.01065	14.8624
3.01298	14.9338
3.0135	15.0052
3.02209	15.0719
3.02277	15.1386
3.02347	15.2052
3.02417	15.2719
3.02484	15.3386
3.02551	15.4052
3.02696	15.4719
3.02764	15.5386
3.02832	15.6052
3.02902	15.6719
3.02976	15.7386
3.0304	15.8052
3.03112	15.8719
3.03181	15.9386
3.03252	16.0052
3.0733	16.0677
3.07403	16.1302
3.07468	16.1927
3.07535	16.2552
3.07606	16.3177
3.0781	16.3802
3.08018	16.4427
3.08155	16.5052
3.08291	16.5677
3.08359	16.6302
3.08569	16.6927
3.08706	16.7552
3.08777	16.8177
3.08918	16.8802
3.08983	16.9427
3.09051	17.0052
3.11563	17.064
3.1163	17.1229
3.11698	17.1817
3.11837	17.2405
3.11905	17.2993
3.12041	17.3582
3.12181	17.417
3.12317	17.4758
3.12385	17.5346
3.12454	17.5935
3.12533	17.6523
3.12592	17.7111
3.12735	17.7699
3.12867	17.8288
3.12943	17.8876
3.13007	17.9464
3.13076	18.0052
3.16534	18.0608
3.17013	18.1163
3.17287	18.1719
3.17357	18.2274
3.17425	18.283
3.18607	18.3386
3.18672	18.3941
3.18741	18.4497
3.18812	18.5052
3.18878	18.5608
3.18948	18.6163
3.19018	18.6719
3.19084	18.7274
3.19158	18.783
3.19232	18.8386
3.19302	18.8941
3.19441	18.9497
3.19503	19.0052
3.19741	19.0579
3.19809	19.1105
3.19885	19.1631
3.20012	19.2157
3.20033	19.2684
3.21326	19.321
3.21541	19.3736
3.21667	19.4263
3.21803	19.4789
3.2187	19.5315
3.21942	19.5842
3.22007	19.6368
3.22153	19.6894
3.22353	19.7421
3.23263	19.7947
3.23453	19.8473
3.23522	19.9
3.2359	19.9526
3.23658	20.0052
3.26331	20.0552
3.26471	20.1052
3.26617	20.1552
3.26746	20.2052
3.26885	20.2552
3.27165	20.3052
3.27306	20.3552
3.27374	20.4052
3.27444	20.4552
3.27512	20.5052
3.27582	20.5552
3.27649	20.6052
3.27719	20.6552
3.27788	20.7052
3.27857	20.7552
3.27927	20.8052
3.27996	20.8552
3.28063	20.9052
3.28134	20.9552
3.28202	21.0052
3.30923	21.0528
3.31699	21.1005
3.3192	21.1481
3.32192	21.1957
3.32331	21.2433
3.33107	21.2909
3.3318	21.3386
3.33248	21.3862
3.33316	21.4338
3.33384	21.4814
3.33454	21.529
3.33522	21.5767
3.33591	21.6243
3.33661	21.6719
3.33729	21.7195
3.338	21.7671
3.33931	21.8147
3.33997	21.8624
3.34066	21.91
3.34135	21.9576
3.34203	22.0052
3.34659	22.0507
3.34727	22.0961
3.34795	22.1416
3.34863	22.187
3.34931	22.2325
3.37054	22.278
3.37327	22.3234
3.37608	22.3689
3.37885	22.4143
3.38089	22.4598
3.38509	22.5052
3.38715	22.5507
3.39129	22.5961
3.39471	22.6416
3.39542	22.687
3.39746	22.7325
3.39812	22.778
3.3995	22.8234
3.40019	22.8689
3.40088	22.9143
3.40226	22.9598
3.40367	23.0052
3.40585	23.0487
3.40903	23.0922
3.41043	23.1357
3.4118	23.1791
3.41251	23.2226
3.41388	23.2661
3.41591	23.3096
3.41661	23.353
3.418	23.3965
3.4187	23.44
3.41938	23.4835
3.42092	23.527
3.42864	23.5704
3.42998	23.6139
3.43136	23.6574
3.43276	23.7009
3.43427	23.7444
3.4343	23.7878
3.43482	23.8313
3.4355	23.8748
3.43624	23.9183
3.43692	23.9617
3.4376	24.0052
3.43828	24.0469
3.44369	24.0886
3.44644	24.1302
3.44712	24.1719
3.44992	24.2136
3.45128	24.2552
3.45196	24.2969
3.45334	24.3386
3.45402	24.3802
3.45541	24.4219
3.45679	24.4636
3.45819	24.5052
3.47552	24.5469
3.47618	24.5886
3.47687	24.6302
3.47757	24.6719
3.47826	24.7136
3.47894	24.7552
3.47962	24.7969
3.48035	24.8386
3.48106	24.8802
3.48175	24.9219
3.48246	24.9636
3.48313	25.0052
3.48384	25.0452
3.48453	25.0852
3.48735	25.1252
3.48806	25.1652
3.48874	25.2052
3.48943	25.2452
3.49153	25.2852
3.49361	25.3252
3.49515	25.3652
3.49773	25.4052
3.49911	25.4452
3.50048	25.4852
3.51291	25.5252
3.51498	25.5652
3.5178	25.6052
3.51852	25.6452
3.51921	25.6852
3.52545	25.7252
3.52618	25.7652
3.52684	25.8052
3.52754	25.8452
3.52837	25.8852
3.52929	25.9252
3.52965	25.9652
3.53037	26.0052
3.53105	26.0437
3.53173	26.0821
3.53242	26.1206
3.53324	26.1591
3.53385	26.1975
3.5346	26.236
3.53541	26.2745
3.53612	26.3129
3.53674	26.3514
3.53749	26.3898
3.53814	26.4283
3.54233	26.4668
3.5486	26.5052
3.54928	26.5437
3.55002	26.5821
3.55072	26.6206
3.55138	26.6591
3.55209	26.6975
3.55276	26.736
3.55348	26.7745
3.55416	26.8129
3.55484	26.8514
3.55553	26.8898
3.55622	26.9283
3.55694	26.9668
3.55762	27.0052
3.55831	27.0423
3.55898	27.0793
3.55967	27.1163
3.56124	27.1534
3.56182	27.1904
3.56247	27.2274
3.56318	27.2645
3.56398	27.3015
3.56467	27.3386
3.56542	27.3756
3.5661	27.4126
3.56678	27.4497
3.57299	27.4867
3.57372	27.5237
3.57923	27.5608
3.57995	27.5978
3.58059	27.6349
3.5813	27.6719
3.58198	27.7089
3.58265	27.746
3.58333	27.783
3.58402	27.82
3.58471	27.8571
3.58539	27.8941
3.58814	27.9311
3.58884	27.9682
3.58951	28.0052
3.59019	28.0409
3.59089	28.0767
3.59157	28.1124
3.59297	28.1481
3.59435	28.1838
3.59507	28.2195
3.59573	28.2552
3.5965	28.2909
3.59783	28.3267
3.60405	28.3624
3.60501	28.3981
3.60572	28.4338
3.60849	28.4695
3.60917	28.5052
3.60985	28.5409
3.61056	28.5767
3.61125	28.6124
3.61193	28.6481
3.61263	28.6838
3.61331	28.7195
3.61399	28.7552
3.61468	28.7909
3.61537	28.8267
3.61605	28.8624
3.61676	28.8981
3.61744	28.9338
3.61813	28.9695
3.61881	29.0052
3.6195	29.0397
3.62018	29.0742
3.62086	29.1087
3.6216	29.1432
3.62226	29.1776
3.62297	29.2121
3.62366	29.2466
3.62438	29.2811
3.62503	29.3156
3.62578	29.3501
3.62649	29.3845
3.62718	29.419
3.62791	29.4535
3.6286	29.488
3.63062	29.5225
3.63064	29.5569
3.6308	29.5914
3.63338	29.6259
3.63341	29.6604
3.63347	29.6949
3.63355	29.7294
3.63415	29.7638
3.63489	29.7983
3.63618	29.8328
3.63756	29.8673
3.63824	29.9018
3.63899	29.9363
3.64034	29.9707
3.64101	30.0052
3.64239	30.0386
3.64377	30.0719
3.64516	30.1052
3.64858	30.1386
3.64925	30.1719
3.65134	30.2052
3.65203	30.2386
3.65271	30.2719
3.66388	30.3052
3.66531	30.3386
3.66669	30.3719
3.66807	30.4052
3.66944	30.4386
3.67083	30.4719
3.6722	30.5052
3.67355	30.5386
3.67498	30.5719
3.67636	30.6052
3.67911	30.6386
3.68046	30.6719
3.68194	30.7052
3.68459	30.7386
3.68735	30.7719
3.68873	30.8052
3.68947	30.8386
3.69086	30.8719
3.69219	30.9052
3.69292	30.9386
3.69361	30.9719
3.69522	31.0052
3.69728	31.0375
3.69867	31.0697
3.70006	31.102
3.7014	31.1343
3.70279	31.1665
3.70417	31.1988
3.70555	31.231
3.7069	31.2633
3.70827	31.2955
3.70966	31.3278
3.71104	31.3601
3.7124	31.3923
3.71379	31.4246
3.71518	31.4568
3.71586	31.4891
3.71658	31.5214
3.7173	31.5536
3.71865	31.5859
3.71875	31.6181
3.71957	31.6504
3.72006	31.6826
3.7243	31.7149
3.72573	31.7472
3.72778	31.7794
3.72915	15.8897
3.73052	15.9564
3.7319	16.023
3.73329	16.0855
3.73465	16.148
3.73956	16.2105
3.74031	16.273
3.74096	16.3355
3.74166	16.398
3.74308	16.4605
3.74513	16.523
3.7472	16.5855
3.74996	16.648
3.75201	16.7105
3.75341	16.773
3.75412	16.8355
3.7548	16.898
3.75549	16.9605
3.75619	17.023
3.75688	17.0819
3.75759	17.1407
3.75826	17.1995
3.75897	17.2583
3.75966	17.3172
3.76033	17.376
3.76103	17.4348
3.76172	17.4936
3.76238	17.5525
3.76308	17.6113
3.77326	17.6701
3.77401	17.7289
3.77595	17.7877
3.77869	17.8466
3.77938	17.9054
3.78006	17.9642
3.78073	18.023
3.78145	18.0786
3.78213	18.1342
3.78284	18.1897
3.78451	18.2453
3.78466	18.3008
3.78533	18.3564
3.78604	18.4119
3.78672	18.4675
3.8076	18.523
3.81242	18.5786
3.81311	18.6342
3.81382	18.6897
3.81452	18.7453
3.81519	18.8008
3.81589	18.8564
3.81679	18.9119
3.81727	18.9675
3.81808	19.023
3.82523	19.0757
3.82599	19.1283
3.82734	19.1809
3.82869	19.2336
3.8294	19.2862
3.83077	19.3388
3.83153	19.3915
3.83221	19.4441
3.84908	19.4967
3.8596	19.5494
3.86095	19.602
3.86238	19.6546
3.86371	19.7073
3.86513	19.7599
3.86587	19.8125
3.86655	19.8651
3.86725	19.9178
3.86793	19.9704
3.86989	20.023
3.87342	20.073
3.87414	20.123
3.87483	20.173
3.87687	20.223
3.87827	20.273
3.87962	20.323
3.88169	20.373
3.8838	20.423
3.9066	20.473
3.91022	20.523
3.91093	20.573
3.91161	20.623
3.91322	20.673
3.91366	20.723
3.91571	20.773
3.91779	20.823
3.92052	20.873
3.92121	20.923
3.92394	20.973
3.9253	21.023
3.92943	21.0707
3.93217	21.1183
3.93506	21.1659
3.93642	21.2135
3.93712	21.2611
3.93779	21.3088
3.93851	21.3564
3.9392	21.404
3.94694	21.4516
3.94903	21.4992
3.94975	21.5469
3.95053	21.5945
3.95129	21.6421
3.9518	21.6897
3.95319	21.7373
3.95526	21.7849
3.96695	21.8326
3.96832	21.8802
3.96975	21.9278
3.97114	21.9754
3.97252	22.023
3.97594	22.0685
3.97937	22.114
3.98495	22.1594
3.98793	22.2049
3.98907	22.2503
3.99043	22.2958
3.99181	22.3412
3.99252	22.3867
3.99406	22.4321
3.99476	22.4776
3.99545	22.523
3.99612	22.5685
3.99753	22.614
3.99892	22.6594
4.00028	22.7049
4.00168	22.7503
4.00716	22.7958
4.00853	22.8412
4.00987	22.8867
4.01195	22.9321
4.01398	22.9776
4.01605	23.023
4.01675	23.0665
4.01882	23.11
4.02776	23.1535
4.02916	23.197
4.03051	23.2404
4.03197	23.2839
4.03401	23.3274
4.03673	23.3709
4.05263	23.4143
4.05573	23.4578
4.05641	23.5013
4.05894	23.5448
4.06042	23.5883
4.06176	23.6317
4.06316	23.6752
4.06383	23.7187
4.06518	23.7622
4.06797	23.8057
4.0707	23.8491
4.07141	23.8926
4.07217	23.9361
4.07349	23.9796
4.07622	24.023
4.07895	24.0647
4.08172	24.1064
4.08447	24.148
4.08661	24.1897
4.0887	24.2314
4.08936	24.273
4.09213	24.3147
4.09488	24.3564
4.10791	24.398
4.10866	24.4397
4.11074	24.4814
4.11136	24.523
4.11206	24.5647
4.11276	24.6064
4.11347	24.648
4.11413	24.6897
4.11483	24.7314
4.1155	24.773
4.11619	24.8147
4.11689	24.8564
4.11757	24.898
4.11836	24.9397
4.11902	24.9814
4.12042	25.023
4.12108	25.063
4.12334	25.103
4.12442	25.143
4.12784	25.183
4.1292	25.223
4.12988	25.263
4.13059	25.303
4.13263	25.343
4.15499	25.383
4.15634	25.423
4.15771	25.463
4.15909	25.503
4.16047	25.543
4.16186	25.583
4.16321	25.623
4.16592	25.663
4.16751	25.703
4.16889	25.743
4.17031	25.783
4.17164	25.823
4.17298	25.863
4.1744	25.903
4.1758	25.943
4.17648	25.983
4.17718	26.023
4.17783	26.0615
4.17857	26.1
4.1792	26.1384
4.18059	26.1769
4.18195	26.2153
4.18334	26.2538
4.18472	26.2923
4.18554	26.3307
4.19953	26.3692
4.20228	26.4077
4.20514	26.4461
4.20709	26.4846
4.20984	26.523
4.21119	26.5615
4.21257	26.6
4.21395	26.6384
4.21531	26.6769
4.21669	26.7153
4.21742	26.7538
4.21813	26.7923
4.22018	26.8307
4.22085	26.8692
4.2242	26.9077
4.22548	26.9461
4.22623	26.9846
4.22769	27.023
4.22975	27.0601
4.23179	27.0971
4.23385	27.1342
4.23522	27.1712
4.23661	27.2082
4.23799	27.2453
4.23935	27.2823
4.24071	27.3193
4.24214	27.3564
4.24283	27.3934
4.24421	27.4304
4.24493	27.4675
4.25051	27.5045
4.25116	27.5416
4.25187	27.5786
4.25343	27.6156
4.25481	27.6527
4.25617	27.6897
4.26726	27.7267
4.26792	27.7638
4.26865	27.8008
4.26935	27.8379
4.27003	27.8749
4.27144	27.9119
4.27282	27.949
4.2742	27.986
4.27555	28.023
4.27696	28.0588
4.27836	28.0945
4.28037	28.1302
4.28311	28.1659
4.28592	28.2016
4.28798	28.2373
4.29004	28.273
4.2921	28.3088
4.2942	28.3445
4.29832	28.3802
4.29903	28.4159
4.30049	28.4516
4.30122	28.4873
4.30261	28.523
4.30397	28.5588
4.30535	28.5945
4.30674	28.6302
4.30771	28.6659
4.30842	28.7016
4.30987	28.7373
4.31121	28.773
4.31328	28.8088
4.31603	28.8445
4.31876	28.8802
4.32275	28.9159
4.32479	28.9516
4.32685	28.9873
4.32966	29.023
4.33235	29.0575
4.33509	29.092
4.33714	29.1265
4.33923	29.161
4.34058	29.1955
4.34126	29.2299
4.34683	29.2644
4.34825	29.2989
4.35033	29.3334
4.35107	29.3679
4.35176	29.4024
4.35246	29.4368
4.35315	29.4713
4.35384	29.5058
4.35454	29.5403
4.35523	29.5748
4.35592	29.6092
4.35662	29.6437
4.3573	29.6782
4.358	29.7127
4.35879	29.7472
4.36226	29.7817
4.36851	29.8161
4.37055	29.8506
4.37537	29.8851
4.37605	29.9196
4.37675	29.9541
4.37814	29.9886
4.3788	30.023
4.38018	30.0564
4.38154	30.0897
4.38297	30.123
4.38504	30.1564
4.38783	30.1897
4.39133	30.223
4.39341	30.2564
4.39694	30.2897
4.39764	30.323
4.39845	30.3564
4.39916	30.3897
4.39984	30.423
4.40051	30.4564
4.40122	30.4897
4.4019	30.523
4.4033	30.5564
4.40397	30.5897
4.41429	30.623
4.41566	30.6564
4.41911	30.6897
4.42391	30.723
4.43083	30.7564
4.43156	30.7897
4.43224	15.3949
4.43295	15.4615
4.43362	15.5282
4.43434	15.5949
4.43502	15.6615
4.4357	15.7282
4.4364	15.7949
4.43707	15.8615
4.43778	15.9282
4.43846	15.9949
4.43915	16.0615
4.45085	16.124
4.45293	16.1865
4.45587	16.249
4.46157	16.3115
4.46292	16.374
4.47798	16.4365
4.47938	16.499
4.48141	16.5615
4.48282	16.624
4.48419	16.6865
4.48489	16.749
4.48559	16.8115
4.48628	16.874
4.48713	16.9365
4.48767	16.999
4.48904	17.0615
4.49047	17.1203
4.49183	17.1792
4.51187	17.238
4.52086	17.2968
4.52222	17.3556
4.52913	17.4145
4.53124	17.4733
4.53263	17.5321
4.53537	17.5909
4.53608	17.6498
4.53678	17.7086
4.53815	17.7674
4.53886	17.8262
4.53952	17.8851
4.5409	17.9439
4.54295	18.0027
4.54514	18.0583
4.54571	18.1138
4.54846	18.1694
4.55752	18.2249
4.56999	18.2805
4.57202	18.336
4.57417	18.3916
4.5776	18.4471
4.58168	18.5027
4.58513	18.5583
4.58579	18.6138
4.58855	18.6694
4.58998	18.7249
4.59065	18.7805
4.5961	18.836
4.59679	18.8916
4.5985	18.9471
4.59916	19.0027
4.59991	19.0553
4.60056	19.108
4.60126	19.1606
4.60197	19.2132
4.60419	19.2659
4.60765	19.3185
4.61659	19.3711
4.61867	19.4237
4.62214	19.4764
4.62356	19.529
4.62494	9.76451
4.62628	9.87562
4.62766	9.98673
4.63039	10.0978
4.63109	10.1978
4.63182	10.2978
4.6325	10.3978
4.63388	10.4978
4.63456	10.5978
4.63524	10.6978
4.63596	10.7978
4.63663	10.8978
4.63803	10.9978
4.63937	11.0978
4.64144	11.1887
4.64285	11.2797
4.64421	11.3706
4.64491	11.4615
4.64698	11.5524
4.65455	11.6433
4.65527	11.7342
4.656	11.8251
4.65666	11.916
4.66149	12.0069
4.66426	12.0903
4.66844	12.1736
4.6691	12.2569
4.66982	12.3403
4.6705	12.4236
4.6712	12.5069
4.67191	12.5903
4.67276	12.6736
4.67334	12.7569
4.67474	12.8403
4.68095	12.9236
4.68646	13.0069
4.69204	13.0839
4.69272	13.1608
4.69341	13.2377
4.69771	13.3146
4.69838	13.3915
4.70252	13.4685
4.70389	13.5454
4.71141	13.6223
4.7128	13.6992
4.71427	13.7762
4.71492	13.8531
4.71575	13.93
4.71636	14.0069
4.71708	14.0784
4.71777	14.1498
4.71848	14.2212
4.71989	14.2926
4.72198	14.3641
4.7227	14.4355
4.72336	14.5069
4.72474	14.5784
4.72755	14.6498
4.72893	14.7212
4.7303	14.7926
4.73373	14.8641
4.73859	14.9355
4.73932	15.0069
4.74287	15.0736
4.74413	15.1403
4.74551	15.2069
4.7469	15.2736
4.74831	15.3403
4.749	15.4069
4.76006	15.4736
4.76141	15.5403
4.76218	15.6069
4.76349	15.6736
4.76419	15.7403
4.76558	15.8069
4.76697	15.8736
4.77107	15.9403
4.77245	16.0069
4.77388	16.0694
4.77662	16.1319
4.80241	16.1944
4.80859	16.2569
4.81134	16.3194
4.81207	16.3819
4.81275	16.4444
4.81345	16.5069
4.81425	16.5694
4.81493	16.6319
4.81561	16.6944
4.81635	16.7569
4.81702	16.8194
4.81773	16.8819
4.81858	16.9444
4.8192	17.0069
4.81986	17.0658
4.82065	17.1246
4.8268	17.1834
4.82817	17.2422
4.83094	17.301
4.8337	17.3599
4.83507	17.4187
4.83644	17.4775
4.84057	17.5363
4.85019	17.5952
4.85382	17.654
4.85519	17.7128
4.85657	8.85641
4.85863	8.98141
4.86002	9.10641
4.86138	9.21752
4.86345	9.32863
4.86691	9.43974
4.87521	9.55085
4.87591	9.66196
4.87657	9.77307
4.87728	9.88418
4.88769	9.9953
4.88838	10.1064
4.88908	10.2064
4.8898	10.3064
4.89048	10.4064
4.89117	10.5064
4.89186	10.6064
4.89311	10.7064
4.89394	10.8064
4.89905	10.9064
4.90041	11.0064
4.90113	11.0973
4.90454	11.1882
4.90867	11.2791
4.91073	11.37
4.92535	11.461
4.92671	11.5519
4.92739	11.6428
4.92942	11.7337
4.93855	11.8246
4.94065	11.9155
4.94137	12.0064
4.94207	12.0897
4.94347	12.1731
4.94481	12.2564
4.94622	12.3397
4.94758	12.4231
4.95958	12.5064
4.96024	12.5897
4.96302	12.6731
4.96546	12.7564
4.96684	12.8397
4.9682	12.9231
4.99489	13.0064
4.99764	13.0833
5.00038	13.1603
5.0025	13.2372
5.00332	13.3141
5.00485	13.391
5.00489	13.4679
5.00541	13.5449
5.00611	13.6218
5.00683	13.6987
5.00753	13.7756
5.00821	13.8526
5.04391	13.9295
5.04465	14.0064
5.04532	14.0778
5.04602	14.1493
5.04671	14.2207
5.04737	14.2921
5.04818	14.3635
5.04885	14.435
5.04998	14.5064
5.05028	14.5778
5.05095	14.6493
5.053	14.7207
5.05508	14.7921
5.07635	14.8635
5.07841	14.935
5.0791	15.0064
5.08048	15.0731
5.0846	15.1397
5.08735	15.2064
5.08873	15.2731
5.09077	15.3397
5.09405	15.4064
5.09541	15.4731
5.09681	15.5397
5.09953	15.6064
5.1009	15.6731
5.10231	15.7397
5.11491	15.8064
5.11626	15.8731
5.11765	15.9397
5.11902	16.0064
5.1204	16.0689
5.12244	16.1314
5.12382	16.1939
5.12517	16.2564
5.12727	16.3189
5.12862	16.3814
5.12931	16.4439
5.13071	16.5064
5.1342	16.5689
5.13633	16.6314
5.13769	16.6939
5.1475	16.7564
5.15025	16.8189
5.15161	16.8814
5.15299	16.9439
5.15436	17.0064
5.15572	17.0652
5.15708	17.1241
5.15985	17.1829
5.16121	17.2417
5.16258	17.3005
5.16396	17.3593
5.16603	17.4182
5.17158	17.477
5.17434	17.5358
5.17776	17.5946
5.18195	17.6535
5.18389	17.7123
5.18455	17.7711
5.18524	17.8299
5.18594	17.8888
5.18729	17.9476
5.18946	18.0064
5.19143	18.062
5.19348	18.1175
5.19553	18.1731
5.20103	18.2286
5.20306	18.2842
5.20515	18.3397
5.20654	18.3953
5.20791	18.4509
5.20928	18.5064
5.21204	18.562
5.21356	18.6175
5.21717	18.6731
5.21845	18.7286
5.21982	18.7842
5.2205	18.8397
5.2212	18.8953
5.22191	18.9509
5.22327	19.0064
5.22469	19.059
5.22605	19.1117
5.22675	19.1643
5.22947	19.2169
5.23223	19.2696
5.23498	19.3222
5.23702	19.3748
5.23982	19.4275
5.24259	19.4801
5.24395	19.5327
5.25849	19.5854
5.2599	19.638
5.26283	19.6906
5.26334	19.7432
5.2647	19.7959
5.26544	19.8485
5.26613	19.9011
5.26681	19.9538
5.2675	20.0064
5.26819	20.0564
5.26888	20.1064
5.26961	20.1564
5.2703	20.2064
5.27171	20.2564
5.27375	20.3064
5.27581	20.3564
5.27792	20.4064
5.27998	20.4564
5.28136	20.5064
5.29799	20.5564
5.30147	20.6064
5.30216	20.6564
5.30284	20.7064
5.30423	20.7564
5.30561	20.8064
5.30698	20.8564
5.30838	20.9064
5.30975	20.9564
5.31113	21.0064
5.31184	21.054
5.31253	21.1016
5.31322	21.1493
5.31459	21.1969
5.31598	21.2445
5.31738	21.2921
5.31873	21.3397
5.32152	21.3874
5.32366	21.435
5.32571	21.4826
5.33542	21.5302
5.33955	21.5778
5.34091	21.6255
5.34299	21.6731
5.34645	21.7207
5.34918	21.7683
5.35056	21.8159
5.35196	21.8635
5.35279	21.9112
5.35335	21.9588
5.35414	22.0064
5.35553	22.0519
5.35621	22.0973
5.35689	22.1428
5.3583	22.1882
5.35969	22.2337
5.36669	22.2791
5.36936	22.3246
5.37275	22.37
5.37416	22.4155
5.37552	22.461
5.38014	22.5064
5.38222	22.5519
5.38363	22.5973
5.385	22.6428
5.38777	22.6882
5.38917	22.7337
5.38988	22.7791
5.39058	22.8246
5.39197	22.87
5.39746	22.9155
5.40089	22.961
5.4036	23.0064
5.40588	23.0499
5.40706	23.0934
5.40912	23.1368
5.41327	23.1803
5.4141	23.2238
5.41532	23.2673
5.41742	23.3108
5.41817	23.3542
5.41886	23.3977
5.4209	23.4412
5.4272	23.4847
5.43064	23.5281
5.43132	23.5716
5.43202	23.6151
5.43355	23.6586
5.43494	23.7021
5.43701	23.7455
5.4391	23.789
5.43982	23.8325
5.44188	23.876
5.44339	23.9195
5.44505	23.9629
5.446	24.0064
5.44944	24.0481
5.45081	24.0897
5.45354	24.1314
5.45492	24.1731
5.45629	24.2147
5.45766	24.2564
5.46729	24.2981
5.46872	24.3397
5.47021	24.3814
5.47081	24.4231
5.48748	24.4647
5.49088	24.5064
5.49225	24.5481
5.49293	24.5897
5.49431	24.6314
5.49566	24.6731
5.49635	24.7147
5.49784	24.7564
5.49851	24.7981
5.4992	24.8397
5.49989	24.8814
5.50057	12.4407
5.50125	12.524
5.50198	12.6074
5.50264	12.6907
5.50538	12.774
5.50677	12.8574
5.5095	12.9407
5.51086	13.024
5.51295	13.101
5.51435	13.1779
5.5164	13.2548
5.52124	13.3317
5.52195	13.4087
5.52966	13.4856
5.5373	13.5625
5.538	13.6394
5.53932	13.7163
5.54208	13.7933
5.54346	13.8702
5.5448	13.9471
5.55185	14.024
5.55245	14.0955
5.55519	14.1669
5.55798	14.2383
5.56074	14.3098
5.57494	14.3812
5.57562	14.4526
5.5763	14.524
5.57842	14.5955
5.5798	14.6669
5.58114	14.7383
5.58262	14.8098
5.58591	14.8812
5.58737	14.9526
5.58943	15.024
5.5908	15.0907
5.59218	15.1574
5.59357	15.224
5.59564	15.2907
5.61718	15.3574
5.61912	15.424
5.61992	15.4907
5.6334	15.5574
5.63475	15.624
5.63545	15.6907
5.63702	15.7574
5.63893	15.824
5.64102	15.8907
5.64307	15.9574
5.64512	16.024
5.64581	16.0865
5.64653	16.149
5.64724	16.2115
5.64797	16.274
5.67639	16.3365
5.67771	16.399
5.67909	16.4615
5.6799	16.524
5.68059	16.5865
5.68128	16.649
5.68273	16.7115
5.68414	16.774
5.68568	16.8365
5.68706	16.899
5.68913	16.9615
5.69049	17.024
5.69188	17.0829
5.69256	17.1417
5.69878	17.2005
5.70083	17.2593
5.70681	17.3182
5.70706	17.377
5.70841	17.4358
5.71719	17.4946
5.71791	17.5534
5.71863	17.6123
5.72504	17.6711
5.72641	17.7299
5.72848	17.7887
5.73057	17.8476
5.73263	17.9064
5.73468	17.9652
5.73674	18.024
5.73881	18.0796
5.74086	18.1351
5.74501	18.1907
5.74706	18.2463
5.75339	18.3018
5.75611	18.3574
5.75751	18.4129
5.75827	18.4685
5.76249	18.524
5.76658	18.5796
5.77757	18.6351
5.78033	18.6907
5.78175	18.7463
5.78241	18.8018
5.78375	18.8574
5.78513	18.9129
5.78762	18.9685
5.7879	19.024
5.78928	19.0767
5.78995	19.1293
5.79207	19.1819
5.79287	19.2346
5.79755	19.2872
5.79826	19.3398
5.79962	19.3925
5.8017	19.4451
5.80305	19.4977
5.80382	19.5504
5.80662	19.603
5.80867	19.6556
5.8107	19.7082
5.81278	19.7609
5.81482	19.8135
5.81689	19.8661
5.81827	19.9188
5.82103	19.9714
5.82651	20.024
5.82856	20.074
5.82926	20.124
5.83414	20.174
5.83487	20.224
5.84259	20.274
5.84533	20.324
5.84669	20.374
5.84809	20.424
5.84945	20.474
5.85082	20.524
5.85219	20.574
5.85356	20.624
5.85494	20.674
5.85632	20.724
5.85771	20.774
5.85975	20.824
5.86182	20.874
5.86318	20.924
5.86595	20.974
5.868	21.024
5.87008	21.0717
5.87282	21.1193
5.87699	21.1669
5.87767	21.2145
5.88403	21.2621
5.88467	21.3098
5.88535	21.3574
5.88603	21.405
5.88671	21.4526
5.88742	21.5002
5.88811	21.5478
5.88878	21.5955
5.88952	21.6431
5.89092	21.6907
5.89231	21.7383
5.89367	21.7859
5.89435	21.8336
5.89726	21.8812
5.89862	21.9288
5.9	21.9764
5.90206	22.024
5.9048	22.0695
5.90825	22.1149
5.92352	22.1604
5.92559	22.2059
5.9305	22.2513
5.93187	22.2968
5.9326	22.3422
5.93364	22.3877
5.93395	22.4331
5.93466	22.4786
5.93531	22.524
5.93603	22.5695
5.9367	22.6149
5.93739	22.6604
5.93804	22.7059
5.93873	22.7513
5.93941	22.7968
5.94153	22.8422
5.94355	22.8877
5.9463	22.9331
5.94902	22.9786
5.95128	23.024
5.95335	23.0675
5.95571	23.111
5.95851	23.1545
5.96113	23.1979
5.96337	23.2414
5.96472	23.2849
5.96606	23.3284
5.96739	23.3719
5.96807	23.4153
5.96944	23.4588
5.97219	23.5023
5.97426	23.5458
5.97723	23.5893
5.9793	23.6327
5.98136	23.6762
5.9841	23.7197
5.98754	23.7632
5.98822	23.8066
5.98889	23.8501
5.99029	23.8936
5.99097	23.9371
5.99166	23.9806
5.99504	24.024
5.99568	24.0657
5.99638	24.1074
6.00683	24.149
6.00889	24.1907
6.02134	24.2324
6.02271	24.274
6.02342	24.3157
6.02548	24.3574
6.02688	24.399
6.02752	24.4407
6.02822	24.4824
6.02903	24.524
6.03043	24.5657
6.03181	24.6074
6.03319	24.649
6.03455	24.6907
6.03593	24.7324
6.03793	24.774
6.03866	24.8157
6.04006	24.8574
6.04149	24.899
6.04279	24.9407
6.04416	24.9824
6.04553	25.024
6.04768	25.064
6.04966	25.104
6.06218	25.144
6.06419	25.184
6.07888	25.224
6.08013	25.264
6.08151	25.304
6.08222	25.344
6.08288	25.384
6.08356	25.424
6.08424	25.464
6.08561	12.732
6.08699	12.8154
6.08837	12.8987
6.09182	12.982
6.09254	13.0654
6.0932	13.1423
6.09457	13.2192
6.0953	13.2961
6.09664	13.373
6.09732	13.45
6.0987	13.5269
6.10222	13.6038
6.10287	13.6807
6.10359	13.7577
6.10424	13.8346
6.10493	13.9115
6.1198	13.9884
6.12189	14.0654
6.12881	14.1368
6.12954	14.2082
6.13431	14.2796
6.13445	14.3511
6.13588	14.4225
6.13803	14.4939
6.14829	14.5654
6.14896	14.6368
6.14963	14.7082
6.151	14.7796
6.16148	14.8511
6.16286	14.9225
6.16424	14.9939
6.1726	15.0654
6.17331	15.132
6.17399	15.1987
6.17467	15.2654
6.17536	15.332
6.17742	15.3987
6.17812	15.4654
6.17946	15.532
6.18015	15.5987
6.18084	15.6654
6.1829	15.732
6.20014	15.7987
6.20289	15.8654
6.20434	15.932
6.21889	15.9987
6.21988	16.0654
6.22098	16.1279
6.22176	16.1904
6.2225	16.2529
6.2232	16.3154
6.22391	16.3779
6.22466	16.4404
6.22604	16.5029
6.22743	16.5654
6.2288	16.6279
6.23155	16.6904
6.2529	16.7529
6.25361	16.8154
6.25498	16.8779
6.27651	16.9404
6.27927	17.0029
6.28063	17.0617
6.28338	17.1205
6.28614	17.1793
6.28821	17.2381
6.28958	17.297
6.29096	17.3558
6.29234	17.4146
6.29379	17.4734
6.29449	17.5323
6.29587	17.5911
6.29656	17.6499
6.31667	17.7087
6.31874	17.7676
6.32077	17.8264
6.33092	17.8852
6.33233	17.944
6.33507	18.0029
6.33714	18.0584
6.33918	18.114
6.34198	18.1695
6.34643	18.2251
6.3478	18.2806
6.34847	18.3362
6.35056	18.3917
6.35129	18.4473
6.35193	18.5029
6.35266	18.5584
6.35404	18.614
6.37565	18.6695
6.37632	18.7251
6.37772	18.7806
6.39032	18.8362
6.39237	18.8917
6.39513	18.9473
6.39648	19.0029
6.39923	19.0555
6.39992	19.1081
6.40129	19.1607
6.40267	19.2134
6.40403	19.266
6.40612	19.3186
6.40682	19.3713
6.40749	19.4239
6.40955	19.4765
6.41244	19.5292
6.41367	19.5818
6.43596	19.6344
6.43809	19.6871
6.43879	19.7397
6.44161	19.7923
6.44234	19.845
6.44303	19.8976
6.44373	19.9502
6.44443	20.0029
6.44512	20.0529
6.4458	20.1029
6.44652	20.1529
6.44719	20.2029
6.4479	20.2529
6.44928	20.3029
6.45202	20.3529
6.45339	20.4029
6.46783	20.4529
6.46989	20.5029
6.47058	20.5529
6.48783	20.6029
6.48992	20.6529
6.49126	20.7029
6.49333	20.7529
6.49538	20.8029
6.49743	20.8529
6.49951	20.9029
6.50086	20.9529
6.50224	21.0029
6.5043	21.0505
6.50641	21.0981
6.50842	21.1457
6.51475	21.1933
6.51549	21.2409
6.51617	21.2886
6.51685	21.3362
6.51756	21.3838
6.51824	21.4314
6.51893	21.479
6.52032	21.5267
6.52996	21.5743
6.53272	21.6219
6.53544	21.6695
6.5382	21.7171
6.54094	21.7648
6.5478	21.8124
6.5547	21.86
6.55815	21.9076
6.56019	21.9552
6.56097	22.0029
6.56156	22.0483
6.56295	22.0938
6.56436	22.1392
6.57564	22.1847
6.58012	22.2301
6.58221	22.2756
6.58492	22.321
6.58631	22.3665
6.59041	22.4119
6.59247	22.4574
6.59385	22.5029
6.59772	22.5483
6.59842	22.5938
6.5992	22.6392
6.59983	22.6847
6.60052	22.7301
6.60264	22.7756
6.60335	22.821
6.60473	22.8665
6.60613	22.9119
6.60752	22.9574
6.61026	23.0029
6.61301	23.0463
6.61851	23.0898
6.61986	23.1333
6.62819	23.1768
6.63024	23.2202
6.63161	23.2637
6.63299	23.3072
6.63438	23.3507
6.63642	23.3942
6.63848	23.4376
6.64052	23.4811
6.64613	23.5246
6.64681	11.7623
6.64748	11.8532
6.64824	11.9441
6.64895	12.035
6.6524	12.1184
6.65377	12.2017
6.65516	12.285
6.65654	12.3684
6.65793	12.4517
6.65928	12.535
6.67185	12.6184
6.67461	12.7017
6.67592	12.785
6.68037	12.8684
6.68936	12.9517
6.69009	13.035
6.69077	13.1119
6.69146	13.1889
6.69215	13.2658
6.69285	13.3427
6.69353	13.4196
6.6943	13.4966
6.69498	13.5735
6.69573	13.6504
6.69645	13.7273
6.69716	13.8043
6.70892	13.8812
6.70964	13.9581
6.71033	14.035
6.7124	14.1065
6.71379	14.1779
6.71654	14.2493
6.71721	14.3207
6.72224	14.3922
6.72641	14.4636
6.72709	14.535
6.72784	14.6065
6.72848	14.6779
6.72915	14.7493
6.73059	14.8207
6.73343	14.8922
6.73412	14.9636
6.7348	15.035
6.73622	15.1017
6.7383	15.1684
6.74036	15.235
6.74105	15.3017
6.74173	15.3684
6.75001	15.435
6.75071	15.5017
6.75278	15.5684
6.75965	15.635
6.76245	15.7017
6.76313	15.7684
6.76594	15.835
6.76665	15.9017
6.7673	15.9684
6.76801	16.035
6.77021	16.0975
6.77086	16.16
6.77158	16.2225
6.77234	16.285
6.77298	16.3475
6.77365	16.41
6.77437	16.4725
6.77648	16.535
6.77785	16.5975
6.77921	16.66
6.7821	16.7225
6.78484	16.785
6.78555	16.8475
6.78623	16.91
6.78761	16.9725
6.79036	17.035
6.79539	17.0938
6.79603	17.1527
6.79668	17.2115
6.8017	17.2703
6.80231	17.3291
6.80294	17.388
6.8036	17.4468
6.80849	17.5056
6.80985	17.5644
6.81275	17.6233
6.81412	17.6821
6.81551	17.7409
6.81686	17.7997
6.81827	17.8586
6.81892	17.9174
6.82029	17.9762
6.82167	18.035
6.83279	18.0906
6.83347	18.1461
6.83487	18.2017
6.83563	18.2572
6.83631	18.3128
6.83699	18.3684
6.83769	18.4239
6.84092	18.4795
6.84163	18.535
6.84307	18.5906
6.846	18.6461
6.84657	18.7017
6.84726	18.7572
6.84796	18.8128
6.84868	18.8684
6.84944	18.9239
6.85017	18.9795
6.85157	19.035
6.85363	19.0877
6.85502	19.1403
6.85709	19.1929
6.85914	19.2455
6.86192	19.2982
6.86257	19.3508
6.86395	19.4034
6.86809	19.4561
6.86879	19.5087
6.87016	19.5613
6.87089	19.614
6.88047	19.6666
6.88117	19.7192
6.88265	19.7719
6.88411	19.8245
6.88471	19.8771
6.88543	19.9298
6.88678	19.9824
6.88815	20.035
6.8894	20.085
6.89307	20.135
6.89445	20.185
6.89581	20.235
6.8972	20.285
6.89789	20.335
6.89858	20.385
6.89998	20.435
6.90064	20.485
6.90198	20.535
6.90333	20.585
6.90573	20.635
6.90642	20.685
6.90783	20.735
6.91101	20.785
6.9133	20.835
6.91544	20.885
6.93286	20.935
6.93354	20.985
6.93562	21.035
6.9363	21.0826
6.94486	21.1303
6.94555	21.1779
6.94692	21.2255
6.9483	21.2731
6.9497	21.3207
6.95106	21.3684
6.95311	21.416
6.95587	21.4636
6.95723	21.5112
6.96072	21.5588
6.96279	21.6065
6.96556	21.6541
6.96695	21.7017
6.96828	21.7493
6.96971	21.7969
6.97178	21.8445
6.97327	21.8922
6.97393	21.9398
6.97462	21.9874
6.97601	22.035
6.97746	22.0805
6.97814	22.1259
7.00336	22.1714
7.00678	22.2168
7.00795	22.2623
7.00955	22.3077
7.0109	22.3532
7.01227	22.3987
7.01442	22.4441
7.01515	22.4896
7.01583	22.535
7.01682	22.5805
7.01958	22.6259
7.02095	22.6714
7.0224	22.7168
7.02379	22.7623
7.02651	22.8077
7.02786	22.8532
7.02924	22.8987
7.0314	22.9441
7.03199	22.9896
7.03339	23.035
7.03613	23.0785
7.03683	23.122
7.05751	23.1655
7.05825	23.2089
7.06139	23.2524
7.06537	23.2959
7.06675	23.3394
7.06814	23.3828
7.06956	23.4263
7.07075	23.4698
7.0748	23.5133
7.07618	23.5568
7.07758	23.6002
7.07894	23.6437
7.08237	23.6872
7.0851	23.7307
7.09338	23.7742
7.09553	23.8176
7.09678	23.8611
7.09888	23.9046
7.10077	23.9481
7.10174	23.9915
7.1024	24.035
7.10309	24.0767
7.10379	24.1184
7.11825	24.16
7.12032	24.2017
7.12175	24.2434
7.12391	24.285
7.12458	24.3267
7.12733	24.3684
7.13077	24.41
7.13351	24.4517
7.13765	24.4934
7.14039	24.535
7.14176	24.5767
7.14521	24.6184
7.14658	24.66
7.14794	24.7017
7.15071	24.7434
7.15347	24.785
7.15485	24.8267
7.15557	24.8684
7.15699	24.91
7.15838	24.9517
7.15975	24.9934
7.16113	25.035
7.16182	25.075
7.16251	25.115
7.16407	25.155
7.1648	25.195
7.16615	25.235
7.16724	25.275
7.1679	25.315
7.169	25.355
7.16972	25.395
7.17132	25.435
7.17274	25.475
7.18109	25.515
7.18383	25.555
7.18657	25.595
7.19069	25.635
7.19136	25.675
7.19412	25.715
7.1955	25.755
7.19688	25.795
7.20237	25.835
7.20375	25.875
7.21482	25.915
7.21551	25.955
7.21619	25.995
7.2169	26.035
7.21758	26.0735
7.21826	26.1119
7.21974	26.1504
7.22111	26.1889
7.22248	26.2273
7.22469	26.2658
7.22607	26.3043
7.22689	26.3427
7.2276	26.3812
7.22897	26.4196
7.22968	26.4581
7.23048	26.4966
7.23116	26.535
7.23186	26.5735
7.23261	26.6119
7.2333	26.6504
7.23464	26.6889
7.23601	26.7273
7.23779	26.7658
7.23984	26.8043
7.24206	26.8427
7.25905	26.8812
7.26186	26.9196
7.26461	26.9581
7.26802	26.9966
7.27078	27.035
7.27356	27.0721
7.27494	27.1091
7.27634	27.1461
7.27701	27.1832
7.2777	27.2202
7.27841	27.2572
7.27909	27.2943
7.27978	27.3313
7.28046	27.3684
7.28115	27.4054
7.28195	27.4424
7.2869	27.4795
7.2902	27.5165
7.29141	27.5535
7.29209	27.5906
7.29283	27.6276
7.29353	27.6647
7.29493	27.7017
7.29698	27.7387
7.29902	27.7758
7.30108	27.8128
7.30314	27.8498
7.30591	27.8869
7.30863	27.9239
7.31137	27.9609
7.31273	27.998
7.31548	28.035
7.31959	28.0707
7.32234	28.1065
7.32511	28.1422
7.32823	28.1779
7.32926	28.2136
7.33063	28.2493
7.33207	28.285
7.33346	28.3207
7.33488	28.3565
7.33624	28.3922
7.34105	28.4279
7.34543	28.4636
7.34687	28.4993
7.34755	28.535
7.34821	28.5707
7.3489	28.6065
7.34961	28.6422
7.35027	28.6779
7.35094	28.7136
7.35214	28.7493
7.35234	28.785
7.35301	28.8207
7.3537	28.8565
7.35441	28.8922
7.35718	28.9279
7.35852	28.9636
7.35991	28.9993
7.3613	29.035
7.36747	29.0695
7.37155	29.104
7.37775	29.1385
7.38118	29.173
7.3853	29.2074
7.38776	29.2419
7.38841	29.2764
7.38978	29.3109
7.39112	29.3454
7.39253	29.3799
7.394	29.4143
7.40305	29.4488
7.40375	29.4833
7.40512	29.5178
7.40648	29.5523
7.40785	29.5867
7.40924	29.6212
7.41061	29.6557
7.41199	29.6902
7.4127	29.7247
7.4134	29.7592
7.41543	29.7936
7.41615	29.8281
7.4182	29.8626
7.41823	29.8971
7.41957	29.9316
7.42232	29.9661
7.42505	30.0005
7.42644	15.0003
7.42781	15.0669
7.42918	15.1336
7.43826	15.2003
7.441	15.2669
7.44316	15.3336
7.44454	15.4003
7.44524	15.4669
7.4473	15.5336
7.448	15.6003
7.44882	15.6669
7.45019	15.7336
7.45645	15.8003
7.45713	15.8669
7.45782	15.9336
7.45852	16.0003
7.45921	16.0628
7.45992	16.1253
7.46125	16.1878
7.46399	16.2503
7.46709	16.3128
7.47077	16.3753
7.47258	16.4378
7.47531	16.5003
7.47809	16.5628
7.48014	16.6253
7.48221	16.6878
7.48496	16.7503
7.48634	16.8128
7.48706	16.8753
7.49692	8.43763
7.49761	8.56263
7.49898	8.68763
7.50036	8.81263
7.50178	8.93763
7.50247	9.06263
7.50386	9.17375
7.51348	9.28486
7.51838	9.39597
7.52246	9.50708
7.52391	9.61819
7.52451	9.7293
7.5252	9.84041
7.52658	9.95152
7.52727	10.0626
7.53893	10.1626
7.55038	10.2626
7.55048	10.3626
7.55093	10.4626
7.55162	10.5626
7.55231	10.6626
7.553	10.7626
7.55368	10.8626
7.55438	10.9626
7.55505	11.0626
7.55587	11.1535
7.58212	11.2445
7.58281	11.3354
7.5856	11.4263
7.58625	11.5172
7.58694	11.6081
7.58762	11.699
7.58833	11.7899
7.58902	11.8808
7.5897	11.9717
7.59046	12.0626
7.59382	12.146
7.6214	12.2293
7.62208	12.3126
7.62485	12.396
7.62554	12.4793
7.62625	12.5626
7.62692	12.646
7.62759	12.7293
7.62827	12.8126
7.62897	12.896
7.62966	12.9793
7.63037	13.0626
7.63171	13.1396
7.63823	13.2165
7.63893	13.2934
7.64107	13.3703
7.64175	13.4473
7.64244	13.5242
7.64315	13.6011
7.64385	13.678
7.6445	13.7549
7.64586	13.8319
7.64725	13.9088
7.64931	13.9857
7.65	14.0626
7.65275	14.1341
7.68306	14.2055
7.68443	14.2769
7.68523	14.3483
7.6859	14.4198
7.6866	14.4912
7.68729	14.5626
7.68795	14.6341
7.68865	14.7055
7.68934	14.7769
7.69072	14.8483
7.6914	14.9198
7.69212	14.9912
7.69279	15.0626
7.69349	15.1293
7.70046	15.196
7.70462	15.2626
7.71294	15.3293
7.71363	15.396
7.71432	15.4626
7.71499	15.5293
7.71569	15.596
7.71636	15.6626
7.71705	15.7293
7.71981	15.796
7.72118	15.8626
7.72185	15.9293
7.72261	15.996
7.72325	16.0626
7.72396	16.1251
7.73502	16.1876
7.73575	16.2501
7.74186	16.3126
7.74195	16.3751
7.74232	16.4376
7.74234	16.5001
7.74242	16.5626
7.74248	16.6251
7.74258	16.6876
7.74274	16.7501
7.74276	16.8126
7.74305	16.8751
7.74376	16.9376
7.74443	17.0001
7.74512	17.059
7.7458	17.1178
7.75202	17.1766
7.76162	17.2354
7.76527	17.2943
7.76598	17.3531
7.76665	17.4119
7.76734	17.4707
7.76806	17.5295
7.76874	17.5884
7.7694	17.6472
7.77012	17.706
7.77078	17.7648
7.77146	17.8237
7.77215	17.8825
7.77284	17.9413
7.77352	18.0001
7.77423	18.0557
7.77491	18.1112
7.77562	18.1668
7.77629	18.2224
7.79092	18.2779
7.79163	18.3335
7.7923	18.389
7.79301	18.4446
7.79368	18.5001
7.79439	18.5557
7.79505	18.6112
7.79642	18.6668
7.7971	18.7224
7.79781	18.7779
7.79848	18.8335
7.79918	18.889
7.79987	18.9446
7.8006	19.0001
7.80126	19.0528
7.80265	19.1054
7.80331	19.158
7.80403	19.2107
7.81739	19.2633
7.81808	19.3159
7.81877	19.3686
7.81945	19.4212
7.82015	19.4738
7.82081	19.5265
7.8215	19.5791
7.82221	19.6317
7.82291	19.6843
7.82357	19.737
7.82425	19.7896
7.82567	19.8422
7.82707	19.8949
7.82775	19.9475
7.82911	20.0001
7.83048	20.0501
7.83255	20.1001
7.83675	20.1501
7.83741	20.2001
7.84575	20.2501
7.84646	20.3001
7.84728	20.3501
7.84784	20.4001
7.84854	20.4501
7.84921	20.5001
7.84992	20.5501
7.85062	20.6001
7.85135	20.6501
7.85201	20.7001
7.8527	20.7501
7.85338	20.8001
7.85481	20.8501
7.85545	20.9001
7.85821	20.9501
7.88167	21.0001
7.88334	21.0478
7.88446	21.0954
7.88512	21.143
7.88584	21.1906
7.88654	21.2382
7.88723	21.2858
7.88859	21.3335
7.88927	21.3811
7.88998	21.4287
7.89066	21.4763
7.89139	21.5239
7.89277	21.5716
7.89345	21.6192
7.89416	21.6668
7.89483	21.7144
7.90824	21.762
7.90964	21.8097
7.91155	21.8573
7.9143	21.9049
7.92118	21.9525
7.92187	22.0001
7.92258	22.0456
7.92808	22.091
7.9353	22.1365
7.93606	22.182
7.93674	22.2274
7.93744	22.2729
7.93815	22.3183
7.93881	22.3638
7.93955	22.4092
7.94021	22.4547
7.9409	22.5001
7.94162	22.5456
7.95478	22.591
7.95554	22.6365
7.95624	22.682
7.96815	22.7274
7.97087	22.7729
7.97363	22.8183
7.97499	22.8638
7.9757	22.9092
7.97638	22.9547
7.97781	23.0001
7.97915	23.0436
7.98052	23.0871
7.98873	23.1306
7.98941	23.174
7.9901	23.2175
7.99492	23.261
7.9963	23.3045
7.99698	23.348
7.99772	23.3914
7.99839	23.4349
7.99907	23.4784
7.99977	23.5219
8.01576	23.5654
8.01853	23.6088
8.01925	23.6523
8.02201	23.6958
8.02339	23.7393
8.02476	23.7827
8.02615	23.8262
8.02753	23.8697
8.02891	23.9132
8.03195	23.9567
8.03327	24.0001
8.03469	24.0418
8.03602	24.0835
8.0487	24.1251
8.05006	24.1668
8.05147	24.2085
8.05279	24.2501
8.05556	24.2918
8.0611	24.3335
8.06317	24.3751
8.06463	24.4168
8.06531	24.4585
8.06599	24.5001
8.06983	24.5418
8.07117	24.5835
8.07254	24.6251
8.07494	24.6668
8.07699	24.7085
8.07842	24.7501
8.07986	24.7918
8.08125	24.8335
8.08262	24.8751
8.08403	24.9168
8.08537	24.9585
8.0881	25.0001
8.09088	25.0401
8.0923	25.0801
8.09587	25.1201
8.09653	25.1601
8.09788	25.2001
8.09862	25.2401
8.10014	25.2801
8.10022	25.3201
8.1007	25.3601
8.1014	25.4001
8.10209	25.4401
8.10344	25.4801
8.10552	25.5201
8.10749	25.5601
8.10886	25.6001
8.11094	25.6401
8.11367	25.6801
8.11574	25.7201
8.11847	25.7601
8.11985	25.8001
8.12054	25.8401
8.12122	25.8801
8.1226	25.9201
8.12398	25.9601
8.12673	26.0001
8.12947	26.0386
8.13225	26.0771
8.14348	26.1155
8.14486	26.154
8.14691	26.1924
8.14828	26.2309
8.14965	26.2694
8.15104	26.3078
8.15376	26.3463
8.15585	26.3848
8.15654	26.4232
8.15725	26.4617
8.1579	26.5001
8.1586	26.5386
8.15929	26.5771
8.16068	26.6155
8.16205	26.654
8.16415	26.6924
8.16553	26.7309
8.16689	26.7694
8.16856	26.8078
8.16966	26.8463
8.17032	26.8848
8.17102	26.9232
8.1717	26.9617
8.17389	27.0001
8.18064	27.0372
8.19371	27.0742
8.19859	27.1112
8.20087	27.1483
8.20153	27.1853
8.2036	27.2224
8.20635	27.2594
8.20772	27.2964
8.20979	27.3335
8.21116	27.3705
8.21322	27.4075
8.21804	27.4446
8.2208	27.4816
8.22161	27.5187
8.22235	27.5557
8.223	27.5927
8.22368	27.6298
8.22436	27.6668
8.23054	27.7038
8.23194	13.8519
8.23331	13.9288
8.23471	14.0058
8.23646	14.0772
8.23783	14.1486
8.23852	14.2201
8.23991	14.2915
8.24262	14.3629
8.24537	14.4343
8.2495	14.5058
8.264	14.5772
8.26541	14.6486
8.2661	14.7201
8.26679	14.7915
8.26747	14.8629
8.26888	14.9343
8.27024	15.0058
8.27094	15.0724
8.27164	15.1391
8.27234	15.2058
8.27375	15.2724
8.27513	15.3391
8.27651	15.4058
8.27785	15.4724
8.27925	15.5391
8.28062	15.6058
8.28203	15.6724
8.29158	15.7391
8.29224	15.8058
8.29294	15.8724
8.2991	15.9391
8.30736	16.0058
8.30946	16.0683
8.31359	16.1308
8.31636	16.1933
8.3191	16.2558
8.31979	16.3183
8.32255	16.3808
8.32392	16.4433
8.3246	16.5058
8.32599	16.5683
8.32808	16.6308
8.32943	16.6933
8.33082	16.7558
8.33358	16.8183
8.33494	16.8808
8.33701	16.9433
8.33771	17.0058
8.34044	17.0646
8.34331	17.1234
8.344	17.1822
8.34537	17.2411
8.34676	17.2999
8.34747	17.3587
8.34819	17.4175
8.34955	17.4764
8.35991	17.5352
8.36127	17.594
8.36402	17.6528
8.36681	17.7116
8.37021	17.7705
8.37157	17.8293
8.37293	8.91465
8.37432	9.03965
8.37568	9.15076
8.37704	9.26187
8.37979	9.37298
8.38047	9.48409
8.38118	9.5952
8.3819	9.70631
8.38396	9.81743
8.3875	9.92854
8.38753	10.0396
8.3877	10.1396
8.38785	10.2396
8.38815	10.3396
8.38883	10.4396
8.39022	10.5396
8.39165	10.6396
8.40759	10.7396
8.41101	10.8396
8.41172	10.9396
8.4124	11.0396
8.41514	11.1306
8.41582	11.2215
8.41723	11.3124
8.41789	11.4033
8.4193	11.4942
8.42338	11.5851
8.42902	11.676
8.42969	11.7669
8.43039	11.8578
8.43108	11.9487
8.43177	12.0396
8.43245	12.123
8.43316	12.2063
8.4352	12.2896
8.43659	12.373
8.43866	12.4563
8.44345	12.5396
8.4533	12.623
8.454	12.7063
8.45536	12.7896
8.45606	12.873
8.45674	12.9563
8.45743	13.0396
8.45817	13.1166
8.45881	13.1935
8.45949	13.2704
8.46016	13.3473
8.46087	13.4243
8.46158	13.5012
8.47061	13.5781
8.47132	13.655
8.472	13.732
8.47266	13.8089
8.47337	13.8858
8.47405	13.9627
8.47473	14.0396
8.47611	14.1111
8.4768	14.1825
8.47816	14.2539
8.47956	14.3254
8.483	14.3968
8.48372	14.4682
8.49483	14.5396
8.49545	14.6111
8.49617	14.6825
8.49683	14.7539
8.49751	14.8254
8.49827	14.8968
8.49899	14.9682
8.4996	15.0396
8.50026	15.1063
8.50098	7.55316
8.50237	7.69601
8.50373	7.83887
8.50512	7.98173
8.50584	8.12459
8.51146	8.24959
8.51234	8.37459
8.51285	8.49959
8.51354	8.62459
8.51423	8.74959
8.5149	8.87459
8.51562	8.99959
8.51628	9.12459
8.51697	9.2357
8.518	9.34681
8.53805	9.45792
8.53875	9.56903
8.53945	9.68014
8.54012	9.79125
8.5408	9.90236
8.54151	10.0135
8.54223	10.1135
8.54289	10.2135
8.54358	10.3135
8.55636	10.4135
8.55707	10.5135
8.55776	10.6135
8.55844	10.7135
8.55912	10.8135
8.55982	10.9135
8.5605	11.0135
8.56121	11.1044
8.56188	11.1953
8.56256	11.2862
8.573	11.3771
8.5737	11.468
8.57439	11.5589
8.57507	11.6498
8.57578	11.7407
8.57645	11.8317
8.57713	11.9226
8.57789	12.0135
8.57853	12.0968
8.57921	12.1801
8.58085	12.2635
8.58895	12.3468
8.58961	12.4301
8.59032	12.5135
8.59102	12.5968
8.5917	12.6801
8.59236	12.7635
8.59306	12.8468
8.59376	12.9301
8.59445	13.0135
8.59512	13.0904
8.59581	13.1673
8.59652	13.2442
8.60352	13.3212
8.604	13.3981
8.60464	13.475
8.60533	13.5519
8.60602	13.6289
8.60669	13.7058
8.60739	13.7827
8.60808	13.8596
8.60875	13.9366
8.60944	14.0135
8.61015	14.0849
8.61084	14.1563
8.61149	14.2278
8.61634	14.2992
8.61843	14.3706
8.61912	14.442
8.61978	14.5135
8.6205	14.5849
8.62117	14.6563
8.62186	14.7278
8.62254	14.7992
8.62322	14.8706
8.62392	14.942
8.6246	15.0135
8.62529	15.0801
8.62597	15.1468
8.62667	15.2135
8.63013	15.2801
8.63711	15.3468
8.63777	15.4135
8.63844	15.4801
8.63915	15.5468
8.63984	15.6135
8.64053	15.6801
8.64125	15.7468
8.64264	15.8135
8.64397	15.8801
8.64575	15.9468
8.64647	16.0135
8.64782	16.076
8.64931	16.1385
8.6507	16.201
8.65281	16.2635
8.65902	16.326
8.65971	16.3885
8.66045	16.451
8.66116	16.5135
8.66185	16.576
8.66255	16.6385
8.66321	16.701
8.66595	16.7635
8.66804	16.826
8.6694	16.8885
8.6701	16.951
8.6708	17.0135
8.67216	17.0723
8.67353	17.1311
8.67427	17.1899
8.67838	17.2488
8.68177	17.3076
8.68246	17.3664
8.68388	17.4252
8.68459	17.4841
8.68525	17.5429
8.68593	17.6017
8.68663	17.6605
8.68733	17.7194
8.688	17.7782
8.68868	17.837
8.68938	17.8958
8.69006	17.9547
8.69076	18.0135
8.69145	18.069
8.69841	18.1246
8.70117	18.1801
8.70391	18.2357
8.70667	18.2913
8.70805	18.3468
8.70939	18.4024
8.71077	18.4579
8.71219	18.5135
8.71487	18.569
8.7177	18.6246
8.71977	18.6801
8.72113	18.7357
8.72252	18.7913
8.7239	18.8468
8.72526	18.9024
8.72595	18.9579
8.72666	19.0135
8.72736	19.0661
8.72803	19.1187
8.72876	19.1714
8.72945	19.224
8.73014	19.2766
8.73082	19.3293
8.73149	19.3819
8.73219	19.4345
8.73289	19.4872
8.73356	19.5398
8.74117	19.5924
8.74257	19.6451
8.74401	19.6977
8.7454	19.7503
8.76085	19.8029
8.76224	19.8556
8.7636	19.9082
8.7643	19.9608
8.76497	20.0135
8.76637	20.0635
8.76774	20.1135
8.76842	20.1635
8.76913	20.2135
8.77054	20.2635
8.77324	20.3135
8.77461	20.3635
8.77533	20.4135
8.7767	20.4635
8.77809	20.5135
8.77945	20.5635
8.78083	20.6135
8.78148	20.6635
8.7822	20.7135
8.78292	20.7635
8.78364	20.8135
8.78433	20.8635
8.78569	20.9135
8.78638	20.9635
8.78708	21.0135
8.78775	21.0611
8.78848	21.1087
8.78916	21.1563
8.79263	21.204
8.794	21.2516
8.79474	21.2992
8.79539	21.3468
8.80655	21.3944
8.80811	21.442
8.80857	21.4897
8.81013	21.5373
8.81162	21.5849
8.81367	21.6325
8.81574	21.6801
8.8236	21.7278
8.82498	21.7754
8.82637	21.823
8.82774	21.8706
8.82911	21.9182
8.8298	21.9659
8.83051	22.0135
8.83189	22.0589
8.84231	22.1044
8.84371	22.1498
8.84441	22.1953
8.84511	22.2407
8.84583	22.2862
8.8465	22.3317
8.85057	22.3771
8.85266	22.4226
8.85399	22.468
8.85541	22.5135
8.85672	22.5589
8.85878	22.6044
8.86153	22.6498
8.86359	22.6953
8.86425	22.7407
8.86497	22.7862
8.86572	22.8317
8.8664	22.8771
8.86784	22.9226
8.8685	22.968
8.86988	23.0135
8.8706	23.057
8.87126	23.1004
8.87276	23.1439
8.87401	23.1874
8.87882	23.2309
8.88162	23.2743
8.88511	23.3178
8.89142	23.3613
8.89487	23.4048
8.89553	23.4483
8.89623	23.4917
8.89698	23.5352
8.89765	23.5787
8.90262	23.6222
8.90403	23.6656
8.90678	23.7091
8.90819	23.7526
8.9111	23.7961
8.91385	23.8396
8.91526	23.883
8.91661	23.9265
8.91937	23.97
8.92006	24.0135
8.92214	24.0551
8.92421	24.0968
8.92625	24.1385
8.92761	24.1801
8.93527	24.2218
8.93596	24.2635
8.93666	24.3051
8.93732	24.3468
8.93801	24.3885
8.93872	24.4301
8.93939	24.4718
8.94009	24.5135
8.9409	24.5551
8.94143	24.5968
8.94217	24.6385
8.94288	24.6801
8.94358	24.7218
8.94479	24.7635
8.9459	24.8051
8.95477	24.8468
8.95612	24.8885
8.95751	24.9301
8.9597	24.9718
8.96024	25.0135
8.972	25.0535
8.97337	25.0935
8.97403	25.1335
8.97475	25.1735
8.97561	12.5867
8.97682	12.6701
8.97825	12.7534
8.97958	12.8367
8.9803	12.9201
8.98099	13.0034
8.98239	13.0803
8.98306	13.1573
8.9839	13.2342
8.98459	13.3111
8.98529	13.388
8.98597	13.4649
8.98667	13.5419
8.99157	13.6188
8.99316	13.6957
8.99721	13.7726
8.99787	13.8496
8.99933	13.9265
8.99992	14.0034
9.00063	14.0748
9.00268	14.1463
9.01989	14.2177
9.02068	14.2891
9.02205	14.3605
9.02366	14.432
9.0249	14.5034
9.02557	14.5748
9.02652	14.6463
9.03038	14.7177
9.03245	14.7891
9.03315	14.8605
9.03452	14.932
9.03524	15.0034
9.03598	15.0701
9.03819	15.1367
9.04343	15.2034
9.0441	15.2701
9.04549	15.3367
9.04693	15.4034
9.04828	15.4701
9.04967	15.5367
9.05106	15.6034
9.05801	15.6701
9.05935	15.7367
9.06079	15.8034
9.06209	15.8701
9.07651	15.9367
9.07792	16.0034
9.07859	16.0659
9.07927	16.1284
9.08632	16.1909
9.08702	16.2534
9.08844	16.3159
9.09047	16.3784
9.09122	16.4409
9.09284	16.5034
9.0949	16.5659
9.09701	16.6284
9.09847	16.6909
9.0991	16.7534
9.10115	16.8159
9.10322	16.8784
9.10529	16.9409
9.10802	17.0034
9.10938	17.0622
9.11076	17.1211
9.12876	17.1799
9.1377	17.2387
9.13985	17.2975
9.14181	17.3563
9.14729	17.4152
9.15078	17.474
9.15282	17.5328
9.1591	17.5916
9.15978	17.6505
9.16045	17.7093
9.16115	17.7681
9.16191	17.8269
9.16255	17.8858
9.1632	17.9446
9.16389	18.0034
9.16461	18.059
9.16531	18.1145
9.1723	18.1701
9.17579	18.2256
9.17919	18.2812
9.18056	18.3367
9.18263	18.3923
9.18959	18.4478
9.19231	18.5034
9.19925	18.559
9.20202	18.6145
9.20828	18.6701
9.20957	18.7256
9.21373	18.7812
9.21508	18.8367
9.2165	18.8923
9.21782	18.9478
9.22056	19.0034
9.22195	19.056
9.23024	19.1087
9.23237	19.1613
9.23378	19.2139
9.23584	19.2666
9.23723	19.3192
9.23802	19.3718
9.24696	19.4245
9.24764	19.4771
9.24835	19.5297
9.24905	19.5824
9.24972	19.635
9.25114	19.6876
9.2518	19.7402
9.25321	19.7929
9.25386	19.8455
9.25453	19.8981
9.25522	19.9508
9.25593	20.0034
9.25662	20.0534
9.26142	20.1034
9.27052	20.1534
9.28781	20.2034
9.28846	20.2534
9.28928	20.3034
9.29121	20.3534
9.29189	20.4034
9.29259	20.4534
9.29328	20.5034
9.29466	20.5534
9.29535	20.6034
9.29608	20.6534
9.29673	20.7034
9.29745	20.7534
9.29815	20.8034
9.29884	20.8534
9.29955	20.9034
9.30093	20.9534
9.30165	21.0034
9.3052	21.051
9.30725	21.0986
9.31923	21.1463
9.33579	21.1939
9.33715	21.2415
9.33787	21.2891
9.33852	21.3367
9.33991	21.3844
9.34164	21.432
9.34273	21.4796
9.34409	21.5272
9.34687	21.5748
9.34961	21.6225
9.35238	21.6701
9.35372	21.7177
9.3545	21.7653
9.35581	21.8129
9.35716	21.8605
9.35855	21.9082
9.3593	21.9558
9.36065	22.0034
9.36635	22.0489
9.36842	22.0943
9.37049	22.1398
9.3756	22.1852
9.37777	22.2307
9.37961	22.2761
9.38091	22.3216
9.38222	22.367
9.38357	22.4125
9.38495	22.4579
9.38639	22.5034
9.38846	22.5489
9.38914	22.5943
9.38983	22.6398
9.39052	22.6852
9.39122	22.7307
9.39257	22.7761
9.39393	22.8216
9.39848	22.867
9.39984	22.9125
9.41368	22.9579
9.41506	23.0034
9.41653	23.0469
9.41717	23.0904
9.41927	23.1338
9.42067	23.1773
9.42548	23.2208
9.43034	23.2643
9.43168	23.3078
9.4324	23.3512
9.43378	23.3947
9.43518	23.4382
9.43595	23.4817
9.4366	23.5251
9.43731	23.5686
9.43902	23.6121
9.43981	23.6556
9.44051	23.6991
9.44122	23.7425
9.44247	23.786
9.44316	23.8295
9.45082	23.873
9.45149	23.9164
9.45287	23.9599
9.4556	24.0034
9.45838	24.0451
9.46179	24.0867
9.47568	24.1284
9.47849	24.1701
9.4798	24.2117
9.48188	24.2534
9.48466	24.2951
9.48741	24.3367
9.49031	24.3784
9.49155	24.4201
9.49297	24.4617
9.4937	24.5034
9.49433	24.5451
9.49572	24.5867
9.49782	24.6284
9.49989	24.6701
9.50195	24.7117
9.50333	24.7534
9.50405	24.7951
9.50472	24.8367
9.50549	24.8784
9.50613	24.9201
9.50684	24.9617
9.50755	25.0034
9.50823	25.0434
9.5089	25.0834
9.51031	25.1234
9.51237	25.1634
9.51512	25.2034
9.51651	25.2434
9.51861	25.2834
9.52064	25.3234
9.52337	25.3634
9.52819	25.4034
9.53231	25.4434
9.53853	25.4834
9.5399	25.5234
9.5448	25.5634
9.54894	25.6034
9.54961	25.6434
9.55031	25.6834
9.55098	25.7234
9.55166	25.7634
9.55234	25.8034
9.55303	25.8434
9.55373	25.8834
9.5544	25.9234
9.5551	25.9634
9.55582	26.0034
9.55718	26.0419
9.55854	26.0803
9.55999	26.1188
9.56138	26.1573
9.5635	26.1957
9.56554	26.2342
9.56756	26.2726
9.56893	26.3111
9.56966	26.3496
9.57656	26.388
9.57726	26.4265
9.57861	26.4649
9.57998	26.5034
9.58071	26.5419
9.58279	26.5803
9.58347	26.6188
9.58486	26.6573
9.58555	26.6957
9.58694	26.7342
9.5883	26.7726
9.58967	26.8111
9.59037	26.8496
9.59174	26.888
9.59242	26.9265
9.59381	26.9649
9.59521	27.0034
9.60068	27.0404
9.60344	27.0775
9.61587	27.1145
9.61655	27.1516
9.61792	27.1886
9.61999	27.2256
9.62135	27.2627
9.62203	27.2997
9.62343	27.3367
9.6248	27.3738
9.62627	27.4108
9.62762	27.4478
9.62899	27.4849
9.6332	27.5219
9.63389	27.559
9.63461	27.596
9.63528	27.633
9.63596	27.6701
9.63665	27.7071
9.63736	27.7441
9.63947	27.7812
9.64086	27.8182
9.64221	27.8553
9.64358	27.8923
9.64431	27.9293
9.64496	27.9664
9.6457	28.0034
9.6464	28.0391
9.64776	28.0748
9.65256	28.1105
9.65391	28.1463
9.65599	28.182
9.65803	28.2177
9.6594	28.2534
9.66009	28.2891
9.66085	28.3248
9.67253	28.3605
9.67389	28.3963
9.67527	28.432
9.67665	28.4677
9.67802	28.5034
9.6787	28.5391
9.67938	28.5748
9.68008	28.6105
9.68076	28.6463
9.68216	28.682
9.68354	28.7177
9.6849	28.7534
9.68632	28.7891
9.68907	28.8248
9.69113	28.8605
9.69319	28.8963
9.69595	28.932
9.69804	28.9677
9.69942	29.0034
9.70016	29.0379
9.70094	29.0724
9.70165	29.1069
9.70235	29.1413
9.70306	29.1758
9.70509	29.2103
9.70715	29.2448
9.70853	29.2793
9.7106	29.3137
9.71129	29.3482
9.71194	29.3827
9.71331	29.4172
9.71611	29.4517
9.71679	29.4862
9.7182	29.5206
9.71952	29.5551
9.7209	29.5896
9.72159	29.6241
9.72323	29.6586
9.72392	29.6931
9.72461	29.7275
9.72529	29.762
9.72601	29.7965
9.72668	29.831
9.72807	29.8655
9.73081	29.9
9.73222	29.9344
9.73775	29.9689
9.74047	30.0034
9.74187	30.0367
9.74322	30.0701
9.74463	30.1034
9.75018	30.1367
9.75299	30.1701
9.7537	30.2034
9.75508	30.2367
9.75716	30.2701
9.75922	30.3034
9.76127	30.3367
9.76268	30.3701
9.76401	30.4034
9.76474	30.4367
9.76547	30.4701
9.76612	30.5034
9.76686	30.5367
9.76752	30.5701
9.76892	30.6034
9.76956	30.6367
9.77032	30.6701
9.77093	30.7034
9.77162	30.7367
9.77231	30.7701
9.77302	30.8034
9.7737	30.8367
9.77507	30.8701
9.77715	30.9034
9.77926	30.9367
9.78132	30.9701
9.78273	31.0034
9.78409	31.0357
9.78477	31.0679
9.78554	31.1002
9.78625	31.1324
9.78698	31.1647
9.78763	31.197
9.78973	31.2292
9.79111	31.2615
9.79761	31.2937
9.80304	31.326
9.80582	31.3582
9.80718	31.3905
9.80857	31.4228
9.80993	31.455
9.81135	31.4873
9.81201	31.5195
9.81269	31.5518
9.81339	31.584
9.8141	31.6163
9.81478	31.6486
9.81547	31.6808
9.81616	31.7131
9.81685	31.7453
9.81825	31.7776
9.81967	31.8099
9.82031	31.8421
9.821	31.8744
9.82656	31.9066
9.82793	31.9389
9.82931	31.9711
9.83073	32.0034
9.83342	32.0347
9.8341	32.0659
9.8348	32.0972
9.83968	32.1284
9.84174	32.1597
9.84254	32.1909
9.84316	32.2222
9.84387	32.2534
9.84453	32.2847
9.84526	32.3159
9.84593	32.3472
9.84662	32.3784
9.84734	32.4097
9.84801	32.4409
9.84943	32.4722
9.85079	32.5034
9.85217	32.5347
9.85356	32.5659
9.85566	32.5972
9.85785	32.6284
9.85979	32.6597
9.8605	32.6909
9.86121	32.7222
9.86198	32.7534
9.86337	32.7847
9.86466	32.8159
9.86534	32.8472
9.86953	32.8784
9.87095	32.9097
9.87259	32.9409
9.8748	32.9722
9.87551	33.0034
9.87626	33.0337
9.8781	33.064
9.8795	33.0943
9.88414	33.1246
9.88485	33.1549
9.88687	33.1852
9.88894	33.2155
9.88962	33.2458
9.89242	33.2761
9.89515	33.3064
9.89653	33.3367
9.89791	33.367
9.89931	33.3973
9.90007	33.4276
9.90147	33.4579
9.9042	33.4883
9.9049	33.5186
9.90582	33.5489
9.9127	33.5792
9.9182	33.6095
9.91958	16.8047
9.92024	16.8672
9.92232	16.9297
9.92374	16.9922
9.92445	17.0547
9.92518	17.1136
9.92651	17.1724
9.92859	17.2312
9.92997	17.29
9.93074	17.3488
9.93223	17.4077
9.9336	17.4665
9.93496	17.5253
9.93689	17.5841
9.93827	17.643
9.94042	17.7018
9.94308	17.7606
9.94449	17.8194
9.94516	17.8783
9.94656	17.9371
9.94792	17.9959
9.95068	18.0547
9.95762	18.1103
9.9603	18.1658
9.96236	18.2214
9.96379	18.277
9.96461	18.3325
9.96528	18.3881
9.96604	18.4436
9.96667	18.4992
9.96738	18.5547
9.96807	18.6103
9.97385	18.6658
9.97522	18.7214
9.9773	18.777
9.97871	18.8325
9.98006	18.8881
9.98355	18.9436
9.98623	18.9992
9.98766	19.0547
9.989	19.1074
9.99105	19.16
9.99241	19.2126
9.99311	19.2653
9.99798	19.3179
9.99869	19.3705
10.0015	19.4232
10.0028	19.4758
10.0063	19.5284
10.0071	19.581
10.0119	19.6337
10.0134	19.6863
10.0139	19.7389
10.0163	19.7916
10.017	19.8442
10.0191	19.8968
10.0219	19.9495
10.0239	20.0021
10.0267	20.0521
10.0294	20.1021
10.0315	20.1521
10.0343	20.2021
10.0363	20.2521
10.0477	20.3021
10.0505	20.3521
10.0539	20.4021
10.056	20.4521
10.0602	20.5021
10.0615	20.5521
10.0672	20.6021
10.0686	20.6521
10.0707	20.7021
10.072	20.7521
10.0734	20.8021
10.0741	20.8521
10.0755	20.9021
10.0768	20.9521
10.0775	21.0021
10.0782	21.0497
10.0789	21.0973
10.0796	21.145
10.0803	21.1926
10.081	21.2402
10.0881	21.2878
10.0887	21.3354
10.0901	21.3831
10.0922	21.4307
10.1073	21.4783
10.1094	21.5259
10.1101	21.5735
10.1108	21.6211
10.1121	21.6688
10.1128	21.7164
10.1146	21.764
10.116	21.8116
10.1173	21.8592
10.1187	21.9069
10.1201	21.9545
10.1215	22.0021
10.1236	22.0476
10.1249	22.093
10.127	22.1385
10.1284	22.1839
10.134	22.2294
10.1347	22.2748
10.1354	22.3203
10.1361	22.3657
10.1367	22.4112
10.1375	22.4566
10.1382	22.5021
10.1403	22.5476
10.1416	22.593
10.1623	22.6385
10.163	22.6839
10.1637	22.7294
10.1644	22.7748
10.1652	22.8203
10.1658	22.8657
10.1679	22.9112
10.1699	22.9566
10.172	23.0021
10.1748	23.0456
10.1762	23.0891
10.1775	23.1325
10.1803	23.176
10.1851	23.2195
10.1866	23.263
10.1872	23.3064
10.1879	23.3499
10.1887	23.3934
10.1894	23.4369
10.1902	23.4804
10.1908	23.5238
10.1922	23.5673
10.1936	23.6108
10.1943	23.6543
10.2018	23.6978
10.2108	23.7412
10.2149	23.7847
10.2169	23.8282
10.2197	23.8717
10.2213	23.9151
10.2219	23.9586
10.2226	24.0021
10.2233	24.0438
10.2241	24.0854
10.2248	24.1271
10.2262	24.1688
10.2282	24.2104
10.2296	24.2521
10.2324	24.2938
10.2399	24.3354
10.2413	24.3771
10.2427	24.4188
10.2441	24.4604
10.2447	24.5021
10.2455	24.5438
10.2462	24.5854
10.2468	24.6271
10.2525	24.6688
10.2538	24.7104
10.2561	24.7521
10.2573	24.7938
10.2587	24.8354
10.26	24.8771
10.2614	24.9188
10.2628	24.9604
10.2648	25.0021
10.2676	25.0421
10.2704	25.0821
10.2718	25.1221
10.2731	25.1621
10.2745	25.2021
10.2759	25.2421
10.2787	25.2821
10.2801	25.3221
10.2815	25.3621
10.2835	25.4021
10.2849	25.4421
10.2863	25.4821
10.2884	25.5221
10.2897	25.5621
10.2919	25.6021
10.2926	25.6421
10.2933	25.6821
10.294	25.7221
10.2948	25.7621
10.2954	25.8021
10.2961	25.8421
10.2968	25.8821
10.2975	25.9221
10.2982	25.9621
10.2989	26.0021
10.3024	26.0406
10.3072	26.079
10.3106	26.1175
10.3133	26.1559
10.314	26.1944
10.3168	26.2329
10.3211	26.2713
10.3217	26.3098
10.3224	26.3483
10.3231	26.3867
10.3245	26.4252
10.3259	26.4636
10.3273	26.5021
10.3286	26.5406
10.3294	26.579
10.3301	26.6175
10.3308	26.6559
10.3315	26.6944
10.3321	26.7329
10.3329	26.7713
10.3337	26.8098
10.3344	26.8483
10.3351	26.8867
10.3357	26.9252
10.3364	26.9636
10.3371	27.0021
10.3385	27.0391
10.342	27.0762
10.3433	27.1132
10.3447	27.1502
10.3461	27.1873
10.3475	27.2243
10.353	27.2614
10.3571	27.2984
10.3592	27.3354
10.3606	27.3725
10.3613	27.4095
10.362	27.4465
10.3633	27.4836
10.364	27.5206
10.3675	27.5577
10.3689	27.5947
10.3696	27.6317
10.3703	27.6688
10.371	27.7058
10.3717	27.7428
10.3725	27.7799
10.3732	27.8169
10.3739	27.854
10.3746	27.891
10.3753	27.928
10.3762	27.9651
10.3776	28.0021
10.379	28.0378
10.3804	28.0735
10.3817	28.1092
10.3845	28.145
10.3865	28.1807
10.3886	28.2164
10.39	28.2521
10.3914	28.2878
10.3934	28.3235
10.403	28.3592
10.4051	28.395
10.4058	28.4307
10.4065	28.4664
10.4072	28.5021
10.4079	28.5378
10.4086	28.5735
10.4093	28.6092
10.41	28.645
10.4107	28.6807
10.4114	28.7164
10.4189	28.7521
10.4202	28.7878
10.4223	28.8235
10.423	28.8592
10.4237	28.895
10.4254	28.9307
10.4322	28.9664
10.4343	29.0021
10.4384	29.0366
10.4404	29.0711
10.4411	29.1055
10.4418	29.14
10.4432	29.1745
10.4445	29.209
10.4459	29.2435
10.4473	29.278
10.4487	29.3124
10.4501	29.3469
10.4514	29.3814
10.4528	29.4159
10.4551	29.4504
10.4557	29.4849
10.4571	29.5193
10.4592	29.5538
10.4606	29.5883
10.4619	29.6228
10.4633	29.6573
10.4647	29.6918
10.4668	29.7262
10.4681	29.7607
10.4702	29.7952
10.4736	29.8297
10.475	29.8642
10.4758	29.8987
10.4765	29.9331
10.4772	29.9676
10.4786	30.0021
10.4799	30.0354
10.4815	30.0688
10.4835	30.1021
10.4849	30.1354
10.4876	30.1688
10.489	30.2021
10.4911	30.2354
10.4931	30.2688
10.4959	30.3021
10.4986	30.3354
10.5007	30.3688
10.5035	30.4021
10.5071	30.4354
10.5077	30.4688
10.5084	30.5021
10.5091	30.5354
10.5112	30.5688
10.5133	30.6021
10.5147	30.6354
10.5161	30.6688
10.5182	30.7021
10.5202	30.7354
10.5223	30.7688
10.523	30.8021
10.5243	30.8354
10.525	30.8688
10.5271	30.9021
10.5305	30.9354
10.5326	30.9688
10.534	31.0021
10.5354	31.0344
10.5367	31.0666
10.5381	31.0989
10.5395	31.1311
10.5402	31.1634
10.5416	31.1956
10.543	31.2279
10.5436	31.2602
10.5443	31.2924
10.5457	31.3247
10.5471	31.3569
10.5498	31.3892
10.5526	31.4215
10.554	31.4537
10.5575	31.486
10.5602	31.5182
10.563	31.5505
10.5651	31.5827
10.5664	31.615
10.5678	31.6473
10.5686	31.6795
10.5693	31.7118
10.57	31.744
10.5706	31.7763
10.5713	31.8086
10.572	31.8408
10.5755	31.8731
10.5776	31.9053
10.579	31.9376
10.5805	31.9698
10.5839	32.0021
10.5867	32.0334
10.5894	32.0646
10.5915	16.0323
10.5942	16.0948
10.597	16.1573
10.5997	16.2198
10.6025	16.2823
10.6039	16.3448
10.6046	16.4073
10.6052	16.4698
10.6067	16.5323
10.6074	16.5948
10.6088	16.6573
10.6102	16.7198
10.6116	16.7823
10.6129	16.8448
10.6143	16.9073
10.6157	16.9698
10.6178	17.0323
10.6198	17.0911
10.624	17.1499
10.6247	17.2088
10.626	17.2676
10.6301	17.3264
10.6316	17.3852
10.6323	17.4441
10.6337	17.5029
10.6358	17.5617
10.6385	17.6205
10.6413	17.6794
10.644	17.7382
10.6468	17.797
10.6488	17.8558
10.6516	17.9147
10.6683	17.9735
10.6703	18.0323
10.6717	18.0879
10.6738	18.1434
10.6745	18.199
10.6759	18.2545
10.6766	18.3101
10.678	18.3656
10.6787	18.4212
10.6801	18.4767
10.6835	18.5323
10.687	18.5879
10.6911	18.6434
10.6938	18.699
10.6952	18.7545
10.6959	18.8101
10.6972	18.8656
10.7043	18.9212
10.7063	18.9767
10.7084	19.0323
10.7098	19.0849
10.7105	19.1376
10.7111	19.1902
10.7118	19.2428
10.7133	19.2955
10.7139	19.3481
10.7153	19.4007
10.7188	19.4534
10.7201	19.506
10.7249	19.5586
10.727	19.6112
10.7297	19.6639
10.7325	19.7165
10.7386	19.7691
10.74	19.8218
10.7414	19.8744
10.7435	19.927
10.7456	19.9797
10.7504	20.0323
10.7518	20.0823
10.7526	20.1323
10.7532	20.1823
10.7581	20.2323
10.7595	20.2823
10.7615	20.3323
10.7629	20.3823
10.7643	20.4323
10.7657	20.4823
10.7734	20.5323
10.7748	20.5823
10.7757	20.6323
10.7816	20.6823
10.783	20.7323
10.7843	20.7823
10.7857	20.8323
10.7912	20.8823
10.8002	20.9323
10.8016	20.9823
10.803	21.0323
10.806	21.0799
10.811	21.1275
10.8173	21.1752
10.8242	21.2228
10.8249	21.2704
10.8256	21.318
10.8263	21.3656
10.827	21.4133
10.8277	21.4609
10.8335	21.5085
10.8349	21.5561
10.8376	21.6037
10.8481	21.6513
10.8488	21.699
10.8495	21.7466
10.8502	21.7942
10.8521	21.8418
10.8563	21.8894
10.8604	21.9371
10.8618	21.9847
10.8638	22.0323
10.8652	22.0778
10.868	22.1232
10.8783	22.1687
10.8825	22.2141
10.886	22.2596
10.8888	22.305
10.8908	22.3505
10.8922	22.3959
10.8936	22.4414
10.895	22.4868
10.8964	22.5323
10.8977	22.5778
10.904	22.6232
10.9047	22.6687
10.9054	22.7141
10.9061	22.7596
10.907	22.805
10.9098	22.8505
10.9125	22.8959
10.9139	22.9414
10.9153	22.9868
10.9166	23.0323
10.918	23.0758
10.9194	23.1193
10.9221	23.1627
10.9297	23.2062
10.9373	23.2497
10.9429	23.2932
10.9443	23.3366
10.9457	23.3801
10.9471	23.4236
10.9485	23.4671
10.9499	23.5106
10.9512	23.554
10.9602	23.5975
10.9616	23.641
10.9623	23.6845
10.963	23.728
10.9657	23.7714
10.9671	23.8149
10.9678	23.8584
10.9692	23.9019
10.9719	23.9453
10.9747	23.9888
10.9774	24.0323
10.9795	24.074
10.9815	24.1156
10.9843	24.1573
10.987	24.199
10.9891	24.2406
11.0056	24.2823
11.0083	24.324
11.0132	24.3656
11.0153	24.4073
11.0167	24.449
11.0181	24.4906
11.0201	24.5323
11.0229	24.574
11.0243	24.6156
11.0257	24.6573
11.0271	24.699
11.0292	24.7406
11.0319	24.7823
11.0326	24.824
11.0333	24.8656
11.0347	24.9073
11.036	24.949
11.0388	24.9906
11.0408	25.0323
11.0429	25.0723
11.0456	25.1123
11.0477	25.1523
11.0491	25.1923
11.0505	25.2323
11.0532	25.2723
11.0546	25.3123
11.0608	25.3523
11.0621	25.3923
11.0628	25.4323
11.0642	25.4723
11.069	25.5123
11.0711	25.5523
11.0766	25.5923
11.0779	25.6323
11.08	25.6723
11.0827	25.7123
11.0841	25.7523
11.0855	25.7923
11.0883	25.8323
11.0904	25.8723
11.0917	25.9123
11.0931	25.9523
11.0945	25.9923
11.0952	26.0323
11.098	26.0708
11.0995	26.1092
11.1014	26.1477
11.1035	26.1861
11.1049	26.2246
11.1063	26.2631
11.1076	26.3015
11.1097	26.34
11.1124	26.3785
11.1131	26.4169
11.1146	26.4554
11.1152	26.4938
11.1159	26.5323
11.1186	26.5708
11.1207	26.6092
11.1221	26.6477
11.1234	26.6861
11.1255	26.7246
11.1269	26.7631
11.1296	26.8015
11.131	26.84
11.1337	26.8785
11.1351	26.9169
11.144	26.9554
11.1461	26.9938
11.1482	27.0323
11.1495	27.0693
11.1509	27.1064
11.1523	27.1434
11.153	27.1804
11.1544	27.2175
11.1551	27.2545
11.1558	27.2916
11.1579	27.3286
11.1593	27.3656
11.16	27.4027
11.1613	27.4397
11.162	27.4767
11.1634	27.5138
11.1641	27.5508
11.1656	27.5879
11.1683	27.6249
11.1704	27.6619
11.1745	27.699
11.1759	27.736
11.1835	27.773
11.1841	27.8101
11.1848	27.8471
11.1869	27.8842
11.1889	27.9212
11.1897	27.9582
11.191	27.9953
11.1923	28.0323
11.1937	28.068
11.1951	28.1037
11.1958	28.1394
11.1972	14.0697
11.1985	14.1412
11.1992	14.2126
11.1999	14.284
11.2006	14.3554
11.2013	14.4269
11.202	14.4983
11.2026	14.5697
11.204	14.6412
11.2068	14.7126
11.2081	14.784
11.2088	14.8554
11.2124	14.9269
11.213	14.9983
11.2137	15.0697
11.2144	15.1364
11.2151	15.2031
11.2158	15.2697
11.2165	15.3364
11.2179	15.4031
11.2186	15.4697
11.22	15.5364
11.2241	15.6031
11.2255	15.6697
11.2268	15.7364
11.2283	15.8031
11.229	15.8697
11.2421	15.9364
11.2427	16.0031
11.2448	16.0656
11.2455	16.1281
11.2469	16.1906
11.2476	16.2531
11.2483	16.3156
11.249	16.3781
11.2538	16.4406
11.2558	16.5031
11.2579	16.5656
11.2586	16.6281
11.26	16.6906
11.2627	16.7531
11.2648	16.8156
11.2669	16.8781
11.2682	16.9406
11.2696	17.0031
11.2703	17.0619
11.271	17.1207
11.2717	17.1795
11.2753	17.2383
11.2774	17.2972
11.2788	17.356
11.2808	17.4148
11.2832	17.4736
11.2849	17.5325
11.287	17.5913
11.289	17.6501
11.2918	17.7089
11.2952	17.7678
11.2967	17.8266
11.2993	17.8854
11.3007	17.9442
11.3014	18.0031
11.3021	18.0586
11.3028	18.1142
11.3037	18.1697
11.3044	18.2253
11.305	18.2808
11.3057	18.3364
11.3067	18.3919
11.308	18.4475
11.3094	18.5031
11.3108	18.5586
11.3128	18.6142
11.3149	18.6697
11.3163	18.7253
11.3184	18.7808
11.3204	18.8364
11.3274	18.8919
11.3281	18.9475
11.3288	19.0031
11.3308	19.0557
11.3329	19.1083
11.3351	19.1609
11.3363	19.2136
11.3426	19.2662
11.3447	19.3188
11.346	19.3715
11.3474	19.4241
11.3487	19.4767
11.3502	19.5294
11.3515	19.582
11.3536	19.6346
11.3543	9.81732
11.3557	9.92843
11.3564	10.0395
11.364	10.1395
11.3654	10.2395
11.3661	10.3395
11.3681	10.4395
11.3696	10.5395
11.3716	10.6395
11.3737	10.7395
11.375	10.8395
11.3771	10.9395
11.3798	11.0395
11.3826	11.1304
11.3847	11.2214
11.3874	11.3123
11.3922	11.4032
11.3936	11.4941
11.3957	11.585
11.3964	11.6759
11.4072	11.7668
11.4085	11.8577
11.4098	11.9486
11.4112	12.0395
11.4126	12.1229
11.4139	12.2062
11.4153	12.2895
11.4174	12.3729
11.4208	12.4562
11.4236	12.5395
11.4256	12.6229
11.4277	12.7062
11.4297	12.7895
11.4325	12.8729
11.4386	12.9562
11.4407	13.0395
11.4462	13.1165
11.447	13.1934
11.4553	13.2703
11.4588	13.3472
11.4601	13.4242
11.4609	13.5011
11.4616	13.578
11.4626	13.6549
11.464	13.7318
11.4654	13.8088
11.4674	13.8857
11.4695	13.9626
11.4722	14.0395
11.475	14.111
11.4785	14.1824
11.4812	14.2538
11.4833	14.3253
11.4908	14.3967
11.4922	14.4681
11.4998	14.5395
11.5011	14.611
11.5082	14.6824
11.511	14.7538
11.5124	14.8253
11.5137	14.8967
11.5151	14.9681
11.5165	15.0395
11.5179	15.1062
11.5193	15.1729
11.52	15.2395
11.5207	15.3062
11.5214	15.3729
11.5221	15.4395
11.5235	15.5062
11.5249	15.5729
11.5272	15.6395
11.528	15.7062
11.5314	15.7729
11.5328	15.8395
11.5375	15.9062
11.5389	15.9729
11.5556	16.0395
11.5566	16.102
11.558	16.1645
11.5587	16.227
11.5601	16.2895
11.5608	16.352
11.5643	16.4145
11.565	16.477
11.5656	16.5395
11.5663	16.602
11.5677	16.6645
11.5683	16.727
11.569	16.7895
11.5697	16.852
11.5704	16.9145
11.5711	16.977
11.5718	17.0395
11.5733	17.0984
11.574	17.1572
11.585	17.216
11.5891	17.2748
11.6086	17.3337
11.61	17.3925
11.6107	17.4513
11.6114	17.5101
11.6121	17.569
11.6134	17.6278
11.6141	17.6866
11.6148	17.7454
11.6155	17.8042
11.6161	17.8631
11.6168	17.9219
11.6175	17.9807
11.6182	18.0395
11.6195	18.0951
11.6203	18.1507
11.6209	18.2062
11.6216	18.2618
11.6223	18.3173
11.623	18.3729
11.6237	18.4284
11.6298	18.484
11.6312	18.5395
11.6552	18.5951
11.6565	18.6507
11.6579	18.7062
11.6593	18.7618
11.66	18.8173
11.6607	18.8729
11.6614	18.9284
11.6621	18.984
11.6628	19.0395
11.6634	19.0922
11.6641	19.1448
11.6648	19.1974
11.6655	19.2501
11.6663	19.3027
11.6669	19.3553
11.6677	19.408
11.6689	19.4606
11.6703	19.5132
11.6717	19.5659
11.6731	19.6185
11.6745	19.6711
11.6759	19.7237
11.6773	19.7764
11.7015	19.829
11.7029	19.8816
11.7042	19.9343
11.7056	19.9869
11.707	20.0395
11.7083	20.0895
11.7097	20.1395
11.7111	20.1895
11.7125	20.2395
11.7132	20.2895
11.7139	20.3395
11.7146	20.3895
11.7153	20.4395
11.7159	20.4895
11.7166	20.5395
11.7174	20.5895
11.718	20.6395
11.7194	20.6895
11.7208	20.7395
11.7221	20.7895
11.7235	20.8395
11.725	20.8895
11.7264	20.9395
11.7304	20.9895
11.7477	21.0395
11.7498	21.0872
11.7513	21.1348
11.7526	21.1824
11.7539	21.23
11.7553	21.2776
11.7567	21.3253
11.7581	21.3729
11.7595	21.4205
11.7608	21.4681
11.7622	21.5157
11.7636	21.5633
11.765	21.611
11.7664	21.6586
11.7677	21.7062
11.7691	21.7538
11.7705	21.8014
11.7712	21.8491
11.7719	21.8967
11.7726	21.9443
11.7733	21.9919
11.7747	22.0395
11.776	22.085
11.7774	22.1304
11.7788	22.1759
11.7927	22.2214
11.7961	22.2668
11.7982	22.3123
11.7996	22.3577
11.801	22.4032
11.8024	22.4486
11.8038	22.4941
11.8051	22.5395
11.8065	22.585
11.8093	22.6304
11.8106	22.6759
11.812	22.7214
11.8127	22.7668
11.8141	22.8123
11.8148	22.8577
11.8161	22.9032
11.8168	22.9486
11.8182	22.9941
11.8189	23.0395
11.8196	23.083
11.8203	23.1265
11.8209	23.17
11.8224	23.2135
11.8254	23.2569
11.826	23.3004
11.8273	23.3439
11.8404	23.3874
11.8433	23.4308
11.844	23.4743
11.8447	23.5178
11.8458	23.5613
11.8472	23.6048
11.8488	23.6482
11.8501	23.6917
11.8515	23.7352
11.8537	23.7787
11.855	23.8221
11.8557	23.8656
11.8571	23.9091
11.8585	23.9526
11.8598	23.9961
11.8606	24.0395
11.8619	24.0812
11.8626	24.1229
11.8633	24.1645
11.8639	24.2062
11.8647	24.2479
11.8653	24.2895
11.8667	24.3312
11.8681	24.3729
11.8709	24.4145
11.8716	24.4562
11.8722	24.4979
11.8841	24.5395
11.8869	24.5812
11.8882	24.6229
11.8889	24.6645
11.8903	24.7062
11.891	24.7479
11.8925	24.7895
11.8932	24.8312
11.8945	24.8729
11.898	24.9145
11.8994	24.9562
11.9007	24.9979
11.9021	25.0395
11.9035	25.0795
11.9049	25.1195
11.9063	25.1595
11.9076	25.1995
11.909	25.2395
11.9104	25.2795
11.9117	25.3195
11.9132	25.3595
11.9145	25.3995
11.9152	25.4395
11.9159	25.4795
11.9166	25.5195
11.9173	25.5595
11.918	25.5995
11.9187	25.6395
11.9291	25.6795
11.9339	25.7195
11.9353	25.7595
11.9367	25.7995
11.9381	25.8395
11.9388	25.8795
11.9395	25.9195
11.9402	25.9595
11.9409	25.9995
11.9444	26.0395
11.9457	26.078
11.9471	26.1165
11.9485	26.1549
11.9499	26.1934
11.9512	26.2318
11.9527	26.2703
11.9541	26.3088
11.9555	26.3472
11.9569	26.3857
11.9583	26.4242
11.9597	26.4626
11.961	26.5011
11.9624	26.5395
11.9638	26.578
11.9645	26.6165
11.9652	26.6549
11.9659	26.6934
11.9665	26.7318
11.9673	26.7703
11.9763	26.8088
11.9785	26.8472
11.9792	26.8857
11.9813	26.9242
11.982	26.9626
11.9827	27.0011
11.9834	27.0381
11.9841	27.0752
11.9848	27.1122
11.9855	27.1492
11.9869	27.1863
11.9883	27.2233
11.9897	27.2603
11.991	27.2974
11.9924	27.3344
11.9938	27.3714
11.9952	27.4085
11.9965	27.4455
11.9979	27.4826
11.9993	27.5196
12.0007	27.5566
12.002	27.5937
12.0034	27.6307
12.0048	27.6677
12.0062	27.7048
12.0076	27.7418
12.0089	27.7789
12.0103	27.8159
12.0117	27.8529
12.0125	27.89
12.02	27.927
12.0228	27.964
12.0241	28.0011
12.0249	28.0368
12.0256	28.0725
12.0268	28.1082
12.0275	28.1439
12.0289	28.1796
12.0297	28.2154
12.0318	28.2511
12.0325	28.2868
12.0332	28.3225
12.0339	28.3582
12.0346	28.3939
12.0353	28.4296
12.0373	28.4654
12.0387	28.5011
12.0402	28.5368
12.0416	28.5725
12.0429	28.6082
12.0443	28.6439
12.0457	28.6796
12.047	28.7154
12.0484	28.7511
12.0498	28.7868
12.0512	28.8225
12.0526	28.8582
12.054	28.8939
12.0553	28.9296
12.0567	28.9654
12.0581	29.0011
12.0685	29.0356
12.0726	29.07
12.0754	29.1045
12.0761	29.139
12.0768	29.1735
12.0775	29.208
12.0782	29.2425
12.079	29.2769
12.0797	29.3114
12.0804	29.3459
12.0811	29.3804
12.0819	29.4149
12.0825	29.4494
12.0832	29.4838
12.084	29.5183
12.0848	29.5528
12.0855	29.5873
12.0862	29.6218
12.0876	29.6563
12.089	29.6907
12.0904	29.7252
12.0918	29.7597
12.0931	29.7942
12.0945	29.8287
12.0959	29.8631
12.0972	29.8976
12.0986	14.9488
12.1	15.0202
12.1014	15.0869
12.1028	15.1536
12.1042	15.2202
12.1055	15.2869
12.1143	15.3536
12.1192	15.4202
12.1212	15.4869
12.1219	15.5536
12.1226	15.6202
12.1233	15.6869
12.124	15.7536
12.1247	15.8202
12.1254	15.8869
12.1262	15.9536
12.1269	16.0202
12.1283	16.0827
12.129	16.1452
12.1296	16.2077
12.1303	16.2702
12.131	16.3327
12.1317	16.3952
12.1324	16.4577
12.1331	16.5202
12.1338	16.5827
12.1345	16.6452
12.1352	16.7077
12.1366	16.7702
12.1379	16.8327
12.1393	16.8952
12.1407	16.9577
12.1644	17.0202
12.1651	17.0791
12.1658	17.1379
12.1665	17.1967
12.1672	17.2555
12.1679	17.3144
12.1687	17.3732
12.1694	17.432
12.1701	17.4908
12.1711	17.5497
12.1721	17.6085
12.1729	17.6673
12.1735	17.7261
12.1742	17.7849
12.1749	17.8438
12.1756	17.9026
12.1764	17.9614
12.1777	18.0202
12.2028	18.0758
12.2035	18.1314
12.2042	18.1869
12.2049	18.2425
12.2056	18.298
12.2063	18.3536
12.207	18.4091
12.209	18.4647
12.2097	18.5202
12.2104	18.5758
12.2111	18.6314
12.2118	18.6869
12.2125	18.7425
12.2132	18.798
12.2139	18.8536
12.2145	18.9091
12.2153	18.9647
12.216	19.0202
12.2166	19.0729
12.2573	19.1255
12.2581	19.1781
12.2592	19.2308
12.2599	19.2834
12.2613	19.336
12.262	19.3887
12.2627	19.4413
12.2635	19.4939
12.2642	19.5466
12.2649	19.5992
12.2656	19.6518
12.2663	19.7045
12.267	19.7571
12.268	19.8097
12.2691	19.8623
12.2698	19.915
12.2705	19.9676
12.2712	20.0202
12.2719	20.0702
12.2726	20.1202
12.3115	20.1702
12.3129	20.2202
12.3136	20.2702
12.3143	20.3202
12.315	20.3702
12.3156	20.4202
12.3163	20.4702
12.317	20.5202
12.3177	20.5702
12.3185	20.6202
12.3192	20.6702
12.3199	20.7202
12.3206	20.7702
12.3213	20.8202
12.322	20.8702
12.3227	20.9202
12.3234	20.9702
12.3242	21.0202
12.3249	21.0679
12.3255	21.1155
12.3262	21.1631
12.3571	21.2107
12.3584	21.2583
12.3598	21.306
12.3612	21.3536
12.3626	21.4012
12.364	21.4488
12.3654	21.4964
12.3668	21.5441
12.3675	21.5917
12.3684	21.6393
12.3689	21.6869
12.3696	21.7345
12.3703	21.7821
12.371	21.8298
12.3717	21.8774
12.3724	21.925
12.3731	21.9726
12.3738	22.0202
12.3762	22.0657
12.3763	22.1112
12.3763	22.1566
12.3765	22.2021
12.4009	22.2475
12.4022	22.293
12.4037	22.3384
12.4049	22.3839
12.4063	22.4293
12.4077	22.4748
12.4091	22.5202
12.4105	22.5657
12.4119	22.6112
12.4133	22.6566
12.4139	22.7021
12.4146	22.7475
12.4153	22.793
12.416	22.8384
12.4167	22.8839
12.4174	22.9293
12.4181	22.9748
12.4188	23.0202
12.4195	23.0637
12.4202	23.1072
12.4209	23.1507
12.4215	23.1942
12.4222	23.2376
12.4429	23.2811
12.4442	23.3246
12.4463	23.3681
12.4477	23.4115
12.4484	23.455
12.4497	23.4985
12.4511	23.542
12.4525	23.5855
12.4553	23.6289
12.4567	23.6724
12.4574	23.7159
12.4581	23.7594
12.4588	23.8029
12.4595	23.8463
12.4602	23.8898
12.4609	23.9333
12.4616	23.9768
12.4623	24.0202
12.463	24.0619
12.4637	24.1036
12.4644	24.1452
12.4651	24.1869
12.4657	24.2286
12.4664	24.2702
12.4812	24.3119
12.4825	24.3536
12.4839	24.3952
12.4853	24.4369
12.4867	24.4786
12.488	24.5202
12.4894	24.5619
12.4901	24.6036
12.4915	24.6452
12.4928	24.6869
12.4949	24.7286
12.4956	24.7702
12.497	24.8119
12.4977	24.8536
12.4984	24.8952
12.4991	24.9369
12.4998	24.9786
12.5005	25.0202
12.5012	25.0602
12.502	25.1002
12.5029	25.1402
12.5036	25.1802
12.5043	25.2202
12.5049	25.2602
12.5056	25.3002
12.5217	25.3402
12.5229	25.3802
12.5244	25.4202
12.5257	25.4602
12.5271	25.5002
12.5285	25.5402
12.53	25.5802
12.5312	25.6202
12.5326	25.6602
12.5344	25.7002
12.5357	25.7402
12.5372	25.7802
12.5378	25.8202
12.5385	25.8602
12.5392	25.9002
12.5399	25.9402
12.5406	25.9802
12.5413	26.0202
12.542	26.0587
12.5426	26.0972
12.5433	26.1356
12.544	26.1741
12.5454	26.2126
12.5461	26.251
12.5475	26.2895
12.5481	26.3279
12.5601	26.3664
12.5622	26.4049
12.5656	26.4433
12.567	26.4818
12.5684	26.5202
12.5697	26.5587
12.5711	26.5972
12.5726	26.6356
12.5738	26.6741
12.5753	26.7126
12.5767	26.751
12.578	26.7895
12.5787	26.8279
12.5801	26.8664
12.5815	26.9049
12.5822	26.9433
12.5829	26.9818
12.5836	27.0202
12.5849	27.0573
12.5863	27.0943
12.5877	27.1314
12.5891	27.1684
12.5905	27.2054
12.5929	27.2425
12.5943	27.2795
12.5957	27.3165
12.597	27.3536
12.6005	27.3906
12.6025	27.4277
12.6053	27.4647
12.6067	27.5017
12.6081	27.5388
12.6094	27.5758
12.6113	27.6128
12.6126	27.6499
12.614	27.6869
12.6155	27.7239
12.6179	27.761
12.6192	27.798
12.6207	27.8351
12.6221	27.8721
12.6248	27.9091
12.6261	27.9462
12.6275	27.9832
12.6289	28.0202
12.6306	28.056
12.632	28.0917
12.6334	28.1274
12.6341	28.1631
12.6354	28.1988
12.6368	28.2345
12.6388	28.2702
12.6402	28.306
12.6416	28.3417
12.6429	28.3774
12.6471	28.4131
12.6499	28.4488
12.654	28.4845
12.6555	28.5202
12.6568	28.556
12.6581	28.5917
12.6595	28.6274
12.6609	28.6631
12.6623	28.6988
12.663	28.7345
12.6637	28.7702
12.6644	28.806
12.6651	28.8417
12.6658	28.8774
12.6665	28.9131
12.6679	28.9488
12.6692	28.9845
12.6706	29.0202
12.672	29.0547
12.6734	29.0892
12.6748	29.1237
12.6755	29.1582
12.6762	29.1927
12.6768	29.2271
12.6778	29.2616
12.6797	29.2961
12.6804	29.3306
12.6811	29.3651
12.6824	29.3996
12.6866	29.434
12.69	29.4685
12.6935	29.503
12.6949	29.5375
12.6956	29.572
12.6976	29.6065
12.699	29.6409
12.7008	29.6754
12.7031	29.7099
12.7059	29.7444
12.7065	29.7789
12.7072	29.8133
12.7079	29.8478
12.7086	29.8823
12.7093	29.9168
12.7106	29.9513
12.712	29.9858
12.7134	30.0202
12.7148	30.0536
12.7161	30.0869
12.7182	30.1202
12.719	30.1536
12.7196	30.1869
12.7204	30.2202
12.7212	30.2536
12.7218	30.2869
12.7226	30.3202
12.7233	30.3536
12.724	30.3869
12.7248	30.4202
12.7254	30.4536
12.7296	30.4869
12.7317	30.5202
12.736	30.5536
12.7393	30.5869
12.7407	30.6202
12.7421	30.6536
12.7428	30.6869
12.7442	30.7202
12.7462	30.7536
12.747	30.7869
12.7477	30.8202
12.7484	30.8536
12.749	30.8869
12.7497	30.9202
12.751	30.9536
12.7524	30.9869
12.7538	31.0202
12.7552	31.0525
12.7565	31.0848
12.7586	31.117
12.76	31.1493
12.7607	31.1815
12.7614	31.2138
12.7631	31.246
12.7638	31.2783
12.7644	31.3106
12.7651	31.3428
12.7658	31.3751
12.7665	31.4073
12.7673	31.4396
12.7679	31.4719
12.7686	31.5041
12.7707	31.5364
12.7762	31.5686
12.7783	31.6009
12.7804	31.6331
12.7818	31.6654
12.7832	31.6977
12.7845	31.7299
12.7852	31.7622
12.7859	31.7944
12.7866	31.8267
12.7872	31.859
12.788	31.8912
12.7889	31.9235
12.7895	31.9557
12.7908	31.988
12.7921	32.0202
12.7935	32.0515
12.7949	32.0827
12.7962	32.114
12.7976	32.1452
12.8004	32.1765
12.8011	32.2077
12.802	32.239
12.8026	32.2702
12.8033	32.3015
12.8041	32.3327
12.8048	32.364
12.8054	32.3952
12.8061	32.4265
12.8073	32.4577
12.808	32.489
12.8087	32.5202
12.8093	32.5515
12.8132	32.5827
12.8158	32.614
12.8184	32.6452
12.8205	32.6765
12.8227	32.7077
12.8256	32.739
12.8263	32.7702
12.827	32.8015
12.8277	32.8327
12.8284	32.864
12.8291	32.8952
12.8298	32.9265
12.8305	32.9577
12.8312	32.989
12.8327	33.0202
12.8333	33.0505
12.8347	33.0808
12.8354	33.1112
12.8368	33.1415
12.8375	33.1718
12.8381	33.2021
12.839	33.2324
12.8397	33.2627
12.8408	33.293
12.8415	33.3233
12.8422	33.3536
12.8429	33.3839
12.8436	33.4142
12.8443	33.4445
12.845	33.4748
12.8457	33.5051
12.8464	33.5354
12.8476	33.5657
12.8484	33.596
12.8499	33.6263
12.8532	33.6566
12.8554	33.6869
12.8584	33.7172
12.8629	33.7475
12.8652	33.7778
12.8659	33.8081
12.8665	33.8384
12.8673	33.8687
12.8679	33.899
12.8686	33.9293
12.8693	33.9596
12.8705	33.9899
12.8725	34.0202
12.8738	34.0497
12.8752	34.0791
12.876	34.1085
12.8766	34.1379
12.8773	34.1673
12.878	34.1967
12.8787	34.2261
12.8794	34.2555
12.8801	34.2849
12.8808	34.3144
12.8815	34.3438
12.8822	34.3732
12.8829	34.4026
12.8837	34.432
12.8844	34.4614
12.8857	34.4908
12.8864	34.5202
12.8871	34.5497
12.8885	34.5791
12.8899	34.6085
12.8912	34.6379
12.8926	34.6673
12.894	34.6967
12.8955	34.7261
12.9023	34.7555
12.9064	34.7849
12.9078	34.8144
12.9085	34.8438
12.9094	34.8732
12.9101	34.9026
12.9108	34.932
12.9114	34.9614
12.9121	34.9908
12.9134	35.0202
12.9148	35.0488
12.9162	17.5244
12.9185	17.5832
12.9191	17.6421
12.9198	17.7009
12.9205	17.7597
12.9212	17.8185
12.9219	17.8773
12.9226	17.9362
12.9233	17.995
12.924	18.0538
12.9246	18.1094
12.9253	18.1649
12.926	18.2205
12.9273	18.276
12.9279	18.3316
12.9293	18.3872
12.93	18.4427
12.9307	18.4983
12.9314	18.5538
12.9328	18.6094
12.9342	18.6649
12.9355	18.7205
12.9369	18.776
12.939	18.8316
12.9448	18.8872
12.9494	18.9427
12.9515	18.9983
12.9523	19.0538
12.9536	19.1065
12.9544	19.1591
12.9552	19.2117
12.9557	19.2643
12.957	19.317
12.9584	19.3696
12.962	19.4222
12.9627	19.4749
12.9634	19.5275
12.9648	19.5801
12.9655	19.6328
12.9675	19.6854
12.9689	19.738
12.9717	19.7907
12.9752	19.8433
12.9815	19.8959
12.9843	19.9486
12.9856	20.0012
12.9863	20.0512
12.987	20.1012
12.9877	20.1512
12.9884	20.2012
12.9891	20.2512
12.9897	20.3012
12.9918	20.3512
12.994	20.4012
12.9947	20.4512
12.996	20.5012
12.9974	20.5512
12.9988	20.6012
12.9995	20.6512
13.0009	20.7012
13.0023	20.7512
13.0044	20.8012
13.0096	20.8512
13.0131	20.9012
13.0145	20.9512
13.0153	21.0012
13.016	21.0488
13.0167	21.0964
13.0181	21.144
13.021	21.1917
13.0223	21.2393
13.0243	21.2869
13.0257	21.3345
13.0286	21.3821
13.0293	21.4298
13.0301	21.4774
13.0308	21.525
13.0326	21.5726
13.0333	21.6202
13.0347	21.6679
13.0373	21.7155
13.038	21.7631
13.0399	21.8107
13.0428	21.8583
13.0455	21.9059
13.0472	21.9536
13.0486	22.0012
13.0493	22.0466
13.05	22.0921
13.0507	22.1376
13.0547	22.183
13.056	22.2285
13.0598	22.2739
13.0619	22.3194
13.0666	22.3648
13.0681	22.4103
13.0687	22.4557
13.0701	22.5012
13.0714	22.5466
13.0729	22.5921
13.0736	22.6376
13.0757	22.683
13.0763	22.7285
13.077	22.7739
13.0791	22.8194
13.0826	22.8648
13.0846	22.9103
13.0885	22.9557
13.0899	23.0012
13.0915	23.0447
13.0928	23.0881
13.0935	23.1316
13.1003	23.1751
13.1016	23.2186
13.1079	23.2621
13.1117	23.3055
13.1159	23.349
13.1167	23.3925
13.1186	23.436
13.12	23.4794
13.122	23.5229
13.1241	23.5664
13.1259	23.6099
13.1275	23.6534
13.1282	23.6968
13.1289	23.7403
13.1297	23.7838
13.131	23.8273
13.1357	23.8708
13.1388	23.9142
13.1389	23.9577
13.1401	24.0012
13.1414	24.0429
13.1421	24.0845
13.1435	24.1262
13.1457	24.1679
13.1479	24.2095
13.154	24.2512
13.1584	24.2929
13.1617	24.3345
13.1641	24.3762
13.1655	24.4179
13.1668	24.4595
13.1682	24.5012
13.1706	24.5429
13.1721	24.5845
13.1748	24.6262
13.1762	24.6679
13.1769	24.7095
13.1776	24.7512
13.1783	24.7929
13.1797	24.8345
13.1838	24.8762
13.1866	24.9179
13.1873	24.9595
13.1887	25.0012
13.1894	25.0412
13.1907	25.0812
13.193	25.1212
13.1935	25.1612
13.1942	25.2012
13.1991	25.2412
13.205	25.2812
13.2064	25.3212
13.2078	25.3612
13.2091	25.4012
13.2105	25.4412
13.2119	25.4812
13.2133	25.5212
13.2147	25.5612
13.2161	25.6012
13.2175	25.6412
13.2188	25.6812
13.2202	25.7212
13.2216	25.7612
13.223	25.8012
13.2243	25.8412
13.2285	25.8812
13.2313	25.9212
13.2327	25.9612
13.2348	26.0012
13.2355	26.0396
13.2369	26.0781
13.239	26.1166
13.2403	26.155
13.241	26.1935
13.2419	26.232
13.2444	26.2704
13.2457	26.3089
13.2478	26.3473
13.2492	26.3858
13.2506	26.4243
13.252	26.4627
13.2534	26.5012
13.2547	26.5396
13.2561	26.5781
13.2575	26.6166
13.2589	26.655
13.2602	26.6935
13.2616	26.732
13.263	26.7704
13.2643	26.8089
13.2657	26.8473
13.2671	26.8858
13.2699	26.9243
13.2713	26.9627
13.2749	27.0012
13.2762	27.0382
13.2784	27.0753
13.2811	27.1123
13.2819	27.1493
13.2832	27.1864
13.2854	27.2234
13.2864	27.2604
13.2871	27.2975
13.2885	27.3345
13.2885	27.3716
13.2892	27.4086
13.2899	27.4456
13.2911	27.4827
13.2925	27.5197
13.2946	27.5567
13.2967	27.5938
13.298	27.6308
13.2987	27.6679
13.3008	27.7049
13.3015	27.7419
13.3029	27.779
13.3043	27.816
13.3056	27.853
13.3077	27.8901
13.309	27.9271
13.3104	27.9642
13.3118	28.0012
13.3132	28.0369
13.3146	28.0726
13.3159	28.1083
13.3173	28.144
13.3187	28.1798
13.3228	28.2155
13.3299	28.2512
13.3312	28.2869
13.3326	28.3226
13.3334	28.3583
13.334	28.394
13.3347	28.4298
13.3354	28.4655
13.3371	28.5012
13.3378	28.5369
13.3385	28.5726
13.3392	28.6083
13.3399	28.644
13.3406	28.6798
13.3419	28.7155
13.3421	28.7512
13.3434	28.7869
13.3453	28.8226
13.3478	28.8583
13.3488	28.894
13.3501	28.9298
13.3515	28.9655
13.3529	29.0012
13.3558	29.0357
13.3579	29.0702
13.3593	29.1046
13.3617	29.1391
13.3639	29.1736
13.3652	29.2081
13.3738	29.2426
13.3751	29.277
13.3764	29.3115
13.3777	29.346
13.381	29.3805
13.3832	29.415
13.3848	29.4495
13.3881	29.4839
13.3895	29.5184
13.3908	29.5529
13.3924	29.5874
13.3934	29.6219
13.3941	29.6564
13.3948	29.6908
13.3955	29.7253
13.3963	29.7598
13.3973	29.7943
13.3977	29.8288
13.3995	29.8633
13.3996	29.8977
13.4004	29.9322
13.4011	29.9667
13.4025	30.0012
13.4045	30.0345
13.4059	30.0679
13.4078	30.1012
13.4092	30.1345
13.4106	30.1679
13.412	30.2012
13.421	30.2345
13.4223	30.2679
13.4237	30.3012
13.4251	30.3345
13.4265	30.3679
13.4285	30.4012
13.4299	30.4345
13.4313	30.4679
13.4326	30.5012
13.434	15.2506
13.4354	15.3173
13.4375	15.3839
13.4389	15.4506
13.4396	15.5173
13.441	15.5839
13.4424	15.6506
13.4437	15.7173
13.4451	15.7839
13.4458	15.8506
13.4466	15.9173
13.4472	15.9839
13.4479	16.0506
13.4486	16.1131
13.4508	16.1756
13.4509	16.2381
13.4517	16.3006
13.4524	16.3631
13.4552	16.4256
13.4565	16.4881
13.4579	16.5506
13.4669	16.6131
13.4683	16.6756
13.4699	16.7381
13.4712	16.8006
13.4725	16.8631
13.4753	16.9256
13.4774	16.9881
13.4794	17.0506
13.4808	17.1094
13.4878	17.1682
13.4892	17.2271
13.4913	17.2859
13.492	17.3447
13.4935	17.4035
13.4942	17.4624
13.4948	17.5212
13.5058	17.58
13.5072	17.6388
13.5086	17.6977
13.51	17.7565
13.5113	17.8153
13.5127	17.8741
13.5141	17.9329
13.5155	17.9918
13.5169	18.0506
13.5182	18.1061
13.5258	18.1617
13.5278	18.2173
13.53	18.2728
13.5307	18.3284
13.5314	18.3839
13.5321	18.4395
13.5328	18.495
13.5343	18.5506
13.5354	18.6061
13.5375	18.6617
13.5388	18.7173
13.5402	18.7728
13.5416	18.8284
13.543	18.8839
13.5443	18.9395
13.5457	18.995
13.5471	19.0506
13.5484	19.1032
13.5498	19.1559
13.5515	19.2085
13.555	19.2611
13.557	19.3138
13.5577	19.3664
13.5591	19.419
13.5604	19.4716
13.571	19.5243
13.5725	19.5769
13.5732	19.6295
13.5739	19.6822
13.5746	19.7348
13.5753	19.7874
13.5759	19.8401
13.5767	19.8927
13.5774	19.9453
13.5781	19.998
13.5788	20.0506
13.5801	20.1006
13.5816	20.1506
13.5829	20.2006
13.5851	20.2506
13.5871	20.3006
13.5885	20.3506
13.5899	20.4006
13.592	20.4506
13.6061	20.5006
13.6068	20.5506
13.6075	20.6006
13.6091	20.6506
13.6098	20.7006
13.6105	20.7506
13.6112	20.8006
13.6119	20.8506
13.6126	20.9006
13.6133	20.9506
13.6147	21.0006
13.6157	21.0482
13.6171	21.0958
13.6178	21.1435
13.6185	21.1911
13.6192	21.2387
13.62	21.2863
13.6209	21.3339
13.6214	21.3815
13.6228	21.4292
13.6346	21.4768
13.6353	21.5244
13.636	21.572
13.6367	21.6196
13.6374	21.6673
13.6381	21.7149
13.6388	21.7625
13.6401	21.8101
13.6408	21.8577
13.6415	21.9054
13.6422	21.953
13.6436	22.0006
13.6443	22.046
13.6457	22.0915
13.6471	22.137
13.6477	22.1824
13.6484	22.2279
13.6492	22.2733
13.6498	22.3188
13.6505	22.3642
13.6519	22.4097
13.6727	22.4551
13.6741	22.5006
13.6748	22.546
13.6755	22.5915
13.6774	22.637
13.6776	22.6824
13.6783	22.7279
13.679	22.7733
13.6797	22.8188
13.681	22.8642
13.6818	22.9097
13.6825	22.9551
13.6832	23.0006
13.6839	23.0441
13.6845	23.0876
13.6859	23.131
13.6866	23.1745
13.6881	23.218
13.6888	23.2615
13.6894	23.3049
13.6902	23.3484
13.6927	23.3919
13.7164	23.4354
13.7171	23.4789
13.7191	23.5223
13.7198	23.5658
13.7205	23.6093
13.7212	23.6528
13.7219	23.6962
13.7226	23.7397
13.7233	23.7832
13.724	23.8267
13.7254	23.8702
13.7268	23.9136
13.7275	23.9571
13.7282	24.0006
13.7289	24.0423
13.7295	24.0839
13.7309	24.1256
13.7316	24.1673
13.7323	24.2089
13.733	24.2506
13.7344	24.2923
13.7358	24.3339
13.7372	24.3756
13.7556	24.4173
13.757	24.4589
13.7578	24.5006
13.7591	24.5423
13.7605	24.5839
13.7612	24.6256
13.7619	24.6673
13.7626	24.7089
13.7633	24.7506
13.764	24.7923
13.7653	24.8339
13.7667	24.8756
13.7674	24.9173
13.7688	24.9589
13.7695	25.0006
13.7702	25.0406
13.7709	25.0806
13.7723	25.1206
13.7737	25.1606
13.7748	25.2006
13.7758	25.2406
13.7765	25.2806
13.7781	25.3206
13.7782	25.3606
13.7949	25.4006
13.7969	25.4406
13.7994	25.4806
13.8008	25.5206
13.8022	25.5606
13.8036	25.6006
13.8043	25.6406
13.805	25.6806
13.8057	25.7206
13.8064	25.7606
13.8071	25.8006
13.8078	25.8406
13.8091	25.8806
13.8105	25.9206
13.8119	25.9606
13.8125	26.0006
13.8139	26.0391
13.8153	26.0775
13.8167	26.116
13.8176	26.1544
13.8181	26.1929
13.8194	26.2314
13.8209	26.2698
13.8222	26.3083
13.8235	26.3467
13.832	26.3852
13.8341	26.4237
13.8368	26.4621
13.8389	26.5006
13.8404	26.5391
13.8417	26.5775
13.8431	26.616
13.8438	26.6544
13.8445	26.6929
13.8453	26.7314
13.8466	26.7698
13.848	26.8083
13.8493	26.8467
13.8507	26.8852
13.8521	26.9237
13.8535	26.9621
13.8542	27.0006
13.8549	27.0376
13.8556	27.0747
13.8569	27.1117
13.8583	27.1487
13.8597	27.1858
13.8621	27.2228
13.8628	27.2599
13.8639	27.2969
13.8653	27.3339
13.869	27.371
13.8704	27.408
13.8717	27.445
13.8742	27.4821
13.8756	27.5191
13.877	27.5561
13.8783	27.5932
13.8797	27.6302
13.8811	27.6673
13.8825	27.7043
13.8848	27.7413
13.8862	27.7784
13.8875	27.8154
13.8883	27.8524
13.8896	27.8895
13.891	27.9265
13.8924	27.9636
13.8938	28.0006
13.8952	28.0363
13.8965	28.072
13.8979	28.1077
13.8993	28.1435
13.9007	28.1792
13.9027	28.2149
13.9035	28.2506
13.9048	28.2863
13.9062	28.322
13.9104	28.3577
13.9125	28.3935
13.9132	28.4292
13.9146	28.4649
13.9159	28.5006
13.9173	28.5363
13.9187	28.572
13.9201	28.6077
13.9214	28.6435
13.9228	28.6792
13.9242	28.7149
13.9256	28.7506
13.9271	28.7863
13.9284	28.822
13.9297	28.8577
13.931	28.8935
13.9324	28.9292
13.9338	28.9649
13.9352	29.0006
13.9366	29.0351
13.938	29.0696
13.9394	29.104
13.9408	29.1385
13.9428	29.173
13.9436	29.2075
13.9449	29.242
13.9462	29.2765
13.9476	29.3109
13.9532	29.3454
13.9546	29.3799
13.9553	29.4144
13.956	29.4489
13.9581	29.4834
13.9616	29.5178
13.963	29.5523
13.9644	29.5868
13.9665	29.6213
13.9679	29.6558
13.9693	29.6902
13.971	29.7247
13.9724	29.7592
13.9738	29.7937
13.9752	29.8282
13.9758	29.8627
13.9766	29.8971
13.9785	29.9316
13.9794	29.9661
13.9808	30.0006
13.9821	30.0339
13.9835	30.0673
13.985	30.1006
13.9863	30.1339
13.9886	30.1673
13.99	30.2006
13.992	30.2339
13.9934	30.2673
13.9948	30.3006
14.0003	30.3339
14.0024	30.3673
14.0031	30.4006
14.0038	30.4339
14.0059	30.4673
14.0087	30.5006
14.01	30.5339
14.0107	30.5673
14.0115	30.6006
14.0121	30.6339
14.0131	30.6673
14.0138	30.7006
14.0145	30.7339
14.0152	30.7673
14.0166	30.8006
14.0183	30.8339
14.0197	30.8673
14.0204	30.9006
14.0217	30.9339
14.0232	30.9673
14.0239	31.0006
14.0252	31.0329
14.0266	31.0651
14.029	31.0974
14.0304	31.1296
14.0318	31.1619
14.0325	31.1941
14.034	31.2264
14.0353	31.2587
14.0366	31.2909
14.0435	31.3232
14.0463	31.3554
14.047	31.3877
14.0477	31.4199
14.0498	31.4522
14.0526	31.4845
14.0539	31.5167
14.0555	31.549
14.0561	31.5812
14.0574	31.6135
14.0581	31.6458
14.0595	31.678
14.0608	31.7103
14.0622	31.7425
14.0629	31.7748
14.0635	31.807
14.0643	31.8393
14.065	31.8716
14.0663	31.9038
14.0677	31.9361
14.0684	31.9683
14.0691	32.0006
14.0704	32.0318
14.0719	32.0631
14.0732	32.0943
14.074	32.1256
14.0778	32.1568
14.0785	32.1881
14.0797	32.2193
14.0811	32.2506
14.0818	32.2818
14.0833	32.3131
14.0846	32.3443
14.0855	32.3756
14.0868	32.4068
14.0882	32.4381
14.092	32.4693
14.0934	32.5006
14.0948	32.5318
14.0961	32.5631
14.0975	32.5943
14.0985	32.6256
14.0998	32.6568
14.1005	32.6881
14.1012	32.7193
14.1019	32.7506
14.1026	32.7818
14.1033	32.8131
14.104	32.8443
14.1053	32.8756
14.1074	32.9068
14.1081	32.9381
14.1088	32.9693
14.1095	33.0006
14.1109	33.0309
14.1131	33.0612
14.1138	33.0915
14.1145	33.1218
14.1166	33.1521
14.1174	33.1824
14.1181	33.2127
14.1187	33.243
14.1215	33.2733
14.1223	33.3036
14.1235	33.3339
14.1243	33.3642
14.125	33.3945
14.1257	33.4248
14.1264	33.4551
14.1285	33.4854
14.1292	33.5157
14.1299	16.7579
14.132	16.8204
14.1346	16.8829
14.1351	16.9454
14.1362	17.0079
14.1375	17.0667
14.1389	17.1255
14.1402	17.1843
14.1416	17.2432
14.143	17.302
14.1437	17.3608
14.1444	17.4196
14.1451	17.4785
14.1465	17.5373
14.1471	17.5961
14.1478	17.6549
14.1492	17.7138
14.15	17.7726
14.1506	17.8314
14.1513	17.8902
14.1527	17.949
14.1541	18.0079
14.1549	18.0634
14.1561	18.119
14.1572	18.1745
14.1597	18.2301
14.1611	18.2857
14.1625	18.3412
14.1626	18.3968
14.1633	18.4523
14.164	18.5079
14.1649	18.5634
14.1654	18.619
14.1757	18.6745
14.1771	18.7301
14.1778	18.7857
14.1784	18.8412
14.1799	18.8968
14.1806	18.9523
14.1812	19.0079
14.1834	19.0605
14.1837	19.1131
