time	cwndsize
0.255102	11
0.256446	12
0.257836	13
0.259184	14
0.2606	15
0.261958	16
0.263333	17
0.265359	18
0.266729	19
0.268082	20
0.269464	21
0.270829	22
0.272248	23
0.273618	24
0.274952	25
0.277174	26
0.277904	27
0.279247	28
0.28063	29
0.281994	30
0.283433	31
0.284813	32
0.286503	33
0.287841	34
0.28925	35
0.290598	36
0.291991	37
0.293444	38
0.294707	39
0.29613	40
0.297482	41
0.298854	42
0.300201	43
0.301586	44
0.30364	45
0.304309	46
0.305697	47
0.307062	48
0.309241	49
0.310488	50
0.322306	51
0.323625	52
0.325022	53
0.326351	54
0.32776	55
0.329083	56
0.330488	57
0.331908	58
0.33325	59
0.334633	60
0.335981	61
0.337347	62
0.33875	63
0.340083	64
0.341526	65
0.342973	66
0.34424	67
0.345626	68
0.347019	69
0.348391	70
0.34975	71
0.351166	72
0.352471	73
0.353873	74
0.355236	75
0.356609	76
0.357974	77
0.359368	78
0.360729	79
0.362118	80
0.363487	81
0.364862	82
0.366227	83
0.367617	84
0.368977	85
0.370343	86
0.371733	87
0.373099	88
0.374492	89
0.375857	90
0.377211	91
0.378616	92
0.379998	93
0.382701	94
0.38336	95
0.384035	96
0.384712	97
0.385415	98
0.38614	99
0.386814	100
0.397319	101
0.398672	102
0.400051	103
0.401411	104
0.402784	105
0.40419	106
0.404872	107
0.405533	108
0.406238	109
0.406911	110
0.408636	111
0.409156	112
0.409836	113
0.410527	114
0.411213	115
0.41191	116
0.412583	117
0.413958	118
0.415328	119
0.416016	120
0.416706	121
0.417457	122
0.418092	123
0.419458	124
0.420904	125
0.421546	126
0.422207	127
0.423581	128
0.424982	129
0.426361	130
0.427699	131
0.428421	132
0.429082	133
0.429773	134
0.430483	135
0.431948	136
0.433274	137
0.433999	138
0.435338	139
0.436009	140
0.437461	141
0.438819	142
0.440222	143
0.440903	144
0.441575	145
0.442265	146
0.443634	147
0.445022	148
0.446376	149
0.447762	150
0.449149	151
0.449816	152
0.451875	153
0.452558	154
0.453248	155
0.454629	156
0.455996	157
0.457372	158
0.458738	159
0.459463	160
0.460131	161
0.461509	162
0.462883	163
0.464351	164
0.464933	165
0.466333	166
0.466978	167
0.468344	168
0.469024	169
0.469716	170
0.470424	171
0.471795	172
0.472465	173
0.473148	174
0.473865	175
0.474517	176
0.475219	177
0.477288	178
0.478634	179
0.480006	180
0.480706	181
0.481397	182
0.482079	183
0.482776	184
0.483481	185
0.484146	186
0.484844	187
0.486762	188
0.487963	189
0.489374	190
0.49072	191
0.491419	192
0.492089	193
0.492797	194
0.493459	195
0.494143	196
0.494827	197
0.495519	198
0.496247	199
0.496902	200
0.500613	201
0.500811	202
0.501615	203
0.502868	204
0.504234	205
0.504917	206
0.506296	207
0.50769	208
0.509037	209
0.510404	210
0.511776	211
0.513194	212
0.513869	213
0.515204	214
0.516599	215
0.517271	216
0.518663	217
0.519326	218
0.520799	219
0.522073	220
0.523447	221
0.524194	222
0.524824	223
0.525489	224
0.526188	225
0.526864	226
0.527561	227
0.528262	228
0.529627	229
0.530992	230
0.532351	231
0.533771	232
0.53514	233
0.536546	234
0.537859	235
0.539226	236
0.539948	237
0.54061	238
0.54199	239
0.543389	240
0.544734	241
0.545474	242
0.546127	243
0.546857	244
0.547496	245
0.548857	246
0.549543	247
0.550282	248
0.551636	249
0.552308	250
0.553012	251
0.554443	252
0.555755	253
0.556464	254
0.557154	255
0.558546	256
0.559867	257
0.561235	258
0.562617	259
0.564012	260
0.564671	261
0.565436	262
0.566067	263
0.566745	264
0.568105	265
0.569505	266
0.570182	267
0.570863	268
0.57224	269
0.573654	270
0.574994	271
0.575669	272
0.576368	273
0.577743	274
0.579122	275
0.58047	276
0.581853	277
0.583211	278
0.584605	279
0.585988	280
0.58665	281
0.587331	282
0.588044	283
0.588715	284
0.589424	285
0.590085	286
0.591448	287
0.592145	288
0.59283	289
0.594199	290
0.596249	291
0.597661	292
0.598337	293
0.59906	294
0.600395	295
0.601745	296
0.603123	297
0.60451	298
0.605191	299
0.605874	300
0.607269	301
0.608635	302
0.610028	303
0.610686	304
0.612063	305
0.612731	306
0.614124	307
0.615484	308
0.616859	309
0.617566	310
0.618251	311
0.620291	312
0.620987	313
0.621695	314
0.623043	315
0.624415	316
0.625109	317
0.625797	318
0.62716	319
0.629221	320
0.630668	321
0.632042	322
0.633504	323
0.63419	324
0.634862	325
0.636245	326
0.637609	327
0.638302	328
0.638983	329
0.639658	330
0.640341	331
0.641053	332
0.641731	333
0.642413	334
0.643086	335
0.643784	336
0.644472	337
0.645152	338
0.645858	339
0.646519	340
0.647214	341
0.648583	342
0.649948	343
0.651336	344
0.6527	345
0.654078	346
0.655464	347
0.656153	348
0.657515	349
0.658202	350
0.659571	351
0.660259	352
0.660939	353
0.66165	354
0.662329	355
0.663005	356
0.663683	357
0.665069	358
0.666428	359
0.667132	179.5
0.667822	179.506
0.669189	179.511
0.670554	179.517
0.671987	179.522
0.67331	179.528
0.674679	179.534
0.676044	179.539
0.677436	179.545
0.678789	179.55
0.680178	179.556
0.681547	179.561
0.68293	179.567
0.684302	179.573
0.68498	179.578
0.685667	179.584
0.687043	179.589
0.688438	179.595
0.689788	179.601
0.691158	179.606
0.692537	179.612
0.693252	179.617
0.694599	179.623
0.695277	179.628
0.695951	179.634
0.696642	179.64
0.697336	179.645
0.69802	179.651
0.698706	179.656
0.699399	179.662
0.700081	179.668
0.700773	179.673
0.702153	179.679
0.702829	179.684
0.703529	179.69
0.704895	179.696
0.706242	179.701
0.706938	179.707
0.708327	179.712
0.709008	179.718
0.7104	179.723
0.716816	179.729
0.718166	179.735
0.720275	179.74
0.720967	179.746
0.721674	179.751
0.722441	179.757
0.723141	179.763
0.723721	179.768
0.72441	179.774
0.725793	179.779
0.726467	179.785
0.727169	179.791
0.72785	179.796
0.730412	179.802
0.731799	179.807
0.732515	179.813
0.733195	179.818
0.734572	179.824
0.735237	179.83
0.735948	179.835
0.737315	179.841
0.737979	179.846
0.73864	179.852
0.739368	179.858
0.740155	179.863
0.740736	179.869
0.742086	179.874
0.742785	179.88
0.743466	179.885
0.744157	179.891
0.745554	179.897
0.746215	179.902
0.746902	179.908
0.747586	179.913
0.748994	179.919
0.75032	179.925
0.752373	179.93
0.75374	179.936
0.755119	179.941
0.755802	179.947
0.757193	179.953
0.758551	179.958
0.759926	179.964
0.761301	179.969
0.762713	179.975
0.764043	179.98
0.765422	179.986
0.76746	179.992
0.76887	179.997
0.770237	180.003
0.772289	180.008
0.774264	180.014
0.775633	180.019
0.77701	180.025
0.778394	180.031
0.77979	180.036
0.780448	180.042
0.782521	180.047
0.783901	180.053
0.784579	180.058
0.786643	180.064
0.788012	180.069
0.788682	180.075
0.789424	180.081
0.791502	180.086
0.792821	180.092
0.794891	180.097
0.796253	180.103
0.797641	180.108
0.799691	180.114
0.801068	180.119
0.801734	180.125
0.802449	180.131
0.8045	180.136
0.805883	180.142
0.806554	180.147
0.807267	180.153
0.808671	180.158
0.809986	180.164
0.811401	180.169
0.812062	180.175
0.812737	180.181
0.814105	180.186
0.815466	180.192
0.816862	180.197
0.817548	180.203
0.818213	180.208
0.819609	180.214
0.82097	180.219
0.822335	180.225
0.823698	180.231
0.825123	180.236
0.826911	180.242
0.828159	180.247
0.829555	180.253
0.830919	180.258
0.832292	180.264
0.832987	180.269
0.834347	180.275
0.835027	180.281
0.835721	180.286
0.837096	180.292
0.837785	180.297
0.838458	180.303
0.839841	180.308
0.841902	180.314
0.843279	180.319
0.843962	180.325
0.845484	180.331
0.846713	180.336
0.848087	180.342
0.849488	180.347
0.850155	180.353
0.851584	180.358
0.852887	180.364
0.853562	180.369
0.854257	180.375
0.85495	180.381
0.856317	180.386
0.858372	180.392
0.859058	180.397
0.860435	180.403
0.861112	180.408
0.861802	180.414
0.862486	180.419
0.863848	180.425
0.864536	180.431
0.86592	180.436
0.866593	180.442
0.867992	180.447
0.868654	180.453
0.870031	180.458
0.870731	180.464
0.871449	180.469
0.87209	180.475
0.873465	180.481
0.87415	180.486
0.874839	180.492
0.875532	180.497
0.87693	180.503
0.877596	180.508
0.878322	180.514
0.878963	180.519
0.880348	180.525
0.881035	180.531
0.881729	180.536
0.882396	180.542
0.883922	180.547
0.884472	180.553
0.885167	180.558
0.885853	180.564
0.886546	180.569
0.887208	180.575
0.888592	180.581
0.889283	180.586
0.889971	180.592
0.890659	180.597
0.892019	180.603
0.892699	180.608
0.893407	180.614
0.894084	180.619
0.894775	180.625
0.896135	180.631
0.89685	180.636
0.897535	180.642
0.898195	180.647
0.898902	180.653
0.899589	180.658
0.900279	180.664
0.900955	180.669
0.901647	180.675
0.902314	180.681
0.903056	180.686
0.903694	180.692
0.904387	180.697
0.905067	180.703
0.905757	180.708
0.906432	180.714
0.907134	180.719
0.9078	180.725
0.908488	180.731
0.909325	180.736
0.909918	180.742
0.910596	180.747
0.91129	180.753
0.911969	180.758
0.912648	180.764
0.913337	180.769
0.914046	180.775
0.914715	180.781
0.915393	180.786
0.916148	180.792
0.916835	180.797
0.917539	180.803
0.918882	180.808
0.91959	180.814
0.920282	180.819
0.920943	180.825
0.921674	180.831
0.922317	180.836
0.922989	180.842
0.923687	180.847
0.924393	180.853
0.92508	180.858
0.925787	180.864
0.92649	180.869
0.927154	180.875
0.927832	180.881
0.928519	180.886
0.929267	180.892
0.929991	180.897
0.930677	180.903
0.93138	180.908
0.932036	180.914
0.93272	180.919
0.933564	180.925
0.934121	180.931
0.934814	180.936
0.935506	180.942
0.936196	180.947
0.936904	180.953
0.937548	180.958
0.938229	180.964
0.938924	180.969
0.93962	180.975
0.940409	180.981
0.940973	180.986
0.941682	180.992
0.942379	180.997
0.943051	181.003
0.944425	181.008
0.945112	181.014
0.945792	181.019
0.94647	181.025
0.947169	181.03
0.947846	181.036
0.948536	181.041
0.949245	181.047
0.949906	181.053
0.950642	181.058
0.951291	181.064
0.95199	181.069
0.952647	181.075
0.953382	181.08
0.954022	181.086
0.954712	181.091
0.955411	181.097
0.956092	181.102
0.956766	181.108
0.957486	181.113
0.958379	181.119
0.959278	181.124
0.959925	181.13
0.960623	181.135
0.961322	181.141
0.96208	181.146
0.962673	181.152
0.963376	181.157
0.964062	181.163
0.964737	181.169
0.965506	181.174
0.966112	181.18
0.966785	181.185
0.967544	181.191
0.968166	181.196
0.968848	181.202
0.969546	181.207
0.97021	181.213
0.970891	181.218
0.971595	181.224
0.972475	181.229
0.973181	181.235
0.974559	181.24
0.97524	181.246
0.975933	181.251
0.97685	181.257
0.977711	181.262
0.978377	181.268
0.979173	181.274
0.97995	181.279
0.980448	181.285
0.981068	181.29
0.981819	181.296
0.982588	181.301
0.983122	181.307
0.983787	181.312
0.984549	181.318
0.98522	181.323
0.985912	181.329
0.986607	181.334
0.987295	181.34
0.987987	181.345
0.988666	181.351
0.989356	181.356
0.990027	181.362
0.990729	181.367
0.991417	181.373
0.992098	181.378
0.992781	181.384
0.993968	181.39
0.994188	181.395
0.994845	181.401
0.995656	181.406
0.996926	181.412
0.997603	181.417
0.998299	181.423
0.998984	181.428
1.00172	181.434
1.0025	181.439
1.00309	181.445
1.00378	181.45
1.00994	181.456
1.02714	181.461
1.06924	181.467
1.06929	181.472
1.0693	181.478
1.06934	181.483
1.06944	181.489
1.06964	181.495
1.06977	181.5
1.07005	181.506
1.07009	181.511
1.07015	181.517
1.07023	181.522
1.0752	181.528
1.08411	181.533
1.10017	181.539
1.10157	181.544
1.10289	181.55
1.10427	181.555
1.10567	181.561
1.10704	181.566
1.10842	181.572
1.10979	181.577
1.11118	181.583
1.11251	181.588
1.11391	181.594
1.11531	181.599
1.11601	181.605
1.11734	181.611
1.11906	90.8053
1.12045	90.8164
1.1218	90.8275
1.12319	90.8386
1.12454	90.8497
1.12592	90.8608
1.1273	90.8719
1.12871	90.883
1.13007	90.8942
1.13212	90.9053
1.13422	90.9164
1.13832	90.9275
1.139	90.9386
1.14044	90.9497
1.14107	90.9608
1.14249	90.9719
1.14383	90.983
1.14453	90.9942
1.14523	91.0053
1.14596	91.0163
1.14661	91.0272
1.1473	91.0382
1.14797	91.0492
1.14868	91.0602
1.14933	91.0712
1.15004	91.0822
1.15142	91.0932
1.15208	91.1042
1.15279	91.1152
1.15351	91.1261
1.15487	91.1371
1.15553	91.1481
1.15622	91.1591
1.15691	91.1701
1.15761	91.1811
1.15828	91.1921
1.15898	91.2031
1.16034	91.2141
1.16104	91.225
1.1624	91.236
1.1631	91.247
1.16381	91.258
1.1645	91.269
1.16582	91.28
1.16653	91.291
1.16722	91.302
1.16791	91.313
1.16858	91.3239
1.16928	91.3349
1.16999	91.3459
1.17063	91.3569
1.17132	91.3679
1.17202	91.3789
1.1727	91.3899
1.17411	91.4009
1.17478	91.4119
1.17546	91.4228
1.17615	91.4338
1.17733	91.4448
1.17792	91.4558
1.17861	91.4668
1.17931	91.4778
1.17998	91.4888
1.18068	91.4998
1.18135	91.5108
1.18208	91.5217
1.18272	91.5327
1.18342	91.5437
1.18409	91.5547
1.18478	91.5657
1.1855	91.5767
1.1863	91.5877
1.18686	91.5987
1.18753	91.6097
1.1882	91.6206
1.18894	91.6316
1.18961	91.6426
1.19028	91.6536
1.19097	91.6646
1.19166	91.6756
1.19282	91.6866
1.19351	91.6976
1.19423	91.7086
1.19761	91.7195
1.20718	91.7305
1.21772	91.7415
1.22671	91.7525
1.22738	91.7635
1.22806	91.7745
1.22907	91.7855
1.22977	91.7965
1.2304	91.8075
1.23108	91.8185
1.23177	91.8294
1.23243	91.8404
1.23315	91.8514
1.23381	91.8624
1.23507	91.8734
1.23578	91.8844
1.23718	91.8954
1.23789	91.9064
1.23853	91.9174
1.23922	91.9283
1.24059	91.9393
1.2413	91.9503
1.24265	91.9613
1.24402	91.9723
1.24553	91.9833
1.24613	91.9943
1.24681	92.0053
1.27219	92.0161
1.27287	92.027
1.27355	92.0379
1.27428	92.0487
1.27493	92.0596
1.27563	92.0705
1.27632	92.0814
1.27698	92.0922
1.27767	92.1031
1.27835	92.114
1.27903	92.1248
1.27973	92.1357
1.28048	92.1466
1.28121	92.1574
1.28184	92.1683
1.28253	92.1792
1.28388	92.19
1.28448	92.2009
1.28519	92.2118
1.28588	92.2227
1.28664	92.2335
1.28739	92.2444
1.28801	92.2553
1.28881	92.2661
1.28951	92.277
1.29019	92.2879
1.29087	92.2987
1.292	92.3096
1.29268	92.3205
1.29347	92.3314
1.29406	92.3422
1.29475	92.3531
1.29544	92.364
1.29613	92.3748
1.29725	92.3857
1.29753	92.3966
1.29903	92.4074
1.34172	92.4183
1.48263	92.4292
1.48403	92.44
1.48471	92.4509
1.48538	92.4618
1.48608	92.4727
1.48813	92.4835
1.49088	92.4944
1.49565	92.5053
1.49633	92.5161
1.49703	92.527
1.49776	92.5379
1.49843	92.5487
1.49931	92.5596
1.50113	92.5705
1.50262	92.5814
1.50354	92.5922
1.50441	92.6031
1.50649	92.614
1.50788	92.6248
1.50922	92.6357
1.51058	92.6466
1.51206	92.6574
1.51337	92.6683
1.51474	92.6792
1.51622	92.69
1.51752	92.7009
1.51884	92.7118
1.52026	92.7227
1.52183	92.7335
1.52311	92.7444
1.52445	92.7553
1.52583	92.7661
1.52724	92.777
1.52858	92.7879
1.52997	92.7987
1.5315	92.8096
1.53285	92.8205
1.53429	92.8314
1.53569	92.8422
1.53704	92.8531
1.53842	92.864
1.53979	92.8748
1.54117	92.8857
1.54259	92.8966
1.54394	92.9074
1.54527	92.9183
1.54668	92.9292
1.54803	92.94
1.54942	92.9509
1.55012	92.9618
1.55077	92.9727
1.55149	92.9835
1.55279	92.9944
1.55284	93.0053
1.55357	93.016
1.55423	93.0268
1.555	93.0375
1.55581	93.0483
1.55642	93.059
1.55698	93.0698
1.55763	93.0805
1.55956	93.0913
1.56029	93.102
1.56111	93.1128
1.56164	93.1235
1.56234	93.1343
1.5631	93.145
1.56373	93.1558
1.56442	93.1666
1.56512	93.1773
1.5658	93.1881
1.56649	93.1988
1.56715	93.2096
1.56785	93.2203
1.56853	93.2311
1.5692	93.2418
1.57003	93.2526
1.5706	93.2633
1.57128	93.2741
1.57198	93.2848
1.57267	93.2956
1.57343	93.3063
1.57406	93.3171
1.57479	93.3278
1.57556	93.3386
1.57617	93.3494
1.57687	93.3601
1.57751	93.3709
1.57824	93.3816
1.57892	93.3924
1.57959	93.4031
1.78408	93.4139
1.78475	93.4246
1.78611	93.4354
1.79076	93.4461
1.79432	93.4569
1.79783	93.4676
1.79853	93.4784
1.80472	93.4891
1.80607	93.4999
1.80675	93.5106
1.80813	93.5214
1.80881	93.5321
1.8095	93.5429
1.81091	93.5537
1.81224	93.5644
1.81566	93.5752
1.82884	93.5859
1.83524	93.5967
1.83795	93.6074
1.83931	93.6182
1.84068	93.6289
1.84207	93.6397
1.84344	93.6504
1.84549	93.6612
1.84687	93.6719
1.84892	93.6827
1.85031	93.6934
1.85167	93.7042
1.85302	93.7149
1.85441	93.7257
1.85578	93.7364
1.85716	93.7472
1.85858	93.758
1.85929	93.7687
1.85995	93.7795
1.86065	93.7902
1.86134	93.801
1.86209	93.8117
1.86278	93.8225
1.86346	93.8332
1.86484	93.844
1.86636	93.8547
1.86765	93.8655
1.86895	93.8762
1.87037	93.887
1.87175	93.8977
1.8731	93.9085
1.87448	93.9192
1.87585	93.93
1.87727	93.9407
1.87863	93.9515
1.88028	93.9623
1.88098	93.973
1.88166	93.9838
1.88235	93.9945
1.88303	94.0053
1.88372	94.0159
1.88442	94.0265
1.88514	94.0372
1.88581	94.0478
1.88651	94.0585
1.88724	94.0691
1.88789	94.0797
1.88856	94.0904
1.88926	94.101
1.88994	94.1116
1.89136	94.1223
1.89201	94.1329
1.89272	94.1436
1.89338	94.1542
1.89409	94.1648
1.89476	94.1755
1.8955	94.1861
1.89621	94.1968
1.89684	94.2074
1.8975	94.218
1.89825	94.2287
1.89893	94.2393
1.89966	94.2499
1.90034	94.2606
1.90104	94.2712
1.90172	94.2819
1.9024	94.2925
1.90306	94.3031
1.90376	94.3138
1.90445	94.3244
1.90514	94.3351
1.90589	94.3457
1.90655	94.3563
1.90719	94.367
1.90792	94.3776
1.90861	94.3882
1.98661	94.3989
1.98735	94.4095
1.98808	94.4202
1.98873	94.4308
1.99491	94.4414
2.00375	94.4521
2.00443	94.4627
2.00513	94.4733
2.00583	94.484
2.0065	94.4946
2.00717	94.5053
2.00787	94.5159
2.00856	94.5265
2.00928	94.5372
2.00996	94.5478
2.01269	94.5585
2.02488	94.5691
2.04337	94.5797
2.04405	94.5904
2.04475	94.601
2.0454	94.6116
2.04614	94.6223
2.04682	94.6329
2.04751	94.6436
2.04821	94.6542
2.04894	94.6648
2.04966	94.6755
2.05026	94.6861
2.05096	94.6968
2.05167	94.7074
2.05235	94.718
2.05304	94.7287
2.05372	94.7393
2.05456	94.7499
2.0551	94.7606
2.05583	94.7712
2.05649	94.7819
2.05753	94.7925
2.05819	94.8031
2.05888	94.8138
2.05958	94.8244
2.06025	94.8351
2.06094	94.8457
2.06161	94.8563
2.0623	94.867
2.06302	94.8776
2.06369	94.8882
2.06506	94.8989
2.06575	94.9095
2.06711	94.9202
2.06787	94.9308
2.0692	94.9414
2.06986	94.9521
2.07124	94.9627
2.07192	94.9733
2.07331	94.984
2.07398	94.9946
2.07536	95.0053
2.07606	95.0158
2.07742	95.0263
2.0781	95.0368
2.08031	95.0474
2.08101	95.0579
2.08237	95.0684
2.08307	95.0789
2.08378	95.0895
2.08442	95.1
2.08581	95.1105
2.08649	95.1211
2.08787	95.1316
2.08856	95.1421
2.09039	95.1526
2.09106	95.1632
2.09175	95.1737
2.09244	95.1842
2.09382	95.1947
2.0945	95.2053
2.09517	95.2158
2.09655	95.2263
2.09725	95.2368
2.09793	95.2474
2.09862	95.2579
2.1	95.2684
2.10069	95.2789
2.10136	95.2895
2.10207	95.3
2.10281	95.3105
2.10348	95.3211
2.10416	95.3316
2.10485	95.3421
2.10553	95.3526
2.10621	95.3632
2.10701	95.3737
2.10771	95.3842
2.13386	95.3947
2.13522	95.4053
2.13592	95.4158
2.13729	95.4263
2.13799	95.4368
2.13935	95.4474
2.14005	95.4579
2.14142	95.4684
2.1421	95.4789
2.14349	95.4895
2.14415	95.5
2.1455	95.5105
2.14621	95.5211
2.14758	95.5316
2.14831	95.5421
2.14966	95.5526
2.15036	95.5632
2.15169	95.5737
2.15239	95.5842
2.15379	95.5947
2.15514	95.6053
2.15584	95.6158
2.15653	95.6263
2.15723	95.6368
2.15791	95.6474
2.15858	95.6579
2.1593	95.6684
2.15995	95.6789
2.16064	95.6895
2.16134	95.7
2.16752	95.7105
2.16959	95.7211
2.1703	95.7316
2.17098	95.7421
2.17165	95.7526
2.17232	95.7632
2.17369	95.7737
2.17438	95.7842
2.17575	95.7947
2.17655	95.8053
2.17859	95.8158
2.17996	95.8263
2.18134	95.8368
2.18408	95.8474
2.1855	95.8579
2.18697	95.8684
2.1883	95.8789
2.18967	95.8895
2.19101	95.9
2.19238	95.9105
2.19377	95.9211
2.19513	95.9316
2.19652	95.9421
2.19791	95.9526
2.19926	95.9632
2.20061	95.9737
2.202	95.9842
2.20339	95.9947
2.20475	96.0053
2.20612	96.0157
2.20749	96.0261
2.20886	96.0365
2.21026	96.0469
2.21163	96.0573
2.21301	96.0678
2.21437	96.0782
2.2158	96.0886
2.21644	96.099
2.21716	96.1094
2.21783	96.1198
2.21853	96.1303
2.2192	96.1407
2.21988	96.1511
2.22058	96.1615
2.22127	96.1719
2.22195	96.1823
2.22264	96.1928
2.22333	96.2032
2.22405	96.2136
2.22472	96.224
2.22539	96.2344
2.22609	96.2448
2.22677	96.2553
2.22744	96.2657
2.22815	96.2761
2.22885	96.2865
2.22953	96.2969
2.2302	96.3073
2.2309	96.3178
2.23162	96.3282
2.2323	96.3386
2.23297	96.349
2.23367	96.3594
2.23434	96.3698
2.23504	96.3803
2.23579	96.3907
2.2372	96.4011
2.23792	96.4115
2.2386	96.4219
2.23994	96.4323
2.24132	96.4428
2.24268	96.4532
2.24407	96.4636
2.24476	96.474
2.24632	96.4844
2.2477	96.4948
2.24837	96.5053
2.24913	96.5157
2.24977	96.5261
2.25043	96.5365
2.25118	96.5469
2.25182	96.5573
2.25252	96.5678
2.2539	96.5782
2.25526	96.5886
2.25594	96.599
2.25666	96.6094
2.2573	96.6198
2.25802	96.6303
2.25873	96.6407
2.26076	96.6511
2.26279	96.6615
2.26418	96.6719
2.26487	96.6823
2.26554	96.6928
2.27247	96.7032
2.27312	96.7136
2.27382	96.724
2.27453	96.7344
2.27519	96.7448
2.27589	96.7553
2.2766	96.7657
2.27729	96.7761
2.27795	96.7865
2.2787	96.7969
2.27935	96.8073
2.28078	96.8178
2.28212	96.8282
2.28281	96.8386
2.28488	96.849
2.28692	96.8594
2.28828	96.8698
2.28966	96.8803
2.29102	96.8907
2.29242	96.9011
2.29377	96.9115
2.29517	96.9219
2.29651	96.9323
2.29788	96.9428
2.29858	96.9532
2.29996	96.9636
2.30132	96.974
2.302	96.9844
2.30338	96.9948
2.30476	97.0053
2.30551	97.0156
2.30618	97.0259
2.30683	97.0362
2.30751	97.0465
2.30821	97.0568
2.30889	97.0671
2.3096	97.0774
2.31028	97.0877
2.31098	97.098
2.31165	97.1084
2.31234	97.1187
2.31307	97.129
2.31372	97.1393
2.31443	97.1496
2.31509	97.1599
2.31578	97.1702
2.31646	97.1805
2.31719	97.1908
2.31784	97.2011
2.31852	97.2114
2.3192	97.2218
2.31994	97.2321
2.3206	97.2424
2.32127	97.2527
2.32196	97.263
2.32264	97.2733
2.324	97.2836
2.3247	97.2939
2.32538	97.3042
2.32608	97.3145
2.32676	97.3249
2.32744	97.3352
2.32813	97.3455
2.32883	97.3558
2.32951	97.3661
2.33031	97.3764
2.33115	97.3867
2.3318	97.397
2.33249	97.4073
2.33317	97.4176
2.33387	97.4279
2.33594	97.4383
2.33663	97.4486
2.33799	97.4589
2.33869	97.4692
2.3394	97.4795
2.34008	97.4898
2.34077	97.5001
2.34144	97.5104
2.34286	97.5207
2.34354	97.531
2.34424	97.5413
2.34494	97.5517
2.34699	97.562
2.34834	97.5723
2.35115	97.5826
2.3532	97.5929
2.35456	97.6032
2.35591	97.6135
2.35737	97.6238
2.3587	97.6341
2.35938	97.6444
2.36007	97.6547
2.36074	97.6651
2.36144	97.6754
2.36212	97.6857
2.36349	97.696
2.36485	97.7063
2.36556	97.7166
2.36625	97.7269
2.36693	97.7372
2.3676	97.7475
2.36831	97.7578
2.36902	97.7682
2.36968	97.7785
2.37038	97.7888
2.37105	97.7991
2.37174	97.8094
2.37242	97.8197
2.37405	97.83
2.37454	97.8403
2.37618	97.8506
2.37743	97.8609
2.37882	97.8712
2.38018	97.8816
2.38225	97.8919
2.38297	97.9022
2.38367	97.9125
2.38437	97.9228
2.38504	97.9331
2.38574	48.9665
2.38642	48.9874
2.38709	49.0082
2.38779	49.0286
2.38847	49.049
2.38917	49.0694
2.38983	49.0898
2.39055	49.1103
2.39123	49.1307
2.39193	49.1511
2.3926	49.1715
2.3933	49.1919
2.39399	49.2123
2.39465	49.2327
2.39535	49.2531
2.39672	49.2735
2.39742	49.2939
2.39875	49.3143
2.39946	49.3347
2.40015	49.3552
2.40086	49.3756
2.40154	49.396
2.40223	49.4164
2.40289	49.4368
2.40362	49.4572
2.40429	49.4776
2.40497	49.498
2.40568	49.5184
2.40637	49.5388
2.40707	49.5592
2.40778	49.5796
2.40849	49.6001
2.40918	49.6205
2.41057	49.6409
2.41121	49.6613
2.4119	49.6817
2.41328	49.7021
2.41398	49.7225
2.41467	49.7429
2.41604	49.7633
2.41672	49.7837
2.41878	49.8041
2.42016	49.8245
2.42432	49.845
2.42572	49.8654
2.42708	49.8858
2.42844	49.9062
2.42984	49.9266
2.43119	49.947
2.43187	49.9674
2.43469	49.9878
2.43606	50.0082
2.43674	50.0282
2.43744	50.0482
2.4381	50.0682
2.4388	50.0882
2.43949	50.1082
2.44016	50.1282
2.44087	50.1482
2.44224	50.1682
2.44367	50.1882
2.44429	50.2082
2.44499	50.2282
2.44567	50.2482
2.44636	50.2682
2.44706	50.2882
2.44772	50.3082
2.44841	50.3282
2.4491	50.3482
2.45049	50.3682
2.45116	50.3882
2.45187	50.4082
2.45254	50.4282
2.45324	50.4482
2.45461	50.4682
2.45529	50.4882
2.45599	50.5082
2.45667	50.5282
2.45805	50.5482
2.45941	50.5682
2.46013	50.5882
2.46158	50.6082
2.462	50.6282
2.46255	50.6482
2.46315	50.6682
2.46383	50.6882
2.46455	50.7082
2.46523	50.7282
2.46593	50.7482
2.4666	50.7682
2.46728	50.7882
2.46866	50.8082
2.46936	50.8282
2.47004	50.8482
2.47072	50.8682
2.4714	50.8882
2.4721	50.9082
2.48542	50.9282
2.48608	50.9482
2.48676	50.9682
2.48744	50.9882
2.48814	51.0082
2.48952	51.0278
2.4902	51.0474
2.49089	51.067
2.49157	51.0866
2.49295	51.1063
2.49501	51.1259
2.49568	51.1455
2.49639	51.1651
2.4971	51.1847
2.49777	51.2043
2.49918	51.2239
2.49988	51.2435
2.50059	51.2631
2.50125	51.2827
2.50288	51.3023
2.50565	51.3219
2.5073	51.3415
2.50734	51.3612
2.50773	51.3808
2.50839	51.4004
2.50906	51.42
2.51047	51.4396
2.51187	51.4592
2.51252	51.4788
2.51391	51.4984
2.51529	25.7492
2.51598	25.7892
2.51799	25.8292
2.51936	25.8692
2.52073	25.9092
2.52211	25.9492
2.52348	25.9892
2.52484	26.0292
2.52622	26.0677
2.52689	26.1061
2.52761	26.1446
2.52869	26.1831
2.52933	26.2215
2.53003	26.26
2.53071	26.2984
2.5314	26.3369
2.53208	26.3754
2.53279	26.4138
2.53346	26.4523
2.53413	26.4907
2.53635	26.5292
2.53704	26.5677
2.53771	26.6061
2.53841	26.6446
2.5391	26.6831
2.5398	26.7215
2.54047	26.76
2.54115	26.7984
2.54185	26.8369
2.54255	26.8754
2.5432	26.9138
2.54387	26.9523
2.5446	26.9907
2.54527	27.0292
2.54663	27.0662
2.548	27.1033
2.54938	27.1403
2.55014	27.1774
2.55077	27.2144
2.55145	27.2514
2.55217	27.2885
2.55689	27.3255
2.55764	27.3625
2.55831	27.3996
2.559	27.4366
2.56034	27.4737
2.56171	27.5107
2.56317	27.5477
2.56385	27.5848
2.56455	27.6218
2.56594	27.6588
2.56976	27.6959
2.57109	27.7329
2.5718	27.7699
2.57385	27.807
2.57517	27.844
2.5761	27.8811
2.57678	27.9181
2.57748	27.9551
2.57886	27.9922
2.57953	28.0292
2.58022	28.0649
2.58091	28.1006
2.5823	28.1363
2.58298	28.1721
2.58364	28.2078
2.58502	28.2435
2.58574	28.2792
2.58639	28.3149
2.58709	28.3506
2.58778	28.3863
2.58847	28.4221
2.58917	28.4578
2.58984	28.4935
2.59121	28.5292
2.59195	28.5649
2.59259	28.6006
2.59328	28.6363
2.61008	28.6721
2.61074	28.7078
2.61153	28.7435
2.6123	28.7792
2.61298	28.8149
2.61435	28.8506
2.61565	28.8863
2.61702	28.9221
2.61839	28.9578
2.61974	28.9935
2.62041	29.0292
2.62179	29.0637
2.62246	29.0982
2.62388	29.1327
2.62455	29.1671
2.62593	29.2016
2.62742	29.2361
2.62874	29.2706
2.62939	29.3051
2.63075	29.3396
2.63142	29.374
2.63281	29.4085
2.63353	29.443
2.6342	29.4775
2.64875	29.512
2.65415	29.5464
2.65697	29.5809
2.65827	29.6154
2.68258	29.6499
2.68393	29.6844
2.68533	29.7189
2.68669	29.7533
2.68804	29.7878
2.68951	29.8223
2.69085	29.8568
2.69216	29.8913
2.69357	29.9258
2.69489	29.9602
2.69626	29.9947
2.69767	30.0292
2.69902	30.0625
2.69973	30.0959
2.70111	30.1292
2.70246	30.1625
2.70527	30.1959
2.70667	30.2292
2.7074	30.2625
2.70814	30.2959
2.70943	30.3292
2.7101	30.3625
2.71148	30.3959
2.71215	30.4292
2.71353	30.4625
2.71765	30.4959
2.71835	30.5292
2.71978	30.5625
2.72044	30.5959
2.72966	30.6292
2.73099	30.6625
2.73235	30.6959
2.73371	30.7292
2.73506	30.7625
2.73608	30.7959
2.73715	30.8292
2.73856	30.8625
2.73988	30.8959
2.74125	30.9292
2.74265	30.9625
2.74402	30.9959
2.74542	31.0292
2.74612	31.0615
2.74747	31.0937
2.75571	31.126
2.75713	31.1582
2.78152	31.1905
2.78355	31.2228
2.78427	31.255
2.78494	31.2873
2.78912	31.3195
2.79111	31.3518
2.79249	31.384
2.79456	31.4163
2.79592	31.4486
2.80073	31.4808
2.80212	31.5131
2.80347	31.5453
2.80488	31.5776
2.80838	31.6099
2.80907	31.6421
2.80973	31.6744
2.81043	31.7066
2.81114	31.7389
2.81182	31.7711
2.8125	31.8034
2.81322	31.8357
2.81391	31.8679
2.81527	31.9002
2.81663	31.9324
2.818	31.9647
2.8194	31.9969
2.82005	32.0292
2.82075	32.0605
2.82144	32.0917
2.82281	32.123
2.82926	32.1542
2.83706	32.1855
2.8385	32.2167
2.83989	32.248
2.84124	32.2792
2.84193	32.3105
2.8433	32.3417
2.84469	32.373
2.84676	32.4042
2.84812	32.4355
2.85632	32.4667
2.85771	32.498
2.86044	32.5292
2.86185	32.5605
2.88398	32.5917
2.88465	32.623
2.88537	32.6542
2.88604	32.6855
2.88675	32.7167
2.8898	32.748
2.89085	32.7792
2.89228	32.8105
2.89368	32.8417
2.89502	32.873
2.8964	32.9042
2.89778	32.9355
2.90189	32.9667
2.90327	32.998
2.90467	33.0292
2.906	33.0595
2.90743	33.0898
2.90882	33.1201
2.91031	33.1504
2.91157	33.1807
2.91226	33.211
2.91363	33.2413
2.91426	33.2716
2.91569	33.3019
2.91635	33.3322
2.91775	33.3625
2.91843	33.3928
2.91981	33.4231
2.92119	33.4534
2.92256	33.4838
2.92394	33.5141
2.92531	33.5444
2.93773	33.5747
2.93841	33.605
2.93911	33.6353
2.93978	33.6656
2.94046	33.6959
2.94117	33.7262
2.94186	33.7565
2.94256	33.7868
2.94326	33.8171
2.94518	33.8474
2.94737	33.8777
2.94803	33.908
2.9501	33.9383
2.95218	33.9686
2.95351	33.9989
2.95493	34.0292
2.9556	34.0586
2.95836	34.088
2.95974	34.1174
2.96112	34.1469
2.96178	34.1763
2.96316	34.2057
2.96456	34.2351
2.96592	34.2645
2.96661	34.2939
2.96799	34.3233
2.96872	34.3527
2.96941	34.3821
2.97076	34.4116
2.97281	34.441
2.97419	34.4704
2.97554	34.4998
2.97624	34.5292
2.9807	34.5586
2.98279	34.588
2.98416	34.6174
2.98484	34.6469
2.98623	34.6763
2.98759	34.7057
2.98828	34.7351
2.98968	34.7645
2.99035	34.7939
2.99172	34.8233
2.99242	34.8527
2.9938	34.8821
2.99448	34.9116
2.99586	34.941
2.99653	34.9704
2.99933	34.9998
3.00066	35.0292
3.00134	35.0578
3.00203	35.0863
3.00273	35.1149
3.00409	35.1435
3.00479	35.1721
3.0062	35.2006
3.00688	35.2292
3.00756	35.2578
3.00826	35.2863
3.00895	35.3149
3.01106	35.3435
3.01317	35.3721
3.01381	35.4006
3.01521	35.4292
3.01588	35.4578
3.01657	35.4863
3.01725	35.5149
3.02721	35.5435
3.02853	35.5721
3.0299	35.6006
3.03127	35.6292
3.0327	35.6578
3.03401	35.6863
3.0354	35.7149
3.0368	35.7435
3.03814	35.7721
3.0395	35.8006
3.04087	35.8292
3.04225	35.8578
3.04363	35.8863
3.045	35.9149
3.0464	35.9435
3.04841	35.9721
3.05046	36.0006
3.05185	36.0284
3.05326	36.0562
3.05532	36.084
3.05806	36.1117
3.06083	36.1395
3.0616	36.1673
3.06227	36.1951
3.06299	36.2229
3.06362	36.2506
3.06502	36.2784
3.06569	36.3062
3.06712	36.334
3.07365	36.3617
3.07501	36.3895
3.0789	36.4173
3.07983	36.4451
3.08053	36.4729
3.08191	36.5006
3.09039	36.5284
3.09174	36.5562
3.09312	36.584
3.09448	36.6117
3.09588	36.6395
3.09729	36.6673
3.09866	36.6951
3.10005	36.7229
3.1021	36.7506
3.10305	36.7784
3.10443	36.8062
3.10583	36.834
3.10722	36.8617
3.10856	36.8895
3.10993	36.9173
3.11069	36.9451
3.11131	36.9729
3.11271	37.0006
3.11407	37.0277
3.11614	37.0547
3.11684	37.0817
3.11961	37.1087
3.12174	37.1358
3.12439	37.1628
3.12508	37.1898
3.12577	37.2169
3.12715	37.2439
3.12792	37.2709
3.12855	37.2979
3.12992	37.325
3.13129	37.352
3.13243	37.379
3.13315	37.406
3.13519	37.4331
3.13588	37.4601
3.13727	37.4871
3.15203	37.5141
3.15343	37.5412
3.15409	37.5682
3.15551	37.5952
3.15686	37.6223
3.15974	37.6493
3.16108	37.6763
3.16243	37.7033
3.16382	37.7304
3.16517	37.7574
3.16655	37.7844
3.16863	37.8114
3.17009	37.8385
3.17139	37.8655
3.17276	37.8925
3.17413	37.9196
3.17549	37.9466
3.17696	37.9736
3.17823	38.0006
3.17968	38.027
3.181	38.0533
3.18235	38.0796
3.18447	38.1059
3.1858	38.1322
3.18717	38.1585
3.18855	38.1848
3.18996	38.2112
3.19132	38.2375
3.19201	38.2638
3.19337	38.2901
3.19405	38.3164
3.19474	38.3427
3.19543	38.3691
3.19681	38.3954
3.19756	38.4217
3.19825	38.448
3.19894	38.4743
3.20456	38.5006
3.20596	38.527
3.20833	38.5533
3.20976	38.5796
3.2111	38.6059
3.21449	38.6322
3.21519	38.6585
3.2166	38.6848
3.21797	38.7112
3.21866	38.7375
3.21933	38.7638
3.22002	38.7901
3.22139	38.8164
3.22208	38.8427
3.22347	38.8691
3.22415	38.8954
3.22497	38.9217
3.22553	38.948
3.22693	38.9743
3.22762	39.0006
3.22831	39.0263
3.229	39.0519
3.22968	39.0776
3.2304	39.1032
3.23324	39.1288
3.23401	39.1545
3.23471	39.1801
3.23607	39.2058
3.24409	39.2314
3.24574	39.257
3.24712	39.2827
3.2485	39.3083
3.25055	39.334
3.25193	39.3596
3.25362	39.3853
3.25467	39.4109
3.25604	39.4365
3.25741	39.4622
3.26026	39.4878
3.26162	39.5135
3.26438	39.5391
3.26575	39.5647
3.26741	39.5904
3.26874	39.616
3.27013	39.6417
3.2722	39.6673
3.27357	39.6929
3.27494	39.7186
3.27635	39.7442
3.2777	39.7699
3.27909	39.7955
3.28049	39.8211
3.28186	39.8468
3.28333	19.9234
3.28472	19.976
3.28608	20.0287
3.28744	20.0787
3.28883	20.1287
3.29016	20.1787
3.29154	20.2287
3.29293	20.2787
3.29438	20.3287
3.29505	20.3787
3.29642	20.4287
3.29851	20.4787
3.2992	20.5287
3.29992	20.5787
3.3006	20.6287
3.30128	20.6787
3.30199	20.7287
3.30268	20.7787
3.30336	20.8287
3.30412	20.8787
3.30752	20.9287
3.30822	20.9787
3.30959	21.0287
3.31096	21.0763
3.32846	21.1239
3.32982	21.1715
3.33133	21.2191
3.33267	21.2668
3.33342	21.3144
3.33405	21.362
3.33475	21.4096
3.33544	21.4572
3.33681	21.5048
3.33753	21.5525
3.33958	21.6001
3.34094	21.6477
3.3424	21.6953
3.34643	21.7429
3.34784	21.7906
3.35557	21.8382
3.3569	21.8858
3.35764	21.9334
3.3583	21.981
3.359	22.0287
3.35967	22.0741
3.36056	22.1196
3.36123	22.165
3.36472	22.2105
3.36963	22.2559
3.371	22.3014
3.37242	22.3468
3.37373	22.3923
3.37511	22.4377
3.37716	22.4832
3.37923	22.5287
3.38128	22.5741
3.38267	22.6196
3.38404	22.665
3.38608	22.7105
3.38745	22.7559
3.39091	22.8014
3.39161	22.8468
3.39228	22.8923
3.39297	22.9377
3.39436	22.9832
3.39504	23.0287
3.39572	23.0721
3.40626	23.1156
3.40761	23.1591
3.41714	23.2026
3.41783	23.246
3.41852	23.2895
3.41919	23.333
3.41991	23.3765
3.4206	23.42
3.4236	23.4634
3.42516	23.5069
3.42914	23.5504
3.42922	23.5939
3.42932	23.6374
3.42942	23.6808
3.42956	23.7243
3.43009	23.7678
3.43274	23.8113
3.43277	23.8547
3.43403	23.8982
3.43539	23.9417
3.43678	23.9852
3.43814	24.0287
3.43952	24.0703
3.45245	24.112
3.4538	24.1537
3.45855	24.1953
3.46063	24.237
3.46198	24.2787
3.46339	24.3203
3.46477	24.362
3.46613	24.4037
3.46681	24.4453
3.46818	24.487
3.46897	24.5287
3.46964	24.5703
3.47035	24.612
3.47102	24.6537
3.47171	24.6953
3.47241	24.737
3.4731	24.7787
3.47378	24.8203
3.47447	24.862
3.47514	24.9037
3.47641	24.9453
3.47658	24.987
3.4773	25.0287
3.47799	25.0687
3.48753	25.1087
3.48821	25.1487
3.48891	25.1887
3.49029	25.2287
3.49168	25.2687
3.49305	25.3087
3.49442	25.3487
3.49511	25.3887
3.49649	25.4287
3.49719	25.4687
3.50276	25.5087
3.50411	25.5487
3.50551	25.5887
3.50693	25.6287
3.50831	25.6687
3.51037	25.7087
3.51181	25.7487
3.51317	25.7887
3.51454	25.8287
3.51594	25.8687
3.51732	25.9087
3.51867	25.9487
3.5215	25.9887
3.52217	26.0287
3.52285	26.0671
3.52631	26.1056
3.52704	26.144
3.52841	26.1825
3.53012	26.221
3.53117	26.2594
3.53257	26.2979
3.53394	26.3363
3.53538	26.3748
3.53671	26.4133
3.53807	26.4517
3.53949	26.4902
3.54084	26.5287
3.54297	26.5671
3.54499	26.6056
3.54778	26.644
3.54917	26.6825
3.55053	26.721
3.55129	26.7594
3.55196	26.7979
3.55411	26.8363
3.55539	26.8748
3.55605	26.9133
3.5568	26.9517
3.5575	26.9902
3.55815	27.0287
3.55884	27.0657
3.57178	27.1027
3.57388	27.1398
3.5752	27.1768
3.57655	27.2138
3.57861	27.2509
3.57999	27.2879
3.58136	27.325
3.58204	27.362
3.58344	27.399
3.5841	27.4361
3.58549	27.4731
3.58617	27.5101
3.58756	27.5472
3.58823	27.5842
3.58961	27.6213
3.59097	27.6583
3.59235	27.6953
3.59454	27.7324
3.5952	27.7694
3.59593	27.8064
3.59661	27.8435
3.59731	27.8805
3.59805	27.9175
3.59871	27.9546
3.59979	27.9916
3.6001	28.0287
3.60081	28.0644
3.60229	28.1001
3.60367	28.1358
3.60508	28.1715
3.60642	28.2072
3.60806	28.2429
3.60943	28.2787
3.6108	28.3144
3.6122	28.3501
3.6137	28.3858
3.61495	28.4215
3.61635	28.4572
3.6184	28.4929
3.61977	28.5287
3.62113	28.5644
3.62251	28.6001
3.6239	28.6358
3.62459	28.6715
3.63843	28.7072
3.63978	28.7429
3.64191	28.7787
3.64263	28.8144
3.64328	28.8501
3.64396	28.8858
3.64463	28.9215
3.64533	28.9572
3.6481	28.9929
3.6488	29.0287
3.64948	29.0631
3.6611	29.0976
3.6625	29.1321
3.66387	29.1666
3.66453	29.2011
3.6659	29.2356
3.66659	29.27
3.66729	29.3045
3.66865	29.339
3.66934	29.3735
3.67002	29.408
3.67141	29.4425
3.67209	29.4769
3.6735	29.5114
3.67421	29.5459
3.67558	29.5804
3.67694	29.6149
3.67765	29.6493
3.67907	29.6838
3.67978	29.7183
3.68048	29.7528
3.68118	29.7873
3.68257	29.8218
3.68392	29.8562
3.68545	29.8907
3.686	29.9252
3.68736	29.9597
3.68875	29.9942
3.69013	30.0287
3.69149	30.062
3.6964	30.0953
3.69778	30.1287
3.69914	30.162
3.70054	30.1953
3.7019	30.2287
3.70329	30.262
3.70469	30.2953
3.70608	30.3287
3.70744	30.362
3.70879	30.3953
3.71153	30.4287
3.71359	30.462
3.72123	30.4953
3.72254	30.5287
3.72391	30.562
3.72531	30.5953
3.72604	30.6287
3.72813	30.662
3.72886	30.6953
3.72955	30.7287
3.73231	30.762
3.73372	30.7953
3.73438	30.8287
3.73577	30.862
3.73643	30.8953
3.73783	30.9287
3.73851	30.962
3.73918	30.9953
3.73991	31.0287
3.74068	31.0609
3.74347	31.0932
3.74479	31.1254
3.74624	31.1577
3.74826	31.1899
3.74895	31.2222
3.75035	31.2545
3.75167	31.2867
3.75377	31.319
3.75511	31.3512
3.75786	31.3835
3.76815	31.4158
3.76952	31.448
3.7709	31.4803
3.77233	31.5125
3.77369	31.5448
3.77507	31.577
3.77994	31.6093
3.78063	31.6416
3.78199	31.6738
3.78335	31.7061
3.78482	31.7383
3.7856	31.7706
3.78624	31.8029
3.78685	31.8351
3.78764	31.8674
3.78825	31.8996
3.78894	31.9319
3.79034	31.9641
3.79102	31.9964
3.79241	32.0287
3.7931	32.0599
3.79457	32.0912
3.79593	32.1224
3.7973	32.1537
3.79868	32.1849
3.80001	32.2162
3.80141	32.2474
3.80278	32.2787
3.80555	32.3099
3.80691	32.3412
3.80967	32.3724
3.81308	32.4037
3.81445	32.4349
3.81654	32.4662
3.81723	32.4974
3.818	32.5287
3.81861	32.5599
3.82002	32.5912
3.82136	32.6224
3.8221	32.6537
3.82277	32.6849
3.82415	32.7162
3.82485	32.7474
3.82554	32.7787
3.82691	32.8099
3.82832	32.8412
3.83112	32.8724
3.83248	32.9037
3.83384	32.9349
3.83523	32.9662
3.83591	32.9974
3.8366	33.0287
3.83731	33.059
3.83874	33.0893
3.83944	33.1196
3.84016	33.1499
3.84082	33.1802
3.84151	33.2105
3.8422	33.2408
3.84293	33.2711
3.84364	33.3014
3.84433	33.3317
3.84505	33.362
3.84711	33.3923
3.84849	33.4226
3.85055	33.4529
3.85204	33.4832
3.85329	33.5135
3.85673	33.5438
3.85811	33.5741
3.85947	33.6044
3.86084	33.6347
3.86294	33.665
3.86431	33.6953
3.86502	33.7256
3.86571	33.7559
3.86638	33.7862
3.8671	33.8165
3.86779	33.8468
3.86916	33.8771
3.86986	16.9386
3.87123	17.0011
3.87262	17.0599
3.87399	17.1187
3.87484	17.1775
3.8761	17.2364
3.87826	17.2952
3.87892	17.354
3.88031	17.4128
3.88173	17.4717
3.88307	17.5305
3.88442	17.5893
3.8858	17.6481
3.8865	17.707
3.88718	17.7658
3.8886	17.8246
3.88925	17.8834
3.88994	17.9422
3.89061	18.0011
3.89129	18.0566
3.89267	18.1122
3.89404	18.1677
3.8954	18.2233
3.89676	18.2788
3.89822	18.3344
3.89959	18.39
3.90027	18.4455
3.90167	18.5011
3.90241	18.5566
3.90379	18.6122
3.90593	18.6677
3.90729	18.7233
3.90865	18.7788
3.91367	18.8344
3.91436	18.89
3.91498	18.9455
3.91567	19.0011
3.91634	19.0537
3.91778	19.1063
3.91844	19.159
3.91914	9.57948
3.91984	9.69059
3.92124	9.80171
3.92327	9.91282
3.92394	10.0239
3.92535	10.1239
3.9267	10.2239
3.92808	10.3239
3.92946	10.4239
3.93084	10.5239
3.93219	10.6239
3.94136	10.7239
3.94205	10.8239
3.94278	10.9239
3.94343	11.0239
3.94413	11.1148
3.94555	11.2057
3.96169	11.2967
3.96233	11.3876
3.96639	11.4785
3.96775	11.5694
3.97061	11.6603
3.97203	11.7512
3.97294	11.8421
3.97436	11.933
3.97501	12.0239
3.97639	12.1073
3.97777	12.1906
3.97919	12.2739
3.97984	12.3573
3.98058	12.4406
3.98196	12.5239
3.99815	12.6073
4.00755	12.6906
4.00889	12.7739
4.01028	12.8573
4.01234	12.9406
4.01441	13.0239
4.01684	13.1009
4.01823	13.1778
4.0189	13.2547
4.02103	13.3316
4.02238	13.4085
4.02376	13.4855
4.02883	13.5624
4.03023	13.6393
4.03161	13.7162
4.03231	13.7932
4.03368	13.8701
4.03439	13.947
4.03574	14.0239
4.03685	14.0954
4.03716	14.1668
4.03782	14.2382
4.03852	14.3096
4.03919	14.3811
4.04057	14.4525
4.06495	14.5239
4.06624	14.5954
4.06761	14.6668
4.06899	14.7382
4.07033	14.8096
4.07174	14.8811
4.07309	14.9525
4.07378	15.0239
4.07516	15.0906
4.07583	15.1573
4.07722	15.2239
4.07859	15.2906
4.07995	15.3573
4.08133	15.4239
4.09257	15.4906
4.09395	15.5573
4.0954	15.6239
4.09606	15.6906
4.09678	15.7573
4.09748	15.8239
4.09812	15.8906
4.09988	15.9573
4.10055	16.0239
4.10125	16.0864
4.10193	16.1489
4.10268	16.2114
4.10331	16.2739
4.10399	16.3364
4.10469	16.3989
4.13157	16.4614
4.13432	16.5239
4.13571	16.5864
4.13641	16.6489
4.13709	16.7114
4.13846	16.7739
4.13916	16.8364
4.14052	16.8989
4.14194	16.9614
4.14262	17.0239
4.14401	17.0828
4.14536	17.1416
4.14675	17.2004
4.14812	17.2592
4.14951	17.318
4.15017	17.3769
4.1579	17.4357
4.15925	17.4945
4.16405	17.5533
4.16612	17.6122
4.16887	17.671
4.17045	17.7298
4.17183	17.7886
4.17324	17.8475
4.17799	17.9063
4.18003	17.9651
4.18142	18.0239
4.1821	18.0795
4.18279	18.135
4.18345	18.1906
4.18695	18.2461
4.18762	18.3017
4.18832	18.3573
4.19126	18.4128
4.19199	18.4684
4.19351	18.5239
4.19416	18.5795
4.19485	18.635
4.19622	18.6906
4.19692	18.7461
4.1983	18.8017
4.19968	18.8573
4.20036	18.9128
4.20189	18.9684
4.20243	19.0239
4.20378	19.0766
4.20581	19.1292
4.20654	19.1818
4.20727	19.2345
4.20904	19.2871
4.21043	19.3397
4.23172	19.3923
4.23582	19.445
4.23649	19.4976
4.23719	19.5502
4.23856	19.6029
4.23995	19.6555
4.24134	19.7081
4.24291	19.7608
4.24422	19.8134
4.24566	19.866
4.24623	19.9187
4.2476	19.9713
4.24898	20.0239
4.25037	20.0739
4.25173	20.1239
4.25239	20.1739
4.25315	20.2239
4.25381	20.2739
4.25449	20.3239
4.26519	20.3739
4.26864	20.4239
4.27	20.4739
4.27136	20.5239
4.27274	20.5739
4.27415	20.6239
4.27552	20.6739
4.27897	20.7239
4.2803	20.7739
4.28173	20.8239
4.28792	20.8739
4.28933	20.9239
4.29009	20.9739
4.29077	21.0239
4.29149	21.0715
4.29211	21.1192
4.29283	21.1668
4.29348	21.2144
4.29417	21.262
4.29555	21.3096
4.30756	21.3573
4.3096	21.4049
4.31029	21.4525
4.31193	21.5001
4.31263	21.5477
4.314	21.5954
4.31468	21.643
4.31675	21.6906
4.31814	21.7382
4.31951	21.7858
4.32709	21.8335
4.32846	21.8811
4.32984	21.9287
4.33123	21.9763
4.33333	22.0239
4.33465	22.0694
4.33605	22.1148
4.33742	22.1603
4.33812	22.2057
4.3395	22.2512
4.34087	22.2967
4.35563	22.3421
4.3577	22.3876
4.35838	22.433
4.35974	22.4785
4.36043	22.5239
4.36181	22.5694
4.36321	22.6148
4.36389	22.6603
4.36526	22.7057
4.36662	22.7512
4.36798	22.7967
4.36937	22.8421
4.37211	22.8876
4.37352	22.933
4.37486	22.9785
4.37633	23.0239
4.37776	23.0674
4.38185	23.1109
4.38463	23.1544
4.38594	23.1978
4.39088	23.2413
4.39304	23.2848
4.40617	23.3283
4.40825	23.3718
4.40961	23.4152
4.41099	23.4587
4.41237	23.5022
4.41374	23.5457
4.41443	23.5891
4.41512	23.6326
4.41649	23.6761
4.41716	23.7196
4.41787	23.7631
4.41921	23.8065
4.41993	11.9033
4.42133	11.9942
4.42268	12.0851
4.4241	12.1684
4.42476	12.2518
4.42547	12.3351
4.42692	12.4184
4.42835	12.5018
4.42971	12.5851
4.43384	12.6684
4.43658	12.7518
4.44019	12.8351
4.44157	12.9184
4.44295	13.0018
4.44431	13.0787
4.44567	13.1556
4.44704	13.2325
4.44842	13.3094
4.4512	13.3864
4.45254	13.4633
4.45392	13.5402
4.45463	13.6171
4.45529	13.6941
4.47451	13.771
4.47656	13.8479
4.47795	13.9248
4.47931	14.0018
4.4807	14.0732
4.48205	14.1446
4.48342	14.216
4.4848	14.2875
4.48615	14.3589
4.48755	14.4303
4.48896	14.5018
4.48964	14.5732
4.49101	14.6446
4.51496	14.716
4.51775	14.7875
4.52327	14.8589
4.52464	14.9303
4.52602	15.0018
4.52744	15.0684
4.52808	15.1351
4.52878	15.2018
4.52944	15.2684
4.53013	15.3351
4.53219	15.4018
4.53359	15.4684
4.53493	15.5351
4.53633	15.6018
4.55788	15.6684
4.55927	15.7351
4.55997	15.8018
4.56068	15.8684
4.56136	15.9351
4.56278	16.0018
4.56414	16.0643
4.56481	16.1268
4.56622	16.1893
4.56691	16.2518
4.56759	16.3143
4.56899	16.3768
4.56965	16.4393
4.57034	16.5018
4.5717	16.5643
4.60368	16.6268
4.60504	16.6893
4.60643	16.7518
4.6079	16.8143
4.60917	16.8768
4.61331	16.9393
4.61399	17.0018
4.61811	17.0606
4.62017	17.1194
4.62303	17.1782
4.6236	17.237
4.62426	17.2959
4.6251	17.3547
4.62635	17.4135
4.62772	17.4723
4.62909	17.5312
4.63961	17.59
4.64026	17.6488
4.64166	17.7076
4.64305	17.7665
4.64442	17.8253
4.64582	17.8841
4.6465	17.9429
4.64793	18.0018
4.6493	18.0573
4.65067	18.1129
4.65137	18.1684
4.65204	18.224
4.65347	18.2795
4.65414	18.3351
4.6555	18.3906
4.65618	18.4462
4.65756	18.5018
4.67268	18.5573
4.67404	18.6129
4.67472	18.6684
4.67613	18.724
4.67755	18.7795
4.68094	18.8351
4.68236	18.8906
4.68577	18.9462
4.68647	19.0018
4.68782	19.0544
4.68919	19.107
4.69057	19.1596
4.69347	19.2123
4.6935	19.2649
4.69414	19.3175
4.69538	19.3702
4.69614	19.4228
4.69743	19.4754
4.70398	19.5281
4.70442	19.5807
4.70514	19.6333
4.70595	19.686
4.70644	19.7386
4.70716	19.7912
4.70853	19.8439
4.7113	19.8965
4.71276	19.9491
4.71421	20.0018
4.71555	20.0518
4.71691	20.1018
4.71847	20.1518
4.71972	20.2018
4.7204	20.2518
4.72179	20.3018
4.72385	20.3518
4.72527	20.4018
4.7287	20.4518
4.73361	20.5018
4.73498	20.5518
4.73637	20.6018
4.73775	20.6518
4.73917	20.7018
4.74046	20.7518
4.7432	20.8018
4.74869	20.8518
4.75146	20.9018
4.75213	20.9518
4.75351	21.0018
4.75421	21.0494
4.75558	21.097
4.75696	21.1446
4.75834	21.1922
4.75972	21.2398
4.76109	21.2875
4.76313	21.3351
4.76593	21.3827
4.76662	21.4303
4.7674	21.4779
4.7681	21.5256
4.76879	21.5732
4.7695	21.6208
4.77089	21.6684
4.77226	21.716
4.77434	21.7637
4.77783	21.8113
4.77852	21.8589
4.77919	21.9065
4.78059	21.9541
4.78227	22.0018
4.78355	22.0472
4.7849	22.0927
4.78555	22.1381
4.78694	22.1836
4.78764	22.229
4.78832	22.2745
4.7897	22.3199
4.79171	22.3654
4.79234	22.4108
4.79724	22.4563
4.79861	22.5018
4.79928	22.5472
4.80271	22.5927
4.8042	22.6381
4.8055	22.6836
4.80688	22.729
4.80755	22.7745
4.80891	22.8199
4.81029	22.8654
4.81098	22.9108
4.81167	22.9563
4.81303	23.0018
4.8144	23.0452
4.8151	23.0887
4.81648	23.1322
4.81783	23.1757
4.81939	23.2191
4.82067	11.6096
4.82204	11.7005
4.82756	11.7914
4.82892	11.8823
4.83035	11.9732
4.83175	12.0641
4.83311	12.1475
4.83452	12.2308
4.83592	12.3141
4.83729	12.3975
4.83873	12.4808
4.84011	12.5641
4.84152	12.6475
4.84356	12.7308
4.84493	12.8141
4.84629	12.8975
4.84835	12.9808
4.84984	13.0641
4.85042	13.141
4.85248	13.218
4.85388	13.2949
4.85525	13.3718
4.85903	13.4487
4.86746	13.5257
4.87018	13.6026
4.87158	13.6795
4.87294	13.7564
4.87429	13.8333
4.87568	13.9103
4.87706	13.9872
4.87848	14.0641
4.87982	14.1355
4.88117	14.207
4.88257	14.2784
4.88598	14.3498
4.88925	14.4213
4.89425	14.4927
4.8956	14.5641
4.89699	14.6355
4.89839	14.707
4.90043	14.7784
4.90227	14.8498
4.90363	14.9213
4.90501	14.9927
4.90638	15.0641
4.90779	15.1308
4.90916	15.1975
4.91126	15.2641
4.91404	15.3308
4.91542	15.3975
4.92583	15.4641
4.92653	15.5308
4.92721	15.5975
4.9279	15.6641
4.92926	15.7308
4.92997	15.7975
4.93065	15.8641
4.93133	15.9308
4.93202	15.9975
4.9327	16.0641
4.93611	16.1266
4.9375	16.1891
4.93888	16.2516
4.94507	16.3141
4.94653	16.3766
4.95684	16.4391
4.95752	16.5016
4.95824	16.5641
4.9589	16.6266
4.95967	16.6891
4.96032	16.7516
4.9617	16.8141
4.96309	16.8766
4.96583	16.9391
4.96586	17.0016
4.96719	17.0604
4.96788	17.1193
4.96925	17.1781
4.96993	17.2369
4.97065	17.2957
4.97408	17.3546
4.98876	17.4134
4.99009	17.4722
4.99152	17.531
4.99217	17.5899
4.99422	17.6487
4.99561	17.7075
4.99696	17.7663
4.99833	17.8251
5.00039	17.884
5.00176	17.9428
5.00312	18.0016
5.00453	18.0572
5.00589	18.1127
5.00729	18.1683
5.00866	18.2238
5.01141	18.2794
5.01278	18.335
5.02049	18.3905
5.02115	18.4461
5.02187	18.5016
5.02257	18.5572
5.02394	18.6127
5.02462	18.6683
5.02531	18.7238
5.02603	18.7794
5.0274	18.835
5.02812	18.8905
5.02888	18.9461
5.02965	19.0016
5.0302	19.0542
5.03089	19.1069
5.03157	19.1595
5.03229	19.2121
5.03297	19.2648
5.03367	19.3174
5.04634	19.37
5.04907	19.4227
5.05043	19.4753
5.05187	19.5279
5.05394	19.5806
5.05532	19.6332
5.05599	19.6858
5.05738	19.7385
5.05874	19.7911
5.06013	19.8437
5.0608	19.8964
5.06218	19.949
5.06357	20.0016
5.06494	20.0516
5.06632	20.1016
5.0677	20.1516
5.06907	20.2016
5.07046	20.2516
5.07462	20.3016
5.08576	20.3516
5.08714	20.4016
5.0885	20.4516
5.0892	20.5016
5.09055	20.5516
5.09124	20.6016
5.09192	20.6516
5.09398	20.7016
5.09536	20.7516
5.09607	20.8016
5.09677	20.8516
5.09747	20.9016
5.09815	20.9516
5.09887	21.0016
5.09955	21.0492
5.10093	21.0969
5.10372	21.1445
5.1044	21.1921
5.10508	21.2397
5.10578	21.2873
5.11352	21.335
5.11487	21.3826
5.1157	21.4302
5.11695	21.4778
5.11761	21.5254
5.11833	21.573
5.12039	21.6207
5.12174	21.6683
5.12315	21.7159
5.1252	21.7635
5.12725	21.8111
5.12862	21.8588
5.13208	21.9064
5.13413	21.954
5.13553	22.0016
5.13693	22.0471
5.13963	22.0925
5.14103	22.138
5.14171	22.1834
5.1431	22.2289
5.14447	22.2743
5.15357	22.3198
5.1543	22.3653
5.15494	22.4107
5.15563	22.4562
5.15631	22.5016
5.15701	22.5471
5.16183	22.5925
5.16322	22.638
5.16461	22.6834
5.16664	22.7289
5.16732	22.7743
5.16802	22.8198
5.16873	22.8653
5.17081	22.9107
5.17224	22.9562
5.17289	23.0016
5.17499	23.0451
5.17636	23.0886
5.17702	23.1321
5.17773	23.1755
5.17911	23.219
5.18052	23.2625
5.18794	23.306
5.19138	23.3494
5.19276	23.3929
5.19413	23.4364
5.19553	23.4799
5.19687	23.5234
5.20185	23.5668
5.20321	23.6103
5.20599	23.6538
5.20805	23.6973
5.21012	23.7407
5.2115	23.7842
5.21288	23.8277
5.21493	23.8712
5.21632	23.9147
5.21767	23.9581
5.21915	24.0016
5.22044	24.0433
5.22181	24.085
5.22317	24.1266
5.22453	24.1683
5.22599	24.21
5.22733	24.2516
5.23299	24.2933
5.23303	24.335
5.23374	24.3766
5.2351	24.4183
5.23579	24.46
5.23716	24.5016
5.24062	24.5433
5.24198	24.585
5.24269	24.6266
5.24692	24.6683
5.24824	24.71
5.24963	24.7516
5.25032	24.7933
5.25218	24.835
5.25261	24.8766
5.25394	24.9183
5.25463	24.96
5.25602	25.0016
5.25671	25.0416
5.2574	25.0816
5.25807	25.1216
5.25946	25.1616
5.26015	25.2016
5.26152	25.2416
5.28095	25.2816
5.28165	25.3216
5.28346	25.3616
5.28438	25.4016
5.28575	25.4416
5.28713	25.4816
5.28854	25.5216
5.28991	25.5616
5.29124	25.6016
5.29194	25.6416
5.29331	25.6816
5.294	25.7216
5.29537	25.7616
5.29605	25.8016
5.29744	25.8416
5.2988	25.8816
5.30019	25.9216
5.30156	25.9616
5.30295	26.0016
5.30499	26.0401
5.30775	26.0785
5.30913	26.117
5.3105	13.0585
5.31118	13.1354
5.31187	13.2123
5.32173	13.2893
5.32312	13.3662
5.32446	13.4431
5.32668	13.52
5.32739	13.597
5.32878	13.6739
5.32949	13.7508
5.33153	13.8277
5.33223	13.9047
5.33359	13.9816
5.33428	14.0585
5.33497	14.1299
5.33636	14.2014
5.33705	14.2728
5.3384	14.3442
5.33912	14.4156
5.33979	14.4871
5.34049	14.5585
5.34116	14.6299
5.34186	14.7014
5.34265	14.7728
5.3447	14.8442
5.34677	14.9156
5.37434	14.9871
5.37503	15.0585
5.3764	15.1252
5.37775	15.1918
5.37843	15.2585
5.37913	15.3252
5.37984	15.3918
5.38229	15.4585
5.38297	15.5252
5.38439	15.5918
5.38508	15.6585
5.38921	15.7252
5.39058	15.7918
5.39197	15.8585
5.39965	15.9252
5.40102	15.9918
5.40173	16.0585
5.40241	8.02925
5.40376	8.15425
5.40445	8.27925
5.40515	8.40425
5.40583	8.52925
5.40651	8.65425
5.40793	8.77925
5.40865	8.90425
5.40938	9.02925
5.41136	9.14036
5.41203	9.25147
5.41347	9.36258
5.426	9.47369
5.42671	9.58481
5.42806	9.69592
5.43016	9.80703
5.43287	9.91814
5.43427	10.0293
5.43633	10.1293
5.43771	10.2293
5.44051	10.3293
5.45576	10.4293
5.45782	10.5293
5.45917	10.6293
5.45987	10.7293
5.46126	10.8293
5.4626	10.9293
5.46399	11.0293
5.46534	11.1202
5.46604	11.2111
5.46742	11.302
5.47512	11.3929
5.47648	11.4838
5.47718	11.5747
5.47787	11.6656
5.47857	11.7565
5.47926	11.8474
5.48065	11.9383
5.48131	12.0293
5.48411	12.1126
5.48552	12.1959
5.48901	12.2793
5.50355	12.3626
5.50494	12.4459
5.50629	12.5293
5.50698	12.6126
5.50835	12.6959
5.50903	12.7793
5.51043	12.8626
5.5118	12.9459
5.51316	13.0293
5.51527	13.1062
5.51661	13.1831
5.51801	13.26
5.53478	13.3369
5.53544	13.4139
5.53613	13.4908
5.53755	13.5677
5.53889	13.6446
5.54024	13.7216
5.54164	13.7985
5.54301	13.8754
5.54367	13.9523
5.54509	14.0293
5.54783	14.1007
5.54853	14.1721
5.5492	14.2435
5.55523	14.315
5.55528	14.3864
5.55658	14.4578
5.55794	14.5293
5.55869	14.6007
5.56009	14.6721
5.56077	14.7435
5.5615	14.815
5.56284	14.8864
5.56353	14.9578
5.5642	15.0293
5.56561	15.0959
5.56696	15.1626
5.56836	15.2293
5.58094	15.2959
5.58227	15.3626
5.59048	15.4293
5.59392	15.4959
5.59532	15.5626
5.59605	15.6293
5.59746	15.6959
5.5988	15.7626
5.59948	15.8293
5.60018	15.8959
5.60155	15.9626
5.60294	16.0293
5.60431	16.0918
5.60566	16.1543
5.60639	16.2168
5.61812	16.2793
5.61881	16.3418
5.62573	16.4043
5.62644	16.4668
5.62784	16.5293
5.62925	16.5918
5.63061	16.6543
5.63199	16.7168
5.63338	16.7793
5.63544	16.8418
5.63684	16.9043
5.6382	16.9668
5.63948	17.0293
5.63979	17.0881
5.6412	17.1469
5.64394	17.2057
5.65442	17.2645
5.6558	17.3234
5.66265	17.3822
5.66746	17.441
5.66886	17.4998
5.67091	17.5587
5.6723	17.6175
5.67364	17.6763
5.67512	17.7351
5.67638	17.794
5.67778	17.8528
5.67848	17.9116
5.6805	17.9704
5.6819	18.0293
5.68257	18.0848
5.68327	18.1404
5.68395	18.1959
5.69205	18.2515
5.69272	18.307
5.69529	18.3626
5.69666	18.4181
5.69805	18.4737
5.69943	18.5293
5.70012	18.5848
5.70237	18.6404
5.70293	18.6959
5.70431	18.7515
5.70568	18.807
5.70705	18.8626
5.71602	18.9181
5.7174	18.9737
5.71809	19.0293
5.71879	19.0819
5.71947	19.1345
5.72015	19.1871
5.72788	19.2398
5.72995	19.2924
5.73475	19.345
5.73613	19.3977
5.73756	19.4503
5.73886	19.5029
5.74025	19.5556
5.74161	19.6082
5.74298	19.6608
5.74436	19.7135
5.74578	19.7661
5.74712	19.8187
5.74849	19.8714
5.74986	19.924
5.75121	19.9766
5.75264	20.0293
5.7533	20.0793
5.75466	20.1293
5.75545	20.1793
5.77153	20.2293
5.77223	20.2793
5.77357	20.3293
5.77496	20.3793
5.77633	20.4293
5.77703	20.4793
5.77841	20.5293
5.77978	20.5793
5.78116	20.6293
5.78251	20.6793
5.78321	20.7293
5.78525	20.7793
5.78595	20.8293
5.78733	20.8793
5.78801	20.9293
5.79144	20.9793
5.79214	21.0293
5.7928	21.0769
5.79558	21.1245
5.79831	21.1721
5.81641	21.2197
5.81777	21.2673
5.81912	21.315
5.8205	21.3626
5.82187	21.4102
5.82335	21.4578
5.82463	21.5054
5.82532	21.5531
5.82604	21.6007
5.82736	21.6483
5.82809	21.6959
5.82878	21.7435
5.82942	21.7912
5.83053	21.8388
5.8308	21.8864
5.83215	21.934
5.83424	21.9816
5.8356	22.0293
5.8363	22.0747
5.83768	22.1202
5.83834	22.1656
5.85034	22.2111
5.85169	22.2565
5.85306	22.302
5.85443	22.3474
5.85582	22.3929
5.85719	22.4383
5.85857	22.4838
5.85997	22.5293
5.8614	22.5747
5.86278	22.6202
5.86415	22.6656
5.86548	22.7111
5.86833	22.7565
5.86966	22.802
5.87034	22.8474
5.87242	22.8929
5.87517	22.9383
5.87655	22.9838
5.87793	23.0293
5.87998	23.0727
5.88133	23.1162
5.8834	23.1597
5.90527	23.2032
5.90664	23.2466
5.908	23.2901
5.90937	23.3336
5.9108	23.3771
5.91212	23.4206
5.91348	23.464
5.91416	23.5075
5.91554	23.551
5.91692	23.5945
5.91762	23.6379
5.91898	23.6814
5.91967	11.8407
5.92036	11.9316
5.92177	12.0225
5.92245	12.1059
5.92381	12.1892
5.92449	12.2725
5.9252	12.3559
5.92657	12.4392
5.92723	12.5225
5.93066	12.6059
5.93136	12.6892
5.94542	12.7725
5.94678	12.8559
5.94815	12.9392
5.94885	13.0225
5.94954	13.0995
5.95029	13.1764
5.95095	13.2533
5.95227	13.3302
5.95317	13.4071
5.95384	13.4841
5.95454	13.561
5.95797	13.6379
5.99565	13.7148
5.99723	13.7918
5.99791	13.8687
5.99928	13.9456
6.00067	14.0225
6.00136	14.094
6.00277	14.1654
6.00345	14.2368
6.00414	14.3082
6.00483	14.3797
6.0062	14.4511
6.00757	14.5225
6.00907	14.594
6.01601	14.6654
6.01738	14.7368
6.01876	7.36841
6.0195	7.51127
6.02154	7.65412
6.02224	7.79698
6.02298	7.93984
6.02438	8.08269
6.02507	8.20769
6.02578	8.33269
6.02644	8.45769
6.02711	8.58269
6.02785	8.70769
6.02853	8.83269
6.03899	8.95769
6.04035	9.08269
6.05341	9.1938
6.05478	9.30492
6.05615	9.41603
6.05753	9.52714
6.05889	9.63825
6.06029	9.74936
6.07594	9.86047
6.0773	9.97158
6.07798	10.0827
6.0794	10.1827
6.08076	10.2827
6.0822	10.3827
6.08356	10.4827
6.08425	10.5827
6.08563	10.6827
6.10637	10.7827
6.10704	10.8827
6.10773	10.9827
6.10842	11.0827
6.10909	11.1736
6.11047	11.2645
6.11116	11.3554
6.11187	11.4463
6.11324	11.5372
6.11461	11.6281
6.13323	11.7191
6.13459	11.81
6.13527	11.9009
6.13682	11.9918
6.13745	12.0827
6.13882	12.166
6.13949	12.2494
6.14023	12.3327
6.14087	12.416
6.14155	12.4994
6.14224	12.5827
6.17836	12.666
6.17909	12.7494
6.18047	12.8327
6.18116	12.916
6.18183	12.9994
6.18255	13.0827
6.18389	13.1596
6.18527	13.2365
6.18803	13.3135
6.18872	13.3904
6.18946	13.4673
6.19077	13.5442
6.2075	13.6212
6.20819	13.6981
6.20888	13.775
6.21024	13.8519
6.21099	13.9288
6.21241	14.0058
6.2131	14.0772
6.2138	14.1486
6.21447	14.2201
6.21522	14.2915
6.21585	14.3629
6.21659	14.4343
6.21721	14.5058
6.22863	14.5772
6.23001	14.6486
6.2307	14.7201
6.23138	14.7915
6.23401	14.8629
6.2354	14.9343
6.23605	15.0058
6.23902	15.0724
6.23971	15.1391
6.24038	15.2058
6.24177	15.2724
6.24318	15.3391
6.2445	15.4058
6.24521	15.4724
6.24812	15.5391
6.24948	15.6058
6.25022	15.6724
6.2509	15.7391
6.25984	15.8058
6.26053	15.8724
6.26189	15.9391
6.26259	16.0058
6.26396	16.0683
6.26533	16.1308
6.26669	16.1933
6.26849	16.2558
6.27015	16.3183
6.27153	16.3808
6.27296	16.4433
6.27437	16.5058
6.27573	16.5683
6.27714	16.6308
6.27783	16.6933
6.27987	16.7558
6.28129	16.8183
6.28262	16.8808
6.284	16.9433
6.2847	17.0058
6.28606	17.0646
6.28676	17.1234
6.28814	17.1822
6.29019	17.2411
6.29088	17.2999
6.29224	17.3587
6.29365	17.4175
6.30102	17.4764
6.30149	17.5352
6.30212	17.594
6.30286	17.6528
6.30354	17.7117
6.30434	17.7705
6.30489	17.8293
6.30558	17.8881
6.30626	17.9469
6.30697	18.0058
6.30763	18.0613
6.30833	18.1169
6.30905	18.1724
6.3189	18.228
6.32027	18.2835
6.32166	18.3391
6.32304	18.3947
6.33307	18.4502
6.33444	18.5058
6.33652	18.5613
6.33789	18.6169
6.33926	18.6724
6.34064	18.728
6.34202	18.7835
6.34338	18.8391
6.34475	18.8947
6.34649	18.9502
6.34783	19.0058
6.34922	19.0584
6.35092	19.111
6.35304	19.1637
6.35715	19.2163
6.35853	19.2689
6.35988	19.3216
6.36126	19.3742
6.36276	19.4268
6.36481	19.4795
6.36619	19.5321
6.36756	19.5847
6.36892	19.6373
6.37031	19.69
6.37169	19.7426
6.37307	19.7952
6.37374	19.8479
6.37516	19.9005
6.37589	19.9531
6.37658	20.0058
6.37727	20.0558
6.37795	20.1058
6.37939	20.1558
6.38006	20.2058
6.38078	20.2558
6.38147	20.3058
6.38217	20.3558
6.39189	20.4058
6.3936	20.4558
6.39427	20.5058
6.39564	20.5558
6.39632	20.6058
6.39769	20.6558
6.39838	20.7058
6.39979	20.7558
6.40044	20.8058
6.40182	20.8558
6.40392	20.9058
6.40524	20.9558
6.40665	21.0058
6.40801	21.0534
6.41007	21.101
6.41421	21.1486
6.41573	21.1962
6.417	21.2439
6.41768	21.2915
6.41834	21.3391
6.4281	21.3867
6.42889	21.4343
6.42952	21.482
6.43019	21.5296
6.43087	21.5772
6.43155	21.6248
6.43225	21.6724
6.43293	21.7201
6.43361	21.7677
6.43448	21.8153
6.435	21.8629
6.43568	21.9105
6.43638	21.9582
6.43774	22.0058
6.43908	22.0512
6.44255	22.0967
6.44599	22.1421
6.44735	22.1876
6.44872	22.233
6.45009	22.2785
6.4508	22.324
6.46128	22.3694
6.46201	22.4149
6.46267	22.4603
6.46336	22.5058
6.46405	22.5512
6.46474	22.5967
6.46544	22.6421
6.46612	22.6876
6.4668	22.733
6.46749	22.7785
6.46817	22.824
6.46888	22.8694
6.46959	22.9149
6.47026	22.9603
6.47098	23.0058
6.47236	23.0492
6.47482	23.0927
6.47551	23.1362
6.47624	23.1797
6.47898	23.2232
6.48231	23.2666
6.48364	23.3101
6.48928	23.3536
6.49131	23.3971
6.49269	23.4406
6.49404	23.484
6.49541	23.5275
6.49688	23.571
6.49818	23.6145
6.5009	23.6579
6.50158	23.7014
6.50365	23.7449
6.50503	23.7884
6.5064	23.8319
6.50776	23.8753
6.50914	23.9188
6.51052	23.9623
6.51189	24.0058
6.51532	24.0474
6.51875	24.0891
6.52012	24.1308
6.52149	24.1724
6.52495	24.2141
6.52638	24.2558
6.52775	24.2974
6.53139	24.3391
6.53213	24.3808
6.53282	24.4224
6.53349	24.4641
6.5342	24.5058
6.53489	24.5474
6.53559	24.5891
6.53627	24.6308
6.53695	24.6724
6.53764	24.7141
6.53832	24.7558
6.53903	24.7974
6.53969	24.8391
6.54037	24.8808
6.54105	24.9224
6.54243	24.9641
6.54381	25.0058
6.54654	25.0458
6.54726	25.0858
6.5493	25.1258
6.55003	25.1658
6.55479	25.2058
6.55618	25.2458
6.55757	25.2858
6.5725	25.3258
6.57388	25.3658
6.57784	25.4058
6.57916	25.4458
6.58054	25.4858
6.5826	25.5258
6.58396	25.5658
6.58534	25.6058
6.58604	25.6458
6.5874	25.6858
6.58878	25.7258
6.59016	25.7658
6.59084	25.8058
6.5922	25.8458
6.59288	25.8858
6.59427	25.9258
6.59503	25.9658
6.59565	26.0058
6.59633	26.0442
6.59704	26.0827
6.59772	26.1212
6.5984	26.1596
6.59976	26.1981
6.60134	26.2365
6.60285	26.275
6.6077	26.3135
6.61046	26.3519
6.61183	26.3904
6.61389	26.4288
6.61462	26.4673
6.61535	26.5058
6.61609	26.5442
6.61677	26.5827
6.61746	26.6212
6.61818	26.6596
6.61956	26.6981
6.62091	26.7365
6.62229	26.775
6.62504	26.8135
6.6264	26.8519
6.63122	26.8904
6.6319	26.9288
6.6326	26.9673
6.63328	27.0058
6.63536	27.0428
6.63738	27.0798
6.64028	27.1169
6.64153	27.1539
6.64328	27.191
6.64483	27.228
6.64689	27.265
6.65667	27.3021
6.65736	27.3391
6.65804	27.3761
6.65942	27.4132
6.66358	27.4502
6.66426	27.4873
6.66495	27.5243
6.66568	27.5613
6.66631	27.5984
6.66704	27.6354
6.66776	27.6724
6.66846	27.7095
6.66986	27.7465
6.67052	27.7835
6.6719	27.8206
6.67334	27.8576
6.674	27.8947
6.67468	27.9317
6.67605	27.9687
6.67675	28.0058
6.67745	28.0415
6.67811	28.0772
6.67878	28.1129
6.6795	28.1486
6.68015	28.1843
6.68158	28.2201
6.68185	28.2558
6.70535	28.2915
6.70612	28.3272
6.70684	28.3629
6.70754	28.3986
6.70823	28.4343
6.70965	28.4701
6.71101	28.5058
6.71172	28.5415
6.71307	28.5772
6.71376	28.6129
6.71447	28.6486
6.71583	28.6843
6.71649	28.7201
6.71718	28.7558
6.71789	28.7915
6.71857	28.8272
6.71924	28.8629
6.71993	28.8986
6.72062	28.9343
6.72132	28.9701
6.72201	29.0058
6.72271	29.0403
6.72355	29.0747
6.7242	29.1092
6.72489	29.1437
6.72628	29.1782
6.72764	29.2127
6.72833	29.2472
6.73674	29.2816
6.73814	29.3161
6.73878	29.3506
6.74109	29.3851
6.74419	29.4196
6.75045	29.454
6.75114	29.4885
6.75182	29.523
6.7525	29.5575
6.75318	29.592
6.75457	29.6265
6.75595	29.6609
6.75731	29.6954
6.75871	29.7299
6.76007	29.7644
6.76079	29.7989
6.76213	29.8334
6.76283	29.8678
6.76352	29.9023
6.7649	29.9368
6.76557	29.9713
6.76627	30.0058
6.76694	30.0391
6.76832	30.0724
6.76908	30.1058
6.77043	30.1391
6.77115	30.1724
6.77184	30.2058
6.77251	30.2391
6.77605	30.2724
6.77674	30.3058
6.77743	30.3391
6.77811	30.3724
6.77951	30.4058
6.78089	30.4391
6.78225	30.4724
6.78299	30.5058
6.78364	30.5391
6.78502	30.5724
6.78639	30.6058
6.78775	30.6391
6.78915	30.6724
6.79055	30.7058
6.79126	30.7391
6.79264	30.7724
6.79543	30.8058
6.79677	30.8391
6.79955	30.8724
6.80228	30.9058
6.80365	30.9391
6.80433	30.9724
6.80518	31.0058
6.80583	31.038
6.80784	31.0703
6.80994	31.1025
6.81061	31.1348
6.81341	31.1671
6.81407	31.1993
6.81473	31.2316
6.81627	31.2638
6.81693	31.2961
6.8183	31.3284
6.81968	31.3606
6.82108	31.3929
6.82246	31.4251
6.82312	31.4574
6.82449	31.4896
6.82587	31.5219
6.82727	31.5542
6.82864	31.5864
6.83003	31.6187
6.8314	31.6509
6.83414	31.6832
6.83492	31.7154
6.83565	31.7477
6.8363	31.78
6.83698	31.8122
6.83769	31.8445
6.83905	31.8767
6.84043	31.909
6.84248	31.9413
6.84385	31.9735
6.84522	32.0058
6.84663	32.037
6.84945	32.0683
6.85012	32.0995
6.85078	32.1308
6.85149	32.162
6.85219	32.1933
6.85285	32.2245
6.85571	32.2558
6.85707	32.287
6.85843	32.3183
6.85981	32.3495
6.86118	32.3808
6.86256	32.412
6.86394	32.4433
6.8653	32.4745
6.86667	32.5058
6.86806	32.537
6.87021	32.5683
6.87152	32.5995
6.87286	32.6308
6.87426	32.662
6.87905	32.6933
6.88043	32.7245
6.88111	32.7558
6.88201	32.787
6.88272	32.8183
6.88335	32.8495
6.88472	32.8808
6.88609	32.912
6.88683	32.9433
6.88754	32.9745
6.88826	33.0058
6.88895	33.0361
6.88964	33.0664
6.89032	33.0967
6.89107	33.127
6.89177	33.1573
6.89246	33.1876
6.89319	33.2179
6.89605	33.2482
6.8974	33.2785
6.89878	33.3088
6.90015	33.3391
6.90084	33.3694
6.90218	33.3997
6.90291	33.43
6.90449	33.4603
6.90566	33.4906
6.90632	33.5209
6.91047	33.5512
6.91186	33.5815
6.91254	33.6118
6.91391	33.6421
6.91735	33.6724
6.91871	33.7027
6.92081	33.733
6.92213	33.7633
6.92352	33.7936
6.92486	33.824
6.92704	33.8543
6.92832	33.8846
6.93461	33.9149
6.9353	33.9452
6.93601	33.9755
6.93669	34.0058
6.93736	34.0352
6.93806	34.0646
6.93875	34.094
6.93945	34.1234
6.94015	34.1528
6.94082	34.1822
6.94152	34.2117
6.94515	34.2411
6.94583	34.2705
6.9465	34.2999
6.9472	34.3293
6.94881	34.3587
6.95017	34.3881
6.95085	34.4175
6.95226	34.4469
6.95292	34.4764
6.95428	34.5058
6.955	34.5352
6.95635	34.5646
6.95769	34.594
6.95841	34.6234
6.9598	34.6528
6.96047	34.6822
6.96187	34.7117
6.96323	34.7411
6.96462	34.7705
6.96598	34.7999
6.96739	34.8293
6.96877	34.8587
6.97629	34.8881
6.97971	34.9175
6.98184	34.9469
6.98316	34.9764
6.98459	35.0058
6.98527	35.0343
6.98599	35.0629
6.98732	35.0915
6.98802	35.1201
6.98942	35.1486
6.99009	35.1772
6.99076	35.2058
6.99305	35.2343
6.99374	35.2629
6.99443	35.2915
6.99511	35.3201
6.99579	35.3486
6.99647	35.3772
6.99775	35.4058
6.99786	35.4343
6.99854	35.4629
6.99921	35.4915
6.99991	35.5201
7.00062	35.5486
7.00129	35.5772
7.00198	35.6058
7.00271	35.6343
7.00336	35.6629
7.00408	35.6915
7.00475	35.7201
7.00545	35.7486
7.0069	35.7772
7.00751	35.8058
7.00823	35.8343
7.00959	35.8629
7.01027	35.8915
7.01512	35.9201
7.01647	35.9486
7.01921	35.9772
7.02059	36.0058
7.02198	36.0335
7.02334	36.0613
7.02471	36.0891
7.02608	36.1169
7.02752	36.1447
7.02888	36.1724
7.03026	36.2002
7.03801	36.228
7.03938	36.2558
7.04076	36.2835
7.04215	36.3113
7.04352	36.3391
7.04421	36.3669
7.04489	36.3947
7.04626	36.4224
7.04696	36.4502
7.04766	36.478
7.04835	36.5058
7.04971	36.5335
7.05044	36.5613
7.05133	36.5891
7.05202	36.6169
7.05272	36.6447
7.05342	36.6724
7.0541	36.7002
7.0548	36.728
7.0555	36.7558
7.05619	36.7835
7.05687	36.8113
7.05755	36.8391
7.05822	36.8669
7.05893	36.8947
7.05963	36.9224
7.06031	36.9502
7.061	36.978
7.06169	37.0058
7.06306	37.0328
7.06445	37.0598
7.0658	37.0869
7.06718	37.1139
7.06856	37.1409
7.07405	37.1679
7.07543	37.195
7.08449	37.222
7.08655	37.249
7.08725	37.276
7.08794	37.3031
7.08933	37.3301
7.0907	37.3571
7.09138	37.3841
7.09206	37.4112
7.09281	37.4382
7.09349	37.4652
7.09447	37.4923
7.09553	37.5193
7.09694	37.5463
7.09962	37.5733
7.10102	37.6004
7.10241	37.6274
7.10446	37.6544
7.10515	37.6814
7.10582	37.7085
7.10721	37.7355
7.10789	37.7625
7.10861	37.7896
7.10925	37.8166
7.10994	37.8436
7.11136	37.8706
7.11274	37.8977
7.11411	37.9247
7.11481	37.9517
7.11617	37.9787
7.11754	38.0058
7.11823	38.0321
7.11961	38.0584
7.12028	38.0847
7.12168	38.111
7.12236	38.1373
7.12373	38.1637
7.12509	38.19
7.128	38.2163
7.13074	38.2426
7.13283	38.2689
7.13352	38.2952
7.1349	38.3216
7.13558	38.3479
7.13695	38.3742
7.13763	38.4005
7.13833	38.4268
7.13969	38.4531
7.1411	38.4795
7.14313	38.5058
7.1445	38.5321
7.14865	38.5584
7.15002	38.5847
7.15073	38.611
7.15208	38.6373
7.15289	38.6637
7.15356	38.69
7.15491	38.7163
7.15559	38.7426
7.15694	38.7689
7.15836	38.7952
7.15971	38.8216
7.16108	38.8479
7.16179	38.8742
7.16316	38.9005
7.1645	38.9268
7.16591	38.9531
7.16728	38.9795
7.1687	39.0058
7.17002	39.0314
7.17276	39.0571
7.17412	39.0827
7.17623	39.1083
7.17759	39.134
7.17963	39.1596
7.18031	39.1853
7.18393	39.2109
7.18533	39.2365
7.18604	39.2622
7.18738	39.2878
7.18875	39.3135
7.19012	39.3391
7.19149	39.3647
7.19355	39.3904
7.19425	39.416
7.19563	39.4417
7.197	39.4673
7.19836	39.493
7.19976	39.5186
7.20046	39.5442
7.20117	39.5699
7.20261	39.5955
7.20398	39.6212
7.21156	39.6468
7.21225	39.6724
7.21293	39.6981
7.21431	39.7237
7.21503	39.7494
7.21568	39.775
7.21636	39.8006
7.22049	39.8263
7.22187	39.8519
7.22325	39.8776
7.22392	39.9032
7.22529	39.9288
7.22735	39.9545
7.22875	39.9801
7.22945	40.0058
7.23083	40.0308
7.23292	40.0558
7.23358	40.0808
7.23564	40.1058
7.237	40.1308
7.23838	40.1558
7.23906	40.1808
7.23996	40.2058
7.24129	40.2308
7.24266	40.2558
7.24404	40.2808
7.24615	40.3058
7.2474	40.3308
7.24878	40.3558
7.25014	40.3808
7.25154	40.4058
7.25292	40.4308
7.25363	40.4558
7.255	40.4808
7.25641	40.5058
7.25851	40.5308
7.26056	40.5558
7.26196	40.5808
7.26331	40.6058
7.26571	40.6308
7.26641	40.6558
7.26779	40.6808
7.26885	40.7058
7.26986	40.7308
7.27055	40.7558
7.27192	40.7808
7.27336	40.8058
7.27405	40.8308
7.27607	40.8558
7.27676	40.8808
7.27813	40.9058
7.27954	40.9308
7.28022	40.9558
7.28296	40.9808
7.28366	41.0058
7.28571	41.0302
7.2864	41.0546
7.28777	41.0789
7.29154	41.1033
7.29359	41.1277
7.29565	41.1521
7.29702	41.1765
7.29795	41.2009
7.30067	41.2253
7.302	41.2497
7.30338	41.2741
7.30544	41.2985
7.30612	41.3228
7.3075	41.3472
7.30958	41.3716
7.31027	41.396
7.31194	41.4204
7.31259	41.4448
7.31402	41.4692
7.31536	41.4936
7.31741	41.518
7.31883	41.5424
7.31949	41.5667
7.3202	41.5911
7.32157	41.6155
7.32224	20.8078
7.32362	20.8578
7.32498	20.9078
7.32574	20.9578
7.32641	21.0078
7.32782	21.0554
7.33132	21.103
7.33196	21.1506
7.33268	21.1982
7.33607	21.2459
7.33676	21.2935
7.33745	21.3411
7.33952	21.3887
7.34022	21.4363
7.34157	21.484
7.34435	21.5316
7.34638	21.5792
7.34709	21.6268
7.35001	21.6744
7.35071	21.722
7.35139	21.7697
7.35208	21.8173
7.35275	21.8649
7.3537	21.9125
7.35499	21.9601
7.35634	22.0078
7.35773	22.0532
7.35909	22.0987
7.36048	22.1441
7.36461	22.1896
7.36669	22.235
7.36739	22.2805
7.36808	22.3259
7.36948	22.3714
7.37012	22.4169
7.37153	22.4623
7.37426	22.5078
7.37496	22.5532
7.37632	22.5987
7.3777	22.6441
7.37838	22.6896
7.38193	22.735
7.38329	22.7805
7.38466	22.8259
7.39239	22.8714
7.39313	22.9169
7.3938	22.9623
7.39449	23.0078
7.39518	23.0512
7.39583	23.0947
7.39656	23.1382
7.39722	23.1817
7.39792	23.2252
7.39861	23.2686
7.39927	23.3121
7.39996	23.3556
7.40065	23.3991
7.40133	23.4425
7.402	23.486
7.40271	23.5295
7.40408	23.573
7.40478	23.6165
7.40548	23.6599
7.41719	23.7034
7.42068	23.7469
7.4311	23.7904
7.44158	23.8339
7.44961	23.8773
7.45029	23.9208
7.45096	23.9643
7.45183	24.0078
7.45242	24.0494
7.4531	24.0911
7.4538	24.1328
7.45449	24.1744
7.45517	24.2161
7.45586	24.2578
7.45653	24.2994
7.45724	24.3411
7.45791	24.3828
7.4593	24.4244
7.46065	24.4661
7.46204	24.5078
7.46615	24.5494
7.46751	24.5911
7.46889	24.6328
7.47032	24.6744
7.47174	24.7161
7.47928	24.7578
7.50334	24.7994
7.50474	24.8411
7.50621	24.8828
7.50758	24.9244
7.50895	24.9661
7.51036	25.0078
7.51105	25.0478
7.51241	25.0878
7.51312	25.1278
7.51378	25.1678
7.51448	25.2078
7.51518	25.2478
7.51658	25.2878
7.51791	25.3278
7.51861	25.3678
7.51929	25.4078
7.52001	25.4478
7.52135	25.4878
7.52208	25.5278
7.52275	25.5678
7.52482	25.6078
7.52696	25.6478
7.53107	25.6878
7.5332	25.7278
7.54557	25.7678
7.5505	25.8078
7.55198	25.8478
7.55266	25.8878
7.55403	25.9278
7.55541	25.9678
7.55611	26.0078
7.55678	26.0462
7.55824	26.0847
7.55882	26.1231
7.56021	26.1616
7.56158	26.2001
7.56295	26.2385
7.56433	26.277
7.56502	26.3155
7.56575	26.3539
7.56642	26.3924
7.56711	26.4308
7.56782	26.4693
7.57887	26.5078
7.57957	26.5462
7.58099	26.5847
7.58172	26.6231
7.58379	26.6616
7.58517	26.7001
7.59359	26.7385
7.59498	26.777
7.59565	26.8155
7.59633	26.8539
7.59703	26.8924
7.59772	26.9308
7.5984	26.9693
7.59911	27.0078
7.6005	27.0448
7.60124	27.0818
7.60188	27.1189
7.60256	27.1559
7.60328	27.1929
7.60675	27.23
7.60814	27.267
7.6088	27.3041
7.61018	27.3411
7.61088	27.3781
7.61224	27.4152
7.61292	27.4522
7.61431	27.4892
7.61641	27.5263
7.61777	27.5633
7.61915	27.6004
7.62053	27.6374
7.62189	27.6744
7.64116	27.7115
7.64942	27.7485
7.65077	27.7855
7.65287	27.8226
7.65423	27.8596
7.65631	27.8967
7.65768	27.9337
7.65837	27.9707
7.65973	28.0078
7.66042	28.0435
7.66248	28.0792
7.66479	28.1149
7.66523	28.1506
7.66594	28.1863
7.67288	28.222
7.67426	28.2578
7.67563	28.2935
7.67703	28.3292
7.67771	28.3649
7.67912	28.4006
7.67981	28.4363
7.68048	28.472
7.68115	28.5078
7.68182	28.5435
7.68252	28.5792
7.68389	28.6149
7.68528	28.6506
7.69329	28.6863
7.69679	28.722
7.6982	28.7578
7.69954	28.7935
7.70367	28.8292
7.70503	28.8649
7.70647	28.9006
7.70784	28.9363
7.70919	28.972
7.71059	29.0078
7.71197	29.0422
7.71268	29.0767
7.71404	29.1112
7.71473	29.1457
7.71542	29.1802
7.71886	29.2147
7.72024	29.2491
7.72161	29.2836
7.72299	29.3181
7.72367	29.3526
7.72438	29.3871
7.72505	29.4216
7.72573	29.456
7.72799	29.4905
7.72803	29.525
7.72847	29.5595
7.72918	29.594
7.72986	29.6285
7.73619	29.6629
7.73895	29.6974
7.74032	29.7319
7.74186	29.7664
7.74333	29.8009
7.74401	29.8353
7.74618	29.8698
7.74752	29.9043
7.74958	29.9388
7.75094	29.9733
7.75163	30.0078
7.75301	30.0411
7.75885	30.0744
7.75952	30.1078
7.76026	30.1411
7.76161	30.1744
7.76228	30.2078
7.76296	30.2411
7.76434	30.2744
7.76504	30.3078
7.76572	30.3411
7.76642	30.3744
7.7671	30.4078
7.76778	30.4411
7.76848	30.4744
7.76917	30.5078
7.76984	30.5411
7.77054	30.5744
7.77123	30.6078
7.77265	30.6411
7.78166	30.6744
7.7844	30.7078
7.7851	30.7411
7.78578	30.7744
7.78715	30.8078
7.78783	30.8411
7.78852	30.8744
7.78988	30.9078
7.79127	30.9411
7.79263	30.9744
7.79332	31.0078
7.79469	31.04
7.79605	31.0723
7.79745	31.1045
7.7988	31.1368
7.80017	31.1691
7.80154	31.2013
7.80295	31.2336
7.80433	31.2658
7.80576	31.2981
7.80709	31.3303
7.80849	31.3626
7.80916	31.3949
7.81053	31.4271
7.81189	31.4594
7.81327	31.4916
7.81469	31.5239
7.81676	31.5562
7.81818	31.5884
7.81894	31.6207
7.81964	31.6529
7.821	31.6852
7.82239	31.7174
7.82377	31.7497
7.82445	31.782
7.82634	31.8142
7.8272	31.8465
7.82925	31.8787
7.83063	31.911
7.83274	31.9432
7.83414	31.9755
7.8348	32.0078
7.8355	32.039
7.83619	32.0703
7.83754	32.1015
7.83891	32.1328
7.84029	32.164
7.84168	32.1953
7.84308	32.2265
7.84513	32.2578
7.84581	32.289
7.84665	32.3203
7.84722	32.3515
7.8486	32.3828
7.84928	32.414
7.85067	32.4453
7.85345	32.4765
7.8582	32.5078
7.86236	32.539
7.86719	32.5703
7.86865	32.6015
7.86934	32.6328
7.87002	32.664
7.87072	32.6953
7.87208	32.7265
7.87274	32.7578
7.87347	32.789
7.87412	32.8203
7.87485	32.8515
7.87561	32.8828
7.87697	32.914
7.87767	32.9453
7.87838	32.9765
7.87908	33.0078
7.87977	33.0381
7.88042	33.0684
7.88116	33.0987
7.88185	33.129
7.88323	33.1593
7.88459	33.1896
7.88599	33.2199
7.88803	33.2502
7.89009	33.2805
7.89215	33.3108
7.89375	33.3411
7.89629	33.3714
7.89835	33.4017
7.90044	33.432
7.90385	33.4623
7.90798	33.4926
7.91077	33.5229
7.91213	33.5532
7.91564	33.5835
7.91701	33.6138
7.91839	33.6441
7.9198	33.6744
7.92052	33.7047
7.92122	33.735
7.92194	33.7653
7.92265	33.7956
7.92331	33.8259
7.92745	33.8562
7.93158	33.8866
7.93227	33.9169
7.93366	33.9472
7.93432	33.9775
7.9357	34.0078
7.9364	34.0372
7.93776	34.0666
7.93912	34.096
7.93982	34.1254
7.94051	34.1548
7.94189	34.1842
7.94328	34.2136
7.94396	34.2431
7.94464	34.2725
7.94669	34.3019
7.94942	34.3313
7.95151	34.3607
7.95424	34.3901
7.95562	34.4195
7.957	34.4489
7.95839	34.4784
7.95979	34.5078
7.96121	34.5372
7.96329	34.5666
7.96537	34.596
7.96675	34.6254
7.97022	34.6548
7.97093	34.6842
7.97277	34.7136
7.97289	34.7431
7.97508	34.7725
7.97579	34.8019
7.97645	17.4009
7.97718	17.4598
7.97856	17.5186
7.97926	17.5774
7.98062	17.6362
7.98199	17.6951
7.98268	17.7539
7.98405	17.8127
7.98475	17.8715
7.98613	17.9304
7.98954	17.9892
7.99159	18.048
7.99365	18.1036
7.99503	18.1591
7.99572	18.2147
7.99777	18.2702
7.99848	18.3258
7.99916	18.3813
8.00057	18.4369
8.00331	18.4924
8.004	18.548
8.00471	18.6036
8.00606	18.6591
8.00743	18.7147
8.00881	18.7702
8.01027	18.8258
8.01173	18.8813
8.01301	18.9369
8.01607	18.9924
8.01814	19.048
8.01952	19.1006
8.02087	19.1533
8.02156	19.2059
8.02229	19.2585
8.03277	19.3112
8.03416	19.3638
8.03484	19.4164
8.03553	19.4691
8.0369	19.5217
8.03828	19.5743
8.03968	19.6269
8.04103	19.6796
8.04241	19.7322
8.04872	19.7848
8.04945	19.8375
8.0508	19.8901
8.05146	19.9427
8.05355	19.9954
8.05424	20.048
8.05493	20.098
8.0556	20.148
8.05699	20.198
8.05766	20.248
8.06394	20.298
8.06459	20.348
8.06529	20.398
8.06668	20.448
8.06804	20.498
8.06873	20.548
8.07019	20.598
8.07148	20.648
8.07216	20.698
8.07502	20.748
8.07813	20.798
8.07953	20.848
8.08155	20.898
8.08158	20.948
8.08227	20.998
8.08363	10.499
8.085	10.599
8.08638	10.699
8.08777	10.799
8.08911	10.899
8.0912	10.999
8.09257	11.099
8.09331	11.1899
8.09463	11.2808
8.09602	11.3717
8.09742	11.4626
8.09879	11.5535
8.10087	11.6445
8.103	11.7354
8.10723	11.8263
8.10935	11.9172
8.11071	12.0081
8.11211	12.0914
8.11347	12.1748
8.11415	12.2581
8.1204	12.3414
8.12105	12.4248
8.12381	12.5081
8.1245	6.25405
8.12591	6.42071
8.14073	6.58738
8.14904	6.75405
8.14975	6.92071
8.15111	7.08738
8.15179	7.23024
8.15316	7.37309
8.15385	7.51595
8.15939	7.65881
8.16085	7.80166
8.16088	7.94452
8.17339	8.08738
8.17414	8.21238
8.17499	8.33738
8.17554	8.46238
8.17696	8.58738
8.17763	8.71238
8.17831	8.83738
8.2083	8.96238
8.20967	9.08738
8.21103	9.19849
8.21306	9.3096
8.21443	9.42071
8.21581	9.53182
8.2165	9.64293
8.21719	9.75405
8.2435	9.86516
8.24584	9.97627
8.24723	10.0874
8.2486	10.1874
8.24998	10.2874
8.25135	10.3874
8.25272	10.4874
8.25411	10.5874
8.25547	10.6874
8.27483	10.7874
8.27603	10.8874
8.27672	10.9874
8.27811	11.0874
8.28411	11.1783
8.28437	11.2692
8.28449	11.3601
8.2847	11.451
8.28497	11.5419
8.28634	11.6328
8.31322	11.7237
8.31383	11.8147
8.31455	11.9056
8.31522	11.9965
8.31662	12.0874
8.31798	12.1707
8.31865	12.254
8.31936	12.3374
8.32076	12.4207
8.32214	12.504
8.32357	12.5874
8.35887	12.6707
8.36025	12.754
8.36168	12.8374
8.36306	12.9207
8.36578	13.004
8.36715	13.081
8.36853	13.1579
8.3699	13.2348
8.37128	13.3117
8.37471	13.3887
8.37611	13.4656
8.3775	13.5425
8.39859	13.6194
8.39926	13.6964
8.39993	13.7733
8.40064	13.8502
8.40199	13.9271
8.4027	14.004
8.40405	14.0755
8.40472	14.1469
8.40612	14.2183
8.40778	14.2898
8.40886	14.3612
8.41029	14.4326
8.41643	14.504
8.43525	14.5755
8.43729	14.6469
8.43867	14.7183
8.44011	14.7898
8.4408	14.8612
8.44148	14.9326
8.44217	15.004
8.44285	15.0707
8.44355	15.1374
8.44423	15.204
8.44492	15.2707
8.44575	15.3374
8.44906	15.404
8.45045	15.4707
8.46448	15.5374
8.46654	15.604
8.46857	15.6707
8.47342	15.7374
8.47409	15.804
8.47603	15.8707
8.4769	15.9374
8.47827	16.004
8.47967	16.0665
8.48104	16.129
8.48244	16.1915
8.48451	16.254
8.48589	16.3165
8.48726	16.379
8.48863	16.4415
8.50467	16.504
8.50605	16.5665
8.50741	16.629
8.51085	16.6915
8.51154	16.754
8.51223	16.8165
8.51704	16.879
8.51839	16.9415
8.51977	17.004
8.52184	17.0629
8.5239	17.1217
8.52533	17.1805
8.52668	17.2393
8.52971	17.2982
8.5309	17.357
8.53235	17.4158
8.54375	17.4746
8.54444	17.5335
8.54581	17.5923
8.5465	17.6511
8.54788	17.7099
8.54932	17.7688
8.55121	17.8276
8.5524	17.8864
8.55378	17.9452
8.55515	18.004
8.55652	18.0596
8.55927	18.1152
8.56407	18.1707
8.5655	18.2263
8.56751	18.2818
8.56887	18.3374
8.57366	18.3929
8.58328	18.4485
8.58359	18.504
8.58499	18.5596
8.5864	18.6152
8.5873	18.6707
8.58801	18.7263
8.58868	18.7818
8.58936	18.8374
8.59005	18.8929
8.59076	18.9485
8.59213	19.004
8.59283	19.0567
8.59419	19.1093
8.59488	19.1619
8.59625	19.2146
8.59693	19.2672
8.59831	19.3198
8.60382	19.3725
8.62495	19.4251
8.62638	19.4777
8.62771	19.5304
8.62912	19.583
8.63045	19.6356
8.63183	19.6883
8.63321	19.7409
8.63458	19.7935
8.6375	19.8462
8.63814	19.8988
8.63885	19.9514
8.63952	20.004
8.64021	20.054
8.6409	20.104
8.64158	20.154
8.64229	20.204
8.64297	20.254
8.64372	20.304
8.64438	20.354
8.64941	20.404
8.66538	20.454
8.66676	20.504
8.6681	20.554
8.67223	20.604
8.67359	20.654
8.67497	20.704
8.67633	20.754
8.68187	20.804
8.68321	20.854
8.68457	20.904
8.68593	20.954
8.68732	21.004
8.68869	21.0517
8.69008	21.0993
8.69143	21.1469
8.6928	21.1945
8.69417	21.2421
8.69622	21.2898
8.6976	21.3374
8.69909	21.385
8.70185	21.4326
8.70329	21.4802
8.70468	21.5279
8.70607	21.5755
8.70748	21.6231
8.70884	21.6707
8.71018	21.7183
8.71156	21.766
8.71231	21.8136
8.71306	21.8612
8.71376	21.9088
8.71444	21.9564
8.71513	22.004
8.71584	22.0495
8.71719	22.095
8.71856	22.1404
8.72546	22.1859
8.72888	22.2313
8.73232	22.2768
8.73368	22.3222
8.73804	22.3677
8.73942	22.4131
8.74285	22.4586
8.74557	22.504
8.74696	22.5495
8.74764	22.595
8.74903	22.6404
8.74971	22.6859
8.75178	22.7313
8.75245	22.7768
8.75315	22.8222
8.75382	22.8677
8.75519	22.9131
8.75589	22.9586
8.75724	23.004
8.76014	23.0475
8.76151	23.091
8.76288	23.1345
8.76428	23.178
8.76563	23.2214
8.76698	23.2649
8.7677	23.3084
8.7824	23.3519
8.78377	23.3953
8.78515	23.4388
8.78653	23.4823
8.78791	23.5258
8.78861	23.5693
8.79	23.6127
8.7914	23.6562
8.79274	23.6997
8.79412	23.7432
8.79552	23.7867
8.79691	23.8301
8.79829	23.8736
8.79966	23.9171
8.80174	23.9606
8.8031	24.004
8.80518	24.0457
8.80654	24.0874
8.80792	24.129
8.80946	24.1707
8.81066	24.2124
8.81203	24.254
8.81344	24.2957
8.83006	24.3374
8.83147	24.379
8.83211	24.4207
8.83354	24.4624
8.83424	24.504
8.83626	24.5457
8.83762	24.5874
8.83836	24.629
8.83899	24.6707
8.83967	24.7124
8.84034	24.754
8.84174	24.7957
8.84244	24.8374
8.84311	24.879
8.84449	24.9207
8.84586	24.9624
8.84658	25.004
8.84799	25.044
8.84931	25.084
8.85068	25.124
8.85205	25.164
8.85275	25.204
8.85414	25.244
8.85553	25.284
8.87441	25.324
8.87585	25.364
8.8772	25.404
8.87855	25.444
8.87994	25.484
8.8813	25.524
8.88264	25.564
8.88402	25.604
8.887	25.644
8.88703	25.684
8.88815	25.724
8.89031	25.764
8.89159	25.804
8.89301	25.844
8.89371	25.884
8.89511	25.924
8.89648	25.964
8.89837	26.004
8.89926	26.0425
8.90064	26.081
8.90202	26.1194
8.9027	26.1579
8.9041	26.1964
8.90547	26.2348
8.90613	26.2733
8.91469	26.3117
8.91778	26.3502
8.91909	26.3887
8.91931	26.4271
8.92023	26.4656
8.92161	26.504
8.92302	26.5425
8.92368	26.581
8.92435	26.6194
8.92504	26.6579
8.92581	26.6964
8.92652	26.7348
8.9272	26.7733
8.92789	26.8117
8.92926	26.8502
8.93116	26.8887
8.93133	26.9271
8.93201	26.9656
8.93338	27.004
8.93559	27.0411
8.93617	27.0781
8.93756	27.1152
8.94027	27.1522
8.94171	27.1892
8.94303	27.2263
8.94441	27.2633
8.95622	27.3003
8.96183	27.3374
8.96453	27.3744
8.96592	27.4115
8.96729	27.4485
8.96862	27.4855
8.97004	27.5226
8.97141	27.5596
8.97349	27.5966
8.97513	27.6337
8.97826	13.8168
8.97899	13.8938
8.97964	13.9707
8.9831	14.0476
8.98377	14.119
8.98582	14.1905
8.98732	14.2619
8.9887	14.3333
8.98937	14.4047
8.99006	14.4762
8.99151	14.5476
8.99217	14.619
8.99354	14.6905
8.99492	14.7619
8.9957	14.8333
8.9963	14.9047
8.99768	14.9762
9.0103	15.0476
9.01173	15.1143
9.01317	15.1809
9.01325	15.2476
9.01375	15.3143
9.01443	15.3809
9.01517	15.4476
9.01707	15.5143
9.01775	15.5809
9.01914	15.6476
9.03112	15.7143
9.0318	15.7809
9.03246	15.8476
9.03316	15.9143
9.04639	7.95714
9.04708	8.09999
9.04853	8.22499
9.04924	8.34999
9.0499	8.47499
9.05052	8.59999
9.05129	8.72499
9.05258	8.84999
9.05948	8.97499
9.06017	9.09999
9.0609	9.2111
9.0693	9.32222
9.07068	9.43333
9.07136	9.54444
9.07619	9.65555
9.08244	9.76666
9.08379	9.87777
9.08516	9.98888
9.08724	10.1
9.09206	10.2
9.10375	10.3
9.10444	10.4
9.10511	10.5
9.1058	10.6
9.1274	10.7
9.1281	10.8
9.12881	10.9
9.12955	11
9.13017	11.1
9.13159	11.1909
9.13231	11.2818
9.13299	11.3727
9.13436	11.4636
9.13505	11.5545
9.16782	11.6454
9.17195	11.7364
9.17332	11.8273
9.17468	11.9182
9.17679	12.0091
9.17813	12.0924
9.18431	12.1758
9.18501	12.2591
9.18639	12.3424
9.18777	12.4258
9.18914	12.5091
9.19919	12.5924
9.20312	12.6758
9.20458	12.7591
9.20526	12.8424
9.20595	12.9258
9.20664	13.0091
9.20731	13.086
9.20929	13.1629
9.21066	13.2399
9.21204	13.3168
9.21341	13.3937
9.2141	13.4706
9.25759	13.5475
9.25829	13.6245
9.25964	13.7014
9.26034	13.7783
9.26103	13.8552
9.26172	13.9322
9.2624	14.0091
9.26319	14.0805
9.26377	14.1519
9.26447	14.2234
9.26514	14.2948
9.26584	14.3662
9.26652	14.4377
9.2763	14.5091
9.27704	14.5805
9.27772	14.6519
9.27839	14.7234
9.27914	14.7948
9.27983	14.8662
9.28113	14.9377
9.28182	15.0091
9.28252	15.0758
9.28321	15.1424
9.2839	15.2091
9.28526	15.2758
9.28667	15.3424
9.28805	15.4091
9.30118	15.4758
9.30673	15.5424
9.30805	15.6091
9.31221	15.6758
9.31425	15.7424
9.31563	15.8091
9.3163	15.8758
9.317	15.9424
9.31767	16.0091
9.31837	16.0716
9.31905	16.1341
9.31974	16.1966
9.32043	16.2591
9.32122	16.3216
9.32189	16.3841
9.3268	16.4466
9.32749	16.5091
9.3282	16.5716
9.32892	16.6341
9.32961	16.6966
9.33029	16.7591
9.33097	16.8216
9.33166	16.8841
9.33237	16.9466
9.33305	17.0091
9.33374	17.0679
9.33512	17.1267
9.33578	17.1856
9.33719	17.2444
9.33856	17.3032
9.33995	17.362
9.34344	17.4208
9.34495	17.4797
9.34622	17.5385
9.34691	17.5973
9.34829	17.6561
9.34969	17.715
9.35103	17.7738
9.3524	17.8326
9.35383	17.8914
9.35522	17.9503
9.35659	18.0091
9.35797	18.0646
9.35867	18.1202
9.35934	18.1758
9.36005	18.2313
9.36073	18.2869
9.36142	18.3424
9.36672	18.398
9.36809	18.4535
9.36947	18.5091
9.37082	18.5646
9.3722	18.6202
9.3736	18.6758
9.37495	18.7313
9.37631	18.7869
9.3777	18.8424
9.38464	18.898
9.38531	18.9535
9.38669	19.0091
9.38739	19.0617
9.38808	19.1143
9.38944	19.167
9.39016	19.2196
9.39152	19.2722
9.39223	19.3249
9.39987	19.3775
9.40126	19.4301
9.40196	19.4828
9.40263	19.5354
9.40334	19.588
9.404	19.6407
9.40471	19.6933
9.40537	19.7459
9.40751	19.7986
9.40814	19.8512
9.4088	19.9038
9.40952	19.9565
9.41019	20.0091
9.41089	20.0591
9.41157	20.1091
9.41227	20.1591
9.41297	20.2091
9.41436	20.2591
9.41506	20.3091
9.41647	20.3591
9.41797	20.4091
9.4194	20.4591
9.42012	20.5091
9.42144	20.5591
9.42282	20.6091
9.4242	20.6591
9.42559	20.7091
9.42694	20.7591
9.42833	20.8091
9.42971	20.8591
9.43107	20.9091
9.43177	20.9591
9.43313	21.0091
9.43449	21.0567
9.43588	21.1043
9.43724	21.1519
9.43863	21.1996
9.44068	21.2472
9.44344	21.2948
9.45252	21.3424
9.45593	21.39
9.45731	21.4377
9.45802	21.4853
9.46011	21.5329
9.46079	21.5805
9.4615	21.6281
9.46217	21.6758
9.46284	21.7234
9.46356	21.771
9.46425	21.8186
9.46557	21.8662
9.46696	21.9138
9.46831	21.9615
9.469	22.0091
9.47037	22.0545
9.47108	22.1
9.47245	22.1454
9.47313	22.1909
9.47381	22.2364
9.47519	22.2818
9.47675	22.3273
9.47746	22.3727
9.47878	22.4182
9.47946	22.4636
9.48089	22.5091
9.48221	22.5545
9.4829	22.6
9.48427	22.6454
9.48496	22.6909
9.48632	22.7364
9.48709	22.7818
9.48846	22.8273
9.48985	22.8727
9.49121	22.9182
9.49396	22.9636
9.49463	23.0091
9.49539	23.0526
9.49609	23.096
9.49744	23.1395
9.49882	23.183
9.50019	23.2265
9.50155	23.27
9.51821	23.3134
9.51958	23.3569
9.52092	23.4004
9.52233	23.4439
9.52366	23.4873
9.52503	23.5308
9.52641	23.5743
9.52779	23.6178
9.52915	23.6613
9.53053	23.7047
9.5333	23.7482
9.53399	23.7917
9.53537	23.8352
9.53609	11.9176
9.53683	12.0085
9.53749	12.0918
9.53886	12.1752
9.54023	12.2585
9.54093	12.3418
9.54164	12.4252
9.5423	12.5085
9.543	12.5918
9.54367	12.6752
9.5473	12.7585
9.548	12.8418
9.54935	12.9252
9.55073	13.0085
9.55211	13.0854
9.55355	13.1623
9.55621	13.2393
9.55827	13.3162
9.55971	13.3931
9.56321	13.47
9.56869	13.547
9.57005	13.6239
9.57145	13.7008
9.59147	13.7777
9.59285	13.8546
9.59351	13.9316
9.59489	14.0085
9.59627	14.0799
9.59699	14.1514
9.59836	14.2228
9.59905	14.2942
9.60044	14.3656
9.60257	7.18282
9.60321	7.32568
9.6046	7.46853
9.60526	7.61139
9.60951	7.75425
9.61087	7.8971
9.61218	8.03996
9.61357	8.16496
9.61499	8.28996
9.61565	8.41496
9.61707	8.53996
9.61778	8.66496
9.61915	8.78996
9.62121	8.91496
9.64607	9.03996
9.64676	9.15107
9.64747	9.26218
9.64894	9.3733
9.64961	9.48441
9.6509	9.59552
9.65156	9.70663
9.65293	9.81774
9.66488	9.92885
9.66625	10.04
9.66766	10.14
9.66833	10.24
9.67038	10.34
9.67106	10.44
9.67174	10.54
9.67316	10.64
9.67457	10.74
9.6829	10.84
9.68429	10.94
9.68568	11.04
9.68705	11.1309
9.68839	11.2218
9.68978	11.3127
9.69114	11.4036
9.69252	11.4945
9.69457	11.5854
9.69733	11.6763
9.71183	11.7672
9.71255	11.8581
9.7139	11.9491
9.71596	12.04
9.71734	12.1233
9.71941	12.2066
9.72281	12.29
9.72776	12.3733
9.72973	12.4566
9.73121	12.54
9.73252	12.6233
9.73327	12.7066
9.73393	12.79
9.73465	12.8733
9.73533	12.9566
9.736	13.04
9.73672	13.1169
9.73742	13.1938
9.73878	13.2707
9.74359	13.3477
9.74634	13.4246
9.74701	13.5015
9.7484	13.5784
9.75682	13.6553
9.7581	13.7323
9.7588	13.8092
9.76014	13.8861
9.7615	13.963
9.76287	14.04
9.76427	14.1114
9.76564	14.1828
9.76701	14.2542
9.76909	14.3257
9.76976	14.3971
9.77114	14.4685
9.77319	14.54
9.77603	14.6114
9.77735	14.6828
9.77872	14.7542
9.7808	14.8257
9.78222	14.8971
9.78355	14.9685
9.78498	15.04
9.78633	15.1066
9.7877	15.1733
9.7891	15.24
9.79045	15.3066
9.79185	15.3733
9.79319	15.44
9.79528	15.5066
9.80361	15.5733
9.80427	15.64
9.80496	15.7066
9.80778	15.7733
9.80911	15.84
9.81046	15.9066
9.81113	15.9733
9.81183	16.04
9.81526	16.1025
9.81667	16.165
9.81729	16.2275
9.81867	16.29
9.82006	16.3525
9.82147	16.415
9.82282	16.4775
9.8277	16.54
9.8291	16.6025
9.83114	16.665
9.83256	16.7275
9.83396	16.79
9.83532	16.8525
9.83668	16.915
9.83806	16.9775
9.83875	17.04
9.83948	17.0988
9.84082	17.1576
9.84221	17.2164
9.84356	17.2753
9.84566	17.3341
9.84776	17.3929
9.85046	17.4517
9.8533	17.5105
9.85473	17.5694
9.85612	17.6282
9.85677	17.687
9.85744	17.7458
9.85954	17.8047
9.86093	17.8635
9.86287	17.9223
9.86399	17.9811
9.86533	18.04
9.86679	18.0955
9.86811	18.1511
9.87015	18.2066
9.87223	18.2622
9.87501	18.3177
9.87985	18.3733
9.88259	18.4289
9.89229	18.4844
9.89294	18.54
9.89369	18.5955
9.89435	18.6511
9.89503	18.7066
9.89711	18.7622
9.89782	18.8177
9.89915	18.8733
9.89983	18.9289
9.90124	18.9844
9.90257	19.04
9.90402	19.0926
9.90533	19.1452
9.90739	19.1979
9.90879	19.2505
9.91016	19.3031
9.91088	19.3558
9.91292	19.4084
9.92263	19.461
9.9233	19.5136
9.92469	19.5663
9.92537	19.6189
9.92606	19.6715
9.92678	19.7242
9.92886	19.7768
9.93089	19.8294
9.93294	19.8821
9.93502	19.9347
9.93637	19.9873
9.9378	20.04
9.93843	20.09
9.93978	20.14
9.94046	20.19
9.94257	20.24
9.94396	20.29
9.94533	20.34
9.94671	20.39
9.95369	20.44
9.95504	20.49
9.95711	20.54
9.95846	20.59
9.95984	20.64
9.96054	20.69
9.96396	20.74
9.96465	20.79
9.96535	20.84
9.96672	20.89
9.9677	20.94
9.96815	20.99
9.96953	21.04
9.9709	21.0876
9.97159	21.1352
9.97298	21.1828
9.97502	21.2304
9.97639	21.2781
9.97708	21.3257
9.97844	21.3733
9.98198	21.4209
9.98267	21.4685
9.9841	21.5162
9.98549	21.5638
9.98754	21.6114
9.98892	21.659
9.99927	21.7066
10.0008	21.7542
10.0013	21.8019
10.0027	21.8495
10.0041	21.8971
10.0055	10.9486
10.0075	11.0486
10.0089	11.1395
10.0096	11.2304
10.0104	11.3213
10.0137	11.4122
10.0151	11.5031
10.0172	11.594
10.0185	11.6849
10.0192	11.7758
10.0214	11.8667
10.0228	11.9576
10.025	12.0486
10.0263	12.1319
10.027	12.2152
10.0277	12.2986
10.029	12.3819
10.0297	12.4652
10.0311	12.5486
10.0325	12.6319
10.0332	12.7152
10.0457	12.7986
10.0464	12.8819
10.0471	12.9652
10.0478	13.0486
10.0485	13.1255
10.0505	13.2024
10.0512	13.2793
10.0526	13.3562
10.0539	13.4332
10.0547	13.5101
10.0561	13.587
10.0574	13.6639
10.0718	13.7409
10.0732	13.8178
10.0773	13.8947
10.0787	13.9716
10.0801	14.0486
10.0815	14.12
10.0835	14.1914
10.0842	14.2628
10.0857	14.3343
10.0864	14.4057
10.0871	14.4771
10.0885	14.5486
10.0892	14.62
10.0994	14.6914
10.1008	14.7628
10.1028	14.8343
10.1035	14.9057
10.1042	14.9771
10.1049	15.0486
10.1056	15.1152
10.1062	15.1819
10.1076	15.2486
10.109	15.3152
10.1117	15.3819
10.1131	15.4486
10.1145	15.5152
10.1159	15.5819
10.1181	15.6486
10.1187	15.7152
10.1201	15.7819
10.1208	15.8486
10.1222	15.9152
10.1235	15.9819
10.1249	16.0486
10.1263	16.1111
10.1277	16.1736
10.1291	16.2361
10.1304	16.2986
10.1366	16.3611
10.138	16.4236
10.1401	16.4861
10.1415	16.5486
10.1471	16.6111
10.1478	16.6736
10.1492	16.7361
10.1499	16.7986
10.1513	16.8611
10.1527	16.9236
10.1533	16.9861
10.1547	17.0486
10.156	17.1074
10.1567	17.1662
10.1575	17.225
10.1588	17.2838
10.163	17.3427
10.1646	17.4015
10.1653	17.4603
10.166	17.5191
10.1703	17.578
10.1716	17.6368
10.1723	17.6956
10.1736	17.7544
10.1743	17.8133
10.1757	17.8721
10.1771	17.9309
10.1785	17.9897
10.1792	18.0486
10.1799	18.1041
10.1812	18.1597
10.1826	18.2152
10.184	18.2708
10.1854	18.3263
10.186	18.3819
10.1867	18.4374
10.1874	18.493
10.2007	18.5486
10.202	18.6041
10.2034	18.6597
10.2041	18.7152
10.2048	18.7708
10.2055	18.8263
10.2062	18.8819
10.2069	18.9374
10.2075	18.993
10.2089	19.0486
10.2096	19.1012
10.2103	19.1538
10.2123	19.2064
10.2151	19.2591
10.2178	19.3117
10.222	19.3643
10.2227	19.417
10.2233	19.4696
10.2297	19.5222
10.2311	19.5749
10.2317	19.6275
10.2331	19.6801
10.2345	19.7328
10.2359	19.7854
10.2373	19.838
10.2386	19.8907
10.2401	19.9433
10.2413	19.9959
10.2428	20.0486
10.2434	20.0986
10.2441	20.1486
10.249	20.1986
10.251	20.2486
10.2531	20.2986
10.2558	20.3486
10.2565	20.3986
10.2579	20.4486
10.2656	20.4986
10.267	20.5486
10.2683	20.5986
10.269	20.6486
10.2704	20.6986
10.2718	20.7486
10.2732	20.7986
10.2746	20.8486
10.276	20.8986
10.2773	20.9486
10.278	20.9986
10.2794	21.0486
10.2815	21.0962
10.2828	21.1438
10.2863	21.1914
10.2884	21.239
10.2897	21.2866
10.2913	21.3343
10.2925	21.3819
10.2938	21.4295
10.3058	21.4771
10.3073	21.5247
10.3078	21.5724
10.3092	21.62
10.3133	21.6676
10.3168	21.7152
10.3195	21.7628
10.3209	21.8105
10.3223	21.8581
10.3244	21.9057
10.3258	21.9533
10.3272	22.0009
10.3285	22.0464
10.3299	22.0918
10.3313	22.1373
10.3326	22.1828
10.334	22.2282
10.3355	22.2737
10.3368	22.3191
10.3381	22.3646
10.3395	22.41
10.3521	22.4555
10.3535	22.5009
10.3541	22.5464
10.3556	22.5918
10.3631	22.6373
10.3665	22.6828
10.3679	22.7282
10.3693	22.7737
10.3706	22.8191
10.3727	22.8646
10.3741	22.91
10.3748	22.9555
10.3762	23.0009
10.3769	23.0444
10.3776	23.0879
10.379	23.1314
10.3803	23.1748
10.381	23.2183
10.3817	23.2618
10.3824	23.3053
10.3831	23.3488
10.3838	23.3922
10.3983	11.6961
10.3997	11.787
10.4004	11.8779
10.4018	11.9688
10.4052	12.0598
10.406	12.1431
10.4087	12.2264
10.41	12.3098
10.4114	12.3931
10.4142	12.4764
10.4162	12.5598
10.4176	12.6431
10.4197	12.7264
10.4204	12.8098
10.4211	12.8931
10.4217	12.9764
10.4231	13.0598
10.4245	13.1367
10.4252	13.2136
10.4266	13.2905
10.4273	13.3674
10.4287	13.4444
10.4293	13.5213
10.4405	13.5982
10.4419	13.6751
10.4426	13.7521
10.444	13.829
10.4446	13.9059
10.4467	13.9828
10.4481	14.0598
10.4494	14.1312
10.4508	14.2026
10.4536	14.274
10.4543	14.3455
10.4557	14.4169
10.4564	14.4883
10.4613	14.5598
10.4627	14.6312
10.464	14.7026
10.4655	14.774
10.4668	14.8455
10.4682	14.9169
10.4696	14.9883
10.4709	15.0598
10.4723	15.1264
10.473	15.1931
10.4792	15.2598
10.4799	15.3264
10.4806	15.3931
10.4826	15.4598
10.493	15.5264
10.4944	15.5931
10.4951	15.6598
10.4965	15.7264
10.4972	15.7931
10.4985	15.8598
10.4999	15.9264
10.5013	15.9931
10.5026	16.0598
10.504	16.1223
10.5054	16.1848
10.5061	16.2473
10.5075	16.3098
10.5082	16.3723
10.5089	16.4348
10.5175	16.4973
10.518	16.5598
10.5187	16.6223
10.5201	16.6848
10.5208	8.34238
10.5215	8.46738
10.5221	8.59238
10.5228	8.71738
10.5318	8.84238
10.5338	8.96738
10.5359	9.09238
10.5366	9.20349
10.5373	9.3146
10.5421	9.42571
10.5434	9.53682
10.5442	9.64793
10.5553	9.75904
10.5559	9.87016
10.5566	9.98127
10.5574	10.0924
10.5581	10.1924
10.5609	10.2924
10.5629	10.3924
10.5643	10.4924
10.5657	10.5924
10.5818	10.6924
10.583	10.7924
10.5844	10.8924
10.5872	10.9924
10.5879	11.0924
10.5899	11.1833
10.5927	11.2742
10.594	11.3651
10.5947	11.456
10.5961	11.5469
10.6115	11.6378
10.6135	11.7287
10.6143	11.8197
10.6149	11.9106
10.6163	12.0015
10.6177	12.0848
10.6191	12.1681
10.6204	12.2515
10.6211	12.3348
10.6246	12.4181
10.6259	12.5015
10.6381	12.5848
10.6395	12.6681
10.6402	12.7515
10.6409	12.8348
10.6415	12.9181
10.643	13.0015
10.645	13.0784
10.6457	13.1553
10.6465	13.2322
10.6472	13.3092
10.6479	13.3861
10.6492	13.463
10.6674	13.5399
10.6687	13.6169
10.6701	13.6938
10.6749	13.7707
10.6791	13.8476
10.6805	13.9245
10.6812	14.0015
10.6839	14.0729
10.6854	14.1443
10.6885	14.2158
10.6892	14.2872
10.6906	14.3586
10.6912	14.43
10.7055	14.5015
10.7069	14.5729
10.7083	14.6443
10.7096	14.7158
10.7117	14.7872
10.7124	14.8586
10.7131	14.93
10.7138	15.0015
10.7152	15.0681
10.7159	15.1348
10.7211	15.2015
10.7217	15.2681
10.7231	15.3348
10.7238	15.4015
10.7315	15.4681
10.7329	15.5348
10.7336	15.6015
10.7384	15.6681
10.7418	15.7348
10.7432	15.8015
10.7439	15.8681
10.7446	15.9348
10.7453	16.0015
10.746	16.064
10.7466	16.1265
10.7522	16.189
10.7528	16.2515
10.7535	16.314
10.7549	16.3765
10.7575	16.439
10.7589	16.5015
10.7596	16.564
10.7609	16.6265
10.7623	16.689
10.7637	16.7515
10.7651	16.814
10.7665	16.8765
10.7678	16.939
10.7692	17.0015
10.7705	17.0603
10.772	17.1191
10.7767	17.1779
10.7781	17.2368
10.7794	17.2956
10.7808	17.3544
10.7896	17.4132
10.7903	17.4721
10.791	17.5309
10.7917	17.5897
10.7931	17.6485
10.7938	17.7074
10.7945	17.7662
10.7952	17.825
10.7959	17.8838
10.7967	17.9426
10.7973	18.0015
10.798	18.057
10.7987	18.1126
10.8024	18.1681
10.803	18.2237
10.8045	18.2792
10.8059	18.3348
10.8147	18.3904
10.8161	18.4459
10.8176	18.5015
10.819	18.557
10.8202	18.6126
10.8217	18.6681
10.823	18.7237
10.8244	18.7792
10.8251	18.8348
10.8258	18.8904
10.8272	18.9459
10.8285	19.0015
10.8299	19.0541
10.8313	19.1067
10.832	19.1594
10.8327	19.212
10.8342	19.2646
10.8348	19.3173
10.8383	19.3699
10.839	19.4225
10.8397	19.4752
10.8404	19.5278
10.8411	19.5804
10.8433	19.633
10.8439	19.6857
10.8452	19.7383
10.846	19.7909
10.8467	19.8436
10.8473	19.8962
10.848	19.9488
10.8487	20.0015
10.8494	20.0515
10.8501	20.1015
10.8508	20.1515
10.8523	20.2015
10.8536	20.2515
10.8549	20.3015
10.8577	20.3515
10.8591	20.4015
10.8598	20.4515
10.8612	20.5015
10.8619	20.5515
10.8626	20.6015
10.866	20.6515
10.868	20.7015
10.8694	20.7515
10.8708	20.8015
10.8722	20.8515
10.8735	20.9015
10.8749	20.9515
10.8763	21.0015
10.8778	21.0491
10.8785	21.0967
10.8798	21.1443
10.8805	21.1919
10.8818	21.2396
10.8832	21.2872
10.8841	21.3348
10.8847	21.3824
10.8854	21.43
10.8861	21.4777
10.8868	21.5253
10.8881	21.5729
10.8888	21.6205
10.8895	21.6681
10.8902	21.7158
10.8916	21.7634
10.8929	21.811
10.8943	21.8586
10.8957	21.9062
10.8971	21.9538
10.8985	22.0015
10.8998	22.0469
10.9012	22.0924
10.9026	22.1378
10.904	22.1833
10.9054	22.2287
10.9061	22.2742
10.9148	22.3197
10.9161	22.3651
10.9175	22.4106
10.9195	22.456
10.9202	22.5015
10.9216	22.5469
10.923	22.5924
10.9243	22.6378
10.9257	22.6833
10.9271	22.7287
10.9278	22.7742
10.9292	22.8197
10.9299	22.8651
10.9307	22.9106
10.9319	22.956
10.9333	23.0015
10.9347	23.0449
10.9354	23.0884
10.9374	23.1319
10.9388	23.1754
10.9409	23.2189
10.9415	23.2623
10.943	23.3058
10.9437	23.3493
10.9444	23.3928
10.9451	23.4363
10.9465	23.4797
10.9479	23.5232
10.9492	23.5667
10.9507	23.6102
10.952	23.6536
10.9533	23.6971
10.9547	23.7406
10.9561	23.7841
10.9575	23.8276
10.9588	23.871
10.9595	23.9145
10.9602	23.958
10.9609	24.0015
10.9616	24.0431
10.9619	24.0848
