time	cwndsize
0.292896	11
0.294296	12
0.29558	13
0.296966	14
0.298352	15
0.300431	16
0.303133	17
0.305867	18
0.308643	19
0.312024	20
0.314763	21
0.317518	22
0.320284	23
0.323177	24
0.325957	25
0.328756	26
0.331803	27
0.334531	28
0.337277	29
0.34002	30
0.344287	31
0.346931	32
0.351016	33
0.354407	34
0.356496	35
0.35791	36
0.359276	37
0.360643	38
0.362051	39
0.363398	40
0.373048	41
0.374432	42
0.378645	43
0.381282	44
0.384046	45
0.386906	46
0.389567	47
0.392301	48
0.395065	49
0.397807	50
0.400583	51
0.403282	52
0.406043	53
0.410179	54
0.411539	55
0.4143	56
0.419764	57
0.421138	58
0.423893	59
0.432213	60
0.435685	61
0.436371	62
0.437067	63
0.438511	64
0.439834	65
0.441235	66
0.443989	67
0.446731	68
0.457948	34
0.463431	34.0294
0.46753	34.0588
0.468894	34.0882
0.470285	34.1176
0.471631	34.1471
0.477216	34.1765
0.481337	34.2059
0.488981	34.2353
0.491678	34.2647
0.495824	34.2941
0.498541	34.3235
0.546854	34.3529
0.551612	34.3824
0.554356	34.4118
0.557101	34.4412
0.55917	34.4706
0.560551	34.5
0.56259	34.5294
0.564706	34.5588
0.567384	34.5882
0.574937	34.6176
0.577686	34.6471
0.58042	34.6765
0.58317	34.7059
0.587308	34.7353
0.588679	34.7647
0.592821	34.7941
0.606594	34.8235
0.607932	34.8529
0.613458	34.8824
0.617544	34.9118
0.621673	34.9412
0.624451	34.9706
0.62716	35
0.638143	35.0286
0.640187	35.0571
0.644325	35.0857
0.647069	35.1143
0.651197	35.1429
0.653954	35.1714
0.658158	35.2
0.660807	35.2286
0.663593	35.2571
0.664228	35.2857
0.666995	35.3143
0.668347	35.3429
0.671101	35.3714
0.672477	35.4
0.674596	35.4286
0.677335	35.4571
0.69665	35.4857
0.699401	35.5143
0.70146	35.5429
0.703519	35.5714
0.709022	35.6
0.710381	35.6286
0.713107	35.6571
0.714518	35.6857
0.715867	35.7143
0.717219	35.7429
0.720013	35.7714
0.722735	35.8
0.72548	35.8286
0.728239	35.8571
0.732357	35.8857
0.735099	35.9143
0.762183	35.9429
0.763518	35.9714
0.764195	36
0.778512	36.0278
0.781232	36.0556
0.786047	36.0833
0.789462	36.1111
0.796672	36.1389
0.80112	36.1667
0.810733	36.1944
0.816236	36.2222
0.822317	36.25
0.823697	36.2778
0.827837	36.3056
0.830586	36.3333
0.83541	36.3611
0.838824	36.3889
0.843641	36.4167
0.848429	36.4444
0.881041	36.4722
0.885855	36.5
0.889255	36.5278
0.893419	18.2639
0.90234	18.3194
0.904364	18.375
0.907792	18.4306
0.909852	18.4861
0.911913	18.5417
0.913961	18.5972
0.917393	18.6528
0.920837	18.7083
0.924283	18.7639
0.927708	18.8194
0.932536	18.875
0.935974	18.9306
1.04085	18.9861
1.04497	19.0417
1.04565	19.0943
1.05046	19.1469
1.05115	19.1996
1.05182	19.2522
1.05252	19.3048
1.05597	19.3575
1.058	19.4101
1.06288	19.4627
1.06628	19.5154
1.06902	19.568
1.06973	19.6206
1.07109	19.6732
1.07314	19.7259
1.0752	19.7785
1.07725	19.8311
1.07999	19.8838
1.08209	19.9364
1.09585	19.989
1.09791	20.0417
1.09926	20.0917
1.11637	20.1417
1.11707	20.1917
1.1205	20.2417
1.12256	20.2917
1.12739	20.3417
1.13259	20.3917
1.1345	20.4417
1.13517	20.4917
1.13656	20.5417
1.13722	20.5917
1.13793	10.2958
1.13933	10.3958
1.14067	10.4958
1.14548	10.5958
1.15099	10.6958
1.15512	10.7958
1.18232	10.8958
1.20428	10.9958
1.20643	11.0958
1.51487	11.1867
1.51617	11.2777
1.51758	11.3686
1.51892	11.4595
1.52032	11.5504
1.52235	11.6413
1.52373	11.7322
1.52509	11.8231
1.52648	11.914
1.52792	12.0049
1.56143	12.0883
1.78987	12.1716
1.7913	12.2549
1.79339	12.3383
1.79411	12.4216
1.79562	12.5049
1.79699	12.5883
1.79818	12.6716
1.79958	12.7549
1.80092	12.8383
1.80162	12.9216
1.80302	13.0049
1.82725	13.0818
1.90877	13.1588
1.91016	13.2357
1.91152	13.3126
1.9129	13.3895
1.91426	13.4665
1.91562	13.5434
1.91701	13.6203
1.9184	13.6972
1.91977	13.7742
1.92114	13.8511
1.92257	13.928
1.92431	14.0049
1.93523	14.0764
2.00382	14.1478
2.00508	14.2192
2.00579	14.2906
2.00646	14.3621
2.00715	14.4335
2.00783	14.5049
2.0092	14.5764
2.01058	14.6478
2.01265	14.7192
2.01404	14.7906
2.01543	14.8621
2.01684	14.9335
2.01848	15.0049
2.02578	15.0716
2.109	15.1383
2.11104	15.2049
2.11313	15.2716
2.11517	15.3383
2.11724	15.4049
2.11929	15.4716
2.12135	15.5383
2.12343	15.6049
2.12631	15.6716
2.12972	15.7383
2.13179	15.8049
2.13387	15.8716
2.13775	15.9383
2.1405	16.0049
2.14394	16.0674
2.17917	16.1299
2.18122	16.1924
2.18331	16.2549
2.18536	16.3174
2.18743	16.3799
2.18946	16.4424
2.19152	16.5049
2.19358	16.5674
2.19564	16.6299
2.1977	16.6924
2.19909	16.7549
2.20664	16.8174
2.20734	16.8799
2.20804	16.9424
2.20889	17.0049
2.20942	17.0637
2.21009	17.1226
2.21079	17.1814
2.21146	17.2402
2.21283	17.299
2.21353	17.3579
2.21765	17.4167
2.21981	17.4755
2.22185	17.5343
2.22251	17.5932
2.2239	17.652
2.22529	17.7108
2.22665	8.8554
2.22734	8.9804
2.22804	9.1054
2.22943	9.21651
2.23082	9.32763
2.28115	9.43874
2.28389	9.54985
2.28527	9.66096
2.28664	9.77207
2.28801	9.88318
2.29009	9.99429
2.29163	10.1054
2.29784	10.2054
2.29916	10.3054
2.304	10.4054
2.31224	10.5054
2.3129	10.6054
2.33017	10.7054
2.33222	10.8054
2.33498	10.9054
2.33771	11.0054
2.34048	11.0963
2.34389	11.1872
2.34872	11.2781
2.36796	11.369
2.37988	11.4599
2.38206	11.5509
2.39024	11.6418
2.39367	11.7327
2.39644	11.8236
2.39715	11.9145
2.39848	12.0054
2.4075	12.0887
2.4088	12.1721
2.42137	12.2554
2.42697	12.3387
2.44066	12.4221
2.4427	12.5054
2.45998	12.5887
2.46203	12.6721
2.46271	12.7554
2.46409	12.8387
2.46548	12.9221
2.46618	13.0054
2.48617	13.0823
2.48755	13.1592
2.49446	13.2362
2.5126	13.3131
2.5175	13.39
2.51818	13.4669
2.53346	13.5439
2.5369	13.6208
2.53826	13.6977
2.53896	13.7746
2.5431	13.8516
2.54888	13.9285
2.54959	14.0054
2.56207	14.0768
2.56467	14.1483
2.56742	14.2197
2.58027	14.2911
2.59191	14.3625
2.5933	14.434
2.60985	14.5054
2.61125	14.5768
2.61345	14.6483
2.61503	14.7197
2.61774	14.7911
2.61916	14.8625
2.62277	14.934
2.62622	15.0054
2.62898	15.0721
2.63516	15.1387
2.63864	15.2054
2.6394	15.2721
2.6401	15.3387
2.64145	15.4054
2.65818	15.4721
2.66104	15.5387
2.66233	15.6054
2.66368	15.6721
2.66572	15.7387
2.66782	15.8054
2.66987	15.8721
2.67124	15.9387
2.67264	16.0054
2.67469	16.0679
2.67678	16.1304
2.67949	16.1929
2.68403	16.2554
2.68542	16.3179
2.68725	16.3804
2.69236	16.4429
2.69396	16.5054
2.69512	16.5679
2.69646	16.6304
2.69787	16.6929
2.69946	16.7554
2.70057	16.8179
2.70221	16.8804
2.70373	16.9429
2.70472	17.0054
2.7068	17.0642
2.70969	17.1231
2.71237	17.1819
2.71913	17.2407
2.72027	17.2995
2.72223	17.3583
2.73335	17.4172
2.73753	17.476
2.7402	17.5348
2.74297	17.5936
2.74507	17.6525
2.74785	17.7113
2.74929	17.7701
2.75333	17.8289
2.75541	17.8878
2.75747	17.9466
2.75884	18.0054
2.75954	18.061
2.7602	18.1165
2.76092	18.1721
2.76158	18.2276
2.76364	18.2832
2.76587	18.3387
2.76939	18.3943
2.7701	18.4498
2.77077	18.5054
2.77148	18.561
2.77286	18.6165
2.77493	18.6721
2.77764	18.7276
2.78383	18.7832
2.78658	18.8387
2.78934	18.8943
2.79278	18.9498
2.79346	19.0054
2.79416	19.058
2.79554	19.1107
2.79618	19.1633
2.79691	19.2159
2.7976	19.2686
2.79964	19.3212
2.81777	19.3738
2.81842	19.4265
2.81912	19.4791
2.82053	19.5317
2.82122	19.5844
2.8219	19.637
2.82267	19.6896
2.82331	19.7422
2.82474	19.7949
2.82681	19.8475
2.83096	19.9001
2.83232	19.9528
2.8344	20.0054
2.83643	20.0554
2.83851	20.1054
2.84122	20.1554
2.8426	20.2054
2.84397	20.2554
2.84605	20.3054
2.8592	20.3554
2.86056	20.4054
2.86193	20.4554
2.86333	20.5054
2.86673	20.5554
2.86814	20.6054
2.86881	20.6554
2.8695	20.7054
2.87035	20.7554
2.87181	20.8054
2.87251	20.8554
2.87527	20.9054
2.87663	20.9554
2.87732	21.0054
2.87804	21.053
2.87951	21.1006
2.88091	21.1483
2.88233	21.1959
2.8852	21.2435
2.88724	21.2911
2.90997	21.3387
2.91067	21.3864
2.91201	21.434
2.91339	21.4816
2.91475	21.5292
2.91615	21.5768
2.91753	21.6245
2.91821	21.6721
2.91892	21.7197
2.91963	21.7673
2.92032	21.8149
2.92101	21.8625
2.92171	21.9102
2.92243	21.9578
2.92309	22.0054
2.92378	22.0509
2.92448	22.0963
2.92517	22.1418
2.92586	22.1872
2.92657	22.2327
2.9273	22.2781
2.95275	22.3236
2.95415	22.369
2.95547	22.4145
2.95753	22.4599
2.9596	22.5054
2.96166	22.5509
2.96388	22.5963
2.96648	22.6418
2.96926	22.6872
2.97211	22.7327
2.9735	22.7781
2.97419	22.8236
2.97486	22.869
2.97559	22.9145
2.9763	22.9599
2.97698	23.0054
2.97766	23.0489
2.97839	23.0924
2.97907	23.1358
2.97975	23.1793
2.9809	23.2228
2.9816	23.2663
3.0147	23.3098
3.01606	23.3532
3.01674	23.3967
3.01816	23.4402
3.01948	23.4837
3.02162	23.5271
3.02237	23.5706
3.02308	23.6141
3.02379	23.6576
3.02615	23.7011
3.02808	23.7445
3.03015	23.788
3.03153	23.8315
3.03363	23.875
3.03566	23.9184
3.03776	23.9619
3.03978	24.0054
3.04186	24.0471
3.04254	24.0887
3.04322	24.1304
3.0446	24.1721
3.04802	24.2137
3.05009	24.2554
3.0627	24.2971
3.06339	24.3387
3.06415	24.3804
3.06558	24.4221
3.06694	24.4637
3.0697	24.5054
3.07384	24.5471
3.07521	24.5887
3.07936	24.6304
3.08209	24.6721
3.08482	24.7137
3.08756	24.7554
3.08896	24.7971
3.09167	24.8387
3.09375	24.8804
3.09579	24.9221
3.09856	24.9637
3.09924	25.0054
3.10062	25.0454
3.10132	25.0854
3.10202	25.1254
3.10335	25.1654
3.10405	25.2054
3.10475	25.2454
3.11309	25.2854
3.11378	25.3254
3.11586	25.3654
3.11689	25.4054
3.11759	25.4454
3.11894	25.4854
3.12032	25.5254
3.12101	25.5654
3.12171	25.6054
3.12345	25.6454
3.12379	25.6854
3.12585	25.7254
3.12722	25.7654
3.12801	25.8054
3.12873	25.8454
3.12939	25.8854
3.13015	25.9254
3.13084	25.9654
3.13153	26.0054
3.13222	26.0439
3.13292	26.0823
3.13363	26.1208
3.13569	26.1592
3.13843	26.1977
3.14119	26.2362
3.16561	26.2746
3.16767	26.3131
3.17111	26.3516
3.17531	26.39
3.17844	26.4285
3.17913	26.4669
3.1812	26.5054
3.18257	26.5439
3.18326	26.5823
3.18395	26.6208
3.18468	26.6592
3.18537	26.6977
3.18609	26.7362
3.18683	26.7746
3.18756	26.8131
3.18824	26.8516
3.18893	26.89
3.19046	26.9285
3.19184	26.9669
3.19322	27.0054
3.1946	27.0424
3.19597	27.0795
3.19733	27.1165
3.19942	27.1536
3.20078	27.1906
3.20215	27.2276
3.20365	27.2647
3.20637	27.3017
3.20912	27.3387
3.21534	27.3758
3.23251	27.4128
3.23526	27.4498
3.24073	27.4869
3.24638	27.5239
3.24749	27.561
3.24779	27.598
3.24851	27.635
3.24987	27.6721
3.25127	27.7091
3.25248	27.7461
3.25364	27.7832
3.25506	27.8202
3.25643	27.8573
3.25707	27.8943
3.25776	27.9313
3.25845	27.9684
3.26052	28.0054
3.26193	28.0411
3.26534	28.0768
3.26745	28.1125
3.27099	28.1483
3.27566	28.184
3.27716	28.2197
3.28002	28.2554
3.28184	28.2911
3.28254	28.3268
3.28388	28.3625
3.28939	28.3983
3.29379	28.434
3.29723	28.4697
3.30271	28.5054
3.30557	28.5411
3.30763	28.5768
3.30971	28.6125
3.31273	28.6483
3.31545	28.684
3.31751	28.7197
3.32032	28.7554
3.32166	28.7911
3.32578	28.8268
3.32715	28.8625
3.32864	28.8983
3.33	28.934
3.3314	28.9697
3.33276	29.0054
3.33414	29.0399
3.33548	29.0744
3.33688	29.1089
3.33822	29.1433
3.3417	29.1778
3.34239	29.2123
3.3494	29.2468
3.35011	29.2813
3.35077	29.3157
3.35147	29.3502
3.35353	29.3847
3.35489	29.4192
3.35695	29.4537
3.35921	29.4882
3.36411	29.5226
3.36515	29.5571
3.36547	29.5916
3.36685	29.6261
3.36821	29.6606
3.36892	29.6951
3.3696	29.7295
3.37033	29.764
3.37166	29.7985
3.37374	29.833
3.38075	29.8675
3.38281	29.902
3.38349	29.9364
3.38486	29.9709
3.38625	30.0054
3.38833	30.0387
3.38967	30.0721
3.39173	30.1054
3.39449	30.1387
3.39869	15.0694
3.39942	15.136
3.40657	15.2027
3.40726	15.2694
3.40794	15.336
3.41003	15.4027
3.41145	15.4694
3.41303	15.536
3.41632	15.6027
3.41904	15.6694
3.42247	15.736
3.42455	15.8027
3.42661	15.8694
3.42798	15.936
3.42936	16.0027
3.43006	16.0652
3.43278	16.1277
3.43415	16.1902
3.43483	16.2527
3.44106	16.3152
3.44244	16.3777
3.44388	16.4402
3.44456	16.5027
3.44665	16.5652
3.44734	16.6277
3.448	16.6902
3.44867	16.7527
3.45154	16.8152
3.45357	16.8777
3.4582	16.9402
3.47412	17.0027
3.47435	17.0615
3.47443	17.1203
3.47462	17.1792
3.47478	17.238
3.47734	17.2968
3.47796	17.3556
3.4793	17.4145
3.48068	17.4733
3.48214	17.5321
3.48344	17.5909
3.48482	17.6498
3.48551	17.7086
3.48619	17.7674
3.48688	17.8262
3.48762	17.8851
3.5234	17.9439
3.52408	18.0027
3.52476	18.0583
3.52555	18.1138
3.52616	18.1694
3.52682	18.2249
3.5275	18.2805
3.52818	18.336
3.52887	18.3916
3.52959	18.4471
3.53028	18.5027
3.53098	18.5583
3.53423	18.6138
3.53561	18.6694
3.537	18.7249
3.53837	18.7805
3.5508	18.836
3.57245	18.8916
3.57371	18.9471
3.57509	19.0027
3.57651	19.0553
3.57789	19.108
3.57938	19.1606
3.58064	19.2132
3.5821	19.2659
3.58343	19.3185
3.5848	19.3711
3.58618	19.4238
3.58828	19.4764
3.58895	19.529
3.59032	19.5816
3.591	19.6343
3.59171	19.6869
3.59308	19.7395
3.59446	19.7922
3.61157	19.8448
3.61224	19.8974
3.61288	19.9501
3.61358	20.0027
3.61433	20.0527
3.61502	20.1027
3.6157	20.1527
3.61715	20.2027
3.61787	20.2527
3.62255	20.3027
3.6253	20.3527
3.62734	20.4027
3.62943	20.4527
3.63147	20.5027
3.63353	20.5527
3.63494	20.6027
3.63629	20.6527
3.63765	20.7027
3.63836	20.7527
3.64633	20.8027
3.64763	20.8527
3.64898	20.9027
3.65035	20.9527
3.65175	21.0027
3.65337	21.0503
3.65474	21.0979
3.65749	21.1456
3.66027	21.1932
3.66234	21.2408
3.6637	21.2884
3.66508	21.336
3.66645	21.3837
3.66784	21.4313
3.6699	21.4789
3.67057	21.5265
3.67127	21.5741
3.67266	21.6217
3.6747	21.6694
3.67607	21.717
3.69066	21.7646
3.69735	21.8122
3.69807	21.8598
3.69879	21.9075
3.69946	21.9551
3.70019	22.0027
3.70088	22.0482
3.70159	22.0936
3.70229	22.1391
3.70296	22.1845
3.70434	22.23
3.70503	22.2754
3.70642	22.3209
3.70779	22.3663
3.70984	22.4118
3.71258	22.4572
3.71534	22.5027
3.71748	22.5482
3.71952	22.5936
3.72091	22.6391
3.72294	22.6845
3.74721	22.73
3.74996	22.7754
3.75134	22.8209
3.75271	22.8663
3.75411	22.9118
3.75479	22.9572
3.75546	23.0027
3.75685	23.0462
3.75752	23.0897
3.75888	23.1331
3.75959	23.1766
3.76027	23.2201
3.76096	23.2636
3.76164	23.307
3.76234	23.3505
3.76304	23.394
3.76374	23.4375
3.76445	23.481
3.76512	23.5244
3.76648	23.5679
3.76785	23.6114
3.76922	23.6549
3.77135	23.6984
3.77206	23.7418
3.77485	23.7853
3.77555	23.8288
3.77624	23.8723
3.77764	23.9157
3.77967	23.9592
3.78175	24.0027
3.79427	24.0444
3.79561	24.086
3.79767	24.1277
3.80042	24.1694
3.80179	24.211
3.80386	24.2527
3.80521	24.2944
3.8073	24.336
3.80865	24.3777
3.81009	24.4194
3.81074	24.461
3.81213	24.5027
3.81345	24.5444
3.81485	24.586
3.81621	24.6277
3.82038	24.6694
3.82108	24.711
3.82179	24.7527
3.8225	24.7944
3.82319	24.836
3.82388	24.8777
3.82595	24.9194
3.8273	24.961
3.82866	25.0027
3.83849	25.0427
3.83984	25.0827
3.84124	25.1227
3.84258	25.1627
3.84395	25.2027
3.84535	25.2427
3.84673	25.2827
3.84878	25.3227
3.85086	12.6614
3.85291	12.7447
3.85498	12.828
3.85633	12.9114
3.85702	12.9947
3.8584	13.078
3.85978	13.1549
3.86809	13.2319
3.87085	13.3088
3.87222	13.3857
3.87367	13.4626
3.87435	13.5396
3.87503	13.6165
3.87642	13.6934
3.87778	13.7703
3.87915	13.8472
3.88273	13.9242
3.89036	14.0011
3.89105	14.0725
3.8938	14.144
3.89607	14.2154
3.89723	14.2868
3.89929	14.3582
3.90003	14.4297
3.90066	14.5011
3.91307	14.5725
3.91794	14.644
3.92002	14.7154
3.9214	14.7868
3.92224	14.8582
3.92426	14.9297
3.92563	15.0011
3.927	15.0678
3.92841	15.1344
3.92976	15.2011
3.9325	15.2678
3.93661	15.3344
3.93798	15.4011
3.93935	15.4678
3.94069	15.5344
3.94209	15.6011
3.94351	15.6678
3.94561	15.7344
3.94911	15.8011
3.96168	15.8678
3.96515	15.9344
3.96656	16.0011
3.96722	16.0636
3.96926	16.1261
3.97068	16.1886
3.97339	16.2511
3.97615	16.3136
3.97751	16.3761
3.97821	16.4386
3.97892	16.5011
3.9796	16.5636
3.98029	16.6261
3.98098	16.6886
3.98169	16.7511
3.98256	16.8136
3.98321	16.8761
3.98387	16.9386
3.98455	17.0011
3.98524	17.0599
3.99221	17.1187
3.99429	17.1776
3.99561	17.2364
3.99701	17.2952
3.99838	17.354
3.99976	17.4129
4.00045	17.4717
4.00114	17.5305
4.01001	17.5893
4.01169	17.6482
4.01319	17.707
4.01412	17.7658
4.01591	17.8246
4.01828	17.8834
4.02175	17.9423
4.02586	18.0011
4.02729	18.0566
4.02799	18.1122
4.02867	18.1678
4.02934	18.2233
4.0301	18.2789
4.03795	18.3344
4.03864	18.39
4.03995	18.4455
4.04074	18.5011
4.0414	18.5566
4.0421	18.6122
4.04347	18.6678
4.04481	18.7233
4.04839	18.7789
4.04975	18.8344
4.05111	18.89
4.05285	18.9455
4.0556	19.0011
4.05631	19.0537
4.05834	19.1064
4.06073	19.159
4.07126	19.2116
4.07256	19.2643
4.07413	19.3169
4.07554	19.3695
4.07762	19.4221
4.07967	19.4748
4.10057	19.5274
4.10329	19.58
4.10468	19.6327
4.10541	19.6853
4.10726	19.7379
4.10881	19.7906
4.11155	19.8432
4.11439	19.8958
4.11704	19.9485
4.1191	20.0011
4.1212	20.0511
4.1239	20.1011
4.12668	20.1511
4.12803	20.2011
4.12873	20.2511
4.12948	20.3011
4.13018	20.3511
4.13092	20.4011
4.13164	20.4511
4.13233	20.5011
4.13371	20.5511
4.13442	20.6011
4.13655	20.6511
4.15516	20.7011
4.15634	20.7511
4.15768	20.8011
4.15837	20.8511
4.15906	20.9011
4.15974	20.9511
4.16044	21.0011
4.16113	21.0487
4.16182	21.0963
4.16248	21.144
4.16316	21.1916
4.16387	21.2392
4.16455	21.2868
4.16528	21.3344
4.16592	21.382
4.16663	21.4297
4.16731	21.4773
4.16803	21.5249
4.1687	21.5725
4.17276	21.6201
4.17689	21.6678
4.17757	21.7154
4.17825	21.763
4.17966	21.8106
4.20319	21.8582
4.20459	21.9059
4.20527	21.9535
4.20596	22.0011
4.20661	22.0465
4.20733	22.092
4.20799	22.1375
4.20938	22.1829
4.21006	22.2284
4.21143	22.2738
4.21448	22.3193
4.21575	22.3647
4.21716	22.4102
4.21858	22.4556
4.21923	22.5011
4.21991	22.5465
4.22123	22.592
4.22195	22.6375
4.22328	22.6829
4.22395	22.7284
4.22532	22.7738
4.22879	22.8193
4.22949	22.8647
4.23015	22.9102
4.23084	22.9556
4.24367	23.0011
4.24568	23.0446
4.24774	23.0881
4.25048	23.1315
4.25311	23.175
4.2544	23.2185
4.25579	23.262
4.25649	23.3054
4.25738	23.3489
4.25787	23.3924
4.25856	23.4359
4.25924	23.4794
4.26063	23.5228
4.26129	23.5663
4.26271	23.6098
4.2641	23.6533
4.26548	23.6967
4.26686	23.7402
4.26822	23.7837
4.26964	23.8272
4.27219	23.8707
4.27282	23.9141
4.27356	23.9576
4.27426	24.0011
4.27493	24.0428
4.27561	24.0844
4.27702	24.1261
4.2777	24.1678
4.27844	24.2094
4.27908	24.2511
4.28808	24.2928
4.28945	24.3344
4.29153	24.3761
4.29291	24.4178
4.29429	24.4594
4.29565	24.5011
4.30219	24.5428
4.30286	24.5844
4.30367	24.6261
4.30426	24.6678
4.30492	24.7094
4.30639	24.7511
4.30721	24.7928
4.30785	24.8344
4.30841	24.8761
4.30911	24.9178
4.31049	24.9594
4.31185	25.0011
4.31256	25.0411
4.31392	25.0811
4.31668	25.1211
4.31944	25.1611
4.3215	25.2011
4.32292	25.2411
4.33114	25.2811
4.33321	25.3211
4.33949	25.3611
4.34093	25.4011
4.34161	25.4411
4.34232	25.4811
4.343	25.5211
4.3437	25.5611
4.34506	25.6011
4.34729	25.6411
4.34866	25.6811
4.34936	25.7211
4.35008	25.7611
4.35076	25.8011
4.35144	12.9005
4.35285	12.9839
4.35356	13.0672
4.35586	13.1441
4.35793	13.2211
4.35999	13.298
4.36068	13.3749
4.36344	13.4518
4.36479	13.5288
4.36621	13.6057
4.36689	13.6826
4.37239	13.7595
4.37513	13.8364
4.38695	13.9134
4.38768	13.9903
4.38834	14.0672
4.38903	14.1386
4.38974	14.2101
4.39041	14.2815
4.39115	14.3529
4.39184	14.4244
4.39253	14.4958
4.39323	14.5672
4.39392	14.6386
4.39464	14.7101
4.39743	14.7815
4.39814	14.8529
4.40576	14.9244
4.40918	14.9958
4.4147	15.0672
4.41604	15.1339
4.41742	15.2005
4.42018	15.2672
4.42304	15.3339
4.42507	15.4005
4.42576	15.4672
4.42782	15.5339
4.42995	15.6005
4.43128	15.6672
4.43197	15.7339
4.43345	15.8005
4.43413	15.8672
4.43484	15.9339
4.44184	16.0005
4.44332	16.063
4.44458	16.1255
4.44735	16.188
4.44873	16.2505
4.45013	16.313
4.4522	16.3755
4.45493	16.438
4.46667	16.5005
4.46802	16.563
4.47082	16.6255
4.47227	16.688
4.47366	16.7505
4.47569	16.813
4.47707	16.8755
4.47984	16.938
4.48052	17.0005
4.48203	17.0594
4.48272	17.1182
4.48341	17.177
4.48551	17.2358
4.48824	17.2947
4.48961	17.3535
4.49235	17.4123
4.49442	17.4711
4.50271	17.53
4.50404	17.5888
4.50616	17.6476
4.51122	17.7064
4.51189	17.7653
4.51423	17.8241
4.51492	17.8829
4.51634	17.9417
4.51772	18.0005
4.51846	18.0561
4.51978	18.1117
4.5205	18.1672
4.52186	18.2228
4.52327	18.2783
4.52598	18.3339
4.52872	18.3894
4.53153	18.445
4.53702	18.5005
4.5476	18.5561
4.56027	18.6117
4.56096	18.6672
4.56644	18.7228
4.56857	18.7783
4.56995	18.8339
4.57545	18.8894
4.57752	18.945
4.57888	19.0005
4.58026	19.0532
4.58162	19.1058
4.58305	19.1584
4.58443	19.2111
4.5858	19.2637
4.58717	19.3163
4.58862	19.369
4.59062	19.4216
4.60016	19.4742
4.60806	19.5269
4.61019	19.5795
4.6129	19.6321
4.61563	19.6848
4.61703	19.7374
4.61772	19.79
4.6184	19.8427
4.6201	19.8953
4.62082	19.9479
4.62152	20.0005
4.62632	20.0505
4.627	20.1005
4.6277	20.1505
4.62841	20.2005
4.6291	20.2505
4.62983	20.3005
4.63052	20.3505
4.63124	20.4005
4.63838	20.4505
4.64105	20.5005
4.65519	20.5505
4.65654	20.6005
4.65998	20.6505
4.66136	20.7005
4.66341	20.7505
4.66548	20.8005
4.66684	20.8505
4.67306	20.9005
4.67441	20.9505
4.67509	21.0005
4.67578	21.0482
4.67715	21.0958
4.67851	21.1434
4.67923	21.191
4.67993	21.2386
4.68065	21.2863
4.68278	21.3339
4.68347	21.3815
4.68557	21.4291
4.68699	21.4767
4.68834	21.5244
4.68973	21.572
4.69323	21.6196
4.69461	21.6672
4.69738	21.7148
4.69944	21.7625
4.7015	21.8101
4.70293	21.8577
4.70361	21.9053
4.70433	21.9529
4.70503	22.0005
4.70571	22.046
4.7064	22.0915
4.7078	22.1369
4.70919	22.1824
4.71107	22.2278
4.71252	22.2733
4.7146	22.3187
4.72146	22.3642
4.72834	22.4096
4.73802	22.4551
4.73814	22.5005
4.74137	22.546
4.74552	22.5915
4.74622	22.6369
4.74695	22.6824
4.74763	22.7278
4.75243	22.7733
4.75384	22.8187
4.75454	22.8642
4.75663	22.9096
4.75805	22.9551
4.75948	23.0005
4.7609	23.044
4.76224	23.0875
4.76366	23.131
4.76572	23.1745
4.76709	23.2179
4.76778	23.2614
4.7692	23.3049
4.77058	23.3484
4.78028	23.3919
4.78326	23.4353
4.78443	23.4788
4.78852	23.5223
4.79265	23.5658
4.79469	23.6092
4.79951	23.6527
4.80227	23.6962
4.80502	23.7397
4.80705	23.7832
4.80911	23.8266
4.80982	23.8701
4.81483	23.9136
4.81757	23.9571
4.81827	24.0005
4.81967	24.0422
4.82037	24.0839
4.82111	24.1255
4.82178	24.1672
4.82452	24.2089
4.8259	24.2505
4.82883	24.2922
4.83578	24.3339
4.85288	24.3755
4.85697	24.4172
4.86042	24.4589
4.86316	24.5005
4.8646	24.5422
4.86821	24.5839
4.87286	24.6255
4.87431	24.6672
4.87567	24.7089
4.87706	24.7505
4.87844	24.7922
4.87982	24.8339
4.88261	24.8755
4.88404	24.9172
4.88542	24.9589
4.88749	25.0005
4.89228	25.0405
4.89365	25.0805
4.89573	25.1205
4.89641	25.1605
4.89781	25.2005
4.89917	25.2405
4.90229	25.2805
4.90516	25.3205
4.91414	25.3605
4.91688	25.4005
4.91963	12.7003
4.92236	12.7836
4.92512	12.8669
4.9265	12.9503
4.92923	13.0336
4.93329	13.1105
4.93462	13.1875
4.93532	13.2644
4.936	13.3413
4.93673	13.4182
4.93819	13.4951
4.93955	13.5721
4.94095	13.649
4.94229	13.7259
4.94369	13.8028
4.94437	13.8798
4.94576	13.9567
4.94758	14.0336
4.94894	14.105
4.95032	14.1765
4.95168	14.2479
4.9531	14.3193
4.9545	14.3907
4.96214	14.4622
4.9635	14.5336
4.98145	14.605
4.9842	14.6765
4.98488	14.7479
4.98625	14.8193
4.99255	7.40966
4.99324	7.55252
4.99395	7.69537
4.99464	7.83823
4.99532	7.98109
4.99601	8.12395
4.99672	8.24895
4.99744	8.37395
5.0084	8.49895
5.00905	8.62395
5.01321	8.74895
5.01663	8.87395
5.01731	8.99895
5.018	9.12395
5.04985	9.23506
5.05397	9.34617
5.05671	9.45728
5.05878	9.56839
5.05948	9.6795
5.06087	9.79061
5.06158	9.90172
5.06228	10.0128
5.06298	10.1128
5.06372	10.2128
5.06444	10.3128
5.06787	10.4128
5.08229	10.5128
5.08298	10.6128
5.08675	10.7128
5.0882	10.8128
5.08888	10.9128
5.08958	11.0128
5.09168	11.1037
5.09302	11.1947
5.0958	11.2856
5.09789	11.3765
5.11852	11.4674
5.12059	11.5583
5.12334	11.6492
5.12693	11.7401
5.12763	11.831
5.1283	11.9219
5.12906	12.0128
5.12971	12.0962
5.13106	12.1795
5.13245	12.2628
5.13452	12.3462
5.13722	12.4295
5.13793	12.5128
5.13931	12.5962
5.14626	12.6795
5.14694	12.7628
5.14762	12.8462
5.16432	12.9295
5.16569	13.0128
5.16708	13.0898
5.16844	13.1667
5.16914	13.2436
5.1712	13.3205
5.17257	13.3975
5.17396	13.4744
5.17532	13.5513
5.17739	13.6282
5.17945	13.7051
5.18225	13.7821
5.19195	13.859
5.19261	13.9359
5.19333	14.0128
5.20233	14.0843
5.20303	14.1557
5.20373	14.2271
5.20439	14.2985
5.20508	14.37
5.20579	14.4414
5.20716	14.5128
5.20854	14.5843
5.20989	14.6557
5.21059	14.7271
5.21404	14.7985
5.21612	14.87
5.21822	14.9414
5.2189	15.0128
5.2203	15.0795
5.22304	15.1462
5.23397	15.2128
5.23534	15.2795
5.23807	15.3462
5.23944	15.4128
5.24081	15.4795
5.24291	15.5462
5.24426	15.6128
5.24578	15.6795
5.24852	15.7462
5.2568	15.8128
5.25888	15.8795
5.26162	15.9462
5.26298	16.0128
5.26438	16.0753
5.26578	16.1378
5.27275	16.2003
5.27556	16.2628
5.27629	16.3253
5.27904	16.3878
5.28114	16.4503
5.28248	16.5128
5.28315	16.5753
5.28389	16.6378
5.28454	16.7003
5.28592	16.7628
5.28804	16.8253
5.28944	16.8878
5.29014	16.9503
5.29084	17.0128
5.2922	17.0717
5.29356	17.1305
5.29994	17.1893
5.30756	17.2481
5.31174	17.307
5.31243	17.3658
5.31312	17.4246
5.31383	17.4834
5.31449	17.5422
5.31519	17.6011
5.31655	17.6599
5.31726	17.7187
5.31934	17.7775
5.32004	17.8364
5.32139	17.8952
5.32279	17.954
5.32419	18.0128
5.32489	18.0684
5.32832	18.1239
5.33107	18.1795
5.33385	18.2351
5.34896	18.2906
5.351	18.3462
5.35168	18.4017
5.35864	18.4573
5.35935	18.5128
5.36005	18.5684
5.36143	18.6239
5.36217	18.6795
5.36285	18.7351
5.36355	18.7906
5.36424	18.8462
5.36495	18.9017
5.36572	18.9573
5.36704	19.0128
5.36843	19.0655
5.36979	19.1181
5.3727	19.1707
5.37478	19.2234
5.37545	19.276
5.37753	19.3286
5.38029	19.3813
5.3907	19.4339
5.39553	19.4865
5.39621	19.5392
5.39759	19.5918
5.39971	19.6444
5.40242	19.697
5.40519	19.7497
5.40724	19.8023
5.40862	19.8549
5.41087	19.9076
5.41139	19.9602
5.41209	20.0128
5.4128	20.0628
5.4142	20.1128
5.41485	20.1628
5.41556	20.2128
5.4176	20.2628
5.4183	20.3128
5.42622	20.3628
5.42829	20.4128
5.43039	20.4628
5.43106	20.5128
5.43177	20.5628
5.43315	20.6128
5.43868	20.6628
5.43942	20.7128
5.44011	20.7628
5.44081	20.8128
5.4422	20.8628
5.44291	20.9128
5.44497	20.9628
5.4477	21.0128
5.45183	21.0605
5.45532	21.1081
5.45737	21.1557
5.45878	21.2033
5.45962	21.2509
5.46017	21.2985
5.46089	21.3462
5.46158	21.3938
5.46226	21.4414
5.46294	21.489
5.46364	21.5366
5.46509	21.5843
5.46576	21.6319
5.47412	21.6795
5.48716	21.7271
5.48852	21.7747
5.48922	21.8224
5.4906	21.87
5.4913	10.935
5.49198	11.035
5.49273	11.1259
5.49411	11.2168
5.49481	11.3077
5.49619	11.3986
5.4976	11.4895
5.49829	11.5804
5.50176	11.6714
5.50312	11.7623
5.50519	11.8532
5.50658	11.9441
5.50794	12.035
5.50929	12.1183
5.51554	12.2017
5.51625	12.285
5.51693	12.3683
5.51767	12.4517
5.52457	12.535
5.5267	12.6183
5.52733	12.7017
5.52806	12.785
5.5308	12.8683
5.53226	12.9517
5.53296	13.035
5.53574	13.1119
5.54128	13.1888
5.54267	13.2658
5.54404	13.3427
5.54473	6.67134
5.54613	6.83801
5.54749	7.00467
5.55027	7.14753
5.55437	7.29039
5.55712	7.43325
5.5592	7.5761
5.56057	7.71896
5.56332	7.86182
5.56404	8.00467
5.56542	8.12967
5.56753	8.25467
5.56823	8.37967
5.5718	8.50467
5.58145	8.62967
5.58417	8.75467
5.58693	8.87967
5.59037	9.00467
5.5911	9.11579
5.59176	9.2269
5.5953	9.33801
5.596	9.44912
5.5998	9.56023
5.60044	4.78011
5.60189	5.03011
5.60407	5.23011
5.62753	5.43011
5.62823	5.63011
5.62895	5.83011
5.63099	6.03011
5.6317	6.19678
5.63239	6.36345
5.65436	6.53011
5.65506	6.69678
5.65574	6.86345
5.65643	7.03011
5.65715	7.17297
5.65781	7.31583
5.68717	7.45869
5.68789	7.60154
5.68928	7.7444
5.68995	7.88726
5.69064	8.03011
5.69131	8.15511
5.692	8.28011
5.70113	8.40511
5.70179	8.53011
5.70315	8.65511
5.70384	8.78011
5.70453	8.90511
5.70522	9.03011
5.70589	9.14123
5.7067	9.25234
5.72944	9.36345
5.73014	9.47456
5.73082	9.58567
5.7315	9.69678
5.73221	9.80789
5.7331	9.919
5.7338	10.0301
5.73522	10.1301
5.73603	10.2301
5.74544	10.3301
5.75584	10.4301
5.75652	10.5301
5.75719	10.6301
5.75791	10.7301
5.75857	10.8301
5.75928	10.9301
5.75995	11.0301
5.76133	11.121
5.76548	11.2119
5.77181	11.3028
5.77655	11.3938
5.77665	11.4847
5.77732	11.5756
5.77803	11.6665
5.77869	11.7574
5.78143	11.8483
5.78566	11.9392
5.78968	12.0301
5.79244	12.1134
5.79516	12.1968
5.8056	12.2801
5.80632	12.3634
5.80699	12.4468
5.80769	12.5301
5.8084	12.6134
5.80911	12.6968
5.80977	12.7801
5.81041	12.8634
5.81114	12.9468
5.81255	13.0301
5.81328	13.107
5.82373	13.184
5.8251	13.2609
5.82646	13.3378
5.82854	13.4147
5.83126	13.4917
5.8355	13.5686
5.83813	13.6455
5.83881	13.7224
5.83953	13.7993
5.84088	13.8763
5.84649	13.9532
5.84787	14.0301
5.85201	14.1015
5.85273	14.173
5.85341	14.2444
5.85414	14.3158
5.85478	14.3873
5.85615	14.4587
5.85822	14.5301
5.8596	14.6015
5.86172	14.673
5.86443	14.7444
5.86716	14.8158
5.87611	14.8873
5.87747	14.9587
5.87817	15.0301
5.88159	15.0968
5.88513	15.1634
5.88581	15.2301
5.89139	15.2968
5.89278	15.3634
5.89426	15.4301
5.89568	15.4968
5.897	15.5634
5.89838	15.6301
5.89974	15.6968
5.90114	15.7634
5.90251	15.8301
5.90389	15.8968
5.90527	15.9634
5.90671	16.0301
5.90808	16.0926
5.91151	16.1551
5.9122	16.2176
5.91911	16.2801
5.92322	16.3426
5.933	16.4051
5.93436	16.4676
5.93505	16.5301
5.93712	16.5926
5.93846	16.6551
5.94572	16.7176
5.94641	16.7801
5.9471	16.8426
5.94779	16.9051
5.9485	16.9676
5.9492	17.0301
5.95055	17.0889
5.95332	17.1478
5.95469	17.2066
5.95606	17.2654
5.95744	17.3242
5.97323	17.3831
5.97392	17.4419
5.97461	17.5007
5.97673	17.5595
5.97743	17.6184
5.9795	17.6772
5.98016	17.736
5.98085	17.7948
5.98228	17.8536
5.98297	17.9125
5.98447	17.9713
5.98517	18.0301
5.98583	18.0857
5.98657	18.1412
5.98723	18.1968
5.98793	18.2523
5.9886	18.3079
5.98933	18.3634
5.99072	18.419
5.99209	18.4746
6.00056	18.5301
6.00124	18.5857
6.00398	18.6412
6.00465	18.6968
6.00535	18.7523
6.00757	18.8079
6.00895	18.8634
6.02373	18.919
6.02513	18.9746
6.02577	19.0301
6.02649	19.0827
6.02856	19.1354
6.03136	19.188
6.03203	19.2406
6.0334	19.2933
6.03478	19.3459
6.03547	19.3985
6.03685	19.4512
6.03758	19.5038
6.03822	19.5564
6.03891	19.6091
6.04096	19.6617
6.04325	19.7143
6.04671	19.767
6.05013	19.8196
6.0515	19.8722
6.05287	19.9249
6.05429	19.9775
6.05502	20.0301
6.05565	20.0801
6.05716	20.1301
6.05782	20.1801
6.05856	20.2301
6.06546	20.2801
6.06852	20.3301
6.07392	20.3801
6.07463	20.4301
6.07535	20.4801
6.07812	20.5301
6.07944	20.5801
6.0815	20.6301
6.08293	20.6801
6.08565	20.7301
6.08706	20.7801
6.08841	20.8301
6.0898	20.8801
6.09116	20.9301
6.09253	20.9801
6.09391	21.0301
6.09529	21.0777
6.09665	21.1254
6.09734	21.173
6.10008	21.2206
6.10287	21.2682
6.10558	21.3158
6.1077	21.3634
6.1084	21.4111
6.10908	21.4587
6.10988	21.5063
6.11436	21.5539
6.11501	21.6015
6.11569	21.6492
6.11643	21.6968
6.11708	21.7444
6.11777	21.792
6.11849	21.8396
6.11919	10.9198
6.11987	11.0198
6.12121	11.1107
6.12472	11.2016
6.12751	11.2925
6.12958	11.3835
6.13094	11.4744
6.13164	11.5653
6.13233	11.6562
6.13303	11.7471
6.13376	11.838
6.13712	11.9289
6.13986	12.0198
6.14329	12.1032
6.14334	12.1865
6.14404	12.2698
6.15718	12.3532
6.15992	12.4365
6.17191	12.5198
6.17334	12.6032
6.17525	12.6865
6.17666	12.7698
6.17855	12.8532
6.18066	12.9365
6.18276	6.46824
6.18755	6.63491
6.18828	6.80158
6.18894	6.96824
6.18965	7.13491
6.19504	7.27777
6.19576	7.42062
6.19647	7.56348
6.21071	7.70634
6.2128	7.8492
6.21558	7.99205
6.21627	8.13491
6.22782	8.25991
6.22919	8.38491
6.23198	8.50991
6.23901	8.63491
6.24177	8.75991
6.24384	8.88491
6.24453	9.00991
6.24728	9.12102
6.24964	9.23213
6.25036	9.34324
6.26613	9.45435
6.26681	9.56547
6.26889	9.67658
6.26964	9.78769
6.27045	9.8988
6.27112	10.0099
6.2718	10.1099
6.2726	10.2099
6.27394	10.3099
6.28176	10.4099
6.283	10.5099
6.28305	10.6099
6.3008	10.7099
6.30152	10.8099
6.30222	10.9099
6.33001	11.0099
6.33207	11.1008
6.33345	11.1917
6.33453	11.2826
6.33619	11.3735
6.33895	11.4645
6.33965	11.5554
6.34035	11.6463
6.34106	11.7372
6.34176	11.8281
6.34245	11.919
6.34316	12.0099
6.34383	12.0932
6.36146	12.1766
6.36288	12.2599
6.36421	12.3432
6.37974	12.4266
6.38182	12.5099
6.38457	12.5932
6.38733	12.6766
6.39023	12.7599
6.39456	12.8432
6.40011	12.9266
6.40013	13.0099
6.40027	13.0868
6.40041	13.1638
6.40108	13.2407
6.40244	13.3176
6.40564	13.3945
6.40663	13.4714
6.42753	13.5484
6.42818	13.6253
6.42888	13.7022
6.4375	13.7791
6.43959	13.8561
6.44163	13.933
6.44369	14.0099
6.44575	14.0813
6.44713	14.1528
6.44779	14.2242
6.44919	14.2956
6.45058	14.3671
6.45332	14.4385
6.45538	14.5099
6.45815	14.5813
6.46092	14.6528
6.4644	14.7242
6.46507	14.7956
6.48855	14.8671
6.4913	14.9385
6.49405	15.0099
6.49684	15.0766
6.49753	15.1432
6.49822	15.2099
6.49893	15.2766
6.49962	15.3432
6.50031	15.4099
6.50097	15.4766
6.50168	15.5432
6.50239	15.6099
6.50307	15.6766
6.50377	15.7432
6.50446	15.8099
6.50516	15.8766
6.51626	15.9432
6.51767	16.0099
6.51836	16.0724
6.5366	16.1349
6.53935	16.1974
6.54147	16.2599
6.54345	16.3224
6.54487	16.3849
6.5469	16.4474
6.54896	16.5099
6.55033	16.5724
6.5517	16.6349
6.55446	16.6974
6.55722	16.7599
6.55857	16.8224
6.56545	16.8849
6.56751	16.9474
6.56819	17.0099
6.57026	17.0687
6.57167	17.1276
6.57416	17.1864
6.57459	17.2452
6.5753	17.304
6.58642	17.3629
6.58777	17.4217
6.58912	17.4805
6.5898	17.5393
6.59055	17.5981
6.59253	17.657
6.59327	17.7158
6.59667	17.7746
6.5981	17.8334
6.6001	17.8923
6.60292	17.9511
6.60361	18.0099
6.60433	18.0655
6.61575	18.121
6.61921	18.1766
6.62057	18.2321
6.62458	18.2877
6.62587	18.3432
6.6327	18.3988
6.63616	18.4544
6.63819	18.5099
6.64539	18.5655
6.64664	18.621
6.64811	18.6766
6.64886	18.7321
6.6496	18.7877
6.65029	18.8432
6.65094	18.8988
6.65165	18.9544
6.65301	19.0099
6.65369	19.0625
6.65441	19.1152
6.65577	19.1678
6.65716	19.2204
6.65784	19.2731
6.66486	19.3257
6.6676	19.3783
6.66829	19.431
6.66898	19.4836
6.67034	19.5362
6.6724	19.5889
6.67379	19.6415
6.67515	19.6941
6.69084	19.7468
6.69433	19.7994
6.69574	19.852
6.69709	19.9046
6.69991	19.9573
6.70336	20.0099
6.70474	20.0599
6.70537	20.1099
6.7061	20.1599
6.70675	20.2099
6.70747	20.2599
6.71379	20.3099
6.71585	20.3599
6.71722	20.4099
6.72008	20.4599
6.72784	20.5099
6.72923	20.5599
6.7306	20.6099
6.73202	20.6599
6.73267	20.7099
6.73405	20.7599
6.73541	20.8099
6.73679	20.8599
6.73819	20.9099
6.74027	20.9599
6.74161	21.0099
6.74298	21.0575
6.74436	21.1051
6.74577	21.1528
6.74717	21.2004
6.74856	21.248
6.75354	21.2956
6.75495	21.3432
6.75707	21.3909
6.75977	21.4385
6.77023	21.4861
6.77155	21.5337
6.77367	21.5813
6.77433	21.629
6.77503	21.6766
6.77573	21.7242
6.77648	21.7718
6.77714	21.8194
6.77789	21.8671
6.77854	21.9147
6.77929	21.9623
6.78	22.0099
6.78068	22.0554
6.78205	22.1008
6.78409	22.1463
6.78677	22.1917
6.78814	22.2372
6.79372	22.2826
6.7985	22.3281
6.79987	22.3735
6.80125	22.419
6.80263	22.4645
6.804	22.5099
6.80611	22.5554
6.80884	22.6008
6.81226	22.6463
6.81435	22.6917
6.81792	22.7372
6.8186	22.7826
6.81928	22.8281
6.81997	22.8735
6.82344	22.919
6.82481	22.9645
6.8262	23.0099
6.82899	23.0534
6.83032	23.0969
6.83167	23.1403
6.8331	23.1838
6.83444	23.2273
6.83659	23.2708
6.83796	23.3143
6.83865	23.3577
6.83936	23.4012
6.8407	23.4447
6.8421	23.4882
6.84277	23.5316
6.84347	23.5751
6.84487	23.6186
6.86014	23.6621
6.86225	23.7056
6.86361	23.749
6.86497	23.7925
6.86634	23.836
6.86843	23.8795
6.86983	23.923
6.87121	23.9664
6.87257	24.0099
6.87396	24.0516
6.87532	24.0932
6.87671	24.1349
6.87738	24.1766
6.87809	24.2182
6.88299	24.2599
6.88436	24.3016
6.88575	24.3432
6.88641	24.3849
6.88778	24.4266
6.88917	24.4682
6.89055	24.5099
6.89194	24.5516
6.89263	24.5932
6.89831	24.6349
6.89964	24.6766
6.90237	24.7182
6.90511	24.7599
6.90787	24.8016
6.90926	24.8432
6.91199	24.8849
6.91407	24.9266
6.91549	24.9682
6.91817	25.0099
6.91955	25.0499
6.92096	25.0899
6.92232	25.1299
6.92435	25.1699
6.92873	25.2099
6.93849	25.2499
6.93974	25.2899
6.93992	25.3299
6.94135	25.3699
6.94273	25.4099
6.94409	25.4499
6.94612	25.4899
6.94818	25.5299
6.94974	25.5699
6.95163	25.6099
6.95232	25.6499
6.95304	25.6899
6.95374	25.7299
6.95439	25.7699
6.95577	25.8099
6.95782	25.8499
6.9599	25.8899
6.96127	25.9299
6.96403	25.9699
6.9661	26.0099
6.96882	26.0484
6.97089	26.0868
6.97432	26.1253
6.97637	26.1638
6.97775	26.2022
6.98697	13.1011
6.98764	13.178
6.98834	13.255
6.98905	13.3319
6.99274	13.4088
6.99411	13.4857
6.99616	13.5626
6.99824	13.6396
7.00028	13.7165
7.00166	13.7934
7.00372	13.8703
7.00578	13.9473
7.00718	14.0242
7.01678	14.0956
7.01886	14.167
7.02161	14.2385
7.0223	14.3099
7.02296	14.3813
7.02367	14.4528
7.02576	14.5242
7.02712	14.5956
7.02849	14.667
7.03127	14.7385
7.03334	14.8099
7.03616	14.8813
7.03689	14.9528
7.05076	15.0242
7.0556	15.0909
7.05698	15.1575
7.05835	15.2242
7.06042	15.2909
7.06247	15.3575
7.06453	15.4242
7.06728	15.4909
7.07003	15.5575
7.07282	15.6242
7.07698	15.6909
7.07836	15.7575
7.07905	15.8242
7.07974	15.8909
7.08117	15.9575
7.08191	16.0242
7.0833	16.0867
7.08467	16.1492
7.08606	16.2117
7.08745	16.2742
7.0902	16.3367
7.09367	16.3992
7.1125	16.4617
7.11801	16.5242
7.11936	16.5867
7.12078	16.6492
7.12218	16.7117
7.12286	16.7742
7.12354	16.8367
7.12424	16.8992
7.12773	16.9617
7.12842	17.0242
7.12979	17.083
7.1305	17.1418
7.13325	17.2007
7.13461	17.2595
7.13949	17.3183
7.14085	17.3771
7.14225	17.436
7.14357	17.4948
7.14495	17.5536
7.1463	17.6124
7.14773	17.6712
7.1484	17.7301
7.15117	17.7889
7.17193	17.8477
7.17332	17.9065
7.174	17.9654
7.17466	18.0242
7.17604	18.0797
7.17672	18.1353
7.17881	18.1909
7.1809	18.2464
7.18363	18.302
7.18707	18.3575
7.18844	18.4131
7.19189	18.4686
7.19258	18.5242
7.19396	18.5797
7.19604	18.6353
7.19885	18.6909
7.2009	18.7464
7.20503	18.802
7.20707	18.8575
7.20845	18.9131
7.20982	18.9686
7.21119	19.0242
7.21396	19.0768
7.21595	19.1294
7.22568	19.1821
7.22636	19.2347
7.2271	19.2873
7.22788	19.34
7.22926	19.3926
7.23138	19.4452
7.23271	19.4979
7.23547	19.5505
7.23748	19.6031
7.24651	19.6558
7.24791	19.7084
7.2493	9.8542
7.25067	9.96531
7.25207	10.0764
7.25273	10.1764
7.25346	10.2764
7.25413	10.3764
7.25482	10.4764
7.25551	10.5764
7.26377	10.6764
7.26445	10.7764
7.2658	10.8764
7.26923	10.9764
7.2713	11.0764
7.27265	11.1673
7.27958	11.2582
7.28094	11.3491
7.28233	11.4401
7.29271	11.531
7.29544	11.6219
7.29687	11.7128
7.29894	11.8037
7.30034	11.8946
7.30173	11.9855
7.30246	12.0764
7.3038	12.1598
7.30451	12.2431
7.30588	12.3264
7.30961	12.4098
7.31937	12.4931
7.32006	12.5764
7.32346	12.6598
7.32552	12.7431
7.3269	12.8264
7.32895	12.9098
7.33309	12.9931
7.33411	13.0764
7.33479	13.1533
7.33684	13.2303
7.33891	13.3072
7.33958	13.3841
7.34321	13.461
7.34388	13.538
7.34869	13.6149
7.35282	13.6918
7.35636	13.7687
7.3579	13.8457
7.35931	13.9226
7.36074	13.9995
7.36143	14.0764
7.36273	14.1478
7.36551	14.2193
7.36753	14.2907
7.36894	14.3621
7.37798	14.4336
7.3787	14.505
7.37935	14.5764
7.38002	14.6478
7.38276	14.7193
7.38345	14.7907
7.38552	14.8621
7.38692	14.9336
7.38758	15.005
7.38826	15.0717
7.38965	15.1383
7.39032	15.205
7.39237	15.2717
7.39307	15.3383
7.40579	15.405
7.40649	15.4717
7.40715	15.5383
7.40787	15.605
7.40997	7.8025
7.41064	7.94535
7.4134	8.08821
7.41544	8.21321
7.41682	8.33821
7.4175	8.46321
7.41824	8.58821
7.42025	8.71321
7.42163	8.83821
7.42368	8.96321
7.42443	9.08821
7.43022	9.19932
7.43079	9.31043
7.43147	9.42154
7.43213	9.53265
7.43357	9.64377
7.43422	9.75488
7.43492	9.86599
7.43562	9.9771
7.43629	10.0882
7.44802	10.1882
7.45077	10.2882
7.45146	10.3882
7.45213	10.4882
7.45353	10.5882
7.45426	10.6882
7.4549	10.7882
7.4556	10.8882
7.4563	10.9882
7.45697	11.0882
7.46251	11.1791
7.46319	11.27
7.46387	11.3609
7.46458	11.4518
7.46598	11.5428
7.46671	11.6337
7.46737	11.7246
7.46805	11.8155
7.46872	11.9064
7.4694	11.9973
7.47009	12.0882
7.47224	12.1715
7.47293	12.2549
7.47362	12.3382
7.47434	12.4215
7.47712	12.5049
7.47778	12.5882
7.47846	12.6715
7.47917	12.7549
7.47985	12.8382
7.48055	12.9215
7.48123	13.0049
7.4819	13.0818
7.48343	13.1587
7.48409	13.2356
7.48479	13.3126
7.48547	13.3895
7.48803	13.4664
7.4887	13.5433
7.48941	13.6203
7.49009	13.6972
7.49079	13.7741
7.49145	13.851
7.49217	13.928
7.49285	14.0049
7.49355	14.0763
7.50826	14.1477
7.50871	14.2192
7.5094	14.2906
7.51011	14.362
7.51705	14.4334
7.51771	14.5049
7.51846	14.5763
7.51909	14.6477
7.5198	14.7192
7.52048	14.7906
7.52117	14.862
7.52183	14.9334
7.52255	15.0049
7.52321	15.0715
7.52584	15.1382
7.52655	15.2049
7.52726	15.2715
7.52791	15.3382
7.52941	15.4049
7.53008	15.4715
7.53216	15.5382
7.53765	15.6049
7.54043	15.6715
7.54387	15.7382
7.54868	15.8049
7.55006	15.8715
7.55152	15.9382
7.5529	16.0049
7.55427	16.0674
7.5681	16.1299
7.5688	16.1924
7.57016	16.2549
7.57084	16.3174
7.57242	16.3799
7.57292	16.4424
7.57359	16.5049
7.5743	16.5674
7.57501	16.6299
7.57638	16.6924
7.57863	16.7549
7.57932	16.8174
7.58001	16.8799
7.58071	16.9424
7.58138	17.0049
7.58211	17.0637
7.59797	17.1225
7.59935	17.1813
7.60212	17.2402
7.60415	17.299
7.60552	17.3578
7.60691	17.4166
7.60826	17.4755
7.61314	17.5343
7.61385	17.5931
7.61525	17.6519
7.61589	17.7108
7.61658	17.7696
7.61728	17.8284
7.61865	17.8872
7.62003	17.9461
7.6214	18.0049
7.62277	18.0604
7.62913	18.116
7.63049	18.1715
7.63183	18.2271
7.63322	18.2827
7.6346	18.3382
7.63603	18.3938
7.63889	18.4493
7.64863	18.5049
7.64932	18.5604
7.65002	18.616
7.65824	18.6715
7.65961	18.7271
7.66034	18.7827
7.66172	18.8382
7.6631	18.8938
7.66448	18.9493
7.66583	19.0049
7.66724	19.0575
7.66938	19.1101
7.67075	19.1628
7.67143	19.2154
7.67212	19.268
7.6735	19.3207
7.67491	19.3733
7.67979	19.4259
7.68844	19.4786
7.68925	19.5312
7.68979	19.5838
7.6905	19.6365
7.69124	19.6891
7.69192	19.7417
7.69266	19.7944
7.69333	19.847
7.69472	19.8996
7.69679	19.9522
7.69817	20.0049
7.69956	20.0549
7.70025	20.1049
7.70164	20.1549
7.70368	20.2049
7.70574	20.2549
7.70644	20.3049
7.70938	20.3549
7.71132	20.4049
7.73308	20.4549
7.73376	20.5049
7.73444	20.5549
7.73518	20.6049
7.73584	20.6549
7.73652	20.7049
7.73724	20.7549
7.73862	20.8049
7.7393	20.8549
7.74002	20.9049
7.7407	20.9549
7.74209	21.0049
7.74348	21.0525
7.74485	21.1001
7.74554	21.1477
7.74625	21.1954
7.74691	21.243
7.74897	21.2906
7.7504	21.3382
7.75452	21.3858
7.778	21.4334
7.77942	21.4811
7.78009	21.5287
7.78148	21.5763
7.78219	21.6239
7.78288	21.6715
7.78437	21.7192
7.78564	21.7668
7.78711	21.8144
7.78932	21.862
7.7902	21.9096
7.79141	21.9573
7.7928	22.0049
7.79352	22.0503
7.79487	22.0958
7.79709	22.1412
7.79831	22.1867
7.79925	22.2321
7.79995	22.2776
7.80137	22.3231
7.80209	22.3685
7.8235	22.414
7.82557	22.4594
7.82834	22.5049
7.83109	22.5503
7.83383	22.5958
7.83521	22.6412
7.83657	22.6867
7.83863	22.7321
7.84	22.7776
7.84136	22.8231
7.84273	22.8685
7.84548	22.914
7.84687	22.9594
7.84964	23.0049
7.85107	23.0484
7.85241	23.0918
7.85448	23.1353
7.85585	23.1788
7.85721	23.2223
7.85861	23.2657
7.85997	23.3092
7.86069	23.3527
7.88147	23.3962
7.88285	23.4397
7.88423	23.4831
7.88562	23.5266
7.88699	23.5701
7.88906	23.6136
7.89461	23.6571
7.89664	23.7005
7.89733	23.744
7.89951	23.7875
7.90082	23.831
7.90217	23.8744
7.90421	23.9179
7.90559	23.9614
7.90629	24.0049
7.90769	24.0465
7.9087	24.0882
7.90907	24.1299
7.90976	24.1715
7.91048	24.2132
7.91114	24.2549
7.91258	24.2965
7.916	24.3382
7.94641	24.3799
7.94779	24.4215
7.94987	24.4632
7.95058	24.5049
7.95131	24.5465
7.95194	24.5882
7.9533	24.6299
7.95404	24.6715
7.9547	24.7132
7.95607	24.7549
7.95747	12.3774
7.9582	12.4608
7.95888	12.5441
7.95957	12.6274
7.96098	12.7108
7.96233	12.7941
7.97138	12.8774
7.97453	12.9608
7.97494	13.0441
7.97552	13.121
7.97758	13.198
7.97963	13.2749
7.98171	13.3518
7.98583	13.4287
8.00376	13.5056
8.00511	13.5826
8.0065	13.6595
8.00722	13.7364
8.00862	13.8133
8.00931	13.8903
8.01065	13.9672
8.01202	14.0441
8.01273	14.1155
8.01341	14.187
8.01765	14.2584
8.01833	14.3298
8.01902	14.4012
8.02463	14.4727
8.02799	14.5441
8.03141	14.6155
8.0328	14.687
8.03564	14.7584
8.0376	14.8298
8.03895	14.9012
8.04103	14.9727
8.04172	15.0441
8.04587	15.1108
8.04654	15.1774
8.04725	15.2441
8.05137	15.3108
8.05422	15.3774
8.05558	15.4441
8.05697	15.5108
8.05932	15.5774
8.06	15.6441
8.06139	15.7108
8.07528	15.7774
8.07601	15.8441
8.07671	15.9108
8.08224	15.9774
8.08504	16.0441
8.08772	16.1066
8.08911	16.1691
8.09055	16.2316
8.09193	16.2941
8.09267	16.3566
8.09474	16.4191
8.09679	16.4816
8.09748	16.5441
8.10435	16.6066
8.10503	16.6691
8.10574	16.7316
8.1064	16.7941
8.10712	16.8566
8.1086	16.9191
8.11072	16.9816
8.11204	17.0441
8.11409	17.1029
8.11542	17.1618
8.13031	17.2206
8.13309	17.2794
8.13514	17.3382
8.13856	17.397
8.14132	17.4559
8.1427	17.5147
8.14411	17.5735
8.14622	17.6323
8.14694	17.6912
8.14834	17.75
8.14903	17.8088
8.14971	17.8676
8.15042	17.9265
8.15115	17.9853
8.15259	18.0441
8.15328	18.0997
8.15465	18.1552
8.15603	18.2108
8.1574	18.2663
8.15943	18.3219
8.16013	18.3774
8.16082	18.433
8.16154	18.4885
8.16223	18.5441
8.16293	18.5997
8.16365	18.6552
8.16432	18.7108
8.16637	18.7663
8.16706	18.8219
8.16775	18.8774
8.16983	18.933
8.17434	18.9885
8.17503	19.0441
8.17571	19.0967
8.1764	19.1494
8.17707	19.202
8.17777	19.2546
8.17846	19.3073
8.17915	19.3599
8.18952	19.4125
8.19023	19.4652
8.19194	19.5178
8.19198	19.5704
8.19228	19.6231
8.19296	19.6757
8.19504	19.7283
8.19709	19.7809
8.19915	19.8336
8.19986	19.8862
8.20054	19.9388
8.20123	19.9915
8.20192	20.0441
8.20265	20.0941
8.20333	20.1441
8.2061	20.1941
8.20678	20.2441
8.20802	20.2941
8.20871	20.3441
8.20941	20.3941
8.21015	20.4441
8.21084	20.4941
8.21156	20.5441
8.21429	20.5941
8.22087	20.6441
8.22747	20.6941
8.23086	20.7441
8.23225	20.7941
8.23363	20.8441
8.23574	20.8941
8.23982	20.9441
8.24121	20.9941
8.24262	21.0441
8.244	21.0917
8.24537	21.1393
8.24951	21.187
8.25129	21.2346
8.25359	21.2822
8.25497	21.3298
8.25701	21.3774
8.25837	21.4251
8.25976	21.4727
8.26256	21.5203
8.26333	21.5679
8.264	21.6155
8.26467	21.6632
8.26597	21.7108
8.26665	21.7584
8.26735	21.806
8.26802	21.8536
8.26938	21.9012
8.27078	21.9489
8.27284	21.9965
8.28253	22.0441
8.28531	22.0896
8.28674	22.135
8.28743	22.1805
8.29391	22.2259
8.29667	22.2714
8.29942	22.3168
8.30151	22.3623
8.30289	22.4077
8.30359	22.4532
8.30499	22.4987
8.30576	22.5441
8.30646	22.5896
8.30712	22.635
8.30781	22.6805
8.3085	22.7259
8.30919	22.7714
8.30989	22.8168
8.31059	22.8623
8.31127	22.9077
8.32905	22.9532
8.33627	22.9987
8.33761	23.0441
8.34036	23.0876
8.34176	23.1311
8.34469	23.1745
8.3454	23.218
8.34665	23.2615
8.34735	23.305
8.34803	23.3485
8.34874	23.3919
8.35008	23.4354
8.35078	23.4789
8.35222	23.5224
8.35361	23.5658
8.35429	23.6093
8.35561	23.6528
8.35639	23.6963
8.35708	23.7398
8.36053	23.7832
8.36192	23.8267
8.36469	23.8702
8.3689	23.9137
8.36958	23.9571
8.37027	24.0006
8.37235	24.0423
8.38283	24.084
8.38355	24.1256
8.38559	24.1673
8.38719	24.209
8.38898	24.2506
8.38968	24.2923
8.39042	24.334
8.39105	24.3756
8.39176	24.4173
8.39244	24.459
8.39581	24.5006
8.39652	24.5423
8.39858	24.584
8.39927	24.6256
8.39995	24.6673
8.40065	24.709
8.40138	24.7506
8.4021	24.7923
8.40275	24.834
8.40698	24.8756
8.40838	24.9173
8.40906	24.959
8.40973	25.0006
8.4111	25.0406
8.41247	25.0806
8.41523	25.1206
8.41798	25.1606
8.42908	25.2006
8.43063	25.2406
8.43117	25.2806
8.43186	25.3206
8.43255	25.3606
8.4333	25.4006
8.43395	25.4406
8.43462	25.4806
8.43532	25.5206
8.43606	25.5606
8.43773	25.6006
8.43899	25.6406
8.43967	25.6806
8.44039	25.7206
8.44179	25.7606
8.44245	25.8006
8.44595	25.8406
8.44799	25.8806
8.45006	25.9206
8.45144	25.9606
8.45281	26.0006
8.45423	26.0391
8.45626	26.0775
8.45763	26.116
8.45904	26.1545
8.46594	26.1929
8.46869	26.2314
8.47011	26.2699
8.47152	26.3083
8.4729	26.3468
8.47357	26.3852
8.47433	26.4237
8.47496	26.4622
8.47572	26.5006
8.47709	26.5391
8.47848	26.5775
8.47918	26.616
8.48054	26.6545
8.48123	26.6929
8.48261	26.7314
8.48398	26.7699
8.49162	26.8083
8.493	26.8468
8.49574	26.8852
8.49713	26.9237
8.49853	26.9622
8.50007	27.0006
8.50217	27.0377
8.50287	27.0747
8.50427	27.1117
8.50563	27.1488
8.50629	27.1858
8.50702	27.2228
8.5077	27.2599
8.50839	27.2969
8.5105	27.334
8.51254	27.371
8.51458	27.408
8.51596	27.4451
8.52223	27.4821
8.5236	27.5191
8.52497	27.5562
8.52636	27.5932
8.52775	27.6303
8.52841	27.6673
8.52978	27.7043
8.5312	27.7414
8.53473	27.7784
8.53543	27.8154
8.53611	27.8525
8.53683	27.8895
8.53751	27.9266
8.53819	27.9636
8.5389	28.0006
8.54261	28.0363
8.54305	28.0721
8.54376	28.1078
8.54446	28.1435
8.54513	28.1792
8.54585	28.2149
8.54792	28.2506
8.54999	28.2863
8.55275	28.3221
8.55342	28.3578
8.55416	28.3935
8.55478	28.4292
8.55891	28.4649
8.5603	28.5006
8.56097	28.5363
8.56235	28.5721
8.5651	28.6078
8.56713	28.6435
8.56783	28.6792
8.56921	28.7149
8.5791	28.7506
8.57977	28.7863
8.58045	28.8221
8.58115	28.8578
8.58186	28.8935
8.58255	28.9292
8.58405	28.9649
8.58535	29.0006
8.58612	29.0351
8.58979	29.0696
8.59772	29.1041
8.60044	29.1386
8.60182	29.173
8.6025	29.2075
8.60663	29.242
8.608	29.2765
8.61075	29.311
8.61282	29.3455
8.61486	29.3799
8.61624	29.4144
8.61693	29.4489
8.61898	29.4834
8.62035	29.5179
8.62173	29.5524
8.62312	29.5868
8.62453	29.6213
8.62594	29.6558
8.62665	29.6903
8.63612	29.7248
8.63815	29.7592
8.64024	29.7937
8.64227	29.8282
8.64363	29.8627
8.64431	29.8972
8.64502	29.9317
8.64568	29.9661
8.64637	30.0006
8.64707	30.034
8.64774	30.0673
8.64916	30.1006
8.64987	30.134
8.65167	30.1673
8.65307	30.2006
8.65443	30.234
8.65513	30.2673
8.65718	30.3006
8.65786	30.334
8.65925	30.3673
8.66063	30.4006
8.66199	30.434
8.66336	30.4673
8.66474	30.5006
8.66614	30.534
8.66752	30.5673
8.66892	30.6006
8.67166	30.634
8.67988	30.6673
8.69548	30.7006
8.69622	30.734
8.69688	30.7673
8.69759	30.8006
8.69826	30.834
8.69899	30.8673
8.69967	30.9006
8.70585	30.934
8.70723	30.9673
8.70792	31.0006
8.70859	31.0329
8.70929	31.0651
8.71069	31.0974
8.71205	31.1297
8.71341	31.1619
8.71479	31.1942
8.71616	31.2264
8.71893	31.2587
8.72162	31.2909
8.72306	31.3232
8.72438	31.3555
8.72575	31.3877
8.7285	31.42
8.73124	31.4522
8.734	31.4845
8.73675	31.5168
8.73952	31.549
8.74153	31.5813
8.74441	31.6135
8.74579	31.6458
8.76115	31.678
8.76251	31.7103
8.76388	31.7426
8.76458	31.7748
8.76527	31.8071
8.76594	31.8393
8.76671	31.8716
8.76731	31.9039
8.76798	31.9361
8.76871	31.9684
8.76938	32.0006
8.77076	32.0319
8.77151	32.0631
8.77211	32.0944
8.77281	32.1256
8.77419	32.1569
8.77486	32.1881
8.77555	32.2194
8.77764	32.2506
8.77978	32.2819
8.78199	32.3131
8.78473	32.3444
8.78612	32.3756
8.78819	32.4069
8.78959	32.4381
8.79295	32.4694
8.7957	32.5006
8.80959	32.5319
8.81094	32.5631
8.81299	32.5944
8.81376	32.6256
8.82074	32.6569
8.82144	32.6881
8.82209	32.7194
8.8228	32.7506
8.8235	32.7819
8.8242	32.8131
8.82489	32.8444
8.82562	32.8756
8.82631	32.9069
8.8277	32.9381
8.82911	32.9694
8.83048	33.0006
8.83184	33.0309
8.83393	33.0612
8.83536	33.0915
8.83668	33.1218
8.83808	33.1521
8.83941	33.1824
8.84084	33.2127
8.8436	33.2431
8.84496	33.2734
8.84566	33.3037
8.84706	33.334
8.84911	33.3643
8.8505	33.3946
8.85184	33.4249
8.85321	33.4552
8.8546	33.4855
8.86639	33.5158
8.86702	33.5461
8.86837	33.5764
8.86908	33.6067
8.87121	33.637
8.8719	33.6673
8.87326	33.6976
8.87536	33.7279
8.87747	33.7582
8.8795	33.7885
8.88157	33.8188
8.89326	33.8491
8.896	33.8794
8.89816	33.9097
8.89943	33.94
8.90084	33.9703
8.90154	34.0006
8.90228	34.03
8.90295	34.0595
8.90372	34.0889
8.90444	34.1183
8.90512	34.1477
8.90653	34.1771
8.90788	34.2065
8.90928	34.2359
8.91634	34.2653
8.91835	34.2947
8.92119	34.3242
8.92455	34.3536
8.92658	34.383
8.92935	34.4124
8.93165	34.4418
8.93211	34.4712
8.93349	34.5006
8.93417	34.53
8.93553	34.5595
8.93692	34.5889
8.93906	34.6183
8.94041	34.6477
8.94179	34.6771
8.94323	34.7065
8.94595	34.7359
8.94802	34.7653
8.94938	34.7947
8.95214	34.8242
8.95426	34.8536
8.95633	34.883
8.96001	34.9124
8.96383	34.9418
8.96403	34.9712
8.96416	35.0006
8.96556	17.5003
8.96691	17.5591
8.97321	17.618
8.97583	17.6768
8.97733	17.7356
8.9787	17.7944
8.97944	17.8533
8.98285	17.9121
8.98353	17.9709
8.98423	18.0297
8.98566	18.0853
8.98835	18.1408
8.99114	18.1964
8.99253	18.2519
8.99394	18.3075
8.9953	18.3631
8.99879	18.4186
9.00012	18.4742
9.00155	18.5297
9.00225	18.5853
9.00297	18.6408
9.00365	18.6964
9.00434	18.7519
9.00503	18.8075
9.00576	18.8631
9.00709	18.9186
9.00776	18.9742
9.00986	19.0297
9.01261	19.0824
9.02016	19.135
9.0215	19.1876
9.02496	19.2403
9.02563	19.2929
9.02633	19.3455
9.02701	19.3981
9.0375	19.4508
9.03889	19.5034
9.04161	19.556
9.04373	19.6087
9.04445	19.6613
9.04514	9.83065
9.0458	9.94176
9.04647	10.0529
9.04718	10.1529
9.04856	10.2529
9.04922	10.3529
9.04996	10.4529
9.05064	10.5529
9.05151	10.6529
9.05201	10.7529
9.05351	10.8529
9.05435	10.9529
9.05563	11.0529
9.06985	11.1438
9.07299	11.2347
9.07365	11.3256
9.07433	11.4165
9.07501	11.5074
9.07983	11.5983
9.0856	11.6892
9.08619	11.7801
9.08831	11.8711
9.08895	11.962
9.09862	12.0529
9.09926	12.1362
9.10064	12.2195
9.10135	12.3029
9.10204	12.3862
9.10276	12.4695
9.10342	12.5529
9.10859	12.6362
9.11071	12.7195
9.11139	12.8029
9.11207	12.8862
9.11668	12.9695
9.11738	13.0529
9.11807	13.1298
9.11871	13.2067
9.11941	13.2836
9.12149	13.3606
9.12216	13.4375
9.12288	13.5144
9.13054	13.5913
9.13255	13.6683
9.13323	13.7452
9.13394	13.8221
9.13942	13.899
9.14013	13.976
9.14082	14.0529
9.1415	14.1243
9.14222	14.1957
9.14354	14.2672
9.14497	14.3386
9.14698	14.41
9.1477	14.4814
9.16291	14.5529
9.16361	14.6243
9.16427	14.6957
9.16565	14.7672
9.16636	14.8386
9.16704	14.91
9.16774	14.9814
9.16841	15.0529
9.16911	15.1195
9.16978	15.1862
9.17129	15.2529
9.1755	15.3195
9.17831	15.3862
9.18037	15.4529
9.18185	15.5195
9.18527	15.5862
9.18685	15.6529
9.19658	15.7195
9.19731	15.7862
9.19799	15.8529
9.19867	15.9195
9.19939	15.9862
9.20007	16.0529
9.20072	16.1154
9.2014	16.1779
9.20213	16.2404
9.20279	16.3029
9.21725	16.3654
9.22208	16.4279
9.22413	16.4904
9.2255	16.5529
9.22755	16.6154
9.23309	16.6779
9.23659	16.7404
9.24086	16.8029
9.24301	16.8654
9.24706	16.9279
9.24847	16.9904
9.25323	17.0529
9.25462	17.1117
9.25597	17.1705
9.25734	17.2293
9.25945	17.2882
9.26014	17.347
9.26166	17.4058
9.26408	17.4646
9.26689	17.5235
9.2683	17.5823
9.26973	17.6411
9.27109	17.6999
9.2855	17.7588
9.28689	17.8176
9.28956	17.8764
9.29032	17.9352
9.29095	17.9941
9.29233	18.0529
9.2938	18.1084
9.29508	18.164
9.29577	18.2195
9.29648	18.2751
9.29737	18.3307
9.29806	18.3862
9.29874	18.4418
9.30359	18.4973
9.31263	18.5529
9.32922	18.6084
9.33062	18.664
9.33199	18.7195
9.3334	18.7751
9.3341	18.8307
9.3348	18.8862
9.33548	18.9418
9.33616	18.9973
9.33694	19.0529
9.33757	19.1055
9.33827	19.1581
9.33889	19.2108
9.33961	19.2634
9.3403	19.316
9.34099	19.3687
9.34169	19.4213
9.34305	19.4739
9.35062	19.5266
9.35335	19.5792
9.36724	19.6318
9.37905	19.6845
9.38111	19.7371
9.38251	19.7897
9.38391	19.8423
9.38534	19.895
9.38598	19.9476
9.38669	20.0002
9.38743	20.0502
9.38892	20.1002
9.39017	20.1502
9.39221	20.2002
9.39362	20.2502
9.39497	20.3002
9.39639	20.3502
9.39775	20.4002
9.39912	20.4502
9.40057	20.5002
9.40191	20.5502
9.41066	20.6002
9.4134	20.6502
9.42372	20.7002
9.42856	20.7502
9.43063	20.8002
9.43338	20.8502
9.43545	20.9002
9.43753	20.9502
9.43825	21.0002
9.43896	21.0479
9.43964	21.0955
9.44035	21.1431
9.44101	21.1907
9.4417	21.2383
9.44243	21.286
9.44309	21.3336
9.44383	21.3812
9.44519	21.4288
9.4507	21.4764
9.45143	21.5241
9.45835	21.5717
9.46039	21.6193
9.46185	21.6669
9.46328	21.7145
9.46538	21.7621
9.46676	21.8098
9.47364	21.8574
9.486	21.905
9.49081	21.9526
9.49219	22.0002
9.49359	22.0457
9.49507	22.0912
9.4958	22.1366
9.49648	22.1821
9.49784	22.2275
9.49851	22.273
9.49919	22.3184
9.49988	22.3639
9.50123	22.4093
9.50333	22.4548
9.50399	22.5002
9.50952	22.5457
9.51089	22.5912
9.51226	22.6366
9.51432	22.6821
9.51639	22.7275
9.51912	22.773
9.52064	22.8184
9.52273	22.8639
9.52483	22.9093
9.52617	22.9548
9.52823	23.0002
9.53026	23.0437
9.53243	23.0872
9.53378	23.1307
9.53516	23.1742
9.53652	23.2176
9.53721	23.2611
9.5379	23.3046
9.54415	23.3481
9.5469	23.3915
9.54827	23.435
9.54965	23.4785
9.55105	23.522
9.55242	23.5655
9.55381	23.6089
9.55519	23.6524
9.55659	23.6959
9.55795	23.7394
9.5593	23.7829
9.5607	23.8263
9.56349	23.8698
9.56633	23.9133
9.57034	23.9568
9.57309	24.0002
9.57584	24.0419
9.57723	24.0836
9.57931	24.1252
9.5828	24.1669
9.58416	24.2086
9.58912	24.2502
9.58979	24.2919
9.5905	24.3336
9.59125	24.3752
9.59328	24.4169
9.59468	24.4586
9.59604	24.5002
9.59742	24.5419
9.59881	24.5836
9.59946	24.6252
9.60017	24.6669
9.60153	24.7086
9.60222	24.7502
9.60359	24.7919
9.60499	24.8336
9.60566	24.8752
9.60651	24.9169
9.60715	24.9586
9.6092	25.0002
9.61057	25.0402
9.61192	25.0802
9.61402	25.1202
9.61675	25.1602
9.6257	25.2002
9.62706	25.2402
9.62774	25.2802
9.62843	25.3202
9.62912	25.3602
9.63059	25.4002
9.63194	25.4402
9.63262	25.4802
9.63331	25.5202
9.63472	25.5602
9.63677	25.6002
9.63886	25.6402
9.64023	25.6802
9.64227	25.7202
9.64434	25.7602
9.64574	25.8002
9.64643	25.8402
9.6485	25.8802
9.65056	25.9202
9.65135	25.9602
9.65204	26.0002
9.6529	26.0387
9.65481	26.0772
9.65614	26.1156
9.65751	26.1541
9.65888	26.1926
9.66098	26.231
9.66309	26.2695
9.66448	26.3079
9.66517	26.3464
9.66997	26.3849
9.67133	26.4233
9.67275	26.4618
9.67407	26.5002
9.67547	26.5387
9.67684	26.5772
9.67822	26.6156
9.6796	26.6541
9.68166	26.6926
9.68301	26.731
9.68508	26.7695
9.68645	26.8079
9.68717	26.8464
9.688	26.8849
9.68927	26.9233
9.69004	26.9618
9.69277	27.0002
9.69482	27.0373
9.69685	27.0743
9.69893	27.1114
9.70031	27.1484
9.7017	27.1854
9.70309	27.2225
9.70745	27.2595
9.70816	27.2965
9.70882	27.3336
9.71019	27.3706
9.71161	27.4077
9.71365	27.4447
9.71441	27.4817
9.71709	27.5188
9.71846	27.5558
9.7199	27.5928
9.72055	27.6299
9.72123	27.6669
9.72194	27.7039
9.72263	27.741
9.72331	27.778
9.72408	27.8151
9.7254	27.8521
9.72829	27.8891
9.73095	27.9262
9.73853	27.9632
9.74541	28.0002
9.74681	28.036
9.74884	28.0717
9.74957	28.1074
9.75027	28.1431
9.75235	28.1788
9.75301	28.2145
9.75372	28.2502
9.75439	28.286
9.75509	28.3217
9.75576	28.3574
9.75785	28.3931
9.75986	28.4288
9.76126	28.4645
9.76333	28.5002
9.76471	28.536
9.76608	28.5717
9.76676	28.6074
9.76812	28.6431
9.76883	28.6788
9.76953	28.7145
9.77093	28.7502
9.77296	28.786
9.77364	28.8217
9.77511	28.8574
9.7765	28.8931
9.78275	28.9288
9.78409	28.9645
9.78479	29.0002
9.78547	29.0347
9.78612	29.0692
9.78892	29.1037
9.79232	29.1382
9.79445	29.1727
9.79517	29.2071
9.79655	29.2416
9.79861	29.2761
9.79996	29.3106
9.80204	29.3451
9.80408	29.3796
9.80682	29.414
9.80824	29.4485
9.80956	29.483
9.81231	29.5175
9.81299	29.552
9.81507	29.5864
9.81712	29.6209
9.81853	29.6554
9.81921	29.6899
9.82128	29.7244
9.82265	29.7589
9.82472	29.7933
9.82751	29.8278
9.82889	29.8623
9.83032	29.8968
9.83303	29.9313
9.83578	29.9658
9.8385	30.0002
9.83919	30.0336
9.8406	30.0669
9.84204	30.1002
9.84333	30.1336
9.84543	30.1669
9.84684	30.2002
9.85028	30.2336
9.85096	30.2669
9.85441	30.3002
9.85714	30.3336
9.85784	30.3669
9.85851	30.4002
9.85919	30.4336
9.86056	30.4669
9.86261	30.5002
9.86399	30.5336
9.86538	30.5669
9.86676	30.6002
9.86819	30.6336
9.86888	30.6669
9.86958	30.7002
9.87027	30.7336
9.87094	30.7669
9.87168	30.8002
9.873	30.8336
9.87505	30.8669
9.87788	30.9002
9.88754	30.9336
9.88886	30.9669
9.88959	31.0002
9.89097	31.0325
9.89305	31.0648
9.89372	31.097
9.89441	31.1293
9.9	31.1615
9.90489	31.1938
9.90622	31.226
9.90793	31.2583
9.90929	31.2906
9.91206	31.3228
9.91343	31.3551
9.9155	31.3873
9.91617	31.4196
9.91824	31.4519
9.91894	31.4841
9.9203	31.5164
9.92098	31.5486
9.92168	31.5809
9.92242	31.6131
9.92378	31.6454
9.92582	31.6777
9.9279	31.7099
9.92926	31.7422
9.93066	31.7744
9.93205	31.8067
9.93276	31.839
9.93344	31.8712
9.9348	31.9035
9.94036	31.9357
9.94102	31.968
9.94311	32.0002
9.94517	32.0315
9.94652	32.0627
9.94794	32.094
9.94927	32.1252
9.95062	32.1565
9.95684	32.1877
9.95831	32.219
9.95892	32.2502
9.95962	32.2815
9.9603	32.3127
9.96169	32.344
9.96236	32.3752
9.96378	32.4065
9.96447	32.4377
9.96524	32.469
9.96653	32.5002
9.9686	32.5315
9.97277	32.5627
9.97482	32.594
9.97688	32.6252
9.98373	32.6565
9.9865	32.6877
9.98787	16.3439
9.98925	16.4064
9.99203	16.4689
9.99276	16.5314
9.99417	16.5939
9.99553	16.6564
9.99619	16.7189
9.99692	16.7814
9.99761	16.8439
10.0011	16.9064
10.0024	16.9689
10.0038	17.0314
10.0058	17.0902
10.0072	17.149
10.0079	17.2078
10.0106	17.2667
10.0148	17.3255
10.0169	17.3843
10.0183	17.4431
10.019	17.502
10.0203	17.5608
10.0224	17.6196
10.0238	17.6784
10.0252	17.7373
10.0259	17.7961
10.028	17.8549
10.0308	17.9137
10.0315	17.9725
10.0329	18.0314
10.0342	18.0869
10.0357	18.1425
10.037	18.198
10.0404	18.2536
10.0412	18.3091
10.0419	18.3647
10.0425	18.4203
10.0432	18.4758
10.0446	18.5314
10.0466	18.5869
10.0481	18.6425
10.0496	18.698
10.0508	18.7536
10.0515	18.8091
10.057	18.8647
10.059	18.9203
10.0611	18.9758
10.0653	19.0314
10.0667	19.084
10.0688	19.1366
10.0702	19.1893
10.073	19.2419
10.075	19.2945
10.0764	19.3472
10.0792	19.3998
10.0799	19.4524
10.0813	19.5051
10.0819	19.5577
10.0833	19.6103
10.084	19.663
10.0847	19.7156
10.0854	19.7682
10.0861	19.8208
10.0875	19.8735
10.0979	19.9261
10.1	19.9787
10.1027	20.0314
10.1041	20.0814
10.1062	20.1314
10.1069	20.1814
10.1108	20.2314
10.1115	20.2814
10.1123	20.3314
10.113	20.3814
10.1137	20.4314
10.1144	20.4814
10.1151	20.5314
10.1158	20.5814
10.1172	20.6314
10.1185	20.6814
10.1195	20.7314
10.1199	20.7814
10.1206	20.8314
10.1227	20.8814
10.1346	20.9314
10.1353	20.9814
10.136	21.0314
10.1366	21.079
10.1516	21.1266
10.1529	21.1742
10.1543	21.2218
10.1557	21.2695
10.164	21.3171
10.1661	21.3647
10.1689	21.4123
10.1702	21.4599
10.1716	21.5076
10.173	21.5552
10.1743	21.6028
10.1758	21.6504
10.1766	21.698
10.1772	21.7457
10.1785	21.7933
10.1792	21.8409
10.1869	21.8885
10.1876	21.9361
10.1883	21.9838
10.189	22.0314
10.1896	22.0768
10.1904	22.1223
10.191	22.1677
10.1932	22.2132
10.1952	22.2586
10.2113	22.3041
10.2121	22.3496
10.2127	22.395
10.2134	22.4405
10.2141	22.4859
10.2155	22.5314
10.2176	22.5768
10.2197	22.6223
10.2224	22.6677
10.2252	22.7132
10.2266	22.7586
10.2279	22.8041
10.2293	22.8496
10.2327	22.895
10.2342	22.9405
10.2349	22.9859
10.2356	23.0314
10.2369	23.0748
10.239	23.1183
10.2406	23.1618
10.2418	23.2053
10.2432	23.2488
10.2439	23.2922
10.2445	23.3357
10.2473	23.3792
10.2529	23.4227
10.2576	23.4662
10.259	23.5096
10.2618	23.5531
10.2687	23.5966
10.2694	23.6401
10.2701	23.6835
10.2708	23.727
10.2724	23.7705
10.2736	23.814
10.275	23.8575
10.2771	23.9009
10.2784	23.9444
10.2812	23.9879
10.2901	24.0314
10.2908	24.073
10.2915	24.1147
10.2922	24.1564
10.2943	24.198
10.2964	24.2397
10.2984	24.2814
10.2998	24.323
10.3018	24.3647
10.3032	24.4064
10.304	24.448
10.3046	24.4897
10.3054	24.5314
10.3061	24.573
10.3068	24.6147
10.3075	24.6564
10.3088	24.698
10.3109	24.7397
10.3157	24.7814
10.3172	24.823
10.3185	24.8647
10.3199	24.9064
10.3212	24.948
10.3234	24.9897
10.3247	25.0314
10.3254	25.0714
10.3282	25.1114
10.3289	25.1514
10.3296	25.1914
10.3316	25.2314
10.3323	25.2714
10.335	25.3114
10.3378	25.3514
10.3399	25.3914
10.3406	25.4314
10.3422	25.4714
10.3426	25.5114
10.3434	12.7557
10.3449	12.839
10.3455	12.9224
10.3462	13.0057
10.3469	13.0826
10.3476	13.1595
10.349	13.2365
10.3511	13.3134
10.3531	13.3903
10.3545	13.4672
10.3566	13.5441
10.3573	13.6211
10.3586	13.698
10.3593	13.7749
10.36	13.8518
10.3607	13.9288
10.3621	14.0057
10.3628	14.0771
10.3635	14.1485
10.3649	14.22
10.3662	14.2914
10.3683	14.3628
10.3697	14.4343
10.3711	14.5057
10.3724	14.5771
10.3835	14.6485
10.3856	14.72
10.3863	14.7914
10.387	14.8628
10.389	14.9343
10.3904	15.0057
10.3911	15.0724
10.3918	15.139
10.3925	15.2057
10.3932	15.2724
10.3939	15.339
10.3946	15.4057
10.3953	15.4724
10.396	15.539
10.3995	15.6057
10.4015	15.6724
10.4029	15.739
10.4043	15.8057
10.405	15.8724
10.4057	15.939
10.4091	16.0057
10.4118	16.0682
10.4132	16.1307
10.416	16.1932
10.4166	16.2557
10.4181	16.3182
10.4291	16.3807
10.4298	16.4432
10.4305	16.5057
10.4312	16.5682
10.4326	16.6307
10.434	16.6932
10.4354	16.7557
10.4367	16.8182
10.4382	16.8807
10.4388	16.9432
10.4395	17.0057
10.4409	17.0645
10.4422	17.1233
10.4436	17.1822
10.4457	17.241
10.4478	17.2998
10.4512	17.3586
10.4519	17.4175
10.454	17.4763
10.4553	17.5351
10.4574	17.5939
10.4602	17.6527
10.4616	17.7116
10.4629	17.7704
10.4636	17.8292
10.4671	17.888
10.4684	17.9469
10.4768	18.0057
10.4782	18.0612
10.4803	18.1168
10.481	18.1724
10.4817	18.2279
10.4831	18.2835
10.4858	9.14173
10.4879	9.25284
10.492	9.36395
10.4948	9.47507
10.4968	9.58618
10.4976	9.69729
10.4996	9.8084
10.5017	9.91951
10.5024	10.0306
10.5031	10.1306
10.5038	10.2306
10.5045	10.3306
10.5052	10.4306
10.5067	10.5306
10.5079	10.6306
10.5093	10.7306
10.5121	10.8306
10.5149	10.9306
10.5163	11.0306
10.5183	11.1215
10.5203	11.2124
10.521	11.3033
10.5217	11.3943
10.5231	11.4852
10.5266	11.5761
10.5279	11.667
10.5294	11.7579
10.5301	5.87895
10.5335	6.07895
10.5348	6.24561
10.5355	6.41228
10.5362	6.57895
10.537	6.74561
10.5383	6.91228
10.5404	7.07895
10.5425	7.2218
10.5452	7.36466
10.548	7.50752
10.5543	7.65038
10.555	7.79323
10.5556	7.93609
10.5563	8.07895
10.557	8.20395
10.5577	8.32895
10.5585	8.45395
10.5682	8.57895
10.5688	8.70395
10.5695	8.82895
10.5702	8.95395
10.5709	9.07895
10.5715	9.19006
10.5722	9.30117
10.5771	9.41228
10.5826	9.52339
10.5832	9.6345
10.5839	9.74561
10.5846	9.85672
10.5853	9.96784
10.586	10.0789
10.5874	10.1789
10.5894	10.2789
10.5902	10.3789
10.5916	10.4789
10.5922	10.5789
10.5929	10.6789
10.5936	10.7789
10.5944	10.8789
10.5957	10.9789
10.5964	11.0789
10.5978	11.1699
10.5985	11.2608
10.6034	11.3517
10.6041	11.4426
10.6048	11.5335
10.6068	11.6244
10.6117	11.7153
10.6131	11.8062
10.6151	11.8971
10.6165	11.988
10.6179	12.0789
10.6192	12.1623
10.6227	12.2456
10.6235	12.3289
10.6241	12.4123
10.6248	12.4956
10.6255	12.5789
10.6269	12.6623
10.6284	12.7456
10.6298	12.8289
10.6305	12.9123
10.6311	12.9956
10.6332	13.0789
10.6339	6.53947
10.6352	6.70614
10.638	6.87281
10.6401	7.03947
10.6415	7.18233
10.6421	7.32519
10.6428	7.46804
10.6442	7.6109
10.6456	7.75376
10.6463	7.89662
10.6477	8.03947
10.6484	8.16447
10.6499	8.28947
10.6513	8.41447
10.6519	8.53947
10.6533	8.66447
10.6547	8.78947
10.6568	8.91447
10.6575	9.03947
10.6671	9.15058
10.6713	9.2617
10.672	9.37281
10.6727	9.48392
10.674	9.59503
10.6754	9.70614
10.6761	9.81725
10.6769	9.92836
10.6775	10.0395
10.6782	10.1395
10.6791	10.2395
10.6805	10.3395
10.6819	10.4395
10.6834	10.5395
10.7072	10.6395
10.7085	10.7395
10.7099	10.8395
10.7127	10.9395
10.7141	11.0395
10.7154	11.1304
10.7161	11.2213
10.7168	11.3122
10.7175	11.4031
10.7189	11.494
10.7223	11.5849
10.723	11.6758
10.7244	11.7667
10.7265	11.8577
10.7272	11.9486
10.7279	12.0395
10.7293	12.1228
10.7432	12.2061
10.7445	12.2895
10.7459	12.3728
10.7466	12.4561
10.7495	12.5395
10.7509	12.6228
10.7522	12.7061
10.7536	12.7895
10.755	12.8728
10.7557	12.9561
10.7591	13.0395
10.7612	13.1164
10.7722	13.1933
10.7736	13.2702
10.775	13.3472
10.7768	13.4241
10.7806	13.501
10.7819	13.5779
10.7837	13.6549
10.7847	13.7318
10.7871	13.8087
10.7919	13.8856
10.793	13.9626
10.7937	14.0395
10.7944	14.1109
10.809	14.1823
10.8104	14.2538
10.8131	14.3252
10.8145	14.3966
10.8159	14.468
10.818	14.5395
10.822	14.6109
10.8247	14.6823
10.8261	14.7538
10.8289	14.8252
10.8303	14.8966
10.8309	14.968
10.8317	15.0395
10.837	15.1061
10.8449	15.1728
10.8463	15.2395
10.8484	15.3061
10.8498	15.3728
10.8544	15.4395
10.8587	15.5061
10.8725	15.5728
10.878	15.6395
10.8801	15.7061
10.8809	15.7728
10.8815	15.8395
10.8822	15.9061
10.8864	15.9728
10.8871	16.0395
10.8892	16.102
10.8975	16.1645
10.8988	16.227
10.9002	16.2895
10.9009	16.352
10.9016	16.4145
10.9051	16.477
10.9086	16.5395
10.9099	16.602
10.912	16.6645
10.9147	16.727
10.9161	16.7895
10.9273	16.852
10.9321	16.9145
10.9355	16.977
10.9396	17.0395
10.9424	17.0983
10.9438	17.1571
10.9451	17.2159
10.9465	17.2748
10.9479	17.3336
10.9493	17.3924
10.9522	17.4512
10.9528	17.5101
10.9535	17.5689
10.9545	17.6277
10.9554	17.6865
10.9558	17.7454
10.958	17.8042
10.96	17.863
10.9628	17.9218
10.9636	17.9806
10.9683	18.0395
10.9697	18.095
10.9731	18.1506
10.9786	18.2061
10.987	18.2617
10.9945	18.3173
10.9959	18.3728
10.9973	18.4284
10.9987	18.4839
11	18.5395
11.0014	18.595
11.0028	18.6506
11.008	18.7061
11.0087	18.7617
11.0094	18.8173
11.0101	18.8728
11.0115	18.9284
11.0128	18.9839
11.0142	19.0395
11.0156	19.0921
11.017	19.1447
11.0178	19.1974
11.0185	19.25
11.0191	19.3026
11.0198	19.3553
11.0217	19.4079
11.0232	19.4605
11.0246	19.5132
11.0383	19.5658
11.0396	19.6184
11.0432	19.6711
11.0446	19.7237
11.0453	19.7763
11.046	19.8289
11.0474	19.8816
11.0495	19.9342
11.0502	19.9868
11.0509	20.0395
11.0524	20.0895
11.0543	20.1395
11.0564	20.1895
11.0571	20.2395
11.0579	20.2895
11.0592	20.3395
11.0608	20.3895
11.062	20.4395
11.0633	20.4895
11.0647	20.5395
11.0661	20.5895
11.0674	20.6395
11.0689	20.6895
11.0702	20.7395
11.0744	20.7895
11.0757	20.8395
11.0813	20.8895
11.0828	20.9395
11.0841	20.9895
11.0854	21.0395
11.0882	21.0871
11.0895	21.1347
11.0929	21.1823
11.0944	21.2299
11.0957	21.2776
11.0978	21.3252
11.0992	21.3728
11.1006	21.4204
11.1033	21.468
11.1054	21.5157
11.1062	21.5633
11.1069	21.6109
11.1083	21.6585
11.109	21.7061
11.1166	21.7538
11.1193	21.8014
11.1276	21.849
11.1297	21.8966
11.131	21.9442
11.1324	21.9919
11.1338	22.0395
11.1351	22.0849
11.1366	22.1304
11.138	22.1758
11.1394	22.2213
11.1407	22.2667
11.1422	22.3122
11.1435	22.3577
11.1449	22.4031
11.1463	22.4486
11.1477	22.494
11.1496	22.5395
11.151	22.5849
11.1537	22.6304
11.1551	22.6758
11.1579	22.7213
11.1593	22.7667
11.1724	22.8122
11.1738	22.8577
11.1758	22.9031
11.1765	22.9486
11.1779	22.994
11.1786	23.0395
11.1793	23.083
11.18	23.1264
11.1814	23.1699
11.1821	23.2134
11.1835	23.2569
11.1841	23.3003
11.1849	23.3438
11.1856	23.3873
11.1863	23.4308
11.187	23.4743
11.1877	23.5177
11.1884	23.5612
11.1905	23.6047
11.1919	23.6482
11.1946	23.6916
11.196	23.7351
11.2043	23.7786
11.2057	23.8221
11.2071	23.8656
11.2084	23.909
11.2098	23.9525
11.2105	23.996
11.2119	24.0395
11.2126	24.0811
11.2134	24.1228
11.2147	24.1645
11.2161	24.2061
11.2174	24.2478
11.2181	24.2895
11.2188	24.3311
11.2195	24.3728
11.2202	24.4145
11.2209	24.4561
11.2215	24.4978
11.2223	24.5395
11.2236	24.5811
11.2263	24.6228
11.2277	24.6645
11.2284	24.7061
11.2348	24.7478
11.2362	24.7895
11.2376	24.8311
11.2383	24.8728
11.2397	24.9145
11.2403	24.9561
11.241	24.9978
11.2417	25.0395
11.2424	25.0795
11.2431	25.1195
11.2445	12.5597
11.2459	12.6431
11.2479	12.7264
11.2486	12.8097
11.2493	12.8931
11.25	12.9764
11.2515	13.0597
11.2542	13.1367
11.2556	13.2136
11.257	13.2905
11.2584	13.3674
11.2597	13.4444
11.2625	13.5213
11.2652	13.5982
11.2805	13.6751
11.2818	13.752
11.2832	13.829
11.2839	13.9059
11.2846	13.9828
11.2868	14.0597
11.2887	14.1312
11.2901	14.2026
11.2921	14.274
11.2942	14.3455
11.2949	14.4169
11.2964	14.4883
11.2978	14.5597
11.3076	14.6312
11.309	14.7026
11.3104	14.774
11.3117	14.8455
11.3138	14.9169
11.3159	14.9883
11.318	15.0597
11.3193	15.1264
11.3207	15.1931
11.3228	15.2597
11.3241	15.3264
11.3267	15.3931
11.3286	15.4597
11.3308	15.5264
11.3393	15.5931
11.3399	15.6597
11.3413	15.7264
11.342	15.7931
11.3427	15.8597
11.3441	15.9264
11.3447	15.9931
11.3462	16.0597
11.3469	16.1222
11.3476	16.1847
11.349	16.2472
11.3504	16.3097
11.3511	16.3722
11.352	16.4347
11.3533	16.4972
11.3709	16.5597
11.3716	16.6222
11.3723	16.6847
11.3736	16.7472
11.375	16.8097
11.3764	16.8722
11.3778	16.9347
11.3827	16.9972
11.3835	17.0597
11.3842	17.1186
11.3856	17.1774
11.3869	17.2362
11.3876	17.295
11.3884	17.3539
11.3891	17.4127
11.3898	17.4715
11.3933	17.5303
11.3947	17.5891
11.411	17.648
11.4117	17.7068
11.4124	17.7656
11.4138	17.8244
11.4152	17.8833
11.4166	17.9421
11.418	18.0009
11.4194	18.0565
11.4208	18.112
11.422	18.1676
11.4234	18.2231
11.4248	18.2787
11.4262	18.3342
11.4297	18.3898
11.4304	18.4454
11.4339	18.5009
11.4346	18.5565
11.455	18.612
11.4564	18.6676
11.4571	18.7231
11.4584	18.7787
11.4598	18.8342
11.4611	18.8898
11.4626	18.9454
11.4639	19.0009
11.466	19.0535
11.4674	19.1062
11.4687	19.1588
11.4702	19.2114
11.4715	19.2641
11.4728	19.3167
11.477	19.3693
11.4784	19.422
11.4853	19.4746
11.486	19.5272
11.5006	19.5799
11.5036	19.6325
11.505	19.6851
11.5064	19.7378
11.5092	19.7904
11.5105	19.843
11.5113	19.8956
11.5127	19.9483
11.5147	20.0009
11.5161	20.0509
11.5175	20.1009
11.5188	20.1509
11.5209	20.2009
11.5237	20.2509
11.5251	20.3009
11.5292	20.3509
11.5306	20.4009
11.5375	20.4509
11.5389	20.5009
11.5505	20.5509
11.5556	20.6009
11.5564	20.6509
11.557	20.7009
11.5584	20.7509
11.5591	20.8009
11.5598	20.8509
11.5605	20.9009
11.5612	20.9509
11.5618	21.0009
11.5626	21.0485
11.5647	21.0962
11.566	21.1438
11.5674	21.1914
11.5702	21.239
11.5716	21.2866
11.5757	21.3342
11.5771	21.3819
11.5856	21.4295
11.5869	21.4771
11.6035	21.5247
11.6045	21.5723
11.6059	21.62
11.6066	21.6676
11.608	21.7152
11.6088	21.7628
11.6122	21.8104
11.6129	21.8581
11.6135	21.9057
11.6142	21.9533
11.6156	22.0009
11.6163	22.0464
11.617	22.0918
11.6177	22.1373
11.6184	22.1827
11.619	22.2282
11.6198	22.2736
11.6212	22.3191
11.6219	22.3645
11.6329	22.41
11.637	22.4555
11.6565	22.5009
11.6579	22.5464
11.6586	22.5918
11.6593	22.6373
11.66	22.6827
11.6614	22.7282
11.6621	22.7736
11.6627	22.8191
11.6634	22.8645
11.6641	22.91
11.6648	22.9555
11.6655	23.0009
11.6661	23.0444
11.6675	23.0879
11.6682	23.1313
11.6689	23.1748
11.6696	23.2183
11.6703	23.2618
11.671	23.3053
11.6716	23.3487
11.6778	23.3922
11.6791	23.4357
11.7031	23.4792
11.7045	23.5227
11.7059	23.5661
11.7073	23.6096
11.7079	23.6531
11.7086	23.6966
11.7093	23.74
11.71	23.7835
11.7107	23.827
11.7114	23.8705
11.712	23.914
11.7127	23.9574
11.7135	24.0009
11.7142	24.0426
11.7148	24.0842
11.7156	24.1259
11.7168	24.1676
11.7182	24.2092
11.7195	24.2509
11.7209	24.2926
11.7223	24.3342
11.7238	24.3759
11.7251	24.4176
11.7494	24.4592
11.7508	24.5009
11.7521	24.5426
11.7535	24.5842
11.7549	24.6259
11.7562	24.6676
11.7576	24.7092
11.759	24.7509
11.7604	24.7926
11.7611	24.8342
11.7618	24.8759
11.7625	24.9176
11.7632	24.9592
11.7639	25.0009
11.7646	25.0409
11.7653	25.0809
11.7659	25.1209
11.7673	25.1609
11.7687	25.2009
11.7701	25.2409
11.7715	25.2809
11.7728	25.3209
11.7743	25.3609
11.7783	25.4009
11.7957	25.4409
11.7978	25.4809
11.7991	25.5209
11.8005	25.5609
11.8019	25.6009
11.8032	25.6409
11.8046	25.6809
11.806	25.7209
11.8073	25.7609
11.8088	25.8009
11.8101	25.8409
11.8115	25.8809
11.8129	25.9209
11.8143	25.9609
11.8156	26.0009
11.817	26.0394
11.8184	26.0778
11.8191	26.1163
11.8198	26.1548
11.8205	26.1932
11.8212	26.2317
11.8225	26.2701
11.8239	26.3086
11.8253	26.3471
11.8267	26.3855
11.8407	26.424
11.8441	26.4625
11.8462	26.5009
11.8475	26.5394
11.8489	26.5778
11.8503	26.6163
11.8516	26.6548
11.853	26.6932
11.8544	26.7317
11.8572	26.7701
11.8585	26.8086
11.8599	26.8471
11.8606	26.8855
11.862	26.924
11.8627	26.9625
11.864	27.0009
11.8647	27.038
11.8661	27.075
11.8668	27.112
11.8675	27.1491
11.8682	27.1861
11.8688	27.2231
11.8702	27.2602
11.8731	27.2972
11.8737	27.3342
11.8751	27.3713
11.8884	27.4083
11.8912	27.4454
11.8919	27.4824
11.8926	27.5194
11.8937	27.5565
11.8951	27.5935
11.8965	27.6305
11.8981	27.6676
11.8994	27.7046
11.9015	27.7417
11.9029	27.7787
11.9035	27.8157
11.9049	27.8528
11.9062	27.8898
11.9078	27.9268
11.9084	27.9639
11.9097	28.0009
11.9104	28.0366
11.911	28.0723
11.9117	28.1081
11.9125	28.1438
11.9132	28.1795
11.9146	28.2152
11.916	28.2509
11.9187	28.2866
11.9195	28.3223
11.9202	28.3581
11.932	28.3938
11.9348	28.4295
11.9361	28.4652
11.9368	28.5009
11.9382	28.5366
11.9389	28.5723
11.9404	28.6081
11.9411	28.6438
11.9424	28.6795
11.9459	28.7152
11.9473	28.7509
11.9486	28.7866
11.95	28.8223
11.9514	28.8581
11.9527	28.8938
11.9542	28.9295
11.9555	28.9652
11.9569	29.0009
11.9583	29.0354
11.9597	29.0699
11.9611	29.1044
11.9624	29.1388
11.9631	29.1733
11.9638	29.2078
11.9645	29.2423
11.9652	29.2768
11.9659	29.3113
11.9666	29.3457
11.977	29.3802
11.9818	29.4147
11.9832	29.4492
11.9846	29.4837
11.986	29.5182
11.9867	29.5526
11.9874	29.5871
11.9881	29.6216
11.9888	29.6561
11.9922	29.6906
11.9936	29.7251
11.995	29.7595
11.9964	29.794
11.9977	29.8285
11.9991	29.863
12.0006	29.8975
12.002	29.9319
12.0034	29.9664
12.0048	30.0009
12.0062	30.0342
12.0075	30.0676
12.0089	30.1009
12.0103	30.1342
12.0116	30.1676
12.0124	30.2009
12.0131	30.2342
12.0138	30.2676
12.0145	30.3009
12.0152	30.3342
12.0243	30.3676
12.0265	30.4009
12.0271	30.4342
12.0292	30.4676
12.0299	30.5009
12.0306	30.5342
12.0313	30.5676
12.032	30.6009
12.0327	30.6342
12.0335	30.6676
12.0348	30.7009
12.0361	30.7342
12.0375	30.7676
12.0389	30.8009
12.0403	30.8342
12.0417	30.8676
12.043	30.9009
12.0444	30.9342
12.0458	30.9676
12.0472	31.0009
12.0485	31.0332
12.0499	31.0654
12.0513	31.0977
12.0526	31.1299
12.054	31.1622
12.0554	31.1945
12.0568	31.2267
12.0582	31.259
12.0596	31.2912
12.0604	31.3235
12.0683	31.3558
12.0707	31.388
12.0721	31.4203
12.0727	31.4525
12.0734	31.4848
12.0748	31.517
12.0755	31.5493
12.0769	31.5816
12.0776	31.6138
12.0797	31.6461
12.0804	31.6783
12.0811	31.7106
12.0818	31.7428
12.0826	31.7751
12.0832	31.8074
12.0853	31.8396
12.0867	31.8719
12.0881	31.9041
12.0894	31.9364
12.0907	31.9687
12.0921	32.0009
12.0935	32.0322
12.0949	32.0634
12.0962	32.0947
12.0976	32.1259
12.099	32.1572
12.1004	32.1884
12.1019	32.2197
12.1032	32.2509
12.1046	32.2822
12.1059	32.3134
12.1164	32.3447
12.1205	32.3759
12.1233	32.4072
12.124	32.4384
12.1247	32.4697
12.1254	32.5009
12.1261	32.5322
12.1269	32.5634
12.1276	32.5947
12.1283	32.6259
12.129	32.6572
12.1298	32.6884
12.1305	32.7197
12.1312	32.7509
12.1319	32.7822
12.1329	32.8134
12.1335	32.8447
12.1342	32.8759
12.1353	32.9072
12.1367	32.9384
12.138	32.9697
12.1394	33.0009
12.1408	33.0312
12.1422	33.0615
12.1435	33.0918
12.1449	33.1221
12.1463	16.5611
12.1477	16.6236
12.149	16.6861
12.1504	16.7486
12.1519	16.8111
12.1533	16.8736
12.1623	16.9361
12.1671	16.9986
12.1691	17.0611
12.1698	17.1199
12.1705	17.1787
12.1712	17.2375
12.1719	17.2964
12.1726	17.3552
12.1733	17.414
12.1741	17.4728
12.1748	17.5317
12.1761	17.5905
12.1768	17.6493
12.1775	17.7081
12.1782	17.7669
12.1789	17.8258
12.1796	17.8846
12.1803	17.9434
12.181	18.0022
12.1817	18.0578
12.1824	18.1134
12.1831	18.1689
12.1844	18.2245
12.1858	18.28
12.1872	18.3356
12.1886	18.3911
12.2124	18.4467
12.213	18.5022
12.2137	18.5578
12.2144	18.6134
12.2151	18.6689
12.2159	18.7245
12.2166	18.78
12.2173	18.8356
12.218	18.8911
12.219	18.9467
12.2201	19.0022
12.2208	19.0549
12.2214	19.1075
12.2221	19.1601
12.2228	19.2128
12.2235	19.2654
12.2242	19.318
12.2255	19.3707
12.2507	19.4233
12.2514	19.4759
12.2521	19.5286
12.2528	19.5812
12.2535	19.6338
12.2542	19.6864
12.2549	19.7391
12.2569	19.7917
12.2576	19.8443
12.2583	19.897
12.259	19.9496
12.2597	20.0022
12.2604	20.0522
12.2611	20.1022
12.2617	20.1522
12.2624	20.2022
12.2631	20.2522
12.2639	20.3022
12.2646	20.3522
12.3052	20.4022
12.306	20.4522
12.3071	20.5022
12.3078	20.5522
12.3092	20.6022
12.3099	20.6522
12.3106	20.7022
12.3114	20.7522
12.3121	20.8022
12.313	20.8522
12.3135	20.9022
12.3142	20.9522
12.3149	21.0022
12.316	21.0499
12.317	21.0975
12.3177	21.1451
12.3184	21.1927
12.3191	21.2403
12.3198	21.288
12.3205	21.3356
12.3595	21.3832
12.3608	21.4308
12.3614	21.4784
12.3621	21.526
12.3628	21.5737
12.3635	21.6213
12.3642	21.6689
12.3649	21.7165
12.3656	21.7641
12.3664	21.8118
12.3671	21.8594
12.3679	21.907
12.3685	21.9546
12.3692	22.0022
12.3699	22.0477
12.3706	22.0931
12.3713	22.1386
12.372	22.1841
12.3727	22.2295
12.3734	22.275
12.3741	22.3204
12.4052	22.3659
12.4066	22.4113
12.4079	22.4568
12.4095	22.5022
12.4109	22.5477
12.4119	22.5931
12.4133	22.6386
12.4147	22.6841
12.4154	22.7295
12.4161	22.775
12.4168	22.8204
12.4175	22.8659
12.4182	22.9113
12.4189	22.9568
12.4195	23.0022
12.4202	23.0457
12.4209	23.0892
12.4216	23.1327
12.4223	23.1762
12.423	23.2196
12.4237	23.2631
12.4244	23.3066
12.4488	23.3501
12.4502	23.3935
12.4515	23.437
12.4529	23.4805
12.4543	23.524
12.4556	23.5675
12.457	23.6109
12.4584	23.6544
12.4599	23.6979
12.4611	23.7414
12.4618	23.7848
12.4625	23.8283
12.4632	23.8718
12.4639	23.9153
12.4646	23.9588
12.4653	24.0022
12.466	24.0439
12.4667	24.0856
12.4674	24.1272
12.4681	24.1689
12.4688	24.2106
12.4694	24.2522
12.4702	24.2939
12.4908	24.3356
12.4921	24.3772
12.4942	24.4189
12.4956	24.4606
12.4963	24.5022
12.4976	24.5439
12.499	24.5856
12.5005	24.6272
12.5032	24.6689
12.5046	24.7106
12.5053	24.7522
12.506	24.7939
12.5067	24.8356
12.5074	24.8772
12.5081	24.9189
12.5088	24.9606
12.5095	25.0022
12.5102	25.0422
12.5109	25.0822
12.5116	25.1222
12.5123	25.1622
12.513	25.2022
12.5136	25.2422
12.5143	25.2822
12.5291	25.3222
12.5305	25.3622
12.5318	25.4022
12.5333	25.4422
12.5346	25.4822
12.536	25.5222
12.5374	25.5622
12.538	25.6022
12.5394	25.6422
12.5408	25.6822
12.5428	25.7222
12.5436	25.7622
12.5449	25.8022
12.5456	25.8422
12.5463	25.8822
12.547	25.9222
12.5477	25.9622
12.5485	26.0022
12.5492	26.0407
12.5499	26.0792
12.5508	26.1176
12.5515	26.1561
12.5522	26.1945
12.5528	26.233
12.5535	26.2715
12.5696	26.3099
12.5709	26.3484
12.5724	26.3869
12.5737	26.4253
12.575	26.4638
12.5764	26.5022
12.5778	26.5407
12.5792	26.5792
12.5805	26.6176
12.5823	26.6561
12.5836	26.6945
12.5856	26.733
12.5857	26.7715
12.5864	26.8099
12.5871	26.8484
12.5878	26.8869
12.5885	26.9253
12.5892	26.9638
12.5898	27.0022
12.5906	27.0393
12.5913	27.0763
12.5919	27.1134
12.5933	27.1504
12.594	27.1874
12.5954	27.2245
12.596	27.2615
12.608	27.2985
12.6101	27.3356
12.6135	27.3726
12.6149	27.4096
12.6163	27.4467
12.6177	27.4837
12.6191	27.5208
12.6205	27.5578
12.6218	27.5948
12.6232	27.6319
12.6246	27.6689
12.6259	27.7059
12.6266	27.743
12.628	27.78
12.6294	27.8171
12.6301	27.8541
12.6308	27.8911
12.6315	27.9282
12.6328	27.9652
12.6342	28.0022
12.6356	28.038
12.637	28.0737
12.6384	28.1094
12.6408	28.1451
12.6421	28.1808
12.6435	28.2165
12.6449	28.2522
12.6483	28.288
12.6504	28.3237
12.6532	28.3594
12.6546	28.3951
12.6559	28.4308
12.6578	28.4665
12.6592	28.5022
12.6605	28.538
12.6619	28.5737
12.6633	28.6094
12.6659	28.6451
12.6672	28.6808
12.6687	28.7165
12.6701	28.7522
12.6727	28.788
12.6741	28.8237
12.6754	28.8594
12.6768	28.8951
12.6785	28.9308
12.6799	28.9665
12.6813	29.0022
12.682	29.0367
12.6833	29.0712
12.6847	29.1057
12.6867	29.1402
12.6881	29.1747
12.6895	29.2091
12.6909	29.2436
12.695	29.2781
12.6978	29.3126
12.7019	29.3471
12.7034	29.3815
12.7047	29.416
12.7061	29.4505
12.7074	29.485
12.7088	29.5195
12.7102	29.554
12.7109	29.5884
12.7116	29.6229
12.7123	29.6574
12.7131	29.6919
12.7138	29.7264
12.7144	29.7609
12.7158	29.7953
12.7172	29.8298
12.7186	29.8643
12.7199	29.8988
12.7213	29.9333
12.7227	29.9678
12.7234	30.0022
12.7241	30.0356
12.7247	30.0689
12.7257	30.1022
12.7276	30.1356
12.7283	30.1689
12.729	30.2022
12.7296	30.2356
12.7335	30.2689
12.7369	30.3022
12.7404	30.3356
12.7418	30.3689
12.7432	30.4022
12.7452	30.4356
12.7466	30.4689
12.7487	30.5022
12.751	30.5356
12.7537	30.5689
12.7545	30.6022
12.7551	30.6356
12.7559	30.6689
12.7565	30.7022
12.7573	30.7356
12.7586	30.7689
12.76	30.8022
12.7613	30.8356
12.7627	30.8689
12.7641	30.9022
12.7662	30.9356
12.7668	30.9689
12.7675	31.0022
12.7682	31.0345
12.7691	31.0668
12.7697	31.099
12.7714	31.1313
12.7714	31.1635
12.772	31.1958
12.7726	31.228
12.7733	31.2603
12.7774	31.2926
12.7795	31.3248
12.7839	31.3571
12.7872	31.3893
12.7886	31.4216
12.79	31.4539
12.7906	31.4861
12.7921	31.5184
12.7941	31.5506
12.7949	31.5829
12.7956	31.6151
12.7963	31.6474
12.797	31.6797
12.7977	31.7119
12.7991	31.7442
12.8004	31.7764
12.8018	31.8087
12.8032	31.8409
12.8044	31.8732
12.8066	31.9055
12.8079	31.9377
12.8086	31.97
12.8093	32.0022
12.811	32.0335
12.8117	32.0647
12.8124	32.096
12.8131	32.1272
12.8138	32.1585
12.8145	32.1897
12.8152	32.221
12.8158	32.2522
12.8165	32.2835
12.8185	32.3147
12.8241	32.346
12.8262	32.3772
12.8283	32.4085
12.8297	32.4397
12.831	32.471
12.8324	32.5022
12.8331	32.5335
12.8338	32.5647
12.8345	32.596
12.8352	32.6272
12.8359	32.6585
12.8368	32.6897
12.8374	32.721
12.8388	32.7522
12.8401	32.7835
12.8415	32.8147
12.8429	32.846
12.8442	32.8772
12.8455	32.9085
12.8483	32.9397
12.849	32.971
12.8499	33.0022
12.8505	33.0325
12.8512	33.0628
12.852	33.0931
12.8527	33.1235
12.8534	33.1538
12.854	33.1841
12.8552	33.2144
12.8559	33.2447
12.8566	33.275
12.8572	33.3053
12.8608	33.3356
12.8636	33.3659
12.8663	33.3962
12.8684	33.4265
12.8706	33.4568
12.8733	33.4871
12.874	33.5174
12.875	33.5477
12.8757	33.578
12.8763	33.6083
12.877	33.6386
12.8777	33.6689
12.8784	33.6992
12.8798	33.7295
12.8805	33.7598
12.8813	33.7901
12.8825	33.8204
12.8833	33.8507
12.8846	33.881
12.8852	33.9113
12.886	33.9416
12.8869	33.9719
12.8876	34.0022
12.8888	34.0317
12.8894	34.0611
12.8901	34.0905
12.8908	34.1199
12.8916	34.1493
12.8923	34.1787
12.8929	34.2081
12.8936	34.2375
12.8943	34.2669
12.8957	34.2964
12.8963	34.3258
12.8977	34.3552
12.9011	34.3846
12.9033	34.414
12.9063	34.4434
12.9108	34.4728
12.9129	34.5022
12.9136	34.5317
12.9143	34.5611
12.915	34.5905
12.9157	34.6199
12.9164	34.6493
12.9171	34.6787
12.9184	34.7081
12.9198	34.7375
12.9212	34.7669
12.9226	34.7964
12.9233	34.8258
12.924	34.8552
12.9247	34.8846
12.926	34.914
12.9261	34.9434
12.9268	34.9728
12.9275	35.0022
12.9282	35.0308
12.9289	35.0594
12.9296	35.088
12.9303	35.1165
12.9317	35.1451
12.9323	35.1737
12.9337	35.2022
12.9343	35.2308
12.9351	35.2594
12.9364	35.288
12.9378	35.3165
12.9391	35.3451
12.9405	35.3737
12.9419	35.4022
12.9434	35.4308
12.9502	35.4594
12.9543	35.488
12.9558	35.5165
12.9564	35.5451
12.9573	35.5737
12.958	35.6022
12.9587	35.6308
12.9594	35.6594
12.9601	35.688
12.9615	35.7165
12.9627	35.7451
12.964	17.8725
12.9654	17.9314
12.967	17.9902
12.9677	18.049
12.9684	18.1046
12.9692	18.1601
12.97	18.2157
12.9705	18.2712
12.9712	18.3268
12.9719	18.3824
12.9726	18.4379
12.9733	18.4935
12.9739	18.549
12.9754	18.6046
12.976	18.6601
12.9775	18.7157
12.9781	18.7712
12.9788	18.8268
12.9795	18.8824
12.9808	18.9379
12.9821	18.9935
12.9835	19.049
12.9848	19.1017
12.9869	19.1543
12.9925	19.2069
12.9973	19.2595
12.9994	19.3122
13.0002	19.3648
13.0016	19.4174
13.0024	19.4701
13.003	19.5227
13.0036	19.5753
13.005	19.628
13.0063	19.6806
13.0099	19.7332
13.0106	19.7859
13.0113	19.8385
13.0127	19.8911
13.0134	19.9438
13.0155	19.9964
13.0168	20.049
13.0196	20.099
13.0231	20.149
13.0294	20.199
13.0321	20.249
13.0335	20.299
13.0342	20.349
13.035	20.399
13.0356	20.449
13.0363	20.499
13.037	20.549
13.0377	20.599
13.0397	20.649
13.0419	20.699
13.0426	20.749
13.0439	20.799
13.0453	20.849
13.0467	20.899
13.0474	20.949
13.0488	20.999
13.0502	21.049
13.0524	21.0966
13.0575	21.1443
13.061	21.1919
13.0624	21.2395
13.0632	21.2871
13.0639	21.3347
13.0646	21.3824
13.066	21.43
13.0689	21.4776
13.0702	21.5252
13.0722	21.5728
13.0736	21.6204
13.076	21.6681
13.0767	21.7157
13.0776	21.7633
13.0789	21.8109
13.081	21.8585
13.0817	21.9062
13.0831	21.9538
13.0852	22.0014
13.0859	22.0469
13.088	22.0923
13.0907	22.1378
13.0934	22.1832
13.0956	22.2287
13.0962	22.2741
13.097	22.3196
13.0977	22.365
13.0984	22.4105
13.1026	22.4559
13.1039	22.5014
13.1077	22.5469
13.1098	22.5923
13.1146	22.6378
13.1159	22.6832
13.1166	22.7287
13.118	22.7741
13.1194	22.8196
13.1208	22.865
13.1215	22.9105
13.1235	22.9559
13.1242	23.0014
13.125	23.0449
13.127	23.0884
13.1305	23.1318
13.1325	23.1753
13.1364	23.2188
13.1378	23.2623
13.1394	23.3057
13.1407	23.3492
13.1414	23.3927
13.1482	23.4362
13.1495	23.4797
13.1558	23.5231
13.1597	23.5666
13.1634	23.6101
13.1641	23.6536
13.1665	23.6971
13.168	23.7405
13.1699	23.784
13.172	23.8275
13.1734	23.871
13.1755	23.9144
13.1762	23.9579
13.1768	24.0014
13.1775	24.0431
13.1789	24.0847
13.1837	24.1264
13.1861	24.1681
13.1865	24.2097
13.1879	24.2514
13.1893	24.2931
13.19	24.3347
13.1914	24.3764
13.1936	24.4181
13.1958	24.4597
13.2019	24.5014
13.2063	24.5431
13.2095	24.5847
13.212	24.6264
13.2134	24.6681
13.2148	24.7097
13.216	24.7514
13.2186	24.7931
13.22	24.8347
13.2227	24.8764
13.2241	24.9181
13.2248	24.9597
13.2255	25.0014
13.2262	25.0414
13.2276	25.0814
13.2317	25.1214
13.2345	25.1614
13.2352	25.2014
13.2366	25.2414
13.2373	25.2814
13.2387	25.3214
13.2408	25.3614
13.2415	25.4014
13.2421	25.4414
13.247	25.4814
13.2529	25.5214
13.2543	25.5614
13.2557	25.6014
13.2571	25.6414
13.2585	25.6814
13.2598	25.7214
13.2612	25.7614
13.2626	25.8014
13.264	25.8414
13.2653	25.8814
13.2667	25.9214
13.2681	25.9614
13.2695	26.0014
13.2709	26.0399
13.2723	26.0783
13.2765	26.1168
13.2792	26.1552
13.2806	26.1937
13.2827	26.2322
13.2834	26.2706
13.2848	26.3091
13.2869	26.3476
13.2882	26.386
13.289	26.4245
13.2898	26.4629
13.2929	26.5014
13.2936	26.5399
13.2957	26.5783
13.2971	26.6168
13.2985	26.6552
13.2999	26.6937
13.3013	26.7322
13.3027	26.7706
13.304	26.8091
13.3054	26.8476
13.3067	26.886
13.3081	26.9245
13.3095	26.9629
13.3109	27.0014
13.3122	27.0384
13.3136	27.0755
13.315	27.1125
13.3239	27.1495
13.324	27.1866
13.3244	27.2236
13.3245	27.2607
13.3263	27.2977
13.329	27.3347
13.3298	27.3718
13.3311	27.4088
13.3333	27.4458
13.3343	27.4829
13.335	27.5199
13.3357	27.557
13.3363	27.594
13.3371	27.631
13.3378	27.6681
13.339	27.7051
13.3404	27.7421
13.3425	27.7792
13.3446	27.8162
13.346	27.8533
13.3467	27.8903
13.3487	27.9273
13.3494	27.9644
13.3508	28.0014
13.3522	28.0371
13.3535	28.0728
13.3556	28.1085
13.3569	28.1443
13.3584	28.18
13.3597	28.2157
13.3611	28.2514
13.3625	28.2871
13.3638	28.3228
13.3652	28.3585
13.3666	28.3943
13.3707	28.43
13.3778	28.4657
13.3791	28.5014
13.3805	28.5371
13.3812	28.5728
13.3819	28.6085
13.3826	28.6443
13.3833	28.68
13.385	28.7157
13.3857	28.7514
13.3864	28.7871
13.3871	28.8228
13.3878	28.8585
13.3885	28.8943
13.3892	28.93
13.3899	28.9657
13.3913	29.0014
13.3932	29.0359
13.3953	29.0704
13.3967	29.1048
13.398	29.1393
13.3994	29.1738
13.4008	29.2083
13.4037	29.2428
13.4058	29.2773
13.4072	29.3117
13.4096	29.3462
13.4117	29.3807
13.4131	29.4152
13.4218	29.4497
13.423	29.4842
13.4243	29.5186
13.4257	29.5531
13.429	29.5876
13.4311	29.6221
13.4328	29.6566
13.436	29.6911
13.4374	29.7255
13.4387	29.76
13.44	29.7945
13.4413	29.829
13.442	29.8635
13.4427	29.898
13.4434	29.9324
13.4441	29.9669
13.4452	30.0014
13.4455	30.0347
13.4462	30.0681
13.4469	30.1014
13.4483	30.1347
13.449	30.1681
13.4503	30.2014
13.4524	30.2347
13.4538	30.2681
13.4557	30.3014
13.4571	30.3347
13.4585	30.3681
13.4598	30.4014
13.4689	30.4347
13.4702	30.4681
13.4717	30.5014
13.473	30.5347
13.4744	30.5681
13.4764	30.6014
13.4778	30.6347
13.4793	30.6681
13.4807	30.7014
13.4821	15.3507
13.4834	15.4174
13.4855	15.484
13.4869	15.5507
13.4875	15.6174
13.4889	15.684
13.4903	15.7507
13.4916	15.8174
13.493	15.884
13.4937	15.9507
13.4944	16.0174
13.4951	16.0799
13.4958	16.1424
13.4965	16.2049
13.4972	16.2674
13.4979	16.3299
13.4996	16.3924
13.5003	16.4549
13.5032	16.5174
13.5045	16.5799
13.5058	16.6424
13.5148	16.7049
13.5162	16.7674
13.5177	16.8299
13.5191	16.8924
13.5205	16.9549
13.5233	17.0174
13.5253	17.0762
13.5273	17.135
13.5287	17.1938
13.5358	17.2527
13.5371	17.3115
13.5392	17.3703
13.5399	17.4291
13.5412	17.488
13.542	17.5468
13.5426	17.6056
13.5537	17.6644
13.5552	17.7232
13.5565	17.7821
13.5579	17.8409
13.5593	17.8997
13.5606	17.9585
13.562	18.0174
13.5634	18.0729
13.5648	18.1285
13.5662	18.184
13.5737	18.2396
13.5757	18.2951
13.5779	18.3507
13.5786	18.4063
13.5793	18.4618
13.58	18.5174
13.5807	18.5729
13.5822	18.6285
13.5833	18.684
13.585	18.7396
13.5863	18.7951
13.5877	18.8507
13.5891	18.9063
13.5905	18.9618
13.5919	19.0174
13.5932	19.07
13.5946	19.1226
13.596	19.1753
13.5973	19.2279
13.5995	19.2805
13.6029	19.3332
13.6049	19.3858
13.6056	19.4384
13.607	19.4911
13.6084	19.5437
13.6189	19.5963
13.6204	19.6489
13.6211	19.7016
13.6218	19.7542
13.6225	19.8068
13.6232	19.8595
13.6239	19.9121
13.6246	19.9647
13.6253	20.0174
13.626	20.0674
13.6267	20.1174
13.628	20.1674
13.6295	20.2174
13.6309	20.2674
13.6329	20.3174
13.6349	20.3674
13.6363	20.4174
13.6377	20.4674
13.6391	20.5174
13.6544	20.5674
13.655	20.6174
13.6557	20.6674
13.6574	20.7174
13.6581	20.7674
13.6588	20.8174
13.6594	20.8674
13.6601	20.9174
13.6608	20.9674
13.6622	21.0174
13.6629	21.065
13.6642	21.1126
13.6656	21.1602
13.6663	21.2078
13.667	21.2555
13.6677	21.3031
13.6684	21.3507
13.6691	21.3983
13.6698	21.4459
13.6712	21.4936
13.6825	21.5412
13.6833	21.5888
13.6839	21.6364
13.6846	21.684
13.6853	21.7317
13.686	21.7793
13.6867	21.8269
13.6881	21.8745
13.6887	21.9221
13.6894	21.9697
13.6901	22.0174
13.6915	22.0628
13.6922	22.1083
13.6936	22.1537
13.695	22.1992
13.6957	22.2446
13.6964	22.2901
13.6971	22.3355
13.6977	22.381
13.6984	22.4265
13.6998	22.4719
13.7207	22.5174
13.722	22.5628
13.7227	22.6083
13.7234	22.6537
13.7248	22.6992
13.7255	22.7446
13.7262	22.7901
13.7269	22.8355
13.7276	22.881
13.729	22.9265
13.7297	22.9719
13.7304	23.0174
13.7311	23.0608
13.7318	23.1043
13.7325	23.1478
13.7338	23.1913
13.7345	23.2348
13.736	23.2782
13.7367	23.3217
13.7374	23.3652
13.7381	23.4087
13.7395	23.4521
13.7643	23.4956
13.765	23.5391
13.7677	23.5826
13.7678	23.6261
13.7685	23.6695
13.7691	23.713
13.7698	23.7565
13.7705	23.8
13.7712	23.8435
13.7719	23.8869
13.7733	23.9304
13.7747	23.9739
13.7754	24.0174
13.7761	24.059
13.7768	24.1007
13.7775	24.1424
13.7789	24.184
13.7796	24.2257
13.7803	24.2674
13.7809	24.309
13.7823	24.3507
13.7837	24.3924
13.7851	24.434
13.8035	24.4757
13.8049	24.5174
13.8057	24.559
13.807	24.6007
13.8084	24.6424
13.8091	24.684
13.8098	24.7257
13.8105	24.7674
13.8113	24.809
13.812	24.8507
13.8133	24.8924
13.8146	24.934
13.8153	24.9757
13.8167	25.0174
13.8174	25.0574
13.8181	25.0974
13.8188	25.1374
13.8202	25.1774
13.8216	25.2174
13.8223	25.2574
13.8237	25.2974
13.8244	25.3374
13.8251	25.3774
13.8257	25.4174
13.8428	25.4574
13.8448	25.4974
13.8473	25.5374
13.8487	25.5774
13.8501	25.6174
13.8515	25.6574
13.8522	25.6974
13.8529	25.7374
13.8536	25.7774
13.8543	25.8174
13.855	25.8574
13.8557	25.8974
13.8571	25.9374
13.8584	25.9774
13.8598	26.0174
13.8604	26.0558
13.8618	26.0943
13.8632	26.1328
13.8646	26.1712
13.8653	26.2097
13.8662	26.2481
13.8674	26.2866
13.8688	26.3251
13.8702	26.3635
13.8716	26.402
13.8799	26.4404
13.882	26.4789
13.8847	26.5174
13.8868	26.5558
13.8885	26.5943
13.8897	26.6328
13.8912	26.6712
13.8918	26.7097
13.8925	26.7481
13.8932	26.7866
13.8946	26.8251
13.8959	26.8635
13.8973	26.902
13.8986	26.9404
13.9	26.9789
13.9014	27.0174
13.9021	27.0544
13.9028	27.0914
13.9035	27.1285
13.9049	27.1655
13.9063	27.2026
13.9076	27.2396
13.9101	27.2766
13.9115	27.3137
13.9129	27.3507
13.9142	27.3877
13.9169	27.4248
13.9182	27.4618
13.9196	27.4988
13.9221	27.5359
13.9235	27.5729
13.9248	27.61
13.9262	27.647
13.9276	27.684
13.929	27.7211
13.9303	27.7581
13.9327	27.7951
13.9341	27.8322
13.9354	27.8692
13.9362	27.9063
13.9376	27.9433
13.939	27.9803
13.9403	28.0174
13.9417	28.0531
13.9431	28.0888
13.9445	28.1245
13.9459	28.1602
13.9473	28.1959
13.9486	28.2317
13.9507	28.2674
13.952	28.3031
13.9534	28.3388
13.9549	28.3745
13.9583	28.4102
13.9604	28.4459
13.9611	28.4817
13.9624	28.5174
13.9638	28.5531
13.9652	28.5888
13.9666	28.6245
13.968	28.6602
13.9693	28.6959
13.9711	28.7317
13.9721	28.7674
13.9735	28.8031
13.9748	28.8388
13.9762	28.8745
13.9776	28.9102
13.979	28.9459
13.9803	28.9817
13.9817	29.0174
13.9831	29.0518
13.9845	29.0863
13.9859	29.1208
13.9873	29.1553
13.9887	29.1898
13.9907	29.2243
13.9915	29.2587
13.9928	29.2932
13.9942	29.3277
13.9956	29.3622
14.0011	29.3967
14.0025	29.4312
14.0032	29.4656
14.0039	29.5001
14.0061	29.5346
14.0094	29.5691
14.0108	29.6036
14.0122	29.6381
14.0142	29.6725
14.0149	29.707
14.0163	29.7415
14.0177	29.776
14.0195	29.8105
14.0204	29.845
14.0218	29.8794
14.0231	29.9139
14.0246	29.9484
14.0268	29.9829
14.0282	30.0174
14.0296	30.0507
14.031	30.084
14.0327	30.1174
14.0338	30.1507
14.0344	30.184
14.0366	30.2174
14.0379	30.2507
14.04	30.284
14.0414	30.3174
14.0427	30.3507
14.0482	30.384
14.0503	30.4174
14.051	30.4507
14.0517	30.484
14.0538	30.5174
14.0566	30.5507
14.0579	30.584
14.0587	30.6174
14.0594	30.6507
14.0601	30.684
14.061	30.7174
14.0618	30.7507
14.0624	30.784
14.0631	30.8174
14.0642	30.8507
14.0662	30.884
14.0676	30.9174
14.0683	30.9507
14.0696	30.984
14.0711	31.0174
14.0718	31.0496
14.0731	31.0819
14.0746	31.1141
14.0769	31.1464
14.0783	31.1787
14.0797	31.2109
14.0804	31.2432
14.0819	31.2754
14.0833	31.3077
14.0847	31.3399
14.0917	31.3722
14.0944	31.4045
14.0951	31.4367
14.0958	31.469
14.0977	31.5012
14.1005	31.5335
14.1018	31.5658
14.1034	31.598
14.104	31.6303
14.1053	31.6625
14.106	31.6948
14.1073	31.727
14.1087	31.7593
14.1101	31.7916
14.1108	31.8238
14.1114	31.8561
14.1122	31.8883
14.1129	31.9206
14.1142	31.9529
14.1156	31.9851
14.1163	32.0174
14.117	32.0486
14.1184	32.0799
14.1198	32.1111
14.1211	32.1424
14.1219	32.1736
14.1255	32.2049
14.1268	32.2361
14.1276	32.2674
14.129	32.2986
14.1297	32.3299
14.1311	32.3611
14.1326	32.3924
14.1334	32.4236
14.1346	32.4549
14.136	32.4861
14.1397	32.5174
14.1409	32.5486
14.1423	32.5799
14.1436	32.6111
14.145	32.6424
14.1464	32.6736
14.1478	32.7049
14.1485	32.7361
14.1491	32.7674
14.1498	32.7986
14.1505	32.8299
14.1512	32.8611
14.1519	32.8924
14.1533	32.9236
14.1554	32.9549
14.156	32.9861
14.1568	33.0174
14.1574	33.0477
14.1589	33.078
14.161	33.1083
14.1623	33.1386
14.1631	33.1689
14.1646	33.1992
14.1653	33.2295
14.166	33.2598
14.1667	33.2901
14.1695	33.3204
14.1709	33.3507
14.1723	33.381
14.173	33.4113
14.1737	33.4416
14.1743	33.4719
14.175	33.5022
14.1764	33.5325
14.1771	33.5628
14.1778	16.7814
14.1798	16.8439
14.1819	16.9064
14.1833	16.9689
14.1847	17.0314
14.1861	17.0902
14.1874	17.1491
14.1888	17.2079
14.1902	17.2667
14.1916	17.3255
14.1922	17.3844
14.1929	17.4432
14.1936	17.502
14.195	17.5608
14.1957	17.6196
14.1964	17.6785
14.1978	17.7373
14.1984	17.7961
14.1991	17.8549
14.1998	17.9138
14.2012	17.9726
14.2019	18.0314
14.2027	18.087
14.2038	18.1425
14.2048	18.1981
14.2076	18.2536
14.209	18.3092
14.2098	18.3647
14.2105	18.4203
14.2112	18.4759
14.2119	18.5314
14.2126	18.587
14.2132	18.6425
14.2236	18.6981
14.225	18.7536
14.2257	18.8092
14.2264	18.8647
14.2278	18.9203
14.2285	18.9759
14.2292	19.0314
14.2312	19.084
14.2315	19.1367
