time	cwndsize
0.191352	11
0.193453	12
0.194768	13
0.196128	14
0.198269	15
0.200334	16
0.200948	17
0.204929	18
0.20496	19
0.208493	20
0.212649	21
0.213286	22
0.217738	23
0.219551	24
0.22017	25
0.222541	26
0.223	27
0.224292	28
0.225715	29
0.227154	30
0.228546	31
0.230452	32
0.231462	33
0.233454	34
0.235357	35
0.236101	36
0.237384	37
0.238679	38
0.240077	39
0.241478	40
0.251296	41
0.252122	42
0.253792	43
0.254222	44
0.26037	45
0.261047	46
0.262737	47
0.263096	48
0.264831	49
0.265139	50
0.265883	51
0.266561	52
0.268392	53
0.268637	54
0.269512	55
0.27079	56
0.271458	57
0.273071	58
0.27422	59
0.275625	60
0.277755	61
0.278333	62
0.281697	63
0.283085	64
0.285928	65
0.287366	66
0.29044	67
0.292742	68
0.294119	69
0.295516	70
0.296208	71
0.298266	72
0.299568	73
0.301003	74
0.302495	75
0.305287	76
0.306175	77
0.307162	78
0.30956	79
0.310142	80
0.31539	81
0.317035	82
0.318828	83
0.320226	84
0.322509	85
0.323043	86
0.325046	87
0.325852	88
0.337163	89
0.338273	90
0.339987	91
0.342639	92
0.343637	93
0.34418	94
0.344728	95
0.348404	96
0.349062	97
0.349856	98
0.35064	99
0.351919	100
0.352641	101
0.358785	102
0.361402	103
0.364332	104
0.365608	105
0.366457	106
0.36759	107
0.368993	108
0.369702	109
0.370324	110
0.371717	111
0.373052	112
0.375234	113
0.375853	114
0.376357	115
0.377121	116
0.377727	117
0.378437	118
0.3791	119
0.379802	120
0.381296	121
0.382164	122
0.382782	123
0.383345	124
0.384959	125
0.385377	126
0.386101	127
0.387605	128
0.387706	129
0.388113	130
0.388911	131
0.389594	132
0.390263	133
0.390926	134
0.392356	135
0.393944	136
0.395147	137
0.395746	138
0.397138	139
0.397768	140
0.399479	141
0.40054	142
0.401855	143
0.402626	144
0.404064	145
0.4048	72.5
0.406219	72.5139
0.406852	72.5278
0.408226	72.5417
0.409694	72.5556
0.410175	72.5694
0.412247	72.5833
0.413662	72.5972
0.415239	72.6111
0.417367	72.625
0.41842	72.6389
0.421179	72.6528
0.42181	72.6667
0.423216	72.6806
0.425995	72.6944
0.437905	72.7083
0.4398	72.7222
0.449361	72.7361
0.45136	72.75
0.456374	72.7639
0.457846	72.7778
0.459002	72.7917
0.461048	72.8056
0.463832	72.8194
0.465218	72.8333
0.465935	72.8472
0.466533	72.8611
0.468606	72.875
0.469996	72.8889
0.471599	72.9028
0.472724	72.9167
0.480432	72.9306
0.481128	72.9444
0.481823	72.9583
0.483115	72.9722
0.484897	72.9861
0.485849	73
0.486547	73.0139
0.48801	73.0276
0.488956	73.0413
0.489372	73.055
0.490703	73.0687
0.4924	73.0824
0.493592	73.0961
0.494175	73.1098
0.495662	73.1235
0.496957	73.1372
0.497667	73.1509
0.499393	73.1646
0.502928	73.1783
0.503463	73.192
0.504592	73.2057
0.506008	73.2194
0.507486	73.2331
0.508875	73.2468
0.511143	73.2605
0.511882	73.2742
0.512932	73.2879
0.513355	73.3016
0.514341	73.3153
0.514958	73.329
0.51521	73.3427
0.515839	73.3564
0.516504	73.3701
0.517282	73.3838
0.518133	73.3975
0.518583	73.4111
0.519287	73.4248
0.51998	73.4385
0.520681	73.4522
0.521311	73.4659
0.522051	73.4796
0.522683	73.4933
0.523695	73.507
0.524102	73.5207
0.524891	73.5344
0.525444	73.5481
0.526268	73.5618
0.526959	73.5755
0.52766	73.5892
0.52833	73.6029
0.528986	73.6166
0.530003	73.6303
0.530528	73.644
0.531259	73.6577
0.531774	73.6714
0.532684	73.6851
0.533178	73.6988
0.534279	73.7125
0.535144	73.7262
0.535666	73.7399
0.536333	73.7536
0.537072	73.7673
0.537697	73.781
0.538438	73.7947
0.5396	73.8084
0.539749	73.8221
0.540472	73.8358
0.541166	73.8495
0.54188	73.8632
0.542525	73.8769
0.543205	73.8906
0.543893	73.9043
0.544593	73.918
0.545979	73.9317
0.546632	73.9454
0.548008	73.9591
0.550088	73.9728
0.552562	73.9865
0.554493	74.0002
0.556569	74.0137
0.55928	74.0272
0.560687	74.0407
0.562041	74.0542
0.563604	74.0678
0.564795	74.0813
0.566315	74.0948
0.567536	74.1083
0.568909	74.1218
0.570307	74.1353
0.57174	74.1488
0.573052	74.1624
0.574464	74.1759
0.575997	74.1894
0.578312	74.2029
0.578799	74.2164
0.579995	74.2299
0.581505	74.2434
0.582726	74.2569
0.584173	74.2705
0.585545	74.284
0.586886	74.2975
0.588223	74.311
0.58958	74.3245
0.590979	74.338
0.592402	74.3515
0.593069	74.3651
0.595151	74.3786
0.596525	74.3921
0.597886	74.4056
0.599279	74.4191
0.600616	74.4326
0.603374	74.4461
0.604734	74.4596
0.691801	74.4732
0.69217	74.4867
0.69251	74.5002
0.692835	74.5137
0.692933	74.5272
0.6932	74.5407
0.693641	74.5542
0.693957	74.5678
0.694388	74.5813
0.694867	74.5948
0.695122	74.6083
0.695596	74.6218
0.696162	74.6353
0.696458	74.6488
0.696823	74.6624
0.696955	74.6759
0.697383	74.6894
0.697808	74.7029
0.699012	74.7164
0.699207	74.7299
0.700549	74.7434
0.701312	74.7569
0.702503	74.7705
0.702776	74.784
0.703217	74.7975
0.703934	74.811
0.704605	74.8245
0.705337	74.838
0.706024	74.8515
0.70674	74.8651
0.708935	74.8786
0.709265	74.8921
0.709777	74.9056
0.70994	74.9191
0.712279	74.9326
0.712803	74.9461
0.71293	74.9596
0.713028	74.9732
0.714447	74.9867
0.714656	75.0002
0.714822	75.0135
0.715282	75.0269
0.716007	75.0402
0.716661	75.0535
0.717372	75.0669
0.718056	75.0802
0.718809	75.0935
0.719419	75.1069
0.720094	75.1202
0.720886	75.1335
0.721494	75.1469
0.722277	37.5734
0.722914	37.6005
0.723601	37.6275
0.724383	37.6545
0.72501	37.6815
0.725705	37.7086
0.726388	37.7356
0.727069	37.7626
0.727814	37.7896
0.728417	37.8167
0.72915	37.8437
0.730635	37.8707
0.731173	37.8978
0.73178	37.9248
0.732411	37.9518
0.73311	37.9788
0.733791	38.0059
0.734515	38.0322
0.735177	38.0585
0.73587	38.0848
0.736578	38.1111
0.737267	38.1374
0.738145	38.1638
0.758182	38.1901
0.760165	38.2164
0.761158	38.2427
0.76191	38.269
0.762571	38.2953
0.763466	38.3217
0.764043	38.348
0.764643	38.3743
0.766063	38.4006
0.766768	38.4269
0.768135	38.4532
0.769594	38.4795
0.77041	38.5059
0.771115	38.5322
0.773406	38.5585
0.774262	38.5848
0.774989	38.6111
0.775643	38.6374
0.779198	38.6638
0.779825	38.6901
0.780324	38.7164
0.782131	38.7427
0.784626	38.769
0.786062	38.7953
0.786613	38.8217
0.787385	38.848
0.788057	38.8743
0.788795	38.9006
0.789975	38.9269
0.791453	38.9532
0.804724	38.9795
0.805515	39.0059
0.809613	39.0315
0.810511	39.0571
0.82967	39.0828
0.830776	39.1084
0.830911	39.1341
0.831128	39.1597
0.835147	39.1853
0.836066	39.211
0.836564	39.2366
0.837265	39.2623
0.838684	39.2879
0.840056	39.3136
0.840763	39.3392
0.842107	39.3648
0.843438	39.3905
0.846913	39.4161
0.847588	39.4418
0.850307	39.4674
0.852378	39.493
0.925992	39.5187
0.926657	39.5443
0.927343	39.57
0.928068	39.5956
0.931409	39.6212
0.932122	39.6469
0.932778	39.6725
0.934438	39.6982
0.937091	39.7238
0.938703	39.7495
0.93932	39.7751
0.940113	39.8007
0.94075	39.8264
0.941755	39.852
0.942489	39.8777
0.943839	39.9033
0.947716	39.9289
0.948742	39.9546
0.949106	39.9802
0.950459	40.0059
0.950571	40.0309
0.955522	40.0559
0.959317	40.0809
0.959981	40.1059
0.960685	40.1309
0.968585	40.1559
0.968915	40.1809
0.969641	40.2059
0.970388	40.2309
0.971925	40.2559
0.972629	40.2809
0.973354	40.3059
0.973978	40.3309
0.974667	40.3559
0.975335	40.3809
0.976254	40.4059
0.976716	40.4309
0.977436	40.4559
0.978109	40.4809
0.978832	40.5059
0.979482	40.5309
0.980194	40.5559
0.980896	40.5809
0.981524	40.6059
0.982234	40.6309
0.982886	40.6559
0.983637	40.6809
0.984294	40.7059
0.985405	40.7309
0.986076	40.7559
0.986408	40.7809
0.98708	40.8059
0.987752	40.8309
0.988464	40.8559
0.98912	40.8809
0.989777	40.9059
0.9906	40.9309
0.99116	40.9559
0.991879	40.9809
0.99254	41.0059
0.993244	41.0303
0.993922	41.0546
0.994609	41.079
0.995311	41.1034
0.995979	41.1278
0.996718	41.1522
0.997425	41.1766
0.998146	41.201
0.998713	41.2254
0.999405	41.2498
1.00006	41.2742
1.00073	41.2985
1.00147	41.3229
1.00213	41.3473
1.00284	41.3717
1.00352	41.3961
1.00422	41.4205
1.0049	41.4449
1.0058	41.4693
1.00627	41.4937
1.00695	41.5181
1.00765	41.5424
1.00829	41.5668
1.00903	41.5912
1.00976	41.6156
1.01041	41.64
1.0112	41.6644
1.01179	41.6888
1.01245	41.7132
1.01314	41.7376
1.01381	41.762
1.0145	41.7863
1.01525	41.8107
1.01589	41.8351
1.01656	41.8595
1.01726	41.8839
1.01798	41.9083
1.01867	41.9327
1.01944	41.9571
1.02045	41.9815
1.02077	42.0059
1.02144	42.0297
1.02214	42.0535
1.0231	42.0773
1.02354	42.1011
1.02421	42.1249
1.02492	42.1487
1.02577	42.1725
1.02745	42.1963
1.02807	42.2201
1.02859	42.244
1.02956	42.2678
1.02988	42.2916
1.03056	42.3154
1.03093	42.3392
1.03158	42.363
1.03205	42.3868
1.03267	42.4106
1.03342	42.4344
1.03405	42.4582
1.03504	42.4821
1.03906	42.5059
1.03962	42.5297
1.04035	42.5535
1.04186	42.5773
1.04255	42.6011
1.04268	42.6249
1.04288	42.6487
1.04352	42.6725
1.07271	42.6963
1.07474	42.7201
1.08303	42.744
1.08517	42.7678
1.08585	42.7916
1.0867	42.8154
1.28792	42.8392
1.28928	42.863
1.28996	42.8868
1.29063	42.9106
1.29132	42.9344
1.29226	42.9582
1.29325	42.9821
1.29368	43.0059
1.29458	43.0291
1.29514	43.0524
1.29587	43.0756
1.29674	43.0989
1.29741	43.1221
1.29841	43.1454
1.29901	43.1687
1.29952	21.5843
1.3	21.6319
1.30083	21.6796
1.30149	21.7272
1.30238	21.7748
1.30373	21.8224
1.30449	21.87
1.30481	21.9177
1.30492	21.9653
1.30609	22.0129
1.30669	22.0584
1.31131	22.1038
1.31159	22.1493
1.3132	22.1947
1.31333	22.2402
1.31341	22.2856
1.31346	22.3311
1.3136	22.3765
1.31381	22.422
1.31393	22.4674
1.31399	22.5129
1.3142	22.5584
1.3156	22.6038
1.31654	22.6493
1.3296	22.6947
1.33779	22.7402
1.33842	22.7856
1.33914	22.8311
1.3405	22.8765
1.34812	22.922
1.35444	22.9674
1.35515	23.0129
1.35578	23.0564
1.35647	23.0999
1.3622	23.1433
1.36906	23.1868
1.36972	23.2303
1.3711	23.2738
1.3718	23.3172
1.37263	23.3607
1.37385	23.4042
1.37456	23.4477
1.37661	23.4912
1.37804	23.5346
1.3787	23.5781
1.37935	23.6216
1.38143	11.8108
1.3821	11.9017
1.38281	11.9926
1.38345	12.0835
1.38415	12.1669
1.38482	12.2502
1.38631	12.3335
1.387	12.4169
1.38767	12.5002
1.38838	12.5835
1.44949	12.6669
1.45017	12.7502
1.46293	12.8335
1.46368	12.9169
1.46431	13.0002
1.46495	13.0771
1.46573	13.154
1.46636	13.231
1.467	13.3079
1.46775	13.3848
1.46903	13.4617
1.50617	13.5387
1.5075	13.6156
1.52488	13.6925
1.52634	6.84625
1.52698	7.01292
1.52775	7.15577
1.52839	7.29863
1.52908	7.44149
1.53046	7.58434
1.5311	7.7272
1.53223	7.87006
1.5326	8.01292
1.53336	8.13792
1.55393	8.26292
1.55644	8.38792
1.57144	8.51292
1.57368	8.63792
1.57378	8.76292
1.57388	8.88792
1.57409	9.01292
1.57457	9.12403
1.5753	9.23514
1.57603	9.34625
1.58398	9.45736
1.59475	9.56847
1.59544	9.67958
1.5963	9.79069
1.5976	9.9018
1.59768	10.0129
1.59955	10.1129
1.60205	10.2129
1.6031	10.3129
1.60669	10.4129
1.61762	10.5129
1.61842	10.6129
1.61913	10.7129
1.62159	10.8129
1.62269	10.9129
1.62348	11.0129
1.63266	11.1038
1.63633	11.1947
1.63677	11.2856
1.63762	11.3766
1.65223	11.4675
1.65313	11.5584
1.65382	11.6493
1.65658	11.7402
1.65719	5.87009
1.65879	6.07009
1.66082	6.23676
1.66748	6.40343
1.67094	6.57009
1.67749	6.73676
1.67822	6.90343
1.69199	7.07009
1.69341	7.21295
1.69457	7.35581
1.69483	7.49867
1.6986	7.64152
1.69979	7.78438
1.71376	7.92724
1.71511	8.07009
1.71688	8.19509
1.7181	8.32009
1.71937	8.44509
1.72752	8.57009
1.7289	8.69509
1.7414	8.82009
1.74158	8.94509
1.74194	9.07009
1.74259	9.18121
1.74327	9.29232
1.74399	9.40343
1.74462	9.51454
1.74535	9.62565
1.76261	9.73676
1.76363	9.84787
1.7644	9.95898
1.76506	10.0701
1.76689	10.1701
1.76695	10.2701
1.76775	10.3701
1.76912	10.4701
1.76975	10.5701
1.7776	10.6701
1.78085	10.7701
1.78232	10.8701
1.78325	10.9701
1.78375	11.0701
1.78505	11.161
1.78574	11.2519
1.78657	11.3428
1.78724	11.4337
1.78793	11.5246
1.79494	11.6155
1.7986	11.7065
1.80099	11.7974
1.80338	11.8883
1.80473	11.9792
1.80564	12.0701
1.80953	12.1534
1.81114	12.2368
1.81294	12.3201
1.81518	12.4034
1.81794	12.4868
1.82178	12.5701
1.82374	12.6534
1.82728	12.7368
1.8282	12.8201
1.82927	12.9034
1.8304	12.9868
1.83163	13.0701
1.83232	13.147
1.83321	13.2239
1.83461	13.3009
1.8352	13.3778
1.83658	13.4547
1.8441	13.5316
1.85014	13.6086
1.85417	13.6855
1.85827	13.7624
1.85998	13.8393
1.86069	13.9162
1.86126	13.9932
1.86193	14.0701
1.86469	14.1415
1.86533	14.213
1.86654	14.2844
1.86786	14.3558
1.87153	14.4272
1.8908	14.4987
1.89361	14.5701
1.89454	14.6415
1.89621	14.713
1.89703	14.7844
1.89777	14.8558
1.89843	14.9272
1.89998	14.9987
1.90028	15.0701
1.90103	15.1368
1.90176	15.2034
1.90341	15.2701
1.90476	15.3368
1.91093	15.4034
1.95311	15.4701
1.9539	15.5368
1.95418	15.6034
1.95453	15.6701
1.9548	15.7368
1.95538	15.8034
1.95563	15.8701
1.9566	15.9368
1.95795	16.0034
1.95936	16.0659
1.96073	16.1284
1.96278	16.1909
1.96416	16.2534
1.96557	16.3159
1.96634	16.3784
2.01778	16.4409
2.02394	16.5034
2.02532	16.5659
2.02677	16.6284
2.02808	16.6909
2.03015	16.7534
2.03219	16.8159
2.03354	16.8784
2.03495	16.9409
2.0365	17.0034
2.03894	17.0623
2.03976	17.1211
2.04109	17.1799
2.04254	17.2387
2.04389	17.2975
2.04633	17.3564
2.10095	17.4152
2.1033	17.474
2.10493	17.5328
2.10629	17.5917
2.10845	17.6505
2.11087	17.7093
2.11319	17.7681
2.11413	17.827
2.11633	17.8858
2.11766	17.9446
2.11972	18.0034
2.1239	18.059
2.12656	18.1145
2.12963	18.1701
2.13347	18.2256
2.13858	18.2812
2.14278	18.3368
2.17508	18.3923
2.17794	18.4479
2.18325	18.5034
2.18671	18.559
2.18807	18.6145
2.18951	18.6701
2.19081	18.7256
2.19218	18.7812
2.19362	18.8368
2.19492	18.8923
2.19625	18.9479
2.19764	19.0034
2.19905	19.0561
2.20206	19.1087
2.20318	19.1613
2.20455	19.214
2.2066	19.2666
2.20729	19.3192
2.25049	19.3718
2.25165	19.4245
2.25652	19.4771
2.26953	19.5297
2.27378	19.5824
2.27917	19.635
2.28048	19.6876
2.28191	19.7403
2.28357	19.7929
2.2865	19.8455
2.28837	19.8982
2.29078	19.9508
2.29447	20.0034
2.29543	20.0534
2.29664	20.1034
2.29708	20.1534
2.29891	20.2034
2.30306	20.2534
2.30455	20.3034
2.31595	20.3534
2.31631	20.4034
2.31703	20.4534
2.3188	20.5034
2.31941	20.5534
2.32529	20.6034
2.32806	20.6534
2.33708	20.7034
2.34828	20.7534
2.35676	20.8034
2.35858	20.8534
2.3596	20.9034
2.36109	20.9534
2.3619	21.0034
2.3633	21.051
2.3662	21.0987
2.36729	21.1463
2.36939	21.1939
2.37209	21.2415
2.37419	21.2891
2.38384	21.3368
2.38552	21.3844
2.38681	21.432
2.39026	21.4796
2.39095	21.5272
2.3939	21.5749
2.39503	21.6225
2.3957	21.6701
2.39865	21.7177
2.40597	21.7653
2.41274	21.813
2.41618	21.8606
2.41753	21.9082
2.42029	21.9558
2.42168	22.0034
2.42736	22.0489
2.43454	22.0943
2.43556	22.1398
2.43628	22.1852
2.43706	22.2307
2.43754	22.2762
2.44116	22.3216
2.45294	22.3671
2.46198	22.4125
2.46448	22.458
2.46673	22.5034
2.46703	22.5489
2.46716	22.5943
2.46906	22.6398
2.47017	22.6852
2.47217	22.7307
2.47359	22.7762
2.47497	22.8216
2.47912	22.8671
2.48047	22.9125
2.48128	22.958
2.48188	23.0034
2.4826	23.0469
2.49708	23.0904
2.50129	23.1339
2.50252	23.1773
2.50511	23.2208
2.50619	23.2643
2.50742	23.3078
2.51153	23.3513
2.51335	23.3947
2.51808	23.4382
2.52366	23.4817
2.52478	23.5252
2.52684	23.5686
2.53104	23.6121
2.53312	23.6556
2.5395	23.6991
2.54193	23.7426
2.54737	23.786
2.55286	23.8295
2.55649	23.873
2.55849	23.9165
2.55982	23.9599
2.56192	24.0034
2.56468	24.0451
2.5675	24.0868
2.56881	24.1284
2.57803	24.1701
2.5838	24.2118
2.58471	24.2534
2.58607	24.2951
2.58814	24.3368
2.59229	24.3784
2.59374	24.4201
2.59454	24.4618
2.59574	24.5034
2.59995	24.5451
2.60056	24.5868
2.60195	24.6284
2.60612	24.6701
2.61025	24.7118
2.61911	24.7534
2.63013	24.7951
2.63508	24.8368
2.63582	24.8784
2.63662	24.9201
2.6379	24.9618
2.63856	25.0034
2.63998	25.0434
2.64199	25.0834
2.64357	25.1234
2.64686	25.1634
2.649	25.2034
2.65185	25.2434
2.65447	25.2834
2.65896	25.3234
2.66099	25.3634
2.66308	25.4034
2.664	25.4434
2.66442	25.4834
2.6666	25.5234
2.66759	25.5634
2.66865	25.6034
2.66991	25.6434
2.67264	25.6834
2.67774	25.7234
2.6799	25.7634
2.68593	25.8034
2.68602	25.8434
2.68729	25.8834
2.68876	25.9234
2.69241	25.9634
2.69282	26.0034
2.69495	26.0419
2.69784	26.0804
2.69901	26.1188
2.70179	26.1573
2.70247	26.1957
2.70286	26.2342
2.70302	26.2727
2.70573	26.3111
2.71026	26.3496
2.71233	26.388
2.71369	26.4265
2.7157	26.465
2.72264	26.5034
2.72339	26.5419
2.72417	26.5804
2.7254	26.6188
2.72762	26.6573
2.73018	26.6957
2.73204	26.7342
2.74144	26.7727
2.74422	26.8111
2.74554	26.8496
2.74696	26.888
2.74834	26.9265
2.74993	26.965
2.75111	27.0034
2.75362	27.0405
2.75499	27.0775
2.75574	27.1145
2.75851	27.1516
2.76055	27.1886
2.76199	27.2256
2.76326	27.2627
2.76558	27.2997
2.76679	27.3368
2.7682	27.3738
2.77029	27.4108
2.77578	27.4479
2.77789	27.4849
2.77951	27.5219
2.78236	27.559
2.78426	27.596
2.78484	27.6331
2.78602	27.6701
2.79013	27.7071
2.79223	27.7442
2.79264	27.7812
2.79284	27.8182
2.79315	27.8553
2.79389	27.8923
2.79453	27.9294
2.79529	27.9664
2.79659	28.0034
2.79803	28.0391
2.79871	28.0749
2.80007	28.1106
2.80121	28.1463
2.80236	28.182
2.80414	28.2177
2.80603	28.2534
2.81693	28.2891
2.81969	28.3249
2.82336	28.3606
2.82948	28.3963
2.83102	28.432
2.834	28.4677
2.83808	28.5034
2.83832	28.5391
2.83948	28.5749
2.8401	28.6106
2.84041	28.6463
2.84262	28.682
2.8448	28.7177
2.84543	28.7534
2.84613	28.7891
2.84769	28.8249
2.84909	28.8606
2.8496	28.8963
2.85156	28.932
2.85437	28.9677
2.85642	29.0034
2.85779	29.0379
2.85846	29.0724
2.85915	29.1069
2.8607	29.1414
2.86186	29.1758
2.86254	29.2103
2.86708	29.2448
2.86861	29.2793
2.86931	29.3138
2.86988	29.3483
2.87047	29.3827
2.87238	29.4172
2.87718	29.4517
2.89486	29.4862
2.89625	29.5207
2.90058	29.5552
2.90366	29.5896
2.90396	29.6241
2.90428	29.6586
2.90493	29.6931
2.90506	29.7276
2.90543	29.762
2.90608	29.7965
2.90676	29.831
2.9109	29.8655
2.91181	29.9
2.91398	29.9345
2.91508	29.9689
2.9164	30.0034
2.91781	30.0368
2.9192	30.0701
2.9215	30.1034
2.92346	30.1368
2.92676	30.1701
2.93023	30.2034
2.93296	30.2368
2.93675	30.2701
2.93711	30.3034
2.9407	30.3368
2.94275	30.3701
2.94482	30.4034
2.94839	30.4368
2.95443	30.4701
2.95586	30.5034
2.96127	30.5368
2.97025	30.5701
2.97087	30.6034
2.97157	30.6368
2.97512	30.6701
2.97572	30.7034
2.97622	30.7368
2.97674	30.7701
2.97685	30.8034
2.97784	30.8368
2.97949	30.8701
2.97995	30.9034
2.98133	30.9368
2.98273	30.9701
2.98615	31.0034
2.98894	31.0357
2.99166	31.0679
2.99372	31.1002
2.99926	31.1325
2.99998	31.1647
3.00127	31.197
3.00405	31.2292
3.00671	31.2615
3.00815	31.2938
3.00951	31.326
3.01084	31.3583
3.01606	31.3905
3.01639	31.4228
3.01852	31.455
3.01967	31.4873
3.02011	31.5196
3.02223	31.5518
3.02362	31.5841
3.02788	31.6163
3.04378	31.6486
3.0466	31.6808
3.04805	31.7131
3.05054	31.7454
3.05209	31.7776
3.05346	31.8099
3.05431	31.8421
3.05623	31.8744
3.05762	31.9067
3.05838	31.9389
3.05851	31.9712
3.05896	32.0034
3.05966	32.0347
3.06041	32.0659
3.06111	32.0972
3.06175	32.1284
3.0626	32.1597
3.06315	32.1909
3.0639	32.2222
3.06451	32.2534
3.06563	32.2847
3.06598	32.3159
3.06667	32.3472
3.07253	32.3784
3.073	32.4097
3.07567	32.4409
3.07773	32.4722
3.08049	32.5034
3.09902	32.5347
3.10005	32.5659
3.10263	32.5972
3.10362	32.6284
3.10412	32.6597
3.10424	32.6909
3.10554	32.7222
3.10657	32.7534
3.1086	32.7847
3.10973	32.8159
3.12026	32.8472
3.12299	32.8784
3.12436	32.9097
3.12504	32.9409
3.12731	32.9722
3.12857	33.0034
3.13138	33.0337
3.13264	33.064
3.13882	33.0943
3.14068	33.1246
3.14108	33.1549
3.14168	33.1852
3.14232	33.2155
3.14316	33.2459
3.14405	33.2762
3.14432	33.3065
3.1451	33.3368
3.14897	33.3671
3.14981	33.3974
3.15008	33.4277
3.15067	33.458
3.15092	33.4883
3.15397	33.5186
3.15558	33.5489
3.15795	33.5792
3.16124	33.6095
3.1625	33.6398
3.16521	33.6701
3.16798	33.7004
3.17075	33.7307
3.1716	33.761
3.17224	33.7913
3.17659	33.8216
3.17784	33.8519
3.1797	33.8822
3.18108	33.9125
3.18247	33.9428
3.18404	33.9731
3.18453	34.0034
3.1859	34.0328
3.18661	34.0623
3.18754	34.0917
3.18855	34.1211
3.18973	34.1505
3.19232	34.1799
3.19302	34.2093
3.19368	34.2387
3.19468	34.2681
3.19575	34.2975
3.19993	34.327
3.22417	34.3564
3.22497	34.3858
3.22562	34.4152
3.22651	34.4446
3.22708	34.474
3.2304	34.5034
3.23121	34.5328
3.23183	34.5623
3.23263	34.5917
3.23329	34.6211
3.23714	34.6505
3.23766	34.6799
3.23913	34.7093
3.24077	34.7387
3.24115	34.7681
3.2472	34.7975
3.24745	34.827
3.24814	34.8564
3.24885	34.8858
3.24951	34.9152
3.25223	34.9446
3.25442	34.974
3.25577	35.0034
3.25699	35.032
3.26043	35.0606
3.26251	35.0891
3.26458	35.1177
3.26462	35.1463
3.26596	35.1749
3.26813	35.2034
3.26891	35.232
3.27108	35.2606
3.27162	35.2891
3.27247	35.3177
3.28601	35.3463
3.28939	35.3749
3.29354	35.4034
3.29631	35.432
3.29796	35.4606
3.30394	35.4891
3.30582	35.5177
3.30657	35.5463
3.30791	35.5749
3.30929	35.6034
3.31067	35.632
3.31157	35.6606
3.3128	35.6891
3.3135	35.7177
3.31445	35.7463
3.31794	35.7749
3.31816	35.8034
3.3187	35.832
3.31892	35.8606
3.31918	35.8891
3.3194	35.9177
3.31967	35.9463
3.31992	35.9749
3.32082	36.0034
3.32167	36.0312
3.322	36.059
3.32258	36.0868
3.32333	36.1145
3.32418	36.1423
3.32462	36.1701
3.32621	36.1979
3.33222	36.2256
3.33773	36.2534
3.3412	36.2812
3.34533	36.309
3.34668	36.3368
3.3475	36.3645
3.35082	36.3923
3.35211	36.4201
3.35346	36.4479
3.35679	36.4756
3.35991	36.5034
3.36424	36.5312
3.36971	36.559
3.37272	36.5868
3.37534	36.6145
3.3767	36.6423
3.37817	36.6701
3.38013	36.6979
3.3816	36.7256
3.38401	36.7534
3.38456	18.3767
3.38525	18.4323
3.38752	18.4878
3.38773	18.5434
3.38805	18.5989
3.38874	18.6545
3.38938	18.71
3.39142	18.7656
3.39283	18.8212
3.39451	18.8767
3.39453	18.9323
3.39976	18.9878
3.4018	19.0434
3.40383	19.096
3.40737	19.1486
3.40861	19.2013
3.40933	19.2539
3.4107	19.3065
3.41143	19.3592
3.41284	19.4118
3.41424	19.4644
3.41617	19.5171
3.41819	19.5697
3.41844	19.6223
3.42039	19.675
3.42398	19.7276
3.42816	19.7802
3.43094	19.8329
3.4322	19.8855
3.43365	19.9381
3.43565	19.9907
3.43704	20.0434
3.44022	20.0934
3.44163	20.1434
3.44228	20.1934
3.44655	20.2434
3.44781	20.2934
3.44849	20.3434
3.44983	20.3934
3.45082	20.4434
3.45397	20.4934
3.45605	20.5434
3.45733	20.5934
3.4658	20.6434
3.47269	20.6934
3.47403	20.7434
3.48073	20.7934
3.48091	20.8434
3.48102	20.8934
3.48184	20.9434
3.48237	20.9934
3.48309	21.0434
3.48814	21.091
3.48962	21.1386
3.49105	21.1862
3.49408	21.2339
3.49684	21.2815
3.49955	21.3291
3.50135	21.3767
3.5037	21.4243
3.50553	21.472
3.50853	21.5196
3.51191	21.5672
3.515	21.6148
3.51772	21.6624
3.51889	21.71
3.52394	21.7577
3.52444	21.8053
3.52583	21.8529
3.52717	21.9005
3.52854	21.9481
3.52996	21.9958
3.53062	22.0434
3.532	22.0888
3.53346	22.1343
3.53433	22.1797
3.53494	22.2252
3.53559	22.2707
3.53625	22.3161
3.53692	22.3616
3.53767	22.407
3.53829	22.4525
3.53898	22.4979
3.54866	22.5434
3.55073	22.5888
3.55275	22.6343
3.55526	22.6797
3.56721	22.7252
3.56916	22.7707
3.57009	22.8161
3.57053	22.8616
3.57189	22.907
3.57259	22.9525
3.57324	22.9979
3.57397	23.0434
3.57475	23.0869
3.57727	23.1303
3.58346	23.1738
3.58548	23.2173
3.58827	23.2608
3.59114	23.3043
3.59201	23.3477
3.5931	23.3912
3.59641	23.4347
3.59722	23.4782
3.59754	23.5216
3.59796	23.5651
3.59865	23.6086
3.59952	23.6521
3.60399	23.6956
3.60567	23.739
3.60884	23.7825
3.61158	23.826
3.61327	23.8695
3.61585	23.9129
3.61776	23.9564
3.62047	23.9999
3.62244	24.0434
3.62518	24.085
3.62929	24.1267
3.63209	24.1684
3.63362	24.21
3.63409	24.2517
3.63489	24.2934
3.63554	24.335
3.6363	24.3767
3.63753	24.4184
3.63795	24.46
3.64195	24.5017
3.644	24.5434
3.64613	24.585
3.64738	24.6267
3.64866	24.6684
3.64999	24.71
3.6514	24.7517
3.6534	24.7934
3.65555	24.835
3.65751	24.8767
3.65902	24.9184
3.66104	24.96
3.6676	25.0017
3.67036	25.0417
3.67445	25.0817
3.67719	25.1217
3.68061	25.1617
3.68269	25.2017
3.68562	25.2417
3.68706	25.2817
3.68846	25.3217
3.68988	25.3617
3.69408	25.4017
3.69596	25.4417
3.70082	25.4817
3.70234	25.5217
3.70416	25.5617
3.70556	25.6017
3.70727	25.6417
3.70972	25.6817
3.71187	25.7217
3.71249	25.7617
3.71324	25.8017
3.71389	25.8417
3.71483	25.8817
3.7155	25.9217
3.71596	25.9617
3.71662	26.0017
3.71732	26.0402
3.71805	26.0786
3.71891	26.1171
3.7194	26.1556
3.72103	26.194
3.72382	26.2325
3.72787	26.2709
3.74088	26.3094
3.74727	26.3479
3.75779	26.3863
3.7583	26.4248
3.75967	26.4633
3.7611	26.5017
3.76247	26.5402
3.76395	26.5786
3.76515	26.6171
3.76587	26.6556
3.7672	26.694
3.76795	26.7325
3.76946	26.7709
3.77105	26.8094
3.77241	26.8479
3.77398	26.8863
3.77465	26.9248
3.77532	26.9633
3.7781	27.0017
3.77947	27.0388
3.78114	27.0758
3.78245	27.1128
3.7839	27.1499
3.78542	27.1869
3.78812	27.2239
3.79092	27.261
3.79916	27.298
3.80786	27.335
3.81324	27.3721
3.81343	27.4091
3.81427	27.4462
3.81554	27.4832
3.8167	27.5202
3.81946	27.5573
3.8201	27.5943
3.82144	27.6313
3.82287	27.6684
3.82418	27.7054
3.82568	27.7425
3.82774	27.7795
3.82846	27.8165
3.82911	27.8536
3.83001	27.8906
3.83187	27.9276
3.83481	27.9647
3.83537	28.0017
3.83675	28.0374
3.83811	28.0731
3.841	28.1089
3.84184	28.1446
3.84374	28.1803
3.84579	28.216
3.84648	28.2517
3.85057	28.2874
3.86202	28.3231
3.87151	28.3589
3.87362	28.3946
3.87469	28.4303
3.87548	28.466
3.87791	28.5017
3.87863	28.5374
3.87926	28.5731
3.8807	28.6089
3.88174	28.6446
3.88204	28.6803
3.88414	28.716
3.88779	28.7517
3.89044	28.7874
3.89798	28.8231
3.90007	28.8589
3.90144	28.8946
3.9044	28.9303
3.90503	28.966
3.9071	29.0017
3.90831	29.0362
3.9089	29.0707
3.91008	29.1052
3.91035	29.1396
3.91156	29.1741
3.91219	29.2086
3.91259	29.2431
3.91605	29.2776
3.91751	29.3121
3.92261	29.3465
3.92541	29.381
3.93023	29.4155
3.93165	29.45
3.93295	29.4845
3.9344	29.519
3.93636	29.5534
3.93715	29.5879
3.9379	29.6224
3.93851	29.6569
3.93932	29.6914
3.9402	29.7259
3.94073	29.7603
3.94266	29.7948
3.94339	29.8293
3.94564	29.8638
3.94951	29.8983
3.95454	29.9327
3.95562	29.9672
3.95704	30.0017
3.9585	30.035
3.95912	30.0684
3.96189	30.1017
3.9633	30.135
3.96455	30.1684
3.9659	30.2017
3.96663	30.235
3.96943	30.2684
3.97169	30.3017
3.97945	30.335
3.98078	30.3684
3.98252	30.4017
3.98363	30.435
3.98507	30.4684
3.98679	30.5017
3.99271	30.535
3.99401	30.5684
3.99605	30.6017
3.99678	30.635
3.99815	30.6684
3.99955	30.7017
4.00092	30.735
4.00223	30.7684
4.00297	30.8017
4.0077	30.835
4.00965	30.8684
4.0125	30.9017
4.01335	30.935
4.01454	30.9684
4.01726	31.0017
4.01958	31.034
4.02094	31.0662
4.02217	31.0985
4.02489	31.1307
4.02623	31.163
4.02836	31.1953
4.02979	31.2275
4.03382	31.2598
4.03665	31.292
4.04043	31.3243
4.04295	31.3566
4.0436	31.3888
4.04567	31.4211
4.05121	31.4533
4.05185	31.4856
4.05326	31.5178
4.05396	31.5501
4.05671	31.5824
4.05875	31.6146
4.06155	31.6469
4.06224	31.6791
4.06425	31.7114
4.0664	31.7436
4.06702	31.7759
4.06918	31.8082
4.07263	31.8404
4.07335	31.8727
4.07646	31.9049
4.07993	31.9372
4.08378	31.9695
4.08627	32.0017
4.08881	32.033
4.09182	32.0642
4.09317	32.0955
4.09591	32.1267
4.09757	32.158
4.09943	32.1892
4.10086	32.2205
4.10174	32.2517
4.10305	32.283
4.10848	32.3142
4.11204	32.3455
4.11361	32.3767
4.11645	32.408
4.117	32.4392
4.11826	32.4705
4.11895	32.5017
4.11965	32.533
4.12031	32.5642
4.12189	32.5955
4.12235	32.6267
4.12327	32.658
4.12443	32.6892
4.12817	32.7205
4.12947	32.7517
4.13424	32.783
4.13499	16.3915
4.1356	16.454
4.1362	16.5165
4.1376	16.579
4.13974	16.6415
4.14197	16.704
4.1438	16.7665
4.1465	16.829
4.14808	16.8915
4.15166	16.954
4.15479	17.0165
4.15839	17.0753
4.1596	17.1341
4.1603	17.193
4.16456	17.2518
4.16607	17.3106
4.16881	17.3694
4.17015	17.4282
4.17163	17.4871
4.17249	17.5459
4.174	17.6047
4.17477	17.6635
4.17521	17.7224
4.17724	17.7812
4.17954	17.84
4.18078	17.8988
4.18163	17.9577
4.18426	18.0165
4.18914	18.072
4.19217	18.1276
4.19941	18.1831
4.21342	18.2387
4.22227	18.2943
4.22291	18.3498
4.22439	18.4054
4.22519	18.4609
4.22563	18.5165
4.22639	18.572
4.22704	18.6276
4.22778	18.6831
4.22866	18.7387
4.23054	18.7943
4.23116	18.8498
4.23184	18.9054
4.23337	18.9609
4.23472	19.0165
4.23774	19.0691
4.24112	19.1217
4.24645	19.1744
4.25684	19.227
4.26559	19.2796
4.26764	19.3323
4.2689	19.3849
4.26988	9.69245
4.27015	9.80356
4.27211	9.91467
4.27323	10.0258
4.27419	10.1258
4.27639	10.2258
4.27759	10.3258
4.27839	10.4258
4.27904	10.5258
4.27967	10.6258
4.28175	10.7258
4.28244	10.8258
4.28449	10.9258
4.28589	11.0258
4.28822	11.1167
4.30051	11.2076
4.30648	11.2985
4.31095	11.3894
4.31235	11.4803
4.31602	11.5712
4.31723	11.6621
4.31792	11.7531
4.31923	11.844
4.31992	11.9349
4.32218	12.0258
4.32494	12.1091
4.32882	12.1925
4.33298	12.2758
4.33512	12.3591
4.33671	12.4425
4.34431	12.5258
4.34508	12.6091
4.34659	12.6925
4.3488	12.7758
4.35232	12.8591
4.35509	12.9425
4.3579	13.0258
4.35979	13.1027
4.36259	13.1796
4.36516	13.2566
4.36815	13.3335
4.36869	13.4104
4.37073	13.4873
4.37146	13.5642
4.37214	13.6412
4.37769	13.7181
4.37898	13.795
4.38051	13.8719
4.38247	13.9489
4.38455	14.0258
4.38522	14.0972
4.38876	14.1686
4.39024	14.2401
4.39241	14.3115
4.39589	14.3829
4.39713	14.4544
4.39771	14.5258
4.40005	14.5972
4.4014	14.6686
4.40205	14.7401
4.40414	14.8115
4.40485	14.8829
4.40633	14.9544
4.40698	15.0258
4.40758	15.0925
4.40996	15.1591
4.41101	15.2258
4.41377	15.2925
4.43711	15.3591
4.43785	15.4258
4.43818	15.4925
4.43867	15.5591
4.43945	15.6258
4.44078	15.6925
4.44153	15.7591
4.44294	15.8258
4.44587	15.8925
4.44631	15.9591
4.44696	16.0258
4.44888	16.0883
4.44972	16.1508
4.45057	16.2133
4.45247	16.2758
4.46702	16.3383
4.47285	16.4008
4.47429	16.4633
4.47532	16.5258
4.47836	16.5883
4.47954	16.6508
4.48328	16.7133
4.4852	16.7758
4.4873	16.8383
4.48863	16.9008
4.49067	16.9633
4.4927	17.0258
4.49545	17.0846
4.49753	17.1434
4.49961	17.2023
4.50101	17.2611
4.50484	17.3199
4.51808	17.3787
4.52093	17.4375
4.52383	17.4964
4.52694	17.5552
4.52791	17.614
4.53049	17.6728
4.53175	17.7317
4.53248	17.7905
4.53313	17.8493
4.53386	17.9081
4.5361	17.967
4.53779	18.0258
4.53827	18.0813
4.54049	18.1369
4.54653	18.1925
4.5486	18.248
4.55423	18.3036
4.56273	18.3591
4.56394	18.4147
4.57286	18.4702
4.58396	18.5258
4.58511	18.5813
4.58583	18.6369
4.58767	18.6925
4.58821	18.748
4.58847	18.8036
4.59102	18.8591
4.59348	18.9147
4.59646	18.9702
4.59894	19.0258
4.60046	19.0784
4.60531	19.131
4.60649	19.1837
4.6088	19.2363
4.62115	19.2889
4.62526	19.3416
4.62813	19.3942
4.64025	19.4468
4.64231	19.4995
4.64287	19.5521
4.64318	19.6047
4.64406	19.6574
4.64514	19.71
4.64573	19.7626
4.64985	19.8153
4.65056	19.8679
4.6524	19.9205
4.65521	19.9732
4.65789	20.0258
4.66071	20.0758
4.66207	20.1258
4.66427	20.1758
4.66569	20.2258
4.68704	20.2758
4.69	20.3258
4.69298	20.3758
4.6942	20.4258
4.69524	20.4758
4.69545	20.5258
4.69562	20.5758
4.69649	20.6258
4.69894	20.6758
4.6995	20.7258
4.71536	20.7758
4.71745	20.8258
4.71823	20.8758
4.71953	20.9258
4.72029	20.9758
4.72091	21.0258
4.72168	21.0734
4.72296	21.121
4.72501	21.1686
4.7264	21.2163
4.72779	21.2639
4.74087	21.3115
4.75444	21.3591
4.7555	21.4067
4.75703	21.4544
4.75978	21.502
4.76001	21.5496
4.76147	21.5972
4.76197	21.6448
4.76235	21.6925
4.77415	21.7401
4.77502	21.7877
4.77578	10.8938
4.77643	10.9938
4.77718	11.0938
4.77847	11.1848
4.77912	11.2757
4.7804	11.3666
4.78251	11.4575
4.78347	11.5484
4.785	11.6393
4.78564	11.7302
4.79259	11.8211
4.7939	11.912
4.79551	12.0029
4.79599	12.0863
4.80011	12.1696
4.80337	12.2529
4.80676	12.3363
4.81065	12.4196
4.81129	12.5029
4.81343	12.5863
4.81356	12.6696
4.82086	12.7529
4.82141	12.8363
4.82156	12.9196
4.82183	13.0029
4.82244	13.0799
4.82326	13.1568
4.82398	13.2337
4.82781	13.3106
4.83418	13.3876
4.83554	13.4645
4.83838	13.5414
4.83902	13.6183
4.85958	13.6952
4.86675	13.7722
4.86689	13.8491
4.86697	13.926
4.86824	14.0029
4.87029	14.0744
4.87124	14.1458
4.87314	14.2172
4.87528	14.2886
4.87749	14.3601
4.88028	14.4315
4.88333	14.5029
4.88642	14.5744
4.90183	14.6458
4.90413	14.7172
4.90577	14.7886
4.90704	14.8601
4.9085	14.9315
4.90974	15.0029
4.91339	15.0696
4.91445	15.1363
4.91578	15.2029
4.92295	15.2696
4.92555	15.3363
4.92693	15.4029
4.93432	15.4696
4.9348	15.5363
4.94566	15.6029
4.95155	15.6696
4.95387	15.7363
4.95595	15.8029
4.95748	15.8696
4.95936	15.9363
4.96022	16.0029
4.96083	16.0654
4.96144	16.1279
4.96278	16.1904
4.96806	16.2529
4.96873	16.3154
4.97073	16.3779
4.97543	16.4404
4.97677	16.5029
4.98602	16.5654
4.99132	16.6279
4.99198	16.6904
4.99268	16.7529
4.99343	16.8154
4.99496	16.8779
4.99644	16.9404
4.99705	17.0029
4.99777	17.0618
5.00053	17.1206
5.00292	17.1794
5.02524	17.2382
5.02747	17.2971
5.02812	17.3559
5.03018	17.4147
5.03041	17.4735
5.03241	17.5323
5.03553	17.5912
5.03754	17.65
5.04006	17.7088
5.04573	17.7676
5.04968	17.8265
5.05125	17.8853
5.05242	17.9441
5.05376	18.0029
5.05594	18.0585
5.058	18.114
5.05953	18.1696
5.07227	18.2252
5.07518	18.2807
5.07728	18.3363
5.07885	18.3918
5.08105	18.4474
5.0887	18.5029
5.09426	18.5585
5.0948	18.614
5.09647	18.6696
5.0976	18.7252
5.09962	18.7807
5.1004	18.8363
5.10234	18.8918
5.106	18.9474
5.10944	19.0029
5.11633	19.0556
5.12262	19.1082
5.12311	19.1608
5.13772	19.2135
5.13979	19.2661
5.13982	19.3187
5.14092	19.3714
5.1411	19.424
5.14436	19.4766
5.1473	19.5293
5.14783	19.5819
5.14921	19.6345
5.15219	19.6871
5.15535	19.7398
5.15742	19.7924
5.16271	19.845
5.16408	19.8977
5.16577	19.9503
5.16682	20.0029
5.16751	20.0529
5.1825	20.1029
5.18419	20.1529
5.19013	20.2029
5.19199	20.2529
5.19359	20.3029
5.20187	20.3529
5.20478	20.4029
5.2134	20.4529
5.21449	20.5029
5.21455	20.5529
5.21487	20.6029
5.21516	20.6529
5.21598	20.7029
5.21677	20.7529
5.21815	20.8029
5.21838	20.8529
5.21877	20.9029
5.21932	20.9529
5.22069	21.0029
5.2238	21.0506
5.22978	21.0982
5.23235	21.1458
5.24152	21.1934
5.24359	21.241
5.24514	21.2886
5.24825	21.3363
5.25167	21.3839
5.26583	21.4315
5.26719	21.4791
5.26809	21.5267
5.26924	21.5744
5.27062	21.622
5.27222	21.6696
5.27276	21.7172
5.28106	21.7648
5.28235	21.8125
5.28367	10.9062
5.2865	11.0062
5.28786	11.0971
5.28916	11.188
5.29201	11.279
5.29539	11.3699
5.29675	11.4608
5.29949	11.5517
5.30228	11.6426
5.30295	11.7335
5.30437	11.8244
5.30509	11.9153
5.3211	12.0062
5.32611	12.0896
5.3274	12.1729
5.32876	12.2562
5.33106	12.3396
5.33369	12.4229
5.33434	12.5062
5.33643	12.5896
5.33718	12.6729
5.34484	12.7562
5.34719	12.8396
5.36907	12.9229
5.37062	13.0062
5.37711	13.0832
5.37873	13.1601
5.37995	13.237
5.3821	13.3139
5.38423	13.3908
5.38584	13.4678
5.38939	13.5447
5.39179	13.6216
5.41275	13.6985
5.41337	13.7755
5.4241	13.8524
5.42667	13.9293
5.42813	14.0062
5.4316	14.0777
5.43271	14.1491
5.43554	14.2205
5.43636	14.2919
5.44041	14.3634
5.44751	14.4348
5.45378	14.5062
5.45651	14.5777
5.46188	14.6491
5.46266	14.7205
5.47855	14.7919
5.47932	14.8634
5.48005	14.9348
5.48077	15.0062
5.48162	15.0729
5.48717	15.1396
5.49394	15.2062
5.4994	15.2729
5.50821	15.3396
5.51161	15.4062
5.51366	15.4729
5.51446	15.5396
5.51847	15.6062
5.51882	15.6729
5.53478	15.7396
5.53531	15.8062
5.53597	15.8729
5.53754	15.9396
5.53867	16.0062
5.54209	16.0687
5.55928	16.1312
5.56194	16.1937
5.56333	16.2562
5.5661	16.3187
5.56749	16.3812
5.57238	16.4437
5.57718	16.5062
5.58752	16.5687
5.5892	16.6312
5.59732	16.6937
5.59807	16.7562
5.59872	16.8187
5.5994	16.8812
5.60012	16.9437
5.60082	17.0062
5.60142	17.0651
5.60217	17.1239
5.60287	17.1827
5.60449	17.2415
5.61735	17.3003
5.62005	17.3592
5.62211	17.418
5.62416	17.4768
5.62699	17.5356
5.63041	17.5945
5.65391	17.6533
5.65423	17.7121
5.65471	17.7709
5.65532	17.8298
5.65633	17.8886
5.65898	17.9474
5.65947	18.0062
5.66378	18.0618
5.66575	18.1173
5.66706	18.1729
5.66771	18.2285
5.67056	18.284
5.67246	18.3396
5.67469	18.3951
5.68224	18.4507
5.68654	18.5062
5.68823	18.5618
5.71859	18.6173
5.71875	18.6729
5.71989	18.7285
5.72114	18.784
5.72262	18.8396
5.72383	18.8951
5.7252	18.9507
5.72594	19.0062
5.7275	19.0589
5.72797	19.1115
5.72865	19.1641
5.73005	19.2168
5.7314	19.2694
5.73206	19.322
5.73292	19.3747
5.73353	19.4273
5.73775	19.4799
5.73823	19.5325
5.76031	19.5852
5.76239	19.6378
5.76366	19.6904
5.76525	19.7431
5.76707	19.7957
5.76849	19.8483
5.76993	19.901
5.77121	19.9536
5.7726	20.0062
5.77537	20.0562
5.77808	20.1062
5.78015	20.1562
5.78246	20.2062
5.78371	20.2562
5.78562	20.3062
5.78783	20.3562
5.79071	20.4062
5.80061	20.4562
5.80167	20.5062
5.80904	20.5562
5.81416	20.6062
5.8162	20.6562
5.82096	20.7062
5.82657	20.7562
5.83133	20.8062
5.83323	20.8562
5.83355	20.9062
5.83394	20.9562
5.83447	21.0062
5.83555	21.0538
5.8378	21.1015
5.83834	21.1491
5.83965	21.1967
5.84108	21.2443
5.84452	21.2919
5.84723	21.3396
5.84927	21.3872
5.85434	21.4348
5.85505	21.4824
5.85714	21.53
5.85762	21.5777
5.85787	21.6253
5.85815	21.6729
5.85983	21.7205
5.86606	21.7681
5.87081	21.8158
5.87422	21.8634
5.87561	21.911
5.88039	21.9586
5.88177	22.0062
5.88745	22.0517
5.88813	22.0971
5.88953	22.1426
5.89039	22.188
5.89159	22.2335
5.89429	22.279
5.8964	22.3244
5.89916	22.3699
5.90335	22.4153
5.90478	22.4608
5.91325	22.5062
5.91388	22.5517
5.91481	22.5971
5.91579	22.6426
5.91696	22.688
5.91733	22.7335
5.92001	22.779
5.92482	22.8244
5.92636	22.8699
5.92818	22.9153
5.9304	22.9608
5.93093	23.0062
5.93927	23.0497
5.94057	23.0932
5.94402	23.1367
5.94668	23.1801
5.94757	23.2236
5.94845	23.2671
5.94957	23.3106
5.95031	23.3541
5.95941	23.3975
5.9609	23.441
5.96702	23.4845
5.96869	23.528
5.97105	23.5714
5.97309	23.6149
5.97455	23.6584
5.97598	23.7019
5.97708	23.7454
5.97764	23.7888
5.97903	23.8323
5.98031	23.8758
5.98178	23.9193
5.98282	23.9628
5.98428	24.0062
5.99117	24.0479
5.99466	24.0896
5.99877	24.1312
6.00294	24.1729
6.00482	24.2146
6.00763	24.2562
6.00991	24.2979
6.01174	24.3396
6.01714	24.3812
6.01747	24.4229
6.01862	24.4646
6.01898	24.5062
6.01963	24.5479
6.02002	24.5896
6.02101	24.6312
6.02333	24.6729
6.02442	24.7146
6.02587	24.7562
6.02738	24.7979
6.02852	24.8396
6.02985	24.8812
6.03149	24.9229
6.0329	24.9646
6.0336	25.0062
6.03436	25.0462
6.03554	25.0862
6.03676	25.1262
6.04518	25.1662
6.04918	25.2062
6.05128	25.2462
6.05258	25.2862
6.05413	25.3262
6.07139	25.3662
6.07228	25.4062
6.0753	25.4462
6.07735	25.4862
6.079	25.5262
6.07946	25.5662
6.0803	25.6062
6.0804	25.6462
6.08059	25.6862
6.08074	25.7262
6.08098	25.7662
6.08108	25.8062
6.0816	25.8462
6.08211	12.9231
6.08243	13.0064
6.08318	13.0834
6.08463	13.1603
6.08504	13.2372
6.08549	13.3141
6.08572	13.3911
6.08607	13.468
6.08696	13.5449
6.08762	13.6218
6.08906	13.6988
6.09872	13.7757
6.11886	13.8526
6.12158	13.9295
6.12548	14.0064
6.13492	14.0779
6.13709	14.1493
6.13856	14.2207
6.13896	14.2922
6.1414	14.3636
6.14413	14.435
6.14654	14.5064
6.14733	14.5779
6.1487	14.6493
6.15075	14.7207
6.187	14.7922
6.18976	14.8636
6.20076	14.935
6.20126	15.0064
6.203	15.0731
6.20341	15.1398
6.20484	15.2064
6.20556	15.2731
6.20832	15.3398
6.21038	15.4064
6.21138	15.4731
6.21292	15.5398
6.21365	15.6064
6.21508	15.6731
6.2412	15.7398
6.24538	15.8064
6.25146	15.8731
6.25288	15.9398
6.25556	16.0064
6.25771	16.0689
6.26043	16.1314
6.26325	16.1939
6.26515	16.2564
6.26806	16.3189
6.26937	16.3814
6.27074	16.4439
6.27145	16.5064
6.27391	16.5689
6.27486	16.6314
6.29815	16.6939
6.29861	16.7564
6.29903	16.8189
6.29938	16.8814
6.29994	16.9439
6.30056	17.0064
6.30121	17.0653
6.30875	17.1241
6.31975	17.1829
6.32185	17.2417
6.32265	17.3006
6.32492	17.3594
6.3254	17.4182
6.3268	17.477
6.32881	17.5359
6.32952	17.5947
6.35559	17.6535
6.35596	17.7123
6.35798	17.7712
6.36623	17.83
6.37103	17.8888
6.37653	17.9476
6.38141	18.0064
6.3853	18.062
6.3856	18.1176
6.38622	18.1731
6.38655	18.2287
6.38668	18.2842
6.38694	18.3398
6.38768	18.3953
6.38836	18.4509
6.38997	18.5064
6.39049	18.562
6.41226	18.6176
6.41268	18.6731
6.41286	18.7287
6.41338	18.7842
6.41369	18.8398
6.41677	18.8953
6.42577	18.9509
6.4271	19.0064
6.43189	19.0591
6.43543	19.1117
6.43728	19.1643
6.43966	19.217
6.44088	19.2696
6.44249	19.3222
6.44335	19.3749
6.44571	19.4275
6.44645	19.4801
6.4478	19.5328
6.46197	19.5854
6.46306	19.638
6.4645	19.6907
6.46676	19.7433
6.46822	19.7959
6.46932	19.8486
6.47093	19.9012
6.47211	19.9538
6.47275	20.0064
6.47578	20.0564
6.47762	20.1064
6.48061	20.1564
6.48334	20.2064
6.48424	20.2564
6.48536	20.3064
6.48704	20.3564
6.48882	20.4064
6.4922	20.4564
6.49392	20.5064
6.51085	20.5564
6.51242	20.6064
6.51275	20.6564
6.5132	20.7064
6.51373	20.7564
6.51451	20.8064
6.51515	20.8564
6.51579	20.9064
6.51696	20.9564
6.51822	21.0064
6.5223	21.0541
6.52693	21.1017
6.53519	21.1493
6.54217	21.1969
6.54546	21.2445
6.54752	21.2922
6.54979	21.3398
6.55098	21.3874
6.55553	21.435
6.55797	21.4826
6.5745	21.5303
6.57726	21.5779
6.57793	21.6255
6.57869	21.6731
6.57931	21.7207
6.58003	21.7684
6.5807	21.816
6.58209	21.8636
6.58281	21.9112
6.58356	21.9588
6.58421	22.0064
6.5893	22.0519
6.59547	22.0974
6.59796	22.1428
6.60033	22.1883
6.60535	22.2337
6.60883	22.2792
6.61137	22.3246
6.61763	22.3701
6.6199	22.4155
6.62456	11.2078
6.6392	11.2987
6.64049	11.3896
6.64125	11.4805
6.64265	11.5714
6.64398	11.6623
6.64549	11.7532
6.64677	11.8441
6.64827	11.935
6.6504	12.026
6.65099	12.1093
6.65173	12.1926
6.65245	12.276
6.65366	12.3593
6.65591	12.4426
6.65735	12.526
6.65867	12.6093
6.67093	12.6926
6.67572	12.776
6.67844	12.8593
6.68294	12.9426
6.68415	13.026
6.69888	13.1029
6.69907	13.1798
6.69947	13.2567
6.70111	13.3336
6.70234	13.4106
6.70363	13.4875
6.7091	13.5644
6.71279	13.6413
6.71958	13.7183
6.72099	13.7952
6.72229	13.8721
6.72559	13.949
6.72626	14.026
6.76377	14.0974
6.76842	14.1688
6.76954	14.2402
6.77162	14.3117
6.78347	14.3831
6.78467	14.4545
6.79303	14.526
6.79914	14.5974
6.80326	14.6688
6.80394	14.7402
6.80604	14.8117
6.80874	14.8831
6.81011	14.9545
6.81213	15.026
6.834	15.0926
6.8402	15.1593
6.84173	15.226
6.84362	15.2926
6.84847	15.3593
6.85154	15.426
6.85509	15.4926
6.86169	15.5593
6.87046	15.626
6.87115	15.6926
6.87258	15.7593
6.87416	15.826
6.87523	15.8926
6.87808	15.9593
6.88006	16.026
6.88734	16.0885
6.88874	16.151
6.88992	16.2135
6.89339	16.276
6.89637	16.3385
6.90096	16.401
6.90781	16.4635
6.91148	16.526
6.91283	16.5885
6.91423	16.651
6.91558	16.7135
6.91705	16.776
6.91782	16.8385
6.9218	16.901
6.92451	16.9635
6.92727	17.026
6.93897	17.0848
6.94098	17.1436
6.94258	17.2024
6.94311	17.2612
6.94446	17.3201
6.9451	17.3789
6.95029	17.4377
6.96044	17.4965
6.96191	17.5554
6.96331	17.6142
6.96517	17.673
6.96725	17.7318
6.96863	17.7907
6.97071	17.8495
6.97274	17.9083
6.97487	17.9671
6.97684	18.026
6.9831	18.0815
6.98396	18.1371
6.98447	18.1926
6.98524	18.2482
6.98867	18.3037
6.99278	18.3593
7.00113	18.4148
7.00746	18.4704
7.00819	18.526
7.0087	18.5815
7.01003	18.6371
7.01212	18.6926
7.01415	18.7482
7.01756	18.8037
7.02126	18.8593
7.0253	18.9148
7.02805	18.9704
7.02955	19.026
7.03672	19.0786
7.03796	19.1312
7.03927	19.1838
7.0419	19.2365
7.04879	19.2891
7.05015	19.3417
7.05489	19.3944
7.05631	19.447
7.05704	19.4996
7.05771	19.5523
7.05904	19.6049
7.06012	19.6575
7.06101	19.7102
7.07019	19.7628
7.07299	19.8154
7.07369	19.8681
7.07529	19.9207
7.0765	19.9733
7.07715	20.026
7.09091	20.076
7.09167	20.126
7.09308	20.176
7.09432	20.226
7.09633	20.276
7.09776	20.326
7.09842	20.376
7.10001	20.426
7.1014	20.476
7.10188	20.526
7.10282	20.576
7.10402	20.626
7.10681	20.676
7.11442	20.726
7.13029	20.776
7.13236	20.826
7.13374	20.876
7.13575	20.926
7.13645	20.976
7.13716	21.026
7.14125	21.0736
7.14201	21.1212
7.14278	21.1688
7.14335	21.2164
7.14479	21.264
7.14589	21.3117
7.14632	21.3593
7.14767	21.4069
7.14833	21.4545
7.15316	21.5021
7.15381	21.5498
7.15671	21.5974
7.15804	21.645
7.16086	21.6926
7.17382	21.7402
7.17868	21.7879
7.18418	21.8355
7.18486	21.8831
7.18691	21.9307
7.18771	21.9783
7.18842	22.026
7.19093	22.0714
7.19194	22.1169
7.19251	22.1623
7.19484	22.2078
7.19594	22.2532
7.19666	22.2987
7.19878	22.3441
7.20031	22.3896
7.20174	22.435
7.20369	22.4805
7.20578	22.526
7.20798	22.5714
7.20995	22.6169
7.21258	22.6623
7.2277	22.7078
7.23179	22.7532
7.23458	22.7987
7.23534	22.8441
7.23641	22.8896
7.23892	22.935
7.24361	22.9805
7.2452	23.026
7.24683	23.0694
7.2473	23.1129
7.24791	23.1564
7.24937	23.1999
7.25063	23.2433
7.25223	23.2868
7.2528	23.3303
7.25412	23.3738
7.25565	23.4173
7.25679	23.4607
7.25755	23.5042
7.25836	23.5477
7.25954	23.5912
7.26406	23.6346
7.27417	23.6781
7.27588	23.7216
7.27683	23.7651
7.27745	23.8086
7.27756	23.852
7.279	23.8955
7.28146	23.939
7.28184	23.9825
7.28312	24.026
7.29533	24.0676
7.29574	24.1093
7.29597	24.151
7.29938	24.1926
7.30009	24.2343
7.30051	24.276
7.3013	24.3176
7.30172	24.3593
7.30264	24.401
7.30462	24.4426
7.30599	24.4843
7.30896	24.526
7.31194	24.5676
7.31632	24.6093
7.3178	24.651
7.3212	24.6926
7.32272	24.7343
7.32453	24.776
7.32795	24.8176
7.3295	24.8593
7.33011	24.901
7.33193	24.9426
7.33245	24.9843
7.33377	25.026
7.34151	25.066
7.34371	25.106
7.34486	25.146
7.34988	25.186
7.35188	25.226
7.35312	25.266
7.35447	25.306
7.35656	25.346
7.35791	25.386
7.35932	25.426
7.3607	25.466
7.36138	25.506
7.36208	25.546
7.36279	25.586
7.36439	25.626
7.36584	25.666
7.367	25.706
7.36834	25.746
7.37183	25.786
7.37658	25.826
7.37803	25.866
7.37873	25.906
7.38072	25.946
7.38389	25.986
7.38558	26.026
7.39244	26.0644
7.3946	26.1029
7.39569	26.1413
7.39757	26.1798
7.39777	26.2183
7.39789	26.2567
7.39966	26.2952
7.40103	26.3336
7.40308	26.3721
7.40643	26.4106
7.41077	26.449
7.41283	26.4875
7.41473	26.526
7.41832	26.5644
7.41953	26.6029
7.42026	26.6413
7.42096	26.6798
7.4216	26.7183
7.42295	26.7567
7.42366	26.7952
7.42506	26.8336
7.42926	26.8721
7.43055	26.9106
7.43349	26.949
7.43516	26.9875
7.43563	27.026
7.4414	27.063
7.44539	27.1
7.44941	27.1371
7.45442	27.1741
7.45493	27.2111
7.45576	27.2482
7.45672	27.2852
7.45857	27.3222
7.46204	27.3593
7.4632	27.3963
7.46526	27.4334
7.46729	27.4704
7.46942	27.5074
7.47298	27.5445
7.47567	27.5815
7.47845	27.6185
7.48181	27.6556
7.48404	27.6926
7.48528	27.7297
7.48622	27.7667
7.4882	27.8037
7.49072	27.8408
7.49344	27.8778
7.49507	27.9148
7.4962	27.9519
7.49758	27.9889
7.49899	28.026
7.4997	28.0617
7.50045	28.0974
7.50112	28.1331
7.51038	28.1688
7.51135	28.2045
7.51168	28.2402
7.51243	28.276
7.514	28.3117
7.51625	28.3474
7.51752	28.3831
7.52017	28.4188
7.52481	28.4545
7.52608	28.4902
7.52817	28.526
7.53021	28.5617
7.5323	28.5974
7.5366	28.6331
7.53793	28.6688
7.53995	28.7045
7.54076	28.7402
7.54162	28.776
7.54272	28.8117
7.54299	28.8474
7.54359	28.8831
7.54422	28.9188
7.5451	28.9545
7.54569	28.9902
7.54625	29.026
7.54788	29.0604
7.55108	29.0949
7.55333	29.1294
7.56555	29.1639
7.56761	29.1984
7.56902	29.2328
7.5705	29.2673
7.57109	29.3018
7.57531	29.3363
7.57895	29.3708
7.58218	29.4053
7.58491	29.4397
7.5863	29.4742
7.5878	29.5087
7.58903	29.5432
7.59246	29.5777
7.59522	29.6122
7.59589	29.6466
7.59729	29.6811
7.60007	29.7156
7.60149	29.7501
7.60347	29.7846
7.6049	29.8191
7.60694	29.8535
7.61038	29.888
7.61301	29.9225
7.61373	29.957
7.61414	29.9915
7.61427	30.026
7.61465	30.0593
7.61621	30.0926
7.62425	30.126
7.63045	30.1593
7.63252	30.1926
7.63327	30.226
7.63527	30.2593
7.63661	30.2926
7.63823	30.326
7.64282	30.3593
7.64527	30.3926
7.6469	30.426
7.64759	30.4593
7.64979	30.4926
7.65178	30.526
7.65557	30.5593
7.65684	30.5926
7.65827	30.626
7.65962	30.6593
7.66307	30.6926
7.66568	30.726
7.66705	30.7593
7.6696	30.7926
7.67052	30.826
7.67203	30.8593
7.67459	30.8926
7.6762	30.926
7.67728	30.9593
7.67876	30.9926
7.67946	31.026
7.6815	31.0582
7.68285	31.0905
7.68426	31.1227
7.68913	31.155
7.6993	31.1872
7.70031	31.2195
7.70145	31.2518
7.70374	31.284
7.70497	31.3163
7.71209	31.3485
7.71742	31.3808
7.71812	31.413
7.71949	31.4453
7.72011	31.4776
7.72081	31.5098
7.72148	31.5421
7.72217	31.5743
7.72286	31.6066
7.72362	31.6389
7.72492	31.6711
7.7311	31.7034
7.7383	31.7356
7.73909	31.7679
7.74014	31.8001
7.74064	31.8324
7.74106	31.8647
7.74164	31.8969
7.74318	31.9292
7.74776	31.9614
7.75073	31.9937
7.75327	32.026
7.75819	32.0572
7.76084	32.0885
7.76422	32.1197
7.76701	32.151
7.77116	32.1822
7.77264	32.2135
7.7748	32.2447
7.77666	32.276
7.77872	32.3072
7.78146	32.3385
7.78224	32.3697
7.78328	32.401
7.78381	32.4322
7.78444	32.4635
7.78525	32.4947
7.78779	32.526
7.78984	32.5572
7.79192	32.5885
7.79351	32.6197
7.79607	32.651
7.80119	32.6822
7.807	32.7135
7.80779	32.7447
7.8126	32.776
7.81394	32.8072
7.81531	32.8385
7.8167	32.8697
7.81807	32.901
7.82017	32.9322
7.82154	32.9635
7.82218	32.9947
7.82358	16.4974
7.82564	16.5599
7.82818	16.6224
7.8296	16.6849
7.82989	16.7474
7.83473	16.8099
7.83699	16.8724
7.8403	16.9349
7.8424	16.9974
7.84536	17.0599
7.84658	17.1187
7.8472	17.1775
7.84855	17.2363
7.8493	17.2951
7.85023	17.354
7.85419	17.4128
7.85672	17.4716
7.85695	17.5304
7.85878	17.5893
7.8593	17.6481
7.86052	17.7069
7.86181	17.7657
7.86313	17.8246
7.86387	17.8834
7.86523	17.9422
7.86599	18.001
7.86757	18.0566
7.86868	18.1121
7.87027	18.1677
7.87225	18.2232
7.87903	18.2788
7.88032	18.3344
7.88875	18.3899
7.89019	18.4455
7.89148	18.501
7.89639	18.5566
7.89709	18.6121
7.90058	18.6677
7.90532	18.7232
7.90679	18.7788
7.90969	18.8344
7.91221	18.8899
7.91912	18.9455
7.92059	19.001
7.92186	19.0537
7.92351	19.1063
7.92398	19.1589
7.92455	19.2116
7.92543	19.2642
7.92604	19.3168
7.93682	19.3694
7.93797	19.4221
7.93895	19.4747
7.94459	19.5273
7.94531	19.58
7.94969	19.6326
7.95017	19.6852
7.95083	19.7379
7.95183	19.7905
7.95289	19.8431
7.95446	19.8958
7.95576	19.9484
7.95716	20.001
7.95884	20.051
7.96196	20.101
7.96471	20.151
7.96612	20.201
7.97022	20.251
7.97229	20.301
7.98861	20.351
7.99385	20.401
7.99481	20.451
7.99624	20.501
7.99868	20.551
8.00138	20.601
8.00215	20.651
8.00442	20.701
8.005	20.751
8.00629	20.801
8.0097	20.851
8.01138	20.901
8.01274	20.951
8.01412	21.001
8.01551	21.0486
8.01758	21.0963
8.02036	21.1439
8.02327	21.1915
8.02676	21.2391
8.02918	21.2867
8.04197	21.3344
8.04565	21.382
8.04978	21.4296
8.0518	21.4772
8.05522	21.5248
8.06148	21.5725
8.06383	21.6201
8.06564	21.6677
8.06655	21.7153
8.06718	21.7629
8.06783	21.8106
8.06836	21.8582
8.06935	21.9058
8.07048	21.9534
8.07186	22.001
8.07345	22.0465
8.07458	22.0919
8.07598	22.1374
8.07741	22.1828
8.07876	22.2283
8.08034	22.2738
8.10173	22.3192
8.1053	22.3647
8.1057	22.4101
8.10661	22.4556
8.11205	22.501
8.11735	22.5465
8.12013	22.5919
8.12356	22.6374
8.12562	22.6828
8.12699	22.7283
8.12839	22.7738
8.12981	22.8192
8.13044	22.8647
8.13186	22.9101
8.13322	22.9556
8.13384	23.001
8.13531	23.0445
8.13941	23.088
8.1422	23.1315
8.14492	23.1749
8.14845	23.2184
8.14973	23.2619
8.16199	23.3054
8.16977	23.3489
8.17121	23.3923
8.17626	23.4358
8.18017	23.4793
8.18156	23.5228
8.18365	23.5662
8.18639	23.6097
8.18912	23.6532
8.19055	23.6967
8.19326	23.7402
8.19531	23.7836
8.19804	23.8271
8.20168	23.8706
8.20292	23.9141
8.20585	23.9575
8.20697	24.001
8.20842	24.0427
8.21137	24.0844
8.21176	24.126
8.21213	24.1677
8.21259	24.2094
8.21327	24.251
8.23527	24.2927
8.23627	24.3344
8.23772	24.376
8.23885	24.4177
8.24049	24.4594
8.24314	24.501
8.24441	24.5427
8.25211	24.5844
8.2527	24.626
8.2536	24.6677
8.25417	24.7094
8.25488	24.751
8.25552	24.7927
8.25644	24.8344
8.25698	12.4172
8.25961	12.5005
8.26099	12.5838
8.26373	12.6672
8.26509	12.7505
8.27205	12.8338
8.27277	12.9172
8.27346	13.0005
8.2741	13.0774
8.2755	13.1544
8.30218	13.2313
8.30418	13.3082
8.30577	13.3851
8.30763	13.4621
8.30901	13.539
8.31037	13.6159
8.31679	13.6928
8.31812	13.7697
8.31958	13.8467
8.32093	13.9236
8.32178	14.0005
8.32231	14.0719
8.32304	14.1434
8.3494	14.2148
8.34946	14.2862
8.34961	14.3577
8.35012	14.4291
8.35084	14.5005
8.35166	14.5719
8.36015	14.6434
8.3614	14.7148
8.36334	14.7862
8.36489	14.8577
8.3667	14.9291
8.36742	15.0005
8.3684	15.0672
8.37035	15.1338
8.39854	15.2005
8.39993	15.2672
8.40199	15.3338
8.4029	15.4005
8.40404	15.4672
8.40556	15.5338
8.41381	15.6005
8.41585	15.6672
8.41656	15.7338
8.41928	15.8005
8.42203	15.8672
8.42271	15.9338
8.42408	16.0005
8.42553	16.063
8.42702	16.1255
8.44378	16.188
8.44649	16.2505
8.44941	16.313
8.45115	16.3755
8.45265	16.438
8.45395	16.5005
8.45965	16.563
8.461	16.6255
8.46235	16.688
8.4645	16.7505
8.46574	16.813
8.46737	16.8755
8.46966	16.938
8.46995	17.0005
8.47064	17.0593
8.47147	17.1182
8.49479	17.177
8.49894	17.2358
8.50244	17.2946
8.50445	17.3535
8.50604	17.4123
8.50742	17.4711
8.51488	17.5299
8.51715	17.5887
8.51976	17.6476
8.52245	17.7064
8.52457	17.7652
8.52675	17.824
8.53023	17.8829
8.53143	17.9417
8.53418	18.0005
8.53619	18.0561
8.53827	18.1116
8.56323	18.1672
8.56395	18.2227
8.56528	18.2783
8.56664	18.3338
8.56801	18.3894
8.56947	18.445
8.582	18.5005
8.58332	18.5561
8.58469	18.6116
8.58626	18.6672
8.5881	18.7227
8.58959	18.7783
8.59152	18.8338
8.5936	18.8894
8.59909	18.945
8.60118	19.0005
8.60255	19.0531
8.60389	19.1058
8.62218	19.1584
8.62553	19.211
8.62831	19.2637
8.63089	19.3163
8.63431	19.3689
8.63751	19.4216
8.652	19.4742
8.65405	19.5268
8.6562	19.5795
8.65748	19.6321
8.65886	19.6847
8.66163	19.7374
8.66231	19.79
8.66368	19.8426
8.66569	19.8953
8.6681	19.9479
8.66859	20.0005
8.6695	20.0505
8.66996	20.1005
8.69752	20.1505
8.70174	20.2005
8.70239	20.2505
8.70311	20.3005
8.70459	20.3505
8.70796	20.4005
8.7213	20.4505
8.7226	20.5005
8.72661	20.5505
8.72793	20.6005
8.72935	20.6505
8.7307	20.7005
8.73213	20.7505
8.73418	20.8005
8.73561	20.8505
8.73618	20.9005
8.73762	20.9505
8.73986	21.0005
8.74676	21.0481
8.74944	21.0958
8.76913	21.1434
8.78261	21.191
8.78623	21.2386
8.78949	21.2862
8.79513	21.3338
8.79645	21.3815
8.79923	21.4291
8.8006	21.4767
8.80132	21.5243
8.80282	21.5719
8.80413	21.6196
8.80481	21.6672
8.80578	21.7148
8.80614	21.7624
8.80691	21.81
8.80826	21.8577
8.80966	21.9053
8.8152	21.9529
8.81653	22.0005
8.83039	22.046
8.83174	22.0914
8.85697	22.1369
8.85894	22.1823
8.86091	22.2278
8.86374	22.2732
8.87151	22.3187
8.87215	22.3641
8.87421	22.4096
8.87561	22.4551
8.87625	22.5005
8.88038	22.546
8.88385	22.5914
8.88537	22.6369
8.88738	22.6823
8.88945	22.7278
8.89415	22.7732
8.8969	22.8187
8.90129	22.8641
8.90479	22.9096
8.90598	22.9551
8.90798	23.0005
8.91153	23.044
8.91219	23.0875
8.91403	23.1309
8.91474	23.1744
8.9157	23.2179
8.91682	23.2614
8.92091	23.3049
8.92219	23.3483
8.92426	23.3918
8.92631	23.4353
8.92835	23.4788
8.93043	23.5223
8.93409	23.5657
8.93662	23.6092
8.94076	23.6527
8.94207	23.6962
8.94418	23.7396
8.94558	23.7831
8.94698	23.8266
8.94765	23.8701
8.94831	23.9136
8.94904	23.957
8.94967	24.0005
8.95035	24.0422
8.95108	24.0838
8.95518	24.1255
8.96002	24.1672
8.96275	24.2088
8.96393	24.2505
8.96444	24.2922
8.96531	24.3338
8.96632	24.3755
8.96644	24.4172
8.96819	24.4588
8.97008	24.5005
8.97049	24.5422
8.97139	24.5838
8.97239	24.6255
8.9744	24.6672
8.97537	24.7088
8.98127	24.7505
8.98195	24.7922
8.98266	24.8338
8.98623	24.8755
8.98868	24.9172
8.98969	24.9588
8.99014	25.0005
8.99202	25.0405
8.99497	25.0805
9.00124	25.1205
9.00327	25.1605
9.00533	25.2005
9.00674	25.2405
9.00731	25.2805
9.0087	25.3205
9.0108	25.3605
9.01147	25.4005
9.01496	25.4405
9.0177	25.4805
9.01841	25.5205
9.01908	25.5605
9.01974	25.6005
9.0204	25.6405
9.02118	25.6805
9.02184	25.7205
9.02249	25.7605
9.02421	25.8005
9.02488	25.8405
9.02564	25.8805
9.02629	25.9205
9.02695	25.9605
9.02765	26.0005
9.02835	26.039
9.02904	26.0774
9.02984	26.1159
9.0304	26.1544
9.0311	26.1928
9.03319	26.2313
9.03456	26.2697
9.03599	26.3082
9.04365	26.3467
9.04432	26.3851
9.0472	26.4236
9.05191	26.4621
9.05729	26.5005
9.05936	26.539
9.06079	26.5774
9.06209	26.6159
9.06346	26.6544
9.06421	26.6928
9.06582	26.7313
9.06691	26.7697
9.06845	26.8082
9.06981	26.8467
9.07196	26.8851
9.07315	26.9236
9.07453	26.9621
9.07592	27.0005
9.07666	27.0376
9.07755	27.0746
9.07814	27.1116
9.07873	27.1487
9.07939	27.1857
9.08146	27.2227
9.08285	27.2598
9.08491	27.2968
9.09111	27.3338
9.0925	27.3709
9.09657	27.4079
9.10004	27.445
9.10473	27.482
9.10604	27.519
9.10752	27.5561
9.10968	27.5931
9.1102	27.6301
9.11475	27.6672
9.11528	27.7042
9.11575	27.7413
9.11645	27.7783
9.11743	27.8153
9.11797	27.8524
9.11989	27.8894
9.12056	27.9264
9.12191	27.9635
9.12275	28.0005
9.12404	28.0362
9.12466	28.0719
9.12603	28.1077
9.12821	28.1434
9.12905	28.1791
9.1295	28.2148
9.13093	28.2505
9.13348	28.2862
9.14574	28.3219
9.14714	28.3577
9.15659	28.3934
9.16216	28.4291
9.16419	28.4648
9.16486	28.5005
9.16798	28.5362
9.16881	28.5719
9.16903	28.6077
9.16941	28.6434
9.17862	28.6791
9.17935	28.7148
9.17959	28.7505
9.17995	28.7862
9.18016	28.8219
9.18045	28.8577
9.18072	28.8934
9.18088	28.9291
9.18225	28.9648
9.18288	29.0005
9.1845	29.035
9.18567	29.0695
9.18768	29.104
9.19458	29.1384
9.19799	29.1729
9.19939	29.2074
9.20283	29.2419
9.20484	29.2764
9.20979	29.3109
9.21124	29.3453
9.2122	29.3798
9.2154	29.4143
9.21815	29.4488
9.21883	29.4833
9.2202	29.5178
9.22091	29.5522
9.22168	29.5867
9.22372	29.6212
9.22498	29.6557
9.2279	29.6902
9.23055	29.7247
9.23188	29.7591
9.2326	29.7936
9.23397	29.8281
9.23604	29.8626
9.23802	29.8971
9.24018	29.9315
9.24428	29.966
9.24563	30.0005
9.24705	30.0338
9.24838	30.0672
9.24979	30.1005
9.25372	30.1338
9.25705	30.1672
9.25766	30.2005
9.25804	30.2338
9.25866	30.2672
9.26014	30.3005
9.26081	30.3338
9.26211	30.3672
9.26289	30.4005
9.26344	30.4338
9.26412	30.4672
9.26501	30.5005
9.26696	30.5338
9.26722	30.5672
9.26787	30.6005
9.26868	30.6338
9.26904	30.6672
9.27041	30.7005
9.27243	30.7338
9.281	30.7672
9.28161	30.8005
9.28393	30.8338
9.28556	30.8672
9.28616	30.9005
9.28661	30.9338
9.28871	30.9672
9.28945	31.0005
9.29074	31.0328
9.29144	31.065
9.29549	31.0973
9.29758	31.1295
9.30317	31.1618
9.3037	31.1941
9.30457	31.2263
9.30512	31.2586
9.30671	31.2908
9.30718	31.3231
9.30909	31.3554
9.30965	31.3876
9.31008	31.4199
9.31079	31.4521
9.31185	31.4844
9.31199	31.5166
9.31302	31.5489
9.31371	31.5812
9.31414	31.6134
9.31494	31.6457
9.31546	31.6779
9.31667	31.7102
9.3241	31.7424
9.32416	31.7747
9.32551	31.807
9.32574	31.8392
9.32598	31.8715
9.3263	31.9037
9.3264	31.936
9.32717	31.9683
9.32771	32.0005
9.32979	32.0318
9.33048	32.063
9.33324	32.0943
9.33674	32.1255
9.34213	32.1568
9.34353	32.188
9.34571	32.2193
9.34624	32.2505
9.34764	32.2818
9.34846	32.313
9.34977	32.3443
9.35044	32.3755
9.35112	32.4068
9.35178	32.438
9.35252	32.4693
9.35319	32.5005
9.3539	32.5318
9.35523	32.563
9.35711	32.5943
9.35766	32.6255
9.35833	32.6568
9.35911	32.688
9.36464	32.7193
9.3656	32.7505
9.36675	32.7818
9.36772	32.813
9.36871	32.8443
9.36895	32.8755
9.36954	32.9068
9.37051	32.938
9.37086	32.9693
9.37174	33.0005
9.37227	33.0308
9.37295	33.0611
9.37392	33.0914
9.37571	33.1217
9.37784	33.152
9.37855	33.1823
9.37927	33.2126
9.38067	33.2429
9.38358	33.2732
9.3843	33.3035
9.38653	33.3338
9.38771	33.3641
9.38984	33.3945
9.39058	33.4248
9.39116	33.4551
9.39254	33.4854
9.39399	33.5157
9.39674	33.546
9.39867	33.5763
9.39939	33.6066
9.40296	33.6369
9.40378	33.6672
9.40976	33.6975
9.41043	33.7278
9.41293	33.7581
9.4135	33.7884
9.41453	33.8187
9.41507	33.849
9.41559	33.8793
9.41619	33.9096
9.41716	33.9399
9.41758	33.9702
9.42262	34.0005
9.42411	34.0299
9.426	34.0593
9.42667	34.0887
9.42826	34.1182
9.4303	34.1476
9.43185	34.177
9.43447	34.2064
9.43656	34.2358
9.43885	34.2652
9.44015	34.2946
9.44208	34.324
9.44287	34.3535
9.44516	34.3829
9.44624	34.4123
9.44709	34.4417
9.44832	34.4711
9.45039	34.5005
9.45256	34.5299
9.45669	34.5593
9.46187	34.5887
9.46519	34.6182
9.46598	34.6476
9.46838	34.677
9.46951	34.7064
9.46986	34.7358
9.47185	34.7652
9.47345	34.7946
9.47466	34.824
9.47603	34.8535
9.47906	34.8829
9.48005	34.9123
9.48143	34.9417
9.48353	34.9711
9.48559	35.0005
9.48697	35.0291
9.4915	35.0577
9.49156	35.0862
9.49224	35.1148
9.49339	35.1434
9.49764	35.1719
9.49811	35.2005
9.49868	35.2291
9.49899	35.2577
9.49982	35.2862
9.50111	35.3148
9.5032	35.3434
9.50411	35.3719
9.50452	35.4005
9.50535	35.4291
9.50637	35.4577
9.50665	35.4862
9.50756	35.5148
9.50815	35.5434
9.51426	35.5719
9.51623	35.6005
9.51629	35.6291
9.51847	35.6577
9.51907	35.6862
9.51974	35.7148
9.52118	35.7434
9.522	35.7719
9.52733	35.8005
9.5292	35.8291
9.5301	35.8577
9.53074	35.8862
9.53103	17.9431
9.53153	18.0019
9.5318	18.0575
9.532	18.113
9.53211	18.1686
9.53223	18.2242
9.53303	18.2797
9.53386	18.3353
9.53438	18.3908
9.53581	18.4464
9.5393	18.5019
9.53992	18.5575
9.54078	18.613
9.54152	18.6686
9.54351	18.7242
9.54421	18.7797
9.54492	18.8353
9.54582	18.8908
9.5462	18.9464
9.55162	19.0019
9.55292	19.0546
9.55363	19.1072
9.55538	19.1598
9.55661	19.2125
9.55804	19.2651
9.55942	19.3177
9.56145	19.3704
9.56418	19.423
9.56624	19.4756
9.56761	19.5283
9.56995	19.5809
9.57491	19.6335
9.57501	19.6861
9.57559	19.7388
9.58082	19.7914
9.58492	19.844
9.58773	19.8967
9.59044	19.9493
9.59255	20.0019
9.59329	20.0519
9.59529	20.1019
9.59599	20.1519
9.59736	20.2019
9.60048	20.2519
9.60109	20.3019
9.60246	20.3519
9.60886	20.4019
9.6142	20.4519
9.62173	20.5019
9.62409	20.5519
9.63301	20.6019
9.63333	20.6519
9.63349	20.7019
9.63683	20.7519
9.63763	20.8019
9.64222	20.8519
9.64297	20.9019
9.64434	20.9519
9.64512	21.0019
9.64574	21.0496
9.64714	21.0972
9.64851	21.1448
9.65073	21.1924
9.65339	21.24
9.65697	21.2877
9.65801	21.3353
9.65927	21.3829
9.66343	21.4305
9.66521	21.4781
9.66601	21.5257
9.66905	21.5734
9.67292	21.621
9.67413	21.6686
9.6766	21.7162
9.67694	21.7638
9.68133	21.8115
9.68663	21.8591
9.68735	21.9067
9.68835	21.9543
9.69016	22.0019
9.70441	22.0474
9.70489	22.0928
9.70627	22.1383
9.70716	22.1838
9.70849	22.2292
9.71673	22.2747
9.71937	22.3201
9.72285	22.3656
9.72567	22.411
9.72696	22.4565
9.72911	22.5019
9.73038	22.5474
9.73182	22.5928
9.73557	22.6383
9.74048	22.6838
9.74306	22.7292
9.74454	22.7747
9.74519	22.8201
9.74601	22.8656
9.74672	22.911
9.74727	22.9565
9.74807	23.0019
9.74872	23.0454
9.74961	23.0889
9.75008	23.1324
9.75076	23.1759
9.75144	23.2193
9.75291	23.2628
9.75512	23.3063
9.7584	23.3498
9.76046	23.3932
9.76187	23.4367
9.76264	23.4802
9.7632	23.5237
9.76417	23.5672
9.76468	23.6106
9.76622	23.6541
9.7676	23.6976
9.76816	23.7411
9.76963	23.7845
9.7717	23.828
9.77286	23.8715
9.77358	23.915
9.77635	23.9585
9.77983	24.0019
9.78602	24.0436
9.78735	24.0853
9.7902	24.1269
9.79076	12.0635
9.79162	12.1468
9.79226	12.2301
9.79295	12.3135
9.79427	12.3968
9.79505	12.4801
9.80411	12.5635
9.80553	12.6468
9.80627	12.7301
9.80715	12.8135
9.8076	12.8968
9.8086	12.9801
9.80886	13.0635
9.80954	13.1404
9.81038	13.2173
9.81246	13.2942
9.81464	13.3712
9.81658	13.4481
9.81923	13.525
9.81992	13.6019
9.82082	13.6789
9.82229	13.7558
9.82265	13.8327
9.82339	13.9096
9.82435	13.9865
9.82473	14.0635
9.82895	14.1349
9.83179	14.2063
9.83875	14.2778
9.84456	14.3492
9.84938	14.4206
9.85006	14.492
9.85213	14.5635
9.8528	14.6349
9.854	14.7063
9.85439	14.7778
9.8551	14.8492
9.85727	14.9206
9.85885	14.992
9.85941	15.0635
9.85993	15.1301
9.86161	15.1968
9.86356	15.2635
9.86549	15.3301
9.86717	15.3968
9.86819	15.4635
9.86906	15.5301
9.86964	15.5968
9.87032	15.6635
9.87102	15.7301
9.87241	15.7968
9.87317	15.8635
9.87388	15.9301
9.87447	15.9968
9.87523	16.0635
9.87612	16.126
9.87725	16.1885
9.88417	16.251
9.88779	16.3135
9.89048	16.376
9.89249	16.4385
9.89579	16.501
9.89597	16.5635
9.89807	16.626
9.90119	16.6885
9.90234	16.751
9.90312	16.8135
9.90797	16.876
9.90929	16.9385
9.91084	17.001
9.91131	17.0598
9.91157	17.1186
9.91407	17.1774
9.91779	17.2363
9.92125	17.2951
9.92175	17.3539
9.92234	17.4127
9.92642	17.4716
9.92933	17.5304
9.93056	17.5892
9.93685	17.648
9.93864	17.7069
9.94015	17.7657
9.94172	17.8245
9.94237	17.8833
9.94302	17.9421
9.944	18.001
9.94608	18.0565
9.9473	18.1121
9.94898	18.1676
9.94972	18.2232
9.95606	18.2787
9.95694	18.3343
9.95938	18.3899
9.9614	18.4454
9.9628	18.501
9.96409	18.5565
9.96684	18.6121
9.96863	18.6676
9.96909	18.7232
9.97131	18.7787
9.9719	18.8343
9.9726	18.8899
9.98026	18.9454
9.98226	19.001
9.98351	19.0536
9.98652	19.1062
9.98837	19.1589
9.9894	19.2115
9.99043	19.2641
9.99155	19.3168
9.99655	19.3694
9.99724	19.422
9.99946	19.4747
10.0016	19.5273
10.0027	19.5799
10.0047	19.6325
10.0068	19.6852
10.0091	19.7378
10.0153	19.7904
10.016	19.8431
10.0174	19.8957
10.02	19.9483
10.0209	20.001
10.0214	20.051
10.0221	20.101
10.0229	20.151
10.0242	20.201
10.0288	20.251
10.029	20.301
10.0299	20.351
10.0308	20.401
10.0325	20.451
10.0343	20.501
10.0426	20.551
10.0447	20.601
10.0468	20.651
10.0568	20.701
10.0581	20.751
10.059	20.801
10.0597	20.851
10.0604	20.901
10.061	20.951
10.0624	21.001
10.0638	21.0486
10.0653	21.0962
10.0668	21.1438
10.0688	21.1914
10.0719	21.2391
10.0732	21.2867
10.0744	21.3343
10.0751	21.3819
10.077	21.4295
10.0798	21.4772
10.0869	21.5248
10.0915	21.5724
10.0925	21.62
10.0941	21.6676
10.0944	21.7153
10.0947	21.7629
10.095	21.8105
10.0978	21.8581
10.0986	21.9057
10.1001	21.9533
10.1006	22.001
10.102	22.0464
10.1033	22.0919
10.1047	22.1373
10.1081	22.1828
10.1125	22.2282
10.1139	22.2737
10.1158	22.3192
10.1179	22.3646
10.1193	22.4101
10.1209	22.4555
10.1283	22.501
10.1332	22.5464
10.1381	22.5919
10.1403	22.6373
10.1409	22.6828
10.1436	22.7282
10.1441	22.7737
10.1505	22.8192
10.1521	22.8646
10.1534	22.9101
10.1541	22.9555
10.1547	23.001
10.1557	23.0444
10.1561	23.0879
10.1575	23.1314
10.1581	23.1749
10.1588	23.2184
10.1595	23.2618
10.1602	23.3053
10.1622	23.3488
10.1649	23.3923
10.1661	23.4358
10.1886	23.4792
10.1892	23.5227
10.1935	23.5662
10.1982	23.6097
10.2005	23.6531
10.2036	23.6966
10.2039	23.7401
10.2086	23.7836
10.2113	23.8271
10.2134	23.8705
10.2141	23.914
10.215	23.9575
10.2154	24.001
10.2161	24.0426
10.2175	24.0843
10.2182	24.126
10.2189	24.1676
10.2196	24.2093
10.2203	24.251
10.221	24.2926
10.222	24.3343
10.2224	24.376
10.2233	24.4176
10.2281	24.4593
10.2292	24.501
10.2399	24.5426
10.2435	24.5843
10.2449	24.626
10.2462	24.6676
10.2497	24.7093
10.2509	24.751
10.2537	24.7926
10.2543	24.8343
10.257	24.876
10.26	24.9176
10.2616	24.9593
10.2634	25.001
10.264	25.041
10.2666	25.081
10.2686	25.121
10.27	25.161
10.2707	25.201
10.2714	25.241
10.272	25.281
10.2748	25.321
10.2771	25.361
10.2799	25.401
10.2833	25.441
10.2847	25.481
10.2916	25.521
10.2938	25.561
10.2951	25.601
10.3	25.641
10.3027	25.681
10.3058	25.721
10.3082	25.761
10.3103	25.801
10.3123	25.841
10.3151	25.881
10.316	25.921
10.3222	25.961
10.3228	26.001
10.3236	26.0394
10.3248	26.0779
10.3263	26.1164
10.3275	26.1548
10.3282	26.1933
10.3289	26.2317
10.3303	26.2702
10.331	26.3087
10.3324	26.3471
10.333	26.3856
10.3339	26.424
10.3447	26.4625
10.3546	26.501
10.362	26.5394
10.3647	26.5779
10.3682	26.6164
10.3689	26.6548
10.3702	26.6933
10.3724	26.7317
10.3739	26.7702
10.3744	26.8087
10.3759	26.8471
10.3772	26.8856
10.3787	26.924
10.3799	26.9625
10.3814	27.001
10.3834	27.038
10.3848	27.075
10.388	27.1121
10.3881	27.1491
10.3889	27.1862
10.3919	27.2232
10.3939	27.2602
10.3946	27.2973
10.3966	27.3343
10.4008	27.3713
10.4049	27.4084
10.4125	27.4454
10.4181	27.4825
10.4198	27.5195
10.4225	27.5565
10.4243	27.5936
10.4256	27.6306
10.4269	27.6676
10.4297	27.7047
10.4311	27.7417
10.4366	27.7787
10.4414	27.8158
10.4427	27.8528
10.4442	27.8899
10.4469	27.9269
10.451	27.9639
10.4524	28.001
10.4539	28.0367
10.4567	28.0724
10.4574	28.1081
10.4588	28.1438
10.4602	28.1795
10.4618	28.2153
10.4632	28.251
10.4632	28.2867
10.4636	28.3224
10.4643	28.3581
10.4673	28.3938
10.474	28.4295
10.4785	28.4653
10.483	28.501
10.4851	28.5367
10.4864	28.5724
10.4892	28.6081
10.4912	28.6438
10.4921	14.3219
10.4936	14.3933
10.4944	14.4648
10.495	14.5362
10.4955	14.6076
10.4982	14.6791
10.499	14.7505
10.5052	14.8219
10.5064	14.8933
10.5086	14.9648
10.5101	15.0362
10.5126	15.1029
10.5204	15.1695
10.5258	15.2362
10.5275	15.3029
10.5288	15.3695
10.5312	15.4362
10.5324	15.5029
10.5331	15.5695
10.5348	15.6362
10.5391	15.7029
10.5428	15.7695
10.5432	15.8362
10.5443	15.9029
10.5453	15.9695
10.546	16.0362
10.5522	16.0987
10.5529	16.1612
10.5569	16.2237
10.5584	16.2862
10.5597	16.3487
10.5605	16.4112
10.5618	16.4737
10.5633	16.5362
10.5659	16.5987
10.5673	16.6612
10.57	16.7237
10.5757	16.7862
10.5762	16.8487
10.5783	16.9112
10.5809	16.9737
10.5865	17.0362
10.5879	17.095
10.5921	17.1538
10.5965	17.2127
10.5997	17.2715
10.6017	17.3303
10.6037	17.3891
10.6051	17.448
10.6072	17.5068
10.6127	17.5656
10.6156	17.6244
10.6168	17.6833
10.6189	17.7421
10.6202	17.8009
10.6217	17.8597
10.6239	17.9186
10.6251	17.9774
10.6259	18.0362
10.6265	18.0918
10.6299	18.1473
10.632	18.2029
10.6333	18.2584
10.6367	18.314
10.6376	18.3695
10.6381	18.4251
10.6437	18.4806
10.6492	18.5362
10.6506	18.5918
10.6521	18.6473
10.6527	18.7029
10.6543	18.7584
10.6555	18.814
10.6575	18.8695
10.6597	18.9251
10.661	18.9806
10.6617	19.0362
10.6644	19.0888
10.666	19.1415
10.6671	19.1941
10.6706	19.2467
10.6727	19.2994
10.6748	19.352
10.6761	19.4046
10.6783	19.4573
10.6823	19.5099
10.6859	19.5625
10.6902	19.6151
10.6919	19.6678
10.6926	19.7204
10.7001	19.773
10.702	19.8257
10.7042	19.8783
10.705	19.9309
10.7064	19.9836
10.7084	20.0362
10.7123	20.0862
10.7145	20.1362
10.7151	20.1862
10.716	20.2362
10.7172	20.2862
10.7185	20.3362
10.7199	20.3862
10.7212	20.4362
10.7233	20.4862
10.7242	20.5362
10.7277	20.5862
10.7292	20.6362
10.7298	20.6862
10.7316	20.7362
10.7323	10.3681
10.7352	10.4681
10.7366	10.5681
10.7375	10.6681
10.7392	10.7681
10.7493	10.8681
10.7523	10.9681
10.754	11.0681
10.7561	11.159
10.7577	11.2499
10.7582	11.3408
10.7603	11.4317
10.7617	11.5226
10.7637	11.6136
10.7671	11.7045
10.7692	11.7954
10.7699	11.8863
10.7727	11.9772
10.7754	12.0681
10.7761	12.1514
10.779	12.2348
10.7809	12.3181
10.7817	12.4014
10.7857	12.4848
10.7878	12.5681
10.7985	12.6514
10.7992	12.7348
10.803	12.8181
10.806	12.9014
10.8085	12.9848
10.8102	13.0681
10.8114	13.145
10.8121	13.2219
10.8133	13.2989
10.814	13.3758
10.8154	13.4527
10.8167	13.5296
10.8223	13.6066
10.8238	13.6835
10.8252	13.7604
10.828	13.8373
10.8315	13.9143
10.832	13.9912
10.8327	14.0681
10.8351	14.1395
10.8353	14.211
10.8362	14.2824
10.8391	14.3538
10.8428	14.4252
10.845	14.4967
10.8497	14.5681
10.8518	14.6395
10.8539	14.711
10.8566	14.7824
10.8614	14.8538
10.8626	14.9252
10.8629	14.9967
10.8636	15.0681
10.8643	15.1348
10.8649	15.2014
10.8671	15.2681
10.8673	15.3348
10.8684	15.4014
10.8698	15.4681
10.8725	15.5348
10.8732	15.6014
10.8739	15.6681
10.8757	15.7348
10.8815	15.8014
10.8884	15.8681
10.8891	15.9348
10.8898	16.0014
10.8905	16.0639
10.8912	16.1264
10.8919	16.1889
10.8939	16.2514
10.8946	16.3139
10.896	16.3764
10.9013	16.4389
10.9026	16.5014
10.9033	16.5639
10.9054	16.6264
10.9061	16.6889
10.9068	16.7514
10.9075	16.8139
10.9082	16.8764
10.9097	16.9389
10.9103	17.0014
10.9116	17.0603
10.9123	17.1191
10.913	17.1779
10.9164	17.2367
10.9197	17.2956
10.9275	17.3544
10.929	17.4132
10.9304	17.472
10.9316	17.5308
10.9323	17.5897
10.9344	17.6485
10.9358	17.7073
10.9387	17.7661
10.9399	17.825
10.942	17.8838
10.9468	17.9426
10.9484	18.0014
10.9509	18.057
10.9516	18.1125
10.9523	18.1681
10.953	18.2237
10.9538	18.2792
10.9544	18.3348
10.956	18.3903
10.9574	18.4459
10.9585	18.5014
10.9599	18.557
10.9613	18.6125
10.9668	18.6681
10.9684	18.7237
10.9698	18.7792
10.9711	18.8348
10.9776	18.8903
10.9783	18.9459
10.979	9.47294
10.981	9.58405
10.9837	9.69516
10.9844	9.80627
10.9853	9.91738
10.988	10.0285
10.9887	10.1285
10.9902	10.2285
10.9923	10.3285
10.9928	10.4285
11.0011	10.5285
11.0039	10.6285
11.0067	10.7285
11.0082	10.8285
11.0094	10.9285
11.0101	11.0285
11.0122	11.1194
11.0128	11.2103
11.0135	11.3012
11.0163	11.3921
11.0221	11.483
11.0235	11.5739
11.0263	11.6649
11.0277	11.7558
11.0292	11.8467
11.0299	11.9376
11.0306	12.0285
11.0318	12.1118
11.0324	12.1952
11.0359	12.2785
11.0389	12.3618
11.041	12.4452
11.0445	12.5285
11.0463	12.6118
11.0476	12.6952
11.0491	12.7785
11.0536	12.8618
11.0571	12.9452
11.0585	13.0285
11.0598	13.1054
11.0632	13.1823
11.0642	13.2593
11.066	13.3362
11.0681	13.4131
11.0687	13.49
11.0694	13.567
11.0702	13.6439
11.0708	13.7208
11.0715	13.7977
11.074	6.89886
11.0752	7.06553
11.0759	7.20839
11.0772	7.35124
11.08	7.4941
11.0813	7.63696
11.0841	7.77981
11.0875	7.92267
11.0883	8.06553
11.0889	8.19053
11.0896	8.31553
11.0924	8.44053
11.0944	8.56553
11.0986	8.69053
11.1021	4.34526
11.1034	4.59526
11.1041	4.84526
11.1069	5.09526
11.1138	5.29526
11.1207	5.49526
11.1228	5.69526
11.1255	5.89526
11.1271	6.09526
11.1283	6.26193
11.1304	6.4286
11.1327	6.59526
11.1352	6.76193
11.1407	6.9286
11.142	7.09526
11.1431	7.23812
11.1499	7.38098
11.1534	7.52384
11.1561	7.66669
11.1568	7.80955
11.163	7.95241
11.1657	8.09526
11.1665	8.22026
11.1672	8.34526
11.1685	8.47026
11.1693	8.59526
11.1707	8.72026
11.1748	8.84526
11.1795	8.97026
11.1802	9.09526
11.1816	4.54763
11.1837	4.79763
11.1857	5.04763
11.1864	5.24763
11.1884	5.44763
11.1898	5.64763
11.1926	5.84763
11.194	6.04763
11.1976	6.2143
11.2014	6.38097
11.2036	6.54763
11.2059	6.7143
11.2077	6.88097
11.2084	7.04763
11.2112	7.19049
11.2133	3.59524
11.2153	3.92858
11.2168	4.26191
11.2184	4.51191
11.2237	4.76191
11.227	5.01191
11.2297	5.21191
11.236	5.41191
11.2367	5.61191
11.2388	5.81191
11.2394	6.01191
11.2415	6.17858
11.2443	6.34524
11.245	6.51191
11.2463	6.67858
11.2486	6.84524
11.2504	7.01191
11.2581	7.15477
11.2608	7.29763
11.2677	7.44048
11.27	7.58334
11.2718	7.7262
11.2739	7.86905
11.2767	8.01191
11.2787	8.13691
11.2794	8.26191
11.2815	8.38691
11.2828	8.51191
11.2891	8.63691
11.2911	8.76191
11.2932	8.88691
11.2952	9.01191
11.3049	9.12302
11.3083	9.23413
11.3097	9.34524
11.314	9.45636
11.3141	9.56747
11.3149	9.67858
11.3164	9.78969
11.3182	9.9008
11.3206	10.0119
11.3237	10.1119
11.325	10.2119
11.3278	10.3119
11.3293	10.4119
11.3354	10.5119
11.339	10.6119
11.3411	10.7119
11.3419	10.8119
11.3477	10.9119
11.3502	11.0119
11.3517	5.50596
11.3523	5.70596
11.3531	5.90596
11.3537	6.10596
11.3544	6.27262
11.355	6.43929
11.3557	6.60596
11.3675	6.77262
11.3688	6.93929
11.3715	7.10596
11.3736	7.24881
11.378	7.39167
11.3819	7.53453
11.3832	7.67738
11.386	7.82024
11.3894	7.9631
11.3916	8.10596
11.3951	8.23096
11.3992	8.35596
11.4005	8.48096
11.402	4.24048
11.4054	4.49048
11.407	4.74048
11.4082	4.99048
11.4089	5.24048
11.4116	5.44048
11.4171	5.64048
11.4255	5.84048
11.4263	6.04048
11.4296	6.20714
11.4337	6.37381
11.4351	6.54048
11.442	6.70714
11.4434	6.87381
11.4444	7.04048
11.4495	7.18333
11.4518	7.32619
11.4531	7.46905
11.4553	7.61191
11.4573	7.75476
11.4577	7.89762
11.4584	8.04048
11.4632	8.16548
11.4659	8.29048
11.4672	8.41548
11.4676	8.54048
11.468	8.66548
11.4687	8.79048
11.4696	8.91548
11.47	9.04048
11.4721	4.52024
11.4756	4.77024
11.4763	5.02024
11.4769	5.22024
11.4776	5.42024
11.4783	5.62024
11.479	5.82024
11.4799	6.02024
11.4804	6.18691
11.4859	3.09345
11.4868	3.42679
11.4873	3.76012
11.488	4.09345
11.489	4.34345
11.4894	4.59345
11.4956	2.29673
11.4962	2.79673
11.4969	3.29673
11.4976	3.63006
11.5047	3.96339
11.5052	4.29673
11.506	4.54673
11.5134	4.79673
11.5141	5.04673
11.5148	5.24673
11.5158	5.44673
11.522	5.64673
11.5228	5.84673
11.5234	6.04673
11.5243	6.21339
11.5248	6.38006
11.5304	6.54673
11.531	6.71339
11.5317	6.88006
11.5324	7.04673
11.533	7.18958
11.5337	7.33244
11.5372	7.4753
11.5379	7.61815
11.5386	7.76101
11.5393	3.88051
11.54	4.21384
11.5406	4.46384
11.5413	4.71384
11.5455	4.96384
11.5469	5.21384
11.5476	5.41384
11.5484	5.61384
11.5531	5.81384
11.5542	6.01384
11.5546	6.18051
11.5552	6.34717
11.5558	6.51384
11.5614	6.68051
11.5621	6.84717
11.5628	7.01384
11.5635	7.1567
11.5642	7.29955
11.5648	7.44241
11.571	7.58527
11.5718	7.72813
11.5724	7.87098
11.5731	8.01384
11.5738	8.13884
11.5745	8.26384
11.5751	8.38884
11.58	8.51384
11.5806	8.63884
11.5813	8.76384
11.5821	8.88884
11.5827	9.01384
11.5834	4.50692
11.584	4.75692
11.5848	5.00692
11.5896	5.20692
11.5903	5.40692
11.5912	5.60692
11.5917	5.80692
11.5923	6.00692
11.593	6.17359
11.5986	6.34025
11.5993	6.50692
11.6001	6.67359
11.6007	6.84025
11.6013	7.00692
11.6022	7.14978
11.6056	7.29263
11.6063	7.43549
11.6069	7.57835
11.6075	3.78917
11.6082	4.12251
11.6089	4.37251
11.6098	4.62251
11.614	4.87251
11.6146	5.12251
11.6153	5.32251
11.616	5.52251
11.6207	5.72251
11.6229	5.92251
11.6236	6.12251
11.6245	6.28917
11.6252	6.45584
11.6286	6.62251
11.6293	6.78917
11.6299	6.95584
11.6306	7.12251
11.6312	7.26536
11.6319	7.40822
11.6361	7.55108
11.6368	7.69394
11.6378	7.83679
11.6383	7.97965
11.6389	8.12251
11.6396	8.24751
11.6409	8.37251
11.6451	8.49751
11.6457	8.62251
11.6465	8.74751
11.6472	8.87251
11.6478	8.99751
11.6487	9.12251
11.6492	9.23362
11.6499	9.34473
11.6556	9.45584
11.6564	9.56695
11.6569	9.67806
11.6578	9.78917
11.6581	9.90029
11.6592	10.0114
11.6597	10.1114
11.6604	10.2114
11.661	10.3114
11.6683	10.4114
11.669	10.5114
11.6697	10.6114
11.6705	10.7114
11.6712	10.8114
11.6718	10.9114
11.673	11.0114
11.6731	11.1023
11.6738	11.1932
11.6745	11.2841
11.6788	11.375
11.6793	11.4659
11.6801	11.5569
11.6808	11.6478
11.6816	11.7387
11.6821	11.8296
11.6831	11.9205
11.6836	12.0114
11.6842	12.0947
11.6849	12.1781
11.6856	12.2614
11.6904	12.3447
11.6911	12.4281
11.6918	12.5114
11.6925	12.5947
11.6932	12.6781
11.6943	12.7614
11.6947	12.8447
11.6952	12.9281
11.6961	13.0114
11.6973	13.0883
11.6974	13.1652
11.6983	13.2422
11.7008	13.3191
11.7014	6.65954
11.7023	6.82621
11.7028	6.99288
11.7037	7.15954
11.7042	7.3024
11.7051	7.44526
11.7057	7.58812
11.7062	7.73097
11.7068	7.87383
11.7077	8.01669
11.7082	8.14169
11.7089	8.26669
11.7136	8.39169
11.7142	8.51669
11.7144	8.64169
11.7146	8.76669
11.7153	8.89169
11.7162	9.01669
11.7166	9.1278
11.7173	9.23891
11.7231	9.35002
11.7233	9.46113
11.7239	9.57224
11.7248	9.68335
11.7252	9.79446
11.726	9.90558
11.7266	10.0167
11.7276	10.1167
11.728	10.2167
11.7328	10.3167
11.7337	10.4167
11.7342	10.5167
11.7349	10.6167
11.7356	10.7167
11.7363	10.8167
11.7369	10.9167
11.7377	11.0167
11.7386	11.1076
11.7391	11.1985
11.7445	11.2894
11.7452	11.3803
11.746	11.4712
11.7466	11.5621
11.7473	11.6531
11.7479	11.744
11.7487	11.8349
11.7493	11.9258
11.75	12.0167
11.7509	12.1
11.7514	12.1834
11.7577	12.2667
11.7583	12.35
11.759	12.4334
11.7598	12.5167
11.7604	12.6
11.7612	12.6834
11.7619	12.7667
11.7625	12.85
11.7635	12.9334
11.7638	13.0167
11.7646	13.0936
11.7662	13.1705
11.7723	13.2475
11.773	13.3244
11.7737	13.4013
11.7746	13.4782
11.7756	13.5551
11.7762	13.6321
11.7768	13.709
11.7776	13.7859
11.7782	13.8628
11.779	13.9398
11.7796	14.0167
11.7803	14.0881
11.781	14.1595
11.7887	14.231
11.7892	14.3024
11.7899	14.3738
11.7906	14.4453
11.7913	14.5167
11.792	14.5881
11.7927	14.6595
11.7937	14.731
11.794	14.8024
11.7953	14.8738
11.7955	14.9453
11.7961	15.0167
11.7968	15.0834
11.7978	15.15
11.8068	15.2167
11.8075	15.2834
11.8082	15.35
11.8088	15.4167
11.8095	15.4834
11.8103	15.55
11.811	15.6167
11.8116	15.6834
11.8122	15.75
11.813	15.8167
11.8139	15.8834
11.8143	15.95
11.815	16.0167
11.8158	16.0792
11.8165	16.1417
11.8254	16.2042
11.8273	16.2667
11.8274	16.3292
11.8275	16.3917
11.8282	16.4542
11.8288	16.5167
11.8295	16.5792
11.8303	16.6417
11.8309	16.7042
11.8315	16.7667
11.8322	16.8292
11.8329	16.8917
11.8339	16.9542
11.8343	17.0167
11.835	17.0755
11.8358	17.1343
11.8453	17.1932
11.846	17.252
11.8467	17.3108
11.8474	17.3696
11.848	17.4285
11.8491	17.4873
11.8497	17.5461
11.8501	17.6049
11.8509	17.6637
11.8516	17.7226
11.8522	17.7814
11.8529	17.8402
11.854	17.899
11.8547	17.9579
11.855	18.0167
11.8556	18.0722
11.8565	18.1278
11.8618	18.1834
11.8625	18.2389
11.8632	18.2945
11.8639	18.35
11.8646	18.4056
11.8653	18.4611
11.866	18.5167
11.8669	18.5722
11.8673	18.6278
11.8681	18.6834
11.8688	18.7389
11.87	18.7945
11.8701	18.85
11.8712	18.9056
11.8714	18.9611
11.8722	19.0167
11.8729	19.0693
11.8738	19.122
11.8806	19.1746
11.8813	19.2272
11.882	19.2798
11.8827	19.3325
11.8833	19.3851
11.8842	19.4377
11.8848	19.4904
11.8855	19.543
11.8863	19.5956
11.8868	19.6483
11.8876	19.7009
11.8882	19.7535
11.8888	19.8062
11.8897	19.8588
11.8903	19.9114
11.891	19.9641
11.8917	20.0167
11.8924	20.0667
11.893	20.1167
11.8999	20.1667
11.9006	20.2167
11.9012	20.2667
11.9019	20.3167
11.9028	20.3667
11.9033	20.4167
11.904	20.4667
11.9046	20.5167
11.9055	20.5667
11.9061	20.6167
11.9068	20.6667
11.9074	20.7167
11.9081	20.7667
11.9088	20.8167
11.9098	20.8667
11.9102	20.9167
11.9111	20.9667
11.9117	21.0167
11.9123	10.5083
11.913	10.6083
11.9205	10.7083
11.9212	10.8083
11.922	10.9083
11.9226	11.0083
11.9232	11.0993
11.924	11.1902
11.9247	11.2811
11.9253	11.372
11.9262	11.4629
11.9268	11.5538
11.9274	11.6447
11.928	11.7356
11.9288	11.8265
11.9297	11.9174
11.9302	12.0083
11.9309	12.0917
11.9315	12.175
11.9322	12.2583
11.9329	12.3417
11.9412	12.425
11.9418	12.5083
11.9425	12.5917
11.9432	12.675
11.9439	12.7583
11.9446	12.8417
11.9455	12.925
11.946	13.0083
11.9466	13.0853
11.9474	13.1622
11.9483	13.2391
11.9487	13.316
11.9578	13.393
11.9583	13.4699
11.9591	13.5468
11.9597	13.6237
11.9605	13.7007
11.9611	13.7776
11.9618	13.8545
11.9627	13.9314
11.9631	14.0083
11.9638	14.0798
11.9646	14.1512
11.9652	14.2226
11.966	14.2941
11.9757	14.3655
11.9762	14.4369
11.9769	14.5083
11.9777	14.5798
11.9782	14.6512
11.979	14.7226
11.9797	14.7941
11.9803	14.8655
11.9811	14.9369
11.9818	15.0083
11.9828	15.075
11.9831	15.1417
11.9838	15.2083
11.9846	15.275
11.9907	15.3417
11.9914	15.4083
11.9923	15.475
11.9928	15.5417
11.9934	15.6083
11.9941	15.675
11.9948	15.7417
11.9955	15.8083
11.9962	15.875
11.9969	15.9417
11.9976	16.0083
11.9982	16.0708
11.999	16.1333
11.9997	16.1958
12.0005	16.2583
12.0072	16.3208
12.0083	16.3833
12.0086	16.4458
12.0093	16.5083
12.0099	16.5708
12.0106	16.6333
12.0113	16.6958
12.012	16.7583
12.0127	16.8208
12.0136	16.8833
12.0141	16.9458
12.0148	17.0083
12.0154	17.0672
12.0161	17.126
12.0169	8.563
12.0178	8.688
12.0238	8.813
12.0259	8.938
12.0264	9.063
12.0273	9.17411
12.0281	9.28522
12.0285	9.39633
12.0292	9.50744
12.0299	9.61855
12.0306	9.72966
12.0313	9.84077
12.032	9.95188
12.0326	10.063
12.0342	10.163
12.0347	10.263
12.043	10.363
12.0439	10.463
12.0443	10.563
12.045	10.663
12.0459	10.763
12.0465	10.863
12.0471	10.963
12.0478	11.063
12.0485	11.1539
12.0495	11.2448
12.0582	11.3357
12.0588	11.4266
12.0595	5.71332
12.0602	5.91332
12.061	6.11332
12.0616	6.27998
12.0623	6.44665
12.063	6.61332
12.0637	6.77998
12.0644	6.94665
12.0651	7.11332
12.0747	7.25617
12.0754	7.39903
12.0762	7.54189
12.0768	7.68474
12.0778	7.8276
12.0782	7.97046
12.0788	8.11332
12.0896	8.23832
12.0901	8.36332
12.0906	8.48832
12.0912	8.61332
12.092	8.73832
12.0927	8.86332
12.0933	8.98832
12.0942	9.11332
12.1049	9.22443
12.1057	9.33554
12.1064	9.44665
12.1071	9.55776
12.1077	9.66887
12.1084	9.77998
12.1092	9.89109
12.11	10.0022
12.1106	10.1022
12.1174	10.2022
12.1181	10.3022
12.1188	10.4022
12.1194	10.5022
12.1201	10.6022
12.1208	10.7022
12.1216	10.8022
12.1222	10.9022
12.1229	11.0022
12.1236	11.0931
12.1305	11.184
12.1312	11.2749
12.1319	11.3658
12.1327	11.4568
12.1333	11.5477
12.1339	11.6386
12.1346	11.7295
12.1355	11.8204
12.136	11.9113
12.1369	12.0022
12.1374	12.0855
12.145	12.1689
12.1457	12.2522
12.1463	12.3355
12.147	12.4189
12.1477	12.5022
12.1485	12.5855
12.1491	12.6689
12.1497	12.7522
12.1504	12.8355
12.1511	12.9189
12.1518	13.0022
12.1525	13.0791
12.161	13.1561
12.1615	13.233
12.1622	6.61649
12.1628	6.78315
12.1637	6.94982
12.1642	7.11649
12.1649	7.25934
12.1656	7.4022
12.1663	7.54506
12.167	7.68792
12.1683	7.83077
12.1752	7.97363
12.1766	8.11649
12.178	8.24149
12.1788	8.36649
12.1796	8.49149
12.1808	8.61649
12.1818	8.74149
12.1891	8.86649
12.1909	8.99149
12.1915	9.11649
12.1929	9.2276
12.1936	9.33871
12.1942	9.44982
12.1962	9.56093
12.1983	9.67204
12.2045	9.78315
12.206	9.89426
12.2073	10.0054
12.2087	10.1054
12.2093	10.2054
12.2148	10.3054
12.2183	10.4054
12.2204	10.5054
12.221	10.6054
12.2217	10.7054
12.2224	10.8054
12.2231	10.9054
12.2252	11.0054
12.2334	11.0963
12.2368	11.1872
12.2398	11.2781
12.2405	11.369
12.2411	11.4599
12.2446	11.5508
12.2467	11.6417
12.2473	11.7326
12.2519	11.8236
12.2538	11.9145
12.2545	12.0054
12.2587	12.0887
12.2602	12.172
12.2615	12.2554
12.2663	12.3387
12.2692	12.422
12.2704	12.5054
12.2711	12.5887
12.2759	12.672
12.2772	12.7554
12.2789	12.8387
12.2796	12.922
12.2801	13.0054
12.2824	13.0823
12.2842	13.1592
12.2855	13.2361
12.2862	13.3131
12.2884	13.39
12.2904	6.695
12.2924	6.86166
12.2938	7.02833
12.2976	7.17119
12.2997	7.31404
12.303	7.4569
12.3044	7.59976
12.3051	7.74261
12.3078	7.88547
12.3106	8.02833
12.314	8.15333
12.3161	8.27833
12.3168	8.40333
12.3182	8.52833
12.3209	8.65333
12.3295	8.77833
12.3306	8.90333
12.3321	9.02833
12.3336	9.13944
12.3341	9.25055
12.3355	9.36166
12.3375	9.47277
12.3437	9.58388
12.3452	9.695
12.35	9.80611
12.3528	9.91722
12.3562	10.0283
12.3585	10.1283
12.3596	10.2283
12.3603	10.3283
12.3638	10.4283
12.3652	10.5283
12.3695	10.6283
12.3732	10.7283
12.3834	10.8283
12.3847	10.9283
12.3868	11.0283
12.3895	11.1192
12.3909	11.2101
12.3944	11.3011
12.3957	11.392
12.3987	11.4829
12.4049	11.5738
12.4071	11.6647
12.4084	11.7556
12.4267	11.8465
12.4272	11.9374
12.428	12.0283
12.4285	12.1117
12.4292	12.195
12.4327	12.2783
12.4341	12.3617
12.4375	12.445
12.441	12.5283
12.4427	12.6117
12.4431	12.695
12.4438	12.7783
12.4576	12.8617
12.4596	12.945
12.4604	13.0283
12.4611	13.1053
12.4617	13.1822
12.4624	13.2591
12.4631	13.336
12.4639	13.4129
12.4674	13.4899
12.4699	13.5668
12.4708	13.6437
12.4723	13.7206
12.4738	13.7976
12.4894	13.8745
12.4954	13.9514
12.4961	14.0283
12.4983	14.0998
12.5009	14.1712
12.5023	14.2426
12.5037	14.314
12.5051	14.3855
12.5094	14.4569
12.5109	14.5283
12.5119	14.5998
12.5137	14.6712
12.5146	14.7426
12.5159	14.814
12.5429	14.8855
12.5487	14.9569
12.55	15.0283
12.5529	15.095
12.5569	15.1617
12.5579	15.2283
12.5605	15.295
12.5612	15.3617
12.5619	15.4283
12.566	15.495
12.569	15.5617
12.5717	15.6283
12.5777	15.695
12.5793	15.7617
12.584	15.8283
12.6067	15.895
12.6136	15.9617
12.6137	16.0283
12.617	16.0908
12.6221	16.1533
12.6233	16.2158
12.6247	16.2783
12.628	16.3408
12.6287	16.4033
12.6298	16.4658
12.6339	16.5283
12.6357	16.5908
12.6364	16.6533
12.6396	16.7158
12.6403	16.7783
12.6505	16.8408
12.6755	16.9033
12.682	16.9658
12.6827	17.0283
12.6847	17.0872
12.6857	17.146
12.688	17.2048
12.691	17.2636
12.6917	17.3224
12.6947	17.3813
12.6965	17.4401
12.698	17.4989
12.7	17.5577
12.7008	17.6166
12.7015	17.6754
12.7023	17.7342
12.704	17.793
12.7118	17.8519
12.7309	17.9107
12.7387	17.9695
12.7401	18.0283
12.7415	18.0839
12.7436	18.1394
12.7444	18.195
12.7458	18.2506
12.7479	18.3061
12.7486	18.3617
12.7503	18.4172
12.7526	18.4728
12.7533	18.5283
12.7548	18.5839
12.7553	18.6394
12.756	18.695
12.7567	18.7506
12.7574	18.8061
12.7612	18.8617
12.7767	18.9172
12.7815	18.9728
12.7835	19.0283
12.7844	19.081
12.7859	19.1336
12.7872	19.1862
12.7886	19.2389
12.7905	19.2915
12.7944	19.3441
12.7951	19.3968
12.7957	19.4494
12.7971	19.502
12.7978	19.5546
12.7995	19.6073
12.8	19.6599
12.8014	19.7125
12.802	19.7652
12.8027	19.8178
12.8049	19.8704
12.8158	19.9231
12.8206	19.9757
12.8213	20.0283
12.8227	20.0783
12.8241	20.1283
12.8256	20.1783
12.8269	20.2283
12.8292	20.2783
12.8318	20.3283
12.8334	20.3783
12.835	20.4283
12.8364	20.4783
12.8378	20.5283
12.8384	20.5783
12.8391	20.6283
12.8406	20.6783
12.8413	20.7283
12.842	20.7783
12.8444	20.8283
12.8461	20.8783
12.8566	20.9283
12.8579	20.9783
12.8586	21.0283
12.8605	21.0759
12.8612	21.1236
12.8627	21.1712
12.864	21.2188
12.8655	21.2664
12.8669	21.314
12.8691	21.3617
12.8713	21.4093
12.8719	21.4569
12.8734	21.5045
12.8749	21.5521
12.8772	21.5998
12.8777	21.6474
12.879	21.695
12.8797	21.7426
12.8804	21.7902
12.8816	21.8379
12.8819	21.8855
12.8929	21.9331
12.8936	21.9807
12.8949	22.0283
12.8966	22.0738
12.8981	22.1192
12.8994	22.1647
12.9008	22.2101
12.902	22.2556
12.9027	22.3011
12.9041	22.3465
12.9058	22.392
12.9072	22.4374
12.9086	22.4829
12.9099	22.5283
12.9113	22.5738
12.9127	22.6192
12.9141	22.6647
12.9148	22.7101
12.9155	22.7556
12.9162	22.8011
12.9168	22.8465
12.9182	22.892
12.9313	22.9374
12.9319	22.9829
12.9334	23.0283
12.9349	23.0718
12.9363	23.1153
12.9386	23.1588
12.9391	23.2022
12.9405	23.2457
12.9419	23.2892
12.9433	23.3327
12.9439	23.3762
12.9453	23.4196
12.9466	23.4631
12.9474	23.5066
12.9494	23.5501
12.9508	23.5935
12.9528	23.637
12.9535	23.6805
12.9542	23.724
12.9549	23.7675
12.9555	23.8109
12.9569	23.8544
12.9585	11.9272
12.9676	12.0181
12.969	12.1015
12.9705	12.1848
12.9718	12.2681
12.9731	12.3515
12.9745	12.4348
12.9759	12.5181
12.9773	12.6015
12.9786	12.6848
12.98	12.7681
12.9807	12.8515
12.9821	12.9348
12.9835	13.0181
12.9841	13.095
12.9848	13.172
12.9869	13.2489
12.9882	13.3258
12.9898	13.4027
12.9903	13.4797
12.991	13.5566
12.9917	13.6335
12.9938	13.7104
12.9945	13.7873
13.0111	13.8643
13.0118	13.9412
13.0138	14.0181
13.0145	14.0895
13.0162	14.161
13.0169	14.2324
13.0176	14.3038
13.0204	14.3753
13.0221	14.4467
13.0227	14.5181
13.0234	14.5895
13.0248	14.661
13.0255	14.7324
13.0392	14.8038
13.0415	14.8753
13.0427	14.9467
13.0448	15.0181
13.0473	15.0848
13.0494	15.1515
13.0506	15.2181
13.0521	15.2848
13.0527	15.3515
13.0547	15.4181
13.0554	15.4848
13.0561	15.5515
13.0567	15.6181
13.0574	15.6848
13.0609	7.84239
13.0622	7.98525
13.0636	8.12811
13.0649	8.25311
13.0663	8.37811
13.0677	8.50311
13.0691	8.62811
13.0705	8.75311
13.0718	8.87811
13.0732	9.00311
13.0753	9.11422
13.0775	9.22533
13.078	9.33644
13.0805	9.44755
13.0812	9.55866
13.0902	9.66977
13.0919	9.78088
13.093	9.892
13.0939	10.0031
13.0944	10.1031
13.0966	10.2031
13.0987	10.3031
13.0998	10.4031
13.1006	10.5031
13.1095	10.6031
13.1109	10.7031
13.1122	10.8031
13.113	10.9031
13.1137	11.0031
13.1143	11.094
13.1157	11.1849
13.1171	11.2758
13.1192	11.3667
13.1205	11.4577
13.1285	11.5486
13.1316	11.6395
13.1344	11.7304
13.1357	11.8213
13.1364	11.9122
13.1371	12.0031
13.1381	12.0864
13.1392	12.1698
13.1406	12.2531
13.1427	12.3364
13.1441	12.4198
13.1545	12.5031
13.1568	12.5864
13.1609	12.6698
13.1631	12.7531
13.1644	12.8364
13.1652	12.9198
13.1659	13.0031
13.1666	13.08
13.1674	13.157
13.1693	13.2339
13.1711	13.3108
13.1723	13.3877
13.1816	13.4646
13.1824	13.5416
13.1871	13.6185
13.1909	13.6954
13.1932	13.7723
13.1939	13.8493
13.1947	13.9262
13.1953	14.0031
13.1961	14.0745
13.1974	14.146
13.1988	14.2174
13.2002	14.2888
13.2009	14.3602
13.2126	14.4317
13.2131	14.5031
13.2191	14.5745
13.2212	14.646
13.2232	14.7174
13.2246	14.7888
13.2253	14.8602
13.2259	14.9317
13.2266	15.0031
13.2274	15.0698
13.229	15.1364
13.2307	15.2031
13.2315	15.2698
13.2321	15.3364
13.2436	15.4031
13.246	15.4698
13.248	15.5364
13.2495	15.6031
13.2509	15.6698
13.2524	15.7364
13.2539	15.8031
13.2571	15.8698
13.2578	15.9364
13.2591	16.0031
13.2622	16.0656
13.2637	16.1281
13.265	16.1906
13.2657	16.2531
13.2665	16.3156
13.2742	16.3781
13.2768	16.4406
13.2784	16.5031
13.2796	16.5656
13.2802	16.6281
13.2816	16.6906
13.2823	16.7531
13.2837	16.8156
13.285	16.8781
13.2864	16.9406
13.2877	17.0031
13.2894	17.0619
13.2908	17.1208
13.2922	17.1796
13.2935	17.2384
13.2949	17.2972
13.3036	17.356
13.3071	17.4149
13.3092	17.4737
13.3106	17.5325
13.312	17.5913
13.3134	17.6502
13.3141	17.709
13.3155	17.7678
13.3162	17.8266
13.3185	17.8855
13.3189	17.9443
13.3221	18.0031
13.3235	18.0587
13.325	18.1142
13.327	18.1698
13.3284	18.2253
13.3298	18.2809
13.3378	18.3364
13.3413	18.392
13.3426	18.4476
13.3446	18.5031
13.3454	18.5587
13.3467	18.6142
13.3474	18.6698
13.35	18.7253
13.3502	18.7809
13.3515	18.8364
13.3529	18.892
13.3543	18.9476
13.3556	19.0031
13.3571	19.0557
13.3584	19.1084
13.3599	19.161
13.3613	19.2136
13.3628	19.2663
13.3689	19.3189
13.3709	19.3715
13.3729	19.4242
13.3744	19.4768
13.3757	19.5294
13.3773	19.5821
13.3786	19.6347
13.3808	19.6873
13.3822	19.7399
13.3845	19.7926
13.3857	19.8452
13.3871	19.8978
13.3885	19.9505
13.3898	20.0031
13.3912	20.0531
13.3926	20.1031
13.394	20.1531
13.3953	20.2031
13.3969	20.2531
13.4013	20.3031
13.4039	20.3531
13.4059	20.4031
13.4087	20.4531
13.4094	20.5031
13.4107	20.5531
13.4128	20.6031
13.4142	20.6531
13.4156	20.7031
13.4178	20.7531
13.4202	20.8031
13.4204	20.8531
13.4217	20.9031
13.4231	20.9531
13.4245	21.0031
13.4264	21.0507
13.4277	21.0983
13.4293	21.146
13.4305	21.1936
13.4319	21.2412
13.4353	21.2888
13.4384	21.3364
13.4402	21.3841
13.4431	21.4317
13.4443	21.4793
13.4457	21.5269
13.4471	21.5745
13.4478	21.6222
13.4498	21.6698
13.4512	21.7174
13.4527	21.765
13.454	21.8126
13.4547	21.8602
13.456	21.9079
13.4574	21.9555
13.4581	22.0031
13.4587	22.0486
13.4595	22.094
13.4602	22.1395
13.4609	22.1849
13.4616	22.2304
13.4626	22.2758
13.4634	22.3213
13.4651	22.3667
13.4678	22.4122
13.4701	22.4577
13.4714	22.5031
13.4726	22.5486
13.4735	22.594
13.474	22.6395
13.476	22.6849
13.4782	22.7304
13.4797	22.7758
13.4804	22.8213
13.4817	22.8667
13.4831	22.9122
13.4837	22.9577
13.4847	23.0031
13.4851	11.5016
13.4858	11.5925
13.4865	11.6834
13.4872	11.7743
13.488	11.8652
13.4886	11.9561
13.4892	12.047
13.4914	12.1303
13.4941	12.2137
13.4969	12.297
13.4983	12.3803
13.5003	12.4637
13.5017	12.547
13.5024	12.6303
13.5037	12.7137
13.5054	12.797
13.5065	12.8803
13.508	12.9637
13.5086	13.047
13.5102	13.1239
13.5106	13.2009
13.5116	13.2778
13.512	13.3547
13.5218	13.4316
13.5225	13.5085
13.5232	13.5855
13.5248	13.6624
13.5261	13.7393
13.5272	13.8162
13.5292	13.8932
13.5305	13.9701
13.5311	14.047
13.5319	14.1184
13.5325	14.1899
13.5332	14.2613
13.5339	14.3327
13.5468	14.4042
13.5475	14.4756
13.5482	14.547
13.5489	14.6184
13.5506	14.6899
13.5516	14.7613
13.553	14.8327
13.5552	14.9042
13.5558	14.9756
13.5564	15.047
13.5571	15.1137
13.558	15.1803
13.5585	15.247
13.5592	15.3137
13.5703	15.3803
13.5709	15.447
13.5716	15.5137
13.5723	15.5803
13.5738	15.647
13.5758	15.7137
13.5765	15.7803
13.5778	15.847
13.5792	15.9137
13.5799	15.9803
13.5807	16.047
13.5813	16.1095
13.5819	16.172
13.5826	16.2345
13.5833	16.297
13.5954	16.3595
13.5969	16.422
13.5986	16.4845
13.6003	16.547
13.6011	16.6095
13.6026	16.672
13.6033	16.7345
13.6062	16.797
13.6064	16.8595
13.6076	16.922
13.6084	16.9845
13.609	17.047
13.6097	17.1058
13.6104	17.1647
13.6111	17.2235
13.6118	17.2823
13.6278	17.3411
13.6305	17.3999
13.6323	17.4588
13.6327	17.5176
13.6335	17.5764
13.6347	17.6352
13.6361	17.6941
13.6374	17.7529
13.6397	17.8117
13.6404	17.8705
13.6411	17.9294
13.6418	17.9882
13.6425	18.047
13.6432	18.1026
13.6439	18.1581
13.6446	18.2137
13.6453	18.2692
13.6608	18.3248
13.6644	18.3803
13.665	18.4359
13.6664	18.4915
13.6674	18.547
13.6686	18.6026
13.6699	18.6581
13.6716	18.7137
13.6733	18.7692
13.6736	18.8248
13.6743	18.8803
13.675	18.9359
13.6759	18.9915
13.6765	19.047
13.6772	19.0996
13.6779	19.1523
13.6786	19.2049
13.6795	19.2575
13.6871	19.3102
13.6906	19.3628
13.6927	19.4154
13.6947	19.4681
13.697	19.5207
13.6992	19.5733
13.7004	19.626
13.7024	19.6786
13.7032	19.7312
13.7038	19.7838
13.7045	19.8365
13.7052	19.8891
13.7059	19.9417
13.7066	19.9944
13.7073	20.047
13.7085	20.097
13.7094	20.147
13.7099	20.197
13.7112	20.247
13.7175	20.297
13.7216	20.347
13.7229	20.397
13.7251	20.447
13.7268	20.497
13.7281	20.547
13.7309	20.597
13.7337	20.647
13.735	20.697
13.7351	20.747
13.7358	20.797
13.7366	20.847
13.7372	20.897
13.7379	20.947
13.7386	20.997
13.7395	21.047
13.7403	21.0946
13.7413	21.1422
13.743	21.1899
13.7444	21.2375
13.7493	21.2851
13.7541	21.3327
13.7562	21.3803
13.7579	21.428
13.7592	21.4756
13.7606	21.5232
13.764	21.5708
13.7662	21.6184
13.7684	21.6661
13.7691	21.7137
13.7698	21.7613
13.7705	21.8089
13.7712	21.8565
13.7721	21.9042
13.7726	21.9518
13.7732	21.9994
13.7739	22.047
13.7753	22.0925
13.776	22.1379
13.7767	22.1834
13.7783	22.2288
13.7822	22.2743
13.7864	22.3197
13.7894	22.3652
13.7908	22.4106
13.7921	22.4561
13.7935	22.5016
13.7982	22.547
13.8002	22.5925
13.8021	22.6379
13.8028	22.6834
13.8036	22.7288
13.8041	22.7743
13.8048	22.8197
13.8056	22.8652
13.8063	22.9106
13.8069	22.9561
13.8075	23.0016
13.8089	23.045
13.8097	23.0885
13.8103	23.132
13.8112	23.1755
13.8148	23.2189
13.8159	23.2624
13.8166	23.3059
13.8186	23.3494
13.8201	23.3929
13.8217	23.4363
13.8236	23.4798
13.8283	23.5233
13.8317	23.5668
13.8338	23.6102
13.8359	23.6537
13.8372	23.6972
13.8386	23.7407
13.84	23.7842
13.8413	11.8921
13.8421	11.983
13.8428	12.0739
13.8434	12.1572
13.8448	12.2406
13.8455	12.3239
13.8461	12.4072
13.8469	12.4906
13.8482	12.5739
13.8503	12.6572
13.8509	12.7406
13.8524	12.8239
13.8544	12.9072
13.8558	12.9906
13.8583	13.0739
13.8597	13.1508
13.8632	13.2277
13.8682	13.3047
13.8701	13.3816
13.8722	13.4585
13.8742	13.5354
13.8756	13.6124
13.8771	13.6893
13.8811	13.7662
13.8839	13.8431
13.8853	13.9201
13.8866	13.997
13.8873	14.0739
13.8898	14.1453
13.894	14.2168
13.8983	14.2882
13.9002	14.3596
13.9025	14.431
13.9039	14.5025
13.9054	14.5739
13.9067	14.6453
13.9122	14.7168
13.9143	14.7882
13.9157	14.8596
13.9177	14.931
13.9191	15.0025
13.9204	15.0691
13.9218	15.1358
13.9245	15.2025
13.9294	15.2691
13.9308	15.3358
13.9335	15.4025
13.9348	15.4691
13.9355	15.5358
13.937	15.6025
13.9417	15.6691
13.9431	15.7358
13.9444	15.8025
13.9452	15.8691
13.9458	15.9358
13.9465	16.0025
13.9472	16.065
13.9479	16.1275
13.9486	16.19
13.9507	16.2525
13.952	16.315
13.9554	16.3775
13.957	16.44
13.9576	16.5025
13.9588	16.565
13.9636	16.6275
13.9651	16.69
13.9664	16.7525
13.9671	16.815
13.9678	16.8775
13.9685	16.94
13.9692	17.0025
13.9699	17.0613
13.9706	17.1201
13.9719	17.1789
13.9734	17.2378
13.9747	17.2966
13.9781	17.3554
13.9809	17.4142
13.9823	17.4731
13.983	17.5319
13.9878	17.5907
13.9885	17.6495
13.9892	17.7084
13.9899	17.7672
13.9906	17.826
13.9913	17.8848
13.992	17.9436
13.9927	18.0025
13.9933	18.058
13.994	18.1136
13.9946	18.1691
13.9953	18.2247
13.996	18.2802
13.9974	18.3358
13.9995	18.3914
14.0008	18.4469
14.0015	18.5025
14.0056	18.558
14.0077	18.6136
14.0084	18.6691
14.0091	18.7247
14.0097	18.7802
14.0105	18.8358
14.0111	9.4179
14.0118	9.52901
14.0125	9.64012
14.0132	9.75124
14.0139	9.86235
14.0146	9.97346
14.0152	10.0846
14.0166	10.1846
14.0173	10.2846
14.0193	10.3846
14.0208	10.4846
14.0214	10.5846
14.0256	10.6846
14.0276	10.7846
14.029	10.8846
14.0297	10.9846
14.0304	11.0846
14.0311	11.1755
14.0325	11.2664
14.0345	11.3573
14.0359	11.4482
14.0366	11.5391
14.04	11.63
14.0417	11.7209
