time	cwndsize
0.310295	11
0.31527	12
0.320544	13
0.327503	14
0.333686	15
0.336239	16
0.336935	17
0.337888	18
0.338147	19
0.33863	20
0.418115	21
0.421317	22
0.431206	23
0.433943	24
0.435198	25
0.43651	26
0.438643	27
0.441358	28
0.442705	29
0.443786	30
0.444373	31
0.444992	32
0.445659	33
0.446187	34
0.447709	35
0.449058	36
0.449807	37
0.450493	38
0.451186	39
0.452724	40
0.613827	41
0.615176	42
0.616386	43
0.617353	44
0.617686	45
0.618593	46
0.619118	47
0.619888	48
0.62059	49
0.621254	50
0.621914	51
0.622603	52
0.623325	53
0.624045	54
0.62499	55
0.625941	56
0.626433	57
0.626898	58
0.627543	59
0.628226	60
0.629102	61
0.62963	62
0.630257	63
0.631206	64
0.631851	65
0.632313	66
0.633694	67
0.633878	68
0.634459	69
0.635134	70
0.635834	71
0.636609	72
0.637337	73
0.642226	74
0.646862	75
0.652508	76
0.659294	77
0.663955	78
0.666684	79
0.672193	80
0.965357	81
0.966727	82
0.968141	83
0.969438	84
0.970828	85
0.973573	86
0.974922	87
0.976313	88
0.977676	89
0.979119	90
0.981801	91
0.983191	92
0.984599	93
0.985957	94
0.988658	95
0.990045	96
0.994525	97
0.995954	98
0.997352	99
0.998725	100
1.00212	101
1.00352	102
1.00564	103
1.00924	104
1.01109	105
1.01244	106
1.01473	107
1.01602	108
1.01877	109
1.02153	110
1.02355	111
1.02491	112
1.02637	113
1.02771	114
1.03115	115
1.03264	116
1.03388	117
1.03522	118
1.04838	119
1.0539	120
1.06074	121
1.06475	122
1.06828	123
1.07306	124
1.07918	125
1.08234	126
1.09183	127
1.09458	128
1.09803	129
1.10151	130
1.10427	131
1.1069	132
1.10968	133
1.11241	134
1.11393	135
1.11649	136
1.1194	68
1.12218	68.0147
1.1248	68.0294
1.12688	68.0441
1.13028	68.0588
1.13301	68.0735
1.13589	68.0882
1.13723	68.1029
1.13851	68.1176
1.14075	68.1324
1.1557	68.1471
1.15703	68.1618
1.15976	68.1765
1.16117	68.1912
1.16655	68.2059
1.16846	68.2206
1.17124	68.2353
1.28408	68.25
1.2848	68.2647
1.28546	68.2794
1.28614	68.2941
1.38474	68.3088
1.38609	68.3235
1.39027	68.3382
1.39164	68.3529
1.40036	68.3676
1.40283	68.3824
1.41962	68.3971
1.42228	68.4118
1.4281	68.4265
1.42914	68.4412
1.45734	68.4559
1.46005	68.4706
1.46972	68.4853
1.47109	68.5
1.50234	68.5147
1.50523	68.5294
1.51881	68.5441
1.52015	68.5588
1.52163	68.5735
1.52229	68.5882
1.52361	68.6029
1.5244	68.6176
1.5262	68.6324
1.52819	68.6471
1.52872	68.6618
1.52941	68.6765
1.53075	68.6912
1.53148	68.7059
1.5322	68.7206
1.53356	68.7353
1.5349	68.75
1.53701	68.7647
1.53735	68.7794
1.53787	68.7941
1.53803	68.8088
1.53843	68.8235
1.53922	68.8382
1.54014	68.8529
1.54092	68.8676
1.5413	68.8824
1.54197	68.8971
1.54285	68.9118
1.54363	68.9265
1.54469	68.9412
1.5466	68.9559
1.55016	68.9706
1.55092	68.9853
1.55221	69
1.55365	69.0145
1.55495	69.029
1.56465	69.0435
1.56693	69.058
1.56842	69.0725
1.56972	69.087
1.57102	69.1014
1.57238	69.1159
1.57382	69.1304
1.57524	69.1449
1.57665	69.1594
1.57769	69.1739
1.57804	69.1884
1.57869	69.2029
1.57932	69.2174
1.57998	69.2319
1.58065	69.2464
1.58134	69.2609
1.582	69.2754
1.58343	69.2899
1.58412	69.3043
1.58486	69.3188
1.5855	69.3333
1.58629	69.3478
1.58686	69.3623
1.58752	69.3768
1.58835	69.3913
1.58892	69.4058
1.5896	69.4203
1.5906	69.4348
1.59105	69.4493
1.59165	69.4638
1.59242	69.4783
1.5931	69.4928
1.59375	69.5072
1.59449	69.5217
1.59519	69.5362
1.59586	69.5507
1.59653	69.5652
1.59727	69.5797
1.59794	69.5942
1.59863	69.6087
1.59929	69.6232
1.59995	69.6377
1.60067	69.6522
1.60138	69.6667
1.60207	69.6812
1.60278	69.6957
1.60343	69.7101
1.60422	69.7246
1.60474	69.7391
1.60566	69.7536
1.60615	69.7681
1.60692	69.7826
1.60749	69.7971
1.60824	69.8116
1.60962	69.8261
1.61027	69.8406
1.61152	69.8551
1.61169	69.8696
1.76155	69.8841
1.76223	69.8986
1.76287	69.913
1.76451	69.9275
1.76501	69.942
1.76567	69.9565
1.76634	69.971
1.7804	69.9855
1.78286	70
1.78661	70.0143
1.78971	70.0286
1.79184	70.0429
1.79316	70.0571
1.79536	70.0714
1.79731	70.0857
1.79883	35.0429
1.80008	35.0714
1.80074	35.1
1.80221	35.1286
1.80418	35.1571
1.80559	35.1857
1.80761	35.2143
1.80905	35.2429
1.813	35.2714
1.81379	35.3
1.81446	35.3286
1.81587	35.3571
1.81719	35.3857
1.819	35.4143
1.81993	35.4429
1.82064	35.4714
1.82198	35.5
1.82271	35.5286
1.82404	35.5571
1.82548	35.5857
1.82686	35.6143
1.8282	35.6429
1.82891	35.6714
1.82954	35.7
1.83026	35.7286
1.83091	35.7571
1.83304	35.7857
1.83439	35.8143
1.83586	35.8429
1.83652	35.8714
1.83782	35.9
1.83849	35.9286
1.8406	35.9571
1.84208	35.9857
1.84562	36.0143
1.84705	36.0421
1.84856	36.0698
1.84971	36.0976
1.85154	36.1254
1.85251	36.1532
1.85321	36.181
1.85386	36.2087
1.85522	36.2365
1.85656	36.2643
1.85794	36.2921
1.85935	36.3198
1.86071	36.3476
1.86277	36.3754
1.86352	36.4032
1.96994	36.431
1.97136	36.4587
1.97511	36.4865
1.97655	36.5143
1.97854	36.5421
1.98063	36.5698
1.98964	36.5976
1.99304	36.6254
1.99535	36.6532
1.99908	36.681
1.99938	36.7087
2.00083	36.7365
2.00152	36.7643
2.00215	36.7921
2.02077	18.396
2.0228	18.4516
2.02555	18.5071
2.02626	18.5627
2.02757	18.6183
2.0297	18.6738
2.03042	18.7294
2.03171	18.7849
2.03313	18.8405
2.03381	18.896
2.03585	18.9516
2.03793	19.0071
2.04038	19.0598
2.04328	19.1124
2.04593	19.165
2.04724	19.2177
2.0903	19.2703
2.09301	19.3229
2.09342	19.3756
2.09398	19.4282
2.09626	19.4808
2.09676	19.5335
2.09809	19.5861
2.09974	19.6387
2.10147	19.6914
2.11553	19.744
2.11737	19.7966
2.11875	19.8492
2.11941	19.9019
2.12005	19.9545
2.12225	20.0071
2.12377	20.0571
2.12631	20.1071
2.12708	20.1571
2.15128	20.2071
2.18843	20.2571
2.18909	20.3071
2.18979	20.3571
2.19046	20.4071
2.19126	10.2036
2.19183	10.3036
2.19253	10.4036
2.19325	10.5036
2.19391	10.6036
2.1954	10.7036
2.19606	10.8036
2.19672	10.9036
2.19813	11.0036
2.19954	11.0945
2.20158	11.1854
2.20307	11.2763
2.20382	11.3672
2.20637	11.4581
2.21418	11.549
2.24027	11.6399
2.24165	11.7308
2.24238	11.8218
2.24307	11.9127
2.27051	12.0036
2.27189	12.0869
2.27392	12.1702
2.27598	12.2536
2.28219	12.3369
2.29482	12.4202
2.30458	12.5036
2.32237	12.5869
2.32376	12.6702
2.32453	12.7536
2.32507	12.8369
2.33724	12.9202
2.33864	13.0036
2.34209	13.0805
2.34414	13.1574
2.34777	13.2343
2.35034	13.3113
2.3736	13.3882
2.38427	13.4651
2.39214	13.542
2.39696	13.619
2.39992	13.6959
2.40195	13.7728
2.40453	13.8497
2.4074	13.9266
2.4088	14.0036
2.41016	14.075
2.41165	14.1464
2.41432	14.2179
2.41726	14.2893
2.44868	14.3607
2.45198	14.4321
2.45254	14.5036
2.457	14.575
2.47142	14.6464
2.48024	14.7179
2.48181	14.7893
2.48312	14.8607
2.48528	14.9321
2.48661	15.0036
2.48939	15.0702
2.49015	15.1369
2.49151	15.2036
2.49313	15.2702
2.51526	15.3369
2.53243	15.4036
2.53391	15.4702
2.53805	15.5369
2.54487	15.6036
2.54772	15.6702
2.54836	15.7369
2.55276	15.8036
2.55297	15.8702
2.55326	15.9369
2.55355	16.0036
2.55401	16.0661
2.55436	16.1286
2.55458	16.1911
2.55527	16.2536
2.5594	16.3161
2.58459	16.3786
2.58686	16.4411
2.5881	16.5036
2.58946	16.5661
2.59084	16.6286
2.59221	16.6911
2.59445	8.34554
2.59564	8.47054
2.59786	8.59554
2.5985	8.72054
2.59983	8.84554
2.60259	8.97054
2.60467	9.09554
2.60667	9.20665
2.61009	9.31776
2.6189	9.42887
2.62642	9.53998
2.62774	9.65109
2.63064	9.7622
2.63212	9.87331
2.63541	9.98442
2.63748	10.0955
2.65061	10.1955
2.65328	10.2955
2.66074	10.3955
2.67068	10.4955
2.67304	10.5955
2.67835	5.29777
2.69019	5.49777
2.69646	5.69777
2.69779	5.89777
2.69928	6.09777
2.70049	6.26443
2.7029	6.4311
2.70694	6.59777
2.71004	6.76443
2.71057	6.9311
2.72342	7.09777
2.72435	7.24063
2.72961	7.38348
2.73914	7.52634
2.74683	7.6692
2.74724	7.81205
2.7614	7.95491
2.76349	8.09777
2.76619	8.22277
2.76762	8.34777
2.77492	8.47277
2.79159	8.59777
2.79419	8.72277
2.80215	8.84777
2.80419	8.97277
2.80566	9.09777
2.80947	9.20888
2.81095	9.31999
2.81426	9.4311
2.8316	9.54221
2.8385	9.65332
2.84198	9.76443
2.84638	9.87555
2.84711	9.98666
2.84729	10.0978
2.84914	10.1978
2.85092	10.2978
2.85582	10.3978
2.87324	10.4978
2.87766	10.5978
2.88254	10.6978
2.88685	10.7978
2.88966	10.8978
2.89098	10.9978
2.89245	11.0978
2.90279	11.1887
2.9042	11.2796
2.90508	11.3705
2.91851	11.4614
2.9289	11.5523
2.93937	11.6432
2.94191	11.7341
2.94268	11.825
2.94364	11.9159
2.94412	12.0069
2.94581	12.0902
2.95055	12.1735
2.9533	12.2569
2.95463	12.3402
2.96767	12.4235
2.9857	12.5069
2.99313	12.5902
2.99792	12.6735
2.99939	12.7569
3.0007	12.8402
3.00207	12.9235
3.00339	13.0069
3.00487	13.0838
3.00616	13.1607
3.00825	13.2376
3.00998	13.3146
3.01577	13.3915
3.02904	13.4684
3.03518	13.5453
3.03791	13.6222
3.03929	13.6992
3.04065	13.7761
3.04344	13.853
3.04554	13.9299
3.04751	14.0069
3.05028	14.0783
3.0525	14.1497
3.05392	14.2211
3.05812	14.2926
3.05988	14.364
3.07165	14.4354
3.07773	14.5069
3.07836	14.5783
3.07903	14.6497
3.07986	14.7211
3.08058	14.7926
3.082	14.864
3.08371	14.9354
3.08513	15.0069
3.09013	15.0735
3.09168	15.1402
3.0949	15.2069
3.09709	15.2735
3.10341	15.3402
3.11396	15.4069
3.11882	15.4735
3.1193	15.5402
3.12135	15.6069
3.12283	15.6735
3.12477	15.7402
3.12618	15.8069
3.12753	15.8735
3.129	15.9402
3.13026	16.0069
3.13473	16.0694
3.13613	16.1319
3.13749	16.1944
3.13888	16.2569
3.14159	16.3194
3.15573	16.3819
3.16024	16.4444
3.1625	16.5069
3.16433	16.5694
3.16659	16.6319
3.16914	16.6944
3.17079	16.7569
3.17186	16.8194
3.1734	16.8819
3.17484	16.9444
3.1762	17.0069
3.17704	17.0657
3.17822	17.1245
3.17946	17.1833
3.18218	17.2422
3.18296	17.301
3.20091	17.3598
3.2037	17.4186
3.20392	17.4774
3.2051	17.5363
3.20775	17.5951
3.21189	17.6539
3.21668	17.7127
3.21736	17.7716
3.21932	17.8304
3.22134	17.8892
3.22292	17.948
3.22551	18.0069
3.22645	18.0624
3.22826	18.118
3.2297	18.1735
3.23182	18.2291
3.23444	18.2846
3.25403	18.3402
3.26008	18.3957
3.26084	18.4513
3.26149	18.5069
3.26284	18.5624
3.26353	18.618
3.2649	18.6735
3.26583	18.7291
3.267	18.7846
3.26771	18.8402
3.26865	18.8957
3.26913	18.9513
3.26998	19.0069
3.27223	19.0595
3.27275	19.1121
3.27525	19.1648
3.27885	19.2174
3.28779	19.27
3.32076	19.3226
3.3225	19.3753
3.32288	19.4279
3.32365	19.4805
3.3243	19.5332
3.32494	19.5858
3.32565	19.6384
3.32635	19.6911
3.32707	19.7437
3.32855	19.7963
3.32983	19.849
3.33057	19.9016
3.33345	19.9542
3.33431	20.0069
3.33538	20.0569
3.33834	20.1069
3.34116	10.0534
3.34432	10.1534
3.36424	10.2534
3.37066	10.3534
3.37207	10.4534
3.37223	10.5534
3.37347	10.6534
3.3741	10.7534
3.3755	10.8534
3.37686	10.9534
3.37826	11.0534
3.37968	11.1443
3.38311	11.2352
3.3845	11.3262
3.38858	11.4171
3.39066	11.508
3.39337	11.5989
3.39611	11.6898
3.39829	11.7807
3.43163	11.8716
3.43264	11.9625
3.43444	12.0534
3.43446	12.1368
3.43447	12.2201
3.43518	12.3034
3.43583	12.3868
3.43743	12.4701
3.4402	12.5534
3.44181	12.6368
3.44293	12.7201
3.4903	12.8034
3.49106	12.8868
3.49169	12.9701
3.49234	13.0534
3.49318	13.1304
3.49469	13.2073
3.49563	13.2842
3.4962	13.3611
3.49642	13.438
3.4967	13.515
3.4972	13.5919
3.49852	13.6688
3.53045	13.7457
3.53143	13.8227
3.53245	13.8996
3.53314	13.9765
3.5339	14.0534
3.53626	14.1249
3.54252	14.1963
3.54804	14.2677
3.55075	14.3391
3.55352	14.4106
3.55625	14.482
3.55904	14.5534
3.56118	14.6249
3.5936	14.6963
3.59632	14.7677
3.5977	14.8391
3.59906	14.9106
3.60229	14.982
3.60428	15.0534
3.60628	15.1201
3.60767	15.1868
3.60907	15.2534
3.6105	15.3201
3.61642	15.3868
3.62122	15.4534
3.62485	15.5201
3.62635	15.5868
3.65226	15.6534
3.65243	15.7201
3.65313	15.7868
3.65481	15.8534
3.65532	15.9201
3.65606	15.9868
3.65672	16.0534
3.65745	16.1159
3.65811	16.1784
3.65956	16.2409
3.66296	16.3034
3.67531	16.3659
3.68437	16.4284
3.68566	16.4909
3.68638	16.5534
3.7048	16.6159
3.70683	16.6784
3.70835	16.7409
3.70901	16.8034
3.71087	16.8659
3.71107	16.9284
3.71184	16.9909
3.7125	17.0534
3.71543	17.1123
3.72554	17.1711
3.72901	17.2299
3.72975	17.2887
3.73063	17.3475
3.73466	17.4064
3.73537	17.4652
3.73736	17.524
3.75918	17.5828
3.76051	17.6417
3.76242	17.7005
3.76592	17.7593
3.77678	17.8181
3.7782	17.877
3.78045	17.9358
3.78178	17.9946
3.78297	18.0534
3.78379	18.109
3.78556	18.1645
3.78792	18.2201
3.7908	18.2757
3.80112	18.3312
3.80319	18.3868
3.80536	18.4423
3.80731	18.4979
3.82738	18.5534
3.83001	18.609
3.83663	18.6645
3.83877	18.7201
3.84222	18.7757
3.84443	18.8312
3.84501	18.8868
3.84704	18.9423
3.84788	18.9979
3.84856	19.0534
3.84923	19.1061
3.84999	19.1587
3.85063	19.2113
3.85245	19.264
3.85276	19.3166
3.85411	19.3692
3.85894	19.4219
3.86308	19.4745
3.87549	19.5271
3.87623	19.5797
3.88675	19.6324
3.8901	19.685
3.89911	19.7376
3.90382	19.7903
3.90603	19.8429
3.90748	19.8955
3.90897	19.9482
3.91012	20.0008
3.91327	20.0508
3.91462	20.1008
3.91734	20.1508
3.91877	20.2008
3.92361	20.2508
3.92633	20.3008
3.93248	20.3508
3.93452	20.4008
3.94115	20.4508
3.94979	20.5008
3.95419	20.5508
3.96289	20.6008
3.96426	20.6508
3.96921	20.7008
3.97326	20.7508
3.97755	20.8008
3.98383	20.8508
3.98536	20.9008
3.9918	20.9508
3.9928	21.0008
3.99526	21.0484
4.00172	21.096
4.00371	21.1437
4.00539	21.1913
4.00868	21.2389
4.00992	21.2865
4.01207	21.3341
4.01404	21.3818
4.02192	21.4294
4.02544	21.477
4.02756	21.5246
4.02873	21.5722
4.02954	21.6198
4.03741	21.6675
4.04366	21.7151
4.04637	21.7627
4.05166	21.8103
4.05208	21.8579
4.05249	21.9056
4.05386	21.9532
4.05518	22.0008
4.05596	22.0463
4.06207	22.0917
4.06456	22.1372
4.06543	22.1826
4.06618	22.2281
4.07026	22.2735
4.07118	22.319
4.07148	22.3644
4.07203	22.4099
4.07878	22.4553
4.08856	22.5008
4.09644	22.5463
4.09766	22.5917
4.10184	22.6372
4.10299	22.6826
4.10514	22.7281
4.11023	22.7735
4.11414	22.819
4.12201	22.8644
4.12317	22.9099
4.12454	22.9553
4.12536	23.0008
4.13039	23.0443
4.13372	23.0878
4.13439	23.1312
4.13544	23.1747
4.13633	23.2182
4.13649	23.2617
4.13928	23.3051
4.14023	23.3486
4.14138	23.3921
4.14486	23.4356
4.14814	23.4791
4.1486	23.5225
4.14989	23.566
4.15262	23.6095
4.15467	23.653
4.16057	23.6964
4.16121	23.7399
4.16668	23.7834
4.16877	23.8269
4.16974	23.8704
4.17175	23.9138
4.17227	23.9573
4.17364	24.0008
4.17589	24.0425
4.17881	24.0841
4.18164	24.1258
4.18438	24.1675
4.18608	24.2091
4.1871	24.2508
4.18841	24.2925
4.19003	24.3341
4.19118	24.3758
4.19662	24.4175
4.1974	24.4591
4.20096	24.5008
4.20131	24.5425
4.20286	24.5841
4.20418	24.6258
4.20499	24.6675
4.20557	24.7091
4.20629	24.7508
4.20698	24.7925
4.20951	24.8341
4.21103	24.8758
4.21592	24.9175
4.21686	24.9591
4.21946	25.0008
4.22742	25.0408
4.22956	25.0808
4.23063	25.1208
4.23129	25.1608
4.23264	25.2008
4.23336	25.2408
4.23405	25.2808
4.23474	25.3208
4.23566	25.3608
4.23685	25.4008
4.23722	25.4408
4.23981	25.4808
4.24048	25.5208
4.24173	25.5608
4.2433	25.6008
4.24565	25.6408
4.24735	25.6808
4.24869	25.7208
4.25203	25.7608
4.25361	25.8008
4.25492	25.8408
4.25645	25.8808
4.2577	25.9208
4.25972	25.9608
4.26129	26.0008
4.26321	26.0393
4.26384	26.0777
4.26528	26.1162
4.26658	26.1546
4.27074	26.1931
4.27224	26.2316
4.27284	26.27
4.27352	26.3085
4.27809	26.347
4.28603	26.3854
4.28642	26.4239
4.28749	26.4623
4.29296	26.5008
4.29442	26.5393
4.29679	26.5777
4.2978	26.6162
4.29913	26.6546
4.30032	26.6931
4.30163	26.7316
4.30275	26.77
4.30339	26.8085
4.30423	26.847
4.30507	26.8854
4.30552	26.9239
4.30624	26.9623
4.30689	27.0008
4.30783	27.0378
4.30835	27.0749
4.30907	27.1119
4.30971	27.1489
4.31401	27.186
4.31654	27.223
4.31753	27.2601
4.31967	27.2971
4.32253	27.3341
4.33893	27.3712
4.33952	27.4082
4.34047	27.4452
4.34104	27.4823
4.34182	27.5193
4.34307	27.5564
4.34542	27.5934
4.3504	27.6304
4.35371	27.6675
4.35584	27.7045
4.35633	27.7415
4.35662	27.7786
4.35723	27.8156
4.35785	27.8526
4.3601	27.8897
4.36132	27.9267
4.36423	27.9638
4.36558	28.0008
4.3669	28.0365
4.36888	28.0722
4.37146	28.1079
4.37234	28.1437
4.37516	28.1794
4.37793	28.2151
4.37936	28.2508
4.38097	28.2865
4.38368	28.3222
4.40715	28.3579
4.4078	28.3937
4.40948	28.4294
4.41068	28.4651
4.41209	28.5008
4.41439	28.5365
4.42323	28.5722
4.42648	28.6079
4.43075	28.6437
4.43587	28.6794
4.43911	28.7151
4.44158	28.7508
4.44308	28.7865
4.44455	28.8222
4.44571	28.8579
4.44803	28.8937
4.44994	28.9294
4.45083	28.9651
4.45326	29.0008
4.45486	29.0353
4.45623	29.0698
4.45746	29.1042
4.45951	29.1387
4.46231	29.1732
4.46506	29.2077
4.46646	29.2422
4.46717	29.2767
4.47276	29.3111
4.49218	29.3456
4.49256	29.3801
4.49305	29.4146
4.4944	29.4491
4.49619	29.4836
4.49758	29.518
4.50131	29.5525
4.50271	29.587
4.50765	29.6215
4.51166	29.656
4.51241	29.6905
4.51801	29.7249
4.52142	29.7594
4.52475	29.7939
4.52904	29.8284
4.53399	29.8629
4.53579	29.8973
4.53727	29.9318
4.5392	29.9663
4.5415	30.0008
4.54463	30.0341
4.5457	30.0675
4.54996	30.1008
4.55086	30.1341
4.55113	30.1675
4.55203	30.2008
4.55276	30.2341
4.5534	30.2675
4.55666	30.3008
4.5617	30.3341
4.56308	30.3675
4.56635	30.4008
4.56849	30.4341
4.57184	30.4675
4.57335	30.5008
4.57528	30.5341
4.57744	30.5675
4.58457	30.6008
4.58864	30.6341
4.58936	30.6675
4.59281	30.7008
4.59421	30.7341
4.59492	30.7675
4.59622	30.8008
4.59765	30.8341
4.59832	30.8675
4.59961	30.9008
4.5999	30.9341
4.60116	30.9675
4.60291	31.0008
4.60424	31.0331
4.60503	31.0653
4.60749	31.0976
4.60774	31.1298
4.60834	31.1621
4.60916	31.1943
4.60982	31.2266
4.61046	31.2589
4.62246	31.2911
4.63598	31.3234
4.63659	31.3556
4.6387	31.3879
4.64147	31.4202
4.64377	31.4524
4.64564	31.4847
4.64768	31.5169
4.64858	31.5492
4.6493	31.5814
4.6499	31.6137
4.65055	31.646
4.65121	31.6782
4.65273	31.7105
4.65408	31.7427
4.65473	31.775
4.65528	31.8072
4.65624	31.8395
4.65767	31.8718
4.65841	31.904
4.66047	31.9363
4.66177	31.9685
4.66386	32.0008
4.66525	32.032
4.66727	32.0633
4.66895	32.0945
4.67005	32.1258
4.67072	32.157
4.67345	32.1883
4.67492	32.2195
4.67643	32.2508
4.69285	32.282
4.69928	32.3133
4.69988	32.3445
4.70364	32.3758
4.70464	32.407
4.70751	32.4383
4.70884	32.4695
4.70955	32.5008
4.71089	32.532
4.71234	32.5633
4.71378	32.5945
4.71445	32.6258
4.71601	32.657
4.71713	32.6883
4.72092	32.7195
4.72281	32.7508
4.72354	32.782
4.72504	32.8133
4.7269	32.8445
4.72956	32.8758
4.73036	32.907
4.73228	32.9383
4.73375	32.9695
4.73507	33.0008
4.73751	33.0311
4.73931	33.0614
4.73944	33.0917
4.74108	33.122
4.7429	33.1523
4.74339	33.1826
4.7441	33.2129
4.74492	33.2432
4.75645	33.2735
4.76263	33.3038
4.76337	33.3341
4.76481	33.3644
4.76613	33.3947
4.76922	33.425
4.77315	33.4553
4.77516	33.4856
4.77726	33.5159
4.77862	16.758
4.77924	16.8205
4.77998	16.883
4.78136	16.9455
4.78563	17.008
4.78627	17.0668
4.78802	17.1256
4.78833	17.1844
4.78981	17.2433
4.79163	17.3021
4.7926	17.3609
4.79389	17.4197
4.79737	17.4786
4.79871	17.5374
4.80215	17.5962
4.80284	17.655
4.80563	17.7139
4.81385	17.7727
4.81663	17.8315
4.81937	17.8903
4.82206	17.9492
4.82486	18.008
4.82966	18.0635
4.83038	18.1191
4.832	18.1746
4.83674	18.2302
4.83805	18.2858
4.84086	18.3413
4.84252	18.3969
4.84369	18.4524
4.84817	18.508
4.849	18.5635
4.84961	18.6191
4.86571	18.6746
4.87475	18.7302
4.87702	18.7858
4.88134	18.8413
4.88255	18.8969
4.88433	18.9524
4.88513	19.008
4.88869	19.0606
4.88924	19.1132
4.89365	19.1659
4.90789	19.2185
4.90921	19.2711
4.91062	19.3238
4.91304	19.3764
4.9141	19.429
4.91611	19.4817
4.9168	19.5343
4.91749	9.76715
4.92126	9.87826
4.92804	9.98937
4.93346	10.1005
4.93772	10.2005
4.93902	10.3005
4.94119	10.4005
4.94176	10.5005
4.94321	10.6005
4.94459	10.7005
4.94599	10.8005
4.95429	10.9005
4.96765	11.0005
4.96835	11.0914
4.96941	11.1823
4.97168	11.2732
4.97219	11.3641
4.97287	11.455
4.97405	11.5459
4.98912	11.6368
4.99186	11.7278
5.0035	11.8187
5.00765	11.9096
5.00919	12.0005
5.01003	12.0838
5.01471	12.1671
5.01651	12.2505
5.0175	12.3338
5.01906	12.4171
5.02023	12.5005
5.05564	12.5838
5.05999	12.6671
5.06482	12.7505
5.06683	12.8338
5.06732	12.9171
5.06939	13.0005
5.07125	13.0774
5.07336	13.1543
5.07387	13.2312
5.07423	13.3082
5.07436	13.3851
5.07484	13.462
5.1041	13.5389
5.11051	13.6159
5.11795	13.6928
5.12011	13.7697
5.12199	13.8466
5.12405	13.9236
5.12944	14.0005
5.1319	14.0719
5.13325	14.1433
5.13413	14.2148
5.1356	14.2862
5.13601	14.3576
5.13745	14.429
5.14253	14.5005
5.15603	14.5719
5.17196	14.6433
5.17469	14.7148
5.17527	14.7862
5.17595	14.8576
5.17667	14.929
5.17737	15.0005
5.17937	15.0671
5.18049	15.1338
5.18191	15.2005
5.18257	15.2671
5.18322	15.3338
5.18425	15.4005
5.20393	15.4671
5.21762	15.5338
5.22026	15.6005
5.2242	15.6671
5.22616	15.7338
5.22659	15.8005
5.22779	15.8671
5.22794	15.9338
5.2293	16.0005
5.23266	16.063
5.23392	16.1255
5.24078	16.188
5.24974	16.2505
5.25112	16.313
5.25261	16.3755
5.26243	16.438
5.26958	16.5005
5.2733	16.563
5.27673	16.6255
5.28247	16.688
5.29124	16.7505
5.30124	16.813
5.30262	16.8755
5.30377	16.938
5.30456	17.0005
5.30534	17.0593
5.30659	17.1181
5.30759	17.1769
5.30793	17.2358
5.30857	17.2946
5.30954	17.3534
5.31213	17.4122
5.31274	17.4711
5.32224	17.5299
5.32722	17.5887
5.34208	17.6475
5.34354	17.7064
5.34767	17.7652
5.34794	17.824
5.34843	17.8828
5.34904	17.9417
5.34978	18.0005
5.35046	18.056
5.35116	18.1116
5.35256	18.1671
5.35391	18.2227
5.35562	18.2783
5.35669	18.3338
5.35809	18.3894
5.3597	18.4449
5.36239	18.5005
5.36595	18.556
5.38167	18.6116
5.38353	18.6671
5.38925	18.7227
5.38969	18.7783
5.39119	18.8338
5.39172	18.8894
5.39356	18.9449
5.39436	19.0005
5.39491	19.0531
5.39606	19.1057
5.39676	19.1584
5.39738	19.211
5.39917	19.2636
5.39984	19.3163
5.40182	19.3689
5.40292	19.4215
5.4084	19.4742
5.4113	19.5268
5.43109	19.5794
5.43266	19.6321
5.43455	19.6847
5.43593	19.7373
5.43659	19.79
5.43774	19.8426
5.44212	19.8952
5.44322	19.9478
5.44349	20.0005
5.44372	20.0505
5.44406	20.1005
5.44441	20.1505
5.44488	20.2005
5.44632	20.2505
5.44988	20.3005
5.45169	20.3505
5.45597	20.4005
5.46476	20.4505
5.4668	20.5005
5.4758	20.5505
5.4777	20.6005
5.47997	20.6505
5.48113	20.7005
5.48184	20.7505
5.48338	20.8005
5.49074	20.8505
5.49211	20.9005
5.49241	20.9505
5.49389	21.0005
5.49639	21.0481
5.50152	21.0957
5.5062	21.1433
5.50768	21.191
5.51272	21.2386
5.51875	21.2862
5.51992	21.3338
5.52209	21.3814
5.52405	21.429
5.52752	21.4767
5.53167	21.5243
5.53456	21.5719
5.53626	21.6195
5.53647	21.6671
5.53704	21.7148
5.53717	21.7624
5.54979	21.81
5.55253	21.8576
5.55394	21.9052
5.55667	21.9529
5.55889	22.0005
5.56018	22.0459
5.56288	11.023
5.56571	11.1139
5.5676	11.2048
5.56908	11.2957
5.57519	11.3866
5.57589	11.4775
5.57746	11.5684
5.58099	11.6593
5.58476	11.7502
5.58723	11.8411
5.58896	11.9321
5.58986	12.023
5.59052	12.1063
5.59192	12.1896
5.59259	12.273
5.60499	12.3563
5.61052	12.4396
5.61262	12.523
5.61325	12.6063
5.61479	12.6896
5.61606	12.773
5.61711	12.8563
5.63876	12.9396
5.63914	13.023
5.63936	13.0999
5.64096	13.1768
5.64125	13.2537
5.66093	13.3307
5.66315	13.4076
5.66568	13.4845
5.66686	13.5614
5.66841	13.6384
5.67031	13.7153
5.67347	13.7922
5.69281	13.8691
5.69363	13.946
5.69436	14.023
5.69527	14.0944
5.70498	14.1658
5.71063	14.2373
5.71903	14.3087
5.72167	14.3801
5.72748	14.4515
5.73332	14.523
5.73385	14.5944
5.73419	14.6658
5.73433	14.7373
5.74562	14.8087
5.7474	14.8801
5.75291	14.9515
5.75502	15.023
5.75635	15.0896
5.77095	15.1563
5.7751	15.223
5.77878	15.2896
5.77968	15.3563
5.78269	15.423
5.78411	15.4896
5.78852	15.5563
5.78975	15.623
5.79165	15.6896
5.79953	15.7563
5.80284	15.823
5.80449	15.8896
5.80515	15.9563
5.80625	16.023
5.80836	16.0855
5.83039	16.148
5.8365	16.2105
5.84479	16.273
5.8469	16.3355
5.85268	16.398
5.85325	16.4605
5.85409	16.523
5.85462	16.5855
5.85526	16.648
5.86903	16.7105
5.87333	16.773
5.87452	8.38648
5.8752	8.51148
5.87597	8.63648
5.87669	8.76148
5.87733	8.88648
5.89756	9.01148
5.89871	9.12259
5.90537	9.23371
5.90565	9.34482
5.9105	9.45593
5.91206	9.56704
5.914	9.67815
5.91602	9.78926
5.91804	9.90037
5.93181	10.0115
5.93611	10.1115
5.96244	10.2115
5.9634	10.3115
5.96459	10.4115
5.96641	10.5115
5.96716	10.6115
5.96782	10.7115
5.96852	10.8115
5.9858	10.9115
5.98852	11.0115
5.99371	11.1024
6.01283	11.1933
6.01554	11.2842
6.01831	11.3751
6.01974	11.466
6.02079	11.5569
6.0224	11.6478
6.02381	11.7388
6.03701	11.8297
6.03974	11.9206
6.04351	12.0115
6.05228	12.0948
6.05663	12.1781
6.05723	12.2615
6.06448	12.3448
6.06663	12.4281
6.07142	12.5115
6.07411	12.5948
6.07992	12.6781
6.09159	12.7615
6.09421	12.8448
6.09518	12.9281
6.096	13.0115
6.09671	13.0884
6.10365	13.1653
6.10709	13.2423
6.11678	13.3192
6.11992	13.3961
6.12225	13.473
6.12429	13.5499
6.12641	13.6269
6.13506	13.7038
6.13972	13.7807
6.14083	13.8576
6.14379	13.9346
6.14718	14.0115
6.14905	14.0829
6.15114	14.1543
6.15248	14.2258
6.16585	14.2972
6.16637	14.3686
6.16783	14.4401
6.16966	14.5115
6.17193	14.5829
6.17405	14.6543
6.17457	14.7258
6.17485	14.7972
6.17543	14.8686
6.17903	14.9401
6.18168	15.0115
6.18427	15.0781
6.18981	15.1448
6.1918	15.2115
6.19872	15.2781
6.2008	15.3448
6.20147	15.4115
6.20228	15.4781
6.2029	15.5448
6.21046	15.6115
6.21129	15.6781
6.21184	15.7448
6.21249	15.8115
6.21322	15.8781
6.21523	15.9448
6.21679	16.0115
6.21878	16.074
6.22221	16.1365
6.22878	16.199
6.23671	16.2615
6.2381	16.324
6.24013	16.3865
6.24427	16.449
6.24499	16.5115
6.24712	16.574
6.24848	16.6365
6.25049	16.699
6.2513	16.7615
6.25327	16.824
6.25672	16.8865
6.25945	16.949
6.26081	17.0115
6.26287	17.0703
6.26781	17.1291
6.26921	17.188
6.27681	17.2468
6.28037	17.3056
6.28181	17.3644
6.28759	17.4232
6.28939	17.4821
6.29008	17.5409
6.29105	17.5997
6.29204	17.6585
6.29478	17.7174
6.29755	17.7762
6.30008	17.835
6.30373	17.8938
6.30631	17.9527
6.30796	18.0115
6.312	18.067
6.3163	18.1226
6.31854	18.1781
6.327	18.2337
6.32761	18.2893
6.33023	18.3448
6.33505	18.4004
6.33877	18.4559
6.33965	18.5115
6.34116	18.567
6.34691	18.6226
6.35086	18.6781
6.35291	18.7337
6.35519	18.7893
6.35729	18.8448
6.35979	18.9004
6.36259	18.9559
6.36395	19.0115
6.36611	19.0641
6.36922	19.1167
6.36959	19.1694
6.37294	19.222
6.37567	19.2746
6.37918	19.3273
6.38469	19.3799
6.38951	19.4325
6.3909	19.4852
6.39367	19.5378
6.39575	19.5904
6.3965	19.6431
6.3979	19.6957
6.3993	19.7483
6.40026	19.801
6.40193	19.8536
6.40357	19.9062
6.40464	19.9589
6.40536	20.0115
6.40755	20.0615
6.41637	20.1115
6.41774	20.1615
6.42787	20.2115
6.42853	20.2615
6.42926	20.3115
6.43101	20.3615
6.43435	20.4115
6.43508	20.4615
6.43656	20.5115
6.45228	20.5615
6.45297	20.6115
6.4551	20.6615
6.45599	20.7115
6.45847	20.7615
6.45985	20.8115
6.46054	20.8615
6.46124	20.9115
6.46268	20.9615
6.4633	21.0115
6.46473	21.0591
6.46641	21.1067
6.46723	21.1543
6.48541	21.202
6.48681	21.2496
6.48819	21.2972
6.48968	21.3448
6.4937	21.3924
6.49437	21.4401
6.49624	21.4877
6.50355	21.5353
6.50491	21.5829
6.50856	21.6305
6.50989	21.6781
6.51249	21.7258
6.51393	21.7734
6.51668	21.821
6.51802	21.8686
6.51865	21.9162
6.52108	21.9639
6.52285	22.0115
6.52418	22.0569
6.52876	22.1024
6.53302	22.1478
6.53878	22.1933
6.54014	22.2388
6.54153	22.2842
6.54364	22.3297
6.54914	22.3751
6.55076	22.4206
6.55277	22.466
6.56493	22.5115
6.5664	22.5569
6.56852	22.6024
6.5699	22.6478
6.57062	22.6933
6.57129	22.7388
6.57198	22.7842
6.57283	22.8297
6.57411	22.8751
6.57611	22.9206
6.577	22.966
6.5775	23.0115
6.58107	23.055
6.58528	23.0984
6.59206	23.1419
6.59347	23.1854
6.59507	23.2289
6.59761	23.2724
6.59846	23.3158
6.60497	23.3593
6.60698	23.4028
6.6098	23.4463
6.61862	23.4897
6.61952	23.5332
6.62056	23.5767
6.62701	23.6202
6.62782	23.6637
6.6286	23.7071
6.63352	23.7506
6.63546	23.7941
6.63916	23.8376
6.64073	23.881
6.6427	23.9245
6.64545	23.968
6.64745	24.0115
6.65022	24.0531
6.65103	24.0948
6.65398	24.1365
6.65444	24.1781
6.65665	24.2198
6.65896	24.2615
6.66494	24.3031
6.66546	24.3448
6.66589	24.3865
6.66951	24.4281
6.67605	24.4698
6.67808	24.5115
6.68476	24.5531
6.69255	24.5948
6.69325	24.6365
6.69397	24.6781
6.69617	24.7198
6.69752	24.7615
6.69895	24.8031
6.70068	24.8448
6.70242	24.8865
6.70309	24.9281
6.70812	24.9698
6.71077	25.0115
6.71221	25.0515
6.71618	25.0915
6.71756	25.1315
6.71888	25.1715
6.72938	25.2115
6.73222	25.2515
6.73292	25.2915
6.73351	25.3315
6.73439	25.3715
6.73779	25.4115
6.7397	25.4515
6.7426	25.4915
6.74527	25.5315
6.748	25.5715
6.7494	25.6115
6.75007	25.6515
6.75075	25.6915
6.75358	25.7315
6.75433	25.7715
6.75563	25.8115
6.757	25.8515
6.75791	25.8915
6.75836	25.9315
6.75912	25.9715
6.75976	26.0115
6.76101	26.0499
6.7613	26.0884
6.76235	26.1269
6.76252	26.1653
6.7744	26.2038
6.77718	26.2423
6.78124	26.2807
6.78271	26.3192
6.78397	26.3576
6.78537	26.3961
6.78601	26.4346
6.78744	26.473
6.79088	26.5115
6.79521	26.5499
6.79721	26.5884
6.79955	26.6269
6.80069	26.6653
6.802	26.7038
6.80499	26.7423
6.80888	26.7807
6.8096	26.8192
6.81232	26.8576
6.81371	26.8961
6.81438	26.9346
6.81507	26.973
6.81603	27.0115
6.817	27.0485
6.81736	27.0856
6.81797	27.1226
6.81864	27.1596
6.82924	27.1967
6.83139	27.2337
6.83584	27.2707
6.83859	27.3078
6.84215	27.3448
6.84566	27.3819
6.84907	27.4189
6.85187	27.4559
6.85686	27.493
6.86576	27.53
6.86663	27.567
6.86756	27.6041
6.86785	27.6411
6.86814	27.6781
6.86856	27.7152
6.86933	27.7522
6.86984	27.7893
6.87052	27.8263
6.87192	27.8633
6.87402	27.9004
6.87564	27.9374
6.87609	27.9744
6.8796	28.0115
6.881	28.0472
6.88246	28.0829
6.88374	28.1186
6.88589	28.1543
6.89058	28.1901
6.89282	28.2258
6.89694	28.2615
6.90032	28.2972
6.90229	28.3329
6.90865	28.3686
6.91006	28.4043
6.9123	28.4401
6.91484	28.4758
6.9184	28.5115
6.92033	28.5472
6.92202	28.5829
6.92449	28.6186
6.9258	28.6543
6.92858	28.6901
6.92937	28.7258
6.93075	28.7615
6.93217	28.7972
6.93626	28.8329
6.94529	28.8686
6.94739	28.9043
6.94902	28.9401
6.94955	28.9758
6.95104	29.0115
6.95223	29.046
6.95425	29.0804
6.95584	29.1149
6.9571	29.1494
6.96256	29.1839
6.96411	29.2184
6.96538	29.2529
6.96682	29.2873
6.96962	29.3218
6.98226	29.3563
6.9834	29.3908
6.98476	29.4253
6.98778	29.4598
6.99028	29.4942
6.99308	29.5287
6.99439	29.5632
6.99877	29.5977
6.99965	29.6322
7.00096	29.6667
7.00134	29.7011
7.00303	29.7356
7.00512	29.7701
7.00842	29.8046
7.00983	29.8391
7.01137	29.8736
7.01253	29.908
7.01394	29.9425
7.01529	29.977
7.01664	30.0115
7.01737	30.0448
7.01871	30.0781
7.01941	30.1115
7.02038	30.1448
7.0208	30.1781
7.02503	30.2115
7.02712	30.2448
7.02808	30.2781
7.02851	30.3115
7.03062	15.1557
7.03126	15.2224
7.03228	15.2891
7.03331	15.3557
7.03402	15.4224
7.03633	15.4891
7.03752	15.5557
7.04581	15.6224
7.0485	15.6891
7.05411	15.7557
7.05476	15.8224
7.05598	15.8891
7.05619	15.9557
7.05814	16.0224
7.05834	16.0849
7.06011	16.1474
7.06158	16.2099
7.06581	16.2724
7.06693	16.3349
7.06925	16.3974
7.07126	16.4599
7.0725	16.5224
7.07387	16.5849
7.07516	16.6474
7.07655	16.7099
7.078	16.7724
7.07928	16.8349
7.08067	16.8974
7.0835	16.9599
7.08432	17.0224
7.10224	17.0812
7.10504	17.1401
7.10638	17.1989
7.11356	17.2577
7.11537	17.3165
7.11607	17.3753
7.11833	17.4342
7.11949	17.493
7.12079	17.5518
7.12178	17.6106
7.12329	17.6695
7.12489	17.7283
7.12594	17.7871
7.12869	17.8459
7.13018	17.9048
7.13222	17.9636
7.13362	18.0224
7.15756	18.078
7.15947	18.1335
7.16112	18.1891
7.16389	18.2446
7.16453	18.3002
7.1657	18.3557
7.16768	18.4113
7.16895	18.4669
7.17174	18.5224
7.17329	18.578
7.17397	18.6335
7.17459	18.6891
7.17549	18.7446
7.1766	18.8002
7.17859	18.8557
7.1814	18.9113
7.1821	18.9669
7.18361	19.0224
7.21138	19.075
7.21204	19.1277
7.21331	19.1803
7.21405	19.2329
7.21965	19.2856
7.22124	19.3382
7.22281	19.3908
7.22373	19.4435
7.22422	19.4961
7.22755	19.5487
7.22855	19.6014
7.22989	19.654
7.23332	19.7066
7.23826	19.7593
7.23895	19.8119
7.24033	19.8645
7.24166	19.9171
7.24371	19.9698
7.24579	20.0224
7.26498	20.0724
7.2656	20.1224
7.26703	20.1724
7.26771	20.2224
7.26887	20.2724
7.27154	20.3224
7.27604	20.3724
7.27643	20.4224
7.27728	20.4724
7.2779	20.5224
7.27916	20.5724
7.28123	20.6224
7.28627	20.6724
7.28832	20.7224
7.29041	20.7724
7.2945	20.8224
7.29878	20.8724
7.30029	20.9224
7.3021	20.9724
7.30358	21.0224
7.31579	21.07
7.31823	21.1176
7.32179	21.1653
7.3259	21.2129
7.32733	21.2605
7.32868	21.3081
7.33065	21.3557
7.33203	21.4034
7.33274	21.451
7.33409	21.4986
7.3349	21.5462
7.33689	21.5938
7.34028	21.6415
7.34233	21.6891
7.34584	21.7367
7.34718	21.7843
7.34852	21.8319
7.34998	21.8796
7.35133	21.9272
7.35204	21.9748
7.35275	22.0224
7.37698	22.0679
7.37776	22.1133
7.37944	22.1588
7.37982	22.2042
7.38143	22.2497
7.38192	22.2951
7.38283	22.3406
7.38463	22.386
7.38672	22.4315
7.38879	22.477
7.3915	22.5224
7.3943	22.5679
7.39839	22.6133
7.40046	22.6588
7.40391	22.7042
7.40455	22.7497
7.40592	22.7951
7.40872	22.8406
7.41073	22.886
7.41142	22.9315
7.41213	22.977
7.41284	23.0224
7.43455	23.0659
7.43777	23.1094
7.43988	23.1528
7.44067	23.1963
7.44123	23.2398
7.44418	23.2833
7.44548	23.3268
7.44615	23.3702
7.44688	23.4137
7.44905	23.4572
7.45161	23.5007
7.45299	23.5441
7.45572	23.5876
7.4571	23.6311
7.45921	23.6746
7.46056	23.7181
7.46133	23.7615
7.46261	23.805
7.46408	23.8485
7.46534	23.892
7.46673	23.9355
7.46741	23.9789
7.46809	24.0224
7.48899	24.0641
7.48965	24.1057
7.49333	24.1474
7.49505	24.1891
7.49608	24.2307
7.49721	24.2724
7.50194	24.3141
7.50337	24.3557
7.50402	24.3974
7.50612	24.4391
7.50747	12.2195
7.50885	12.3029
7.50955	12.3862
7.51089	12.4695
7.51163	12.5529
7.51244	12.6362
7.51306	12.7195
7.51419	12.8029
7.51474	12.8862
7.51525	12.9695
7.51666	13.0529
7.51864	13.1298
7.52006	13.2067
7.52227	13.2836
7.54269	13.3606
7.54295	13.4375
7.54339	13.5144
7.54353	13.5913
7.54396	13.6683
7.54432	13.7452
7.54447	13.8221
7.54564	13.899
7.54572	13.9759
7.54736	14.0529
7.56521	14.1243
7.56671	14.1957
7.56783	14.2672
7.57653	14.3386
7.57682	14.41
7.57724	14.4814
7.5779	14.5529
7.5783	14.6243
7.57984	14.6957
7.5806	14.7672
7.5818	14.8386
7.58283	14.91
7.5848	14.9814
7.58635	15.0529
7.5928	15.1195
7.59474	15.1862
7.59703	15.2529
7.61618	15.3195
7.61753	15.3862
7.61824	15.4529
7.62077	15.5195
7.6262	15.5862
7.62752	15.6529
7.63045	15.7195
7.63318	15.7862
7.63668	15.8529
7.63724	15.9195
7.64001	15.9862
7.64131	16.0529
7.64204	16.1154
7.64275	16.1779
7.64344	16.2404
7.659	16.3029
7.66014	16.3654
7.66172	16.4279
7.66284	16.4904
7.66491	16.5529
7.66633	16.6154
7.66769	16.6779
7.66991	16.7404
7.6786	16.8029
7.68192	16.8654
7.68245	16.9279
7.68374	16.9904
7.68421	17.0529
7.685	17.1117
7.68581	17.1705
7.68693	17.2293
7.69336	17.2882
7.69381	17.347
7.69556	17.4058
7.69844	17.4646
7.69958	17.5235
7.70285	17.5823
7.70549	17.6411
7.70831	17.6999
7.71033	17.7588
7.71384	17.8176
7.72215	17.8764
7.72362	17.9352
7.72554	17.994
7.72646	18.0529
7.72874	18.1084
7.72926	18.164
7.73134	18.2195
7.73587	18.2751
7.7369	18.3306
7.73831	18.3862
7.73985	18.4418
7.74178	18.4973
7.74325	18.5529
7.74478	18.6084
7.74535	18.664
7.74651	18.7195
7.7485	18.7751
7.76084	18.8306
7.76291	18.8862
7.76502	18.9418
7.76605	18.9973
7.76704	19.0529
7.76737	19.1055
7.76783	19.1581
7.76853	9.57907
7.78394	9.69018
7.7849	9.80129
7.78545	9.9124
7.78685	10.0235
7.78821	10.1235
7.78956	10.2235
7.79525	10.3235
7.79715	10.4235
7.79986	10.5235
7.8022	10.6235
7.80547	10.7235
7.80893	10.8235
7.811	10.9235
7.81176	11.0235
7.81242	11.1144
7.81307	11.2053
7.81572	11.2962
7.81653	11.3871
7.83671	11.4781
7.83818	11.569
7.8407	11.6599
7.84971	11.7508
7.85147	11.8417
7.85244	11.9326
7.85296	12.0235
7.85434	12.1068
7.85509	12.1902
7.85718	12.2735
7.85923	12.3568
7.87094	12.4402
7.87262	12.5235
7.87661	12.6068
7.88085	12.6902
7.88279	12.7735
7.88418	12.8568
7.88554	12.9402
7.88692	13.0235
7.89037	13.1004
7.89174	13.1774
7.89588	13.2543
7.89724	13.3312
7.91167	13.4081
7.91254	13.485
7.91438	13.562
7.91717	13.6389
7.91993	13.7158
7.92539	13.7927
7.9302	13.8697
7.93225	13.9466
7.93503	14.0235
7.93842	14.0949
7.93977	14.1664
7.94073	14.2378
7.9412	14.3092
7.96145	14.3807
7.96302	14.4521
7.96373	14.5235
7.96439	14.5949
7.9651	14.6664
7.96816	14.7378
7.97347	14.8092
7.97637	14.8807
7.9789	14.9521
7.98163	15.0235
7.98785	15.0902
7.99335	15.1568
7.99607	15.2235
7.99748	15.2902
8.02191	15.3568
8.02388	15.4235
8.02582	15.4902
8.02795	15.5568
8.02998	15.6235
8.03292	15.6902
8.03573	15.7568
8.03818	15.8235
8.04107	15.8902
8.04392	15.9568
8.04645	16.0235
8.05055	16.086
8.05329	16.1485
8.05536	16.211
8.05671	16.2735
8.0762	16.336
8.07826	16.3985
8.08236	16.461
8.09125	16.5235
8.09292	16.586
8.09345	16.6485
8.09479	16.711
8.09641	16.7735
8.09915	16.836
8.10234	16.8985
8.10511	16.961
8.10715	17.0235
8.10991	17.0823
8.11192	17.1412
8.11544	17.2
8.11748	17.2588
8.13824	17.3176
8.13962	17.3765
8.14179	17.4353
8.14605	17.4941
8.14661	17.5529
8.14722	17.6117
8.14857	17.6706
8.14996	17.7294
8.15066	17.7882
8.15209	17.847
8.15569	17.9059
8.15844	17.9647
8.15921	18.0235
8.1625	18.0791
8.16801	18.1346
8.17312	18.1902
8.17373	18.2457
8.19094	18.3013
8.19153	18.3568
8.19222	18.4124
8.195	18.468
8.19568	18.5235
8.19705	18.5791
8.20033	18.6346
8.20142	18.6902
8.20209	18.7457
8.2048	18.8013
8.20804	18.8568
8.21069	18.9124
8.21209	18.968
8.21346	19.0235
8.21552	19.0761
8.21891	19.1288
8.22781	19.1814
8.23043	19.234
8.2396	19.2867
8.2405	19.3393
8.24166	19.3919
8.24309	19.4446
8.24378	19.4972
8.24455	19.5498
8.24764	19.6025
8.24877	19.6551
8.25008	19.7077
8.25079	19.7604
8.25165	19.813
8.25291	19.8656
8.25436	19.9182
8.25566	19.9709
8.25661	20.0235
8.25701	20.0735
8.25848	20.1235
8.27714	20.1735
8.27856	20.2235
8.28589	20.2735
8.28668	20.3235
8.28812	20.3735
8.28958	20.4235
8.29089	20.4735
8.29227	20.5235
8.29289	20.5735
8.29377	20.6235
8.29645	20.6735
8.29695	20.7235
8.29771	20.7735
8.299	20.8235
8.29988	20.8735
8.30172	20.9235
8.30311	20.9735
8.30462	21.0235
8.30534	21.0711
8.30738	21.1187
8.33376	21.1664
8.33424	21.214
8.34583	21.2616
8.34626	21.3092
8.34638	21.3568
8.34659	21.4045
8.34683	21.4521
8.3483	21.4997
8.34998	21.5473
8.35104	21.5949
8.35232	21.6426
8.35368	21.6902
8.3593	21.7378
8.36204	21.7854
8.36565	21.833
8.36617	21.8807
8.36698	21.9283
8.36777	21.9759
8.36845	22.0235
8.36904	22.069
8.36973	22.1144
8.39054	22.1599
8.39202	22.2053
8.40569	22.2508
8.40915	22.2962
8.40991	22.3417
8.41125	22.3871
8.4119	22.4326
8.41329	22.4781
8.41463	22.5235
8.41532	22.569
8.41606	22.6144
8.41681	22.6599
8.42083	22.7053
8.42288	22.7508
8.42354	22.7962
8.42491	22.8417
8.42771	22.8871
8.42973	22.9326
8.43114	22.9781
8.43273	23.0235
8.43423	23.067
8.43606	23.1105
8.45607	23.1539
8.45696	23.1974
8.46098	23.2409
8.46159	23.2844
8.46191	23.3279
8.46342	23.3713
8.46486	23.4148
8.46624	23.4583
8.46836	23.5018
8.46985	23.5453
8.47057	23.5887
8.47216	23.6322
8.47267	23.6757
8.47411	23.7192
8.47546	23.7626
8.47614	23.8061
8.47759	23.8496
8.48028	23.8931
8.48181	23.9366
8.48584	23.98
8.48991	24.0235
8.49411	24.0652
8.50331	24.1068
8.51497	24.1485
8.51707	24.1902
8.51913	24.2318
8.51981	24.2735
8.52047	24.3152
8.52118	24.3568
8.52186	24.3985
8.5225	24.4402
8.52328	24.4818
8.52604	24.5235
8.52674	24.5652
8.52812	24.6068
8.5288	24.6485
8.53034	24.6902
8.53184	24.7318
8.53296	24.7735
8.53504	24.8152
8.5371	24.8568
8.53841	24.8985
8.54254	24.9402
8.54401	24.9818
8.54465	25.0235
8.54894	25.0635
8.55295	25.1035
8.57179	25.1435
8.57303	25.1835
8.57372	25.2235
8.57439	25.2635
8.57575	25.3035
8.57655	25.3435
8.57721	25.3835
8.57787	25.4235
8.5786	25.4635
8.57929	25.5035
8.58003	25.5435
8.58089	25.5835
8.58138	25.6235
8.58208	25.6635
8.58303	25.7035
8.58368	25.7435
8.58472	25.7835
8.58836	25.8235
8.58894	25.8635
8.59045	25.9035
8.59181	25.9435
8.59261	25.9835
8.59319	26.0235
8.60067	26.062
8.60407	26.1004
8.62015	26.1389
8.62292	26.1774
8.62426	26.2158
8.62562	26.2543
8.62629	26.2927
8.62841	26.3312
8.62978	26.3697
8.63216	26.4081
8.63335	26.4466
8.63443	26.485
8.63506	26.5235
8.63554	26.562
8.63629	26.6004
8.63691	26.6389
8.63767	26.6774
8.63829	26.7158
8.63907	26.7543
8.63974	26.7927
8.64038	26.8312
8.64121	26.8697
8.64178	26.9081
8.64257	26.9466
8.64398	26.985
8.64529	27.0235
8.64737	27.0605
8.64874	27.0976
8.67668	27.1346
8.67737	27.1717
8.67783	27.2087
8.67862	27.2457
8.67921	27.2828
8.68005	27.3198
8.68131	27.3568
8.68279	27.3939
8.68616	27.4309
8.68958	27.468
8.69252	27.505
8.69478	27.542
8.69595	27.5791
8.69748	27.6161
8.69974	27.6531
8.70071	27.6902
8.70136	27.7272
8.70244	27.7643
8.70271	27.8013
8.70348	27.8383
8.70419	27.8754
8.70488	27.9124
8.70556	27.9494
8.70628	27.9865
8.70741	28.0235
8.70841	28.0592
8.70972	28.0949
8.73622	28.1307
8.7365	28.1664
8.73665	28.2021
8.73806	28.2378
8.73915	28.2735
8.73961	28.3092
8.74319	28.3449
8.7439	28.3807
8.74426	28.4164
8.7461	28.4521
8.74666	28.4878
8.74761	28.5235
8.74811	28.5592
8.74879	28.5949
8.74969	28.6307
8.75084	28.6664
8.75236	28.7021
8.75392	28.7378
8.755	28.7735
8.75635	28.8092
8.75784	28.8449
8.75913	28.8807
8.76267	28.9164
8.76403	28.9521
8.76607	28.9878
8.76823	29.0235
8.76966	29.058
8.77105	29.0925
8.7716	29.127
8.77334	29.1614
8.7737	29.1959
8.77435	29.2304
8.77535	29.2649
8.78006	29.2994
8.7808	29.3339
8.78152	29.3683
8.78428	29.4028
8.78588	29.4373
8.78979	29.4718
8.7912	29.5063
8.7925	29.5408
8.79385	29.5752
8.79659	29.6097
8.79798	29.6442
8.80075	29.6787
8.80346	29.7132
8.80825	29.7476
8.80974	29.7821
8.81174	29.8166
8.81521	29.8511
8.816	29.8856
8.81653	29.9201
8.8173	29.9545
8.81851	29.989
8.81891	30.0235
8.81943	30.0568
8.8201	30.0902
8.82089	30.1235
8.82215	30.1568
8.82292	30.1902
8.82426	30.2235
8.82664	30.2568
8.82834	30.2902
8.82925	30.3235
8.83038	30.3568
8.83316	30.3902
8.83526	30.4235
8.83588	30.4568
8.8373	30.4902
8.83888	30.5235
8.84007	30.5568
8.84354	30.5902
8.84485	30.6235
8.84766	30.6568
8.85014	30.6902
8.85262	30.7235
8.85361	30.7568
8.85379	30.7902
8.85399	30.8235
8.85423	30.8568
8.85474	30.8902
8.85748	30.9235
8.86778	30.9568
8.8687	30.9902
8.8705	31.0235
8.87122	31.0558
8.87256	31.088
8.87389	31.1203
8.87599	31.1525
8.87874	31.1848
8.88012	31.2171
8.88079	31.2493
8.8836	31.2816
8.88493	31.3138
8.88634	31.3461
8.88783	31.3784
8.89002	31.4106
8.89068	31.4429
8.89393	31.4751
8.89777	31.5074
8.8988	31.5396
8.90237	31.5719
8.90301	31.6042
8.90426	31.6364
8.90773	31.6687
8.90908	31.7009
8.9111	31.7332
8.9125	31.7654
8.91454	31.7977
8.91673	31.83
8.91737	31.8622
8.92019	31.8945
8.92292	31.9267
8.92434	31.959
8.92573	31.9913
8.9264	32.0235
8.92718	32.0548
8.92806	32.086
8.92853	32.1173
8.92922	32.1485
8.92988	32.1798
8.93066	32.211
8.93126	32.2423
8.93315	32.2735
8.93399	32.3048
8.93476	32.336
8.93619	32.3673
8.93742	32.3985
8.93835	32.4298
8.93962	32.461
8.94091	32.4923
8.94248	32.5235
8.94295	32.5548
8.94452	32.586
8.94571	32.6173
8.94654	32.6485
8.94914	32.6798
8.9507	32.711
8.95199	32.7423
8.95402	32.7735
8.95675	32.8048
8.95812	32.836
8.95882	32.8673
8.96027	32.8985
8.96247	32.9298
8.96306	32.961
8.96436	32.9923
8.96519	33.0235
8.96721	33.0538
8.96781	33.0841
8.9685	33.1144
8.96916	33.1447
8.96986	33.175
8.97129	33.2053
8.97198	33.2356
8.97266	33.2659
8.97329	33.2962
8.97401	33.3265
8.97542	33.3568
8.97606	33.3871
8.97675	33.4175
8.97748	33.4478
8.97924	33.4781
8.97937	33.5084
8.97954	33.5387
8.98089	33.569
8.98226	33.5993
8.98366	33.6296
8.98724	33.6599
8.98782	33.6902
8.98851	33.7205
8.99334	33.7508
9.00024	33.7811
9.00253	33.8114
9.00319	33.8417
9.00439	33.872
9.00742	33.9023
9.00846	33.9326
9.00988	33.9629
9.01123	33.9932
9.01199	34.0235
9.01622	34.0529
9.01696	34.0823
9.01821	34.1117
9.01889	34.1412
9.0206	34.1706
9.02197	34.2
9.02265	34.2294
9.02337	34.2588
9.02478	34.2882
9.02546	34.3176
9.02613	34.347
9.02679	34.3765
9.02756	34.4059
9.0283	34.4353
9.02885	34.4647
9.03026	34.4941
9.03092	34.5235
9.03175	34.5529
9.03239	34.5823
9.03369	34.6117
9.0373	34.6412
9.03773	34.6706
9.03795	34.7
9.03834	34.7294
9.03944	34.7588
9.04	34.7882
9.04078	34.8176
9.0415	34.847
9.04487	34.8765
9.04556	34.9059
9.04626	34.9353
9.04692	34.9647
9.04766	34.9941
9.04897	35.0235
9.05105	35.0521
9.05312	35.0807
9.05383	35.1092
9.05516	35.1378
9.05672	35.1664
9.05876	35.1949
9.05996	35.2235
9.06063	35.2521
9.06274	17.626
9.0648	17.6849
9.06547	17.7437
9.06619	17.8025
9.06819	17.8613
9.06957	17.9202
9.07052	17.979
9.07371	18.0378
9.07438	18.0934
9.07712	18.1489
9.07799	18.2045
9.0792	18.26
9.08618	18.3156
9.08689	18.3711
9.08772	18.4267
9.08848	18.4823
9.09117	18.5378
9.09155	18.5934
9.09194	18.6489
9.09215	18.7045
9.09244	18.76
9.09314	18.8156
9.09408	18.8711
9.09448	18.9267
9.09517	18.9823
9.09585	19.0378
9.09655	19.0904
9.09743	19.1431
9.0979	19.1957
9.09861	19.2483
9.09929	19.301
9.10013	19.3536
9.10075	19.4062
9.1014	19.4589
9.10227	19.5115
9.12222	19.5641
9.12256	19.6168
9.12268	19.6694
9.1229	19.722
9.12304	19.7746
9.12324	19.8273
9.12344	19.8799
9.12425	19.9325
9.12481	19.9852
9.12558	20.0378
9.12619	20.0878
9.12688	20.1378
9.12768	20.1878
9.12835	20.2378
9.12899	20.2878
9.12963	20.3378
9.13033	20.3878
9.13111	20.4378
9.13176	20.4878
9.13813	20.5378
9.14132	20.5878
9.14268	20.6378
9.14433	20.6878
9.14507	20.7378
9.14558	20.7878
9.14718	20.8378
9.14758	20.8878
9.14827	20.9378
9.14898	20.9878
9.14982	21.0378
9.15031	21.0854
9.15191	21.133
9.15238	21.1807
9.15375	21.2283
9.15515	21.2759
9.15659	21.3235
9.15791	21.3711
9.1594	21.4188
9.16205	21.4664
9.1696	21.514
9.17035	21.5616
9.17101	21.6092
9.1717	21.6569
9.1724	21.7045
9.1733	21.7521
9.17392	21.7997
9.1745	21.8473
9.17519	21.8949
9.17653	21.9426
9.17723	21.9902
9.17797	22.0378
9.18037	22.0833
9.18212	22.1287
9.18261	22.1742
9.18367	22.2196
9.18606	22.2651
9.1931	22.3105
9.19815	11.1553
9.20217	11.2462
9.20399	11.3371
9.21184	11.428
9.21204	11.5189
9.21253	11.6098
9.21344	11.7007
9.21498	11.7916
9.21924	11.8825
9.2206	11.9734
9.22257	12.0644
9.2247	12.1477
9.22614	12.231
9.22804	12.3144
9.22869	12.3977
9.22938	12.481
9.23021	12.5644
9.23742	12.6477
9.23764	12.731
9.2382	12.8144
9.23916	12.8977
9.24649	12.981
9.25355	13.0644
9.2536	13.1413
9.25445	13.2182
9.25467	13.2951
9.25491	13.372
9.25804	13.449
9.26076	13.5259
9.26899	13.6028
9.2702	13.6797
9.2716	13.7567
9.27249	13.8336
9.27459	13.9105
9.27819	13.9874
9.27873	14.0644
9.28247	14.1358
9.28359	14.2072
9.2843	14.2786
9.28499	14.3501
9.28593	14.4215
9.28663	14.4929
9.31021	14.5644
9.31172	14.6358
9.31251	14.7072
9.31504	14.7786
9.31698	14.8501
9.32199	14.9215
9.32206	14.9929
9.3222	15.0644
9.32286	15.131
9.32945	15.1977
9.32969	15.2644
9.33155	15.331
9.33164	15.3977
9.33189	15.4644
9.33705	15.531
9.33757	15.5977
9.33853	15.6644
9.33922	15.731
9.33971	15.7977
9.34591	15.8644
9.34642	15.931
9.3468	15.9977
9.3475	16.0644
9.34844	16.1269
9.3552	16.1894
9.36054	16.2519
9.36251	16.3144
9.36533	16.3769
9.36792	16.4394
9.37199	16.5019
9.37212	16.5644
9.37251	16.6269
9.37319	16.6894
9.37387	16.7519
9.37727	16.8144
9.37805	16.8769
9.37874	16.9394
9.37887	17.0019
9.37949	17.0607
9.38154	17.1195
9.38218	17.1783
9.38358	17.2372
9.38618	17.296
9.3864	17.3548
9.38703	17.4136
9.39051	17.4724
9.39112	17.5313
9.39209	17.5901
9.39301	17.6489
9.39562	17.7077
9.41511	17.7666
9.41722	17.8254
9.41794	17.8842
9.41857	17.943
9.41992	18.0019
9.42079	18.0574
9.42171	18.113
9.42336	18.1685
9.42396	18.2241
9.42521	18.2796
9.42722	18.3352
9.42864	18.3907
9.42939	18.4463
9.43029	18.5019
9.43211	18.5574
9.43419	18.613
9.43577	18.6685
9.43892	18.7241
9.44095	18.7796
9.44264	18.8352
9.44467	18.8907
9.44787	18.9463
9.44869	19.0019
9.44942	19.0545
9.45165	19.1071
9.45407	19.1598
9.45816	19.2124
9.46312	19.265
9.46516	19.3176
9.46725	19.3703
9.47172	19.4229
9.47276	19.4755
9.47343	19.5282
9.47445	19.5808
9.47478	19.6334
9.47697	19.6861
9.47916	19.7387
9.48041	19.7913
9.48133	19.844
9.48262	19.8966
9.48315	19.9492
9.48415	20.0019
9.48462	20.0519
9.4866	20.1019
9.48799	20.1519
9.48965	20.2019
9.49	20.2519
9.49071	20.3019
9.49162	20.3519
9.49323	20.4019
9.49377	20.4519
9.49439	20.5019
9.49516	20.5519
9.4965	20.6019
9.51221	20.6519
9.51864	20.7019
9.51976	20.7519
9.52117	20.8019
9.52266	20.8519
9.52484	20.9019
9.52579	20.9519
9.52662	21.0019
9.52717	21.0495
9.52791	21.0971
9.5295	21.1447
9.53157	21.1923
9.53208	21.24
9.53273	21.2876
9.53506	21.3352
9.53839	21.3828
9.5393	21.4304
9.5399	21.478
9.5419	21.5257
9.54623	21.5733
9.55638	21.6209
9.56062	21.6685
9.56273	21.7161
9.56531	21.7638
9.56816	21.8114
9.57094	21.859
9.57158	21.9066
9.57222	21.9542
9.57449	22.0019
9.57511	22.0473
9.57568	22.0928
9.57648	22.1382
9.57714	22.1837
9.57767	22.2291
9.57856	22.2746
9.57911	22.32
9.57993	22.3655
9.58082	22.4109
9.58207	22.4564
9.58536	22.5019
9.5911	22.5473
9.60762	22.5928
9.61032	22.6382
9.61106	22.6837
9.61251	22.7291
9.6131	22.7746
9.61489	22.82
9.61541	22.8655
9.61755	22.9109
9.61951	22.9564
9.61968	23.0019
9.62305	23.0453
9.62845	23.0888
9.63242	23.1323
9.6338	23.1758
9.63656	23.2192
9.63823	23.2627
9.6386	23.3062
9.64028	23.3497
9.64171	23.3932
9.64302	23.4366
9.6444	23.4801
9.64902	23.5236
9.6559	23.5671
9.65736	23.6106
9.65878	23.654
9.66485	23.6975
9.6669	23.741
9.66828	23.7845
9.66965	23.8279
9.67244	23.8714
9.67309	23.9149
9.67401	23.9584
9.67538	24.0019
9.67907	24.0435
9.6838	24.0852
9.68953	24.1269
9.69006	24.1685
9.6913	24.2102
9.69327	24.2519
9.694	24.2935
9.69967	24.3352
9.70284	24.3769
9.70491	24.4185
9.70738	24.4602
9.71103	24.5019
9.71383	24.5435
9.7164	24.5852
9.71784	24.6269
9.72259	24.6685
9.72326	24.7102
9.72541	24.7519
9.72666	24.7935
9.72882	24.8352
9.73022	24.8769
9.73081	24.9185
9.73294	24.9602
9.7343	25.0019
9.73648	25.0419
9.73777	25.0819
9.73919	25.1219
9.74054	25.1619
9.74542	25.2019
9.74673	25.2419
9.74869	25.2819
9.75783	25.3219
9.75878	25.3619
9.76174	25.4019
9.76271	25.4419
9.76421	25.4819
9.76872	25.5219
9.77435	25.5619
9.77581	25.6019
9.77905	25.6419
9.78167	25.6819
9.78339	25.7219
9.7854	25.7619
9.78958	25.8019
9.79177	25.8419
9.79247	25.8819
9.79304	25.9219
9.79377	25.9619
9.79516	26.0019
9.7965	26.0403
9.79864	26.0788
9.79921	26.1172
9.80058	26.1557
9.80278	26.1942
9.80417	26.2326
9.80543	26.2711
9.80976	26.3095
9.81024	26.348
9.81194	26.3865
9.81312	26.4249
9.81538	26.4634
9.81679	26.5019
9.82489	26.5403
9.82783	26.5788
9.83171	26.6172
9.83476	26.6557
9.83582	26.6942
9.83871	26.7326
9.84273	26.7711
9.84518	26.8095
9.84751	26.848
9.84824	26.8865
9.85038	26.9249
9.85259	26.9634
9.85384	27.0019
9.85638	27.0389
9.85787	27.0759
9.85857	27.113
9.86015	27.15
9.86783	27.187
9.86859	27.2241
9.86927	27.2611
9.87082	27.2982
9.87146	27.3352
9.87976	27.3722
9.88329	27.4093
9.89059	27.4463
9.89608	27.4833
9.90308	13.7417
9.90457	13.8186
9.9067	13.8955
9.90917	13.9724
9.90989	14.0494
9.91054	14.1208
9.9119	14.1922
9.91463	14.2636
9.91602	14.3351
9.91703	14.4065
9.91817	14.4779
9.9202	14.5494
9.92104	14.6208
9.92348	14.6922
9.92442	14.7636
9.92871	14.8351
9.92926	14.9065
9.93064	14.9779
9.93381	15.0494
9.93821	15.116
9.9444	15.1827
9.95304	15.2494
9.96486	15.316
9.97061	15.3827
9.97117	15.4494
9.97267	15.516
9.97596	15.5827
9.97736	15.6494
9.97943	15.716
9.98292	15.7827
9.98358	15.8494
9.98517	15.916
9.99409	15.9827
9.99425	16.0494
9.99539	16.1119
9.99774	16.1744
10.0044	16.2369
10.0158	16.2994
10.024	16.3619
10.0261	16.4244
10.0285	16.4869
10.0299	16.5494
10.0312	16.6119
10.0319	16.6744
10.0346	16.7369
10.0369	16.7994
10.0376	8.39968
10.0431	8.52468
10.0489	8.64968
10.0495	8.77468
10.0507	8.89968
10.0545	9.02468
10.0557	9.13579
10.0723	9.2469
10.0736	9.35801
10.0757	9.46913
10.077	9.58024
10.0805	9.69135
10.0826	9.80246
10.0852	9.91357
10.0859	10.0247
10.0893	10.1247
10.1093	10.2247
10.1109	10.3247
10.1123	10.4247
10.1142	10.5247
10.1185	10.6247
10.1207	10.7247
10.1218	10.8247
10.1233	10.9247
10.124	11.0247
10.1273	11.1156
10.1461	11.2065
10.147	11.2974
10.1477	11.3883
10.1491	11.4792
10.1503	11.5701
10.1504	11.661
10.1511	11.752
10.1522	11.8429
10.1525	11.9338
10.1534	12.0247
10.1552	12.108
10.1776	12.1913
10.1782	12.2747
10.1793	12.358
10.1823	12.4413
10.1853	12.5247
10.1855	12.608
10.1866	12.6913
10.1868	12.7747
10.1872	12.858
10.1879	12.9413
10.1886	13.0247
10.1906	13.1016
10.1962	13.1785
10.1969	13.2555
10.1976	13.3324
10.1991	13.4093
10.2053	13.4862
10.2065	13.5631
10.2142	13.6401
10.2148	13.717
10.2156	13.7939
10.2164	13.8708
10.217	13.9478
10.2177	14.0247
10.2208	14.0961
10.2265	14.1675
10.2272	14.239
10.2278	14.3104
10.2293	14.3818
10.2301	14.4533
10.2306	14.5247
10.2318	14.5961
10.232	14.6675
10.2328	14.739
10.2336	14.8104
10.2342	14.8818
10.2349	14.9533
10.2357	15.0247
10.2379	15.0913
10.2431	15.158
10.2438	15.2247
10.2445	15.2913
10.2451	15.358
10.2466	15.4247
10.2486	15.4913
10.2494	15.558
10.25	15.6247
10.2507	15.6913
10.2516	15.758
10.2521	15.8247
10.2527	15.8913
10.2547	15.958
10.2548	16.0247
10.2563	16.0872
10.2591	16.1497
10.2598	16.2122
10.2603	16.2747
10.2618	16.3372
10.264	16.3997
10.2645	16.4622
10.2659	16.5247
10.2668	16.5872
10.2673	16.6497
10.2686	16.7122
10.2703	16.7747
10.2721	16.8372
10.273	16.8997
10.2735	16.9622
10.2742	17.0247
10.2763	17.0835
10.2791	17.1423
10.2797	17.2012
10.2805	17.26
10.2811	17.3188
10.2821	17.3776
10.2825	17.4364
10.2832	17.4953
10.2839	17.5541
10.2849	17.6129
10.2873	17.6717
10.2877	17.7306
10.2885	17.7894
10.2891	17.8482
10.2901	17.907
10.2904	17.9659
10.2911	18.0247
10.2919	18.0802
10.2937	18.1358
10.2942	18.1913
10.2948	18.2469
10.2954	18.3025
10.2968	18.358
10.2982	18.4136
10.2988	18.4691
10.3003	18.5247
10.3009	18.5802
10.3015	18.6358
10.3022	18.6913
10.3059	18.7469
10.3067	18.8025
10.3079	18.858
10.3093	18.9136
10.3103	18.9691
10.311	19.0247
10.3159	19.0773
10.3173	19.1299
10.3175	19.1826
10.3176	19.2352
10.318	19.2878
10.3194	19.3405
10.3207	19.3931
10.3216	19.4457
10.3239	19.4984
10.3243	19.551
10.3258	19.6036
10.3266	19.6563
10.3286	19.7089
10.3294	19.7615
10.3307	19.8142
10.3314	19.8668
10.3327	19.9194
10.3342	19.972
10.3349	20.0247
10.3366	20.0747
10.3385	20.1247
10.3387	20.1747
10.3399	20.2247
10.3405	20.2747
10.3413	20.3247
10.342	20.3747
10.3426	20.4247
10.344	20.4747
10.3446	20.5247
10.3455	20.5747
10.3468	20.6247
10.3483	20.6747
10.3495	20.7247
10.3509	20.7747
10.3518	20.8247
10.3531	20.8747
10.3537	20.9247
10.3551	20.9747
10.3558	21.0247
10.3587	21.0723
10.3715	21.1199
10.3737	21.1675
10.3745	21.2152
10.3757	21.2628
10.3764	21.3104
10.3772	21.358
10.3779	21.4056
10.3789	21.4533
10.3803	21.5009
10.3814	21.5485
10.3819	21.5961
10.3824	21.6437
10.3833	21.6913
10.3844	21.739
10.3855	21.7866
10.3861	21.8342
10.3875	21.8818
10.3882	21.9294
10.3893	21.9771
10.3899	22.0247
10.4	22.0701
10.4195	22.1156
10.4202	22.161
10.4217	22.2065
10.4222	22.252
10.4236	22.2974
10.4257	22.3429
10.4272	22.3883
10.4277	22.4338
10.4285	22.4792
10.4299	22.5247
10.4305	22.5701
10.4315	22.6156
10.433	22.661
10.4333	22.7065
10.4343	22.752
10.4347	22.7974
10.4354	22.8429
10.4361	22.8883
10.4378	22.9338
10.4389	22.9792
10.4398	23.0247
10.4416	23.0682
10.4477	23.1116
10.4485	23.1551
10.4495	23.1986
10.4499	23.2421
10.4521	23.2856
10.4562	23.329
10.4577	23.3725
10.4604	23.416
10.4614	23.4595
10.4632	23.5029
10.4639	23.5464
10.4651	23.5899
10.4655	23.6334
10.4676	23.6769
10.4695	23.7203
10.4708	23.7638
10.4722	23.8073
10.4739	23.8508
10.476	23.8942
10.4807	23.9377
10.4827	23.9812
10.4847	24.0247
10.4878	24.0663
10.4924	24.108
10.493	24.1497
10.4942	24.1913
10.4954	24.233
10.4962	24.2747
10.4971	24.3163
10.4975	24.358
10.4983	24.3997
10.4997	24.4413
10.501	24.483
10.5029	24.5247
10.5043	24.5663
10.5048	24.608
10.5053	24.6497
10.5061	24.6913
10.5067	24.733
10.5089	24.7747
10.5104	24.8163
10.5129	24.858
10.5135	24.8997
10.5142	24.9413
10.5158	24.983
10.5172	25.0247
10.5203	25.0647
10.5301	25.1047
10.5307	25.1447
10.5316	25.1847
10.5324	25.2247
10.5334	25.2647
10.5337	25.3047
10.5359	25.3447
10.5384	25.3847
10.5406	25.4247
10.543	25.4647
10.5449	25.5047
10.5477	25.5447
10.5504	25.5847
10.5532	25.6247
10.5544	25.6647
10.555	25.7047
10.5563	25.7447
10.5568	25.7847
10.5574	25.8247
10.5609	25.8647
10.5618	25.9047
10.5652	25.9447
10.567	25.9847
10.5682	26.0247
10.5732	26.0631
10.5805	26.1016
10.5807	26.1401
10.5812	26.1785
10.5821	26.217
10.5834	26.2555
10.5836	26.2939
10.5841	26.3324
10.5862	26.3708
10.5874	26.4093
10.5906	26.4478
10.5913	26.4862
10.5929	26.5247
10.5962	26.5631
10.5976	26.6016
10.5983	26.6401
10.5998	26.6785
10.601	26.717
10.6025	26.7555
10.6031	26.7939
10.6052	26.8324
10.6066	26.8708
10.6097	26.9093
10.6107	26.9478
10.6111	26.9862
10.6118	27.0247
10.6193	27.0617
10.6306	27.0988
10.6317	27.1358
10.6328	27.1728
10.6337	27.2099
10.6351	27.2469
10.6362	27.2839
10.6377	27.321
10.6392	27.358
10.6406	27.3951
10.6421	27.4321
10.6438	27.4691
10.6445	27.5062
10.6451	27.5432
10.6458	27.5802
10.6473	27.6173
10.6495	27.6543
10.6507	27.6913
10.6521	27.7284
10.6534	27.7654
10.6549	27.8025
10.6576	27.8395
10.6583	27.8765
10.6598	27.9136
10.6614	27.9506
10.6628	27.9876
10.6666	28.0247
10.6682	28.0604
10.6704	28.0961
10.6705	28.1318
10.6707	28.1675
10.6708	28.2033
10.6713	28.239
10.6721	28.2747
10.6727	28.3104
10.6735	28.3461
10.6741	28.3818
10.6747	28.4175
10.6768	28.4533
10.6788	28.489
10.6808	28.5247
10.6823	28.5604
10.6836	28.5961
10.6875	28.6318
10.6907	28.6675
10.693	28.7033
10.6948	28.739
10.6973	28.7747
10.6986	28.8104
10.6996	28.8461
10.7021	28.8818
10.7051	28.9175
10.7071	28.9533
10.7081	28.989
10.7088	29.0247
10.7135	29.0592
10.7197	29.0936
10.7206	29.1281
10.7212	29.1626
10.7226	29.1971
10.7233	29.2316
10.7248	29.2661
10.7261	29.3005
10.7268	29.335
10.7275	29.3695
10.7282	29.404
10.7289	29.4385
10.7296	29.473
10.7303	29.5074
10.7311	29.5419
10.732	29.5764
10.7326	29.6109
10.7337	29.6454
10.7343	29.6799
10.7358	29.7143
10.7371	29.7488
10.7384	29.7833
10.7412	29.8178
10.7451	29.8523
10.7469	29.8867
10.7483	29.9212
10.7504	29.9557
10.7512	29.9902
10.7522	30.0247
10.7543	30.058
10.7583	30.0913
10.7597	30.1247
10.7605	30.158
10.7612	30.1913
10.7627	30.2247
10.7635	30.258
10.7642	30.2913
10.7649	30.3247
10.7656	30.358
10.7663	30.3913
10.767	30.4247
10.768	30.458
10.7695	30.4913
10.7701	30.5247
10.7712	30.558
10.7737	30.5913
10.7751	30.6247
10.7758	30.658
10.7764	30.6913
10.7771	30.7247
10.7778	30.758
10.7788	30.7913
10.7809	30.8247
10.7814	30.858
10.7818	30.8913
10.7844	30.9247
10.7858	30.958
10.7899	30.9913
10.7909	31.0247
10.7967	31.0569
10.801	31.0892
10.8015	31.1215
10.802	31.1537
10.8024	31.186
10.8032	31.2182
10.8042	31.2505
10.8046	31.2827
10.8056	31.315
10.8065	31.3473
10.8101	31.3795
10.8103	31.4118
10.8106	31.444
10.8107	31.4763
10.8113	31.5086
10.814	31.5408
10.8149	31.5731
10.8183	31.6053
10.8202	31.6376
10.821	31.6698
10.8219	31.7021
10.8226	31.7344
10.8235	31.7666
10.8243	31.7989
10.8249	31.8311
10.8255	31.8634
10.8265	31.8956
10.8268	31.9279
10.8283	31.9602
10.8296	31.9924
10.831	32.0247
10.8397	32.0559
10.8487	32.0872
10.8493	32.1184
10.8508	32.1497
10.8514	32.1809
10.8527	32.2122
10.8537	32.2434
10.8557	32.2747
10.8569	32.3059
10.8584	32.3372
10.8611	32.3684
10.8618	32.3997
10.8624	32.4309
10.8631	32.4622
10.8638	32.4934
10.8653	32.5247
10.8659	32.5559
10.8668	32.5872
10.8673	32.6184
10.868	32.6497
10.8696	32.6809
10.8701	32.7122
10.8707	32.7434
10.8714	32.7747
10.8721	32.8059
10.8728	32.8372
10.8742	32.8684
10.8749	32.8997
10.8764	32.9309
10.8775	32.9622
10.8783	32.9934
10.8797	33.0247
10.8868	33.055
10.891	33.0853
10.8917	33.1156
10.8932	33.1459
10.8938	33.1762
10.8945	33.2065
10.8952	33.2368
10.8959	33.2671
10.8966	33.2974
10.8972	33.3277
10.8986	33.358
10.8994	33.3883
10.9002	33.4186
10.9008	33.4489
10.9014	33.4792
10.9029	33.5095
10.9031	33.5398
10.9037	33.5701
10.906	33.6004
10.9065	33.6307
10.9076	33.661
10.9099	33.6913
10.9111	33.7217
10.9126	33.752
10.914	33.7823
10.9152	33.8126
10.9166	33.8429
10.9179	33.8732
10.9186	33.9035
10.9201	33.9338
10.9207	33.9641
10.9214	33.9944
10.922	34.0247
10.9235	34.0541
10.9367	34.0835
10.9382	34.1129
10.9387	34.1423
10.9401	34.1717
10.9408	34.2012
10.9415	34.2306
10.9424	34.26
10.9428	34.2894
10.9446	34.3188
10.9462	34.3482
10.9468	34.3776
10.9481	34.407
10.9494	34.4364
10.9502	34.4659
10.9508	34.4953
10.9524	34.5247
10.9528	34.5541
10.9536	34.5835
10.9543	34.6129
10.9549	34.6423
10.956	34.6717
10.9565	34.7012
10.9571	34.7306
10.9585	34.76
10.9605	34.7894
10.9619	34.8188
10.9645	34.8482
10.9657	34.8776
10.9708	34.907
10.9719	34.9364
10.9738	34.9659
10.9752	34.9953
10.9761	35.0247
10.9773	35.0533
10.9937	35.0818
10.9944	35.1104
10.9951	35.139
10.9963	35.1675
10.997	35.1961
10.9987	35.2247
11.0002	35.2533
11.0012	35.2818
11.0027	35.3104
11.0051	35.339
11.0063	35.3675
11.0073	35.3961
11.0105	35.4247
11.0144	35.4533
11.0154	35.4818
11.0167	35.5104
11.0179	35.539
11.0196	35.5675
11.021	35.5961
11.0224	35.6247
11.0241	35.6533
11.0249	35.6818
11.0255	35.7104
11.0261	35.739
11.0268	35.7675
11.0276	35.7961
11.0282	35.8247
11.0289	35.8533
11.0304	35.8818
11.0315	35.9104
11.0402	35.939
11.0423	35.9675
11.0438	35.9961
11.0453	36.0247
11.0532	36.0525
11.0591	36.0802
11.0603	36.108
11.061	36.1358
11.0619	36.1636
11.0627	36.1913
11.0634	36.2191
11.065	36.2469
11.0661	36.2747
11.0684	36.3025
11.0696	36.3302
11.0703	36.358
11.071	36.3858
11.0726	36.4136
11.073	36.4413
11.076	36.4691
11.0775	36.4969
11.078	36.5247
11.0799	36.5525
11.0809	36.5802
11.0814	36.608
11.0822	36.6358
11.0827	36.6636
11.0836	36.6913
11.0849	36.7191
11.0855	36.7469
11.0863	36.7747
11.0872	36.8025
11.0878	36.8302
11.0899	36.858
11.0901	36.8858
11.092	36.9136
11.0926	36.9413
11.0943	36.9691
11.0951	36.9969
11.0963	37.0247
11.0985	37.0517
11.1084	37.0787
11.1098	37.1058
11.1111	37.1328
11.1118	37.1598
11.115	37.1868
11.1182	37.2139
11.1188	37.2409
11.1208	37.2679
11.1215	37.295
11.1284	37.322
11.1295	37.349
11.1315	37.376
11.1322	37.4031
11.1329	37.4301
11.1363	37.4571
11.1368	37.4841
11.1377	37.5112
11.1387	37.5382
11.1391	37.5652
11.1398	37.5922
11.1425	37.6193
11.1434	37.6463
11.1439	37.6733
11.1449	37.7004
11.1456	37.7274
11.1463	37.7544
11.1483	37.7814
11.1489	37.8085
11.1495	37.8355
11.151	37.8625
11.1516	37.8895
11.1525	37.9166
11.1531	37.9436
11.1539	37.9706
11.1554	37.9977
11.1558	38.0247
11.1581	38.051
11.1635	38.0773
11.1641	38.1036
11.1656	38.1299
11.1664	38.1563
11.1681	38.1826
11.1704	19.0913
11.1707	19.1439
11.1716	19.1966
11.1733	19.2492
11.1741	19.3018
11.1751	19.3544
11.1774	19.4071
11.1779	19.4597
11.1786	19.5123
11.1793	19.565
11.1801	19.6176
11.1807	19.6702
11.1814	19.7229
11.1822	19.7755
11.1828	19.8281
11.1835	19.8808
11.1849	19.9334
11.1856	19.986
11.1872	20.0387
11.1879	20.0887
11.1884	20.1387
11.19	20.1887
11.1914	20.2387
11.1923	20.2887
11.193	20.3387
11.1937	20.3887
11.1943	20.4387
11.1954	20.4887
11.1964	20.5387
11.1995	20.5887
11.1998	20.6387
11.1999	20.6887
11.2029	20.7387
11.2072	20.7887
11.2121	20.8387
11.2161	20.8887
11.2192	20.9387
11.2197	20.9887
11.2262	21.0387
11.2269	21.0863
11.2278	21.1339
11.2284	21.1815
11.2291	21.2291
11.2298	21.2768
11.2304	21.3244
11.2312	21.372
11.2318	21.4196
11.2325	21.4672
11.2332	21.5148
11.2345	21.5625
11.2353	21.6101
11.2359	21.6577
11.2407	21.7053
11.2515	21.7529
11.2522	21.8006
11.2529	21.8482
11.2538	21.8958
11.2542	21.9434
11.2559	21.991
11.258	22.0387
11.259	22.0841
11.2596	22.1296
11.2603	22.175
11.2617	22.2205
11.2625	22.2659
11.2639	22.3114
11.2648	22.3568
11.2665	22.4023
11.2672	22.4477
11.2679	22.4932
11.2686	22.5387
11.2693	22.5841
11.2706	22.6296
11.2748	22.675
11.2782	22.7205
11.2789	22.7659
11.2801	22.8114
11.2808	22.8568
11.2824	22.9023
11.2898	22.9477
11.2911	22.9932
11.293	23.0387
11.2936	23.0821
11.2944	23.1256
11.2956	23.1691
11.2963	23.2126
11.2983	23.256
11.2992	23.2995
11.2997	23.343
11.3004	23.3865
11.3018	23.43
11.3027	23.4734
11.3036	23.5169
11.3045	23.5604
11.3054	23.6039
11.3076	23.6474
11.3129	23.6908
11.3138	23.7343
11.3146	23.7778
11.316	23.8213
11.3182	23.8647
11.325	23.9082
11.3253	23.9517
11.3271	23.9952
11.3283	24.0387
11.3295	24.0803
11.3306	24.122
11.3312	24.1637
11.3319	24.2053
11.3343	24.247
11.3343	24.2887
11.3347	24.3303
11.3362	24.372
11.3369	24.4137
11.3378	24.4553
11.3384	24.497
11.3389	24.5387
11.3396	24.5803
11.3453	24.622
11.3596	24.6637
11.3608	24.7053
11.3621	24.747
11.3643	24.7887
11.3651	24.8303
11.3662	24.872
11.3665	24.9137
11.3673	24.9553
11.3685	24.997
11.3694	25.0387
11.3701	25.0787
11.3706	25.1187
11.3715	25.1587
11.3727	25.1987
11.3733	25.2387
11.3763	25.2787
11.3777	25.3187
11.3786	25.3587
11.3797	25.3987
11.3804	25.4387
11.3812	25.4787
11.3828	25.5187
11.3836	25.5587
11.3843	25.5987
11.4006	25.6387
11.402	25.6787
11.4029	25.7187
11.4034	25.7587
11.4048	25.7987
11.4113	25.8387
11.412	25.8787
11.4126	25.9187
11.4135	25.9587
11.4141	25.9987
11.4155	26.0387
11.4187	26.0771
11.42	26.1156
11.4207	26.154
11.4225	26.1925
11.4244	26.231
11.426	26.2694
11.4268	26.3079
11.4275	26.3463
11.4301	26.3848
11.4316	26.4233
11.4328	26.4617
11.4343	26.5002
11.435	26.5387
11.4371	26.5771
11.4469	26.6156
11.4502	26.654
11.4509	26.6925
11.4525	26.731
11.4534	26.7694
11.4568	26.8079
11.457	26.8463
11.4577	26.8848
11.4591	26.9233
11.4599	26.9617
11.4611	27.0002
11.4661	27.0372
11.4666	27.0743
11.4669	27.1113
11.4679	27.1483
11.4694	27.1854
11.4707	27.2224
11.472	27.2595
11.473	27.2965
11.4743	27.3335
11.477	27.3706
11.4785	27.4076
11.4798	27.4446
11.4805	27.4817
11.4813	27.5187
11.4826	27.5558
11.4883	27.5928
11.4889	27.6298
11.4897	27.6669
11.4905	27.7039
11.4912	27.7409
11.4959	27.778
11.4975	27.815
11.498	27.852
11.4987	27.8891
11.5001	27.9261
11.5015	27.9632
11.5029	28.0002
11.5036	28.0359
11.5042	28.0716
11.506	28.1073
11.5068	28.1431
11.5086	28.1788
11.5135	28.2145
11.5148	28.2502
11.5162	28.2859
11.5176	28.3216
11.5197	28.3573
11.5204	28.3931
11.5211	28.4288
11.5217	28.4645
11.5232	28.5002
11.5245	28.5359
11.5293	28.5716
11.5301	28.6073
11.5307	28.6431
11.5314	28.6788
11.5321	28.7145
11.5364	28.7502
11.5379	28.7859
11.5383	28.8216
11.539	28.8573
11.5403	28.8931
11.5413	28.9288
11.5425	28.9645
11.5431	29.0002
11.5445	29.0347
11.5452	29.0692
11.5458	29.1036
11.5479	29.1381
11.5486	29.1726
11.5549	29.2071
11.5562	29.2416
11.5569	29.2761
11.5583	29.3105
11.559	29.345
11.5603	29.3795
11.561	29.414
11.5627	29.4485
11.564	29.483
11.5668	29.5174
11.5702	29.5519
11.5718	29.5864
11.5731	29.6209
11.5738	29.6554
11.5745	29.6898
11.578	29.7243
11.5794	29.7588
11.5814	29.7933
11.5829	29.8278
11.5852	29.8623
11.5866	29.8967
11.5882	29.9312
11.5894	29.9657
11.5925	30.0002
11.5938	30.0335
11.5952	30.0669
11.5965	30.1002
11.598	30.1335
11.5993	30.1669
11.6083	30.2002
11.6104	15.1001
11.6138	15.1668
11.6148	15.2334
11.6162	15.3001
11.6166	15.3668
11.618	15.4334
11.6193	15.5001
11.62	15.5668
11.6214	15.6334
11.6228	15.7001
11.6235	15.7668
11.6242	15.8334
11.6248	15.9001
11.6256	15.9668
11.6269	16.0334
11.6276	16.0959
11.6283	16.1584
11.6297	16.2209
11.6317	16.2834
11.6325	16.3459
11.6331	16.4084
11.6364	16.4709
11.6367	16.5334
11.6373	16.5959
11.6436	16.6584
11.6456	16.7209
11.6475	16.7834
11.6484	16.8459
11.6503	16.9084
11.655	16.9709
11.6604	17.0334
11.661	17.0923
11.6628	17.1511
11.6663	17.2099
11.6686	17.2687
11.6707	17.3275
11.672	17.3864
11.6734	17.4452
11.6745	17.504
11.675	17.5628
11.6789	17.6217
11.6819	17.6805
11.6835	17.7393
11.6845	17.7981
11.6859	17.857
11.6886	17.9158
11.6934	17.9746
11.6948	18.0334
11.6962	18.089
11.6976	18.1445
11.7003	18.2001
11.7011	18.2557
11.7024	18.3112
11.7038	18.3668
11.7072	18.4223
11.708	18.4779
11.7095	18.5334
11.7101	18.589
11.7108	18.6445
11.7132	18.7001
11.7145	18.7557
11.7161	18.8112
11.7204	18.8668
11.7235	18.9223
11.7253	18.9779
11.7263	19.0334
11.7277	19.0861
11.7286	19.1387
11.732	19.1913
11.7332	19.244
11.7346	19.2966
11.736	19.3492
11.7397	19.4019
11.7411	19.4545
11.7425	19.5071
11.7431	19.5597
11.7439	19.6124
11.7452	19.665
11.7466	19.7176
11.7474	19.7703
11.753	19.8229
11.7543	19.8755
11.7557	19.9282
11.7573	19.9808
11.7586	20.0334
11.7605	20.0834
11.7627	20.1334
11.7659	20.1834
11.7688	20.2334
11.7702	20.2834
11.7715	20.3334
11.7729	20.3834
11.7784	20.4334
11.7805	20.4834
11.7819	20.5334
11.7832	20.5834
11.7839	20.6334
11.7853	20.6834
11.786	20.7334
11.7867	20.7834
11.7874	20.8334
11.7881	20.8834
11.7888	20.9334
11.7909	20.9834
11.7916	21.0334
11.7923	21.081
11.7941	21.1287
11.8008	21.1763
11.8014	21.2239
11.8035	21.2715
11.8055	21.3191
11.8062	21.3668
11.8083	21.4144
11.8113	21.462
11.812	21.5096
11.8141	21.5572
11.8147	21.6049
11.8168	21.6525
11.8175	21.7001
11.8182	21.7477
11.8209	21.7953
11.8227	21.843
11.8241	21.8906
11.8248	21.9382
11.8255	21.9858
11.8262	22.0334
11.827	22.0789
11.8283	22.1243
11.8317	22.1698
11.8331	22.2152
11.8345	22.2607
11.8423	22.3062
11.8442	22.3516
11.8457	22.3971
11.8465	22.4425
11.8477	22.488
11.8491	22.5334
11.8506	22.5789
11.8527	22.6243
11.8539	22.6698
11.8546	22.7152
11.8567	22.7607
11.8574	22.8062
11.8582	22.8516
11.8588	22.8971
11.861	22.9425
11.8636	22.988
11.8643	23.0334
11.8653	23.0769
11.8663	23.1204
11.8677	23.1639
11.8691	23.2073
11.8699	23.2508
11.8718	23.2943
11.8774	23.3378
11.8808	23.3813
11.8822	23.4247
11.8831	23.4682
11.8836	23.5117
11.8862	23.5552
11.8884	23.5986
11.8904	23.6421
11.8918	23.6856
11.8931	23.7291
11.8936	23.7726
11.8951	23.816
11.8964	23.8595
11.8992	23.903
11.9019	23.9465
11.904	23.99
11.906	24.0334
11.9067	24.0751
11.9103	24.1168
11.9116	24.1584
11.9128	24.2001
11.9143	24.2418
11.9156	24.2834
11.917	24.3251
11.9193	24.3668
11.9204	24.4084
11.9212	24.4501
11.9218	24.4918
11.9234	24.5334
11.9268	24.5751
11.9303	24.6168
11.9309	24.6584
11.9317	24.7001
11.9344	24.7418
11.9372	24.7834
11.9393	24.8251
11.9413	24.8668
11.9441	24.9084
11.9467	24.9501
11.9475	24.9918
11.9495	25.0334
11.9503	25.0734
11.9517	25.1134
11.953	25.1534
11.9551	25.1934
11.9572	25.2334
11.9578	25.2734
11.9585	25.3134
11.9619	25.3534
11.9628	25.3934
11.9654	25.4334
11.9667	25.4734
11.9689	25.5134
11.9723	25.5534
11.9761	25.5934
11.9765	25.6334
11.9771	25.6734
11.9785	25.7134
11.9819	25.7534
11.9832	25.7934
11.9848	25.8334
11.9874	25.8734
11.9881	25.9134
11.9888	25.9534
11.9894	25.9934
11.9903	26.0334
11.9911	26.0719
11.9922	26.1104
11.9945	26.1488
11.9987	26.1873
12.0019	26.2257
12.0032	26.2642
12.0043	26.3027
12.0048	26.3411
12.0055	26.3796
12.0067	26.418
12.0082	26.4565
12.0109	26.495
12.013	26.5334
12.0143	26.5719
12.0163	26.6104
12.0179	26.6488
12.0185	26.6873
12.0212	26.7257
12.0218	26.7642
12.0227	26.8027
12.0268	26.8411
12.0287	26.8796
12.0309	26.918
12.0322	26.9565
12.0338	26.995
12.0351	27.0334
12.0363	27.0705
12.0377	27.1075
12.0391	27.1445
12.0413	27.1816
12.0425	27.2186
12.0438	27.2557
12.0475	27.2927
12.048	27.3297
12.0521	27.3668
12.0528	27.4038
12.0537	27.4408
12.0545	27.4779
12.0559	27.5149
12.0571	27.5519
12.0591	27.589
12.0599	27.626
12.0612	27.6631
12.0633	27.7001
12.0646	27.7371
12.0661	27.7742
12.0674	27.8112
12.0695	27.8482
12.071	27.8853
12.0716	27.9223
12.0729	27.9594
12.0749	27.9964
12.0763	28.0334
12.0784	28.0691
12.0805	28.1049
12.0814	28.1406
12.0841	28.1763
12.0876	28.212
12.0888	28.2477
12.0905	28.2834
12.0911	28.3191
12.093	28.3549
12.0934	28.3906
12.0943	28.4263
12.0951	28.462
12.0957	28.4977
12.0961	28.5334
12.097	28.5691
12.0975	28.6049
12.0998	28.6406
12.1011	28.6763
12.1026	28.712
12.1038	28.7477
12.1047	28.7834
12.1058	28.8191
12.1079	28.8549
12.1086	28.8906
12.1093	28.9263
12.1099	28.962
12.1106	28.9977
12.1113	29.0334
12.112	29.0679
12.1129	29.1024
12.1141	29.1369
12.1147	29.1714
12.1203	29.2058
12.1217	29.2403
12.1227	29.2748
12.1239	29.3093
12.1253	29.3438
12.1261	29.3783
12.1269	29.4127
12.1276	29.4472
12.1283	29.4817
12.1296	29.5162
12.1306	29.5507
12.1326	29.5852
12.1341	29.6196
12.1357	29.6541
12.1362	29.6886
12.137	29.7231
12.1402	29.7576
12.1409	29.7921
12.1416	29.8265
12.1423	29.861
12.1429	29.8955
12.1437	29.93
12.1444	29.9645
12.1451	29.9989
12.146	30.0334
12.1472	30.0668
12.1485	30.1001
12.1499	30.1334
12.1512	30.1668
12.1554	30.2001
12.1567	30.2334
12.1579	30.2668
12.1584	30.3001
12.1592	30.3334
12.1596	30.3668
12.1603	30.4001
12.161	30.4334
12.1631	30.4668
12.1643	30.5001
12.1658	30.5334
12.1671	30.5668
12.1685	30.6001
12.1699	30.6334
12.1707	30.6668
12.1717	30.7001
12.1726	30.7334
12.174	30.7668
12.1754	30.8001
12.176	30.8334
12.1767	30.8668
12.1797	30.9001
12.1803	30.9334
12.1809	30.9668
12.1816	31.0001
12.1829	31.0324
12.1851	31.0646
12.1865	31.0969
12.1886	31.1291
12.1908	31.1614
12.1912	31.1936
12.1919	31.2259
12.1963	31.2582
12.1967	31.2904
12.1982	31.3227
12.1989	31.3549
12.1997	31.3872
12.2003	31.4195
12.2017	31.4517
12.2024	31.484
12.2031	31.5162
12.2037	31.5485
12.2049	31.5807
12.2055	31.613
12.2062	31.6453
12.2076	31.6775
12.2097	31.7098
12.2105	31.742
12.2118	31.7743
12.2133	31.8065
12.2139	31.8388
12.2193	31.8711
12.2207	31.9033
12.2213	31.9356
12.222	31.9678
12.2227	32.0001
12.2234	32.0313
12.2249	32.0626
12.2281	32.0938
12.2289	32.1251
12.2294	32.1563
12.2302	32.1876
12.2316	32.2188
12.2333	32.2501
12.2337	32.2813
12.236	32.3126
12.2372	32.3438
12.2379	32.3751
12.2397	32.4063
12.2398	32.4376
12.2398	32.4688
12.2407	32.5001
12.2419	32.5313
12.2433	32.5626
12.244	32.5938
12.2446	32.6251
12.2474	32.6563
12.2501	32.6876
12.2529	32.7188
12.2537	32.7501
12.2543	32.7813
12.255	32.8126
12.2597	32.8438
12.261	32.8751
12.2625	32.9063
12.2634	32.9376
12.2642	32.9688
12.2662	33.0001
12.2673	33.0304
12.2687	33.0607
12.2694	33.091
12.27	33.1213
12.2707	33.1516
12.2724	33.1819
12.2732	33.2122
12.2754	33.2425
12.2765	33.2728
12.2792	33.3031
12.2798	33.3334
12.2805	33.3637
12.2821	33.394
12.2828	33.4243
12.2834	33.4546
12.2857	33.4849
12.2872	33.5152
12.2889	33.5456
12.2893	33.5759
12.291	33.6062
12.2916	33.6365
12.2931	33.6668
12.2943	33.6971
12.2956	33.7274
12.297	33.7577
12.2976	33.788
12.3009	33.8183
12.3015	33.8486
12.3025	33.8789
12.3029	33.9092
12.3038	33.9395
12.3043	33.9698
12.3057	34.0001
12.3063	34.0295
12.3075	34.0589
12.3078	34.0883
12.3084	34.1177
12.3098	34.1472
12.3118	34.1766
12.3132	34.206
12.3181	34.2354
12.3195	34.2648
12.3227	34.2942
12.3243	34.3236
12.3251	34.353
12.3264	34.3825
12.3272	34.4119
12.3285	34.4413
12.3306	34.4707
12.3321	34.5001
12.3328	34.5295
12.3341	34.5589
12.3348	34.5883
12.3375	34.6177
12.3391	34.6472
12.3417	34.6766
12.3435	34.706
12.3444	34.7354
12.3474	34.7648
12.3516	34.7942
12.3552	34.8236
12.3561	34.853
12.3571	34.8825
12.3578	34.9119
12.3585	34.9413
12.3593	34.9707
12.3599	35.0001
12.3608	35.0287
12.3614	35.0572
12.3621	35.0858
12.3628	35.1144
12.3635	35.143
12.3642	35.1715
12.3649	35.2001
12.3698	35.2287
12.3724	35.2572
12.3754	35.2858
12.3761	35.3144
12.3779	35.343
12.3798	35.3715
12.3808	35.4001
12.3817	35.4287
12.3836	35.4572
12.3843	35.4858
12.3853	35.5144
12.3875	35.543
12.389	35.5715
12.3896	35.6001
12.3911	35.6287
12.393	35.6572
12.3945	35.6858
12.3952	35.7144
12.3963	35.743
12.3979	35.7715
12.3986	35.8001
12.3993	35.8287
12.4	35.8572
12.402	35.8858
12.4027	35.9144
12.4033	35.943
12.406	35.9715
12.4069	36.0001
12.4082	36.0279
12.4089	36.0557
12.41	36.0834
12.4108	36.1112
12.4115	36.139
12.4121	36.1668
12.4137	36.1945
12.4157	36.2223
12.417	36.2501
12.421	36.2779
12.4231	36.3057
12.4238	36.3334
12.4266	36.3612
12.4272	36.389
12.4332	36.4168
12.4354	36.4445
12.4368	36.4723
12.4382	36.5001
12.4389	36.5279
12.4404	36.5557
12.4412	36.5834
12.4422	36.6112
12.443	36.639
12.4438	36.6668
12.445	36.6945
12.4451	36.7223
12.4458	36.7501
12.4465	36.7779
12.4471	36.8057
12.4485	36.8334
12.4492	36.8612
12.4501	36.889
12.4508	36.9168
12.4517	36.9445
12.4522	36.9723
12.453	18.4862
12.4536	18.5417
12.4544	18.5973
12.4552	18.6528
12.4558	18.7084
12.457	18.7639
12.4577	18.8195
12.4584	18.875
12.4632	18.9306
12.4651	18.9862
12.4669	19.0417
12.4675	19.0943
12.4681	19.147
12.4694	19.1996
12.4746	19.2522
12.4811	19.3049
12.4831	19.3575
12.4839	19.4101
12.4857	19.4628
12.4862	19.5154
12.4871	19.568
12.4876	19.6207
12.4883	19.6733
12.4891	19.7259
12.4899	19.7786
12.4906	19.8312
12.4915	19.8838
12.492	19.9365
12.4927	19.9891
12.4933	20.0417
12.494	20.0917
12.4949	20.1417
12.4953	20.1917
12.496	20.2417
12.4975	20.2917
12.4981	20.3417
12.5281	20.3917
12.5323	20.4417
12.5329	20.4917
12.5336	20.5417
12.5343	20.5917
12.5359	20.6417
12.5372	20.6917
12.5437	20.7417
12.5449	20.7917
12.5457	20.8417
12.5463	20.8917
12.5477	20.9417
12.549	20.9917
12.5504	21.0417
12.5519	21.0893
12.5526	21.137
12.5535	21.1846
12.554	21.2322
12.5547	21.2798
12.5564	21.3274
12.5904	21.375
12.5975	21.4227
12.5981	21.4703
12.6	21.5179
12.601	21.5655
12.6021	21.6131
12.6046	21.6608
12.6141	21.7084
12.6158	21.756
12.6169	21.8036
12.6184	21.8512
12.6191	21.8989
12.6202	21.9465
12.6214	21.9941
12.6222	22.0417
12.6231	22.0872
12.6244	22.1326
12.6271	22.1781
12.6281	22.2235
12.6287	22.269
12.6294	22.3144
12.6617	22.3599
12.6665	22.4054
12.6673	22.4508
12.6687	22.4963
12.6701	22.5417
12.6715	22.5872
12.6777	22.6326
12.6835	22.6781
12.6842	22.7235
12.685	22.769
12.687	22.8144
12.6877	22.8599
12.6884	22.9054
12.6891	22.9508
12.6897	22.9963
12.6907	23.0417
12.6912	23.0852
12.6921	23.1287
12.6925	23.1722
12.6931	23.2156
12.6938	23.2591
12.6946	23.3026
12.7354	23.3461
12.7363	23.3895
12.7384	23.433
12.7391	23.4765
12.7434	23.52
12.7447	23.5635
12.7454	23.6069
12.7513	23.6504
12.7523	23.6939
12.7531	23.7374
12.7537	23.7808
12.7559	23.8243
12.7566	23.8678
12.7572	23.9113
12.7586	23.9548
12.7593	23.9982
12.76	24.0417
12.7606	24.0834
12.7613	24.125
12.762	24.1667
12.7629	24.2084
12.7634	24.25
12.7641	24.2917
12.7868	24.3334
12.7882	24.375
12.7889	24.4167
12.7911	24.4584
12.7925	24.5
12.7933	24.5417
12.7973	24.5834
12.8045	24.625
12.8052	24.6667
12.8059	24.7084
12.8065	24.75
12.8079	24.7917
12.8086	24.8334
12.8093	24.875
12.81	24.9167
12.8106	24.9584
12.8114	25
12.8121	25.04
12.8128	25.08
12.8135	25.12
12.8141	25.16
12.8149	25.2
12.8155	25.24
12.8162	25.28
12.8282	25.32
12.8298	25.36
12.8313	25.4
12.8327	25.44
12.8341	25.48
12.8354	25.52
12.8376	25.56
12.8446	25.6
12.8468	25.64
12.8495	25.68
12.8502	25.72
12.8516	25.76
12.8526	25.8
12.8531	25.84
12.8538	25.88
12.8545	25.92
12.8552	25.96
12.8561	26
12.8566	26.0385
12.8572	26.077
12.858	26.1154
12.8586	26.1539
12.8593	26.1924
12.86	26.2308
12.8607	26.2693
12.8681	26.3077
12.8694	26.3462
12.8709	26.3847
12.8724	26.4231
12.874	26.4616
12.8766	26.5
12.8787	26.5385
12.8804	26.577
12.8817	26.6154
12.8831	26.6539
12.8859	26.6924
12.8899	26.7308
12.8914	26.7693
12.8927	26.8077
12.8941	26.8462
12.895	26.8847
12.8955	26.9231
12.8962	26.9616
12.8969	27
12.8976	27.0371
12.8983	27.0741
12.899	27.1112
12.8997	27.1482
12.9003	27.1852
12.9011	27.2223
12.9018	27.2593
12.9033	27.2963
12.9052	27.3334
12.9059	27.3704
12.9079	27.4075
12.9094	27.4445
12.9107	27.4815
12.9122	27.5186
12.9135	27.5556
12.916	27.5926
12.9168	27.6297
12.9187	27.6667
12.9218	27.7038
12.9225	27.7408
12.9246	27.7778
12.9286	27.8149
12.9295	27.8519
12.93	27.8889
12.9308	27.926
12.9314	27.963
12.9321	28
12.9328	28.0358
12.9337	28.0715
12.9343	28.1072
12.935	28.1429
12.9358	28.1786
12.9363	28.2143
12.9372	28.25
12.9384	28.2858
12.9407	28.3215
12.9418	28.3572
12.9432	28.3929
12.9447	28.4286
12.946	28.4643
12.9474	28.5
12.9494	28.5358
12.9508	28.5715
12.9525	28.6072
12.9539	28.6429
12.9553	28.6786
12.9567	28.7143
12.9581	28.75
12.9595	28.7858
12.9636	28.8215
12.9653	28.8572
12.9661	28.8929
12.9673	28.9286
12.9687	28.9643
12.9696	29
12.9703	29.0345
12.971	29.069
12.9719	29.1035
12.9724	29.138
12.9736	29.1725
12.9754	29.2069
12.9759	29.2414
12.9768	29.2759
12.9789	29.3104
12.9802	29.3449
12.9816	29.3794
12.9829	29.4138
12.9836	29.4483
12.9858	29.4828
12.9873	29.5173
12.9885	29.5518
12.9906	29.5863
12.992	29.6207
12.9941	29.6552
12.9955	29.6897
12.9962	29.7242
12.9976	29.7587
13.0023	29.7932
13.0037	29.8276
13.0051	29.8621
13.0058	29.8966
13.0065	29.9311
13.0072	29.9656
13.0078	30
13.0085	30.0334
13.0092	30.0667
13.01	30.1
13.0106	30.1334
13.0116	30.1667
13.0122	30.2
13.013	30.2334
13.0143	30.2667
13.0157	30.3
13.0171	30.3334
13.0185	30.3667
13.0198	30.4
13.0212	30.4334
13.0226	30.4667
13.024	30.5
13.0254	30.5334
13.0274	30.5667
13.0288	30.6
13.0316	30.6334
13.0323	30.6667
13.0336	30.7
13.035	30.7334
13.0392	30.7667
13.0415	30.8
13.0421	30.8334
13.0427	30.8667
13.0434	30.9
13.0441	30.9334
13.0447	30.9667
13.0455	31
13.0462	31.0323
13.0468	31.0646
13.0475	31.0968
13.0482	31.1291
13.0492	31.1613
13.0496	31.1936
13.0502	31.2259
13.0509	31.2581
13.0517	31.2904
13.0526	31.3226
13.053	31.3549
13.0537	31.3871
13.0544	31.4194
13.0551	31.4517
13.0559	31.4839
13.0564	31.5162
13.0586	31.5484
13.0592	31.5807
13.0644	31.613
13.065	31.6452
13.0658	15.8226
13.0675	15.8893
13.0702	15.9559
13.0725	16.0226
13.0729	16.0851
13.0736	16.1476
13.0746	16.2101
13.0754	16.2726
13.076	16.3351
13.0767	16.3976
13.0776	16.4601
13.0794	16.5226
13.0802	16.5851
13.0808	16.6476
13.0814	16.7101
13.0821	16.7726
13.0835	16.8351
13.0843	16.8976
13.0852	16.9601
13.0863	17.0226
13.0885	17.0814
13.0899	17.1403
13.0906	17.1991
13.092	17.2579
13.0931	17.3167
13.0943	17.3755
13.095	17.4344
13.0964	17.4932
13.0978	17.552
13.0999	17.6108
13.1006	17.6697
13.1047	17.7285
13.1055	17.7873
13.1061	17.8461
13.1077	17.905
13.1091	17.9638
13.1104	18.0226
13.1117	18.0782
13.113	18.1337
13.1144	18.1893
13.1158	18.2448
13.1174	18.3004
13.1186	18.3559
13.12	18.4115
13.1207	18.467
13.1221	18.5226
13.1231	18.5782
13.1249	18.6337
13.1279	18.6893
13.1286	18.7448
13.1293	18.8004
13.1299	18.8559
13.1307	18.9115
13.1314	18.967
13.1322	19.0226
13.1327	19.0752
13.1334	19.1279
13.1341	19.1805
13.1349	19.2331
13.1361	19.2858
13.1376	19.3384
13.1403	19.391
13.1411	19.4437
13.1424	19.4963
13.1431	19.5489
13.1448	19.6016
13.1466	19.6542
13.1474	19.7068
13.148	19.7594
13.1487	19.8121
13.1494	19.8647
13.1502	19.9173
13.151	19.97
13.1515	20.0226
13.1522	20.0726
13.1528	20.1226
13.1535	20.1726
13.1544	20.2226
13.1557	20.2726
13.157	20.3226
13.1604	20.3726
13.1618	20.4226
13.1632	20.4726
13.1639	20.5226
13.1653	20.5726
13.1667	20.6226
13.1674	20.6726
13.1681	20.7226
13.1698	20.7726
13.1707	20.8226
13.1712	20.8726
13.1729	20.9226
13.1738	20.9726
13.1755	21.0226
13.1763	21.0702
13.1771	21.1178
13.1783	21.1655
13.179	21.2131
13.1797	21.2607
13.181	21.3083
13.1846	21.3559
13.186	21.4036
13.1874	21.4512
13.1881	21.4988
13.1897	21.5464
13.1913	21.594
13.1922	21.6417
13.1932	21.6893
13.1958	21.7369
13.1966	21.7845
13.1984	21.8321
13.2001	21.8797
13.2025	21.9274
13.2027	21.975
13.2035	22.0226
13.2041	22.0681
13.2048	22.1135
13.2055	22.159
13.2062	22.2044
13.2076	22.2499
13.2086	22.2953
13.2142	22.3408
13.2147	22.3862
13.217	22.4317
13.2177	22.4772
13.2192	22.5226
13.2197	22.5681
13.2205	22.6135
13.2216	22.659
13.2242	22.7044
13.2251	22.7499
13.2259	22.7953
13.227	22.8408
13.2293	22.8862
13.23	22.9317
13.2307	22.9772
13.2317	23.0226
13.2324	23.0661
13.2338	23.1096
13.2346	23.153
13.2363	23.1965
13.2378	23.24
13.2385	23.2835
13.2428	23.327
13.2442	23.3704
13.2455	23.4139
13.2476	23.4574
13.2484	23.5009
13.2491	23.5443
13.2497	23.5878
13.2519	23.6313
13.254	23.6748
13.2561	23.7183
13.2568	23.7617
13.2578	23.8052
13.2599	23.8487
13.2617	23.8922
13.2623	23.9356
13.2631	23.9791
13.2639	24.0226
13.2644	24.0643
13.2658	24.1059
13.2667	24.1476
13.2679	24.1893
13.2687	24.2309
13.2699	24.2726
13.2741	24.3143
13.2755	24.3559
13.2763	24.3976
13.2789	24.4393
13.2797	24.4809
13.2818	24.5226
13.2823	24.5643
13.2864	24.6059
13.2872	24.6476
13.2891	24.6893
13.2904	24.7309
13.2914	24.7726
13.2927	24.8143
13.2934	24.8559
13.2951	24.8976
13.2964	24.9393
13.2979	24.9809
13.2993	25.0226
13.3017	25.0626
13.3027	25.1026
13.3045	25.1426
13.3072	25.1826
13.3092	25.2226
13.3106	25.2626
13.3133	25.3026
13.3139	25.3426
13.3148	25.3826
13.3153	25.4226
13.3162	25.4626
13.3171	25.5026
13.3175	25.5426
13.3184	25.5826
13.3195	25.6226
13.3207	25.6626
13.3215	25.7026
13.3221	25.7426
13.3237	25.7826
13.3252	25.8226
13.3269	25.8626
13.3291	25.9026
13.3305	25.9426
13.3318	25.9826
13.3332	26.0226
13.3346	26.0611
13.3362	26.0995
13.3378	26.138
13.3391	26.1765
13.3403	26.2149
13.3419	26.2534
13.3426	26.2918
13.3433	26.3303
13.344	26.3688
13.3459	26.4072
13.3465	26.4457
13.348	26.4841
13.3487	26.5226
13.3514	26.5611
13.3521	26.5995
13.3529	26.638
13.3544	26.6765
13.3549	26.7149
13.3565	26.7534
13.3576	26.7918
13.3591	26.8303
13.3612	26.8688
13.3635	26.9072
13.3639	26.9457
13.3676	26.9841
13.3691	27.0226
13.3703	27.0596
13.3726	27.0967
13.374	27.1337
13.3753	27.1708
13.3768	27.2078
13.3774	27.2448
13.378	27.2819
13.3787	27.3189
13.3794	27.3559
13.3801	27.393
13.3808	27.43
13.3815	27.467
13.3832	27.5041
13.3845	27.5411
13.3854	27.5782
13.3861	27.6152
13.3873	27.6522
13.388	27.6893
13.3898	27.7263
13.3901	27.7633
13.3922	27.8004
13.3942	27.8374
13.3956	27.8745
13.3971	27.9115
13.3984	27.9485
13.3997	27.9856
13.4011	28.0226
13.4025	28.0583
13.4042	28.094
13.4056	28.1297
13.407	28.1655
13.4084	28.2012
13.4098	28.2369
13.4106	28.2726
13.4112	28.3083
13.412	28.344
13.4125	28.3797
13.4132	28.4155
13.414	28.4512
13.415	28.4869
13.416	28.5226
13.4167	28.5583
13.4182	28.594
13.4187	28.6297
13.4201	28.6655
13.4219	28.7012
13.4229	28.7369
13.4242	28.7726
13.4256	28.8083
13.4263	28.844
13.4289	28.8797
13.4291	28.9155
13.4312	28.9512
13.4326	28.9869
13.434	29.0226
13.4354	29.0571
13.4367	29.0916
13.4381	29.1261
13.4395	29.1605
13.4409	29.195
13.4422	29.2295
13.4436	29.264
13.4447	29.2985
13.445	29.3329
13.4457	29.3674
13.4479	29.4019
13.4485	29.4364
13.4492	29.4709
13.4508	29.5054
13.4515	29.5398
13.4527	29.5743
13.4535	29.6088
13.4541	29.6433
13.4561	29.6778
13.4578	29.7123
13.4582	29.7467
13.4609	29.7812
13.4616	29.8157
13.4632	29.8502
13.4635	29.8847
13.4644	29.9192
13.4658	29.9536
13.4673	29.9881
13.4686	14.9941
13.47	15.0655
13.472	15.1322
13.4732	15.1988
13.4745	15.2655
13.4762	15.3322
13.4773	15.3988
13.4787	15.4655
13.4794	15.5322
13.48	15.5988
13.4808	15.6655
13.4822	15.7322
13.4828	15.7988
13.4835	15.8655
13.4849	15.9322
13.4857	15.9988
13.4869	16.0655
13.4877	16.128
13.4884	16.1905
13.4898	16.253
13.4924	16.3155
13.4927	16.378
13.4946	16.4405
13.4952	16.503
13.4967	16.5655
13.498	16.628
13.4994	16.6905
13.5022	16.753
13.5028	16.8155
13.5098	16.878
13.5104	16.9405
13.5129	17.003
13.5135	17.0618
13.5143	17.1206
13.5157	17.1795
13.5164	17.2383
13.5177	17.2971
13.5191	17.3559
13.5218	17.4148
13.5227	17.4736
13.5243	17.5324
13.5247	17.5912
13.5261	17.65
13.5282	17.7089
13.5296	17.7677
13.5372	17.8265
13.5379	17.8853
13.5392	17.9442
13.5399	18.003
13.5406	18.0585
13.5419	18.1141
13.5429	18.1697
13.5435	18.2252
13.5449	18.2808
13.5461	18.3363
13.547	18.3919
13.5482	18.4474
13.5502	18.503
13.5518	18.5585
13.553	18.6141
13.5546	18.6697
13.5567	18.7252
13.5599	18.7808
13.5606	18.8363
13.5613	18.8919
13.562	18.9474
13.5627	19.003
13.5634	19.0556
13.564	19.1083
13.5647	19.1609
13.5655	19.2135
13.5661	19.2661
13.5668	19.3188
13.5676	19.3714
13.5682	19.424
13.5712	19.4767
13.5723	19.5293
13.5739	19.5819
13.5758	19.6346
13.5771	19.6872
13.5817	19.7398
13.5825	19.7925
13.5831	19.8451
13.5839	19.8977
13.5846	19.9504
13.5852	20.003
13.5865	20.053
13.5872	20.103
13.5897	20.153
13.5904	20.203
13.5912	20.253
13.5918	20.303
13.5924	20.353
13.5933	20.403
13.5966	20.453
13.598	20.503
13.5993	20.553
13.6007	20.603
13.6014	20.653
13.6069	20.703
13.6076	20.753
13.6083	20.803
13.609	20.853
13.6098	20.903
13.6105	20.953
13.6113	21.003
13.6118	21.0506
13.6125	21.0982
13.6134	21.1458
13.6139	21.1935
13.6146	21.2411
13.6152	21.2887
13.6159	21.3363
13.6166	21.3839
13.6201	21.4316
13.6216	21.4792
13.6221	21.5268
13.6242	21.5744
13.6255	21.622
13.6311	21.6697
13.6318	21.7173
13.6326	21.7649
13.6332	21.8125
13.6339	21.8601
13.6346	21.9078
13.6353	21.9554
13.636	22.003
13.6368	22.0484
13.6374	22.0939
13.6381	22.1394
13.6387	22.1848
13.6394	22.2303
13.6401	22.2757
13.6407	22.3212
13.6421	22.3666
13.6462	22.4121
13.6479	22.4575
13.65	22.503
13.6516	22.5484
13.653	22.5939
13.6586	22.6394
13.6592	22.6848
13.6599	22.7303
13.6607	22.7757
13.6631	22.8212
13.6638	22.8666
13.6647	22.9121
13.6666	22.9575
13.6677	23.003
13.6684	23.0465
13.6691	23.0899
13.6701	23.1334
13.6708	23.1769
13.6728	23.2204
13.6744	23.2639
13.6752	23.3073
13.6758	23.3508
13.678	23.3943
13.6799	23.4378
13.6813	23.4813
13.683	23.5247
13.685	23.5682
13.6921	23.6117
13.6929	23.6552
13.6934	23.6986
13.6946	23.7421
13.6977	23.7856
13.6985	23.8291
13.6998	23.8726
13.7017	23.916
13.7026	23.9595
13.7033	24.003
13.704	24.0447
13.7047	24.0863
13.7054	24.128
13.7061	24.1697
13.7076	24.2113
13.7082	24.253
13.7093	24.2947
13.71	24.3363
13.7121	24.378
13.7141	24.4197
13.7156	24.4613
13.7168	24.503
13.7185	24.5447
13.7262	24.5863
13.727	24.628
13.7276	24.6697
13.7284	24.7113
13.7291	24.753
13.7298	24.7947
13.7304	24.8363
13.7312	24.878
13.7321	24.9197
13.7327	24.9613
13.734	25.003
13.7347	25.043
13.7359	25.083
13.7375	25.123
13.738	25.163
13.7394	25.203
13.74	25.243
13.7414	25.283
13.7422	25.323
13.7438	25.363
13.7443	25.403
13.7457	25.443
13.7472	25.483
13.7478	25.523
13.7567	25.563
13.7581	25.603
13.7587	25.643
13.7594	25.683
13.7602	25.723
13.7608	25.763
13.7617	25.803
13.7623	25.843
13.763	25.883
13.7643	25.923
13.765	25.963
13.7658	26.003
13.7664	26.0415
13.767	26.0799
13.7685	26.1184
13.77	26.1568
13.7707	26.1953
13.7719	26.2338
13.7737	26.2722
13.775	26.3107
13.7755	26.3491
13.7762	26.3876
13.7779	26.4261
13.7783	26.4645
13.7793	26.503
13.788	26.5415
13.79	26.5799
13.7913	26.6184
13.7919	26.6568
13.7926	26.6953
13.7934	26.7338
13.794	26.7722
13.7946	26.8107
13.7961	26.8491
13.7968	26.8876
13.7976	26.9261
13.7981	26.9645
13.799	27.003
13.801	27.04
13.8013	27.0771
13.8018	27.1141
13.8035	27.1511
13.8047	27.1882
13.8061	27.2252
13.8075	27.2622
13.8083	27.2993
13.809	27.3363
13.8095	27.3734
13.8109	27.4104
13.8116	27.4474
13.8139	27.4845
13.8208	27.5215
13.8235	27.5585
13.825	27.5956
13.826	27.6326
13.8263	27.6697
13.8271	27.7067
13.8278	27.7437
13.8291	27.7808
13.8298	27.8178
13.8305	27.8548
13.8312	27.8919
13.8319	27.9289
13.8334	27.966
13.834	28.003
13.8348	28.0387
13.8361	28.0744
13.8375	28.1101
13.8388	28.1458
13.8403	28.1816
13.841	28.2173
13.8419	28.253
13.8428	28.2887
13.8433	28.3244
13.8446	28.3601
13.8454	28.3958
13.8467	28.4316
13.8476	28.4673
13.8543	28.503
13.8578	28.5387
13.8592	28.5744
13.8599	28.6101
13.8613	28.6458
13.8633	28.6816
13.8648	28.7173
13.8662	28.753
13.8677	28.7887
13.869	28.8244
13.8697	28.8601
13.8711	28.8958
13.8717	28.9316
13.8724	28.9673
13.8731	29.003
13.8738	29.0375
13.8752	29.072
13.8759	29.1064
13.8766	29.1409
13.8774	29.1754
13.879	29.2099
13.8794	29.2444
13.8807	29.2789
13.8814	29.3133
13.8827	29.3478
13.8842	29.3823
13.8855	29.4168
13.8869	29.4513
13.8908	29.4857
13.8945	29.5202
13.8956	29.5547
13.8965	29.5892
13.8984	29.6237
13.8998	29.6582
13.9004	29.6926
13.9018	29.7271
13.9043	29.7616
13.9057	29.7961
13.9071	29.8306
13.9077	29.8651
13.9084	29.8995
13.9091	29.934
13.9105	29.9685
13.9112	30.003
13.9119	30.0363
13.9126	30.0697
13.9133	30.103
13.914	30.1363
13.9153	30.1697
13.9163	30.203
13.9174	30.2363
13.9182	30.2697
13.9195	30.303
13.9202	30.3363
13.9215	30.3697
13.9229	30.403
13.9243	30.4363
13.925	30.4697
13.9257	30.503
13.9264	30.5363
13.9271	30.5697
13.9284	30.603
13.9293	30.6363
13.9298	30.6697
13.9312	30.703
13.9326	30.7363
13.9357	30.7697
13.9371	30.803
13.9377	30.8363
13.9384	30.8697
13.9394	30.903
13.9398	30.9363
13.9412	30.9697
13.942	31.003
13.9426	31.0352
13.9435	31.0675
13.944	31.0998
13.9453	31.132
13.9461	31.1643
13.9475	31.1965
13.9482	31.2288
13.9502	31.2611
13.9513	31.2933
13.9526	31.3256
13.954	31.3578
13.9547	31.3901
13.9553	31.4223
13.956	31.4546
13.9567	31.4869
13.9574	31.5191
13.9581	31.5514
13.9595	15.7757
13.9601	15.8424
13.9616	15.909
13.9629	15.9757
13.9636	16.0424
13.965	16.1049
13.9663	16.1674
13.9677	16.2299
13.9691	16.2924
13.9697	16.3549
13.9705	16.4174
13.9718	16.4799
13.9725	16.5424
13.9732	16.6049
13.9739	16.6674
13.9746	16.7299
13.9753	16.7924
13.9766	16.8549
13.978	16.9174
13.9787	16.9799
13.9793	17.0424
13.9808	17.1012
13.9831	17.16
13.9842	17.2188
13.9849	17.2776
13.9856	17.3365
13.9862	17.3953
13.9869	17.4541
13.9877	17.5129
13.989	17.5718
13.9904	17.6306
13.9959	17.6894
13.9966	17.7482
13.9979	17.8071
14	17.8659
14.0001	17.9247
14.0007	17.9835
14.0014	18.0424
14.0027	18.0979
14.0048	18.1535
14.0062	18.209
14.0069	18.2646
14.0076	18.3201
14.0082	18.3757
14.0089	18.4312
14.0096	18.4868
14.011	9.2434
14.0123	9.35451
14.0188	9.46562
14.0192	9.57673
14.0206	9.68784
14.022	9.79896
14.0226	9.91007
14.0233	10.0212
14.024	10.1212
14.0262	10.2212
14.0269	10.3212
14.0282	10.4212
14.0302	10.5212
14.0315	10.6212
14.0316	10.7212
14.0323	10.8212
14.033	10.9212
14.0337	11.0212
14.0433	11.1121
14.0447	11.203
14.0454	11.2939
14.0467	11.3848
14.0488	11.4757
14.0495	11.5666
14.0502	11.6575
14.0509	11.7485
14.0515	11.8394
14.0529	11.9303
14.0536	12.0212
14.0626	12.1045
14.0646	12.1878
14.0653	12.2712
14.0666	12.3545
14.0687	12.4378
14.0694	12.5212
14.0701	12.6045
14.0708	12.6878
14.0715	12.7712
14.0728	12.8545
14.0735	12.9378
14.0749	13.0212
14.0783	13.0981
14.0797	13.175
14.0804	13.2519
14.0817	13.3289
14.0838	13.4058
14.0845	13.4827
14.0852	13.5596
14.0859	13.6366
14.0872	13.7135
14.0879	13.7904
14.0892	13.8673
14.0897	13.9443
14.0904	14.0212
14.091	14.0926
14.0917	14.164
14.0924	14.2355
14.0931	14.3069
14.0938	7.15345
14.0945	7.2963
14.0952	7.43916
14.0958	7.58202
14.0965	7.72487
14.0972	7.86773
14.0979	8.01059
14.0986	8.13559
14.0994	8.26059
14.1	8.38559
14.1007	8.51059
14.1013	8.63559
14.1021	8.76059
14.1027	8.88559
14.1034	9.01059
14.1041	9.1217
14.1048	9.23281
14.1055	9.34392
14.1061	9.45503
14.1068	9.56614
14.1075	9.67726
14.1082	9.78837
14.1089	9.89948
14.1096	10.0106
14.1103	10.1106
14.111	10.2106
14.1117	10.3106
14.1123	10.4106
14.113	10.5106
14.1137	10.6106
14.1144	10.7106
14.1151	10.8106
14.1158	10.9106
14.1165	11.0106
14.1172	11.1015
14.1178	11.1924
14.1185	11.2833
14.1192	11.3742
14.1199	11.4651
14.1206	11.556
14.1213	11.647
14.1219	11.7379
14.1226	11.8288
14.1233	11.9197
14.124	12.0106
14.1247	12.0939
14.1254	12.1773
14.126	12.2606
14.1267	12.3439
14.1275	12.4273
14.1282	12.5106
14.1288	12.5939
14.1302	12.6773
14.1309	12.7606
14.1316	12.8439
14.1325	12.9273
14.1331	13.0106
14.1338	13.0875
14.1347	13.1644
14.1353	13.2414
14.136	13.3183
14.1372	13.3952
14.1379	13.4721
14.1386	13.5491
14.1393	13.626
14.14	13.7029
14.1407	13.7798
14.1414	13.8567
14.1421	13.9337
14.1428	14.0106
14.1435	14.082
14.1441	14.1534
14.1449	14.2249
14.1455	14.2963
14.1462	14.3677
14.1469	14.4392
14.1475	14.5106
14.1482	14.582
14.1489	14.6534
14.1496	14.7249
14.1502	14.7963
14.151	14.8677
14.1517	14.9392
14.1523	15.0106
14.153	15.0773
14.1537	15.1439
14.1544	15.2106
14.1551	15.2773
14.1558	15.3439
14.1564	15.4106
14.1581	15.4773
14.1582	15.5439
14.1585	15.6106
14.1592	15.6773
14.1599	15.7439
14.1606	15.8106
14.1613	15.8773
14.162	15.9439
14.1626	16.0106
14.1636	16.0731
14.1642	16.1356
14.1649	16.1981
14.1657	16.2606
14.1663	16.3231
14.167	16.3856
14.1678	16.4481
14.1687	16.5106
14.1693	16.5731
14.17	16.6356
14.1707	16.6981
14.1714	16.7606
14.1721	16.8231
14.1727	16.8856
14.1741	16.9481
14.1747	17.0106
14.1754	17.0694
14.1761	17.1282
14.1768	17.1871
14.1775	17.2459
14.1782	17.3047
14.1788	17.3635
14.1795	17.4224
14.1802	17.4812
14.1811	17.54
14.1821	17.5988
14.1828	17.6576
14.1835	17.7165
14.1841	17.7753
14.1848	17.8341
14.1855	17.8929
14.1863	17.9518
14.187	18.0106
14.1876	18.0661
14.1883	18.1217
14.1889	18.1773
14.1896	18.2328
14.1903	18.2884
14.191	18.3439
14.1917	18.3995
14.1924	18.455
14.1931	18.5106
14.1937	18.5661
14.1945	18.6217
14.1951	18.6773
14.1958	18.7328
14.1965	18.7884
14.1972	18.8439
14.198	18.8995
14.1986	18.955
14.1993	19.0106
14.1999	19.0632
14.2007	19.1159
14.2019	19.1685
14.2026	19.2211
14.2033	19.2737
14.2039	19.3264
14.2046	19.379
14.2054	19.4316
14.206	19.4843
14.2067	19.5369
14.2074	19.5895
14.2081	19.6422
14.2088	19.6948
14.2095	19.7474
14.2101	19.8001
14.2108	19.8527
14.2116	19.9053
14.2122	19.958
14.2129	20.0106
14.2136	20.0606
14.2143	20.1106
14.215	20.1606
14.2157	20.2106
14.2163	20.2606
14.217	20.3106
14.2177	20.3606
14.2184	20.4106
14.2191	20.4606
14.2198	20.5106
14.2204	20.5606
14.2211	20.6106
14.2218	20.6606
14.2225	20.7106
14.2232	20.7606
14.2239	20.8106
14.2245	20.8606
14.2252	20.9106
14.2259	20.9606
14.2266	21.0106
14.2273	21.0582
14.228	21.1058
14.2287	21.1534
14.2294	21.2011
14.2301	21.2487
14.2307	21.2963
14.2315	21.3439
14.2321	21.3915
14.2328	21.4392
14.2335	21.4868
14.2342	21.5344
14.2349	21.582
14.2356	21.6296
14.2362	21.6773
14.2369	21.7249
14.2376	21.7725
14.2383	21.8201
14.239	21.8677
14.2397	21.9154
14.2404	21.963
14.241	22.0106
14.2417	22.056
14.2424	22.1015
14.2431	22.147
14.2438	22.1924
14.2444	22.2379
14.2451	22.2833
14.2458	22.3288
14.2465	22.3742
14.2473	22.4197
14.2479	22.4651
14.2486	22.5106
14.2493	22.556
14.25	22.6015
14.2506	22.647
14.2513	22.6924
14.252	22.7379
14.2527	22.7833
14.2536	22.8288
14.2541	22.8742
14.2547	22.9197
14.2554	22.9651
14.2562	23.0106
14.2568	23.0541
14.2575	23.0975
14.2582	23.141
14.259	23.1845
14.2598	23.228
14.2603	23.2715
14.2609	23.3149
14.2616	23.3584
14.2623	23.4019
14.263	23.4454
14.2637	23.4888
14.2644	23.5323
14.2651	23.5758
14.2659	23.6193
14.2666	23.6628
14.2671	23.7062
14.2678	11.8531
14.2685	11.944
14.2693	12.0349
14.2699	12.1183
14.2705	12.2016
14.2712	12.2849
14.272	12.3683
14.2726	12.4516
14.2733	12.5349
14.274	12.6183
14.2747	12.7016
14.2763	12.7849
14.277	12.8683
14.2777	12.9516
14.2784	13.0349
14.279	13.1119
14.2797	13.1888
14.2804	13.2657
14.2811	13.3426
14.2818	13.4196
14.2825	13.4965
14.2831	13.5734
14.2838	13.6503
14.2841	13.7272
