client0:
General NFD status:
                version=24.07-20-gbeb9e85b
              startTime=20251104T042227.364000
            currentTime=20251104T042258.951000
                 uptime=31 seconds
       nNameTreeEntries=36
            nFibEntries=12
            nPitEntries=8
   nMeasurementsEntries=0
             nCsEntries=640
           nInInterests=35174
          nOutInterests=34592
                nInData=34588
               nOutData=35155
               nInNacks=0
              nOutNacks=0
    nSatisfiedInterests=35155
  nUnsatisfiedInterests=0
Channels:
  udp4://0.0.0.0:6363
  udp6://[::]:6363
  dev://client0-eth0
  unix:///run/nfd/client0.sock
  tcp4://0.0.0.0:6363
  tcp6://[::]:6363
Faces:
  faceid=1 remote=internal:// local=internal:// congestion={base-marking-interval=100ms default-threshold=65536B} mtu=8800 counters={in={0i 58d 0n 10268B} out={60i 0d 0n 5187B}} flags={local permanent point-to-point local-fields}
  faceid=254 remote=contentstore:// local=contentstore:// mtu=8800 counters={in={0i 0d 0n 0B} out={0i 0d 0n 0B}} flags={local permanent point-to-point}
  faceid=255 remote=null:// local=null:// mtu=8800 counters={in={0i 0d 0n 0B} out={0i 0d 0n 0B}} flags={local permanent point-to-point}
  faceid=256 remote=ether://[01:00:5e:00:17:aa] local=dev://client0-eth0 congestion={base-marking-interval=100ms default-threshold=65536B} mtu=1500 counters={in={0i 0d 0n 0B} out={0i 0d 0n 0B}} flags={non-local permanent multi-access}
  faceid=257 remote=fd://26 local=unix:///run/nfd/client0.sock congestion={base-marking-interval=100ms default-threshold=65536B} mtu=8800 counters={in={44i 10d 0n 5506B} out={11i 43d 0n 10015B}} flags={local on-demand point-to-point local-fields congestion-marking}
  faceid=258 remote=udp4://224.0.23.170:56363 local=udp4://10.0.0.1:35621 congestion={base-marking-interval=100ms default-threshold=65536B} mtu=8800 counters={in={0i 0d 0n 0B} out={0i 0d 0n 0B}} flags={non-local permanent multi-access congestion-marking}
  faceid=259 remote=udp6://[ff02::1234%client0-eth0]:56363 local=udp6://[fe80::5401:84ff:fe3a:8c0b%client0-eth0]:50827 congestion={base-marking-interval=100ms default-threshold=65536B} mtu=8800 counters={in={0i 0d 0n 0B} out={0i 0d 0n 0B}} flags={non-local permanent multi-access congestion-marking}
  faceid=261 remote=udp4://10.0.0.2:6363 local=udp4://10.0.0.1:6363 congestion={base-marking-interval=100ms default-threshold=65536B} mtu=8800 counters={in={16790i 18312d 0n 153831450B} out={18313i 16780d 0n 141058093B}} flags={non-local persistent point-to-point congestion-marking}
  faceid=271 remote=fd://31 local=unix:///run/nfd/client0.sock congestion={base-marking-interval=100ms default-threshold=65536B} mtu=8800 counters={in={1i 16208d 0n 135648920B} out={16208i 1d 0n 551555B}} flags={local on-demand point-to-point congestion-marking}
  faceid=275 remote=fd://33 local=unix:///run/nfd/client0.sock congestion={base-marking-interval=100ms default-threshold=65536B} mtu=8800 counters={in={7i 0d 0n 312B} out={0i 0d 0n 0B}} flags={local on-demand point-to-point congestion-marking}
FIB:
  /pro0 nexthops={faceid=271 (cost=0)}
  /ndn/s0-site/s0 nexthops={faceid=261 (cost=0)}
  /localhost/nfd/rib nexthops={faceid=257 (cost=0)}
  /ndn/s1-site/s1 nexthops={faceid=261 (cost=0)}
  /ndn/client3-site/client3 nexthops={faceid=261 (cost=0)}
  /ndn/client1-site/client1 nexthops={faceid=261 (cost=0)}
  /pro1 nexthops={faceid=261 (cost=0)}
  /ndn/s2-site/s2 nexthops={faceid=261 (cost=0)}
  /pro3 nexthops={faceid=261 (cost=0)}
  /localhost/nfd nexthops={faceid=1 (cost=0)}
  /ndn/client2-site/client2 nexthops={faceid=261 (cost=0)}
  /pro2 nexthops={faceid=261 (cost=0)}
RIB:
  /ndn/s0-site/s0 routes={nexthop=261 origin=static cost=0 flags=child-inherit expires=never}
  /ndn/s1-site/s1 routes={nexthop=261 origin=static cost=0 flags=child-inherit expires=never}
  /ndn/s2-site/s2 routes={nexthop=261 origin=static cost=0 flags=child-inherit expires=never}
  /ndn/client1-site/client1 routes={nexthop=261 origin=static cost=0 flags=child-inherit expires=never}
  /ndn/client2-site/client2 routes={nexthop=261 origin=static cost=0 flags=child-inherit expires=never}
  /ndn/client3-site/client3 routes={nexthop=261 origin=static cost=0 flags=child-inherit expires=never}
  /pro0 routes={nexthop=271 origin=app cost=0 flags=child-inherit expires=never}
  /pro1 routes={nexthop=261 origin=static cost=0 flags=child-inherit expires=never}
  /pro2 routes={nexthop=261 origin=static cost=0 flags=child-inherit expires=never}
  /pro3 routes={nexthop=261 origin=static cost=0 flags=child-inherit expires=never}
  /localhost/nfd routes={nexthop=257 origin=app cost=0 flags=child-inherit expires=never}
CS information:
  capacity=640
     admit=on
     serve=on
  nEntries=640
     nHits=582
   nMisses=34592
Strategy choices:
  prefix=/ strategy=/localhost/nfd/strategy/best-route/v=5
  prefix=/localhost strategy=/localhost/nfd/strategy/multicast/v=5
  prefix=/ndn/broadcast strategy=/localhost/nfd/strategy/multicast/v=5
  prefix=/localhost/nfd strategy=/localhost/nfd/strategy/best-route/v=5
client1:
General NFD status:
                version=24.07-20-gbeb9e85b
              startTime=20251104T042227.894000
            currentTime=20251104T042258.959000
                 uptime=31 seconds
       nNameTreeEntries=36
            nFibEntries=12
            nPitEntries=8
   nMeasurementsEntries=0
             nCsEntries=640
           nInInterests=35165
          nOutInterests=34797
                nInData=34782
               nOutData=35135
               nInNacks=0
              nOutNacks=0
    nSatisfiedInterests=35135
  nUnsatisfiedInterests=0
Channels:
  udp4://0.0.0.0:6363
  udp6://[::]:6363
  dev://client1-eth0
  unix:///run/nfd/client1.sock
  tcp4://0.0.0.0:6363
  tcp6://[::]:6363
Faces:
  faceid=1 remote=internal:// local=internal:// congestion={base-marking-interval=100ms default-threshold=65536B} mtu=8800 counters={in={0i 58d 0n 10268B} out={60i 0d 0n 5187B}} flags={local permanent point-to-point local-fields}
  faceid=254 remote=contentstore:// local=contentstore:// mtu=8800 counters={in={0i 0d 0n 0B} out={0i 0d 0n 0B}} flags={local permanent point-to-point}
  faceid=255 remote=null:// local=null:// mtu=8800 counters={in={0i 0d 0n 0B} out={0i 0d 0n 0B}} flags={local permanent point-to-point}
  faceid=256 remote=ether://[01:00:5e:00:17:aa] local=dev://client1-eth0 congestion={base-marking-interval=100ms default-threshold=65536B} mtu=1500 counters={in={0i 0d 0n 0B} out={0i 0d 0n 0B}} flags={non-local permanent multi-access}
  faceid=257 remote=fd://26 local=unix:///run/nfd/client1.sock congestion={base-marking-interval=100ms default-threshold=65536B} mtu=8800 counters={in={44i 10d 0n 5506B} out={11i 43d 0n 10017B}} flags={local on-demand point-to-point local-fields congestion-marking}
  faceid=258 remote=udp4://224.0.23.170:56363 local=udp4://10.0.0.5:35192 congestion={base-marking-interval=100ms default-threshold=65536B} mtu=8800 counters={in={0i 0d 0n 0B} out={0i 0d 0n 0B}} flags={non-local permanent multi-access congestion-marking}
  faceid=259 remote=udp6://[ff02::1234%client1-eth0]:56363 local=udp6://[fe80::24d5:f7ff:fe10:eee7%client1-eth0]:49715 congestion={base-marking-interval=100ms default-threshold=65536B} mtu=8800 counters={in={0i 0d 0n 0B} out={0i 0d 0n 0B}} flags={non-local permanent multi-access congestion-marking}
  faceid=261 remote=udp4://10.0.0.6:6363 local=udp4://10.0.0.5:6363 congestion={base-marking-interval=100ms default-threshold=65536B} mtu=8800 counters={in={16770i 18312d 0n 153830345B} out={18324i 16760d 0n 140891259B}} flags={non-local persistent point-to-point congestion-marking}
  faceid=271 remote=fd://31 local=unix:///run/nfd/client1.sock congestion={base-marking-interval=100ms default-threshold=65536B} mtu=8800 counters={in={1i 16402d 0n 137272773B} out={16402i 1d 0n 558060B}} flags={local on-demand point-to-point congestion-marking}
  faceid=275 remote=fd://33 local=unix:///run/nfd/client1.sock congestion={base-marking-interval=100ms default-threshold=65536B} mtu=8800 counters={in={7i 0d 0n 312B} out={0i 0d 0n 0B}} flags={local on-demand point-to-point congestion-marking}
FIB:
  /pro0 nexthops={faceid=261 (cost=0)}
  /ndn/s0-site/s0 nexthops={faceid=261 (cost=0)}
  /localhost/nfd/rib nexthops={faceid=257 (cost=0)}
  /ndn/s1-site/s1 nexthops={faceid=261 (cost=0)}
  /ndn/client3-site/client3 nexthops={faceid=261 (cost=0)}
  /pro1 nexthops={faceid=271 (cost=0)}
  /ndn/s2-site/s2 nexthops={faceid=261 (cost=0)}
  /pro3 nexthops={faceid=261 (cost=0)}
  /localhost/nfd nexthops={faceid=1 (cost=0)}
  /ndn/client0-site/client0 nexthops={faceid=261 (cost=0)}
  /ndn/client2-site/client2 nexthops={faceid=261 (cost=0)}
  /pro2 nexthops={faceid=261 (cost=0)}
RIB:
  /ndn/s0-site/s0 routes={nexthop=261 origin=static cost=0 flags=child-inherit expires=never}
  /ndn/s1-site/s1 routes={nexthop=261 origin=static cost=0 flags=child-inherit expires=never}
  /ndn/s2-site/s2 routes={nexthop=261 origin=static cost=0 flags=child-inherit expires=never}
  /ndn/client0-site/client0 routes={nexthop=261 origin=static cost=0 flags=child-inherit expires=never}
  /ndn/client2-site/client2 routes={nexthop=261 origin=static cost=0 flags=child-inherit expires=never}
  /ndn/client3-site/client3 routes={nexthop=261 origin=static cost=0 flags=child-inherit expires=never}
  /pro0 routes={nexthop=261 origin=static cost=0 flags=child-inherit expires=never}
  /pro1 routes={nexthop=271 origin=app cost=0 flags=child-inherit expires=never}
  /pro2 routes={nexthop=261 origin=static cost=0 flags=child-inherit expires=never}
  /pro3 routes={nexthop=261 origin=static cost=0 flags=child-inherit expires=never}
  /localhost/nfd routes={nexthop=257 origin=app cost=0 flags=child-inherit expires=never}
CS information:
  capacity=640
     admit=on
     serve=on
  nEntries=640
     nHits=368
   nMisses=34797
Strategy choices:
  prefix=/ strategy=/localhost/nfd/strategy/best-route/v=5
  prefix=/localhost strategy=/localhost/nfd/strategy/multicast/v=5
  prefix=/ndn/broadcast strategy=/localhost/nfd/strategy/multicast/v=5
  prefix=/localhost/nfd strategy=/localhost/nfd/strategy/best-route/v=5
client2:
General NFD status:
                version=24.07-20-gbeb9e85b
              startTime=20251104T042228.457000
            currentTime=20251104T042258.966000
                 uptime=30 seconds
       nNameTreeEntries=36
            nFibEntries=12
            nPitEntries=8
   nMeasurementsEntries=0
             nCsEntries=640
           nInInterests=29910
          nOutInterests=29102
                nInData=29098
               nOutData=29900
               nInNacks=0
              nOutNacks=0
    nSatisfiedInterests=29900
  nUnsatisfiedInterests=0
Channels:
  udp4://0.0.0.0:6363
  udp6://[::]:6363
  dev://client2-eth0
  unix:///run/nfd/client2.sock
  tcp4://0.0.0.0:6363
  tcp6://[::]:6363
Faces:
  faceid=1 remote=internal:// local=internal:// congestion={base-marking-interval=100ms default-threshold=65536B} mtu=8800 counters={in={0i 59d 0n 10438B} out={60i 0d 0n 5188B}} flags={local permanent point-to-point local-fields}
  faceid=254 remote=contentstore:// local=contentstore:// mtu=8800 counters={in={0i 0d 0n 0B} out={0i 0d 0n 0B}} flags={local permanent point-to-point}
  faceid=255 remote=null:// local=null:// mtu=8800 counters={in={0i 0d 0n 0B} out={0i 0d 0n 0B}} flags={local permanent point-to-point}
  faceid=256 remote=ether://[01:00:5e:00:17:aa] local=dev://client2-eth0 congestion={base-marking-interval=100ms default-threshold=65536B} mtu=1500 counters={in={0i 0d 0n 0B} out={0i 0d 0n 0B}} flags={non-local permanent multi-access}
  faceid=257 remote=fd://26 local=unix:///run/nfd/client2.sock congestion={base-marking-interval=100ms default-threshold=65536B} mtu=8800 counters={in={44i 10d 0n 5506B} out={11i 43d 0n 10014B}} flags={local on-demand point-to-point local-fields congestion-marking}
  faceid=258 remote=udp4://224.0.23.170:56363 local=udp4://10.0.0.9:50843 congestion={base-marking-interval=100ms default-threshold=65536B} mtu=8800 counters={in={0i 0d 0n 0B} out={0i 0d 0n 0B}} flags={non-local permanent multi-access congestion-marking}
  faceid=259 remote=udp6://[ff02::1234%client2-eth0]:56363 local=udp6://[fe80::20ee:a2ff:fe28:d445%client2-eth0]:45701 congestion={base-marking-interval=100ms default-threshold=65536B} mtu=8800 counters={in={0i 0d 0n 0B} out={0i 0d 0n 0B}} flags={non-local permanent multi-access congestion-marking}
  faceid=261 remote=udp4://10.0.0.10:6363 local=udp4://10.0.0.9:6363 congestion={base-marking-interval=100ms default-threshold=65536B} mtu=8800 counters={in={11525i 18312d 0n 153653267B} out={18314i 11525d 0n 97077893B}} flags={non-local persistent point-to-point congestion-marking}
  faceid=271 remote=fd://31 local=unix:///run/nfd/client2.sock congestion={base-marking-interval=100ms default-threshold=65536B} mtu=8800 counters={in={1i 10717d 0n 89693275B} out={10717i 1d 0n 364625B}} flags={local on-demand point-to-point congestion-marking}
  faceid=275 remote=fd://33 local=unix:///run/nfd/client2.sock congestion={base-marking-interval=100ms default-threshold=65536B} mtu=8800 counters={in={7i 0d 0n 312B} out={0i 0d 0n 0B}} flags={local on-demand point-to-point congestion-marking}
FIB:
  /pro0 nexthops={faceid=261 (cost=0)}
  /ndn/s0-site/s0 nexthops={faceid=261 (cost=0)}
  /localhost/nfd/rib nexthops={faceid=257 (cost=0)}
  /ndn/s1-site/s1 nexthops={faceid=261 (cost=0)}
  /ndn/client3-site/client3 nexthops={faceid=261 (cost=0)}
  /ndn/client1-site/client1 nexthops={faceid=261 (cost=0)}
  /pro1 nexthops={faceid=261 (cost=0)}
  /ndn/s2-site/s2 nexthops={faceid=261 (cost=0)}
  /pro3 nexthops={faceid=261 (cost=0)}
  /localhost/nfd nexthops={faceid=1 (cost=0)}
  /ndn/client0-site/client0 nexthops={faceid=261 (cost=0)}
  /pro2 nexthops={faceid=271 (cost=0)}
RIB:
  /ndn/s0-site/s0 routes={nexthop=261 origin=static cost=0 flags=child-inherit expires=never}
  /ndn/s1-site/s1 routes={nexthop=261 origin=static cost=0 flags=child-inherit expires=never}
  /ndn/s2-site/s2 routes={nexthop=261 origin=static cost=0 flags=child-inherit expires=never}
  /ndn/client0-site/client0 routes={nexthop=261 origin=static cost=0 flags=child-inherit expires=never}
  /ndn/client1-site/client1 routes={nexthop=261 origin=static cost=0 flags=child-inherit expires=never}
  /ndn/client3-site/client3 routes={nexthop=261 origin=static cost=0 flags=child-inherit expires=never}
  /pro0 routes={nexthop=261 origin=static cost=0 flags=child-inherit expires=never}
  /pro1 routes={nexthop=261 origin=static cost=0 flags=child-inherit expires=never}
  /pro2 routes={nexthop=271 origin=app cost=0 flags=child-inherit expires=never}
  /pro3 routes={nexthop=261 origin=static cost=0 flags=child-inherit expires=never}
  /localhost/nfd routes={nexthop=257 origin=app cost=0 flags=child-inherit expires=never}
CS information:
  capacity=640
     admit=on
     serve=on
  nEntries=640
     nHits=808
   nMisses=29102
Strategy choices:
  prefix=/ strategy=/localhost/nfd/strategy/best-route/v=5
  prefix=/localhost strategy=/localhost/nfd/strategy/multicast/v=5
  prefix=/ndn/broadcast strategy=/localhost/nfd/strategy/multicast/v=5
  prefix=/localhost/nfd strategy=/localhost/nfd/strategy/best-route/v=5
client3:
General NFD status:
                version=24.07-20-gbeb9e85b
              startTime=20251104T042229.043000
            currentTime=20251104T042258.973000
                 uptime=29 seconds
       nNameTreeEntries=36
            nFibEntries=12
            nPitEntries=8
   nMeasurementsEntries=0
             nCsEntries=640
           nInInterests=30760
          nOutInterests=29706
                nInData=29701
               nOutData=30751
               nInNacks=0
              nOutNacks=0
    nSatisfiedInterests=30751
  nUnsatisfiedInterests=0
Channels:
  udp4://0.0.0.0:6363
  udp6://[::]:6363
  dev://client3-eth0
  unix:///run/nfd/client3.sock
  tcp4://0.0.0.0:6363
  tcp6://[::]:6363
Faces:
  faceid=1 remote=internal:// local=internal:// congestion={base-marking-interval=100ms default-threshold=65536B} mtu=8800 counters={in={0i 57d 0n 10135B} out={60i 0d 0n 5188B}} flags={local permanent point-to-point local-fields}
  faceid=254 remote=contentstore:// local=contentstore:// mtu=8800 counters={in={0i 0d 0n 0B} out={0i 0d 0n 0B}} flags={local permanent point-to-point}
  faceid=255 remote=null:// local=null:// mtu=8800 counters={in={0i 0d 0n 0B} out={0i 0d 0n 0B}} flags={local permanent point-to-point}
  faceid=256 remote=ether://[01:00:5e:00:17:aa] local=dev://client3-eth0 congestion={base-marking-interval=100ms default-threshold=65536B} mtu=1500 counters={in={0i 0d 0n 0B} out={0i 0d 0n 0B}} flags={non-local permanent multi-access}
  faceid=257 remote=fd://26 local=unix:///run/nfd/client3.sock congestion={base-marking-interval=100ms default-threshold=65536B} mtu=8800 counters={in={44i 10d 0n 5506B} out={11i 43d 0n 10020B}} flags={local on-demand point-to-point local-fields congestion-marking}
  faceid=258 remote=udp4://224.0.23.170:56363 local=udp4://10.0.0.13:48187 congestion={base-marking-interval=100ms default-threshold=65536B} mtu=8800 counters={in={0i 0d 0n 0B} out={0i 0d 0n 0B}} flags={non-local permanent multi-access congestion-marking}
  faceid=259 remote=udp6://[ff02::1234%client3-eth0]:56363 local=udp6://[fe80::fc24:abff:fe3d:5417%client3-eth0]:59507 congestion={base-marking-interval=100ms default-threshold=65536B} mtu=8800 counters={in={0i 0d 0n 0B} out={0i 0d 0n 0B}} flags={non-local permanent multi-access congestion-marking}
  faceid=261 remote=udp4://10.0.0.14:6363 local=udp4://10.0.0.13:6363 congestion={base-marking-interval=100ms default-threshold=65536B} mtu=8800 counters={in={12376i 18312d 0n 153682309B} out={18313i 12376d 0n 104200899B}} flags={non-local persistent point-to-point congestion-marking}
  faceid=271 remote=fd://31 local=unix:///run/nfd/client3.sock congestion={base-marking-interval=100ms default-threshold=65536B} mtu=8800 counters={in={1i 11322d 0n 94757190B} out={11322i 1d 0n 385437B}} flags={local on-demand point-to-point congestion-marking}
  faceid=275 remote=fd://33 local=unix:///run/nfd/client3.sock congestion={base-marking-interval=100ms default-threshold=65536B} mtu=8800 counters={in={7i 0d 0n 312B} out={0i 0d 0n 0B}} flags={local on-demand point-to-point congestion-marking}
FIB:
  /pro0 nexthops={faceid=261 (cost=0)}
  /ndn/s0-site/s0 nexthops={faceid=261 (cost=0)}
  /localhost/nfd/rib nexthops={faceid=257 (cost=0)}
  /ndn/s1-site/s1 nexthops={faceid=261 (cost=0)}
  /ndn/client1-site/client1 nexthops={faceid=261 (cost=0)}
  /pro1 nexthops={faceid=261 (cost=0)}
  /ndn/s2-site/s2 nexthops={faceid=261 (cost=0)}
  /pro3 nexthops={faceid=271 (cost=0)}
  /localhost/nfd nexthops={faceid=1 (cost=0)}
  /ndn/client0-site/client0 nexthops={faceid=261 (cost=0)}
  /ndn/client2-site/client2 nexthops={faceid=261 (cost=0)}
  /pro2 nexthops={faceid=261 (cost=0)}
RIB:
  /ndn/s0-site/s0 routes={nexthop=261 origin=static cost=0 flags=child-inherit expires=never}
  /ndn/s1-site/s1 routes={nexthop=261 origin=static cost=0 flags=child-inherit expires=never}
  /ndn/s2-site/s2 routes={nexthop=261 origin=static cost=0 flags=child-inherit expires=never}
  /ndn/client0-site/client0 routes={nexthop=261 origin=static cost=0 flags=child-inherit expires=never}
  /ndn/client1-site/client1 routes={nexthop=261 origin=static cost=0 flags=child-inherit expires=never}
  /ndn/client2-site/client2 routes={nexthop=261 origin=static cost=0 flags=child-inherit expires=never}
  /pro0 routes={nexthop=261 origin=static cost=0 flags=child-inherit expires=never}
  /pro1 routes={nexthop=261 origin=static cost=0 flags=child-inherit expires=never}
  /pro2 routes={nexthop=261 origin=static cost=0 flags=child-inherit expires=never}
  /pro3 routes={nexthop=271 origin=app cost=0 flags=child-inherit expires=never}
  /localhost/nfd routes={nexthop=257 origin=app cost=0 flags=child-inherit expires=never}
CS information:
  capacity=640
     admit=on
     serve=on
  nEntries=640
     nHits=1054
   nMisses=29706
Strategy choices:
  prefix=/ strategy=/localhost/nfd/strategy/best-route/v=5
  prefix=/localhost strategy=/localhost/nfd/strategy/multicast/v=5
  prefix=/ndn/broadcast strategy=/localhost/nfd/strategy/multicast/v=5
  prefix=/localhost/nfd strategy=/localhost/nfd/strategy/best-route/v=5
s0:
General NFD status:
                version=24.07-20-gbeb9e85b
              startTime=20251104T042229.625000
            currentTime=20251104T042258.980000
                 uptime=29 seconds
       nNameTreeEntries=36
            nFibEntries=12
            nPitEntries=8
   nMeasurementsEntries=0
             nCsEntries=640
           nInInterests=60212
          nOutInterests=50098
                nInData=47869
               nOutData=60133
               nInNacks=0
              nOutNacks=0
    nSatisfiedInterests=51755
  nUnsatisfiedInterests=0
Channels:
  udp4://0.0.0.0:6363
  udp6://[::]:6363
  dev://s0-eth0
  dev://s0-eth1
  dev://s0-eth2
  unix:///run/nfd/s0.sock
  tcp4://0.0.0.0:6363
  tcp6://[::]:6363
Faces:
  faceid=1 remote=internal:// local=internal:// congestion={base-marking-interval=100ms default-threshold=65536B} mtu=8800 counters={in={0i 74d 0n 13113B} out={69i 0d 0n 6159B}} flags={local permanent point-to-point local-fields}
  faceid=254 remote=contentstore:// local=contentstore:// mtu=8800 counters={in={0i 0d 0n 0B} out={0i 0d 0n 0B}} flags={local permanent point-to-point}
  faceid=255 remote=null:// local=null:// mtu=8800 counters={in={0i 0d 0n 0B} out={0i 0d 0n 0B}} flags={local permanent point-to-point}
  faceid=256 remote=ether://[01:00:5e:00:17:aa] local=dev://s0-eth0 congestion={base-marking-interval=100ms default-threshold=65536B} mtu=1500 counters={in={0i 0d 0n 0B} out={0i 0d 0n 0B}} flags={non-local permanent multi-access}
  faceid=257 remote=ether://[01:00:5e:00:17:aa] local=dev://s0-eth1 congestion={base-marking-interval=100ms default-threshold=65536B} mtu=1500 counters={in={0i 0d 0n 0B} out={0i 0d 0n 0B}} flags={non-local permanent multi-access}
  faceid=258 remote=ether://[01:00:5e:00:17:aa] local=dev://s0-eth2 congestion={base-marking-interval=100ms default-threshold=65536B} mtu=1500 counters={in={0i 0d 0n 0B} out={0i 0d 0n 0B}} flags={non-local permanent multi-access}
  faceid=259 remote=fd://34 local=unix:///run/nfd/s0.sock congestion={base-marking-interval=100ms default-threshold=65536B} mtu=8800 counters={in={50i 10d 0n 5834B} out={11i 49d 0n 10957B}} flags={local on-demand point-to-point local-fields congestion-marking}
  faceid=260 remote=udp4://224.0.23.170:56363 local=udp4://10.0.0.2:57264 congestion={base-marking-interval=100ms default-threshold=65536B} mtu=8800 counters={in={0i 0d 0n 0B} out={0i 0d 0n 0B}} flags={non-local permanent multi-access congestion-marking}
  faceid=261 remote=udp4://224.0.23.170:56363 local=udp4://10.0.0.6:37636 congestion={base-marking-interval=100ms default-threshold=65536B} mtu=8800 counters={in={0i 0d 0n 0B} out={0i 0d 0n 0B}} flags={non-local permanent multi-access congestion-marking}
  faceid=262 remote=udp4://224.0.23.170:56363 local=udp4://10.0.0.18:57335 congestion={base-marking-interval=100ms default-threshold=65536B} mtu=8800 counters={in={0i 0d 0n 0B} out={0i 0d 0n 0B}} flags={non-local permanent multi-access congestion-marking}
  faceid=263 remote=udp6://[ff02::1234%s0-eth0]:56363 local=udp6://[fe80::e0ab:22ff:feae:4f12%s0-eth0]:58625 congestion={base-marking-interval=100ms default-threshold=65536B} mtu=8800 counters={in={0i 0d 0n 0B} out={0i 0d 0n 0B}} flags={non-local permanent multi-access congestion-marking}
  faceid=264 remote=udp6://[ff02::1234%s0-eth1]:56363 local=udp6://[fe80::681c:c7ff:fe72:9cb6%s0-eth1]:47827 congestion={base-marking-interval=100ms default-threshold=65536B} mtu=8800 counters={in={0i 0d 0n 0B} out={0i 0d 0n 0B}} flags={non-local permanent multi-access congestion-marking}
  faceid=265 remote=udp6://[ff02::1234%s0-eth2]:56363 local=udp6://[fe80::6cea:59ff:fee1:6d9c%s0-eth2]:54860 congestion={base-marking-interval=100ms default-threshold=65536B} mtu=8800 counters={in={0i 0d 0n 0B} out={0i 0d 0n 0B}} flags={non-local permanent multi-access congestion-marking}
  faceid=267 remote=udp4://10.0.0.1:6363 local=udp4://10.0.0.2:6363 congestion={base-marking-interval=100ms default-threshold=65536B} mtu=8800 counters={in={18312i 16779d 0n 141049690B} out={16790i 18312d 0n 153831450B}} flags={non-local persistent point-to-point congestion-marking}
  faceid=269 remote=udp4://10.0.0.5:6363 local=udp4://10.0.0.6:6363 congestion={base-marking-interval=100ms default-threshold=65536B} mtu=8800 counters={in={18312i 16758d 0n 140874125B} out={16770i 18312d 0n 153830345B}} flags={non-local persistent point-to-point congestion-marking}
  faceid=271 remote=udp4://10.0.0.17:6363 local=udp4://10.0.0.18:6363 congestion={base-marking-interval=100ms default-threshold=65536B} mtu=8800 counters={in={23508i 14248d 0n 120046285B} out={16458i 23437d 0n 196714217B}} flags={non-local persistent point-to-point congestion-marking}
  faceid=282 remote=fd://47 local=unix:///run/nfd/s0.sock congestion={base-marking-interval=100ms default-threshold=65536B} mtu=8800 counters={in={7i 0d 0n 312B} out={0i 0d 0n 0B}} flags={local on-demand point-to-point congestion-marking}
FIB:
  /pro0 nexthops={faceid=267 (cost=0)}
  /localhost/nfd/rib nexthops={faceid=259 (cost=0)}
  /ndn/s1-site/s1 nexthops={faceid=271 (cost=0)}
  /ndn/client3-site/client3 nexthops={faceid=271 (cost=0)}
  /ndn/client1-site/client1 nexthops={faceid=269 (cost=0)}
  /pro1 nexthops={faceid=269 (cost=0)}
  /ndn/s2-site/s2 nexthops={faceid=271 (cost=0)}
  /pro3 nexthops={faceid=271 (cost=0)}
  /localhost/nfd nexthops={faceid=1 (cost=0)}
  /ndn/client0-site/client0 nexthops={faceid=267 (cost=0)}
  /ndn/client2-site/client2 nexthops={faceid=271 (cost=0)}
  /pro2 nexthops={faceid=271 (cost=0)}
RIB:
  /ndn/s1-site/s1 routes={nexthop=271 origin=static cost=0 flags=child-inherit expires=never}
  /ndn/s2-site/s2 routes={nexthop=271 origin=static cost=0 flags=child-inherit expires=never}
  /ndn/client0-site/client0 routes={nexthop=267 origin=static cost=0 flags=child-inherit expires=never}
  /ndn/client1-site/client1 routes={nexthop=269 origin=static cost=0 flags=child-inherit expires=never}
  /ndn/client2-site/client2 routes={nexthop=271 origin=static cost=0 flags=child-inherit expires=never}
  /ndn/client3-site/client3 routes={nexthop=271 origin=static cost=0 flags=child-inherit expires=never}
  /pro0 routes={nexthop=267 origin=static cost=0 flags=child-inherit expires=never}
  /pro1 routes={nexthop=269 origin=static cost=0 flags=child-inherit expires=never}
  /pro2 routes={nexthop=271 origin=static cost=0 flags=child-inherit expires=never}
  /pro3 routes={nexthop=271 origin=static cost=0 flags=child-inherit expires=never}
  /localhost/nfd routes={nexthop=259 origin=app cost=0 flags=child-inherit expires=never}
CS information:
  capacity=640
     admit=on
     serve=on
  nEntries=640
     nHits=6675
   nMisses=53537
Strategy choices:
  prefix=/ strategy=/localhost/nfd/strategy/best-route/v=5
  prefix=/localhost strategy=/localhost/nfd/strategy/multicast/v=5
  prefix=/ndn/broadcast strategy=/localhost/nfd/strategy/multicast/v=5
  prefix=/localhost/nfd strategy=/localhost/nfd/strategy/best-route/v=5
s1:
General NFD status:
                version=24.07-20-gbeb9e85b
              startTime=20251104T042230.177000
            currentTime=20251104T042258.987000
                 uptime=28 seconds
       nNameTreeEntries=36
            nFibEntries=12
            nPitEntries=8
   nMeasurementsEntries=0
             nCsEntries=640
           nInInterests=50686
          nOutInterests=47589
                nInData=47474
               nOutData=49623
               nInNacks=0
              nOutNacks=0
    nSatisfiedInterests=48236
  nUnsatisfiedInterests=0
Channels:
  udp4://0.0.0.0:6363
  udp6://[::]:6363
  dev://s1-eth0
  dev://s1-eth1
  dev://s1-eth2
  unix:///run/nfd/s1.sock
  tcp4://0.0.0.0:6363
  tcp6://[::]:6363
Faces:
  faceid=1 remote=internal:// local=internal:// congestion={base-marking-interval=100ms default-threshold=65536B} mtu=8800 counters={in={0i 72d 0n 12810B} out={69i 0d 0n 6160B}} flags={local permanent point-to-point local-fields}
  faceid=254 remote=contentstore:// local=contentstore:// mtu=8800 counters={in={0i 0d 0n 0B} out={0i 0d 0n 0B}} flags={local permanent point-to-point}
  faceid=255 remote=null:// local=null:// mtu=8800 counters={in={0i 0d 0n 0B} out={0i 0d 0n 0B}} flags={local permanent point-to-point}
  faceid=256 remote=ether://[01:00:5e:00:17:aa] local=dev://s1-eth0 congestion={base-marking-interval=100ms default-threshold=65536B} mtu=1500 counters={in={0i 0d 0n 0B} out={0i 0d 0n 0B}} flags={non-local permanent multi-access}
  faceid=257 remote=ether://[01:00:5e:00:17:aa] local=dev://s1-eth1 congestion={base-marking-interval=100ms default-threshold=65536B} mtu=1500 counters={in={0i 0d 0n 0B} out={0i 0d 0n 0B}} flags={non-local permanent multi-access}
  faceid=258 remote=ether://[01:00:5e:00:17:aa] local=dev://s1-eth2 congestion={base-marking-interval=100ms default-threshold=65536B} mtu=1500 counters={in={0i 0d 0n 0B} out={0i 0d 0n 0B}} flags={non-local permanent multi-access}
  faceid=259 remote=fd://34 local=unix:///run/nfd/s1.sock congestion={base-marking-interval=100ms default-threshold=65536B} mtu=8800 counters={in={50i 10d 0n 5834B} out={11i 49d 0n 10959B}} flags={local on-demand point-to-point local-fields congestion-marking}
  faceid=260 remote=udp4://224.0.23.170:56363 local=udp4://10.0.0.10:49546 congestion={base-marking-interval=100ms default-threshold=65536B} mtu=8800 counters={in={0i 0d 0n 0B} out={0i 0d 0n 0B}} flags={non-local permanent multi-access congestion-marking}
  faceid=261 remote=udp4://224.0.23.170:56363 local=udp4://10.0.0.14:48950 congestion={base-marking-interval=100ms default-threshold=65536B} mtu=8800 counters={in={0i 0d 0n 0B} out={0i 0d 0n 0B}} flags={non-local permanent multi-access congestion-marking}
  faceid=262 remote=udp4://224.0.23.170:56363 local=udp4://10.0.0.22:48756 congestion={base-marking-interval=100ms default-threshold=65536B} mtu=8800 counters={in={0i 0d 0n 0B} out={0i 0d 0n 0B}} flags={non-local permanent multi-access congestion-marking}
  faceid=263 remote=udp6://[ff02::1234%s1-eth0]:56363 local=udp6://[fe80::94af:4fff:feef:fb89%s1-eth0]:60670 congestion={base-marking-interval=100ms default-threshold=65536B} mtu=8800 counters={in={0i 0d 0n 0B} out={0i 0d 0n 0B}} flags={non-local permanent multi-access congestion-marking}
  faceid=264 remote=udp6://[ff02::1234%s1-eth1]:56363 local=udp6://[fe80::34e2:faff:fe7a:763%s1-eth1]:50807 congestion={base-marking-interval=100ms default-threshold=65536B} mtu=8800 counters={in={0i 0d 0n 0B} out={0i 0d 0n 0B}} flags={non-local permanent multi-access congestion-marking}
  faceid=265 remote=udp6://[ff02::1234%s1-eth2]:56363 local=udp6://[fe80::4837:aff:fe48:4790%s1-eth2]:41294 congestion={base-marking-interval=100ms default-threshold=65536B} mtu=8800 counters={in={0i 0d 0n 0B} out={0i 0d 0n 0B}} flags={non-local permanent multi-access congestion-marking}
  faceid=267 remote=udp4://10.0.0.9:6363 local=udp4://10.0.0.10:6363 congestion={base-marking-interval=100ms default-threshold=65536B} mtu=8800 counters={in={18314i 11525d 0n 97077893B} out={11525i 18312d 0n 153653267B}} flags={non-local persistent point-to-point congestion-marking}
  faceid=269 remote=udp4://10.0.0.13:6363 local=udp4://10.0.0.14:6363 congestion={base-marking-interval=100ms default-threshold=65536B} mtu=8800 counters={in={18312i 12374d 0n 104184127B} out={12376i 18312d 0n 153682309B}} flags={non-local persistent point-to-point congestion-marking}
  faceid=271 remote=udp4://10.0.0.21:6363 local=udp4://10.0.0.22:6363 congestion={base-marking-interval=100ms default-threshold=65536B} mtu=8800 counters={in={13980i 23493d 0n 197098897B} out={23608i 12927d 0n 108992786B}} flags={non-local persistent point-to-point congestion-marking}
  faceid=282 remote=fd://47 local=unix:///run/nfd/s1.sock congestion={base-marking-interval=100ms default-threshold=65536B} mtu=8800 counters={in={7i 0d 0n 312B} out={0i 0d 0n 0B}} flags={local on-demand point-to-point congestion-marking}
FIB:
  /pro0 nexthops={faceid=271 (cost=0)}
  /ndn/s0-site/s0 nexthops={faceid=271 (cost=0)}
  /localhost/nfd/rib nexthops={faceid=259 (cost=0)}
  /ndn/client3-site/client3 nexthops={faceid=269 (cost=0)}
  /ndn/client1-site/client1 nexthops={faceid=271 (cost=0)}
  /pro1 nexthops={faceid=271 (cost=0)}
  /ndn/s2-site/s2 nexthops={faceid=271 (cost=0)}
  /pro3 nexthops={faceid=269 (cost=0)}
  /localhost/nfd nexthops={faceid=1 (cost=0)}
  /ndn/client0-site/client0 nexthops={faceid=271 (cost=0)}
  /ndn/client2-site/client2 nexthops={faceid=267 (cost=0)}
  /pro2 nexthops={faceid=267 (cost=0)}
RIB:
  /ndn/s0-site/s0 routes={nexthop=271 origin=static cost=0 flags=child-inherit expires=never}
  /ndn/s2-site/s2 routes={nexthop=271 origin=static cost=0 flags=child-inherit expires=never}
  /ndn/client0-site/client0 routes={nexthop=271 origin=static cost=0 flags=child-inherit expires=never}
  /ndn/client1-site/client1 routes={nexthop=271 origin=static cost=0 flags=child-inherit expires=never}
  /ndn/client2-site/client2 routes={nexthop=267 origin=static cost=0 flags=child-inherit expires=never}
  /ndn/client3-site/client3 routes={nexthop=269 origin=static cost=0 flags=child-inherit expires=never}
  /pro0 routes={nexthop=271 origin=static cost=0 flags=child-inherit expires=never}
  /pro1 routes={nexthop=271 origin=static cost=0 flags=child-inherit expires=never}
  /pro2 routes={nexthop=267 origin=static cost=0 flags=child-inherit expires=never}
  /pro3 routes={nexthop=269 origin=static cost=0 flags=child-inherit expires=never}
  /localhost/nfd routes={nexthop=259 origin=app cost=0 flags=child-inherit expires=never}
CS information:
  capacity=640
     admit=on
     serve=on
  nEntries=640
     nHits=2444
   nMisses=48242
Strategy choices:
  prefix=/ strategy=/localhost/nfd/strategy/best-route/v=5
  prefix=/localhost strategy=/localhost/nfd/strategy/multicast/v=5
  prefix=/ndn/broadcast strategy=/localhost/nfd/strategy/multicast/v=5
  prefix=/localhost/nfd strategy=/localhost/nfd/strategy/best-route/v=5
s2:
General NFD status:
                version=24.07-20-gbeb9e85b
              startTime=20251104T042230.733000
            currentTime=20251104T042258.994000
                 uptime=28 seconds
       nNameTreeEntries=36
            nFibEntries=12
            nPitEntries=8
   nMeasurementsEntries=0
             nCsEntries=640
           nInInterests=40139
          nOutInterests=37561
                nInData=36436
               nOutData=37806
               nInNacks=0
              nOutNacks=0
    nSatisfiedInterests=37795
  nUnsatisfiedInterests=0
Channels:
  udp4://0.0.0.0:6363
  udp6://[::]:6363
  dev://s2-eth0
  dev://s2-eth1
  unix:///run/nfd/s2.sock
  tcp4://0.0.0.0:6363
  tcp6://[::]:6363
Faces:
  faceid=1 remote=internal:// local=internal:// congestion={base-marking-interval=100ms default-threshold=65536B} mtu=8800 counters={in={0i 62d 0n 11053B} out={62i 0d 0n 5535B}} flags={local permanent point-to-point local-fields}
  faceid=254 remote=contentstore:// local=contentstore:// mtu=8800 counters={in={0i 0d 0n 0B} out={0i 0d 0n 0B}} flags={local permanent point-to-point}
  faceid=255 remote=null:// local=null:// mtu=8800 counters={in={0i 0d 0n 0B} out={0i 0d 0n 0B}} flags={local permanent point-to-point}
  faceid=256 remote=ether://[01:00:5e:00:17:aa] local=dev://s2-eth0 congestion={base-marking-interval=100ms default-threshold=65536B} mtu=1500 counters={in={0i 0d 0n 0B} out={0i 0d 0n 0B}} flags={non-local permanent multi-access}
  faceid=257 remote=ether://[01:00:5e:00:17:aa] local=dev://s2-eth1 congestion={base-marking-interval=100ms default-threshold=65536B} mtu=1500 counters={in={0i 0d 0n 0B} out={0i 0d 0n 0B}} flags={non-local permanent multi-access}
  faceid=258 remote=fd://30 local=unix:///run/nfd/s2.sock congestion={base-marking-interval=100ms default-threshold=65536B} mtu=8800 counters={in={44i 10d 0n 5546B} out={11i 43d 0n 9987B}} flags={local on-demand point-to-point local-fields congestion-marking}
  faceid=259 remote=udp4://224.0.23.170:56363 local=udp4://10.0.0.17:39165 congestion={base-marking-interval=100ms default-threshold=65536B} mtu=8800 counters={in={0i 0d 0n 0B} out={0i 0d 0n 0B}} flags={non-local permanent multi-access congestion-marking}
  faceid=260 remote=udp4://224.0.23.170:56363 local=udp4://10.0.0.21:59604 congestion={base-marking-interval=100ms default-threshold=65536B} mtu=8800 counters={in={0i 0d 0n 0B} out={0i 0d 0n 0B}} flags={non-local permanent multi-access congestion-marking}
  faceid=261 remote=udp6://[ff02::1234%s2-eth0]:56363 local=udp6://[fe80::2c81:fcff:fe23:5f95%s2-eth0]:50588 congestion={base-marking-interval=100ms default-threshold=65536B} mtu=8800 counters={in={0i 0d 0n 0B} out={0i 0d 0n 0B}} flags={non-local permanent multi-access congestion-marking}
  faceid=262 remote=udp6://[ff02::1234%s2-eth1]:56363 local=udp6://[fe80::b8e2:1ff:fe50:6c5e%s2-eth1]:34982 congestion={base-marking-interval=100ms default-threshold=65536B} mtu=8800 counters={in={0i 0d 0n 0B} out={0i 0d 0n 0B}} flags={non-local permanent multi-access congestion-marking}
  faceid=264 remote=udp4://10.0.0.18:6363 local=udp4://10.0.0.17:6363 congestion={base-marking-interval=100ms default-threshold=65536B} mtu=8800 counters={in={16458i 23437d 0n 196714217B} out={23508i 14248d 0n 120046285B}} flags={non-local persistent point-to-point congestion-marking}
  faceid=266 remote=udp4://10.0.0.22:6363 local=udp4://10.0.0.21:6363 congestion={base-marking-interval=100ms default-threshold=65536B} mtu=8800 counters={in={23608i 12927d 0n 108992786B} out={13980i 23493d 0n 197098897B}} flags={non-local persistent point-to-point congestion-marking}
  faceid=277 remote=fd://39 local=unix:///run/nfd/s2.sock congestion={base-marking-interval=100ms default-threshold=65536B} mtu=8800 counters={in={7i 0d 0n 312B} out={0i 0d 0n 0B}} flags={local on-demand point-to-point congestion-marking}
FIB:
  /pro0 nexthops={faceid=264 (cost=0)}
  /ndn/s0-site/s0 nexthops={faceid=264 (cost=0)}
  /localhost/nfd/rib nexthops={faceid=258 (cost=0)}
  /ndn/s1-site/s1 nexthops={faceid=266 (cost=0)}
  /ndn/client3-site/client3 nexthops={faceid=266 (cost=0)}
  /ndn/client1-site/client1 nexthops={faceid=264 (cost=0)}
  /pro1 nexthops={faceid=264 (cost=0)}
  /pro3 nexthops={faceid=266 (cost=0)}
  /localhost/nfd nexthops={faceid=1 (cost=0)}
  /ndn/client0-site/client0 nexthops={faceid=264 (cost=0)}
  /ndn/client2-site/client2 nexthops={faceid=266 (cost=0)}
  /pro2 nexthops={faceid=266 (cost=0)}
RIB:
  /ndn/s0-site/s0 routes={nexthop=264 origin=static cost=0 flags=child-inherit expires=never}
  /ndn/s1-site/s1 routes={nexthop=266 origin=static cost=0 flags=child-inherit expires=never}
  /ndn/client0-site/client0 routes={nexthop=264 origin=static cost=0 flags=child-inherit expires=never}
  /ndn/client1-site/client1 routes={nexthop=264 origin=static cost=0 flags=child-inherit expires=never}
  /ndn/client2-site/client2 routes={nexthop=266 origin=static cost=0 flags=child-inherit expires=never}
  /ndn/client3-site/client3 routes={nexthop=266 origin=static cost=0 flags=child-inherit expires=never}
  /pro0 routes={nexthop=264 origin=static cost=0 flags=child-inherit expires=never}
  /pro1 routes={nexthop=264 origin=static cost=0 flags=child-inherit expires=never}
  /pro2 routes={nexthop=266 origin=static cost=0 flags=child-inherit expires=never}
  /pro3 routes={nexthop=266 origin=static cost=0 flags=child-inherit expires=never}
  /localhost/nfd routes={nexthop=258 origin=app cost=0 flags=child-inherit expires=never}
CS information:
  capacity=640
     admit=on
     serve=on
  nEntries=640
     nHits=2130
   nMisses=38009
Strategy choices:
  prefix=/ strategy=/localhost/nfd/strategy/best-route/v=5
  prefix=/localhost strategy=/localhost/nfd/strategy/multicast/v=5
  prefix=/ndn/broadcast strategy=/localhost/nfd/strategy/multicast/v=5
  prefix=/localhost/nfd strategy=/localhost/nfd/strategy/best-route/v=5
