time	cwndsize
0.491278	11
0.493188	12
0.495636	13
0.495723	14
0.498326	15
0.499869	16
0.501555	17
0.501656	18
0.50403	19
0.504088	20
0.511137	21
0.516152	22
0.516306	23
0.520912	24
0.520961	25
0.520995	26
0.521022	27
0.524378	28
0.524589	29
0.532841	30
0.532989	31
0.533056	32
0.533316	33
0.538336	34
0.538454	35
0.538481	36
0.538508	37
0.538537	38
0.544636	39
0.544784	40
0.547509	41
0.5588	42
0.564104	43
0.564259	44
0.569768	45
0.570032	46
0.570358	47
0.570421	48
0.575046	49
0.575261	50
0.57534	51
0.575367	52
0.575394	53
0.581409	54
0.581489	55
0.58633	56
0.586569	57
0.586638	58
0.58668	59
0.586704	60
0.592936	61
0.593	62
0.593069	63
0.593309	64
0.593392	65
0.593462	66
0.603996	67
0.60409	68
0.604224	69
0.604849	70
0.604896	71
0.609107	72
0.609182	73
0.609222	74
0.609251	75
0.609275	76
0.615417	77
0.615485	78
0.615517	79
0.620381	80
0.620676	81
0.625697	82
0.62582	83
0.631801	84
0.643647	85
0.64871	86
0.654105	87
0.654181	88
0.654482	89
0.654565	90
0.654896	91
0.659619	92
0.659663	93
0.659697	94
0.659723	95
0.659757	96
0.659892	97
0.665544	98
0.665603	99
0.671415	100
0.671484	101
0.671925	102
0.671995	103
0.676443	104
0.67652	105
0.676552	106
0.676578	107
0.682092	108
0.682166	109
0.682233	110
0.682475	111
0.682761	112
0.687679	113
0.68775	114
0.687779	115
0.687813	116
0.68785	117
0.687878	118
0.687909	119
0.687969	120
0.693457	121
0.69352	122
0.693551	123
0.693776	124
0.693903	125
0.694139	126
0.69423	127
0.698854	128
0.698936	129
0.699016	130
0.699298	131
0.704436	132
0.704502	133
0.704591	134
0.704621	135
0.710265	136
0.710765	137
0.710859	138
0.71089	139
0.715306	140
0.715381	141
0.715417	142
0.715449	143
0.721152	144
0.721228	145
0.721276	146
0.721304	147
0.727223	148
0.727671	149
0.727946	150
0.732217	151
0.732281	152
0.732322	153
0.732404	154
0.732568	155
0.732666	156
0.738396	157
0.738509	158
0.738549	159
0.749035	160
0.749119	161
0.749152	162
0.749185	163
0.754661	164
0.754761	165
0.754825	166
0.754889	167
0.76045	168
0.771658	169
0.77696	170
0.777055	171
0.782636	172
0.782834	173
0.787989	174
0.78809	175
0.788123	176
0.788152	177
0.793806	178
0.793892	179
0.79394	180
0.793973	181
0.794002	182
0.799695	183
0.79982	184
0.799862	185
0.799892	186
0.804532	187
0.804623	188
0.804659	189
0.810456	190
0.81055	191
0.810585	192
0.810614	193
0.810644	194
0.810671	195
0.816168	196
0.8173	197
0.817398	98.5
0.817434	98.5102
0.817462	98.5204
0.817699	98.5306
0.817763	98.5408
0.821742	98.551
0.82181	98.5612
0.82184	98.5714
0.821866	98.5816
0.821892	98.5918
0.821917	98.602
0.82194	98.6122
0.827403	98.6224
0.832373	98.6327
0.832442	98.6429
0.832474	98.6531
0.832503	98.6633
0.838228	98.6735
0.838315	98.6837
0.83835	98.6939
0.838379	98.7041
0.843745	98.7143
0.843825	98.7245
0.843862	98.7347
0.843897	98.7449
0.843956	98.7551
0.849111	98.7653
0.849551	98.7755
0.854243	98.7857
0.854318	98.7959
0.854972	98.8061
0.855054	98.8163
0.855248	98.8265
0.860375	98.8367
0.860474	98.8469
0.860818	98.8571
0.860897	98.8673
0.86093	98.8776
0.86605	98.8878
0.866136	98.898
0.866174	98.9082
0.871553	98.9184
0.871615	98.9286
0.871649	98.9388
0.871679	98.949
0.87171	98.9592
0.877443	98.9694
0.877928	98.9796
0.878011	98.9898
0.882668	99
0.882751	99.0102
0.882785	99.0203
0.882931	99.0304
0.883017	99.0405
0.883053	99.0506
0.888257	99.0607
0.888344	99.0708
0.893906	99.0809
0.893993	99.091
0.894027	99.1011
0.894058	99.1112
0.894203	99.1213
0.89988	99.1314
0.899965	99.1415
0.90011	99.1516
0.904732	99.1617
0.904811	99.1718
0.904846	99.1819
0.904875	99.192
0.91078	99.2021
0.910836	99.2122
0.910866	99.2223
0.911254	99.2324
0.916536	99.2425
0.916646	99.2526
0.916878	99.2627
0.916951	99.2728
0.922016	99.2829
0.923386	99.293
0.923472	99.3031
0.92732	99.3132
0.927402	99.3233
0.927816	99.3334
0.92789	99.3435
0.92808	99.3536
0.928157	99.3637
0.928187	99.3738
0.932922	99.3839
0.933458	99.394
0.938725	99.4041
0.939228	99.4142
0.939297	99.4243
0.939416	99.4344
0.94416	99.4445
0.944237	99.4546
0.944267	99.4647
0.9446	99.4749
0.949702	99.485
0.949778	99.4951
0.949952	99.5052
0.950054	99.5153
0.950443	99.5254
0.950626	99.5355
0.956319	99.5456
0.956418	99.5557
0.960619	99.5658
0.960734	99.5759
0.960775	99.586
0.960815	99.5961
0.960852	99.6062
0.960889	99.6163
0.96718	99.6264
0.967338	99.6365
0.972357	99.6466
0.973203	99.6567
0.97373	99.6668
0.974142	99.6769
0.977547	99.687
0.977697	99.6971
0.978112	99.7072
0.978287	99.7173
0.983518	99.7274
0.983608	99.7375
0.983989	99.7476
0.984077	99.7577
0.984467	99.7678
0.984558	99.7779
0.988924	99.788
0.994226	99.7981
0.994502	99.8082
0.994796	99.8183
0.994868	99.8284
0.995079	99.8385
0.99929	99.8486
0.999373	99.8587
0.999491	99.8688
0.999572	99.8789
1.00522	99.889
1.00529	99.8991
1.00559	99.9092
1.00605	99.9193
1.01021	99.9294
1.01029	99.9395
1.01032	99.9496
1.01622	99.9597
1.01671	99.9698
1.02125	99.9799
1.02192	99.99
1.02201	100
1.02208	100.01
1.02214	100.02
1.0273	100.03
1.02738	100.04
1.02741	100.05
1.02744	100.06
1.02765	100.07
1.02778	100.08
1.02782	100.09
1.03306	100.1
1.03312	100.11
1.03353	100.12
1.03363	100.13
1.03835	100.14
1.03845	100.15
1.03848	100.16
1.03851	100.17
1.04486	100.18
1.04498	100.19
1.04969	100.2
1.04978	100.21
1.04982	100.22
1.04985	100.23
1.05005	100.24
1.05523	100.25
1.05553	100.26
1.05586	100.27
1.05597	100.28
1.05601	100.29
1.05604	100.3
1.05608	100.31
1.06057	100.32
1.06067	100.33
1.06071	100.34
1.06074	100.35
1.06597	100.36
1.06608	100.37
1.06612	100.38
1.06617	100.39
1.07152	100.4
1.07162	100.41
1.07166	100.42
1.07169	100.43
1.07178	100.44
1.07186	100.45
1.07712	100.46
1.0772	100.47
1.07723	100.48
1.16536	100.49
1.19346	100.5
1.19357	100.51
1.19363	100.52
1.19367	100.53
1.19396	100.54
1.19414	100.55
1.1985	100.56
1.19859	100.57
1.19862	100.58
1.19865	100.59
1.19903	100.6
1.19911	100.61
1.20431	100.62
1.20994	100.63
1.21016	100.64
1.21022	100.65
1.21025	100.66
1.21027	100.67
1.21547	100.68
1.21554	100.69
1.21569	100.7
1.21601	100.71
1.21614	100.72
1.21637	100.73
1.21643	100.74
1.22095	100.75
1.22106	100.76
1.22113	100.77
1.22119	100.78
1.22125	100.79
1.22138	100.8
1.22631	100.81
1.22671	100.82
1.22677	100.83
1.22686	100.84
1.23204	100.85
1.23217	100.86
1.23223	50.4301
1.23228	50.4501
1.23232	50.4701
1.23236	50.4901
1.23241	50.5101
1.23783	50.5301
1.23791	50.5501
1.23794	50.5701
1.23804	50.5901
1.23809	50.6101
1.23811	50.6301
1.23814	50.6501
1.23828	50.6701
1.24334	50.6901
1.24339	50.7101
1.24341	50.7301
1.2437	50.7501
1.24375	50.7701
1.24377	50.7901
1.24379	50.8101
1.2489	50.8301
1.24895	50.8501
1.24905	50.8701
1.24909	50.8901
1.24916	50.9101
1.24924	50.9301
1.2493	50.9501
1.25433	50.9701
1.25437	50.9901
1.25439	51.0101
1.25446	51.0297
1.25468	51.0493
1.25476	51.0689
1.2548	51.0885
1.25484	51.1081
1.26011	51.1277
1.26031	51.1473
1.26061	51.1669
1.26067	51.1865
1.26072	51.2061
1.26075	51.2257
1.26087	51.2453
1.26093	51.265
1.26563	51.2846
1.26568	51.3042
1.2657	51.3238
1.26571	51.3434
1.26573	51.363
1.26592	51.3826
1.26595	51.4022
1.27126	51.4218
1.27132	51.4414
1.27158	51.461
1.27164	51.4806
1.27166	51.5002
1.2719	51.5199
1.27697	51.5395
1.27703	51.5591
1.27705	51.5787
1.28814	51.5983
1.31673	51.6179
1.33848	51.6375
1.34955	51.6571
1.35001	51.6767
1.35591	51.6963
1.35601	51.7159
1.35618	51.7355
1.36033	51.7551
1.36068	51.7748
1.36078	51.7944
1.36081	51.814
1.36604	51.8336
1.36628	51.8532
1.37153	51.8728
1.37159	51.8924
1.37164	51.912
1.37166	51.9316
1.37167	51.9512
1.3717	51.9708
1.37719	51.9904
1.37725	52.0101
1.37728	52.0293
1.3773	52.0485
1.37735	52.0677
1.37738	52.087
1.38252	52.1062
1.38259	52.1254
1.38262	52.1447
1.38264	52.1639
1.38267	52.1831
1.38269	52.2024
1.38271	52.2216
1.38294	52.2408
1.38828	52.2601
1.3884	52.2793
1.38843	52.2985
1.38845	52.3177
1.39406	52.337
1.40517	52.3562
1.40524	52.3754
1.4054	52.3947
1.40569	52.4139
1.40577	52.4331
1.40586	52.4524
1.40602	52.4716
1.40616	52.4908
1.41039	52.5101
1.41046	26.255
1.41049	26.2935
1.41051	26.3319
1.4171	26.3704
1.42734	26.4089
1.43829	26.4473
1.44407	26.4858
1.44418	26.5243
1.44424	26.5627
1.44982	26.6012
1.44987	26.6396
1.45513	26.6781
1.45518	26.7166
1.45536	26.755
1.45548	26.7935
1.45552	26.8319
1.46075	26.8704
1.46079	26.9089
1.46098	26.9473
1.46112	26.9858
1.46116	27.0243
1.4665	27.0613
1.46714	27.0983
1.46734	27.1354
1.46737	27.1724
1.47189	27.2094
1.47195	27.2465
1.47211	27.2835
1.47213	27.3206
1.47215	27.3576
1.47217	27.3946
1.47219	27.4317
1.47762	27.4687
1.47768	27.5057
1.4777	27.5428
1.47776	27.5798
1.47778	27.6168
1.48291	27.6539
1.48296	27.6909
1.48299	27.728
1.483	27.765
1.48881	27.802
1.49448	27.8391
1.49456	27.8761
1.49462	27.9131
1.49471	27.9502
1.49976	27.9872
1.49982	28.0243
1.49984	28.06
1.49986	28.0957
1.50535	28.1314
1.52853	28.1671
1.53188	28.2028
1.53315	28.2385
1.53323	28.2743
1.53325	28.31
1.53327	28.3457
1.53329	28.3814
1.53331	28.4171
1.53344	28.4528
1.53353	28.4885
1.5389	28.5243
1.53895	28.56
1.53898	28.5957
1.539	28.6314
1.53902	28.6671
1.53914	28.7028
1.5488	28.7385
1.55003	28.7743
1.55009	28.81
1.55011	28.8457
1.55013	28.8814
1.55015	28.9171
1.55018	28.9528
1.55035	28.9885
1.5505	29.0243
1.55586	29.0587
1.55591	29.0932
1.55601	29.1277
1.5686	29.1622
1.57906	29.1967
1.57912	29.2312
1.58152	29.2656
1.5816	29.3001
1.58163	29.3346
1.58345	29.3691
1.58352	29.4036
1.58483	29.438
1.59963	29.4725
1.60403	29.507
1.60408	29.5415
1.60671	29.576
1.60678	29.6105
1.6068	29.6449
1.60682	29.6794
1.61291	29.7139
1.61297	29.7484
1.61314	29.7829
1.61341	29.8174
1.61684	29.8518
1.6169	29.8863
1.61693	29.9208
1.61695	29.9553
1.62203	29.9898
1.62212	30.0243
1.63055	30.0576
1.63459	30.0909
1.6348	30.1243
1.63485	30.1576
1.63494	30.1909
1.63503	30.2243
1.63528	30.2576
1.64034	30.2909
1.6404	30.3243
1.64063	30.3576
1.64102	30.3909
1.64161	30.4243
1.64183	30.4576
1.65115	30.4909
1.65122	30.5243
1.66349	30.5576
1.6636	30.5909
1.66364	30.6243
1.66748	30.6576
1.66759	30.6909
1.66762	30.7243
1.66764	30.7576
1.67103	30.7909
1.67667	30.8243
1.67677	30.8576
1.68024	30.8909
1.68049	30.9243
1.68055	30.9576
1.68599	30.9909
1.6861	31.0243
1.69168	31.0565
1.69174	31.0888
1.69187	31.121
1.69197	31.1533
1.69222	31.1855
1.69834	31.2178
1.6984	31.2501
1.69843	31.2823
1.69866	31.3146
1.69869	31.3468
1.69876	31.3791
1.69885	31.4114
1.70851	31.4436
1.70943	31.4759
1.71966	31.5081
1.7202	31.5404
1.72026	31.5726
1.72029	31.6049
1.72031	31.6372
1.72033	31.6694
1.72484	31.7017
1.7249	31.7339
1.72519	31.7662
1.72525	31.7985
1.72529	31.8307
1.7254	31.863
1.7303	31.8952
1.73056	31.9275
1.73059	31.9597
1.73061	31.992
1.73644	32.0243
1.7367	32.0555
1.74222	32.0868
1.7471	32.118
1.74756	32.1493
1.74762	32.1805
1.75584	32.2118
1.75594	32.243
1.75597	32.2743
1.7561	32.3055
1.75634	32.3368
1.76154	32.368
1.76174	32.3993
1.76218	32.4305
1.77341	32.4618
1.77806	32.493
1.77812	32.5243
1.77814	32.5555
1.77833	32.5868
1.77839	32.618
1.77841	32.6493
1.79	32.6805
1.79018	32.7118
1.79027	32.743
1.79509	32.7743
1.79514	32.8055
1.79526	32.8368
1.79542	32.868
1.79551	32.8993
1.79557	32.9305
1.79573	32.9618
1.80687	32.993
1.80696	33.0243
1.80699	33.0546
1.80701	33.0849
1.81215	33.1152
1.81221	33.1455
1.81232	33.1758
1.8125	33.2061
1.81275	33.2364
1.81281	33.2667
1.81302	33.297
1.81755	33.3273
1.82353	33.3576
1.82375	33.3879
1.82407	33.4182
1.82879	33.4485
1.83408	33.4788
1.83414	33.5091
1.8342	33.5394
1.83422	33.5697
1.83425	33.6
1.83989	33.6303
1.83997	33.6606
1.84026	33.6909
1.85063	33.7212
1.85089	33.7515
1.85099	33.7818
1.85134	33.8121
1.85609	33.8424
1.85613	33.8727
1.8562	33.903
1.86753	33.9333
1.8728	33.9637
1.87285	33.994
1.87298	34.0243
1.8732	34.0537
1.87341	34.0831
1.87356	34.1125
1.87373	34.1419
1.87828	34.1713
1.87835	34.2007
1.87843	34.2301
1.87846	34.2596
1.88388	34.289
1.88393	34.3184
1.88424	34.3478
1.88448	34.3772
1.88453	34.4066
1.88456	34.436
1.88457	34.4654
1.88965	34.4948
1.88981	34.5243
1.88994	34.5537
1.89628	34.5831
1.89641	34.6125
1.89653	34.6419
1.91351	34.6713
1.91929	34.7007
1.9194	34.7301
1.91943	34.7596
1.91945	34.789
1.91952	34.8184
1.91985	34.8478
1.93051	34.8772
1.9311	34.9066
1.9312	34.936
1.93624	34.9654
1.93628	34.9948
1.93654	35.0243
1.93664	35.0528
1.93667	35.0814
1.93669	35.11
1.93671	35.1385
1.94226	35.1671
1.94233	35.1957
1.94252	35.2243
1.94766	35.2528
1.94772	35.2814
1.94781	35.31
1.94794	35.3385
1.95344	35.3671
1.95347	35.3957
1.95349	35.4243
1.95397	35.4528
1.95898	35.4814
1.95903	35.51
1.965	35.5385
1.9653	35.5671
1.97022	35.5957
1.97636	35.6243
1.98149	35.6528
1.98153	35.6814
1.98158	35.71
1.98669	35.7385
1.98675	35.7671
1.98677	35.7957
1.99241	35.8243
1.99246	35.8528
1.99248	35.8814
1.99268	35.91
1.99805	35.9385
1.99811	35.9671
1.99823	35.9957
1.99839	36.0243
1.99848	36.052
1.99851	36.0798
1.99863	36.1076
2.00384	36.1354
2.00388	36.1631
2.00412	36.1909
2.00946	36.2187
2.01007	36.2465
2.01032	36.2743
2.01042	36.302
2.02115	36.3298
2.02121	36.3576
2.02137	36.3854
2.0216	36.4131
2.02595	36.4409
2.02601	36.4687
2.02649	36.4965
2.03199	36.5243
2.03205	36.552
2.03257	36.5798
2.03749	36.6076
2.03758	36.6354
2.03778	36.6631
2.04362	18.3316
2.04382	18.3871
2.04407	18.4427
2.04894	18.4982
2.04899	18.5538
2.049	18.6094
2.04902	18.6649
2.05481	18.7205
2.05508	18.776
2.05539	18.8316
2.05548	18.8871
2.0598	18.9427
2.05988	18.9982
2.05996	19.0538
2.06008	19.1064
2.06012	19.1591
2.06032	19.2117
2.06038	19.2643
2.06662	19.317
2.06671	19.3696
2.07105	19.4222
2.07112	19.4748
2.0715	19.5275
2.07687	19.5801
2.07712	19.6327
2.07742	19.6854
2.07768	19.738
2.07795	19.7906
2.07802	19.8433
2.09354	19.8959
2.09368	19.9485
2.09372	20.0012
2.09387	20.0512
2.09394	20.1012
2.09405	20.1512
2.11117	20.2012
2.11128	20.2512
2.1115	20.3012
2.11169	20.3512
2.1147	20.4012
2.12181	20.4512
2.12786	20.5012
2.12792	20.5512
2.12831	20.6012
2.1284	20.6512
2.12843	20.7012
2.13976	20.7512
2.14497	20.8012
2.14503	20.8512
2.1504	20.9012
2.15047	20.9512
2.15049	21.0012
2.15052	21.0488
2.15608	21.0964
2.16133	21.144
2.16141	21.1916
2.16172	21.2393
2.16178	21.2869
2.16848	21.3345
2.1782	21.3821
2.17826	21.4297
2.17831	21.4774
2.18368	21.525
2.18375	21.5726
2.18378	21.6202
2.1897	21.6678
2.19548	21.7154
2.20074	21.7631
2.20092	21.8107
2.2061	21.8583
2.20629	21.9059
2.20638	21.9535
2.20648	22.0012
2.21252	22.0466
2.21719	22.0921
2.21733	22.1375
2.22336	22.183
2.22356	22.2284
2.22826	22.2739
2.23901	22.3193
2.23905	22.3648
2.24463	22.4103
2.24469	22.4557
2.24473	22.5012
2.24484	22.5466
2.24991	22.5921
2.25007	22.6375
2.25052	22.683
2.25572	22.7284
2.26134	22.7739
2.26164	22.8193
2.26643	22.8648
2.26649	22.9103
2.26651	22.9557
2.27174	23.0012
2.27193	23.0446
2.2783	11.5223
2.28309	11.6132
2.28338	11.7041
2.28917	11.795
2.29386	11.886
2.29389	11.9769
2.30503	12.0678
2.30509	12.1511
2.30513	12.2344
2.30521	12.3178
2.31027	12.4011
2.31031	12.4844
2.31054	12.5678
2.31596	12.6511
2.32129	12.7344
2.32166	12.8178
2.32717	12.9011
2.33274	12.9844
2.3332	13.0678
2.33856	13.1447
2.33861	13.2216
2.33863	13.2985
2.36537	13.3755
2.3769	13.4524
2.37742	13.5293
2.37779	13.6062
2.38265	13.6832
2.39991	13.7601
2.4002	13.837
2.40051	13.9139
2.40507	13.9909
2.40512	14.0678
2.40533	14.1392
2.41116	14.2106
2.41618	14.2821
2.43839	14.3535
2.44392	14.4249
2.44398	14.4963
2.44415	14.5678
2.44966	14.6392
2.45001	14.7106
2.45502	7.35532
2.45506	7.49817
2.45508	7.64103
2.4552	7.78389
2.45524	7.92674
2.46125	8.0696
2.46129	8.1946
2.47807	8.3196
2.48845	8.4446
2.48875	8.5696
2.48879	8.6946
2.48902	8.8196
2.49391	8.9446
2.51037	9.0696
2.52717	9.18071
2.53833	9.29182
2.53839	9.40294
2.53841	9.51405
2.53843	9.62516
2.54407	9.73627
2.54435	9.84738
2.54967	9.95849
2.57273	10.0696
2.59122	10.1696
2.59136	10.2696
2.59162	10.3696
2.59682	10.4696
2.59726	10.5696
2.59732	10.6696
2.59735	10.7696
2.61363	10.8696
2.63049	10.9696
2.64152	11.0696
2.64801	11.1605
2.65292	11.2514
2.65299	11.3423
2.65301	11.4332
2.65306	11.5241
2.65333	11.6151
2.66401	11.706
2.68652	11.7969
2.69233	11.8878
2.69756	11.9787
2.70947	12.0696
2.70953	12.1529
2.70963	12.2363
2.70972	12.3196
2.70975	12.4029
2.71468	12.4863
2.71473	12.5696
2.7318	12.6529
2.74905	12.7363
2.74922	12.8196
2.75463	12.9029
2.75972	12.9863
2.75978	13.0696
2.75981	13.1465
2.75983	13.2234
2.75997	13.3004
2.77646	13.3773
2.77679	13.4542
2.78772	13.5311
2.7997	13.6081
2.7998	13.685
2.79984	13.7619
2.80545	13.8388
2.8102	13.9158
2.81026	13.9927
2.81036	14.0696
2.8107	14.141
2.81586	14.2125
2.8219	14.2839
2.82196	14.3553
2.83318	14.4267
2.83876	14.4982
2.8442	14.5696
2.84426	14.641
2.8554	14.7125
2.85547	14.7839
2.85571	14.8553
2.856	14.9267
2.86088	14.9982
2.86091	15.0696
2.86108	15.1363
2.86697	15.2029
2.86732	15.2696
2.87833	15.3363
2.87847	15.4029
2.8891	15.4696
2.88921	15.5363
2.89237	15.6029
2.89826	15.6696
2.89839	15.7363
2.89847	15.8029
2.89854	15.8696
2.89864	15.9363
2.9039	16.0029
2.90396	16.0654
2.90443	16.1279
2.90966	16.1904
2.92058	16.2529
2.92141	16.3154
2.93253	16.3779
2.94525	16.4404
2.94537	16.5029
2.94547	16.5654
2.95182	16.6279
2.95189	16.6904
2.95191	16.7529
2.95193	16.8154
2.95741	16.8779
2.95747	16.9404
2.95764	17.0029
2.95772	17.0618
2.95775	17.1206
2.96296	17.1794
2.96301	17.2382
2.96458	17.2971
2.97326	17.3559
2.97332	17.4147
2.98035	17.4735
2.98569	17.5323
2.98576	17.5912
2.986	17.65
2.99154	17.7088
2.99174	17.7676
2.9918	17.8265
2.99199	17.8853
2.99641	17.9441
2.99646	18.0029
2.99693	18.0585
3.00119	18.114
3.00138	18.1696
3.00484	18.2252
3.0112	18.2807
3.0125	18.3363
3.01986	18.3918
3.02004	18.4474
3.0241	18.5029
3.0243	18.5585
3.03052	18.614
3.03457	18.6696
3.03462	18.7252
3.03482	18.7807
3.03499	18.8363
3.03513	18.8918
3.04031	18.9474
3.04037	19.0029
3.04042	19.0556
3.0405	19.1082
3.04061	19.1608
3.04674	19.2135
3.05214	19.2661
3.0584	19.3187
3.05869	19.3714
3.0638	19.424
3.06385	19.4766
3.06794	19.5293
3.06881	19.5819
3.06899	19.6345
3.07086	19.6871
3.07091	19.7398
3.07093	19.7924
3.07823	19.845
3.07828	19.8977
3.07844	19.9503
3.08362	20.0029
3.0837	20.0529
3.08373	20.1029
3.08375	20.1529
3.08798	20.2029
3.08852	20.2529
3.08856	20.3029
3.10174	20.3529
3.10195	20.4029
3.10206	20.4529
3.10213	20.5029
3.10216	20.5529
3.10698	20.6029
3.10702	20.6529
3.10704	20.7029
3.11263	20.7529
3.11793	20.8029
3.11798	20.8529
3.11801	20.9029
3.11806	20.9529
3.11819	21.0029
3.11852	21.0506
3.11862	21.0982
3.12517	21.1458
3.13744	21.1934
3.14212	21.241
3.14224	21.2886
3.14623	21.3363
3.14636	21.3839
3.14643	21.4315
3.14811	21.4791
3.14817	21.5267
3.14819	21.5744
3.14845	21.622
3.15168	21.6696
3.15606	21.7172
3.15612	21.7648
3.15637	21.8125
3.15654	21.8601
3.15689	21.9077
3.15696	21.9553
3.15939	22.0029
3.15945	22.0484
3.15957	22.0938
3.16579	22.1393
3.17288	22.1848
3.17417	22.2302
3.17927	22.2757
3.17934	22.3211
3.18121	22.3666
3.18673	22.412
3.18702	22.4575
3.18714	22.5029
3.19035	22.5484
3.19047	22.5938
3.19051	22.6393
3.19327	22.6848
3.19333	22.7302
3.19336	22.7757
3.19338	22.8211
3.19365	22.8666
3.19377	22.912
3.19897	22.9575
3.19904	23.0029
3.19924	23.0464
3.19931	23.0899
3.21801	23.1334
3.21849	23.1768
3.21863	23.2203
3.22219	23.2638
3.22231	23.3073
3.2244	23.3508
3.22976	23.3942
3.22982	23.4377
3.22985	23.4812
3.22991	23.5247
3.22998	23.5682
3.23002	23.6116
3.23004	23.6551
3.23495	23.6986
3.23508	23.7421
3.23522	23.7855
3.23532	23.829
3.24093	23.8725
3.2411	23.916
3.24119	23.9595
3.24133	24.0029
3.2467	24.0446
3.26252	24.0863
3.26258	24.1279
3.2629	24.1696
3.2679	24.2113
3.26796	24.2529
3.26799	24.2946
3.26801	24.3363
3.26813	24.3779
3.26822	24.4196
3.26826	24.4613
3.26837	24.5029
3.27328	24.5446
3.27334	24.5863
3.27926	24.6279
3.27931	24.6696
3.27935	24.7113
3.28457	24.7529
3.28463	24.7946
3.28466	24.8363
3.28469	24.8779
3.28999	24.9196
3.29005	24.9613
3.29014	25.0029
3.29619	25.0429
3.30095	25.0829
3.30102	25.1229
3.30666	25.1629
3.30733	25.2029
3.31179	25.2429
3.31186	25.2829
3.31189	25.3229
3.31191	25.3629
3.31194	25.4029
3.31196	25.4429
3.31756	25.4829
3.31765	25.5229
3.31768	25.5629
3.31773	25.6029
3.31796	25.6429
3.318	25.6829
3.32299	25.7229
3.32391	25.7629
3.32497	25.8029
3.32832	25.8429
3.32839	25.8829
3.32875	25.9229
3.32887	25.9629
3.3338	26.0029
3.33407	26.0414
3.33424	26.0799
3.33428	26.1183
3.33923	26.1568
3.33929	26.1952
3.33987	26.2337
3.34484	26.2722
3.3449	26.3106
3.34506	26.3491
3.35012	26.3876
3.35036	26.426
3.35039	26.4645
3.35055	26.5029
3.35593	26.5414
3.35598	26.5799
3.35623	26.6183
3.35632	26.6568
3.36111	26.6952
3.36137	26.7337
3.36653	26.7722
3.3666	26.8106
3.36663	26.8491
3.36681	26.8876
3.3671	26.926
3.37244	26.9645
3.37767	27.0029
3.37783	27.04
3.37807	27.077
3.38297	27.114
3.38317	27.1511
3.38324	27.1881
3.38332	27.2252
3.3834	27.2622
3.38359	27.2992
3.38853	27.3363
3.38859	27.3733
3.38862	27.4103
3.38864	27.4474
3.39399	27.4844
3.39415	27.5215
3.39431	27.5585
3.39449	27.5955
3.39949	27.6326
3.4054	27.6696
3.40587	27.7066
3.4106	27.7437
3.41065	27.7807
3.41068	27.8178
3.41091	27.8548
3.41579	27.8918
3.42137	27.9289
3.42187	27.9659
3.42768	28.0029
3.42774	28.0386
3.428	28.0744
3.43242	28.1101
3.43248	28.1458
3.43252	28.1815
3.43285	28.2172
3.43296	28.2529
3.43799	28.2886
3.43805	28.3244
3.43867	28.3601
3.4388	28.3958
3.43886	28.4315
3.4432	28.4672
3.44326	28.5029
3.44338	28.5386
3.4489	28.5744
3.44909	28.6101
3.4543	28.6458
3.4547	28.6815
3.45973	28.7172
3.45979	28.7529
3.45982	28.7886
3.46009	28.8244
3.47067	28.8601
3.47074	28.8958
3.47077	28.9315
3.47079	28.9672
3.47081	29.0029
3.47083	29.0374
3.47124	29.0719
3.47597	29.1064
3.47602	29.1409
3.47604	29.1753
3.47606	29.2098
3.47608	29.2443
3.4821	29.2788
3.48222	29.3133
3.48697	29.3478
3.48719	29.3822
3.48725	29.4167
3.49284	29.4512
3.49291	29.4857
3.49313	29.5202
3.49827	29.5547
3.50424	29.5891
3.50874	29.6236
3.5088	29.6581
3.50884	29.6926
3.51445	29.7271
3.51449	29.7616
3.51471	29.796
3.51476	29.8305
3.5149	29.865
3.51493	29.8995
3.52027	29.934
3.52034	29.9685
3.52037	30.0029
3.52039	30.0363
3.52041	30.0696
3.52543	30.1029
3.52548	30.1363
3.5255	30.1696
3.52552	30.2029
3.52554	30.2363
3.53058	30.2696
3.53063	30.3029
3.53065	30.3363
3.53066	30.3696
3.53076	30.4029
3.53653	30.4363
3.53658	30.4696
3.5366	30.5029
3.54178	30.5363
3.55287	30.5696
3.55809	30.6029
3.55813	30.6363
3.55835	30.6696
3.55844	30.7029
3.55847	30.7363
3.56346	30.7696
3.56358	30.8029
3.5636	30.8363
3.56362	30.8696
3.56364	30.9029
3.56365	30.9363
3.56914	30.9696
3.56918	31.0029
3.5692	31.0352
3.57448	31.0675
3.57453	31.0997
3.58007	31.132
3.58011	31.1642
3.58039	31.1965
3.58044	31.2287
3.58046	31.261
3.58048	31.2933
3.5806	31.3255
3.58082	31.3578
3.58578	31.39
3.59108	31.4223
3.59111	31.4545
3.59117	31.4868
3.59669	31.5191
3.59672	31.5513
3.60736	31.5836
3.6074	31.6158
3.60751	31.6481
3.60763	31.6804
3.60786	31.7126
3.61296	31.7449
3.61302	31.7771
3.61304	31.8094
3.61306	31.8416
3.61308	31.8739
3.61328	31.9062
3.61359	31.9384
3.61365	31.9707
3.61847	32.0029
3.62382	32.0342
3.62389	32.0654
3.62401	32.0967
3.64038	32.1279
3.64055	32.1592
3.64059	32.1904
3.64062	32.2217
3.64069	32.2529
3.64578	32.2842
3.64585	32.3154
3.64588	32.3467
3.64615	32.3779
3.64622	32.4092
3.64624	32.4404
3.64634	32.4717
3.64653	32.5029
3.65673	32.5342
3.6568	32.5654
3.65704	32.5967
3.65768	32.6279
3.65774	32.6592
3.66755	32.6904
3.66761	32.7217
3.66764	32.7529
3.66766	32.7842
3.66783	32.8154
3.66809	32.8467
3.67888	32.8779
3.67914	32.9092
3.67926	32.9404
3.68399	32.9717
3.68409	33.0029
3.68414	33.0332
3.68419	33.0635
3.68985	33.0938
3.69006	33.1241
3.69017	33.1545
3.69035	33.1848
3.69042	33.2151
3.70112	33.2454
3.70128	33.2757
3.70137	33.306
3.70154	33.3363
3.70592	33.3666
3.70598	33.3969
3.70601	33.4272
3.70604	33.4575
3.71714	33.4878
3.71721	33.5181
3.71724	33.5484
3.71726	33.5787
3.71752	33.609
3.72342	33.6393
3.72346	33.6696
3.72349	33.6999
3.72796	33.7302
3.72802	33.7605
3.72805	33.7908
3.7342	33.8211
3.73447	33.8514
3.73982	33.8817
3.73994	33.912
3.73998	33.9423
3.74001	33.9726
3.74003	34.0029
3.74006	34.0323
3.746	34.0618
3.75046	17.0309
3.75051	17.0897
3.75053	17.1485
3.75054	17.2074
3.7617	17.2662
3.76176	17.325
3.76178	17.3838
3.76776	17.4426
3.76782	17.5015
3.76793	17.5603
3.77253	17.6191
3.77259	17.6779
3.77262	17.7368
3.77265	17.7956
3.77267	17.8544
3.7727	17.9132
3.77272	17.9721
3.78366	18.0309
3.78375	18.0864
3.78378	18.142
3.78381	18.1975
3.78384	18.2531
3.78402	18.3087
3.79469	18.3642
3.79476	18.4198
3.79479	18.4753
3.79482	18.5309
3.79484	18.5864
3.79487	18.642
3.80009	18.6975
3.80015	18.7531
3.80018	18.8087
3.81118	18.8642
3.82744	18.9198
3.83853	18.9753
3.83859	19.0309
3.83863	19.0835
3.83878	19.1361
3.84377	19.1888
3.84384	19.2414
3.85491	19.294
3.85499	19.3467
3.85507	19.3993
3.85511	19.4519
3.85544	19.5046
3.86633	19.5572
3.86641	19.6098
3.86644	19.6625
3.87715	19.7151
3.87721	19.7677
3.87738	19.8204
3.88217	19.873
3.88764	19.9256
3.88772	19.9782
3.88775	20.0309
3.88779	20.0809
3.89318	20.1309
3.89328	20.1809
3.91062	20.2309
3.91539	20.2809
3.91542	20.3309
3.91544	20.3809
3.91546	20.4309
3.92627	20.4809
3.92632	20.5309
3.9319	20.5809
3.93196	20.6309
3.93198	20.6809
3.93209	20.7309
3.93222	20.7809
3.93767	20.8309
3.93777	10.4154
3.94319	10.5154
3.94327	10.6154
3.94331	10.7154
3.94345	10.8154
3.94353	10.9154
3.95941	11.0154
3.98115	11.1063
3.9812	11.1973
3.98122	11.2882
3.98126	11.3791
3.98128	11.47
3.9813	11.5609
3.99245	11.6518
3.99248	11.7427
3.9925	11.8336
3.99255	11.9245
3.99776	12.0154
3.99785	12.0988
4.00341	12.1821
4.01976	12.2654
4.03644	12.3488
4.03681	12.4321
4.03698	12.5154
4.04169	12.5988
4.04174	12.6821
4.04176	12.7654
4.05283	12.8488
4.05303	12.9321
4.05329	13.0154
4.05347	13.0924
4.06153	13.1693
4.07341	13.2462
4.07628	13.3231
4.07705	13.4001
4.07773	13.477
4.07783	13.5539
4.07959	13.6308
4.08399	13.7077
4.08629	13.7847
4.08638	13.8616
4.08834	13.9385
4.08841	14.0154
4.0905	14.0869
4.09919	14.1583
4.09932	14.2297
4.10154	14.3012
4.10306	14.3726
4.10315	14.444
4.10621	14.5154
4.11128	14.5869
4.11135	14.6583
4.11287	14.7297
4.11295	14.8012
4.11568	14.8726
4.11772	14.944
4.12385	15.0154
4.12398	15.0821
4.12615	15.1488
4.13373	15.2154
4.13861	15.2821
4.13941	15.3488
4.13945	15.4154
4.14651	15.4821
4.14848	15.5488
4.14853	15.6154
4.14855	15.6821
4.14857	15.7488
4.14858	15.8154
4.1486	15.8821
4.15349	15.9488
4.15481	16.0154
4.15711	16.0779
4.16528	16.1404
4.16538	16.2029
4.16541	16.2654
4.16798	16.3279
4.17575	16.3904
4.17592	16.4529
4.17866	16.5154
4.18062	16.5779
4.18067	16.6404
4.18069	16.7029
4.18336	16.7654
4.1842	16.8279
4.18425	16.8904
4.1843	16.9529
4.18919	17.0154
4.19421	17.0743
4.19556	17.1331
4.19639	17.1919
4.19716	17.2507
4.19796	17.3096
4.19924	17.3684
4.20679	17.4272
4.20685	17.486
4.20914	17.5449
4.20972	17.6037
4.20978	17.6625
4.2098	17.7213
4.21178	17.7801
4.21383	17.839
4.21797	17.8978
4.21804	17.9566
4.21962	18.0154
4.21971	18.071
4.21974	18.1266
4.2212	18.1821
4.22292	18.2377
4.22797	18.2932
4.22938	18.3488
4.22946	18.4043
4.23145	18.4599
4.23149	18.5154
4.23161	18.571
4.23293	18.6266
4.23868	18.6821
4.24016	18.7377
4.24371	18.7932
4.24377	18.8488
4.24379	18.9043
4.24381	18.9599
4.24382	19.0154
4.24808	19.0681
4.24811	19.1207
4.25388	19.1733
4.25633	19.226
4.25713	19.2786
4.25718	19.3312
4.25721	19.3839
4.25723	19.4365
4.25736	19.4891
4.26231	19.5418
4.26309	19.5944
4.26509	19.647
4.27225	19.6997
4.27232	19.7523
4.27478	19.8049
4.27548	19.8575
4.27557	19.9102
4.27773	19.9628
4.27854	20.0154
4.28046	20.0654
4.28116	20.1154
4.28469	20.1654
4.28688	20.2154
4.28825	20.2654
4.28953	20.3154
4.28971	20.3654
4.28974	20.4154
4.28981	20.4654
4.2926	20.5154
4.29459	20.5654
4.29482	20.6154
4.29952	20.6654
4.29961	20.7154
4.29964	20.7654
4.30172	20.8154
4.30178	20.8654
4.3018	20.9154
4.30577	20.9654
4.30796	21.0154
4.31085	21.0631
4.31096	21.1107
4.31492	21.1583
4.31503	21.2059
4.3184	21.2535
4.32192	21.3012
4.32338	21.3488
4.32343	21.3964
4.32355	21.444
4.32365	21.4916
4.32373	21.5392
4.33349	21.5869
4.33353	21.6345
4.33355	21.6821
4.33888	21.7297
4.33897	21.7773
4.339	21.825
4.34096	21.8726
4.34411	21.9202
4.34416	21.9678
4.34418	22.0154
4.3494	22.0609
4.34946	22.1063
4.35085	22.1518
4.35091	22.1973
4.35467	22.2427
4.35482	22.2882
4.35972	22.3336
4.35978	22.3791
4.3598	22.4245
4.35996	22.47
4.3645	22.5154
4.36454	22.5609
4.36457	22.6063
4.37253	22.6518
4.37271	22.6973
4.37604	22.7427
4.37626	22.7882
4.37817	22.8336
4.37829	22.8791
4.37985	22.9245
4.3799	22.97
4.38568	23.0154
4.38733	23.0589
4.38849	23.1024
4.38873	23.1459
4.3888	23.1894
4.38882	23.2328
4.38885	23.2763
4.39439	23.3198
4.39445	23.3633
4.39447	23.4067
4.40004	23.4502
4.40009	23.4937
4.40011	23.5372
4.40013	23.5807
4.40046	23.6241
4.41125	23.6676
4.41149	23.7111
4.41159	23.7546
4.41693	23.798
4.4173	23.8415
4.41737	23.885
4.42411	23.9285
4.42421	23.972
4.42427	24.0154
4.42434	24.0571
4.42446	24.0988
4.42941	24.1404
4.42949	24.1821
4.43008	24.2238
4.43471	24.2654
4.43791	24.3071
4.4381	24.3488
4.43817	24.3904
4.43823	24.4321
4.43847	24.4738
4.44345	24.5154
4.44352	24.5571
4.44385	24.5988
4.44715	24.6404
4.44726	24.6821
4.45589	24.7238
4.46092	24.7654
4.461	24.8071
4.46103	24.8488
4.46105	24.8904
4.46108	24.9321
4.46116	24.9738
4.46647	25.0154
4.46655	25.0554
4.47185	25.0954
4.47192	25.1354
4.47199	25.1754
4.47211	25.2154
4.47748	25.2554
4.47778	25.2954
4.47785	25.3354
4.47788	25.3754
4.4779	25.4154
4.48853	25.4554
4.4999	25.4954
4.50003	25.5354
4.5033	25.5754
4.50334	25.6154
4.50354	25.6554
4.50358	25.6954
4.50876	25.7354
4.50889	25.7754
4.50893	25.8154
4.50896	25.8554
4.51193	25.8954
4.51644	25.9354
4.5165	25.9754
4.51653	26.0154
4.51661	26.0539
4.51665	26.0924
4.51667	26.1308
4.52162	26.1693
4.52708	26.2077
4.52716	26.2462
4.52719	26.2847
4.53278	26.3231
4.53284	26.3616
4.53312	26.4001
4.54368	26.4385
4.54373	26.477
4.54413	26.5154
4.54445	26.5539
4.54913	26.5924
4.5492	26.6308
4.55493	26.6693
4.55499	26.7077
4.55502	26.7462
4.55509	26.7847
4.55521	26.8231
4.55995	26.8616
4.56011	26.9001
4.56021	26.9385
4.56024	26.977
4.56033	27.0154
4.56043	27.0525
4.56522	27.0895
4.5653	27.1266
4.56533	27.1636
4.56535	27.2006
4.5712	27.2377
4.57656	27.2747
4.58821	27.3117
4.58827	27.3488
4.5937	27.3858
4.59393	27.4228
4.59397	27.4599
4.59942	27.4969
4.59947	27.534
4.5995	27.571
4.59991	27.608
4.59999	27.6451
4.60496	27.6821
4.60503	27.7191
4.60505	27.7562
4.60508	27.7932
4.60514	27.8303
4.60524	27.8673
4.60527	27.9043
4.60531	27.9414
4.61051	27.9784
4.61056	28.0154
4.61079	28.0512
4.61094	28.0869
4.61133	28.1226
4.61588	28.1583
4.61593	28.194
4.62148	28.2297
4.63245	28.2654
4.63556	28.3012
4.63562	28.3369
4.63565	28.3726
4.63593	28.4083
4.63601	28.444
4.64115	28.4797
4.64121	28.5154
4.64128	28.5512
4.64151	28.5869
4.6416	28.6226
4.64163	28.6583
4.64167	28.694
4.64189	28.7297
4.64669	28.7654
4.64679	28.8012
4.64698	28.8369
4.64701	28.8726
4.64703	28.9083
4.64965	28.944
4.65095	28.9797
4.65645	29.0154
4.65653	29.0499
4.65655	29.0844
4.65663	29.1189
4.65916	29.1534
4.65925	29.1879
4.65952	29.2223
4.66486	29.2568
4.66492	29.2913
4.66494	29.3258
4.66501	29.3603
4.66512	29.3948
4.67127	29.4292
4.67138	29.4637
4.67144	29.4982
4.67556	29.5327
4.67562	29.5672
4.67565	29.6016
4.67567	29.6361
4.67569	29.6706
4.67592	29.7051
4.67603	29.7396
4.68085	29.7741
4.6809	29.8085
4.68092	29.843
4.68094	29.8775
4.68851	29.912
4.68857	29.9465
4.69386	29.981
4.69428	30.0154
4.69928	30.0488
4.69935	30.0821
4.69938	30.1154
4.69958	30.1488
4.69979	30.1821
4.70495	30.2154
4.70508	30.2488
4.70513	30.2821
4.71032	30.3154
4.7104	30.3488
4.71043	30.3821
4.72215	30.4154
4.72629	30.4488
4.72643	30.4821
4.72926	30.5154
4.72932	30.5488
4.72935	30.5821
4.72937	30.6154
4.7294	30.6488
4.72948	30.6821
4.7351	30.7154
4.73522	30.7488
4.74027	30.7821
4.74034	30.8154
4.74037	30.8488
4.7404	30.8821
4.74042	30.9154
4.74045	30.9488
4.74068	30.9821
4.74568	31.0154
4.74585	31.0477
4.74589	31.08
4.74622	31.1122
4.75111	31.1445
4.75118	31.1767
4.75121	31.209
4.75124	31.2412
4.75684	31.2735
4.75689	31.3058
4.75692	31.338
4.7624	31.3703
4.76898	31.4025
4.77296	31.4348
4.77856	31.4671
4.77863	31.4993
4.77866	31.5316
4.7787	31.5638
4.77895	31.5961
4.77915	31.6283
4.77926	31.6606
4.784	31.6929
4.78407	31.7251
4.7841	31.7574
4.78413	31.7896
4.78415	31.8219
4.78418	31.8541
4.7842	31.8864
4.78429	31.9187
4.7894	31.9509
4.79506	31.9832
4.7958	32.0154
4.79591	32.0467
4.79609	32.0779
4.80032	32.1092
4.80038	32.1404
4.8004	32.1717
4.80042	32.2029
4.80592	32.2342
4.8113	32.2654
4.81138	32.2967
4.81141	32.3279
4.81678	32.3592
4.81685	32.3904
4.82206	32.4217
4.82761	32.4529
4.83321	32.4842
4.83327	32.5154
4.83346	32.5467
4.83353	32.5779
4.83369	32.6092
4.8339	32.6404
4.83407	32.6717
4.83411	32.7029
4.83872	32.7342
4.84405	32.7654
4.84419	32.7967
4.84447	32.8279
4.84453	32.8592
4.84455	32.8904
4.84497	32.9217
4.85535	32.9529
4.86031	32.9842
4.86036	33.0154
4.86039	33.0457
4.86063	33.076
4.86066	33.1063
4.86607	33.1367
4.86614	33.167
4.8714	33.1973
4.87145	33.2276
4.87147	33.2579
4.8715	33.2882
4.87687	33.3185
4.87692	33.3488
4.87702	33.3791
4.87707	33.4094
4.88823	33.4397
4.88827	33.47
4.88853	33.5003
4.8933	33.5306
4.89334	33.5609
4.89336	33.5912
4.89338	33.6215
4.8934	33.6518
4.89365	33.6821
4.89935	33.7124
4.89947	33.7427
4.89984	33.773
4.90423	33.8033
4.90428	33.8336
4.9043	33.8639
4.91032	33.8942
4.91531	33.9245
4.91556	33.9548
4.9156	33.9851
4.92089	34.0154
4.92105	34.0449
4.9212	34.0743
4.92648	34.1037
4.92654	34.1331
4.93173	34.1625
4.93215	34.1919
4.93221	34.2213
4.9323	34.2507
4.93759	34.2801
4.94317	34.3096
4.94426	34.339
4.94435	34.3684
4.94809	34.3978
4.94814	34.4272
4.9482	34.4566
4.94842	34.486
4.95372	34.5154
4.95377	34.5449
4.95389	34.5743
4.95457	34.6037
4.95892	34.6331
4.95931	34.6625
4.96469	34.6919
4.96474	34.7213
4.96476	34.7507
4.96478	34.7801
4.96498	34.8096
4.97021	34.839
4.97029	34.8684
4.97567	34.8978
4.97599	34.9272
4.98672	34.9566
4.98692	34.986
4.98696	35.0154
4.98709	35.044
4.98738	35.0726
4.98751	35.1012
4.99257	35.1297
4.99775	35.1583
4.99801	35.1869
4.99808	35.2154
4.99836	35.244
5.00863	35.2726
5.00868	35.3012
5.0088	35.3297
5.00908	35.3583
5.00914	35.3869
5.00917	35.4154
5.01396	35.444
5.01415	17.722
5.0142	17.7808
5.01434	17.8397
5.01942	17.8985
5.01946	17.9573
5.01948	18.0161
5.02506	18.0717
5.0251	18.1272
5.02512	18.1828
5.02513	18.2383
5.0252	18.2939
5.02523	18.3495
5.03075	18.405
5.0359	18.4606
5.03598	18.5161
5.0468	18.5717
5.04683	18.6272
5.04685	18.6828
5.04688	18.7383
5.047	18.7939
5.04704	18.8495
5.04728	18.905
5.05245	18.9606
5.05337	19.0161
5.05351	19.0688
5.05776	19.1214
5.05783	19.174
5.06381	19.2266
5.06403	19.2793
5.06409	19.3319
5.06443	19.3845
5.06453	19.4372
5.069	19.4898
5.06907	19.5424
5.07992	19.5951
5.08614	19.6477
5.10108	19.7003
5.10563	19.753
5.1057	19.8056
5.10572	19.8582
5.10602	19.9109
5.10837	19.9635
5.10843	20.0161
5.10846	20.0661
5.10848	20.1161
5.11954	20.1661
5.11962	20.2161
5.11964	20.2661
5.11967	20.3161
5.12511	20.3661
5.12519	20.4161
5.12522	20.4661
5.12551	20.5161
5.1305	20.5661
5.13298	20.6161
5.14415	20.6661
5.1494	20.7161
5.15131	20.7661
5.15138	20.8161
5.15141	20.8661
5.15144	20.9161
5.15177	20.9661
5.15188	21.0161
5.15192	21.0637
5.15734	21.1114
5.16249	21.159
5.16257	21.2066
5.16301	21.2542
5.1632	21.3018
5.16338	21.3495
5.16345	21.3971
5.16784	21.4447
5.17377	21.4923
5.17397	21.5399
5.18449	21.5876
5.19582	21.6352
5.19589	21.6828
5.20078	21.7304
5.20086	21.778
5.20089	21.8256
5.20093	21.8733
5.20096	21.9209
5.20099	21.9685
5.2011	22.0161
5.20748	22.0616
5.20819	22.107
5.20825	22.1525
5.21275	22.1979
5.21281	22.2434
5.21286	22.2889
5.21289	22.3343
5.21304	22.3798
5.22385	22.4252
5.22392	22.4707
5.2347	22.5161
5.24069	22.5616
5.24578	22.607
5.24584	22.6525
5.24587	22.6979
5.24589	22.7434
5.24591	22.7889
5.24593	22.8343
5.25177	22.8798
5.25201	22.9252
5.25672	22.9707
5.2571	23.0161
5.25717	23.0596
5.26211	23.1031
5.26218	23.1466
5.26235	23.19
5.26241	23.2335
5.26244	23.277
5.26761	23.3205
5.26805	23.3639
5.27334	23.4074
5.28445	23.4509
5.29504	23.4944
5.2951	23.5379
5.29528	23.5813
5.29539	23.6248
5.29553	23.6683
5.29564	23.7118
5.29575	23.7553
5.3007	23.7987
5.30079	23.8422
5.30083	23.8857
5.30589	23.9292
5.30625	23.9726
5.30642	24.0161
5.31174	24.0578
5.31179	24.0995
5.31182	24.1411
5.31185	24.1828
5.3172	24.2245
5.31727	24.2661
5.3173	24.3078
5.32262	24.3495
5.3386	24.3911
5.34464	24.4328
5.34475	24.4745
5.3498	24.5161
5.34988	24.5578
5.35004	24.5995
5.35019	24.6411
5.35029	24.6828
5.35522	24.7245
5.35528	24.7661
5.35531	24.8078
5.35533	12.4039
5.35535	12.4872
5.35536	12.5706
5.3607	12.6539
5.36074	12.7372
5.36117	12.8206
5.36152	12.9039
5.36156	12.9872
5.36616	13.0706
5.36635	13.1475
5.36639	13.2244
5.3717	13.3013
5.38322	13.3783
5.39933	13.4552
5.39941	13.5321
5.39944	13.609
5.39948	13.6859
5.4046	13.7629
5.40467	13.8398
5.40504	13.9167
5.40991	13.9936
5.41011	14.0706
5.41019	14.142
5.41578	14.2134
5.43208	14.2848
5.44271	14.3563
5.44307	14.4277
5.44311	14.4991
5.44318	14.5706
5.4539	14.642
5.45399	14.7134
5.45926	14.7848
5.45932	14.8563
5.45934	14.9277
5.45962	14.9991
5.45967	15.0706
5.46483	15.1372
5.47063	15.2039
5.48196	15.2706
5.48681	15.3372
5.48692	15.4039
5.48697	15.4706
5.49764	15.5372
5.4977	15.6039
5.50879	15.6706
5.50885	15.7372
5.50888	15.8039
5.50891	15.8706
5.50893	15.9372
5.50895	16.0039
5.51411	16.0664
5.51463	16.1289
5.52411	16.1914
5.52427	16.2539
5.52432	16.3164
5.52443	16.3789
5.53514	16.4414
5.53537	16.5039
5.55151	16.5664
5.55157	16.6289
5.55243	16.6914
5.55272	16.7539
5.55722	16.8164
5.55729	16.8789
5.55733	16.9414
5.56358	17.0039
5.5644	17.0627
5.569	17.1215
5.56909	17.1804
5.56912	17.2392
5.56915	17.298
5.57533	17.3568
5.57548	17.4157
5.57908	17.4745
5.60196	17.5333
5.60225	17.5921
5.60755	17.651
5.60762	17.7098
5.60785	17.7686
5.60796	17.8274
5.608	17.8862
5.61273	17.9451
5.61981	18.0039
5.61988	18.0595
5.62544	18.115
5.62552	18.1706
5.62554	18.2261
5.62557	18.2817
5.62561	18.3372
5.63131	18.3928
5.64234	18.4483
5.65868	18.5039
5.65875	18.5595
5.6589	18.615
5.65896	18.6706
5.65898	18.7261
5.65921	18.7817
5.66466	18.8372
5.67058	18.8928
5.67069	18.9483
5.6758	19.0039
5.67586	19.0565
5.67618	19.1092
5.67626	19.1618
5.6764	19.2144
5.68149	19.2671
5.68163	19.3197
5.68753	19.3723
5.69802	19.4249
5.69818	19.4776
5.7035	19.5302
5.70389	19.5828
5.70401	19.6355
5.70404	19.6881
5.71449	19.7407
5.71456	19.7934
5.71481	19.846
5.72542	19.8986
5.73062	19.9513
5.7309	20.0039
5.73132	20.0539
5.73602	20.1039
5.73607	20.1539
5.73609	20.2039
5.7364	20.2539
5.74212	20.3039
5.75299	20.3539
5.75788	20.4039
5.75794	20.4539
5.75796	20.5039
5.75798	20.5539
5.75809	20.6039
5.76369	20.6539
5.76902	20.7039
5.76908	20.7539
5.78029	20.8039
5.79188	20.8539
5.79194	20.9039
5.79205	20.9539
5.79209	21.0039
5.79216	10.5019
5.79227	10.6019
5.79738	10.7019
5.7977	10.8019
5.80285	10.9019
5.81395	11.0019
5.81408	11.0929
5.81411	11.1838
5.81961	11.2747
5.81965	11.3656
5.8198	11.4565
5.83019	11.5474
5.83041	11.6383
5.83061	11.7292
5.84192	11.8201
5.84755	11.911
5.8476	12.0019
5.85291	12.0853
5.85296	12.1686
5.85298	12.2519
5.85848	12.3353
5.87528	12.4186
5.89675	12.5019
5.8969	12.5853
5.91447	12.6686
5.91453	12.7519
5.91456	12.8353
5.91464	12.9186
5.91503	13.0019
5.91517	13.0789
5.9203	13.1558
5.92042	13.2327
5.92046	13.3096
5.93042	13.3866
5.95843	13.4635
5.95849	13.5404
5.95852	13.6173
5.95855	13.6943
5.95857	13.7712
5.95877	13.8481
5.95884	13.925
5.96338	14.0019
5.96541	14.0734
5.96663	14.1448
5.96669	14.2162
5.97315	14.2877
5.98387	14.3591
5.99693	14.4305
5.997	14.5019
5.99903	14.5734
5.99909	14.6448
5.9992	14.7162
5.9993	14.7877
5.99938	14.8591
6.00411	14.9305
6.00415	15.0019
6.00424	15.0686
6.00816	15.1353
6.00847	15.2019
6.01712	15.2686
6.02439	15.3353
6.02882	15.4019
6.02963	15.4686
6.0297	15.5353
6.02973	15.6019
6.02975	15.6686
6.02978	15.7353
6.04069	15.8019
6.04148	15.8686
6.04153	15.9353
6.04161	16.0019
6.04168	16.0644
6.04471	16.1269
6.04838	16.1894
6.05982	16.2519
6.06233	16.3144
6.06323	16.3769
6.06481	16.4394
6.06489	16.5019
6.06739	16.5644
6.06759	16.6269
6.07128	16.6894
6.07133	16.7519
6.07136	16.8144
6.07138	16.8769
6.0715	16.9394
6.07627	17.0019
6.07636	17.0608
6.07762	17.1196
6.07943	17.1784
6.08883	17.2372
6.08895	17.2961
6.08912	17.3549
6.09883	17.4137
6.10286	17.4725
6.10303	17.5314
6.10309	17.5902
6.1032	17.649
6.10816	17.7078
6.10822	17.7667
6.10825	17.8255
6.10827	17.8843
6.11445	17.9431
6.11934	18.0019
6.1194	18.0575
6.11943	18.1131
6.12502	18.1686
6.12527	18.2242
6.12533	18.2797
6.12982	18.3353
6.12993	18.3908
6.13002	18.4464
6.13006	18.5019
6.13015	18.5575
6.13023	18.6131
6.13441	18.6686
6.13569	18.7242
6.13686	18.7797
6.13808	18.8353
6.13954	18.8908
6.13963	18.9464
6.14232	19.0019
6.14382	19.0546
6.14509	19.1072
6.14889	19.1598
6.15102	19.2125
6.15123	19.2651
6.15934	19.3177
6.16042	19.3704
6.16161	19.423
6.16172	19.4756
6.16291	19.5283
6.16359	19.5809
6.16579	19.6335
6.1672	19.6862
6.16878	19.7388
6.17007	19.7914
6.17508	19.8441
6.17514	19.8967
6.17675	19.9493
6.17683	20.0019
6.17853	20.0519
6.18389	20.1019
6.1924	20.1519
6.19251	20.2019
6.19256	20.2519
6.19471	20.3019
6.1951	20.3519
6.19518	20.4019
6.19521	20.4519
6.19857	20.5019
6.19882	20.5519
6.19886	20.6019
6.205	20.6519
6.20506	20.7019
6.2209	20.7519
6.22104	20.8019
6.22137	20.8519
6.22142	20.9019
6.22657	20.9519
6.23429	21.0019
6.23461	21.0496
6.24036	21.0972
6.24043	21.1448
6.24071	21.1924
6.24096	21.24
6.24108	21.2877
6.2455	21.3353
6.24557	21.3829
6.24579	21.4305
6.25155	21.4781
6.25163	21.5258
6.25199	21.5734
6.25238	21.621
6.26319	21.6686
6.26329	21.7162
6.26334	21.7639
6.2747	21.8115
6.27481	21.8591
6.27509	21.9067
6.28003	21.9543
6.28011	22.0019
6.28025	22.0474
6.28039	22.0929
6.28586	22.1383
6.28592	22.1838
6.28595	22.2292
6.28597	22.2747
6.286	22.3201
6.29157	22.3656
6.29164	22.411
6.29733	22.4565
6.29739	22.5019
6.30381	22.5474
6.3155	22.5929
6.32021	22.6383
6.32025	22.6838
6.32046	22.7292
6.3205	22.7747
6.32584	22.8201
6.32589	22.8656
6.32609	22.911
6.32631	22.9565
6.32638	23.0019
6.33135	23.0454
6.33166	23.0889
6.33191	23.1324
6.33734	23.1759
6.33742	23.2193
6.34305	23.2628
6.34312	23.3063
6.34356	23.3498
6.34372	23.3933
6.34858	23.4367
6.34864	23.4802
6.34874	23.5237
6.35434	23.5672
6.35439	23.6106
6.35442	23.6541
6.35446	23.6976
6.35464	23.7411
6.36559	23.7846
6.36567	23.828
6.3657	23.8715
6.36573	23.915
6.36576	23.9585
6.36578	24.0019
6.37134	24.0436
6.37726	24.0853
6.39414	24.1269
6.39421	24.1686
6.39459	24.2103
6.39467	24.2519
6.39962	24.2936
6.3997	24.3353
6.39973	24.3769
6.4	24.4186
6.40007	24.4603
6.40552	24.5019
6.40562	24.5436
6.40604	24.5853
6.40615	24.6269
6.40618	24.6686
6.41124	24.7103
6.41682	24.7519
6.4169	24.7936
6.41729	24.8353
6.42195	24.8769
6.42201	24.9186
6.42204	24.9603
6.4224	25.0019
6.42252	25.0419
6.42773	25.0819
6.43317	25.1219
6.43324	25.1619
6.43326	25.2019
6.43329	25.2419
6.43334	25.2819
6.43348	25.3219
6.43358	25.3619
6.43912	25.4019
6.4392	25.4419
6.44496	25.4819
6.4451	25.5219
6.44517	25.5619
6.44522	25.6019
6.45626	25.6419
6.4632	25.6819
6.46756	25.7219
6.46767	25.7619
6.46771	25.8019
6.46773	25.8419
6.46777	25.8819
6.4678	25.9219
6.46787	25.9619
6.47336	26.0019
6.47343	26.0404
6.47363	26.0789
6.47373	26.1173
6.47405	26.1558
6.47412	26.1943
6.47418	26.2327
6.4791	26.2712
6.47917	26.3096
6.48041	26.3481
6.4805	26.3866
6.48053	26.425
6.48057	26.4635
6.48093	26.5019
6.48453	26.5404
6.48459	26.5789
6.48475	26.6173
6.48479	26.6558
6.48781	26.6943
6.49502	26.7327
6.49525	26.7712
6.49681	26.8096
6.49768	26.8481
6.49814	26.8866
6.49889	26.925
6.4997	26.9635
6.50388	27.0019
6.50471	27.039
6.50971	27.076
6.50977	27.1131
6.51035	27.1501
6.51048	27.1871
6.51234	27.2242
6.51241	27.2612
6.5125	27.2982
6.5162	27.3353
6.51725	27.3723
6.51736	27.4094
6.5174	27.4464
6.51742	27.4834
6.51744	27.5205
6.52088	27.5575
6.52479	27.5945
6.52502	27.6316
6.52883	27.6686
6.52918	27.7057
6.52926	27.7427
6.53408	27.7797
6.53417	27.8168
6.53421	27.8538
6.53651	27.8908
6.54032	27.9279
6.54043	27.9649
6.54564	28.0019
6.55001	28.0377
6.55159	28.0734
6.55166	28.1091
6.55169	28.1448
6.55171	28.1805
6.55173	28.2162
6.55521	28.2519
6.55554	28.2877
6.55565	28.3234
6.55677	28.3591
6.55689	28.3948
6.55693	28.4305
6.55696	28.4662
6.55698	28.5019
6.56432	28.5377
6.56735	28.5734
6.56739	28.6091
6.56747	28.6448
6.57276	28.6805
6.57638	28.7162
6.57646	28.7519
6.57784	28.7877
6.57797	28.8234
6.5808	28.8591
6.58087	28.8948
6.5879	28.9305
6.59003	28.9662
6.59315	29.0019
6.59325	29.0364
6.59329	29.0709
6.59349	29.1054
6.59353	29.1399
6.59755	29.1744
6.59766	29.2088
6.5977	29.2433
6.60046	29.2778
6.60053	29.3123
6.60056	29.3468
6.60058	29.3813
6.60061	29.4157
6.60386	29.4502
6.60425	29.4847
6.60448	29.5192
6.60459	29.5537
6.60932	29.5882
6.61379	29.6226
6.61667	29.6571
6.61691	29.6916
6.61708	29.7261
6.6173	29.7606
6.62172	29.7951
6.62196	29.8295
6.62658	29.864
6.62946	29.8985
6.6298	29.933
6.6322	29.9675
6.63281	30.0019
6.63291	30.0353
6.63294	30.0686
6.63764	30.1019
6.63806	30.1353
6.63819	30.1686
6.6427	30.2019
6.64276	30.2353
6.64279	30.2686
6.64281	30.3019
6.64301	30.3353
6.64753	30.3686
6.65126	30.4019
6.65133	30.4353
6.65135	30.4686
6.65138	30.5019
6.65153	30.5353
6.65653	30.5686
6.66273	30.6019
6.6681	30.6353
6.6684	30.6686
6.66853	30.7019
6.66856	30.7353
6.66859	30.7686
6.67882	30.8019
6.67888	30.8353
6.6791	30.8686
6.67933	30.9019
6.68467	30.9353
6.68474	30.9686
6.68477	31.0019
6.68498	31.0342
6.68536	31.0665
6.6899	31.0987
6.69006	31.131
6.69025	31.1632
6.69032	31.1955
6.69563	31.2278
6.69579	31.26
6.69591	31.2923
6.7013	31.3245
6.70694	31.3568
6.70703	31.389
6.70707	31.4213
6.70732	31.4536
6.70744	31.4858
6.71194	31.5181
6.71214	31.5503
6.71244	31.5826
6.71256	31.6149
6.71794	31.6471
6.71808	31.6794
6.71831	31.7116
6.7243	31.7439
6.72438	31.7761
6.72489	31.8084
6.72939	31.8407
6.72981	31.8729
6.73489	31.9052
6.73506	31.9374
6.73527	31.9697
6.73535	32.0019
6.73539	32.0332
6.73547	32.0644
6.7408	32.0957
6.74085	32.1269
6.74096	32.1582
6.74658	32.1894
6.75756	32.2207
6.75765	32.2519
6.75768	32.2832
6.7577	32.3144
6.75773	32.3457
6.75797	32.3769
6.76873	32.4082
6.76878	32.4394
6.76881	32.4707
6.77446	32.5019
6.77454	32.5332
6.77459	32.5644
6.77473	32.5957
6.79177	32.6269
6.79188	32.6582
6.79191	32.6894
6.79193	32.7207
6.79706	32.7519
6.79713	32.7832
6.79715	32.8144
6.79725	32.8457
6.80269	32.8769
6.80275	32.9082
6.80278	32.9394
6.80282	32.9707
6.80288	33.0019
6.80846	33.0323
6.80852	33.0626
6.80855	33.0929
6.80858	33.1232
6.80873	33.1535
6.8141	33.1838
6.81417	33.2141
6.8142	33.2444
6.81423	33.2747
6.81425	33.305
6.81428	33.3353
6.8143	33.3656
6.82155	33.3959
6.82579	33.4262
6.82585	33.4565
6.83143	33.4868
6.83197	33.5171
6.83204	33.5474
6.83704	33.5777
6.84295	33.608
6.84302	33.6383
6.84304	33.6686
6.84843	33.6989
6.85408	33.7292
6.85415	33.7595
6.85418	33.7898
6.85422	33.8201
6.85933	33.8504
6.8594	33.8807
6.85961	33.911
6.8597	33.9413
6.85973	33.9716
6.85976	34.0019
6.85979	34.0314
6.87048	34.0608
6.87056	34.0902
6.87059	34.1196
6.87067	34.149
6.87596	34.1784
6.87603	34.2078
6.87612	34.2372
6.87643	34.2667
6.87656	34.2961
6.8766	34.3255
6.88111	34.3549
6.88122	34.3843
6.88163	34.4137
6.88176	34.4431
6.88705	34.4725
6.8871	34.5019
6.88715	34.5314
6.89227	34.5608
6.89234	17.2804
6.89249	17.3392
6.89253	17.398
6.89261	17.4569
6.89764	17.5157
6.89769	17.5745
6.89771	17.6333
6.89773	17.6922
6.89775	17.751
6.89777	17.8098
6.90851	17.8686
6.90856	17.9274
6.90858	17.9863
6.90862	18.0451
6.91429	18.1006
6.91434	18.1562
6.91969	18.2118
6.91996	18.2673
6.92494	18.3229
6.92565	18.3784
6.93036	18.434
6.93046	18.4895
6.9305	18.5451
6.93053	18.6006
6.93055	18.6562
6.93058	18.7118
6.93087	18.7673
6.94199	18.8229
6.94204	18.8784
6.94207	18.934
6.94235	18.9895
6.94249	19.0451
6.94747	19.0977
6.95243	19.1504
6.96722	19.203
6.96749	19.2556
6.97302	19.3082
6.97309	19.3609
6.97311	19.4135
6.97321	19.4661
6.97332	19.5188
6.9788	19.5714
6.97891	19.624
6.97894	19.6767
6.97915	19.7293
6.97926	19.7819
6.98425	19.8346
6.98431	19.8872
6.98434	19.9398
6.98436	19.9925
6.99565	20.0451
6.99572	20.0951
7.00444	20.1451
7.0207	20.1951
7.02076	20.2451
7.02348	20.2951
7.02412	20.3451
7.03001	20.3951
7.03009	20.4451
7.03012	20.4951
7.03014	20.5451
7.03505	20.5951
7.03514	20.6451
7.03517	20.6951
7.03521	20.7451
7.03524	20.7951
7.03527	20.8451
7.0353	20.8951
7.03534	20.9451
7.04065	20.9951
7.04074	21.0451
7.05858	21.0927
7.06426	21.1403
7.06434	21.1879
7.06984	21.2356
7.06992	21.2832
7.08105	21.3308
7.08111	21.3784
7.08136	21.426
7.08171	21.4737
7.08635	21.5213
7.08641	21.5689
7.08644	21.6165
7.08646	21.6641
7.0925	21.7118
7.09257	21.7594
7.09259	21.807
7.09288	21.8546
7.09751	21.9022
7.09759	21.9499
7.09762	21.9975
7.10354	22.0451
7.11504	22.0905
7.12028	22.136
7.12106	22.1815
7.12113	22.2269
7.12731	22.2724
7.12743	22.3178
7.13308	22.3633
7.1332	22.4087
7.13364	22.4542
7.13371	22.4996
7.13397	22.5451
7.13839	22.5905
7.13845	22.636
7.13848	22.6815
7.14417	22.7269
7.14423	22.7724
7.15508	22.8178
7.15513	22.8633
7.15523	22.9087
7.16659	22.9542
7.16666	22.9996
7.16668	23.0451
7.16671	23.0886
7.17232	23.132
7.18979	23.1755
7.18985	23.219
7.18987	23.2625
7.1899	23.306
7.18997	23.3494
7.19025	23.3929
7.19034	23.4364
7.20127	23.4799
7.20134	23.5234
7.20136	23.5668
7.20138	23.6103
7.20165	23.6538
7.20753	23.6973
7.21228	23.7407
7.21236	23.7842
7.21238	23.8277
7.2235	23.8712
7.22365	23.9147
7.22369	23.9581
7.22382	24.0016
7.22912	24.0433
7.2292	24.0849
7.24071	24.1266
7.25739	24.1683
7.2575	24.2099
7.26303	24.2516
7.26319	24.2933
7.26333	24.3349
7.26337	24.3766
7.26875	24.4183
7.26883	24.4599
7.26887	24.5016
7.2689	24.5433
7.27395	24.5849
7.27401	24.6266
7.27419	24.6683
7.27939	24.7099
7.27946	24.7516
7.27949	24.7933
7.27979	24.8349
7.2799	24.8766
7.27994	24.9183
7.28501	24.9599
7.28511	25.0016
7.28582	25.0416
7.30237	25.0816
7.31377	25.1216
7.31384	25.1616
7.3197	25.2016
7.31975	25.2416
7.32002	25.2816
7.32017	25.3216
7.32037	25.3616
7.3254	25.4016
7.32561	25.4416
7.33104	25.4816
7.33139	25.5216
7.33145	25.5616
7.3318	25.6016
7.33187	25.6416
7.33661	25.6816
7.33669	25.7216
7.34294	25.7616
7.34302	25.8016
7.34326	25.8416
7.34337	25.8816
7.34829	25.9216
7.34837	25.9616
7.34842	26.0016
7.35989	26.0401
7.37116	26.0785
7.37128	26.117
7.3781	26.1555
7.38222	26.1939
7.38262	26.2324
7.38822	26.2708
7.38882	26.3093
7.38891	26.3478
7.39383	26.3862
7.39392	26.4247
7.39396	26.4632
7.39399	26.5016
7.39944	26.5401
7.39951	26.5785
7.39976	26.617
7.39989	26.6555
7.405	26.6939
7.40504	26.7324
7.40513	26.7708
7.41021	26.8093
7.41029	26.8478
7.41032	26.8862
7.41057	26.9247
7.41065	26.9632
7.41083	27.0016
7.41618	27.0387
7.42143	27.0757
7.42718	27.1127
7.42739	27.1498
7.43232	27.1868
7.43788	27.2238
7.43792	27.2609
7.43801	27.2979
7.43824	27.3349
7.44326	27.372
7.44332	27.409
7.44357	27.4461
7.4486	27.4831
7.44865	27.5201
7.45483	27.5572
7.45489	27.5942
7.45492	27.6312
7.45506	27.6683
7.45516	27.7053
7.45989	27.7424
7.46014	27.7794
7.46528	27.8164
7.46575	27.8535
7.46579	27.8905
7.46625	27.9275
7.47066	27.9646
7.47074	28.0016
7.47077	28.0373
7.47079	28.073
7.47082	28.1088
7.48218	28.1445
7.48822	28.1802
7.48832	28.2159
7.48882	28.2516
7.4932	28.2873
7.49329	28.323
7.49364	28.3588
7.49376	28.3945
7.49868	28.4302
7.49874	28.4659
7.49884	28.5016
7.50099	28.5373
7.50105	28.573
7.50117	28.6088
7.50138	28.6445
7.50143	28.6802
7.50654	28.7159
7.50893	28.7516
7.5092	28.7873
7.51484	28.823
7.51649	28.8588
7.51662	28.8945
7.5167	28.9302
7.51673	28.9659
7.51677	29.0016
7.51685	29.0361
7.52174	29.0706
7.52641	29.1051
7.53404	29.1395
7.53425	29.174
7.53441	29.2085
7.53951	29.243
7.53987	29.2775
7.53994	29.312
7.53997	29.3464
7.54847	29.3809
7.54854	29.4154
7.54857	29.4499
7.5486	29.4844
7.54862	29.5189
7.5489	29.5533
7.55529	29.5878
7.55583	29.6223
7.55616	29.6568
7.55621	29.6913
7.55644	29.7258
7.56081	29.7602
7.56087	29.7947
7.56095	29.8292
7.56637	29.8637
7.56677	29.8982
7.56686	29.9326
7.56689	29.9671
7.56692	30.0016
7.57225	30.0349
7.57294	30.0683
7.57877	30.1016
7.58367	30.1349
7.58374	30.1683
7.58391	30.2016
7.59822	30.2349
7.59829	30.2683
7.59841	30.3016
7.60343	30.3349
7.60356	30.3683
7.60362	30.4016
7.60364	30.4349
7.60383	30.4683
7.60393	30.5016
7.60916	30.5349
7.60923	30.5683
7.60926	30.6016
7.60928	30.6349
7.60931	30.6683
7.60949	30.7016
7.60963	30.7349
7.61469	30.7683
7.61477	30.8016
7.61508	30.8349
7.61527	30.8683
7.61538	30.9016
7.62038	30.9349
7.62044	30.9683
7.62047	31.0016
7.62051	31.0339
7.63213	31.0661
7.63688	31.0984
7.63697	31.1306
7.637	31.1629
7.64811	31.1952
7.64818	31.2274
7.64844	31.2597
7.64884	31.2919
7.65332	31.3242
7.65338	31.3565
7.65341	31.3887
7.65361	31.421
7.65365	31.4532
7.65869	31.4855
7.65874	31.5177
7.65879	31.55
7.65936	31.5823
7.65954	31.6145
7.66435	31.6468
7.66441	31.679
7.66443	31.7113
7.66446	31.7435
7.66448	31.7758
7.66463	31.8081
7.66472	31.8403
7.66986	31.8726
7.66993	31.9048
7.66996	31.9371
7.66998	31.9694
7.67003	32.0016
7.67557	32.0329
7.69277	32.0641
7.69295	32.0954
7.69317	32.1266
7.69973	32.1579
7.6998	32.1891
7.70112	32.2204
7.7038	32.2516
7.70387	32.2829
7.70389	32.3141
7.70397	32.3454
7.70939	32.3766
7.70945	32.4079
7.70948	32.4391
7.7095	32.4704
7.70952	32.5016
7.71525	32.5329
7.71555	32.5641
7.71562	32.5954
7.71569	32.6266
7.71572	32.6579
7.72038	32.6891
7.72049	32.7204
7.72346	32.7516
7.7236	32.7829
7.72364	32.8141
7.72759	32.8454
7.72764	32.8766
7.72766	32.9079
7.72774	32.9391
7.7279	32.9704
7.72799	33.0016
7.74023	33.0319
7.74075	33.0622
7.74089	33.0925
7.75107	33.1228
7.75129	33.1531
7.7514	33.1834
7.75686	33.2137
7.75695	33.244
7.75728	33.2743
7.75736	33.3046
7.75783	33.3349
7.75792	33.3652
7.76201	33.3956
7.76208	33.4259
7.76213	33.4562
7.76781	33.4865
7.7681	33.5168
7.76851	33.5471
7.77315	33.5774
7.77323	33.6077
7.77326	33.638
7.77359	33.6683
7.77364	33.6986
7.77948	33.7289
7.77956	33.7592
7.77961	33.7895
7.78002	33.8198
7.78007	33.8501
7.7801	33.8804
7.78577	33.9107
7.78585	33.941
7.78588	33.9713
7.7859	34.0016
7.8034	34.031
7.80349	34.0604
7.80365	34.0898
7.80414	34.1193
7.80853	34.1487
7.81492	34.1781
7.815	34.2075
7.81521	34.2369
7.81548	34.2663
7.8197	34.2957
7.81977	34.3251
7.8202	34.3546
7.8203	34.384
7.82553	34.4134
7.82587	34.4428
7.83138	34.4722
7.83146	34.5016
7.83149	34.531
7.83178	34.5604
7.83186	34.5898
7.83189	34.6193
7.83192	34.6487
7.83737	34.6781
7.83746	34.7075
7.83749	34.7369
7.83752	34.7663
7.84287	34.7957
7.84296	34.8251
7.84305	34.8546
7.84308	34.884
7.84311	34.9134
7.84892	34.9428
7.849	34.9722
7.85452	35.0016
7.86589	35.0302
7.86617	35.0588
7.87154	35.0873
7.87163	35.1159
7.87186	35.1445
7.87193	35.173
7.87225	35.2016
7.87676	35.2302
7.87684	35.2588
7.87687	35.2873
7.87689	35.3159
7.87691	35.3445
7.88244	35.373
7.88263	35.4016
7.88292	35.4302
7.88769	35.4588
7.88781	35.4873
7.88785	35.5159
7.88794	35.5445
7.88818	35.573
7.89323	35.6016
7.8933	35.6302
7.89332	35.6588
7.89334	35.6873
7.89337	35.7159
7.89352	35.7445
7.8936	35.773
7.89859	35.8016
7.89886	35.8302
7.89894	35.8588
7.90487	35.8873
7.90521	35.9159
7.90951	35.9445
7.90981	35.973
7.9159	36.0016
7.92081	36.0294
7.92671	36.0572
7.92717	36.0849
7.9273	36.1127
7.93198	36.1405
7.93204	36.1683
7.93207	36.1961
7.93209	36.2238
7.93211	36.2516
7.93222	36.2794
7.93232	36.3072
7.93785	36.3349
7.93817	36.3627
7.93823	36.3905
7.9385	36.4183
7.94347	36.4461
7.94354	36.4738
7.94357	36.5016
7.94408	36.5294
7.95001	36.5572
7.95025	36.5849
7.9506	36.6127
7.95512	36.6405
7.95519	36.6683
7.95522	36.6961
7.95524	36.7238
7.95526	36.7516
7.96098	36.7794
7.96104	36.8072
7.96662	36.8349
7.9667	36.8627
7.96703	36.8905
7.97242	36.9183
7.97843	36.9461
7.98373	36.9738
7.98394	37.0016
7.98967	37.0286
7.98976	37.0557
7.98985	37.0827
7.98988	37.1097
7.98991	37.1367
7.98994	37.1638
7.98997	37.1908
7.99026	37.2178
7.99496	37.2449
7.99504	37.2719
7.99507	37.2989
7.99541	37.3259
7.99554	37.353
7.99559	37.38
8.00082	37.407
8.00096	37.434
8.001	37.4611
8.00102	37.4881
8.0064	37.5151
8.00649	37.5422
8.00659	37.5692
8.00663	37.5962
8.00682	37.6232
8.00695	37.6503
8.01195	37.6773
8.01203	37.7043
8.01206	37.7313
8.01209	18.8657
8.01211	18.9212
8.01213	18.9768
8.01239	19.0323
8.01244	19.085
8.01784	19.1376
8.02372	19.1902
8.02376	19.2429
8.02921	19.2955
8.02932	19.3481
8.02948	19.4008
8.02962	19.4534
8.02983	19.506
8.0299	19.5587
8.03024	19.6113
8.03461	19.6639
8.03477	19.7165
8.03508	19.7692
8.03513	19.8218
8.03518	19.8744
8.04063	19.9271
8.04069	19.9797
8.041	20.0323
8.04108	20.0823
8.04111	20.1323
8.04145	20.1823
8.04592	20.2323
8.04599	20.2823
8.04602	20.3323
8.04618	20.3823
8.0517	20.4323
8.05754	20.4823
8.05763	20.5323
8.06272	20.5823
8.06299	20.6323
8.06304	20.6823
8.06868	20.7323
8.08026	20.7823
8.09123	20.8323
8.09152	20.8823
8.0916	20.9323
8.09421	20.9823
8.09532	21.0323
8.09536	21.08
8.09538	21.1276
8.09541	21.1752
8.09543	21.2228
8.09545	21.2704
8.09983	21.3181
8.1056	21.3657
8.10564	21.4133
8.10585	21.4609
8.10592	21.5085
8.10611	21.5561
8.11145	21.6038
8.11153	21.6514
8.11224	21.699
8.1189	21.7466
8.11896	21.7942
8.11907	21.8419
8.11916	21.8895
8.11937	21.9371
8.12157	21.9847
8.1217	22.0323
8.12174	22.0778
8.12176	22.1232
8.12178	22.1687
8.12584	22.2142
8.12589	22.2596
8.12591	22.3051
8.12593	22.3505
8.12962	22.396
8.12969	22.4414
8.12975	22.4869
8.12998	22.5323
8.13242	22.5778
8.13249	22.6232
8.13818	22.6687
8.14712	22.7142
8.15594	22.7596
8.15601	22.8051
8.15728	22.8505
8.15736	22.896
8.15738	22.9414
8.15741	22.9869
8.15743	23.0323
8.15747	23.0758
8.15749	23.1193
8.15752	23.1628
8.16317	23.2063
8.16323	23.2497
8.16326	23.2932
8.16929	23.3367
8.17487	23.3802
8.17495	23.4236
8.17537	23.4671
8.17562	23.5106
8.18042	23.5541
8.18049	23.5976
8.18071	23.641
8.19627	23.6845
8.19659	23.728
8.19663	23.7715
8.19668	23.8149
8.19684	23.8584
8.20215	23.9019
8.2022	23.9454
8.20223	23.9889
8.20225	24.0323
8.20241	24.074
8.20247	24.1157
8.20825	24.1573
8.20834	24.199
8.214	24.2407
8.21407	24.2823
8.21976	24.324
8.22469	24.3657
8.22476	24.4073
8.22479	24.449
8.22481	24.4907
8.23055	24.5323
8.23062	24.574
8.23566	24.6157
8.24325	24.6573
8.24355	24.699
8.24732	24.7407
8.24739	24.7823
8.24742	24.824
8.24744	24.8657
8.24747	24.9073
8.24749	24.949
8.24765	24.9907
8.24773	25.0323
8.25319	25.0723
8.25437	25.1123
8.25993	25.1523
8.25999	25.1923
8.26038	25.2323
8.26653	25.2723
8.26669	25.3123
8.26683	25.3523
8.26695	25.3923
8.27243	25.4323
8.27256	25.4723
8.27284	25.5123
8.2782	25.5523
8.27829	25.5923
8.27832	25.6323
8.2819	25.6723
8.28197	25.7123
8.282	25.7523
8.28202	25.7923
8.28205	25.8323
8.28219	25.8723
8.28731	25.9123
8.28737	25.9523
8.28746	25.9923
8.29096	26.0323
8.29103	26.0708
8.2973	26.1093
8.2975	26.1477
8.29787	26.1862
8.29797	26.2246
8.30312	26.2631
8.30318	26.3016
8.30322	26.34
8.31018	26.3785
8.32444	26.417
8.32466	26.4554
8.33002	26.4939
8.33009	26.5323
8.33299	26.5708
8.33306	26.6093
8.33309	26.6477
8.33312	26.6862
8.33809	26.7246
8.33817	26.7631
8.33821	26.8016
8.33823	26.84
8.33826	26.8785
8.33854	26.917
8.33867	26.9554
8.34392	26.9939
8.3441	27.0323
8.34417	27.0694
8.34448	27.1064
8.34455	27.1434
8.34482	27.1805
8.34489	27.2175
8.34932	27.2546
8.34938	27.2916
8.36069	27.3286
8.36705	27.3657
8.3682	27.4027
8.36848	27.4397
8.36854	27.4768
8.3706	27.5138
8.37069	27.5509
8.37252	27.5879
8.37259	27.6249
8.37261	27.662
8.37647	27.699
8.37653	27.736
8.37672	27.7731
8.37686	27.8101
8.38241	27.8472
8.38331	27.8842
8.38394	27.9212
8.38901	27.9583
8.38908	27.9953
8.38932	28.0323
8.38937	28.0681
8.3894	28.1038
8.39476	28.1395
8.39507	28.1752
8.3954	28.2109
8.39568	28.2466
8.40018	28.2823
8.4096	28.3181
8.41001	28.3538
8.4105	28.3895
8.41528	28.4252
8.41537	28.4609
8.41541	28.4966
8.41543	28.5323
8.42018	28.5681
8.4203	28.6038
8.42034	28.6395
8.42037	28.6752
8.42039	28.7109
8.42616	28.7466
8.42655	28.7823
8.43098	28.8181
8.43112	28.8538
8.4313	28.8895
8.43138	28.9252
8.43156	28.9609
8.43681	28.9966
8.43743	29.0323
8.43776	29.0668
8.44297	29.1013
8.44304	29.1358
8.44307	29.1703
8.4431	29.2048
8.44313	29.2392
8.45477	29.2737
8.46638	29.3082
8.47199	29.3427
8.47205	29.3772
8.47245	29.4116
8.47265	29.4461
8.47278	29.4806
8.47727	29.5151
8.4774	29.5496
8.47744	29.5841
8.48384	29.6185
8.48394	29.653
8.48843	29.6875
8.4885	29.722
8.48853	29.7565
8.48888	29.791
8.48901	29.8254
8.49417	29.8599
8.49423	29.8944
8.49435	29.9289
8.49443	29.9634
8.49473	29.9979
8.4948	30.0323
8.5	30.0657
8.50007	30.099
8.5001	30.1323
8.50012	30.1657
8.50015	30.199
8.50017	30.2323
8.51113	30.2657
8.51765	30.299
8.5223	30.3323
8.52269	30.3657
8.52792	30.399
8.52797	30.4323
8.52814	30.4657
8.5282	30.499
8.52851	30.5323
8.53367	30.5657
8.5391	30.599
8.53916	30.6323
8.53929	30.6657
8.53953	30.699
8.54462	30.7323
8.54488	30.7657
8.54501	30.799
8.54509	30.8323
8.55017	30.8657
8.55023	30.899
8.55025	30.9323
8.55047	30.9657
8.55053	30.999
8.55613	31.0323
8.55619	31.0646
8.55621	31.0969
8.55625	31.1291
8.55643	31.1614
8.55651	31.1936
8.5623	31.2259
8.5673	31.2581
8.56745	31.2904
8.5731	31.3227
8.57847	31.3549
8.57854	31.3872
8.57857	31.4194
8.58426	31.4517
8.58457	31.484
8.58485	31.5162
8.58961	31.5485
8.59491	31.5807
8.59513	31.613
8.59536	31.6452
8.59566	31.6775
8.60051	31.7098
8.60056	31.742
8.60058	31.7743
8.60623	31.8065
8.60651	31.8388
8.60678	31.871
8.60686	31.9033
8.61157	31.9356
8.61168	31.9678
8.61171	32.0001
8.61203	32.0313
8.61208	32.0626
8.61692	32.0938
8.61697	32.1251
8.61714	32.1563
8.62257	32.1876
8.62263	32.2188
8.62265	32.2501
8.62807	32.2813
8.62824	32.3126
8.62836	32.3438
8.6285	32.3751
8.63887	32.4063
8.63897	32.4376
8.63945	32.4688
8.63948	32.5001
8.64502	32.5313
8.65032	32.5626
8.65038	32.5938
8.6504	32.6251
8.65042	32.6563
8.65044	32.6876
8.65055	32.7188
8.65602	32.7501
8.65608	32.7813
8.6561	32.8126
8.65613	32.8438
8.6619	32.8751
8.66195	32.9063
8.66214	32.9376
8.66217	32.9688
8.66233	33.0001
8.66711	33.0304
8.66726	33.0607
8.67281	33.091
8.67307	33.1213
8.6731	33.1516
8.67334	33.1819
8.67845	33.2122
8.68462	33.2425
8.68467	33.2728
8.68488	33.3031
8.68493	33.3334
8.69507	33.3637
8.69525	33.394
8.69546	33.4243
8.69559	33.4546
8.69562	33.4849
8.7062	33.5152
8.70626	33.5455
8.71188	33.5758
8.71194	33.6061
8.71234	33.6364
8.71241	33.6667
8.71252	33.697
8.71732	33.7274
8.71738	33.7577
8.7174	33.788
8.72325	33.8183
8.72329	33.8486
8.72332	33.8789
8.72365	33.9092
8.72388	33.9395
8.72849	33.9698
8.7286	34.0001
8.72863	34.0295
8.73465	34.0589
8.73476	34.0883
8.73492	34.1177
8.73503	34.1471
8.73945	34.1766
8.73967	34.206
8.73971	34.2354
8.74508	34.2648
8.7453	34.2942
8.74586	34.3236
8.75047	34.353
8.7506	34.3824
8.75075	34.4118
8.7567	34.4413
8.75683	34.4707
8.75714	34.5001
8.76241	34.5295
8.76763	34.5589
8.76769	34.5883
8.76811	34.6177
8.76825	17.3089
8.77306	17.3677
8.77309	17.4265
8.77336	17.4853
8.77946	17.5442
8.77978	17.603
8.78476	17.6618
8.78481	17.7206
8.78483	17.7795
8.78485	17.8383
8.78486	17.8971
8.78491	17.9559
8.78495	18.0147
8.79078	18.0703
8.7909	18.1259
8.79119	18.1814
8.79595	18.237
8.79601	18.2925
8.79604	18.3481
8.79631	18.4036
8.80303	18.4592
8.80707	18.5147
8.80723	18.5703
8.80727	18.6259
8.80729	18.6814
8.80735	18.737
8.81307	18.7925
8.81313	18.8481
8.81316	18.9036
8.81823	18.9592
8.81846	19.0147
8.81852	19.0674
8.81855	19.12
8.82923	19.1726
8.84278	19.2253
8.843	19.2779
8.84356	19.3305
8.84364	19.3832
8.84761	19.4358
8.84767	19.4884
8.84787	19.5411
8.85342	19.5937
8.85348	19.6463
8.85824	19.699
8.8624	19.7516
8.86244	19.8042
8.86257	19.8569
8.86279	19.9095
8.86286	19.9621
8.86794	20.0147
8.86811	20.0647
8.87376	20.1147
8.87768	20.1647
8.87784	20.2147
8.87799	20.2647
8.88363	20.3147
8.88369	20.3647
8.88371	20.4147
8.88788	20.4647
8.88794	20.5147
8.91269	20.5647
8.91343	20.6147
8.91349	20.6647
8.91351	20.7147
8.91778	20.7647
8.91784	20.8147
8.91788	20.8647
8.92008	20.9147
8.92032	20.9647
8.92064	21.0147
8.92483	21.0624
8.92488	21.11
8.92491	21.1576
8.92504	21.2052
8.93022	21.2528
8.93605	21.3005
8.94041	21.3481
8.94045	21.3957
8.94054	21.4433
8.94309	21.4909
8.94486	21.5386
8.94498	21.5862
8.94535	21.6338
8.94555	21.6814
8.94936	21.729
8.94947	21.7767
8.95603	21.8243
8.95609	21.8719
8.9562	21.9195
8.96134	21.9671
8.96294	22.0147
8.963	22.0602
8.96302	22.1057
8.96327	22.1511
8.96932	22.1966
8.97421	22.242
8.97906	22.2875
8.98463	22.3329
8.98469	22.3784
8.985	22.4238
8.98506	22.4693
8.98515	22.5147
8.98532	22.5602
8.99015	22.6057
8.99598	22.6511
8.9963	22.6966
8.99647	22.742
8.99671	22.7875
9.00155	22.8329
9.0051	22.8784
9.00515	22.9238
9.00517	22.9693
9.00519	23.0147
9.00521	23.0582
9.01011	23.1017
9.01022	23.1452
9.01581	23.1887
9.01604	23.2321
9.02266	23.2756
9.02737	23.3191
9.02746	23.3626
9.03207	23.4061
9.03213	23.4495
9.03215	23.493
9.03217	23.5365
9.03824	23.58
9.0434	23.6234
9.04347	23.6669
9.04376	23.7104
9.04866	23.7539
9.05425	23.7974
9.05432	23.8408
9.05434	23.8843
9.05437	23.9278
9.05451	23.9713
9.05953	24.0147
9.05979	24.0564
9.06036	24.0981
9.06512	24.1397
9.06518	24.1814
9.0712	24.2231
9.07921	24.2647
9.08419	24.3064
9.08424	24.3481
9.08427	24.3897
9.08428	24.4314
9.08431	24.4731
9.08442	24.5147
9.08452	24.5564
9.08459	24.5981
9.09044	24.6397
9.09603	24.6814
9.09609	24.7231
9.09612	24.7647
9.09614	24.8064
9.10195	24.8481
9.102	24.8897
9.10637	24.9314
9.10643	24.9731
9.10645	25.0147
9.10694	25.0547
9.11188	25.0947
9.11196	25.1347
9.11199	25.1747
9.12235	25.2147
9.1224	25.2547
9.12265	25.2947
9.12505	25.3347
9.12511	25.3747
9.12513	25.4147
9.12515	25.4547
9.13099	25.4947
9.13316	25.5347
9.13323	25.5747
9.13325	25.6147
9.13328	25.6547
9.1333	25.6947
9.13871	25.7347
9.14398	25.7747
9.14404	25.8147
9.14406	25.8547
9.14987	25.8947
9.14994	25.9347
9.14996	25.9747
9.15007	26.0147
9.15562	26.0532
9.15572	26.0917
9.16086	26.1301
9.16673	26.1686
9.17286	26.2071
9.1732	26.2455
9.17328	26.284
9.17331	26.3224
9.17333	26.3609
9.17366	26.3994
9.18395	26.4378
9.18449	26.4763
9.18908	26.5147
9.18915	26.5532
9.18918	26.5917
9.18921	26.6301
9.1895	26.6686
9.18957	26.7071
9.18967	26.7455
9.19455	26.784
9.19463	26.8224
9.19466	26.8609
9.19469	26.8994
9.19471	26.9378
9.19481	26.9763
9.19503	27.0147
9.1951	27.0518
9.20021	27.0888
9.20028	27.1259
9.21263	27.1629
9.21269	27.1999
9.21272	27.237
9.21288	27.274
9.21293	27.311
9.21295	27.3481
9.22342	27.3851
9.22801	27.4222
9.22811	27.4592
9.22815	27.4962
9.22818	27.5333
9.2282	27.5703
9.22823	27.6073
9.23444	27.6444
9.23476	27.6814
9.24513	27.7184
9.24519	27.7555
9.24533	27.7925
9.24539	27.8296
9.24551	27.8666
9.24571	27.9036
9.24578	27.9407
9.24755	27.9777
9.25074	28.0147
9.2508	28.0505
9.25083	28.0862
9.25708	28.1219
9.25721	28.1576
9.25725	28.1933
9.25727	28.229
9.2573	28.2647
9.26253	28.3005
9.26867	28.3362
9.26877	28.3719
9.26904	28.4076
9.27282	28.4433
9.27289	28.479
9.27292	28.5147
9.27296	28.5505
9.27668	28.5862
9.27675	28.6219
9.28343	28.6576
9.28386	28.6933
9.28939	28.729
9.28945	28.7647
9.28953	28.8005
9.28991	28.8362
9.29277	28.8719
9.29285	28.9076
9.29288	28.9433
9.29291	28.979
9.29293	29.0147
9.29297	29.0492
9.29299	29.0837
9.29319	29.1182
9.29819	29.1527
9.29851	29.1872
9.29872	29.2216
9.30424	29.2561
9.31019	29.2906
9.3156	29.3251
9.31567	29.3596
9.31871	29.3941
9.32386	29.4285
9.32394	29.463
9.32397	29.4975
9.324	29.532
9.32402	29.5665
9.32405	29.601
9.32963	29.6354
9.32987	29.6699
9.33031	29.7044
9.33387	29.7389
9.33528	29.7734
9.33535	29.8078
9.33538	29.8423
9.3354	29.8768
9.33543	29.9113
9.33545	29.9458
9.33547	29.9803
9.33552	30.0147
9.34096	30.0481
9.34104	30.0814
9.34108	30.1147
9.3411	30.1481
9.34113	30.1814
9.34115	30.2147
9.34117	30.2481
9.35238	30.2814
9.36159	30.3147
9.36166	30.3481
9.36758	30.3814
9.36772	30.4147
9.36978	30.4481
9.36987	30.4814
9.36991	30.5147
9.36994	30.5481
9.36996	30.5814
9.37334	30.6147
9.37342	30.6481
9.37345	30.6814
9.37348	30.7147
9.3735	30.7481
9.37384	30.7814
9.37398	30.8147
9.37403	30.8481
9.37928	30.8814
9.37936	30.9147
9.37939	30.9481
9.37942	30.9814
9.37945	31.0147
9.38444	31.047
9.38459	31.0793
9.38987	31.1115
9.39001	31.1438
9.39006	31.176
9.39009	31.2083
9.3934	31.2406
9.39347	31.2728
9.4024	31.3051
9.40318	31.3373
9.40446	31.3696
9.40456	31.4018
9.4046	31.4341
9.40785	31.4664
9.40792	31.4986
9.40961	31.5309
9.40969	31.5631
9.41007	31.5954
9.41498	31.6276
9.41509	31.6599
9.41512	31.6922
9.41845	31.7244
9.41853	31.7567
9.42008	31.7889
9.42014	31.8212
9.42017	31.8535
9.42193	31.8857
9.42199	31.918
9.42201	31.9502
9.42203	31.9825
9.42216	32.0147
9.42221	32.046
9.42744	32.0772
9.4275	32.1085
9.42752	32.1397
9.42762	32.171
9.42795	32.2022
9.42805	32.2335
9.43653	32.2647
9.43664	32.296
9.44169	32.3272
9.44175	32.3585
9.44195	32.3897
9.44782	32.421
9.44788	32.4522
9.4479	32.4835
9.44792	32.5147
9.44794	32.546
9.44796	32.5772
9.44808	32.6085
9.45477	32.6397
9.4592	32.671
9.45931	32.7022
9.45937	32.7335
9.46335	32.7647
9.46342	32.796
9.46344	32.8272
9.46346	32.8585
9.46348	32.8897
9.46751	32.921
9.46756	32.9522
9.46759	32.9835
9.46762	33.0147
9.46765	33.045
9.47138	33.0754
9.47144	33.1057
9.47147	33.136
9.47149	33.1663
9.47151	33.1966
9.47902	33.2269
9.47929	33.2572
9.47934	33.2875
9.48436	33.3178
9.48448	33.3481
9.48462	33.3784
9.48481	33.4087
9.48989	33.439
9.49026	33.4693
9.49041	33.4996
9.49059	33.5299
9.49073	33.5602
9.49082	33.5905
9.49555	33.6208
9.49563	33.6511
9.49565	33.6814
9.50059	33.7117
9.50314	33.742
9.50322	33.7723
9.50325	33.8026
9.50328	33.8329
9.50337	33.8632
9.50342	33.8935
9.50344	33.9238
9.50854	33.9541
9.50861	33.9844
9.50869	34.0147
9.51378	34.0442
9.51396	34.0736
9.51422	34.103
9.51432	34.1324
9.51863	34.1618
9.5188	34.1912
9.52396	34.2206
9.52414	34.25
9.53005	34.2795
9.5301	34.3089
9.53012	34.3383
9.53016	34.3677
9.53029	34.3971
9.53538	34.4265
9.53543	34.4559
9.54008	34.4853
9.54015	34.5147
9.54018	34.5442
9.54043	34.5736
9.54051	34.603
9.54054	34.6324
9.54943	34.6618
9.5495	34.6912
9.54953	34.7206
9.54956	34.75
9.5497	34.7795
9.54986	34.8089
9.55009	34.8383
9.55022	34.8677
9.55513	34.8971
9.55521	34.9265
9.55524	34.9559
9.55571	34.9853
9.55584	35.0147
9.56102	35.0433
9.5611	35.0719
9.56114	35.1005
9.56117	35.129
9.56136	35.1576
9.56697	35.1862
9.58369	35.2147
9.58377	35.2433
9.5838	35.2719
9.58382	35.3005
9.58387	35.329
9.5839	35.3576
9.58395	35.3862
9.58408	35.4147
9.58964	35.4433
9.5897	35.4719
9.58994	35.5005
9.59001	35.529
9.59033	35.5576
9.59069	35.5862
9.59543	35.6147
9.60086	35.6433
9.60093	35.6719
9.60096	35.7005
9.60099	35.729
9.60101	35.7576
9.60103	35.7862
9.60115	35.8147
9.60128	35.8433
9.60616	35.8719
9.6063	35.9005
9.61193	35.929
9.612	35.9576
9.61203	35.9862
9.61206	36.0147
9.61735	36.0425
9.61761	36.0703
9.61793	36.0981
9.61805	36.1259
9.61813	36.1536
9.62894	36.1814
9.63599	36.2092
9.63608	36.237
9.63836	36.2647
9.63843	36.2925
9.63845	36.3203
9.63861	36.3481
9.64383	36.3759
9.64396	36.4036
9.644	36.4314
9.64804	36.4592
9.64812	36.487
9.64815	36.5147
9.64817	36.5425
9.65423	36.5703
9.65451	36.5981
9.65467	36.6259
9.65495	36.6536
9.65502	36.6814
9.65513	36.7092
9.65974	36.737
9.65982	36.7647
9.65985	36.7925
9.65987	36.8203
9.65989	36.8481
9.65992	36.8759
9.66579	36.9036
9.66585	36.9314
9.66589	36.9592
9.66591	36.987
9.66594	37.0147
9.66597	37.0418
9.666	37.0688
9.67139	37.0958
9.67146	37.1229
9.68343	37.1499
9.69304	37.1769
9.69312	37.2039
9.69354	37.231
9.69397	37.258
9.69899	37.285
9.69908	37.312
9.69911	37.3391
9.69914	37.3661
9.69917	37.3931
9.6992	37.4202
9.69937	37.4472
9.70497	37.4742
9.70504	37.5012
9.7054	37.5283
9.70595	37.5553
9.71038	37.5823
9.71048	37.6093
9.71052	37.6364
9.71055	37.6634
9.71058	37.6904
9.7163	37.7174
9.71638	37.7445
9.71642	37.7715
9.71645	37.7985
9.72222	37.8256
9.7228	37.8526
9.72285	37.8796
9.72759	37.9066
9.72767	37.9337
9.72781	37.9607
9.72793	37.9877
9.72817	38.0147
9.73362	38.0411
9.73378	38.0674
9.73414	38.0937
9.73932	38.12
9.74586	38.1463
9.75067	38.1726
9.75072	38.199
9.75075	38.2253
9.75077	38.2516
9.7508	38.2779
9.75082	38.3042
9.75599	38.3305
9.75608	38.3569
9.75617	38.3832
9.75628	38.4095
9.76161	38.4358
9.77319	38.4621
9.77328	38.4884
9.77341	38.5147
9.77345	38.5411
9.77348	38.5674
9.77844	38.5937
9.77853	38.62
9.77892	38.6463
9.77907	38.6726
9.77912	38.699
9.77915	38.7253
9.78393	38.7516
9.78434	38.7779
9.7845	38.8042
9.78955	38.8305
9.78966	38.8569
9.79027	38.8832
9.79037	38.9095
9.79547	38.9358
9.79555	38.9621
9.79583	38.9884
9.79663	39.0147
9.80097	39.0404
9.80109	39.066
9.80116	39.0917
9.80695	39.1173
9.80703	39.143
9.80706	39.1686
9.80708	39.1942
9.8072	39.2199
9.80759	39.2455
9.80774	39.2712
9.81277	39.2968
9.81793	39.3224
9.81825	39.3481
9.81877	39.3737
9.81887	39.3994
9.82902	39.425
9.83447	39.4506
9.83462	39.4763
9.83472	39.5019
9.83511	39.5276
9.83524	39.5532
9.83986	39.5788
9.84044	39.6045
9.84052	39.6301
9.84533	39.6558
9.84541	39.6814
9.84544	39.7071
9.84548	39.7327
9.84581	39.7583
9.85067	39.784
9.85074	39.8096
9.85076	39.8353
9.85079	39.8609
9.8567	39.8865
9.85676	39.9122
9.85679	39.9378
9.85735	39.9635
9.85742	39.9891
9.86179	40.0147
9.86185	40.0397
9.86188	40.0647
9.86735	40.0897
9.86741	40.1147
9.86776	40.1397
9.86787	40.1647
9.87334	40.1897
9.87341	40.2147
9.87351	40.2397
9.87863	40.2647
9.88455	40.2897
9.88461	40.3147
9.88464	40.3397
9.88466	40.3647
9.88478	40.3897
9.89092	40.4147
9.89099	40.4397
9.89102	40.4647
9.89104	40.4897
9.89107	40.5147
9.89618	40.5397
9.89626	40.5647
9.89633	40.5897
9.89637	40.6147
9.89639	40.6397
9.90138	40.6647
9.90144	40.6897
9.90156	40.7147
9.90185	40.7397
9.90188	40.7647
9.90692	40.7897
9.91276	40.8147
9.91284	40.8397
9.91286	40.8647
9.91295	40.8897
9.91825	40.9147
9.91841	40.9397
9.92383	40.9647
9.93037	40.9897
9.93045	41.0147
9.93231	41.0391
9.93809	41.0635
9.93817	41.0879
9.9382	41.1123
9.93822	41.1367
9.93824	41.1611
9.93847	41.1855
9.94381	41.2099
9.94388	41.2343
9.94394	41.2586
9.9443	41.283
9.94435	41.3074
9.94458	41.3318
9.94923	41.3562
9.9493	41.3806
9.94932	41.405
9.94935	41.4294
9.94937	41.4538
9.94939	41.4782
9.95408	41.5026
9.95535	41.5269
9.95546	41.5513
9.9555	41.5757
9.95552	41.6001
9.95554	41.6245
9.95887	41.6489
9.96492	41.6733
9.965	41.6977
9.96503	41.7221
9.96505	41.7465
9.96508	41.7708
9.9651	41.7952
9.97065	41.8196
9.97071	41.844
9.97437	41.8684
9.97444	41.8928
9.97464	41.9172
9.98619	41.9416
9.98645	41.966
9.98652	41.9904
9.98659	42.0147
9.99698	42.0386
9.99704	42.0624
9.99707	42.0862
9.9971	42.11
9.99712	42.1338
9.99714	42.1576
9.99748	42.1814
10.0021	42.2052
10.0022	42.229
10.0022	42.2528
10.0022	42.2767
10.0022	42.3005
10.0024	42.3243
10.0024	42.3481
10.0025	42.3719
10.0121	42.3957
10.0122	42.4195
10.0122	42.4433
10.0123	42.4671
10.0123	42.4909
10.0123	42.5147
10.0124	42.5386
10.0133	42.5624
10.0133	42.5862
10.0134	42.61
10.0134	42.6338
10.0136	42.6576
10.0137	42.6814
10.0186	42.7052
10.0186	42.729
10.0187	42.7528
10.0244	42.7767
10.0247	42.8005
10.0251	42.8243
10.0297	42.8481
10.0298	42.8719
10.0358	42.8957
10.036	42.9195
10.0406	42.9433
10.0463	42.9671
10.0463	42.9909
10.0464	43.0147
10.0464	43.038
10.0511	43.0613
10.0512	43.0845
10.0512	43.1078
10.0513	43.131
10.0513	43.1543
10.0516	43.1775
10.0517	43.2008
10.0569	43.224
10.0574	43.2473
10.0576	43.2706
10.0576	43.2938
10.0577	43.3171
10.0578	43.3403
10.058	43.3636
10.0581	43.3868
10.0629	43.4101
10.063	43.4334
10.063	43.4566
10.063	43.4799
10.063	43.5031
10.0632	43.5264
10.0633	43.5496
10.0633	43.5729
10.0687	43.5961
10.0688	43.6194
10.0691	43.6427
10.0692	43.6659
10.0692	43.6892
10.0692	43.7124
10.075	43.7357
10.0791	43.7589
10.0792	43.7822
10.0792	43.8054
10.0848	43.8287
10.0858	43.852
10.0903	43.8752
10.0907	43.8985
10.0908	43.9217
10.091	43.945
10.0956	43.9682
10.0957	43.9915
10.0962	44.0147
10.0962	44.0375
10.0965	44.0602
10.1009	44.0829
10.101	44.1057
10.1064	44.1284
10.1064	44.1511
10.1065	44.1738
10.1066	44.1966
10.1067	44.2193
10.112	44.242
10.112	44.2647
10.1125	44.2875
10.1125	44.3102
10.1126	44.3329
10.1127	44.3557
10.1175	44.3784
10.1175	44.4011
10.1179	44.4238
10.1227	44.4466
10.1228	44.4693
10.1228	44.492
10.1228	44.5147
10.1229	44.5375
10.129	44.5602
10.1458	44.5829
10.1459	44.6057
10.1459	44.6284
10.1459	44.6511
10.1513	44.6738
10.1514	44.6966
10.1514	44.7193
10.1516	44.742
10.1517	44.7647
10.152	44.7875
10.1521	44.8102
10.1565	44.8329
10.1566	44.8557
10.162	44.8784
10.162	44.9011
10.1621	44.9238
10.1621	44.9466
10.1623	44.9693
10.1623	44.992
10.1624	45.0147
10.1677	45.037
10.1677	45.0592
10.1678	45.0814
10.168	45.1036
10.1681	45.1259
10.1683	45.1481
10.1684	45.1703
10.1684	45.1925
10.1735	45.2147
10.1735	45.237
10.1736	45.2592
10.1737	45.2814
10.1789	45.3036
10.1789	45.3259
10.1791	45.3481
10.1798	45.3703
10.1849	45.3925
10.185	45.4147
10.185	45.437
10.185	45.4592
10.1851	45.4814
10.1852	45.5036
10.1909	45.5259
10.2019	45.5481
10.2022	45.5703
10.2028	45.5925
10.2029	45.6147
10.213	45.637
10.2134	45.6592
10.2135	45.6814
10.2138	45.7036
10.2186	45.7259
10.2187	45.7481
10.2188	45.7703
10.2188	45.7925
10.2188	45.8147
10.2189	45.837
10.219	45.8592
10.2245	45.8814
10.2245	45.9036
10.2247	45.9259
10.225	45.9481
10.2251	45.9703
10.2251	45.9925
10.2252	46.0147
10.2254	46.0365
10.2302	46.0582
10.2316	46.08
10.2316	46.1017
10.2319	46.1234
10.2319	46.1452
10.2319	46.1669
10.236	46.1887
10.2361	46.2104
10.2362	46.2321
10.2365	46.2539
10.2419	46.2756
10.2474	46.2974
10.2475	46.3191
10.2478	46.3408
10.2482	46.3626
10.253	46.3843
10.2531	46.4061
10.2533	46.4278
10.2535	46.4495
10.2596	46.4713
10.2644	46.493
10.2707	46.5147
10.2707	46.5365
10.2708	46.5582
10.2708	46.58
10.2708	46.6017
10.2708	46.6234
10.271	46.6452
10.2711	46.6669
10.2759	46.6887
10.2759	46.7104
10.276	46.7321
10.2763	46.7539
10.2823	46.7756
10.2823	46.7974
10.2824	46.8191
10.2824	46.8408
10.2824	46.8626
10.2824	46.8843
10.2825	46.9061
10.2874	46.9278
10.2875	46.9495
10.2875	46.9713
10.2875	46.993
10.2877	47.0147
10.293	47.036
10.2931	47.0573
10.2931	47.0786
10.2931	47.0999
10.2932	47.1211
10.2933	47.1424
10.2991	47.1637
10.2991	47.185
10.3046	47.2062
10.3046	47.2275
10.3047	47.2488
10.3216	47.2701
10.3217	47.2913
10.3217	47.3126
10.3217	47.3339
10.3218	47.3552
10.322	47.3764
10.3221	47.3977
10.3221	47.419
10.3274	47.4403
10.3275	47.4616
10.3279	47.4828
10.3281	47.5041
10.3282	47.5254
10.3328	47.5467
10.3329	47.5679
10.3329	47.5892
10.3329	47.6105
10.333	47.6318
10.3334	47.653
10.3335	47.6743
10.3384	47.6956
10.3385	47.7169
10.3441	47.7382
10.3441	47.7594
10.3442	47.7807
10.3506	47.802
10.3506	47.8233
10.3507	47.8445
10.351	47.8658
10.3511	47.8871
10.3556	47.9084
10.3557	47.9296
10.3557	47.9509
10.3619	47.9722
10.362	47.9935
10.362	48.0147
10.3621	48.0356
10.3624	48.0564
10.3626	48.0772
10.3671	48.0981
10.3672	48.1189
10.3672	48.1397
10.3672	48.1606
10.3673	48.1814
10.3673	48.2022
10.3676	48.2231
10.3738	48.2439
10.3764	48.2647
10.3765	48.2856
10.3766	48.3064
10.3766	48.3272
10.3767	48.3481
10.3819	48.3689
10.3824	48.3897
10.3827	48.4106
10.3829	48.4314
10.3862	48.4522
10.3863	48.4731
10.3863	48.4939
10.3864	48.5147
10.3917	48.5356
10.3925	48.5564
10.3925	48.5772
10.3926	48.5981
10.3926	48.6189
10.3929	48.6397
10.393	48.6606
10.3982	48.6814
10.3982	48.7022
10.3983	48.7231
10.3983	48.7439
10.3983	48.7647
10.4046	48.7856
10.41	48.8064
10.4101	48.8272
10.4101	48.8481
10.4102	48.8689
10.4159	48.8897
10.416	48.9106
10.416	48.9314
10.416	48.9522
10.4161	48.9731
10.4161	48.9939
10.4164	49.0147
10.4212	49.0352
10.4213	49.0556
10.4213	49.076
10.4213	49.0964
10.4214	49.1168
10.4214	49.1372
10.4214	49.1576
10.4214	49.178
10.427	49.1984
10.4271	49.2188
10.4273	49.2392
10.4274	49.2596
10.4274	49.2801
10.4321	49.3005
10.4321	49.3209
10.4322	49.3413
10.4322	49.3617
10.4323	49.3821
10.4324	49.4025
10.4324	49.4229
10.4324	49.4433
10.4379	49.4637
10.4379	49.4841
10.443	49.5045
10.4431	49.5249
10.4431	49.5454
10.4431	49.5658
10.4432	49.5862
10.4432	49.6066
10.4433	49.627
10.4488	49.6474
10.4488	49.6678
10.449	49.6882
10.4493	49.7086
10.4494	49.729
10.4496	49.7494
10.4498	49.7698
10.4501	49.7903
10.4542	49.8107
10.4543	49.8311
10.4654	49.8515
10.4708	49.8719
10.4709	49.8923
10.471	49.9127
10.4765	49.9331
10.4766	49.9535
10.4768	49.9739
10.477	49.9943
10.4771	50.0147
10.4772	50.0347
10.4774	50.0547
10.4779	50.0747
10.4814	50.0947
10.4815	50.1147
10.4815	50.1347
10.4819	50.1547
10.482	50.1747
10.486	50.1947
10.4904	50.2147
10.4955	50.2347
10.4976	50.2547
10.4977	50.2747
10.4978	50.2947
10.498	50.3147
10.5031	50.3347
10.5032	50.3547
10.5032	50.3747
10.5035	50.3947
10.5036	50.4147
10.5089	50.4347
10.5089	50.4547
10.509	50.4747
10.509	50.4947
10.514	50.5147
10.5141	50.5347
10.5141	50.5547
10.5142	50.5747
10.5142	50.5947
10.5193	50.6147
10.5194	50.6347
10.5195	50.6547
10.5196	50.6747
10.5197	50.6947
10.5198	50.7147
10.5198	50.7347
10.5199	50.7547
10.5252	50.7747
10.5252	50.7947
10.5254	50.8147
10.5255	50.8347
10.5257	50.8547
10.5261	50.8747
10.5363	50.8947
10.5364	50.9147
10.5364	50.9347
10.5368	50.9547
10.5368	50.9747
10.5369	50.9947
10.5372	51.0147
10.5414	51.0344
10.5415	51.054
10.5415	51.0736
10.5416	51.0932
10.5417	51.1128
10.5418	51.1324
10.5419	51.152
10.5468	51.1716
10.5469	51.1912
10.5472	51.2108
10.5518	51.2304
10.5519	51.25
10.552	51.2696
10.5546	51.2893
10.5546	51.3089
10.5547	51.3285
10.5547	51.3481
10.5551	51.3677
10.5589	51.3873
10.559	51.4069
10.559	51.4265
10.559	51.4461
10.5673	51.4657
10.5674	51.4853
10.5675	51.5049
10.5675	51.5245
10.5675	51.5442
10.5782	51.5638
10.5783	51.5834
10.5783	51.603
10.5784	51.6226
10.5784	51.6422
10.5784	51.6618
10.5785	51.6814
10.5837	51.701
10.5837	51.7206
10.5839	51.7402
10.5839	51.7598
10.584	51.7795
10.584	51.7991
10.5841	51.8187
10.589	51.8383
10.589	51.8579
10.5891	51.8775
10.5892	51.8971
10.5893	51.9167
10.5943	51.9363
10.5944	51.9559
10.5945	51.9755
10.5947	51.9951
10.5949	52.0147
10.6002	52.034
10.6003	52.0532
10.6004	52.0724
10.601	52.0917
10.6056	52.1109
10.6056	52.1301
10.6057	52.1494
10.6058	52.1686
10.6112	52.1878
10.6114	52.2071
10.6114	52.2263
10.6117	52.2455
10.6118	52.2647
10.6119	52.284
10.6165	52.3032
10.6165	52.3224
10.6166	52.3417
10.6225	52.3609
10.6278	52.3801
10.628	52.3994
10.6285	52.4186
10.6288	52.4378
10.6331	52.4571
10.6331	52.4763
10.6332	52.4955
10.6332	52.5147
10.6387	52.534
10.6388	52.5532
10.6392	52.5724
10.6438	52.5917
10.6439	52.6109
10.6439	52.6301
10.6439	52.6494
10.644	52.6686
10.6442	52.6878
10.6493	52.7071
10.6493	52.7263
10.6494	52.7455
10.6494	52.7647
10.6495	52.784
10.6495	52.8032
10.6495	52.8224
10.6549	52.8417
10.655	52.8609
10.6551	52.8801
10.6551	52.8994
10.6552	52.9186
10.6554	52.9378
10.6554	52.9571
10.6556	52.9763
10.6602	52.9955
10.6603	53.0147
10.6604	53.0336
10.6604	53.0525
10.6604	53.0713
10.6605	53.0902
10.6662	53.1091
10.6663	53.128
10.6663	53.1468
10.6771	53.1657
10.6772	53.1846
10.6773	53.2034
10.6776	53.2223
10.6777	53.2412
10.6777	53.26
10.6822	53.2789
10.6822	53.2978
10.6823	53.3166
10.6823	53.3355
10.6824	53.3544
10.6825	53.3732
10.6825	53.3921
10.6877	53.411
10.6878	53.4298
10.6878	53.4487
10.6879	53.4676
10.6879	53.4864
10.688	53.5053
10.6933	53.5242
10.6939	53.543
10.6941	53.5619
10.6944	53.5808
10.6987	53.5997
10.6987	53.6185
10.6988	53.6374
10.6988	53.6563
10.699	53.6751
10.7043	53.694
10.7043	53.7129
10.705	53.7317
10.7053	53.7506
10.7097	53.7695
10.7098	53.7883
10.7098	53.8072
10.7154	53.8261
10.7158	53.8449
10.7161	53.8638
10.7164	53.8827
10.7205	53.9015
10.7206	53.9204
10.7208	53.9393
10.7209	53.9581
10.7209	53.977
10.7262	53.9959
10.7262	54.0147
10.7264	54.0333
10.7267	54.0518
10.7267	54.0703
10.7319	54.0888
10.7371	54.1073
10.7372	54.1259
10.7427	54.1444
10.7428	54.1629
10.7429	54.1814
10.7432	54.1999
10.7433	54.2184
10.7433	54.237
10.7435	54.2555
10.7482	54.274
10.7482	54.2925
10.7483	54.311
10.7483	54.3296
10.7483	54.3481
10.7536	54.3666
10.7537	54.3851
10.7537	54.4036
10.7537	54.4222
10.754	54.4407
10.7544	54.4592
10.7587	54.4777
10.7589	54.4962
10.759	54.5147
10.7593	54.5333
10.7647	54.5518
10.7648	54.5703
10.7651	54.5888
10.7654	54.6073
10.7654	54.6259
10.7655	54.6444
10.77	54.6629
10.77	54.6814
10.7701	54.6999
10.7701	54.7184
10.7701	54.737
10.7754	54.7555
10.7755	54.774
10.7808	54.7925
10.781	54.811
10.7812	54.8296
10.7865	54.8481
10.787	54.8666
10.7871	54.8851
10.7872	54.9036
10.792	54.9222
10.7921	54.9407
10.7976	54.9592
10.798	54.9777
10.7981	54.9962
10.8027	55.0147
10.8028	55.0329
10.8028	55.0511
10.8028	55.0693
10.8028	55.0875
10.8031	55.1057
10.8032	55.1238
10.8033	55.142
10.8084	55.1602
10.8084	55.1784
10.8085	27.5892
10.8085	27.6262
10.8086	27.6633
10.8088	27.7003
10.8089	27.7373
10.8089	27.7744
10.814	27.8114
10.814	27.8485
10.8195	27.8855
10.8201	27.9225
10.8203	27.9596
10.8248	27.9966
10.8249	28.0336
10.8249	28.0693
10.8249	28.1051
10.8305	28.1408
10.8309	28.1765
10.831	28.2122
10.8315	28.2479
10.8357	28.2836
10.8358	28.3193
10.836	28.3551
10.8411	28.3908
10.8412	28.4265
10.8413	28.4622
10.8413	28.4979
10.8414	28.5336
10.8414	28.5693
10.8414	28.6051
10.8467	28.6408
10.8468	28.6765
10.8468	28.7122
10.8469	28.7479
10.847	28.7836
10.8521	28.8193
10.8526	28.8551
10.8577	28.8908
10.8578	28.9265
10.8581	28.9622
10.8582	28.9979
10.8635	29.0336
10.8636	29.0681
10.8688	29.1026
10.8689	29.1371
10.8689	29.1716
10.8689	29.206
10.869	29.2405
10.869	29.275
10.869	29.3095
10.8691	29.344
10.8744	29.3785
10.8744	29.4129
10.8746	29.4474
10.8749	29.4819
10.8852	29.5164
10.9019	29.5509
10.9021	29.5854
10.9074	29.6198
10.9074	29.6543
10.9077	29.6888
10.9078	29.7233
10.9079	29.7578
10.9126	29.7923
10.9127	29.8267
10.9127	29.8612
10.9128	29.8957
10.9129	29.9302
10.9129	29.9647
10.9129	29.9992
10.9182	30.0336
10.9182	30.067
10.9183	30.1003
10.9183	30.1336
10.9184	30.167
10.9184	30.2003
10.9184	30.2336
10.9185	30.267
10.9236	30.3003
10.9237	15.1502
10.9238	15.2168
10.9239	15.2835
10.9241	15.3502
10.9346	15.4168
10.9485	15.4835
10.9486	15.5502
10.9487	15.6168
10.9487	15.6835
10.9488	15.7502
10.9488	15.8168
10.9538	15.8835
10.9549	15.9502
10.955	16.0168
10.955	16.0793
10.9552	16.1418
10.9601	16.2043
10.9602	16.2668
10.9603	16.3293
10.9609	16.3918
10.9657	16.4543
10.9657	16.5168
10.9657	16.5793
10.9658	16.6418
10.9659	16.7043
10.9662	16.7668
10.9662	16.8293
10.9709	16.8918
10.9711	16.9543
10.9775	17.0168
10.9933	17.0756
11.0053	17.1345
11.0078	17.1933
11.0079	17.2521
11.0127	17.3109
11.0128	17.3698
11.0128	17.4286
11.0167	17.4874
11.0168	17.5462
11.0168	17.6051
11.0169	17.6639
11.0169	17.7227
11.0169	17.7815
11.0169	17.8403
11.0339	17.8992
11.034	17.958
11.0395	18.0168
11.0501	18.0724
11.0503	18.1279
11.0543	18.1835
11.0571	18.239
11.0572	18.2946
11.0572	18.3502
11.0572	18.4057
11.0614	18.4613
11.0617	18.5168
11.0634	18.5724
11.0635	18.6279
11.0636	18.6835
11.0637	18.739
11.0701	18.7946
11.0702	18.8502
11.0801	18.9057
11.0803	18.9613
11.0867	19.0168
11.0869	19.0694
11.0872	19.1221
11.0923	19.1747
11.0926	19.2273
11.0927	19.28
11.0962	19.3326
11.099	19.3852
11.1038	19.4379
11.104	19.4905
11.1045	19.5431
11.1092	19.5958
11.1092	19.6484
11.1093	19.701
11.1094	19.7537
11.1193	19.8063
11.1395	19.8589
11.1395	19.9116
11.1396	19.9642
11.1396	20.0168
11.1454	20.0668
11.1457	20.1168
11.1458	20.1668
11.1461	20.2168
11.1502	20.2668
11.1503	20.3168
11.1559	20.3668
11.156	20.4168
11.156	20.4668
11.1562	20.5168
11.1613	20.5668
11.1613	20.6168
11.1613	20.6668
11.1676	20.7168
11.1724	20.7668
11.1725	20.8168
11.1825	20.8668
11.1826	20.9168
11.1879	20.9668
11.188	21.0168
11.1882	21.0644
11.1885	21.1121
11.1886	21.1597
11.193	21.2073
11.1931	21.2549
11.1983	21.3025
11.1985	21.3502
11.1986	21.3978
11.2039	21.4454
11.2039	21.493
11.204	21.5406
11.2041	21.5882
11.2095	21.6359
11.2148	21.6835
11.2149	21.7311
11.226	21.7787
11.2261	21.8263
11.2313	21.874
11.2347	21.9216
11.2353	21.9692
11.2368	22.0168
11.2378	22.0623
11.2383	22.1077
11.2394	22.1532
11.2395	22.1986
11.242	22.2441
11.2421	22.2895
11.2421	22.335
11.2442	22.3805
11.2443	22.4259
11.2476	22.4714
11.2477	22.5168
11.2504	22.5623
11.2534	22.6077
11.2555	22.6532
11.27	22.6986
11.27	22.7441
11.2701	22.7895
11.2704	22.835
11.2735	22.8805
11.2736	22.9259
11.2736	22.9714
11.2778	23.0168
11.2778	23.0603
11.2779	23.1038
11.2781	23.1473
11.2837	23.1907
11.2888	23.2342
11.2899	23.2777
11.29	23.3212
11.29	23.3646
11.29	23.4081
11.2941	23.4516
11.2943	23.4951
11.2944	23.5386
11.2944	23.582
11.3108	23.6255
11.3248	23.669
11.3249	23.7125
11.3249	23.7559
11.3249	23.7994
11.325	23.8429
11.3285	23.8864
11.3286	23.9299
11.3286	23.9733
11.3286	24.0168
11.3286	24.0585
11.3287	24.1002
11.3287	24.1418
11.3289	24.1835
11.3341	24.2252
11.3341	24.2668
11.3342	24.3085
11.3342	24.3502
11.3344	24.3918
11.3384	24.4335
11.3385	24.4752
11.3386	24.5168
11.346	24.5585
11.356	24.6002
11.3573	24.6418
11.3588	24.6835
11.3603	24.7252
11.3604	24.7668
11.3623	24.8085
11.3639	24.8502
11.3639	24.8918
11.3661	24.9335
11.3667	24.9752
11.3688	25.0168
11.3689	25.0568
11.3689	25.0968
11.369	25.1368
11.3691	25.1768
11.374	25.2168
11.3741	25.2568
11.3758	25.2968
11.3759	25.3368
11.376	25.3768
11.376	25.4168
11.3794	25.4568
11.3816	25.4968
11.382	25.5368
11.3906	25.5768
11.3933	25.6168
11.3934	25.6568
11.3935	25.6968
11.3969	25.7368
11.4045	25.7768
11.4045	25.8168
11.4061	25.8568
11.4073	25.8968
11.4074	25.9368
11.41	25.9768
11.41	26.0168
11.4101	26.0553
11.4137	26.0937
11.4138	26.1322
11.4138	26.1707
11.4138	26.2091
11.4221	26.2476
11.4222	26.286
11.4224	26.3245
11.4277	26.363
11.4278	26.4014
11.4279	26.4399
11.4279	26.4784
11.428	26.5168
11.428	26.5553
11.4333	26.5937
11.4333	26.6322
11.4371	26.6707
11.4405	26.7091
11.4406	26.7476
11.4407	26.786
11.444	26.8245
11.4442	26.863
11.4443	26.9014
11.4445	26.9399
11.4475	26.9784
11.4475	27.0168
11.4476	27.0539
11.4505	27.0909
11.4506	27.1279
11.4507	27.165
11.4543	27.202
11.4544	27.239
11.4544	27.2761
11.4597	27.3131
11.4597	27.3502
11.4598	27.3872
11.4652	27.4242
11.4653	27.4613
11.4653	27.4983
11.4653	27.5353
11.4654	27.5724
11.4708	27.6094
11.4724	27.6464
11.4837	27.6835
11.4895	27.7205
11.4914	27.7576
11.4915	27.7946
11.4915	27.8316
11.4915	27.8687
11.5029	27.9057
11.5031	27.9427
11.5064	27.9798
11.5065	28.0168
11.5066	28.0525
11.5066	28.0882
11.5103	28.124
11.5104	28.1597
11.5133	28.1954
11.5134	28.2311
11.5134	28.2668
11.5134	28.3025
11.5134	28.3382
11.5135	28.374
11.5183	28.4097
11.5183	28.4454
11.5184	28.4811
11.5184	28.5168
11.5239	28.5525
11.5242	28.5882
11.5243	28.624
11.5319	28.6597
11.537	28.6954
11.537	28.7311
11.5425	28.7668
11.5428	28.8025
11.5436	28.8382
11.5481	28.874
11.5481	28.9097
11.5482	28.9454
11.5533	28.9811
11.554	29.0168
11.5542	29.0513
11.5542	29.0858
11.555	29.1203
11.555	29.1547
11.5551	29.1892
11.5551	29.2237
11.5588	29.2582
11.5589	29.2927
11.5589	29.3272
11.559	29.3616
11.559	29.3961
11.559	29.4306
11.5591	29.4651
11.5644	29.4996
11.5648	29.5341
11.57	29.5685
11.5701	29.603
11.5753	29.6375
11.5936	29.672
11.597	29.7065
11.5972	29.741
11.5972	29.7754
11.6043	29.8099
11.6044	29.8444
11.6046	29.8789
11.6095	29.9134
11.6095	29.9479
11.6096	29.9823
11.6099	30.0168
11.6145	30.0502
11.6147	30.0835
11.6147	30.1168
11.6148	30.1502
11.6148	30.1835
11.6202	30.2168
11.6204	30.2502
11.6206	30.2835
11.6255	30.3168
11.6256	30.3502
11.6257	30.3835
11.6258	30.4168
11.626	30.4502
11.6261	30.4835
11.6309	30.5168
11.631	30.5502
11.631	30.5835
11.631	30.6168
11.6422	30.6502
11.6423	30.6835
11.6474	30.7168
11.6532	30.7502
11.6585	30.7835
11.6586	30.8168
11.6586	30.8502
11.6637	30.8835
11.6638	30.9168
11.6639	30.9502
11.6643	30.9835
11.6694	31.0168
11.6695	31.0491
11.6696	31.0813
11.6749	31.1136
11.675	31.1459
11.6751	31.1781
11.6753	31.2104
11.6754	31.2426
11.6801	31.2749
11.6805	31.3071
11.6805	31.3394
11.6806	31.3717
11.6858	31.4039
11.6859	31.4362
11.686	31.4684
11.6864	31.5007
11.6913	31.5329
11.6913	31.5652
11.697	31.5975
11.6974	31.6297
11.708	31.662
11.7129	31.6942
11.7131	31.7265
11.7132	31.7588
11.7187	31.791
11.7197	31.8233
11.724	31.8555
11.7241	31.8878
11.7241	31.92
11.7243	31.9523
11.7244	31.9846
11.7295	32.0168
11.7297	32.0481
11.7299	32.0793
11.7302	32.1106
11.735	32.1418
11.7351	32.1731
11.7353	32.2043
11.7408	32.2356
11.7408	32.2668
11.7413	32.2981
11.7414	32.3293
11.7461	32.3606
11.7461	32.3918
11.7462	32.4231
11.7462	32.4543
11.7462	32.4856
11.7462	32.5168
11.7521	32.5481
11.7525	32.5793
11.763	32.6106
11.7632	32.6418
11.7634	32.6731
11.768	32.7043
11.7737	32.7356
11.7741	32.7668
11.7744	32.7981
11.7788	32.8293
11.7789	32.8606
11.779	32.8918
11.779	32.9231
11.7851	32.9543
11.79	32.9856
11.7901	33.0168
11.7902	33.0471
11.7904	33.0774
11.7955	33.1077
11.7956	33.138
11.7961	33.1683
11.8014	33.1986
11.8015	33.2289
11.8064	33.2592
11.8068	33.2895
11.8069	33.3198
11.8069	33.3502
11.807	33.3805
11.8072	33.4108
11.8119	33.4411
11.8119	33.4714
11.8179	33.5017
11.8179	33.532
11.823	33.5623
11.8231	33.5926
11.8284	33.6229
11.8284	33.6532
11.8339	33.6835
11.834	33.7138
11.8393	33.7441
11.8393	33.7744
11.8397	33.8047
11.8397	33.835
11.8398	33.8653
11.8447	33.8956
11.8448	33.9259
11.8449	33.9562
11.8501	33.9865
11.8501	34.0168
11.8502	34.0462
11.8508	34.0756
11.8555	34.1051
11.8556	34.1345
11.8556	34.1639
11.8614	34.1933
11.8615	34.2227
11.8616	34.2521
11.8617	34.2815
11.8617	34.3109
11.8722	34.3403
11.8723	34.3698
11.8724	34.3992
11.8728	34.4286
11.8776	34.458
11.8777	34.4874
11.8777	34.5168
11.8777	34.5462
11.8884	34.5756
11.8885	34.6051
11.8887	34.6345
11.8944	34.6639
11.8995	34.6933
11.8996	34.7227
11.8996	34.7521
11.8996	34.7815
11.9055	34.8109
11.9056	34.8403
11.9057	34.8698
11.9102	34.8992
11.9106	34.9286
11.9159	34.958
11.916	34.9874
11.9162	35.0168
11.9165	35.0454
11.9166	35.074
11.9214	35.1025
11.9215	35.1311
11.9215	17.5656
11.9216	17.6244
11.9218	17.6832
11.9268	17.742
11.9274	17.8008
11.9321	17.8597
11.9322	17.9185
11.9322	17.9773
11.9323	18.0361
11.9381	18.0917
11.9382	18.1473
11.9383	18.2028
11.9433	18.2584
11.9436	18.3139
11.9438	18.3695
11.9438	18.425
11.9547	18.4806
11.9602	18.5361
11.9603	18.5917
11.9606	18.6473
11.9607	18.7028
11.9652	18.7584
11.9653	18.8139
11.9653	18.8695
11.9715	18.925
11.9762	18.9806
11.9762	19.0361
11.9822	19.0888
11.9824	19.1414
11.9824	19.194
11.9825	19.2467
11.9825	19.2993
11.9871	19.3519
11.998	19.4046
12.0147	9.70228
12.0201	9.81339
12.0259	9.9245
12.0259	10.0356
12.026	10.1356
12.0261	10.2356
12.0261	10.3356
12.0309	10.4356
12.0309	10.5356
12.031	10.6356
12.0311	10.7356
12.0366	10.8356
12.0418	10.9356
12.0418	11.0356
12.0419	11.1265
12.0419	11.2174
12.0421	11.3083
12.0478	11.3993
12.0532	11.4902
12.0639	11.5811
12.0694	11.672
12.0695	11.7629
12.0748	11.8538
12.0748	11.9447
12.0749	12.0356
12.075	12.1189
12.075	12.2023
12.0752	12.2856
12.0802	12.3689
12.0809	12.4523
12.0918	12.5356
12.0963	12.6189
12.0964	12.7023
12.0964	12.7856
12.0965	12.8689
12.0967	12.9523
12.0968	13.0356
12.0968	13.1125
12.1077	13.1895
12.1078	13.2664
12.1083	13.3433
12.1084	13.4202
12.1218	13.4972
12.1218	13.5741
12.1238	13.651
12.1239	13.7279
12.1239	13.8048
12.1239	13.8818
12.124	13.9587
12.1242	14.0356
12.1293	14.107
12.1451	14.1785
12.1472	14.2499
12.1473	14.3213
12.1502	14.3928
12.1505	14.4642
12.1507	14.5356
12.1529	14.607
12.153	14.6785
12.153	14.7499
12.153	14.8213
12.1563	14.8928
12.1566	14.9642
12.1605	15.0356
12.1612	15.1023
12.1615	15.1689
12.1669	15.2356
12.1731	15.3023
12.1774	15.3689
12.1781	15.4356
12.1782	15.5023
12.1794	15.5689
12.1795	15.6356
12.1795	15.7023
12.1859	15.7689
12.1866	15.8356
12.1874	15.9023
12.1935	15.9689
12.1942	16.0356
12.1944	16.0981
12.1973	16.1606
12.1978	16.2231
12.1979	16.2856
12.1992	16.3481
12.2	16.4106
12.2008	16.4731
12.2009	16.5356
12.2028	16.5981
12.2029	16.6606
12.2043	16.7231
12.205	16.7856
12.2196	16.8481
12.2247	16.9106
12.2289	16.9731
12.23	17.0356
12.2309	17.0944
12.2363	17.1533
12.2364	17.2121
12.2379	17.2709
12.2379	17.3297
12.238	17.3886
12.238	17.4474
12.2407	17.5062
12.2408	17.565
12.2408	17.6238
12.2408	17.6827
12.2458	17.7415
12.2485	17.8003
12.2518	17.8591
12.2519	17.918
12.2519	17.9768
12.2568	18.0356
12.2632	18.0912
12.2646	18.1467
12.2652	18.2023
12.2653	18.2578
12.2653	18.3134
12.2676	18.3689
12.2726	18.4245
12.2727	18.4801
12.2746	18.5356
12.2749	18.5912
12.2749	18.6467
12.2749	18.7023
12.2772	18.7578
12.2773	18.8134
12.2786	18.8689
12.2844	18.9245
12.2855	18.9801
12.2889	19.0356
12.2897	19.0882
12.2903	19.1409
12.2909	19.1935
12.2916	19.2461
12.2923	19.2988
12.2929	19.3514
12.2939	19.404
12.2998	19.4567
12.3008	19.5093
12.3028	19.5619
12.3028	19.6146
12.3029	19.6672
12.3029	19.7198
12.3057	19.7725
12.3096	19.8251
12.3103	19.8777
12.3114	19.9304
12.3121	19.983
12.313	20.0356
12.3142	20.0856
12.3151	20.1356
12.3174	20.1856
12.3207	20.2356
12.3217	20.2856
12.3222	20.3356
12.323	20.3856
12.3231	20.4356
12.3232	20.4856
12.3232	20.5356
12.3232	20.5856
12.3266	20.6356
12.3292	20.6856
12.333	20.7356
12.3346	20.7856
12.3351	20.8356
12.3365	20.8856
12.3366	20.9356
12.3367	20.9856
12.3367	21.0356
12.3368	21.0832
12.3407	21.1309
12.3413	21.1785
12.3421	21.2261
12.3422	21.2737
12.3476	21.3213
12.3493	21.3689
12.3503	21.4166
12.3503	21.4642
12.3504	21.5118
12.3528	21.5594
12.3528	21.607
12.3531	21.6547
12.3549	21.7023
12.3585	21.7499
12.362	21.7975
12.3642	21.8451
12.3642	21.8928
12.3655	21.9404
12.3679	21.988
