time	cwndsize
0.265291	11
0.266661	12
0.267935	13
0.269047	14
0.270402	15
0.270534	16
0.273105	17
0.274507	18
0.275994	19
0.277921	20
0.27916	21
0.280434	22
0.282342	23
0.28327	24
0.284898	25
0.287552	26
0.289175	27
0.289286	28
0.291153	29
0.293121	30
0.294965	31
0.295829	32
0.295869	33
0.298726	34
0.301509	35
0.303054	36
0.303705	37
0.307044	38
0.308086	39
0.308138	40
0.31055	41
0.312748	42
0.312814	43
0.314315	44
0.31536	45
0.318658	46
0.319055	47
0.319128	48
0.321654	49
0.324618	50
0.327282	51
0.329766	52
0.329871	53
0.332871	54
0.332939	55
0.333228	56
0.336011	57
0.336147	58
0.336411	59
0.33799	60
0.338479	61
0.338658	62
0.341397	63
0.341437	64
0.341452	65
0.344886	66
0.345038	67
0.347707	68
0.349819	69
0.349942	70
0.351145	71
0.351249	72
0.354122	73
0.355408	74
0.357734	75
0.357844	76
0.360465	77
0.360999	78
0.361786	79
0.364848	80
0.364909	81
0.366924	82
0.366992	83
0.368936	84
0.368985	85
0.369001	86
0.369023	87
0.372523	88
0.37425	89
0.374293	90
0.374602	91
0.377938	92
0.378051	93
0.380404	94
0.380455	95
0.382049	96
0.384068	97
0.384312	98
0.384389	99
0.387304	100
0.388746	101
0.388789	102
0.388941	103
0.389127	104
0.391509	105
0.391579	106
0.391641	107
0.391676	108
0.394559	109
0.394715	110
0.39488	111
0.39503	112
0.397336	113
0.397424	114
0.397528	115
0.399694	116
0.399734	117
0.399812	118
0.399985	119
0.400113	120
0.40319	121
0.403316	122
0.403456	123
0.405492	124
0.40667	125
0.406794	126
0.406895	127
0.407089	128
0.407163	129
0.407247	130
0.411175	131
0.411306	132
0.411422	133
0.416368	134
0.416497	135
0.416633	136
0.41678	137
0.416913	138
0.422117	139
0.422297	140
0.422494	141
0.422671	142
0.425972	143
0.427732	144
0.427906	145
0.428041	146
0.428172	147
0.433675	148
0.433782	149
0.437816	150
0.437866	151
0.438887	152
0.439355	153
0.439482	154
0.439602	155
0.439799	156
0.439892	157
0.44414	158
0.444278	159
0.444932	160
0.445049	161
0.450465	162
0.450617	163
0.450776	164
0.450878	165
0.456423	166
0.456524	167
0.456569	168
0.460003	169
0.460061	170
0.463231	171
0.463588	172
0.463636	173
0.463654	174
0.469151	175
0.469476	176
0.474197	177
0.476279	178
0.476326	179
0.476519	180
0.476823	181
0.476932	182
0.481581	183
0.481625	184
0.483072	185
0.48312	186
0.487914	187
0.492024	188
0.492065	189
0.492137	190
0.492396	191
0.495936	192
0.496115	193
0.496376	194
0.496473	195
0.496573	196
0.501126	197
0.505308	198
0.505368	199
0.506606	200
0.506655	201
0.506794	202
0.506873	203
0.506925	204
0.51476	205
0.514817	206
0.514847	207
0.514915	208
0.515137	209
0.515247	210
0.515299	211
0.52068	212
0.52115	213
0.521222	214
0.52127	215
0.52145	216
0.521537	217
0.526447	218
0.530585	219
0.533377	220
0.533431	221
0.533502	222
0.533573	223
0.533857	224
0.536726	225
0.536794	226
0.544819	227
0.544924	228
0.545038	229
0.545309	230
0.548311	231
0.548363	232
0.551769	233
0.55196	234
0.552023	235
0.552336	236
0.557081	237
0.557134	238
0.557187	239
0.557209	240
0.557273	241
0.562638	242
0.562701	243
0.56274	244
0.562761	245
0.562777	246
0.562845	247
0.570447	248
0.570603	249
0.570924	250
0.570966	251
0.570989	252
0.571007	253
0.575689	254
0.575746	255
0.575768	256
0.575787	257
0.575912	258
0.575973	259
0.575994	260
0.57653	261
0.581141	262
0.581206	263
0.581258	264
0.581312	265
0.581676	266
0.581729	267
0.587463	268
0.587604	269
0.587787	270
0.587928	271
0.588155	272
0.588266	273
0.588421	274
0.588667	275
0.588818	276
0.592299	277
0.59245	278
0.592575	279
0.592828	280
0.59295	281
0.593063	282
0.593157	283
0.599497	284
0.599636	285
0.599824	286
0.600019	287
0.600214	288
0.60048	289
0.600678	290
0.603296	291
0.603338	292
0.604798	293
0.604929	294
0.605526	295
0.608777	296
0.608847	297
0.608874	298
0.608948	299
0.616006	300
0.616073	301
0.616097	302
0.62018	303
0.620403	304
0.62055	305
0.622871	306
0.62292	307
0.625319	308
0.625442	309
0.62554	310
0.625691	311
0.625796	312
0.625837	313
0.625891	314
0.630963	315
0.633165	316
0.633218	317
0.633256	318
0.633324	319
0.636192	320
0.636243	321
0.64172	322
0.64191	323
0.642005	324
0.642058	325
0.642133	326
0.647155	327
0.647209	328
0.64729	329
0.647766	330
0.653055	331
0.653164	332
0.653285	333
0.653489	334
0.658317	335
0.658429	336
0.658516	337
0.661934	338
0.662007	339
0.663943	340
0.668991	341
0.669066	342
0.669219	343
0.669316	344
0.669339	345
0.669469	346
0.674767	347
0.674853	348
0.67998	349
0.680052	350
0.680133	351
0.680337	352
0.680425	353
0.680478	354
0.685589	355
0.68564	356
0.685673	357
0.685748	358
0.690594	359
0.690939	360
0.690993	361
0.691307	362
0.691401	363
0.6968	364
0.696859	365
0.697161	182.5
0.697416	182.505
0.702103	182.511
0.702262	182.516
0.702337	182.522
0.702384	182.527
0.702468	182.533
0.702536	182.538
0.707556	182.544
0.707607	182.549
0.707859	182.555
0.707905	182.56
0.707924	182.566
0.708001	182.571
0.713246	182.577
0.713897	182.582
0.718522	182.588
0.718654	182.593
0.718695	182.599
0.718713	182.604
0.72413	182.61
0.724213	182.615
0.724308	182.621
0.724409	182.626
0.729552	182.632
0.729595	182.637
0.729614	182.643
0.729661	182.648
0.729751	182.654
0.729788	182.659
0.729805	182.665
0.737811	182.67
0.737946	182.676
0.740427	182.681
0.740465	182.687
0.740528	182.692
0.74061	182.698
0.740669	182.703
0.740701	182.709
0.740733	182.714
0.740814	182.72
0.745824	182.725
0.745869	182.731
0.745954	182.736
0.751414	182.742
0.75146	182.747
0.751539	182.753
0.756796	182.758
0.756842	182.764
0.757001	182.769
0.757066	182.775
0.759796	182.78
0.759837	182.786
0.759917	182.791
0.759976	182.797
0.762173	182.802
0.762516	182.808
0.762551	182.813
0.762568	182.819
0.767814	182.824
0.76795	182.83
0.767985	182.835
0.773086	182.841
0.773216	182.846
0.773309	182.852
0.773428	182.857
0.778565	182.863
0.778969	182.868
0.779042	182.874
0.77911	182.879
0.783994	182.885
0.784036	182.89
0.784112	182.896
0.784148	182.901
0.784208	182.907
0.784267	182.912
0.788372	182.918
0.789497	182.923
0.789602	182.929
0.789697	182.934
0.78976	182.94
0.794988	182.945
0.79522	182.951
0.795323	182.956
0.795444	182.962
0.795565	182.967
0.800357	182.973
0.800431	182.978
0.800524	182.984
0.800603	182.989
0.800645	182.995
0.800708	183
0.800781	183.005
0.800815	183.011
0.805805	183.016
0.805839	183.022
0.805986	183.027
0.806043	183.033
0.80615	183.038
0.806409	183.044
0.806457	183.049
0.811392	183.055
0.811455	183.06
0.811636	183.066
0.811766	183.071
0.811897	183.077
0.812009	183.082
0.812172	183.087
0.812223	183.093
0.817265	183.098
0.817366	183.104
0.817404	183.109
0.817548	183.115
0.81762	183.12
0.817755	183.126
0.822384	183.131
0.822534	183.137
0.822668	183.142
0.8283	183.148
0.828493	183.153
0.828611	183.158
0.828784	183.164
0.828894	183.169
0.829213	183.175
0.83334	183.18
0.833539	183.186
0.833762	183.191
0.838758	183.197
0.838878	183.202
0.838931	183.208
0.839054	183.213
0.839106	183.219
0.839192	183.224
0.839225	183.23
0.844312	183.235
0.84452	183.24
0.844624	183.246
0.84471	183.251
0.844762	183.257
0.844834	183.262
0.849716	183.268
0.849754	183.273
0.849825	183.279
0.84986	183.284
0.849939	183.29
0.849991	183.295
0.85006	183.301
0.850123	183.306
0.855175	183.311
0.85527	183.317
0.855488	183.322
0.855638	183.328
0.855675	183.333
0.855726	183.339
0.861195	183.344
0.86136	183.35
0.861523	183.355
0.862299	183.361
0.866114	183.366
0.866232	183.372
0.866262	183.377
0.866312	183.383
0.866351	183.388
0.8664	183.393
0.866436	183.399
0.873062	183.404
0.873233	183.41
0.873386	183.415
0.877132	183.421
0.877161	183.426
0.877239	183.432
0.877301	183.437
0.877373	183.443
0.882597	183.448
0.882727	183.454
0.882785	183.459
0.882964	183.464
0.883049	183.47
0.883112	183.475
0.888091	183.481
0.888143	183.486
0.888728	183.492
0.894136	183.497
0.894218	183.503
0.89434	183.508
0.894566	183.514
0.894718	183.519
0.894918	183.525
0.895046	183.53
0.895222	183.536
0.899044	183.541
0.899083	183.546
0.899161	183.552
0.899199	183.557
0.899366	183.563
0.899447	183.568
0.899549	183.574
0.904702	183.579
0.90475	183.585
0.904822	183.59
0.904863	183.596
0.905036	183.601
0.905097	183.607
0.905167	183.612
0.905205	183.617
0.910132	183.623
0.910234	183.628
0.910363	183.634
0.91046	183.639
0.910529	183.645
0.910639	183.65
0.917024	183.656
0.917174	183.661
0.917329	183.667
0.917458	183.672
0.921026	183.678
0.921064	183.683
0.921145	183.689
0.921369	183.694
0.921428	183.699
0.921486	183.705
0.926508	183.71
0.926548	183.716
0.926631	183.721
0.926767	183.727
0.926864	183.732
0.926919	183.738
0.927049	183.743
0.927117	183.749
0.932386	183.754
0.93251	183.76
0.932692	183.765
0.93282	183.77
0.932969	183.776
0.933112	183.781
0.933264	183.787
0.933412	183.792
0.937494	183.798
0.93754	183.803
0.937621	183.809
0.937752	183.814
0.937854	183.82
0.937967	183.825
0.938004	183.831
0.938079	183.836
0.942959	183.842
0.943393	183.847
0.943479	183.852
0.948417	183.858
0.948463	183.863
0.948531	183.869
0.948606	183.874
0.949024	183.88
0.94912	183.885
0.956535	183.891
0.956575	183.896
0.956644	183.902
0.956683	183.907
0.959387	183.913
0.959425	183.918
0.959519	183.923
0.964922	183.929
0.964969	183.934
0.965027	183.94
0.965063	183.945
0.96522	183.951
0.965294	183.956
0.970244	183.962
0.970653	183.967
0.970702	183.973
0.970722	183.978
0.975734	183.984
0.975774	183.989
0.975897	183.995
0.976082	184
0.976119	184.005
0.976218	184.011
0.981179	184.016
0.981219	184.022
0.981249	184.027
0.981288	184.033
0.981411	184.038
0.987676	184.044
0.987802	184.049
0.987852	184.054
0.987909	184.06
0.98797	184.065
0.988043	184.071
0.993036	184.076
0.993421	184.082
0.993755	184.087
0.993887	184.092
0.994052	184.098
0.998327	184.103
0.998367	184.109
0.998766	184.114
0.998806	184.12
1.00377	184.125
1.00381	184.13
1.0039	184.136
1.00404	184.141
1.00412	184.147
1.00418	184.152
1.01173	184.158
1.01188	184.163
1.01476	184.169
1.0148	184.174
1.01489	184.179
1.01495	184.185
1.01512	184.19
1.0152	184.196
1.01526	184.201
1.01536	184.207
1.02029	184.212
1.02035	184.217
1.02049	184.223
1.02072	184.228
1.02078	184.234
1.02083	184.239
1.02094	184.245
1.02103	184.25
1.02574	184.255
1.02582	184.261
1.02594	184.266
1.02605	184.272
1.02614	184.277
1.02623	184.283
1.03117	184.288
1.03121	184.294
1.0313	184.299
1.03141	184.304
1.03149	184.31
1.03158	184.315
1.03165	184.321
1.03175	184.326
1.03713	184.332
1.03726	184.337
1.03748	184.342
1.03764	184.348
1.03782	184.353
1.03797	184.359
1.0382	184.364
1.03834	184.37
1.04212	184.375
1.04216	184.38
1.04223	184.386
1.04227	184.391
1.04263	184.397
1.04271	184.402
1.04757	184.408
1.04764	184.413
1.0477	184.419
1.04782	184.424
1.04795	184.429
1.04806	184.435
1.04817	184.44
1.05311	184.446
1.07507	92.2228
1.07525	92.2337
1.07544	92.2446
1.07553	92.2554
1.08656	92.2663
1.08676	92.2772
1.09163	92.2881
1.09169	92.2989
1.09178	92.3098
1.09186	92.3207
1.0919	92.3315
1.09197	92.3424
1.09202	92.3533
1.09702	92.3641
1.09705	92.375
1.09711	92.3859
1.09717	92.3968
1.09722	92.4076
1.09731	92.4185
1.10391	92.4294
1.10397	92.4402
1.10416	92.4511
1.10427	92.462
1.10438	92.4728
1.10448	92.4837
1.10466	92.4946
1.1085	92.5054
1.10853	92.5163
1.1086	92.5272
1.10865	92.5381
1.10874	92.5489
1.10877	92.5598
1.10884	92.5707
1.1089	92.5815
1.11394	92.5924
1.11398	92.6033
1.11405	92.6141
1.11411	92.625
1.11422	92.6359
1.11427	92.6468
1.1143	92.6576
1.11435	92.6685
1.12052	92.6794
1.12055	92.6902
1.12075	92.7011
1.12093	92.712
1.12099	92.7228
1.12116	92.7337
1.12127	92.7446
1.12548	92.7554
1.12554	92.7663
1.1256	92.7772
1.12566	92.7881
1.12573	92.7989
1.12579	92.8098
1.12589	92.8207
1.13095	92.8315
1.131	92.8424
1.13112	92.8533
1.13117	92.8641
1.13124	92.875
1.13129	92.8859
1.13136	92.8968
1.13144	92.9076
1.13643	92.9185
1.13649	92.9294
1.13654	92.9402
1.14196	92.9511
1.14202	92.962
1.1423	92.9728
1.14251	92.9837
1.14265	92.9946
1.14274	93.0054
1.14276	93.0162
1.1477	93.027
1.14776	93.0377
1.14782	93.0485
1.15287	93.0592
1.1529	93.07
1.15296	93.0807
1.15298	93.0915
1.1591	93.1022
1.1592	93.113
1.15941	93.1237
1.15949	93.1345
1.15959	93.1452
1.1597	93.156
1.16388	93.1667
1.16421	93.1775
1.16434	93.1882
1.16444	93.199
1.16933	93.2098
1.16936	93.2205
1.16946	93.2313
1.16949	93.242
1.16963	93.2528
1.16983	93.2635
1.16987	93.2743
1.17478	93.285
1.175	93.2958
1.17507	93.3065
1.17512	93.3173
1.17521	93.328
1.17527	93.3388
1.17531	93.3495
1.1807	93.3603
1.18086	93.371
1.18106	93.3818
1.18115	93.3925
1.18128	93.4033
1.18137	93.4141
1.1815	93.4248
1.18571	93.4356
1.18584	93.4463
1.18596	93.4571
1.18605	93.4678
1.18612	93.4786
1.18618	93.4893
1.19116	93.5001
1.19124	93.5108
1.19133	93.5216
1.19147	93.5323
1.19156	93.5431
1.19162	93.5538
1.19174	93.5646
1.19182	93.5753
1.1972	93.5861
1.19734	93.5968
1.19755	93.6076
1.1976	93.6184
1.19763	93.6291
1.19774	93.6399
1.19795	93.6506
1.20216	93.6614
1.2022	93.6721
1.20227	93.6829
1.20241	93.6936
1.20252	93.7044
1.20262	93.7151
1.20271	93.7259
1.20764	93.7366
1.20767	93.7474
1.20776	93.7581
1.20788	93.7689
1.20798	93.7796
1.20806	93.7904
1.20813	93.8011
1.20826	93.8119
1.21347	93.8227
1.2136	93.8334
1.21403	93.8442
1.21415	93.8549
1.21432	93.8657
1.21449	93.8764
1.21859	93.8872
1.21862	93.8979
1.2187	93.9087
1.21883	93.9194
1.21894	93.9302
1.21899	93.9409
1.21907	93.9517
1.21921	93.9624
1.22405	93.9732
1.22409	93.9839
1.22418	93.9947
1.22429	94.0054
1.22439	94.0161
1.22442	94.0267
1.22454	94.0374
1.2246	94.048
1.22966	94.0586
1.23008	94.0693
1.23012	94.0799
1.23025	94.0906
1.23034	94.1012
1.23036	94.1118
1.23502	94.1225
1.23506	94.1331
1.26249	94.1437
1.26254	47.0719
1.26305	47.0932
1.26308	47.1144
1.26326	47.1357
1.26331	47.157
1.26332	47.1783
1.26333	47.1995
1.26884	47.2208
1.26887	47.2421
1.26911	47.2634
1.26915	47.2846
1.26917	47.3059
1.26919	47.3272
1.26921	47.3485
1.26923	47.3697
1.27437	47.391
1.27451	47.4123
1.27467	47.4336
1.2747	47.4549
1.27496	47.4761
1.27498	47.4974
1.27514	47.5187
1.28073	47.54
1.28118	47.5612
1.28526	47.5825
1.2857	47.6038
1.28575	47.6251
1.29071	47.6463
1.29077	47.6676
1.29104	47.6889
1.29108	47.7102
1.29115	47.7314
1.29118	47.7527
1.2912	47.774
1.29122	47.7953
1.29626	47.8166
1.29641	47.8378
1.29647	47.8591
1.2966	47.8804
1.29665	47.9017
1.29673	47.9229
1.29678	47.9442
1.30174	47.9655
1.3019	47.9868
1.30207	48.008
1.30224	48.0289
1.30236	48.0497
1.30248	48.0705
1.30256	48.0914
1.30729	48.1122
1.30739	48.133
1.3077	48.1539
1.30785	48.1747
1.30805	48.1955
1.30815	48.2164
1.31245	48.2372
1.31248	48.258
1.31253	48.2789
1.31256	48.2997
1.31264	48.3205
1.31278	48.3414
1.31281	48.3622
1.31282	48.383
1.31826	48.4039
1.3184	48.4247
1.31862	48.4455
1.31886	48.4664
1.31906	48.4872
1.31918	48.508
1.31936	48.5289
1.32352	48.5497
1.32356	48.5705
1.32382	48.5914
1.32384	48.6122
1.32386	48.633
1.32394	48.6539
1.32948	48.6747
1.32954	48.6955
1.32966	48.7164
1.33015	48.7372
1.33029	48.758
1.33046	48.7789
1.33443	48.7997
1.33447	48.8205
1.33457	48.8414
1.33469	48.8622
1.33477	48.883
1.33493	48.9039
1.33991	48.9247
1.34552	48.9455
1.35108	48.9664
1.35117	48.9872
1.3512	49.008
1.35129	49.0285
1.35673	49.0489
1.3569	49.0693
1.35705	49.0897
1.36298	49.1101
1.36311	49.1305
1.36335	49.1509
1.36478	49.1713
1.3649	49.1917
1.36497	49.2121
1.36507	49.2325
1.36515	49.2529
1.36524	49.2734
1.36534	49.2938
1.37021	49.3142
1.37025	49.3346
1.37034	49.355
1.37045	49.3754
1.37055	49.3958
1.37064	49.4162
1.37072	49.4366
1.37082	49.457
1.37572	49.4774
1.37575	49.4978
1.37591	49.5182
1.37601	49.5387
1.37609	49.5591
1.37619	49.5795
1.3763	49.5999
1.37639	49.6203
1.38234	49.6407
1.38254	49.6611
1.38372	49.6815
1.38378	49.7019
1.38507	49.7223
1.38663	49.7427
1.38675	49.7631
1.38931	49.7836
1.38937	49.804
1.38943	49.8244
1.3895	49.8448
1.38955	49.8652
1.39433	49.8856
1.3944	49.906
1.39633	49.9264
1.39638	49.9468
1.39646	49.9672
1.39657	49.9876
1.40143	50.008
1.40159	50.028
1.40355	50.048
1.40362	50.068
1.40372	50.088
1.41259	50.108
1.41332	50.128
1.41406	50.148
1.41811	50.168
1.41833	50.188
1.41863	50.208
1.41874	50.228
1.41888	50.248
1.42065	50.268
1.42073	50.288
1.42207	50.308
1.4228	50.328
1.42346	50.348
1.42419	50.368
1.42422	50.388
1.4256	50.408
1.42563	50.428
1.4257	50.448
1.42766	50.468
1.42875	50.488
1.42948	50.508
1.4302	50.528
1.43026	50.548
1.43029	50.568
1.43228	50.588
1.43233	50.608
1.43373	50.628
1.43447	50.648
1.43452	50.668
1.43576	50.688
1.44007	50.708
1.4408	50.728
1.44087	50.748
1.44094	50.768
1.44286	50.788
1.44288	50.808
1.44296	50.828
1.44573	50.848
1.44714	50.868
1.44719	50.888
1.44727	50.908
1.44737	50.928
1.44991	50.948
1.45	50.968
1.45008	50.988
1.45366	51.008
1.4556	51.0277
1.45565	51.0473
1.45587	51.0669
1.45595	51.0865
1.46004	51.1061
1.46022	51.1257
1.46036	51.1453
1.47733	51.1649
1.47802	51.1845
1.47871	51.2041
1.4795	51.2237
1.47959	51.2433
1.4797	51.2629
1.48152	51.2826
1.48158	51.3022
1.48297	51.3218
1.48364	51.3414
1.48436	51.361
1.48441	51.3806
1.48641	51.4002
1.48649	51.4198
1.48652	51.4394
1.48865	51.459
1.48931	51.4786
1.48936	51.4982
1.49065	51.5178
1.49072	51.5375
1.49095	51.5571
1.49273	51.5767
1.49276	51.5963
1.49417	51.6159
1.49624	51.6355
1.49627	51.6551
1.49813	51.6747
1.50443	51.6943
1.50565	51.7139
1.50635	51.7335
1.50638	51.7531
1.50781	51.7727
1.50784	51.7924
1.50791	51.812
1.50995	51.8316
1.51193	51.8512
1.51267	51.8708
1.51273	51.8904
1.51412	51.91
1.51415	51.9296
1.51429	51.9492
1.51618	51.9688
1.52699	51.9884
1.52771	52.008
1.52776	52.0273
1.52903	52.0465
1.52908	52.0657
1.52914	52.085
1.53121	52.1042
1.53486	52.1234
1.53555	52.1427
1.53558	52.1619
1.53566	52.1811
1.53577	52.2004
1.53833	52.2196
1.53906	52.2388
1.53979	52.258
1.54102	52.2773
1.54128	52.2965
1.54332	52.3157
1.5483	52.335
1.5489	52.3542
1.54962	52.3734
1.55034	52.3927
1.55039	52.4119
1.55048	52.4311
1.55242	52.4504
1.55247	52.4696
1.55388	52.4888
1.55526	52.508
1.55667	52.5273
1.55728	52.5465
1.55733	52.5657
1.55739	52.585
1.5575	52.6042
1.55758	52.6234
1.56079	52.6427
1.5635	52.6619
1.57119	52.6811
1.57191	52.7004
1.57677	52.7196
1.5775	52.7388
1.57755	52.758
1.57894	52.7773
1.57905	52.7965
1.57917	52.8157
1.58173	52.835
1.58184	52.8542
1.58447	52.8734
1.58453	52.8927
1.58464	52.9119
1.58663	52.9311
1.58733	52.9504
1.59363	52.9696
1.59434	52.9888
1.59437	53.008
1.59589	53.0269
1.59815	53.0458
1.59926	53.0646
1.59987	53.0835
1.59989	53.1024
1.59994	53.1213
1.60194	53.1401
1.60198	53.159
1.60338	53.1779
1.60664	53.1967
1.60667	53.2156
1.60674	53.2345
1.60691	53.2533
1.61152	53.2722
1.61158	53.2911
1.61491	53.3099
1.61507	53.3288
1.61835	53.3477
1.61841	53.3665
1.61847	53.3854
1.61856	53.4043
1.61866	53.4231
1.62353	53.442
1.6236	53.4609
1.62369	53.4797
1.62381	53.4986
1.62391	53.5175
1.62399	53.5363
1.62404	53.5552
1.62911	53.5741
1.63029	53.5929
1.63047	53.6118
1.6306	53.6307
1.63458	53.6496
1.63954	53.6684
1.64022	53.6873
1.64026	53.7062
1.64033	53.725
1.6433	53.7439
1.64402	53.7628
1.64474	53.7816
1.6448	53.8005
1.64487	53.8194
1.64681	53.8382
1.65062	53.8571
1.65067	53.876
1.651	53.8948
1.65394	53.9137
1.65926	53.9326
1.65973	53.9514
1.6605	53.9703
1.66132	53.9892
1.66193	54.008
1.6627	54.0266
1.66437	54.0451
1.66967	54.0636
1.67039	54.0821
1.67111	54.1006
1.67116	54.1192
1.67131	54.1377
1.67317	54.1562
1.6739	54.1747
1.67527	54.1932
1.67608	54.2117
1.67615	54.2303
1.67626	54.2488
1.67806	54.2673
1.6788	54.2858
1.67949	54.3043
1.68319	54.3229
1.68329	54.3414
1.68525	54.3599
1.68528	54.3784
1.68537	54.3969
1.6855	54.4155
1.68559	54.434
1.68943	54.4525
1.69095	54.471
1.69102	54.4895
1.69295	54.508
1.69298	54.5266
1.69307	54.5451
1.69892	54.5636
1.69911	54.5821
1.69935	54.6006
1.69945	54.6192
1.69959	54.6377
1.69969	54.6562
1.69983	54.6747
1.70448	54.6932
1.70596	54.7117
1.70738	54.7303
1.70745	54.7488
1.70751	54.7673
1.7076	54.7858
1.70778	54.8043
1.71292	54.8229
1.71313	54.8414
1.71327	54.8599
1.71642	54.8784
1.72201	54.8969
1.72217	54.9155
1.72228	54.934
1.72239	54.9525
1.72518	54.971
1.72524	54.9895
1.72532	27.4948
1.72542	27.5318
1.72548	27.5688
1.73016	27.6059
1.73028	27.6429
1.73042	27.6799
1.73055	27.717
1.73072	27.754
1.73084	27.7911
1.73098	27.8281
1.73444	27.8651
1.73558	27.9022
1.73568	27.9392
1.74053	27.9762
1.74057	28.0133
1.74064	28.049
1.7407	28.0847
1.74076	28.1204
1.74082	28.1561
1.74987	28.1919
1.7499	28.2276
1.75003	28.2633
1.75005	28.299
1.75371	28.3347
1.75427	28.3704
1.7543	28.4061
1.7544	28.4419
1.75453	28.4776
1.7547	28.5133
1.75485	28.549
1.76114	28.5847
1.76423	28.6204
1.76482	28.6561
1.76513	28.6919
1.76529	28.7276
1.76943	28.7633
1.76959	28.799
1.76977	28.8347
1.76992	28.8704
1.77	28.9061
1.77462	28.9419
1.77472	28.9776
1.77477	29.0133
1.77481	29.0478
1.7749	29.0822
1.78016	29.1167
1.78031	29.1512
1.78144	29.1857
1.78161	29.2202
1.78171	29.2547
1.78181	29.2891
1.78191	29.3236
1.782	29.3581
1.78713	29.3926
1.79639	29.4271
1.79716	29.4616
1.7977	29.496
1.7999	29.5305
1.80122	29.565
1.81147	29.5995
1.81244	29.634
1.81349	29.6685
1.81424	29.7029
1.81502	29.7374
1.81508	29.7719
1.81851	29.8064
1.81865	29.8409
1.82055	29.8754
1.8206	29.9098
1.82067	29.9443
1.82077	29.9788
1.82087	30.0133
1.8248	30.0466
1.82613	30.0799
1.82984	30.1133
1.82997	30.1466
1.83016	30.1799
1.83022	30.2133
1.83031	30.2466
1.83526	30.2799
1.83532	30.3133
1.83547	30.3466
1.83749	30.3799
1.83887	30.4133
1.8389	30.4466
1.83894	30.4799
1.839	30.5133
1.84316	30.5466
1.86289	30.5799
1.86362	30.6133
1.8637	30.6466
1.86494	30.6799
1.865	30.7133
1.86507	30.7466
1.86742	30.7799
1.86774	30.8133
1.86889	30.8466
1.86964	30.8799
1.87176	30.9133
1.8738	30.9466
1.87523	30.9799
1.8767	31.0133
1.87686	31.0455
1.87711	31.0778
1.88014	31.1101
1.88134	31.1423
1.88152	31.1746
1.8817	31.2068
1.88436	31.2391
1.88571	31.2713
1.88581	31.3036
1.88598	31.3359
1.88611	31.3681
1.89073	31.4004
1.89085	31.4326
1.89101	31.4649
1.89111	31.4972
1.89736	31.5294
1.90018	31.5617
1.90021	31.5939
1.90022	31.6262
1.90023	31.6584
1.9035	31.6907
1.90379	31.723
1.9039	31.7552
1.90788	31.7875
1.90794	31.8197
1.90992	31.852
1.90996	31.8842
1.9101	31.9165
1.91021	31.9488
1.91267	31.981
1.91419	32.0133
1.9162	32.0445
1.91638	32.0758
1.91659	32.107
1.92954	32.1383
1.93026	32.1695
1.93104	32.2008
1.9311	32.232
1.93179	32.2633
1.93184	32.2945
1.9338	32.3258
1.93452	32.357
1.93734	32.3883
1.94045	32.4195
1.94193	32.4508
1.94315	32.482
1.94322	32.5133
1.94329	32.5445
1.94594	32.5758
1.946	32.607
1.94739	32.6383
1.94743	32.6695
1.9475	32.7008
1.94761	32.732
1.95161	32.7633
1.95164	32.7945
1.95369	32.8258
1.95376	32.857
1.95383	32.8883
1.95396	32.9195
1.95784	32.9508
1.95928	32.982
1.96195	33.0133
1.96207	33.0436
1.96244	33.0739
1.96251	33.1042
1.96759	33.1345
1.96764	33.1648
1.96961	33.1951
1.97096	33.2254
1.97115	33.2557
1.97145	33.286
1.97157	33.3163
1.97407	33.3466
1.97597	33.3769
1.98128	33.4072
1.98448	33.4375
1.98451	33.4678
1.98767	33.4981
1.98772	33.5284
1.98786	33.5587
1.98796	33.589
1.99361	33.6193
1.99374	33.6496
1.99401	33.6799
1.99413	33.7103
2.00284	33.7406
2.00291	33.7709
2.00296	33.8012
2.00312	33.8315
2.00321	33.8618
2.00332	33.8921
2.00339	33.9224
2.00841	33.9527
2.00849	33.983
2.00857	34.0133
2.00875	34.0427
2.00883	34.0721
2.01264	34.1015
2.01268	34.1309
2.01279	34.1603
2.01466	34.1898
2.01692	34.2192
2.01702	34.2486
2.0171	34.278
2.01717	34.3074
2.02233	34.3368
2.02308	34.3662
2.02605	34.3956
2.02612	34.425
2.02621	34.4545
2.02951	34.4839
2.02962	34.5133
2.02975	34.5427
2.02982	34.5721
2.02989	34.6015
2.03295	34.6309
2.03367	34.6603
2.03381	34.6898
2.03711	34.7192
2.03854	34.7486
2.03856	34.778
2.04046	34.8074
2.04352	34.8368
2.04357	34.8662
2.04365	34.8956
2.04562	34.925
2.04575	34.9545
2.04586	34.9839
2.04596	35.0133
2.04917	35.0419
2.05412	35.0704
2.06593	35.099
2.06944	35.1276
2.0695	35.1561
2.06953	35.1847
2.07187	35.2133
2.07213	35.2419
2.07245	35.2704
2.0737	35.299
2.07439	35.3276
2.07517	35.3561
2.07657	35.3847
2.0766	35.4133
2.07664	35.4419
2.07934	35.4704
2.07937	35.499
2.07943	35.5276
2.0815	35.5561
2.08226	35.5847
2.08237	35.6133
2.08246	35.6419
2.08567	35.6704
2.08636	35.699
2.0864	35.7276
2.08643	35.7561
2.09161	35.7847
2.09171	35.8133
2.09528	35.8419
2.09541	35.8704
2.0956	35.899
2.09574	35.9276
2.09595	35.9561
2.09605	35.9847
2.09625	36.0133
2.09636	36.0411
2.10044	36.0688
2.10119	36.0966
2.10794	36.1244
2.10866	36.1522
2.10872	36.1799
2.11	36.2077
2.11365	36.2355
2.1151	36.2633
2.11995	36.2911
2.12003	36.3188
2.12204	36.3466
2.12344	36.3744
2.1264	36.4022
2.12648	36.4299
2.12976	36.4577
2.12982	36.4855
2.12989	36.5133
2.13002	36.5411
2.13008	36.5688
2.13368	36.5966
2.13695	36.6244
2.13712	36.6522
2.14186	36.6799
2.14194	36.7077
2.142	36.7355
2.14464	36.7633
2.14468	36.7911
2.14475	36.8188
2.14492	36.8466
2.14744	36.8744
2.14751	36.9022
2.14757	36.9299
2.14771	36.9577
2.14774	36.9855
2.14782	37.0133
2.15166	37.0403
2.15339	37.0673
2.15356	37.0944
2.15376	37.1214
2.15593	37.1484
2.15602	37.1754
2.1623	37.2025
2.16239	37.2295
2.16248	37.2565
2.16258	37.2836
2.16579	37.3106
2.16582	37.3376
2.16709	37.3646
2.17037	37.3917
2.17055	37.4187
2.17069	37.4457
2.17083	37.4727
2.17345	37.4998
2.17519	37.5268
2.17631	37.5538
2.1786	37.5808
2.18149	37.6079
2.18199	37.6349
2.18202	37.6619
2.18211	37.689
2.18215	37.716
2.18219	37.743
2.18609	37.77
2.18705	37.7971
2.18717	37.8241
2.18835	37.8511
2.18838	37.8781
2.18844	37.9052
2.19117	37.9322
2.19125	37.9592
2.19642	37.9863
2.19661	38.0133
2.19678	38.0396
2.20734	38.0659
2.20739	38.0922
2.21013	38.1185
2.21079	38.1449
2.21082	38.1712
2.21089	38.1975
2.21095	38.2238
2.211	38.2501
2.2162	38.2764
2.21723	38.3028
2.21735	38.3291
2.21763	38.3554
2.22641	38.3817
2.22647	38.408
2.2265	38.4343
2.22658	38.4606
2.22673	38.487
2.23056	38.5133
2.23199	38.5396
2.23205	38.5659
2.23215	38.5922
2.23227	38.6185
2.23235	38.6449
2.23242	38.6712
2.23252	38.6975
2.23784	38.7238
2.23855	38.7501
2.23872	38.7764
2.23889	38.8028
2.24308	38.8291
2.24316	38.8554
2.24318	38.8817
2.24617	38.908
2.2462	38.9343
2.24628	38.9606
2.24641	38.987
2.2465	39.0133
2.24653	39.0389
2.264	39.0646
2.26424	39.0902
2.26436	39.1158
2.26441	39.1415
2.26448	39.1671
2.26973	39.1928
2.2704	39.2184
2.27055	39.2441
2.27356	39.2697
2.27359	39.2953
2.27365	39.321
2.27696	39.3466
2.28134	39.3723
2.28146	39.3979
2.28155	39.4235
2.28162	39.4492
2.28173	39.4748
2.28182	39.5005
2.28682	39.5261
2.28746	39.5517
2.29234	39.5774
2.29237	39.603
2.29244	39.6287
2.29327	39.6543
2.2963	39.6799
2.2972	39.7056
2.30124	39.7312
2.30137	39.7569
2.30155	39.7825
2.30163	39.8082
2.30178	39.8338
2.30186	39.8594
2.30529	39.8851
2.30535	39.9107
2.30541	39.9364
2.30871	39.962
2.30874	39.9876
2.31253	40.0133
2.31268	40.0383
2.31858	40.0633
2.31865	40.0883
2.31872	40.1133
2.31883	40.1383
2.32206	40.1633
2.32209	40.1883
2.32215	40.2133
2.32226	40.2383
2.32939	40.2633
2.33059	40.2883
2.33357	40.3133
2.3336	40.3383
2.33439	40.3633
2.33482	40.3883
2.33488	40.4133
2.33877	40.4383
2.33884	40.4633
2.33894	40.4883
2.34197	40.5133
2.34203	40.5383
2.34211	40.5633
2.34223	40.5883
2.34227	40.6133
2.34641	40.6383
2.35155	40.6633
2.35468	40.6883
2.3564	40.7133
2.35643	40.7383
2.36094	40.7633
2.36101	40.7883
2.3611	40.8133
2.36124	40.8383
2.36141	40.8633
2.36148	40.8883
2.36748	40.9133
2.36764	40.9383
2.3678	40.9633
2.37198	40.9883
2.37202	41.0133
2.37209	41.0377
2.37212	41.0621
2.37223	41.0865
2.37789	41.1108
2.37802	41.1352
2.37854	41.1596
2.37863	41.184
2.37877	41.2084
2.37898	41.2328
2.38804	41.2572
2.38817	41.2816
2.38833	41.306
2.38842	41.3304
2.38856	41.3547
2.3918	41.3791
2.39183	41.4035
2.39189	41.4279
2.39197	41.4523
2.39205	41.4767
2.3961	41.5011
2.39614	41.5255
2.39618	41.5499
2.39636	41.5743
2.40234	41.5986
2.40745	41.623
2.40747	41.6474
2.41456	41.6718
2.41469	41.6962
2.41477	41.7206
2.41482	41.745
2.41492	41.7694
2.41503	41.7938
2.42086	41.8182
2.42095	41.8425
2.42104	41.8669
2.43224	41.8913
2.43701	41.9157
2.43711	41.9401
2.43728	41.9645
2.43743	41.9889
2.4376	42.0133
2.43771	42.0371
2.43776	42.0609
2.44404	42.0847
2.44577	42.1085
2.44598	42.1323
2.44618	42.1561
2.44627	42.1799
2.45147	42.2038
2.45161	42.2276
2.45411	42.2514
2.45417	42.2752
2.45426	42.299
2.45438	42.3228
2.45448	42.3466
2.45455	42.3704
2.46023	42.3942
2.46031	42.418
2.46038	42.4419
2.46046	42.4657
2.4605	42.4895
2.46056	42.5133
2.4654	42.5371
2.46551	42.5609
2.46581	42.5847
2.46595	42.6085
2.46823	42.6323
2.46826	42.6561
2.46832	42.6799
2.47099	42.7038
2.47117	42.7276
2.47128	42.7514
2.47137	42.7752
2.4715	42.799
2.47154	42.8228
2.47647	42.8466
2.49084	42.8704
2.49279	42.8942
2.49283	42.918
2.49485	42.9419
2.49516	42.9657
2.49528	42.9895
2.4968	43.0133
2.50062	43.0365
2.50071	43.0598
2.50438	43.083
2.50448	43.1063
2.5046	43.1296
2.50765	43.1528
2.50776	43.1761
2.51604	43.1993
2.51619	43.2226
2.51643	43.2458
2.51666	43.2691
2.51687	43.2924
2.51702	43.3156
2.52082	43.3389
2.52181	43.3621
2.52187	43.3854
2.52194	43.4086
2.52203	43.4319
2.52214	43.4551
2.52224	43.4784
2.52734	43.5017
2.52742	43.5249
2.52751	43.5482
2.5276	43.5714
2.52771	43.5947
2.52792	43.6179
2.52803	43.6412
2.52823	43.6644
2.53276	43.6877
2.53278	43.711
2.53329	43.7342
2.53843	43.7575
2.53855	43.7807
2.53874	43.804
2.53885	43.8272
2.53888	43.8505
2.53897	43.8737
2.53901	43.897
2.54282	43.9203
2.54284	43.9435
2.5429	43.9668
2.54571	43.99
2.54767	44.0133
2.55746	44.036
2.5575	44.0587
2.56143	44.0815
2.56149	44.1042
2.56152	44.1269
2.56155	44.1496
2.56679	44.1724
2.58182	44.1951
2.58185	44.2178
2.58203	44.2406
2.58751	44.2633
2.58765	44.286
2.5878	44.3087
2.58791	44.3315
2.59033	44.3542
2.59081	44.3769
2.59103	44.3996
2.59147	44.4224
2.59169	44.4451
2.59184	44.4678
2.59545	44.4906
2.59708	44.5133
2.59711	44.536
2.59719	44.5587
2.59732	44.5815
2.59741	44.6042
2.6006	44.6269
2.60076	44.6496
2.60086	44.6724
2.60335	44.6951
2.60342	44.7178
2.60358	44.7406
2.60376	44.7633
2.60552	44.786
2.60556	44.8087
2.60562	44.8315
2.60566	44.8542
2.60837	44.8769
2.6084	44.8996
2.60851	44.9224
2.60856	44.9451
2.6111	44.9678
2.61113	44.9906
2.61119	45.0133
2.61127	45.0355
2.61396	45.0577
2.614	45.0799
2.61549	45.1022
2.61675	45.1244
2.61683	45.1466
2.62024	45.1688
2.62418	45.1911
2.62904	45.2133
2.62911	45.2355
2.64147	45.2577
2.64151	45.2799
2.64164	45.3022
2.64417	45.3244
2.64488	45.3466
2.64915	45.3688
2.64935	45.3911
2.64951	45.4133
2.64956	45.4355
2.65247	45.4577
2.65429	45.4799
2.65434	45.5022
2.65438	45.5244
2.65445	45.5466
2.66638	45.5688
2.66641	45.5911
2.66649	45.6133
2.66652	45.6355
2.66663	45.6577
2.66674	45.6799
2.66679	45.7022
2.66685	45.7244
2.67574	45.7466
2.67579	45.7688
2.67586	45.7911
2.67597	45.8133
2.67618	45.8355
2.67626	45.8577
2.68156	45.8799
2.68171	45.9022
2.68339	45.9244
2.68343	45.9466
2.68347	45.9688
2.68823	45.9911
2.68826	46.0133
2.68833	46.035
2.6884	46.0568
2.68867	46.0785
2.68875	46.1002
2.69417	46.122
2.6943	46.1437
2.69451	46.1655
2.69463	46.1872
2.69496	46.2089
2.69502	46.2307
2.69514	46.2524
2.69938	46.2742
2.69941	46.2959
2.69946	46.3176
2.70916	46.3394
2.70965	46.3611
2.70987	46.3828
2.70992	46.4046
2.70995	46.4263
2.71008	46.4481
2.71478	46.4698
2.71484	46.4915
2.71487	46.5133
2.71489	46.535
2.71492	46.5568
2.71991	46.5785
2.71994	46.6002
2.71999	46.622
2.7258	46.6437
2.72593	46.6655
2.72616	46.6872
2.72627	46.7089
2.73135	46.7307
2.73709	46.7524
2.73722	46.7742
2.73766	46.7959
2.73781	46.8176
2.73815	46.8394
2.75324	46.8611
2.75326	46.8828
2.75891	46.9046
2.75899	46.9263
2.75916	46.9481
2.75934	46.9698
2.76386	46.9915
2.76389	47.0133
2.764	47.0346
2.7641	47.0558
2.76419	47.0771
2.76424	47.0984
2.76434	47.1197
2.76925	47.1409
2.76928	47.1622
2.76932	47.1835
2.7696	47.2048
2.76968	47.226
2.76971	47.2473
2.77488	47.2686
2.77504	47.2899
2.77521	47.3112
2.77549	47.3324
2.77556	47.3537
2.77571	47.375
2.7802	47.3963
2.78032	47.4175
2.78042	47.4388
2.78052	47.4601
2.78061	47.4814
2.78069	47.5026
2.78076	47.5239
2.78631	47.5452
2.78642	47.5665
2.78652	47.5877
2.78814	47.609
2.79109	47.6303
2.79355	47.6516
2.79358	47.6729
2.79363	47.6941
2.79563	47.7154
2.79929	47.7367
2.79944	47.758
2.79954	47.7792
2.80485	47.8005
2.80502	47.8218
2.81001	47.8431
2.81515	47.8643
2.81525	47.8856
2.82074	47.9069
2.82088	47.9282
2.82107	47.9495
2.82952	47.9707
2.82958	47.992
2.83228	48.0133
2.83232	48.0341
2.8324	48.0549
2.83255	48.0758
2.83727	48.0966
2.83735	48.1174
2.83744	48.1383
2.83765	48.1591
2.83769	48.1799
2.83771	48.2008
2.84239	48.2216
2.8427	48.2424
2.84544	48.2633
2.84561	48.2841
2.84986	48.3049
2.8499	48.3258
2.84997	48.3466
2.85007	48.3674
2.85017	48.3883
2.85025	48.4091
2.85575	48.4299
2.85589	48.4508
2.85599	48.4716
2.85617	48.4924
2.85627	48.5133
2.86186	48.5341
2.8619	48.5549
2.86199	48.5758
2.86207	48.5966
2.86529	48.6174
2.86535	48.6383
2.86542	48.6591
2.86554	48.6799
2.86563	48.7008
2.86568	48.7216
2.8658	48.7424
2.86589	48.7633
2.87146	48.7841
2.87155	48.8049
2.8717	48.8258
2.87187	48.8466
2.87203	48.8674
2.88093	48.8883
2.8857	48.9091
2.88655	48.9299
2.89634	48.9508
2.89637	48.9716
2.89648	48.9924
2.89661	49.0133
2.89668	49.0337
2.89677	49.0541
2.89686	49.0745
2.90225	49.0949
2.90563	49.1153
2.90571	49.1357
2.90581	49.1561
2.90589	49.1765
2.9106	49.197
2.91063	49.2174
2.9107	49.2378
2.91073	49.2582
2.91084	49.2786
2.91094	49.299
2.91628	49.3194
2.91632	49.3398
2.91642	49.3602
2.92151	49.3806
2.92165	49.401
2.9268	49.4214
2.92684	49.4419
2.92693	49.4623
2.92705	49.4827
2.93225	49.5031
2.93228	49.5235
2.93238	49.5439
2.93246	49.5643
2.93255	49.5847
2.93263	49.6051
2.9327	49.6255
2.93278	49.6459
2.93869	49.6663
2.93885	49.6868
2.93904	49.7072
2.93914	49.7276
2.9393	49.748
2.94361	49.7684
2.94376	49.7888
2.94381	49.8092
2.94961	49.8296
2.94976	49.85
2.94988	49.8704
2.95003	49.8908
2.95435	49.9112
2.95438	49.9316
2.95447	49.9521
2.95453	49.9725
2.95457	49.9929
2.95467	50.0133
2.9547	50.0333
2.95476	50.0533
2.95981	50.0733
2.96005	50.0933
2.96017	50.1133
2.96025	50.1333
2.9603	50.1533
2.96041	50.1733
2.96555	50.1933
2.96571	50.2133
2.96621	50.2333
2.96634	50.2533
2.96653	50.2733
2.96667	50.2933
2.97088	50.3133
2.97104	50.3333
2.97108	50.3533
2.9876	50.3733
2.99817	50.3933
2.99824	50.4133
2.99835	50.4333
2.99846	50.4533
2.99857	50.4733
3.01003	50.4933
3.01022	50.5133
3.01027	50.5333
3.01443	50.5533
3.01447	50.5733
3.01453	50.5933
3.01463	50.6133
3.01505	50.6333
3.0203	50.6533
3.02046	50.6733
3.02062	50.6933
3.02077	50.7133
3.02096	50.7333
3.0211	50.7533
3.02122	50.7733
3.02538	50.7933
3.02541	50.8133
3.0255	50.8333
3.02563	50.8533
3.0257	50.8733
3.02575	50.8933
3.02587	50.9133
3.02595	50.9333
3.03139	50.9533
3.03152	50.9733
3.03174	50.9933
3.03183	51.0133
3.03204	51.0329
3.03218	51.0525
3.03235	51.0721
3.03244	51.0917
3.03637	51.1113
3.0364	51.1309
3.03648	51.1505
3.03668	51.1701
3.03671	51.1898
3.03683	51.2094
3.03693	51.229
3.04173	51.2486
3.04176	51.2682
3.04181	51.2878
3.04194	51.3074
3.04576	51.327
3.0459	51.3466
3.04618	51.3662
3.06076	51.3858
3.06078	51.4054
3.06086	51.425
3.06105	51.4447
3.0611	51.4643
3.0733	51.4839
3.07339	51.5035
3.07344	51.5231
3.08459	51.5427
3.08463	51.5623
3.08472	51.5819
3.08477	51.6015
3.08487	51.6211
3.08494	51.6407
3.08511	51.6603
3.09011	51.6799
3.09019	51.6996
3.09023	51.7192
3.09579	51.7388
3.09612	51.7584
3.09627	51.778
3.09647	51.7976
3.10521	51.8172
3.10526	51.8368
3.10547	51.8564
3.10561	51.876
3.10577	51.8956
3.10877	51.9152
3.10903	51.9348
3.10917	51.9545
3.10922	51.9741
3.10929	51.9937
3.11485	52.0133
3.11488	52.0325
3.11504	52.0517
3.11524	52.071
3.11539	52.0902
3.11557	52.1094
3.11572	52.1287
3.11588	52.1479
3.11974	52.1671
3.11979	52.1864
3.11982	52.2056
3.11985	52.2248
3.11988	52.2441
3.12006	52.2633
3.12009	52.2825
3.12523	52.3017
3.12545	52.321
3.12848	52.3402
3.12852	52.3594
3.12855	52.3787
3.12858	52.3979
3.12877	52.4171
3.12885	52.4364
3.1336	52.4556
3.1341	52.4748
3.13425	52.4941
3.13457	52.5133
3.13467	52.5325
3.13476	52.5517
3.13485	52.571
3.13957	52.5902
3.1396	52.6094
3.14458	52.6287
3.14475	52.6479
3.14494	52.6671
3.14523	52.6864
3.1455	52.7056
3.17119	52.7248
3.17748	52.7441
3.17756	52.7633
3.18171	52.7825
3.18178	52.8017
3.18191	52.821
3.18249	52.8402
3.18754	52.8594
3.18775	52.8787
3.18888	52.8979
3.18908	52.9171
3.18928	52.9364
3.18939	52.9556
3.18958	52.9748
3.19286	52.9941
3.19295	53.0133
3.19305	53.0321
3.19314	53.051
3.19807	53.0699
3.1981	53.0888
3.19817	53.1076
3.1983	53.1265
3.19853	53.1454
3.19868	53.1642
3.20435	53.1831
3.20445	53.202
3.20459	53.2208
3.20469	53.2397
3.20485	53.2586
3.20496	53.2774
3.2052	53.2963
3.20528	53.3152
3.20907	53.334
3.20919	53.3529
3.20922	53.3718
3.20947	53.3906
3.2095	53.4095
3.21492	53.4284
3.21506	53.4472
3.21524	53.4661
3.21538	53.485
3.21556	53.5038
3.21577	53.5227
3.21586	53.5416
3.21596	53.5605
3.22011	53.5793
3.22027	53.5982
3.22553	53.6171
3.22556	53.6359
3.22564	53.6548
3.22576	53.6737
3.22582	53.6925
3.24797	53.7114
3.24805	53.7303
3.25304	53.7491
3.25308	53.768
3.25316	53.7869
3.25328	53.8057
3.2534	53.8246
3.26428	53.8435
3.26447	53.8623
3.26937	53.8812
3.26957	53.9001
3.2696	53.9189
3.26961	53.9378
3.26962	53.9567
3.26963	53.9755
3.27597	53.9944
3.27607	54.0133
3.28032	54.0318
3.28035	54.0503
3.28064	54.0688
3.2807	54.0874
3.28079	54.1059
3.28088	54.1244
3.28613	54.1429
3.2863	54.1614
3.28649	54.1799
3.28677	54.1985
3.28693	54.217
3.28714	54.2355
3.28724	54.254
3.29131	54.2725
3.29134	54.2911
3.29138	54.3096
3.29159	54.3281
3.29174	54.3466
3.29178	54.3651
3.29683	54.3837
3.29687	54.4022
3.29691	54.4207
3.29699	54.4392
3.29722	54.4577
3.29733	54.4762
3.30275	54.4948
3.30292	54.5133
3.3031	54.5318
3.30324	54.5503
3.30342	54.5688
3.30356	54.5874
3.30786	54.6059
3.30797	54.6244
3.30868	54.6429
3.30877	54.6614
3.30887	54.6799
3.31362	54.6985
3.31377	54.717
3.31393	54.7355
3.31406	54.754
3.31514	54.7725
3.31886	54.7911
3.31896	54.8096
3.32473	54.8281
3.33107	54.8466
3.33521	54.8651
3.33527	54.8837
3.33539	54.9022
3.33549	54.9207
3.33567	54.9392
3.33573	54.9577
3.35215	54.9762
3.35741	54.9948
3.35756	55.0133
3.35777	55.0315
3.35788	55.0496
3.35811	55.0678
3.35822	55.086
3.3584	55.1042
3.36375	55.1224
3.37352	55.1406
3.37383	55.1587
3.37392	55.1769
3.374	55.1951
3.37917	55.2133
3.37925	55.2315
3.37932	55.2496
3.37943	55.2678
3.37951	55.286
3.37961	55.3042
3.3797	55.3224
3.37973	55.3406
3.38528	55.3587
3.38563	55.3769
3.38582	55.3951
3.38599	55.4133
3.38612	55.4315
3.38622	55.4496
3.39002	55.4678
3.39005	55.486
3.39041	55.5042
3.3905	55.5224
3.39548	55.5406
3.39552	55.5587
3.39555	55.5769
3.39561	55.5951
3.39563	55.6133
3.39571	55.6315
3.40252	55.6496
3.40269	55.6678
3.4065	55.686
3.40653	55.7042
3.40661	55.7224
3.40671	55.7406
3.40679	55.7587
3.40686	55.7769
3.40696	55.7951
3.41194	55.8133
3.41197	55.8315
3.41201	55.8496
3.41211	55.8678
3.41223	55.886
3.41234	55.9042
3.41241	55.9224
3.41247	55.9406
3.42299	55.9587
3.42349	55.9769
3.42838	55.9951
3.42843	56.0133
3.42851	56.0311
3.43476	56.049
3.43495	56.0669
3.43517	56.0847
3.43532	56.1026
3.43546	56.1204
3.4398	56.1383
3.43991	56.1561
3.44489	56.174
3.44496	56.1919
3.44507	56.2097
3.44514	56.2276
3.44516	56.2454
3.44525	56.2633
3.45091	56.2811
3.45106	56.299
3.45128	56.3169
3.4514	56.3347
3.47243	56.3526
3.47247	56.3704
3.47254	56.3883
3.47884	56.4061
3.47912	56.424
3.47921	56.4419
3.4794	56.4597
3.47953	56.4776
3.47975	56.4954
3.47986	56.5133
3.48333	56.5311
3.48379	56.549
3.48985	56.5669
3.48992	56.5847
3.49008	56.6026
3.49038	56.6204
3.49049	56.6383
3.49059	56.6561
3.49076	56.674
3.49092	56.6919
3.49433	56.7097
3.4944	56.7276
3.49444	56.7454
3.49454	56.7633
3.49473	56.7811
3.49476	56.799
3.49483	56.8169
3.50053	56.8347
3.50068	56.8526
3.50085	56.8704
3.50099	56.8883
3.50119	56.9061
3.50134	56.924
3.50153	56.9419
3.50529	56.9597
3.50542	56.9776
3.5055	56.9954
3.5056	57.0133
3.50565	57.0308
3.50568	57.0484
3.50571	57.0659
3.51077	57.0835
3.5108	57.101
3.51104	57.1185
3.51112	57.1361
3.5114	57.1536
3.51631	57.1712
3.51635	57.1887
3.51643	57.2063
3.51655	57.2238
3.51664	57.2414
3.51669	57.2589
3.5287	57.2764
3.52881	57.294
3.52897	57.3115
3.53272	57.3291
3.54367	57.3466
3.54374	57.3642
3.54386	57.3817
3.55787	57.3992
3.5579	57.4168
3.55792	57.4343
3.55793	57.4519
3.56327	57.4694
3.5633	57.487
3.56334	57.5045
3.56339	57.5221
3.56349	57.5396
3.5688	57.5571
3.56905	57.5747
3.56906	57.5922
3.56908	57.6098
3.56909	57.6273
3.5691	57.6449
3.56921	57.6624
3.57447	57.6799
3.57463	57.6975
3.57484	57.715
3.58076	57.7326
3.58223	57.7501
3.58235	57.7677
3.58249	57.7852
3.58264	57.8028
3.5852	57.8203
3.58527	57.8378
3.58533	57.8554
3.58546	57.8729
3.58559	57.8905
3.5857	57.908
3.58584	57.9256
3.59143	57.9431
3.59146	57.9606
3.59163	57.9782
3.5918	57.9957
3.59197	58.0133
3.59216	58.0305
3.59229	58.0478
3.59255	58.065
3.59642	58.0822
3.59653	58.0995
3.59669	58.1167
3.59679	58.134
3.59696	58.1512
3.59716	58.1685
3.59727	58.1857
3.60174	58.2029
3.6018	58.2202
3.60196	58.2374
3.60207	58.2547
3.60713	58.2719
3.60728	58.2891
3.60733	58.3064
3.61268	58.3236
3.61277	58.3409
3.61284	58.3581
3.61287	58.3754
3.63107	58.3926
3.63562	58.4098
3.63573	58.4271
3.63592	58.4443
3.63606	58.4616
3.6362	58.4788
3.63898	58.496
3.63904	58.5133
3.63913	58.5305
3.64573	58.5478
3.64588	58.565
3.64612	58.5822
3.6508	58.5995
3.65083	58.6167
3.65092	58.634
3.6511	58.6512
3.6512	58.6685
3.65653	58.6857
3.65673	58.7029
3.65711	58.7202
3.65723	58.7374
3.662	58.7547
3.66203	58.7719
3.66212	58.7891
3.66224	58.8064
3.66261	58.8236
3.66746	58.8409
3.66751	58.8581
3.66762	58.8754
3.66777	58.8926
3.66802	58.9098
3.67289	58.9271
3.67297	58.9443
3.67335	58.9616
3.6734	58.9788
3.67343	58.996
3.67352	59.0133
3.67359	59.0302
3.67854	59.0472
3.67919	59.0641
3.67922	59.0811
3.6793	59.098
3.67934	59.115
3.67942	59.1319
3.67952	59.1489
3.67961	59.1658
3.67967	59.1828
3.68455	59.1997
3.68457	59.2167
3.68463	59.2336
3.68471	59.2506
3.68477	59.2675
3.68484	59.2845
3.68491	59.3014
3.69856	59.3184
3.69871	59.3353
3.70382	59.3523
3.70389	59.3692
3.70584	59.3862
3.71082	59.4031
3.71086	59.4201
3.71645	59.437
3.71786	59.454
3.71792	59.4709
3.71798	59.4879
3.71811	59.5048
3.71823	59.5218
3.72158	59.5387
3.7221	59.5557
3.72774	59.5726
3.72786	59.5896
3.72795	59.6065
3.72802	59.6235
3.72813	59.6404
3.73176	59.6573
3.73182	59.6743
3.7319	59.6912
3.73608	59.7082
3.73616	59.7251
3.73625	59.7421
3.7364	59.759
3.73648	59.776
3.73651	59.7929
3.73663	59.8099
3.74149	59.8268
3.74192	59.8438
3.74207	59.8607
3.74759	59.8777
3.74777	59.8946
3.75093	59.9116
3.75668	59.9285
3.75681	59.9455
3.75702	59.9624
3.75713	59.9794
3.7573	59.9963
3.75741	60.0133
3.76092	60.0299
3.76109	60.0466
3.76112	60.0633
3.76113	60.0799
3.76119	60.0966
3.76619	60.1133
3.76622	60.1299
3.76628	60.1466
3.76631	60.1633
3.76639	60.1799
3.76647	60.1966
3.76653	60.2133
3.76664	60.2299
3.7719	60.2466
3.77206	60.2633
3.77222	60.2799
3.77241	60.2966
3.77252	60.3133
3.77602	60.3299
3.77615	60.3466
3.77634	60.3633
3.77643	60.3799
3.77662	60.3966
3.77673	60.4133
3.77692	60.4299
3.78047	60.4466
3.78054	60.4633
3.78061	60.4799
3.7807	60.4966
3.78081	60.5133
3.78172	60.5299
3.7818	60.5466
3.78187	60.5633
3.78604	60.5799
3.78617	60.5966
3.78628	60.6133
3.78634	60.6299
3.78641	60.6466
3.78653	60.6633
3.79103	60.6799
3.79108	60.6966
3.79115	60.7133
3.79131	60.7299
3.7914	60.7466
3.79147	60.7633
3.79602	60.7799
3.79624	60.7966
3.79627	60.8133
3.80208	60.8299
3.80223	60.8466
3.82407	60.8633
3.82415	60.8799
3.82745	60.8966
3.82792	60.9133
3.83045	60.9299
3.83057	60.9466
3.83064	60.9633
3.83078	60.9799
3.83084	60.9966
3.83829	61.0133
3.83833	61.0297
3.83843	61.0461
3.83854	61.0625
3.83859	61.0789
3.83865	61.0952
3.83872	61.1116
3.84358	61.128
3.84963	61.1444
3.85007	61.1608
3.85031	61.1772
3.85054	61.1936
3.8507	61.21
3.85086	61.2264
3.85567	61.2428
3.85584	61.2592
3.85602	61.2756
3.85622	61.292
3.8563	61.3084
3.86013	61.3248
3.86017	61.3412
3.86046	61.3575
3.86067	61.3739
3.86583	61.3903
3.86591	61.4067
3.86598	61.4231
3.86613	61.4395
3.8662	61.4559
3.86623	61.4723
3.8664	61.4887
3.87102	61.5051
3.87106	61.5215
3.87114	61.5379
3.8713	61.5543
3.8714	61.5707
3.87143	61.5871
3.87154	61.6034
3.87684	61.6198
3.87699	61.6362
3.87718	61.6526
3.87732	61.669
3.87754	61.6854
3.87763	61.7018
3.87772	61.7182
3.87792	61.7346
3.88245	61.751
3.88743	61.7674
3.88748	61.7838
3.88756	61.8002
3.88783	61.8166
3.88795	61.833
3.88872	61.8493
3.89314	61.8657
3.90477	61.8821
3.90488	61.8985
3.90505	61.9149
3.90509	61.9313
3.90937	61.9477
3.9094	61.9641
3.91501	61.9805
3.93188	61.9969
3.93204	62.0133
3.93218	62.0294
3.9323	62.0455
3.93674	62.0617
3.93683	62.0778
3.9369	62.0939
3.9371	62.1101
3.94247	62.1262
3.94262	62.1423
3.94283	62.1584
3.94292	62.1746
3.94308	62.1907
3.94323	62.2068
3.94339	62.223
3.94773	62.2391
3.94777	62.2552
3.94786	62.2713
3.94803	62.2875
3.94806	62.3036
3.94812	62.3197
3.95364	62.3359
3.95397	62.352
3.95412	62.3681
3.95435	62.3842
3.95446	62.4004
3.95462	62.4165
3.95473	62.4326
3.95869	31.2163
3.95876	31.2486
3.95877	31.2808
3.95878	31.3131
3.95881	31.3454
3.95888	31.3776
3.95894	31.4099
3.96434	31.4421
3.96446	31.4744
3.96454	31.5066
3.96465	31.5389
3.96473	31.5712
3.96488	31.6034
3.96495	31.6357
3.96505	31.6679
3.96966	31.7002
3.96972	31.7324
3.9698	31.7647
3.96984	31.797
3.97002	31.8292
3.97007	31.8615
3.97011	31.8937
3.97014	31.926
3.97518	31.9583
3.97535	31.9905
3.9755	32.0228
3.98121	32.054
3.98141	32.0853
3.98153	32.1165
3.98167	32.1478
3.98181	32.179
3.9819	32.2103
3.98606	32.2415
3.99713	32.2728
3.99728	32.304
4.00279	32.3353
4.00283	32.3665
4.00285	32.3978
4.00286	32.429
4.00287	32.4603
4.00288	32.4915
4.00795	32.5228
4.01345	32.554
4.01348	32.5853
4.01364	32.6165
4.01375	32.6478
4.01923	32.679
4.0193	32.7103
4.01943	32.7415
4.01947	32.7728
4.02491	32.804
4.02498	32.8353
4.02987	32.8665
4.02996	32.8978
4.03003	32.929
4.03013	32.9603
4.03022	32.9915
4.03032	33.0228
4.03042	33.0531
4.03622	33.0834
4.04141	33.1137
4.0463	33.144
4.04636	33.1743
4.04644	33.2046
4.04668	33.2349
4.04687	33.2652
4.05191	33.2955
4.05216	33.3258
4.0522	33.3561
4.05223	33.3864
4.05226	33.4167
4.05228	33.447
4.05724	33.4773
4.05767	33.5076
4.06345	33.5379
4.06394	33.5682
4.06828	33.5985
4.06831	33.6288
4.06832	33.6591
4.06851	33.6894
4.06862	33.7197
4.06872	33.75
4.09073	33.7803
4.09095	33.8106
4.09114	33.841
4.09556	33.8713
4.09559	33.9016
4.09566	33.9319
4.09574	33.9622
4.09582	33.9925
4.096	34.0228
4.0961	34.0522
4.10135	34.0816
4.10139	34.111
4.10146	34.1404
4.10701	34.1698
4.10726	34.1992
4.1073	34.2287
4.10745	34.2581
4.10765	34.2875
4.10778	34.3169
4.10797	34.3463
4.11243	34.3757
4.1125	34.4051
4.1178	34.4345
4.11798	34.4639
4.11818	34.4934
4.11835	34.5228
4.11851	34.5522
4.11861	34.5816
4.11878	34.611
4.12319	34.6404
4.12324	34.6698
4.12332	34.6992
4.12343	34.7287
4.13731	34.7581
4.13734	34.7875
4.13755	34.8169
4.13767	34.8463
4.13775	34.8757
4.1443	34.9051
4.1484	34.9345
4.14844	34.9639
4.14853	34.9934
4.14865	35.0228
4.14874	35.0513
4.15323	35.0799
4.15326	35.1085
4.15336	35.1371
4.15837	35.1656
4.15846	35.1942
4.16025	35.2228
4.16031	35.2513
4.16049	35.2799
4.16518	35.3085
4.16556	35.3371
4.1716	35.3656
4.17169	35.3942
4.1718	35.4228
4.1766	35.4513
4.17665	35.4799
4.17668	35.5085
4.1767	35.5371
4.17673	35.5656
4.18635	35.5942
4.18649	35.6228
4.18657	35.6513
4.18664	35.6799
4.18672	35.7085
4.18737	35.7371
4.19221	35.7656
4.19231	35.7942
4.19239	35.8228
4.19287	35.8513
4.19739	35.8799
4.19747	35.9085
4.19759	35.9371
4.19772	35.9656
4.19781	35.9942
4.19793	36.0228
4.20319	36.0505
4.20333	36.0783
4.20356	36.1061
4.2148	36.1339
4.21496	36.1617
4.21537	36.1894
4.21554	36.2172
4.21576	36.245
4.21586	36.2728
4.21931	36.3005
4.21934	36.3283
4.22493	36.3561
4.22513	36.3839
4.22529	36.4117
4.23077	36.4394
4.23093	36.4672
4.23115	36.495
4.23151	36.5228
4.23573	36.5505
4.24158	36.5783
4.24165	36.6061
4.24173	36.6339
4.24704	36.6617
4.24719	36.6894
4.24738	36.7172
4.25834	36.745
4.25928	36.7728
4.25968	36.8005
4.2633	36.8283
4.26333	36.8561
4.2634	36.8839
4.26349	36.9117
4.26365	36.9394
4.26372	36.9672
4.26907	36.995
4.26924	37.0228
4.27007	37.0498
4.2742	37.0768
4.27427	37.1039
4.27459	37.1309
4.27469	37.1579
4.27476	37.1849
4.28024	37.212
4.2804	37.239
4.28089	37.266
4.28546	37.293
4.2906	37.3201
4.29066	37.3471
4.29074	37.3741
4.29098	37.4011
4.29107	37.4282
4.29116	37.4552
4.29124	37.4822
4.29644	37.5093
4.29678	37.5363
4.30193	37.5633
4.30701	37.5903
4.30704	37.6174
4.30732	37.6444
4.30735	37.6714
4.31268	37.6984
4.31339	37.7255
4.31349	37.7525
4.31358	37.7795
4.31798	37.8066
4.31803	37.8336
4.31823	37.8606
4.32396	37.8876
4.32407	37.9147
4.32435	37.9417
4.33993	37.9687
4.33997	37.9957
4.34002	38.0228
4.34011	38.0491
4.34023	38.0754
4.34025	38.1017
4.34037	38.128
4.34542	38.1543
4.3456	38.1807
4.34571	38.207
4.34583	38.2333
4.34589	38.2596
4.35114	38.2859
4.35169	38.3122
4.35189	38.3386
4.35207	38.3649
4.35636	38.3912
4.35639	38.4175
4.35646	38.4438
4.35656	38.4701
4.35663	38.4965
4.35669	38.5228
4.36782	38.5491
4.3679	38.5754
4.37315	38.6017
4.37331	38.628
4.37347	38.6543
4.37363	38.6807
4.37381	38.707
4.374	38.7333
4.37415	38.7596
4.38949	38.7859
4.38958	38.8122
4.3896	38.8386
4.38967	38.8649
4.39472	38.8912
4.39475	38.9175
4.39479	38.9438
4.39487	38.9701
4.395	38.9965
4.39506	39.0228
4.3951	39.0484
4.40062	39.0741
4.40073	39.0997
4.40093	39.1253
4.4057	39.151
4.40573	39.1766
4.40581	39.2023
4.40595	39.2279
4.41164	39.2535
4.41198	39.2792
4.41228	39.3048
4.41266	39.3305
4.41668	39.3561
4.41671	39.3817
4.41714	39.4074
4.41759	39.433
4.42214	39.4587
4.42217	39.4843
4.42223	39.5099
4.43314	39.5356
4.43323	39.5612
4.44413	39.5869
4.4442	39.6125
4.44429	39.6382
4.44455	39.6638
4.44464	39.6894
4.44998	39.7151
4.45057	39.7407
4.45527	39.7664
4.45536	39.792
4.45544	39.8176
4.46059	39.8433
4.46062	39.8689
4.46071	39.8946
4.46081	39.9202
4.46104	39.9458
4.46644	39.9715
4.46659	39.9971
4.46678	40.0228
4.46689	40.0478
4.46707	40.0728
4.46716	40.0978
4.46734	40.1228
4.47248	40.1478
4.47259	40.1728
4.47282	40.1978
4.47731	40.2228
4.4778	40.2478
4.47792	40.2728
4.47804	40.2978
4.47819	40.3228
4.47833	40.3478
4.48252	40.3728
4.48258	40.3978
4.483	40.4228
4.48807	40.4478
4.48824	40.4728
4.4883	40.4978
4.48857	40.5228
4.49536	40.5478
4.50989	40.5728
4.50993	40.5978
4.51561	40.6228
4.51564	40.6478
4.51571	40.6728
4.52139	40.6978
4.52152	40.7228
4.52175	40.7478
4.52188	40.7728
4.52222	40.7978
4.52234	40.8228
4.5264	40.8478
4.52651	40.8728
4.52654	40.8978
4.5266	40.9228
4.53307	40.9478
4.53318	40.9728
4.53731	40.9978
4.53769	41.0228
4.53778	41.0472
4.53787	41.0716
4.53806	41.0959
4.54278	41.1203
4.54328	41.1447
4.5486	41.1691
4.54875	41.1935
4.54948	41.2179
4.54964	41.2423
4.55383	41.2667
4.55389	41.2911
4.554	41.3155
4.55414	41.3398
4.55424	41.3642
4.55434	41.3886
4.55444	41.413
4.55991	41.4374
4.56002	41.4618
4.56022	41.4862
4.56045	41.5106
4.57057	41.535
4.57079	41.5594
4.57101	41.5837
4.57112	41.6081
4.57126	41.6325
4.57138	41.6569
4.57641	41.6813
4.58143	41.7057
4.58152	41.7301
4.58161	41.7545
4.58172	41.7789
4.58681	41.8033
4.58693	41.8276
4.59212	41.852
4.59215	41.8764
4.59224	41.9008
4.60469	41.9252
4.60487	41.9496
4.60529	41.974
4.60535	41.9984
4.60538	42.0228
4.60541	42.0466
4.60562	42.0704
4.60884	42.0942
4.60892	42.118
4.60896	42.1418
4.60899	42.1656
4.60901	42.1894
4.60911	42.2132
4.61407	42.2371
4.61411	42.2609
4.61416	42.2847
4.61422	42.3085
4.61437	42.3323
4.61445	42.3561
4.61451	42.3799
4.61465	42.4037
4.62572	42.4275
4.62607	42.4513
4.62641	42.4752
4.6305	42.499
4.64161	42.5228
4.64171	42.5466
4.64181	42.5704
4.64186	42.5942
4.64197	42.618
4.64205	42.6418
4.64699	42.6656
4.64702	42.6894
4.64712	42.7132
4.6476	42.7371
4.65257	42.7609
4.65271	42.7847
4.6528	42.8085
4.65291	42.8323
4.65898	42.8561
4.65917	42.8799
4.66928	42.9037
4.66938	42.9275
4.66947	42.9513
4.66951	42.9752
4.67538	42.999
4.6757	43.0228
4.67613	43.046
4.68026	43.0693
4.68055	43.0925
4.68058	43.1158
4.68059	43.139
4.68061	43.1623
4.68615	43.1856
4.68626	43.2088
4.68644	43.2321
4.68657	43.2553
4.68668	43.2786
4.68684	43.3018
4.69117	43.3251
4.6912	43.3484
4.69121	43.3716
4.69125	43.3949
4.69142	43.4181
4.69151	43.4414
4.6975	43.4646
4.69781	43.4879
4.70254	43.5111
4.70261	43.5344
4.7027	43.5577
4.70761	43.5809
4.70767	43.6042
4.71346	43.6274
4.71364	43.6507
4.7138	43.6739
4.71394	43.6972
4.71411	43.7204
4.72974	43.7437
4.72989	43.767
4.72998	43.7902
4.73005	43.8135
4.73016	43.8367
4.73545	43.86
4.73563	43.8832
4.73585	43.9065
4.73598	43.9297
4.73616	43.953
4.73634	43.9763
4.73652	43.9995
4.74109	44.0228
4.74123	44.0455
4.74132	44.0682
4.7414	44.091
4.74623	44.1137
4.74632	44.1364
4.74656	44.1591
4.75177	44.1819
4.75196	44.2046
4.75209	44.2273
4.75696	44.25
4.75701	44.2728
4.75709	44.2955
4.75753	44.3182
4.76273	44.341
4.76288	44.3637
4.76304	44.3864
4.76314	44.4091
4.76334	44.4319
4.76838	44.4546
4.76855	44.4773
4.76873	44.5
4.77393	44.5228
4.77409	44.5455
4.7744	44.5682
4.77457	44.591
4.77936	44.6137
4.77939	44.6364
4.77945	44.6591
4.78466	44.6819
4.78994	44.7046
4.80738	44.7273
4.80762	44.75
4.80785	44.7728
4.80797	44.7955
4.80818	44.8182
4.81288	44.841
4.81302	44.8637
4.81313	44.8864
4.81736	44.9091
4.81739	44.9319
4.81748	44.9546
4.81762	44.9773
4.81768	45
4.81796	45.0223
4.8228	45.0445
4.82287	45.0667
4.82294	45.0889
4.82308	45.1112
4.82318	45.1334
4.82321	45.1556
4.82333	45.1778
4.82341	45.2
4.82875	45.2223
4.8288	45.2445
4.82881	45.2667
4.82887	45.2889
4.82899	45.3112
4.82915	45.3334
4.82932	45.3556
4.82941	45.3778
4.8338	45.4
4.83385	45.4223
4.83394	45.4445
4.83407	45.4667
4.83417	45.4889
4.83435	45.5112
4.83443	45.5334
4.83924	45.5556
4.83927	45.5778
4.83936	45.6
4.83958	45.6223
4.83961	45.6445
4.8558	45.6667
4.85613	45.6889
4.86807	45.7112
4.86812	45.7334
4.86823	45.7556
4.8684	45.7778
4.86845	45.8
4.86849	45.8223
4.87403	45.8445
4.87419	45.8667
4.87436	45.8889
4.87834	45.9112
4.87838	45.9334
4.87848	45.9556
4.87859	45.9778
4.87869	46
4.88481	46.0218
4.88987	46.0435
4.8899	46.0653
4.89004	46.087
4.89607	46.1087
4.8962	46.1305
4.89637	46.1522
4.90029	46.174
4.90039	46.1957
4.90048	46.2174
4.90057	46.2392
4.90065	46.2609
4.90069	46.2827
4.90074	46.3044
4.90077	46.3261
4.90633	46.3479
4.90649	46.3696
4.90667	46.3913
4.90715	46.4131
4.90723	46.4348
4.91192	46.4566
4.91205	46.4783
4.91221	46.5
4.91236	46.5218
4.9125	46.5435
4.91263	46.5653
4.91698	46.587
4.91722	46.6087
4.91738	46.6305
4.92229	46.6522
4.92235	46.674
4.92815	46.6957
4.92826	46.7174
4.92845	46.7392
4.92859	46.7609
4.92876	46.7827
4.9289	46.8044
4.93359	46.8261
4.93362	46.8479
4.93869	46.8696
4.93876	46.8913
4.93883	46.9131
4.93906	46.9348
4.93911	46.9566
4.93914	46.9783
4.93916	47
4.946	47.0213
4.94616	47.0426
4.94639	47.0639
4.94974	47.0851
4.97188	47.1064
4.97204	47.1277
4.97223	47.149
4.97234	47.1703
4.97251	47.1915
4.97259	47.2128
4.97273	47.2341
4.97708	47.2554
4.97714	47.2766
4.9772	47.2979
4.97735	47.3192
4.97743	47.3405
4.97748	47.3617
4.97762	47.383
4.97767	47.4043
4.98313	47.4256
4.99365	47.4469
4.99382	47.4681
4.99399	47.4894
4.99402	47.5107
4.99907	47.532
4.99913	47.5532
4.99916	47.5745
4.99918	47.5958
4.99937	47.6171
4.99952	47.6383
4.99962	47.6596
5.00803	47.6809
5.00827	47.7022
5.00846	47.7234
5.00861	47.7447
5.00878	47.766
5.00909	47.7873
5.01331	47.8086
5.01348	47.8298
5.01352	47.8511
5.01358	47.8724
5.01856	47.8937
5.01859	47.9149
5.01868	47.9362
5.02439	47.9575
5.02454	47.9788
5.02519	48
5.02947	48.0209
5.0295	48.0417
5.02971	48.0625
5.02979	48.0834
5.05747	48.1042
5.06272	48.125
5.06291	48.1459
5.06312	48.1667
5.06324	48.1875
5.06348	48.2084
5.0636	48.2292
5.06785	48.25
5.06791	48.2709
5.06801	48.2917
5.06811	48.3125
5.06819	48.3334
5.0683	48.3542
5.06835	48.375
5.07335	48.3959
5.07345	48.4167
5.07351	48.4375
5.07358	48.4584
5.0737	48.4792
5.07384	48.5
5.07903	48.5209
5.07934	48.5417
5.07951	48.5625
5.07986	48.5834
5.07999	48.6042
5.08553	48.625
5.08558	48.6459
5.08561	48.6667
5.09018	48.6875
5.09034	48.7084
5.09051	48.7292
5.09064	48.75
5.09075	48.7709
5.0909	48.7917
5.09121	48.8125
5.09527	48.8334
5.09538	48.8542
5.09561	48.875
5.09568	48.8959
5.09572	48.9167
5.09575	48.9375
5.10115	48.9584
5.10141	48.9792
5.10636	49
5.1064	49.0205
5.10651	49.0409
5.10656	49.0613
5.10659	49.0817
5.11863	49.1021
5.12871	49.1225
5.12892	49.1429
5.12911	49.1633
5.12923	49.1837
5.12938	49.2041
5.13368	49.2245
5.13371	49.2449
5.13373	49.2653
5.13378	49.2858
5.13393	49.3062
5.13399	49.3266
5.13958	49.347
5.13961	49.3674
5.15639	49.3878
5.15655	49.4082
5.16116	49.4286
5.16129	49.449
5.16138	49.4694
5.16146	49.4898
5.16156	49.5102
5.16164	49.5307
5.16692	49.5511
5.16706	49.5715
5.16728	24.7857
5.1674	24.8274
5.16761	24.8691
5.16774	24.9107
5.17248	24.9524
5.17256	24.9941
5.17271	25.0357
5.17281	25.0757
5.17297	25.1157
5.17307	25.1557
5.17323	25.1957
5.17333	25.2357
5.17752	25.2757
5.17757	25.3157
5.17765	25.3557
5.17769	25.3957
5.17778	25.4357
5.17782	25.4757
5.18305	25.5157
5.18322	25.5557
5.18329	25.5957
5.1834	25.6357
5.1892	25.6757
5.18933	25.7157
5.18948	25.7557
5.18951	25.7957
5.19945	25.8357
5.19949	25.8757
5.1995	25.9157
5.2	25.9557
5.2049	25.9957
5.20493	26.0357
5.20499	26.0742
5.20533	26.1127
5.20537	26.1511
5.20545	26.1896
5.21072	26.228
5.21086	26.2665
5.21224	26.305
5.21607	26.3434
5.21626	26.3819
5.21632	26.4204
5.21637	26.4588
5.21645	26.4973
5.22247	26.5357
5.22274	26.5742
5.2229	26.6127
5.24342	26.6511
5.24374	26.6896
5.2439	26.728
5.24407	26.7665
5.24428	26.805
5.24849	26.8434
5.24968	26.8819
5.25002	26.9204
5.2523	26.9588
5.25236	26.9973
5.25248	27.0357
5.25559	27.0728
5.25565	27.1098
5.25573	27.1468
5.25587	27.1839
5.25597	27.2209
5.25913	27.258
5.2592	27.295
5.26058	27.332
5.26083	27.3691
5.26091	27.4061
5.26097	27.4431
5.26585	27.4802
5.2803	27.5172
5.28043	27.5543
5.28309	27.5913
5.29238	27.6283
5.2944	27.6654
5.29447	27.7024
5.29594	27.7394
5.29601	27.7765
5.29867	27.8135
5.29943	27.8506
5.29949	27.8876
5.29955	27.9246
5.30147	27.9617
5.30154	27.9987
5.30718	28.0357
5.30728	28.0714
5.31002	28.1072
5.3101	28.1429
5.31013	28.1786
5.31229	28.2143
5.31282	28.25
5.31285	28.2857
5.31289	28.3214
5.31503	28.3572
5.31506	28.3929
5.31518	28.4286
5.32845	28.4643
5.32848	28.5
5.33183	28.5357
5.33186	28.5714
5.33897	28.6072
5.33904	28.6429
5.34098	28.6786
5.3443	28.7143
5.34437	28.75
5.34637	28.7857
5.34654	28.8214
5.34673	28.8572
5.3482	28.8929
5.35393	28.9286
5.35585	28.9643
5.35589	29
5.35596	29.0345
5.3605	29.069
5.36063	29.1035
5.3608	29.138
5.36298	29.1724
5.36302	29.2069
5.3631	29.2414
5.36324	29.2759
5.36331	29.3104
5.36719	29.3448
5.36996	29.3793
5.37001	29.4138
5.37665	29.4483
5.37677	29.4828
5.37699	29.5173
5.37707	29.5517
5.38017	29.5862
5.38079	29.6207
5.38522	29.6552
5.3855	29.6897
5.38927	29.7242
5.39	29.7586
5.39012	29.7931
5.39205	29.8276
5.39285	29.8621
5.39425	29.8966
5.39431	29.9311
5.39433	29.9655
5.39666	30
5.39704	30.0334
5.40797	30.0667
5.408	30.1
5.40928	30.1334
5.40934	30.1667
5.40941	30.2
5.41155	30.2334
5.41646	30.2667
5.41659	30.3
5.41682	30.3334
5.41688	30.3667
5.42056	30.4
5.42778	30.4334
5.42787	30.4667
5.42795	30.5
5.42802	30.5334
5.43251	30.5667
5.44771	30.6
5.44778	30.6334
5.44781	30.6667
5.45043	30.7
5.45049	30.7334
5.45194	30.7667
5.45606	30.8
5.45609	30.8334
5.45618	30.8667
5.45631	30.9
5.45641	30.9334
5.45648	30.9667
5.4604	31
5.46531	31.0323
5.46537	31.0645
5.46547	31.0968
5.46804	31.1291
5.46877	31.1613
5.4688	31.1936
5.46887	31.2258
5.4751	31.2581
5.47515	31.2903
5.47714	31.3226
5.4773	31.3549
5.47741	31.3871
5.48067	31.4194
5.48286	31.4516
5.48289	31.4839
5.48313	31.5162
5.48926	31.5484
5.4938	31.5807
5.4939	31.6129
5.50052	31.6452
5.5014	31.6774
5.50158	31.7097
5.50176	31.742
5.50188	31.7742
5.50458	31.8065
5.50462	31.8387
5.50473	31.871
5.50483	31.9032
5.50493	31.9355
5.51061	31.9678
5.51551	32
5.51569	32.0313
5.51591	32.0625
5.51602	32.0938
5.51619	32.125
5.52091	32.1563
5.52095	32.1875
5.52101	32.2188
5.54033	32.25
5.54039	32.2813
5.5408	32.3125
5.54094	32.3438
5.54407	32.375
5.54413	32.4063
5.54421	32.4375
5.54435	32.4688
5.54439	32.5
5.54917	32.5313
5.54927	32.5625
5.55526	32.5938
5.5601	32.625
5.56084	32.6563
5.56087	32.6875
5.5623	32.7188
5.56233	32.75
5.56241	32.7813
5.56258	32.8125
5.56266	32.8438
5.5659	32.875
5.56797	32.9063
5.56803	32.9375
5.57001	32.9688
5.57005	33
5.57157	33.0303
5.57162	33.0606
5.57174	33.0909
5.57212	33.1212
5.57231	33.1515
5.57587	33.1818
5.57728	33.2121
5.58565	33.2424
5.58568	33.2727
5.58898	33.3031
5.58901	33.3334
5.58909	33.3637
5.59123	33.394
5.5943	33.4243
5.59438	33.4546
5.59452	33.4849
5.59463	33.5152
5.59972	33.5455
5.61261	33.5758
5.61509	33.6061
5.61518	33.6364
5.6152	33.6667
5.61528	33.697
5.61539	33.7273
5.61546	33.7576
5.62289	33.7879
5.62311	33.8182
5.62869	33.8485
5.62875	33.8788
5.62885	33.9091
5.6338	33.9394
5.63387	33.9697
5.63401	34
5.63419	34.0294
5.63484	34.0588
5.63488	34.0883
5.6349	34.1177
5.63491	34.1471
5.63917	34.1765
5.63953	34.2059
5.6398	34.2353
5.64516	34.2647
5.64555	34.2941
5.6457	34.3236
5.65039	34.353
5.65044	34.3824
5.65054	34.4118
5.65063	34.4412
5.65608	34.4706
5.65613	34.5
5.66128	34.5294
5.66157	34.5588
5.66779	34.5883
5.67215	34.6177
5.67229	34.6471
5.67238	34.6765
5.67255	34.7059
5.67265	34.7353
5.68361	34.7647
5.68371	34.7941
5.68855	34.8236
5.6886	34.853
5.68868	34.8824
5.69826	34.9118
5.69833	34.9412
5.69843	34.9706
5.69855	35
5.7041	35.0286
5.70897	35.0572
5.70912	35.0857
5.70934	35.1143
5.70948	35.1429
5.70959	35.1714
5.70971	35.2
5.71377	35.2286
5.71927	35.2572
5.71942	35.2857
5.71951	35.3143
5.71959	35.3429
5.71967	35.3714
5.725	35.4
5.72516	35.4286
5.72535	35.4572
5.7255	35.4857
5.72565	35.5143
5.73004	35.5429
5.73649	35.5714
5.73665	35.6
5.7368	35.6286
5.73689	35.6572
5.74149	35.6857
5.74153	35.7143
5.75198	35.7429
5.75301	35.7714
5.75308	35.8
5.75316	35.8286
5.75328	35.8572
5.75337	35.8857
5.75351	35.9143
5.75359	35.9429
5.75362	35.9714
5.75847	36
5.76152	36.0278
5.7618	36.0556
5.76186	36.0834
5.76194	36.1111
5.76699	36.1389
5.76714	36.1667
5.76746	36.1945
5.76765	36.2222
5.77312	36.25
5.7733	36.2778
5.77827	36.3056
5.77842	36.3334
5.77863	36.3611
5.78434	36.3889
5.7845	36.4167
5.78984	36.4445
5.78996	36.4722
5.79017	36.5
5.7903	36.5278
5.79524	36.5556
5.79537	36.5834
5.79546	36.6111
5.79551	36.6389
5.80093	36.6667
5.80108	36.6945
5.81144	36.7222
5.81147	36.75
5.81166	36.7778
5.81772	36.8056
5.81786	36.8334
5.81813	36.8611
5.81815	36.8889
5.81827	36.9167
5.82246	36.9445
5.82812	36.9722
5.82824	37
5.8283	37.027
5.82832	37.0541
5.82843	37.0811
5.82848	37.1081
5.83443	37.1352
5.83894	37.1622
5.83901	37.1892
5.83912	37.2162
5.84483	37.2433
5.84499	37.2703
5.84519	37.2973
5.84533	37.3243
5.84554	37.3514
5.84993	37.3784
5.84996	37.4054
5.85005	37.4325
5.85014	37.4595
5.85017	37.4865
5.85028	37.5135
5.85581	37.5406
5.85597	37.5676
5.86084	37.5946
5.86087	37.6216
5.86649	37.6487
5.86663	37.6757
5.86674	37.7027
5.8668	37.7298
5.86688	37.7568
5.88855	37.7838
5.88866	37.8108
5.88875	37.8379
5.88887	37.8649
5.88898	37.8919
5.89386	37.9189
5.89393	37.946
5.89407	37.973
5.89925	38
5.89938	38.0263
5.89945	38.0527
5.89965	38.079
5.90508	38.1053
5.90567	38.1316
5.90593	38.1579
5.9061	38.1842
5.91019	38.2105
5.91029	38.2369
5.9104	38.2632
5.91056	38.2895
5.91569	38.3158
5.91572	38.3421
5.92136	38.3684
5.92151	38.3948
5.92182	38.4211
5.92193	38.4474
5.92211	38.4737
5.92222	38.5
5.92235	38.5263
5.92691	38.5527
5.92696	38.579
5.92706	38.6053
5.93757	38.6316
5.93763	38.6579
5.93772	38.6842
5.93785	38.7105
5.93792	38.7369
5.95403	38.7632
5.95409	38.7895
5.9542	38.8158
5.95435	38.8421
5.95455	38.8684
5.96083	38.8948
5.96095	38.9211
5.96124	38.9474
5.96445	38.9737
5.96449	39
5.96458	39.0257
5.96468	39.0513
5.96476	39.0769
5.96483	39.1026
5.96995	39.1282
5.97179	39.1539
5.97189	39.1795
5.97679	39.2051
5.97697	39.2308
5.977	39.2564
5.97712	39.2821
5.99933	39.3077
5.99959	39.3334
5.99975	39.359
5.99985	39.3846
6.00001	39.4103
6.00418	39.4359
6.00436	39.4616
6.00441	39.4872
6.0097	39.5128
6.00975	39.5385
6.00978	39.5641
6.00989	39.5898
6.01002	39.6154
6.01013	39.641
6.01024	39.6667
6.01654	39.6923
6.02058	39.718
6.02109	39.7436
6.02112	39.7693
6.02118	39.7949
6.02615	39.8205
6.02619	39.8462
6.02664	39.8718
6.03221	39.8975
6.03239	39.9231
6.0326	39.9487
6.03275	39.9744
6.03295	40
6.03321	40.025
6.03338	40.05
6.0372	40.075
6.03737	40.1
6.04862	40.125
6.04866	40.15
6.04873	40.175
6.05343	40.2
6.05346	40.225
6.05356	40.25
6.0537	40.275
6.06449	40.3
6.06455	40.325
6.06462	40.35
6.06474	40.375
6.07027	40.4
6.07033	40.425
6.07041	40.45
6.07049	40.475
6.0863	40.5
6.08636	40.525
6.08648	40.55
6.08659	40.575
6.08662	40.6
6.08695	40.625
6.09231	40.65
6.09248	40.675
6.09269	40.7
6.09301	40.725
6.09314	40.75
6.09324	40.775
6.10424	40.8
6.10444	40.825
6.10468	40.85
6.10824	40.875
6.10827	40.9
6.10876	40.925
6.10894	40.95
6.11378	40.975
6.11382	41
6.11383	41.0244
6.11388	41.0488
6.11403	41.0732
6.12007	41.0976
6.12022	41.122
6.12041	41.1464
6.12065	41.1708
6.12077	41.1951
6.125	41.2195
6.12504	41.2439
6.12506	41.2683
6.14712	41.2927
6.14727	41.3171
6.14751	41.3415
6.14776	41.3659
6.1482	41.3903
6.1527	41.4147
6.15273	41.439
6.15802	41.4634
6.16368	41.4878
6.16908	41.5122
6.1694	41.5366
6.16952	41.561
6.16989	41.5854
6.17011	41.6098
6.17419	41.6342
6.1743	41.6586
6.17493	41.6829
6.17502	41.7073
6.17509	41.7317
6.17513	41.7561
6.18583	41.7805
6.18595	41.8049
6.18605	41.8293
6.18626	41.8537
6.18638	41.8781
6.19051	41.9025
6.19054	41.9269
6.19655	41.9512
6.19669	41.9756
6.19693	42
6.19704	42.0238
6.1972	42.0476
6.20144	42.0714
6.20741	42.0953
6.20754	42.1191
6.20766	42.1429
6.20789	42.1667
6.20797	42.1905
6.20809	42.2143
6.21254	42.2381
6.21263	42.2619
6.21849	42.2857
6.22393	42.3095
6.22396	42.3334
6.22418	42.3572
6.22452	42.381
6.22458	42.4048
6.22466	42.4286
6.23522	42.4524
6.23538	42.4762
6.26234	42.5
6.26237	42.5238
6.26246	42.5476
6.26259	42.5714
6.26782	42.5953
6.268	42.6191
6.26823	42.6429
6.26864	42.6667
6.27023	42.6905
6.27042	42.7143
6.27265	42.7381
6.27268	42.7619
6.27927	42.7857
6.2795	42.8095
6.2796	42.8334
6.27984	42.8572
6.27995	42.881
6.28011	42.9048
6.28377	42.9286
6.28412	42.9524
6.28923	42.9762
6.28927	43
6.28929	43.0233
6.28933	43.0465
6.28947	43.0698
6.28961	43.093
6.2909	43.1163
6.29489	43.1396
6.29493	43.1628
6.29506	43.1861
6.29518	43.2093
6.29528	43.2326
6.29535	43.2558
6.3002	43.2791
6.30024	43.3023
6.30038	43.3256
6.30049	43.3489
6.30057	43.3721
6.30069	43.3954
6.30079	43.4186
6.30601	43.4419
6.30615	43.4651
6.33431	43.4884
6.33445	43.5116
6.33855	43.5349
6.33862	43.5582
6.3454	43.5814
6.34568	43.6047
6.34987	43.6279
6.34998	43.6512
6.35003	43.6744
6.35013	43.6977
6.35566	43.721
6.35582	43.7442
6.35629	43.7675
6.35653	43.7907
6.35658	43.814
6.35661	43.8372
6.36043	43.8605
6.36046	43.8837
6.36047	43.907
6.36054	43.9303
6.36069	43.9535
6.3608	43.9768
6.36108	44
6.36654	44.0227
6.36672	44.0455
6.36693	44.0682
6.36709	44.0909
6.36728	44.1137
6.36752	44.1364
6.36767	44.1591
6.36787	44.1818
6.37159	44.2046
6.37162	44.2273
6.37164	44.25
6.37165	44.2727
6.3717	44.2955
6.37173	44.3182
6.37187	44.3409
6.37702	44.3637
6.37711	44.3864
6.37719	44.4091
6.37732	44.4318
6.37744	44.4546
6.39906	44.4773
6.39911	44.5
6.40423	44.5227
6.40441	44.5455
6.4046	44.5682
6.40475	44.5909
6.40495	44.6137
6.40778	44.6364
6.40816	44.6591
6.41214	44.6818
6.41577	44.7046
6.41601	44.7273
6.41624	44.75
6.41981	44.7727
6.41984	44.7955
6.42008	44.8182
6.42029	44.8409
6.42045	44.8637
6.42757	44.8864
6.42793	44.9091
6.42842	44.9318
6.42865	44.9546
6.42889	44.9773
6.42916	45
6.43218	45.0222
6.43249	45.0445
6.43257	45.0667
6.43263	45.0889
6.43809	45.1111
6.43826	45.1334
6.43855	45.1556
6.44301	45.1778
6.44305	45.2
6.4431	45.2222
6.44894	45.2445
6.4491	45.2667
6.44926	45.2889
6.4494	45.3111
6.44947	45.3334
6.45303	45.3556
6.45494	45.3778
6.45497	45.4
6.45824	45.4222
6.45828	45.4445
6.45844	45.4667
6.45853	45.4889
6.45861	45.5111
6.45875	45.5334
6.46403	45.5556
6.46414	45.5778
6.46426	45.6
6.46438	45.6222
6.46447	45.6445
6.46454	45.6667
6.46986	45.6889
6.4699	45.7111
6.47005	45.7334
6.47026	45.7556
6.4706	45.7778
6.47475	45.8
6.47485	45.8222
6.47495	45.8445
6.47526	45.8667
6.47542	45.8889
6.48023	45.9111
6.48048	45.9334
6.48612	45.9556
6.48621	45.9778
6.48632	46
6.48656	46.0218
6.48686	46.0435
6.487	46.0652
6.49162	46.087
6.49166	46.1087
6.49747	46.1305
6.49761	46.1522
6.49783	46.1739
6.49796	46.1957
6.49825	46.2174
6.51519	46.2392
6.51524	46.2609
6.51529	46.2826
6.51532	46.3044
6.51533	46.3261
6.51867	46.3478
6.5195	46.3696
6.51993	46.3913
6.51997	46.4131
6.52404	46.4348
6.52412	46.4565
6.5242	46.4783
6.52435	46.5
6.52981	46.5218
6.53018	46.5435
6.53069	46.5652
6.53081	46.587
6.53501	46.6087
6.53532	46.6305
6.53541	46.6522
6.53548	46.6739
6.53561	46.6957
6.54098	46.7174
6.54111	46.7392
6.54604	46.7609
6.55243	46.7826
6.55261	46.8044
6.55274	46.8261
6.55695	46.8478
6.55698	46.8696
6.55736	46.8913
6.55828	46.9131
6.5584	46.9348
6.56245	46.9565
6.56251	46.9783
6.56254	47
6.56257	47.0213
6.5626	47.0426
6.56266	47.0639
6.56274	47.0851
6.56283	47.1064
6.57383	47.1277
6.57885	47.149
6.57897	47.1702
6.57952	47.1915
6.58463	47.2128
6.58522	47.2341
6.58539	47.2553
6.58557	47.2766
6.58572	47.2979
6.58598	47.3192
6.58978	47.3404
6.59538	47.3617
6.59541	47.383
6.59567	47.4043
6.60129	47.4256
6.60144	47.4468
6.60168	47.4681
6.60179	47.4894
6.60198	47.5107
6.60209	47.5319
6.6022	47.5532
6.6064	47.5745
6.60644	47.5958
6.6065	47.617
6.60653	47.6383
6.60662	47.6596
6.61468	47.6809
6.61725	47.7021
6.61732	47.7234
6.61747	47.7447
6.6228	47.766
6.62295	47.7873
6.62312	47.8085
6.62321	47.8298
6.62869	47.8511
6.62887	47.8724
6.63022	47.8936
6.63039	47.9149
6.63057	47.9362
6.63368	47.9575
6.63382	47.9787
6.63388	48
6.63395	48.0209
6.63404	48.0417
6.63412	48.0625
6.64007	48.0834
6.64025	48.1042
6.64045	48.125
6.6406	48.1459
6.64089	48.1667
6.64476	48.1875
6.66138	48.2084
6.66152	48.2292
6.66161	48.25
6.66176	48.2709
6.66188	48.2917
6.66202	48.3125
6.66213	48.3334
6.67237	48.3542
6.67765	48.375
6.6778	48.3959
6.67793	48.4167
6.67801	48.4375
6.67813	48.4584
6.6835	48.4792
6.68353	48.5
6.68898	48.5209
6.68917	48.5417
6.68966	48.5625
6.68976	48.5834
6.68994	48.6042
6.69389	48.625
6.69392	48.6459
6.69402	48.6667
6.69422	48.6875
6.69428	48.7084
6.69438	48.7292
6.70027	48.75
6.70046	48.7709
6.70108	48.7917
6.70131	48.8125
6.70166	48.8334
6.70493	48.8542
6.70497	48.875
6.70515	48.8959
6.70521	48.9167
6.70529	48.9375
6.70533	48.9584
6.70545	48.9792
6.70556	49
6.71054	49.0204
6.71058	49.0408
6.71059	49.0612
6.7106	49.0817
6.71061	49.1021
6.71062	49.1225
6.71074	49.1429
6.71081	49.1633
6.72136	49.1837
6.7218	49.2041
6.7219	49.2245
6.72197	49.2449
6.72208	49.2653
6.72213	49.2857
6.72216	49.3061
6.72708	49.3266
6.74516	49.347
6.7453	49.3674
6.74548	49.3878
6.74592	49.4082
6.74611	49.4286
6.74638	49.449
6.75531	49.4694
6.75554	49.4898
6.75563	49.5102
6.7557	49.5306
6.76112	49.551
6.76128	49.5714
6.76154	49.5919
6.76653	49.6123
6.76666	49.6327
6.76692	49.6531
6.76696	49.6735
6.76707	49.6939
6.76732	49.7143
6.76749	49.7347
6.76773	49.7551
6.77209	49.7755
6.77219	49.7959
6.77236	49.8163
6.77723	49.8368
6.77726	49.8572
6.77732	49.8776
6.77743	49.898
6.77748	49.9184
6.77756	49.9388
6.77767	49.9592
6.78313	49.9796
6.78316	50
6.78848	50.02
6.78853	50.04
6.78869	50.06
6.78891	50.08
6.78907	50.1
6.78934	50.12
6.78942	50.14
6.78955	50.16
6.79415	50.18
6.79423	50.2
6.80003	50.22
6.80027	50.24
6.80074	50.26
6.80093	50.28
6.80249	50.3
6.80275	50.32
6.81082	50.34
6.81086	50.36
6.81094	50.38
6.81606	50.4
6.8162	50.42
6.8164	50.44
6.82165	50.46
6.82701	50.48
6.82709	50.5
6.83261	50.52
6.833	50.54
6.83323	50.56
6.83337	50.58
6.83353	50.6
6.83782	50.62
6.83786	50.64
6.83787	50.66
6.83789	50.68
6.83803	50.7
6.83805	50.72
6.84394	50.74
6.85283	50.76
6.85293	50.78
6.85312	50.8
6.85317	50.82
6.85925	50.84
6.85928	50.86
6.85938	50.88
6.8601	50.9
6.86014	50.92
6.86016	50.94
6.86017	50.96
6.86452	50.98
6.86456	51
6.86497	51.0196
6.86501	51.0392
6.87049	51.0588
6.87064	51.0785
6.87079	51.0981
6.87094	51.1177
6.8711	51.1373
6.87384	51.1569
6.87426	51.1765
6.87443	51.1961
6.87453	51.2157
6.87926	51.2353
6.87929	51.2549
6.87942	51.2745
6.88102	51.2941
6.88501	51.3137
6.88541	51.3334
6.88552	51.353
6.89062	51.3726
6.8911	51.3922
6.89121	51.4118
6.89158	51.4314
6.89164	51.451
6.89588	51.4706
6.89598	51.4902
6.90163	51.5098
6.90185	51.5294
6.90198	51.549
6.90208	51.5686
6.90218	51.5883
6.90699	51.6079
6.91222	51.6275
6.91234	51.6471
6.91243	51.6667
6.91278	51.6863
6.91812	51.7059
6.91831	51.7255
6.91851	51.7451
6.91864	51.7647
6.91886	51.7843
6.91902	51.8039
6.92315	51.8236
6.92318	51.8432
6.92321	51.8628
6.92328	51.8824
6.92339	51.902
6.92862	51.9216
6.92874	51.9412
6.92897	51.9608
6.92916	51.9804
6.93491	52
6.93505	52.0193
6.93567	52.0385
6.94649	52.0577
6.95056	52.0769
6.95059	52.0962
6.95085	52.1154
6.9509	52.1346
6.95093	52.1539
6.95095	52.1731
6.95846	52.1923
6.95874	52.2116
6.9588	52.2308
6.95895	52.25
6.96157	52.2693
6.96161	52.2885
6.96723	52.3077
6.96727	52.3269
6.96739	52.3462
6.96751	52.3654
6.96755	52.3846
6.96762	52.4039
6.97681	52.4231
6.97695	52.4423
6.97769	52.4616
6.97781	52.4808
6.9785	52.5
6.97871	52.5193
6.97961	52.5385
6.98354	52.5577
6.98368	52.5769
6.98376	52.5962
6.98387	52.6154
6.98392	52.6346
6.98395	52.6539
6.98398	52.6731
6.98943	52.6923
6.99477	52.7116
6.99485	52.7308
6.99512	52.75
6.99524	52.7693
6.99534	52.7885
7.00013	52.8077
7.00026	52.8269
7.00038	52.8462
7.00043	52.8654
7.00049	52.8846
7.00616	52.9039
7.00702	52.9231
7.00717	52.9423
7.00741	52.9616
7.01673	52.9808
7.01713	53
7.01724	53.0189
7.01775	53.0378
7.01788	53.0566
7.0218	53.0755
7.02235	53.0944
7.02735	53.1132
7.02747	53.1321
7.02779	53.151
7.02799	53.1698
7.03376	53.1887
7.03888	53.2076
7.0391	53.2264
7.03933	53.2453
7.03969	53.2642
7.03986	53.283
7.04396	53.3019
7.04409	53.3208
7.04421	53.3396
7.04429	53.3585
7.04455	53.3774
7.04931	53.3962
7.05593	53.4151
7.05596	53.434
7.05613	53.4529
7.05626	53.4717
7.06027	53.4906
7.0603	53.5095
7.06033	53.5283
7.06038	53.5472
7.06052	53.5661
7.06058	53.5849
7.06061	53.6038
7.06069	53.6227
7.06577	53.6415
7.06581	53.6604
7.06587	53.6793
7.0659	53.6981
7.06605	53.717
7.06612	53.7359
7.06618	53.7547
7.06624	53.7736
7.07167	53.7925
7.07187	53.8113
7.07208	53.8302
7.07216	53.8491
7.07224	53.8679
7.07967	53.8868
7.08218	53.9057
7.08769	53.9245
7.08772	53.9434
7.0937	53.9623
7.09384	53.9812
7.09921	54
7.09931	54.0185
7.09941	54.0371
7.09959	54.0556
7.09976	54.0741
7.10408	54.0926
7.10422	54.1111
7.10431	54.1297
7.10444	54.1482
7.10452	54.1667
7.11563	54.1852
7.11597	54.2037
7.11611	54.2222
7.11629	54.2408
7.1205	54.2593
7.12053	54.2778
7.12072	54.2963
7.1208	54.3148
7.12089	54.3334
7.12097	54.3519
7.12647	54.3704
7.12651	54.3889
7.12719	54.4074
7.12733	54.4259
7.13152	54.4445
7.1316	54.463
7.13167	54.4815
7.13183	54.5
7.13196	54.5185
7.13316	54.5371
7.13789	54.5556
7.138	54.5741
7.1382	54.5926
7.13825	54.6111
7.14643	54.6297
7.14647	54.6482
7.14654	54.6667
7.14912	54.6852
7.14936	54.7037
7.14946	54.7222
7.15279	54.7408
7.15284	54.7593
7.15287	54.7778
7.1529	54.7963
7.15292	54.8148
7.15295	54.8334
7.15825	54.8519
7.1584	54.8704
7.15868	54.8889
7.15893	54.9074
7.15912	54.9259
7.17419	54.9445
7.1743	54.963
7.17516	54.9815
7.17521	55
7.17523	55.0182
7.17524	55.0364
7.17958	55.0546
7.17961	55.0727
7.17963	55.0909
7.17971	55.1091
7.17981	55.1273
7.17987	55.1455
7.18547	55.1637
7.19379	55.1818
7.19938	55.2
7.19955	55.2182
7.19971	55.2364
7.19989	55.2546
7.20012	55.2727
7.20025	55.2909
7.20039	55.3091
7.20447	55.3273
7.20479	55.3455
7.2093	55.3637
7.20944	55.3818
7.20988	55.4
7.21505	55.4182
7.21509	55.4364
7.21521	55.4546
7.21536	55.4727
7.21552	55.4909
7.21556	55.5091
7.22003	55.5273
7.22006	55.5455
7.22278	55.5637
7.22284	55.5818
7.22295	55.6
7.22818	55.6182
7.22829	55.6364
7.22848	55.6546
7.22879	55.6727
7.22893	55.6909
7.22913	55.7091
7.22923	55.7273
7.23329	55.7455
7.23332	55.7637
7.23365	55.7818
7.23376	55.8
7.23383	55.8182
7.23392	55.8364
7.23935	55.8546
7.23948	55.8727
7.2396	55.8909
7.23974	55.9091
7.25546	55.9273
7.25564	55.9455
7.25592	55.9637
7.25601	55.9818
7.25607	56
7.26075	56.0179
7.26137	56.0357
7.26149	56.0536
7.26673	56.0714
7.26687	56.0893
7.26715	56.1072
7.26732	56.125
7.26767	56.1429
7.27185	56.1607
7.27736	56.1786
7.27747	56.1964
7.27755	56.2143
7.27757	56.2322
7.28378	56.25
7.28389	56.2679
7.28409	56.2857
7.28422	56.3036
7.28815	56.3214
7.28819	56.3393
7.28827	56.3572
7.28839	56.375
7.2946	56.3929
7.29481	56.4107
7.29501	56.4286
7.29516	56.4464
7.29549	56.4643
7.29916	56.4822
7.29919	56.5
7.29974	56.5179
7.29978	56.5357
7.30468	56.5536
7.30481	56.5714
7.30484	56.5893
7.30493	56.6072
7.30502	56.625
7.31075	56.6429
7.31096	56.6607
7.31114	56.6786
7.31128	56.6964
7.31144	56.7143
7.31576	56.7322
7.31585	56.75
7.32166	56.7679
7.32186	56.7857
7.32338	56.8036
7.32364	56.8214
7.32377	56.8393
7.32393	56.8572
7.32411	56.875
7.32657	56.8929
7.327	56.9107
7.32706	56.9286
7.32718	56.9464
7.3321	56.9643
7.33241	56.9822
7.33246	57
7.33251	57.0176
7.33768	57.0351
7.33788	57.0527
7.33813	57.0702
7.33832	57.0877
7.34318	57.1053
7.34348	57.1228
7.34362	57.1404
7.349	57.1579
7.35463	57.1755
7.36007	57.193
7.36011	57.2105
7.36032	57.2281
7.36046	57.2456
7.36061	57.2632
7.36525	57.2807
7.36536	57.2983
7.36547	57.3158
7.36553	57.3334
7.36558	57.3509
7.37061	57.3684
7.37064	57.386
7.37071	57.4035
7.3708	57.4211
7.37087	57.4386
7.37667	57.4562
7.37677	57.4737
7.37706	57.4912
7.3815	57.5088
7.38153	57.5263
7.38158	57.5439
7.38198	57.5614
7.38205	57.579
7.38711	57.5965
7.38719	57.6141
7.38749	57.6316
7.38757	57.6491
7.39356	57.6667
7.39393	57.6842
7.39804	57.7018
7.39822	57.7193
7.39841	57.7369
7.40384	57.7544
7.40426	28.8772
7.40439	28.9129
7.40448	28.9486
7.40461	28.9843
7.40471	29.0201
7.409	29.0545
7.40905	29.089
7.40915	29.1235
7.40952	29.158
7.41436	29.1925
7.41453	29.227
7.41462	29.2614
7.4147	29.2959
7.41474	29.3304
7.4203	29.3649
7.42035	29.3994
7.42058	29.4339
7.42068	29.4683
7.42083	29.5028
7.42095	29.5373
7.42547	29.5718
7.42586	29.6063
7.42596	29.6408
7.43695	29.6752
7.44205	29.7097
7.4422	29.7442
7.44229	29.7787
7.44722	29.8132
7.44724	29.8476
7.44732	29.8821
7.44752	29.9166
7.44761	29.9511
7.44772	29.9856
7.45395	30.0201
7.45412	30.0534
7.45432	30.0867
7.45823	30.1201
7.45828	30.1534
7.45834	30.1867
7.45845	30.2201
7.45855	30.2534
7.45863	30.2867
7.45882	30.3201
7.4589	30.3534
7.46389	30.3867
7.46445	30.4201
7.4646	30.4534
7.46479	30.4867
7.46494	30.5201
7.4651	30.5534
7.46916	30.5867
7.48093	30.6201
7.48134	30.6534
7.48144	30.6867
7.48567	30.7201
7.48571	30.7534
7.49222	30.7867
7.50211	30.8201
7.50217	30.8534
7.50228	30.8867
7.50236	30.9201
7.50246	30.9534
7.5026	30.9867
7.50752	31.0201
7.50755	31.0523
7.50775	31.0846
7.51732	31.1168
7.51749	31.1491
7.52252	31.1814
7.52256	31.2136
7.52262	31.2459
7.52782	31.2781
7.52788	31.3104
7.52798	31.3426
7.52812	31.3749
7.52821	31.4072
7.52827	31.4394
7.52837	31.4717
7.53377	31.5039
7.53467	31.5362
7.53877	31.5684
7.54222	31.6007
7.54225	31.633
7.54248	31.6652
7.54274	31.6975
7.54812	31.7297
7.55152	31.762
7.55168	31.7943
7.55173	31.8265
7.5549	31.8588
7.55497	31.891
7.55699	31.9233
7.55702	31.9555
7.55722	31.9878
7.5591	32.0201
7.55916	32.0513
7.56827	32.0826
7.56868	32.1138
7.57244	32.1451
7.57257	32.1763
7.57276	32.2076
7.57284	32.2388
7.57291	32.2701
7.57305	32.3013
7.57808	32.3326
7.57811	32.3638
7.57817	32.3951
7.57837	32.4263
7.57848	32.4576
7.59216	32.4888
7.59225	32.5201
7.59233	32.5513
7.59245	32.5826
7.59255	32.6138
7.59713	32.6451
7.60061	32.6763
7.60979	32.7076
7.60994	32.7388
7.61263	32.7701
7.6127	32.8013
7.6128	32.8326
7.61292	32.8638
7.61644	32.8951
7.61657	32.9263
7.61676	32.9576
7.62039	32.9888
7.62051	33.0201
7.62355	33.0504
7.62656	33.0807
7.62837	33.111
7.6284	33.1413
7.62863	33.1716
7.6287	33.2019
7.62876	33.2322
7.62885	33.2625
7.63362	33.2928
7.63365	33.3231
7.63408	33.3534
7.63418	33.3837
7.63938	33.414
7.63954	33.4443
7.64463	33.4746
7.64474	33.5049
7.65128	33.5352
7.65144	33.5655
7.65176	33.5958
7.65191	33.6261
7.65623	33.6564
7.65645	33.6867
7.65658	33.717
7.65666	33.7473
7.65672	33.7776
7.65687	33.8079
7.66198	33.8382
7.66735	33.8685
7.66754	33.8988
7.66756	33.9292
7.66766	33.9595
7.66777	33.9898
7.67278	34.0201
7.67289	34.0495
7.67301	34.0789
7.6731	34.1083
7.67316	34.1377
7.67896	34.1671
7.68015	34.1965
7.68374	34.2259
7.68395	34.2554
7.68413	34.2848
7.68421	34.3142
7.6843	34.3436
7.68965	34.373
7.69505	34.4024
7.69516	34.4318
7.69524	34.4612
7.70027	34.4906
7.7004	34.5201
7.70054	34.5495
7.70064	34.5789
7.70564	34.6083
7.70568	34.6377
7.70574	34.6671
7.70579	34.6965
7.70592	34.7259
7.71216	34.7554
7.71224	34.7848
7.71692	34.8142
7.71701	34.8436
7.72214	34.873
7.7223	34.9024
7.72237	34.9318
7.72258	34.9612
7.72815	34.9906
7.72826	35.0201
7.72847	35.0486
7.72852	35.0772
7.72855	35.1058
7.73322	35.1343
7.73929	35.1629
7.7394	35.1915
7.73958	35.2201
7.7397	35.2486
7.7399	35.2772
7.74005	35.3058
7.74953	35.3343
7.75552	35.3629
7.75586	35.3915
7.75604	35.4201
7.7599	35.4486
7.75993	35.4772
7.76002	35.5058
7.76014	35.5343
7.76023	35.5629
7.7604	35.5915
7.7654	35.6201
7.7655	35.6486
7.76559	35.6772
7.76946	35.7058
7.78202	35.7343
7.78223	35.7629
7.78239	35.7915
7.78248	35.8201
7.78252	35.8486
7.78462	35.8772
7.78467	35.9058
7.78475	35.9343
7.7883	35.9629
7.79149	35.9915
7.79157	36.0201
7.7917	36.0478
7.79191	36.0756
7.79196	36.1034
7.79518	36.1312
7.79766	36.1589
7.7978	36.1867
7.79789	36.2145
7.79794	36.2423
7.79805	36.2701
7.80268	36.2978
7.80444	36.3256
7.80958	36.3534
7.80961	36.3812
7.80969	36.4089
7.8098	36.4367
7.80987	36.4645
7.8099	36.4923
7.80996	36.5201
7.81004	36.5478
7.8179	36.5756
7.82902	36.6034
7.82924	36.6312
7.82939	36.6589
7.82955	36.6867
7.83417	36.7145
7.83951	36.7423
7.84358	36.7701
7.84371	36.7978
7.84392	36.8256
7.84638	36.8534
7.8466	36.8812
7.8467	36.9089
7.8469	36.9367
7.85184	36.9645
7.85197	36.9923
7.85205	37.0201
7.85217	37.0471
7.85243	37.0741
7.85752	37.1011
7.85781	37.1282
7.85794	37.1552
7.85822	37.1822
7.8585	37.2092
7.86377	37.2363
7.8638	37.2633
7.86381	37.2903
7.86386	37.3174
7.8687	37.3444
7.86886	37.3714
7.86908	37.3984
7.8738	37.4255
7.87387	37.4525
7.87398	37.4795
7.87413	37.5065
7.87424	37.5336
7.8848	37.5606
7.8968	37.5876
7.89698	37.6147
7.9012	37.6417
7.90133	37.6687
7.90142	37.6957
7.90156	37.7228
7.90339	37.7498
7.90762	37.7768
7.90777	37.8038
7.91233	37.8309
7.91242	37.8579
7.91245	37.8849
7.91258	37.912
7.91267	37.939
7.91758	37.966
7.91762	37.993
7.91784	38.0201
7.91794	38.0464
7.91804	38.0727
7.91813	38.099
7.92362	38.1253
7.92379	38.1516
7.92398	38.178
7.92414	38.2043
7.9243	38.2306
7.92478	38.2569
7.92861	38.2832
7.92903	38.3095
7.92921	38.3359
7.93444	38.3622
7.93456	38.3885
7.93475	38.4148
7.93543	38.4411
7.93556	38.4674
7.93955	38.4937
7.9399	38.5201
7.95094	38.5464
7.95621	38.5727
7.96194	38.599
7.9622	38.6253
7.96249	38.6516
7.96266	38.678
7.96289	38.7043
7.9672	38.7306
7.96724	38.7569
7.96731	38.7832
7.96743	38.8095
7.9729	38.8359
7.97396	38.8622
7.974	38.8885
7.97791	38.9148
7.97794	38.9411
7.97802	38.9674
7.97816	38.9937
7.98339	39.0201
7.98345	39.0457
7.98353	39.0713
7.98369	39.097
7.98379	39.1226
7.9839	39.1483
7.98399	39.1739
7.98406	39.1995
7.98929	39.2252
7.98993	39.2508
7.99027	39.2765
7.99036	39.3021
7.99436	39.3278
7.99443	39.3534
7.99474	39.379
7.99481	39.4047
7.99489	39.4303
8.00023	39.456
8.00127	39.4816
8.00535	39.5072
8.00585	39.5329
8.00588	39.5585
8.01632	39.5842
8.01637	39.6098
8.01645	39.6354
8.01667	39.6611
8.01672	39.6867
8.01741	39.7124
8.02198	39.738
8.02215	39.7637
8.0222	39.7893
8.02231	39.8149
8.02758	39.8406
8.02785	39.8662
8.04372	39.8919
8.04375	39.9175
8.04384	39.9431
8.04395	39.9688
8.04403	39.9944
8.04409	40.0201
8.04423	40.0451
8.04931	40.0701
8.04948	40.0951
8.04959	40.1201
8.04968	40.1451
8.04976	40.1701
8.04986	40.1951
8.04994	40.2201
8.05465	40.2451
8.05468	40.2701
8.06049	40.2951
8.06571	40.3201
8.06573	40.3451
8.06581	40.3701
8.06591	40.3951
8.06618	40.4201
8.07166	40.4451
8.0718	40.4701
8.07193	40.4951
8.07214	40.5201
8.07226	40.5451
8.07243	40.5701
8.07256	40.5951
8.07664	40.6201
8.07671	40.6451
8.07678	40.6701
8.08244	40.6951
8.08255	40.7201
8.08273	40.7451
8.08287	40.7701
8.08305	40.7951
8.08316	40.8201
8.09363	40.8451
8.09379	40.8701
8.09395	40.8951
8.09409	40.9201
8.09427	40.9451
8.09443	40.9701
8.09885	40.9951
8.09895	41.0201
8.09902	41.0445
8.09921	41.0688
8.10406	41.0932
8.10409	41.1176
8.10417	41.142
8.10439	41.1664
8.10442	41.1908
8.10452	41.2152
8.10459	41.2396
8.11503	41.264
8.12208	41.2884
8.12656	41.3127
8.12678	41.3371
8.13328	41.3615
8.13335	41.3859
8.13336	41.4103
8.13702	41.4347
8.13706	41.4591
8.13712	41.4835
8.13732	41.5079
8.13739	41.5323
8.13744	41.5566
8.13757	41.581
8.13765	41.6054
8.14247	41.6298
8.1427	41.6542
8.1428	41.6786
8.1429	41.703
8.14296	41.7274
8.14306	41.7518
8.14792	41.7762
8.14799	41.8005
8.14808	41.8249
8.14821	20.9125
8.14831	20.9625
8.15406	21.0125
8.15422	21.0601
8.15894	21.1077
8.159	21.1553
8.15906	21.2029
8.15913	21.2506
8.15919	21.2982
8.15924	21.3458
8.15937	21.3934
8.1649	21.441
8.16512	21.4887
8.16557	21.5363
8.17028	21.5839
8.17047	21.6315
8.17059	21.6791
8.1756	21.7268
8.18634	21.7744
8.18732	21.822
8.18749	21.8696
8.20359	21.9172
8.20383	21.9649
8.20391	22.0125
8.20402	22.0579
8.20418	22.1034
8.20428	22.1488
8.20442	22.1943
8.20822	22.2397
8.20828	22.2852
8.20836	22.3307
8.20849	22.3761
8.20859	22.4216
8.20867	22.467
8.20877	22.5125
8.20884	22.5579
8.21367	22.6034
8.21381	22.6488
8.21393	22.6943
8.21403	22.7397
8.21411	22.7852
8.23175	22.8307
8.23622	22.8761
8.23663	22.9216
8.23679	22.967
8.2371	23.0125
8.24177	23.0559
8.24235	23.0994
8.24253	23.1429
8.24262	23.1864
8.24277	23.2299
8.24303	23.2733
8.24777	23.3168
8.24783	23.3603
8.24789	23.4038
8.24803	23.4473
8.25081	23.4907
8.25089	23.5342
8.26633	23.5777
8.26961	23.6212
8.26972	23.6646
8.26979	23.7081
8.26998	23.7516
8.28042	23.7951
8.28049	23.8386
8.28244	23.882
8.28272	23.9255
8.28459	23.969
8.28465	24.0125
8.28472	24.0541
8.28488	24.0958
8.29021	24.1375
8.29033	24.1791
8.29045	24.2208
8.29054	24.2625
8.29062	24.3041
8.2907	24.3458
8.29078	24.3875
8.29558	24.4291
8.29562	24.4708
8.2972	24.5125
8.29779	24.5541
8.29924	24.5958
8.29997	24.6375
8.30069	24.6791
8.31019	24.7208
8.32229	24.7625
8.32304	24.8041
8.32377	24.8458
8.32446	24.8875
8.32506	24.9291
8.32728	24.9708
8.32735	25.0125
8.32738	25.0525
8.32969	25.0925
8.33087	25.1325
8.33097	25.1725
8.33103	25.2125
8.33288	25.2525
8.33291	25.2925
8.33298	25.3325
8.33715	25.3725
8.3372	25.4125
8.33727	25.4525
8.33921	25.4925
8.34897	25.5325
8.34968	25.5725
8.34972	25.6125
8.35117	25.6525
8.36979	25.6925
8.37405	25.7325
8.37559	25.7725
8.37614	25.8125
8.37677	25.8525
8.3775	25.8925
8.37824	25.9325
8.3783	25.9725
8.37836	26.0125
8.3803	26.0509
8.38165	26.0894
8.38192	26.1279
8.382	26.1663
8.3839	26.2048
8.38393	26.2432
8.38394	26.2817
8.38407	26.3202
8.38661	26.3586
8.38743	26.3971
8.38887	26.4355
8.39151	26.474
8.39223	26.5125
8.39309	26.5509
8.39514	26.5894
8.39655	26.6279
8.40731	26.6663
8.40801	26.7048
8.41256	26.7432
8.41946	26.7817
8.41949	26.8202
8.41958	26.8586
8.4215	26.8971
8.42225	26.9355
8.42361	26.974
8.42432	27.0125
8.42505	27.0495
8.42508	27.0865
8.42515	27.1236
8.42714	27.1606
8.42721	27.1977
8.42858	27.2347
8.43292	27.2717
8.43311	27.3088
8.43562	27.3458
8.4412	27.3828
8.44552	27.4199
8.44558	27.4569
8.44758	27.494
8.44766	27.531
8.44955	27.568
8.45023	27.6051
8.4545	27.6421
8.45567	27.6791
8.45687	27.7162
8.45998	27.7532
8.4607	27.7902
8.46075	27.8273
8.4672	27.8643
8.46762	27.9014
8.46904	27.9384
8.46978	27.9754
8.47049	28.0125
8.4712	28.0482
8.47185	28.0839
8.47329	28.1196
8.47406	28.1553
8.47412	28.191
8.47607	28.2268
8.47613	28.2625
8.4762	28.2982
8.47632	28.3339
8.48334	28.3696
8.48399	28.4053
8.48673	28.441
8.48809	28.4768
8.48815	28.5125
8.48826	28.5482
8.50298	28.5839
8.52416	28.6196
8.52422	28.6553
8.52433	28.691
8.52621	28.7268
8.52694	28.7625
8.52925	28.7982
8.52975	28.8339
8.53118	28.8696
8.53236	28.9053
8.53266	28.941
8.53327	28.9768
8.53399	29.0125
8.53471	29.047
8.5363	29.0814
8.53696	29.1159
8.53756	29.1504
8.53855	29.1849
8.53861	29.2194
8.53869	29.2538
8.54044	29.2883
8.54056	29.3228
8.54071	29.3573
8.5424	29.3918
8.54664	29.4263
8.54676	29.4607
8.54686	29.4952
8.5502	29.5297
8.55396	29.5642
8.5541	29.5987
8.55654	29.6332
8.55657	29.6676
8.55662	29.7021
8.56514	29.7366
8.57363	29.7711
8.57799	29.8056
8.57976	29.8401
8.57979	29.8745
8.58821	29.909
8.59033	29.9435
8.59036	29.978
8.59045	30.0125
8.59055	30.0458
8.5939	30.0791
8.59669	30.1125
8.59672	30.1458
8.59675	30.1791
8.59676	30.2125
8.60005	30.2458
8.60008	30.2791
8.60015	30.3125
8.60027	30.3458
8.60361	30.3791
8.60367	30.4125
8.60379	30.4458
8.60391	30.4791
8.60732	30.5125
8.61533	30.5458
8.61665	30.5791
8.61739	30.6125
8.61742	30.6458
8.61876	30.6791
8.62229	30.7125
8.6237	30.7458
8.62373	30.7791
8.62378	30.8125
8.62591	30.8458
8.62605	30.8791
8.62875	30.9125
8.62886	30.9458
8.62909	30.9791
8.6292	31.0125
8.6293	31.0447
8.63292	31.077
8.63438	31.1092
8.63447	31.1415
8.63639	31.1738
8.63651	31.206
8.64062	31.2383
8.64075	31.2705
8.64348	31.3028
8.64379	31.3351
8.64416	31.3673
8.64432	31.3996
8.64452	31.4318
8.65558	31.4641
8.65569	31.4963
8.65591	31.5286
8.66094	31.5609
8.66123	31.5931
8.66384	31.6254
8.66386	31.6576
8.66388	31.6899
8.67307	31.7221
8.67317	31.7544
8.67898	31.7867
8.67916	31.8189
8.68384	31.8512
8.69066	31.8834
8.69077	31.9157
8.69095	31.948
8.69347	31.9802
8.69351	32.0125
8.69372	32.0437
8.69381	32.075
8.69391	32.1062
8.69399	32.1375
8.69847	32.1687
8.69863	32.2
8.69883	32.2312
8.69894	32.2625
8.6991	32.2937
8.69921	32.325
8.69938	32.3562
8.69945	32.3875
8.70638	32.4187
8.70697	32.45
8.70815	32.4812
8.70875	32.5125
8.70882	32.5437
8.7089	32.575
8.71081	32.6062
8.71087	32.6375
8.71227	32.6687
8.72522	32.7
8.72678	32.7312
8.72686	32.7625
8.72826	32.7937
8.73099	32.825
8.74076	32.8562
8.74082	32.8875
8.74216	32.9187
8.74223	32.95
8.74427	32.9812
8.74432	33.0125
8.7444	33.0428
8.74767	33.0731
8.74987	33.1034
8.74994	33.1337
8.75001	33.164
8.75008	33.1943
8.75015	33.2246
8.75021	33.2549
8.7541	33.2852
8.75831	33.3155
8.75836	33.3458
8.75854	33.3761
8.75878	33.4064
8.76348	33.4367
8.76359	33.467
8.76368	33.4973
8.76373	33.5276
8.76892	33.5579
8.76906	33.5882
8.7703	33.6185
8.77072	33.6488
8.77613	33.6791
8.77616	33.7094
8.77626	33.7397
8.77636	33.77
8.78188	33.8003
8.78218	33.8307
8.78236	33.861
8.79002	33.8913
8.79009	33.9216
8.7917	33.9519
8.79177	33.9822
8.79281	34.0125
8.79352	34.0419
8.79357	34.0713
8.79499	34.1007
8.79511	34.1301
8.79541	34.1595
8.79571	34.1889
8.79607	34.2184
8.79629	34.2478
8.80024	34.2772
8.80031	34.3066
8.80105	34.336
8.80118	34.3654
8.80129	34.3948
8.80307	34.4242
8.8031	34.4536
8.80317	34.4831
8.80328	34.5125
8.82649	34.5419
8.82702	34.5713
8.82708	34.6007
8.82717	34.6301
8.8291	34.6595
8.82981	34.6889
8.8362	34.7184
8.83628	34.7478
8.83987	34.7772
8.84028	34.8066
8.84315	34.836
8.84328	34.8654
8.84351	34.8948
8.84667	34.9242
8.84681	34.9536
8.84692	34.9831
8.84701	35.0125
8.8471	35.041
8.84718	35.0696
8.84728	35.0982
8.85264	35.1268
8.85313	35.1553
8.85323	35.1839
8.85333	35.2125
8.85786	35.241
8.85803	35.2696
8.85816	35.2982
8.85832	35.3268
8.85839	35.3553
8.86384	35.3839
8.86395	35.4125
8.86449	35.441
8.8646	35.4696
8.87492	35.4982
8.87518	35.5268
8.87533	35.5553
8.87548	35.5839
8.87781	35.6125
8.87793	35.641
8.87922	35.6696
8.88054	35.6982
8.88125	35.7268
8.882	35.7553
8.88207	35.7839
8.88351	35.8125
8.88419	35.841
8.88555	35.8696
8.89073	35.8982
8.8928	35.9268
8.89352	35.9553
8.89425	35.9839
8.89506	36.0125
8.89703	36.0402
8.89777	36.068
8.89996	36.0958
8.90013	36.1236
8.90212	36.1514
8.9048	36.1791
8.9049	36.2069
8.90501	36.2347
8.90505	36.2625
8.90511	36.2902
8.90971	36.318
8.91059	36.3458
8.92789	36.3736
8.92892	36.4014
8.92898	36.4291
8.93007	36.4569
8.93375	36.4847
8.93382	36.5125
8.93584	36.5402
8.93591	36.568
8.93594	36.5958
8.93608	36.6236
8.9393	36.6514
8.9413	36.6791
8.94143	36.7069
8.94532	36.7347
8.94539	36.7625
8.94864	36.7902
8.94878	36.818
8.95148	36.8458
8.95153	36.8736
8.95156	36.9014
8.95172	36.9291
8.95174	36.9569
8.95497	36.9847
8.955	37.0125
8.95506	37.0395
8.9552	37.0665
8.96144	37.0936
8.9616	37.1206
8.96674	37.1476
8.96687	37.1746
8.96697	37.2017
8.96718	37.2287
8.97054	37.2557
8.97057	37.2827
8.97343	37.3098
8.97358	37.3368
8.97375	37.3638
8.97391	37.3908
8.97571	37.4179
8.98118	37.4449
8.98121	37.4719
8.98129	37.499
8.9877	37.526
8.98786	37.553
8.98801	37.58
8.9915	37.6071
8.99163	37.6341
8.99179	37.6611
8.99193	37.6881
8.99209	37.7152
8.99223	37.7422
9.00033	37.7692
9.00036	37.7963
9.00044	37.8233
9.00056	37.8503
9.00064	37.8773
9.0007	37.9044
9.00081	37.9314
9.00518	37.9584
9.00521	37.9854
9.00529	38.0125
9.00541	38.0388
9.00799	38.0651
9.01315	38.0914
9.01326	38.1177
9.01831	38.144
9.01843	38.1704
9.02278	38.1967
9.02302	38.223
9.02313	38.2493
9.02672	38.2756
9.03343	38.3019
9.03363	38.3283
9.0337	38.3546
9.03952	38.3809
9.04052	38.4072
9.04469	38.4335
9.04475	38.4598
9.04479	38.4862
9.04484	38.5125
9.04498	38.5388
9.04503	38.5651
9.04956	38.5914
9.05002	38.6177
9.05007	38.644
9.05393	38.6704
9.05399	38.6967
9.05411	38.723
9.05994	38.7493
9.06007	38.7756
9.06156	38.8019
9.06163	38.8283
9.06169	38.8546
9.06207	38.8809
9.0621	38.9072
9.06212	38.9335
9.06213	38.9598
9.06698	38.9862
9.06701	39.0125
9.0671	39.0381
9.06725	39.0638
9.06734	39.0894
9.06746	39.115
9.06754	39.1407
9.06757	39.1663
9.07365	39.192
9.07384	39.2176
9.074	39.2432
9.08408	39.2689
9.08411	39.2945
9.08556	39.3202
9.08733	39.3458
9.08769	39.3714
9.088	39.3971
9.09474	39.4227
9.09481	39.4484
9.09492	39.474
9.09504	39.4996
9.10119	39.5253
9.10165	39.5509
9.10177	39.5766
9.10674	39.6022
9.10691	39.6279
9.10703	39.6535
9.10711	39.6791
9.11204	39.7048
9.1121	39.7304
9.11223	39.7561
9.11233	39.7817
9.11242	39.8073
9.1125	39.833
9.11255	39.8586
9.11745	39.8843
9.11748	39.9099
9.11777	39.9355
9.11784	39.9612
9.11793	39.9868
9.11804	40.0125
9.12289	40.0375
9.12292	40.0625
9.12301	40.0875
9.12312	40.1125
9.12319	40.1375
9.12338	40.1625
9.12942	40.1875
9.12954	40.2125
9.12972	40.2375
9.15032	40.2625
9.15047	40.2875
9.15055	40.3125
9.15459	40.3375
9.15596	40.3625
9.15599	40.3875
9.15608	40.4125
9.15824	40.4375
9.16017	40.4625
9.16022	40.4875
9.16031	40.5125
9.16042	40.5375
9.16291	40.5625
9.16293	40.5875
9.1648	40.6125
9.16484	40.6375
9.16674	40.6625
9.16677	40.6875
9.16683	40.7125
9.16689	40.7375
9.16956	40.7625
9.17015	40.7875
9.17019	40.8125
9.17167	40.8375
9.17172	40.8625
9.1719	40.8875
9.17447	40.9125
9.1745	40.9375
9.17457	40.9625
9.17469	40.9875
9.18038	41.0125
9.18063	41.0369
9.18066	41.0612
9.18073	41.0856
9.18557	41.11
9.1857	41.1344
9.18578	41.1588
9.18845	41.1832
9.18849	41.2076
9.18856	41.232
9.19225	41.2564
9.19241	41.2808
9.19257	41.3052
9.19789	41.3295
9.20263	41.3539
9.2027	41.3783
9.2029	41.4027
9.20303	41.4271
9.2032	41.4515
9.2034	41.4759
9.20354	41.5003
9.20726	41.5247
9.211	41.5491
9.21109	41.5734
9.21111	41.5978
9.21118	41.6222
9.21123	41.6466
9.21132	41.671
9.21635	41.6954
9.21653	41.7198
9.22202	41.7442
9.22436	41.7686
9.22989	41.793
9.23002	41.8173
9.2302	41.8417
9.23027	41.8661
9.23034	41.8905
9.23049	41.9149
9.23058	41.9393
9.23531	41.9637
9.24083	41.9881
9.24086	42.0125
9.24122	42.0363
9.24624	42.0601
9.2463	42.0839
9.24638	42.1077
9.24648	42.1315
9.24666	42.1553
9.25753	42.1791
9.25764	42.2029
9.2629	42.2268
9.26294	42.2506
9.26307	42.2744
9.26322	42.2982
9.26363	42.322
9.26371	42.3458
9.2678	42.3696
9.26786	42.3934
9.26792	42.4172
9.26799	42.441
9.26805	42.4649
9.2681	42.4887
9.26815	42.5125
9.27363	42.5363
9.27378	42.5601
9.2739	42.5839
9.27406	42.6077
9.27417	42.6315
9.27429	42.6553
9.2744	42.6791
9.27455	42.7029
9.27918	42.7268
9.27923	42.7506
9.2882	42.7744
9.28829	42.7982
9.29023	42.822
9.29053	42.8458
9.29373	42.8696
9.29378	42.8934
9.29384	42.9172
9.29405	42.941
9.29413	42.9649
9.29418	42.9887
9.29422	43.0125
9.30088	43.0357
9.30103	43.059
9.30119	43.0822
9.30123	43.1055
9.30131	43.1287
9.3065	43.152
9.3068	43.1753
9.30696	43.1985
9.30731	43.2218
9.31144	43.245
9.31149	43.2683
9.31158	43.2915
9.31164	43.3148
9.31518	43.3381
