time	cwndsize
0.280242	11
0.280836	12
0.282356	13
0.28355	14
0.284072	15
0.284773	16
0.285867	17
0.286104	18
0.287003	19
0.287632	20
0.288101	21
0.288924	22
0.289767	23
0.291854	24
0.292927	25
0.295052	26
0.296871	27
0.298414	28
0.299077	29
0.299794	30
0.300913	31
0.301444	32
0.301872	33
0.302602	34
0.303541	35
0.304247	36
0.30485	37
0.307121	38
0.307207	39
0.307739	40
0.30838	41
0.309253	42
0.309971	43
0.310524	44
0.31116	45
0.31192	46
0.31373	47
0.313913	48
0.314265	49
0.314754	50
0.315334	51
0.315994	52
0.316734	53
0.317422	54
0.318431	55
0.318936	56
0.319584	57
0.320235	58
0.321075	59
0.321836	60
0.323457	61
0.324334	62
0.324534	63
0.324597	64
0.325145	65
0.326331	66
0.327167	67
0.327402	68
0.327941	69
0.328881	70
0.329314	71
0.330406	72
0.330747	73
0.332449	74
0.33276	75
0.333273	76
0.333547	77
0.33399	78
0.335047	79
0.335309	80
0.337436	81
0.338962	82
0.340395	83
0.342514	84
0.344713	85
0.345642	86
0.346944	87
0.347889	88
0.350368	89
0.350427	90
0.351606	91
0.351797	92
0.352757	93
0.353073	94
0.353638	95
0.354404	96
0.355071	97
0.35592	98
0.35686	99
0.357169	100
0.35788	101
0.359462	102
0.360824	103
0.362394	104
0.365487	105
0.365844	106
0.367418	107
0.368727	108
0.370829	109
0.372419	110
0.372805	111
0.374458	112
0.375902	113
0.37662	114
0.377301	115
0.377522	116
0.378148	117
0.378399	118
0.379177	119
0.379778	120
0.38051	121
0.381469	122
0.381848	123
0.382518	124
0.383382	125
0.383934	126
0.384802	127
0.385302	128
0.386038	129
0.38678	130
0.387324	131
0.38811	132
0.38934	133
0.389581	134
0.390223	135
0.390895	136
0.3916	137
0.392672	138
0.393267	139
0.393837	140
0.394609	141
0.395041	142
0.395841	143
0.396458	144
0.397252	145
0.398103	146
0.399659	147
0.399912	148
0.400064	149
0.400696	150
0.401677	151
0.401998	152
0.404243	153
0.404416	154
0.404474	155
0.404958	156
0.406962	157
0.407216	158
0.408369	159
0.409754	160
0.413815	161
0.414535	162
0.415331	163
0.416583	164
0.4182	165
0.41883	166
0.419496	167
0.420399	168
0.4226	169
0.424547	170
0.425929	171
0.427217	172
0.428711	173
0.429125	174
0.42929	175
0.42995	176
0.43237	177
0.433324	178
0.433486	179
0.434223	180
0.435508	181
0.435864	182
0.43834	91
0.439032	91.011
0.44222	91.022
0.444403	91.033
0.446637	91.044
0.448607	91.0549
0.450771	91.0659
0.452287	91.0769
0.455448	91.0879
0.457625	91.0989
0.459473	91.1099
0.459857	91.1209
0.460451	91.1319
0.461281	91.1429
0.461799	91.1538
0.462518	91.1648
0.463278	91.1758
0.464203	91.1868
0.465316	91.1978
0.465476	91.2088
0.466258	91.2198
0.468285	91.2308
0.470135	91.2418
0.471599	91.2527
0.475091	91.2637
0.477287	91.2747
0.482001	91.2857
0.482722	91.2967
0.484004	91.3077
0.485333	91.3187
0.486127	91.3297
0.48758	91.3407
0.488883	91.3516
0.490589	91.3626
0.496433	91.3736
0.497058	91.3846
0.498865	91.3956
0.5002	91.4066
0.504349	91.4176
0.505041	91.4286
0.505773	91.4396
0.506836	91.4505
0.510695	91.4615
0.511348	91.4725
0.513423	91.4835
0.514165	91.4945
0.517027	91.5055
0.518215	91.5165
0.519095	91.5275
0.519855	91.5385
0.520874	91.5495
0.52232	91.5604
0.524285	91.5714
0.525658	91.5824
0.526933	91.5934
0.528303	91.6044
0.529659	91.6154
0.531691	91.6264
0.533163	91.6374
0.534456	91.6484
0.535145	91.6593
0.537909	91.6703
0.539353	91.6813
0.540681	91.6923
0.542074	91.7033
0.543411	91.7143
0.546905	91.7253
0.549587	91.7363
0.550284	91.7473
0.550963	91.7582
0.551632	91.7692
0.553014	91.7802
0.554381	91.7912
0.555277	91.8022
0.558234	91.8132
0.558424	91.8242
0.560968	91.8352
0.564144	91.8462
0.565567	91.8571
0.566118	91.8681
0.566842	91.8791
0.567513	91.8901
0.568448	91.9011
0.568898	91.9121
0.569813	91.9231
0.570264	91.9341
0.571942	91.9451
0.572687	91.956
0.573447	91.967
0.575247	91.978
0.575705	91.989
0.576963	92
0.577653	92.011
0.578329	92.0219
0.578926	92.0327
0.579635	92.0436
0.581761	92.0545
0.583071	92.0653
0.58646	92.0762
0.588045	92.0871
0.58983	92.0979
0.590615	92.1088
0.59752	92.1197
0.59845	92.1306
0.599131	92.1414
0.600624	92.1523
0.601055	92.1632
0.601872	92.174
0.602655	92.1849
0.604352	92.1958
0.605721	92.2066
0.608495	92.2175
0.610572	92.2284
0.612587	92.2392
0.618282	92.2501
0.620911	92.261
0.62327	92.2719
0.625138	92.2827
0.626492	92.2936
0.628578	92.3045
0.632674	92.3153
0.634071	92.3262
0.641631	92.3371
0.642389	92.3479
0.643054	92.3588
0.643966	92.3697
0.644441	92.3806
0.645148	92.3914
0.645794	92.4023
0.646484	92.4132
0.649252	92.424
0.650639	92.4349
0.653392	92.4458
0.654818	92.4566
0.655803	92.4675
0.656234	92.4784
0.66004	92.4892
0.6619	92.5001
0.6668	92.511
0.668801	92.5219
0.669982	92.5327
0.671244	92.5436
0.677585	92.5545
0.678388	92.5653
0.679665	92.5762
0.681032	92.5871
0.693765	92.5979
0.694886	92.6088
0.697063	92.6197
0.698272	92.6306
0.699713	92.6414
0.701073	92.6523
0.703149	92.6632
0.704555	92.674
0.712122	92.6849
0.712818	92.6958
0.714232	92.7066
0.715714	92.7175
0.717221	92.7284
0.718733	92.7392
0.719735	92.7501
0.72104	92.761
0.728741	92.7719
0.731037	92.7827
0.742043	92.7936
0.743385	92.8045
0.745562	92.8153
0.746998	92.8262
0.750338	92.8371
0.752377	92.8479
0.759965	92.8588
0.762015	92.8697
0.76843	92.8806
0.769767	92.8914
0.784323	92.9023
0.786609	92.9132
0.78944	92.924
0.791377	92.9349
0.79409	92.9458
0.795418	92.9566
0.797406	92.9675
0.799474	92.9784
0.801547	92.9892
0.803783	93.0001
0.805822	93.0109
0.807712	93.0216
0.810446	93.0324
0.811845	93.0431
0.812708	93.0539
0.813186	93.0646
0.813877	93.0754
0.81482	93.0861
0.815282	93.0969
0.81623	93.1076
0.818121	93.1184
0.819498	93.1292
0.820902	93.1399
0.821586	93.1507
0.824342	93.1614
0.825694	93.1722
0.827047	93.1829
0.827805	93.1937
0.828408	93.2044
0.82979	93.2152
0.831186	93.2259
0.831961	93.2367
0.833263	93.2474
0.83458	93.2582
0.835979	93.2689
0.837352	93.2797
0.839153	93.2904
0.840135	93.3012
0.841544	93.3119
0.842879	93.3227
0.846434	93.3335
0.847739	93.3442
0.849133	93.355
0.850102	93.3657
0.851888	93.3765
0.853402	93.3872
0.853999	93.398
0.855575	46.699
0.85669	46.7207
0.85803	46.7425
0.859476	46.7642
0.860791	46.7859
0.862254	46.8077
0.862905	46.8294
0.864201	46.8512
0.865611	46.8729
0.871875	46.8946
0.875012	46.9164
0.877442	46.9381
0.879474	46.9599
0.883804	46.9816
0.888291	47.0033
0.893549	47.0246
0.896467	47.0459
0.91386	47.0672
0.916364	47.0884
0.919661	47.1097
0.921784	47.131
0.924686	47.1523
0.927338	47.1735
0.931785	47.1948
0.936073	47.2161
0.944051	47.2374
0.9456	47.2587
0.951798	47.2799
0.953074	47.3012
0.955181	47.3225
0.957836	47.3438
0.961321	47.365
0.965386	47.3863
0.972999	47.4076
0.975811	47.4289
0.980326	47.4501
0.981909	47.4714
1.04486	47.4927
1.04632	47.514
1.04694	47.5352
1.04826	47.5565
1.04967	47.5778
1.05103	47.5991
1.0771	47.6204
1.07915	47.6416
1.0833	47.6629
1.08672	47.6842
1.09384	47.7055
1.0952	47.7267
1.09723	47.748
1.10006	47.7693
1.10205	47.7906
1.1075	47.8118
1.10828	47.8331
1.11027	47.8544
1.11163	47.8757
1.11372	47.8969
1.11783	47.9182
1.12057	47.9395
1.124	47.9608
1.12674	47.9821
1.12879	48.0033
1.13301	48.0242
1.13431	48.045
1.13911	48.0658
1.14773	48.0867
1.15179	48.1075
1.15281	48.1283
1.15383	48.1492
1.156	48.17
1.15733	48.1908
1.16011	48.2117
1.16283	48.2325
1.16576	48.2533
1.17326	48.2742
1.17397	48.295
1.18433	48.3158
1.18713	48.3367
1.19075	48.3575
1.20428	48.3783
1.20772	48.3992
1.2098	48.42
1.21186	48.4408
1.22302	48.4617
1.35818	48.4825
1.36359	48.5033
1.3774	48.5242
1.38077	48.545
1.3851	48.5658
1.39305	48.5867
1.39722	48.6075
1.40539	48.6283
1.40658	48.6492
1.4079	24.3246
1.40857	24.3662
1.40928	24.4079
1.4107	24.4496
1.4128	24.4912
1.41485	24.5329
1.4163	24.5746
1.41692	24.6162
1.41758	24.6579
1.41897	24.6996
1.41965	24.7412
1.42123	24.7829
1.42767	24.8246
1.42906	24.8662
1.42972	24.9079
1.43247	24.9496
1.43595	24.9912
1.43798	25.0329
1.44098	25.0729
1.44287	25.1129
1.45315	25.1529
1.45459	25.1929
1.46013	25.2329
1.46426	25.2729
1.46637	25.3129
1.47875	25.3529
1.48299	25.3929
1.48628	25.4329
1.48908	25.4729
1.49949	25.5129
1.6382	25.5529
1.64426	25.5929
1.65279	25.6329
1.65459	25.6729
1.65756	25.7129
1.65943	25.7529
1.66235	25.7929
1.66701	25.8329
1.66768	25.8729
1.67672	25.9129
1.67733	25.9529
1.68007	25.9929
1.68974	26.0329
1.69393	13.0165
1.69591	13.0934
1.69814	13.1703
1.7058	13.2472
1.84717	13.3242
1.89598	13.4011
1.90222	13.478
1.90353	13.5549
1.90522	13.6318
1.90565	13.7088
1.90844	13.7857
1.91296	13.8626
1.9132	13.9395
1.92019	14.0165
1.92287	14.0879
1.92567	14.1593
1.93976	14.2307
1.94204	14.3022
2.0113	14.3736
2.01143	14.445
2.01157	14.5165
2.01169	14.5879
2.01185	14.6593
2.0122	14.7307
2.01262	14.8022
2.01614	7.40109
2.01879	7.54394
2.02296	7.6868
2.02501	7.82966
2.04853	7.97251
2.05412	8.11537
2.092	8.24037
2.09784	8.36537
2.09827	8.49037
2.09905	8.61537
2.0995	8.74037
2.10057	8.86537
2.1009	8.99037
2.10161	9.11537
2.12044	9.22648
2.12084	9.33759
2.12365	9.44871
2.1251	9.55982
2.1435	9.67093
2.15022	9.78204
2.15092	9.89315
2.15296	10.0043
2.15521	10.1043
2.16747	10.2043
2.16881	10.3043
2.16955	10.4043
2.1712	10.5043
2.18484	10.6043
2.18754	10.7043
2.18835	10.8043
2.19097	10.9043
2.19387	11.0043
2.19516	11.0952
2.19716	11.1861
2.19934	11.277
2.20128	11.3679
2.20265	11.4588
2.2165	11.5497
2.21788	11.6406
2.21979	11.7315
2.21989	11.8224
2.22218	11.9134
2.22338	12.0043
2.22475	12.0876
2.22567	12.1709
2.2275	12.2543
2.23369	12.3376
2.23647	12.4209
2.25237	12.5043
2.25446	12.5876
2.25519	12.6709
2.25648	12.7543
2.25746	12.8376
2.25868	12.9209
2.26066	13.0043
2.2628	13.0812
2.26411	13.1581
2.2669	13.235
2.26962	13.312
2.27023	13.3889
2.28758	13.4658
2.29131	13.5427
2.29183	13.6196
2.2931	13.6966
2.29595	13.7735
2.29732	13.8504
2.30003	13.9273
2.30355	14.0043
2.30645	14.0757
2.309	14.1471
2.31247	14.2185
2.31591	14.29
2.31722	14.3614
2.33128	14.4328
2.33911	14.5043
2.34093	14.5757
2.34329	14.6471
2.34397	14.7185
2.34463	14.79
2.34544	14.8614
2.34745	14.9328
2.34894	15.0043
2.34949	15.0709
2.35106	15.1376
2.35152	15.2043
2.35251	15.2709
2.35299	15.3376
2.36392	15.4043
2.37	15.4709
2.37071	15.5376
2.3714	15.6043
2.37211	7.80213
2.3728	7.94499
2.37436	8.08784
2.37635	8.21284
2.37769	8.33784
2.37837	8.46284
2.38173	8.58784
2.38178	8.71284
2.38185	8.83784
2.38191	8.96284
2.3854	9.08784
2.40731	9.19896
2.40803	9.31007
2.40872	9.42118
2.40927	9.53229
2.41073	9.6434
2.41204	9.75451
2.41477	9.86562
2.41699	9.97673
2.41889	10.0878
2.44704	10.1878
2.45049	10.2878
2.45409	10.3878
2.45538	10.4878
2.45676	10.5878
2.45846	10.6878
2.45959	10.7878
2.46031	10.8878
2.46163	10.9878
2.46231	11.0878
2.47647	11.1788
2.47998	11.2697
2.48145	11.3606
2.4827	11.4515
2.4841	11.5424
2.48764	11.6333
2.49094	11.7242
2.493	11.8151
2.49441	11.906
2.49578	11.9969
2.49927	12.0878
2.50831	12.1712
2.5132	12.2545
2.51405	12.3378
2.51442	12.4212
2.51629	12.5045
2.51656	12.5878
2.51786	12.6712
2.52411	12.7545
2.52554	12.8378
2.52683	12.9212
2.53138	13.0045
2.53211	13.0814
2.54592	13.1584
2.55144	13.2353
2.55423	13.3122
2.55489	13.3891
2.55691	13.466
2.55764	13.543
2.559	13.6199
2.56175	13.6968
2.56937	13.7737
2.57063	13.8507
2.57135	13.9276
2.57276	14.0045
2.5736	14.0759
2.58689	14.1474
2.59508	14.2188
2.59994	14.2902
2.60125	14.3617
2.60197	14.4331
2.60265	14.5045
2.604	14.5759
2.60542	14.6474
2.61158	14.7188
2.61326	14.7902
2.61356	14.8617
2.61499	14.9331
2.61567	15.0045
2.61714	15.0712
2.62906	15.1378
2.63232	15.2045
2.63544	15.2712
2.63641	15.3378
2.63825	15.4045
2.63987	15.4712
2.64127	15.5378
2.64256	15.6045
2.64947	15.6712
2.65647	15.7378
2.65709	15.8045
2.65774	15.8712
2.65845	15.9378
2.65915	16.0045
2.65982	16.067
2.68345	16.1295
2.68527	16.192
2.68605	16.2545
2.68761	16.317
2.68952	16.3795
2.69087	16.442
2.6916	16.5045
2.69292	16.567
2.7005	16.6295
2.70322	16.692
2.70393	16.7545
2.70527	16.817
2.70665	16.8795
2.70808	16.942
2.70951	17.0045
2.70954	17.0633
2.73154	17.1222
2.7398	17.181
2.74113	17.2398
2.7419	17.2986
2.74318	17.3575
2.74387	17.4163
2.74457	17.4751
2.74523	17.5339
2.74938	17.5927
2.75213	17.6516
2.75509	17.7104
2.76486	17.7692
2.76759	17.828
2.77109	17.8869
2.77185	17.9457
2.77484	18.0045
2.77556	18.0601
2.7958	18.1156
2.79999	18.1712
2.80204	18.2267
2.80335	18.2823
2.80423	18.3378
2.80471	18.3934
2.80545	18.449
2.80611	18.5045
2.80762	18.5601
2.81098	18.6156
2.8139	18.6712
2.81755	18.7267
2.8196	18.7823
2.82164	18.8378
2.82304	18.8934
2.82846	18.949
2.83128	19.0045
2.83333	19.0571
2.83906	19.1098
2.84047	19.1624
2.84112	19.215
2.84199	19.2677
2.8454	19.3203
2.84615	19.3729
2.84746	19.4256
2.84902	19.4782
2.84951	19.5308
2.85301	19.5835
2.85365	19.6361
2.855	19.6887
2.85707	19.7414
2.85877	19.794
2.85923	19.8466
2.86061	19.8992
2.86332	19.9519
2.86408	9.97594
2.86613	10.0871
2.87849	10.1871
2.8794	10.2871
2.88206	10.3871
2.88345	10.4871
2.88484	10.5871
2.88621	10.6871
2.88758	10.7871
2.88897	10.8871
2.89027	10.9871
2.89234	11.0871
2.894	11.178
2.89451	11.2689
2.89647	11.3598
2.89784	11.4507
2.89855	11.5416
2.90009	11.6325
2.90276	11.7234
2.92684	11.8143
2.92847	11.9052
2.92984	11.9961
2.9303	12.0871
2.93168	12.1704
2.9331	12.2537
2.93528	12.3371
2.93662	12.4204
2.93856	12.5037
2.93988	12.5871
2.94209	12.6704
2.96336	12.7537
2.9661	12.8371
2.96756	12.9204
2.96891	13.0037
2.97106	13.0806
2.97241	13.1576
2.97367	13.2345
2.97582	13.3114
2.9778	13.3883
2.98063	13.4653
2.98396	13.5422
2.986	13.6191
3.00849	13.696
3.00989	13.7729
3.01265	13.8499
3.01399	13.9268
3.01606	14.0037
3.01673	14.0751
3.0188	14.1466
3.02088	14.218
3.02366	14.2894
3.0243	14.3609
3.02638	14.4323
3.02706	14.5037
3.02776	14.5751
3.05746	14.6466
3.05884	14.718
3.06152	14.7894
3.06559	14.8609
3.0697	14.9323
3.07042	15.0037
3.07112	15.0704
3.07386	15.1371
3.07452	15.2037
3.07522	15.2704
3.07596	7.63519
3.07665	7.77805
3.07933	7.92091
3.08	8.06376
3.10627	8.18876
3.10698	8.31376
3.109	8.43876
3.11109	8.56376
3.11525	8.68876
3.11597	8.81376
3.11799	8.93876
3.11868	9.06376
3.11934	9.17487
3.12068	9.28599
3.12146	9.3971
3.1628	9.50821
3.16438	9.61932
3.16673	9.73043
3.16728	9.84154
3.16999	9.95265
3.17139	10.0638
3.1721	10.1638
3.17353	10.2638
3.17412	10.3638
3.21576	10.4638
3.21715	10.5638
3.21785	10.6638
3.21925	10.7638
3.22194	10.8638
3.22338	10.9638
3.22614	11.0638
3.22818	11.1547
3.22886	11.2456
3.23022	11.3365
3.26139	11.4274
3.26203	11.5183
3.26339	11.6092
3.26408	11.7001
3.26545	11.791
3.26751	11.8819
3.26916	11.9729
3.26965	12.0638
3.271	12.1471
3.27162	12.2304
3.27467	12.3138
3.30426	12.3971
3.30563	12.4804
3.3076	12.5638
3.3083	12.6471
3.30919	12.7304
3.30977	12.8138
3.31043	12.8971
3.3138	12.9804
3.31471	13.0638
3.31534	13.1407
3.31607	13.2176
3.31937	13.2945
3.34244	13.3715
3.34337	13.4484
3.34793	13.5253
3.34913	13.6022
3.35121	13.6791
3.35682	13.7561
3.35809	13.833
3.35879	13.9099
3.36295	13.9868
3.36574	14.0638
3.36705	14.1352
3.36944	14.2066
3.37164	14.278
3.3844	14.3495
3.38784	14.4209
3.3973	14.4923
3.40158	14.5638
3.40486	14.6352
3.40632	14.7066
3.40697	14.778
3.4083	14.8495
3.40912	14.9209
3.41205	14.9923
3.41315	15.0638
3.41453	15.1304
3.41801	15.1971
3.41984	15.2638
3.42354	15.3304
3.42575	15.3971
3.43692	15.4638
3.43736	15.5304
3.43797	15.5971
3.4387	15.6638
3.44018	15.7304
3.4417	15.7971
3.44234	15.8638
3.44284	15.9304
3.44355	15.9971
3.4443	16.0638
3.44494	16.1263
3.45596	16.1888
3.45939	16.2513
3.46078	16.3138
3.46149	16.3763
3.47614	16.4388
3.47677	16.5013
3.47815	16.5638
3.47953	16.6263
3.48021	16.6888
3.48117	16.7513
3.48162	16.8138
3.48295	16.8763
3.48641	16.9388
3.48778	17.0013
3.49051	17.0601
3.49537	17.1189
3.50166	17.1777
3.50242	17.2366
3.50368	17.2954
3.50439	17.3542
3.51112	17.413
3.51182	8.70651
3.51309	8.83151
3.51553	8.95651
3.52187	9.08151
3.52233	9.19263
3.52371	9.30374
3.5278	9.41485
3.52937	9.52596
3.53132	9.63707
3.53265	9.74818
3.53483	9.85929
3.53821	9.9704
3.53961	10.0815
3.54047	10.1815
3.54166	10.2815
3.54312	10.3815
3.54463	10.4815
3.5541	10.5815
3.55543	10.6815
3.56373	10.7815
3.56498	10.8815
3.56653	10.9815
3.56719	11.0815
3.56791	11.1724
3.56928	11.2633
3.57647	11.3542
3.57854	11.4452
3.5905	5.72258
3.59088	5.92258
3.59264	6.12258
3.59517	6.28924
3.60004	6.45591
3.60184	6.62258
3.60294	6.78924
3.60481	6.95591
3.60753	7.12258
3.61166	7.26543
3.63721	7.40829
3.64013	7.55115
3.64221	7.694
3.64579	7.83686
3.64718	7.97972
3.65128	8.12258
3.65726	8.24758
3.67704	8.37258
3.67785	8.49758
3.6793	8.62258
3.68277	8.74758
3.68328	8.87258
3.68542	8.99758
3.68722	9.12258
3.69328	4.56129
3.71132	4.81129
3.71678	5.06129
3.71802	5.26129
3.72088	5.46129
3.72141	5.66129
3.7232	5.86129
3.72361	6.06129
3.72431	6.22795
3.75119	6.39462
3.75189	6.56129
3.75532	6.72795
3.75666	6.89462
3.75802	7.06129
3.76148	7.20414
3.78851	7.347
3.78924	7.48986
3.79016	7.63272
3.79147	7.77557
3.79212	7.91843
3.79354	8.06129
3.79548	8.18629
3.81702	8.31129
3.82239	8.43629
3.82303	8.56129
3.82651	8.68629
3.82924	8.81129
3.83065	8.93629
3.83127	9.06129
3.83193	9.1724
3.86004	9.28351
3.86076	9.39462
3.86142	9.50573
3.8635	9.61684
3.87381	9.72795
3.87597	9.83907
3.87798	9.95018
3.8794	10.0613
3.88013	10.1613
3.90587	10.2613
3.90882	10.3613
3.90938	10.4613
3.91231	10.5613
3.92008	10.6613
3.92066	10.7613
3.92202	10.8613
3.92343	10.9613
3.92617	11.0613
3.927	11.1522
3.94882	11.2431
3.94961	11.334
3.95037	11.4249
3.95123	11.5158
3.9542	11.6067
3.95521	11.6977
3.95785	11.7886
3.96272	11.8795
3.96757	11.9704
3.9684	12.0613
3.97103	6.03064
3.98001	6.19731
3.98145	6.36398
3.98283	6.53064
3.99031	6.69731
3.9938	6.86398
3.99507	7.03064
3.99586	7.1735
3.99754	7.31636
4.00023	7.45922
4.00367	7.60207
4.00692	7.74493
4.03512	7.88779
4.03573	8.03064
4.03875	8.15564
4.03928	8.28064
4.04066	8.40564
4.04127	8.53064
4.04293	8.65564
4.06999	8.78064
4.07067	8.90564
4.07429	9.03064
4.07682	9.14175
4.07769	9.25287
4.08057	9.36398
4.08098	9.47509
4.08305	9.5862
4.10986	9.69731
4.1103	9.80842
4.11239	9.91953
4.11307	10.0306
4.11446	10.1306
4.11589	10.2306
4.11923	10.3306
4.1207	10.4306
4.12619	10.5306
4.15296	10.6306
4.15643	10.7306
4.16258	10.8306
4.16393	10.9306
4.16527	11.0306
4.16601	11.1216
4.16884	11.2125
4.17021	11.3034
4.17088	11.3943
4.17156	11.4852
4.2027	11.5761
4.20341	11.667
4.20479	11.7579
4.20683	11.8488
4.20891	11.9397
4.20954	12.0306
4.21651	12.114
4.22297	12.1973
4.22411	12.2806
4.22551	12.364
4.22684	12.4473
4.25184	12.5306
4.25387	12.614
4.25597	12.6973
4.25734	12.7806
4.26004	12.864
4.26152	12.9473
4.26354	13.0306
4.27186	13.1076
4.27772	13.1845
4.27817	13.2614
4.27883	13.3383
4.2795	13.4153
4.29197	13.4922
4.29476	13.5691
4.29714	13.646
4.29817	13.723
4.30093	13.7999
4.30161	13.8768
4.30577	13.9537
4.30645	14.0306
4.30723	14.1021
4.30826	14.1735
4.31067	14.2449
4.31138	14.3164
4.31205	14.3878
4.32606	14.4592
4.32789	14.5306
4.32926	14.6021
4.33044	14.6735
4.33079	14.7449
4.33223	14.8164
4.33906	14.8878
4.33974	14.9592
4.34251	15.0306
4.34665	15.0973
4.35235	15.164
4.35321	15.2306
4.35375	15.2973
4.3544	15.364
4.36	15.4306
4.36409	15.4973
4.36497	15.564
4.36623	15.6306
4.3669	15.6973
4.3696	15.764
4.37415	15.8306
4.37483	15.8973
4.38027	15.964
4.38232	16.0306
4.38313	16.0931
4.38659	16.1556
4.38742	16.2181
4.38867	16.2806
4.39136	16.3431
4.4038	16.4056
4.40451	16.4681
4.40519	16.5306
4.40594	16.5931
4.40665	16.6556
4.40756	16.7181
4.40992	16.7806
4.41006	16.8431
4.4177	16.9056
4.42005	16.9681
4.42046	17.0306
4.42184	17.0895
4.43129	17.1483
4.43172	17.2071
4.43245	17.2659
4.43299	17.3248
4.44477	17.3836
4.44529	17.4424
4.44619	17.5012
4.44696	17.5601
4.44759	17.6189
4.44961	17.6777
4.45027	17.7365
4.45121	17.7953
4.4523	17.8542
4.45302	17.913
4.45366	17.9718
4.45434	18.0306
4.45501	18.0862
4.45876	18.1418
4.46081	18.1973
4.46149	18.2529
4.46287	18.3084
4.47577	18.364
4.47607	18.4195
4.47674	18.4751
4.47905	18.5306
4.48059	18.5862
4.48132	18.6418
4.4867	18.6973
4.48848	18.7529
4.48984	18.8084
4.49127	18.864
4.49212	18.9195
4.49403	18.9751
4.49561	19.0306
4.49885	19.0833
4.50892	19.1359
4.50958	19.1885
4.51102	19.2412
4.5117	19.2938
4.52485	19.3464
4.52629	19.3991
4.52782	19.4517
4.52902	19.5043
4.53296	19.557
4.53365	19.6096
4.53549	19.6622
4.53653	19.7149
4.53715	19.7675
4.53786	19.8201
4.53923	19.8727
4.54069	19.9254
4.54268	19.978
4.54419	20.0306
4.54674	20.0806
4.55503	20.1306
4.56053	20.1806
4.56074	20.2306
4.56136	20.2806
4.56572	20.3306
4.56837	20.3806
4.57022	20.4306
4.57167	20.4806
4.57236	20.5306
4.57372	20.5806
4.58003	20.6306
4.58263	20.6806
4.58449	20.7306
4.58737	20.7806
4.58758	20.8306
4.58944	20.8806
4.59092	20.9306
4.59366	20.9806
4.59412	21.0306
4.59481	21.0783
4.60238	21.1259
4.60648	21.1735
4.6072	21.2211
4.61067	21.2687
4.62319	21.3164
4.62389	21.364
4.62467	21.4116
4.62525	21.4592
4.62641	21.5068
4.62798	21.5545
4.62943	21.6021
4.63093	21.6497
4.63152	21.6973
4.63333	21.7449
4.63396	21.7925
4.63768	21.8402
4.63893	21.8878
4.64171	21.9354
4.64306	21.983
4.64998	22.0306
4.65073	22.0761
4.6523	22.1216
4.65373	22.167
4.659	22.2125
4.6604	22.2579
4.67217	22.3034
4.67354	22.3488
4.67478	22.3943
4.67694	22.4397
4.6779	22.4852
4.67842	22.5306
4.67908	22.5761
4.67974	22.6216
4.68081	22.667
4.68135	22.7125
4.68192	22.7579
4.68336	22.8034
4.68395	22.8488
4.68537	22.8943
4.68671	22.9397
4.69083	22.9852
4.69157	23.0306
4.69291	23.0741
4.69949	23.1176
4.69983	23.1611
4.70068	23.2046
4.70129	23.248
4.70829	23.2915
4.70905	23.335
4.71106	23.3785
4.71317	23.4219
4.71685	23.4654
4.72005	23.5089
4.72038	23.5524
4.72054	23.5959
4.72128	23.6393
4.7221	23.6828
4.72288	23.7263
4.72544	23.7698
4.72823	23.8133
4.72948	23.8567
4.7302	23.9002
4.73095	23.9437
4.73163	23.9872
4.73228	24.0306
4.7332	24.0723
4.73929	24.114
4.73993	24.1556
4.74128	24.1973
4.7434	24.239
4.75651	24.2806
4.76206	24.3223
4.76274	24.364
4.76478	24.4056
4.7663	24.4473
4.76687	24.489
4.7675	24.5306
4.76825	24.5723
4.76895	24.614
4.77048	24.6556
4.77203	24.6973
4.77274	24.739
4.77345	24.7806
4.77481	24.8223
4.77549	24.864
4.77619	24.9056
4.77755	24.9473
4.77896	24.989
4.78037	25.0306
4.78258	25.0706
4.78659	25.1106
4.78829	25.1506
4.79102	25.1906
4.7917	25.2306
4.80589	25.2706
4.80663	25.3106
4.8073	25.3506
4.80835	25.3906
4.8087	25.4306
4.80939	25.4706
4.81005	25.5106
4.81132	25.5506
4.8121	25.5906
4.81288	25.6306
4.81349	25.6706
4.81499	25.7106
4.81567	25.7506
4.81633	25.7906
4.8176	25.8306
4.82302	25.8706
4.82694	25.9106
4.82834	25.9506
4.82896	25.9906
4.82968	26.0306
4.83037	13.0153
4.83178	13.0922
4.83214	13.1692
4.8326	13.2461
4.83363	13.323
4.85517	13.3999
4.85723	13.4769
4.85864	13.5538
4.85931	13.6307
4.86021	13.7076
4.86071	13.7846
4.86206	13.8615
4.86276	13.9384
4.86343	14.0153
4.8698	14.0868
4.86984	14.1582
4.87038	14.2296
4.87101	14.301
4.87169	14.3725
4.87235	14.4439
4.87313	14.5153
4.87443	14.5868
4.87513	14.6582
4.87586	14.7296
4.87805	14.801
4.89583	14.8725
4.89722	14.9439
4.8984	15.0153
4.89908	15.082
4.89998	15.1487
4.90126	15.2153
4.90255	15.282
4.90393	15.3487
4.90529	15.4153
4.906	15.482
4.90806	15.5487
4.91007	15.6153
4.91081	15.682
4.91394	15.7487
4.95216	15.8153
4.95349	15.882
4.95486	15.9487
4.95624	16.0153
4.95862	16.0778
4.95923	8.03891
4.96061	8.16391
4.96134	8.28891
4.96409	8.41391
4.96487	8.53891
4.96678	8.66391
4.96822	8.78891
4.97369	8.91391
4.97442	9.03891
4.97787	9.15002
5.00572	9.26113
5.00719	9.37224
5.00788	9.48336
5.0094	9.59447
5.00995	9.70558
5.01123	9.81669
5.02309	9.9278
5.02585	10.0389
5.02787	10.1389
5.05351	10.2389
5.05365	10.3389
5.05399	10.4389
5.05403	10.5389
5.05418	10.6389
5.05443	10.7389
5.05842	10.8389
5.05913	10.9389
5.06051	11.0389
5.06122	5.51946
5.09656	5.71946
5.09667	5.91946
5.09793	6.11946
5.09887	6.28612
5.09928	6.45279
5.10016	6.61946
5.10132	6.78612
5.10198	6.95279
5.1027	7.11946
5.10384	7.26231
5.14414	7.40517
5.14619	7.54803
5.14755	7.69088
5.15102	7.83374
5.15322	7.9766
5.15451	8.11946
5.15519	8.24446
5.17474	8.36946
5.17668	8.49446
5.17936	8.61946
5.1801	8.74446
5.18079	8.86946
5.18211	8.99446
5.18283	9.11946
5.18456	9.23057
5.20729	9.34168
5.21003	9.45279
5.21278	9.5639
5.21913	9.67501
5.21982	9.78612
5.22254	9.89723
5.22327	10.0083
5.22395	10.1083
5.22605	10.2083
5.25446	10.3083
5.25866	10.4083
5.26121	10.5083
5.26328	10.6083
5.26493	10.7083
5.26532	10.8083
5.26615	10.9083
5.26837	11.0083
5.26892	11.0993
5.27372	11.1902
5.29782	11.2811
5.29858	11.372
5.29922	11.4629
5.30003	11.5538
5.30739	11.6447
5.30852	11.7356
5.31424	11.8265
5.3168	11.9174
5.31956	12.0083
5.32232	12.0917
5.32497	12.175
5.34099	12.2583
5.34535	12.3417
5.34713	12.425
5.35014	12.5083
5.35836	12.5917
5.36052	12.675
5.36252	12.7583
5.36342	12.8417
5.36445	12.925
5.36557	13.0083
5.3662	13.0853
5.37106	13.1622
5.38742	13.2391
5.38886	13.316
5.39019	6.65802
5.39156	6.82469
5.39443	6.99135
5.39462	7.15802
5.39719	7.30088
5.39878	7.44373
5.40266	7.58659
5.40431	7.72945
5.40611	7.8723
5.409	8.01516
5.41496	8.14016
5.42207	8.26516
5.42482	8.39016
5.4365	8.51516
5.43816	8.64016
5.43958	8.76516
5.44031	8.89016
5.44091	9.01516
5.44643	9.12627
5.45203	9.23738
5.45589	9.34849
5.46303	9.45961
5.46365	9.57072
5.46655	9.68183
5.46792	9.79294
5.46908	9.90405
5.47045	10.0152
5.47487	10.1152
5.47837	10.2152
5.47997	10.3152
5.49506	10.4152
5.49639	10.5152
5.4979	10.6152
5.49934	10.7152
5.49989	10.8152
5.50203	10.9152
5.50239	11.0152
5.50479	11.1061
5.50509	11.197
5.50598	11.2879
5.51279	11.3788
5.51627	11.4697
5.51917	11.5606
5.5231	11.6515
5.52444	11.7424
5.52789	11.8333
5.52861	11.9243
5.52936	12.0152
5.53064	12.0985
5.53212	12.1818
5.53351	12.2652
5.54227	12.3485
5.5464	12.4318
5.54913	12.5152
5.5519	12.5985
5.55393	12.6818
5.55947	12.7652
5.56264	12.8485
5.56453	12.9318
5.56798	13.0152
5.56882	13.0921
5.56941	13.169
5.57108	13.2459
5.58987	13.3229
5.59127	13.3998
5.59266	13.4767
5.59537	13.5536
5.59692	13.6305
5.59892	13.7075
5.60127	13.7844
5.60175	13.8613
5.60379	13.9382
5.60445	14.0152
5.60517	14.0866
5.60926	14.158
5.61382	14.2294
5.63188	14.3009
5.63274	14.3723
5.63754	7.18615
5.63925	7.32901
5.64039	7.47187
5.64316	7.61472
5.64389	7.75758
5.6446	7.90044
5.64939	8.04329
5.65281	8.16829
5.65622	8.29329
5.65695	8.41829
5.6576	8.54329
5.6611	8.66829
5.68462	8.79329
5.68734	8.91829
5.69581	9.04329
5.6972	9.15441
5.69816	9.26552
5.70002	9.37663
5.70156	9.48774
5.70636	9.59885
5.729	9.70996
5.73057	9.82107
5.7387	9.93218
5.74487	10.0433
5.75043	10.1433
5.76218	10.2433
5.76523	10.3433
5.76603	10.4433
5.76964	10.5433
5.77239	10.6433
5.77283	10.7433
5.77962	10.8433
5.78237	10.9433
5.785	11.0433
5.78915	11.1342
5.79469	11.2251
5.79742	11.316
5.79878	11.4069
5.80233	11.4978
5.80896	11.5887
5.81142	11.6797
5.82272	11.7706
5.82405	11.8615
5.82624	11.9524
5.82746	12.0433
5.83712	12.1266
5.83798	12.21
5.83922	12.2933
5.83993	12.3766
5.84265	12.46
5.85268	12.5433
5.85287	12.6266
5.86657	12.71
5.86796	12.7933
5.86865	12.8766
5.87214	12.96
5.87478	13.0433
5.87965	13.1202
5.88243	13.1971
5.88456	13.2741
5.88655	13.351
5.88794	13.4279
5.90798	13.5048
5.91032	13.5818
5.92277	13.6587
5.9234	13.7356
5.92412	13.8125
5.92964	13.8894
5.9311	13.9664
5.93516	14.0433
5.93934	14.1147
5.94014	14.1862
5.94204	14.2576
5.94421	14.329
5.94482	14.4004
5.96688	14.4719
5.96893	14.5433
5.97714	14.6147
5.97858	14.6862
5.98062	14.7576
5.98476	14.829
5.98681	14.9004
5.98826	14.9719
5.99026	15.0433
5.99448	15.11
5.99643	15.1766
5.99714	15.2433
5.99852	15.31
5.99987	15.3766
6.01384	7.68831
6.0158	7.83117
6.02476	7.97403
6.02684	8.11689
6.03026	8.24189
6.03303	8.36689
6.03369	8.49189
6.03576	8.61689
6.03715	8.74189
6.03855	8.86689
6.04544	8.99189
6.04995	9.11689
6.051	9.228
6.05246	9.33911
6.05373	9.45022
6.07793	9.56133
6.08335	9.67244
6.08481	9.78355
6.09793	9.89466
6.10132	10.0058
6.10272	10.1058
6.10708	10.2058
6.10774	10.3058
6.11054	10.4058
6.12017	10.5058
6.12157	10.6058
6.12317	10.7058
6.13346	10.8058
6.13597	10.9058
6.13878	11.0058
6.14046	11.0967
6.14273	11.1876
6.14392	11.2785
6.14801	11.3694
6.15724	11.4603
6.16086	11.5512
6.16412	11.6421
6.17254	11.733
6.1739	11.824
6.17446	11.9149
6.1758	12.0058
6.17654	12.0891
6.17992	12.1724
6.18066	12.2558
6.18271	12.3391
6.20551	12.4224
6.20685	12.5058
6.20826	12.5891
6.20988	12.6724
6.21449	12.7558
6.21583	12.8391
6.21717	12.9224
6.21855	13.0058
6.21988	13.0827
6.22223	13.1596
6.22267	13.2365
6.22437	13.3135
6.24408	13.3904
6.24571	13.4673
6.24709	13.5442
6.24925	13.6212
6.25389	13.6981
6.25596	6.84904
6.25876	7.01571
6.26081	7.15856
6.26158	7.30142
6.26215	7.44428
6.26904	7.58714
6.27252	7.72999
6.29181	7.87285
6.29308	8.01571
6.29603	8.14071
6.29806	8.26571
6.29926	8.39071
6.3118	8.51571
6.31383	8.64071
6.33444	8.76571
6.33515	8.89071
6.33664	9.01571
6.33833	9.12682
6.33959	9.23793
6.35121	9.34904
6.35872	9.46015
6.36026	9.57126
6.37975	9.68237
6.38245	9.79349
6.3859	9.9046
6.38751	10.0157
6.39259	10.1157
6.39481	10.2157
6.39665	10.3157
6.40496	10.4157
6.41126	10.5157
6.42441	10.6157
6.42508	10.7157
6.42993	10.8157
6.43133	10.9157
6.43608	11.0157
6.43748	11.1066
6.43844	11.1975
6.43887	11.2884
6.44654	11.3793
6.45374	11.4703
6.48178	11.5612
6.48506	11.6521
6.48835	11.743
6.49039	11.8339
6.49171	11.9248
6.49298	12.0157
6.49645	12.099
6.50256	12.1824
6.50326	12.2657
6.50617	12.349
6.50884	12.4324
6.54456	12.5157
6.54478	12.599
6.54536	12.6824
6.5461	12.7657
6.54677	12.849
6.54829	12.9324
6.5497	13.0157
6.5511	13.0926
6.56551	13.1696
6.56778	13.2465
6.57105	13.3234
6.57508	13.4003
6.6028	13.4772
6.60347	13.5542
6.60621	13.6311
6.60914	13.708
6.61101	13.7849
6.61175	13.8619
6.61243	13.9388
6.61314	14.0157
6.6139	14.0871
6.61941	14.1586
6.63687	14.23
6.63932	14.3014
6.64354	14.3729
6.66716	14.4443
6.66853	14.5157
6.66889	14.5871
6.66963	14.6586
6.67046	14.73
6.671	14.8014
6.67339	14.8729
6.67379	14.9443
6.67512	15.0157
6.67989	15.0824
6.68199	15.149
6.68835	15.2157
6.69627	15.2824
6.69934	15.349
6.71526	15.4157
6.71697	15.4824
6.71895	15.549
6.71937	15.6157
6.72174	15.6824
6.72446	15.749
6.73046	15.8157
6.73115	15.8824
6.73464	15.949
6.73599	16.0157
6.73984	16.0782
6.7472	16.1407
6.75464	16.2032
6.75581	16.2657
6.75658	16.3282
6.76106	16.3907
6.76196	16.4532
6.76581	16.5157
6.76744	16.5782
6.77011	16.6407
6.77061	16.7032
6.77372	16.7657
6.77415	16.8282
6.77473	16.8907
6.7756	16.9532
6.77625	17.0157
6.79625	17.0745
6.79742	17.1334
6.80025	17.1922
6.80283	17.251
6.80481	17.3098
6.80626	17.3686
6.80651	17.4275
6.81064	17.4863
6.81155	17.5451
6.81298	17.6039
6.81342	17.6628
6.81625	17.7216
6.81693	17.7804
6.81828	17.8392
6.81923	17.8981
6.82146	17.9569
6.82487	18.0157
6.83329	18.0713
6.83478	18.1268
6.83865	18.1824
6.84588	18.2379
6.84859	18.2935
6.85133	18.349
6.85214	18.4046
6.85543	18.4602
6.85685	18.5157
6.85826	18.5713
6.85962	18.6268
6.86172	18.6824
6.86304	18.7379
6.86512	18.7935
6.86648	18.849
6.86791	18.9046
6.86853	18.9602
6.87041	19.0157
6.87076	19.0683
6.87729	19.121
6.88004	19.1736
6.88433	19.2262
6.88604	19.2789
6.88836	19.3315
6.88906	19.3841
6.8945	19.4368
6.89653	19.4894
6.9	19.542
6.90347	19.5947
6.90548	19.6473
6.90627	19.6999
6.91027	19.7525
6.91112	19.8052
6.91595	19.8578
6.91794	19.9104
6.92027	19.9631
6.92139	20.0157
6.92413	20.0657
6.93245	20.1157
6.93404	20.1657
6.93509	20.2157
6.93733	20.2657
6.9387	20.3157
6.93944	20.3657
6.94096	20.4157
6.94288	20.4657
6.94643	20.5157
6.94769	20.5657
6.94929	20.6157
6.95115	20.6657
6.954	20.7157
6.95523	20.7657
6.96213	20.8157
6.96556	20.8657
6.96646	20.9157
6.96853	20.9657
6.97137	21.0157
6.97248	21.0633
6.97733	21.1109
6.98154	21.1586
6.99048	21.2062
6.99464	21.2538
6.99628	21.3014
6.99701	21.349
7.00088	21.3967
7.00381	21.4443
7.00438	21.4919
7.00657	21.5395
7.00779	21.5871
7.00923	21.6348
7.01054	21.6824
7.01126	21.73
7.01262	21.7776
7.01542	21.8252
7.01601	21.8729
7.02364	21.9205
7.02569	21.9681
7.02774	22.0157
7.02914	22.0612
7.03115	22.1066
7.03754	22.1521
7.03962	22.1975
7.04658	22.243
7.0562	22.2884
7.05755	22.3339
7.05937	22.3793
7.05981	22.4248
7.06062	22.4703
7.06181	22.5157
7.06185	22.5612
7.06245	22.6066
7.06316	22.6521
7.06453	22.6975
7.06752	22.743
7.06999	22.7884
7.07138	22.8339
7.07344	22.8793
7.07498	22.9248
7.07624	11.4624
7.07758	11.5533
7.07897	11.6442
7.07979	11.7351
7.09558	11.826
7.10393	11.9169
7.10751	12.0079
7.11217	12.0912
7.1137	12.1745
7.11431	12.2579
7.11497	12.3412
7.11582	12.4245
7.11637	12.5079
7.11777	12.5912
7.11984	12.6745
7.1318	12.7579
7.13655	12.8412
7.13787	12.9245
7.13861	13.0079
7.13933	13.0848
7.14002	13.1617
7.14072	13.2386
7.16581	13.3155
7.16728	13.3925
7.17533	13.4694
7.18176	13.5463
7.18434	13.6232
7.18547	13.7002
7.18599	13.7771
7.18684	13.854
7.18725	13.9309
7.18922	14.0079
7.19072	14.0793
7.19133	14.1507
7.19275	14.2221
7.24158	14.2936
7.24227	14.365
7.24635	14.4364
7.25184	14.5079
7.25598	7.25393
7.25906	7.39678
7.2599	7.53964
7.26138	7.6825
7.26162	7.82536
7.26516	7.96821
7.26666	8.11107
7.2886	8.23607
7.29002	8.36107
7.29407	8.48607
7.31355	8.61107
7.31562	8.73607
7.32251	8.86107
7.32323	8.98607
7.33522	9.11107
7.33598	9.22218
7.33629	9.33329
7.33699	9.4444
7.36676	9.55551
7.36697	9.66663
7.36785	9.77774
7.36861	9.88885
7.38103	9.99996
7.38172	10.1111
7.38277	10.2111
7.38831	10.3111
7.39314	10.4111
7.41883	10.5111
7.42114	10.6111
7.42362	10.7111
7.42574	10.8111
7.43135	10.9111
7.43514	11.0111
7.43577	11.102
7.43588	11.1929
7.43782	11.2838
7.45334	11.3747
7.46944	11.4656
7.4708	11.5565
7.47352	11.6474
7.47429	11.7383
7.4752	11.8293
7.4821	11.9202
7.48843	12.0111
7.49241	12.0944
7.49312	12.1777
7.49389	12.2611
7.49762	12.3444
7.50888	12.4277
7.50925	12.5111
7.52647	12.5944
7.5299	12.6777
7.53136	12.7611
7.53257	12.8444
7.533	12.9277
7.5335	13.0111
7.53434	13.088
7.53566	13.1649
7.53733	13.2418
7.54385	13.3188
7.55876	13.3957
7.56171	13.4726
7.56308	13.5495
7.56514	13.6265
7.5672	13.7034
7.56858	13.7803
7.57003	13.8572
7.5707	13.9341
7.57206	14.0111
7.58194	14.0825
7.58301	14.1539
7.58442	14.2254
7.58783	14.2968
7.60078	14.3682
7.60157	14.4396
7.6022	14.5111
7.60296	14.5825
7.60378	14.6539
7.60429	14.7254
7.60672	14.7968
7.61081	14.8682
7.61344	14.9396
7.6157	15.0111
7.62192	15.0777
7.62419	15.1444
7.626	15.2111
7.63318	15.2777
7.64654	15.3444
7.64832	15.4111
7.64921	15.4777
7.64969	15.5444
7.65103	15.6111
7.6533	15.6777
7.65523	15.7444
7.65656	15.8111
7.66017	15.8777
7.6615	15.9444
7.6622	16.0111
7.6698	16.0736
7.67263	16.1361
7.67273	16.1986
7.67604	16.2611
7.70523	16.3236
7.70725	16.3861
7.70812	16.4486
7.71073	16.5111
7.71289	16.5736
7.71484	16.6361
7.71826	16.6986
7.72237	16.7611
7.72457	16.8236
7.72584	16.8861
7.72734	16.9486
7.72791	17.0111
7.72993	17.0699
7.73077	17.1287
7.73142	17.1875
7.73504	17.2464
7.7447	17.3052
7.7452	17.364
7.74795	17.4228
7.75018	17.4817
7.75136	17.5405
7.75276	17.5993
7.75415	17.6581
7.75621	17.717
7.76023	17.7758
7.76104	17.8346
7.76171	17.8934
7.76465	17.9522
7.76593	18.0111
7.76926	18.0666
7.77474	18.1222
7.77684	18.1777
7.77816	18.2333
7.78245	18.2888
7.78319	18.3444
7.78387	18.4
7.78525	18.4555
7.78589	18.5111
7.78757	18.5666
7.78796	18.6222
7.78884	18.6777
7.79073	18.7333
7.79288	18.7888
7.79627	18.8444
7.79947	18.9
7.80243	18.9555
7.80497	19.0111
7.80844	19.0637
7.81645	19.1163
7.82062	19.169
7.82549	19.2216
7.82914	19.2742
7.83067	19.3269
7.8353	19.3795
7.83802	19.4321
7.83959	19.4848
7.8419	19.5374
7.84504	19.59
7.85063	19.6426
7.85325	19.6953
7.85713	19.7479
7.8577	19.8005
7.85986	19.8532
7.86158	19.9058
7.86438	19.9584
7.8659	20.0111
7.87192	20.0611
7.87461	20.1111
7.87465	20.1611
7.87772	20.2111
7.90084	20.2611
7.9022	20.3111
7.90618	20.3611
7.90695	20.4111
7.90749	20.4611
7.90793	20.5111
7.90852	20.5611
7.90919	20.6111
7.90991	20.6611
7.91128	20.7111
7.91268	20.7611
7.91935	20.8111
7.92155	20.8611
7.927	20.9111
7.92973	20.9611
7.93115	21.0111
7.94711	10.5055
7.9494	10.6055
7.95006	10.7055
7.95772	10.8055
7.96991	10.9055
7.97131	11.0055
7.97985	11.0964
7.98348	11.1874
7.98445	11.2783
7.98535	11.3692
7.98594	11.4601
7.98669	11.551
7.9873	11.6419
7.988	11.7328
7.98872	11.8237
7.99078	11.9146
7.99768	12.0055
7.99908	12.0889
8.00557	12.1722
8.00679	12.2555
8.00736	12.3389
8.03199	12.4222
8.03311	12.5055
8.03549	12.5889
8.04225	12.6722
8.04298	12.7555
8.04526	12.8389
8.04841	12.9222
8.0495	13.0055
8.05089	13.0825
8.05272	13.1594
8.05358	13.2363
8.05498	13.3132
8.09862	13.3902
8.09935	13.4671
8.10008	13.544
8.10144	13.6209
8.10214	13.6978
8.10428	13.7748
8.11127	13.8517
8.11206	13.9286
8.11269	14.0055
8.1139	14.077
8.11636	14.1484
8.12545	14.2198
8.12749	14.2912
8.16213	14.3627
8.16407	14.4341
8.16521	14.5055
8.16581	14.577
8.16854	14.6484
8.17359	14.7198
8.1755	14.7912
8.17776	14.8627
8.17846	14.9341
8.17915	15.0055
8.17981	15.0722
8.18082	15.1389
8.20864	15.2055
8.21066	15.2722
8.21471	15.3389
8.21814	15.4055
8.21885	15.4722
8.22041	15.5389
8.22328	15.6055
8.22724	15.6722
8.22837	15.7389
8.22897	15.8055
8.22934	15.8722
8.23071	15.9389
8.2321	16.0055
8.23299	16.068
8.23482	16.1305
8.25684	16.193
8.26217	16.2555
8.26628	16.318
8.2712	16.3805
8.27405	16.443
8.27469	16.5055
8.27601	16.568
8.28555	16.6305
8.28909	16.693
8.29131	16.7555
8.29327	16.818
8.29605	16.8805
8.29745	16.943
8.29879	17.0055
8.29955	17.0644
8.30572	17.1232
8.31745	17.182
8.31921	17.2408
8.32026	17.2997
8.32163	17.3585
8.32227	17.4173
8.32434	17.4761
8.32505	17.5349
8.33348	17.5938
8.34095	17.6526
8.34316	17.7114
8.34515	17.7702
8.35009	17.8291
8.35155	17.8879
8.35382	17.9467
8.35454	18.0055
8.35763	18.0611
8.36252	18.1166
8.37331	18.1722
8.37391	18.2278
8.37453	18.2833
8.37503	18.3389
8.37764	18.3944
8.37968	18.45
8.38171	18.5055
8.3831	18.5611
8.3845	18.6166
8.38604	18.6722
8.3887	18.7278
8.39506	18.7833
8.3985	18.8389
8.40416	18.8944
8.40459	18.95
8.40534	19.0055
8.41427	19.0582
8.41564	19.1108
8.41768	19.1634
8.41971	19.2161
8.42128	19.2687
8.42246	19.3213
8.42939	19.374
8.43286	19.4266
8.43494	19.4792
8.43915	19.5319
8.44261	19.5845
8.44676	19.6371
8.44935	19.6897
8.44993	19.7424
8.45761	19.795
8.46448	19.8476
8.46657	19.9003
8.46788	19.9529
8.46926	20.0055
8.48112	20.0555
8.48376	20.1055
8.48447	20.1555
8.48535	20.2055
8.48658	20.2555
8.48742	20.3055
8.489	20.3555
8.48914	20.4055
8.4895	20.4555
8.49077	20.5055
8.49347	20.5555
8.50863	20.6055
8.51344	20.6555
8.51622	20.7055
8.52233	20.7555
8.5231	20.8055
8.52387	20.8555
8.52458	20.9055
8.52664	20.9555
8.52803	21.0055
8.53076	10.5028
8.53279	10.6028
8.53627	10.7028
8.53762	10.8028
8.54171	10.9028
8.54316	11.0028
8.54811	11.0937
8.55067	11.1846
8.55219	11.2755
8.55347	11.3664
8.55421	11.4573
8.55779	11.5482
8.55978	11.6391
8.56115	11.73
8.5653	11.8209
8.56895	11.9119
8.57216	12.0028
8.57353	12.0861
8.57626	12.1694
8.57906	12.2528
8.58119	12.3361
8.59103	12.4194
8.59457	12.5028
8.5964	12.5861
8.59858	12.6694
8.59914	12.7528
8.60057	12.8361
8.6027	12.9194
8.60398	13.0028
8.60602	13.0797
8.60745	13.1566
8.61293	13.2335
8.61777	13.3105
8.62168	13.3874
8.6304	13.4643
8.63303	13.5412
8.63695	13.6182
8.64044	13.6951
8.64122	13.772
8.64334	13.8489
8.6439	13.9258
8.64484	14.0028
8.64533	14.0742
8.64617	14.1456
8.64676	14.2171
8.64754	14.2885
8.6603	14.3599
8.66928	14.4313
8.67195	14.5028
8.67454	14.5742
8.6773	14.6456
8.68278	14.7171
8.68688	14.7885
8.68756	14.8599
8.68825	14.9313
8.68897	15.0028
8.69032	15.0694
8.69169	15.1361
8.69246	15.2028
8.69378	15.2694
8.70007	15.3361
8.70145	15.4028
8.70172	15.4694
8.70289	15.5361
8.70987	15.6028
8.71543	15.6694
8.71938	15.7361
8.72014	15.8028
8.72065	15.8694
8.72143	15.9361
8.72225	16.0028
8.7235	16.0653
8.72501	16.1278
8.72656	16.1903
8.72793	16.2528
8.73188	16.3153
8.74128	16.3778
8.74198	16.4403
8.74963	16.5028
8.75673	16.5653
8.76224	16.6278
8.76411	16.6903
8.76782	16.7528
8.76938	16.8153
8.77059	16.8778
8.77481	16.9403
8.77813	17.0028
8.77973	17.0616
8.78037	17.1204
8.78093	17.1792
8.78232	17.2381
8.78676	17.2969
8.80866	17.3557
8.80933	17.4145
8.81256	17.4734
8.81332	17.5322
8.82195	17.591
8.827	17.6498
8.8297	17.7086
8.83313	17.7675
8.83351	17.8263
8.83504	17.8851
8.83633	17.9439
8.83836	18.0028
8.83971	18.0583
8.84113	18.1139
8.84175	18.1694
8.84251	18.225
8.85055	18.2805
8.8671	18.3361
8.86915	18.3917
8.87573	18.4472
8.87636	18.5028
8.87735	9.25138
8.87764	9.36249
8.87824	9.47361
8.87893	9.58472
8.87972	9.69583
8.88026	9.80694
8.88092	9.91805
8.88164	10.0292
8.88232	10.1292
8.88328	10.2292
8.88511	10.3292
8.88644	10.4292
8.88929	10.5292
8.91377	10.6292
8.92628	10.7292
8.92761	10.8292
8.931	10.9292
8.93168	11.0292
8.93249	11.1201
8.93352	11.211
8.93601	11.3019
8.93765	11.3928
8.9401	11.4837
8.94487	5.74185
8.97057	5.94185
8.97336	6.14185
8.97748	6.30852
8.97796	6.47519
8.98026	6.64185
8.98176	6.80852
8.98503	6.97519
8.9927	7.14185
8.9955	7.28471
8.99686	7.42757
9.02637	7.57042
9.02708	7.71328
9.03069	7.85614
9.03312	7.999
9.03355	8.14185
9.03419	8.26685
9.03569	8.39185
9.05491	8.51685
9.05628	8.64185
9.06176	8.76685
9.07216	8.89185
9.07485	9.01685
9.0755	9.12796
9.07632	9.23908
9.08024	9.35019
9.10138	9.4613
9.1028	9.57241
9.10502	9.68352
9.10714	9.79463
9.10848	9.90574
9.1092	10.0169
9.11058	10.1169
9.11303	10.2169
9.12253	10.3169
9.14168	10.4169
9.14254	10.5169
9.14308	10.6169
9.14518	10.7169
9.14585	10.8169
9.14719	10.9169
9.14921	11.0169
9.15053	11.1078
9.15109	11.1987
9.15367	11.2896
9.1821	11.3805
9.18554	11.4714
9.18606	11.5623
9.18811	11.6532
9.19088	11.7441
9.19297	11.835
9.19426	11.9259
9.19637	12.0169
9.20189	12.1002
9.20261	12.1835
9.20593	12.2669
9.22156	12.3502
9.22441	12.4335
9.23187	12.5169
9.23453	12.6002
9.23521	12.6835
9.2367	12.7669
9.23746	12.8502
9.23874	12.9335
9.2394	13.0169
9.24156	13.0938
9.24221	13.1707
9.24568	13.2476
9.24889	13.3245
9.25607	13.4015
9.26522	13.4784
9.26873	13.5553
9.27072	13.6322
9.27214	13.7092
9.2757	13.7861
9.27817	13.863
9.2838	13.9399
9.28543	14.0169
9.28753	14.0883
9.28815	14.1597
9.29089	14.2311
9.29243	14.3026
9.29789	14.374
9.30059	14.4454
9.30477	14.5169
9.30685	14.5883
9.30892	14.6597
9.31312	14.7311
9.31587	14.8026
9.33652	14.874
9.33789	14.9454
9.33925	15.0169
9.33998	15.0835
9.34163	15.1502
9.34203	15.2169
9.34392	15.2835
9.35298	15.3502
9.35722	15.4169
9.36812	15.4835
9.37085	15.5502
9.37371	15.6169
9.38726	15.6835
9.39337	15.7502
9.39887	15.8169
9.39951	15.8835
9.40231	15.9502
9.4039	16.0169
9.40505	16.0794
9.40579	16.1419
9.40655	16.2044
9.40927	16.2669
9.41753	16.3294
9.41889	16.3919
9.42511	16.4544
9.43057	16.5169
9.43621	16.5794
9.44238	16.6419
9.44488	16.7044
9.4501	16.7669
9.45263	16.8294
9.45809	16.8919
9.46295	16.9544
9.46444	17.0169
9.46504	17.0757
9.46635	17.1345
9.47188	17.1933
9.47509	17.2521
9.47672	17.311
9.47877	17.3698
9.48156	17.4286
9.48378	17.4874
9.48988	17.5463
9.49628	17.6051
9.5045	17.6639
9.50641	17.7227
9.50708	17.7816
9.50981	17.8404
9.51115	17.8992
9.51269	17.958
9.5141	18.0169
9.51465	18.0724
9.51611	18.128
9.52183	18.1835
9.52645	18.2391
9.52993	18.2946
9.53261	18.3502
9.54019	18.4057
9.54231	18.4613
9.54306	18.5169
9.54936	18.5724
9.55204	18.628
9.55792	18.6835
9.55938	18.7391
9.56339	18.7946
9.56486	18.8502
9.57239	18.9057
9.57451	18.9613
9.57523	19.0169
9.57699	19.0695
9.57733	19.1221
9.57804	19.1747
9.57876	19.2274
9.58009	19.28
9.5814	19.3326
9.59182	19.3853
9.5938	19.4379
9.59659	19.4905
9.61145	19.5432
9.61569	19.5958
9.6203	19.6484
9.62182	19.7011
9.62305	19.7537
9.62434	19.8063
9.62917	19.859
9.62991	19.9116
9.63127	19.9642
9.63264	20.0169
9.63439	20.0669
9.63616	20.1169
9.63751	10.0584
9.63821	10.1584
9.63897	10.2584
9.64033	10.3584
9.64515	10.4584
9.65199	10.5584
9.65556	10.6584
9.68179	10.7584
9.68342	10.8584
9.68393	10.9584
9.68411	11.0584
9.68665	11.1493
9.68758	11.2402
9.69623	11.3312
9.69922	11.4221
9.7017	11.513
9.70236	11.6039
9.70402	11.6948
9.70537	11.7857
9.70654	11.8766
9.75591	11.9675
9.75621	12.0584
9.76047	12.1418
9.76126	12.2251
9.76187	12.3084
9.76394	12.3918
9.76739	12.4751
9.76806	12.5584
9.77012	12.6418
9.77082	12.7251
9.77176	6.36255
9.80202	6.52921
9.80338	6.69588
9.80401	6.86255
9.80627	7.02921
9.8068	7.17207
9.80751	7.31493
9.80815	7.45778
9.81067	7.60064
9.81114	7.7435
9.81126	7.88636
9.81148	8.02921
9.84079	8.15421
9.84158	8.27921
9.84283	8.40421
9.84529	8.52921
9.84673	8.65421
9.84854	8.77921
9.84923	8.90421
9.85062	9.02921
9.8891	9.14032
9.89248	9.25144
9.89291	9.36255
9.8943	9.47366
9.89598	9.58477
9.89685	9.69588
9.89804	9.80699
9.89822	9.9181
9.89866	10.0292
9.9348	10.1292
9.9354	10.2292
9.93566	10.3292
9.93588	10.4292
9.93774	10.5292
9.93983	10.6292
9.94166	10.7292
9.94302	10.8292
9.94467	10.9292
9.94748	11.0292
9.98431	11.1201
9.98519	11.211
9.98644	11.3019
9.9884	11.3928
9.98931	11.4838
9.99001	11.5747
9.99072	11.6656
9.9922	11.7565
9.99355	11.8474
9.99719	11.9383
9.99874	12.0292
10.0291	12.1125
10.0297	12.1959
10.0315	12.2792
10.0332	12.3625
10.035	12.4459
10.0366	12.5292
10.0378	12.6125
10.039	12.6959
10.0403	12.7792
10.0417	12.8625
10.0445	12.9459
10.0459	13.0292
10.0833	13.1061
10.0859	13.1831
10.0928	13.26
10.0941	13.3369
10.0963	13.4138
10.0974	13.4908
10.0978	13.5677
10.0992	13.6446
10.1006	13.7215
10.1021	13.7984
10.1054	13.8754
10.1068	13.9523
10.1083	14.0292
10.1405	14.1006
10.1411	14.1721
10.1416	14.2435
10.1435	14.3149
10.1442	14.3864
10.1447	14.4578
10.1447	14.5292
10.1448	14.6006
10.1455	14.6721
10.1461	14.7435
10.1465	14.8149
10.1471	14.8864
10.1478	14.9578
10.1484	15.0292
10.1874	15.0959
10.189	15.1625
10.1904	15.2292
10.1919	15.2959
10.1942	15.3625
10.1954	15.4292
10.1962	15.4959
10.1984	15.5625
10.2004	15.6292
10.2035	15.6959
10.2037	15.7625
10.2049	15.8292
10.2052	15.8959
10.2078	15.9625
10.2092	16.0292
10.2313	16.0917
10.2357	16.1542
10.2396	16.2167
10.2418	16.2792
10.2473	16.3417
10.2495	16.4042
10.2509	16.4667
10.2523	16.5292
10.2542	16.5917
10.2555	16.6542
10.2569	16.7167
10.2577	16.7792
10.2591	16.8417
10.2612	16.9042
10.2629	16.9667
10.264	17.0292
10.2764	17.088
10.2779	17.1469
10.2805	17.2057
10.2834	17.2645
10.2959	17.3233
10.297	17.3822
10.2998	17.441
10.3015	17.4998
10.3032	17.5586
10.3045	17.6174
10.3067	17.6763
10.3073	17.7351
10.3096	17.7939
10.3128	17.8527
10.3134	17.9116
10.3149	17.9704
10.3171	18.0292
10.3236	18.0848
10.3248	18.1403
10.3255	18.1959
10.3262	18.2514
10.3358	18.307
10.3386	9.1535
10.3451	9.26461
10.3473	9.37572
10.3513	9.48683
10.3618	9.59794
10.3625	9.70905
10.363	9.82016
10.3639	9.93127
10.3695	10.0424
10.3702	10.1424
10.3709	10.2424
10.3723	10.3424
10.3738	10.4424
10.3774	10.5424
10.3784	10.6424
10.3792	10.7424
10.3802	10.8424
10.3855	10.9424
10.4155	11.0424
10.4188	11.1333
10.4198	11.2242
10.4214	11.3151
10.4232	11.406
10.4377	11.4969
10.4389	11.5878
10.4417	11.6787
10.4439	11.7697
10.4487	11.8606
10.4569	11.9515
10.4597	12.0424
10.4617	12.1257
10.4638	12.2091
10.4667	12.2924
10.4686	12.3757
10.477	12.4591
10.4789	12.5424
10.4796	12.6257
10.4823	12.7091
10.4984	12.7924
10.5077	12.8757
10.5084	12.9591
10.5091	13.0424
10.5097	13.1193
10.5106	13.1962
10.5111	13.2732
10.5125	13.3501
10.5336	13.427
10.5366	13.5039
10.5374	13.5808
10.5475	13.6578
10.5502	13.7347
10.5534	13.8116
10.554	13.8885
10.5556	13.9655
10.5563	14.0424
10.5582	14.1138
10.5588	14.1852
10.5597	14.2567
10.5616	14.3281
10.5958	14.3995
10.5976	14.471
10.599	14.5424
10.6074	14.6138
10.6177	14.6852
10.6197	14.7567
10.6218	14.8281
10.6224	14.8995
10.6237	14.971
10.6269	15.0424
10.6277	15.1091
10.6289	15.1757
10.6293	15.2424
10.6303	15.3091
10.6778	15.3757
10.681	15.4424
10.683	15.5091
10.6844	15.5757
10.6857	15.6424
10.6872	15.7091
10.6904	15.7757
10.6913	15.8424
10.6918	15.9091
10.6925	15.9757
10.6954	16.0424
10.696	16.1049
10.6976	16.1674
10.7011	16.2299
10.7049	16.2924
10.7405	16.3549
10.7408	16.4174
10.7412	16.4799
10.7429	16.5424
10.7519	16.6049
10.7548	16.6674
10.7573	16.7299
10.7607	16.7924
10.7669	16.8549
10.7676	16.9174
10.769	16.9799
10.7711	17.0424
10.7725	17.1012
10.7732	17.16
10.7752	17.2189
10.7779	17.2777
10.8063	17.3365
10.8075	17.3953
10.8081	17.4541
10.8101	17.513
10.8122	17.5718
10.8136	8.7859
10.8157	8.9109
10.8179	9.0359
10.8194	9.14701
10.8199	9.25812
10.82	9.36923
10.8202	9.48034
10.8206	9.59145
10.8219	9.70256
10.8276	9.81368
10.8298	9.92479
10.8332	10.0359
10.872	10.1359
10.8721	10.2359
10.8723	10.3359
10.8753	10.4359
10.8762	10.5359
10.8796	10.6359
10.8856	10.7359
10.8883	10.8359
10.8897	10.9359
10.8907	11.0359
10.9197	11.1268
10.9206	11.2177
10.9217	11.3086
10.9248	11.3995
10.9251	11.4904
10.9261	11.5814
10.9272	11.6723
10.9307	11.7632
10.9328	11.8541
10.9341	11.945
10.9361	12.0359
10.9708	12.1192
10.9709	12.2026
10.9711	12.2859
10.9712	12.3692
10.973	12.4526
10.9735	12.5359
10.9754	12.6192
10.9805	12.7026
10.9811	12.7859
10.9817	12.8692
10.9855	12.9526
10.9878	13.0359
11.0231	13.1128
11.0248	13.1897
11.0259	13.2667
11.0266	13.3436
11.0275	13.4205
11.0307	13.4974
11.0334	13.5744
11.0369	13.6513
11.0383	13.7282
11.041	13.8051
11.0479	13.8821
11.0509	13.959
11.0516	14.0359
11.0742	14.1073
11.077	14.1788
11.0811	14.2502
11.0845	14.3216
11.0859	14.393
11.0907	14.4645
11.0964	14.5359
11.0977	14.6073
11.1009	14.6788
11.1032	14.7502
11.1034	14.8216
11.1089	14.893
11.1117	14.9645
11.113	15.0359
11.1337	15.1026
11.1342	15.1692
11.1373	15.2359
11.1392	15.3026
11.141	15.3692
11.1422	15.4359
11.1467	15.5026
11.1521	15.5692
11.1599	15.6359
11.1664	15.7026
11.1684	15.7692
11.1752	15.8359
11.1767	15.9026
11.1781	15.9692
11.1788	16.0359
11.1921	16.0984
11.1924	8.0492
11.1933	8.1742
11.1935	8.2992
11.195	8.4242
11.2011	8.5492
11.2054	8.6742
11.2122	8.7992
11.217	8.9242
11.2205	9.0492
11.2213	9.16031
11.2244	9.27142
11.2251	9.38253
11.226	9.49364
11.2293	9.60475
11.2309	9.71587
11.246	9.82698
11.2724	9.93809
11.2726	10.0492
11.2729	10.1492
11.2735	10.2492
11.2748	10.3492
11.2763	10.4492
11.2782	10.5492
11.2797	10.6492
11.3026	10.7492
11.3142	10.8492
11.3157	10.9492
11.3171	11.0492
11.3186	11.1401
11.3203	11.231
11.3215	11.3219
11.3226	11.4128
11.3248	11.5037
11.3284	11.5947
11.3607	11.6856
11.3639	11.7765
11.3678	11.8674
11.3688	11.9583
11.3694	12.0492
11.3704	12.1325
11.371	12.2159
11.3755	12.2992
11.3765	12.3825
11.3791	12.4659
11.3834	12.5492
11.4119	12.6325
11.4141	12.7159
11.4151	12.7992
11.4164	12.8825
11.4172	12.9659
11.418	13.0492
11.4187	13.1261
11.4197	13.203
11.4215	13.28
11.4221	13.3569
11.4228	13.4338
11.4256	13.5107
11.4529	13.5877
11.4537	13.6646
11.457	13.7415
11.4584	13.8184
11.46	13.8954
11.4618	13.9723
11.4632	14.0492
11.4645	14.1206
11.4659	14.1921
11.4674	14.2635
11.4693	14.3349
11.4704	14.4063
11.4729	14.4778
11.5093	14.5492
11.5104	14.6206
11.5109	14.6921
11.5124	14.7635
11.514	14.8349
11.5146	14.9063
11.5167	14.9778
11.5181	15.0492
11.5194	15.1159
11.5208	15.1825
11.5229	15.2492
11.5249	15.3159
11.5263	15.3825
11.5284	15.4492
11.5667	15.5159
11.5675	15.5825
11.5689	15.6492
11.57	15.7159
11.572	15.7825
11.5729	15.8492
11.574	15.9159
11.5761	15.9825
11.5768	16.0492
11.5784	16.1117
11.5791	16.1742
11.5801	16.2367
11.5819	16.2992
11.5826	16.3617
11.5834	16.4242
11.6128	16.4867
11.6136	16.5492
11.6148	16.6117
11.6159	16.6742
11.617	16.7367
11.6177	16.7992
11.6194	16.8617
11.6212	16.9242
11.6221	16.9867
11.6237	17.0492
11.625	17.108
11.6256	17.1668
11.6264	17.2257
11.6272	17.2845
11.6279	17.3433
11.6282	17.4021
11.6569	17.461
11.6579	17.5198
11.6589	17.5786
11.6606	17.6374
11.6619	17.6963
11.6626	17.7551
11.6638	17.8139
11.6648	17.8727
11.6676	17.9316
11.6684	17.9904
11.6691	18.0492
11.6699	18.1048
11.6719	18.1603
11.6736	18.2159
11.6742	18.2714
11.6749	18.327
11.6763	18.3825
11.7059	18.4381
11.7072	18.4936
11.708	18.5492
11.7105	18.6048
11.7116	18.6603
11.7126	18.7159
11.7134	18.7714
11.7145	18.827
11.7156	18.8825
11.7163	18.9381
11.7171	18.9936
11.7179	19.0492
11.7184	19.1018
11.7192	19.1545
11.7227	19.2071
11.7241	19.2597
11.7255	19.3124
11.7277	19.365
11.7488	19.4176
11.7494	19.4703
11.7506	19.5229
11.7512	19.5755
11.7518	19.6281
11.7526	19.6808
11.7532	19.7334
11.7539	19.786
11.7546	19.8387
11.7555	19.8913
11.756	19.9439
11.7569	19.9966
11.7573	20.0492
11.758	20.0992
11.7589	20.1492
11.7602	20.1992
11.7621	20.2492
11.7631	20.2992
11.7659	20.3492
11.787	20.3992
11.7888	20.4492
11.7899	20.4992
11.7911	20.5492
11.7932	20.5992
11.794	20.6492
11.7947	20.6992
11.7964	20.7492
11.7972	20.7992
11.7983	20.8492
11.799	20.8992
11.8001	20.9492
11.8006	20.9992
11.8013	21.0492
11.8021	21.0968
11.8027	21.1444
11.8035	21.1921
11.8042	21.2397
11.805	21.2873
11.8074	21.3349
11.8315	21.3825
11.8344	21.4302
11.8353	21.4778
11.8358	21.5254
11.8371	21.573
11.8396	21.6206
11.8409	21.6682
11.8422	21.7159
11.8429	21.7635
11.8436	21.8111
11.8456	21.8587
11.8461	21.9063
11.8468	21.954
11.8476	22.0016
11.8483	22.047
11.8489	22.0925
11.8496	22.1379
11.8503	22.1834
11.8509	22.2289
11.8516	22.2743
11.8543	22.3198
11.8718	22.3652
11.8737	22.4107
11.8746	22.4561
11.8753	22.5016
11.8759	22.547
11.8767	22.5925
11.8778	22.6379
11.8792	22.6834
11.8803	22.7289
11.8813	22.7743
11.8829	22.8198
11.8836	22.8652
11.8849	22.9107
11.8856	22.9561
11.8864	23.0016
11.889	23.0451
11.89	23.0885
11.8917	23.132
11.8924	23.1755
11.8939	23.219
11.8947	23.2624
11.8957	23.3059
11.9151	23.3494
11.9176	23.3929
11.9213	23.4364
11.9224	23.4798
11.9232	23.5233
11.9238	23.5668
11.9246	23.6103
11.9259	23.6538
11.927	23.6972
11.9283	23.7407
11.9296	23.7842
11.9304	23.8277
11.9316	23.8711
11.9328	23.9146
11.9345	23.9581
11.9348	24.0016
11.9349	24.0432
11.9357	24.0849
11.9363	24.1266
11.9374	24.1682
11.9377	24.2099
11.9383	24.2516
11.9393	24.2932
11.9616	24.3349
11.9628	12.1675
11.9643	12.2508
11.9669	12.3341
11.9676	12.4175
11.9683	12.5008
11.969	12.5841
11.9696	12.6675
11.9704	12.7508
11.971	12.8341
11.9717	12.9175
11.9724	13.0008
11.9733	13.0777
11.9738	13.1546
11.9745	13.2316
11.9751	13.3085
11.9758	13.3854
11.9765	13.4623
11.9772	13.5393
11.9781	13.6162
11.9789	13.6931
11.9793	13.77
11.9802	13.8469
11.9816	13.9239
12.0086	14.0008
12.0093	14.0722
12.0103	14.1436
12.0118	14.2151
12.0124	14.2865
12.0131	14.3579
12.0139	14.4294
12.0145	14.5008
12.0153	14.5722
12.0169	14.6436
12.0176	14.7151
12.0195	14.7865
12.0203	14.8579
12.0494	14.9294
12.05	15.0008
12.0512	15.0675
12.0522	15.1341
12.0529	15.2008
12.054	15.2675
12.0557	15.3341
12.0568	15.4008
12.0576	15.4675
12.0583	15.5341
12.0597	15.6008
12.06	15.6675
12.0614	15.7341
12.0618	15.8008
12.09	15.8675
12.091	15.9341
12.0924	16.0008
12.0942	16.0633
12.095	16.1258
12.0962	16.1883
12.0968	16.2508
12.0975	16.3133
12.0989	16.3758
12.0995	16.4383
12.1011	16.5008
12.1016	16.5633
12.1017	16.6258
12.1023	16.6883
12.103	16.7508
12.1247	16.8133
12.1265	16.8758
12.129	16.9383
12.1299	17.0008
12.1338	17.0596
12.1344	17.1184
12.1351	17.1773
12.1358	17.2361
12.1367	17.2949
12.1372	17.3537
12.1379	17.4126
12.1393	17.4714
12.1408	17.5302
12.1415	17.589
12.1422	17.6478
12.1438	17.7067
12.1625	17.7655
12.1632	17.8243
12.1639	17.8831
12.1646	17.942
12.1652	18.0008
12.1746	18.0563
12.1755	18.1119
12.1768	18.1675
12.1779	18.223
12.1794	18.2786
12.1802	18.3341
12.182	18.3897
12.185	18.4452
12.1863	18.5008
12.1871	18.5563
12.1882	18.6119
12.1902	18.6675
12.2077	18.723
12.2084	18.7786
12.2094	18.8341
12.2106	18.8897
12.2113	18.9452
12.2121	19.0008
12.2176	19.0534
12.2206	19.1061
12.2232	19.1587
12.2252	19.2113
12.226	19.2639
12.2272	19.3166
12.2284	19.3692
12.2302	19.4218
12.2315	19.4745
12.233	19.5271
12.2332	19.5797
12.2342	19.6324
12.254	19.685
12.2547	19.7376
12.2552	19.7903
12.2591	19.8429
12.2598	19.8955
12.2629	19.9482
12.265	20.0008
12.2693	20.0508
12.2717	20.1008
12.2735	20.1508
12.2742	20.2008
12.2749	20.2508
12.2755	20.3008
12.2762	20.3508
12.2769	20.4008
12.2781	20.4508
12.2788	20.5008
12.2795	20.5508
12.2805	20.6008
12.296	20.6508
12.2966	20.7008
12.2982	20.7508
12.3022	20.8008
12.3034	20.8508
12.3061	20.9008
12.3075	20.9508
12.3087	21.0008
12.3107	21.0484
12.3121	21.096
12.3133	21.1436
12.3148	21.1913
12.3165	21.2389
12.3174	21.2865
12.3183	21.3341
12.3191	21.3817
12.3196	21.4294
12.3207	21.477
12.3216	21.5246
12.3222	21.5722
12.3369	21.6198
12.3387	21.6675
12.3404	21.7151
12.3424	21.7627
12.3438	21.8103
12.3478	21.8579
12.3517	21.9056
12.3551	21.9532
12.3559	22.0008
12.3569	22.0462
12.3581	22.0917
12.3593	22.1372
12.36	22.1826
12.3607	22.2281
12.3614	22.2735
12.3621	22.319
12.3628	22.3644
12.3636	22.4099
12.3644	22.4553
12.365	22.5008
12.3658	22.5462
12.386	22.5917
12.3873	22.6372
12.388	22.6826
12.3886	22.7281
12.3894	22.7735
12.3934	22.819
12.3957	22.8644
12.3972	22.9099
12.3975	22.9553
12.3982	23.0008
12.3992	23.0443
12.4003	23.0877
12.402	23.1312
12.4021	23.1747
12.4024	23.2182
12.4031	23.2617
12.4038	23.3051
12.4045	23.3486
12.4062	23.3921
12.407	23.4356
12.4098	23.4791
12.4119	23.5225
12.4326	23.566
12.4341	23.6095
12.4347	23.653
12.4355	23.6964
12.4361	23.7399
12.4367	23.7834
12.4386	23.8269
12.4393	23.8704
12.4411	23.9138
12.4421	23.9573
12.4434	24.0008
12.4449	24.0425
12.446	24.0841
12.4466	24.1258
12.4476	24.1675
12.4491	24.2091
12.4504	24.2508
12.4515	24.2925
12.4535	24.3341
12.4543	24.3758
12.455	24.4175
12.4597	24.4591
12.4602	24.5008
12.4718	24.5425
12.4726	24.5841
12.4732	24.6258
12.4739	24.6675
12.4746	24.7091
12.4753	24.7508
12.476	24.7925
12.477	24.8341
12.4787	24.8758
12.4808	24.9175
12.4826	24.9591
12.4833	25.0008
12.4839	25.0408
12.4851	25.0808
12.4863	25.1208
12.488	25.1608
12.4887	25.2008
12.4897	25.2408
12.4914	25.2808
12.492	25.3208
12.4931	25.3608
12.4943	25.4008
12.4975	25.4408
12.4983	25.4808
12.5215	25.5208
12.5257	25.5608
12.5269	25.6008
12.5277	25.6408
12.5284	25.6808
12.529	25.7208
12.5298	25.7608
12.5307	25.8008
12.5322	25.8408
12.5327	25.8808
12.5334	25.9208
12.534	25.9608
12.5348	26.0008
12.5354	26.0393
12.5361	26.0777
12.5368	26.1162
12.5375	26.1546
12.5385	26.1931
12.5389	26.2316
12.5396	26.27
12.5409	26.3085
12.5417	26.3469
12.5422	26.3854
12.5433	26.4239
12.5439	26.4623
12.5572	26.5008
12.5603	26.5393
12.5613	26.5777
12.5626	26.6162
12.5644	26.6546
12.5666	26.6931
12.5688	26.7316
12.57	26.77
12.5718	26.8085
12.5736	26.8469
12.5748	26.8854
12.5779	26.9239
12.5789	26.9623
12.5797	27.0008
12.5814	27.0378
12.5821	27.0749
12.5835	27.1119
12.5842	27.1489
12.585	27.186
12.5859	27.223
12.5865	27.26
12.5876	27.2971
12.5887	27.3341
12.5894	27.3712
12.5906	27.4082
12.5916	27.4452
12.6085	27.4823
12.6104	27.5193
12.6111	27.5563
12.6118	27.5934
12.6124	27.6304
12.6132	27.6675
12.6139	27.7045
12.6151	27.7415
12.6155	27.7786
12.617	27.8156
12.6177	27.8526
12.6194	27.8897
12.6198	27.9267
12.6205	27.9638
12.622	28.0008
12.6228	28.0365
12.6235	28.0722
12.6242	28.1079
12.6248	28.1436
12.6267	28.1794
12.627	28.2151
12.6283	28.2508
12.6291	28.2865
12.6298	28.3222
12.6311	28.3579
12.6332	28.3936
12.634	28.4294
12.6591	28.4651
12.6614	28.5008
12.6621	28.5365
12.6631	28.5722
12.664	28.6079
12.6654	28.6436
12.6659	28.6794
12.6681	28.7151
12.6691	28.7508
12.6704	28.7865
12.6709	28.8222
12.6716	28.8579
12.6724	28.8936
12.673	28.9294
12.6738	28.9651
12.6744	29.0008
12.6751	29.0353
12.6759	29.0698
12.6766	29.1042
12.678	29.1387
12.6796	29.1732
12.6803	29.2077
12.681	29.2422
12.6816	29.2767
12.6823	29.3111
12.6841	29.3456
12.6841	29.3801
12.6848	29.4146
12.7053	29.4491
12.7063	29.4835
12.7071	29.518
12.7079	29.5525
12.7091	29.587
12.7109	29.6215
12.7119	29.656
12.713	29.6904
12.7153	29.7249
12.7166	29.7594
12.7173	29.7939
12.7183	29.8284
12.719	29.8629
12.7197	29.8973
12.7204	29.9318
12.7213	29.9663
12.7218	30.0008
12.7225	30.0341
12.7231	30.0675
12.7238	30.1008
12.7245	30.1341
12.7252	30.1675
12.726	30.2008
12.7267	30.2341
12.7273	30.2675
12.728	30.3008
12.7299	30.3341
12.7313	30.3675
12.732	30.4008
12.7457	30.4341
12.7471	30.4675
12.7478	30.5008
12.749	30.5341
12.7498	30.5675
12.7505	30.6008
12.7518	30.6341
12.7529	30.6675
12.7548	30.7008
12.756	30.7341
12.7573	30.7675
12.7579	30.8008
12.7586	30.8341
12.7599	30.8675
12.7603	30.9008
12.7612	30.9341
12.7623	30.9675
12.7633	31.0008
12.7642	31.033
12.7653	31.0653
12.7664	31.0976
12.7675	31.1298
12.7683	31.1621
12.7691	31.1943
12.7703	31.2266
12.7716	31.2589
12.7727	31.2911
12.7745	31.3234
12.7758	31.3556
12.7769	31.3879
12.7934	31.4201
12.7944	31.4524
12.7956	31.4847
12.7963	31.5169
12.797	31.5492
12.7976	31.5814
12.7984	31.6137
12.7996	31.646
12.8004	31.6782
12.8005	31.7105
12.8012	31.7427
12.8018	31.775
12.8025	31.8072
12.8039	31.8395
12.8048	31.8718
12.8059	31.904
12.8071	31.9363
12.8085	31.9685
12.8096	32.0008
12.8106	32.032
12.8117	32.0633
12.814	32.0945
12.8151	32.1258
12.8158	32.157
12.8169	32.1883
12.8197	32.2195
12.8208	32.2508
12.8219	32.282
12.823	32.3133
12.8242	32.3445
12.8273	32.3758
12.8371	32.407
12.8383	32.4383
12.844	32.4695
12.8451	32.5008
12.8474	32.532
12.8485	32.5633
12.8497	32.5945
12.8511	32.6258
12.852	32.657
12.8532	32.6883
12.8544	32.7195
12.8555	32.7508
12.8569	32.782
12.858	32.8133
12.8591	32.8445
12.86	32.8758
12.8613	32.907
12.8619	32.9383
12.8627	32.9695
12.8634	33.0008
12.8641	33.0311
12.8648	33.0614
12.8655	33.0917
12.8662	33.122
12.8669	33.1523
12.8676	33.1826
12.8683	33.2129
12.8689	33.2432
12.8696	33.2735
12.8703	33.3038
12.871	33.3341
12.8717	33.3644
12.8817	33.3947
12.8857	33.425
12.8909	33.4553
12.894	33.4856
12.897	33.5159
12.8978	33.5462
12.8995	33.5765
12.9003	33.6069
12.901	33.6372
12.9017	33.6675
12.9023	33.6978
12.9031	33.7281
12.9047	33.7584
12.9067	33.7887
12.9076	33.819
12.9089	33.8493
12.91	33.8796
12.9107	33.9099
12.9113	33.9402
12.9126	33.9705
12.9131	34.0008
12.9138	34.0302
12.9145	34.0596
12.9151	34.089
12.9158	34.1184
12.917	34.1478
12.9179	34.1773
12.9191	34.2067
12.9204	34.2361
12.9209	34.2655
12.9216	34.2949
12.9243	34.3243
12.9259	34.3537
12.9365	34.3831
12.9403	34.4126
12.9424	34.442
12.9431	34.4714
12.9437	34.5008
12.9447	34.5302
12.9456	34.5596
12.9467	34.589
12.9489	34.6184
12.9496	34.6478
12.9518	34.6773
12.953	34.7067
12.9547	34.7361
12.9564	34.7655
12.9571	34.7949
12.9582	17.3975
12.9605	17.4563
12.9612	17.5151
12.9621	17.5739
12.9633	17.6327
12.9645	17.6916
12.9657	17.7504
12.9664	17.8092
12.967	17.868
12.9677	17.9269
12.9684	17.9857
12.969	18.0445
12.9698	18.1001
12.9704	18.1556
12.9712	18.2112
12.9718	18.2667
12.9728	18.3223
12.9737	18.3778
12.9742	18.4334
12.9773	18.489
12.9801	18.5445
12.9814	18.6001
12.9826	18.6556
12.9837	18.7112
12.9848	18.7667
12.986	18.8223
12.9872	18.8778
12.9883	18.9334
12.9899	18.989
12.9911	19.0445
12.9923	19.0971
12.9934	19.1498
12.9945	19.2024
12.9957	19.255
12.9975	19.3077
12.9984	19.3603
12.9991	19.4129
12.9998	19.4656
13.0087	19.5182
13.0102	19.5708
13.0119	19.6235
13.0127	19.6761
13.0137	19.7287
13.0149	19.7814
13.016	19.834
13.0171	19.8866
13.0188	19.9392
13.0196	19.9919
13.0205	20.0445
13.021	20.0945
13.0217	20.1445
13.0224	20.1945
13.0242	20.2445
13.0252	20.2945
13.0261	20.3445
13.0264	20.3945
13.0264	20.4445
13.037	20.4945
13.0391	20.5445
13.0403	20.5945
13.0415	20.6445
13.0427	20.6945
13.0436	20.7445
13.0451	20.7945
13.0461	20.8445
13.0472	20.8945
13.0487	20.9445
13.0497	20.9945
13.0507	21.0445
13.0514	21.0921
13.0521	21.1398
13.0527	21.1874
13.0535	21.235
13.0541	21.2826
13.0548	21.3302
13.0559	21.3778
13.0563	10.6889
13.064	10.7889
13.0674	10.8889
13.0697	10.9889
13.072	11.0889
13.0745	11.1798
13.0755	11.2707
13.0764	11.3617
13.0771	11.4526
13.0786	11.5435
13.0791	11.6344
13.0798	11.7253
13.0807	11.8162
13.0812	11.9071
13.0818	11.998
13.0825	12.0889
13.0834	12.1723
13.084	12.2556
13.0847	12.3389
13.0853	12.4223
13.086	12.5056
13.1035	12.5889
13.1048	12.6723
13.1057	12.7556
13.1064	12.8389
13.1072	12.9223
13.1083	13.0056
13.1089	13.0825
13.1096	13.1594
13.1103	13.2364
13.111	13.3133
13.1117	13.3902
13.1123	13.4671
13.1311	13.5441
13.132	13.621
13.133	13.6979
13.134	13.7748
13.135	13.8517
13.1368	13.9287
13.1375	14.0056
13.1389	14.077
13.1399	14.1484
13.1405	14.2199
13.141	14.2913
13.1413	14.3627
13.1416	14.4342
13.1574	14.5056
13.1593	14.577
13.1608	14.6484
13.1631	14.7199
13.1638	14.7913
13.1675	14.8627
13.1682	14.9342
13.1689	15.0056
13.1695	15.0723
13.1702	15.1389
13.1711	15.2056
13.1721	15.2723
13.1732	15.3389
13.1733	15.4056
13.1831	15.4723
13.1842	15.5389
13.1854	15.6056
13.1864	15.6723
13.1878	15.7389
13.1887	15.8056
13.1909	15.8723
13.1922	15.9389
13.1933	16.0056
13.1945	16.0681
13.1972	16.1306
13.1972	16.1931
13.1989	16.2556
13.1992	16.3181
13.1994	16.3806
13.2172	16.4431
13.2182	16.5056
13.2193	16.5681
13.2214	16.6306
13.2216	16.6931
13.2228	16.7556
13.224	16.8181
13.2262	16.8806
13.2274	16.9431
13.2287	17.0056
13.2297	17.0644
13.2319	17.1232
13.2333	17.1821
13.2349	17.2409
13.2361	17.2997
13.2368	17.3585
13.2538	17.4174
13.2545	17.4762
13.2553	17.535
13.2566	17.5938
13.2577	17.6526
13.2586	17.7115
13.2603	17.7703
13.2618	17.8291
13.2651	17.8879
13.2665	17.9468
13.2675	18.0056
13.2685	18.0611
13.2709	18.1167
13.2719	18.1723
13.2727	18.2278
13.2736	18.2834
13.2743	18.3389
13.2959	18.3945
13.2967	18.45
13.2972	18.5056
13.2982	18.5611
13.299	18.6167
13.3005	18.6723
13.3017	18.7278
13.3032	18.7834
13.3039	18.8389
13.3063	18.8945
13.3076	18.95
13.3087	19.0056
13.3097	19.0582
13.3115	19.1109
13.3122	19.1635
13.3128	19.2161
13.3135	19.2687
13.3143	19.3214
13.3357	19.374
13.3391	19.4266
13.3401	19.4793
13.3424	19.5319
13.3436	19.5845
13.3449	19.6372
13.3459	19.6898
13.3471	19.7424
13.3482	19.7951
13.3505	19.8477
13.3516	19.9003
13.3523	19.953
13.353	20.0056
13.354	20.0556
13.3547	20.1056
13.3555	20.1556
13.3562	20.2056
13.3568	20.2556
13.3577	20.3056
13.371	20.3556
13.3744	20.4056
13.3757	20.4556
13.3788	20.5056
13.3799	20.5556
13.3821	20.6056
13.3839	20.6556
13.3847	20.7056
13.3856	20.7556
13.3868	20.8056
13.3875	20.8556
13.3882	20.9056
13.3894	20.9556
13.3895	21.0056
13.3905	21.0532
13.3909	21.1008
13.3916	21.1484
13.3923	21.1961
13.393	21.2437
13.394	21.2913
13.4074	21.3389
13.4108	21.3865
13.4132	21.4342
13.4154	21.4818
13.418	21.5294
13.4193	21.577
13.4203	21.6246
13.4214	21.6723
13.4223	21.7199
13.4225	21.7675
13.4234	21.8151
13.4239	21.8627
13.4252	21.9104
13.4261	21.958
13.4266	22.0056
13.4293	22.051
13.4297	22.0965
13.4305	22.142
13.4314	22.1874
13.4323	22.2329
13.4337	22.2783
13.4427	22.3238
13.445	22.3692
13.4484	22.4147
13.4507	22.4601
13.4531	22.5056
13.4555	22.551
13.4565	22.5965
13.4578	22.642
13.4597	22.6874
13.4604	22.7329
13.461	22.7783
13.4617	22.8238
13.4638	22.8692
13.4643	22.9147
13.4652	22.9601
13.4657	23.0056
13.4666	23.0491
13.467	23.0925
13.4678	23.136
13.4684	23.1795
13.4696	23.223
13.4711	23.2665
13.4884	23.3099
13.4898	23.3534
13.4919	23.3969
13.4942	23.4404
13.4964	23.4839
13.5012	23.5273
13.5024	23.5708
13.5029	23.6143
13.504	23.6578
13.5047	23.7012
13.5054	23.7447
13.5061	23.7882
13.5069	23.8317
13.5077	23.8752
13.5083	23.9186
13.5092	23.9621
13.5096	24.0056
13.5106	24.0473
13.5113	24.0889
13.512	24.1306
13.5127	24.1723
13.5133	24.2139
13.514	24.2556
13.5294	24.2973
13.5305	24.3389
13.5328	24.3806
13.5354	24.4223
13.538	24.4639
13.5413	24.5056
13.5424	24.5473
13.5437	24.5889
13.5449	24.6306
13.5461	24.6723
13.5472	24.7139
13.5475	24.7556
13.5482	24.7973
13.5489	24.8389
13.5496	24.8806
13.5503	24.9223
13.551	24.9639
13.5516	25.0056
13.5552	25.0456
13.5559	25.0856
13.5567	25.1256
13.5574	25.1656
13.5581	25.2056
13.5587	25.2456
13.572	25.2856
13.5766	25.3256
13.58	25.3656
13.5811	25.4056
13.5845	25.4456
13.588	25.4856
13.5892	25.5256
13.5922	25.5656
13.5938	25.6056
13.5949	25.6456
13.5961	25.6856
13.5974	25.7256
13.598	25.7656
13.5987	25.8056
13.5995	25.8456
13.6001	25.8856
13.6007	25.9256
13.6014	25.9656
13.6021	26.0056
13.6029	26.0441
13.6036	26.0825
13.6044	26.121
13.6049	26.1594
13.6056	26.1979
13.6073	26.2364
13.6172	26.2748
13.6236	26.3133
13.6259	26.3517
13.6282	26.3902
13.6307	26.4287
13.6352	26.4671
13.6362	26.5056
13.6385	26.5441
13.6409	26.5825
13.6415	26.621
13.6426	26.6594
13.6437	26.6979
13.6449	26.7364
13.6457	26.7748
13.6463	26.8133
13.6472	26.8517
13.6484	26.8902
13.649	26.9287
13.6528	26.9671
13.6535	27.0056
13.6542	27.0426
13.6549	27.0797
13.6559	27.1167
13.6572	27.1537
13.6582	27.1908
13.6611	27.2278
13.6694	27.2648
13.675	27.3019
13.6791	27.3389
13.6811	27.376
13.6823	27.413
13.6841	27.45
13.685	27.4871
13.6858	27.5241
13.6871	27.5611
13.6875	27.5982
13.6883	27.6352
13.6891	27.6723
13.6911	27.7093
13.6919	27.7463
13.6926	27.7834
13.6932	27.8204
13.6943	27.8574
13.6955	27.8945
13.698	27.9315
13.6989	27.9686
13.7	28.0056
13.7013	28.0413
13.7029	28.077
13.7037	28.1127
13.7051	28.1484
13.7063	14.0742
13.7086	14.1457
13.7167	14.2171
13.7214	14.2885
13.7254	14.3599
13.7282	14.4314
13.7301	14.5028
13.7312	14.5742
13.7331	14.6457
13.7357	14.7171
13.7372	14.7885
13.7378	14.8599
13.7385	14.9314
13.7395	15.0028
13.7403	15.0695
13.7414	15.1361
13.7423	15.2028
13.7442	15.2695
13.7456	15.3361
13.7466	15.4028
13.7488	15.4695
13.75	15.5361
13.7512	15.6028
13.7523	15.6695
13.7534	15.7361
13.7542	15.8028
13.7552	15.8695
13.7571	15.9361
13.7839	16.0028
13.7864	16.0653
13.7874	16.1278
13.7896	16.1903
13.7907	16.2528
13.7919	16.3153
13.7931	16.3778
13.7942	16.4403
13.7955	16.5028
13.7962	16.5653
13.7973	16.6278
13.798	16.6903
13.8001	16.7528
13.8008	16.8153
13.8015	16.8778
13.8131	16.9403
13.8134	17.0028
13.8145	17.0616
13.8156	17.1204
13.8168	17.1793
13.8179	17.2381
13.8187	17.2969
13.8207	17.3557
13.8216	17.4146
13.8228	17.4734
13.8239	17.5322
13.825	17.591
13.8263	17.6499
13.8287	17.7087
13.8299	17.7675
13.8316	17.8263
13.8421	17.8851
13.8434	17.944
13.8444	18.0028
13.847	18.0584
13.8479	18.1139
13.849	18.1695
13.8502	18.225
13.8508	18.2806
13.8517	18.3361
13.8523	18.3917
13.853	18.4472
13.8536	18.5028
13.8543	18.5584
13.855	18.6139
13.8557	18.6695
13.8564	18.725
13.8571	18.7806
13.8631	9.39029
13.865	9.5014
13.8664	9.61251
13.8675	9.72362
13.8724	9.83473
13.8731	9.94584
13.8737	10.057
13.8745	10.157
13.8751	10.257
13.8758	10.357
13.8767	10.457
13.8772	10.557
13.8779	10.657
13.8785	10.757
13.8792	10.857
13.8799	10.957
13.8806	11.057
13.8813	11.1479
13.8926	11.2388
13.8932	11.3297
13.8949	11.4206
13.896	11.5115
13.8966	11.6024
13.8972	11.6933
13.8979	11.7842
13.899	11.8751
13.9	11.966
13.9007	12.057
13.9018	12.1403
13.9125	12.2236
13.9133	12.307
13.9142	12.3903
13.9154	12.4736
13.9165	12.557
13.9177	12.6403
13.9184	12.7236
13.9194	12.807
13.9202	12.8903
13.9212	12.9736
13.9221	13.057
13.9228	13.1339
13.9265	13.2108
13.9275	13.2877
13.9286	13.3646
13.9299	13.4416
13.931	13.5185
13.9317	13.5954
13.9331	13.6723
13.9338	13.7493
13.9346	13.8262
13.9353	13.9031
13.9361	13.98
13.9367	14.057
13.9404	14.1284
13.945	14.1998
13.9462	14.2712
13.9479	14.3427
13.9492	14.4141
13.9504	14.4855
13.951	14.557
13.9519	14.6284
13.9523	14.6998
13.9531	14.7712
13.9542	14.8427
13.9549	14.9141
13.9564	14.9855
13.9573	15.057
13.9577	15.1236
13.9662	15.1903
13.9668	15.257
13.9675	15.3236
13.9684	15.3903
13.9695	15.457
13.9722	15.5236
13.9728	15.5903
13.9735	15.657
13.9741	15.7236
13.9751	15.7903
13.9758	15.857
13.9765	15.9236
13.9772	15.9903
13.9779	16.057
13.9791	16.1195
13.9808	16.182
13.9831	16.2445
13.9843	16.307
13.9854	16.3695
13.9865	16.432
13.9883	16.4945
13.9894	16.557
13.9912	16.6195
13.9918	16.682
13.9929	16.7445
13.9936	16.807
13.9943	16.8695
13.995	16.932
13.9958	16.9945
13.997	17.057
13.9981	17.1158
13.9994	17.1746
14.0004	17.2334
14.0011	17.2922
14.0018	17.3511
14.0025	17.4099
14.0033	17.4687
14.0038	17.5275
14.0055	17.5864
14.0062	17.6452
14.0073	17.704
14.0079	17.7628
14.0086	17.8217
14.0093	17.8805
14.0101	17.9393
14.0112	17.9981
14.0119	18.057
14.013	18.1125
14.0147	18.1681
14.0158	18.2236
14.0166	18.2792
14.0173	18.3347
14.018	9.16737
14.0194	9.27848
14.0205	9.38959
14.0217	9.5007
14.0223	9.61181
14.0234	9.72292
14.024	9.83403
14.0247	9.94514
14.0254	10.0563
14.0262	10.1563
14.0274	10.2563
14.028	10.3563
14.0291	10.4563
14.0297	10.5563
14.0314	10.6563
14.0326	10.7563
14.0337	10.8563
14.0343	10.9563
14.0373	11.0563
14.0386	11.1472
14.0398	11.2381
14.0404	11.329
14.0415	11.4199
14.0422	11.5108
14.0438	11.6017
14.0454	11.6926
14.0466	11.7835
14.0473	11.8744
14.0495	11.9653
14.0506	12.0563
14.0518	12.1396
14.0529	12.2229
14.0536	12.3063
14.0546	12.3896
14.0563	12.4729
14.0572	12.5563
14.0586	12.6396
14.0604	12.7229
14.061	12.8063
14.0621	12.8896
14.0628	12.9729
14.0635	13.0563
14.0642	13.1332
14.0649	13.2101
14.0655	13.287
14.0662	13.3639
14.0669	13.4409
14.0676	13.5178
14.0704	13.5947
14.0733	13.6716
14.0744	13.7486
14.0756	13.8255
14.0762	13.9024
14.0769	13.9793
14.0777	14.0563
14.0783	14.1277
14.079	14.1991
14.0797	14.2705
14.0804	7.13527
14.0811	7.27813
14.0819	7.42098
14.0831	7.56384
14.086	7.7067
14.0871	7.84956
14.0883	7.99241
14.089	8.13527
14.0897	8.26027
14.0904	8.38527
14.0911	8.51027
14.0917	8.63527
14.0925	8.76027
14.0931	8.88527
14.099	9.01027
14.0997	9.12138
14.1003	9.23249
14.1011	9.3436
14.1021	9.45471
14.1028	9.56583
14.1037	9.67694
14.1044	9.78805
14.1094	9.89916
14.1106	10.0103
14.1112	10.1103
14.1123	10.2103
14.113	10.3103
14.1142	10.4103
14.1149	10.5103
14.1155	10.6103
14.1166	10.7103
14.12	10.8103
14.1205	10.9103
14.1212	11.0103
14.1218	11.1012
14.1226	11.1921
14.1232	11.283
14.1239	11.3739
14.1246	11.4648
14.1253	11.5557
14.1263	11.6466
14.1295	11.7375
14.1307	11.8285
14.1314	11.9194
14.1321	12.0103
14.1328	12.0936
14.1337	12.1769
14.1344	12.2603
14.135	12.3436
14.1357	12.4269
14.1365	12.5103
14.1371	6.25513
14.14	6.4218
14.1417	6.58847
14.1423	6.75513
14.1431	6.9218
14.1437	7.08847
14.1446	7.23133
14.1453	7.37418
14.1459	7.51704
14.1466	7.6599
14.1473	7.80275
14.148	7.94561
14.1526	8.08847
14.1536	8.21347
14.1543	8.33847
14.155	8.46347
14.1557	8.58847
14.1567	8.71347
14.1572	8.83847
14.1624	8.96347
14.1636	9.08847
14.1647	9.19958
14.1659	4.59979
14.1666	4.84979
14.1673	5.09979
14.168	5.29979
14.1692	5.49979
14.1732	5.69979
14.1749	5.89979
14.1755	6.09979
14.1766	6.26646
14.1783	6.43312
14.1818	6.59979
14.1834	6.76646
14.1846	6.93312
14.1862	7.09979
14.1875	7.24265
14.1894	7.3855
14.1923	7.52836
14.1946	7.67122
14.1957	7.81408
14.1974	7.95693
14.1986	8.09979
14.1992	8.22479
14.2011	8.34979
14.2032	8.47479
14.2039	8.59979
14.2046	8.72479
14.2054	8.84979
14.2066	8.97479
14.2072	9.09979
14.2083	9.2109
14.2098	9.32201
14.2121	9.43312
14.2135	9.54423
14.2142	9.65535
14.2151	9.76646
14.2163	4.88323
14.2192	5.13323
14.2203	5.33323
14.2215	5.53323
14.2221	5.73323
14.2243	5.93323
14.226	6.13323
14.2267	6.29989
14.2278	6.46656
14.2309	6.63323
14.2332	6.79989
14.2357	6.96656
14.2363	7.13323
14.2371	7.27609
14.2377	7.41894
14.2401	7.5618
14.2428	7.70466
14.2446	7.84751
14.2453	7.99037
14.2463	8.13323
14.2474	8.25823
14.2481	8.38323
14.2503	8.50823
14.2514	8.63323
14.2522	8.75823
14.2528	8.88323
14.2537	9.00823
14.2544	9.11934
14.2557	9.23045
14.2569	9.34156
14.2586	9.45267
14.2597	9.56378
14.2616	9.67489
14.2622	9.78601
14.263	9.89712
14.2637	10.0082
14.2643	10.1082
14.2651	10.2082
14.2673	10.3082
14.2696	10.4082
14.2708	10.5082
14.2719	10.6082
14.2731	10.7082
14.2738	10.8082
14.2745	10.9082
14.2752	11.0082
14.2761	11.0991
14.2768	11.19
14.2774	11.281
14.2783	11.3719
14.2795	11.4628
14.282	11.5537
14.2827	11.6446
14.2834	11.7355
14.2841	11.8264
14.2849	11.9173
14.2856	12.0082
14.2863	12.0916
14.2873	12.1749
14.2884	12.2582
14.2896	6.12911
14.2902	6.29578
14.2918	6.46245
14.2925	6.62911
14.2932	6.79578
14.2939	6.96245
14.2946	7.12911
14.2954	7.27197
14.296	7.41483
14.2967	7.55769
14.2976	7.70054
14.2987	7.8434
14.3018	7.98626
14.3025	8.12911
14.3035	8.25411
14.3042	8.37911
14.3052	8.50411
14.3059	8.62911
14.3071	8.75411
14.3098	8.87911
14.3109	9.00411
14.3128	9.11523
14.3135	9.22634
14.3142	9.33745
14.3149	9.44856
14.3156	9.55967
14.3165	9.67078
14.3186	9.78189
14.3203	9.893
14.3215	10.0041
14.3222	10.1041
14.3229	10.2041
14.3236	10.3041
14.3242	10.4041
14.3249	10.5041
14.3256	10.6041
14.3267	10.7041
14.3295	10.8041
14.3323	10.9041
14.333	11.0041
14.3337	11.095
14.3344	11.1859
14.3351	11.2768
14.3357	5.63842
14.3365	5.83842
14.3371	6.03842
14.3382	6.20509
14.3393	6.37175
14.341	6.53842
14.3417	6.70509
14.3424	6.87175
14.3431	7.03842
14.3437	7.18128
14.3446	7.32413
14.349	7.46699
14.3497	7.60985
14.3504	7.75271
14.3511	7.89556
14.3518	8.03842
14.3525	8.16342
14.3537	8.28842
14.3559	8.41342
14.3571	8.53842
14.3588	8.66342
14.3599	8.78842
14.361	8.91342
14.3618	9.03842
14.3624	9.14953
14.3634	9.26064
14.3651	9.37175
14.3658	9.48287
14.3664	9.59398
14.3674	9.70509
14.3686	9.8162
14.3693	9.92731
14.37	10.0384
14.371	10.1384
14.373	10.2384
14.3746	10.3384
14.3753	10.4384
14.376	10.5384
14.3771	10.6384
14.3783	10.7384
14.3789	10.8384
14.3798	10.9384
14.3811	11.0384
14.3822	11.1293
14.3832	11.2202
14.3839	11.3111
14.3846	11.4021
14.3862	11.493
14.3869	11.5839
14.3879	11.6748
14.3887	11.7657
14.3893	11.8566
14.3907	11.9475
14.3918	12.0384
14.393	12.1218
14.3942	12.2051
14.3949	12.2884
14.3958	12.3718
14.3973	12.4551
14.3978	12.5384
14.3987	12.6218
14.3993	12.7051
14.4006	12.7884
14.4016	12.8718
14.4027	12.9551
14.4034	13.0384
14.4044	13.1153
14.4062	13.1923
14.4069	13.2692
14.4076	13.3461
14.4092	13.423
14.4103	13.5
14.4109	13.5769
14.4117	13.6538
14.4126	13.7307
14.4141	13.8077
14.4154	13.8846
14.4162	13.9615
14.4171	14.0384
14.4178	14.1098
14.4194	14.1813
14.4209	14.2527
14.4216	14.3241
14.4235	14.3956
14.4244	14.467
14.4252	14.5384
14.4258	14.6098
14.4268	14.6813
14.4279	14.7527
14.4301	14.8241
14.4307	14.8956
14.4317	14.967
14.4324	15.0384
14.4331	15.1051
14.4341	15.1718
14.4357	15.2384
14.4368	15.3051
14.4386	15.3718
14.4397	15.4384
14.4404	15.5051
14.4411	15.5718
14.443	15.6384
14.4441	15.7051
14.4453	15.7718
14.446	15.8384
14.4476	15.9051
14.4483	15.9718
14.449	16.0384
14.45	16.1009
14.4511	16.1634
14.4523	16.2259
14.4551	16.2884
14.4569	16.3509
14.458	16.4134
14.4586	16.4759
14.4602	16.5384
14.4609	16.6009
14.4616	16.6634
14.4622	16.7259
14.4644	16.7884
14.4655	16.8509
14.4667	16.9134
14.4673	16.9759
14.4681	17.0384
14.4693	17.0972
14.47	17.1561
14.4715	17.2149
14.4742	17.2737
14.476	17.3325
14.477	17.3914
14.4777	17.4502
14.4784	17.509
14.4794	17.5678
14.4804	17.6267
14.4811	17.6855
14.4818	17.7443
14.4833	17.8031
14.484	17.862
14.4847	17.9208
14.4853	17.9796
14.4861	18.0384
14.4867	18.094
14.4874	18.1495
14.4881	18.2051
14.489	18.2606
14.4897	18.3162
14.4909	18.3718
14.4915	18.4273
14.4934	18.4829
14.4945	18.5384
14.4956	18.594
14.4964	18.6495
14.4971	18.7051
14.5001	18.7606
14.5007	18.8162
14.5014	18.8718
14.5021	18.9273
14.5028	18.9829
14.5035	19.0384
14.5042	19.0911
14.5049	19.1437
14.5056	19.1963
14.5066	19.2489
14.5075	19.3016
14.5082	19.3542
14.5089	19.4068
14.5104	19.4595
14.5116	19.5121
14.5129	19.5647
14.5136	19.6174
14.5142	19.67
14.5155	19.7226
14.5162	19.7753
14.5169	19.8279
14.5186	19.8805
14.52	19.9332
14.5207	19.9858
14.5214	20.0384
14.5221	20.0884
14.5227	20.1384
14.5235	20.1884
14.5244	20.2384
14.5251	20.2884
14.5258	20.3384
14.5268	20.3884
14.5284	20.4384
14.5295	20.4884
14.5314	20.5384
14.532	20.5884
14.5327	20.6384
14.5342	20.6884
14.5349	20.7384
14.5356	20.7884
14.5363	20.8384
14.537	20.8884
14.5377	20.9384
14.5384	20.9884
14.5394	21.0384
14.5401	21.086
14.5408	21.1337
14.5417	21.1813
14.5424	21.2289
14.5431	21.2765
14.544	21.3241
14.5451	21.3718
14.5463	21.4194
14.548	21.467
14.5492	21.5146
14.5498	21.5622
14.5505	21.6098
14.552	21.6575
14.5527	21.7051
14.5534	21.7527
14.5541	21.8003
14.5548	21.8479
14.5555	21.8956
14.5562	21.9432
14.5568	21.9908
14.5575	22.0384
14.5582	22.0839
14.5589	22.1293
14.5596	22.1748
14.5603	22.2202
14.5609	22.2657
14.5617	22.3111
14.5624	22.3566
14.563	22.4021
14.5637	22.4475
14.5647	22.493
14.5658	22.5384
14.5664	22.5839
14.5682	22.6293
14.5688	22.6748
14.5695	22.7202
14.5707	22.7657
14.5714	22.8111
14.5721	22.8566
14.5728	22.9021
14.5735	22.9475
14.5742	22.993
14.5749	23.0384
14.5755	23.0819
14.5762	23.1254
14.5769	23.1689
14.5776	23.2123
14.5783	23.2558
14.579	23.2993
14.5796	23.3428
14.5806	23.3862
14.5818	23.4297
14.583	23.4732
14.5842	23.5167
14.5849	23.5602
14.5867	23.6036
14.5873	23.6471
14.588	23.6906
14.5888	23.7341
14.5894	23.7776
14.5901	23.821
14.5908	23.8645
14.5915	23.908
14.5922	23.9515
14.5928	23.9949
14.5935	24.0384
14.5942	24.0801
14.5949	24.1218
14.5956	24.1634
14.5963	12.0817
14.597	12.165
14.5976	12.2484
14.5986	12.3317
14.5993	12.415
14.6011	12.4984
14.6017	12.5817
14.6029	12.665
14.604	12.7484
14.6057	12.8317
14.6065	12.915
14.6071	12.9984
14.6078	13.0817
14.6085	13.1586
14.6092	13.2356
14.6099	13.3125
14.6106	13.3894
14.6113	13.4663
14.6119	13.5432
14.6126	13.6202
14.6133	13.6971
14.614	13.774
14.6151	13.8509
14.6157	13.9279
14.6207	14.0048
14.6215	14.0762
14.6221	14.1476
14.6228	14.2191
14.6235	14.2905
14.6242	14.3619
14.6248	14.4334
14.6266	14.5048
14.6273	14.5762
14.6281	14.6476
14.6287	14.7191
14.6295	14.7905
14.6307	14.8619
14.6346	14.9334
14.6357	15.0048
14.6369	15.0715
14.6375	15.1381
14.6382	15.2048
14.6389	15.2715
14.6396	15.3381
14.6403	15.4048
14.6413	15.4715
14.6417	15.5381
14.6424	7.76906
14.6431	7.91192
14.6438	8.05477
14.6449	8.17977
14.6483	8.30477
14.6506	8.42977
14.6513	8.55477
14.6524	8.67977
14.653	8.80477
14.6537	8.92977
14.6544	9.05477
14.655	9.16589
14.6558	9.277
14.6565	9.38811
14.6572	9.49922
14.6638	9.61033
14.6649	9.72144
14.6656	9.83255
14.6663	9.94366
14.667	10.0548
14.668	10.1548
14.6687	10.2548
14.6694	10.3548
14.6707	10.4548
14.6758	10.5548
14.6771	10.6548
14.6781	10.7548
14.6793	10.8548
14.6807	10.9548
14.6818	11.0548
14.6824	11.1457
14.6835	11.2366
14.6842	11.3275
14.6852	11.4184
14.6904	11.5093
14.6926	11.6002
14.6937	11.6911
14.6955	11.782
14.6976	11.873
14.6983	11.9639
14.6989	12.0548
14.6997	12.1381
14.7004	12.2214
14.701	12.3048
14.7017	12.3881
14.7029	12.4714
14.7036	12.5548
14.7046	12.6381
14.7063	12.7214
14.7075	12.8048
14.7088	12.8881
14.7098	12.9714
14.7105	13.0548
14.7112	13.1317
14.7122	13.2086
14.7129	13.2855
14.7138	13.3625
14.7149	13.4394
14.7157	13.5163
14.7164	13.5932
14.7184	13.6702
14.7195	13.7471
14.7207	13.824
14.7224	13.9009
14.7231	13.9779
14.7238	14.0548
14.7247	14.1262
14.7254	14.1976
14.7267	7.09882
14.7276	7.24167
14.7283	7.38453
14.729	7.52739
14.7299	7.67024
14.7316	7.8131
14.7328	7.95596
14.7339	8.09882
14.7357	8.22382
14.7368	8.34882
14.738	8.47382
14.7387	8.59882
14.7396	8.72382
14.7403	8.84882
14.7448	8.97382
14.7455	9.09882
14.7476	9.20993
14.7488	9.32104
14.75	9.43215
14.7507	9.54326
14.7517	9.65437
14.7524	9.76548
14.7566	9.87659
14.7576	9.9877
14.7583	10.0988
14.7611	10.1988
14.7617	10.2988
14.7628	10.3988
14.7635	10.4988
14.7645	5.24941
14.7652	5.44941
14.769	5.64941
14.7701	5.84941
14.7708	6.04941
14.7719	6.21607
14.7749	6.38274
14.7759	6.54941
14.7766	6.71607
14.7777	6.88274
14.7822	7.04941
14.7829	7.19227
14.7856	7.33512
14.7868	7.47798
14.7879	7.62084
14.7896	7.76369
14.7936	7.90655
14.7947	8.04941
14.7958	8.17441
14.7976	8.29941
14.7993	4.1497
14.801	4.3997
14.8027	4.6497
14.806	4.8997
14.8074	5.1497
14.8085	5.3497
14.8096	5.5497
14.8119	5.7497
14.8194	5.9497
14.8205	6.1497
14.8212	6.31637
14.8222	6.48304
14.8245	6.6497
14.8314	6.81637
14.8325	6.98304
14.8337	7.1497
14.8348	7.29256
14.8359	7.43542
14.8383	7.57828
14.844	7.72113
14.846	7.86399
14.8472	8.00685
14.8483	8.13185
14.849	8.25685
14.8497	8.38185
14.8508	8.50685
14.8557	8.63185
14.8573	8.75685
14.858	8.88185
14.8591	9.00685
14.8598	9.11796
14.8604	9.22907
14.8611	9.34018
14.8618	9.45129
14.8663	9.5624
14.868	9.67351
14.8692	9.78462
14.8703	9.89574
14.8711	10.0068
14.8718	10.1068
14.8729	10.2068
14.8737	10.3068
14.8743	10.4068
14.875	10.5068
14.8768	10.6068
14.8782	10.7068
14.8794	10.8068
14.8802	10.9068
14.8808	11.0068
14.8817	11.0978
14.8825	11.1887
14.8834	11.2796
14.8846	11.3705
14.8857	11.4614
14.8868	11.5523
14.888	11.6432
14.8898	11.7341
14.8905	11.825
14.8911	11.9159
14.8918	5.95797
14.8929	6.15797
14.8937	6.32464
14.8949	6.4913
14.8956	6.65797
14.8971	6.82464
14.8983	6.9913
14.8995	7.15797
14.9012	7.30083
14.9019	7.44368
14.9025	7.58654
14.9058	7.7294
14.9077	7.87225
14.9086	8.01511
14.9098	8.14011
14.9109	8.26511
14.9116	8.39011
14.9123	8.51511
14.9155	8.64011
14.9162	8.76511
14.9175	8.89011
14.9184	9.01511
14.9197	9.12622
14.921	4.56311
14.9222	4.81311
14.9233	5.06311
14.9261	5.26311
14.9273	5.46311
14.9284	5.66311
14.9295	5.86311
14.9302	6.06311
14.9313	6.22978
14.9371	6.39644
14.9381	6.56311
14.9393	6.72978
14.9404	6.89644
14.9418	7.06311
14.9428	7.20597
14.9484	7.34883
14.9496	3.67441
14.9519	4.00775
14.953	4.25775
14.9542	4.50775
14.9549	4.75775
14.9559	5.00775
14.9601	5.20775
14.9645	5.40775
14.9656	5.60775
14.9669	5.80775
14.9679	6.00775
14.9709	6.17441
14.9753	6.34108
14.977	6.50775
14.9781	6.67441
14.9792	6.84108
14.981	7.00775
14.9833	7.1506
14.9877	7.29346
14.9886	7.43632
14.9893	7.57917
14.99	7.72203
14.9907	7.86489
14.9921	8.00775
14.9921	8.13275
14.9955	8.25775
14.9967	8.38275
14.9978	8.50775
14.9997	8.63275
15.0008	8.75775
15.002	8.88275
15.0031	9.00775
15.0047	9.11886
15.0065	9.22997
15.0078	9.34108
15.0088	9.45219
15.0108	9.5633
15.012	9.67441
15.0127	9.78552
15.0134	9.89664
15.0141	10.0077
15.0148	10.1077
15.0154	10.2077
15.0174	10.3077
15.0182	10.4077
15.02	10.5077
15.0211	10.6077
15.0222	10.7077
15.0229	10.8077
15.0236	10.9077
15.0243	11.0077
15.025	11.0987
15.0256	11.1896
15.0268	11.2805
15.0279	11.3714
15.0292	11.4623
15.0311	11.5532
15.0322	11.6441
15.0335	11.735
15.0342	11.8259
15.0348	11.9168
15.0359	12.0077
15.037	12.0911
15.0377	12.1744
15.0384	12.2577
15.0392	12.3411
15.0404	12.4244
15.0422	12.5077
15.0441	12.5911
15.0453	12.6744
15.0461	12.7577
15.0467	12.8411
15.0476	12.9244
15.0488	13.0077
15.0495	13.0847
15.0502	13.1616
15.0515	13.2385
15.0527	13.3154
15.0534	13.3924
15.055	13.4693
15.0568	13.5462
15.0585	13.6231
15.0592	13.7001
15.0599	13.777
15.0613	13.8539
15.062	13.9308
15.0627	14.0077
15.0646	14.0792
15.0652	14.1506
15.0663	14.222
15.067	14.2935
15.0681	14.3649
15.0687	14.4363
15.0705	14.5077
15.072	14.5792
15.0735	14.6506
15.0744	14.722
15.0763	14.7935
15.0768	14.8649
15.0775	14.9363
15.0785	15.0077
15.0793	15.0744
15.0799	15.1411
15.0812	15.2077
15.0819	15.2744
15.0831	15.3411
15.0838	15.4077
15.0855	15.4744
15.0866	15.5411
15.0881	15.6077
15.0884	15.6744
15.0924	15.7411
15.0936	15.8077
15.0947	15.8744
15.0958	15.9411
15.0965	16.0077
15.0973	16.0702
15.0982	16.1327
15.0989	16.1952
15.0996	16.2577
15.1004	16.3202
15.1011	16.3827
15.1032	16.4452
15.105	16.5077
15.1057	16.5702
15.1064	16.6327
15.1104	16.6952
15.1116	16.7577
15.1123	16.8202
15.1133	16.8827
15.114	16.9452
15.1147	17.0077
15.1159	17.0666
15.1165	17.1254
15.1173	17.1842
15.118	17.243
15.1192	17.3019
15.1203	17.3607
15.1216	17.4195
15.1233	17.4783
15.124	17.5372
15.1246	8.76858
15.1289	8.89358
15.13	9.01858
15.1311	9.12969
15.1322	9.2408
15.133	9.35191
15.1336	9.46302
15.1343	9.57413
15.1352	9.68525
15.1359	9.79636
15.1366	9.90747
15.1374	10.0186
15.1382	10.1186
15.1388	10.2186
15.1403	10.3186
15.142	10.4186
15.1432	10.5186
15.1499	10.6186
15.1506	10.7186
15.1512	10.8186
15.1521	10.9186
15.1528	11.0186
15.1535	11.1095
15.1544	11.2004
15.1555	11.2913
15.1573	11.3822
15.1584	11.4731
15.1641	11.564
15.1653	11.6549
15.1664	11.7459
15.1675	11.8368
15.1682	11.9277
15.1693	12.0186
15.1699	12.1019
15.171	12.1852
15.1724	12.2686
15.1735	12.3519
15.1747	12.4352
15.1804	12.5186
15.1818	12.6019
15.1847	12.6852
15.1848	12.7686
15.1854	12.8519
15.1864	12.9352
15.1871	13.0186
15.1878	13.0955
15.189	13.1724
15.1897	13.2493
15.191	13.3263
15.1922	13.4032
15.1968	13.4801
15.1985	13.557
15.2013	13.634
15.202	13.7109
15.2031	13.7878
15.2037	13.8647
15.2047	13.9417
15.2057	14.0186
15.2069	14.09
15.2076	14.1614
15.2086	14.2329
15.2097	14.3043
15.2118	14.3757
15.2127	14.4472
15.2133	14.5186
15.214	14.59
15.2147	14.6614
15.2154	14.7329
15.2171	14.8043
15.2178	14.8757
15.2184	14.9472
15.2191	15.0186
15.2198	15.0852
15.2205	15.1519
15.2212	15.2186
15.2219	15.2852
15.2227	15.3519
15.2233	15.4186
15.224	15.4852
15.2247	15.5519
15.2253	15.6186
15.2264	15.6852
15.2268	15.7519
15.2274	15.8186
15.2281	15.8852
15.2288	15.9519
15.2294	16.0186
15.2301	16.0811
15.2308	16.1436
15.2315	16.2061
15.2322	16.2686
15.2329	16.3311
15.2336	16.3936
15.2343	16.4561
15.2349	16.5186
15.2356	16.5811
15.2364	16.6436
15.2371	16.7061
15.2377	16.7686
15.2384	16.8311
15.239	16.8936
15.2397	16.9561
15.2407	17.0186
15.2411	17.0774
15.2418	17.1362
15.2425	17.195
15.2432	17.2539
15.2439	17.3127
15.2446	17.3715
15.2452	17.4303
15.2459	17.4892
15.2466	17.548
15.2479	17.6068
15.248	17.6656
15.2487	17.7245
15.2493	17.7833
15.2501	17.8421
15.2508	17.9009
15.2515	17.9598
15.2521	18.0186
15.2527	18.0741
15.2535	18.1297
15.2542	18.1852
15.2548	18.2408
15.2555	18.2964
15.2562	18.3519
15.2569	18.4075
15.258	18.463
15.2584	18.5186
15.2592	18.5741
15.2599	18.6297
15.2605	18.6852
15.2612	18.7408
15.2619	18.7964
15.2626	18.8519
15.2633	18.9075
15.264	18.963
15.2647	19.0186
15.2653	19.0712
15.2661	19.1238
15.2667	19.1765
15.2674	19.2291
15.2681	19.2817
15.2688	19.3344
15.2695	19.387
15.2703	19.4396
15.2709	19.4923
15.2716	19.5449
15.2727	19.5975
15.2734	19.6502
15.274	19.7028
15.2748	19.7554
15.2754	19.8081
15.2761	19.8607
15.2768	19.9133
15.2775	19.9659
15.2782	20.0186
15.2789	20.0686
15.2796	20.1186
15.2802	20.1686
15.281	20.2186
15.2816	20.2686
15.2823	20.3186
15.283	20.3686
15.2838	20.4186
15.2844	20.4686
15.285	20.5186
15.2858	20.5686
15.2864	20.6186
15.2871	20.6686
15.2879	20.7186
15.2885	20.7686
15.2892	20.8186
15.2899	20.8686
15.2906	20.9186
15.2912	20.9686
15.2919	21.0186
15.2927	21.0662
15.2933	21.1138
15.294	21.1614
15.2952	21.2091
15.2959	21.2567
15.2966	21.3043
15.2973	21.3519
15.298	21.3995
15.2987	21.4472
15.2993	21.4948
15.3001	21.5424
15.3007	21.59
15.3014	21.6376
15.3021	21.6852
15.3028	21.7329
15.3035	21.7805
15.3042	21.8281
15.3048	21.8757
15.3055	21.9233
15.3063	21.971
15.307	22.0186
15.3079	22.064
15.3095	22.1095
15.3102	22.1549
15.3109	22.2004
15.3116	22.2459
15.3123	22.2913
15.313	22.3368
15.3137	22.3822
15.3145	22.4277
15.315	22.4731
15.3157	22.5186
15.3164	22.564
15.3171	22.6095
15.3178	22.6549
15.3185	22.7004
15.3192	22.7459
15.3199	22.7913
15.3206	22.8368
15.3212	22.8822
15.3222	22.9277
15.3227	22.9731
15.3233	23.0186
15.324	23.0621
15.3246	23.1055
15.3254	23.149
15.326	23.1925
15.3267	23.236
15.3274	23.2794
15.3281	23.3229
15.3288	23.3664
15.3295	23.4099
15.3302	23.4534
15.3308	23.4968
15.3315	23.5403
15.3322	11.7702
15.3329	11.8611
15.3336	11.952
15.3342	12.0429
15.335	12.1262
15.3357	12.2096
15.3363	12.2929
15.337	12.3762
15.3377	12.4596
15.3384	12.5429
15.3391	12.6262
15.3398	12.7096
15.3405	12.7929
15.3411	12.8762
15.3418	12.9596
15.3425	13.0429
15.3445	13.1198
15.3451	13.1967
15.3458	13.2737
15.3465	13.3506
15.3472	13.4275
15.3479	13.5044
15.3486	13.5813
15.3493	13.6583
15.35	13.7352
15.3508	13.8121
15.3514	13.889
15.352	13.966
15.3528	14.0429
15.3535	14.1143
15.3541	14.1857
15.3548	14.2572
15.3555	14.3286
15.3562	14.4
15.3569	14.4715
15.3575	14.5429
15.3582	14.6143
15.3589	14.6857
15.3596	14.7572
15.3603	14.8286
15.3609	14.9
15.3616	14.9715
15.3623	15.0429
15.3645	15.1096
15.3645	15.1762
15.3646	15.2429
15.3651	15.3096
15.3666	15.3762
15.3667	15.4429
15.3671	15.5096
15.3678	15.5762
15.3685	15.6429
15.3692	15.7096
15.3699	15.7762
15.3706	15.8429
15.3712	15.9096
15.3719	15.9762
15.3726	16.0429
15.3733	16.1054
15.374	16.1679
15.3747	16.2304
15.3754	16.2929
15.3761	16.3554
15.3767	16.4179
15.3775	16.4804
15.3781	16.5429
15.3789	16.6054
15.3795	16.6679
15.3803	16.7304
15.3809	16.7929
15.3816	16.8554
15.3824	16.9179
15.3834	16.9804
15.3841	17.0429
15.3847	17.1017
15.3854	17.1605
15.3862	17.2194
15.3868	17.2782
15.3876	17.337
15.3882	17.3958
15.3889	17.4547
15.3897	17.5135
15.3903	17.5723
15.391	17.6311
15.3917	17.6899
15.3924	17.7488
15.393	17.8076
15.3937	17.8664
15.3944	17.9252
15.3951	17.9841
15.3962	18.0429
15.3968	18.0984
15.3975	18.154
15.3981	18.2096
15.3989	18.2651
15.3995	18.3207
15.4002	18.3762
15.4009	18.4318
15.4019	18.4873
15.4023	18.5429
15.403	18.5984
15.4037	18.654
15.4043	18.7096
15.405	18.7651
15.4057	18.8207
15.4064	18.8762
15.4071	18.9318
15.4078	18.9873
15.4085	19.0429
15.4091	19.0955
15.4098	19.1481
15.4105	19.2008
15.4112	19.2534
15.4119	19.306
15.4126	19.3587
15.4133	19.4113
15.414	19.4639
15.4146	19.5166
15.4154	19.5692
15.416	19.6218
15.4167	19.6745
15.4174	19.7271
15.4181	19.7797
15.4188	19.8324
15.4194	19.885
15.4201	19.9376
15.4208	19.9903
15.4215	20.0429
15.4222	20.0929
15.4229	20.1429
15.4236	20.1929
15.4245	20.2429
15.4249	20.2929
15.4256	20.3429
15.4263	20.3929
15.4275	20.4429
15.4277	20.4929
15.4284	20.5429
15.429	20.5929
15.4298	20.6429
15.4305	20.6929
15.4311	20.7429
15.4318	20.7929
15.4325	20.8429
15.4332	20.8929
15.4339	20.9429
15.4346	20.9929
15.4353	21.0429
15.436	21.0905
15.4366	21.1381
15.4373	21.1857
15.438	21.2334
15.4387	21.281
15.4394	21.3286
15.4401	21.3762
15.441	21.4238
15.4414	21.4715
15.4421	21.5191
15.4428	21.5667
15.4435	21.6143
15.4442	21.6619
15.4449	21.7096
15.4457	21.7572
15.4464	21.8048
15.4471	21.8524
15.4478	21.9
15.4489	21.9476
15.4491	21.9953
15.4498	22.0429
15.4505	22.0883
15.4512	22.1338
15.4519	22.1792
15.4526	22.2247
15.4532	22.2702
15.454	22.3156
15.4546	22.3611
15.4553	22.4065
15.456	22.452
15.4567	22.4974
15.4574	22.5429
15.4581	22.5883
15.4587	22.6338
15.4595	22.6792
15.4601	22.7247
15.4608	22.7702
15.4615	22.8156
15.4622	22.8611
15.4629	22.9065
15.4636	22.952
15.4643	22.9974
15.4649	23.0429
15.4656	23.0864
15.4663	23.1298
15.4671	23.1733
15.4677	23.2168
15.4684	23.2603
15.4691	23.3038
15.4697	23.3472
15.4704	23.3907
15.4711	23.4342
15.4719	23.4777
15.4727	23.5211
15.4733	23.5646
15.474	23.6081
15.4747	23.6516
15.4754	23.6951
15.4761	23.7385
15.4767	23.782
15.4774	23.8255
15.4781	23.869
15.4788	23.9125
15.4795	23.9559
15.4802	23.9994
15.4808	24.0429
15.4815	24.0846
15.4822	24.1262
15.4829	24.1679
15.4836	24.2096
15.4843	24.2512
15.485	24.2929
15.4857	24.3346
15.4864	24.3762
15.487	24.4179
15.4877	24.4596
15.4884	24.5012
15.4891	24.5429
15.4898	24.5846
15.4905	24.6262
15.4912	24.6679
15.4919	24.7096
15.4925	24.7512
15.4932	24.7929
15.4939	24.8346
15.4946	24.8762
15.4953	24.9179
15.496	24.9596
15.4967	25.0012
15.4974	25.0412
15.4981	25.0812
15.4987	25.1212
15.4994	25.1612
15.5001	25.2012
15.5008	12.6006
15.5015	12.6839
15.5021	12.7673
15.5028	12.8506
15.5036	12.9339
15.5042	13.0173
15.5049	13.0942
15.5056	13.1711
15.5063	13.248
15.507	13.325
15.5076	13.4019
15.5083	13.4788
15.509	13.5557
15.5097	13.6327
15.5104	13.7096
15.5111	13.7865
15.5118	13.8634
15.5125	13.9404
15.5132	14.0173
15.5139	14.0887
15.5146	14.1601
15.5152	14.2316
15.5159	14.303
15.5166	14.3744
15.5173	14.4458
15.518	14.5173
15.5187	14.5887
15.5194	14.6601
15.5201	14.7316
15.5208	14.803
15.5214	14.8744
15.5221	14.9458
15.5229	15.0173
15.5235	15.0839
15.5243	15.1506
15.5251	15.2173
15.5257	15.2839
15.5264	15.3506
15.5271	15.4173
15.5278	15.4839
15.5285	15.5506
15.5292	15.6173
15.5298	15.6839
15.5305	15.7506
15.5313	15.8173
15.5329	15.8839
15.5342	15.9506
15.5347	16.0173
15.5354	16.0798
15.5362	16.1423
15.5378	16.2048
15.5385	16.2673
15.5392	16.3298
15.5398	16.3923
15.5405	16.4548
15.5412	16.5173
15.5421	16.5798
15.5426	16.6423
15.5432	16.7048
15.544	16.7673
15.5446	16.8298
15.5454	16.8923
15.546	16.9548
15.5467	17.0173
15.5475	17.0761
15.5482	17.1349
15.5488	17.1937
15.5495	17.2526
15.5501	17.3114
15.5508	17.3702
15.5515	17.429
15.5523	17.4879
15.5529	17.5467
15.5536	17.6055
15.5543	17.6643
15.555	17.7232
15.5558	17.782
15.5563	17.8408
15.5571	17.8996
15.5577	17.9585
15.5584	18.0173
15.5591	18.0728
15.5597	18.1284
15.5605	18.1839
15.5611	18.2395
15.5618	18.2951
15.5631	18.3506
15.5638	18.4062
15.5645	18.4617
15.5654	18.5173
15.5658	18.5728
15.5668	18.6284
15.5673	18.6839
15.568	18.7395
15.5686	18.7951
15.5693	18.8506
15.5701	18.9062
15.5708	18.9617
15.5714	19.0173
15.5721	19.0699
15.5728	19.1225
15.5735	19.1752
15.5742	19.2278
15.5748	19.2804
15.5756	19.3331
15.5763	19.3857
15.5769	19.4383
15.5777	19.491
15.5783	19.5436
15.579	19.5962
15.5797	19.6489
15.5804	19.7015
15.5812	19.7541
15.5817	19.8068
15.5824	19.8594
15.5831	19.912
15.5838	19.9646
15.5845	20.0173
15.5852	20.0673
15.5858	20.1173
15.5866	20.1673
15.5872	20.2173
15.5879	20.2673
15.5886	20.3173
15.5893	20.3673
15.59	20.4173
15.5907	20.4673
15.5913	20.5173
15.592	20.5673
15.5927	20.6173
15.5934	20.6673
15.5941	20.7173
15.5948	20.7673
15.5956	20.8173
15.5962	20.8673
15.5968	20.9173
15.5987	20.9673
15.5995	21.0173
15.6001	21.0649
15.6008	21.1125
15.6014	21.1601
15.6022	21.2078
15.6028	21.2554
15.6035	21.303
15.6042	21.3506
15.6049	21.3982
15.6056	21.4458
15.6062	21.4935
15.607	21.5411
15.6077	21.5887
15.6083	21.6363
15.6091	21.6839
15.6098	21.7316
15.6104	21.7792
15.6111	21.8268
15.6118	21.8744
15.6125	21.922
15.6131	21.9697
15.6139	22.0173
15.6145	22.0627
15.6152	22.1082
15.6159	22.1536
15.6166	22.1991
15.6173	22.2445
15.618	22.29
15.6186	22.3355
15.6193	22.3809
15.62	22.4264
15.6207	22.4718
15.6214	22.5173
15.6221	22.5627
15.6227	22.6082
15.6234	22.6536
15.6241	22.6991
15.6248	22.7445
15.6255	22.79
15.6262	22.8355
15.6269	22.8809
15.6276	22.9264
15.6283	22.9718
15.629	23.0173
15.6296	23.0608
15.6307	23.1042
15.6319	23.1477
15.6326	23.1912
15.6332	23.2347
15.6339	23.2781
15.6346	23.3216
15.6353	23.3651
15.6359	23.4086
15.6369	23.4521
15.6373	23.4955
15.638	23.539
15.6387	23.5825
15.6396	23.626
15.6403	23.6695
15.641	23.7129
15.6417	23.7564
15.6424	23.7999
15.643	23.8434
15.6437	23.8868
15.6444	23.9303
15.6451	23.9738
15.6458	24.0173
15.6465	24.0589
15.6471	24.1006
15.6478	24.1423
15.6485	24.1839
15.6493	24.2256
15.6499	24.2673
15.6505	24.3089
15.6512	24.3506
15.6519	24.3923
15.6526	24.4339
15.6533	24.4756
15.654	24.5173
15.6547	24.5589
15.655	24.6006
