time	cwndsize
0.282075	11
0.289714	12
0.290957	13
0.29171	14
0.293185	15
0.296104	16
0.2982	17
0.298226	18
0.300798	19
0.302857	20
0.305199	21
0.311006	22
0.312425	23
0.313741	24
0.315248	25
0.315277	26
0.315298	27
0.318322	28
0.318363	29
0.322514	30
0.323267	31
0.323306	32
0.323341	33
0.323422	34
0.330649	35
0.330679	36
0.330697	37
0.330727	38
0.333002	39
0.334255	40
0.334339	41
0.341014	42
0.34922	43
0.34931	44
0.354578	45
0.354614	46
0.35463	47
0.354646	48
0.360409	49
0.360526	50
0.362461	51
0.36427	52
0.365364	53
0.365482	54
0.36555	55
0.365579	56
0.365597	57
0.370943	58
0.37101	59
0.371068	60
0.371135	61
0.371163	62
0.377187	63
0.378191	64
0.378273	65
0.382939	66
0.382972	67
0.38301	68
0.388383	69
0.388666	70
0.39318	71
0.393996	72
0.39404	73
0.394144	74
0.394258	75
0.39428	76
0.399845	77
0.39991	78
0.399934	79
0.399971	80
0.405161	81
0.405321	82
0.405353	83
0.410926	84
0.411068	85
0.416386	86
0.416766	87
0.416869	88
0.417042	89
0.421722	90
0.421779	91
0.4218	92
0.421837	93
0.427369	94
0.427516	95
0.427554	96
0.427571	97
0.427587	98
0.427606	99
0.432809	100
0.432856	101
0.432973	102
0.438851	103
0.438963	104
0.439006	105
0.439114	106
0.444045	107
0.444132	108
0.445724	109
0.445759	110
0.445787	111
0.445803	112
0.445822	113
0.449632	114
0.449671	115
0.455563	116
0.455603	117
0.45565	118
0.457342	119
0.457378	120
0.457396	121
0.457421	122
0.457451	123
0.466527	124
0.466575	125
0.466594	126
0.472013	127
0.472055	128
0.472081	129
0.47507	130
0.475132	131
0.475154	132
0.477654	133
0.477714	134
0.477816	135
0.477948	136
0.478035	137
0.478084	138
0.483262	139
0.488994	140
0.489085	141
0.489166	142
0.489236	143
0.48927	144
0.494548	145
0.494588	146
0.494607	147
0.494628	148
0.494665	149
0.498739	150
0.500295	151
0.500325	152
0.505761	153
0.505799	154
0.505819	155
0.505845	156
0.505863	157
0.505882	158
0.514835	159
0.517129	160
0.528152	161
0.528199	162
0.528225	81
0.534631	81.0123
0.53467	81.0247
0.534726	81.037
0.539111	81.0494
0.539233	81.0617
0.539265	81.0741
0.539279	81.0864
0.539371	81.0988
0.544955	81.1111
0.544986	81.1235
0.545003	81.1358
0.545054	81.1481
0.545069	81.1605
0.545141	81.1728
0.55074	81.1852
0.550767	81.1975
0.55078	81.2099
0.55082	81.2222
0.550836	81.2346
0.55087	81.2469
0.550886	81.2593
0.556096	81.2716
0.556198	81.284
0.55622	81.2963
0.556233	81.3086
0.556245	81.321
0.556256	81.3333
0.556267	81.3457
0.556278	81.358
0.562033	81.3704
0.562063	81.3827
0.562076	81.3951
0.567539	81.4074
0.567575	81.4198
0.567589	81.4321
0.567679	81.4444
0.56771	81.4568
0.567723	81.4691
0.573484	81.4815
0.573729	81.4938
0.573962	81.5062
0.578755	81.5185
0.57878	81.5309
0.578794	81.5432
0.578809	81.5556
0.578821	81.5679
0.578837	81.5802
0.584331	81.5926
0.584359	81.6049
0.584372	81.6173
0.584383	81.6296
0.58442	81.642
0.584467	81.6543
0.584492	81.6667
0.59044	81.679
0.590798	81.6914
0.590868	81.7037
0.596291	81.716
0.596318	81.7284
0.59633	81.7407
0.596342	81.7531
0.596353	81.7654
0.596364	81.7778
0.602132	81.7901
0.602158	81.8025
0.60217	81.8148
0.602181	81.8272
0.602192	81.8395
0.602217	81.8519
0.607894	81.8642
0.607924	81.8765
0.607935	81.8889
0.607947	81.9012
0.613396	81.9136
0.613422	81.9259
0.613434	81.9383
0.613445	81.9506
0.613457	81.963
0.613513	81.9753
0.620199	81.9877
0.626445	82
0.62648	82.0123
0.626498	82.0245
0.626511	82.0367
0.626662	82.0489
0.63229	82.0611
0.632319	82.0733
0.632334	82.0855
0.632347	82.0977
0.63236	82.1099
0.632432	82.1221
0.632464	82.1343
0.63977	82.1465
0.646188	82.1587
0.646224	82.1709
0.646239	82.1831
0.646251	82.1953
0.646328	82.2075
0.646479	82.2197
0.646579	82.2319
0.656966	82.2441
0.657058	82.2562
0.657104	82.2684
0.657148	82.2806
0.657193	82.2928
0.65732	82.305
0.657354	82.3172
0.657375	82.3294
0.668558	82.3416
0.668598	82.3538
0.668614	82.366
0.668628	82.3782
0.66864	82.3904
0.668653	82.4026
0.668673	82.4148
0.674848	82.427
0.674977	82.4392
0.680596	82.4514
0.6808	82.4636
0.680836	82.4758
0.680866	82.488
0.686268	82.5002
0.6863	82.5123
0.686316	82.5245
0.686329	82.5367
0.686341	82.5489
0.692547	82.5611
0.69398	82.5733
0.69405	82.5855
0.698466	82.5977
0.698511	82.6099
0.69853	82.6221
0.698543	82.6343
0.698557	82.6465
0.703814	82.6587
0.709539	82.6709
0.709574	82.6831
0.709589	82.6953
0.709602	82.7075
0.709615	82.7197
0.709627	82.7319
0.709639	82.7441
0.715096	82.7562
0.715153	82.7684
0.720784	82.7806
0.720815	82.7928
0.720829	82.805
0.720842	82.8172
0.720895	82.8294
0.720921	82.8416
0.726879	82.8538
0.726925	82.866
0.726944	82.8782
0.732948	82.8904
0.732982	82.9026
0.738955	82.9148
0.738987	82.927
0.739002	82.9392
0.739216	82.9514
0.74409	82.9636
0.744149	82.9758
0.807298	82.988
0.812898	83.0002
0.813004	83.0122
0.813088	83.0242
0.818251	83.0363
0.818409	83.0483
0.818432	83.0604
0.818447	83.0724
0.81846	83.0845
0.81849	83.0965
0.824365	83.1086
0.824397	83.1206
0.829644	83.1327
0.840821	83.1447
0.840866	83.1568
0.840884	83.1688
0.840992	83.1809
0.84102	83.1929
0.846549	83.205
0.846723	41.6025
0.852222	41.6269
0.852246	41.6513
0.852256	41.6757
0.858419	41.7
0.858446	41.7244
0.858457	41.7488
0.858518	41.7732
0.858541	41.7976
0.858553	41.822
0.863819	41.8464
0.863876	41.8708
0.863891	41.8952
0.863936	41.9196
0.863964	41.9439
0.869704	41.9683
0.869774	41.9927
0.875293	42.0171
0.875317	42.0409
0.87533	42.0647
0.87534	42.0885
0.875351	42.1124
0.875408	42.1362
0.875432	42.16
0.875444	42.1838
0.880415	42.2076
0.880436	42.2314
0.88051	42.2552
0.886303	42.279
0.886315	42.3028
0.886326	42.3266
0.891618	42.3505
0.891639	42.3743
0.89165	42.3981
0.891667	42.4219
0.891719	42.4457
0.891743	42.4695
0.891754	42.4933
0.891765	42.5171
0.897654	42.5409
0.897677	42.5647
0.897698	42.5885
0.903733	42.6124
0.903758	42.6362
0.903772	42.66
0.903784	42.6838
0.903795	42.7076
0.90879	42.7314
0.908928	42.7552
0.908976	42.779
0.908994	42.8028
0.914317	42.8266
0.914349	42.8505
0.914364	42.8743
0.914383	42.8981
0.914441	42.9219
0.925537	42.9457
0.925565	42.9695
0.925579	42.9933
0.925628	43.0171
0.925663	43.0404
0.930968	43.0636
0.952925	43.0869
0.981007	43.1101
0.981043	43.1334
0.981059	43.1567
0.981071	43.1799
0.981082	43.2032
0.985699	43.2264
0.985746	43.2497
0.985764	43.2729
0.985776	43.2962
0.985787	43.3194
0.985798	43.3427
0.985808	43.366
0.996706	43.3892
1.00226	43.4125
1.0023	43.4357
1.00232	43.459
1.00233	43.4822
1.00234	43.5055
1.01273	43.5287
1.04644	43.552
1.04649	43.5753
1.05204	43.5985
1.05208	43.6218
1.0521	43.645
1.05726	43.6683
1.0574	43.6915
1.06848	43.7148
1.06851	43.738
1.06852	43.7613
1.06854	43.7846
1.07412	21.8923
1.07448	21.9399
1.07952	21.9875
1.07954	22.0351
1.07955	22.0806
1.07956	22.126
1.07957	22.1715
1.07958	22.217
1.0796	22.2624
1.08479	22.3079
1.09044	22.3533
1.11855	22.3988
1.1298	22.4442
1.15725	22.4897
1.15748	22.5351
1.16269	22.5806
1.16271	22.626
1.16272	22.6715
1.16273	22.717
1.16281	22.7624
1.16835	22.8079
1.16837	22.8533
1.16839	22.8988
1.16843	22.9442
1.16845	22.9897
1.18519	23.0351
1.1852	23.0786
1.18522	23.1221
1.1853	23.1656
1.18532	23.2091
1.18536	23.2525
1.19068	23.296
1.19071	23.3395
1.19073	23.383
1.19074	23.4264
1.19079	23.4699
1.1909	23.5134
1.20176	23.5569
1.20184	23.6004
1.20189	23.6438
1.2019	23.6873
1.26229	23.7308
1.26775	23.7743
1.26778	23.8177
1.26779	23.8612
1.26792	23.9047
1.28438	23.9482
1.28441	23.9917
1.2845	24.0351
1.28453	24.0768
1.28456	24.1185
1.28457	24.1601
1.28971	24.2018
1.28973	24.2435
1.28979	24.2851
1.28982	24.3268
1.28983	24.3685
1.29526	24.4101
1.29528	24.4518
1.29533	24.4935
1.30632	24.5351
1.30637	24.5768
1.30638	24.6185
1.31747	24.6601
1.33371	24.7018
1.33373	24.7435
1.33375	24.7851
1.33379	24.8268
1.33383	24.8685
1.36102	24.9101
1.36105	24.9518
1.36646	24.9935
1.36649	25.0351
1.3665	25.0751
1.36652	25.1151
1.36658	25.1551
1.3721	25.1951
1.37221	25.2351
1.37223	25.2751
1.37233	25.3151
1.37235	12.6576
1.37239	12.7409
1.37247	12.8242
1.37742	12.9076
1.37745	12.9909
1.37746	13.0742
1.37747	13.1512
1.38339	13.2281
1.3884	13.305
1.38841	13.3819
1.38847	13.4589
1.38848	13.5358
1.39951	13.6127
1.4219	13.6896
1.42194	13.7665
1.4275	13.8435
1.42754	13.9204
1.4276	13.9973
1.42763	14.0742
1.43329	14.1457
1.43332	14.2171
1.44475	14.2885
1.44477	14.3599
1.44485	14.4314
1.4451	14.5028
1.45672	14.5742
1.47931	14.6457
1.47941	14.7171
1.47961	14.7885
1.47968	14.8599
1.48496	14.9314
1.48508	15.0028
1.4851	15.0695
1.48511	15.1361
1.48512	15.2028
1.49085	15.2695
1.49089	15.3361
1.4963	15.4028
1.49643	15.4695
1.50792	15.5361
1.51987	15.6028
1.52045	15.6695
1.52118	15.7361
1.52191	15.8028
1.52194	15.8695
1.52375	15.9361
1.52563	16.0028
1.52912	16.0653
1.532	16.1278
1.53204	16.1903
1.5333	16.2528
1.53969	16.3153
1.54252	16.3778
1.55823	16.4403
1.55825	16.5028
1.55831	16.5653
1.56265	16.6278
1.56268	16.6903
1.56269	16.7528
1.56636	16.8153
1.56638	16.8778
1.5664	16.9403
1.56644	17.0028
1.57419	17.0616
1.57421	17.1205
1.57422	17.1793
1.57432	17.2381
1.57435	17.2969
1.57778	17.3557
1.58474	17.4146
1.58538	17.4734
1.58613	17.5322
1.5869	17.591
1.58756	17.6499
1.58833	17.7087
1.60531	17.7675
1.60605	17.8263
1.60608	17.8852
1.60609	17.944
1.60815	18.0028
1.60821	18.0584
1.61031	18.1139
1.61381	18.1695
1.61384	18.225
1.61387	18.2806
1.6311	18.3361
1.63128	18.3917
1.6353	18.4473
1.63533	18.5028
1.63534	18.5584
1.6354	18.6139
1.63943	18.6695
1.63945	18.725
1.64094	18.7806
1.64095	18.8361
1.64107	18.8917
1.64114	18.9473
1.64513	19.0028
1.64574	19.0554
1.66016	19.1081
1.66095	19.1607
1.6616	19.2133
1.66239	19.266
1.66721	19.3186
1.66853	19.3712
1.66857	19.4239
1.67361	19.4765
1.67625	19.5291
1.67691	19.5818
1.67855	19.6344
1.67865	19.687
1.68051	19.7396
1.68121	19.7923
1.68194	19.8449
1.68268	19.8975
1.6827	19.9502
1.68273	20.0028
1.68474	20.0528
1.68888	20.1028
1.69031	20.1528
1.69171	20.2028
1.69175	20.2528
1.69309	20.3028
1.69592	20.3528
1.69596	20.4028
1.70642	20.4528
1.70721	20.5028
1.71273	20.5528
1.71427	20.6028
1.71568	20.6528
1.72899	20.7028
1.73126	20.7528
1.73132	20.8028
1.73339	20.8528
1.7334	20.9028
1.73342	20.9528
1.73688	21.0028
1.74058	21.0504
1.74061	21.098
1.74062	21.1457
1.74065	21.1933
1.74071	21.2409
1.74073	21.2885
1.74075	21.3361
1.74644	21.3838
1.74995	21.4314
1.74999	21.479
1.75001	21.5266
1.75297	21.5742
1.75345	21.6219
1.75587	21.6695
1.75882	21.7171
1.75954	21.7647
1.76362	21.8123
1.7645	21.8599
1.7651	21.9076
1.76652	21.9552
1.76656	22.0028
1.76863	22.0483
1.76866	22.0937
1.76868	22.1392
1.77072	22.1846
1.77311	22.2301
1.77768	22.2755
1.77771	22.321
1.7808	22.3664
1.78082	22.4119
1.78089	22.4574
1.78093	22.5028
1.7884	22.5483
1.79849	22.5937
1.80209	22.6392
1.80211	22.6846
1.80212	22.7301
1.80425	22.7755
1.80428	22.821
1.80429	22.8664
1.80434	22.9119
1.80437	22.9574
1.8122	23.0028
1.81222	23.0463
1.81223	23.0898
1.81224	23.1332
1.81568	23.1767
1.8158	23.2202
1.81582	23.2637
1.81586	23.3072
1.81588	23.3506
1.82073	23.3941
1.82077	23.4376
1.82589	23.4811
1.82625	23.5245
1.82934	23.568
1.82937	23.6115
1.82938	23.655
1.83208	23.6985
1.83759	23.7419
1.83833	23.7854
1.83989	23.8289
1.84277	23.8724
1.84333	23.9159
1.85486	23.9593
1.85561	24.0028
1.86204	24.0445
1.86255	24.0861
1.86263	24.1278
1.8641	24.1695
1.86412	24.2111
1.86426	24.2528
1.87034	24.2945
1.87177	24.3361
1.8718	24.3778
1.87182	24.4195
1.87183	24.4611
1.87184	24.5028
1.87191	24.5445
1.87193	24.5861
1.87195	24.6278
1.8804	24.6695
1.88174	24.7111
1.88177	24.7528
1.88178	24.7945
1.88386	24.8361
1.88419	24.8778
1.88422	24.9195
1.88429	24.9611
1.88822	25.0028
1.88827	25.0428
1.8896	25.0828
1.88962	25.1228
1.88963	25.1628
1.88964	25.2028
1.89371	25.2428
1.90022	25.2828
1.90032	25.3228
1.90038	25.3628
1.90313	25.4028
1.90364	25.4428
1.90439	25.4828
1.90443	25.5228
1.9058	25.5628
1.90996	25.6028
1.91	25.6428
1.91145	25.6828
1.9115	25.7228
1.91295	25.7628
1.91302	25.8028
1.91304	25.8428
1.91505	25.8828
1.91636	25.9228
1.91923	25.9628
1.91994	26.0028
1.9206	26.0413
1.92132	26.0797
1.92206	26.1182
1.92278	26.1567
1.92857	26.1951
1.92861	26.2336
1.92969	26.272
1.92973	26.3105
1.9305	26.349
1.93053	26.3874
1.93259	26.4259
1.93262	26.4643
1.93263	26.5028
1.93264	26.5413
1.93265	26.5797
1.93276	26.6182
1.93977	26.6567
1.9398	26.6951
1.93981	26.7336
1.93985	26.772
1.94356	26.8105
1.9561	26.849
1.95619	26.8874
1.95627	26.9259
1.95636	26.9643
1.95643	27.0028
1.95652	27.0398
1.96589	27.0769
1.96592	27.1139
1.96593	27.151
1.96595	27.188
1.96596	27.225
1.97672	27.2621
1.97674	27.2991
1.97682	27.3361
1.97691	27.3732
1.97943	27.4102
1.97953	27.4473
1.97957	27.4843
1.97961	27.5213
1.97967	27.5584
1.97971	27.5954
1.98482	27.6324
1.98485	27.6695
1.98486	27.7065
1.98805	27.7435
1.98936	27.7806
1.99135	27.8176
1.99137	27.8547
1.99139	27.8917
1.99422	27.9287
1.99428	27.9658
1.99433	28.0028
1.99437	28.0385
1.99443	28.0742
1.99922	28.1099
1.99924	28.1457
1.99932	28.1814
1.99945	28.2171
2.00775	28.2528
2.0078	28.2885
2.0119	28.3242
2.01193	28.3599
2.01194	28.3957
2.01195	28.4314
2.01196	28.4671
2.01204	28.5028
2.01207	28.5385
2.01209	28.5742
2.01734	28.6099
2.01821	28.6457
2.01837	28.6814
2.01838	28.7171
2.01843	28.7528
2.02364	28.7885
2.02366	28.8242
2.02368	28.8599
2.02372	28.8957
2.02375	28.9314
2.0238	28.9671
2.02382	29.0028
2.02384	29.0373
2.02918	29.0718
2.02923	29.1063
2.03231	29.1407
2.03241	29.1752
2.03431	29.2097
2.03641	29.2442
2.03644	29.2787
2.03645	29.3132
2.03646	29.3476
2.03654	29.3821
2.03658	29.4166
2.04131	29.4511
2.04564	29.4856
2.04567	29.52
2.04983	29.5545
2.04985	29.589
2.04998	29.6235
2.05477	29.658
2.05481	29.6925
2.0562	29.7269
2.05622	29.7614
2.05624	29.7959
2.05625	29.8304
2.0563	29.8649
2.05638	29.8994
2.0564	29.9338
2.06174	29.9683
2.06177	30.0028
2.06191	30.0361
2.06193	30.0695
2.06677	30.1028
2.07535	30.1361
2.07543	30.1695
2.07555	30.2028
2.07561	30.2361
2.07567	30.2695
2.08068	30.3028
2.0807	30.3361
2.08072	30.3695
2.08073	30.4028
2.08074	30.4361
2.08374	30.4695
2.08377	30.5028
2.08576	30.5361
2.09121	30.5695
2.09208	30.6028
2.09755	30.6361
2.09758	30.6695
2.09759	30.7028
2.09766	30.7361
2.09769	30.7695
2.0977	30.8028
2.09773	30.8361
2.1031	30.8695
2.10318	30.9028
2.10327	30.9361
2.10356	30.9695
2.1036	31.0028
2.10848	31.0351
2.10875	31.0673
2.11391	31.0996
2.11976	31.1318
2.11984	31.1641
2.11992	31.1964
2.11998	31.2286
2.12011	31.2609
2.12444	31.2931
2.12447	31.3254
2.12448	31.3576
2.12449	31.3899
2.1294	31.4222
2.13998	31.4544
2.14034	31.4867
2.14036	31.5189
2.1449	31.5512
2.14493	31.5835
2.14494	31.6157
2.14495	31.648
2.14496	31.6802
2.14503	31.7125
2.14979	31.7447
2.14982	31.777
2.15122	31.8093
2.15125	31.8415
2.15126	31.8738
2.15127	31.906
2.15128	31.9383
2.15134	31.9705
2.15758	32.0028
2.15763	32.0341
2.15834	32.0653
2.15839	32.0966
2.1603	32.1278
2.16468	32.1591
2.1647	32.1903
2.16475	32.2216
2.16477	32.2528
2.16483	32.2841
2.16951	32.3153
2.16962	32.3466
2.16968	32.3778
2.1774	32.4091
2.18379	32.4403
2.18382	32.4716
2.18383	32.5028
2.18384	32.5341
2.18386	32.5653
2.18706	32.5966
2.18727	32.6278
2.19259	32.6591
2.19267	32.6903
2.19275	32.7216
2.19282	32.7528
2.19288	32.7841
2.19298	32.8153
2.19687	32.8466
2.2024	32.8778
2.20244	32.9091
2.20245	32.9403
2.20845	32.9716
2.21349	33.0028
2.21353	33.0331
2.21356	33.0634
2.21359	33.0937
2.21361	33.124
2.21362	33.1543
2.21887	33.1846
2.2189	33.2149
2.21891	33.2452
2.219	33.2755
2.22432	33.3058
2.22434	33.3361
2.22436	33.3664
2.23551	33.3967
2.23558	33.427
2.23568	33.4574
2.2358	33.4877
2.23585	33.518
2.23587	33.5483
2.23588	33.5786
2.24097	33.6089
2.24107	33.6392
2.24109	33.6695
2.24635	33.6998
2.24637	33.7301
2.24639	33.7604
2.2464	33.7907
2.24641	33.821
2.24642	33.8513
2.24661	33.8816
2.25248	33.9119
2.25752	33.9422
2.2628	33.9725
2.26282	34.0028
2.26284	34.0322
2.26285	34.0616
2.26293	34.091
2.26295	34.1205
2.26302	34.1499
2.26869	34.1793
2.26871	34.2087
2.26872	34.2381
2.26885	34.2675
2.26887	34.2969
2.27483	34.3263
2.27487	34.3557
2.28024	34.3852
2.28026	34.4146
2.28028	34.444
2.28029	34.4734
2.28032	34.5028
2.28038	34.5322
2.28588	34.5616
2.28881	34.591
2.28883	34.6205
2.28889	34.6499
2.29433	34.6793
2.29436	34.7087
2.29441	34.7381
2.29446	34.7675
2.29452	34.7969
2.29458	34.8263
2.29963	34.8557
2.29978	34.8852
2.30369	34.9146
2.30494	34.944
2.30496	34.9734
2.30499	35.0028
2.30501	35.0314
2.30507	35.0599
2.30509	35.0885
2.30511	35.1171
2.30512	35.1457
2.31043	35.1742
2.31046	35.2028
2.31049	35.2314
2.3105	35.2599
2.31329	35.2885
2.32319	35.3171
2.3239	35.3457
2.32394	35.3742
2.32396	35.4028
2.32599	35.4314
2.3267	35.4599
2.33029	35.4885
2.33309	35.5171
2.33312	35.5457
2.33313	35.5742
2.33314	35.6028
2.33316	35.6314
2.33322	35.6599
2.33743	35.6885
2.33825	35.7171
2.34241	35.7457
2.34243	35.7742
2.34574	35.8028
2.34581	35.8314
2.34585	35.8599
2.3459	35.8885
2.3507	35.9171
2.35079	35.9457
2.35081	35.9742
2.35085	36.0028
2.3509	36.0306
2.35092	36.0584
2.35633	36.0861
2.35784	36.1139
2.3579	36.1417
2.35792	36.1695
2.35796	36.1973
2.36335	36.225
2.36338	36.2528
2.36353	36.2806
2.36953	36.3084
2.3745	36.3361
2.37453	36.3639
2.37847	36.3917
2.37854	36.4195
2.38401	36.4473
2.38403	36.475
2.38405	36.5028
2.38409	36.5306
2.38416	36.5584
2.38422	36.5861
2.38426	36.6139
2.38998	36.6417
2.394	36.6695
2.39407	36.6973
2.39962	36.725
2.3997	36.7528
2.39973	36.7806
2.39977	36.8084
2.39982	36.8361
2.40519	36.8639
2.4053	36.8917
2.40532	36.9195
2.4054	36.9473
2.40558	36.975
2.40571	37.0028
2.40575	37.0298
2.41045	37.0569
2.41048	37.0839
2.41049	37.1109
2.41052	37.1379
2.4106	37.165
2.41065	37.192
2.41066	37.219
2.41621	37.2461
2.41652	37.2731
2.4273	37.3001
2.42733	37.3271
2.42734	37.3542
2.42738	37.3812
2.43357	37.4082
2.43359	37.4352
2.43361	37.4623
2.43362	37.4893
2.43363	37.5163
2.43844	37.5433
2.43846	37.5704
2.43848	37.5974
2.44435	37.6244
2.44443	37.6515
2.44452	37.6785
2.44459	37.7055
2.44467	37.7325
2.44479	37.7596
2.44945	37.7866
2.45493	37.8136
2.46064	37.8406
2.46078	37.8677
2.46096	37.8947
2.46102	37.9217
2.46109	37.9488
2.46592	37.9758
2.46595	38.0028
2.46599	38.0291
2.46605	38.0554
2.4661	38.0818
2.4713	38.1081
2.47147	38.1344
2.47152	38.1607
2.47156	38.187
2.47707	38.2133
2.47712	38.2396
2.4772	38.266
2.47744	38.2923
2.4775	38.3186
2.48232	38.3449
2.48234	38.3712
2.48236	38.3975
2.48237	38.4239
2.48238	38.4502
2.48244	38.4765
2.48247	38.5028
2.48249	38.5291
2.48804	38.5554
2.48806	38.5818
2.49358	38.6081
2.49875	38.6344
2.5042	38.6607
2.50423	38.687
2.50424	38.7133
2.50426	38.7396
2.50431	38.766
2.50974	38.7923
2.51552	38.8186
2.51577	38.8449
2.52079	38.8712
2.52086	38.8975
2.52652	38.9239
2.52655	38.9502
2.52667	38.9765
2.52674	39.0028
2.52683	39.0284
2.52693	39.0541
2.53179	39.0797
2.53181	39.1054
2.53182	39.131
2.53183	39.1567
2.5319	39.1823
2.53194	39.2079
2.53196	39.2336
2.5376	39.2592
2.53763	39.2849
2.53764	39.3105
2.54293	39.3361
2.54808	39.3618
2.5481	39.3874
2.54811	39.4131
2.54819	39.4387
2.54822	39.4643
2.54824	39.49
2.55379	39.5156
2.55866	39.5413
2.55869	39.5669
2.5587	39.5926
2.55875	39.6182
2.55876	39.6438
2.55878	39.6695
2.55879	39.6951
2.56952	39.7208
2.56974	39.7464
2.57501	39.772
2.57651	39.7977
2.57653	39.8233
2.57655	39.849
2.57669	39.8746
2.57673	39.9002
2.58205	39.9259
2.58207	39.9515
2.5821	39.9772
2.58211	40.0028
2.59332	40.0278
2.59335	40.0528
2.59867	40.0778
2.59873	40.1028
2.59876	40.1278
2.59889	40.1528
2.59898	40.1778
2.59905	40.2028
2.59914	40.2278
2.60424	40.2528
2.60427	40.2778
2.60434	40.3028
2.60442	40.3278
2.60466	40.3528
2.60951	40.3778
2.60953	40.4028
2.60955	40.4278
2.60956	40.4528
2.60974	40.4778
2.61523	40.5028
2.62082	40.5278
2.62087	40.5528
2.6209	40.5778
2.62093	40.6028
2.62096	40.6278
2.62098	40.6528
2.62599	40.6778
2.62602	40.7028
2.62603	40.7278
2.6316	40.7528
2.63177	40.7778
2.63185	40.8028
2.63188	40.8278
2.63189	40.8528
2.63693	40.8778
2.63698	40.9028
2.63701	40.9278
2.63704	40.9528
2.63707	40.9778
2.64295	41.0028
2.64301	41.0272
2.64304	41.0516
2.65338	41.076
2.65341	41.1004
2.65894	41.1248
2.65897	41.1491
2.65904	41.1735
2.65907	41.1979
2.65909	41.2223
2.66436	41.2467
2.66439	41.2711
2.66446	41.2955
2.66473	41.3199
2.6648	41.3443
2.67582	41.3687
2.68092	41.3931
2.68107	41.4174
2.6811	41.4418
2.68115	41.4662
2.6864	41.4906
2.68643	41.515
2.68645	41.5394
2.68646	41.5638
2.68648	41.5882
2.68649	41.6126
2.69223	41.637
2.69236	41.6613
2.69239	41.6857
2.69241	41.7101
2.69247	41.7345
2.69254	41.7589
2.6926	41.7833
2.69738	41.8077
2.69741	41.8321
2.69755	41.8565
2.70279	41.8809
2.70283	41.9052
2.70285	41.9296
2.70286	41.954
2.70287	41.9784
2.70288	42.0028
2.70781	42.0266
2.70784	42.0504
2.70786	42.0742
2.70787	42.098
2.70788	42.1219
2.70789	42.1457
2.70796	42.1695
2.71372	42.1933
2.71395	42.2171
2.71906	42.2409
2.72256	42.2647
2.72259	42.2885
2.7226	42.3123
2.72265	42.3361
2.72267	42.3599
2.72269	42.3838
2.7227	42.4076
2.7292	42.4314
2.72933	42.4552
2.74457	42.479
2.74459	42.5028
2.74464	42.5266
2.74822	42.5504
2.74825	42.5742
2.74832	42.598
2.75001	42.6219
2.75003	42.6457
2.75005	42.6695
2.75006	42.6933
2.75007	42.7171
2.75014	42.7409
2.75429	42.7647
2.75435	42.7885
2.75437	42.8123
2.75441	42.8361
2.75446	42.8599
2.75448	42.8838
2.75452	42.9076
2.7599	42.9314
2.75994	42.9552
2.76277	42.979
2.76282	43.0028
2.76284	43.0261
2.7681	43.0493
2.76814	43.0726
2.77278	43.0958
2.77286	43.1191
2.77289	43.1423
2.77294	43.1656
2.79501	43.1889
2.79504	43.2121
2.79505	43.2354
2.79507	43.2586
2.79511	43.2819
2.79515	43.3051
2.79519	43.3284
2.80091	43.3516
2.80095	43.3749
2.80101	43.3982
2.80113	43.4214
2.8012	43.4447
2.80727	43.4679
2.80731	43.4912
2.80733	43.5144
2.80734	43.5377
2.80736	43.5609
2.81252	43.5842
2.81255	43.6075
2.81256	43.6307
2.81257	43.654
2.81263	43.6772
2.81266	43.7005
2.81267	43.7237
2.81268	43.747
2.81876	43.7702
2.81879	43.7935
2.8188	43.8168
2.81881	43.84
2.81883	43.8633
2.82394	43.8865
2.83113	43.9098
2.83116	43.933
2.83121	43.9563
2.83124	43.9796
2.83127	44.0028
2.84071	44.0255
2.8426	44.0483
2.84263	44.071
2.84264	44.0937
2.84265	44.1164
2.84267	44.1392
2.84268	44.1619
2.86126	44.1846
2.86131	44.2074
2.86133	44.2301
2.86135	44.2528
2.87035	44.2755
2.87039	44.2983
2.87041	44.321
2.87047	44.3437
2.87049	44.3664
2.87056	44.3892
2.8759	44.4119
2.87596	44.4346
2.87945	44.4574
2.87954	44.4801
2.87963	44.5028
2.88478	44.5255
2.88481	44.5483
2.88482	44.571
2.88483	44.5937
2.88485	44.6164
2.8849	44.6392
2.88495	44.6619
2.88499	44.6846
2.89034	44.7074
2.89036	44.7301
2.8904	44.7528
2.89045	44.7755
2.89569	44.7983
2.89572	44.821
2.89588	44.8437
2.90143	44.8664
2.90153	44.8892
2.90156	44.9119
2.9016	44.9346
2.9017	44.9574
2.90179	44.9801
2.90183	45.0028
2.91224	45.025
2.91227	45.0473
2.91228	45.0695
2.91809	45.0917
2.91819	45.1139
2.91826	45.1361
2.92315	45.1584
2.92318	45.1806
2.92319	45.2028
2.9232	45.225
2.92322	45.2473
2.93449	45.2695
2.93451	45.2917
2.9404	45.3139
2.94042	45.3361
2.94044	45.3584
2.94054	45.3806
2.94063	45.4028
2.94071	45.425
2.94547	45.4473
2.9455	45.4695
2.94589	45.4917
2.95084	45.5139
2.95087	45.5361
2.95088	45.5584
2.9509	45.5806
2.95091	45.6028
2.95097	45.625
2.951	45.6473
2.95634	45.6695
2.9564	45.6917
2.95642	45.7139
2.95643	45.7361
2.96224	45.7584
2.9675	45.7806
2.96753	45.8028
2.96758	45.825
2.96761	45.8473
2.9729	45.8695
2.97292	45.8917
2.97307	45.9139
2.97311	45.9361
2.97874	45.9584
2.97877	45.9806
2.97878	46.0028
2.97879	46.0245
2.97881	46.0463
2.97882	46.068
2.98397	46.0898
2.98402	46.1115
2.99513	46.1332
2.99522	46.155
2.99531	46.1767
3.00015	46.1985
3.00565	46.2202
3.00567	46.2419
3.00568	46.2637
3.00573	46.2854
3.00578	46.3072
3.00579	46.3289
3.00584	46.3506
3.01109	46.3724
3.01684	46.3941
3.01692	46.4159
3.01725	46.4376
3.02209	46.4593
3.02212	46.4811
3.02213	46.5028
3.02218	46.5245
3.02225	46.5463
3.0223	46.568
3.02774	46.5898
3.02782	46.6115
3.0279	46.6332
3.02798	46.655
3.02808	46.6767
3.02813	46.6985
3.03322	46.7202
3.03325	46.7419
3.03329	46.7637
3.03333	46.7854
3.03899	46.8072
3.03902	46.8289
3.03903	46.8506
3.03904	46.8724
3.03917	46.8941
3.03919	46.9159
3.04959	46.9376
3.04962	46.9593
3.04963	46.9811
3.04968	47.0028
3.04973	47.0241
3.05505	47.0454
3.05508	47.0666
3.0551	47.0879
3.05511	47.1092
3.05529	47.1305
3.05534	47.1517
3.05535	47.173
3.08254	47.1943
3.08256	47.2156
3.0826	47.2368
3.08262	47.2581
3.08269	47.2794
3.08816	47.3007
3.08819	47.322
3.0882	47.3432
3.09331	47.3645
3.09334	47.3858
3.09336	47.4071
3.09337	47.4283
3.09338	47.4496
3.09348	47.4709
3.0935	47.4922
3.09885	47.5134
3.09888	47.5347
3.09902	47.556
3.09904	47.5773
3.10466	47.5986
3.10468	47.6198
3.1047	47.6411
3.10471	47.6624
3.11021	47.6837
3.11024	47.7049
3.11025	47.7262
3.11026	47.7475
3.11031	47.7688
3.11578	47.79
3.11581	47.8113
3.11587	47.8326
3.11593	47.8539
3.116	47.8751
3.1161	47.8964
3.12668	47.9177
3.1267	47.939
3.12674	47.9603
3.13201	47.9815
3.13205	48.0028
3.13206	48.0236
3.13208	48.0445
3.1321	48.0653
3.13758	48.0861
3.1376	48.107
3.13767	48.1278
3.13769	48.1486
3.14318	48.1695
3.15398	48.1903
3.15403	48.2111
3.15404	48.232
3.15409	48.2528
3.15961	48.2736
3.15966	48.2945
3.15968	48.3153
3.15972	48.3361
3.15998	48.357
3.16505	48.3778
3.16509	48.3986
3.16511	48.4195
3.16512	48.4403
3.17049	48.4611
3.17053	48.482
3.17085	48.5028
3.17087	48.5236
3.17089	48.5445
3.1709	48.5653
3.18138	48.5861
3.1814	48.607
3.18141	48.6278
3.18143	48.6486
3.18148	48.6695
3.18152	48.6903
3.18154	48.7111
3.18694	48.732
3.18697	48.7528
3.18698	48.7736
3.19261	48.7945
3.19263	48.8153
3.19271	48.8361
3.19279	48.857
3.19286	48.8778
3.20328	48.8986
3.20331	48.9195
3.20332	48.9403
3.20333	48.9611
3.20335	48.982
3.20336	49.0028
3.20873	49.0232
3.20877	49.0436
3.20878	49.064
3.20879	49.0844
3.20884	49.1048
3.20886	49.1253
3.21433	49.1457
3.21436	49.1661
3.23084	49.1865
3.23636	49.2069
3.23638	49.2273
3.23645	49.2477
3.23651	49.2681
3.23658	49.2885
3.23664	49.3089
3.2367	49.3293
3.24159	49.3497
3.24168	49.3702
3.24173	49.3906
3.24177	49.411
3.24719	49.4314
3.24722	49.4518
3.24728	49.4722
3.25253	49.4926
3.25256	49.513
3.25264	49.5334
3.25276	49.5538
3.2583	49.5742
3.25834	49.5946
3.25858	49.6151
3.2586	49.6355
3.25869	49.6559
3.26357	49.6763
3.26364	49.6967
3.26374	49.7171
3.26385	49.7375
3.26397	49.7579
3.26401	49.7783
3.26403	49.7987
3.26404	49.8191
3.26888	49.8395
3.26891	49.8599
3.28572	49.8804
3.28576	49.9008
3.29111	49.9212
3.29115	49.9416
3.29118	49.962
3.29124	49.9824
3.29132	50.0028
3.29656	50.0228
3.29658	50.0428
3.2966	50.0628
3.29665	50.0828
3.29667	50.1028
3.29672	50.1228
3.29676	50.1428
3.30198	50.1628
3.313	50.1828
3.31305	50.2028
3.31306	50.2228
3.31831	50.2428
3.31834	50.2628
3.31835	50.2828
3.31836	50.3028
3.31837	50.3228
3.31848	50.3428
3.31851	50.3628
3.31855	50.3828
3.3239	50.4028
3.32392	50.4228
3.32394	50.4428
3.32395	50.4628
3.324	50.4828
3.32404	50.5028
3.32414	50.5228
3.32949	50.5428
3.34041	50.5628
3.34043	50.5828
3.34045	50.6028
3.34046	50.6228
3.34047	50.6428
3.34048	50.6628
3.34059	50.6828
3.34597	50.7028
3.34634	50.7228
3.34647	50.7428
3.35142	50.7628
3.35151	50.7828
3.35153	50.8028
3.3569	50.8228
3.35693	50.8428
3.35709	50.8628
3.35711	50.8828
3.36237	50.9028
3.3624	50.9228
3.36814	50.9428
3.36818	50.9628
3.36828	50.9828
3.36834	51.0028
3.36843	51.0224
3.3685	51.042
3.36859	51.0616
3.36865	51.0812
3.37326	51.1008
3.3788	51.1205
3.37883	51.1401
3.37889	51.1597
3.37899	51.1793
3.38487	51.1989
3.38489	51.2185
3.3849	51.2381
3.38495	51.2577
3.38504	51.2773
3.38984	51.2969
3.38987	51.3165
3.38988	51.3361
3.39521	51.3557
3.39523	51.3754
3.39525	51.395
3.39534	51.4146
3.39536	51.4342
3.39541	51.4538
3.40125	51.4734
3.40128	51.493
3.40136	51.5126
3.41278	51.5322
3.41282	51.5518
3.41284	51.5714
3.41853	51.591
3.41856	51.6107
3.41863	51.6303
3.41869	51.6499
3.41892	51.6695
3.41899	51.6891
3.4238	51.7087
3.42383	51.7283
3.43489	51.7479
3.43492	51.7675
3.44036	51.7871
3.44042	51.8067
3.44044	51.8263
3.44045	51.8459
3.44046	51.8656
3.44047	51.8852
3.4457	51.9048
3.44592	51.9244
3.44596	51.944
3.45133	51.9636
3.45135	51.9832
3.45144	52.0028
3.4515	52.022
3.45151	52.0413
3.45157	52.0605
3.45718	52.0797
3.45721	52.099
3.45723	52.1182
3.46257	52.1374
3.46259	52.1567
3.4677	52.1759
3.46774	52.1951
3.46775	52.2143
3.46776	52.2336
3.46778	52.2528
3.46779	52.272
3.4679	26.136
3.47341	26.1745
3.47343	26.2129
3.47357	26.2514
3.47361	26.2899
3.47363	26.3283
3.47365	26.3668
3.47368	26.4052
3.47867	26.4437
3.47871	26.4822
3.47875	26.5206
3.47878	26.5591
3.47883	26.5976
3.47886	26.636
3.47889	26.6745
3.48409	26.7129
3.48411	26.7514
3.48412	26.7899
3.48415	26.8283
3.48418	26.8668
3.48421	26.9052
3.50611	26.9437
3.50615	26.9822
3.50624	27.0206
3.5114	27.0577
3.51142	27.0947
3.51143	27.1317
3.51145	27.1688
3.51147	27.2058
3.51153	27.2429
3.51158	27.2799
3.51162	27.3169
3.52246	27.354
3.52248	27.391
3.52252	27.428
3.52253	27.4651
3.52254	27.5021
3.5226	27.5392
3.52262	27.5762
3.52264	27.6132
3.5282	27.6503
3.52829	27.6873
3.52838	27.7243
3.53347	27.7614
3.5335	27.7984
3.53351	27.8354
3.53352	27.8725
3.54434	27.9095
3.54437	27.9466
3.54438	27.9836
3.54439	28.0206
3.54992	28.0563
3.55589	28.0921
3.55609	28.1278
3.56096	28.1635
3.56099	28.1992
3.56103	28.2349
3.56657	28.2706
3.5666	28.3063
3.58366	28.3421
3.58369	28.3778
3.5837	28.4135
3.58375	28.4492
3.5838	28.4849
3.58384	28.5206
3.58905	28.5563
3.58928	28.5921
3.58929	28.6278
3.59462	28.6635
3.59472	28.6992
3.59481	28.7349
3.5949	28.7706
3.59497	28.8063
3.59505	28.8421
3.60031	28.8778
3.6057	28.9135
3.60573	28.9492
3.60575	28.9849
3.60576	29.0206
3.60577	29.0551
3.60583	29.0896
3.60588	29.1241
3.61117	29.1586
3.6112	29.193
3.61164	29.2275
3.61679	29.262
3.6169	29.2965
3.63069	29.331
3.63185	29.3655
3.63195	29.3999
3.63326	29.4344
3.6333	29.4689
3.63461	29.5034
3.63467	29.5379
3.63612	29.5724
3.63614	29.6068
3.63616	29.6413
3.63617	29.6758
3.6389	29.7103
3.64177	29.7448
3.6418	29.7793
3.64181	29.8137
3.65156	29.8482
3.65163	29.8827
3.65172	29.9172
3.65649	29.9517
3.65794	29.9862
3.65799	30.0206
3.66203	30.054
3.66206	30.0873
3.66207	30.1206
3.66208	30.154
3.66209	30.1873
3.66218	30.2206
3.66768	30.254
3.66772	30.2873
3.67465	30.3206
3.67551	30.354
3.67559	30.3873
3.67568	30.4206
3.67747	30.454
3.67751	30.4873
3.67891	30.5206
3.68241	30.554
3.68386	30.5873
3.68393	30.6206
3.68394	30.654
3.69726	30.6873
3.69729	30.7206
3.6973	30.754
3.69731	30.7873
3.70011	30.8206
3.70014	30.854
3.70015	30.8873
3.70016	30.9206
3.70017	30.954
3.70023	30.9873
3.70432	31.0206
3.70645	31.0529
3.70648	31.0852
3.7065	31.1174
3.70652	31.1497
3.70653	31.1819
3.71311	31.2142
3.71314	31.2464
3.71318	31.2787
3.71323	31.311
3.71327	31.3432
3.71845	31.3755
3.71864	31.4077
3.71868	31.44
3.72409	31.4722
3.72493	31.5045
3.72507	31.5368
3.72512	31.569
3.72928	31.6013
3.72932	31.6335
3.74283	31.6658
3.7429	31.6981
3.74297	31.7303
3.74304	31.7626
3.7469	31.7948
3.74696	31.8271
3.75104	31.8593
3.75109	31.8916
3.75111	31.9239
3.75334	31.9561
3.75338	31.9884
3.7534	32.0206
3.75346	32.0519
3.75861	32.0831
3.75879	32.1144
3.75883	32.1456
3.76221	32.1769
3.76237	32.2081
3.7624	32.2394
3.76245	32.2706
3.76771	32.3019
3.76773	32.3331
3.7678	32.3644
3.76783	32.3956
3.77081	32.4269
3.77628	32.4581
3.78073	32.4894
3.78599	32.5206
3.78602	32.5519
3.78605	32.5831
3.78606	32.6144
3.79081	32.6456
3.79589	32.6769
3.79592	32.7081
3.79593	32.7394
3.79598	32.7706
3.79602	32.8019
3.79603	32.8331
3.80037	32.8644
3.8004	32.8956
3.80242	32.9269
3.80244	32.9581
3.80246	32.9894
3.80247	33.0206
3.80253	33.0509
3.80612	33.0812
3.80618	33.1115
3.80619	33.1418
3.80621	33.1721
3.81132	33.2025
3.81135	33.2328
3.81163	33.2631
3.81716	33.2934
3.8172	33.3237
3.81721	33.354
3.81722	33.3843
3.82255	33.4146
3.82274	33.4449
3.82284	33.4752
3.82789	33.5055
3.82791	33.5358
3.82803	33.5661
3.82806	33.5964
3.83371	33.6267
3.83373	33.657
3.83374	33.6873
3.83375	33.7176
3.83376	33.7479
3.83377	33.7782
3.83894	33.8085
3.84986	33.8388
3.84988	33.8691
3.85317	33.8994
3.85319	33.9297
3.85321	33.96
3.85322	33.9903
3.85323	34.0206
3.85324	34.05
3.85868	34.0795
3.85875	34.1089
3.86436	34.1383
3.86442	34.1677
3.86448	34.1971
3.86451	34.2265
3.86981	34.2559
3.87551	34.2853
3.87558	34.3148
3.87567	34.3442
3.88088	34.3736
3.88092	34.403
3.88094	34.4324
3.88095	34.4618
3.88635	34.4912
3.88638	34.5206
3.89186	34.55
3.89197	34.5795
3.89207	34.6089
3.89718	34.6383
3.89721	34.6677
3.89722	34.6971
3.89724	34.7265
3.89731	34.7559
3.89737	34.7853
3.90295	34.8148
3.90827	34.8442
3.9083	34.8736
3.90835	34.903
3.90838	34.9324
3.90843	34.9618
3.90846	34.9912
3.91377	35.0206
3.91381	35.0492
3.91382	35.0778
3.91383	35.1063
3.91934	35.1349
3.91937	35.1635
3.91938	35.1921
3.91957	35.2206
3.92476	35.2492
3.92481	35.2778
3.92487	35.3063
3.92491	35.3349
3.93037	35.3635
3.93039	35.3921
3.9304	35.4206
3.9305	35.4492
3.93053	35.4778
3.93574	35.5063
3.94125	35.5349
3.94142	35.5635
3.94145	35.5921
3.9415	35.6206
3.94161	35.6492
3.94684	35.6778
3.9469	35.7063
3.94699	35.7349
3.95222	35.7635
3.9524	35.7921
3.95782	35.8206
3.95788	35.8492
3.95797	35.8778
3.95801	35.9063
3.95803	35.9349
3.95809	35.9635
3.96327	35.9921
3.9633	36.0206
3.96336	36.0484
3.96343	36.0762
3.96346	36.104
3.97454	36.1317
3.97457	36.1595
3.97976	36.1873
3.97979	36.2151
3.9798	36.2429
3.97981	36.2706
3.97991	36.2984
3.97993	36.3262
3.99133	36.354
3.9964	36.3817
3.99643	36.4095
3.99644	36.4373
3.99649	36.4651
3.99664	36.4929
4.00821	36.5206
4.00823	36.5484
4.00826	36.5762
4.00829	36.604
4.00831	36.6317
4.00839	36.6595
4.00846	36.6873
4.01384	36.7151
4.01387	36.7429
4.01388	36.7706
4.01389	36.7984
4.01977	36.8262
4.01978	36.854
4.02516	36.8817
4.02519	36.9095
4.0252	36.9373
4.03067	36.9651
4.03069	36.9929
4.03074	37.0206
4.03079	37.0477
4.03082	37.0747
4.03616	37.1017
4.03623	37.1287
4.03629	37.1558
4.03638	37.1828
4.03646	37.2098
4.03653	37.2369
4.04156	37.2639
4.0416	37.2909
4.0474	37.3179
4.0525	37.345
4.05252	37.372
4.05257	37.399
4.05259	37.426
4.05265	37.4531
4.05267	37.4801
4.06336	37.5071
4.06344	37.5341
4.06348	37.5612
4.06353	37.5882
4.0692	37.6152
4.06923	37.6423
4.06929	37.6693
4.06932	37.6963
4.06934	37.7233
4.06935	37.7504
4.07432	37.7774
4.07458	37.8044
4.08012	37.8314
4.0803	37.8585
4.08033	37.8855
4.08045	37.9125
4.08541	37.9396
4.08543	37.9666
4.08554	37.9936
4.0856	38.0206
4.08564	38.047
4.09105	38.0733
4.09113	38.0996
4.09122	38.1259
4.09124	38.1522
4.09679	38.1785
4.09682	38.2048
4.09687	38.2312
4.09696	38.2575
4.10216	38.2838
4.10772	38.3101
4.10774	38.3364
4.10776	38.3627
4.1078	38.3891
4.10789	38.4154
4.10792	38.4417
4.11371	38.468
4.11381	38.4943
4.11389	38.5206
4.11397	38.547
4.11404	38.5733
4.12526	38.5996
4.1253	38.6259
4.12551	38.6522
4.12558	38.6785
4.13088	38.7048
4.13101	38.7312
4.13108	38.7575
4.1311	38.7838
4.14272	38.8101
4.14278	38.8364
4.14286	38.8627
4.14804	38.8891
4.14807	38.9154
4.14814	38.9417
4.14817	38.968
4.14819	38.9943
4.14823	39.0206
4.14826	39.0463
4.15352	39.0719
4.15358	39.0976
4.15369	39.1232
4.15897	39.1488
4.15904	39.1745
4.16452	39.2001
4.16455	39.2258
4.16461	39.2514
4.16463	39.277
4.16465	39.3027
4.16467	39.3283
4.17018	39.354
4.17021	39.3796
4.17029	39.4052
4.17038	39.4309
4.17059	39.4565
4.17074	39.4822
4.17078	39.5078
4.17552	39.5335
4.17575	39.5591
4.18132	39.5847
4.18136	39.6104
4.18137	39.636
4.18683	39.6617
4.18702	39.6873
4.18709	39.7129
4.18718	39.7386
4.18734	39.7642
4.19815	39.7899
4.19835	39.8155
4.19842	39.8411
4.19851	39.8668
4.20362	39.8924
4.20374	39.9181
4.20379	39.9437
4.20387	39.9694
4.20917	39.995
4.20919	40.0206
4.20924	40.0456
4.20942	40.0706
4.20945	40.0956
4.21464	40.1206
4.21467	40.1456
4.21474	40.1706
4.21483	40.1956
4.21491	40.2206
4.21495	40.2456
4.21505	40.2706
4.21512	40.2956
4.22029	40.3206
4.22623	40.3456
4.2263	40.3706
4.23143	40.3956
4.23146	40.4206
4.23151	40.4456
4.23156	40.4706
4.2316	40.4956
4.23162	40.5206
4.23167	40.5456
4.237	40.5706
4.23703	40.5956
4.23705	40.6206
4.23719	40.6456
4.24273	40.6706
4.24276	40.6956
4.24309	40.7206
4.24316	40.7456
4.25417	40.7706
4.25971	40.7956
4.2598	40.8206
4.25988	40.8456
4.25997	40.8706
4.26002	40.8956
4.26021	40.9206
4.26027	40.9456
4.26496	40.9706
4.26499	40.9956
4.265	41.0206
4.26502	41.045
4.27062	41.0694
4.27067	41.0938
4.27087	41.1182
4.27591	41.1426
4.27603	41.167
4.27609	41.1914
4.2761	41.2158
4.28148	41.2401
4.28151	41.2645
4.28152	41.2889
4.28154	41.3133
4.2816	41.3377
4.28711	41.3621
4.29267	41.3865
4.29272	41.4109
4.29274	41.4353
4.29794	41.4597
4.29796	41.484
4.29797	41.5084
4.29798	41.5328
4.29803	41.5572
4.29815	41.5816
4.2982	41.606
4.30358	41.6304
4.30363	41.6548
4.30369	41.6792
4.30375	41.7036
4.3089	41.728
4.31994	41.7523
4.31997	41.7767
4.32015	41.8011
4.32018	41.8255
4.32548	41.8499
4.32553	41.8743
4.33073	41.8987
4.33638	41.9231
4.34225	41.9475
4.34228	41.9719
4.3425	41.9962
4.34718	42.0206
4.3472	42.0444
4.34722	42.0683
4.3527	42.0921
4.35273	42.1159
4.35279	42.1397
4.35284	42.1635
4.35285	42.1873
4.3529	42.2111
4.35855	42.2349
4.35858	42.2587
4.35859	42.2825
4.35869	42.3063
4.35878	42.3302
4.35881	42.354
4.37494	42.3778
4.37497	42.4016
4.38044	42.4254
4.38046	42.4492
4.38048	42.473
4.38053	42.4968
4.38059	42.5206
4.38063	42.5444
4.38065	42.5683
4.38602	42.5921
4.38605	42.6159
4.38613	42.6397
4.3862	42.6635
4.38624	42.6873
4.39146	42.7111
4.39714	42.7349
4.39722	42.7587
4.39735	42.7825
4.39745	42.8063
4.40242	42.8302
4.40788	42.854
4.4079	42.8778
4.40802	42.9016
4.41326	42.9254
4.41333	42.9492
4.41334	42.973
4.41339	42.9968
4.41346	43.0206
4.41349	43.0439
4.4135	43.0671
4.41874	43.0904
4.41876	43.1137
4.41878	43.1369
4.41879	43.1602
4.4188	43.1834
4.42455	43.2067
4.42475	43.2299
4.42478	43.2532
4.42486	43.2764
4.42489	43.2997
4.42968	43.323
4.4352	43.3462
4.43527	43.3695
4.43532	43.3927
4.43536	43.416
4.44092	43.4392
4.44095	43.4625
4.44096	43.4858
4.44104	43.509
4.44105	43.5323
4.4411	43.5555
4.44631	43.5788
4.44634	43.602
4.44635	43.6253
4.45185	43.6485
4.4519	43.6718
4.45723	43.6951
4.46278	43.7183
4.46282	43.7416
4.46838	43.7648
4.4684	43.7881
4.46842	43.8113
4.46843	43.8346
4.46844	43.8578
4.46855	43.8811
4.47922	43.9044
4.47925	43.9276
4.47927	43.9509
4.47928	43.9741
4.47929	43.9974
4.4793	44.0206
4.48478	44.0434
4.4848	44.0661
4.48484	44.0888
4.49033	44.1115
4.49064	44.1343
4.49069	44.157
4.49078	44.1797
4.49094	44.2025
4.49553	44.2252
4.49558	44.2479
4.49559	44.2706
4.4956	44.2934
4.49566	44.3161
4.49581	44.3388
4.49586	44.3615
4.50103	44.3843
4.50106	44.407
4.50121	44.4297
4.50666	44.4525
4.50669	44.4752
4.50675	44.4979
4.50678	44.5206
4.50683	44.5434
4.50696	44.5661
4.50699	44.5888
4.50705	44.6115
4.51195	44.6343
4.51802	44.657
4.52847	44.6797
4.5285	44.7025
4.53397	44.7252
4.53399	44.7479
4.53409	44.7706
4.53414	44.7934
4.53419	44.8161
4.53997	44.8388
4.53999	44.8615
4.54	44.8843
4.54006	44.907
4.5402	44.9297
4.54028	44.9525
4.54035	44.9752
4.54516	44.9979
4.54519	45.0206
4.54521	45.0429
4.54523	45.0651
4.54528	45.0873
4.54531	45.1095
4.54532	45.1317
4.5506	45.154
4.55063	45.1762
4.55064	45.1984
4.55068	45.2206
4.55076	45.2429
4.55618	45.2651
4.55621	45.2873
4.55622	45.3095
4.55624	45.3317
4.55625	45.354
4.55632	45.3762
4.55637	45.3984
4.57258	45.4206
4.57803	45.4429
4.57806	45.4651
4.5781	45.4873
4.5891	45.5095
4.58916	45.5317
4.58918	45.554
4.58924	45.5762
4.58933	45.5984
4.58936	45.6206
4.58937	45.6429
4.59462	45.6651
4.60025	45.6873
4.60028	45.7095
4.60029	45.7317
4.60034	45.754
4.60579	45.7762
4.60583	45.7984
4.60734	45.8206
4.60736	45.8429
4.60738	45.8651
4.60742	45.8873
4.60747	45.9095
4.60749	45.9317
4.61277	45.954
4.61279	45.9762
4.61281	45.9984
4.61282	46.0206
4.61283	46.0424
4.61289	46.0641
4.61295	46.0859
4.61299	46.1076
4.61847	46.1293
4.6299	46.1511
4.63481	46.1728
4.63484	46.1945
4.63485	46.2163
4.63487	46.238
4.63488	46.2598
4.63489	46.2815
4.6349	46.3032
4.63496	46.325
4.64018	46.3467
4.64021	46.3685
4.64022	46.3902
4.6513	46.4119
4.65137	46.4337
4.65697	46.4554
4.657	46.4772
4.65706	46.4989
4.65714	46.5206
4.65718	46.5424
4.66276	46.5641
4.66282	46.5859
4.66288	46.6076
4.66295	46.6293
4.67366	46.6511
4.67373	46.6728
4.67378	46.6945
4.67381	46.7163
4.67922	46.738
4.67929	46.7598
4.67936	46.7815
4.67944	46.8032
4.67955	46.825
4.67962	46.8467
4.68462	46.8685
4.68465	46.8902
4.68467	46.9119
4.68468	46.9337
4.68475	46.9554
4.69016	46.9772
4.69023	46.9989
4.6903	47.0206
4.69034	47.0419
4.69039	47.0632
4.69047	47.0845
4.69056	47.1057
4.69554	47.127
4.6956	47.1483
4.69566	47.1696
4.69568	47.1908
4.70104	47.2121
4.70109	47.2334
4.7011	47.2547
4.70112	47.276
4.70121	47.2972
4.70694	47.3185
4.71744	47.3398
4.71747	47.3611
4.71749	47.3823
4.71753	47.4036
4.71758	47.4249
4.72314	47.4462
4.72322	47.4674
4.72329	47.4887
4.72339	47.51
4.72347	47.5313
4.72349	47.5525
4.72835	47.5738
4.72837	47.5951
4.72839	47.6164
4.7284	47.6377
4.72842	47.6589
4.73384	47.6802
4.73401	47.7015
4.73962	47.7228
4.73975	47.744
4.73985	47.7653
4.73994	47.7866
4.74475	47.8079
4.74478	47.8291
4.74479	47.8504
4.74497	47.8717
4.75039	47.893
4.75042	47.9143
4.75052	47.9355
4.76673	47.9568
4.76682	47.9781
4.76702	47.9994
4.76708	48.0206
4.76713	48.0415
4.76717	48.0623
4.7722	48.0831
4.77223	48.104
4.77226	48.1248
4.77227	48.1456
4.7779	48.1665
4.77796	48.1873
4.77803	48.2081
4.7781	48.229
4.77818	48.2498
4.78312	48.2706
4.78315	48.2915
4.78881	48.3123
4.78888	48.3331
4.78894	48.354
4.78903	48.3748
4.7891	48.3956
4.79426	48.4165
4.80013	48.4373
4.80022	48.4581
4.80031	48.479
4.80508	48.4998
4.80511	48.5206
4.81075	48.5415
4.81077	48.5623
4.81079	48.5831
4.81082	48.604
4.81088	48.6248
4.81093	48.6456
4.81097	48.6665
4.81652	48.6873
4.81655	48.7081
4.81657	48.729
4.81664	48.7498
4.81666	48.7706
4.81667	48.7915
4.81669	48.8123
4.82239	48.8331
4.82241	48.854
4.82247	48.8748
4.82253	48.8956
4.8226	48.9165
4.8227	48.9373
4.82277	48.9581
4.8228	48.979
4.82782	48.9998
4.82797	49.0206
4.82801	49.041
4.8334	49.0615
4.83342	49.0819
4.83344	49.1023
4.83345	49.1227
4.8335	49.1431
4.84471	49.1635
4.84482	49.1839
4.84492	49.2043
4.84494	49.2247
4.85065	49.2451
4.85068	49.2655
4.85073	49.2859
4.85115	49.3063
4.85632	49.3268
4.85635	49.3472
4.85637	49.3676
4.85638	49.388
4.85647	49.4084
4.85651	49.4288
4.85652	49.4492
4.86257	49.4696
4.87295	49.49
4.87297	49.5104
4.87299	49.5308
4.87302	49.5512
4.87308	49.5717
4.87873	49.5921
4.8788	49.6125
4.88275	49.6329
4.88278	49.6533
4.88279	49.6737
4.8828	49.6941
4.88281	49.7145
4.88282	49.7349
4.88283	49.7553
4.88285	49.7757
4.88838	49.7961
4.88841	49.8166
4.8885	49.837
4.88858	49.8574
4.88866	49.8778
4.88874	49.8982
4.88882	49.9186
4.8889	49.939
4.89385	49.9594
4.89388	49.9798
4.89389	50.0002
4.89394	50.0202
4.89408	50.0402
4.89944	50.0602
4.89946	50.0802
4.8995	50.1002
4.89966	50.1202
4.89968	50.1402
4.90521	50.1602
4.90535	50.1802
4.9054	50.2002
4.90548	50.2202
4.91617	50.2402
4.9162	50.2602
4.91621	50.2802
4.92178	50.3002
4.92185	50.3202
4.92194	50.3402
4.92201	50.3602
4.9221	50.3802
4.92216	50.4002
4.92223	50.4202
4.92226	50.4402
4.92756	50.4602
4.93372	50.4802
4.9338	50.5002
4.93388	50.5202
4.93393	50.5402
4.9385	50.5602
4.93853	50.5802
4.93854	50.6002
4.93855	50.6202
4.93857	50.6402
4.93864	50.6602
4.93868	50.6802
4.9444	50.7002
4.94442	50.7202
4.94444	50.7402
4.95609	50.7602
4.95615	50.7802
4.95617	50.8002
4.95619	50.8202
4.96151	50.8402
4.96157	50.8602
4.96167	50.8802
4.96174	50.9002
4.96692	50.9202
4.96695	50.9402
4.96696	50.9602
4.96701	50.9802
4.96708	51.0002
4.96711	51.0198
4.96714	51.0394
4.9726	51.059
4.97274	51.0787
4.97282	51.0983
4.9729	51.1179
4.97297	51.1375
4.97841	51.1571
4.97844	51.1767
4.9785	51.1963
4.97863	51.2159
4.97875	51.2355
4.9788	51.2551
4.98923	51.2747
4.98925	51.2943
4.98927	51.314
4.98928	51.3336
4.98932	51.3532
4.98942	51.3728
4.98946	51.3924
4.99496	51.412
4.99499	51.4316
4.99506	51.4512
5.00596	51.4708
5.00598	51.4904
5.006	51.51
5.00603	51.5296
5.01129	51.5492
5.01132	51.5689
5.01134	51.5885
5.01135	51.6081
5.01136	51.6277
5.01142	51.6473
5.01145	51.6669
5.01148	51.6865
5.01703	51.7061
5.0223	51.7257
5.02236	51.7453
5.0224	51.7649
5.0225	51.7845
5.02257	51.8041
5.02779	51.8238
5.02781	51.8434
5.02782	51.863
5.03342	51.8826
5.03344	51.9022
5.03351	51.9218
5.03354	51.9414
5.0336	51.961
5.03368	51.9806
5.03375	52.0002
5.03386	52.0195
5.03872	52.0387
5.04428	52.0579
5.04431	52.0771
5.04432	52.0964
5.04439	52.1156
5.04997	52.1348
5.04999	52.1541
5.05009	52.1733
5.05019	52.1925
5.05028	52.2118
5.05034	52.231
5.05039	52.2502
5.05912	52.2695
5.05915	52.2887
5.05916	52.3079
5.05918	52.3271
5.05923	52.3464
5.06479	52.3656
5.06512	52.3848
5.06536	52.4041
5.06542	52.4233
5.0703	52.4425
5.07033	52.4618
5.07034	52.481
5.07035	52.5002
5.08059	52.5195
5.08064	52.5387
5.08553	52.5579
5.08557	52.5771
5.08558	52.5964
5.08559	52.6156
5.08572	52.6348
5.09118	52.6541
5.09121	52.6733
5.09127	52.6925
5.0913	52.7118
5.09137	52.731
5.09144	52.7502
5.09151	52.7695
5.09161	52.7887
5.09654	52.8079
5.09657	52.8271
5.09658	52.8464
5.09659	52.8656
5.09661	52.8848
5.09666	52.9041
5.0967	52.9233
5.09672	52.9425
5.10211	52.9618
5.10215	52.981
5.10217	53.0002
5.10219	53.0191
5.10224	53.038
5.10227	53.0568
5.10231	53.0757
5.1076	53.0946
5.10762	53.1134
5.11769	53.1323
5.11801	53.1512
5.1181	53.17
5.11812	53.1889
5.12466	53.2078
5.12469	53.2266
5.1247	53.2455
5.12474	53.2644
5.12479	53.2832
5.12481	53.3021
5.12485	53.321
5.13018	53.3398
5.13414	53.3587
5.13486	53.3776
5.13554	53.3965
5.13559	53.4153
5.13562	53.4342
5.13786	53.4531
5.13851	53.4719
5.15121	53.4908
5.15125	53.5097
5.15526	53.5285
5.15529	53.5474
5.1553	53.5663
5.15531	53.5851
5.15532	53.604
5.15537	53.6229
5.15957	53.6417
5.15961	53.6606
5.16099	53.6795
5.16646	53.6983
5.16649	53.7172
5.16652	53.7361
5.1718	53.7549
5.17184	53.7738
5.17186	53.7927
5.17188	53.8115
5.17189	53.8304
5.17193	53.8493
5.17195	53.8682
5.17722	53.887
5.17725	53.9059
5.17726	53.9248
5.17727	53.9436
5.17734	53.9625
5.17741	53.9814
5.18283	54.0002
5.18288	54.0187
5.18301	54.0373
5.18303	54.0558
5.18304	54.0743
5.18832	54.0928
5.18835	54.1113
5.18836	54.1299
5.1936	54.1484
5.19363	54.1669
5.19364	54.1854
5.19366	54.2039
5.19921	54.2224
5.19936	54.241
5.19939	54.2595
5.19949	54.278
5.19965	54.2965
5.19971	54.315
5.19973	54.3336
5.19983	54.3521
5.21063	54.3706
5.21072	54.3891
5.21562	54.4076
5.21565	54.4262
5.21567	54.4447
5.21568	54.4632
5.2217	54.4817
5.22657	54.5002
5.22659	54.5187
5.22661	54.5373
5.22662	54.5558
5.22663	54.5743
5.22669	54.5928
5.22673	54.6113
5.22675	54.6299
5.23201	54.6484
5.23209	54.6669
5.23214	54.6854
5.2322	54.7039
5.23224	54.7224
5.23764	54.741
5.23766	54.7595
5.23773	54.778
5.23776	54.7965
5.23782	54.815
5.23787	54.8336
5.23789	54.8521
5.23794	54.8706
5.24297	54.8891
5.243	54.9076
5.24301	54.9262
5.25398	54.9447
5.25404	54.9632
5.25409	54.9817
5.25947	55.0002
5.2595	55.0184
5.25962	55.0366
5.25968	55.0548
5.25997	55.073
5.26486	55.0911
5.2649	55.1093
5.26492	55.1275
5.26502	55.1457
5.26504	55.1639
5.26507	55.182
5.27058	55.2002
5.27061	55.2184
5.27068	55.2366
5.2707	55.2548
5.27076	55.273
5.27085	55.2911
5.2709	55.3093
5.27098	55.3275
5.27582	55.3457
5.27589	55.3639
5.27594	55.382
5.27598	55.4002
5.27603	55.4184
5.27605	55.4366
5.28138	55.4548
5.2925	55.473
5.29773	55.4911
5.29777	55.5093
5.29782	55.5275
5.29783	55.5457
5.29785	55.5639
5.29786	55.582
5.29787	55.6002
5.29791	55.6184
5.30342	55.6366
5.30346	55.6548
5.30352	55.673
5.30358	55.6911
5.30364	55.7093
5.30373	55.7275
5.30382	55.7457
5.30391	55.7639
5.30871	55.782
5.30874	55.8002
5.30877	55.8184
5.30878	55.8366
5.30882	55.8548
5.30886	55.873
5.3089	55.8911
5.31443	55.9093
5.3145	55.9275
5.31486	55.9457
5.31975	55.9639
5.31978	55.982
5.31979	56.0002
5.31981	56.0181
5.31982	56.0359
5.31989	56.0538
5.31993	56.0717
5.32516	56.0895
5.32527	56.1074
5.32528	56.1252
5.3253	56.1431
5.32533	56.1609
5.3307	56.1788
5.34216	56.1967
5.34221	56.2145
5.34706	56.2324
5.34709	56.2502
5.3471	56.2681
5.34711	56.2859
5.34713	56.3038
5.34725	56.3217
5.35252	56.3395
5.35255	56.3574
5.35256	56.3752
5.35257	56.3931
5.35258	56.4109
5.3581	56.4288
5.35827	56.4467
5.35835	56.4645
5.36917	56.4824
5.37454	56.5002
5.37462	56.5181
5.37465	56.5359
5.37471	56.5538
5.37479	56.5717
5.37508	56.5895
5.37517	56.6074
5.38008	56.6252
5.3801	56.6431
5.38014	56.6609
5.38558	56.6788
5.38561	56.6967
5.38562	56.7145
5.38568	56.7324
5.38574	56.7502
5.38579	56.7681
5.38598	56.7859
5.39093	56.8038
5.39096	56.8217
5.39097	56.8395
5.39099	56.8574
5.391	56.8752
5.39104	56.8931
5.39109	56.9109
5.39113	56.9288
5.40194	56.9467
5.40197	56.9645
5.40203	56.9824
5.40213	57.0002
5.40219	57.0178
5.40226	57.0353
5.40233	57.0529
5.40239	57.0704
5.40739	57.0879
5.40741	57.1055
5.40742	57.123
5.40744	57.1406
5.4075	57.1581
5.40753	57.1757
5.41847	57.1932
5.41849	57.2108
5.41852	57.2283
5.4241	57.2458
5.42413	57.2634
5.42419	57.2809
5.42427	57.2985
5.42435	57.316
5.42451	57.3336
5.42456	57.3511
5.43486	57.3686
5.43489	57.3862
5.43491	57.4037
5.43492	57.4213
5.43493	57.4388
5.43494	57.4564
5.44572	57.4739
5.44575	57.4915
5.44579	57.509
5.44584	57.5265
5.4459	57.5441
5.44593	57.5616
5.44594	57.5792
5.45131	57.5967
5.45134	57.6143
5.45137	57.6318
5.46225	57.6493
5.46228	57.6669
5.46234	57.6844
5.46237	57.702
5.46246	57.7195
5.46256	57.7371
5.46268	57.7546
5.46763	57.7722
5.46765	57.7897
5.46768	57.8072
5.4677	57.8248
5.46772	57.8423
5.46775	57.8599
5.46778	57.8774
5.46782	57.895
5.47322	57.9125
5.47865	28.9563
5.47868	28.992
5.47869	29.0277
5.4787	29.0622
5.47871	29.0966
5.47876	29.1311
5.47878	29.1656
5.48414	29.2001
5.48416	29.2346
5.48427	29.2691
5.48429	29.3035
5.48437	29.338
5.48442	29.3725
5.48447	29.407
5.48962	29.4415
5.48963	29.476
5.48964	29.5104
5.48965	29.5449
5.50067	29.5794
5.50069	29.6139
5.50074	29.6484
5.50075	29.6829
5.50078	29.7173
5.5062	29.7518
5.50625	29.7863
5.50631	29.8208
5.50633	29.8553
5.50652	29.8898
5.5066	29.9242
5.51156	29.9587
5.51159	29.9932
5.5116	30.0277
5.51162	30.061
5.51163	30.0943
5.51168	30.1277
5.51173	30.161
5.51703	30.1943
5.51705	30.2277
5.52258	30.261
5.52262	30.2943
5.52272	30.3277
5.52869	30.361
5.52873	30.3943
5.53379	30.4277
5.53382	30.461
5.53383	30.4943
5.53941	30.5277
5.53944	30.561
5.53945	30.5943
5.53947	30.6277
5.53948	30.661
5.53949	30.6943
5.5395	30.7277
5.54477	30.761
5.55024	30.7943
5.55026	30.8277
5.55028	30.861
5.56172	30.8943
5.56181	30.9277
5.5619	30.961
5.56662	30.9943
5.56665	31.0277
5.56666	31.0599
5.56667	31.0922
5.56669	31.1245
5.56677	31.1567
5.5668	31.189
5.56681	31.2212
5.57209	31.2535
5.57212	31.2857
5.57216	31.318
5.57655	31.3503
5.57658	31.3825
5.57661	31.4148
5.57939	31.447
5.57941	31.4793
5.57942	31.5116
5.59489	31.5438
5.59492	31.5761
5.59493	31.6083
5.59494	31.6406
5.59852	31.6728
5.59855	31.7051
5.6012	31.7374
5.61099	31.7696
5.6111	31.8019
5.61314	31.8341
5.61317	31.8664
5.61318	31.8986
5.61319	31.9309
5.61321	31.9632
5.61326	31.9954
5.61737	32.0277
5.6174	32.0589
5.6175	32.0902
5.61761	32.1214
5.61767	32.1527
5.6177	32.1839
5.63216	32.2152
5.63349	32.2464
5.63352	32.2777
5.63694	32.3089
5.63697	32.3402
5.63702	32.3714
5.63718	32.4027
5.63722	32.4339
5.64239	32.4652
5.64242	32.4964
5.65337	32.5277
5.6534	32.5589
5.65341	32.5902
5.65342	32.6214
5.65344	32.6527
5.6535	32.6839
5.65354	32.7152
5.65358	32.7464
5.65917	32.7777
5.6592	32.8089
5.65925	32.8402
5.6595	32.8714
5.65956	32.9027
5.66446	32.9339
5.66449	32.9652
5.66453	32.9964
5.66464	33.0277
5.66472	33.058
5.66991	33.0883
5.66993	33.1186
5.67002	33.1489
5.67579	33.1792
5.6897	33.2095
5.68973	33.2398
5.68974	33.2701
5.68975	33.3004
5.68976	33.3307
5.68978	33.361
5.68979	33.3913
5.69601	33.4216
5.69604	33.4519
5.69606	33.4822
5.71067	33.5125
5.71071	33.5428
5.71285	33.5731
5.71566	33.6034
5.71568	33.6337
5.7157	33.664
5.71571	33.6943
5.71577	33.7247
5.71578	33.755
5.71582	33.7853
5.72133	33.8156
5.73243	33.8459
5.73246	33.8762
5.73247	33.9065
5.73248	33.9368
5.73249	33.9671
5.7325	33.9974
5.73259	34.0277
5.73262	34.0571
5.73766	34.0865
5.73769	34.1159
5.7377	34.1453
5.73771	34.1747
5.74309	34.2042
5.74319	34.2336
5.74322	34.263
5.74323	34.2924
5.74325	34.3218
5.75976	34.3512
5.75979	34.3806
5.76521	34.41
5.76524	34.4394
5.76529	34.4689
5.76534	34.4983
5.76537	34.5277
5.76544	34.5571
5.77059	34.5865
5.77063	34.6159
5.77065	34.6453
5.77066	34.6747
5.77623	34.7042
5.7763	34.7336
5.77637	34.763
5.77648	34.7924
5.79268	34.8218
5.79278	34.8512
5.79807	34.8806
5.79809	34.91
5.7981	34.9394
5.79812	34.9689
5.79818	34.9983
5.80351	35.0277
5.80354	35.0563
5.80355	35.0848
5.80361	35.1134
5.80365	35.142
5.80367	35.1705
5.80372	35.1991
5.80376	35.2277
5.80898	35.2563
5.80901	35.2848
5.80902	35.3134
5.81501	35.342
5.81505	35.3705
5.81993	35.3991
5.81996	35.4277
5.81997	35.4563
5.81998	35.4848
5.82006	35.5134
5.82562	35.542
5.83096	35.5705
5.831	35.5991
5.83107	35.6277
5.83113	35.6563
5.83119	35.6848
5.83128	35.7134
5.83136	35.742
5.8366	35.7705
5.85447	35.7991
5.85493	35.8277
5.86635	35.8563
5.86638	35.8848
5.86838	35.9134
5.86842	35.942
5.86971	35.9705
5.86974	35.9991
5.86975	36.0277
5.86976	36.0555
5.86977	36.0832
5.86982	36.111
5.87419	36.1388
5.87423	36.1666
5.87529	36.1943
5.87532	36.2221
5.87533	36.2499
5.87535	36.2777
5.87537	36.3055
5.87543	36.3332
5.8797	36.361
5.88897	36.3888
5.88905	36.4166
5.88906	36.4443
5.88913	36.4721
5.88923	36.4999
5.893	36.5277
5.89302	36.5555
5.89304	36.5832
5.89305	36.611
5.89306	36.6388
5.89312	36.6666
5.89315	36.6943
5.89317	36.7221
5.89855	36.7499
5.91337	36.7777
5.91408	36.8055
5.91484	36.8332
5.91487	36.861
5.91488	36.8888
5.91492	36.9166
5.91835	36.9443
5.91908	36.9721
5.92542	36.9999
5.92545	37.0277
5.92546	37.0547
5.92548	37.0817
5.92551	37.1088
5.92556	37.1358
5.92561	37.1628
5.93086	37.1898
5.93104	37.2169
5.93107	37.2439
5.9311	37.2709
5.93643	37.298
5.93671	37.325
5.94372	37.352
5.94375	37.379
5.94589	37.4061
5.95244	37.4331
5.95252	37.4601
5.95256	37.4871
5.9526	37.5142
5.95755	37.5412
5.95758	37.5682
5.95761	37.5952
5.95765	37.6223
5.95767	37.6493
5.96188	37.6763
5.96225	37.7034
5.96764	37.7304
5.96884	37.7574
5.96888	37.7844
5.96889	37.8115
5.97089	37.8385
5.97164	37.8655
5.97168	37.8925
5.98435	37.9196
5.9865	37.9466
5.98655	37.9736
5.98661	38.0007
5.98664	38.027
5.99063	38.0533
5.99066	38.0796
5.99067	38.1059
5.99068	38.1322
5.99074	38.1585
5.99077	38.1849
5.99572	38.2112
5.99575	38.2375
5.9958	38.2638
5.99584	38.2901
5.9959	38.3164
5.99599	38.3428
5.99973	38.3691
6.00754	38.3954
6.00758	38.4217
6.00961	38.448
6.01034	38.4743
6.01172	38.5007
6.01395	38.527
6.0145	38.5533
6.01595	38.5796
6.01597	38.6059
6.01601	38.6322
6.018	38.6585
6.01802	38.6849
6.01804	38.7112
6.0223	38.7375
6.02232	38.7638
6.02234	38.7901
6.02235	38.8164
6.02241	38.8428
6.02736	38.8691
6.03624	38.8954
6.03683	38.9217
6.03757	38.948
6.03881	38.9743
6.03899	39.0007
6.03968	39.0263
6.04132	39.0519
6.04192	39.0776
6.04338	39.1032
6.04343	39.1289
6.04544	39.1545
6.04546	39.1801
6.04547	39.2058
6.04548	39.2314
6.04554	39.2571
6.04558	39.2827
6.0518	39.3083
6.05397	39.334
6.0675	39.3596
6.06811	39.3853
6.06944	39.4109
6.0702	39.4366
6.07164	39.4622
6.07306	39.4878
6.07309	39.5135
6.0731	39.5391
6.07511	39.5648
6.07587	39.5904
6.07659	39.616
6.07661	39.6417
6.07662	39.6673
6.07864	39.693
6.09053	39.7186
6.0912	39.7442
6.09197	39.7699
6.09204	39.7955
6.094	39.8212
6.09759	39.8468
6.09897	39.8724
6.10036	39.8981
6.10398	39.9237
6.10408	39.9494
6.10601	39.975
6.10605	40.0007
6.10607	40.0257
6.10887	40.0507
6.1089	40.0757
6.10891	40.1007
6.10892	40.1257
6.10898	40.1507
6.11426	40.1757
6.11429	40.2007
6.11659	40.2257
6.11661	40.2507
6.11663	40.2757
6.12191	40.3007
6.12193	40.3257
6.12501	40.3507
6.12504	40.3757
6.12505	40.4007
6.1251	40.4257
6.12855	40.4507
6.12864	40.4757
6.12871	40.5007
6.12879	40.5257
6.13146	40.5507
6.13151	40.5757
6.13158	40.6007
6.13164	40.6257
6.1317	40.6507
6.13549	40.6757
6.14267	40.7007
6.14474	40.7257
6.1448	40.7507
6.14893	40.7757
6.14896	40.8007
6.15233	40.8257
6.15235	40.8507
6.15238	40.8757
6.1559	40.9007
6.15593	40.9257
6.15601	40.9507
6.15603	40.9757
6.15604	41.0007
6.16024	41.025
6.16026	41.0494
6.16224	41.0738
6.1643	41.0982
6.16432	41.1226
6.16433	41.147
6.16434	41.1714
6.1644	41.1958
6.16444	41.2202
6.16856	41.2446
6.1686	41.2689
6.16861	41.2933
6.17063	41.3177
6.17066	41.3421
6.17067	41.3665
6.17291	41.3909
6.17301	41.4153
6.17318	41.4397
6.17636	41.4641
6.17639	41.4885
6.1764	41.5129
6.17641	41.5372
6.18055	41.5616
6.18058	41.586
6.18067	41.6104
6.18483	41.6348
6.19329	41.6592
6.19331	41.6836
6.19336	41.708
6.19339	41.7324
6.1987	41.7568
6.19952	41.7811
6.19961	41.8055
6.19963	41.8299
6.19972	41.8543
6.19973	41.8787
6.2051	41.9031
6.20519	41.9275
6.20528	41.9519
6.20535	41.9763
6.20538	42.0007
6.2054	42.0245
6.2055	42.0483
6.20556	42.0721
6.21049	42.0959
6.21051	42.1197
6.21053	42.1435
6.21054	42.1673
6.21055	42.1911
6.21371	42.2149
6.21373	42.2388
6.21379	42.2626
6.21387	42.2864
6.21396	42.3102
6.21779	42.334
6.21853	42.3578
6.21855	42.3816
6.21856	42.4054
6.21857	42.4292
6.21862	42.453
6.21866	42.4768
6.21867	42.5007
6.21872	42.5245
6.22397	42.5483
6.22399	42.5721
6.22408	42.5959
6.23977	42.6197
6.23988	42.6435
6.24512	42.6673
6.24515	42.6911
6.24516	42.7149
6.25319	42.7388
6.25816	42.7626
6.25818	42.7864
6.2582	42.8102
6.25821	42.834
6.25822	42.8578
6.25827	42.8816
6.26296	42.9054
6.26365	42.9292
6.26367	42.953
6.26369	42.9768
6.2637	43.0007
6.26376	43.0239
6.26719	43.0472
6.26722	43.0704
6.26723	43.0937
6.26724	43.1169
6.26725	43.1402
6.2673	43.1634
6.26734	43.1867
6.27216	43.21
6.27218	43.2332
6.27546	43.2565
6.28042	43.2797
6.28045	43.303
6.28046	43.3262
6.28047	43.3495
6.28051	43.3727
6.28055	43.396
6.28061	43.4193
6.28552	43.4425
6.28554	43.4658
6.28555	43.489
6.28559	43.5123
6.28564	43.5355
6.28566	43.5588
6.28568	43.5821
6.30152	43.6053
6.30211	43.6286
6.30282	43.6518
6.30354	43.6751
6.30357	43.6983
6.31689	43.7216
6.31693	43.7448
6.31694	43.7681
6.31892	43.7914
6.31896	43.8146
6.32039	43.8379
6.32399	43.8611
6.32743	43.8844
6.32746	43.9076
6.32747	43.9309
6.3275	43.9541
6.32757	43.9774
6.32759	44.0007
6.32763	44.0234
6.33308	44.0461
6.33313	44.0688
6.33314	44.0916
6.33318	44.1143
6.33322	44.137
6.33849	44.1597
6.33852	44.1825
6.34006	44.2052
6.34017	44.2279
6.34021	44.2507
6.34023	44.2734
6.34028	44.2961
6.34564	44.3188
6.34569	44.3416
6.34576	44.3643
6.34583	44.387
6.34603	44.4097
6.35774	44.4325
6.35776	44.4552
6.35989	44.4779
6.35995	44.5007
6.36	44.5234
6.36008	44.5461
6.36017	44.5688
6.36333	44.5916
6.36336	44.6143
6.36469	44.637
6.36472	44.6597
6.36616	44.6825
6.36969	44.7052
6.37169	44.7279
6.37178	44.7507
6.37181	44.7734
6.37612	44.7961
6.3768	44.8188
6.37687	44.8416
6.37699	44.8643
6.38215	44.887
6.38218	44.9097
6.38223	44.9325
6.38227	44.9552
6.38231	44.9779
6.38235	45.0007
6.38238	45.0229
6.38784	45.0451
6.38794	45.0673
6.38797	45.0895
6.38798	45.1118
6.38802	45.134
6.39985	45.1562
6.39987	45.1784
6.40346	45.2007
6.40349	45.2229
6.4035	45.2451
6.40351	45.2673
6.40356	45.2895
6.40358	45.3118
6.40859	45.334
6.40973	45.3562
6.41532	45.3784
6.4161	45.4007
6.4183	45.4229
6.41833	45.4451
6.41835	45.4673
6.42171	45.4895
6.42173	45.5118
6.42174	45.534
6.42176	45.5562
6.42182	45.5784
6.42187	45.6007
6.42189	45.6229
6.4274	45.6451
6.42805	45.6673
6.4323	45.6895
6.43236	45.7118
6.43237	45.734
6.43511	45.7562
6.43792	45.7784
6.43795	45.8007
6.43799	45.8229
6.43803	45.8451
6.43808	45.8673
6.44338	45.8895
6.44417	45.9118
6.44422	45.934
6.44427	45.9562
6.4443	45.9784
6.44432	46.0007
6.44436	46.0224
6.45692	46.0441
6.45695	46.0659
6.45696	46.0876
6.45985	46.1094
6.45993	46.1311
6.46002	46.1528
6.46254	46.1746
6.46327	46.1963
6.4647	46.218
6.46481	46.2398
6.46669	46.2615
6.46671	46.2833
6.47097	46.305
6.471	46.3267
6.47101	46.3485
6.47376	46.3702
6.48163	46.392
6.48177	46.4137
6.48195	46.4354
6.48202	46.4572
6.4872	46.4789
6.48794	46.5007
6.48797	46.5224
6.48798	46.5441
6.48799	46.5659
6.488	46.5876
6.48805	46.6094
6.48809	46.6311
6.48811	46.6528
6.49488	46.6746
6.4949	46.6963
6.49492	46.718
6.49496	46.7398
6.495	46.7615
6.49501	46.7833
6.49506	46.805
6.50031	46.8267
6.50406	46.8485
6.50408	46.8702
6.50409	46.892
6.50425	46.9137
6.50975	46.9354
6.50982	46.9572
6.51103	46.9789
6.51106	47.0007
6.51107	47.0219
6.51108	47.0432
6.51109	47.0645
6.51114	47.0858
6.52239	47.107
6.52243	47.1283
6.52442	47.1496
6.52444	47.1709
6.52446	47.1921
6.52447	47.2134
6.52448	47.2347
6.52797	47.256
6.52867	47.2773
6.52884	47.2985
6.52886	47.3198
6.53296	47.3411
6.53298	47.3624
6.533	47.3836
6.53852	47.4049
6.53856	47.4262
6.53857	47.4475
6.5386	47.4687
6.54398	47.49
6.544	47.5113
6.54402	47.5326
6.5462	47.5538
6.54642	47.5751
6.54644	47.5964
6.55165	47.6177
6.55168	47.639
6.55901	47.6602
6.55903	47.6815
6.55905	47.7028
6.55906	47.7241
6.55907	47.7453
6.56314	47.7666
6.56317	47.7879
6.56865	47.8092
6.56874	47.8304
6.5688	47.8517
6.56887	47.873
6.56893	47.8943
6.569	47.9155
6.56909	47.9368
6.57409	47.9581
6.57424	47.9794
6.57427	48.0007
6.57429	48.0215
6.5743	48.0423
6.57953	48.0632
6.57955	48.084
6.58527	48.1048
6.58533	48.1257
6.5854	48.1465
6.58548	48.1673
6.59066	48.1882
6.59071	48.209
6.59079	48.2298
6.59086	48.2507
6.59092	48.2715
6.59102	48.2923
6.59107	48.3132
6.59598	48.334
6.59609	48.3548
6.59611	48.3757
6.59619	48.3965
6.60705	48.4173
6.60712	48.4382
6.60719	48.459
6.60729	48.4798
6.60735	48.5007
6.60741	48.5215
6.60753	48.5423
6.61243	48.5632
6.61246	48.584
6.61247	48.6048
6.61263	48.6257
6.61791	48.6465
6.61795	48.6673
6.61802	48.6882
6.6181	48.709
6.62361	48.7298
6.62363	48.7507
6.62364	48.7715
6.63441	48.7923
6.63463	48.8132
6.63469	48.834
6.6347	48.8548
6.6399	48.8757
6.64534	48.8965
6.64536	48.9173
6.64538	48.9382
6.64539	48.959
6.6454	48.9798
6.64545	49.0007
6.64549	49.0211
6.64551	49.0415
6.6508	49.0619
6.65082	49.0823
6.65083	49.1027
6.65098	49.1231
6.65635	49.1435
6.65645	49.1639
6.65648	49.1843
6.65663	49.2047
6.65669	49.2251
6.65677	49.2456
6.66173	49.266
6.66176	49.2864
6.66752	49.3068
6.66764	49.3272
6.67285	49.3476
6.67288	49.368
6.6729	49.3884
6.67295	49.4088
6.67821	49.4292
6.67824	49.4496
6.67825	49.47
6.67826	49.4905
6.67829	49.5109
6.6783	49.5313
6.68387	49.5517
6.68392	49.5721
6.68397	49.5925
6.68406	49.6129
6.68922	49.6333
6.68924	49.6537
6.69468	49.6741
6.69474	49.6945
6.69476	49.7149
6.69477	49.7353
6.70033	49.7558
6.70052	49.7762
6.70054	49.7966
6.70056	49.817
6.70555	49.8374
6.70558	49.8578
6.70559	49.8782
6.7113	49.8986
6.71132	49.919
6.71133	49.9394
6.71134	49.9598
6.71136	49.9802
6.71658	50.0007
6.72229	50.0207
6.72232	50.0407
6.72233	50.0607
6.7224	50.0807
6.72244	50.1007
6.72804	50.1207
6.7282	50.1407
6.73335	50.1607
6.73337	50.1807
6.73338	50.2007
6.73339	50.2207
6.73345	50.2407
6.73902	50.2607
6.73909	50.2807
6.74444	50.3007
6.74448	50.3207
6.74974	50.3407
6.74976	50.3607
6.74984	50.3807
6.74989	50.4007
6.7499	50.4207
6.74994	50.4407
6.75538	50.4607
6.75546	50.4807
6.75554	50.5007
6.7557	50.5207
6.75589	50.5407
6.76071	50.5607
6.76074	50.5807
6.76075	50.6007
6.76091	50.6207
6.76641	50.6407
6.76647	50.6607
6.7665	50.6807
6.76666	50.7007
6.77184	50.7207
6.77192	50.7407
6.77746	50.7607
6.77754	50.7807
6.7776	50.8007
6.77768	50.8207
6.78273	50.8407
6.78276	50.8607
6.78277	50.8807
6.78281	50.9007
6.78285	50.9207
6.78287	50.9407
6.78297	50.9607
6.78815	50.9807
6.78825	51.0007
6.79375	51.0203
6.79913	51.0399
6.79917	51.0595
6.79918	51.0791
6.79922	51.0987
6.79924	51.1183
6.7993	51.1379
6.80491	51.1575
6.80497	51.1771
6.80499	51.1967
6.81007	51.2163
6.81009	51.2359
6.8101	51.2556
6.81015	51.2752
6.81021	51.2948
6.81547	25.6474
6.82648	25.6874
6.8265	25.7274
6.82654	25.7674
6.82656	25.8074
6.82657	25.8474
6.82661	25.8874
6.82664	25.9274
6.83198	25.9674
6.832	26.0074
6.83201	26.0458
6.8321	26.0843
6.84837	26.1228
6.84838	26.1612
6.84844	26.1997
6.8485	26.2382
6.84851	26.2766
6.85376	26.3151
6.85378	26.3535
6.85379	26.392
6.85382	26.4305
6.85385	26.4689
6.85388	26.5074
6.85389	26.5458
6.8539	26.5843
6.8594	26.6228
6.85942	26.6612
6.85951	26.6997
6.85953	26.7382
6.85954	26.7766
6.85961	26.8151
6.86499	26.8535
6.86507	26.892
6.8651	26.9305
6.86513	26.9689
6.86516	27.0074
6.86524	27.0444
6.87039	27.0815
6.87571	27.1185
6.87574	27.1555
6.87575	27.1926
6.87576	27.2296
6.8817	27.2666
6.88179	27.3037
6.88667	27.3407
6.88669	27.3778
6.8867	27.4148
6.88687	27.4518
6.89232	27.4889
6.89234	27.5259
6.90347	27.5629
6.90349	27.6
6.90351	27.637
6.90354	27.6741
6.90359	27.7111
6.91674	27.7481
6.91677	27.7852
6.91678	27.8222
6.92212	27.8592
6.92217	27.8963
6.92219	27.9333
6.92224	27.9703
6.92229	28.0074
6.92777	28.0431
6.92783	28.0788
6.92794	28.1145
6.92797	28.1502
6.92803	28.186
6.93315	28.2217
6.93325	28.2574
6.93866	28.2931
6.9388	28.3288
6.93882	28.3645
6.93895	28.4002
6.94412	28.436
6.94415	28.4717
6.94962	28.5074
6.94965	28.5431
6.9497	28.5788
6.94979	28.6145
6.94984	28.6502
6.94989	28.686
6.97141	28.7217
6.97144	28.7574
6.97145	28.7931
6.97146	28.8288
6.97153	28.8645
6.97155	28.9002
6.97703	28.936
6.97712	28.9717
6.98249	29.0074
6.98254	29.0419
6.98257	29.0764
6.98802	29.1108
6.98805	29.1453
6.98806	29.1798
6.98826	29.2143
6.99894	29.2488
6.99905	29.2832
6.99915	29.3177
6.99937	29.3522
6.99939	29.3867
7.00429	29.4212
7.00452	29.4557
7.00983	29.4901
7.00988	29.5246
7.01	29.5591
7.01523	29.5936
7.01526	29.6281
7.02096	29.6626
7.02616	29.697
7.02621	29.7315
7.02628	29.766
7.0263	29.8005
7.02634	29.835
7.03178	29.8695
7.04298	29.9039
7.04328	29.9384
7.04337	29.9729
7.04345	30.0074
7.04824	30.0407
7.05385	30.0741
7.05939	30.1074
7.05952	30.1407
7.0647	30.1741
7.06483	30.2074
7.06485	30.2407
7.06493	30.2741
7.06497	30.3074
7.06499	30.3407
7.07012	30.3741
7.07017	30.4074
7.07026	30.4407
7.08117	30.4741
7.0813	30.5074
7.08662	30.5407
7.08664	30.5741
7.08676	30.6074
7.08678	30.6407
7.08688	30.6741
7.08691	30.7074
7.09203	30.7407
7.09206	30.7741
7.09207	30.8074
7.10898	30.8407
7.10901	30.8741
7.10903	30.9074
7.10904	30.9407
7.1144	30.9741
7.11443	31.0074
7.11469	31.0396
7.12533	31.0719
7.12535	31.1042
7.12536	31.1364
7.12537	31.1687
7.13105	31.2009
7.13107	31.2332
7.13109	31.2655
7.1311	31.2977
7.13122	31.33
7.14215	31.3622
7.1472	31.3945
7.14723	31.4267
7.15812	31.459
7.15815	31.4913
7.15816	31.5235
7.15818	31.5558
7.15824	31.588
7.15827	31.6203
7.15828	31.6525
7.15829	31.6848
7.16371	31.7171
7.16374	31.7493
7.17	31.7816
7.17012	31.8138
7.17024	31.8461
7.1703	31.8784
7.17477	15.9392
7.18556	16.0058
7.18558	16.0683
7.18564	16.1308
7.18565	16.1933
7.18572	16.2558
7.19102	16.3183
7.19104	16.3808
7.19105	16.4433
7.20238	16.5058
7.20239	16.5683
7.2024	16.6308
7.20242	16.6933
7.2078	16.7558
7.21903	16.8183
7.2191	16.8808
7.22427	16.9433
7.22431	17.0058
7.22434	17.0647
7.2296	17.1235
7.22963	17.1823
7.22966	17.2411
7.22971	17.3
7.22975	17.3588
7.23497	17.4176
7.23519	17.4764
7.24063	17.5353
7.24066	17.5941
7.24067	17.6529
7.24068	17.7117
7.27544	17.7705
7.27547	17.8294
7.27548	17.8882
7.27549	17.947
7.27849	18.0058
7.27853	18.0614
7.28387	18.117
7.28389	18.1725
7.28692	18.2281
7.28699	18.2836
7.2871	18.3392
7.28713	18.3947
7.2922	18.4503
7.29232	18.5058
7.29234	18.5614
7.29236	18.617
7.30312	18.6725
7.3252	18.7281
7.32537	18.7836
7.32545	18.8392
7.3256	18.8947
7.32566	18.9503
7.33053	19.0058
7.33612	19.0585
7.33629	19.1111
7.34184	19.1637
7.34192	19.2164
7.34198	19.269
7.34207	19.3216
7.34768	19.3743
7.34771	19.4269
7.34773	19.4795
7.34774	19.5322
7.34779	19.5848
7.36387	19.6374
7.37495	19.6901
7.37504	19.7427
7.37512	19.7953
7.37519	19.8479
7.37549	19.9006
7.38029	19.9532
7.38601	20.0058
7.40245	20.0558
7.40247	20.1058
7.40253	20.1558
7.40257	20.2058
7.40263	20.2558
7.4078	20.3058
7.41886	20.3558
7.41903	20.4058
7.41905	20.4558
7.4192	20.5058
7.42419	20.5558
7.42421	20.6058
7.43514	20.6558
7.4352	20.7058
7.43522	20.7558
7.43524	20.8058
7.43525	20.8558
7.44606	20.9058
7.45192	20.9558
7.4571	21.0058
7.46833	21.0535
7.47341	21.1011
7.47351	21.1487
7.47355	21.1963
7.47357	21.2439
7.47907	21.2916
7.48443	21.3392
7.48446	21.3868
7.48452	21.4344
7.48457	21.482
7.48458	21.5297
7.48994	21.5773
7.50083	21.6249
7.50086	21.6725
7.50089	21.7201
7.5009	21.7677
7.50091	21.8154
7.50092	21.863
7.50658	21.9106
7.51476	21.9582
7.51597	22.0058
7.5167	22.0513
7.51674	22.0968
7.51676	22.1422
7.51877	22.1877
7.51879	22.2331
7.51881	22.2786
7.52095	22.324
7.52101	22.3695
7.52301	22.4149
7.52308	22.4604
7.53014	22.5058
7.53786	22.5513
7.53789	22.5968
7.53794	22.6422
7.5419	22.6877
7.54192	22.7331
7.54575	22.7786
7.54595	22.824
7.55476	22.8695
7.55757	22.9149
7.56827	22.9604
7.57021	23.0058
7.5765	23.0493
7.57652	23.0928
7.57654	23.1363
7.57655	23.1798
7.58079	23.2232
7.5821	23.2667
7.58219	23.3102
7.58221	23.3537
7.58226	23.3971
7.58771	23.4406
7.58774	23.4841
7.58775	23.5276
7.5878	23.5711
7.58785	23.6145
7.5879	23.658
7.59343	23.7015
7.59352	23.745
7.59968	23.7885
7.5998	23.8319
7.6103	23.8754
7.61948	23.9189
7.6195	23.9624
7.61951	24.0058
7.61955	24.0475
7.6196	24.0892
7.61961	24.1308
7.61966	24.1725
7.62516	24.2142
7.63063	24.2558
7.63071	24.2975
7.63079	24.3392
7.63085	24.3808
7.6309	24.4225
7.63093	24.4642
7.63098	24.5058
7.63589	24.5475
7.63593	24.5892
7.63594	24.6308
7.64692	24.6725
7.64694	24.7142
7.64696	24.7558
7.65791	24.7975
7.66886	24.8392
7.6689	24.8808
7.669	24.9225
7.67428	24.9642
7.67431	25.0058
7.67433	25.0458
7.67446	25.0858
7.67448	25.1258
7.67997	25.1658
7.68527	25.2058
7.68541	25.2458
7.68543	25.2858
7.68546	25.3258
7.69071	25.3658
7.69074	25.4058
7.69087	25.4458
7.69091	25.4858
7.69647	25.5258
7.69655	25.5658
7.69661	25.6058
7.70175	25.6458
7.70176	25.6858
7.70181	25.7258
7.71811	25.7658
7.71829	25.8058
7.72362	25.8458
7.7237	25.8858
7.72374	25.9258
7.72375	25.9658
7.72927	26.0058
7.7293	26.0443
7.72939	26.0828
7.72941	26.1212
7.7347	26.1597
7.73473	26.1982
7.73474	26.2366
7.73475	26.2751
7.73478	26.3135
7.74055	26.352
7.74063	26.3905
7.74074	26.4289
7.74563	26.4674
7.7513	26.5058
7.75669	26.5443
7.75684	26.5828
7.75685	26.6212
7.76203	26.6597
7.76769	26.6982
7.77854	26.7366
7.77861	26.7751
7.7787	26.8135
7.77877	26.852
7.78401	26.8905
7.7841	26.9289
7.78412	26.9674
7.78944	27.0058
7.78946	27.0429
7.78948	27.0799
7.78954	27.117
7.7896	27.154
7.78963	27.191
7.78964	27.2281
7.78965	27.2651
7.80593	27.3021
7.80601	27.3392
7.80604	27.3762
7.80606	27.4133
7.8061	27.4503
7.81699	27.4873
7.81709	27.5244
7.81717	27.5614
7.81721	27.5984
7.81725	27.6355
7.81729	27.6725
7.83335	27.7095
7.83339	27.7466
7.84414	27.7836
7.84416	27.8207
7.84418	27.8577
7.84419	27.8947
7.84433	27.9318
7.84988	27.9688
7.84992	28.0058
7.84993	28.0416
7.84994	28.0773
7.85517	28.113
7.85519	28.1487
7.85523	28.1844
7.85526	28.2201
7.85536	28.2558
7.86612	28.2916
7.86616	28.3273
7.86626	28.363
7.87156	28.3987
7.87158	28.4344
7.87706	28.4701
7.87712	28.5058
7.87715	28.5416
7.88267	28.5773
7.88272	28.613
7.88284	28.6487
7.88289	28.6844
7.88297	28.7201
7.88815	28.7558
7.89367	28.7916
7.8938	28.8273
7.89389	28.863
7.89397	28.8987
7.91036	28.9344
7.91044	28.9701
7.91046	29.0058
7.91053	29.0403
7.91536	29.0748
7.91538	29.1093
7.91539	29.1438
7.9154	29.1783
7.92117	29.2127
7.92127	29.2472
7.93197	29.2817
7.93199	29.3162
7.93742	29.3507
7.93744	29.3852
7.93754	29.4196
7.93761	29.4541
7.93765	29.4886
7.93769	29.5231
7.94282	29.5576
7.9429	29.5921
7.94822	29.6265
7.94826	29.661
7.94827	29.6955
7.94828	29.73
7.95406	29.7645
7.95415	29.7989
7.95429	29.8334
7.95918	29.8679
7.97027	29.9024
7.97032	29.9369
7.97035	29.9714
7.97036	30.0058
7.97039	30.0392
7.97042	30.0725
7.97588	30.1058
7.98126	30.1392
7.98128	30.1725
7.98131	30.2058
7.98663	30.2392
7.98759	30.2725
7.99129	30.3058
7.99233	30.3392
7.99238	30.3725
7.9924	30.4058
7.99248	30.4392
7.99251	30.4725
7.99252	30.5058
7.99826	30.5392
7.99828	30.5725
8.0035	30.6058
8.00355	30.6392
8.00357	30.6725
8.00358	30.7058
8.00359	30.7392
8.00361	30.7725
8.009	30.8058
8.01444	30.8392
8.01446	30.8725
8.01447	30.9058
8.01448	30.9392
8.01981	30.9725
8.01984	31.0058
8.01985	31.0381
8.01986	31.0704
8.01999	31.1026
8.02558	31.1349
8.02567	31.1671
8.02596	31.1994
8.02609	31.2317
8.02612	31.2639
8.03632	31.2962
8.03644	31.3284
8.04183	31.3607
8.04186	31.3929
8.042	31.4252
8.04201	31.4575
8.04726	31.4897
8.05845	31.522
8.05885	31.5542
8.05893	31.5865
8.06364	31.6187
8.06367	31.651
8.06368	31.6833
8.0637	31.7155
8.06375	31.7478
8.06376	31.78
8.06377	31.8123
8.06378	31.8446
8.06926	31.8768
8.06928	31.9091
8.06929	31.9413
8.06932	31.9736
8.06939	32.0058
8.06941	32.0371
8.06942	32.0683
8.08006	32.0996
8.08563	32.1308
8.08566	32.1621
8.08568	32.1933
8.08569	32.2246
8.09122	32.2558
8.09124	32.2871
8.09648	32.3183
8.09653	32.3496
8.09661	32.3808
8.09665	32.4121
8.09667	32.4433
8.10749	32.4746
8.10849	32.5058
8.10981	32.5371
8.11055	32.5683
8.11844	32.5996
8.11846	32.6308
8.12369	32.6621
8.12372	32.6933
8.12373	32.7246
8.12374	32.7558
8.1268	32.7871
8.12682	32.8183
8.12687	32.8496
8.12691	32.8808
8.12693	32.9121
8.13232	32.9433
8.13235	32.9746
8.13236	33.0058
8.13663	33.0361
8.13669	33.0664
8.14216	33.0968
8.14222	33.1271
8.14225	33.1574
8.14226	33.1877
8.14752	33.218
8.14755	33.2483
8.15855	33.2786
8.1586	33.3089
8.15862	33.3392
8.15866	33.3695
8.16388	33.3998
8.16391	33.4301
8.16392	33.4604
8.16941	33.4907
8.16949	33.521
8.16953	33.5513
8.17484	33.5816
8.17486	33.6119
8.17494	33.6422
8.17521	33.6725
8.18035	33.7028
8.18038	33.7331
8.1804	33.7634
8.18041	33.7937
8.18042	33.824
8.18043	33.8543
8.19134	33.8846
8.19141	33.9149
8.19673	33.9452
8.19675	33.9755
8.19684	34.0058
8.19686	34.0353
8.1969	34.0647
8.19695	34.0941
8.19698	34.1235
8.20217	34.1529
8.2023	34.1823
8.20237	34.2117
8.20242	34.2411
8.21316	34.2705
8.21319	34.3
8.21322	34.3294
8.21327	34.3588
8.21328	34.3882
8.21856	34.4176
8.21875	34.447
8.22948	34.4764
8.22956	34.5058
8.22959	34.5353
8.22961	34.5647
8.22966	34.5941
8.23498	34.6235
8.23506	34.6529
8.24601	34.6823
8.24605	34.7117
8.25153	34.7411
8.25156	34.7705
8.25157	34.8
8.25681	34.8294
8.26246	34.8588
8.26253	34.8882
8.26258	34.9176
8.26267	34.947
8.26273	34.9764
8.26796	35.0058
8.27326	35.0344
8.27331	35.063
8.27333	35.0916
8.27334	35.1201
8.27335	35.1487
8.27341	35.1773
8.27345	35.2058
8.27346	35.2344
8.27879	35.263
8.27885	35.2916
8.27888	17.6458
8.2789	17.7046
8.28417	17.7634
8.28422	17.8222
8.28423	17.8811
8.29521	17.9399
8.29525	17.9987
8.29529	18.0575
8.30061	18.1131
8.30602	18.1687
8.31151	18.2242
8.31156	18.2798
8.31163	18.3353
8.31167	18.3909
8.31168	18.4464
8.31173	18.502
8.31707	18.5575
8.31709	18.6131
8.31711	18.6687
8.32251	18.7242
8.32253	18.7798
8.32264	18.8353
8.32275	18.8909
8.32277	18.9464
8.32797	19.002
8.32807	19.0546
8.32808	19.1073
8.33344	19.1599
8.33347	19.2125
8.33348	19.2651
8.33362	19.3178
8.33891	19.3704
8.33893	19.423
8.33894	19.4757
8.34439	19.5283
8.37169	19.5809
8.37176	19.6336
8.37717	19.6862
8.37719	19.7388
8.37728	19.7915
8.3773	19.8441
8.37733	19.8967
8.38281	19.9494
8.38283	20.002
8.38285	20.052
8.38289	20.102
8.3829	20.152
8.38291	20.202
8.38834	20.252
8.38838	20.302
8.3884	20.352
8.38841	20.402
8.38841	20.452
8.39928	20.502
8.40697	20.552
8.41558	20.602
8.41562	20.652
8.41563	20.702
8.41564	20.752
8.41565	20.802
8.41566	20.852
8.4204	20.902
8.42043	20.952
8.42044	21.002
8.42045	21.0496
8.42046	21.0972
8.42047	21.1448
8.42671	21.1925
8.42954	21.2401
8.42959	21.2877
8.42961	21.3353
8.43411	21.3829
8.44464	21.4306
8.44881	21.4782
8.44884	21.5258
8.45733	21.5734
8.45743	21.621
8.46292	21.6687
8.46294	21.7163
8.463	21.7639
8.46306	21.8115
8.46309	21.8591
8.4631	21.9068
8.46832	21.9544
8.46834	22.002
8.47277	22.0474
8.4728	22.0929
8.47283	22.1384
8.47285	22.1838
8.47288	22.2293
8.4729	22.2747
8.47825	22.3202
8.48395	22.3656
8.48402	22.4111
8.48748	22.4565
8.4875	22.502
8.50018	22.5474
8.50021	22.5929
8.50314	22.6384
8.50317	22.6838
8.50319	22.7293
8.5032	22.7747
8.50576	22.8202
8.50578	22.8656
8.50579	22.9111
8.50586	22.9565
8.50932	23.002
8.50935	23.0455
8.51421	23.0889
8.51423	23.1324
8.51424	23.1759
8.51432	23.2194
8.51765	23.2629
8.52049	23.3063
8.52619	23.3498
8.52639	23.3933
8.52663	23.4368
8.5267	23.4802
8.53619	23.5237
8.54169	23.5672
8.54184	23.6107
8.54305	23.6542
8.54308	23.6976
8.54309	23.7411
8.5431	23.7846
8.54847	23.8281
8.54849	23.8716
8.54851	23.915
8.55084	23.9585
8.55087	24.002
8.55091	24.0437
8.55092	24.0853
8.55093	24.127
8.55094	24.1687
8.55931	24.2103
8.57108	24.252
8.5711	24.2937
8.57111	24.3353
8.57115	24.377
8.57458	24.4187
8.57821	24.4603
8.57823	24.502
8.5816	24.5437
8.58163	24.5853
8.58164	24.627
8.58515	24.6687
8.58517	24.7103
8.58817	24.752
8.59293	24.7937
8.59295	24.8353
8.59848	24.877
8.59855	24.9187
8.59869	24.9603
8.59873	25.002
8.60133	25.042
8.60143	25.082
8.60145	25.122
8.6015	25.162
8.60155	25.202
8.61237	25.242
8.61239	25.282
8.61245	25.322
8.61254	25.362
8.61786	25.402
8.62239	25.442
8.62242	25.482
8.62243	25.522
8.62246	25.562
8.63416	25.602
8.63949	25.642
8.63952	25.682
8.63954	25.722
8.63957	25.762
8.64502	25.802
8.64775	25.842
8.64787	25.882
8.64789	25.922
8.65323	25.962
8.65331	26.002
8.65335	26.0404
8.65341	26.0789
8.65343	26.1174
8.65869	26.1558
8.65875	26.1943
8.66417	26.2328
8.66419	26.2712
8.66425	26.3097
8.66427	26.3481
8.66429	26.3866
8.66969	26.4251
8.66983	26.4635
8.66986	26.502
8.67513	26.5404
8.68069	26.5789
8.68071	26.6174
8.68601	26.6558
8.68604	26.6943
8.68609	26.7328
8.68623	26.7712
8.69143	26.8097
8.69155	26.8481
8.69707	26.8866
8.71238	26.9251
8.7124	26.9635
8.71244	27.002
8.71247	27.039
8.71805	27.0761
8.71811	27.1131
8.71821	27.1501
8.72159	27.1872
8.72164	27.2242
8.72165	27.2612
8.72171	27.2983
8.72707	27.3353
8.72709	27.3724
8.72716	27.4094
8.72725	27.4464
8.72729	27.4835
8.73251	27.5205
8.7382	27.5575
8.73822	27.5946
8.73825	27.6316
8.74347	27.6687
8.74349	27.7057
8.74892	27.7427
8.75492	27.7798
8.75502	27.8168
8.75998	27.8538
8.76001	27.8909
8.76002	27.9279
8.76005	27.965
8.7601	28.002
8.76571	28.0377
8.76599	28.0734
8.7709	28.1091
8.77095	28.1448
8.771	28.1806
8.77102	28.2163
8.77663	28.252
8.77672	28.2877
8.78196	28.3234
8.78199	28.3591
8.78204	28.3948
8.78207	28.4306
8.78209	28.4663
8.78743	28.502
8.78745	28.5377
8.79294	28.5734
8.79306	28.6091
8.79314	28.6448
8.80378	28.6806
8.80397	28.7163
8.80406	28.752
8.8092	28.7877
8.82018	28.8234
8.82024	28.8591
8.82026	28.8948
8.82031	28.9306
8.82034	28.9663
8.82569	29.002
8.82572	29.0365
8.82573	29.071
8.82574	29.1054
8.82575	29.1399
8.82586	29.1744
8.82588	29.2089
8.8259	29.2434
8.83108	29.2779
8.83131	29.3123
8.83135	29.3468
8.83658	29.3813
8.83661	29.4158
8.8367	29.4503
8.83671	29.4847
8.84756	29.5192
8.84759	29.5537
8.8476	29.5882
8.84776	29.6227
8.85307	29.6572
8.8531	29.6916
8.85313	29.7261
8.8585	29.7606
8.85857	29.7951
8.85886	29.8296
8.85893	29.8641
8.85898	29.8985
8.86448	29.933
8.86938	29.9675
8.86957	30.002
8.8696	30.0353
8.86963	30.0687
8.87481	30.102
8.87484	30.1353
8.87485	30.1687
8.87496	30.202
8.88028	30.2353
8.8803	30.2687
8.88032	30.302
8.88033	30.3353
8.89138	30.3687
8.89139	30.402
8.89141	30.4353
8.89672	30.4687
8.89674	30.502
8.89686	30.5353
8.90289	30.5687
8.90291	30.602
8.90292	30.6353
8.90293	30.6687
8.90802	30.702
8.91353	30.7353
8.91355	30.7687
8.91368	30.802
8.9137	30.8353
8.91372	30.8687
8.9191	30.902
8.92489	30.9353
8.92491	30.9687
8.92494	31.002
8.92495	31.0342
8.93002	31.0665
8.93005	31.0988
8.9301	31.131
8.93016	31.1633
8.93556	31.1955
8.9356	31.2278
8.93561	31.2601
8.93562	31.2923
8.94092	31.3246
8.94098	31.3568
8.941	31.3891
8.94111	31.4213
8.94115	31.4536
8.94658	31.4859
8.94661	31.5181
8.95205	31.5504
8.95207	31.5826
8.95209	31.6149
8.95755	31.6471
8.96302	31.6794
8.96306	31.7117
8.96307	31.7439
8.96308	31.7762
8.96843	31.8084
8.96845	31.8407
8.96847	31.873
8.97386	31.9052
8.97388	31.9375
8.97393	31.9697
8.97931	32.002
8.97934	32.0332
8.97935	32.0645
8.97936	32.0957
8.97937	32.127
8.98473	32.1582
8.98479	32.1895
8.98482	32.2207
8.98484	32.252
8.9849	32.2832
8.98494	32.3145
8.99027	32.3457
8.99035	32.377
8.9956	32.4082
8.9957	32.4395
8.99575	32.4707
8.9958	32.502
8.99584	32.5332
9.00113	32.5645
9.00656	32.5957
9.00659	32.627
9.00672	32.6582
9.00675	32.6895
9.00677	32.7207
9.01766	32.752
9.02327	32.7832
9.02329	32.8145
9.02847	32.8457
9.02849	32.877
9.02856	32.9082
9.02859	32.9395
9.02861	32.9707
9.03402	33.002
9.03415	33.0323
9.03427	33.0626
9.03449	33.0929
9.03938	33.1232
9.04531	33.1535
9.04533	33.1838
9.05039	33.2141
9.05042	33.2444
9.05043	33.2747
9.05044	33.305
9.05045	33.3353
9.056	33.3656
9.06158	33.3959
9.06161	33.4262
9.06162	33.4565
9.06688	33.4868
9.06691	33.5171
9.06692	33.5474
9.06987	33.5777
9.06989	33.608
9.06991	33.6384
9.06995	33.6687
9.06999	33.699
9.07535	33.7293
9.07537	33.7596
9.07538	33.7899
9.07539	33.8202
9.08074	33.8505
9.08076	33.8808
9.08077	33.9111
9.08079	33.9414
9.09167	33.9717
9.09172	34.002
9.09177	34.0314
9.09182	34.0608
9.09184	34.0902
9.09186	34.1196
9.09709	34.149
9.09711	34.1785
9.09712	34.2079
9.09713	34.2373
9.09718	34.2667
9.09726	34.2961
9.09728	34.3255
9.10286	34.3549
9.10303	34.3843
9.10305	34.4138
9.10824	34.4432
9.11207	34.4726
9.11211	34.502
9.11213	34.5314
9.11215	34.5608
9.11218	34.5902
9.11621	34.6196
9.11623	34.649
9.11624	34.6785
9.11625	34.7079
9.11635	34.7373
9.11637	34.7667
9.11642	34.7961
9.13452	34.8255
9.13456	34.8549
9.13916	34.8843
9.14789	34.9138
9.15257	34.9432
9.1526	34.9726
9.15729	35.002
9.15732	35.0306
9.15733	35.0591
9.15735	35.0877
9.15736	35.1163
9.15741	35.1448
9.15743	35.1734
9.15747	35.202
9.16296	35.2306
9.16299	35.2591
9.163	35.2877
9.16305	35.3163
9.1631	35.3448
9.16313	35.3734
9.16315	35.402
9.16319	35.4306
9.16851	35.4591
9.16853	35.4877
9.16854	35.5163
9.16858	35.5448
9.16869	35.5734
9.1687	35.602
9.17401	35.6306
9.17717	35.6591
9.17725	35.6877
9.17734	35.7163
9.17736	35.7448
9.1812	35.7734
9.18713	35.802
9.18729	35.8306
9.19303	35.8591
9.19305	35.8877
9.19812	35.9163
9.19816	35.9448
9.19817	35.9734
9.19824	36.002
9.19827	36.0298
9.19829	36.0575
9.20361	36.0853
9.20377	36.1131
9.20379	36.1409
9.20383	36.1687
9.20394	36.1964
9.20922	36.2242
9.21438	36.252
9.21441	36.2798
9.21442	36.3075
9.21443	36.3353
9.21445	36.3631
9.21457	36.3909
9.21991	36.4187
9.21993	36.4464
9.21995	36.4742
9.21997	36.502
9.22001	36.5298
9.22904	36.5575
9.22907	36.5853
9.23275	36.6131
9.23279	36.6409
9.2328	36.6687
9.23281	36.6964
9.23805	36.7242
9.23811	36.752
9.23816	36.7798
9.24542	36.8075
9.24905	36.8353
9.24908	36.8631
9.24909	36.8909
9.24911	36.9187
9.24918	36.9464
9.2492	36.9742
9.25455	37.002
9.25468	37.029
9.25474	37.056
9.26016	37.0831
9.26018	37.1101
9.2655	37.1371
9.26552	37.1642
9.26554	37.1912
9.26555	37.2182
9.26561	37.2452
9.26565	37.2723
9.27091	37.2993
9.27093	37.3263
9.27094	37.3533
9.27105	37.3804
9.2711	37.4074
9.27643	37.4344
9.27645	37.4614
9.27648	37.4885
9.29284	37.5155
9.29289	37.5425
9.29291	37.5696
9.29293	37.5966
9.29835	37.6236
9.29838	37.6506
9.29842	37.6777
9.29858	37.7047
9.2986	37.7317
9.30922	37.7587
9.30925	37.7858
9.30926	37.8128
9.30929	37.8398
9.31476	37.8669
9.31478	37.8939
9.3148	37.9209
9.31481	37.9479
9.31489	37.975
9.32014	38.002
9.32017	38.0283
9.32018	38.0546
9.32019	38.0809
9.32023	38.1073
9.32028	38.1336
9.32032	38.1599
9.32565	38.1862
9.32568	38.2125
9.32569	38.2388
9.3257	38.2651
9.32575	38.2915
9.3258	38.3178
9.3314	38.3441
9.33142	38.3704
9.33144	38.3967
9.33145	38.423
9.33146	38.4494
9.33669	38.4757
9.35319	38.502
9.35325	38.5283
9.35329	38.5546
9.35331	38.5809
9.35861	38.6073
9.36404	38.6336
9.36406	38.6599
9.36408	38.6862
9.36409	38.7125
9.3641	38.7388
9.36415	38.7651
9.36419	38.7915
9.3684	38.8178
9.36843	38.8441
9.36858	38.8704
9.36861	38.8967
9.36862	38.923
9.37393	38.9494
9.37396	38.9757
9.37758	39.002
9.37761	39.0276
9.37762	39.0533
9.37764	39.0789
9.37769	39.1046
9.37771	39.1302
9.37773	39.1558
9.38885	39.1815
9.39394	39.2071
9.39397	39.2328
9.39398	39.2584
9.39399	39.284
9.394	39.3097
9.39407	39.3353
9.39409	39.361
9.39411	39.3866
9.39956	39.4122
9.39958	39.4379
9.41085	39.4635
9.4217	39.4892
9.42175	39.5148
9.42689	39.5404
9.42694	39.5661
9.42705	39.5917
9.42709	39.6174
9.43248	39.643
9.4325	39.6687
9.43258	39.6943
9.43263	39.7199
9.43268	39.7456
9.43277	39.7712
9.43284	39.7969
9.43293	39.8225
9.4378	39.8481
9.43782	39.8738
9.43793	39.8994
9.44426	39.9251
9.4443	39.9507
9.44431	39.9763
9.4444	40.002
9.44443	40.027
9.4445	40.052
9.44931	40.077
9.44934	40.102
9.44936	40.127
9.45495	40.152
9.46037	40.177
9.46041	40.202
9.46568	40.227
9.46571	40.252
9.46572	40.277
9.46575	40.302
9.46581	40.327
9.46583	40.352
9.46585	40.377
9.47133	40.402
9.48779	40.427
9.49318	40.452
9.4932	40.477
9.49324	40.502
9.49867	40.527
9.49872	40.552
9.49873	40.577
9.49874	20.2885
9.50503	20.3385
9.50505	20.3885
9.50506	20.4385
9.50507	20.4885
9.50508	20.5385
9.50509	20.5885
9.51046	20.6385
9.51047	20.6885
9.51048	20.7385
9.51059	20.7885
9.51061	20.8385
9.52137	20.8885
9.52139	20.9385
9.52702	20.9885
9.52704	21.0385
9.53236	21.0861
9.53237	21.1337
9.53766	21.1814
9.53768	21.229
9.53773	21.2766
9.53781	21.3242
9.53787	21.3718
9.53794	21.4194
9.53807	21.4671
9.53811	21.5147
9.54309	21.5623
9.54312	21.6099
9.54313	21.6575
9.54324	21.7052
9.54329	21.7528
9.54331	21.8004
9.56014	21.848
9.56591	21.8956
9.56593	21.9433
9.56594	21.9909
9.57687	22.0385
9.57691	22.0839
9.57693	22.1294
9.61608	22.1749
9.61611	22.2203
9.61615	22.2658
9.61619	22.3112
9.62191	22.3567
9.62193	22.4021
9.62201	22.4476
9.62204	22.493
9.62209	22.5385
9.62221	22.5839
9.62226	22.6294
9.62231	22.6749
9.62733	22.7203
9.64459	22.7658
9.64462	22.8112
9.65023	22.8567
9.65025	22.9021
9.65027	22.9476
9.65028	22.993
9.65029	23.0385
9.65031	23.082
9.65041	23.1255
9.68889	23.1689
9.68899	23.2124
9.68901	23.2559
9.68902	23.2994
9.68904	23.3428
9.69973	23.3863
9.69977	23.4298
9.6998	23.4733
9.69981	23.5168
9.69983	23.5602
9.69985	23.6037
9.69988	23.6472
9.6999	23.6907
9.71113	11.8453
9.71116	11.9362
9.71671	12.0272
9.71673	12.1105
9.71674	12.1938
9.71675	12.2772
9.71676	12.3605
9.71687	12.4438
9.71689	12.5272
9.72241	12.6105
9.73552	12.6938
9.73569	12.7772
9.74106	12.8605
9.74109	12.9438
9.7489	13.0272
9.74894	13.1041
9.7491	13.181
9.74912	13.2579
9.75462	13.3348
9.75464	13.4118
9.7602	13.4887
9.76022	13.5656
9.76024	13.6425
9.76904	13.7195
9.76915	13.7964
9.76917	13.8733
9.78525	13.9502
9.78976	14.0272
9.7898	14.0986
9.79184	14.17
9.79193	14.2414
9.79612	14.3129
9.8027	14.3843
9.80273	14.4557
9.80682	14.5272
9.80717	14.5986
9.81567	14.67
9.8157	14.7414
9.81571	14.8129
9.83224	14.8843
9.83232	14.9557
9.83237	15.0272
9.83242	15.0938
9.83246	15.1605
9.84878	15.2272
9.84881	15.2938
9.84882	15.3605
9.84883	15.4272
9.85306	15.4938
9.85309	15.5605
9.85316	15.6272
9.85585	15.6938
9.85589	15.7605
9.86585	15.8272
9.86593	15.8938
9.86596	15.9605
9.86597	16.0272
9.87084	16.0897
9.87228	16.1522
9.87716	16.2147
9.87845	16.2772
9.87848	16.3397
9.87849	16.4022
9.8785	16.4647
9.88129	16.5272
9.882	16.5897
9.88275	16.6522
9.88346	16.7147
9.89376	16.7772
9.8952	16.8397
9.89606	16.9022
9.89608	16.9647
9.89804	17.0272
9.89949	17.086
9.9102	17.1448
9.91022	17.2036
9.91024	17.2624
9.91025	17.3213
9.91026	17.3801
9.91364	17.4389
9.91367	17.4977
9.91851	17.5566
9.93043	17.6154
9.93045	17.6742
9.93055	17.733
9.93063	17.7919
9.93065	17.8507
9.93575	17.9095
9.93747	17.9683
9.9438	18.0272
9.94382	18.0827
9.94393	18.1383
9.94402	18.1938
9.9472	18.2494
9.94722	18.3049
9.94724	18.3605
9.94727	18.416
9.95077	18.4716
9.96008	18.5272
9.96336	18.5827
9.96483	18.6383
9.96484	18.6938
9.96486	18.7494
9.96491	18.8049
9.97456	18.8605
9.98972	18.916
9.99043	18.9716
9.99182	19.0272
9.99186	19.0798
9.99188	19.1324
9.99412	19.185
9.9975	19.2377
9.99752	19.2903
9.99754	19.3429
9.99756	19.3956
10.0003	19.4482
10.0039	19.5008
10.0079	19.5535
10.0079	19.6061
10.0087	19.6587
10.0087	19.7114
10.0088	19.764
10.0193	19.8166
10.0194	19.8693
10.0247	19.9219
10.0247	19.9745
10.0261	20.0272
10.0264	20.0772
10.0264	20.1272
10.0347	20.1772
10.0347	20.2272
10.0402	20.2772
10.0403	20.3272
10.0404	20.3772
10.0439	20.4272
10.0493	20.4772
10.0493	20.5272
10.0494	20.5772
10.0495	20.6272
10.0496	20.6772
10.0549	20.7272
10.0657	20.7772
10.0684	20.8272
10.0685	20.8772
10.0685	20.9272
10.0685	20.9772
10.0718	21.0272
10.0719	21.0748
10.0732	21.1224
10.0733	21.17
10.0768	21.2176
10.0775	21.2652
10.0782	21.3129
10.0783	21.3605
10.0783	21.4081
10.0803	21.4557
10.0817	21.5033
10.0824	21.551
10.0824	21.5986
10.084	21.6462
10.0931	21.6938
10.0939	21.7414
10.0946	21.7891
10.0953	21.8367
10.0966	21.8843
10.0975	21.9319
10.0981	21.9795
10.0994	22.0272
10.0994	22.0726
10.1007	22.1181
10.1007	22.1635
10.1007	22.209
10.1042	22.2544
10.1042	22.2999
10.1063	22.3453
10.1063	22.3908
10.1063	22.4362
10.1063	22.4817
10.1064	22.5272
10.1143	22.5726
10.1228	22.6181
10.1229	22.6635
10.1282	22.709
10.1282	22.7544
10.1335	22.7999
10.1335	22.8453
10.1335	22.8908
10.1336	22.9362
10.1336	22.9817
10.139	23.0272
10.1391	23.0706
10.1391	23.1141
10.1391	23.1576
10.145	23.2011
10.145	23.2445
10.145	23.288
10.1451	23.3315
10.1451	23.375
10.1504	23.4185
10.1504	23.4619
10.1562	23.5054
10.1563	23.5489
10.1684	23.5924
10.1684	23.6358
10.1686	23.6793
10.1764	23.7228
10.1815	23.7663
10.1816	23.8098
10.1817	23.8532
10.1817	23.8967
10.1818	23.9402
10.187	23.9837
10.187	24.0272
10.187	24.0688
10.1871	24.1105
10.1928	24.1522
10.1983	24.1938
10.1983	24.2355
10.1984	24.2772
10.1985	24.3188
10.2036	24.3605
10.2036	24.4022
10.2037	24.4438
10.2038	24.4855
10.2115	24.5272
10.2184	24.5688
10.2185	24.6105
10.2185	24.6522
10.2186	24.6938
10.2227	24.7355
10.2228	24.7772
10.2229	24.8188
10.2229	24.8605
10.223	24.9022
10.2231	24.9438
10.2231	24.9855
10.2281	25.0272
10.2296	25.0672
10.2296	25.1072
10.2311	25.1472
10.2312	25.1872
10.2312	25.2272
10.2312	25.2672
10.2345	25.3072
10.2352	25.3472
10.236	25.3872
10.236	25.4272
10.2375	25.4672
10.251	25.5072
10.2668	25.5472
10.2675	25.5872
10.2687	25.6272
10.269	25.6672
10.2696	25.7072
10.2703	25.7472
10.2739	25.7872
10.274	25.8272
10.2759	25.8672
10.2759	25.9072
10.2759	25.9472
10.2759	25.9872
10.2783	26.0272
10.2783	26.0656
10.2809	26.1041
10.281	26.1425
10.281	26.181
10.281	26.2195
10.281	26.2579
10.281	26.2964
10.2852	26.3348
10.2873	26.3733
10.2874	26.4118
10.2893	26.4502
10.2893	26.4887
10.3021	26.5272
10.3021	26.5656
10.3022	26.6041
10.3057	26.6425
10.3058	26.681
10.3058	26.7195
10.3058	26.7579
10.3058	26.7964
10.3109	26.8348
10.314	26.8733
10.314	26.9118
10.3141	26.9502
10.3141	26.9887
10.3181	27.0272
10.3225	27.0642
10.3226	27.1012
10.3227	27.1383
10.3227	27.1753
10.3279	27.2123
10.3279	27.2494
10.3279	27.2864
10.3335	27.3234
10.3336	27.3605
10.3336	27.3975
10.3337	27.4346
10.3338	27.4716
10.3485	27.5086
10.3485	27.5457
10.3485	27.5827
10.3486	27.6197
10.3536	27.6568
10.3537	27.6938
10.3537	27.7309
10.3537	27.7679
10.3537	27.8049
10.3583	27.842
10.3584	27.879
10.3584	27.916
10.3585	27.9531
10.3585	27.9901
10.3642	28.0272
10.3696	28.0629
10.3696	28.0986
10.3696	28.1343
10.3751	28.17
10.3751	28.2057
10.3803	28.2414
10.3803	28.2772
10.3862	28.3129
10.3863	28.3486
10.3912	28.3843
10.3913	28.42
10.3969	28.4557
10.397	28.4914
10.4024	28.5272
10.4025	28.5629
10.4025	28.5986
10.4082	28.6343
10.4082	28.67
10.4133	28.7057
10.4134	28.7414
10.4134	28.7772
10.4145	28.8129
10.4145	28.8486
10.4145	28.8843
10.4146	28.92
10.4189	28.9557
10.4247	28.9914
10.4248	29.0272
10.4248	29.0616
10.4303	29.0961
10.4303	29.1306
10.4303	29.1651
10.4303	29.1996
10.4303	29.234
10.4304	29.2685
10.4355	29.303
10.4356	29.3375
10.4356	29.372
10.4466	29.4065
10.4525	29.4409
10.4526	29.4754
10.4574	29.5099
10.4574	29.5444
10.4576	29.5789
10.4576	29.6134
10.4631	29.6478
10.4633	29.6823
10.4633	29.7168
10.4634	29.7513
10.4684	29.7858
10.4684	29.8203
10.4685	29.8547
10.4739	29.8892
10.4741	29.9237
10.4742	29.9582
10.4744	29.9927
10.4794	30.0272
10.4794	30.0605
10.4794	30.0938
10.4794	30.1272
10.4795	30.1605
10.4795	30.1938
10.4849	30.2272
10.4906	30.2605
10.4909	30.2938
10.491	30.3272
10.4958	30.3605
10.496	30.3938
10.5015	30.4272
10.5016	30.4605
10.5018	30.4938
10.5018	30.5272
10.5019	30.5605
10.5067	30.5938
10.5179	30.6272
10.518	30.6605
10.518	30.6938
10.5233	30.7272
10.5233	30.7605
10.5233	30.7938
10.529	30.8272
10.529	30.8605
10.529	30.8938
10.5291	30.9272
10.5346	30.9605
10.5347	30.9938
10.5348	31.0272
10.5348	31.0594
10.5397	31.0917
10.5397	31.1239
10.5397	31.1562
10.5398	31.1884
10.5399	31.2207
10.5454	31.253
10.5454	31.2852
10.5455	31.3175
10.5455	31.3497
10.5456	31.382
10.5508	31.4142
10.5508	31.4465
10.5509	31.4788
10.5565	31.511
10.5566	31.5433
10.5568	31.5755
10.5726	31.6078
10.5727	31.6401
10.5727	31.6723
10.5728	31.7046
10.5783	31.7368
10.5784	31.7691
10.5785	31.8013
10.5785	31.8336
10.5786	31.8659
10.5786	31.8981
10.5892	31.9304
10.5892	31.9626
10.5892	31.9949
10.5893	32.0272
10.5947	32.0584
10.5947	32.0897
10.5947	32.1209
10.5948	32.1522
10.5948	32.1834
10.6001	32.2147
10.6057	32.2459
10.6058	32.2772
10.6059	32.3084
10.606	32.3397
10.6061	32.3709
10.611	32.4022
10.611	32.4334
10.6168	32.4647
10.6223	32.4959
10.6224	32.5272
10.6225	32.5584
10.6336	32.5897
10.6336	32.6209
10.6336	32.6522
10.6336	32.6834
10.6337	32.7147
10.6393	32.7459
10.6394	32.7772
10.6395	32.8084
10.6396	32.8397
10.6448	32.8709
10.6448	32.9022
10.6448	32.9334
10.6449	32.9647
10.6449	32.9959
10.645	33.0272
10.6562	33.0575
10.6562	33.0878
10.6563	33.1181
10.6563	33.1484
10.6616	33.1787
10.6616	33.209
10.6674	33.2393
10.6674	33.2696
10.6675	33.2999
10.6676	33.3302
10.6677	33.3605
10.6729	33.3908
10.6729	33.4211
10.6841	33.4514
10.6842	33.4817
10.6843	33.512
10.6843	33.5423
10.6903	33.5726
10.6952	33.6029
10.6953	33.6332
10.6953	33.6635
10.7009	33.6938
10.7066	33.7241
10.7066	33.7544
10.7066	33.7847
10.7066	33.815
10.7123	33.8453
10.7123	33.8756
10.7124	33.9059
10.7124	33.9362
10.7125	33.9665
10.7125	33.9968
10.7125	34.0272
10.7178	34.0566
10.7179	34.086
10.7181	34.1154
10.7181	34.1448
10.7181	34.1742
10.7344	34.2036
10.7346	34.233
10.7347	34.2624
10.7347	34.2919
10.7398	34.3213
10.7398	34.3507
10.7399	34.3801
10.7456	34.4095
10.7456	34.4389
10.7456	34.4683
10.751	34.4977
10.7511	34.5272
10.7625	34.5566
10.7626	34.586
10.7678	34.6154
10.7678	34.6448
10.7679	34.6742
10.7679	34.7036
10.768	34.733
10.768	34.7624
10.7681	34.7919
10.7794	34.8213
10.7795	34.8507
10.7796	34.8801
10.785	34.9095
10.785	34.9389
10.7852	34.9683
10.7852	34.9977
10.7853	35.0272
10.7854	35.0557
10.7855	35.0843
10.7903	35.1129
10.7903	35.1414
10.7903	35.17
10.8015	35.1986
10.8071	35.2272
10.8071	35.2557
10.8071	35.2843
10.8071	35.3129
10.8126	35.3414
10.8126	35.37
10.8128	35.3986
10.8182	35.4272
10.8182	35.4557
10.8182	35.4843
10.8183	35.5129
10.8239	35.5414
10.824	35.57
10.8295	35.5986
10.8295	35.6272
10.8295	35.6557
10.835	35.6843
10.835	35.7129
10.8351	35.7414
10.8404	35.77
10.8515	35.7986
10.8516	35.8272
10.8517	35.8557
10.8517	35.8843
10.8567	35.9129
10.8567	35.9414
10.8568	35.97
10.8568	35.9986
10.8569	36.0272
10.8569	36.0549
10.8625	36.0827
10.8625	36.1105
10.8676	36.1383
10.8676	36.166
10.8731	36.1938
10.8733	36.2216
10.8787	36.2494
10.8787	36.2772
10.8787	36.3049
10.8789	36.3327
10.8789	36.3605
10.8846	36.3883
10.885	36.416
10.8898	36.4438
10.8899	36.4716
10.8899	36.4994
10.8899	36.5272
10.89	36.5549
10.9013	36.5827
10.9013	36.6105
10.9013	36.6383
10.9013	36.666
10.9015	36.6938
10.9016	36.7216
10.9067	36.7494
10.9068	36.7772
10.9068	36.8049
10.9068	36.8327
10.9068	36.8605
10.9069	18.4302
10.9069	18.4858
10.9121	18.5414
10.9121	18.5969
10.9121	18.6525
10.9121	18.708
10.9121	18.7636
10.9176	18.8191
10.9176	18.8747
10.9176	18.9302
10.9237	18.9858
10.9241	19.0414
10.9292	19.094
10.9292	19.1466
10.9293	19.1992
10.9293	19.2519
10.9294	19.3045
10.9294	19.3571
10.9402	19.4098
10.9402	19.4624
10.9403	19.515
10.9404	19.5677
10.9404	19.6203
10.9405	19.6729
10.9455	19.7256
10.9455	19.7782
10.9456	19.8308
10.9456	19.8835
10.9456	19.9361
10.9457	19.9887
10.9511	20.0414
10.9512	20.0914
10.9564	20.1414
10.9565	20.1914
10.9566	20.2414
10.9622	20.2914
10.9731	20.3414
10.979	20.3914
10.9846	20.4414
10.9846	20.4914
10.99	20.5414
10.99	20.5914
10.9901	20.6414
10.9901	20.6914
10.9902	20.7414
10.994	20.7914
10.9941	20.8414
10.9941	20.8914
10.9941	20.9414
10.9941	20.9914
10.9942	21.0414
10.9942	21.089
11.0159	21.1366
11.016	21.1842
11.016	21.2318
11.016	21.2794
11.0229	21.3271
11.0229	21.3747
11.0229	21.4223
11.0229	21.4699
11.0273	21.5175
11.0273	21.5652
11.0327	21.6128
11.0327	21.6604
11.0329	21.708
11.0329	21.7556
11.033	21.8033
11.0368	21.8509
11.0368	21.8985
11.0368	21.9461
11.0391	21.9937
11.0391	22.0414
11.0412	22.0868
11.0503	22.1323
11.0505	22.1777
11.0558	22.2232
11.0566	22.2686
11.0568	22.3141
11.0568	22.3595
11.0623	22.405
11.0624	22.4504
11.0624	22.4959
11.0625	22.5414
11.0678	22.5868
11.0678	22.6323
11.0678	22.6777
11.0679	22.7232
11.0731	22.7686
11.0732	22.8141
11.0733	22.8595
11.0734	22.905
11.0845	22.9504
11.0898	22.9959
11.0899	23.0414
11.0901	23.0848
11.0952	23.1283
11.1007	23.1718
11.1009	23.2153
11.1067	23.2587
11.1067	23.3022
11.1067	23.3457
11.1067	23.3892
11.1067	23.4327
11.1068	23.4761
11.1119	23.5196
11.112	23.5631
11.112	23.6066
11.112	23.65
11.1121	23.6935
11.1231	23.737
11.1231	23.7805
11.129	23.824
11.1291	23.8674
11.1469	23.9109
11.147	23.9544
11.1524	23.9979
11.1524	24.0414
11.1525	24.083
11.1525	24.1247
11.1525	24.1664
11.1525	24.208
11.1579	24.2497
11.1579	24.2914
11.1579	24.333
11.158	24.3747
11.1634	24.4164
11.1634	24.458
