time	cwndsize
0.276552	11
0.282844	12
0.285448	13
0.287023	14
0.287676	15
0.292741	16
0.293797	17
0.29471	18
0.29628	19
0.298903	20
0.301757	21
0.302013	22
0.304378	23
0.304888	24
0.305282	25
0.309395	26
0.310329	27
0.310499	28
0.310749	29
0.31779	30
0.322757	31
0.323187	32
0.327266	33
0.328031	34
0.328219	35
0.328476	36
0.328743	37
0.329107	38
0.3292	39
0.3323	40
0.332555	41
0.332995	42
0.338032	43
0.338461	44
0.338593	45
0.33881	46
0.345295	47
0.345767	48
0.346074	49
0.348301	50
0.348754	51
0.348869	52
0.34901	53
0.349822	54
0.349986	55
0.354331	56
0.354596	57
0.35483	58
0.365293	59
0.371126	60
0.37164	61
0.372218	62
0.377179	63
0.377295	64
0.377457	65
0.37772	66
0.378307	67
0.378493	68
0.382146	69
0.382318	70
0.382578	71
0.382794	72
0.383002	73
0.383973	74
0.387306	75
0.388646	76
0.388811	77
0.389382	78
0.393337	79
0.394375	80
0.39453	81
0.394711	82
0.398208	83
0.398741	84
0.404573	85
0.404809	86
0.405122	87
0.40592	88
0.407865	89
0.409173	90
0.40934	91
0.409837	92
0.409918	93
0.41001	94
0.417098	95
0.417337	96
0.418154	97
0.418423	98
0.420544	99
0.420699	100
0.42087	101
0.421323	102
0.421671	103
0.422248	104
0.422358	105
0.425677	106
0.426059	107
0.428993	108
0.429119	109
0.431304	110
0.431571	111
0.435005	112
0.435056	113
0.436633	114
0.43669	115
0.436769	116
0.437122	117
0.437378	118
0.442205	119
0.448634	120
0.450692	121
0.454008	122
0.45411	123
0.455285	124
0.455348	125
0.455395	126
0.458656	127
0.458719	128
0.458854	129
0.459203	130
0.459307	131
0.459397	132
0.465587	133
0.465786	134
0.466576	135
0.467015	136
0.467087	137
0.470045	138
0.470221	139
0.470405	140
0.470847	141
0.471129	142
0.475143	143
0.47521	144
0.475295	145
0.475554	146
0.475702	147
0.476026	148
0.476237	149
0.481582	150
0.481907	151
0.48207	152
0.482319	153
0.482578	154
0.482676	155
0.486226	156
0.486765	157
0.486934	158
0.492806	79
0.49319	79.0127
0.49385	79.0253
0.494131	79.038
0.497254	79.0506
0.498044	79.0633
0.49834	79.0759
0.498475	79.0886
0.498519	79.1013
0.503676	79.1139
0.504108	79.1266
0.504409	79.1392
0.508385	79.1519
0.508638	79.1646
0.508681	79.1772
0.508742	79.1899
0.508873	79.2025
0.508995	79.2152
0.509062	79.2278
0.515596	79.2405
0.515867	79.2532
0.516003	79.2658
0.516192	79.2785
0.516359	79.2911
0.516557	79.3038
0.516717	79.3165
0.517058	79.3291
0.519248	79.3418
0.51929	79.3544
0.519315	79.3671
0.519422	79.3797
0.52533	79.3924
0.52575	79.4051
0.526043	79.4177
0.52615	79.4304
0.526436	79.443
0.526613	79.4557
0.532655	79.4684
0.532945	79.481
0.533101	79.4937
0.533279	79.5063
0.533448	79.519
0.533601	79.5316
0.536109	79.5443
0.536281	79.557
0.536447	79.5696
0.543053	79.5823
0.543343	79.5949
0.543455	79.6076
0.543539	79.6203
0.543744	79.6329
0.54813	79.6456
0.551164	79.6582
0.552225	79.6709
0.552358	79.6835
0.552416	79.6962
0.552563	79.7089
0.552631	79.7215
0.556863	79.7342
0.557909	79.7468
0.558097	79.7595
0.558438	79.7722
0.55867	79.7848
0.558708	79.7975
0.55888	79.8101
0.558972	79.8228
0.563167	79.8354
0.563422	79.8481
0.563768	79.8608
0.563999	79.8734
0.568673	79.8861
0.56874	79.8987
0.568845	79.9114
0.568942	79.9241
0.572669	79.9367
0.574776	79.9494
0.575004	79.962
0.580567	79.9747
0.580763	79.9873
0.580933	80
0.581107	80.0125
0.581364	80.025
0.581575	80.0375
0.585494	80.05
0.585588	80.0625
0.585668	80.075
0.585827	80.0875
0.590633	80.1
0.590719	80.1125
0.590806	80.125
0.596724	80.1375
0.596893	80.15
0.597277	80.1625
0.601791	80.175
0.60188	80.1875
0.602016	80.2
0.602194	80.2125
0.602324	80.225
0.607248	80.2375
0.607316	80.25
0.607363	80.2625
0.607593	80.275
0.607682	80.2875
0.613619	80.3
0.613753	80.3125
0.613789	80.325
0.624349	80.3375
0.624435	80.35
0.629007	80.3625
0.629127	80.375
0.629471	80.3875
0.634449	80.4
0.634508	80.4125
0.634616	80.425
0.634829	80.4375
0.635179	80.45
0.635238	80.4625
0.635313	80.475
0.639947	80.4875
0.640158	80.5
0.640284	80.5125
0.64043	80.525
0.640563	80.5375
0.640714	80.55
0.640839	80.5625
0.645377	80.575
0.645457	80.5875
0.645565	80.6
0.645706	80.6125
0.645851	80.625
0.645979	80.6375
0.646126	80.65
0.650879	80.6625
0.651002	80.675
0.651385	80.6875
0.65147	80.7
0.651568	80.7125
0.651717	80.725
0.656269	80.7375
0.656412	80.75
0.667328	80.7625
0.667413	80.775
0.667647	80.7875
0.667794	80.8
0.667833	80.8125
0.667966	80.825
0.675164	80.8375
0.675218	80.85
0.675249	80.8625
0.675277	80.875
0.675304	80.8875
0.678145	80.9
0.678362	80.9125
0.67872	80.925
0.678787	80.9375
0.678985	80.95
0.679107	80.9625
0.683654	80.975
0.711412	80.9875
0.727759	81
0.733061	81.0123
0.733119	81.0247
0.733418	81.037
0.733484	81.0494
0.738441	81.0617
0.73854	81.0741
0.73876	81.0864
0.738816	81.0988
0.743781	81.1111
0.749517	81.1235
0.749544	81.1358
0.749558	81.1481
0.74957	81.1605
0.749581	81.1728
0.749715	81.1852
0.749989	81.1975
0.755107	81.2099
0.755138	81.2222
0.755151	81.2346
0.755164	81.2469
0.755263	81.2593
0.760544	81.2716
0.76081	81.284
0.765589	81.2963
0.765677	81.3086
0.765784	81.321
0.765987	81.3333
0.766476	81.3457
0.782016	81.358
0.782055	81.3704
0.782134	81.3827
0.782252	81.3951
0.782449	81.4074
0.787845	81.4198
0.787941	81.4321
0.788034	81.4444
0.788287	81.4568
0.788427	81.4691
0.792935	81.4815
0.793015	81.4938
0.793105	81.5062
0.79849	81.5185
0.798563	81.5309
0.798674	81.5432
0.799132	81.5556
0.805315	81.5679
0.814774	81.5802
0.815467	81.5926
0.815554	81.6049
0.82022	81.6173
0.820318	81.6296
0.820418	81.642
0.826235	81.6543
0.826538	81.6667
0.826848	81.679
0.827016	81.6914
0.827133	81.7037
0.827275	81.716
0.831129	81.7284
0.8312	81.7407
0.837492	81.7531
0.842132	81.7654
0.842216	81.7778
0.842277	81.7901
0.842465	81.8025
0.842848	81.8148
0.848561	81.8272
0.849	81.8395
0.849755	81.8519
0.85314	81.8642
0.853222	81.8765
0.853316	81.8889
0.853531	81.9012
0.853654	81.9136
0.853805	81.9259
0.853971	81.9383
0.859555	40.9691
0.877352	40.9941
0.90291	41.0191
0.924404	41.0435
0.924526	41.0679
0.924564	41.0923
0.924613	41.1167
0.924683	41.1411
0.924825	41.1655
0.924843	41.1899
0.936398	41.2143
0.936423	41.2386
0.93656	41.263
0.936719	41.2874
0.941213	41.3118
0.941356	41.3362
0.941456	41.3606
0.941569	41.385
0.941674	41.4094
0.946698	41.4338
0.947157	41.4582
0.947445	41.4826
0.952085	41.5069
0.952205	41.5313
0.952245	41.5557
0.957353	41.5801
0.957562	41.6045
0.957725	41.6289
0.957897	41.6533
0.964228	41.6777
0.964707	41.7021
0.965096	41.7265
0.965244	41.7508
0.968425	41.7752
0.968526	41.7996
0.968586	41.824
0.968642	41.8484
0.968702	41.8728
0.96876	41.8972
0.968828	41.9216
0.973717	41.946
0.973745	41.9704
0.973806	41.9947
0.973942	42.0191
0.974047	42.0429
0.974191	42.0668
0.974295	42.0906
0.979227	42.1144
0.979501	42.1382
0.99025	42.162
0.990476	42.1858
0.990783	42.2096
0.990881	42.2334
0.997802	42.2572
0.99803	42.281
0.998308	42.3049
0.998526	42.3287
0.999168	42.3525
0.999437	42.3763
1.00102	42.4001
1.00112	42.4239
1.00203	42.4477
1.00222	42.4715
1.00785	42.4953
1.008	42.5191
1.01755	42.5429
1.01771	42.5668
1.01787	42.5906
1.01801	42.6144
1.02337	42.6382
1.02344	42.662
1.02353	42.6858
1.0237	42.7096
1.02384	42.7334
1.02396	42.7572
1.02409	42.781
1.02418	42.8049
1.0304	42.8287
1.03081	42.8525
1.1	42.8763
1.10009	42.9001
1.1005	42.9239
1.10075	42.9477
1.10541	42.9715
1.10546	42.9953
1.10587	43.0191
1.10615	43.0424
1.11095	43.0656
1.11108	43.0889
1.11123	43.1122
1.11143	43.1354
1.11654	43.1587
1.11666	43.1819
1.11672	43.2052
1.12733	43.2284
1.12827	43.2517
1.12877	43.2749
1.13286	43.2982
1.13302	43.3215
1.13307	43.3447
1.13311	43.368
1.13325	43.3912
1.13346	43.4145
1.1337	43.4377
1.1383	43.461
1.1503	43.4843
1.1506	43.5075
1.15105	43.5308
1.15129	43.554
1.15159	43.5773
1.15555	43.6005
1.16066	43.6238
1.16071	43.647
1.16073	43.6703
1.16076	43.6936
1.16079	43.7168
1.16103	43.7401
1.16118	43.7633
1.16125	43.7866
1.16596	43.8098
1.16638	21.9049
1.18265	21.9525
1.18275	22.0002
1.18788	22.0456
1.18793	22.0911
1.18804	22.1365
1.18807	22.182
1.18809	22.2274
1.18817	22.2729
1.1956	22.3183
1.19594	22.3638
1.19891	22.4092
1.19894	22.4547
1.21002	22.5002
1.2101	22.5456
1.2103	22.5911
1.21658	22.6365
1.21672	22.682
1.21708	22.7274
1.21727	22.7729
1.21748	22.8183
1.2208	22.8638
1.22089	22.9092
1.22127	22.9547
1.22136	23.0002
1.22149	23.0436
1.22648	23.0871
1.2266	23.1306
1.2267	23.1741
1.22702	23.2175
1.23268	23.261
1.23288	23.3045
1.23322	23.348
1.23354	23.3915
1.23375	23.4349
1.23735	23.4784
1.23739	23.5219
1.23752	23.5654
1.2376	23.6089
1.23767	23.6523
1.2378	23.6958
1.26083	23.7393
1.26145	23.7828
1.26226	23.8262
1.26336	23.8697
1.26399	23.9132
1.26587	23.9567
1.26599	24.0002
1.26621	24.0418
1.26712	24.0835
1.26765	24.1252
1.26888	24.1668
1.26962	24.2085
1.27051	24.2502
1.27165	24.2918
1.27237	24.3335
1.27326	24.3752
1.2733	24.4168
1.28358	24.4585
1.28507	24.5002
1.2864	24.5418
1.28647	24.5835
1.28779	24.6252
1.29128	24.6668
1.29651	24.7085
1.297	24.7502
1.29772	24.7918
1.29843	24.8335
1.30001	24.8752
1.30029	24.9168
1.3007	24.9585
1.30187	25.0002
1.30198	25.0402
1.30209	25.0802
1.30343	25.1202
1.30347	25.1602
1.30491	25.2002
1.31162	25.2402
1.31289	25.2802
1.3139	25.3202
1.3145	25.3602
1.31516	25.4002
1.31585	25.4402
1.31658	25.4802
1.31759	25.5202
1.31805	25.5602
1.31876	25.6002
1.33945	25.6402
1.34017	25.6802
1.34171	25.7202
1.34174	25.7602
1.34374	25.8002
1.34379	25.8402
1.34666	25.8802
1.34673	25.9202
1.34683	25.9602
1.34944	26.0002
1.35282	26.0386
1.35291	26.0771
1.353	26.1155
1.35315	26.154
1.35634	26.1925
1.36131	26.2309
1.36268	26.2694
1.36279	26.3078
1.36286	26.3463
1.36306	26.3848
1.36317	26.4232
1.36336	26.4617
1.36704	26.5002
1.36762	26.5386
1.36929	26.5771
1.37618	26.6155
1.37685	26.654
1.37722	26.6925
1.37889	26.7309
1.37953	26.7694
1.38101	26.8078
1.38174	26.8463
1.38188	26.8848
1.38194	26.9232
1.38201	26.9617
1.38452	27.0002
1.38458	27.0372
1.38596	27.0742
1.38781	27.1113
1.38955	27.1483
1.3897	27.1853
1.3925	27.2224
1.39261	27.2594
1.39277	27.2965
1.39289	27.3335
1.39651	27.3705
1.39661	27.4076
1.39878	27.4446
1.3996	27.4816
1.39992	27.5187
1.401	27.5557
1.41079	27.5927
1.41089	27.6298
1.41095	27.6668
1.41289	27.7039
1.41307	27.7409
1.41325	27.7779
1.41563	27.815
1.41883	27.852
1.41919	27.889
1.41924	27.9261
1.42209	27.9631
1.42216	28.0002
1.42339	28.0359
1.42576	28.0716
1.42588	28.1073
1.4265	28.143
1.42911	28.1787
1.43698	28.2144
1.4371	28.2502
1.4372	28.2859
1.43726	28.3216
1.4374	28.3573
1.44307	28.393
1.44415	28.4287
1.44442	28.4644
1.44848	28.5002
1.45092	28.5359
1.45099	28.5716
1.45114	28.6073
1.45132	28.643
1.45145	28.6787
1.45677	28.7144
1.45689	28.7502
1.457	28.7859
1.45943	28.8216
1.46139	28.8573
1.46149	28.893
1.46155	28.9287
1.46167	28.9644
1.46439	29.0002
1.46446	29.0346
1.46458	29.0691
1.46476	29.1036
1.46493	29.1381
1.46507	29.1726
1.47616	29.2071
1.47643	29.2415
1.47663	29.276
1.47677	29.3105
1.47702	29.345
1.48818	29.3795
1.48821	29.4139
1.4886	29.4484
1.48873	29.4829
1.49387	29.5174
1.49404	29.5519
1.49419	29.5864
1.49439	29.6208
1.49449	29.6553
1.49976	29.6898
1.49979	29.7243
1.49994	29.7588
1.50003	29.7933
1.50418	29.8277
1.50424	29.8622
1.50434	29.8967
1.51102	29.9312
1.51122	29.9657
1.51151	30.0002
1.5117	30.0335
1.51208	30.0668
1.51224	30.1002
1.51506	30.1335
1.51511	30.1668
1.52155	30.2002
1.52169	30.2335
1.52484	30.2668
1.52497	30.3002
1.52732	30.3335
1.52774	30.3668
1.52783	30.4002
1.52985	30.4335
1.52994	30.4668
1.53006	30.5002
1.53025	30.5335
1.53038	30.5668
1.53054	30.6002
1.53593	30.6335
1.54515	30.6668
1.54517	30.7002
1.54525	30.7335
1.54539	30.7668
1.54549	30.8002
1.54562	30.8335
1.55129	30.8668
1.55152	30.9002
1.5517	30.9335
1.55633	30.9668
1.55637	31.0002
1.55644	31.0324
1.55659	31.0647
1.56226	31.0969
1.5624	31.1292
1.56261	31.1614
1.56516	31.1937
1.56536	31.226
1.56552	31.2582
1.56565	31.2905
1.57084	31.3227
1.571	31.355
1.57124	31.3873
1.57138	31.4195
1.57414	31.4518
1.57422	31.484
1.57956	31.5163
1.57966	31.5485
1.57981	31.5808
1.58041	31.6131
1.58536	31.6453
1.58543	31.6776
1.58555	31.7098
1.58578	31.7421
1.58594	31.7743
1.58614	31.8066
1.5934	31.8389
1.59342	31.8711
1.59371	31.9034
1.59383	31.9356
1.59392	31.9679
1.59907	32.0002
1.59918	32.0314
1.6001	32.0627
1.61208	32.0939
1.61212	32.1252
1.61685	32.1564
1.6169	32.1877
1.617	32.2189
1.61719	32.2502
1.62181	32.2814
1.62202	32.3127
1.62208	32.3439
1.62232	32.3752
1.62246	32.4064
1.6227	32.4377
1.62288	32.4689
1.62732	32.5002
1.62752	32.5314
1.62772	32.5627
1.62812	32.5939
1.63292	32.6252
1.63316	32.6564
1.63367	32.6877
1.63379	32.7189
1.63395	32.7502
1.63417	32.7814
1.63822	32.8127
1.63837	32.8439
1.63862	32.8752
1.63886	32.9064
1.63901	32.9377
1.64511	32.9689
1.64548	33.0002
1.64921	33.0305
1.6493	33.0608
1.64968	33.0911
1.65002	33.1214
1.65528	33.1517
1.65545	33.182
1.65575	33.2123
1.66015	33.2426
1.67172	33.2729
1.67183	33.3032
1.67723	33.3335
1.67727	33.3638
1.67747	33.3941
1.67781	33.4244
1.67796	33.4547
1.67808	33.485
1.67821	33.5153
1.67847	33.5456
1.68229	33.5759
1.68838	33.6062
1.68859	33.6365
1.69363	33.6668
1.69377	33.6971
1.69397	33.7274
1.69414	33.7577
1.69476	33.788
1.69914	33.8183
1.69927	33.8486
1.69938	33.8789
1.69951	33.9092
1.70456	33.9395
1.7048	33.9699
1.70518	34.0002
1.70565	34.0296
1.70576	34.059
1.70962	34.0884
1.7097	34.1178
1.71022	34.1472
1.71036	34.1766
1.71048	34.206
1.71679	34.2354
1.7207	34.2649
1.72078	34.2943
1.7266	34.3237
1.72698	34.3531
1.72702	34.3825
1.73225	34.4119
1.73244	34.4413
1.73287	34.4707
1.73309	34.5002
1.73348	34.5296
1.73754	34.559
1.73759	34.5884
1.74321	34.6178
1.7487	34.6472
1.75354	34.6766
1.75361	34.706
1.75374	34.7354
1.75392	34.7649
1.75404	34.7943
1.75416	34.8237
1.7543	34.8531
1.75453	34.8825
1.75917	34.9119
1.75928	34.9413
1.75953	34.9707
1.75963	35.0002
1.75974	35.0287
1.76481	35.0573
1.76494	35.0859
1.76508	35.1144
1.76519	35.143
1.76534	35.1716
1.77034	35.2002
1.77555	35.2287
1.7756	35.2573
1.77562	35.2859
1.77596	35.3144
1.78124	35.343
1.78139	35.3716
1.78161	35.4002
1.78176	35.4287
1.78196	35.4573
1.78212	35.4859
1.78224	35.5144
1.78682	35.543
1.78687	35.5716
1.78698	35.6002
1.79246	35.6287
1.79289	35.6573
1.79358	35.6859
1.79773	35.7144
1.79782	35.743
1.79793	35.7716
1.79814	35.8002
1.80363	35.8287
1.80414	35.8573
1.80459	35.8859
1.80508	35.9144
1.80843	35.943
1.80853	35.9716
1.80861	36.0002
1.80877	36.0279
1.80894	36.0557
1.81492	36.0835
1.81511	36.1113
1.81535	36.139
1.81947	36.1668
1.83617	36.1946
1.83629	36.2224
1.83642	36.2502
1.8366	36.2779
1.83668	36.3057
1.84153	36.3335
1.84165	36.3613
1.84187	36.389
1.842	36.4168
1.84224	36.4446
1.84241	36.4724
1.84261	36.5002
1.84273	36.5279
1.84688	36.5557
1.84692	36.5835
1.84707	36.6113
1.84725	36.639
1.84742	36.6668
1.84762	36.6946
1.85259	36.7224
1.8527	36.7502
1.85292	36.7779
1.85818	36.8057
1.85842	36.8335
1.85868	36.8613
1.85884	36.889
1.86409	36.9168
1.86414	36.9446
1.86433	36.9724
1.86441	37.0002
1.86445	37.0272
1.86875	37.0542
1.88003	37.0812
1.88031	37.1083
1.88055	37.1353
1.88574	37.1623
1.88579	37.1893
1.88582	37.2164
1.88584	37.2434
1.88587	37.2704
1.8911	37.2975
1.89131	37.3245
1.89141	37.3515
1.89701	37.3785
1.89705	37.4056
1.89722	37.4326
1.8975	37.4596
1.89768	37.4866
1.90274	37.5137
1.90277	37.5407
1.90287	37.5677
1.90315	37.5947
1.90326	37.6218
1.90756	37.6488
1.90764	37.6758
1.91431	37.7029
1.91437	37.7299
1.91861	37.7569
1.91868	37.7839
1.91877	37.811
1.9189	37.838
1.91907	37.865
1.92469	37.892
1.92479	37.9191
1.92499	37.9461
1.9253	37.9731
1.93032	38.0002
1.93038	38.0265
1.93554	38.0528
1.93681	38.0791
1.93699	38.1054
1.94059	38.1317
1.94067	38.158
1.94075	38.1844
1.94093	38.2107
1.94104	38.237
1.94118	38.2633
1.94623	38.2896
1.94632	38.3159
1.94701	38.3423
1.95136	38.3686
1.95144	38.3949
1.95151	38.4212
1.95171	38.4475
1.95191	38.4738
1.95195	38.5002
1.95198	38.5265
1.95697	38.5528
1.95705	38.5791
1.95717	38.6054
1.95736	38.6317
1.95766	38.658
1.96783	38.6844
1.9679	38.7107
1.96801	38.737
1.96819	38.7633
1.96823	38.7896
1.96826	38.8159
1.96832	38.8423
1.97913	38.8686
1.97937	38.8949
1.97951	38.9212
1.97959	38.9475
1.97982	38.9738
1.98008	39.0002
1.98496	39.0258
1.9859	39.0514
1.98615	39.0771
1.98679	39.1027
1.98989	39.1284
1.98996	39.154
1.99004	39.1796
1.99018	39.2053
1.99059	39.2309
1.99576	39.2566
1.99583	39.2822
1.99633	39.3078
1.99656	39.3335
1.99662	39.3591
2.00091	39.3848
2.001	39.4104
2.0011	39.4361
2.00128	39.4617
2.00139	39.4873
2.00157	39.513
2.00171	39.5386
2.00649	39.5643
2.00655	39.5899
2.00663	39.6155
2.00681	39.6412
2.00698	39.6668
2.00707	39.6925
2.00718	39.7181
2.00724	39.7437
2.01233	39.7694
2.01257	39.795
2.01286	39.8207
2.01754	39.8463
2.01773	39.8719
2.01786	39.8976
2.01815	39.9232
2.01824	39.9489
2.02333	39.9745
2.02369	40.0002
2.03465	40.0252
2.03483	40.0502
2.03805	40.0752
2.03862	40.1002
2.03866	40.1252
2.04274	40.1502
2.04278	40.1752
2.04281	40.2002
2.04522	40.2252
2.04567	40.2502
2.04577	40.2752
2.0459	40.3002
2.04602	40.3252
2.05069	40.3502
2.05074	40.3752
2.0508	40.4002
2.05101	40.4252
2.05105	40.4502
2.05108	40.4752
2.05115	40.5002
2.05133	40.5252
2.05619	40.5502
2.05623	40.5752
2.05626	40.6002
2.06006	40.6252
2.06027	40.6502
2.06051	40.6752
2.06069	40.7002
2.06103	40.7252
2.06113	40.7502
2.06421	40.7752
2.06498	40.8002
2.06506	40.8252
2.06531	40.8502
2.06535	40.8752
2.0654	40.9002
2.06549	40.9252
2.07222	40.9502
2.07241	40.9752
2.07262	41.0002
2.0822	41.0245
2.08268	41.0489
2.08282	41.0733
2.08308	41.0977
2.08325	41.1221
2.10036	41.1465
2.10107	41.1709
2.1019	41.1953
2.10316	41.2197
2.10821	41.2441
2.10842	41.2684
2.11026	41.2928
2.11033	41.3172
2.11042	41.3416
2.11064	41.366
2.11089	41.3904
2.11369	41.4148
2.11676	41.4392
2.11705	41.4636
2.11732	41.488
2.11874	41.5123
2.11884	41.5367
2.11894	41.5611
2.11907	41.5855
2.1215	41.6099
2.12155	41.6343
2.12312	41.6587
2.12325	41.6831
2.12331	41.7075
2.12357	41.7319
2.12376	41.7563
2.12401	41.7806
2.13009	41.805
2.13028	41.8294
2.13203	41.8538
2.13214	41.8782
2.13222	41.9026
2.13246	41.927
2.13255	41.9514
2.13589	41.9758
2.13986	42.0002
2.14001	42.024
2.14034	42.0478
2.14046	42.0716
2.14078	42.0954
2.14091	42.1192
2.14569	42.143
2.14688	42.1668
2.14695	42.1906
2.1506	42.2144
2.15452	42.2383
2.15475	42.2621
2.15825	42.2859
2.1583	42.3097
2.1614	42.3335
2.16142	42.3573
2.16184	42.3811
2.16467	42.4049
2.16473	42.4287
2.16485	42.4525
2.16497	42.4763
2.16507	42.5002
2.16529	42.524
2.16532	42.5478
2.17025	42.5716
2.17712	42.5954
2.17716	42.6192
2.17719	42.643
2.17974	42.6668
2.17982	42.6906
2.17992	42.7144
2.18541	42.7383
2.18546	42.7621
2.18556	42.7859
2.18582	42.8097
2.18594	42.8335
2.18698	42.8573
2.1911	42.8811
2.19255	42.9049
2.19283	42.9287
2.19293	42.9525
2.1982	42.9763
2.19842	43.0002
2.19863	43.0234
2.19887	43.0467
2.19906	43.0699
2.20262	43.0932
2.20272	43.1164
2.20943	43.1397
2.20958	43.1629
2.21147	43.1862
2.21156	43.2095
2.2118	43.2327
2.21616	43.256
2.2172	43.2792
2.21735	43.3025
2.2175	43.3257
2.21776	43.349
2.22097	43.3722
2.22137	43.3955
2.22232	43.4188
2.22292	43.442
2.22328	43.4653
2.22415	43.4885
2.22422	43.5118
2.22428	43.535
2.22648	43.5583
2.23862	43.5816
2.23871	43.6048
2.24042	43.6281
2.24052	43.6513
2.24089	43.6746
2.24554	43.6978
2.24585	43.7211
2.24608	43.7443
2.24627	43.7676
2.24641	43.7909
2.25086	43.8141
2.25088	43.8374
2.25089	43.8606
2.25592	43.8839
2.256	43.9071
2.25609	43.9304
2.25627	43.9536
2.25638	43.9769
2.25652	44.0002
2.25666	44.0229
2.26185	44.0456
2.26197	44.0683
2.26217	44.0911
2.2623	44.1138
2.26304	44.1365
2.26707	44.1592
2.26715	44.182
2.26747	44.2047
2.27262	44.2274
2.27325	44.2502
2.27344	44.2729
2.27364	44.2956
2.27378	44.3183
2.27675	44.3411
2.28368	44.3638
2.28632	44.3865
2.28638	44.4092
2.28641	44.432
2.28644	44.4547
2.28672	44.4774
2.29128	44.5002
2.29143	44.5229
2.29159	44.5456
2.29166	44.5683
2.29171	44.5911
2.29185	44.6138
2.29712	44.6365
2.29781	44.6592
2.30064	44.682
2.30073	44.7047
2.305	44.7274
2.30513	44.7502
2.3053	44.7729
2.30668	44.7956
2.30682	44.8183
2.30688	44.8411
2.30706	44.8638
2.31003	44.8865
2.31018	44.9092
2.31108	44.932
2.31439	44.9547
2.31505	44.9774
2.3151	45.0002
2.31533	45.0224
2.3241	45.0446
2.32565	45.0668
2.32583	45.089
2.32599	45.1113
2.32617	45.1335
2.32635	45.1557
2.33281	45.1779
2.33289	45.2002
2.33862	45.2224
2.33883	45.2446
2.33904	45.2668
2.33939	45.289
2.33942	45.3113
2.34277	45.3335
2.34348	45.3557
2.35039	45.3779
2.35062	45.4002
2.35089	45.4224
2.35108	45.4446
2.35324	45.4668
2.35332	45.489
2.35341	45.5113
2.35558	45.5335
2.35561	45.5557
2.35563	45.5779
2.35564	45.6002
2.35565	45.6224
2.35566	45.6446
2.35573	22.8223
2.36026	22.8678
2.36439	22.9132
2.36451	22.9587
2.3647	23.0041
2.36489	23.0476
2.36608	23.0911
2.36637	23.1346
2.36641	23.178
2.36658	23.2215
2.36673	23.265
2.37045	23.3085
2.37941	23.3519
2.37947	23.3954
2.37964	23.4389
2.37978	23.4824
2.37986	23.5259
2.38	23.5693
2.38651	23.6128
2.38671	23.6563
2.38685	23.6998
2.38705	23.7432
2.38724	23.7867
2.39131	23.8302
2.39207	23.8737
2.39223	23.9172
2.39234	23.9606
2.39249	24.0041
2.39258	24.0458
2.39264	24.0875
2.39281	24.1291
2.39763	24.1708
2.39771	24.2125
2.39779	24.2541
2.39797	24.2958
2.39808	24.3375
2.39827	24.3791
2.3984	24.4208
2.40305	24.4625
2.40343	24.5041
2.40357	24.5458
2.4038	24.5875
2.40396	24.6291
2.40415	24.6708
2.4082	24.7125
2.42293	24.7541
2.42623	24.7958
2.42647	24.8375
2.42652	24.8791
2.42662	24.9208
2.42677	24.9625
2.4325	25.0041
2.43261	25.0441
2.43274	25.0841
2.43299	25.1241
2.43318	25.1641
2.43332	25.2041
2.43347	25.2441
2.43785	25.2841
2.43878	25.3241
2.43891	25.3641
2.43903	25.4041
2.44236	25.4441
2.44251	25.4841
2.4427	25.5241
2.44296	25.5641
2.44324	25.6041
2.44576	25.6441
2.44753	25.6841
2.4637	25.7241
2.46482	25.7641
2.46501	25.8041
2.46566	25.8441
2.46635	25.8841
2.46708	25.9241
2.46839	25.9641
2.46984	26.0041
2.46992	26.0426
2.47192	26.081
2.47209	26.1195
2.47408	26.158
2.47419	26.1964
2.47425	26.2349
2.48176	26.2733
2.48184	26.3118
2.48386	26.3503
2.48394	26.3887
2.48596	26.4272
2.48973	26.4657
2.48987	26.5041
2.49006	26.5426
2.49398	26.581
2.4941	26.6195
2.49718	26.658
2.49745	26.6964
2.5002	26.7349
2.50026	26.7733
2.50037	26.8118
2.50059	26.8503
2.50067	26.8887
2.50404	26.9272
2.50428	26.9657
2.50498	27.0041
2.50573	27.0412
2.51892	27.0782
2.51965	27.1152
2.52036	27.1523
2.52105	27.1893
2.52408	27.2263
2.52413	27.2634
2.5259	27.3004
2.52894	27.3375
2.52931	27.3745
2.53249	27.4115
2.54124	27.4486
2.54197	27.4856
2.54269	27.5226
2.5434	27.5597
2.54477	27.5967
2.54565	27.6337
2.5472	27.6708
2.54738	27.7078
2.54763	27.7449
2.54848	27.7819
2.5486	27.8189
2.54979	27.856
2.56545	27.893
2.56613	27.93
2.56624	27.9671
2.56632	28.0041
2.56826	28.0398
2.57112	28.0755
2.57242	28.1113
2.57251	28.147
2.57261	28.1827
2.57651	28.2184
2.57679	28.2541
2.5769	28.2898
2.57881	28.3255
2.57898	28.3613
2.58162	28.397
2.58296	28.4327
2.58501	28.4684
2.58517	28.5041
2.58548	28.5398
2.58565	28.5755
2.58591	28.6113
2.58788	28.647
2.58794	28.6827
2.58806	28.7184
2.58823	28.7541
2.58836	28.7898
2.5914	28.8255
2.59983	28.8613
2.60087	28.897
2.60135	28.9327
2.60422	28.9684
2.6055	29.0041
2.61044	29.0386
2.62809	29.0731
2.62887	29.1076
2.62956	29.142
2.6332	29.1765
2.6361	29.211
2.63628	29.2455
2.63654	29.28
2.63744	29.3145
2.63861	29.3489
2.64165	29.3834
2.64175	29.4179
2.64184	29.4524
2.64197	29.4869
2.64208	29.5214
2.64507	29.5558
2.64613	29.5903
2.64626	29.6248
2.6464	29.6593
2.64653	29.6938
2.64664	29.7283
2.65127	29.7627
2.6521	29.7972
2.65277	29.8317
2.65486	29.8662
2.65495	29.9007
2.65505	29.9352
2.65539	29.9696
2.65778	30.0041
2.66115	30.0375
2.66485	30.0708
2.66572	30.1041
2.66594	30.1375
2.66711	30.1708
2.6697	30.2041
2.67103	30.2375
2.67143	30.2708
2.68754	30.3041
2.68838	30.3375
2.68891	30.3708
2.69031	30.4041
2.69074	30.4375
2.69156	30.4708
2.69226	30.5041
2.69282	30.5375
2.69355	30.5708
2.69439	30.6041
2.69448	30.6375
2.69651	30.6708
2.69658	30.7041
2.69664	30.7375
2.69987	30.7708
2.69995	30.8041
2.70131	30.8375
2.70138	30.8708
2.70268	30.9041
2.70339	30.9375
2.71464	30.9708
2.71533	31.0041
2.71536	31.0364
2.71543	31.0686
2.71963	31.1009
2.71988	31.1332
2.7204	31.1654
2.72172	31.1977
2.72297	31.2299
2.72576	31.2622
2.72788	31.2944
2.72918	31.3267
2.74284	31.359
2.7436	31.3912
2.74438	31.4235
2.74446	31.4557
2.74449	31.488
2.74622	31.5202
2.74785	31.5525
2.74795	31.5848
2.74903	31.617
2.74978	31.6493
2.75271	31.6815
2.75472	31.7138
2.75479	31.7461
2.75484	31.7783
2.75489	31.8106
2.75495	31.8428
2.75849	31.8751
2.76027	31.9073
2.76032	31.9396
2.76048	31.9719
2.76243	32.0041
2.76275	32.0354
2.7667	32.0666
2.76815	32.0979
2.76829	32.1291
2.76855	32.1604
2.77162	32.1916
2.7717	32.2229
2.77195	32.2541
2.77209	32.2854
2.77625	32.3166
2.78808	32.3479
2.79023	32.3791
2.7903	32.4104
2.79135	32.4416
2.79212	32.4729
2.79228	32.5041
2.79238	32.5354
2.79255	32.5666
2.7957	32.5979
2.79578	32.6291
2.79602	32.6604
2.79611	32.6916
2.79618	32.7229
2.79632	32.7541
2.80122	32.7854
2.80552	32.8166
2.81134	32.8479
2.81206	32.8791
2.81285	32.9104
2.81356	32.9416
2.81366	32.9729
2.8156	33.0041
2.81565	33.0344
2.81693	33.0647
2.82075	33.095
2.82087	33.1253
2.82105	33.1556
2.8211	33.1859
2.82148	33.2162
2.82589	33.2465
2.82679	33.2768
2.83167	33.3071
2.83427	33.3375
2.83883	33.3678
2.839	33.3981
2.83907	33.4284
2.84256	33.4587
2.84278	33.489
2.84321	33.5193
2.84334	33.5496
2.84357	33.5799
2.84521	33.6102
2.84535	33.6405
2.84565	33.6708
2.84592	33.7011
2.8461	33.7314
2.84626	33.7617
2.84933	33.792
2.85992	33.8223
2.86077	33.8526
2.86086	33.8829
2.86266	33.9132
2.86283	33.9435
2.86352	33.9738
2.86438	34.0041
2.86602	34.0335
2.8667	34.0629
2.86728	34.0924
2.86805	34.1218
2.86948	34.1512
2.86966	34.1806
2.87167	34.21
2.87178	34.2394
2.87181	34.2688
2.89358	34.2982
2.89522	34.3276
2.89706	34.3571
2.89712	34.3865
2.89718	34.4159
2.9013	34.4453
2.90133	34.4747
2.90141	34.5041
2.90153	34.5335
2.90483	34.5629
2.90501	34.5924
2.90543	34.6218
2.9077	34.6512
2.90787	34.6806
2.90801	34.71
2.91044	34.7394
2.91332	34.7688
2.91341	34.7982
2.91541	34.8276
2.91559	34.8571
2.91564	34.8865
2.91566	34.9159
2.91569	34.9453
2.91572	34.9747
2.9246	35.0041
2.9294	35.0327
2.92946	35.0613
2.92953	35.0898
2.92969	35.1184
2.92984	35.147
2.93289	35.1755
2.93296	35.2041
2.93307	35.2327
2.93322	35.2613
2.94426	35.2898
2.94485	35.3184
2.9472	35.347
2.94786	35.3755
2.94918	35.4041
2.94993	35.4327
2.94997	35.4613
2.95001	35.4898
2.95442	35.5184
2.95997	35.547
2.96085	35.5755
2.96158	35.6041
2.96276	35.6327
2.96296	35.6613
2.96488	35.6898
2.96497	35.7184
2.96699	35.747
2.96772	35.7755
2.96777	35.8041
2.96926	35.8327
2.96932	35.8613
2.96943	35.8898
2.97186	35.9184
2.97209	35.947
2.97351	35.9755
2.97369	36.0041
2.97397	36.0319
2.97622	36.0597
2.97777	36.0875
2.97786	36.1152
2.97794	36.143
2.97828	36.1708
2.97841	36.1986
2.9818	36.2263
2.98276	36.2541
2.99613	36.2819
2.99841	36.3097
2.99982	36.3375
2.99989	36.3652
3.00048	36.393
3.00148	36.4208
3.00173	36.4486
3.00466	36.4763
3.01902	36.5041
3.02033	36.5319
3.02086	36.5597
3.02171	36.5875
3.02187	36.6152
3.02329	36.643
3.02339	36.6708
3.02348	36.6986
3.02508	36.7263
3.02642	36.7541
3.02718	36.7819
3.0279	36.8097
3.02942	36.8375
3.02963	36.8652
3.03006	36.893
3.03076	36.9208
3.03812	36.9486
3.04148	36.9763
3.04243	37.0041
3.04331	37.0311
3.04432	37.0582
3.04573	37.0852
3.0459	37.1122
3.04603	37.1393
3.04859	37.1663
3.04929	37.1933
3.05	37.2203
3.05015	37.2474
3.05019	37.2744
3.05629	37.3014
3.05634	37.3284
3.05642	37.3555
3.05656	37.3825
3.05667	37.4095
3.06011	37.4366
3.06035	37.4636
3.06615	37.4906
3.06622	37.5176
3.06631	37.5447
3.06894	37.5717
3.06963	37.5987
3.07057	37.6257
3.07082	37.6528
3.07173	37.6798
3.0725	37.7068
3.0766	37.7338
3.07719	37.7609
3.07791	37.7879
3.07864	37.8149
3.08039	37.842
3.08057	37.869
3.08104	37.896
3.08156	37.923
3.09408	37.9501
3.09418	37.9771
3.09547	38.0041
3.09678	38.0304
3.09839	38.0567
3.09862	38.0831
3.10034	38.1094
3.10106	38.1357
3.10275	38.162
3.10281	38.1883
3.10455	38.2146
3.10464	38.241
3.10473	38.2673
3.10487	38.2936
3.11179	38.3199
3.112	38.3462
3.11239	38.3725
3.11243	38.3989
3.11261	38.4252
3.11729	38.4515
3.12016	38.4778
3.12035	38.5041
3.12039	38.5304
3.12042	38.5567
3.12063	38.5831
3.12443	38.6094
3.12722	38.6357
3.12729	38.662
3.12744	38.6883
3.14319	38.7146
3.14326	38.741
3.14466	38.7673
3.1447	38.7936
3.14473	38.8199
3.14487	38.8462
3.1484	38.8725
3.151	38.8989
3.15122	38.9252
3.15237	38.9515
3.15258	38.9778
3.15264	39.0041
3.15279	39.0298
3.15563	39.0554
3.15571	39.081
3.15667	39.1067
3.15688	39.1323
3.15706	39.158
3.15877	39.1836
3.15884	39.2092
3.15896	39.2349
3.15913	39.2605
3.15926	39.2862
3.16228	39.3118
3.1647	39.3375
3.16477	39.3631
3.16742	39.3887
3.1678	39.4144
3.17151	39.44
3.17349	39.4657
3.1742	39.4913
3.1743	39.5169
3.17439	39.5426
3.17791	39.5682
3.17793	39.5939
3.178	39.6195
3.17841	39.6451
3.17845	39.6708
3.18827	39.6964
3.18835	39.7221
3.19344	39.7477
3.19349	39.7733
3.19743	39.799
3.19753	39.8246
3.19927	39.8503
3.19978	39.8759
3.20048	39.9016
3.20053	39.9272
3.20392	39.9528
3.204	39.9785
3.2041	40.0041
3.20753	40.0291
3.20762	40.0541
3.20771	40.0791
3.2107	40.1041
3.21082	40.1291
3.2109	40.1541
3.21512	40.1791
3.21521	40.2041
3.21542	40.2291
3.21552	40.2541
3.218	40.2791
3.22066	40.3041
3.2208	40.3291
3.22092	40.3541
3.22699	40.3791
3.22714	40.4041
3.22763	40.4291
3.23034	40.4541
3.23037	40.4791
3.23051	40.5041
3.2328	40.5291
3.23301	40.5541
3.23305	40.5791
3.23312	40.6041
3.23327	40.6291
3.2334	40.6541
3.247	40.6791
3.24728	40.7041
3.24759	40.7291
3.25081	40.7541
3.251	40.7791
3.25197	40.8041
3.25457	40.8291
3.25733	40.8541
3.25741	40.8791
3.25886	40.9041
3.25889	40.9291
3.25894	40.9541
3.2625	40.9791
3.26265	41.0041
3.26459	41.0285
3.26482	41.0529
3.26495	41.0773
3.26506	41.1017
3.26517	41.1261
3.27215	41.1505
3.27219	41.1748
3.27226	41.1992
3.27238	41.2236
3.27252	41.248
3.27567	41.2724
3.27574	41.2968
3.27713	41.3212
3.27741	41.3456
3.28147	41.37
3.28166	41.3944
3.28562	41.4188
3.28578	41.4431
3.28626	41.4675
3.29101	41.4919
3.29257	41.5163
3.29265	41.5407
3.29274	41.5651
3.29294	41.5895
3.29305	41.6139
3.29916	41.6383
3.29929	41.6627
3.30008	41.687
3.30392	41.7114
3.304	41.7358
3.30419	41.7602
3.30429	41.7846
3.30439	41.809
3.30943	41.8334
3.30949	41.8578
3.30959	41.8822
3.30976	41.9066
3.30989	41.9309
3.31669	41.9553
3.3168	41.9797
3.31865	42.0041
3.31872	42.0279
3.3188	42.0517
3.31901	42.0755
3.31914	42.0994
3.31928	42.1232
3.32385	42.147
3.32403	42.1708
3.32462	42.1946
3.32585	42.2184
3.32604	42.2422
3.32622	42.266
3.32642	42.2898
3.3267	42.3136
3.32927	42.3375
3.33638	42.3613
3.33761	42.3851
3.33771	42.4089
3.33777	42.4327
3.34361	42.4565
3.35489	42.4803
3.35504	42.5041
3.35704	42.5279
3.35842	42.5517
3.3585	42.5755
3.35859	42.5994
3.35881	42.6232
3.35895	42.647
3.35901	42.6708
3.36259	42.6946
3.36612	42.7184
3.36616	42.7422
3.36626	42.766
3.3665	42.7898
3.36657	42.8136
3.3708	42.8375
3.37092	42.8613
3.37172	42.8851
3.37272	42.9089
3.38457	42.9327
3.3848	42.9565
3.385	42.9803
3.38655	43.0041
3.38671	43.0274
3.38688	43.0506
3.38869	43.0739
3.38955	43.0971
3.38957	43.1204
3.38958	43.1437
3.38959	43.1669
3.3896	43.1902
3.39285	43.2134
3.39289	43.2367
3.39292	43.2599
3.39874	43.2832
3.39894	43.3064
3.39916	43.3297
3.39935	43.353
3.40199	43.3762
3.40205	43.3995
3.40214	43.4227
3.40711	43.446
3.41278	43.4692
3.41299	43.4925
3.41472	43.5157
3.41671	43.539
3.42199	43.5623
3.42223	43.5855
3.42233	43.6088
3.42255	43.632
3.42266	43.6553
3.42679	43.6785
3.4272	43.7018
3.42744	43.725
3.42762	43.7483
3.42786	43.7716
3.43151	43.7948
3.43161	43.8181
3.43241	43.8413
3.43248	43.8646
3.43255	43.8878
3.43441	43.9111
3.43444	43.9344
3.4345	43.9576
3.43648	43.9809
3.43656	44.0041
3.43929	44.0268
3.44815	44.0496
3.44874	44.0723
3.44949	44.095
3.45024	44.1178
3.45168	44.1405
3.45363	44.1632
3.45518	44.1859
3.45523	44.2087
3.45713	44.2314
3.45735	44.2541
3.45759	44.2768
3.4621	44.2996
3.46251	44.3223
3.46352	44.345
3.46454	44.3678
3.46717	44.3905
3.46723	44.4132
3.4718	44.4359
3.47193	44.4587
3.47205	44.4814
3.47234	44.5041
3.47667	44.5268
3.47693	44.5496
3.47719	44.5723
3.47731	44.595
3.48156	44.6178
3.484	44.6405
3.48417	44.6632
3.48441	44.6859
3.48481	44.7087
3.4894	44.7314
3.49374	44.7541
3.49384	44.7768
3.49853	44.7996
3.49867	44.8223
3.49871	44.845
3.49901	44.8678
3.49914	44.8905
3.49923	44.9132
3.50546	44.9359
3.50564	44.9587
3.50588	44.9814
3.50617	45.0041
3.50627	45.0263
3.51624	45.0486
3.51635	45.0708
3.51649	45.093
3.51988	45.1152
3.52023	45.1375
3.52039	45.1597
3.52061	45.1819
3.52072	45.2041
3.52096	45.2263
3.52109	45.2486
3.52468	45.2708
3.52502	45.293
3.52522	45.3152
3.52547	45.3375
3.52559	45.3597
3.53629	45.3819
3.53889	45.4041
3.53946	45.4263
3.54019	45.4486
3.54028	45.4708
3.54177	45.493
3.54199	45.5152
3.54206	45.5375
3.54454	45.5597
3.54743	45.5819
3.54877	45.6041
3.54893	45.6263
3.54914	45.6486
3.5528	45.6708
3.55376	45.693
3.55534	45.7152
3.55559	45.7375
3.55876	45.7597
3.56002	45.7819
3.56018	45.8041
3.56076	45.8263
3.56089	45.8486
3.56573	45.8708
3.56581	45.893
3.56711	45.9152
3.56716	45.9375
3.56725	45.9597
3.5674	45.9819
3.56756	46.0041
3.56774	46.0259
3.57611	46.0476
3.57619	46.0693
3.57705	46.0911
3.57717	46.1128
3.57732	46.1346
3.57756	46.1563
3.57779	46.178
3.57795	46.1998
3.57817	46.2215
3.58374	46.2432
3.58396	46.265
3.58886	46.2867
3.5891	46.3085
3.58931	46.3302
3.59238	46.3519
3.60042	46.3737
3.60045	46.3954
3.6036	46.4172
3.60463	46.4389
3.60479	46.4606
3.60504	46.4824
3.60537	46.5041
3.60555	46.5259
3.60573	46.5476
3.60589	46.5693
3.60994	46.5911
3.61001	46.6128
3.61142	46.6346
3.61149	46.6563
3.61161	46.678
3.61401	46.6998
3.61411	46.7215
3.61431	46.7432
3.6146	46.765
3.6162	46.7867
3.61644	46.8085
3.61667	46.8302
3.61929	46.8519
3.61936	46.8737
3.62131	46.8954
3.6214	46.9172
3.62148	46.9389
3.6217	46.9606
3.62853	46.9824
3.62977	47.0041
3.63013	47.0254
3.64678	47.0467
3.64802	47.0679
3.64885	47.0892
3.64894	47.1105
3.65078	47.1318
3.65374	47.1531
3.65383	47.1743
3.65633	47.1956
3.65645	47.2169
3.65667	47.2382
3.65798	47.2594
3.65817	47.2807
3.65831	47.302
3.65998	47.3233
3.66076	47.3445
3.66094	47.3658
3.66783	47.3871
3.66802	47.4084
3.66817	47.4296
3.67073	47.4509
3.6708	47.4722
3.67196	47.4935
3.67203	47.5148
3.67918	47.536
3.67949	47.5573
3.67955	47.5786
3.67958	47.5999
3.67961	47.6211
3.67993	47.6424
3.67997	47.6637
3.6846	47.685
3.68463	47.7062
3.68486	47.7275
3.69073	47.7488
3.69087	47.7701
3.69111	47.7914
3.69128	47.8126
3.69159	47.8339
3.69381	47.8552
3.69388	47.8765
3.69399	47.8977
3.69421	47.919
3.69432	47.9403
3.69798	47.9616
3.69943	47.9828
3.70369	48.0041
3.70515	48.025
3.70942	48.0458
3.7096	48.0666
3.71094	48.0875
3.71119	48.1083
3.71501	48.1291
3.71507	48.15
3.7152	48.1708
3.71537	48.1916
3.71546	48.2125
3.71914	48.2333
3.72004	48.2541
3.72013	48.275
3.72031	48.2958
3.72057	48.3166
3.72065	48.3375
3.72529	48.3583
3.73129	48.3791
3.73133	48.4
3.73146	48.4208
3.73526	48.4416
3.73599	48.4625
3.73606	48.4833
3.73615	48.5041
3.73634	48.525
3.73895	48.5458
3.73915	48.5666
3.73929	48.5875
3.74304	48.6083
3.74309	48.6291
3.74315	48.65
3.74317	48.6708
3.74333	48.6916
3.74818	48.7125
3.75102	48.7333
3.75158	48.7541
3.75654	48.775
3.75661	48.7958
3.75856	48.8166
3.75862	48.8375
3.75868	48.8583
3.75902	48.8791
3.76139	48.9
3.76149	48.9208
3.76711	48.9416
3.76735	48.9625
3.76756	48.9833
3.7713	49.0041
3.77175	49.0245
3.78401	49.0449
3.78465	49.0653
3.78842	49.0858
3.78847	49.1062
3.79026	49.1266
3.79031	49.147
3.79035	49.1674
3.79039	49.1878
3.79052	49.2082
3.79375	49.2286
3.79861	49.249
3.79868	49.2694
3.79879	49.2898
3.79891	49.3102
3.79902	49.3306
3.79914	49.3511
3.804	49.3715
3.80419	49.3919
3.80611	49.4123
3.80624	49.4327
3.80644	49.4531
3.80655	49.4735
3.81111	49.4939
3.81119	49.5143
3.8113	49.5347
3.81141	49.5551
3.81166	49.5755
3.8118	49.596
3.81192	49.6164
3.81656	49.6368
3.81662	49.6572
3.81683	49.6776
3.82607	49.698
3.82612	49.7184
3.82808	49.7388
3.82811	49.7592
3.8282	49.7796
3.82823	49.8
3.82834	49.8204
3.82848	49.8409
3.83364	49.8613
3.83386	49.8817
3.83412	49.9021
3.83432	49.9225
3.83438	49.9429
3.83746	49.9633
3.83752	49.9837
3.83764	50.0041
3.84127	50.0241
3.8552	50.0441
3.85525	50.0641
3.85693	50.0841
3.85699	50.1041
3.85708	50.1241
3.85911	50.1441
3.86142	50.1641
3.86322	50.1841
3.86329	50.2041
3.86336	50.2241
3.86611	50.2441
3.86619	50.2641
3.8689	50.2841
3.8691	50.3041
3.8703	50.3241
3.8704	50.3441
3.8739	50.3641
3.87399	50.3841
3.87588	50.4041
3.87599	50.4241
3.87603	50.4441
3.87811	50.4641
3.87891	50.4841
3.879	50.5041
3.87915	50.5241
3.87931	50.5441
3.88225	50.5641
3.88228	50.5841
3.88248	50.6041
3.88287	50.6241
3.88889	50.6441
3.88912	50.6641
3.89216	50.6841
3.89224	50.7041
3.89249	50.7241
3.89274	50.7441
3.89289	50.7641
3.89722	50.7841
3.89728	50.8041
3.90042	50.8241
3.90274	50.8441
3.9068	50.8641
3.90693	50.8841
3.90729	50.9041
3.90747	50.9241
3.91218	50.9441
3.91236	50.9641
3.91553	50.9841
3.91572	51.0041
3.91607	51.0237
3.92726	51.0433
3.9273	51.0629
3.92944	51.0825
3.92947	51.1022
3.92953	51.1218
3.93749	51.1414
3.93752	51.161
3.93753	51.1806
3.94294	51.2002
3.94311	51.2198
3.94325	51.2394
3.94337	51.259
3.9435	51.2786
3.94367	51.2982
3.94812	51.3178
3.94815	51.3375
3.94847	51.3571
3.94857	51.3767
3.94869	51.3963
3.94878	51.4159
3.95429	51.4355
3.95447	51.4551
3.95459	51.4747
3.95486	51.4943
3.95497	51.5139
3.95517	51.5335
3.95782	51.5531
3.9579	51.5727
3.9597	51.5924
3.9598	51.612
3.95985	51.6316
3.96001	51.6512
3.96012	51.6708
3.96039	51.6904
3.96523	51.71
3.96527	51.7296
3.9653	51.7492
3.9687	51.7688
3.97358	51.7884
3.97717	51.808
3.97736	51.8276
3.9774	51.8473
3.98215	51.8669
3.98219	51.8865
3.98224	51.9061
3.9891	51.9257
3.98935	51.9453
3.98967	51.9649
3.98985	51.9845
3.99018	52.0041
3.9932	52.0233
3.99533	52.0426
3.99549	52.0618
3.99762	52.081
3.99777	52.1003
3.99852	52.1195
4.00231	52.1387
4.00358	52.158
4.00399	52.1772
4.007	52.1964
4.00703	52.2157
4.00837	52.2349
4.00858	52.2541
4.00865	52.2733
4.00872	52.2926
4.00885	52.3118
4.00894	52.331
4.01409	52.3503
4.01434	52.3695
4.01979	52.3887
4.01992	52.408
4.02013	52.4272
4.02026	52.4464
4.02056	52.4657
4.0206	52.4849
4.02076	52.5041
4.02544	52.5233
4.0309	52.5426
4.03101	52.5618
4.03583	52.581
4.03589	52.6003
4.03596	52.6195
4.03617	52.6387
4.03622	52.658
4.03625	52.6772
4.0413	52.6964
4.04755	52.7157
4.04774	52.7349
4.04802	52.7541
4.04824	52.7733
4.0486	52.7926
4.04883	52.8118
4.05219	52.831
4.05228	52.8503
4.05234	52.8695
4.05256	52.8887
4.05792	52.908
4.05799	52.9272
4.06381	52.9464
4.06428	52.9657
4.0644	52.9849
4.06453	53.0041
4.06477	53.023
4.07632	53.0419
4.07669	53.0607
4.07707	53.0796
4.07982	53.0985
4.08063	53.1173
4.08064	53.1362
4.08065	53.1551
4.08066	53.1739
4.08959	53.1928
4.08976	53.2117
4.09008	53.2305
4.0903	53.2494
4.09055	53.2683
4.09076	53.2871
4.09098	53.306
4.09118	53.3249
4.09503	53.3437
4.09556	53.3626
4.09561	53.3815
4.10043	53.4003
4.10063	53.4192
4.10072	53.4381
4.10506	53.4569
4.10511	53.4758
4.10515	53.4947
4.10521	53.5136
4.10542	53.5324
4.11113	53.5513
4.11649	53.5702
4.11662	53.589
4.11688	53.6079
4.11698	53.6268
4.12158	53.6456
4.12163	53.6645
4.12166	53.6834
4.12169	53.7022
4.12171	53.7211
4.12205	53.74
4.12212	53.7588
4.12697	53.7777
4.12705	53.7966
4.12713	53.8154
4.12733	53.8343
4.12744	53.8532
4.1276	53.872
4.13344	53.8909
4.13675	53.9098
4.13699	53.9286
4.13707	53.9475
4.14129	53.9664
4.14144	53.9852
4.1418	54.0041
4.14522	54.0226
4.14682	54.0412
4.14745	54.0597
4.148	54.0782
4.15436	54.0967
4.15451	54.1152
4.15632	54.1337
4.15637	54.1523
4.15842	54.1708
4.15854	54.1893
4.15887	54.2078
4.16263	54.2263
4.16283	54.2449
4.16287	54.2634
4.16318	54.2819
4.16332	54.3004
4.16341	54.3189
4.16958	54.3375
4.17021	54.356
4.17039	54.3745
4.17968	54.393
4.17985	54.4115
4.1825	54.43
4.18274	54.4486
4.18304	54.4671
4.18324	54.4856
4.18344	54.5041
4.18712	54.5226
4.18725	54.5412
4.18735	54.5597
4.1875	54.5782
4.18764	54.5967
4.19227	54.6152
4.19239	54.6337
4.19517	54.6523
4.19526	54.6708
4.19534	54.6893
4.19559	54.7078
4.19569	54.7263
4.19574	54.7449
4.20209	54.7634
4.20285	54.7819
4.20356	54.8004
4.20362	54.8189
4.20372	54.8375
4.20577	54.856
4.20635	54.8745
4.20875	54.893
4.20885	54.9115
4.21112	54.93
4.21126	54.9486
4.21128	54.9671
4.21143	54.9856
4.21473	55.0041
4.21528	55.0223
4.22095	55.0405
4.22188	55.0587
4.22422	55.0768
4.22457	55.095
4.22474	55.1132
4.22493	55.1314
4.22519	55.1496
4.22734	55.1678
4.22739	55.1859
4.22742	55.2041
4.23102	55.2223
4.23115	55.2405
4.23137	55.2587
4.23485	55.2768
4.23495	55.295
4.23501	55.3132
4.23517	55.3314
4.23532	55.3496
4.2406	55.3678
4.25783	55.3859
4.25854	55.4041
4.25857	55.4223
4.25992	55.4405
4.26205	55.4587
4.26355	55.4768
4.26489	55.495
4.26497	55.5132
4.26693	55.5314
4.26706	55.5496
4.2671	55.5678
4.26722	55.5859
4.27239	55.6041
4.27256	55.6223
4.27271	55.6405
4.27289	55.6587
4.27687	55.6768
4.27692	55.695
4.27698	55.7132
4.27723	55.7314
4.28183	55.7496
4.28191	55.7678
4.28195	55.7859
4.28208	55.8041
4.28534	55.8223
4.2855	55.8405
4.2856	55.8587
4.28917	55.8768
4.28957	55.895
4.2897	55.9132
4.28987	55.9314
4.291	55.9496
4.29113	55.9678
4.29138	55.9859
4.29159	56.0041
4.29184	56.022
4.30078	56.0398
4.30087	56.0577
4.30123	56.0755
4.30137	56.0934
4.30618	56.1113
4.30626	56.1291
4.30634	56.147
4.30677	56.1648
4.30999	56.1827
4.31127	56.2005
4.31135	56.2184
4.31145	56.2363
4.31161	56.2541
4.31169	56.272
4.31178	56.2898
4.31189	56.3077
4.312	56.3255
4.31808	56.3434
4.3182	56.3613
4.31839	56.3791
4.31865	56.397
4.32015	56.4148
4.32022	56.4327
4.32328	56.4505
4.32346	56.4684
4.32354	56.4863
4.32357	56.5041
4.32365	56.522
4.32691	56.5398
4.32869	56.5577
4.32881	56.5755
4.33812	56.5934
4.33822	56.6113
4.34012	56.6291
4.34092	56.647
4.34108	56.6648
4.34368	56.6827
4.34585	56.7005
4.34592	56.7184
4.34792	56.7363
4.34795	56.7541
4.35149	56.772
4.35217	56.7898
4.35261	56.8077
4.3534	56.8255
4.35701	56.8434
4.35711	56.8613
4.3595	56.8791
4.35964	56.897
4.35974	56.9148
4.3649	56.9327
4.36503	56.9505
4.36526	56.9684
4.36539	56.9863
4.36561	57.0041
4.36865	57.0217
4.3746	57.0392
4.37467	57.0567
4.37478	57.0743
4.37491	57.0918
4.37511	57.1094
4.37521	57.1269
4.38104	57.1445
4.38129	57.162
4.38154	57.1796
4.38245	57.1971
4.3826	57.2146
4.38277	57.2322
4.38322	57.2497
4.38358	57.2673
4.38999	57.2848
4.3904	57.3024
4.39052	57.3199
4.39165	57.3375
4.39197	57.355
4.39337	57.3725
4.39353	57.3901
4.39696	57.4076
4.39717	57.4252
4.39731	57.4427
4.3975	57.4603
4.40257	57.4778
4.40282	57.4953
4.40304	57.5129
4.40916	57.5304
4.40932	57.548
4.41012	57.5655
4.41347	57.5831
4.41352	57.6006
4.4137	57.6182
4.41376	57.6357
4.41384	57.6532
4.41396	57.6708
4.41406	57.6883
4.41897	57.7059
4.41902	57.7234
4.41905	57.741
4.41908	57.7585
4.4191	57.776
4.41925	57.7936
4.41942	57.8111
4.43063	57.8287
4.43081	57.8462
4.432	57.8638
4.43464	57.8813
4.43473	57.8989
4.43486	57.9164
4.43501	57.9339
4.4352	57.9515
4.43534	57.969
4.44002	57.9866
4.44016	58.0041
4.44379	58.0214
4.45286	58.0386
4.45294	58.0558
4.45306	58.0731
4.45321	58.0903
4.45866	58.1076
4.45882	58.1248
4.45897	58.142
4.45909	58.1593
4.46479	58.1765
4.46492	58.1938
4.46517	58.211
4.46534	58.2283
4.46966	58.2455
4.46989	58.2627
4.47527	58.28
4.47539	58.2972
4.48002	58.3145
4.48021	58.3317
4.48047	58.3489
4.48067	58.3662
4.48091	58.3834
4.48104	58.4007
4.48128	58.4179
4.48568	58.4352
4.48585	58.4524
4.4862	58.4696
4.48623	58.4869
4.48635	58.5041
4.48653	58.5214
4.48685	58.5386
4.48705	58.5558
4.49123	58.5731
4.49141	58.5903
4.49152	58.6076
4.49203	58.6248
4.49655	58.642
4.4983	58.6593
4.49845	58.6765
4.50295	58.6938
4.50308	58.711
4.50311	58.7283
4.50321	58.7455
4.50339	58.7627
4.50861	58.78
4.50874	58.7972
4.50894	58.8145
4.509	58.8317
4.50906	58.8489
4.51371	58.8662
4.51389	58.8834
4.51402	58.9007
4.51427	58.9179
4.51432	58.9352
4.51437	58.9524
4.51448	58.9696
4.52002	58.9869
4.52135	59.0041
4.52473	59.0211
4.52476	59.038
4.52483	59.055
4.52496	59.0719
4.52509	59.0889
4.53029	59.1058
4.5304	59.1228
4.53065	59.1397
4.53085	59.1567
4.535	59.1736
4.53733	59.1906
4.54084	59.2075
4.5409	59.2245
4.54103	59.2414
4.54108	59.2584
4.54369	59.2753
4.54376	59.2923
4.54384	59.3092
4.54697	59.3262
4.54718	59.3431
4.54737	59.3601
4.54757	59.377
4.54783	59.3939
4.54801	59.4109
4.55002	59.4278
4.55007	59.4448
4.55219	59.4617
4.55358	59.4787
4.55369	59.4956
4.55698	59.5126
4.55705	59.5295
4.55724	59.5465
4.55743	59.5634
4.55752	59.5804
4.56297	59.5973
4.56382	59.6143
4.56485	59.6312
4.56511	59.6482
4.56903	59.6651
4.56955	59.6821
4.56965	59.699
4.56968	59.716
4.57429	59.7329
4.57432	59.7499
4.5744	59.7668
4.57455	59.7838
4.58102	59.8007
4.58157	59.8177
4.58553	59.8346
4.58568	59.8516
4.58595	59.8685
4.58617	59.8855
4.58639	59.9024
4.58661	59.9194
4.59125	59.9363
4.5914	59.9533
4.59828	59.9702
4.59858	59.9872
4.59884	60.0041
4.60177	60.0208
4.60193	60.0375
4.60202	60.0541
4.60216	60.0708
4.60225	60.0875
4.60237	60.1041
4.60245	60.1208
4.60789	60.1375
4.60809	60.1541
4.60901	60.1708
4.60924	60.1875
4.6128	60.2041
4.61301	60.2208
4.6133	60.2375
4.61338	60.2541
4.61349	60.2708
4.61923	60.2875
4.61939	60.3041
4.61971	60.3208
4.61977	60.3375
4.61998	60.3541
4.62379	60.3708
4.62385	60.3875
4.62392	60.4041
4.62923	60.4208
4.62932	60.4375
4.62946	60.4541
4.62966	60.4708
4.62977	60.4875
4.62984	60.5041
4.62996	60.5208
4.63525	60.5375
4.63541	60.5541
4.63565	60.5708
4.64163	60.5875
4.64168	60.6041
4.64563	60.6208
4.64572	60.6375
4.64594	60.6541
4.64604	60.6708
4.64614	60.6875
4.64627	60.7041
4.64637	60.7208
4.65116	60.7375
4.65121	60.7541
4.65132	60.7708
4.65729	60.7875
4.6575	60.8041
4.65773	60.8208
4.65789	60.8375
4.6581	60.8541
4.65825	60.8708
4.6585	60.8875
4.66225	60.9041
4.66266	60.9208
4.66283	60.9375
4.67356	60.9541
4.6737	60.9708
4.67418	60.9875
4.67935	61.0041
4.67985	61.0205
4.68033	61.0369
4.68074	61.0533
4.6841	61.0697
4.68412	61.0861
4.68417	61.1025
4.68443	61.1189
4.68453	30.5594
4.68459	30.5928
4.69066	30.6261
4.69082	30.6594
4.69102	30.6928
4.69173	30.7261
4.69194	30.7594
4.69213	30.7928
4.69495	30.8261
4.69501	30.8594
4.69508	30.8928
4.69513	30.9261
4.69615	30.9594
4.70129	30.9928
4.70132	31.0261
4.70134	31.0584
4.70693	31.0906
4.71215	31.1229
4.71267	31.1551
4.71285	31.1874
4.71706	31.2197
4.71715	31.2519
4.71725	31.2842
4.71732	31.3164
4.71742	31.3487
4.71748	31.3809
4.71754	31.4132
4.71758	31.4455
4.72419	31.4777
4.72434	31.51
4.72449	31.5422
4.72466	31.5745
4.72498	31.6067
4.72795	31.639
4.72799	31.6713
4.72806	31.7035
4.72839	31.7358
4.72844	31.768
4.72846	31.8003
4.73915	31.8326
4.73923	31.8648
4.73964	31.8971
4.73986	31.9293
4.74011	31.9616
4.7448	31.9938
4.74488	32.0261
4.74505	32.0574
4.7452	32.0886
4.74532	32.1199
4.75695	32.1511
4.75721	32.1824
4.75745	32.2136
4.76105	32.2449
4.76132	32.2761
4.76151	32.3074
4.76163	32.3386
4.77263	32.3699
4.77268	32.4011
4.77311	32.4324
4.77331	32.4636
4.7736	32.4949
4.77816	32.5261
4.78318	32.5574
4.78326	32.5886
4.78334	32.6199
4.78346	32.6511
4.78363	32.6824
4.78919	32.7136
4.78934	32.7449
4.78962	32.7761
4.79923	32.8074
4.79944	32.8386
4.79958	32.8699
4.79986	32.9011
4.80181	32.9324
4.80189	32.9636
4.80199	32.9949
4.80214	33.0261
4.80227	33.0564
4.80239	33.0867
4.80753	33.117
4.80768	33.1473
4.80824	33.1776
4.81027	33.2079
4.81877	33.2382
4.81886	33.2685
4.82156	33.2988
4.82174	33.3291
4.82198	33.3594
4.82216	33.3897
4.82514	33.42
4.82529	33.4503
4.82534	33.4806
4.82719	33.511
4.82726	33.5413
4.82736	33.5716
4.82751	33.6019
4.8299	33.6322
4.83067	33.6625
4.83137	33.6928
4.83193	33.7231
4.83766	33.7534
4.84635	33.7837
4.84716	33.814
4.8478	33.8443
4.85211	33.8746
4.85266	33.9049
4.85271	33.9352
4.85417	33.9655
4.85692	33.9958
4.85849	34.0261
4.8586	34.0555
4.86165	34.0849
4.8617	34.1143
4.86171	34.1437
4.86173	34.1732
4.86505	34.2026
4.86647	34.232
4.86971	34.2614
4.86982	34.2908
4.86994	34.3202
4.87009	34.3496
4.87464	34.379
4.87469	34.4085
4.87489	34.4379
4.87504	34.4673
4.87916	34.4967
4.87973	34.5261
4.88018	34.5555
4.88042	34.5849
4.88065	34.6143
4.88086	34.6437
4.88361	34.6732
4.88569	34.7026
4.88916	34.732
4.89082	34.7614
4.89088	34.7908
4.89095	34.8202
4.9015	34.8496
4.90161	34.879
4.90185	34.9085
4.90542	34.9379
4.90572	34.9673
4.91102	34.9967
4.91106	35.0261
4.9112	35.0547
4.91136	35.0832
4.91145	35.1118
4.9171	35.1404
4.9172	35.169
4.91983	35.1975
4.92029	35.2261
4.92445	35.2547
4.92453	35.2832
4.92462	35.3118
4.92478	35.3404
4.92797	35.369
4.92815	35.3975
4.92842	35.4261
4.92848	35.4547
4.93339	35.4832
4.93345	35.5118
4.93374	35.5404
4.93383	35.569
4.93389	35.5975
4.93987	35.6261
4.94005	35.6547
4.94206	35.6832
4.94416	35.7118
4.94422	35.7404
4.94436	35.769
4.94459	35.7975
4.94909	35.8261
4.94936	35.8547
4.94951	35.8832
4.95967	35.9118
4.95987	35.9404
4.96194	35.969
4.96203	35.9975
4.96326	36.0261
4.96382	36.0539
4.96393	36.0817
4.96408	36.1094
4.96891	36.1372
4.96899	36.165
4.97035	36.1928
4.97051	36.2205
4.97462	36.2483
4.97468	36.2761
4.97773	36.3039
4.98016	36.3317
4.98027	36.3594
4.98041	36.3872
4.9806	36.415
4.9807	36.4428
4.98599	36.4705
4.98613	36.4983
4.98632	36.5261
4.98653	36.5539
4.98691	36.5817
4.98709	36.6094
4.99121	36.6372
4.9913	36.665
4.99469	36.6928
4.99479	36.7205
4.99961	36.7483
4.99969	36.7761
4.99978	36.8039
4.99995	36.8317
5.00268	36.8594
5.01362	36.8872
5.01371	36.915
5.01381	36.9428
5.01395	36.9705
5.01407	36.9983
5.02291	37.0261
5.02301	37.0531
5.02443	37.0802
5.02447	37.1072
5.03038	37.1342
5.03048	37.1612
5.03082	37.1883
5.03115	37.2153
5.03143	37.2423
5.03483	37.2693
5.035	37.2964
5.03862	37.3234
5.03878	37.3504
5.03883	37.3775
5.03886	37.4045
5.04203	37.4315
5.04514	37.4585
5.04534	37.4856
5.04566	37.5126
5.04588	37.5396
5.04604	37.5666
5.04623	37.5937
5.0464	37.6207
5.05022	37.6477
5.0504	37.6748
5.05051	37.7018
5.05063	37.7288
5.05079	37.7558
5.05092	37.7829
5.05104	37.8099
5.05585	37.8369
5.06756	37.8639
5.06795	37.891
5.06823	37.918
5.07424	37.945
5.07448	37.972
5.07548	37.9991
5.0757	38.0261
5.07575	38.0524
5.07588	38.0787
5.07654	38.105
5.08392	38.1314
5.0847	38.1577
5.08487	38.184
5.08528	38.2103
5.08532	38.2366
5.08545	38.2629
5.08883	38.2893
5.08892	38.3156
5.08904	38.3419
5.08932	38.3682
5.09267	38.3945
5.09536	38.4208
5.09541	38.4472
5.09863	38.4735
5.10235	38.4998
5.1026	38.5261
5.1071	38.5524
5.10791	38.5787
5.10801	38.605
5.10825	38.6314
5.11261	38.6577
5.11267	38.684
5.11827	38.7103
5.1184	38.7366
5.11862	38.7629
5.11892	38.7893
5.11909	38.8156
5.12063	38.8419
5.12255	38.8682
5.12292	38.8945
5.1346	38.9208
5.13481	38.9472
5.13538	38.9735
5.1355	38.9998
5.13562	39.0261
5.13585	39.0517
5.14085	39.0774
5.14242	39.103
5.14272	39.1287
5.14287	39.1543
5.14298	39.1799
5.14307	39.2056
5.14318	39.2312
5.14793	39.2569
5.14848	39.2825
5.14852	39.3082
5.14861	39.3338
5.14871	39.3594
5.15337	39.3851
5.15342	39.4107
5.1535	39.4364
5.1737	39.462
5.1744	39.4876
5.17458	39.5133
5.17502	39.5389
5.17883	39.5646
5.17889	39.5902
5.17897	39.6158
5.17907	39.6415
5.17919	39.6671
5.17929	39.6928
5.17934	39.7184
5.1839	39.7441
5.184	39.7697
5.18403	39.7953
5.18417	39.821
5.18431	39.8466
5.18805	39.8723
5.19208	39.8979
5.1922	39.9235
5.19225	39.9492
5.19245	39.9748
5.19265	40.0005
5.19753	40.0255
5.19762	40.0505
5.19766	40.0755
5.20161	40.1005
5.20168	40.1255
5.20418	40.1505
5.20478	40.1755
5.20576	40.2005
5.21105	40.2255
5.21849	40.2505
5.21864	40.2755
5.21879	40.3005
5.21896	40.3255
5.21925	40.3505
5.22273	40.3755
5.22857	40.4005
5.22863	40.4255
5.22887	40.4505
5.22898	40.4755
5.23115	40.5005
5.23125	40.5255
5.2315	40.5505
5.23158	40.5755
5.23168	40.6005
5.23537	40.6255
5.23543	40.6505
5.2355	40.6755
5.23565	40.7005
5.23579	40.7255
5.23592	40.7505
5.2361	40.7755
5.23619	40.8005
5.24143	40.8255
5.24166	40.8505
5.24662	40.8755
5.24686	40.9005
5.25095	40.9255
5.25157	40.9505
5.25452	40.9755
5.25463	41.0005
5.25478	41.0249
5.25499	41.0492
5.25511	41.0736
5.26601	41.098
5.26622	41.1224
5.26629	41.1468
5.26912	41.1712
5.2693	41.1956
5.28415	41.22
5.28441	41.2444
5.28787	41.2688
5.28792	41.2931
5.28795	41.3175
5.28802	41.3419
5.28808	41.3663
5.29331	41.3907
5.29334	41.4151
5.29347	41.4395
5.29362	41.4639
5.29725	41.4883
5.29747	41.5127
5.29785	41.537
5.29798	41.5614
5.29817	41.5858
5.29843	41.6102
5.29862	41.6346
5.30221	41.659
5.30229	41.6834
5.30239	41.7078
5.30257	41.7322
5.3027	41.7566
5.30583	41.7809
5.31718	41.8053
5.31726	41.8297
5.3174	41.8541
5.31755	41.8785
5.31765	41.9029
5.31784	41.9273
5.32254	41.9517
5.32325	41.9761
5.32366	42.0005
5.32384	42.0243
5.3282	42.0481
5.32828	42.0719
5.32837	42.0957
5.32861	42.1195
5.33534	42.1433
5.33553	42.1671
5.33582	42.1909
5.34356	42.2147
5.34383	42.2386
5.34394	42.2624
5.34415	42.2862
5.34423	42.31
5.34431	42.3338
5.34986	42.3576
5.34992	42.3814
5.35078	42.4052
5.35131	42.429
5.35513	42.4528
5.35534	42.4767
5.35546	42.5005
5.35563	42.5243
5.36229	42.5481
5.3626	42.5719
5.36285	42.5957
5.36513	42.6195
5.36535	42.6433
5.3655	42.6671
5.36596	42.6909
5.37118	42.7147
5.37127	42.7386
5.37784	42.7624
5.38109	42.7862
5.38117	42.81
5.38127	42.8338
5.38147	42.8576
5.38155	42.8814
5.38162	42.9052
5.39757	42.929
5.39761	42.9528
5.39769	42.9767
5.39785	43.0005
5.398	43.0237
5.39825	43.047
5.39835	43.0702
5.40303	43.0935
5.40338	43.1167
5.40352	43.14
5.40923	43.1633
5.40947	43.1865
5.40982	43.2098
5.40993	43.233
5.41003	43.2563
5.41034	43.2795
5.4105	43.3028
5.41531	43.326
5.41966	43.3493
5.4197	43.3726
5.41988	43.3958
5.42005	43.4191
5.42359	43.4423
5.43016	43.4656
5.43038	43.4888
5.43057	43.5121
5.43075	43.5353
5.43114	43.5586
5.43131	43.5819
5.4348	43.6051
5.43495	43.6284
5.44018	43.6516
5.44025	43.6749
5.4437	43.6981
5.44386	43.7214
5.44406	43.7446
5.44414	43.7679
5.44926	43.7912
5.44944	43.8144
5.4532	43.8377
5.45325	43.8609
5.45332	43.8842
5.46159	43.9074
5.46181	43.9307
5.462	43.9539
5.46215	43.9772
5.46573	44.0005
5.46595	44.0232
5.46624	44.0459
5.4715	44.0686
5.47173	44.0914
5.4719	44.1141
5.47201	44.1368
5.47725	44.1596
5.47749	44.1823
5.47778	44.205
5.478	44.2277
5.47843	44.2505
5.48292	44.2732
5.48407	44.2959
5.48426	44.3186
5.48787	44.3414
5.48795	44.3641
5.48806	44.3868
5.48846	44.4096
5.4887	44.4323
5.49397	44.455
5.49416	44.4777
5.49447	44.5005
5.49461	44.5232
5.49473	44.5459
5.49488	44.5686
5.4951	44.5914
5.49946	44.6141
5.50439	44.6368
5.50482	44.6596
5.50496	44.6823
5.50512	44.705
5.51026	44.7277
5.51043	44.7505
5.51664	44.7732
5.51674	44.7959
5.52077	44.8186
5.52084	44.8414
5.52092	44.8641
5.52714	44.8868
5.52741	44.9096
5.52768	44.9323
5.52782	44.955
5.53218	44.9777
5.53239	45.0005
5.53377	45.0227
5.53397	45.0449
5.53406	45.0671
5.53424	45.0894
5.53442	45.1116
5.53453	45.1338
5.54536	45.156
5.55067	45.1782
5.55078	45.2005
5.55097	45.2227
5.55113	45.2449
5.55561	45.2671
5.55567	45.2894
5.55582	45.3116
5.55595	45.3338
5.55606	45.356
5.55619	45.3782
5.55631	45.4005
5.56193	45.4227
5.56212	45.4449
5.56297	45.4671
5.5632	45.4894
5.5635	45.5116
5.56369	45.5338
5.56728	45.556
5.56764	45.5782
5.56793	45.6005
5.5681	45.6227
5.56835	45.6449
5.56855	45.6671
5.57207	45.6894
5.58867	45.7116
5.58878	45.7338
5.58911	45.756
5.58918	45.7782
5.58942	45.8005
5.59404	45.8227
5.59484	45.8449
5.59506	45.8671
5.60011	45.8894
5.60057	45.9116
5.60114	45.9338
5.60132	45.956
5.60566	45.9782
5.60577	46.0005
5.6059	46.0222
5.60608	46.0439
5.60623	46.0657
5.60635	46.0874
5.61043	46.1092
5.61047	46.1309
5.61112	46.1526
5.61621	46.1744
5.61641	46.1961
5.61674	46.2179
5.61686	46.2396
5.61708	46.2613
5.61714	46.2831
5.62337	46.3048
5.62354	46.3265
5.62683	46.3483
5.62692	46.37
5.62702	46.3918
5.63942	46.4135
5.63967	46.4352
5.64001	46.457
5.64018	46.4787
5.64354	46.5005
5.64359	46.5222
5.64699	46.5439
5.64703	46.5657
5.64714	46.5874
5.6473	46.6092
5.65275	46.6309
5.65285	46.6526
5.65364	46.6744
5.65906	46.6961
5.65916	46.7179
5.65928	46.7396
5.6646	46.7613
5.66491	46.7831
5.66962	46.8048
5.66981	46.8265
5.67007	46.8483
5.67322	46.87
5.67332	46.8918
5.67755	46.9135
5.67761	46.9352
5.67771	46.957
5.67802	46.9787
5.67813	47.0005
5.68414	47.0217
5.68429	47.043
5.68533	47.0643
5.68575	47.0856
5.68593	47.1068
5.68618	47.1281
5.68643	47.1494
5.69133	47.1707
5.69142	47.192
5.69618	47.2132
5.69625	47.2345
5.70074	47.2558
5.70095	47.2771
5.70122	47.2983
5.70131	47.3196
5.70145	47.3409
5.70669	47.3622
5.70683	47.3834
5.71869	47.4047
5.71887	47.426
5.72274	47.4473
5.72293	47.4685
5.72306	47.4898
5.72319	47.5111
5.72329	47.5324
5.72342	47.5537
5.72355	47.5749
5.72809	47.5962
5.72838	47.6175
5.72867	47.6388
5.72917	47.66
5.73514	47.6813
5.73533	47.7026
5.73561	47.7239
5.73578	47.7451
5.73933	47.7664
5.74554	47.7877
5.74578	47.809
5.74605	47.8302
5.74628	47.8515
5.7466	47.8728
5.74674	47.8941
5.74696	47.9154
5.75004	47.9366
5.7501	47.9579
5.75018	47.9792
5.75058	48.0005
5.76421	48.0213
5.76431	48.0421
5.7644	48.063
5.76454	48.0838
5.76474	48.1046
5.77105	48.1255
5.77142	48.1463
5.77152	48.1671
5.77198	48.188
5.77615	48.2088
5.77618	48.2296
5.7762	48.2505
5.77621	48.2713
5.77687	48.2921
5.78254	48.313
5.78259	48.3338
5.78281	48.3546
5.78312	48.3755
5.78927	48.3963
5.78943	48.4171
5.78958	48.438
5.7897	48.4588
5.7932	48.4796
5.79327	48.5005
5.79335	48.5213
5.79825	48.5421
5.79834	48.563
5.79848	48.5838
5.79862	48.6046
5.79879	48.6255
5.80413	48.6463
5.80443	48.6671
5.80976	48.688
5.80992	48.7088
5.81027	48.7296
5.81052	48.7505
5.82636	48.7713
5.82642	48.7921
5.82655	48.813
5.83254	48.8338
5.83277	48.8546
5.83303	48.8755
5.83317	48.8963
5.83396	48.9171
5.83398	48.938
5.83698	48.9588
5.83705	48.9796
5.83715	49.0005
5.84352	49.0209
5.84868	49.0413
5.84884	49.0617
5.84919	49.0821
5.84941	49.1025
5.84964	49.1229
5.8498	49.1433
5.85005	49.1637
5.85354	49.1841
5.85361	49.2045
5.85401	49.225
5.85412	49.2454
5.8542	49.2658
5.85969	49.2862
5.85986	49.3066
5.86012	49.327
5.86028	49.3474
5.86062	49.3678
5.86584	49.3882
5.86629	49.4086
5.86995	49.429
5.87001	49.4494
5.87008	49.4698
5.87614	49.4903
5.87625	49.5107
5.87667	49.5311
5.87672	49.5515
5.8771	49.5719
5.87717	49.5923
5.87752	49.6127
5.88109	49.6331
5.88151	49.6535
5.88163	49.6739
5.8817	49.6943
5.88632	49.7147
5.88649	49.7352
5.8916	49.7556
5.89181	49.776
5.89207	49.7964
5.89225	49.8168
5.89252	49.8372
5.89267	49.8576
5.89836	49.878
5.89861	49.8984
5.89886	49.9188
5.92199	49.9392
5.92207	49.9596
5.92223	49.9801
5.92242	50.0005
5.92265	50.0205
5.92273	50.0405
5.93182	50.0605
5.93187	50.0805
5.93192	50.1005
5.93199	50.1205
5.93235	50.1405
5.9324	50.1605
5.93243	50.1805
5.93775	50.2005
5.93911	50.2205
5.93931	50.2405
5.94289	50.2605
5.95163	50.2805
5.95173	50.3005
5.95188	50.3205
5.9544	50.3405
5.95446	50.3605
5.95453	50.3805
5.95469	50.4005
5.95478	50.4205
5.9549	50.4405
5.95501	50.4605
5.96014	50.4805
5.96032	50.5005
5.96173	50.5205
5.96182	50.5405
5.96375	50.5605
5.96576	50.5805
5.96584	50.6005
5.96598	50.6205
5.96618	50.6405
5.96646	50.6605
5.97204	50.6805
5.97241	50.7005
5.9734	50.7205
5.97421	50.7405
5.97465	50.7605
5.97891	50.7805
5.97915	50.8005
5.97938	50.8205
5.97943	50.8405
5.97948	50.8605
5.9857	50.8805
5.98624	50.9005
5.98666	50.9205
5.98682	50.9405
5.98705	50.9605
5.98719	50.9805
5.99162	51.0005
5.99177	51.0201
5.99181	51.0397
5.99192	51.0593
5.99214	51.0789
5.99756	51.0985
5.99776	51.1181
5.99809	51.1377
5.99823	51.1573
5.99852	51.1769
6.00724	51.1965
6.00741	51.2161
6.00754	51.2358
6.0077	51.2554
6.01964	51.275
6.01967	51.2946
6.01982	51.3142
6.02039	51.3338
6.02512	51.3534
6.02521	51.373
6.0253	51.3926
6.02756	51.4122
6.02809	51.4318
6.02817	51.4514
6.05204	51.471
6.0554	51.4907
6.05848	51.5103
6.05878	51.5299
6.05906	51.5495
6.05925	51.5691
6.05952	51.5887
6.05971	51.6083
6.06261	51.6279
6.06264	51.6475
6.06324	51.6671
6.0633	51.6867
6.06333	51.7063
6.06808	51.726
6.06818	51.7456
6.07214	51.7652
6.0723	51.7848
6.07245	51.8044
6.07255	51.824
6.07271	51.8436
6.07841	51.8632
6.07854	51.8828
6.07871	51.9024
6.07893	51.922
6.07913	51.9416
6.07937	51.9612
6.07952	51.9809
6.07984	52.0005
6.07994	52.0197
6.08383	52.0389
6.08388	52.0582
6.08391	52.0774
6.08394	52.0966
6.08397	52.1158
6.08801	52.1351
6.0953	52.1543
6.09543	52.1735
6.09999	52.1928
6.10002	52.212
6.10009	52.2312
6.10018	52.2505
6.10293	52.2697
6.10651	52.2889
6.10659	52.3082
6.10673	52.3274
6.10963	52.3466
6.10969	52.3658
6.1127	52.3851
6.11275	52.4043
6.11303	52.4235
6.11421	52.4428
6.12694	52.462
6.12974	52.4812
6.13145	52.5005
6.13163	52.5197
6.13202	52.5389
6.13212	52.5582
6.1323	52.5774
6.13563	52.5966
6.13568	52.6158
6.13808	52.6351
6.13832	52.6543
6.14384	52.6735
6.14403	52.6928
6.14432	52.712
6.14453	52.7312
6.14477	52.7505
6.14692	52.7697
6.14751	52.7889
6.15251	52.8082
6.15276	52.8274
6.1587	52.8466
6.15894	52.8658
6.15921	52.8851
6.1629	52.9043
6.163	52.9235
6.16315	52.9428
6.16843	52.962
6.16861	52.9812
6.16888	53.0005
6.16907	53.0193
6.17081	53.0382
6.17653	53.0571
6.17714	53.0759
6.17723	53.0948
6.17748	53.1137
6.17752	53.1325
6.17755	53.1514
6.17762	53.1703
6.17775	53.1891
6.18262	53.208
6.18322	53.2269
6.18341	53.2457
6.18815	53.2646
6.1882	53.2835
6.18823	53.3023
6.18825	53.3212
6.18828	53.3401
6.18831	53.359
6.1951	53.3778
6.19748	53.3967
6.1976	53.4156
6.19782	53.4344
6.20586	53.4533
6.20607	53.4722
6.21026	53.491
6.21031	53.5099
6.21035	53.5288
6.21038	53.5476
6.21042	53.5665
6.21928	53.5854
6.22287	53.6042
6.22309	53.6231
6.22351	53.642
6.22804	53.6608
6.22824	53.6797
6.22839	53.6986
6.22855	53.7174
6.22868	53.7363
6.2288	53.7552
6.23422	53.774
6.23434	53.7929
6.23727	53.8118
6.23749	53.8307
6.23771	53.8495
6.23799	53.8684
6.24039	53.8873
6.24052	53.9061
6.24066	53.925
6.24538	53.9439
6.24637	53.9627
6.2464	53.9816
6.24658	54.0005
6.24689	54.019
6.24706	54.0375
6.24726	54.056
6.24756	54.0745
6.25177	54.0931
6.25185	54.1116
6.25193	54.1301
6.25219	54.1486
6.25225	54.1671
6.25228	54.1856
6.25934	54.2042
6.25977	54.2227
6.2602	54.2412
6.26512	54.2597
6.26535	54.2782
6.26685	54.2968
6.26739	54.3153
6.2676	54.3338
6.26775	54.3523
6.26788	54.3708
6.27209	54.3894
6.27212	54.4079
6.27217	54.4264
6.28408	54.4449
6.28872	54.4634
6.28877	54.4819
6.2888	54.5005
6.28883	54.519
6.28885	54.5375
6.2891	54.556
6.30402	54.5745
6.30413	54.5931
6.30418	54.6116
6.30812	54.6301
6.30817	54.6486
6.31297	54.6671
6.31304	54.6856
6.31319	54.7042
6.31343	54.7227
6.31603	54.7412
6.31726	54.7597
6.31731	54.7782
6.31737	54.7968
6.31742	54.8153
6.32187	54.8338
6.32219	54.8523
6.32242	54.8708
6.32307	54.8894
6.32372	54.9079
6.32423	54.9264
6.32445	54.9449
6.32693	54.9634
6.3276	54.9819
6.32764	55.0005
6.33323	55.0186
6.33342	55.0368
6.33371	55.055
6.33386	55.0732
6.33405	55.0914
6.33451	55.1096
6.33848	55.1277
6.34399	55.1459
6.34435	55.1641
6.34454	55.1823
6.35458	55.2005
6.35489	55.2186
6.35493	55.2368
6.35496	55.255
6.35499	55.2732
6.35502	55.2914
6.36049	55.3096
6.36054	55.3277
6.36066	55.3459
6.36572	55.3641
6.36586	55.3823
6.36609	55.4005
6.36626	55.4186
6.3711	55.4368
6.37114	55.455
6.37694	55.4732
6.3771	55.4914
6.37732	55.5096
6.38247	55.5277
6.38266	55.5459
6.38785	55.5641
6.38806	55.5823
6.3883	55.6005
6.38851	55.6186
6.39063	55.6368
6.40857	55.655
6.40874	55.6732
6.40887	55.6914
6.41521	55.7096
6.41529	55.7277
6.41785	55.7459
6.41803	55.7641
6.41832	55.7823
6.41851	55.8005
6.41882	55.8186
6.4191	55.8368
6.42155	55.855
6.42181	55.8732
6.42211	55.8914
6.42232	55.9096
6.4265	55.9277
6.42931	55.9459
6.42946	55.9641
6.42962	55.9823
6.42973	56.0005
6.42986	56.0183
6.43	56.0362
6.43617	56.054
6.43638	56.0719
6.43666	56.0897
6.43683	56.1076
6.44191	56.1255
6.44195	56.1433
6.44261	56.1612
6.44274	56.179
6.44278	56.1969
6.44294	56.2147
6.44788	56.2326
6.44798	56.2505
6.44815	56.2683
6.44842	56.2862
6.44858	56.304
6.4488	56.3219
6.44896	56.3397
6.44918	56.3576
6.4527	56.3755
6.45286	56.3933
6.4529	56.4112
6.46316	56.429
6.46335	56.4469
6.46362	56.4647
6.4638	56.4826
6.46782	56.5005
6.4679	56.5183
6.46966	56.5362
6.46992	56.554
6.46994	56.5719
6.47	56.5897
6.47291	56.6076
6.48379	56.6255
6.48399	56.6433
6.48404	56.6612
6.4884	56.679
6.49494	56.6969
6.49621	56.7147
6.49637	56.7326
6.49645	56.7505
6.49818	56.7683
6.50037	56.7862
6.50049	56.804
6.50239	56.8219
6.50248	56.8397
6.50258	56.8576
6.50276	56.8755
6.50305	56.8933
6.50589	56.9112
6.51073	56.929
6.51094	56.9469
6.51128	56.9647
6.51137	56.9826
6.51251	57.0005
6.51254	57.018
6.51507	57.0355
6.52744	57.0531
6.52749	57.0706
6.52763	57.0882
6.52786	57.1057
6.52925	57.1233
6.52941	57.1408
6.53066	57.1584
6.53344	57.1759
6.53364	57.1934
6.53387	57.211
6.53403	57.2285
6.53627	57.2461
6.53635	57.2636
6.53644	57.2812
6.53856	57.2987
6.5387	57.3163
6.53874	57.3338
6.53893	57.3513
6.53904	57.3689
6.53929	57.3864
6.54322	57.404
6.54892	57.4215
6.54899	57.4391
6.55036	57.4566
6.55046	57.4741
6.55055	57.4917
6.55073	57.5092
6.55317	57.5268
6.55392	57.5443
6.55555	57.5619
6.55608	57.5794
6.55674	57.597
6.55742	57.6145
6.55828	57.632
6.55936	57.6496
6.55959	57.6671
6.57164	57.6847
6.57214	57.7022
6.57307	57.7198
6.57435	57.7373
6.57443	57.7548
6.57447	57.7724
6.57649	57.7899
6.57919	57.8075
6.57925	57.825
6.58054	57.8426
6.58059	57.8601
6.58067	57.8777
6.58283	57.8952
6.59972	57.9127
6.60046	57.9303
6.60051	57.9478
6.60054	57.9654
6.60252	57.9829
6.60546	58.0005
6.60624	58.0177
6.60757	58.0349
6.63522	58.0522
6.63528	58.0694
6.63531	58.0867
6.6388	58.1039
6.63947	58.1212
6.64021	58.1384
6.64027	58.1556
6.64156	58.1729
6.64283	58.1901
6.64296	58.2074
6.64365	58.2246
6.64438	58.2418
6.64515	58.2591
6.64521	58.2763
6.64529	58.2936
6.64721	58.3108
6.64734	58.328
6.64855	58.3453
6.64933	58.3625
6.64937	58.3798
6.65074	58.397
6.65081	29.1985
6.65091	29.233
6.65102	29.2675
6.65356	29.302
6.65478	29.3364
6.65511	29.3709
6.6553	29.4054
6.65551	29.4399
6.65707	29.4744
6.65713	29.5089
6.65729	29.5433
6.65732	29.5778
6.65986	29.6123
6.66056	29.6468
6.66152	29.6813
6.6621	29.7157
6.66422	29.7502
6.66499	29.7847
6.66641	29.8192
6.66656	29.8537
6.66659	29.8882
6.66848	29.9226
6.6777	29.9571
6.6779	29.9916
6.6789	30.0261
6.68216	30.0594
6.68288	30.0928
6.68295	30.1261
6.68949	30.1594
6.69074	30.1928
6.69205	30.2261
6.69223	30.2594
6.69227	30.2928
6.69566	30.3261
6.69597	30.3594
6.69621	30.3928
6.70038	30.4261
6.71728	30.4594
6.71768	30.4928
6.71839	30.5261
6.71846	30.5594
6.71976	30.5928
6.71984	30.6261
6.72121	30.6594
6.72225	30.6928
6.72339	30.7261
6.72893	30.7594
6.73101	30.7928
6.73248	30.8261
6.73256	30.8594
6.73266	30.8928
6.73451	30.9261
6.73464	30.9594
6.73481	30.9928
6.73738	31.0261
6.73812	31.0584
6.73954	31.0906
6.74012	31.1229
6.75837	31.1551
6.75901	31.1874
6.76359	31.2196
6.76428	31.2519
6.76621	31.2842
6.76654	31.3164
6.76719	31.3487
6.76796	31.3809
6.77347	31.4132
6.78159	31.4454
6.7831	31.4777
6.78391	31.51
6.78702	31.5422
6.78751	31.5745
6.78806	31.6067
6.78888	31.639
6.78896	31.6713
6.7902	31.7035
6.79795	31.7358
6.79868	31.768
6.80122	31.8003
6.80201	31.8325
6.80418	31.8648
6.80425	31.8971
6.80434	31.9293
6.80449	31.9616
6.80697	31.9938
6.80909	32.0261
6.80918	32.0573
6.80931	32.0886
6.81215	32.1198
6.81974	32.1511
6.82102	32.1823
6.82317	32.2136
6.82325	32.2448
6.82332	32.2761
6.82538	32.3073
6.82728	32.3386
6.8285	32.3698
6.83289	32.4011
6.83359	32.4323
6.83446	32.4636
6.83518	32.4948
6.83574	32.5261
6.83655	32.5573
6.83717	32.5886
6.83779	32.6198
6.83863	32.6511
6.84112	32.6823
6.84913	32.7136
6.84988	32.7448
6.85193	32.7761
6.8521	32.8073
6.854	32.8386
6.85479	32.8698
6.85759	32.9011
6.85775	32.9323
6.85799	32.9636
6.85817	32.9948
6.86035	33.0261
6.86043	33.0564
6.86052	33.0867
6.8655	33.117
6.86676	33.1473
6.86708	33.1776
6.86907	33.2079
6.86916	33.2382
6.86969	33.2685
6.8731	33.2988
6.88195	33.3291
6.88218	33.3594
6.88244	33.3897
6.88441	33.42
6.88464	33.4503
6.88647	33.4806
6.88662	33.5109
6.88864	33.5412
6.88877	33.5715
6.88889	33.6019
6.894	33.6322
6.89465	33.6625
6.89573	33.6928
6.89578	33.7231
6.89589	33.7534
6.89623	33.7837
6.8985	33.814
6.90063	33.8443
6.91086	33.8746
6.91161	33.9049
6.91299	33.9352
6.91468	33.9655
6.91481	33.9958
6.91648	34.0261
6.91657	34.0555
6.91666	34.0849
6.9209	34.1143
6.92116	34.1437
6.92216	34.1732
6.92222	34.2026
6.92228	34.232
6.92243	34.2614
6.9326	34.2908
6.93279	34.3202
6.93501	34.3496
6.93566	34.379
6.93571	34.4084
6.93574	34.4379
6.93577	34.4673
6.93579	34.4967
6.93906	34.5261
6.93909	34.5555
6.94054	34.5849
6.94327	34.6143
6.94398	34.6437
6.94405	34.6732
6.94414	34.7026
6.94609	34.732
6.94735	34.7614
6.94995	34.7908
6.95093	34.8202
6.96881	34.8496
6.96969	34.879
6.97026	34.9084
6.97033	34.9379
6.9723	34.9673
6.97384	34.9967
6.97395	35.0261
6.97582	35.0547
6.97588	35.0832
6.97716	35.1118
6.97794	35.1404
6.97803	35.169
6.98016	35.1975
6.98442	35.2261
6.98716	35.2547
6.99158	35.2832
6.99176	35.3118
6.99185	35.3404
6.99728	35.369
6.99751	35.3975
6.99793	35.4261
6.99916	35.4547
6.99932	35.4832
6.99955	35.5118
6.99985	35.5404
7.0031	35.569
7.00321	35.5975
7.00346	35.6261
7.00807	35.6547
7.0082	35.6832
7.0083	35.7118
7.00845	35.7404
7.01283	35.769
7.01448	35.7975
7.03726	35.8261
7.03796	35.8547
7.03874	35.8832
7.03948	35.9118
7.04009	35.9404
7.041	35.969
7.04156	35.9975
7.04168	36.0261
7.04428	36.0539
7.0443	36.0816
7.04565	36.1094
7.04791	36.1372
7.04794	36.165
7.048	36.1928
7.05094	36.2205
7.05113	36.2483
7.05709	36.2761
7.05849	36.3039
7.05852	36.3316
7.05861	36.3594
7.06064	36.3872
7.06082	36.415
7.06344	36.4428
7.06558	36.4705
7.06569	36.4983
7.06582	36.5261
7.0661	36.5539
7.06614	36.5816
7.06624	36.6094
7.07208	36.6372
7.07245	36.665
7.0729	36.6928
7.07655	36.7205
7.08578	36.7483
7.08782	36.7761
7.08858	36.8039
7.08928	36.8316
7.0917	36.8594
7.09214	36.8872
7.09237	36.915
7.09284	36.9428
7.09313	36.9705
7.09561	36.9983
7.09573	37.0261
7.09913	37.0531
7.09941	37.0801
7.10115	37.1072
7.10123	37.1342
7.10131	37.1612
7.10598	37.1883
7.11598	37.2153
7.11734	37.2423
7.11865	37.2693
7.11887	37.2964
7.12141	37.3234
7.12305	37.3504
7.1231	37.3774
7.12333	37.4045
7.12601	37.4315
7.12608	37.4585
7.12632	37.4856
7.12652	37.5126
7.13207	37.5396
7.13245	37.5666
7.13679	37.5937
7.137	37.6207
7.13725	37.6477
7.13746	37.6747
7.13971	37.7018
7.14483	37.7288
7.1461	37.7558
7.14752	37.7828
7.14759	37.8099
7.14769	37.8369
7.14959	37.8639
7.14966	37.891
7.14975	37.918
7.14991	37.945
7.15235	37.972
7.15343	37.9991
7.15395	38.0261
7.15594	38.0524
7.15601	38.0787
7.15612	38.105
7.15628	38.1314
7.16184	38.1577
7.1776	38.184
7.1789	38.2103
7.18382	38.2366
7.18389	38.2629
7.18398	38.2893
7.18586	38.3156
7.1859	38.3419
7.18593	38.3682
7.18802	38.3945
7.18806	38.4208
7.19174	38.4471
7.19292	38.4735
7.19408	38.4998
7.19468	38.5261
7.19541	38.5524
7.19615	38.5787
7.19696	38.605
7.19941	38.6314
7.20023	38.6577
7.20097	38.684
7.20111	38.7103
7.20227	38.7366
7.20237	38.7629
7.20245	38.7893
7.20464	38.8156
7.20597	38.8419
7.20676	38.8682
7.20745	38.8945
7.20822	38.9208
7.20826	38.9471
7.20828	38.9735
7.21126	38.9998
7.21176	39.0261
7.21322	39.0517
7.21664	39.0774
7.21671	39.103
7.21811	39.1287
7.21816	39.1543
7.22171	39.1799
7.22177	39.2056
7.22206	39.2312
7.22215	39.2569
7.22704	39.2825
7.22712	39.3081
7.23008	39.3338
7.23022	39.3594
7.23502	39.3851
7.23529	39.4107
7.23752	39.4363
7.23786	39.462
7.2398	39.4876
7.23992	39.5133
7.24118	39.5389
7.24183	39.5646
7.2421	39.5902
7.24663	39.6158
7.2467	39.6415
7.2468	39.6671
7.24697	39.6928
7.24721	39.7184
7.24725	39.744
7.25387	39.7697
7.26645	39.7953
7.26672	39.821
7.26708	39.8466
7.26711	39.8722
7.2673	39.8979
7.26757	39.9235
7.27083	39.9492
7.27092	39.9748
7.27099	40.0005
7.27117	40.0255
7.27385	40.0505
7.27414	40.0755
7.27587	40.1005
7.28667	40.1255
7.28672	40.1505
7.28683	40.1755
7.28697	40.2005
7.28707	40.2255
7.29252	40.2505
7.29262	40.2755
7.29268	40.3005
7.2927	40.3255
7.29273	40.3505
7.29275	40.3755
7.29278	40.4005
7.29819	40.4255
7.29958	40.4505
7.29973	40.4755
7.29988	40.5005
7.30005	40.5255
7.30029	40.5505
7.30037	40.5755
7.30046	40.6005
7.30555	40.6255
7.30565	40.6505
7.30587	40.6755
7.30629	40.7005
7.30637	40.7255
7.30806	40.7505
7.30814	40.7755
7.31104	40.8005
7.31116	40.8255
7.31133	40.8505
7.31165	40.8755
7.31291	40.9005
7.31715	40.9255
7.31722	40.9505
7.31924	40.9755
7.32132	41.0005
7.32156	41.0248
7.32177	41.0492
7.32593	41.0736
7.32612	41.098
7.32663	41.1224
7.32683	41.1468
7.32711	41.1712
7.32726	41.1956
7.32971	41.22
7.33186	41.2444
7.33205	41.2687
7.33219	41.2931
7.33459	41.3175
7.33484	41.3419
7.33498	41.3663
7.33514	41.3907
7.34024	41.4151
7.34082	41.4395
7.34107	41.4639
7.34568	41.4883
7.34584	41.5126
7.34589	41.537
7.34598	41.5614
7.34924	41.5858
7.34929	41.6102
7.34932	41.6346
7.34938	41.659
7.35509	41.6834
7.35539	41.7078
7.36268	41.7322
7.36306	41.7565
7.36332	41.7809
7.36771	41.8053
7.36779	41.8297
7.3682	41.8541
7.36842	41.8785
7.36849	41.9029
7.37486	41.9273
7.3753	41.9517
7.37967	41.9761
7.37977	42.0005
7.37988	42.0243
7.38247	42.0481
7.38511	42.0719
7.38526	42.0957
7.38545	42.1195
7.38902	42.1433
7.38912	42.1671
7.38924	42.1909
7.38936	42.2147
7.38967	42.2385
7.38971	42.2624
7.39618	42.2862
7.3962	42.31
7.39644	42.3338
7.39655	42.3576
7.40259	42.3814
7.4028	42.4052
7.40332	42.429
7.40356	42.4528
7.40691	42.4766
7.40697	42.5005
7.40703	42.5243
7.40718	42.5481
7.40728	42.5719
7.40741	42.5957
7.40748	42.6195
7.40755	42.6433
7.41238	42.6671
7.41257	42.6909
7.41285	42.7147
7.41292	42.7385
7.41302	42.7624
7.41855	42.7862
7.41864	42.81
7.41888	42.8338
7.41925	42.8576
7.41933	42.8814
7.42142	42.9052
7.42151	42.929
7.427	42.9528
7.42715	42.9766
7.42787	43.0005
7.42818	43.0237
7.44173	43.047
7.44245	43.0702
7.44326	43.0935
7.44334	43.1167
7.44522	43.14
7.44537	43.1632
7.44791	43.1865
7.45021	43.2098
7.45026	43.233
7.45042	43.2563
7.45047	43.2795
7.4505	43.3028
7.45053	43.326
7.45065	43.3493
7.45582	43.3725
7.45801	43.3958
7.46129	43.4191
7.46141	43.4423
7.46145	43.4656
7.46182	43.4888
7.46192	43.5121
7.46229	43.5353
7.46247	43.5586
7.46767	43.5818
7.46776	43.6051
7.46788	43.6284
7.47619	43.6516
7.47728	43.6749
7.47792	43.6981
7.4787	43.7214
7.47876	43.7446
7.48014	43.7679
7.48223	43.7911
7.48354	43.8144
7.48494	43.8377
7.48502	43.8609
7.48631	43.8842
7.48637	43.9074
7.4864	43.9307
7.48643	43.9539
7.48907	43.9772
7.4938	44.0005
7.494	44.0232
7.49835	44.0459
7.49842	44.0686
7.49858	44.0914
7.49862	44.1141
7.49867	44.1368
7.4989	44.1595
7.50314	44.1823
7.50671	44.205
7.50694	44.2277
7.50723	44.2505
7.511	44.2732
7.51105	44.2959
7.51121	44.3186
7.51158	44.3414
7.51168	44.3641
7.51179	44.3868
7.51715	44.4095
7.51808	44.4323
7.51818	44.455
7.51846	44.4777
7.51879	44.5005
7.51903	44.5232
7.51936	44.5459
7.5195	44.5686
7.52359	44.5914
7.52367	44.6141
7.5239	44.6368
7.52576	44.6595
7.52582	44.6823
7.52594	44.705
7.52609	44.7277
7.53008	44.7505
7.53028	44.7732
7.54367	44.7959
7.54424	44.8186
7.54566	44.8414
7.54702	44.8641
7.5471	44.8868
7.54921	44.9095
7.5498	44.9323
7.55145	44.955
7.55156	44.9777
7.55409	45.0005
7.55417	45.0227
7.55425	45.0449
7.55448	45.0671
7.55458	45.0893
7.55484	45.1116
7.55901	45.1338
7.55914	45.156
7.57381	45.1782
7.57411	45.2005
7.57415	45.2227
7.57727	45.2449
7.57735	45.2671
7.58024	45.2893
7.58047	45.3116
7.58068	45.3338
7.58112	45.356
7.58513	45.3782
7.5852	45.4005
7.58529	45.4227
7.58543	45.4449
7.58554	45.4671
7.5857	45.4893
7.58581	45.5116
7.59059	45.5338
7.59068	45.556
7.59077	45.5782
7.59092	45.6005
7.59102	45.6227
7.59478	45.6449
7.59486	45.6671
7.59495	45.6893
7.5951	45.7116
7.59519	45.7338
7.59535	45.756
7.60087	45.7782
7.60112	45.8005
7.60201	45.8227
7.60219	45.8449
7.60238	45.8671
7.60411	45.8893
7.6045	45.9116
7.60472	45.9338
7.60476	45.956
7.60825	45.9782
7.61037	46.0005
7.61042	46.0222
7.61077	46.0439
7.61108	46.0657
7.61629	46.0874
7.61667	46.1091
7.61828	46.1309
7.61869	46.1526
7.62615	46.1744
7.62735	46.1961
7.62815	46.2178
7.62822	46.2396
7.63015	46.2613
7.63136	46.2831
7.63147	46.3048
7.63468	46.3265
7.63473	46.3483
7.63612	46.37
7.63739	46.3918
7.63779	46.4135
7.6389	46.4352
7.63947	46.457
7.64314	46.4787
7.64321	46.5005
7.66767	46.5222
7.66829	46.5439
7.66907	46.5657
7.66924	46.5874
7.67118	46.6091
7.67126	46.6309
7.67257	46.6526
7.67667	46.6744
7.67824	46.6961
7.67832	46.7178
7.67959	46.7396
7.67962	46.7613
7.67977	46.7831
7.67995	46.8048
7.68235	46.8265
7.68379	46.8483
7.68382	46.87
7.68386	46.8918
7.68397	46.9135
7.68426	46.9352
7.68814	46.957
7.68818	46.9787
7.68824	47.0005
7.69374	47.0217
7.69389	47.043
7.69416	47.0643
7.69994	47.0856
7.70002	47.1068
7.70201	47.1281
7.70238	47.1494
7.70269	47.1707
7.70282	47.1919
7.70306	47.2132
7.70902	47.2345
7.70905	47.2558
7.70906	47.277
7.70907	47.2983
7.70908	47.3196
7.70909	47.3409
7.70931	47.3622
7.70957	47.3834
7.70974	47.4047
7.71386	47.426
7.71435	47.4473
7.71444	47.4685
7.7146	47.4898
7.72137	47.5111
7.72543	47.5324
7.72581	47.5536
7.72603	47.5749
7.72624	47.5962
7.73081	47.6175
7.73097	47.6387
7.73121	47.66
7.7353	47.6813
7.73566	47.7026
7.73653	47.7239
7.73656	47.7451
7.73668	47.7664
7.7371	47.7877
7.73754	47.809
7.7377	47.8302
7.74267	47.8515
7.74335	47.8728
7.7435	47.8941
7.74375	47.9153
7.74401	47.9366
7.74419	47.9579
7.74432	47.9792
7.7484	48.0005
7.74846	48.0213
7.74855	48.0421
7.74876	48.063
7.74889	48.0838
7.75411	48.1046
7.7739	48.1255
7.77525	48.1463
7.77533	48.1671
7.77543	48.188
7.77581	48.2088
7.77586	48.2296
7.77602	48.2505
7.7761	48.2713
7.78155	48.2921
7.78176	48.313
7.78437	48.3338
7.78458	48.3546
7.78481	48.3755
7.78513	48.3963
7.79069	48.4171
7.79085	48.438
7.79495	48.4588
7.79505	48.4796
7.79519	48.5005
7.79554	48.5213
7.79862	48.5421
7.79876	48.563
7.79897	48.5838
7.80269	48.6046
7.80298	48.6255
7.80553	48.6463
7.80557	48.6671
7.80561	48.688
7.80565	48.7088
7.80581	48.7296
7.80592	48.7505
7.80604	48.7713
7.811	48.7921
7.81109	48.813
7.81125	48.8338
7.81154	48.8546
7.81165	48.8755
7.81178	48.8963
7.81713	48.9171
7.81733	48.938
7.81835	48.9588
7.81836	48.9796
7.81838	49.0005
7.81839	49.0209
7.8184	49.0413
7.81841	49.0617
7.82252	49.0821
7.82259	49.1025
7.83109	49.1229
7.83144	49.1433
7.83161	49.1637
7.83449	49.1841
7.83457	49.2045
7.83466	49.2249
7.83809	49.2453
7.83825	49.2658
7.83834	49.2862
7.83853	49.3066
7.84219	49.327
7.84226	49.3474
7.84235	49.3678
7.84249	49.3882
7.85869	49.4086
7.86341	49.429
7.86349	49.4494
7.86359	49.4698
7.86375	49.4902
7.86389	49.5107
7.86401	49.5311
7.8641	49.5515
7.86829	49.5719
7.86889	49.5923
7.86966	49.6127
7.86975	49.6331
7.86983	49.6535
7.87173	49.6739
7.87181	49.6943
7.8719	49.7147
7.87386	49.7351
7.87393	49.7556
7.87524	49.776
7.87531	49.7964
7.87541	49.8168
7.87558	49.8372
7.8757	49.8576
7.87989	49.878
7.88174	49.8984
7.88188	49.9188
7.88201	49.9392
7.8837	49.9596
7.88373	49.98
7.8838	50.0005
7.88395	50.0205
7.88662	50.0405
7.88939	50.0605
7.89082	50.0805
7.89218	50.1005
7.89446	50.1205
7.89487	50.1405
7.89712	50.1605
7.89717	50.1805
7.89725	50.2005
7.90217	50.2205
7.90225	50.2405
7.90228	50.2605
7.90231	50.2805
7.90235	50.3005
7.9063	50.3205
7.90635	50.3405
7.91049	50.3605
7.91061	50.3805
7.91414	50.4005
7.91429	50.4205
7.91673	50.4405
7.91915	50.4605
7.91924	50.4805
7.91938	50.5005
7.92171	50.5205
7.92243	50.5405
7.93173	50.5605
7.93228	50.5805
7.93373	50.6005
7.9343	50.6205
7.9365	50.6405
7.93858	50.6605
7.93863	50.6805
7.93866	50.7005
7.93869	50.7205
7.93888	50.7405
7.94223	50.7605
7.94566	50.7805
7.94576	50.8005
7.94584	50.8205
7.94602	50.8405
7.94614	50.8605
7.94634	50.8805
7.94661	50.9005
7.95053	50.9205
7.95326	50.9405
7.95334	50.9605
7.95342	50.9805
7.95358	51.0005
7.95369	51.0201
7.95855	51.0397
7.95875	51.0593
7.95896	51.0789
7.96354	51.0985
7.96377	51.1181
7.96389	51.1377
7.96853	51.1573
7.96858	51.1769
7.96869	51.1965
7.96881	51.2161
7.96896	51.2357
7.97535	51.2554
7.9759	51.275
7.97618	51.2946
7.97643	51.3142
7.98148	51.3338
7.98566	51.3534
7.98586	51.373
7.98647	51.3926
7.98655	51.4122
7.98679	51.4318
7.98705	51.4514
7.99008	51.471
7.99019	51.4906
7.99083	51.5103
7.99639	51.5299
7.99643	51.5495
7.99652	51.5691
7.99661	51.5887
7.99692	51.6083
7.99712	51.6279
8.00123	51.6475
8.0013	51.6671
8.00137	51.6867
8.00349	51.7063
8.00353	51.7259
8.00356	51.7455
8.00358	51.7652
8.00361	51.7848
8.00923	51.8044
8.00951	51.824
8.0096	51.8436
8.00972	51.8632
8.01509	51.8828
8.02319	51.9024
8.02326	51.922
8.02334	51.9416
8.02352	51.9612
8.02363	51.9808
8.02386	52.0005
8.02933	52.0197
8.02943	52.0389
8.03112	52.0581
8.03132	52.0774
8.03185	52.0966
8.03187	52.1158
8.032	52.1351
8.0322	52.1543
8.03247	52.1735
8.03637	52.1928
8.0366	52.212
8.03669	52.2312
8.04327	52.2505
8.04346	52.2697
8.04375	52.2889
8.04392	52.3081
8.04763	52.3274
8.04795	52.3466
8.0481	52.3658
8.04821	52.3851
8.05138	52.4043
8.05144	52.4235
8.05155	52.4428
8.05168	52.462
8.05187	52.4812
8.05196	52.5005
8.05216	52.5197
8.05759	52.5389
8.0593	52.5581
8.05951	52.5774
8.06007	52.5966
8.06047	52.6158
8.0763	52.6351
8.07643	52.6543
8.07653	52.6735
8.08134	52.6928
8.08175	52.712
8.08181	52.7312
8.08191	52.7505
8.08733	52.7697
8.08743	52.7889
8.08762	52.8081
8.08785	52.8274
8.08802	52.8466
8.08826	52.8658
8.08843	52.8851
8.08877	52.9043
8.09297	52.9235
8.09891	52.9428
8.09898	52.962
8.09927	52.9812
8.09948	53.0005
8.10389	53.0193
8.10402	53.0382
8.1044	53.0571
8.1087	53.0759
8.10876	53.0948
8.109	53.1137
8.10911	53.1325
8.10922	53.1514
8.10933	53.1703
8.10944	53.1891
8.11425	53.208
8.11451	53.2269
8.11473	53.2457
8.12326	53.2646
8.12597	53.2835
8.12603	53.3023
8.12612	53.3212
8.12625	53.3401
8.12635	53.3589
8.12645	53.3778
8.12656	53.3967
8.1333	53.4155
8.13354	53.4344
8.13373	53.4533
8.13388	53.4721
8.13844	53.491
8.13876	53.5099
8.13891	53.5288
8.13911	53.5476
8.13916	53.5665
8.13925	53.5854
8.14441	53.6042
8.14641	53.6231
8.14653	53.642
8.14667	53.6608
8.14681	53.6797
8.14696	53.6986
8.14707	53.7174
8.15183	53.7363
8.15198	53.7552
8.15221	53.774
8.15255	53.7929
8.15267	53.8118
8.15286	53.8306
8.15291	53.8495
8.15757	53.8684
8.1577	53.8872
8.16814	53.9061
8.17385	53.925
8.17394	53.9438
8.17414	53.9627
8.17419	53.9816
8.17445	54.0005
8.17916	54.019
8.17925	54.0375
8.17934	54.056
8.17952	54.0745
8.18009	54.093
8.1853	54.1116
8.18539	54.1301
8.18561	54.1486
8.18597	54.1671
8.18618	54.1856
8.18644	54.2042
8.18674	54.2227
8.18687	54.2412
8.19047	54.2597
8.19057	54.2782
8.19072	54.2967
8.19609	54.3153
8.19651	54.3338
8.19811	54.3523
8.20188	54.3708
8.20197	54.3893
8.20227	54.4079
8.20248	54.4264
8.20976	54.4449
8.20982	54.4634
8.21004	54.4819
8.2103	54.5005
8.21048	54.519
8.21084	54.5375
8.21096	54.556
8.21471	54.5745
8.21479	54.593
8.21487	54.6116
8.21518	54.6301
8.21523	54.6486
8.21526	54.6671
8.21532	54.6856
8.22017	54.7042
8.22208	54.7227
8.22712	54.7412
8.22729	54.7597
8.22757	54.7782
8.22784	54.7967
8.23335	54.8153
8.23347	54.8338
8.24033	54.8523
8.24061	54.8708
8.24076	54.8893
8.24511	54.9079
8.2452	54.9264
8.25133	54.9449
8.25153	54.9634
8.25174	54.9819
8.25187	55.0005
8.25216	55.0186
8.25238	55.0368
8.25611	55.055
8.25614	55.0732
8.25657	55.0914
8.25671	55.1095
8.2568	55.1277
8.2615	55.1459
8.2616	55.1641
8.26168	55.1823
8.26179	55.2005
8.26189	55.2186
8.26199	55.2368
8.2621	55.255
8.26219	55.2732
8.26732	55.2914
8.26753	55.3095
8.26782	55.3277
8.27452	55.3459
8.2746	55.3641
8.27468	55.3823
8.27485	55.4005
8.27495	55.4186
8.27503	55.4368
8.27533	55.455
8.28141	55.4732
8.28171	55.4914
8.28207	55.5095
8.28237	55.5277
8.28267	55.5459
8.28565	55.5641
8.28571	55.5823
8.2858	55.6005
8.29296	55.6186
8.29355	55.6368
8.29397	55.655
8.29661	55.6732
8.30893	55.6914
8.31025	55.7095
8.31064	55.7277
8.31086	55.7459
8.31115	55.7641
8.31324	55.7823
8.31328	55.8005
8.31329	55.8186
8.31982	55.8368
8.31988	55.855
8.32007	55.8732
8.32052	55.8914
8.3207	55.9095
8.32098	55.9277
8.32117	55.9459
8.32417	55.9641
8.32431	55.9823
8.32441	56.0005
8.32451	56.0183
8.3246	56.0362
8.32474	56.054
8.32485	56.0719
8.32949	56.0897
8.32957	56.1076
8.32968	56.1255
8.32993	56.1433
8.33005	56.1612
8.33017	56.179
8.33031	56.1969
8.33053	56.2147
8.33529	56.2326
8.3354	56.2505
8.33563	56.2683
8.33642	56.2862
8.34039	56.304
8.34046	56.3219
8.3406	56.3397
8.34069	56.3576
8.34082	56.3755
8.34095	56.3933
8.34103	56.4112
8.34614	56.429
8.34619	56.4469
8.34631	56.4647
8.34649	56.4826
8.3518	56.5005
8.352	56.5183
8.35701	56.5362
8.35734	56.554
8.35757	56.5719
8.35777	56.5897
8.36977	56.6076
8.37009	56.6255
8.37379	56.6433
8.37389	56.6612
8.37411	56.679
8.3744	56.6969
8.3746	56.7147
8.3789	56.7326
8.379	56.7505
8.38423	56.7683
8.38431	56.7862
8.38485	56.804
8.38494	56.8219
8.39063	56.8397
8.39106	56.8576
8.3914	56.8755
8.39169	56.8933
8.3919	56.9112
8.39213	56.929
8.3924	56.9469
8.39517	56.9647
8.39522	56.9826
8.39529	57.0005
8.39542	57.018
8.39557	57.0355
8.39567	57.0531
8.39584	57.0706
8.39592	57.0882
8.40067	57.1057
8.40077	57.1233
8.40086	57.1408
8.40104	57.1583
8.40792	57.1759
8.4082	57.1934
8.4085	57.211
8.40874	57.2285
8.41176	57.2461
8.41185	57.2636
8.41196	57.2812
8.41216	57.2987
8.41221	57.3162
8.41224	57.3338
8.41227	57.3513
8.4178	57.3689
8.41804	57.3864
8.41831	57.404
8.41847	57.4215
8.41869	57.439
8.41903	57.4566
8.42262	57.4741
8.43394	57.4917
8.43407	57.5092
8.43457	57.5268
8.43911	57.5443
8.43917	57.5619
8.4393	57.5794
8.446	57.5969
8.44623	57.6145
8.45056	57.632
8.45069	57.6496
8.45076	57.6671
8.45086	57.6847
8.45558	57.7022
8.45565	57.7198
8.45576	57.7373
8.45589	57.7548
8.45613	57.7724
8.45618	57.7899
8.45621	57.8075
8.46156	57.825
8.46176	57.8426
8.46205	57.8601
8.46227	57.8776
8.46231	57.8952
8.46252	57.9127
8.46268	57.9303
8.46299	57.9478
8.4671	57.9654
8.4674	57.9829
8.47274	58.0005
8.47279	58.0177
8.47317	58.0349
8.47337	58.0522
8.47359	58.0694
8.47395	58.0867
8.47407	58.1039
8.4781	58.1211
8.48292	58.1384
8.48295	58.1556
8.48299	58.1729
8.48313	58.1901
8.48327	58.2073
8.4834	58.2246
8.4835	58.2418
8.49056	58.2591
8.49096	58.2763
8.49117	58.2936
8.494	58.3108
8.49407	58.328
8.49416	58.3453
8.50091	58.3625
8.50168	58.3798
8.50186	58.397
8.50588	58.4142
8.50597	58.4315
8.50604	58.4487
8.50639	58.466
8.51132	58.4832
8.51138	58.5005
8.5176	58.5177
8.51769	58.5349
8.51791	58.5522
8.51821	58.5694
8.51832	58.5867
8.51847	58.6039
8.5187	58.6211
8.52254	58.6384
8.52265	58.6556
8.52275	58.6729
8.5277	58.6901
8.52787	58.7073
8.52833	58.7246
8.52845	58.7418
8.5285	58.7591
8.53486	58.7763
8.53503	58.7936
8.53521	58.8108
8.53551	58.828
8.53569	58.8453
8.53616	58.8625
8.53872	58.8798
8.53878	58.897
8.53888	58.9142
8.53906	58.9315
8.53916	58.9487
8.5392	58.966
8.54419	58.9832
8.54433	59.0005
8.54442	59.0174
8.54468	59.0344
8.54472	59.0513
8.54475	59.0682
8.54955	59.0852
8.54958	59.1021
8.54997	59.1191
8.55003	59.136
8.5502	59.153
8.55575	59.1699
8.55593	59.1869
8.55615	59.2038
8.55636	59.2208
8.56079	59.2377
8.57267	59.2547
8.57326	59.2716
8.57698	59.2886
8.57708	59.3055
8.57715	59.3225
8.57745	59.3394
8.58283	29.6697
8.58333	29.7042
8.58352	29.7387
8.58369	29.7732
8.58387	29.8076
8.58798	29.8421
8.58812	29.8766
8.58834	29.9111
8.58841	29.9456
8.58848	29.9801
8.58851	30.0145
8.59352	30.0479
8.59365	30.0812
8.59377	30.1145
8.5939	30.1479
8.59938	30.1812
8.5996	30.2145
8.59981	30.2479
8.6	30.2812
8.60469	30.3145
8.60499	30.3479
8.60989	30.3812
8.61007	30.4145
8.61019	30.4479
8.61026	30.4812
8.61031	30.5145
8.61589	30.5479
8.61598	30.5812
8.61613	30.6145
8.61626	30.6479
8.61646	30.6812
8.61673	30.7145
8.61693	30.7479
8.61721	30.7812
8.62078	30.8145
8.62083	30.8479
8.62116	30.8812
8.62137	30.9145
8.62147	30.9479
8.62689	30.9812
8.62708	31.0145
8.62736	31.0468
8.6275	31.0791
8.62782	31.1113
8.62798	31.1436
8.62826	31.1758
8.62847	31.2081
8.63169	31.2404
8.63752	31.2726
8.63773	31.3049
8.64304	31.3371
8.64319	31.3694
8.64878	31.4016
8.64893	31.4339
8.64904	31.4662
8.64917	31.4984
8.64929	31.5307
8.6537	31.5629
8.6763	31.5952
8.6764	31.6274
8.67654	31.6597
8.68206	31.692
8.6825	31.7242
8.68285	31.7565
8.68309	31.7887
8.6833	31.821
8.68347	31.8533
8.68675	31.8855
8.68689	31.9178
8.68702	31.95
8.68719	31.9823
8.69235	32.0145
8.69246	32.0458
8.69259	32.077
8.69284	32.1083
8.69289	32.1395
8.69297	32.1708
8.69942	32.202
8.69984	32.2333
8.69996	32.2645
8.70328	32.2958
8.70334	32.327
8.7034	32.3583
8.70353	32.3895
8.70364	32.4208
8.70374	32.452
8.70385	32.4833
8.70393	32.5145
8.70951	32.5458
8.7153	32.577
8.71557	32.6083
8.71974	32.6395
8.72851	32.6708
8.72877	32.702
8.72932	32.7333
8.72957	32.7645
8.72982	32.7958
8.73003	32.827
8.73386	32.8583
8.73465	32.8895
8.73473	32.9208
8.73484	32.952
8.73499	32.9833
8.73511	33.0145
8.73526	33.0448
8.73541	33.0752
8.73551	33.1055
8.74051	33.1358
8.74166	33.1661
8.75097	33.1964
8.7512	33.2267
8.75147	33.257
8.75307	33.2873
8.75314	33.3176
8.75324	33.3479
8.7566	33.3782
8.75675	33.4085
8.75698	33.4388
8.76094	33.4691
8.76119	33.4994
8.76144	33.5297
8.76654	33.56
8.7668	33.5903
8.77562	33.6206
8.7822	33.6509
8.7867	33.6812
8.78676	33.7115
8.78816	33.7418
8.78823	33.7721
8.78829	33.8024
8.78852	33.8327
8.78866	33.863
8.78883	33.8933
8.78897	33.9236
8.78914	33.9539
8.79362	33.9842
8.79368	34.0145
8.79375	34.044
8.79412	34.0734
8.79422	34.1028
8.79847	34.1322
8.79869	34.1616
8.79884	34.191
8.8033	34.2204
8.80341	34.2498
8.80932	34.2793
8.80952	34.3087
8.80977	34.3381
8.81349	34.3675
8.81357	34.3969
8.81504	34.4263
8.81519	34.4557
8.81548	34.4851
8.81558	34.5145
8.81783	34.544
8.81785	34.5734
8.8236	34.6028
8.82561	34.6322
8.83328	34.6616
8.83413	34.691
8.83418	34.7204
8.8374	34.7498
8.83755	34.7793
8.83932	34.8087
8.8395	34.8381
8.83963	34.8675
8.84101	34.8969
8.84116	34.9263
8.84182	34.9557
8.84333	34.9851
8.84342	35.0145
8.84457	35.0431
8.84674	35.0717
8.84679	35.1003
8.84682	35.1288
8.84688	35.1574
8.8471	35.186
8.84734	35.2145
8.85152	35.2431
8.85788	35.2717
8.85797	35.3003
8.8594	35.3288
8.86458	35.3574
8.86565	35.386
8.86711	35.4145
8.86724	35.4431
8.86921	35.4717
8.8693	35.5003
8.8706	35.5288
8.87491	35.5574
8.87557	35.586
8.87569	35.6145
8.88474	35.6431
8.88482	35.6717
8.88493	35.7003
8.88508	35.7288
8.88519	35.7574
8.88909	35.786
8.89167	35.8145
8.89452	35.8431
8.89458	35.8717
8.89468	35.9003
8.89488	35.9288
8.89501	35.9574
8.89514	35.986
8.89528	36.0145
8.9111	36.0423
8.91132	36.0701
8.91155	36.0979
8.91169	36.1257
8.91508	36.1534
8.91527	36.1812
8.91646	36.209
8.91665	36.2368
8.9192	36.2645
8.91927	36.2923
8.91936	36.3201
8.92273	36.3479
8.92342	36.3757
8.92352	36.4034
8.92485	36.4312
8.92547	36.459
8.92555	36.4868
8.92694	36.5145
8.92848	36.5423
8.93048	36.5701
8.9361	36.5979
8.93619	36.6257
8.93624	36.6534
8.93641	36.6812
8.9365	36.709
8.94035	36.7368
8.94045	36.7645
8.94054	36.7923
8.94582	36.8201
8.94595	36.8479
8.94619	36.8757
8.94639	36.9034
8.94661	36.9312
8.94951	36.959
8.94955	36.9868
8.95148	37.0145
8.95175	37.0416
8.95353	37.0686
8.95373	37.0956
8.95771	37.1227
8.95855	37.1497
8.95866	37.1767
8.95876	37.2037
8.95899	37.2308
8.96445	37.2578
8.96569	37.2848
8.96939	37.3118
8.97133	37.3389
8.97151	37.3659
8.97167	37.3929
8.97174	37.42
8.97581	37.447
8.97591	37.474
8.97692	37.501
8.98167	37.5281
8.9819	37.5551
8.99036	37.5821
8.99045	37.6091
8.99056	37.6362
8.99076	37.6632
8.99092	37.6902
8.99473	37.7172
8.99493	37.7443
8.99537	37.7713
9.00775	37.7983
9.00793	37.8254
9.01364	37.8524
9.01373	37.8794
9.01386	37.9064
9.01406	37.9335
9.01412	37.9605
9.01419	37.9875
9.01432	38.0145
9.01908	38.0409
9.01973	38.0672
9.01983	38.0935
9.03028	38.1198
9.0304	38.1461
9.03049	38.1724
9.03067	38.1988
9.03075	38.2251
9.03084	38.2514
9.03095	38.2777
9.03563	38.304
9.03574	38.3303
9.03591	38.3567
9.03616	38.383
9.03828	38.4093
9.03847	38.4356
9.03859	38.4619
9.03878	38.4882
9.04148	38.5145
9.04167	38.5409
9.04709	38.5672
9.04724	38.5935
9.04748	38.6198
9.04771	38.6461
9.05033	38.6724
9.05705	38.6988
9.05714	38.7251
9.05723	38.7514
9.05753	38.7777
9.0576	38.804
9.07434	38.8303
9.07459	38.8567
9.07936	38.883
9.07949	38.9093
9.07974	38.9356
9.07984	38.9619
9.08447	38.9882
9.08454	39.0145
9.08468	39.0402
9.08495	39.0658
9.08505	39.0915
9.08515	39.1171
9.08524	39.1428
9.08969	39.1684
9.08973	39.194
9.08978	39.2197
9.08986	39.2453
9.09359	39.271
9.1048	39.2966
9.10486	39.3222
9.10509	39.3479
9.10525	39.3735
9.10541	39.3992
9.11035	39.4248
9.11044	39.4504
9.11072	39.4761
9.11363	39.5017
9.11369	39.5274
9.11397	39.553
9.11425	39.5786
9.11435	39.6043
9.11459	39.6299
9.11474	39.6556
9.12046	39.6812
9.12059	39.7069
9.1208	39.7325
9.12551	39.7581
9.12566	39.7838
9.1308	39.8094
9.13085	39.8351
9.13094	39.8607
9.13108	39.8863
9.13118	39.912
9.13129	39.9376
9.1372	39.9633
9.14244	39.9889
9.14771	40.0145
9.14798	40.0395
9.14835	40.0645
9.14866	40.0895
9.14894	40.1145
9.14913	40.1395
9.15272	40.1645
9.1534	40.1895
9.15353	40.2145
9.15838	40.2395
9.15884	40.2645
9.16406	40.2895
9.16427	40.3145
9.16461	40.3395
9.16467	40.3645
9.16476	40.3895
9.16491	40.4145
9.16902	40.4395
9.1746	40.4645
9.17476	40.4895
9.17505	40.5145
9.17526	40.5395
9.17534	40.5645
9.18044	40.5895
9.18054	40.6145
9.18141	40.6395
9.1905	40.6645
9.19068	40.6895
9.1964	40.7145
9.19651	40.7395
9.19669	40.7645
9.19933	40.7895
9.1994	40.8145
9.19951	40.8395
9.19968	40.8645
9.19998	40.8895
9.20357	40.9145
9.20364	40.9395
9.20373	40.9645
9.20388	40.9895
9.20398	41.0145
9.20409	41.0389
9.20423	41.0633
9.20937	41.0877
9.2095	41.1121
9.20969	41.1365
9.21158	41.1609
9.21166	41.1853
9.21181	41.2097
9.22798	41.2341
9.22803	41.2584
9.22825	41.2828
9.22834	41.3072
9.2285	41.3316
9.23335	41.356
9.23341	41.3804
9.23409	41.4048
9.23865	41.4292
9.23885	41.4536
9.239	41.478
9.2392	41.5023
9.23952	41.5267
9.2444	41.5511
9.2445	41.5755
9.24473	41.5999
9.24495	41.6243
9.25039	41.6487
9.25054	41.6731
9.25581	41.6975
9.25606	41.7219
9.25623	41.7463
9.25651	41.7706
9.25674	41.795
9.25704	41.8194
9.25735	41.8438
9.26073	41.8682
9.26085	41.8926
9.26092	41.917
9.26105	41.9414
9.26116	41.9658
9.26124	41.9902
9.26652	42.0145
9.26665	42.0384
9.26681	42.0622
9.27718	42.086
9.27733	42.1098
9.27758	42.1336
9.27763	42.1574
9.27765	42.1812
9.27772	42.205
9.2832	42.2288
9.2833	42.2526
9.28353	42.2764
9.2838	42.3003
9.28402	42.3241
9.28834	42.3479
9.2885	42.3717
9.28865	42.3955
9.28891	42.4193
9.29378	42.4431
9.29418	42.4669
9.29807	42.4907
9.29816	42.5145
9.30753	42.5384
9.30781	42.5622
9.31244	42.586
9.31252	42.6098
9.31572	42.6336
9.31585	42.6574
9.3161	42.6812
9.31618	42.705
9.31627	42.7288
9.3212	42.7526
9.3213	42.7764
9.32153	42.8003
9.32652	42.8241
9.3266	42.8479
9.32692	42.8717
9.32706	42.8955
9.32717	42.9193
9.3273	42.9431
9.32756	42.9669
9.33219	42.9907
9.33235	43.0145
9.3326	43.0378
9.33274	43.0611
9.33798	43.0843
9.3382	43.1076
9.33852	43.1308
9.34295	43.1541
9.34304	43.1773
9.34317	43.2006
9.34979	43.2238
9.35418	43.2471
9.35423	43.2704
9.35426	43.2936
9.35435	43.3169
9.35452	43.3401
9.35462	43.3634
9.35484	43.3866
9.35968	43.4099
9.36051	43.4331
9.36072	43.4564
9.36101	43.4797
9.36119	43.5029
9.37135	43.5262
9.3759	43.5494
9.37596	43.5727
9.37607	43.5959
9.38141	43.6192
9.38166	43.6425
9.382	43.6657
9.38208	43.689
9.38219	43.7122
9.38686	43.7355
9.38691	43.7587
9.38697	43.782
9.39234	43.8052
9.39243	43.8285
9.39263	43.8518
9.39278	43.875
9.39289	43.8983
9.39311	43.9215
9.39776	43.9448
9.39785	43.968
9.39797	43.9913
9.39814	44.0145
9.40368	44.0373
9.4038	44.06
9.40402	44.0827
9.40952	44.1055
9.4097	44.1282
9.40992	44.1509
9.41001	44.1736
9.4101	44.1964
9.41099	44.2191
9.41465	44.2418
9.41477	44.2645
9.42012	44.2873
9.42047	44.31
9.42096	44.3327
9.42507	44.3555
9.42511	44.3782
9.4252	44.4009
9.42536	44.4236
9.42549	44.4464
9.42575	44.4691
9.42586	44.4918
9.43087	44.5145
9.43636	44.5373
9.43657	44.56
9.43687	44.5827
9.43708	44.6055
9.43736	44.6282
9.43754	44.6509
9.43783	44.6736
9.44184	44.6964
9.45329	44.7191
9.45852	44.7418
9.45869	44.7645
9.45897	44.7873
9.45925	44.81
9.45944	44.8327
9.45967	44.8555
9.45996	44.8782
9.46026	44.9009
9.46416	44.9236
9.4643	44.9464
9.46441	44.9691
9.46888	44.9918
9.46904	45.0145
9.46916	45.0368
9.46935	45.059
9.47504	45.0812
9.48037	45.1034
9.48046	45.1257
9.48054	45.1479
9.48531	45.1701
9.48538	45.1923
9.48544	45.2145
9.48557	45.2368
9.48568	45.259
9.48577	45.2812
9.48594	45.3034
9.48605	45.3257
9.49394	45.3479
9.49622	45.3701
9.4963	45.3923
9.49638	45.4145
9.49655	45.4368
9.49669	45.459
9.4968	45.4812
9.50748	45.5034
9.50771	45.5257
9.51319	45.5479
9.5135	45.5701
9.51386	45.5923
9.51401	45.6145
9.51429	45.6368
9.51447	45.659
9.51477	45.6812
9.51507	45.7034
9.52393	45.7257
9.5292	45.7479
9.52941	45.7701
9.5296	45.7923
9.52965	45.8145
9.52974	45.8368
9.52986	45.859
9.52995	45.8812
9.5346	45.9034
9.5352	45.9257
9.54	45.9479
9.54617	45.9701
9.54641	45.9923
9.5467	46.0145
9.54692	46.0363
9.54729	46.058
9.54741	46.0798
9.54771	46.1015
9.54789	46.1232
9.55109	46.145
9.55117	46.1667
9.55693	46.1885
9.55713	46.2102
9.55746	46.2319
9.55765	46.2537
9.55794	46.2754
9.55814	46.2972
9.55871	46.3189
9.55892	46.3406
9.56773	46.3624
9.56789	46.3841
9.57324	46.4058
9.57446	46.4276
9.57842	46.4493
9.5785	46.4711
9.57859	46.4928
9.57869	46.5145
9.58548	46.5363
9.58569	46.558
9.58591	46.5798
9.58937	46.6015
9.58948	46.6232
9.58956	46.645
9.59001	46.6667
9.59543	46.6885
9.59552	46.7102
9.59576	46.7319
9.59596	46.7537
9.59645	46.7754
9.60036	46.7972
9.60043	46.8189
9.6005	46.8406
9.60058	46.8624
9.60066	46.8841
9.60072	46.9058
9.61155	46.9276
9.6117	46.9493
9.61179	46.9711
9.61186	46.9928
9.61701	23.4964
9.61716	23.5399
9.61726	23.5834
9.61733	23.6268
9.61746	23.6703
9.62246	23.7138
9.62797	23.7573
9.62814	23.8008
9.62822	23.8442
9.62832	23.8877
9.62841	23.9312
9.62848	23.9747
9.62856	24.0181
9.6332	24.0598
