time	cwndsize
0.410824	11
0.413929	12
0.421792	13
0.421841	14
0.421895	15
0.421924	16
0.42424	17
0.424857	18
0.426864	19
0.429514	20
0.585974	21
0.588844	22
0.590738	23
0.592527	24
0.593154	25
0.594805	26
0.608087	27
0.608797	28
0.610671	29
0.612338	30
0.614218	31
0.616159	32
0.61853	33
0.619872	34
0.623641	35
0.626279	36
0.62982	37
0.642134	18.5
0.657753	18.5556
0.670975	18.6111
0.837548	18.6667
0.838139	18.7222
0.839023	18.7778
0.83929	18.8333
0.842916	18.8889
0.844395	18.9444
0.846557	19
0.848225	19.0526
0.882061	19.1053
0.882724	19.1579
0.883449	19.2105
0.883703	19.2632
0.883864	19.3158
0.884099	19.3684
0.884901	19.4211
0.885127	19.4737
0.885716	19.5263
0.890283	19.5789
0.89132	19.6316
0.891847	19.6842
0.89344	19.7368
0.897543	19.7895
0.89827	19.8421
0.898952	19.8947
0.901268	19.9474
0.904486	20
0.904675	20.05
0.904904	20.1
0.909063	20.15
1.012	20.2
1.01213	20.25
1.01241	20.3
1.01295	20.35
1.09438	20.4
1.09643	20.45
1.09659	20.5
1.09743	20.55
1.10336	20.6
1.12675	20.65
1.14001	20.7
1.14021	20.75
1.14036	20.8
1.14093	20.85
1.1413	20.9
1.14154	20.95
1.14206	21
1.14746	21.0476
1.14917	21.0952
1.15101	21.1429
1.23922	21.1905
1.23932	21.2381
1.23953	21.2857
1.23985	21.3333
1.33924	21.381
1.3428	21.4286
1.34323	21.4762
1.34351	21.5238
1.3439	21.5714
1.37203	21.619
1.37245	21.6667
1.3736	21.7143
1.37675	21.7619
1.38249	21.8095
1.38274	21.8571
1.3834	21.9048
1.38468	21.9524
1.38579	22
1.38658	22.0455
1.38764	22.0909
1.39208	22.1364
1.41064	22.1818
1.4142	22.2273
1.41462	22.2727
1.41529	22.3182
1.50706	22.3636
1.50752	22.4091
1.50818	22.4545
1.50841	22.5
1.51251	22.5455
1.52571	22.5909
1.5273	22.6364
1.52907	22.6818
1.53698	22.7273
1.54039	22.7727
1.54114	22.8182
1.54276	22.8636
1.54539	22.9091
1.54565	22.9545
1.54677	23
1.54741	23.0435
1.55086	23.087
1.56033	23.1304
1.56226	23.1739
1.56246	23.2174
1.56281	23.2609
1.5637	23.3043
1.5962	23.3478
1.60033	23.3913
1.60069	23.4348
1.60135	23.4783
1.60215	23.5217
1.61073	23.5652
1.61103	23.6087
1.61428	23.6522
1.61496	23.6957
1.62218	23.7391
1.62238	23.7826
1.62622	23.8261
1.62651	23.8696
1.62775	23.913
1.6497	23.9565
1.64975	24
1.65428	24.0417
1.6555	24.0833
1.65557	24.125
1.65839	24.1667
1.66231	24.2083
1.66286	24.25
1.66321	24.2917
1.70001	24.3333
1.70045	24.375
1.70082	24.4167
1.70705	24.4583
1.70713	24.5
1.7077	24.5417
1.72546	24.5833
1.72563	24.625
1.7286	24.6667
1.72923	24.7083
1.73015	24.75
1.73441	24.7917
1.73657	24.8333
1.74021	24.875
1.74604	24.9167
1.75094	24.9583
1.75111	25
1.76209	25.04
1.76268	25.08
1.76294	25.12
1.76684	25.16
1.76692	25.2
1.77414	25.24
1.77776	25.28
1.79754	25.32
1.8008	25.36
1.80607	25.4
1.81071	25.44
1.8222	25.48
1.8344	25.52
1.84037	25.56
1.84179	25.6
1.84428	25.64
1.84721	25.68
1.84741	25.72
1.85036	25.76
1.85044	25.8
1.85048	25.84
1.85051	25.88
1.85645	25.92
1.85766	25.96
1.85833	26
1.86026	26.0385
1.8603	26.0769
1.86038	26.1154
1.86047	26.1538
1.86103	13.0769
1.86114	13.1538
1.86628	13.2308
1.87211	13.3077
1.87706	13.3846
1.88481	13.4615
1.88801	13.5385
1.89301	13.6154
1.89318	13.6923
1.89327	13.7692
1.90482	13.8462
1.90484	13.9231
1.94837	14
1.94852	14.0714
1.9589	14.1429
1.95909	14.2143
1.9613	14.2857
1.96444	14.3571
1.96527	14.4286
1.97012	14.5
1.97016	14.5714
1.97018	14.6429
1.97161	14.7143
1.97603	14.7857
1.97645	14.8571
1.97703	14.9286
1.99764	15
2.00346	15.0667
2.0142	15.1333
2.02158	15.2
2.02193	15.2667
2.02438	15.3333
2.02464	15.4
2.03833	15.4667
2.03869	15.5333
2.04086	15.6
2.0409	15.6667
2.041	15.7333
2.04827	15.8
2.04904	15.8667
2.06327	15.9333
2.07466	16
2.07481	16.0625
2.08238	16.125
2.08498	16.1875
2.08516	16.25
2.10228	16.3125
2.1029	16.375
2.11878	16.4375
2.12495	16.5
2.12772	16.5625
2.13056	16.625
2.13162	16.6875
2.13231	16.75
2.13653	16.8125
2.13685	16.875
2.1389	16.9375
2.13897	17
2.13901	17.0588
2.14216	17.1176
2.1424	17.1765
2.14271	17.2353
2.18393	17.2941
2.1851	17.3529
2.1878	17.4118
2.18926	17.4706
2.21119	17.5294
2.21183	17.5882
2.21664	17.6471
2.21681	17.7059
2.21739	17.7647
2.22236	17.8235
2.22291	17.8824
2.22342	17.9412
2.22781	18
2.23307	18.0556
2.23358	18.1111
2.23394	18.1667
2.24521	18.2222
2.28925	18.2778
2.28943	18.3333
2.29354	18.3889
2.29427	18.4444
2.30478	18.5
2.30498	18.5556
2.30972	18.6111
2.30975	18.6667
2.31629	18.7222
2.31652	18.7778
2.31683	18.8333
2.317	18.8889
2.31788	18.9444
2.33697	19
2.33719	19.0526
2.33749	19.1053
2.35903	19.1579
2.37841	19.2105
2.40092	19.2632
2.40305	19.3158
2.40617	19.3684
2.40834	19.4211
2.41472	19.4737
2.42087	19.5263
2.42695	19.5789
2.43287	19.6316
2.44574	19.6842
2.4459	19.7368
2.44607	19.7895
2.44657	19.8421
2.4466	19.8947
2.44662	19.9474
2.45201	20
2.4534	20.05
2.45824	20.1
2.48437	20.15
2.49477	20.2
2.51442	20.25
2.52072	20.3
2.52313	20.35
2.52839	20.4
2.52843	20.45
2.53278	20.5
2.54825	20.55
2.55225	20.6
2.55743	20.65
2.55749	20.7
2.55751	20.75
2.55753	20.8
2.55753	20.85
2.56234	20.9
2.5626	20.95
2.56286	21
2.56624	21.0476
2.5664	21.0952
2.58613	21.1429
2.58656	21.1905
2.63088	21.2381
2.63113	21.2857
2.63235	21.3333
2.63524	21.381
2.63548	21.4286
2.65316	21.4762
2.65819	21.5238
2.65883	21.5714
2.68422	21.619
2.6896	21.6667
2.6899	21.7143
2.69002	21.7619
2.69019	21.8095
2.69039	21.8571
2.69073	21.9048
2.69556	21.9524
2.70186	22
2.70244	22.0455
2.70275	22.0909
2.71603	22.1364
2.71646	22.1818
2.72284	22.2273
2.72851	22.2727
2.72955	22.3182
2.72982	22.3636
2.72999	22.4091
2.76019	22.4545
2.76089	22.5
2.76136	22.5455
2.77979	22.5909
2.79528	22.6364
2.79589	22.6818
2.79632	22.7273
2.80054	22.7727
2.80124	22.8182
2.80474	22.8636
2.81372	22.9091
2.81421	22.9545
2.81652	23
2.81717	23.0435
2.81721	23.087
2.81786	23.1304
2.82268	23.1739
2.83877	23.2174
2.84911	23.2609
2.84964	23.3043
2.84966	23.3478
2.8624	23.3913
2.86635	23.4348
2.872	23.4783
2.87275	23.5217
2.87331	23.5652
2.90151	23.6087
2.90408	23.6522
2.90975	23.6957
2.91508	23.7391
2.92063	23.7826
2.92675	23.8261
2.93087	23.8696
2.93133	23.913
2.9319	23.9565
2.95682	24
2.96634	24.0417
2.96723	24.0833
2.97186	24.125
2.97335	24.1667
2.9811	24.2083
2.99134	24.25
2.99681	24.2917
3.00339	24.3333
3.00393	24.375
3.00439	24.4167
3.02678	24.4583
3.02705	24.5
3.03027	24.5417
3.03657	24.5833
3.03685	24.625
3.04235	24.6667
3.04308	24.7083
3.04325	24.75
3.04826	24.7917
3.05751	24.8333
3.05815	24.875
3.06468	24.9167
3.07783	24.9583
3.08017	25
3.1353	25.04
3.13554	25.08
3.14076	25.12
3.14117	25.16
3.1456	25.2
3.15808	25.24
3.1587	25.28
3.16149	25.32
3.16205	25.36
3.16849	25.4
3.17048	25.44
3.17434	25.48
3.17493	25.52
3.17576	25.56
3.1783	25.6
3.17869	25.64
3.17875	25.68
3.18427	25.72
3.18541	25.76
3.20394	25.8
3.20608	25.84
3.20656	25.88
3.21778	12.94
3.22372	13.0233
3.22433	13.1003
3.2444	13.1772
3.24444	13.2541
3.25201	13.331
3.25612	13.4079
3.26634	13.4849
3.26637	13.5618
3.26638	13.6387
3.27293	13.7156
3.30277	13.7926
3.30317	13.8695
3.30548	13.9464
3.30649	14.0233
3.31156	14.0948
3.31159	14.1662
3.31294	14.2376
3.31538	14.309
3.31589	14.3805
3.32109	14.4519
3.32904	14.5233
3.3379	14.5948
3.35498	14.6662
3.35554	14.7376
3.36547	14.809
3.36596	14.8805
3.37104	14.9519
3.3713	15.0233
3.40961	15.09
3.40986	15.1567
3.41026	15.2233
3.41046	15.29
3.41158	15.3567
3.41418	15.4233
3.42147	15.49
3.42417	15.5567
3.43282	15.6233
3.43297	7.81167
3.43299	7.95452
3.43764	8.09738
3.43861	8.22238
3.43934	8.34738
3.4397	8.47238
3.46431	8.59738
3.46978	8.72238
3.47001	8.84738
3.47196	8.97238
3.47799	9.09738
3.49145	9.20849
3.49161	9.3196
3.49176	9.43071
3.49727	9.54183
3.51383	9.65294
3.52626	9.76405
3.52642	9.87516
3.55915	9.98627
3.55969	10.0974
3.55981	10.1974
3.56003	10.2974
3.56039	10.3974
3.57995	10.4974
3.58172	10.5974
3.58515	10.6974
3.58528	10.7974
3.62889	10.8974
3.629	10.9974
3.63687	11.0974
3.63719	11.1883
3.6461	11.2792
3.65062	11.3701
3.65083	11.461
3.65136	11.5519
3.67339	11.6428
3.67354	11.7337
3.69007	11.8247
3.69016	11.9156
3.69026	12.0065
3.69048	12.0898
3.70782	12.1731
3.71212	12.2565
3.71259	12.3398
3.7135	12.4231
3.71726	12.5065
3.71991	12.5898
3.72006	12.6731
3.72878	12.7565
3.72893	12.8398
3.73376	12.9231
3.73475	13.0065
3.73504	13.0834
3.74021	13.1603
3.74033	13.2372
3.74644	13.3142
3.74653	13.3911
3.74695	13.468
3.75191	13.5449
3.75722	13.6219
3.76484	13.6988
3.76493	13.7757
3.80371	13.8526
3.80389	13.9295
3.80438	14.0065
3.80576	14.0779
3.80591	14.1493
3.81049	14.2208
3.81054	14.2922
3.83459	14.3636
3.84175	14.435
3.84414	14.5065
3.85022	14.5779
3.85051	14.6493
3.8509	14.7208
3.86573	14.7922
3.8669	14.8636
3.89392	14.935
3.89683	15.0065
3.90003	15.0731
3.9487	15.1398
3.95001	15.2065
3.95485	15.2731
3.95571	15.3398
3.95648	15.4065
3.95792	15.4731
3.95986	15.5398
3.96129	15.6065
3.96329	15.6731
3.97083	15.7398
3.97106	15.8065
3.97724	15.8731
3.97944	15.9398
3.9798	16.0065
3.99179	16.069
3.9924	16.1315
4.01679	16.194
4.017	16.2565
4.01751	16.319
4.05921	16.3815
4.06216	16.444
4.06702	16.5065
4.07057	16.569
4.0709	16.6315
4.07421	16.694
4.07565	16.7565
4.08611	16.819
4.08694	16.8815
4.09169	16.944
4.12307	17.0065
4.12368	17.0653
4.13516	17.1241
4.14071	17.1829
4.14136	17.2418
4.14174	17.3006
4.14208	17.3594
4.15566	17.4182
4.15809	17.4771
4.1624	17.5359
4.18222	17.5947
4.20269	17.6535
4.20678	17.7124
4.20983	17.7712
4.21111	17.83
4.21266	17.8888
4.22125	17.9476
4.2232	18.0065
4.24511	18.062
4.2636	18.1176
4.26974	18.1731
4.29201	18.2287
4.31084	18.2842
4.31435	18.3398
4.31467	18.3954
4.31483	18.4509
4.31505	18.5065
4.31513	18.562
4.31522	18.6176
4.31962	18.6731
4.33923	18.7287
4.35588	18.7842
4.37236	18.8398
4.37706	18.8954
4.37752	18.9509
4.38145	19.0065
4.38203	19.0591
4.38248	19.1117
4.38846	19.1644
4.38901	19.217
4.39924	19.2696
4.41765	19.3223
4.41841	19.3749
4.42003	19.4275
4.43187	19.4802
4.43232	19.5328
4.43263	19.5854
4.43319	19.6381
4.43688	19.6907
4.43875	19.7433
4.44481	19.7959
4.44824	19.8486
4.45416	19.9012
4.45855	19.9538
4.48697	20.0065
4.49672	20.0565
4.49706	20.1065
4.49881	20.1565
4.5063	20.2065
4.50858	20.2565
4.50873	20.3065
4.50889	20.3565
4.51448	20.4065
4.52433	20.4565
4.53332	20.5065
4.54019	20.5565
4.56259	20.6065
4.56301	20.6565
4.57958	20.7065
4.57978	20.7565
4.58001	20.8065
4.58398	20.8565
4.58989	20.9065
4.61616	20.9565
4.61901	21.0065
4.62027	21.0541
4.62505	21.1017
4.63342	21.1493
4.63849	21.1969
4.63935	21.2446
4.64305	21.2922
4.64974	21.3398
4.65105	21.3874
4.66022	21.435
4.66048	21.4827
4.66063	21.5303
4.67034	21.5779
4.67121	21.6255
4.6714	21.6731
4.67823	21.7208
4.68205	21.7684
4.68224	21.816
4.70583	21.8636
4.71132	21.9112
4.71166	21.9589
4.71608	22.0065
4.72683	22.0519
4.73064	22.0974
4.73074	22.1428
4.73165	22.1883
4.7317	22.2337
4.74786	22.2792
4.74827	22.3247
4.76355	22.3701
4.76361	22.4156
4.76433	22.461
4.76471	22.5065
4.765	22.5519
4.76507	22.5974
4.76523	22.6428
4.77011	22.6883
4.77055	22.7337
4.77211	22.7792
4.77231	22.8247
4.77458	22.8701
4.79236	22.9156
4.79304	22.961
4.83496	23.0065
4.83569	23.05
4.8419	23.0934
4.84194	23.1369
4.84259	23.1804
4.84688	23.2239
4.84692	23.2673
4.84693	23.3108
4.84694	23.3543
4.85739	23.3978
4.85761	23.4413
4.88016	23.4847
4.88059	23.5282
4.89074	23.5717
4.89098	11.7858
4.8913	11.8768
4.89157	11.9677
4.8917	12.0586
4.89517	12.1419
4.89567	12.2252
4.91747	12.3086
4.92335	12.3919
4.96427	12.4752
4.96468	12.5586
4.96485	12.6419
4.96497	12.7252
4.96511	12.8086
4.96644	12.8919
4.96662	12.9752
4.96677	13.0586
4.96697	13.1355
4.96714	13.2124
4.97849	13.2893
4.99057	13.3663
5.00581	13.4432
5.00625	13.5201
5.01081	13.597
5.0497	13.674
5.05034	13.7509
5.0509	13.8278
5.05461	13.9047
5.05485	13.9816
5.06039	14.0586
5.06061	14.13
5.06104	14.2014
5.06129	14.2729
5.06547	14.3443
5.06553	14.4157
5.0735	14.4871
5.07396	14.5586
5.1002	14.63
5.10037	14.7014
5.10059	14.7729
5.11494	14.8443
5.12599	14.9157
5.12631	14.9871
5.13111	15.0586
5.13129	15.1252
5.13723	15.1919
5.1547	15.2586
5.15519	15.3252
5.1555	15.3919
5.15816	15.4586
5.15858	15.5252
5.15916	15.5919
5.16557	15.6586
5.16622	15.7252
5.16992	15.7919
5.1752	15.8586
5.1904	15.9252
5.20321	15.9919
5.2298	16.0586
5.22986	16.1211
5.23152	16.1836
5.23166	16.2461
5.25065	16.3086
5.25394	16.3711
5.25488	16.4336
5.26163	16.4961
5.27017	16.5586
5.27374	16.6211
5.28504	16.6836
5.28868	16.7461
5.29064	16.8086
5.29943	16.8711
5.30198	16.9336
5.30513	16.9961
5.30688	17.0586
5.32517	17.1174
5.34726	17.1762
5.35055	17.235
5.36038	17.2939
5.36083	17.3527
5.36135	17.4115
5.3655	17.4703
5.36654	17.5292
5.37263	17.588
5.37354	17.6468
5.374	17.7056
5.37437	17.7645
5.37992	17.8233
5.38454	17.8821
5.39018	17.9409
5.40527	17.9997
5.40644	18.0586
5.40668	18.1141
5.40721	18.1697
5.45254	18.2252
5.46621	18.2808
5.47219	18.3363
5.47405	18.3919
5.47461	18.4475
5.48101	18.503
5.48195	18.5586
5.48258	18.6141
5.4826	18.6697
5.48261	18.7252
5.48517	18.7808
5.4859	18.8363
5.48649	18.8919
5.51358	18.9475
5.51399	19.003
5.52393	19.0556
5.52428	19.1083
5.52501	19.1609
5.53636	19.2135
5.54197	19.2662
5.5682	19.3188
5.56863	19.3714
5.56954	19.4241
5.57954	19.4767
5.57985	19.5293
5.58043	19.582
5.58495	19.6346
5.59071	19.6872
5.59122	19.7399
5.59427	19.7925
5.59557	19.8451
5.59614	19.8978
5.59654	19.9504
5.59668	20.003
5.62271	20.053
5.62881	20.103
5.64569	20.153
5.64591	20.203
5.64632	20.253
5.64971	20.303
5.65899	20.353
5.67598	20.403
5.68992	20.453
5.70164	20.503
5.7046	20.553
5.70644	20.603
5.70742	20.653
5.71884	20.703
5.71901	20.753
5.71957	20.803
5.72176	20.853
5.7218	20.903
5.72291	20.953
5.72561	21.003
5.73117	21.0506
5.74055	21.0983
5.7646	21.1459
5.77445	21.1935
5.80161	21.2411
5.81257	21.2887
5.81841	21.3363
5.85559	21.384
5.85866	21.4316
5.8643	21.4792
5.86507	21.5268
5.86529	21.5744
5.86597	21.6221
5.88123	21.6697
5.88136	21.7173
5.88147	21.7649
5.89112	21.8125
5.89123	21.8602
5.89171	21.9078
5.89659	21.9554
5.89763	22.003
5.8977	22.0485
5.89772	22.0939
5.91483	22.1394
5.91662	22.1848
5.92715	22.2303
5.92767	22.2757
5.95974	22.3212
5.96035	22.3667
5.96104	22.4121
5.97435	22.4576
5.99366	22.503
5.99456	22.5485
6.00364	22.5939
6.0039	22.6394
6.00418	22.6848
6.03209	22.7303
6.03523	22.7757
6.03622	22.8212
6.03665	22.8667
6.03694	22.9121
6.04354	22.9576
6.04786	23.003
6.04828	23.0465
6.0615	23.09
6.08068	23.1335
6.08094	23.1769
6.0813	23.2204
6.08148	23.2639
6.09557	23.3074
6.09719	23.3508
6.11962	23.3943
6.12051	23.4378
6.12476	23.4813
6.12511	23.5248
6.13096	23.5682
6.13122	23.6117
6.13533	23.6552
6.15571	23.6987
6.15761	23.7421
6.16309	23.7856
6.16368	23.8291
6.1647	23.8726
6.17398	23.9161
6.20136	23.9595
6.20182	24.003
6.20887	24.0447
6.22193	24.0863
6.2289	12.0432
6.22956	12.1265
6.23522	12.2098
6.23545	12.2932
6.23569	12.3765
6.2399	12.4598
6.24	12.5432
6.24681	12.6265
6.25728	12.7098
6.25741	12.7932
6.25803	12.8765
6.2582	12.9598
6.25839	13.0432
6.26712	13.1201
6.27266	13.197
6.27909	13.2739
6.30555	13.3509
6.30571	13.4278
6.30598	13.5047
6.32722	13.5816
6.3284	13.6586
6.33266	13.7355
6.3334	13.8124
6.34367	13.8893
6.34385	13.9663
6.34986	14.0432
6.36904	14.1146
6.36968	14.186
6.36988	14.2575
6.37165	14.3289
6.3719	14.4003
6.3772	14.4717
6.3885	14.5432
6.38858	14.6146
6.38875	14.686
6.39459	14.7575
6.39516	14.8289
6.40395	14.9003
6.41207	14.9717
6.41523	15.0432
6.42047	15.1098
6.42051	15.1765
6.45481	15.2432
6.45496	15.3098
6.45925	15.3765
6.46526	15.4432
6.46761	15.5098
6.4706	15.5765
6.48671	15.6432
6.48684	15.7098
6.49333	15.7765
6.49734	15.8432
6.50435	15.9098
6.54185	15.9765
6.54199	16.0432
6.54214	16.1057
6.54738	16.1682
6.54767	16.2307
6.57956	16.2932
6.57993	16.3557
6.5801	16.4182
6.58551	16.4807
6.58639	16.5432
6.59221	16.6057
6.5925	16.6682
6.6089	16.7307
6.61353	16.7932
6.61844	16.8557
6.64595	16.9182
6.64612	16.9807
6.65323	17.0432
6.65364	17.102
6.66245	17.1608
6.66287	17.2196
6.6692	17.2785
6.66985	17.3373
6.67303	17.3961
6.67344	17.4549
6.67477	17.5138
6.695	17.5726
6.69599	17.6314
6.72274	17.6902
6.72294	17.7491
6.72327	17.8079
6.72839	17.8667
6.72877	17.9255
6.73941	17.9844
6.74473	18.0432
6.74612	18.0987
6.74944	18.1543
6.75589	18.2098
6.7715	18.2654
6.772	18.321
6.77244	18.3765
6.77759	18.4321
6.77773	18.4876
6.7841	18.5432
6.78426	18.5987
6.79343	18.6543
6.80574	18.7098
6.81015	18.7654
6.8106	18.821
6.81547	18.8765
6.81585	18.9321
6.81607	18.9876
6.81666	19.0432
6.82164	19.0958
6.82219	19.1484
6.83761	19.2011
6.83799	19.2537
6.83875	19.3063
6.84564	19.359
6.84934	19.4116
6.8553	19.4642
6.85534	9.73211
6.85928	9.84322
6.86592	9.95434
6.87109	10.0654
6.88117	10.1654
6.88131	10.2654
6.88763	10.3654
6.90297	10.4654
6.90433	10.5654
6.90455	10.6654
6.93287	10.7654
6.93331	10.8654
6.93335	10.9654
6.93963	11.0654
6.93976	11.1564
6.94388	11.2473
6.95569	11.3382
6.95603	11.4291
6.9567	11.52
6.97297	11.6109
6.97684	11.7018
6.97733	11.7927
6.97745	11.8836
6.9841	11.9745
6.98432	12.0654
6.98457	12.1488
6.98845	12.2321
7.00268	12.3154
7.00346	12.3988
7.00579	12.4821
7.02071	12.5654
7.02538	12.6488
7.02944	12.7321
7.03278	12.8154
7.03826	12.8988
7.03842	12.9821
7.04148	13.0654
7.04153	13.1424
7.06054	13.2193
7.0667	13.2962
7.07392	13.3731
7.07481	13.4501
7.07626	13.527
7.07815	13.6039
7.07851	13.6808
7.07934	13.7578
7.08004	13.8347
7.08031	13.9116
7.0932	13.9885
7.10007	14.0654
7.10695	14.1369
7.1133	14.2083
7.11715	14.2797
7.1173	14.3512
7.12456	14.4226
7.13375	14.494
7.13393	14.5654
7.13968	14.6369
7.14421	14.7083
7.15538	14.7797
7.15557	14.8512
7.15596	14.9226
7.15632	14.994
7.16177	15.0654
7.16229	15.1321
7.1721	15.1988
7.17268	15.2654
7.17813	15.3321
7.17832	15.3988
7.1826	15.4654
7.20007	15.5321
7.20435	15.5988
7.20471	15.6654
7.2101	15.7321
7.21015	15.7988
7.21018	15.8654
7.21947	15.9321
7.21965	15.9988
7.22102	16.0654
7.22331	16.1279
7.22351	16.1904
7.22367	16.2529
7.22385	16.3154
7.2316	16.3779
7.2365	16.4404
7.25863	16.5029
7.26389	16.5654
7.26396	16.6279
7.26412	16.6904
7.26424	16.7529
7.26433	16.8154
7.26456	16.8779
7.26981	16.9404
7.27527	17.0029
7.28024	17.0618
7.2803	17.1206
7.28067	17.1794
7.28096	17.2382
7.29675	17.2971
7.29686	17.3559
7.30409	17.4147
7.3084	17.4735
7.31521	17.5324
7.31601	17.5912
7.31731	17.65
7.31769	17.7088
7.32665	17.7677
7.32704	17.8265
7.33661	17.8853
7.34078	17.9441
7.34095	18.0029
7.34131	18.0585
7.34236	18.1141
7.34239	18.1696
7.34241	18.2252
7.35164	18.2807
7.35178	18.3363
7.35191	18.3918
7.35215	18.4474
7.35989	18.5029
7.36411	18.5585
7.36433	18.6141
7.36455	18.6696
7.40116	18.7252
7.40148	18.7807
7.40663	18.8363
7.41346	9.41814
7.41552	9.52925
7.41555	9.64036
7.41741	9.75147
7.41832	9.86258
7.42307	9.9737
7.42349	10.0848
7.42402	10.1848
7.42908	10.2848
7.42923	10.3848
7.42947	10.4848
7.43017	10.5848
7.43938	10.6848
7.44478	10.7848
7.44483	10.8848
7.45568	10.9848
7.45579	11.0848
7.45615	11.1757
7.48483	11.2666
7.48975	11.3575
7.48989	11.4484
7.4941	11.5394
7.49415	11.6303
7.49425	11.7212
7.49439	11.8121
7.5052	11.903
7.50532	11.9939
7.50554	12.0848
7.50607	12.1681
7.56624	12.2515
7.56723	12.3348
7.58413	12.4181
7.58755	12.5015
7.58792	12.5848
7.58823	12.6681
7.5987	12.7515
7.59884	12.8348
7.60397	12.9181
7.60402	13.0015
7.61023	13.0784
7.63063	13.1553
7.67129	13.2322
7.68208	13.3092
7.68242	13.3861
7.69213	13.463
7.69243	13.5399
7.69288	13.6169
7.70083	13.6938
7.70308	13.7707
7.70313	13.8476
7.70316	13.9246
7.70326	14.0015
7.70355	14.0729
7.71538	14.1443
7.76981	14.2158
7.80138	14.2872
7.80211	14.3586
7.81258	14.43
7.82025	14.5015
7.82079	14.5729
7.82209	14.6443
7.82237	14.7158
7.82426	14.7872
7.82514	14.8586
7.82535	14.93
7.82556	15.0015
7.82582	15.0681
7.84034	15.1348
7.87014	15.2015
7.91669	15.2681
7.92022	15.3348
7.92457	15.4015
7.92494	15.4681
7.92973	15.5348
7.93	15.6015
7.93075	15.6681
7.93334	15.7348
7.93587	15.8015
7.93607	15.8681
7.93647	15.9348
7.9367	16.0015
7.93697	16.064
7.96732	16.1265
7.99163	16.189
7.99594	16.2515
7.99608	16.314
8.00787	16.3765
8.04382	16.439
8.05798	16.5015
8.05818	16.564
8.0672	16.6265
8.06752	8.31324
8.07358	8.43824
8.07478	8.56324
8.07792	8.68824
8.07812	8.81324
8.07826	8.93824
8.07891	9.06324
8.07894	9.17435
8.08532	9.28546
8.09488	9.39657
8.10104	9.50768
8.10956	9.61879
8.11111	9.7299
8.20217	9.84101
8.20691	9.95213
8.22707	10.0632
8.22749	10.1632
8.24259	10.2632
8.24404	10.3632
8.28666	10.4632
8.28722	10.5632
8.28891	10.6632
8.36444	10.7632
8.37227	10.8632
8.38935	10.9632
8.40544	11.0632
8.40613	11.1541
8.41404	11.2451
8.44156	11.336
8.46849	11.4269
8.48109	11.5178
8.48883	11.6087
8.55796	11.6996
8.56213	11.7905
8.5713	11.8814
8.59015	11.9723
8.61889	12.0632
8.61947	12.1466
8.62014	12.2299
8.624	12.3132
8.63867	12.3966
8.65517	12.4799
8.65537	12.5632
8.74778	12.6466
8.74975	12.7299
8.76188	12.8132
8.7619	12.8966
8.76191	12.9799
8.80191	13.0632
8.80261	13.1402
8.8129	13.2171
8.83509	13.294
8.84275	13.3709
8.87226	13.4479
8.87271	13.5248
8.93838	13.6017
8.94241	13.6786
8.9526	13.7555
8.95813	13.8325
8.95883	13.9094
8.97765	13.9863
8.98241	14.0632
8.98571	14.1347
8.98577	14.2061
8.98636	14.2775
8.99306	14.349
9.02421	14.4204
9.02425	14.4918
9.1157	14.5632
9.11621	14.6347
9.11796	14.7061
9.11858	14.7775
9.14103	14.849
9.14772	14.9204
9.16067	14.9918
9.16163	15.0632
9.17	15.1299
9.20135	15.1966
9.20141	15.2632
9.20178	15.3299
9.20252	15.3966
9.21351	15.4632
9.29602	7.73162
9.3059	7.87448
9.30751	8.01733
9.32211	8.14233
9.32454	8.26733
9.32514	8.39233
9.32538	8.51733
9.33328	8.64233
9.3671	8.76733
9.36728	8.89233
9.37142	9.01733
9.37785	9.12844
9.38867	9.23955
9.41027	9.35067
9.41123	9.46178
9.45449	9.57289
9.4669	9.684
9.47539	9.79511
9.47586	9.90622
9.47598	10.0173
9.47603	10.1173
9.48124	5.05867
9.50323	5.25867
9.51463	5.45867
9.53837	5.65867
9.54793	5.85867
9.56994	6.05867
9.5743	6.22533
9.59191	6.392
9.62477	6.55867
9.63703	6.72533
9.64872	6.892
9.65158	7.05867
9.66385	7.20152
9.66423	7.34438
9.67348	7.48724
9.72352	7.63009
9.74991	7.77295
9.77093	7.91581
9.77235	8.05867
9.8046	8.18367
9.80695	8.30867
9.85525	8.43367
9.85862	8.55867
9.86242	8.68367
9.929	8.80867
9.96773	8.93367
10.001	9.05867
10.0064	9.16978
10.0228	9.28089
10.0236	9.392
10.0302	9.50311
10.0418	9.61422
10.065	9.72533
10.0652	9.83644
10.1649	9.94756
10.1661	10.0587
10.1678	10.1587
10.1933	10.2587
10.1962	10.3587
10.2137	10.4587
10.2138	10.5587
10.2192	10.6587
10.2257	10.7587
10.296	10.8587
10.2969	10.9587
10.2978	11.0587
10.2978	11.1496
10.316	11.2405
10.3173	11.3314
10.3265	11.4223
10.3316	11.5132
10.3456	11.6041
10.3457	11.695
10.4027	11.7859
10.4135	11.8768
10.4151	11.9678
10.4154	12.0587
10.4164	12.142
10.4425	12.2253
10.4448	12.3087
10.447	12.392
10.4491	12.4753
10.4599	12.5587
10.4644	12.642
10.5085	12.7253
10.5104	12.8087
10.524	12.892
10.525	12.9753
10.5296	13.0587
10.5304	13.1356
10.5506	13.2125
10.5507	13.2894
10.551	13.3664
10.5565	13.4433
10.5655	13.5202
10.5699	13.5971
10.6347	13.6741
10.6387	13.751
10.6397	13.8279
10.64	13.9048
10.6438	13.9817
10.6443	14.0587
10.6517	14.1301
10.6672	14.2015
10.6765	14.273
10.6774	14.3444
10.6778	14.4158
10.6818	14.4872
10.7036	14.5587
10.7704	14.6301
10.7705	14.7015
10.7749	14.773
10.7751	14.8444
10.7974	14.9158
10.8133	14.9872
10.8143	15.0587
10.8211	15.1253
10.8461	15.192
10.8463	15.2587
10.8469	15.3253
10.8476	15.392
10.8491	15.4587
10.8604	15.5253
10.9388	15.592
10.9389	15.6587
10.9393	15.7253
10.9439	15.792
10.9599	15.8587
10.9894	15.9253
10.9934	15.992
10.9935	16.0587
11.0049	16.1212
11.0231	16.1837
11.0263	16.2462
11.0268	16.3087
11.027	16.3712
11.0277	16.4337
11.028	16.4962
11.0659	16.5587
11.0867	16.6212
11.0876	16.6837
11.0882	16.7462
11.1084	16.8087
11.1506	16.8712
11.1509	16.9337
11.1519	16.9962
11.1522	17.0587
11.1524	17.1175
11.1763	8.55874
11.1811	8.68374
11.1839	8.80874
11.185	8.93374
11.1899	9.05874
11.1905	9.16986
11.2245	9.28097
11.2422	9.39208
11.2453	9.50319
11.2527	9.6143
11.2635	9.72541
11.2972	9.83652
11.3097	9.94763
11.3098	10.0587
11.3103	10.1587
11.3121	10.2587
11.3123	10.3587
11.3759	10.4587
11.3787	10.5587
11.3857	10.6587
11.3975	10.7587
11.4538	10.8587
11.4539	10.9587
11.454	11.0587
11.4541	11.1497
11.4546	11.2406
11.4549	11.3315
11.5526	11.4224
11.553	11.5133
11.5579	11.6042
11.5705	11.6951
11.6018	11.786
11.602	11.8769
11.6021	11.9678
11.6025	12.0587
11.6028	12.1421
11.6065	12.2254
11.6066	12.3087
11.6244	12.3921
11.6261	12.4754
11.6278	12.5587
11.6447	12.6421
11.6555	12.7254
11.667	12.8087
11.6695	12.8921
11.6696	12.9754
11.6696	13.0587
11.6696	13.1357
11.6699	13.2126
11.6726	13.2895
11.6793	13.3664
11.6798	13.4434
11.6907	13.5203
11.6918	13.5972
11.6958	13.6741
11.703	13.7511
11.7172	13.828
11.718	13.9049
11.7202	13.9818
11.7273	14.0587
11.735	14.1302
11.7373	14.2016
11.7628	14.273
11.7664	14.3445
11.7672	14.4159
11.773	14.4873
11.7749	14.5587
11.775	14.6302
11.7817	14.7016
11.7841	14.773
11.7842	14.8445
11.7842	14.9159
11.7842	14.9873
11.7842	15.0587
11.7846	15.1254
11.7963	15.1921
11.8266	15.2587
11.8297	15.3254
11.8451	15.3921
11.8604	15.4587
11.8606	15.5254
11.8629	15.5921
11.8656	15.6587
11.8711	15.7254
11.8714	15.7921
11.8717	15.8587
11.8777	15.9254
11.878	15.9921
11.878	16.0587
11.9003	16.1212
11.9016	16.1837
11.9026	16.2462
11.9026	16.3087
11.9087	16.3712
11.9122	16.4337
11.9182	16.4962
11.9203	16.5587
11.9238	16.6212
11.9259	16.6837
11.9303	16.7462
11.9567	16.8087
11.9656	16.8712
11.9667	16.9337
11.9696	16.9962
11.9725	17.0587
11.9783	17.1176
11.9792	17.1764
11.9861	17.2352
11.9863	17.294
12.0004	17.3529
12.0049	17.4117
12.01	17.4705
12.0104	17.5293
12.0157	17.5882
12.048	17.647
12.0482	17.7058
12.0603	17.7646
12.0806	17.8235
12.082	17.8823
12.0866	17.9411
12.0868	17.9999
12.0869	18.0587
12.087	18.1143
12.0933	18.1699
12.0935	18.2254
12.0937	18.281
12.0941	18.3365
12.0986	18.3921
12.1025	18.4476
12.1066	18.5032
12.1072	18.5587
12.1127	18.6143
12.1129	18.6699
12.1141	18.7254
12.1364	18.781
12.1367	18.8365
12.1391	18.8921
12.1393	18.9476
12.1468	19.0032
12.148	19.0558
12.1535	19.1085
12.1536	19.1611
12.1536	19.2137
12.1536	19.2663
12.1536	19.319
12.1663	19.3716
12.1665	19.4242
12.1718	19.4769
12.1722	19.5295
12.1726	19.5821
12.1844	19.6348
12.1905	19.6874
12.1958	19.74
12.2248	19.7927
12.2275	19.8453
12.2284	19.8979
12.2653	19.9506
12.2824	20.0032
12.2828	20.0532
12.2835	20.1032
12.2837	20.1532
12.2842	20.2032
12.2868	20.2532
12.2873	20.3032
12.2873	20.3532
12.2875	20.4032
12.2876	20.4532
12.2877	20.5032
12.2923	20.5532
12.2923	20.6032
12.2924	20.6532
12.2926	20.7032
12.2928	20.7532
12.2932	20.8032
12.2989	20.8532
12.3306	20.9032
12.3534	20.9532
12.3536	21.0032
12.354	21.0508
12.3542	21.0984
12.3546	21.146
12.3548	21.1937
12.3551	21.2413
12.3581	21.2889
12.3583	21.3365
12.3585	21.3841
12.359	21.4318
12.3594	21.4794
12.3597	21.527
12.3598	21.5746
12.3635	21.6222
12.3635	21.6699
12.3824	21.7175
12.3908	21.7651
12.3924	21.8127
12.3928	21.8603
12.414	21.908
12.4268	21.9556
12.4279	22.0032
12.4286	22.0486
12.4336	22.0941
12.4377	22.1396
12.4382	22.185
12.4388	22.2305
12.4481	22.2759
12.4486	22.3214
12.4525	22.3668
12.4535	22.4123
12.4538	22.4577
12.454	22.5032
12.4577	22.5486
12.458	22.5941
12.4583	22.6396
12.4586	22.685
12.4602	22.7305
12.4615	22.7759
12.4623	22.8214
12.48	22.8668
12.4853	22.9123
12.4856	22.9577
12.4857	23.0032
12.4911	23.0467
12.5175	23.0901
12.5178	23.1336
12.518	23.1771
12.5253	23.2206
12.5289	23.2641
12.5291	23.3075
12.5343	23.351
12.5354	23.3945
12.5411	23.438
12.5449	23.4815
12.545	23.5249
12.5581	23.5684
12.5616	23.6119
12.5618	23.6554
12.5621	23.6988
12.5781	23.7423
12.5958	23.7858
12.5968	23.8293
12.5974	23.8728
12.5998	23.9162
12.6074	23.9597
12.6077	24.0032
12.611	24.0449
12.6167	24.0865
12.617	24.1282
12.6176	24.1699
12.6224	24.2115
12.6232	24.2532
12.6351	24.2949
12.6365	24.3365
12.6401	24.3782
12.6403	24.4199
12.6406	24.4615
12.6409	24.5032
12.644	24.5449
12.6445	24.5865
12.6459	24.6282
12.6558	24.6699
12.6601	24.7115
12.6696	24.7532
12.6711	24.7949
12.6713	24.8365
12.6723	24.8782
12.6768	24.9199
12.6774	24.9615
12.6955	25.0032
12.6958	25.0432
12.697	25.0832
12.6973	25.1232
12.6975	25.1632
12.6979	25.2032
12.7004	25.2432
12.7099	25.2832
12.7101	25.3232
12.7102	25.3632
12.7104	25.4032
12.7106	25.4432
12.7441	25.4832
12.7563	25.5232
12.7593	25.5632
12.7594	25.6032
12.7594	25.6432
12.7594	25.6832
12.7594	25.7232
12.7597	25.7632
12.76	25.8032
12.7649	25.8432
12.7651	12.9216
12.7657	13.0049
12.7664	13.0819
12.7824	13.1588
12.7826	13.2357
12.7875	13.3126
12.7877	13.3895
12.7902	13.4665
12.7903	13.5434
12.7903	13.6203
12.7903	13.6972
12.7903	13.7742
12.7922	13.8511
12.7923	13.928
12.7926	14.0049
12.7935	14.0764
12.8035	14.1478
12.8037	14.2192
12.8041	14.2906
12.8045	14.3621
12.8057	14.4335
12.8058	14.5049
12.809	14.5764
12.8107	14.6478
12.811	14.7192
12.8215	14.7906
12.8215	14.8621
12.8215	14.9335
12.8217	15.0049
12.8258	15.0716
12.8373	15.1383
12.8377	15.2049
12.8409	15.2716
12.8537	15.3383
12.854	15.4049
12.858	15.4716
12.8581	15.5383
12.8582	15.6049
12.8696	15.6716
12.87	15.7383
12.8763	15.8049
12.8845	15.8716
12.887	15.9383
12.8916	16.0049
12.8948	16.0674
12.8964	16.1299
12.9063	16.1924
12.9077	16.2549
12.9102	16.3174
12.9119	16.3799
12.9126	16.4424
12.9142	16.5049
12.9156	16.5674
12.9156	16.6299
12.9183	16.6924
12.9191	16.7549
12.9197	16.8174
12.9322	16.8799
12.9347	16.9424
12.9348	17.0049
12.9359	17.0638
12.936	17.1226
12.9421	17.1814
12.9428	17.2402
12.9437	17.299
12.9557	17.3579
12.9649	17.4167
12.965	17.4755
12.968	17.5343
12.9696	17.5932
12.975	17.652
12.9754	17.7108
12.9763	17.7696
12.9785	17.8285
12.9786	17.8873
12.979	17.9461
13.0655	18.0049
13.0667	18.0605
13.0683	18.116
13.0713	18.1716
13.0821	18.2272
13.0822	18.2827
13.0897	18.3383
13.0898	18.3938
13.0898	18.4494
13.0898	18.5049
13.0899	18.5605
13.0899	18.616
13.0903	18.6716
13.0964	18.7272
13.0965	18.7827
13.0992	18.8383
13.0994	18.8938
13.1022	18.9494
13.1041	19.0049
13.1042	19.0576
13.113	19.1102
13.1132	19.1628
13.1188	19.2155
13.1212	19.2681
13.2198	19.3207
13.222	19.3733
13.2222	19.426
13.2236	19.4786
13.224	19.5312
13.2281	19.5839
13.2283	19.6365
13.2305	19.6891
13.2322	19.7418
13.2355	19.7944
13.2363	19.847
13.2366	19.8997
13.2366	19.9523
13.249	20.0049
13.2517	20.0549
13.2527	20.1049
13.2607	20.1549
13.2608	20.2049
13.2626	20.2549
13.2627	20.3049
13.27	20.3549
13.2709	20.4049
13.2711	20.4549
13.2715	20.5049
13.2717	20.5549
13.3182	20.6049
13.3233	20.6549
13.3368	20.7049
13.3369	20.7549
13.3372	20.8049
13.3535	20.8549
13.3558	20.9049
13.3896	20.9549
13.3921	21.0049
13.3922	21.0525
13.3931	21.1002
13.3979	21.1478
13.399	21.1954
13.4021	21.243
13.4044	21.2906
13.4092	21.3383
13.4132	21.3859
13.4133	21.4335
13.4133	21.4811
13.4178	21.5287
13.4249	21.5764
13.4618	21.624
13.4646	21.6716
13.4647	21.7192
13.4655	21.7668
13.4658	21.8145
13.483	21.8621
13.4956	21.9097
13.4958	21.9573
13.496	22.0049
13.4962	22.0504
13.5026	22.0958
13.5068	22.1413
13.5241	22.1867
13.5245	22.2322
13.5285	22.2777
13.5286	22.3231
13.5289	22.3686
13.5349	22.414
13.5408	22.4595
13.5454	22.5049
13.5505	22.5504
13.5571	22.5958
13.5624	22.6413
13.5639	22.6867
13.564	22.7322
13.5676	22.7777
13.5734	22.8231
13.5784	22.8686
13.5786	22.914
13.5805	22.9595
13.5806	23.0049
13.5899	23.0484
13.5944	23.0919
13.596	23.1354
13.5996	23.1788
13.6071	23.2223
13.6222	23.2658
13.6228	23.3093
13.6232	23.3528
13.6368	23.3962
13.6375	23.4397
13.6462	23.4832
13.6485	23.5267
13.6487	23.5701
13.6489	23.6136
13.6543	23.6571
13.6798	23.7006
13.6802	23.7441
13.6804	23.7875
13.6807	23.831
13.6859	23.8745
13.6872	23.918
13.6929	23.9614
13.6965	24.0049
13.7016	24.0466
13.7025	24.0883
13.7071	24.1299
13.7071	24.1716
13.7081	24.2133
13.7158	24.2549
13.7163	24.2966
13.7167	24.3383
13.7182	24.3799
13.7381	24.4216
13.764	24.4633
13.765	24.5049
13.7685	24.5466
13.7739	24.5883
13.774	24.6299
13.774	24.6716
13.7798	24.7133
13.7802	24.7549
13.7805	24.7966
13.8206	24.8383
13.8387	24.8799
13.8392	24.9216
13.8404	24.9633
13.8405	25.0049
13.8467	25.0449
13.8469	25.0849
13.8473	25.1249
13.8487	25.1649
13.849	25.2049
13.8495	25.2449
13.8575	25.2849
13.8614	25.3249
13.8617	25.3649
13.8659	25.4049
13.8729	25.4449
13.8733	25.4849
13.8764	25.5249
13.8767	25.5649
13.8892	25.6049
13.8986	25.6449
13.9003	25.6849
13.9044	25.7249
13.906	25.7649
13.9256	25.8049
13.9259	25.8449
13.9262	25.8849
13.9313	25.9249
13.9377	25.9649
13.9919	26.0049
13.9973	26.0434
14.0035	26.0819
14.0046	26.1203
14.0055	26.1588
14.0095	26.1972
14.0133	26.2357
14.022	26.2742
14.0223	26.3126
14.0243	26.3511
14.0319	26.3895
14.0361	26.428
14.0367	26.4665
14.0376	26.5049
14.0412	26.5434
14.042	26.5819
14.0497	26.6203
14.0498	26.6588
14.0518	26.6972
14.0693	26.7357
14.0828	26.7742
14.0849	26.8126
14.0857	26.8511
14.0868	26.8895
14.0963	26.928
14.1668	26.9665
14.1669	27.0049
14.1676	27.042
14.1727	27.079
14.1729	27.116
14.1733	27.1531
14.1736	27.1901
14.1876	27.2272
14.1889	27.2642
14.1891	27.3012
14.1895	27.3383
14.1956	27.3753
14.1962	27.4123
14.1968	27.4494
14.1971	27.4864
14.2174	27.5234
14.2182	27.5605
14.2225	27.5975
14.2251	27.6346
14.2257	27.6716
14.2612	27.7086
14.2633	27.7457
14.2636	27.7827
14.2639	27.8197
14.2642	27.8568
14.2644	27.8938
14.3041	27.9309
14.3053	27.9679
14.3108	28.0049
14.3111	28.0406
14.3252	28.0764
14.3478	28.1121
14.3852	28.1478
14.3904	28.1835
14.4048	28.2192
14.4072	28.2549
14.4109	28.2906
14.4139	28.3264
14.4226	28.3621
14.4273	28.3978
14.4283	28.4335
14.4291	28.4692
14.4294	28.5049
14.4295	28.5406
14.4339	28.5764
14.4381	28.6121
14.4385	28.6478
14.4562	28.6835
14.4563	28.7192
14.4604	28.7549
14.4611	28.7906
14.4659	28.8264
14.4661	28.8621
14.5178	28.8978
14.5231	28.9335
14.5233	28.9692
14.5234	29.0049
14.5236	29.0394
14.5286	29.0739
14.5287	29.1084
14.5713	29.1429
14.5714	29.1773
14.6097	29.2118
14.6156	29.2463
14.6211	29.2808
14.6281	29.3153
14.6281	29.3498
14.6326	29.3842
14.6378	29.4187
14.6447	29.4532
14.6447	29.4877
14.6447	29.5222
14.6476	29.5567
14.6477	29.5911
14.6478	29.6256
14.6545	29.6601
14.6587	29.6946
14.6605	29.7291
14.6642	29.7635
14.665	29.798
14.6653	29.8325
14.6842	29.867
14.6912	29.9015
14.6923	29.936
14.6937	29.9704
14.6984	30.0049
14.7011	30.0383
14.7134	30.0716
14.7134	30.1049
14.7482	30.1383
14.7484	30.1716
14.7714	30.2049
14.7718	30.2383
14.7744	30.2716
14.79	30.3049
14.7908	30.3383
14.7977	30.3716
14.8233	30.4049
14.8253	30.4383
14.8268	30.4716
14.8462	30.5049
14.849	30.5383
14.8516	30.5716
14.8517	30.6049
14.852	30.6383
14.8709	30.6716
14.8781	30.7049
14.8782	30.7383
14.8855	30.7716
14.886	30.8049
14.9691	30.8383
14.9708	30.8716
14.973	30.9049
14.9755	30.9383
14.9797	30.9716
14.9827	31.0049
14.9843	31.0372
15	31.0694
15.001	31.1017
15.0113	31.134
15.0124	31.1662
15.0187	31.1985
15.0209	31.2307
15.0217	31.263
15.0244	31.2953
15.0265	31.3275
15.0392	31.3598
15.0443	31.392
15.0475	31.4243
15.0485	31.4565
15.0511	31.4888
15.0649	31.5211
15.0658	31.5533
15.0671	31.5856
15.0706	31.6178
15.0786	31.6501
15.1238	31.6823
15.1251	31.7146
15.1274	31.7469
15.1329	31.7791
15.1436	31.8114
15.1448	31.8436
15.1464	31.8759
15.1486	31.9082
15.1503	31.9404
15.1523	31.9727
15.1536	32.0049
15.1542	32.0362
15.163	32.0674
15.1662	32.0987
15.1748	32.1299
15.1818	32.1612
15.1822	32.1924
15.1839	32.2237
15.1952	32.2549
15.1961	32.2862
15.2009	32.3174
15.2603	32.3487
15.2615	32.3799
15.2631	32.4112
15.2645	32.4424
15.2658	32.4737
15.2849	32.5049
15.287	32.5362
15.2918	32.5674
15.3024	32.5987
15.3035	32.6299
15.3287	32.6612
15.3346	32.6924
15.3361	32.7237
15.3492	32.7549
15.353	32.7862
15.3582	32.8174
15.3613	32.8487
15.3621	32.8799
15.3629	32.9112
15.3638	32.9424
15.3651	32.9737
15.369	33.0049
15.3697	33.0352
15.3811	33.0655
15.3841	33.0958
15.4179	33.1261
15.4205	33.1564
15.4229	33.1867
15.4252	33.217
15.4284	33.2474
15.4297	33.2777
15.4328	33.308
15.4483	33.3383
15.45	33.3686
15.4515	33.3989
15.4532	33.4292
15.4596	33.4595
15.4655	33.4898
15.4662	33.5201
15.4702	33.5504
15.4864	33.5807
15.4879	33.611
15.5061	33.6413
15.5078	33.6716
15.5106	33.7019
15.5308	33.7322
15.5385	33.7625
15.5392	33.7928
15.5449	33.8231
15.5497	33.8534
15.5566	33.8837
15.5593	33.914
15.5606	33.9443
15.5711	33.9746
15.5714	34.0049
15.5759	34.0343
15.5864	34.0638
15.5989	34.0932
15.6109	34.1226
15.6137	34.152
15.6181	34.1814
15.6204	34.2108
15.6391	34.2402
15.6414	34.2696
15.6435	34.299
15.6573	34.3285
15.6587	34.3579
15.6625	34.3873
15.6638	34.4167
15.6725	34.4461
15.6787	34.4755
15.6811	34.5049
15.6964	34.5343
15.7036	34.5638
15.7065	34.5932
15.7247	34.6226
15.731	34.652
15.7352	34.6814
15.737	34.7108
15.7478	34.7402
15.7479	34.7696
15.7506	34.799
15.7553	34.8285
15.7592	34.8579
15.7611	34.8873
15.7622	34.9167
15.7677	34.9461
15.7685	34.9755
15.7693	35.0049
15.7698	35.0335
15.7753	35.0621
15.7821	35.0906
15.7824	35.1192
15.7895	35.1478
15.7924	35.1764
15.7958	35.2049
15.8676	35.2335
15.8759	35.2621
15.8769	35.2906
15.8839	35.3192
15.8856	35.3478
15.8869	35.3764
15.8898	35.4049
15.8906	35.4335
15.8924	35.4621
15.8934	35.4906
15.8953	35.5192
15.9004	35.5478
15.9039	35.5764
15.9092	35.6049
15.9259	35.6335
15.9277	35.6621
15.9288	35.6906
15.9315	35.7192
15.9359	35.7478
15.9367	35.7764
15.9404	35.8049
15.9534	35.8335
15.9546	35.8621
15.9571	35.8906
15.9604	35.9192
15.9644	35.9478
15.9654	35.9764
15.9663	36.0049
15.9669	36.0327
15.9699	36.0605
15.9711	36.0883
15.973	36.116
15.9773	36.1438
15.9783	36.1716
15.9804	36.1994
16.0381	36.2272
16.0432	36.2549
16.0467	36.2827
16.0484	36.3105
16.0534	36.3383
16.0541	36.366
16.0557	36.3938
16.0612	36.4216
16.0641	36.4494
16.0642	36.4772
16.0921	36.5049
16.0994	36.5327
16.1004	36.5605
16.1121	36.5883
16.1361	36.616
16.1475	36.6438
16.148	36.6716
16.1494	36.6994
16.1534	36.7272
16.1543	36.7549
16.1563	36.7827
16.1667	36.8105
16.1725	36.8383
16.1786	36.866
16.1795	36.8938
16.1823	36.9216
16.1913	36.9494
16.1937	36.9772
16.1996	37.0049
16.2088	37.032
16.2211	37.059
16.2226	37.086
16.2458	37.113
16.257	37.1401
16.2594	37.1671
16.2608	37.1941
16.2853	37.2211
16.2893	37.2482
16.2933	37.2752
16.2944	37.3022
16.2956	37.3293
16.2978	37.3563
16.299	37.3833
16.3038	37.4103
16.3177	37.4374
16.3206	37.4644
16.3263	37.4914
16.3294	37.5184
16.3312	37.5455
16.3424	37.5725
16.3448	37.5995
16.347	37.6265
16.3529	37.6536
16.3547	37.6806
16.3573	37.7076
16.3595	37.7347
16.36	37.7617
16.3661	37.7887
16.3744	37.8157
16.3769	37.8428
16.3786	18.9214
16.3797	18.9769
16.388	19.0325
16.3897	19.0851
16.3908	19.1378
16.3931	19.1904
16.3931	19.243
16.4016	19.2957
16.4022	19.3483
16.4073	19.4009
16.4319	19.4535
16.4327	19.5062
16.4342	19.5588
16.4414	19.6114
16.4502	19.6641
16.4567	19.7167
16.4589	19.7693
16.4623	19.822
16.474	19.8746
16.4764	19.9272
16.4775	19.9799
16.4796	20.0325
16.4908	20.0825
16.4915	20.1325
16.4935	20.1825
16.4973	20.2325
16.5048	20.2825
16.5093	20.3325
16.5101	20.3825
16.517	20.4325
16.5194	20.4825
16.5208	20.5325
16.5275	20.5825
16.5296	20.6325
16.53	20.6825
16.5371	20.7325
16.5429	20.7825
16.6306	20.8325
16.6362	20.8825
16.6383	20.9325
16.6393	20.9825
16.6418	21.0325
16.6449	21.0801
16.6458	21.1277
16.6536	21.1754
16.6699	21.223
16.6889	21.2706
16.6917	21.3182
16.7039	21.3658
16.7042	21.4134
16.7082	21.4611
16.7105	21.5087
16.712	21.5563
16.7201	21.6039
16.7224	21.6515
16.7253	21.6992
16.7288	21.7468
16.8338	21.7944
16.8564	21.842
16.8601	21.8896
16.8677	21.9373
16.8684	21.9849
16.8686	22.0325
16.8688	22.0779
16.8707	22.1234
16.8711	22.1689
16.8938	22.2143
16.9122	22.2598
16.9128	22.3052
16.9261	22.3507
16.9282	22.3961
16.9302	22.4416
16.9331	22.487
16.9356	22.5325
16.9387	22.5779
16.9422	22.6234
16.9425	22.6689
16.9459	22.7143
17.0561	22.7598
17.0759	22.8052
17.0814	22.8507
17.0908	22.8961
17.0941	22.9416
17.0967	22.987
17.0988	23.0325
17.0998	23.076
17.1004	23.1195
17.101	23.1629
17.133	23.2064
17.151	23.2499
17.1552	23.2934
17.1645	23.3368
17.1653	23.3803
17.1682	23.4238
17.1727	23.4673
17.1737	23.5108
17.1749	23.5542
17.1752	23.5977
17.1774	23.6412
17.1826	23.6847
17.2841	23.7281
17.292	23.7716
17.2935	23.8151
17.3001	23.8586
17.3023	23.9021
17.3038	23.9455
17.3069	23.989
17.3096	24.0325
17.3117	24.0742
17.3119	24.1158
17.3146	24.1575
17.3197	24.1992
17.3274	24.2408
17.3353	24.2825
17.3409	24.3242
17.3424	24.3658
17.345	24.4075
17.3457	24.4492
17.3482	24.4908
17.349	24.5325
17.3512	24.5742
17.3525	24.6158
17.3574	24.6575
17.4471	24.6992
17.454	24.7408
17.4564	24.7825
17.4585	24.8242
17.4589	24.8658
17.465	24.9075
17.4671	24.9492
17.4676	24.9908
17.4692	25.0325
17.4701	25.0725
17.4709	25.1125
17.4748	25.1525
17.4757	25.1925
17.4768	25.2325
17.4797	25.2725
17.4864	25.3125
17.4865	25.3525
17.4874	25.3925
17.4895	25.4325
17.4958	25.4725
17.4968	25.5125
17.4968	25.5525
17.5017	25.5925
17.5019	25.6325
17.5739	25.6725
17.5847	25.7125
17.5866	25.7525
17.5879	25.7925
17.5881	25.8325
17.589	25.8725
17.5901	25.9125
17.5922	25.9525
17.5949	25.9925
17.5964	26.0325
17.6039	26.071
17.6051	26.1094
17.6089	26.1479
17.6101	26.1863
17.6144	26.2248
17.6172	26.2633
17.6227	26.3017
17.625	26.3402
17.6256	26.3786
17.6316	26.4171
17.6386	26.4556
17.6386	26.494
17.6409	26.5325
17.6463	26.571
17.6509	26.6094
17.7461	26.6479
17.7545	26.6863
17.7574	26.7248
17.7626	26.7633
17.7626	26.8017
17.7626	26.8402
17.7652	26.8786
17.7653	26.9171
17.7691	26.9556
17.7692	26.994
17.7693	27.0325
17.7756	27.0695
17.7766	27.1066
17.7799	27.1436
17.7812	27.1806
17.7913	27.2177
17.7931	27.2547
17.8058	27.2918
17.8147	27.3288
17.8161	27.3658
17.8203	27.4029
17.8313	27.4399
17.8347	27.4769
17.8383	27.514
17.8515	27.551
17.8529	27.588
17.9558	27.6251
17.9607	27.6621
17.9626	27.6992
17.9643	27.7362
17.9654	27.7732
17.9655	27.8103
17.9672	27.8473
17.968	27.8843
17.9705	27.9214
17.9762	27.9584
17.9793	27.9955
17.9811	28.0325
17.9842	28.0682
17.9865	14.0341
17.9871	14.1055
17.9902	14.177
17.993	14.2484
17.9946	14.3198
17.9997	14.3912
18.0025	14.4627
18.0028	14.5341
18.0085	14.6055
18.0124	14.677
18.0163	14.7484
18.0179	14.8198
18.0317	14.8912
18.1134	14.9627
18.1222	15.0341
18.1226	15.1008
18.1323	15.1674
18.1325	15.2341
18.1342	15.3008
18.1349	15.3674
18.141	15.4341
18.1426	15.5008
18.1469	15.5674
18.1471	15.6341
18.1487	15.7008
18.1539	15.7674
18.1591	15.8341
18.2805	15.9008
18.2888	15.9674
18.2927	16.0341
18.3012	16.0966
18.3024	16.1591
18.3068	16.2216
18.3083	16.2841
18.3108	16.3466
18.3113	16.4091
18.3438	16.4716
18.3472	16.5341
18.3472	16.5966
18.3509	16.6591
18.3556	16.7216
18.3601	16.7841
18.4516	16.8466
18.4542	16.9091
18.4582	16.9716
18.4602	17.0341
18.4623	17.0929
18.4624	17.1518
18.4625	17.2106
18.4626	17.2694
18.4657	17.3282
18.4679	17.387
18.471	17.4459
18.4735	17.5047
18.4737	17.5635
18.4756	17.6223
18.4793	17.6812
18.482	17.74
18.6109	17.7988
18.6165	17.8576
18.6174	17.9165
18.6276	17.9753
18.6323	18.0341
18.6336	18.0897
18.636	18.1452
18.6384	18.2008
18.6385	18.2563
18.639	18.3119
18.6466	18.3674
18.65	18.423
18.6502	18.4785
18.6504	18.5341
18.6717	18.5897
18.6723	18.6452
18.6723	18.7008
18.759	18.7563
18.7657	18.8119
18.7667	18.8674
18.7668	18.923
18.7707	18.9785
18.7709	19.0341
18.7717	19.0867
18.7717	19.1394
18.7885	19.192
18.7889	19.2446
18.7917	19.2973
18.7917	19.3499
18.7927	19.4025
18.793	19.4552
18.8103	19.5078
18.8227	19.5604
18.8229	19.6131
18.8262	19.6657
18.9076	19.7183
18.908	19.7709
18.9085	19.8236
18.9306	19.8762
18.9308	19.9288
18.9315	19.9815
18.9321	9.99074
18.9327	10.1018
18.9423	10.2018
18.9491	10.3018
18.9525	10.4018
18.9533	10.5018
18.9534	10.6018
18.9535	10.7018
18.9536	10.8018
18.9649	10.9018
18.9693	11.0018
18.9805	11.0928
18.9806	11.1837
19.0209	11.2746
19.0296	11.3655
19.0333	11.4564
19.0418	11.5473
19.0447	11.6382
19.0511	11.7291
19.0518	11.82
19.0533	11.9109
19.0548	12.0018
19.0551	12.0852
19.056	12.1685
19.0678	12.2518
19.0726	12.3352
19.0736	12.4185
19.0744	12.5018
19.0827	12.5852
19.0859	12.6685
19.0942	12.7518
19.0955	12.8352
19.0961	12.9185
19.1353	13.0018
19.1632	13.0788
19.1649	13.1557
19.1722	13.2326
19.1761	13.3095
19.1777	13.3865
19.1777	13.4634
19.1789	13.5403
19.1804	13.6172
19.1816	13.6942
19.1831	13.7711
19.1932	13.848
19.1945	13.9249
19.1984	14.0018
19.203	14.0733
19.218	14.1447
19.2192	14.2161
19.2239	14.2876
19.2316	14.359
19.2377	14.4304
19.2377	14.5018
19.2624	14.5733
19.2972	14.6447
19.2973	14.7161
19.3035	14.7876
19.3037	14.859
19.3039	14.9304
19.3063	15.0018
19.3067	15.0685
19.3069	15.1352
19.3071	15.2018
19.311	15.2685
19.3169	15.3352
19.3206	15.4018
19.3233	15.4685
19.3234	15.5352
19.3253	15.6018
19.3282	15.6685
19.331	15.7352
19.3475	15.8018
19.3548	15.8685
19.3598	15.9352
19.3615	16.0018
19.3811	16.0643
19.4211	16.1268
19.4226	16.1893
19.4479	16.2518
19.4481	16.3143
19.4487	16.3768
19.4493	16.4393
19.4512	16.5018
19.4526	16.5643
19.4568	16.6268
19.4587	16.6893
19.4598	16.7518
19.461	16.8143
19.4714	16.8768
19.477	16.9393
19.4804	17.0018
19.481	17.0607
19.485	17.1195
19.5368	17.1783
19.5414	17.2371
19.5485	17.296
19.5501	17.3548
19.5528	17.4136
19.5585	17.4724
19.6086	17.5313
19.6115	17.5901
19.645	17.6489
19.6469	17.7077
19.6521	17.7666
19.6564	17.8254
19.6582	17.8842
19.6606	17.943
19.6624	18.0018
19.6647	18.0574
19.6656	18.113
19.6729	18.1685
19.6759	18.2241
19.6818	18.2796
19.6826	18.3352
19.6847	18.3907
19.6862	18.4463
19.7086	18.5018
19.7135	18.5574
19.7192	18.613
19.7296	18.6685
19.735	18.7241
19.7366	18.7796
19.7392	18.8352
19.7607	18.8907
19.7642	18.9463
19.7824	19.0018
19.7835	19.0545
19.7886	19.1071
19.7961	19.1597
19.7976	19.2124
19.8047	19.265
19.8054	19.3176
19.8063	19.3703
19.8117	19.4229
19.8126	19.4755
19.8137	19.5282
19.8224	19.5808
19.8264	19.6334
19.8293	19.6861
19.836	19.7387
19.8564	19.7913
19.8569	19.844
19.8628	19.8966
19.8651	19.9492
19.8758	20.0018
19.878	20.0518
19.8808	20.1018
19.8944	20.1518
19.9192	20.2018
19.9286	20.2518
19.9623	20.3018
19.9631	20.3518
19.9646	20.4018
19.9771	20.4518
19.98	20.5018
19.9814	20.5518
19.9831	20.6018
19.9865	20.6518
19.9867	20.7018
19.9886	20.7518
19.9906	20.8018
19.9973	20.8518
19.9983	20.9018
20.0051	20.9518
20.0093	21.0018
20.0254	21.0495
20.031	21.0971
20.0337	21.1447
20.0438	21.1923
20.0459	21.2399
20.0493	21.2876
20.0502	21.3352
20.0527	21.3828
20.0644	21.4304
20.0846	21.478
20.0978	21.5257
20.1072	21.5733
20.1109	21.6209
20.1241	21.6685
20.1444	21.7161
20.1457	21.7638
20.1472	21.8114
20.1477	21.859
20.1519	21.9066
20.1551	21.9542
20.1568	22.0018
20.1693	22.0473
20.1708	22.0928
20.1831	22.1382
20.1833	22.1837
20.1868	22.2291
20.1944	22.2746
20.1951	22.32
20.1951	22.3655
20.2189	22.4109
20.2201	22.4564
20.2282	22.5018
20.2297	22.5473
20.2334	22.5928
20.237	22.6382
20.2432	22.6837
20.2701	22.7291
20.2916	22.7746
20.2986	22.82
20.3051	22.8655
20.3119	22.9109
20.3209	22.9564
20.3214	23.0018
20.3307	23.0453
20.331	23.0888
20.3312	23.1323
20.333	23.1758
20.3337	23.2192
20.3362	23.2627
20.3395	23.3062
20.3586	23.3497
20.3588	23.3932
20.3613	23.4366
20.3627	23.4801
20.3637	23.5236
20.3651	23.5671
20.4001	23.6105
20.4009	23.654
20.4021	23.6975
20.4061	23.741
20.4082	23.7845
20.4137	23.8279
20.4139	23.8714
20.4239	23.9149
20.4522	23.9584
20.4633	24.0018
20.4685	24.0435
20.4692	24.0852
20.4756	24.1268
20.4876	24.1685
20.4901	24.2102
20.4902	24.2518
20.4904	24.2935
20.4963	24.3352
20.4975	24.3768
20.5017	24.4185
20.5029	24.4602
20.5032	24.5018
20.5184	24.5435
20.5192	24.5852
20.5265	24.6268
20.5269	24.6685
20.5276	24.7102
20.529	24.7518
20.5581	24.7935
20.5642	24.8352
20.5675	24.8768
20.5678	24.9185
20.5714	24.9602
20.5903	25.0018
20.5912	25.0418
20.5915	25.0818
20.5961	25.1218
20.6426	25.1618
20.6461	25.2018
20.6492	25.2418
20.658	25.2818
20.6596	25.3218
20.6626	25.3618
20.6664	25.4018
20.6679	25.4418
20.6699	25.4818
20.6742	25.5218
20.6786	25.5618
20.6805	25.6018
20.6808	25.6418
20.6818	25.6818
20.6889	25.7218
20.6903	25.7618
20.6962	25.8018
20.6994	25.8418
20.7015	25.8818
20.7015	25.9218
20.7255	25.9618
20.7391	26.0018
20.7433	26.0403
20.7433	26.0788
20.7614	26.1172
20.7725	26.1557
20.7728	26.1942
20.7729	26.2326
20.779	26.2711
20.7791	26.3095
20.8189	26.348
20.8193	26.3865
20.8322	26.4249
20.8403	26.4634
20.8418	26.5018
20.848	26.5403
20.8497	26.5788
20.8497	26.6172
20.8498	26.6557
20.8536	26.6942
20.854	26.7326
20.8609	26.7711
20.8613	26.8095
20.8615	26.848
20.8659	26.8865
20.8661	26.9249
20.8663	26.9634
20.8711	27.0018
20.8763	27.0389
20.8763	27.0759
20.8863	27.113
20.8866	27.15
20.887	27.187
20.8874	27.2241
20.9178	27.2611
20.9228	27.2981
20.9243	27.3352
20.9249	27.3722
20.9262	27.4093
20.9293	27.4463
20.9294	27.4833
20.9413	27.5204
20.9438	27.5574
20.992	27.5944
20.9929	27.6315
20.996	27.6685
20.9998	27.7056
21.0003	27.7426
21.0047	27.7796
21.0053	27.8167
21.006	27.8537
21.01	27.8907
21.0148	27.9278
21.022	27.9648
21.0702	28.0018
21.0736	28.0376
21.0811	28.0733
21.0813	28.109
21.0813	28.1447
21.0835	28.1804
21.0841	28.2161
21.0923	28.2518
21.0929	28.2876
21.0981	28.3233
21.099	28.359
21.1245	28.3947
21.1259	28.4304
21.1271	28.4661
21.1275	28.5018
21.1286	28.5376
21.1325	28.5733
21.1333	28.609
21.1386	28.6447
21.1469	28.6804
21.1541	28.7161
21.1941	28.7518
21.198	28.7876
21.1996	28.8233
21.2027	28.859
21.2029	28.8947
21.2043	28.9304
21.2063	28.9661
21.212	29.0018
21.2152	29.0363
21.2195	29.0708
21.2233	29.1053
21.2449	29.1398
21.2462	29.1743
21.2499	29.2087
21.25	29.2432
21.2501	29.2777
21.2522	29.3122
21.2548	29.3467
21.2635	29.3812
21.2673	29.4156
21.2704	29.4501
21.28	29.4846
21.3007	29.5191
21.3012	29.5536
21.3021	29.5881
21.3073	29.6225
21.3104	29.657
21.316	29.6915
21.3167	29.726
21.3175	29.7605
21.3219	29.795
21.3317	29.8294
21.3347	29.8639
21.3868	29.8984
21.4028	29.9329
21.4028	29.9674
21.4033	30.0018
21.4093	30.0352
21.4101	30.0685
21.412	30.1018
21.4393	30.1352
21.4419	30.1685
21.4476	30.2018
21.4496	30.2352
21.4768	30.2685
21.4778	30.3018
21.4822	30.3352
21.483	30.3685
21.485	30.4018
21.4856	30.4352
21.487	30.4685
21.4919	30.5018
21.494	30.5352
21.4973	30.5685
21.4985	30.6018
21.5092	30.6352
21.5101	30.6685
21.5117	30.7018
21.5178	30.7352
21.5178	30.7685
21.5178	30.8018
21.5179	30.8352
21.538	30.8685
21.5394	30.9018
21.5432	30.9352
21.5563	30.9685
21.5571	31.0018
21.5785	31.0341
21.5859	31.0664
21.5917	31.0986
21.5959	31.1309
21.6069	31.1631
21.6118	31.1954
21.6162	31.2277
21.6373	31.2599
21.6402	31.2922
21.6476	31.3244
21.6509	31.3567
21.673	31.3889
21.6744	31.4212
21.6746	31.4535
21.6763	31.4857
21.6768	31.518
21.6794	31.5502
21.6794	31.5825
21.6804	31.6148
21.6812	31.647
21.6819	31.6793
21.684	31.7115
21.6946	31.7438
21.6959	31.776
21.7002	31.8083
21.7023	31.8406
21.7048	31.8728
21.7074	31.9051
21.7092	31.9373
21.7179	31.9696
21.7185	32.0018
21.7408	32.0331
21.7423	32.0643
21.758	32.0956
21.7607	32.1268
21.8139	32.1581
21.8163	32.1893
21.8175	32.2206
21.8204	32.2518
21.8327	32.2831
21.8395	32.3143
21.8432	32.3456
21.8526	32.3768
21.8543	32.4081
21.8609	32.4393
21.8625	32.4706
21.9178	32.5018
21.9196	32.5331
21.9222	32.5643
21.9272	32.5956
21.9306	32.6268
21.9333	32.6581
21.9343	32.6893
21.9349	32.7206
21.9357	32.7518
21.9379	32.7831
21.9385	32.8143
21.9463	32.8456
21.9573	32.8768
21.9613	32.9081
21.9684	32.9393
21.9718	32.9706
21.9722	33.0018
21.9758	33.0322
21.9764	33.0625
21.9855	33.0928
21.9885	33.1231
22.0011	33.1534
22.0161	33.1837
22.0169	33.214
22.0175	33.2443
22.0644	33.2746
22.0675	33.3049
22.0682	33.3352
22.0693	33.3655
22.0719	33.3958
22.0914	33.4261
22.0964	33.4564
22.1002	33.4867
22.1033	33.517
22.104	33.5473
22.1091	33.5776
22.1372	33.6079
22.142	33.6382
22.1479	33.6685
22.1591	33.6988
22.1592	33.7291
22.1597	33.7594
22.1637	33.7897
22.1661	33.82
22.172	33.8503
22.1744	33.8806
22.1765	33.9109
22.191	33.9412
22.1943	33.9715
22.1993	34.0018
22.2067	34.0313
22.2091	34.0607
22.2097	34.0901
22.2149	34.1195
22.2171	34.1489
22.2252	34.1783
22.2254	34.2077
22.2322	34.2371
22.2509	34.2666
22.2524	34.296
22.2551	34.3254
22.2555	34.3548
22.2717	34.3842
22.2789	34.4136
22.2791	34.443
22.284	34.4724
22.2864	34.5018
22.3145	34.5313
22.3169	17.2656
22.3202	17.3245
22.3235	17.3833
22.3258	17.4421
22.3321	17.5009
22.349	17.5597
22.3523	17.6186
22.358	17.6774
22.3596	17.7362
22.3609	17.795
22.361	17.8539
22.3631	17.9127
22.3679	17.9715
22.3689	18.0303
22.3696	18.0859
22.3704	18.1414
22.3779	18.197
22.3795	18.2526
22.3856	18.3081
22.39	18.3637
22.3911	18.4192
22.3935	18.4748
22.3985	18.5303
22.3995	18.5859
22.4108	18.6414
22.4113	18.697
22.414	18.7526
22.4147	18.8081
22.4257	18.8637
22.4263	18.9192
22.4277	18.9748
22.4369	19.0303
22.4429	19.083
22.4536	19.1356
22.4658	19.1882
22.4662	19.2409
22.4684	19.2935
22.5012	19.3461
22.5403	19.3988
22.5474	19.4514
22.548	19.504
22.5492	19.5567
22.5526	19.6093
22.555	19.6619
22.5605	19.7145
22.5693	19.7672
22.5749	19.8198
22.581	19.8724
22.5823	19.9251
22.5836	19.9777
22.587	20.0303
22.6056	20.0803
22.608	20.1303
22.6172	20.1803
22.6484	20.2303
22.6496	20.2803
22.6502	20.3303
22.6671	20.3803
22.67	20.4303
22.7193	20.4803
22.7279	20.5303
22.7286	20.5803
22.7318	20.6303
22.7341	20.6803
22.7365	20.7303
22.7431	20.7803
22.7477	20.8303
22.7664	20.8803
22.7701	20.9303
22.7721	20.9803
22.7754	21.0303
22.7772	21.078
22.7932	21.1256
22.7973	21.1732
22.804	21.2208
22.8301	21.2684
22.8303	21.316
22.8345	21.3637
22.8363	21.4113
22.8441	21.4589
22.8461	21.5065
22.887	21.5541
22.8913	21.6018
22.8926	21.6494
22.8963	21.697
22.9119	21.7446
22.9134	21.7922
22.9228	21.8399
22.9264	21.8875
22.94	21.9351
22.9432	21.9827
22.9437	22.0303
22.9441	22.0758
22.9455	22.1212
22.9506	22.1667
22.9572	22.2122
22.9636	22.2576
23.0226	22.3031
23.0279	22.3485
23.033	22.394
23.0352	22.4394
23.0397	22.4849
23.0602	22.5303
23.0604	22.5758
23.0736	22.6212
23.0778	22.6667
23.0901	22.7122
23.0912	22.7576
23.0951	22.8031
23.0975	22.8485
23.1056	22.894
23.1121	22.9394
23.1168	22.9849
23.1186	23.0303
23.1204	23.0738
23.1212	23.1173
23.1296	23.1608
23.1365	23.2042
23.1565	23.2477
23.1582	23.2912
23.1916	23.3347
23.1923	23.3782
23.193	23.4216
23.1932	23.4651
23.1943	23.5086
23.2017	23.5521
23.2018	23.5956
23.2041	23.639
23.2149	23.6825
23.2267	23.726
23.2569	23.7695
23.2638	23.8129
23.2646	23.8564
23.2675	23.8999
23.2763	23.9434
23.2826	23.9869
23.2897	24.0303
23.2909	24.072
23.2942	24.1137
23.3083	24.1553
23.3161	24.197
23.322	24.2387
23.3287	24.2803
23.3381	24.322
23.3536	24.3637
23.355	24.4053
23.3583	24.447
23.3593	24.4887
23.3616	24.5303
23.3752	24.572
23.3779	24.6137
23.378	24.6553
23.3821	24.697
23.3892	24.7387
23.4043	24.7803
23.4134	24.822
23.4149	24.8637
23.4169	24.9053
23.4175	24.947
23.4259	24.9887
23.4273	25.0303
23.4516	25.0703
23.4525	25.1103
23.4531	25.1503
23.471	25.1903
23.4739	25.2303
23.4969	25.2703
23.5011	25.3103
23.5042	25.3503
23.5095	25.3903
23.51	25.4303
23.5111	25.4703
23.5112	25.5103
23.5133	25.5503
23.5252	25.5903
23.5338	25.6303
23.536	25.6703
23.5393	25.7103
23.5396	25.7503
23.5605	25.7903
23.5717	25.8303
23.5795	25.8703
23.5814	25.9103
23.5859	25.9503
23.5943	25.9903
23.5956	26.0303
23.5995	26.0688
23.6173	26.1073
23.6176	26.1457
23.6366	26.1842
23.6621	26.2226
23.6634	26.2611
23.67	26.2996
23.6785	26.338
23.6796	26.3765
23.7023	26.415
23.7064	26.4534
23.7077	26.4919
23.7142	26.5303
23.7149	26.5688
23.718	26.6073
23.7203	26.6457
23.7208	26.6842
23.727	26.7226
23.7281	26.7611
23.7293	26.7996
23.7438	26.838
23.7453	26.8765
23.7489	26.915
23.7538	26.9534
23.7565	26.9919
23.7664	27.0303
23.7701	27.0674
23.7724	27.1044
23.7751	27.1414
23.7807	27.1785
23.7915	27.2155
23.8086	27.2526
23.8109	27.2896
23.8241	27.3266
23.8373	27.3637
23.8428	27.4007
23.8444	27.4377
23.8519	27.4748
23.8534	27.5118
23.8582	27.5489
23.8735	27.5859
23.8746	27.6229
23.8845	27.66
23.8853	27.697
23.886	27.734
23.8873	27.7711
23.9098	27.8081
23.9104	27.8452
23.9117	27.8822
23.9118	27.9192
23.9203	27.9563
23.9245	27.9933
23.9273	28.0303
23.9364	28.066
23.9515	28.1018
23.9565	28.1375
23.9581	28.1732
23.9647	28.2089
23.9841	28.2446
23.9991	28.2803
24.0025	28.316
24.0114	28.3518
24.0227	28.3875
24.0284	28.4232
24.03	28.4589
24.031	28.4946
24.0347	28.5303
24.0395	28.566
24.0403	28.6018
24.042	28.6375
24.0467	28.6732
24.0483	28.7089
24.0494	28.7446
24.0551	28.7803
24.0678	28.816
24.0703	28.8518
24.0704	28.8875
24.0759	28.9232
24.0774	28.9589
24.0983	28.9946
24.102	29.0303
24.1047	29.0648
24.1068	29.0993
24.114	29.1338
24.1161	29.1683
24.1204	29.2027
24.1294	29.2372
24.1342	29.2717
24.1388	29.3062
24.1406	29.3407
24.1726	29.3752
24.1783	29.4096
24.1784	29.4441
24.1813	29.4786
24.1814	29.5131
24.1856	29.5476
24.1869	29.5821
24.187	29.6165
24.1927	29.651
24.2066	29.6855
24.209	29.72
24.2146	29.7545
24.2232	29.789
24.2266	29.8234
24.2279	29.8579
24.2333	29.8924
24.24	29.9269
24.2444	29.9614
24.2478	29.9959
24.2584	30.0303
24.2687	30.0637
24.2691	30.097
24.2692	30.1303
24.2737	30.1637
24.2794	30.197
24.2859	30.2303
24.2875	30.2637
24.2888	30.297
24.289	30.3303
24.2952	30.3637
24.3161	30.397
24.3183	30.4303
24.3243	30.4637
24.3298	30.497
24.3315	30.5303
24.3329	30.5637
24.3336	30.597
24.3381	30.6303
24.3416	30.6637
24.3505	30.697
24.3634	30.7303
24.3664	30.7637
24.3831	30.797
24.3849	30.8303
24.3914	30.8637
24.3938	30.897
24.4087	30.9303
24.414	30.9637
24.4146	30.997
24.4161	31.0303
24.4266	31.0626
24.435	31.0949
24.436	31.1271
24.4372	31.1594
24.4379	31.1916
24.4388	31.2239
24.4388	31.2561
24.4431	31.2884
24.4565	31.3207
24.4594	31.3529
24.4612	31.3852
24.4739	31.4174
24.483	31.4497
24.5121	31.4819
24.5151	31.5142
24.5152	31.5465
24.5154	31.5787
24.5228	31.611
24.5246	31.6432
24.5317	31.6755
24.5415	31.7078
24.5556	31.74
24.5703	31.7723
24.5767	31.8045
24.58	31.8368
24.5841	31.869
24.586	31.9013
24.6092	31.9336
24.6138	31.9658
24.6147	31.9981
24.6174	32.0303
24.6233	32.0616
24.6246	32.0928
24.6694	32.1241
24.6756	32.1553
24.6757	32.1866
24.6791	32.2178
24.6793	32.2491
24.6795	32.2803
24.6827	32.3116
24.6853	32.3428
24.6854	32.3741
24.6863	32.4053
24.6867	32.4366
24.6911	32.4678
24.6954	32.4991
24.7045	32.5303
24.7098	32.5616
24.7182	32.5928
24.7212	32.6241
24.7394	32.6553
24.7396	32.6866
24.7403	32.7178
24.7441	32.7491
24.7504	32.7803
24.7549	32.8116
24.759	32.8428
24.7612	32.8741
24.7635	32.9053
24.7643	32.9366
24.7691	32.9678
24.7707	32.9991
24.7716	33.0303
24.7718	33.0606
24.7765	33.0909
24.7827	33.1212
24.8075	33.1515
24.812	33.1819
24.8123	33.2122
24.8129	33.2425
24.8188	33.2728
24.82	33.3031
24.8229	33.3334
24.8229	33.3637
24.8232	33.394
24.8237	33.4243
24.8296	33.4546
24.8346	33.4849
24.8411	33.5152
24.8413	33.5455
24.8415	33.5758
24.8479	33.6061
24.8534	33.6364
24.8696	33.6667
24.9097	33.697
24.9098	33.7273
24.9103	33.7576
24.9103	33.7879
24.9165	33.8182
24.9242	33.8485
24.926	33.8788
24.9347	33.9091
24.9359	33.9394
24.936	33.9697
24.9361	34
24.9362	34.0294
24.9364	34.0589
24.9408	34.0883
24.9483	34.1177
24.9514	34.1471
24.9591	34.1765
24.9607	34.2059
24.963	34.2353
24.9633	34.2647
24.9644	34.2942
24.9646	34.3236
24.9678	34.353
24.968	34.3824
24.9685	34.4118
24.9769	34.4412
24.9888	34.4706
25.0207	34.5
25.023	34.5294
25.0245	34.5589
25.026	34.5883
25.04	34.6177
25.0445	34.6471
25.0759	34.6765
25.0944	34.7059
25.0978	34.7353
25.101	34.7647
25.1051	34.7942
25.1108	34.8236
25.1121	34.853
25.1152	34.8824
25.1156	34.9118
25.1159	34.9412
25.121	34.9706
25.121	35
25.1232	35.0286
25.1254	35.0572
25.1321	35.0857
25.1416	35.1143
25.1423	35.1429
25.143	35.1715
25.1523	35.2
25.1728	35.2286
25.1749	35.2572
25.1763	35.2857
25.1773	35.3143
25.1778	35.3429
25.1803	35.3715
25.1811	35.4
25.1824	35.4286
25.2116	35.4572
25.2157	35.4857
25.2363	35.5143
25.2377	35.5429
25.2388	35.5715
25.2495	35.6
25.2507	35.6286
25.2527	35.6572
25.2796	35.6857
25.2897	35.7143
25.2909	35.7429
25.2928	35.7715
25.294	35.8
25.2948	35.8286
25.2964	35.8572
25.2976	35.8857
25.2986	35.9143
25.3004	35.9429
25.3011	35.9715
25.3028	36
25.3041	36.0278
25.3043	36.0556
25.3218	36.0834
25.3231	36.1111
25.3291	36.1389
25.333	36.1667
25.3367	36.1945
25.3622	36.2223
25.3759	36.25
25.3766	36.2778
25.3771	36.3056
25.3777	36.3334
25.3785	36.3611
25.3791	36.3889
25.3804	36.4167
25.3875	36.4445
25.4215	36.4723
25.431	36.5
25.446	36.5278
25.4461	36.5556
25.4702	36.5834
25.4727	36.6111
25.4738	36.6389
25.474	36.6667
25.4916	36.6945
25.4953	36.7223
25.4963	36.75
25.4964	36.7778
25.4966	36.8056
25.4971	36.8334
25.5007	36.8611
25.5016	36.8889
25.5021	36.9167
25.5042	36.9445
25.5044	36.9723
25.5057	37
25.5062	37.0271
25.5068	37.0541
25.5235	37.0811
25.5251	37.1081
25.5252	37.1352
25.5288	37.1622
25.533	37.1892
25.5375	37.2162
25.5568	37.2433
25.5714	37.2703
25.5757	37.2973
25.5767	37.3244
25.5774	37.3514
25.5775	37.3784
25.5776	37.4054
25.5804	37.4325
25.5908	37.4595
25.6068	37.4865
25.6191	37.5135
25.6308	37.5406
25.6337	37.5676
25.6564	37.5946
25.661	37.6217
25.6627	37.6487
25.6635	37.6757
25.6913	37.7027
25.7021	37.7298
25.7027	37.7568
25.7055	37.7838
25.707	37.8108
25.7176	37.8379
25.7203	37.8649
25.7246	37.8919
25.7258	37.919
25.7281	37.946
25.7291	37.973
25.7316	38
25.7324	38.0263
25.7366	38.0527
25.751	38.079
25.7513	38.1053
25.7533	38.1316
25.755	38.1579
25.7606	38.1842
25.7607	38.2106
25.7667	38.2369
25.7711	38.2632
25.7805	38.2895
25.7885	38.3158
25.7899	38.3421
25.7921	38.3685
25.7942	38.3948
25.7947	38.4211
25.7962	38.4474
25.8049	38.4737
25.8546	38.5
25.8605	38.5263
25.8626	38.5527
25.8702	38.579
25.8914	38.6053
25.8951	38.6316
25.8977	38.6579
25.8979	38.6842
25.9304	38.7106
25.933	38.7369
25.9381	38.7632
25.9415	38.7895
25.9438	38.8158
25.9445	38.8421
25.9452	38.8685
25.9466	38.8948
25.9476	38.9211
25.9492	38.9474
25.951	38.9737
25.9552	39
25.9582	39.0257
25.9596	39.0513
25.9636	39.077
25.9651	39.1026
25.9752	39.1282
25.9765	39.1539
25.9781	39.1795
25.9876	39.2052
25.9912	39.2308
25.9963	39.2564
26.0024	39.2821
26.0077	39.3077
26.0236	39.3334
26.0265	39.359
26.0342	39.3846
26.0385	39.4103
26.0391	39.4359
26.0441	39.4616
26.0483	39.4872
26.087	39.5129
26.0945	39.5385
26.0954	39.5641
26.0983	39.5898
26.1238	39.6154
26.1308	39.6411
26.1309	39.6667
26.1323	39.6923
26.1677	39.718
26.1689	39.7436
26.1714	39.7693
26.1719	39.7949
26.1732	39.8205
26.1734	39.8462
26.1735	39.8718
26.1756	39.8975
26.1773	39.9231
26.1801	39.9488
26.1817	39.9744
26.1822	40
26.185	40.025
26.1859	40.05
26.1983	40.075
26.1998	40.1
26.2018	40.125
26.2071	40.15
26.2072	40.175
26.2091	40.2
26.2144	40.225
26.2159	40.25
26.2186	40.275
26.2214	40.3
26.223	40.325
26.2419	40.35
26.2439	40.375
26.267	40.4
26.2704	40.425
26.2711	40.45
26.2733	40.475
26.2754	40.5
26.3019	40.525
26.3112	40.55
26.3122	40.575
26.3149	40.6
26.3319	40.625
26.3356	40.65
26.3468	40.675
26.35	40.7
26.3822	40.725
26.3847	40.75
26.3861	40.775
26.3886	40.8
26.3893	40.825
26.3895	40.85
26.3932	40.875
26.3938	40.9
26.403	40.925
26.404	40.95
26.4075	40.975
26.4118	41
26.4132	41.0244
26.4147	41.0488
26.4248	41.0732
26.4282	41.0976
26.4294	41.122
26.4397	41.1464
26.4404	41.1708
26.4411	41.1952
26.4446	41.2195
26.448	41.2439
26.45	41.2683
26.4538	41.2927
26.4637	41.3171
26.471	41.3415
26.4796	41.3659
26.4801	41.3903
26.5127	41.4147
26.5154	41.4391
26.5173	41.4634
26.5187	41.4878
26.5218	41.5122
26.5577	41.5366
26.5648	41.561
26.5722	41.5854
26.5821	41.6098
26.5986	41.6342
26.6075	41.6586
26.6148	41.683
26.6303	41.7073
26.6726	41.7317
26.678	41.7561
26.6901	41.7805
26.6912	41.8049
26.6921	41.8293
26.6937	41.8537
26.6979	41.8781
26.7016	41.9025
26.7138	41.9269
26.7145	41.9513
26.7159	41.9756
26.7197	42
26.7295	42.0238
26.7304	42.0477
26.7381	42.0715
26.7407	42.0953
26.7449	42.1191
26.7495	42.1429
26.7512	42.1667
26.7521	42.1905
26.755	42.2143
26.7582	42.2381
26.7635	42.2619
26.7676	42.2857
26.7731	42.3096
26.7775	42.3334
26.789	42.3572
26.7951	42.381
26.8015	42.4048
26.8356	42.4286
26.8406	42.4524
26.8422	42.4762
26.8442	42.5
26.8443	42.5238
26.8727	42.5477
26.8776	42.5715
26.8794	42.5953
26.882	42.6191
26.9038	42.6429
26.9143	42.6667
26.9322	42.6905
26.9382	42.7143
26.9782	42.7381
26.9788	42.7619
26.9854	42.7857
26.9872	42.8096
26.9882	42.8334
26.9887	42.8572
26.9918	42.881
26.9956	42.9048
27.002	42.9286
27.0042	42.9524
27.0049	42.9762
27.0088	43
27.0117	43.0233
27.0122	43.0465
27.0189	43.0698
27.0203	43.0931
27.0229	43.1163
27.0252	43.1396
27.0255	43.1628
27.0266	43.1861
27.0308	43.2093
27.0356	43.2326
27.0425	43.2558
27.0529	43.2791
27.0592	43.3024
27.0622	43.3256
27.0658	43.3489
27.0676	43.3721
27.068	43.3954
27.0727	43.4186
27.0991	43.4419
27.1014	43.4651
27.1063	43.4884
27.1077	43.5117
27.1091	43.5349
27.1405	43.5582
27.1435	43.5814
27.1441	43.6047
27.1479	43.6279
27.1735	43.6512
27.191	43.6745
27.1982	43.6977
27.202	43.721
27.2354	43.7442
27.2455	43.7675
27.2465	43.7907
27.2477	43.814
27.2497	43.8372
27.2518	43.8605
27.2527	43.8838
27.2556	43.907
27.2639	43.9303
27.2656	43.9535
27.2677	43.9768
27.2692	44
27.2717	44.0228
27.2725	44.0455
27.2809	44.0682
27.281	44.0909
27.2824	44.1137
27.2838	44.1364
27.2852	44.1591
27.2887	44.1819
27.297	44.2046
27.2981	44.2273
27.3137	44.25
27.334	44.2728
27.3354	44.2955
27.3374	44.3182
27.3386	44.3409
27.3395	44.3637
27.3416	44.3864
27.3444	44.4091
27.3463	44.4319
27.372	44.4546
27.3725	44.4773
27.3748	44.5
27.3754	44.5228
27.3859	44.5455
27.4209	44.5682
27.4239	44.5909
27.4242	44.6137
27.4248	44.6364
27.468	44.6591
27.4834	44.6819
27.4971	44.7046
27.5115	44.7273
27.531	44.75
27.5373	44.7728
27.5381	44.7955
27.5401	44.8182
27.5405	44.8409
27.5439	44.8637
27.5471	44.8864
27.5494	44.9091
27.555	44.9319
27.5585	44.9546
27.5651	44.9773
27.5692	45
27.5722	45.0223
27.5769	45.0445
27.5823	45.0667
27.5872	45.0889
27.5902	45.1111
27.5912	45.1334
27.5915	45.1556
27.5924	45.1778
27.5979	45.2
27.6001	45.2223
27.6077	45.2445
27.6136	45.2667
27.6192	45.2889
27.6231	45.3111
27.6253	45.3334
27.6273	45.3556
27.629	45.3778
27.6398	45.4
27.6405	45.4223
27.6442	45.4445
27.6659	45.4667
27.6665	45.4889
27.6754	45.5111
27.678	45.5334
27.6972	45.5556
27.7158	45.5778
27.718	45.6
27.7214	45.6223
27.7223	45.6445
27.7457	45.6667
27.7569	45.6889
27.7667	45.7111
27.7833	45.7334
27.8039	45.7556
27.8071	45.7778
27.8073	45.8
27.8083	45.8223
27.8089	45.8445
27.8129	45.8667
27.8155	45.8889
27.8178	45.9111
27.8269	45.9334
27.8278	45.9556
27.8345	45.9778
27.8371	46
27.8389	46.0218
27.8478	46.0435
27.8536	46.0652
27.857	46.087
27.8599	46.1087
27.8611	46.1305
27.8621	46.1522
27.8645	46.1739
27.8668	46.1957
27.8673	46.2174
27.8732	46.2392
27.877	46.2609
27.8785	46.2826
27.8793	46.3044
27.8843	46.3261
27.8861	46.3479
27.8886	46.3696
27.8912	46.3913
27.9061	46.4131
27.9099	46.4348
27.912	46.4566
27.9252	46.4783
27.9317	46.5
27.9355	46.5218
27.9487	46.5435
27.9666	46.5652
27.9716	46.587
27.9724	46.6087
27.9767	46.6305
27.9794	46.6522
27.9942	46.6739
28.0253	46.6957
28.0442	46.7174
28.0633	46.7392
28.0757	46.7609
28.0779	46.7826
28.0807	46.8044
28.0813	46.8261
28.082	46.8479
28.0856	46.8696
28.0857	46.8913
28.0878	46.9131
28.0896	46.9348
28.0909	46.9566
28.0998	46.9783
28.1016	47
28.1027	47.0213
28.109	47.0426
28.1162	47.0639
28.1167	47.0851
28.1201	47.1064
28.123	47.1277
28.1244	47.149
28.1273	47.1702
28.1302	47.1915
28.1313	47.2128
28.1428	47.2341
28.1519	47.2554
28.1555	47.2766
28.1597	47.2979
28.1626	47.3192
28.1653	47.3405
28.166	47.3617
28.1665	47.383
28.1704	47.4043
28.1708	47.4256
28.1744	47.4468
28.2224	47.4681
28.2246	47.4894
28.2254	47.5107
28.236	47.5319
28.2793	47.5532
28.3043	47.5745
28.3099	47.5958
28.3115	47.6171
28.3121	47.6383
28.3215	47.6596
28.3383	47.6809
28.3718	47.7022
28.3772	47.7234
28.3797	47.7447
28.3835	47.766
28.3851	47.7873
28.3875	47.8085
28.3889	47.8298
28.3923	47.8511
28.3953	47.8724
28.3973	47.8936
28.3987	47.9149
28.4032	47.9362
28.4036	47.9575
28.4038	47.9788
28.4063	48
28.4078	48.0209
28.4178	48.0417
28.418	48.0625
28.4182	48.0834
28.4184	48.1042
28.4219	48.125
28.4224	48.1459
28.4229	48.1667
28.4312	48.1875
28.4314	48.2084
28.4361	48.2292
28.4476	48.25
28.4487	48.2709
28.4549	48.2917
28.455	48.3125
28.4555	48.3334
28.4558	48.3542
28.4609	48.375
28.4611	48.3959
28.4618	48.4167
28.4662	48.4375
28.4721	48.4584
28.4771	48.4792
28.4774	48.5
28.4825	48.5209
28.4877	48.5417
28.489	48.5625
28.4954	48.5834
28.4956	48.6042
28.4957	48.625
28.499	48.6459
28.4995	48.6667
28.5209	48.6875
28.5335	48.7084
28.5439	48.7292
28.5478	48.75
28.5493	48.7709
28.5507	48.7917
28.5567	48.8125
28.5582	48.8334
28.5596	48.8542
28.5615	48.875
28.563	48.8959
28.5646	48.9167
28.5665	48.9375
28.5729	48.9584
28.5779	48.9792
28.5783	49
28.5805	49.0204
28.5852	49.0408
28.5868	49.0613
28.5878	49.0817
28.5879	49.1021
28.5898	49.1225
28.5906	49.1429
28.5925	49.1633
28.5963	49.1837
28.5972	49.2041
28.6149	49.2245
28.6201	49.2449
28.6219	49.2653
28.639	49.2857
28.6403	49.3062
28.642	49.3266
28.6433	49.347
28.6446	49.3674
28.6453	49.3878
28.6466	49.4082
28.6476	49.4286
28.6586	49.449
28.6587	49.4694
28.6591	49.4898
28.6642	49.5102
28.6706	49.5306
28.6761	49.5511
28.6769	49.5715
28.6773	49.5919
28.6809	49.6123
28.6824	49.6327
28.6827	49.6531
28.7313	49.6735
28.7357	49.6939
28.7372	49.7143
28.7422	49.7347
28.7428	49.7551
28.7452	49.7755
28.7506	49.796
28.7512	49.8164
28.7532	49.8368
28.7539	49.8572
28.7554	49.8776
28.7568	49.898
28.7582	49.9184
28.7625	49.9388
28.7632	49.9592
28.766	49.9796
28.7666	50
28.7695	50.02
28.7708	50.04
28.7831	50.06
28.7844	50.08
28.7856	50.1
28.7899	50.12
28.7959	50.14
28.7978	50.16
28.8004	50.18
28.8028	50.2
28.8164	50.22
28.8176	50.24
28.8219	50.26
28.8294	50.28
28.8373	50.3
28.8538	50.32
28.8546	50.34
28.8583	50.36
28.8644	50.38
28.8656	50.4
28.8719	50.42
28.9163	50.44
28.9198	50.46
28.9384	50.48
28.9458	50.5
28.9568	50.52
28.9592	50.54
28.9606	50.56
28.9636	50.58
28.9644	50.6
28.9666	50.62
28.9683	50.64
28.9944	50.66
29.0003	50.68
29.0033	50.7
29.0049	50.72
29.0071	50.74
29.0187	50.76
29.0199	50.78
29.0214	50.8
29.027	50.82
29.0295	50.84
29.0334	50.86
29.0354	50.88
29.0381	50.9
29.0402	50.92
29.0408	50.94
29.0422	50.96
29.0438	50.98
29.044	51
29.0444	51.0196
29.0466	51.0392
29.0485	51.0589
29.0491	51.0785
29.05	51.0981
29.0505	51.1177
29.0508	51.1373
29.0528	51.1569
29.053	51.1765
29.0549	51.1961
29.0565	51.2157
29.0567	51.2353
29.0567	51.2549
29.0583	51.2745
29.0585	51.2942
29.0604	51.3138
29.0605	51.3334
29.062	51.353
29.0641	51.3726
29.0642	25.6863
29.0677	25.7263
29.076	25.7663
29.0781	25.8063
29.0802	25.8463
29.0811	25.8863
29.0933	25.9263
29.0959	25.9663
29.0994	26.0063
29.1004	26.0448
29.1019	26.0832
29.1047	26.1217
29.1064	26.1601
29.1302	26.1986
29.1338	26.2371
29.1388	26.2755
29.1403	26.314
29.1424	26.3524
29.1611	26.3909
29.1644	26.4294
29.1675	26.4678
29.173	26.5063
29.1767	26.5448
29.1798	26.5832
29.1874	26.6217
29.1887	26.6601
29.1893	26.6986
29.1917	26.7371
29.1934	26.7755
29.1999	26.814
29.2026	26.8524
29.204	26.8909
29.2056	26.9294
29.2065	26.9678
29.2085	27.0063
29.2096	27.0433
29.2104	27.0804
29.2114	27.1174
29.2123	27.1544
29.2145	27.1915
29.2186	27.2285
29.2188	27.2655
29.2197	27.3026
29.2206	27.3396
29.2264	27.3767
29.2271	27.4137
29.2365	27.4507
29.2378	27.4878
29.2384	27.5248
29.2402	27.5618
29.2499	27.5989
29.3665	27.6359
29.3673	27.673
29.3689	27.71
29.3734	27.747
29.3756	13.8735
29.3762	13.9504
29.378	14.0274
29.3793	14.0988
29.3817	14.1702
29.3841	14.2416
29.3919	14.3131
29.3946	14.3845
29.3969	14.4559
29.4001	14.5274
29.401	14.5988
29.4065	14.6702
29.4078	14.7416
29.4084	14.8131
29.4101	14.8845
29.411	14.9559
29.4137	15.0274
29.4175	15.094
29.4187	15.1607
29.4236	15.2274
29.4267	15.294
29.4268	15.3607
29.4294	15.4274
29.5317	15.494
29.5351	15.5607
29.5399	15.6274
29.5431	15.694
29.5824	15.7607
29.5843	15.8274
29.5856	15.894
29.587	15.9607
29.5879	16.0274
29.589	16.0899
29.5901	16.1524
29.5953	16.2149
29.5976	16.2774
29.5989	16.3399
29.6188	16.4024
29.6997	16.4649
29.7038	16.5274
29.7081	16.5899
29.7106	16.6524
29.7513	16.7149
29.7524	16.7774
29.7539	16.8399
29.7551	16.9024
29.7566	16.9649
29.7575	17.0274
29.7579	17.0862
29.7587	17.145
29.7637	17.2038
29.7664	17.2627
29.769	17.3215
29.776	17.3803
29.8894	17.4391
29.8947	17.498
29.9016	17.5568
29.9043	17.6156
29.9305	17.6744
29.9328	17.7332
29.9333	17.7921
29.9339	17.8509
29.9355	17.9097
29.9367	17.9685
29.9369	18.0274
29.9372	18.0829
29.9384	18.1385
29.9423	18.194
29.9458	18.2496
29.9458	18.3051
29.9499	18.3607
30.0135	18.4163
30.018	18.4718
30.0403	18.5274
30.0436	18.5829
30.0546	18.6385
30.0561	18.694
30.0563	18.7496
30.0566	18.8051
30.0617	18.8607
30.0629	18.9163
30.0638	18.9718
30.0649	19.0274
30.0674	19.08
30.0692	19.1326
30.0692	19.1853
30.0728	19.2379
30.0743	19.2905
30.0745	19.3432
30.1659	19.3958
30.1683	19.4484
30.1908	19.501
30.1914	19.5537
30.1921	19.6063
30.1959	19.6589
30.1978	19.7116
30.1993	19.7642
30.2057	19.8168
30.2075	19.8695
30.2087	19.9221
30.2097	19.9747
30.2117	20.0274
30.2127	20.0774
30.214	20.1274
30.2162	20.1774
30.2181	20.2274
30.2192	20.2774
30.2205	20.3274
30.3121	20.3774
30.3126	20.4274
30.3322	20.4774
30.3322	20.5274
30.3351	20.5774
30.3355	20.6274
30.3356	20.6774
30.3358	20.7274
30.3423	20.7774
30.3439	20.8274
30.344	20.8774
30.344	20.9274
30.3451	20.9774
30.3464	21.0274
30.3467	21.075
30.3468	21.1226
30.3469	21.1702
30.347	21.2178
30.3527	21.2655
30.3529	21.3131
30.4313	21.3607
30.4349	21.4083
30.4474	21.4559
30.4476	21.5036
30.4478	21.5512
30.4481	21.5988
30.4484	21.6464
30.4486	21.694
30.4509	21.7416
30.4511	21.7893
30.4512	21.8369
30.4516	21.8845
30.4517	21.9321
30.4573	21.9797
30.4575	22.0274
30.4578	22.0728
30.4579	22.1183
30.4583	22.1637
30.4592	22.2092
30.4748	22.2546
30.4771	22.3001
30.5378	22.3455
30.5386	22.391
30.5413	22.4365
30.5419	22.4819
30.5427	22.5274
30.5457	22.5728
30.5487	22.6183
30.5555	22.6637
30.5582	22.7092
30.5589	22.7546
30.5605	22.8001
30.5625	22.8455
30.5648	22.891
30.5662	22.9365
30.5668	22.9819
30.5669	23.0274
30.572	23.0708
30.6011	23.1143
30.6019	23.1578
30.6034	23.2013
30.6118	23.2448
30.613	23.2882
30.6917	23.3317
30.6918	23.3752
30.6944	23.4187
30.6961	23.4621
30.6971	23.5056
30.6974	23.5491
30.7014	23.5926
30.7016	23.6361
30.706	23.6795
30.7078	23.723
30.7099	23.7665
30.7103	23.81
30.7113	23.8534
30.7151	23.8969
30.716	23.9404
30.7188	23.9839
30.7203	24.0274
30.7212	24.069
30.7408	24.1107
30.7457	24.1524
30.7583	24.194
30.7597	24.2357
30.7639	24.2774
30.8314	24.319
30.8341	24.3607
30.836	24.4024
30.8369	24.444
30.8384	24.4857
30.8396	24.5274
30.8411	24.569
30.8425	24.6107
30.8483	24.6524
30.8508	24.694
30.8513	24.7357
30.8548	24.7774
30.8577	24.819
30.8583	24.8607
30.863	24.9024
30.8691	24.944
30.8767	24.9857
30.8802	25.0274
30.882	25.0674
30.8971	25.1074
30.9031	25.1474
30.9267	25.1874
30.9282	25.2274
30.9296	25.2674
31.0166	25.3074
31.0223	25.3474
31.0238	25.3874
31.0257	25.4274
31.0264	25.4674
31.0281	25.5074
31.0299	25.5474
31.032	25.5874
31.0397	25.6274
31.0406	25.6674
31.0426	25.7074
31.0474	25.7474
31.0497	25.7874
31.0693	25.8274
31.0719	25.8674
31.0756	25.9074
31.0823	25.9474
31.083	25.9874
31.0853	26.0274
31.0893	26.0658
31.0918	26.1043
31.0947	26.1427
31.1033	26.1812
31.1047	26.2197
31.1116	26.2581
31.1743	26.2966
31.176	26.3351
31.1767	26.3735
31.1788	26.412
31.1802	26.4504
31.1803	26.4889
31.1815	26.5274
31.1844	26.5658
31.1851	26.6043
31.1851	26.6427
31.1904	26.6812
31.1909	26.7197
31.1955	26.7581
31.2017	26.7966
31.2044	26.8351
31.2059	26.8735
31.2086	26.912
31.2102	26.9504
31.2122	26.9889
31.2123	27.0274
31.2151	27.0644
31.2168	27.1014
31.2187	27.1385
31.2235	27.1755
31.2276	27.2125
31.2277	27.2496
31.3036	27.2866
31.3051	27.3237
31.3075	27.3607
31.308	27.3977
31.3082	27.4348
31.3121	27.4718
31.3123	27.5088
31.3289	27.5459
31.3419	27.5829
31.3467	27.62
31.3473	27.657
31.3563	27.694
31.3569	27.7311
31.3654	27.7681
31.3669	27.8051
31.3684	27.8422
31.3691	27.8792
31.3701	27.9163
31.3709	27.9533
31.374	27.9903
31.3764	28.0274
31.3769	28.0631
31.3798	28.0988
31.3818	28.1345
31.3884	28.1702
31.3893	28.2059
31.3903	28.2416
31.4344	28.2774
31.435	28.3131
31.4382	28.3488
31.4396	28.3845
31.4397	28.4202
31.4421	28.4559
31.4448	28.4916
31.4684	28.5274
31.4811	28.5631
31.4817	28.5988
31.4866	28.6345
31.4879	28.6702
31.4922	28.7059
31.4947	28.7416
31.4958	28.7774
31.4972	28.8131
31.4977	28.8488
31.4979	28.8845
31.5028	28.9202
31.5031	28.9559
31.5034	28.9916
31.5036	29.0274
31.509	29.0618
31.5118	29.0963
31.5137	29.1308
31.5139	29.1653
31.5141	29.1998
31.5149	29.2343
31.5432	29.2687
31.5465	29.3032
31.5526	29.3377
31.5527	29.3722
31.553	29.4067
31.5561	29.4412
31.5562	29.4756
31.5673	29.5101
31.5827	29.5446
31.5832	29.5791
31.595	29.6136
31.5976	29.6481
31.5989	29.6825
31.5991	29.717
31.6113	29.7515
31.6119	29.786
31.6126	29.8205
31.6149	29.8549
31.6167	29.8894
31.6168	29.9239
31.6194	29.9584
31.6198	29.9929
31.6203	30.0274
31.6219	30.0607
31.6228	30.094
31.6246	30.1274
31.6349	30.1607
31.6413	30.194
31.642	30.2274
31.6654	30.2607
31.6681	30.294
31.7004	30.3274
31.701	30.3607
31.7019	30.394
31.7097	30.4274
31.7188	30.4607
31.7252	30.494
31.7565	30.5274
31.7569	30.5607
31.7591	30.594
31.7598	30.6274
31.7667	30.6607
31.7686	30.694
31.7731	30.7274
31.7744	30.7607
31.7766	30.794
31.7772	30.8274
31.7786	30.8607
31.7793	30.894
31.7801	30.9274
31.7802	30.9607
31.7806	30.994
31.7839	31.0274
31.7842	31.0596
31.7856	31.0919
31.7884	31.1241
31.7934	31.1564
31.8018	31.1887
31.8024	31.2209
31.8138	31.2532
31.8165	31.2854
31.8441	31.3177
31.8442	31.3499
31.8471	31.3822
31.8524	31.4145
31.8574	31.4467
31.8795	31.479
31.9078	31.5112
31.9107	31.5435
31.9119	31.5757
31.913	31.608
31.92	31.6403
31.9236	31.6725
31.9311	31.7048
31.9357	31.737
31.94	31.7693
31.9425	31.8016
31.9449	31.8338
31.9459	31.8661
31.9474	31.8983
31.9486	31.9306
31.9495	31.9628
31.9528	31.9951
31.9534	32.0274
31.9541	32.0586
31.9556	32.0899
31.9599	32.1211
31.962	32.1524
31.9873	32.1836
32	32.2149
32.0046	32.2461
32.0138	32.2774
32.0401	32.3086
32.0472	32.3399
32.0484	32.3711
32.0597	32.4024
32.0662	32.4336
32.0773	32.4649
32.0883	32.4961
32.0899	32.5274
32.0919	32.5586
32.0921	32.5899
32.094	32.6211
32.0973	32.6524
32.1009	32.6836
32.108	32.7149
32.1105	32.7461
32.1121	32.7774
32.1133	32.8086
32.1148	32.8399
32.1185	32.8711
32.1216	32.9024
32.1223	32.9336
32.1249	32.9649
32.13	32.9961
32.1306	33.0274
32.132	33.0577
32.1352	33.088
32.1434	33.1183
32.1474	33.1486
32.1669	33.1789
32.1764	33.2092
32.1798	33.2395
32.1967	33.2698
32.2058	33.3001
32.2093	33.3304
32.21	33.3607
32.2236	33.391
32.2275	33.4213
32.2357	33.4516
32.2466	33.4819
32.2468	33.5122
32.2471	33.5425
32.2521	33.5728
32.2535	33.6031
32.257	33.6334
32.2594	33.6637
32.2644	33.694
32.2646	33.7243
32.2656	33.7546
32.2657	33.7849
32.2665	33.8152
32.2678	33.8455
32.268	33.8758
32.2712	33.9061
32.2725	33.9365
32.275	33.9668
32.2767	33.9971
32.2769	34.0274
32.2782	34.0568
32.2817	34.0862
32.2845	34.1156
32.2954	34.145
32.3181	34.1744
32.3286	34.2038
32.3315	34.2332
32.3351	34.2627
32.3369	34.2921
32.3424	34.3215
32.3425	34.3509
32.3546	34.3803
32.3701	34.4097
32.3791	34.4391
32.3825	34.4685
32.3845	34.498
32.3847	34.5274
32.3854	34.5568
32.3861	34.5862
32.3883	34.6156
32.3939	34.645
32.3952	34.6744
32.3953	34.7038
32.3961	34.7332
32.3971	34.7627
32.3985	34.7921
32.4059	34.8215
32.4077	34.8509
32.4182	34.8803
32.4204	34.9097
32.423	34.9391
32.4256	34.9685
32.4296	34.998
32.4307	35.0274
32.4341	35.0559
32.4356	35.0845
32.4406	35.1131
32.4459	35.1416
32.4518	35.1702
32.476	35.1988
32.4772	35.2274
32.4829	35.2559
32.4844	35.2845
32.4885	35.3131
32.4886	35.3416
32.4975	35.3702
32.5144	35.3988
32.5184	35.4274
32.5258	35.4559
32.5259	35.4845
32.5265	35.5131
32.5331	35.5416
32.5338	35.5702
32.5373	35.5988
32.5374	35.6274
32.5375	35.6559
32.538	35.6845
32.5381	35.7131
32.5428	35.7416
32.5435	35.7702
32.5488	35.7988
32.5492	35.8274
32.5536	35.8559
32.5539	35.8845
32.5543	35.9131
32.5596	35.9416
32.5613	35.9702
32.5622	35.9988
32.5624	36.0274
32.5652	36.0551
32.5706	36.0829
32.5755	36.1107
32.588	36.1385
32.588	36.1663
32.5936	36.194
32.598	36.2218
32.6037	36.2496
32.6079	36.2774
32.6114	36.3051
32.6133	36.3329
32.6198	36.3607
32.6245	36.3885
32.6259	36.4163
32.6344	36.444
32.6363	36.4718
32.6369	36.4996
32.6376	36.5274
32.6391	36.5551
32.6413	36.5829
32.642	36.6107
32.6477	36.6385
32.6501	36.6663
32.6507	36.694
32.6622	36.7218
32.6678	36.7496
32.6684	36.7774
32.6697	36.8051
32.6717	36.8329
32.6809	36.8607
32.6827	36.8885
32.6844	36.9163
32.687	36.944
32.6902	36.9718
32.6963	36.9996
32.6969	37.0274
32.697	37.0544
32.7023	37.0814
32.7055	37.1084
32.711	37.1355
32.7168	37.1625
32.7281	37.1895
32.76	37.2166
32.7616	37.2436
32.7621	37.2706
32.7652	37.2976
32.7654	37.3247
32.7681	37.3517
32.7741	37.3787
32.7767	37.4057
32.7802	37.4328
32.7816	37.4598
32.782	37.4868
32.7829	37.5138
32.7843	37.5409
32.7872	37.5679
32.7879	37.5949
32.7929	37.622
32.7938	37.649
32.7944	37.676
32.7961	37.703
32.8028	37.7301
32.8077	37.7571
32.8113	37.7841
32.8135	37.8111
32.82	37.8382
32.8207	37.8652
32.8296	37.8922
32.8299	37.9193
32.8303	37.9463
32.8305	37.9733
32.8349	38.0003
32.8359	38.0267
32.838	38.053
32.8405	38.0793
32.8454	38.1056
32.851	38.1319
32.8617	38.1582
32.8673	38.1845
32.8834	38.2109
32.8911	38.2372
32.8938	38.2635
32.8959	38.2898
32.9	38.3161
32.9006	38.3424
32.901	38.3688
32.9055	38.3951
32.9059	38.4214
32.9091	38.4477
32.9123	38.474
32.9124	38.5003
32.9153	38.5267
32.918	38.553
32.9195	38.5793
32.9196	38.6056
32.923	38.6319
32.9295	38.6582
32.9301	38.6845
32.9343	38.7109
32.9354	38.7372
32.9378	38.7635
32.9382	38.7898
32.9447	38.8161
32.9456	38.8424
32.9457	38.8688
32.946	38.8951
32.946	38.9214
32.946	38.9477
32.9512	38.974
32.9514	39.0003
32.9545	39.026
32.958	39.0516
32.9582	39.0773
32.9584	39.1029
32.9603	39.1285
32.9668	39.1542
32.9671	39.1798
32.9742	39.2055
32.975	39.2311
32.9778	39.2567
32.9779	39.2824
32.9884	39.308
32.992	39.3337
32.9942	39.3593
32.9951	39.385
32.9981	39.4106
33.001	39.4362
33.0042	39.4619
33.0072	39.4875
33.0122	39.5132
33.03	39.5388
33.0322	39.5644
33.0343	39.5901
33.0422	39.6157
33.0449	39.6414
33.0596	39.667
33.0611	39.6926
33.0617	39.7183
33.0638	39.7439
33.0652	39.7696
33.0696	39.7952
33.0714	39.8208
33.0727	39.8465
33.0739	39.8721
33.0751	39.8978
33.0752	39.9234
33.076	39.9491
33.0762	39.9747
33.0798	40.0003
33.0825	40.0253
33.0861	40.0503
33.0874	40.0753
33.094	40.1003
33.0945	40.1253
33.0951	40.1503
33.1	40.1753
33.1	40.2003
33.1	40.2253
33.1106	40.2503
33.1161	40.2753
33.1167	40.3003
33.123	40.3253
33.1234	40.3503
33.127	40.3753
33.1272	40.4003
33.1277	40.4253
33.1323	40.4503
33.1338	40.4753
33.1383	40.5003
33.1551	40.5253
33.1593	40.5503
33.1595	40.5753
33.1682	40.6003
33.1704	40.6253
33.189	40.6503
33.1924	40.6753
33.1925	40.7003
33.1926	40.7253
33.1931	40.7503
33.194	40.7753
33.1949	40.8003
33.2035	40.8253
33.2046	40.8503
33.205	40.8753
33.2054	40.9003
33.2103	40.9253
33.2107	40.9503
33.2115	40.9753
33.2141	41.0003
33.2143	41.0247
33.2148	41.0491
33.2253	41.0735
33.2255	41.0979
33.2258	41.1223
33.226	41.1467
33.2311	41.1711
33.242	41.1955
33.2422	41.2198
33.2423	41.2442
33.2427	41.2686
33.2428	41.293
33.2471	41.3174
33.2474	41.3418
33.253	41.3662
33.2539	41.3906
33.254	41.415
33.258	41.4394
33.258	41.4637
33.2664	41.4881
33.2688	41.5125
33.2746	41.5369
33.2859	41.5613
33.2887	41.5857
33.2971	41.6101
33.2973	41.6345
33.3051	41.6589
33.3103	41.6833
33.311	41.7077
33.3118	41.732
33.3126	41.7564
33.3153	41.7808
33.3201	41.8052
33.3227	41.8296
33.3251	41.854
33.3404	41.8784
33.3419	41.9028
33.345	41.9272
33.3479	41.9516
33.349	41.9759
33.3507	42.0003
33.3612	42.0241
33.3627	42.048
33.3656	42.0718
33.3685	42.0956
33.3691	42.1194
33.3932	42.1432
33.3941	42.167
33.3956	42.1908
33.396	42.2146
33.3979	42.2384
33.4021	42.2622
33.4028	42.286
33.4051	42.3099
33.4062	42.3337
33.4084	42.3575
33.4095	42.3813
33.4126	42.4051
33.4143	42.4289
33.4262	42.4527
33.4267	42.4765
33.4323	42.5003
33.4434	42.5241
33.4477	42.548
33.4578	42.5718
33.4598	42.5956
33.4618	42.6194
33.4813	42.6432
33.4826	42.667
33.4836	42.6908
33.4858	42.7146
33.488	42.7384
33.4923	42.7622
33.4977	42.786
33.4991	42.8099
33.4997	42.8337
33.5017	42.8575
33.5046	42.8813
33.5063	42.9051
33.5139	42.9289
33.5178	42.9527
33.5246	42.9765
33.5258	43.0003
33.5287	43.0236
33.5322	43.0468
33.5324	43.0701
33.5364	43.0934
33.5408	43.1166
33.5578	43.1399
33.5603	43.1631
33.5603	43.1864
33.5603	43.2096
33.5603	43.2329
33.563	43.2561
33.5631	43.2794
33.5634	43.3027
33.5637	43.3259
33.5638	43.3492
33.5688	43.3724
33.5695	43.3957
33.5744	43.4189
33.5798	43.4422
33.5799	43.4655
33.5801	43.4887
33.585	43.512
33.5852	43.5352
33.6085	43.5585
33.6097	43.5817
33.6112	43.605
33.6172	43.6282
33.6185	43.6515
33.619	43.6748
33.62	43.698
33.6233	43.7213
33.6234	43.7445
33.624	43.7678
33.624	43.791
33.6268	43.8143
33.6288	43.8375
33.6331	43.8608
33.6338	43.8841
33.6343	43.9073
33.6354	43.9306
33.637	43.9538
33.6391	43.9771
33.6413	44.0003
33.6414	44.0231
33.6439	44.0458
33.6454	44.0685
33.6468	44.0912
33.6502	44.114
33.6556	44.1367
33.6578	44.1594
33.6592	44.1822
33.6605	44.2049
33.6606	44.2276
33.6626	44.2503
33.6641	44.2731
33.6646	44.2958
33.6661	44.3185
33.6673	44.3412
33.6718	44.364
33.6803	44.3867
33.6817	44.4094
33.6862	44.4322
33.687	44.4549
33.6878	44.4776
33.6894	44.5003
33.6936	44.5231
33.7179	44.5458
33.725	44.5685
33.7256	44.5912
33.7444	44.614
33.7458	44.6367
33.7469	44.6594
33.7487	44.6822
33.7517	44.7049
33.7524	44.7276
33.7543	44.7503
33.7555	44.7731
33.7561	44.7958
33.7566	44.8185
33.7572	44.8412
33.7607	44.864
33.7616	44.8867
33.7618	44.9094
33.763	44.9322
33.7657	44.9549
33.7676	44.9776
33.7702	45.0003
33.7708	45.0226
33.7736	45.0448
33.7739	45.067
33.7742	45.0892
33.7771	45.1114
33.7795	45.1337
33.7798	45.1559
33.7822	45.1781
33.7828	45.2003
33.7829	45.2226
33.7844	45.2448
33.785	45.267
33.7852	45.2892
33.7869	45.3114
33.7883	45.3337
33.7887	45.3559
33.8025	45.3781
33.804	45.4003
33.8046	45.4226
33.8054	45.4448
33.8089	45.467
33.8096	45.4892
33.8204	45.5114
33.8379	45.5337
33.8392	45.5559
33.8393	45.5781
33.8709	45.6003
33.8729	45.6226
33.8736	45.6448
33.8746	45.667
33.8764	45.6892
33.8894	45.7114
33.8908	45.7337
33.8929	45.7559
33.8934	45.7781
33.894	45.8003
33.8948	45.8226
33.8955	45.8448
33.8976	45.867
33.8991	45.8892
33.9011	45.9114
33.9026	45.9337
33.9033	45.9559
33.9043	45.9781
33.9046	46.0003
33.9059	46.0221
33.9077	46.0438
33.9096	46.0656
33.9171	46.0873
33.9187	46.109
33.9202	46.1308
33.9208	46.1525
33.9222	46.1742
33.9242	46.196
33.9273	46.2177
33.9275	46.2395
33.9293	46.2612
33.9305	46.2829
33.9313	46.3047
33.9322	46.3264
33.9391	46.3482
33.9619	46.3699
33.9633	46.3916
33.9653	46.4134
33.9667	46.4351
33.9698	46.4569
33.9708	46.4786
33.9745	46.5003
33.983	46.5221
33.9832	46.5438
33.9845	46.5656
33.991	46.5873
33.995	46.609
33.9964	46.6308
33.9971	46.6525
33.9975	46.6742
33.9984	46.696
34.0004	46.7177
34.0014	46.7395
34.0022	46.7612
34.0031	46.7829
34.0041	46.8047
34.0083	46.8264
34.0092	46.8482
34.0095	46.8699
34.0106	46.8916
34.0119	46.9134
34.0127	46.9351
34.0132	46.9569
34.0235	46.9786
34.0264	47.0003
34.0277	47.0216
34.0289	47.0429
34.0315	47.0642
34.0383	47.0854
34.0399	47.1067
34.0422	47.128
34.0434	47.1493
34.0455	47.1705
34.0521	47.1918
34.0535	47.2131
34.0543	47.2344
34.0598	47.2557
34.0609	47.2769
34.0617	47.2982
34.0624	47.3195
34.0647	47.3408
34.0732	47.362
34.0743	47.3833
34.0749	47.4046
34.0771	47.4259
34.0805	47.4471
34.0833	47.4684
34.084	47.4897
34.0872	47.511
34.0876	47.5322
34.0885	47.5535
34.0912	47.5748
34.0947	47.5961
34.0996	47.6174
34.1013	47.6386
34.1032	47.6599
34.1044	47.6812
34.1051	47.7025
34.1066	47.7237
34.1073	47.745
34.1086	47.7663
34.1093	47.7876
34.111	47.8088
34.1116	47.8301
34.1135	47.8514
34.1142	47.8727
34.1153	47.894
34.117	47.9152
34.1178	47.9365
34.1299	47.9578
34.1313	47.9791
34.1329	48.0003
34.1337	48.0212
34.1345	48.042
34.1355	48.0628
34.144	48.0837
34.1498	48.1045
34.1513	48.1253
34.1555	48.1462
34.1569	48.167
34.1574	48.1878
34.1582	48.2087
34.1589	48.2295
34.1596	48.2503
34.1598	48.2712
34.1608	48.292
34.1625	48.3128
34.1645	48.3337
34.1744	48.3545
34.1763	48.3753
34.1783	48.3962
34.1807	48.417
34.1861	48.4378
34.1868	48.4587
34.1877	48.4795
34.1964	48.5003
34.1972	48.5212
34.199	48.542
34.2018	48.5628
34.2032	48.5837
34.205	48.6045
34.2078	48.6253
34.2081	48.6462
34.2087	48.667
34.21	48.6878
34.2172	48.7087
34.2185	48.7295
34.2191	48.7503
34.2205	48.7712
34.222	48.792
34.2236	48.8128
34.2316	48.8337
34.232	48.8545
34.2349	48.8753
34.2395	48.8962
34.2419	48.917
34.2506	48.9378
34.2521	48.9587
34.2543	48.9795
34.2553	49.0003
34.2573	49.0207
34.2604	49.0412
34.262	49.0616
34.2654	49.082
34.2693	49.1024
34.2742	49.1228
34.2783	49.1432
34.2793	49.1636
34.2799	49.184
34.2807	49.2044
34.2822	49.2248
34.2831	49.2452
34.2849	49.2656
34.286	49.286
34.2869	49.3065
34.2908	49.3269
34.2924	49.3473
34.2941	49.3677
34.2975	49.3881
34.302	49.4085
34.3031	49.4289
34.3063	49.4493
34.3065	49.4697
34.3175	24.7349
34.3183	24.7765
34.3215	24.8182
34.3275	24.8599
34.3288	24.9015
34.3296	24.9432
34.3359	24.9849
34.3377	25.0265
34.3383	25.0665
34.3393	25.1065
34.3403	25.1465
34.3406	25.1865
34.3438	25.2265
34.345	25.2665
34.3468	25.3065
34.35	25.3465
34.3502	25.3865
34.3515	25.4265
34.3532	25.4665
34.3539	25.5065
34.3563	25.5465
34.3586	25.5865
34.3589	25.6265
34.3617	25.6665
34.3617	25.7065
34.3618	25.7465
34.3656	25.7865
34.3657	25.8265
34.3664	25.8665
34.3665	25.9065
34.3714	25.9465
34.377	25.9865
34.3801	26.0265
34.3801	26.065
34.3804	26.1035
34.3845	26.1419
34.3847	26.1804
34.385	26.2188
34.3851	26.2573
34.3912	26.2958
34.3914	26.3342
34.3917	26.3727
34.3922	26.4111
34.3945	26.4496
34.3946	26.4881
34.3952	26.5265
34.3959	26.565
34.3962	26.6035
34.401	26.6419
34.4316	26.6804
34.4324	26.7188
34.4337	26.7573
34.4345	26.7958
34.4381	26.8342
34.4385	26.8727
34.4456	26.9111
34.4483	26.9496
34.4491	26.9881
34.4497	27.0265
34.4504	27.0636
34.4517	27.1006
34.4528	27.1376
34.4532	27.1747
34.454	27.2117
34.4548	27.2488
34.4557	27.2858
34.4593	27.3228
34.4602	27.3599
34.4623	27.3969
34.4763	27.4339
34.4775	27.471
34.4787	27.508
34.4793	27.545
34.48	27.5821
34.4833	27.6191
34.4944	27.6562
34.4959	27.6932
34.4974	27.7302
34.5048	27.7673
34.5083	27.8043
34.5104	27.8413
34.5128	27.8784
34.5137	27.9154
34.5149	27.9525
34.5155	27.9895
34.5166	28.0265
34.5234	28.0622
34.5245	28.098
34.5264	28.1337
34.5337	28.1694
34.5345	28.2051
34.5358	28.2408
34.5368	28.2765
34.5418	28.3122
34.5498	28.348
34.5524	28.3837
34.5536	28.4194
34.554	28.4551
34.561	28.4908
34.5623	28.5265
34.5626	28.5622
34.5639	28.598
34.5646	28.6337
34.5654	28.6694
34.5859	28.7051
34.5889	28.7408
34.5909	28.7765
34.5915	28.8122
34.5926	28.848
34.5933	28.8837
34.5981	28.9194
34.6002	28.9551
34.6023	28.9908
34.6112	29.0265
34.6117	29.061
34.6125	29.0955
34.6199	29.13
34.6214	29.1645
34.622	29.1989
34.6259	29.2334
34.6293	29.2679
34.6318	29.3024
34.6328	29.3369
34.6334	29.3714
34.661	29.4058
34.6702	29.4403
34.672	29.4748
34.674	29.5093
34.6762	29.5438
34.6774	29.5783
34.6808	29.6127
34.6835	29.6472
34.7011	29.6817
34.7025	29.7162
34.7064	29.7507
34.7108	29.7851
34.712	29.8196
34.7145	29.8541
34.7165	29.8886
34.7185	29.9231
34.7211	29.9576
34.7242	29.992
34.727	30.0265
34.7281	30.0599
34.7305	30.0932
34.7324	30.1265
34.733	30.1599
34.7352	30.1932
34.7361	30.2265
34.7374	30.2599
34.7384	30.2932
34.7397	30.3265
34.7488	30.3599
34.75	30.3932
34.751	30.4265
34.7514	30.4599
34.7517	30.4932
34.7532	30.5265
34.7539	30.5599
34.7545	30.5932
34.7558	30.6265
34.7568	30.6599
34.7578	30.6932
34.7594	30.7265
34.76	30.7599
34.761	30.7932
34.7615	30.8265
34.7638	30.8599
34.765	30.8932
34.7671	30.9265
34.7672	30.9599
34.7678	30.9932
34.7689	31.0265
34.77	31.0588
34.7713	31.091
34.7718	31.1233
34.7723	31.1556
34.7741	31.1878
34.7744	31.2201
34.7758	31.2523
34.7765	31.2846
34.7802	31.3169
34.7808	31.3491
34.7823	31.3814
34.7829	31.4136
34.7832	31.4459
34.784	31.4781
34.7855	31.5104
34.786	31.5427
34.7874	31.5749
34.7887	31.6072
34.7903	31.6394
34.8039	31.6717
34.8067	31.7039
34.8072	31.7362
34.8082	31.7685
34.8086	31.8007
34.8118	31.833
34.813	31.8652
34.8141	31.8975
34.8146	31.9298
34.8155	31.962
34.8162	31.9943
34.8163	32.0265
34.8169	32.0578
34.8177	32.089
34.8184	32.1203
34.8193	32.1515
34.8199	32.1828
34.8267	32.214
34.8285	32.2453
34.8298	32.2765
34.8314	32.3078
34.8322	32.339
34.8326	32.3703
34.8335	32.4015
34.8368	32.4328
34.8406	32.464
34.8427	32.4953
34.8432	32.5265
34.8633	32.5578
34.8645	32.589
34.8657	32.6203
34.8782	32.6515
34.8794	32.6828
34.8805	32.714
34.8813	32.7453
34.8823	32.7765
34.8826	32.8078
34.8863	32.839
34.8866	32.8703
34.8868	32.9015
34.8872	32.9328
34.888	32.964
34.8887	32.9953
34.8895	33.0265
34.8898	33.0568
34.8908	33.0871
34.8922	33.1174
34.8947	33.1477
34.899	33.178
34.8997	33.2083
34.9039	33.2386
34.9049	33.269
34.9055	33.2993
34.9111	33.3296
34.9121	33.3599
34.9194	33.3902
34.9202	33.4205
34.9216	33.4508
34.9245	33.4811
34.9252	33.5114
34.9301	33.5417
34.9307	33.572
34.9314	33.6023
34.9364	33.6326
34.937	33.6629
34.9384	33.6932
34.9397	33.7235
34.9406	33.7538
34.9417	33.7841
34.9422	33.8144
34.9428	33.8447
34.9441	33.875
34.9449	33.9053
34.9459	33.9356
34.9466	33.9659
34.9466	33.9962
34.9477	34.0265
34.9482	34.0559
34.9494	34.0854
34.9502	34.1148
34.9508	34.1442
34.9514	34.1736
34.952	34.203
34.9525	34.2324
34.9527	34.2618
34.9534	34.2912
34.9586	34.3206
34.9628	34.3501
34.9648	34.3795
34.9678	34.4089
34.9697	34.4383
34.9713	34.4677
34.977	34.4971
34.9805	34.5265
34.983	34.5559
34.9831	34.5854
34.9834	34.6148
34.9863	34.6442
34.9875	34.6736
34.9907	34.703
34.9912	34.7324
34.9959	34.7618
34.9981	34.7912
34.9994	34.8206
35.0024	34.8501
35.0038	34.8795
35.0091	34.9089
35.0106	34.9383
35.0122	34.9677
35.0133	34.9971
35.0169	35.0265
35.0175	35.0551
35.018	35.0837
35.0187	35.1122
35.0203	35.1408
35.0216	35.1694
35.0224	35.198
35.0229	35.2265
35.0242	35.2551
35.0265	35.2837
35.0272	35.3122
35.028	35.3408
35.0284	35.3694
35.038	35.398
35.0386	35.4265
35.0397	35.4551
35.0406	35.4837
35.0415	35.5122
35.0425	35.5408
35.043	35.5694
35.0436	35.598
35.0461	35.6265
35.0471	35.6551
35.0476	35.6837
35.0484	35.7122
35.049	35.7408
35.0497	35.7694
35.0504	35.798
35.0515	35.8265
35.0528	35.8551
35.0546	35.8837
35.0558	35.9122
35.0574	35.9408
35.0582	35.9694
35.0593	35.998
35.0599	36.0265
35.0605	36.0543
35.0612	36.0821
35.062	36.1099
35.0626	36.1376
35.0637	36.1654
35.0641	36.1932
35.0648	36.221
35.0656	36.2488
35.0677	36.2765
35.0683	36.3043
35.0687	36.3321
35.0743	36.3599
35.0753	36.3876
35.0772	36.4154
35.0833	36.4432
35.0843	36.471
35.0848	36.4988
35.086	36.5265
35.0866	36.5543
35.0879	36.5821
35.0885	36.6099
35.0894	36.6376
35.0907	36.6654
35.0919	36.6932
35.096	36.721
35.1028	36.7488
35.105	36.7765
35.1057	36.8043
35.1062	36.8321
35.1075	36.8599
35.1115	36.8876
35.1138	36.9154
35.1187	36.9432
35.1199	36.971
35.1212	36.9988
35.1218	37.0265
35.1242	37.0536
35.1253	37.0806
35.1262	37.1076
35.1327	37.1346
35.1339	37.1617
35.135	37.1887
35.1354	37.2157
35.1388	37.2427
35.1405	37.2698
35.1463	37.2968
35.147	37.3238
35.1479	37.3509
35.1486	37.3779
35.1519	37.4049
35.1533	37.4319
35.154	37.459
35.1547	37.486
35.1554	37.513
35.1565	37.54
35.1582	37.5671
35.1585	37.5941
35.1589	37.6211
35.1598	37.6481
35.1646	37.6752
35.1752	37.7022
35.1797	37.7292
35.1808	37.7563
35.1835	37.7833
35.184	37.8103
35.1853	37.8373
35.1863	37.8644
35.1869	37.8914
35.1876	37.9184
35.1882	37.9454
35.189	37.9725
35.1902	37.9995
35.1906	38.0265
35.1911	38.0528
35.1919	38.0792
35.1931	38.1055
35.1932	38.1318
35.1947	38.1581
35.1948	38.1844
35.196	38.2107
35.1961	38.2371
35.1967	38.2634
35.1981	38.2897
35.1987	38.316
35.1995	38.3423
35.2002	38.3686
35.2027	38.3949
35.2038	38.4213
35.2047	38.4476
35.2071	38.4739
35.2078	38.5002
35.2108	38.5265
35.2238	38.5528
35.227	38.5792
35.2281	38.6055
35.2291	38.6318
35.2335	38.6581
35.2353	38.6844
35.2398	38.7107
35.2407	38.7371
35.2414	38.7634
35.2422	38.7897
35.2443	38.816
35.2455	38.8423
35.2462	38.8686
35.2473	38.8949
35.2495	38.9213
35.2499	38.9476
35.2508	38.9739
35.2511	39.0002
35.2523	39.0259
35.2529	39.0515
35.2537	39.0771
35.2557	39.1028
35.2564	39.1284
35.257	39.1541
35.2583	39.1797
35.2589	39.2053
35.2596	39.231
35.2673	39.2566
35.2682	39.2823
35.2695	39.3079
35.27	39.3335
35.2711	39.3592
35.2713	39.3848
35.2716	39.4105
35.2726	39.4361
35.2732	39.4618
35.2739	39.4874
35.2822	39.513
35.283	39.5387
35.2891	39.5643
35.2901	39.59
35.2915	39.6156
35.2923	39.6412
35.293	39.6669
35.2945	39.6925
35.2949	39.7182
35.2956	39.7438
35.2965	39.7694
35.297	39.7951
35.2978	39.8207
35.2984	39.8464
35.2997	39.872
35.3004	39.8976
35.3011	39.9233
35.3026	39.9489
35.3042	39.9746
35.3046	40.0002
35.3056	40.0252
35.3062	40.0502
35.3069	40.0752
35.3082	40.1002
35.3087	40.1252
35.3092	40.1502
35.3104	40.1752
35.3131	40.2002
35.3141	40.2252
35.3171	40.2502
35.3198	40.2752
35.3264	40.3002
35.3299	40.3252
35.3307	40.3502
35.3317	40.3752
35.3332	40.4002
35.3346	40.4252
35.3354	40.4502
35.3361	40.4752
35.3402	40.5002
35.3416	40.5252
35.3421	40.5502
35.3466	40.5752
35.3481	40.6002
35.3532	40.6252
35.3587	40.6502
35.3596	40.6752
35.3608	40.7002
35.3615	40.7252
35.3635	40.7502
35.3643	40.7752
35.365	40.8002
35.3726	40.8252
35.3739	40.8502
35.3747	40.8752
35.3761	40.9002
35.3785	40.9252
35.3793	40.9502
35.38	40.9752
35.3808	41.0002
35.3815	41.0246
35.3822	41.049
35.3838	41.0734
35.3843	41.0978
35.3857	41.1222
35.3879	41.1466
35.3886	41.1709
