time	cwndsize
0.397204	11
0.39823	12
0.40134	13
0.402392	14
0.404519	15
0.406564	16
0.407352	17
0.408237	18
0.410454	19
0.411435	20
0.551647	21
0.55509	22
0.556987	23
0.558551	24
0.560061	25
0.560994	26
0.567232	27
0.568809	28
0.574917	29
0.577823	30
0.580625	31
0.583846	32
0.585604	33
0.589378	34
0.597181	35
0.59727	36
0.599046	37
0.633028	38
0.652386	39
0.671404	40
0.805452	41
0.80778	42
0.827605	43
0.827879	44
0.82847	45
0.834479	46
0.836065	47
0.837027	48
0.839064	49
0.840883	50
0.841086	51
0.847631	52
0.851579	53
0.853051	54
0.877277	55
0.877419	56
0.877469	57
0.882645	58
0.882935	59
0.885962	60
0.886369	61
0.889735	62
0.89317	63
0.894112	64
0.912586	65
0.916519	32.5
0.917964	32.5312
0.920464	32.5625
0.925252	32.5938
0.925969	32.625
0.980292	32.6562
0.980714	32.6875
1.01887	32.7188
1.0359	32.75
1.03612	32.7812
1.07891	32.8125
1.07899	32.8438
1.07916	32.875
1.08409	32.9062
1.15419	32.9375
1.16485	32.9688
1.16508	33
1.16538	33.0303
1.16597	33.0606
1.1663	33.0909
1.17002	33.1212
1.1702	33.1515
1.17185	33.1818
1.17215	33.2121
1.17646	33.2424
1.17737	33.2727
1.17766	33.303
1.18157	33.3333
1.19082	33.3636
1.19513	33.3939
1.19516	33.4242
1.19518	33.4545
1.19519	33.4848
1.19521	33.5152
1.19523	33.5455
1.19525	33.5758
1.19753	33.6061
1.19787	33.6364
1.19818	33.6667
1.19876	33.697
1.19889	33.7273
1.19904	33.7576
1.19922	33.7879
1.20338	33.8182
1.20358	33.8485
1.20384	33.8788
1.20398	33.9091
1.20435	33.9394
1.20481	33.9697
1.2084	34
1.20853	34.0294
1.20864	34.0588
1.20896	34.0882
1.2092	34.1176
1.20961	34.1471
1.21486	34.1765
1.21507	34.2059
1.21573	34.2353
1.22352	34.2647
1.22387	34.2941
1.22421	34.3235
1.22503	34.3529
1.2251	34.3824
1.22526	34.4118
1.22595	34.4412
1.43992	34.4706
1.4401	17.2353
1.44366	17.2941
1.44378	17.3529
1.44388	17.4118
1.44401	17.4706
1.44415	17.5294
1.4442	17.5882
1.44433	17.6471
1.44446	17.7059
1.45132	17.7647
1.45141	17.8235
1.45464	17.8824
1.45479	17.9412
1.45486	18
1.45496	18.0556
1.45508	18.1111
1.45516	18.1667
1.4553	18.2222
1.46134	18.2778
1.46153	18.3333
1.46198	18.3889
1.46219	18.4444
1.46253	18.5
1.46272	18.5556
1.46586	18.6111
1.46608	18.6667
1.4667	18.7222
1.46743	18.7778
1.46802	18.8333
1.48803	18.8889
1.49082	18.9444
1.4928	19
1.61902	19.0526
1.6246	19.1053
1.62484	19.1579
1.64079	9.57895
1.64667	9.69006
1.64681	9.80117
1.64692	9.91228
1.64701	10.0234
1.64714	10.1234
1.65173	10.2234
1.65192	10.3234
1.6523	10.4234
1.65248	10.5234
1.65312	10.6234
1.65408	10.7234
1.67992	10.8234
1.68047	10.9234
1.68534	11.0234
1.68547	11.1143
1.72727	11.2052
1.72829	11.2961
1.72879	11.387
1.74009	11.4779
1.74029	11.5688
1.74467	11.6598
1.77265	11.7507
1.77285	11.8416
1.78411	11.9325
1.7884	12.0234
1.78844	12.1067
1.80841	12.1901
1.85073	12.2734
1.85132	12.3567
1.85136	12.4401
1.85422	12.5234
1.85427	12.6067
1.85431	12.6901
1.85434	12.7734
1.85479	12.8567
1.85498	12.9401
1.86058	13.0234
1.86101	13.1003
1.86305	13.1772
1.88871	13.2542
1.88953	13.3311
1.88956	13.408
1.89911	13.4849
1.89926	13.5619
1.89943	13.6388
1.9044	13.7157
1.90467	13.7926
1.90486	13.8695
1.9053	13.9465
1.90593	14.0234
1.94182	14.0948
1.94205	14.1662
1.94793	14.2377
1.94848	14.3091
1.94928	14.3805
1.95085	14.452
1.95426	14.5234
1.95499	14.5948
1.95523	14.6662
1.95575	14.7377
1.95808	14.8091
1.95845	14.8805
1.96374	14.952
1.96478	15.0234
1.96716	15.0901
1.96767	15.1567
1.97147	15.2234
2.01236	15.2901
2.01244	15.3567
2.01255	15.4234
2.01273	15.4901
2.01893	15.5567
2.01986	15.6234
2.02113	15.6901
2.02117	15.7567
2.02327	15.8234
2.02454	15.8901
2.0253	15.9567
2.02605	16.0234
2.03124	16.0859
2.03297	16.1484
2.03386	16.2109
2.03415	16.2734
2.04794	16.3359
2.08483	16.3984
2.0896	16.4609
2.10556	16.5234
2.10981	16.5859
2.11108	16.6484
2.11628	16.7109
2.11856	16.7734
2.12192	16.8359
2.13751	16.8984
2.14172	16.9609
2.14321	17.0234
2.14368	17.0822
2.14381	17.141
2.14396	17.1999
2.14958	17.2587
2.15167	17.3175
2.18967	17.3763
2.19043	17.4352
2.19047	17.494
2.19253	17.5528
2.2115	17.6116
2.21156	17.6705
2.21174	17.7293
2.21195	17.7881
2.21877	17.8469
2.22059	17.9057
2.22129	17.9646
2.22193	18.0234
2.22833	18.0789
2.22893	18.1345
2.23037	18.1901
2.23108	18.2456
2.25479	18.3012
2.2988	18.3567
2.29886	18.4123
2.29889	18.4678
2.30311	18.5234
2.30915	18.5789
2.31347	18.6345
2.31428	18.6901
2.31959	18.7456
2.32432	18.8012
2.32475	18.8567
2.32964	18.9123
2.33029	18.9678
2.33691	19.0234
2.34795	19.076
2.35159	19.1287
2.35167	19.1813
2.3579	19.2339
2.37988	19.2865
2.41932	19.3392
2.42073	19.3918
2.42648	19.4444
2.43157	19.4971
2.43969	19.5497
2.43979	19.6023
2.44572	19.655
2.44637	19.7076
2.45066	19.7602
2.45089	19.8129
2.45613	19.8655
2.45617	19.9181
2.45659	19.9708
2.45785	20.0234
2.46662	20.0734
2.46737	20.1234
2.46994	20.1734
2.49883	20.2234
2.50486	20.2734
2.52054	20.3234
2.52123	20.3734
2.52583	20.4234
2.52657	20.4734
2.527	20.5234
2.53229	20.5734
2.55299	20.6234
2.55316	20.6734
2.56372	20.7234
2.5639	20.7734
2.56416	20.8234
2.56442	20.8734
2.57015	20.9234
2.57641	20.9734
2.57683	21.0234
2.58007	21.071
2.58065	21.1186
2.58086	21.1662
2.59716	21.2139
2.60237	21.2615
2.62464	21.3091
2.62486	21.3567
2.62505	21.4043
2.62553	21.452
2.62577	21.4996
2.63611	21.5472
2.6455	21.5948
2.64579	21.6424
2.66336	21.6901
2.67897	21.7377
2.6825	21.7853
2.68254	21.8329
2.68263	21.8805
2.6834	21.9282
2.68857	21.9758
2.69031	22.0234
2.70582	22.0688
2.70652	22.1143
2.70906	22.1598
2.72002	22.2052
2.72076	22.2507
2.73085	22.2961
2.73748	22.3416
2.73763	22.387
2.73783	22.4325
2.73788	22.4779
2.7592	22.5234
2.75984	22.5688
2.76402	22.6143
2.76536	22.6598
2.77778	22.7052
2.7806	22.7507
2.78097	22.7961
2.78288	22.8416
2.79207	22.887
2.79286	22.9325
2.81362	22.9779
2.8139	23.0234
2.81422	23.0669
2.82395	23.1103
2.82475	23.1538
2.82983	23.1973
2.83018	23.2408
2.85025	23.2843
2.85795	23.3277
2.85797	23.3712
2.86428	23.4147
2.86551	23.4582
2.87027	23.5017
2.87391	23.5451
2.87464	23.5886
2.88102	23.6321
2.90334	23.6756
2.90655	23.719
2.91207	23.7625
2.91288	23.806
2.91755	23.8495
2.91778	23.893
2.93321	23.9364
2.94209	23.9799
2.94379	24.0234
2.95633	24.0651
2.97514	24.1067
2.97893	24.1484
2.98241	24.1901
2.98301	24.2317
2.98518	24.2734
2.99063	24.3151
2.99076	24.3567
2.99133	24.3984
2.99835	24.4401
2.99928	24.4817
3.01532	24.5234
3.01599	24.5651
3.01922	24.6067
3.02022	24.6484
3.02896	24.6901
3.02953	24.7317
3.02981	24.7734
3.03093	24.8151
3.04446	24.8567
3.05838	24.8984
3.06525	24.9401
3.06551	24.9817
3.08104	25.0234
3.08549	25.0634
3.11908	25.1034
3.12842	25.1434
3.12882	25.1834
3.12905	25.2234
3.13545	25.2634
3.13951	25.3034
3.13983	25.3434
3.14045	25.3834
3.14413	25.4234
3.14423	25.4634
3.14517	25.5034
3.14522	25.5434
3.15109	25.5834
3.15137	25.6234
3.15433	25.6634
3.15547	25.7034
3.15585	25.7434
3.15608	25.7834
3.16599	25.8234
3.19329	25.8634
3.19341	25.9034
3.19415	25.9434
3.20569	25.9834
3.20602	26.0234
3.20984	26.0619
3.22677	26.1003
3.22687	26.1388
3.23202	26.1772
3.24048	26.2157
3.24814	26.2542
3.24884	26.2926
3.24892	26.3311
3.24917	26.3695
3.27128	26.408
3.27268	26.4465
3.27576	26.4849
3.27603	26.5234
3.27623	26.5619
3.28316	26.6003
3.28479	26.6388
3.28708	26.6772
3.2875	26.7157
3.28853	26.7542
3.29575	26.7926
3.32615	26.8311
3.34831	26.8695
3.34891	26.908
3.35264	26.9465
3.3533	26.9849
3.35811	27.0234
3.36018	27.0604
3.40459	27.0975
3.40757	27.1345
3.40782	27.1715
3.40805	27.2086
3.41831	27.2456
3.41863	27.2827
3.42511	27.3197
3.42515	27.3567
3.42517	27.3938
3.42518	27.4308
3.43196	27.4678
3.4321	13.7339
3.43581	13.8108
3.43608	13.8878
3.43639	13.9647
3.44118	14.0416
3.44148	14.113
3.44166	14.1845
3.45215	14.2559
3.46363	14.3273
3.49107	14.3988
3.49149	14.4702
3.49541	14.5416
3.49607	14.613
3.50328	14.6845
3.50351	14.7559
3.50654	14.8273
3.54482	14.8988
3.54486	14.9702
3.54561	15.0416
3.54567	15.1083
3.55019	15.1749
3.55034	15.2416
3.56314	15.3083
3.56344	15.3749
3.56382	15.4416
3.56402	15.5083
3.57092	15.5749
3.59531	15.6416
3.5959	15.7083
3.59615	15.7749
3.59953	15.8416
3.59973	15.9083
3.63045	15.9749
3.6316	16.0416
3.63215	16.1041
3.63664	16.1666
3.65516	16.2291
3.65522	16.2916
3.65525	16.3541
3.66624	16.4166
3.67668	16.4791
3.68317	16.5416
3.68322	16.6041
3.72041	16.6666
3.72064	16.7291
3.72104	16.7916
3.72119	16.8541
3.72638	16.9166
3.72659	16.9791
3.74772	17.0416
3.74777	17.1004
3.75424	17.1593
3.7546	17.2181
3.75914	17.2769
3.76066	17.3357
3.76538	17.3946
3.77596	17.4534
3.7809	17.5122
3.79381	17.571
3.79459	17.6298
3.8294	17.6887
3.82946	17.7475
3.8298	17.8063
3.83006	17.8651
3.83061	17.924
3.83965	17.9828
3.84351	18.0416
3.84819	18.0972
3.86935	18.1527
3.86987	18.2083
3.87135	18.2638
3.87197	18.3194
3.87229	18.3749
3.87937	18.4305
3.88044	18.4861
3.90495	18.5416
3.90982	18.5972
3.91035	18.6527
3.96842	18.7083
3.96902	18.7638
3.97409	18.8194
3.9757	18.8749
3.97587	18.9305
3.98075	18.9861
3.98143	19.0416
3.98214	19.0942
3.98543	19.1469
3.99294	19.1995
3.99323	19.2521
4.00372	19.3048
4.00397	19.3574
4.01125	19.41
4.01352	19.4627
4.01782	19.5153
4.04124	19.5679
4.04632	19.6206
4.04773	19.6732
4.0679	19.7258
4.06794	19.7785
4.07259	19.8311
4.07311	19.8837
4.08081	19.9363
4.0815	19.989
4.08172	20.0416
4.10685	20.0916
4.11101	20.1416
4.11141	20.1916
4.15011	20.2416
4.15665	20.2916
4.1677	20.3416
4.16888	20.3916
4.17161	20.4416
4.17192	20.4916
4.17317	20.5416
4.17759	10.2708
4.18334	10.3708
4.188	10.4708
4.19969	10.5708
4.21167	10.6708
4.2117	10.7708
4.21171	10.8708
4.21172	10.9708
4.21504	11.0708
4.22199	11.1617
4.22269	11.2526
4.25485	11.3435
4.27549	11.4344
4.2826	11.5254
4.31401	11.6163
4.3316	11.7072
4.33183	11.7981
4.33212	11.889
4.33231	11.9799
4.33252	12.0708
4.33587	12.1541
4.33603	12.2375
4.33713	12.3208
4.36539	12.4041
4.3703	12.4875
4.3961	12.5708
4.40694	12.6541
4.41718	12.7375
4.41843	12.8208
4.41958	12.9041
4.41972	12.9875
4.41978	13.0708
4.41999	13.1477
4.42601	13.2247
4.43613	13.3016
4.43686	13.3785
4.44012	13.4554
4.45231	6.72771
4.46536	6.89438
4.4674	7.06104
4.46756	7.2039
4.46779	7.34676
4.46792	7.48962
4.4681	7.63247
4.46829	7.77533
4.46852	7.91819
4.4973	8.06104
4.50061	8.18604
4.5233	8.31104
4.5241	8.43604
4.52913	8.56104
4.5293	8.68604
4.5295	8.81104
4.5354	8.93604
4.53879	9.06104
4.53892	9.17215
4.57228	9.28327
4.57244	9.39438
4.57693	9.50549
4.57704	9.6166
4.57724	9.72771
4.58436	9.83882
4.59414	9.94993
4.59895	10.061
4.599	10.161
4.60721	10.261
4.62627	10.361
4.62648	10.461
4.62664	10.561
4.63324	10.661
4.6438	10.761
4.64887	10.861
4.64911	10.961
4.65375	11.061
4.65386	11.152
4.65401	11.2429
4.67775	11.3338
4.67812	11.4247
4.67843	11.5156
4.67875	11.6065
4.6933	11.6974
4.69348	11.7883
4.69884	11.8792
4.69906	11.9701
4.69963	12.061
4.70067	12.1444
4.70126	12.2277
4.7115	12.311
4.71168	12.3944
4.71172	12.4777
4.71192	12.561
4.72931	12.6444
4.72975	12.7277
4.72991	12.811
4.73355	12.8944
4.73373	12.9777
4.73394	13.061
4.73453	13.138
4.73491	13.2149
4.73982	13.2918
4.73987	13.3687
4.74392	13.4457
4.74442	13.5226
4.7492	13.5995
4.75488	13.6764
4.75503	13.7534
4.76459	13.8303
4.76468	13.9072
4.76486	13.9841
4.76583	14.061
4.80801	14.1325
4.81244	14.2039
4.8131	14.2753
4.81469	14.3468
4.81872	14.4182
4.82334	14.4896
4.82357	14.561
4.82405	14.6325
4.82787	14.7039
4.83512	14.7753
4.83869	14.8468
4.84304	14.9182
4.84319	14.9896
4.84745	15.061
4.84971	15.1277
4.85239	15.1944
4.85398	15.261
4.85431	15.3277
4.85767	15.3944
4.8627	15.461
4.89373	15.5277
4.89423	15.5944
4.92859	15.661
4.93205	15.7277
4.9321	15.7944
4.93258	15.861
4.93285	15.9277
4.93732	15.9944
4.9383	16.061
4.93898	16.1235
4.93921	16.186
4.9396	16.2485
4.95159	16.311
4.95251	16.3735
4.96721	16.436
4.96963	16.4985
4.98533	16.561
5.01894	16.6235
5.02427	16.686
5.02466	16.7485
5.03691	16.811
5.03711	16.8735
5.04033	16.936
5.04104	16.9985
5.04119	17.061
5.04592	17.1199
5.05461	17.1787
5.05621	17.2375
5.06292	17.2963
5.06759	17.3552
5.06904	17.414
5.07891	17.4728
5.08922	17.5316
5.11131	17.5905
5.13439	17.6493
5.13467	17.7081
5.13505	17.7669
5.13538	17.8257
5.14429	17.8846
5.15107	17.9434
5.15141	18.0022
5.15187	18.0578
5.15289	18.1133
5.15496	18.1689
5.15511	18.2244
5.17859	18.28
5.18234	18.3356
5.18298	18.3911
5.19403	18.4467
5.20596	18.5022
5.22124	18.5578
5.23885	18.6133
5.23933	18.6689
5.2403	18.7244
5.24054	18.78
5.25407	18.8356
5.26393	18.8911
5.26459	18.9467
5.26943	19.0022
5.27457	19.0549
5.27474	19.1075
5.28451	19.1601
5.28859	19.2127
5.29334	19.2654
5.31115	19.318
5.31117	19.3706
5.31816	19.4233
5.32125	19.4759
5.35603	19.5285
5.36647	19.5812
5.37163	19.6338
5.37463	19.6864
5.37487	19.7391
5.38158	19.7917
5.38188	19.8443
5.38215	19.897
5.38269	19.9496
5.38622	20.0022
5.38669	20.0522
5.39078	20.1022
5.39196	20.1522
5.40463	20.2022
5.40904	20.2522
5.42619	20.3022
5.42676	20.3522
5.42708	20.4022
5.42804	20.4522
5.46894	20.5022
5.47444	20.5522
5.47542	20.6022
5.47578	20.6522
5.47609	20.7022
5.47662	20.7522
5.48106	20.8022
5.48223	20.8522
5.48634	20.9022
5.49158	20.9522
5.49299	21.0022
5.49417	21.0498
5.49458	21.0975
5.51063	21.1451
5.51489	21.1927
5.52673	21.2403
5.52687	21.2879
5.5329	21.3356
5.5583	21.3832
5.56183	21.4308
5.57938	21.4784
5.58194	21.526
5.58553	21.5736
5.59755	21.6213
5.5976	21.6689
5.59815	21.7165
5.59836	21.7641
5.5986	21.8117
5.59874	21.8594
5.60505	21.907
5.60601	21.9546
5.6095	22.0022
5.60963	22.0477
5.60975	22.0931
5.63243	22.1386
5.63777	22.184
5.65937	22.2295
5.6594	22.2749
5.65942	22.3204
5.67587	22.3659
5.68323	22.4113
5.69531	22.4568
5.70299	22.5022
5.7205	22.5477
5.7224	22.5931
5.72247	22.6386
5.72249	22.684
5.72486	22.7295
5.72556	22.7749
5.72559	22.8204
5.7307	22.8659
5.73081	22.9113
5.73084	22.9568
5.73085	23.0022
5.73618	23.0457
5.74108	23.0892
5.77005	23.1327
5.78041	23.1761
5.7995	23.2196
5.80211	23.2631
5.80366	23.3066
5.81886	23.35
5.82765	23.3935
5.8339	23.437
5.84224	23.4805
5.84253	23.524
5.84626	23.5674
5.88228	23.6109
5.88282	23.6544
5.883	23.6979
5.89006	23.7414
5.8902	23.7848
5.89047	23.8283
5.89656	23.8718
5.89724	23.9153
5.89758	23.9587
5.90174	24.0022
5.90824	24.0439
5.91464	24.0856
5.92716	24.1272
5.92908	24.1689
5.97272	24.2106
5.97291	24.2522
5.97333	24.2939
5.99991	24.3356
6.01019	24.3772
6.01638	24.4189
6.02124	24.4606
6.0216	24.5022
6.02191	24.5439
6.04827	24.5856
6.04858	24.6272
6.04915	24.6689
6.05445	24.7106
6.05524	24.7522
6.06509	24.7939
6.07165	24.8356
6.07515	24.8772
6.07526	24.9189
6.07997	24.9606
6.08083	25.0022
6.08581	25.0422
6.08706	25.0822
6.09359	25.1222
6.09404	25.1622
6.13037	25.2022
6.13041	25.2422
6.13501	25.2822
6.13513	25.3222
6.14239	25.3622
6.14309	25.4022
6.14828	25.4422
6.16014	25.4822
6.16922	25.5222
6.17003	25.5622
6.17328	25.6022
6.17342	25.6422
6.17446	25.6822
6.19726	25.7222
6.19744	25.7622
6.19789	25.8022
6.2063	25.8422
6.22912	25.8822
6.24658	25.9222
6.24711	25.9622
6.2477	26.0022
6.24797	26.0407
6.25023	26.0791
6.25139	26.1176
6.25552	26.1561
6.26734	26.1945
6.26816	26.233
6.2683	26.2715
6.27336	26.3099
6.27381	26.3484
6.28404	26.3868
6.29002	26.4253
6.29598	26.4638
6.31258	26.5022
6.3128	26.5407
6.3132	26.5791
6.32941	26.6176
6.33066	26.6561
6.33264	26.6945
6.33811	26.733
6.33982	26.7715
6.34454	13.3857
6.3489	13.4626
6.36735	13.5396
6.36788	13.6165
6.37181	13.6934
6.37183	13.7703
6.37184	13.8473
6.37185	13.9242
6.37738	14.0011
6.38186	14.0725
6.39464	14.144
6.39491	14.2154
6.39515	14.2868
6.43315	14.3583
6.43344	14.4297
6.43443	14.5011
6.4372	14.5725
6.44961	14.644
6.45312	14.7154
6.45976	14.7868
6.45995	14.8583
6.46067	14.9297
6.46961	15.0011
6.48742	15.0678
6.48786	15.1344
6.49832	15.2011
6.49852	15.2678
6.50863	15.3344
6.55418	15.4011
6.55436	15.4678
6.55719	15.5344
6.55723	15.6011
6.55741	15.6678
6.58553	15.7344
6.58651	15.8011
6.58696	15.8678
6.59038	15.9344
6.59566	16.0011
6.60187	16.0636
6.60202	16.1261
6.61415	16.1886
6.61767	16.2511
6.61835	16.3136
6.6463	16.3761
6.6505	16.4386
6.6577	16.5011
6.65796	16.5636
6.66166	16.6261
6.66185	16.6886
6.66715	8.34431
6.66738	8.46931
6.66741	8.59431
6.67424	8.71931
6.67891	8.84431
6.69456	8.96931
6.69472	9.09431
6.72217	9.20542
6.72223	9.31653
6.72237	9.42764
6.72802	9.53875
6.7287	9.64986
6.73348	9.76097
6.73726	9.87208
6.73929	9.98319
6.7394	10.0943
6.74076	10.1943
6.7445	10.2943
6.74466	10.3943
6.751	10.4943
6.75795	10.5943
6.76279	10.6943
6.76668	10.7943
6.76703	10.8943
6.77942	10.9943
6.78314	11.0943
6.79119	11.1852
6.79612	11.2761
6.79636	11.367
6.79649	11.4579
6.79682	11.5489
6.79713	11.6398
6.79757	11.7307
6.80062	11.8216
6.8214	11.9125
6.82449	12.0034
6.82461	12.0867
6.82612	12.1701
6.83449	12.2534
6.83512	12.3367
6.83523	12.4201
6.84032	12.5034
6.85238	12.5867
6.85448	12.6701
6.8652	12.7534
6.87352	12.8367
6.87869	12.9201
6.88604	13.0034
6.88679	13.0803
6.88849	13.1572
6.90035	13.2342
6.90233	13.3111
6.90276	13.388
6.90734	13.4649
6.91305	13.5419
6.91682	13.6188
6.94731	13.6957
6.94846	13.7726
6.95041	13.8495
6.96649	13.9265
6.97064	14.0034
6.97207	14.0748
6.97225	14.1463
6.97405	14.2177
6.97448	14.2891
6.97745	14.3605
6.97815	14.432
6.98342	14.5034
6.9874	14.5748
7.00039	14.6463
7.01013	14.7177
7.02153	14.7891
7.02155	14.8605
7.02537	14.932
7.02658	15.0034
7.02671	15.0701
7.0311	15.1367
7.03467	15.2034
7.03507	15.2701
7.03576	15.3367
7.04968	15.4034
7.05513	15.4701
7.0571	15.5367
7.05788	15.6034
7.06161	15.6701
7.06284	15.7367
7.0629	15.8034
7.06432	15.8701
7.0888	15.9367
7.09598	16.0034
7.09712	16.0659
7.10185	16.1284
7.1033	16.1909
7.10663	16.2534
7.11468	16.3159
7.11966	16.3784
7.12713	16.4409
7.12716	16.5034
7.12719	16.5659
7.12831	16.6284
7.13115	16.6909
7.1312	16.7534
7.13152	16.8159
7.14197	16.8784
7.14382	16.9409
7.15175	17.0034
7.1596	17.0622
7.16025	17.121
7.16058	17.1799
7.17897	17.2387
7.19056	17.2975
7.20231	17.3563
7.20456	17.4152
7.2048	17.474
7.21193	17.5328
7.21272	17.5916
7.21314	17.6505
7.21641	17.7093
7.21647	17.7681
7.22157	17.8269
7.22287	17.8857
7.22314	17.9446
7.22758	18.0034
7.22872	18.059
7.23194	18.1145
7.23252	18.1701
7.23907	18.2256
7.23947	18.2812
7.25438	18.3367
7.25475	18.3923
7.2702	18.4478
7.27667	18.5034
7.27751	18.559
7.28774	18.6145
7.28799	18.6701
7.28874	18.7256
7.28914	18.7812
7.28992	18.8367
7.29262	18.8923
7.29282	18.9478
7.29808	19.0034
7.30482	19.056
7.30507	19.1087
7.3059	19.1613
7.30634	19.2139
7.30915	19.2666
7.31049	19.3192
7.31459	19.3718
7.31479	19.4244
7.31493	19.4771
7.31505	19.5297
7.31895	19.5823
7.31901	19.635
7.32522	19.6876
7.3319	19.7402
7.33297	19.7929
7.333	19.8455
7.33301	19.8981
7.33729	19.9508
7.33804	20.0034
7.35068	20.0534
7.35489	20.1034
7.35499	20.1534
7.35935	20.2034
7.35941	20.2534
7.36559	20.3034
7.37099	20.3534
7.3758	20.4034
7.37713	20.4534
7.37778	20.5034
7.38114	20.5534
7.3813	20.6034
7.38143	20.6534
7.3818	20.7034
7.38786	20.7534
7.42049	20.8034
7.42211	20.8534
7.42543	20.9034
7.43197	20.9534
7.43605	21.0034
7.43616	21.051
7.43635	21.0986
7.44281	21.1463
7.44302	10.5731
7.44331	10.6731
7.44378	10.7731
7.44399	10.8731
7.44709	10.9731
7.44723	11.0731
7.45815	11.164
7.45848	11.2549
7.45863	11.3459
7.46668	11.4368
7.46734	11.5277
7.47004	11.6186
7.47638	11.7095
7.47643	11.8004
7.48312	11.8913
7.49484	11.9822
7.49655	12.0731
7.49837	12.1565
7.51	12.2398
7.51917	12.3231
7.5193	12.4065
7.51996	12.4898
7.52014	12.5731
7.52409	12.6565
7.52414	12.7398
7.52487	12.8231
7.53547	12.9065
7.53564	12.9898
7.53577	13.0731
7.53593	13.15
7.55172	13.227
7.57991	13.3039
7.58016	13.3808
7.58038	13.4577
7.58083	13.5347
7.58232	13.6116
7.58236	13.6885
7.60182	6.84426
7.60716	7.01092
7.60773	7.15378
7.60788	7.29664
7.61171	7.43949
7.61188	7.58235
7.61215	7.72521
7.6229	7.86807
7.62307	8.01092
7.6234	8.13592
7.62371	8.26092
7.62904	8.38592
7.62968	8.51092
7.65783	8.63592
7.6724	8.76092
7.674	8.88592
7.6747	9.01092
7.67493	9.12203
7.67751	9.23314
7.67792	4.61657
7.70493	4.86657
7.71057	5.11657
7.71105	5.31657
7.71115	5.51657
7.71919	5.71657
7.71922	5.91657
7.71924	6.11657
7.71926	6.28324
7.7675	6.44991
7.76753	6.61657
7.76754	6.78324
7.76755	6.94991
7.76756	7.11657
7.77082	7.25943
7.86442	7.40229
7.86445	7.54514
7.86446	3.77257
7.86447	4.10591
7.86448	4.35591
7.87063	4.60591
7.87212	4.85591
7.96273	5.10591
7.96438	5.30591
7.96688	5.50591
7.97336	5.70591
8.07959	5.90591
8.08196	6.10591
8.08301	6.27257
8.08475	6.43924
8.09236	6.60591
8.1956	6.77257
8.19886	6.93924
8.21837	7.10591
8.22291	7.24876
8.2291	7.39162
8.23405	7.53448
8.27125	7.67733
8.27143	7.82019
8.27157	7.96305
8.34577	8.10591
8.34687	8.23091
8.37757	8.35591
8.37863	8.48091
8.38174	8.60591
8.389	8.73091
8.42397	8.85591
8.45008	8.98091
8.47269	9.10591
8.47326	9.21702
8.56276	9.32813
8.56336	9.43924
8.5648	9.55035
8.56884	9.66146
8.58418	9.77257
8.58555	9.88368
8.586	9.99479
8.60367	10.1059
8.62799	10.2059
8.64482	10.3059
8.6468	10.4059
8.74619	10.5059
8.75091	10.6059
8.75829	10.7059
8.75873	10.8059
8.76328	10.9059
8.78219	11.0059
8.79825	11.0968
8.81515	11.1877
8.84195	11.2786
8.84354	11.3695
8.88035	11.4605
8.88603	11.5514
8.93127	11.6423
8.93133	11.7332
8.94076	11.8241
8.9416	11.915
8.94281	12.0059
8.95722	12.0892
8.97004	12.1726
8.97008	12.2559
8.97026	12.3392
8.98121	12.4226
8.99683	12.5059
9.03915	12.5892
9.0392	12.6726
9.1013	12.7559
9.10232	12.8392
9.10255	12.9226
9.10284	13.0059
9.13318	13.0828
9.1419	13.1598
9.14194	13.2367
9.14631	13.3136
9.15371	13.3905
9.1708	13.4674
9.17166	13.5444
9.17247	13.6213
9.18119	13.6982
9.18536	13.7751
9.27189	13.8521
9.27806	13.929
9.27837	14.0059
9.29902	14.0773
9.3043	14.1488
9.30473	14.2202
9.30509	14.2916
9.31555	14.363
9.34343	14.4345
9.34791	14.5059
9.35024	14.5773
9.35881	14.6488
9.3705	14.7202
9.39219	14.7916
9.4032	14.863
9.44447	14.9345
9.44769	15.0059
9.46986	15.0726
9.47084	15.1392
9.47288	15.2059
9.47329	15.2726
9.47349	7.63629
9.48528	7.77914
9.497	7.922
9.49763	8.06486
9.52307	8.18986
9.54536	8.31486
9.5512	8.43986
9.55373	8.56486
9.58688	8.68986
9.59177	8.81486
9.59394	8.93986
9.61742	9.06486
9.65517	9.17597
9.65814	9.28708
9.66062	9.39819
9.72452	9.5093
9.76093	9.62041
9.78394	9.73152
9.78417	9.84264
9.81514	9.95375
9.82115	10.0649
9.88937	10.1649
9.88941	10.2649
9.89199	10.3649
9.94911	5.18243
9.99415	5.38243
10.03	5.58243
10.0322	5.78243
10.0458	5.98243
10.0459	6.18243
10.053	6.3491
10.0796	6.51576
10.0981	6.68243
10.1	6.8491
10.1967	7.01576
10.2059	7.15862
10.2062	7.30148
10.2245	7.44433
10.2353	7.58719
10.2445	7.73005
10.2637	7.8729
10.2641	3.93645
10.2666	4.26979
10.3063	4.51979
10.3087	4.76979
10.3087	5.01979
10.3087	5.21979
10.3387	5.41979
10.3604	5.61979
10.3608	5.81979
10.3613	6.01979
10.3654	6.18645
10.387	6.35312
10.4428	3.17656
10.45	3.50989
10.4534	3.84323
10.4551	4.17656
10.4553	4.42656
10.4782	4.67656
10.5139	4.92656
10.514	2.46328
10.5258	2.96328
10.5692	3.46328
10.639	3.79661
10.7224	4.12995
10.725	4.37995
10.7815	4.62995
10.8571	4.87995
10.8706	5.12995
10.8711	5.32995
10.9337	5.52995
11.0124	5.72995
11.0174	5.92995
11.0184	6.12995
11.028	6.29661
11.0535	6.46328
11.1361	6.62995
11.1473	6.79661
11.1475	6.96328
11.1478	7.12995
11.164	7.2728
11.1797	7.41566
11.2667	7.55852
11.2754	7.70138
11.281	7.84423
11.2811	7.98709
11.2819	8.12995
11.3134	8.25495
11.3212	8.37995
11.3432	8.50495
11.3435	8.62995
11.3452	8.75495
11.35	8.87995
11.3521	9.00495
11.3562	9.11606
11.3741	9.22717
11.3782	9.33828
11.3843	9.44939
11.3851	9.5605
11.3858	9.67161
11.4225	9.78272
11.4226	9.89384
11.4231	10.0049
11.4232	10.1049
11.4555	10.2049
11.4566	10.3049
11.4571	10.4049
11.4634	10.5049
11.4638	10.6049
11.4781	10.7049
11.4785	10.8049
11.4807	10.9049
11.4807	11.0049
11.5153	11.0959
11.5154	11.1868
11.5157	11.2777
11.5328	11.3686
11.5496	11.4595
11.5498	11.5504
11.5501	11.6413
11.5503	11.7322
11.554	11.8231
11.5773	11.914
11.5774	12.0049
11.5813	12.0883
11.592	12.1716
11.5987	12.2549
11.5997	12.3383
11.5999	12.4216
11.6034	12.5049
11.604	12.5883
11.6145	12.6716
11.6238	12.7549
11.648	12.8383
11.6744	12.9216
11.6756	13.0049
11.6803	13.0819
11.6803	13.1588
11.7465	13.2357
11.7472	13.3126
11.7488	13.3896
11.7533	13.4665
11.7534	13.5434
11.7534	13.6203
11.765	13.6973
11.7915	13.7742
11.8401	13.8511
11.8412	13.928
11.8413	14.0049
11.8413	14.0764
11.8447	14.1478
11.8974	14.2192
11.9109	14.2907
11.9135	14.3621
11.9213	14.4335
11.9245	14.5049
11.9249	14.5764
11.928	14.6478
11.9597	14.7192
12.0115	14.7907
12.0157	14.8621
12.0169	14.9335
12.0187	15.0049
12.0293	15.0716
12.0313	15.1383
12.1005	15.2049
12.101	15.2716
12.1056	15.3383
12.1329	15.4049
12.1332	15.4716
12.1336	15.5383
12.1387	15.6049
12.1443	15.6716
12.1854	15.7383
12.1867	15.8049
12.1932	15.8716
12.1946	15.9383
12.1952	16.0049
12.1977	16.0674
12.2004	16.1299
12.2576	16.1924
12.2581	16.2549
12.2879	16.3174
12.2934	16.3799
12.2984	16.4424
12.2985	16.5049
12.303	16.5674
12.303	16.6299
12.338	16.6924
12.3436	16.7549
12.3471	16.8174
12.3526	16.8799
12.3648	16.9424
12.3651	17.0049
12.3656	17.0638
12.3684	17.1226
12.3869	17.1814
12.3934	17.2402
12.4342	17.2991
12.4408	17.3579
12.4415	17.4167
12.4453	8.70836
12.4454	8.83336
12.4456	8.95836
12.4999	9.08336
12.5058	9.19447
12.5237	9.30558
12.5273	9.41669
12.5278	9.5278
12.5341	9.63891
12.5387	9.75002
12.539	9.86113
12.5439	9.97224
12.5452	10.0834
12.5676	10.1834
12.6281	10.2834
12.6302	10.3834
12.6307	10.4834
12.6789	5.24168
12.679	5.44168
12.6792	5.64168
12.6845	5.84168
12.6849	6.04168
12.6919	6.20834
12.7172	6.37501
12.773	6.54168
12.7731	6.70834
12.778	6.87501
12.8283	7.04168
12.8425	7.18453
12.845	7.32739
12.8722	7.47025
12.8776	7.61311
12.9069	7.75596
12.9882	7.89882
12.9894	8.04168
12.9989	8.16668
12.9992	8.29168
13.0182	8.41668
13.0182	8.54168
13.0634	8.66668
13.1352	8.79168
13.1356	8.91668
13.1364	9.04168
13.1509	9.15279
13.1513	9.2639
13.1952	9.37501
13.1956	9.48612
13.2292	9.59723
13.2669	9.70834
13.2736	9.81946
13.2741	9.93057
13.2745	10.0417
13.283	10.1417
13.2897	10.2417
13.3219	10.3417
13.3221	10.4417
13.3381	10.5417
13.4389	10.6417
13.4444	10.7417
13.4449	10.8417
13.449	10.9417
13.4535	11.0417
13.4538	11.1326
13.4615	11.2235
13.4879	11.3144
13.488	11.4053
13.5036	11.4962
13.5856	11.5871
13.5871	11.678
13.5907	11.769
13.5908	11.8599
13.591	11.9508
13.5921	12.0417
13.5921	12.125
13.5987	12.2083
13.6409	12.2917
13.6411	12.375
13.6794	12.4583
13.7448	12.5417
13.7449	12.625
13.7515	12.7083
13.752	12.7917
13.7525	12.875
13.7531	12.9583
13.7557	13.0417
13.7558	13.1186
13.7686	13.1955
13.7797	13.2724
13.78	13.3494
13.8381	13.4263
13.8828	13.5032
13.8828	13.5801
13.8828	13.6571
13.8853	13.734
13.888	13.8109
13.8881	13.8878
13.8907	13.9648
13.8911	14.0417
13.8912	14.1131
13.8946	14.1845
13.9175	14.256
13.9181	14.3274
13.9804	14.3988
14.0254	14.4702
14.0262	14.5417
14.0263	14.6131
14.0288	14.6845
14.0289	14.756
14.029	14.8274
14.0293	14.8988
14.0334	14.9702
14.0347	15.0417
14.035	15.1083
14.0359	15.175
14.0549	15.2417
14.056	15.3083
14.0979	15.375
14.183	15.4417
14.1831	15.5083
14.1835	15.575
14.1863	15.6417
14.1869	15.7083
14.1885	15.775
14.1927	15.8417
14.196	15.9083
14.197	15.975
14.1987	16.0417
14.1992	16.1042
14.1998	16.1667
14.2305	16.2292
14.2311	16.2917
14.2521	16.3542
14.3111	16.4167
14.3141	16.4792
14.3224	16.5417
14.3294	16.6042
14.3401	16.6667
14.3479	16.7292
14.3738	16.7917
14.3753	16.8542
14.379	16.9167
14.3799	16.9792
14.3807	17.0417
14.3809	17.1005
14.3829	17.1593
14.3951	17.2181
14.3952	17.277
14.4213	17.3358
14.4744	17.3946
14.4864	17.4534
14.4866	17.5123
14.4886	17.5711
14.492	17.6299
14.507	17.6887
14.5236	17.7476
14.5439	17.8064
14.5475	17.8652
14.5548	17.924
14.5567	17.9829
14.5574	18.0417
14.559	18.0972
14.5928	18.1528
14.5996	18.2083
14.6059	18.2639
14.6267	18.3195
14.6588	18.375
14.676	18.4306
14.6781	18.4861
14.6792	18.5417
14.6794	18.5972
14.6802	18.6528
14.696	18.7083
14.7101	18.7639
14.7105	18.8195
14.7133	18.875
14.714	18.9306
14.7236	18.9861
14.7257	19.0417
14.733	19.0943
14.7382	19.1469
14.7437	19.1996
14.752	19.2522
14.8299	19.3048
14.8693	19.3575
14.9777	19.4101
14.9781	19.4627
14.9808	19.5154
14.9842	19.568
14.986	19.6206
14.9921	19.6733
15.0069	19.7259
15.0103	19.7785
15.0113	19.8312
15.012	19.8838
15.0175	19.9364
15.0181	19.989
15.0192	20.0417
15.0192	20.0917
15.0225	20.1417
15.0236	20.1917
15.0241	20.2417
15.0639	20.2917
15.1075	20.3417
15.158	20.3917
15.1607	20.4417
15.1618	20.4917
15.1623	20.5417
15.1675	20.5917
15.168	20.6417
15.2048	20.6917
15.2093	20.7417
15.2094	20.7917
15.2094	20.8417
15.2421	20.8917
15.2489	20.9417
15.2503	20.9917
15.2511	21.0417
15.2559	21.0893
15.2597	21.1369
15.2652	21.1845
15.2675	21.2322
15.3067	21.2798
15.3122	21.3274
15.3661	21.375
15.3689	21.4226
15.3718	21.4702
15.3749	21.5179
15.3765	21.5655
15.3788	21.6131
15.4162	21.6607
15.4198	21.7083
15.4227	21.756
15.4241	21.8036
15.4296	21.8512
15.436	21.8988
15.4411	21.9464
15.4412	21.9941
15.4422	22.0417
15.4435	22.0871
15.4464	22.1326
15.4464	22.178
15.4519	22.2235
15.4927	22.269
15.4979	22.3144
15.5644	22.3599
15.5849	22.4053
15.5878	22.4508
15.5878	22.4962
15.5896	22.5417
15.5907	22.5871
15.6098	22.6326
15.6099	22.678
15.6133	22.7235
15.6274	22.769
15.6345	22.8144
15.6373	22.8599
15.6375	22.9053
15.6379	22.9508
15.6421	22.9962
15.6443	23.0417
15.6448	23.0852
15.6521	23.1286
15.6524	23.1721
15.655	23.2156
15.7105	23.2591
15.7142	23.3025
15.7839	23.346
15.785	23.3895
15.788	23.433
15.7887	23.4765
15.7889	23.5199
15.7921	23.5634
15.8047	23.6069
15.807	23.6504
15.8081	23.6939
15.8122	23.7373
15.8138	23.7808
15.8213	23.8243
15.8243	23.8678
15.8243	23.9112
15.8246	23.9547
15.8307	23.9982
15.8313	24.0417
15.8319	24.0833
15.8616	24.125
15.8629	24.1667
15.8636	24.2083
15.8896	24.25
15.8995	24.2917
15.9666	24.3333
15.9687	24.375
15.9699	24.4167
15.9735	24.4583
15.9756	24.5
15.976	24.5417
15.9801	24.5833
15.9863	24.625
15.9896	24.6667
15.991	24.7083
15.9929	24.75
16.0031	24.7917
16.0044	24.8333
16.0053	24.875
16.006	24.9167
16.0074	24.9583
16.0103	25
16.0121	25.04
16.0149	25.08
16.0292	25.12
16.0293	25.16
16.0315	25.2
16.0598	25.24
16.0632	25.28
16.1931	25.32
16.1956	25.36
16.1971	25.4
16.2123	25.44
16.2162	25.48
16.2173	25.52
16.2345	25.56
16.2504	25.6
16.2541	25.64
16.2544	25.68
16.2562	25.72
16.2574	25.76
16.2595	25.8
16.2603	25.84
16.2617	25.88
16.2668	25.92
16.2696	25.96
16.2707	26
16.2733	26.0385
16.2784	26.0769
16.2857	26.1154
16.2864	26.1539
16.293	26.1923
16.3121	26.2308
16.3125	26.2692
16.3852	26.3077
16.386	26.3462
16.388	26.3846
16.3921	26.4231
16.3942	26.4615
16.3985	26.5
16.4004	26.5385
16.4119	26.5769
16.4215	26.6154
16.4243	26.6539
16.427	26.6923
16.4281	26.7308
16.4348	26.7692
16.4363	26.8077
16.4363	26.8462
16.4393	26.8846
16.4398	26.9231
16.4399	26.9615
16.4419	27
16.4427	27.037
16.4461	27.0741
16.454	27.1111
16.4567	27.1482
16.4667	27.1852
16.4924	27.2222
16.4938	27.2593
16.5493	27.2963
16.5494	27.3333
16.5494	27.3704
16.5494	27.4074
16.5505	27.4445
16.5506	27.4815
16.5622	27.5185
16.5729	27.5556
16.5783	27.5926
16.5814	27.6296
16.5826	27.6667
16.587	27.7037
16.5938	27.7408
16.6095	27.7778
16.6103	27.8148
16.6104	27.8519
16.613	27.8889
16.6131	27.9259
16.6132	27.963
16.6144	28
16.6153	28.0357
16.6154	28.0714
16.6235	28.1072
16.6258	28.1429
16.6269	28.1786
16.6675	28.2143
16.6695	28.25
16.7343	28.2857
16.7395	28.3214
16.741	28.3572
16.7438	28.3929
16.7471	28.4286
16.7479	28.4643
16.7567	28.5
16.7716	28.5357
16.7741	28.5714
16.7753	28.6072
16.7784	28.6429
16.7819	28.6786
16.7859	28.7143
16.798	28.75
16.7991	28.7857
16.8003	28.8214
16.8009	28.8572
16.802	28.8929
16.8022	28.9286
16.816	28.9643
16.8166	29
16.8189	29.0345
16.8208	29.069
16.8402	29.1035
16.8421	29.1379
16.8609	29.1724
16.8753	29.2069
16.8786	29.2414
16.9455	29.2759
16.946	29.3104
16.9498	29.3448
16.9558	29.3793
16.9582	29.4138
16.9695	29.4483
16.9701	29.4828
16.9709	29.5173
16.9715	29.5517
16.9751	29.5862
16.9786	29.6207
16.9823	29.6552
16.9832	29.6897
16.9847	29.7241
16.993	29.7586
16.9992	29.7931
17.0038	29.8276
17.0085	29.8621
17.0096	29.8966
17.0148	29.931
17.0375	29.9655
17.0402	30
17.0411	30.0333
17.0466	30.0667
17.064	30.1
17.0703	30.1333
17.1081	30.1667
17.118	30.2
17.1195	30.2333
17.1814	30.2667
17.1833	30.3
17.1847	30.3333
17.1847	30.3667
17.1881	30.4
17.1909	30.4333
17.1909	30.4667
17.1909	30.5
17.1949	30.5333
17.1968	30.5667
17.1991	30.6
17.202	30.6333
17.2057	30.6667
17.2124	30.7
17.2156	30.7333
17.2166	30.7667
17.2168	30.8
17.2205	30.8333
17.2226	30.8667
17.2261	30.9
17.2397	30.9333
17.2423	30.9667
17.2444	31
17.2458	31.0323
17.2685	31.0645
17.2816	31.0968
17.2841	31.129
17.3126	31.1613
17.3173	31.1936
17.3179	31.2258
17.3625	31.2581
17.3634	31.2903
17.3684	31.3226
17.369	31.3548
17.3691	31.3871
17.3694	31.4194
17.3719	31.4516
17.372	31.4839
17.3725	31.5161
17.376	31.5484
17.3771	31.5807
17.3779	31.6129
17.3788	31.6452
17.3811	31.6774
17.3812	31.7097
17.3853	31.7419
17.3868	31.7742
17.3889	31.8065
17.3891	31.8387
17.3945	31.871
17.4234	31.9032
17.4256	31.9355
17.4286	31.9678
17.4306	32
17.4308	32.0313
17.4423	32.0625
17.4512	32.0938
17.4565	32.125
17.4695	32.1563
17.4708	32.1875
17.4731	32.2188
17.5187	32.25
17.5271	32.2813
17.5272	32.3125
17.5292	32.3438
17.5295	32.375
17.5299	32.4063
17.5301	32.4375
17.5303	32.4688
17.5305	32.5
17.5305	32.5313
17.5345	32.5625
17.5346	32.5938
17.5346	32.625
17.5351	32.6563
17.5354	32.6875
17.5355	32.7188
17.5419	32.75
17.5419	32.7813
17.5419	32.8125
17.542	32.8438
17.5558	32.875
17.5652	32.9063
17.5653	32.9375
17.5683	32.9688
17.5726	33
17.5732	33.0303
17.5994	33.0606
17.6078	33.0909
17.6151	33.1212
17.6193	33.1515
17.6194	33.1818
17.6194	33.2121
17.6427	33.2424
17.6651	33.2727
17.6675	33.303
17.7014	33.3333
17.7034	33.3636
17.7087	33.394
17.7096	33.4243
17.7133	33.4546
17.7142	33.4849
17.7156	33.5152
17.7162	33.5455
17.7236	33.5758
17.7251	33.6061
17.7297	33.6364
17.737	33.6667
17.7388	33.697
17.7506	33.7273
17.7514	33.7576
17.7521	33.7879
17.7536	33.8182
17.7579	33.8485
17.7759	33.8788
17.7767	33.9091
17.7801	33.9394
17.7814	33.9697
17.782	34
17.7839	34.0294
17.8051	34.0588
17.8317	34.0882
17.8404	34.1177
17.8445	34.1471
17.8456	34.1765
17.8532	34.2059
17.869	34.2353
17.8852	34.2647
17.8861	34.2941
17.8948	34.3235
17.8969	34.353
17.9036	34.3824
17.9054	34.4118
17.9057	34.4412
17.9062	34.4706
17.914	34.5
17.9157	34.5294
17.9178	34.5588
17.9196	34.5882
17.9273	34.6177
17.9273	34.6471
17.9286	34.6765
17.9442	34.7059
17.9459	34.7353
17.9478	34.7647
17.9485	34.7941
17.9508	34.8235
17.9537	34.853
17.9548	34.8824
17.9597	34.9118
17.9616	34.9412
17.9624	34.9706
17.9648	35
17.9682	35.0286
17.9848	35.0572
18.0054	35.0857
18.0138	35.1143
18.0184	17.5571
18.0266	17.616
18.0295	17.6748
18.0394	17.7336
18.0451	17.7924
18.0471	17.8513
18.0596	17.9101
18.0598	17.9689
18.0605	18.0277
18.0612	18.0833
18.062	18.1388
18.0641	18.1944
18.072	18.25
18.0742	18.3055
18.0745	18.3611
18.0756	18.4166
18.077	18.4722
18.0794	18.5277
18.081	18.5833
18.1015	18.6388
18.1038	18.6944
18.1057	18.75
18.1065	18.8055
18.1069	18.8611
18.1107	18.9166
18.1145	18.9722
18.1165	19.0277
18.1208	19.0804
18.1249	19.133
18.1271	19.1856
18.1276	19.2383
18.1334	19.2909
18.1534	19.3435
18.1691	19.3962
18.1794	19.4488
18.2524	19.5014
18.2566	19.5541
18.2724	19.6067
18.2784	19.6593
18.2791	19.7119
18.2906	19.7646
18.2944	19.8172
18.3082	19.8698
18.3121	19.9225
18.3133	19.9751
18.3204	20.0277
18.3233	20.0777
18.3362	20.1277
18.3365	20.1777
18.3377	20.2277
18.3396	20.2777
18.3549	20.3277
18.369	20.3777
18.3694	20.4277
18.4187	20.4777
18.4207	20.5277
18.4265	20.5777
18.4273	20.6277
18.4287	20.6777
18.429	20.7277
18.4377	20.7777
18.4402	20.8277
18.4402	20.8777
18.4432	20.9277
18.4432	20.9777
18.4434	21.0277
18.4439	21.0754
18.4463	21.123
18.449	21.1706
18.4556	21.2182
18.4581	21.2658
18.4774	21.3135
18.4868	21.3611
18.4893	21.4087
18.5381	21.4563
18.5388	21.5039
18.5486	21.5515
18.5507	21.5992
18.5513	21.6468
18.5535	21.6944
18.5852	21.742
18.5859	21.7896
18.5862	21.8373
18.5882	21.8849
18.5902	21.9325
18.5982	21.9801
18.599	22.0277
18.6016	22.0732
18.6052	22.1186
18.6077	22.1641
18.61	22.2096
18.6115	22.255
18.6309	22.3005
18.6585	22.3459
18.659	22.3914
18.6897	22.4368
18.6905	22.4823
18.6979	22.5277
18.6985	22.5732
18.7015	22.6186
18.7066	22.6641
18.726	22.7096
18.7265	22.755
18.7273	22.8005
18.7304	22.8459
18.7319	22.8914
18.7404	22.9368
18.7437	22.9823
18.7441	23.0277
18.7455	23.0712
18.7462	23.1147
18.7469	23.1582
18.7485	23.2016
18.7493	23.2451
18.7638	23.2886
18.7841	23.3321
18.786	23.3756
18.8093	23.419
18.8143	23.4625
18.8327	23.506
18.8332	23.5495
18.8377	23.593
18.84	23.6364
18.8572	23.6799
18.8577	23.7234
18.8579	23.7669
18.8632	23.8103
18.8654	23.8538
18.8814	23.8973
18.8923	23.9408
18.9031	23.9843
18.9039	24.0277
18.9056	24.0694
18.9076	24.1111
18.9082	24.1527
18.9087	24.1944
18.9094	24.2361
18.9188	24.2777
18.9306	24.3194
18.9327	24.3611
18.9333	24.4027
18.9477	24.4444
18.973	24.4861
18.9769	24.5277
18.9815	24.5694
18.9869	24.6111
18.9911	24.6527
18.9912	24.6944
18.9914	24.7361
18.995	24.7777
18.9972	24.8194
19.0052	24.8611
19.008	24.9027
19.0189	24.9444
19.0193	24.9861
19.0207	25.0277
19.0218	25.0677
19.0221	25.1077
19.0274	25.1477
19.0286	25.1877
19.0315	25.2277
19.0504	25.2677
19.0582	25.3077
19.0595	25.3477
19.0596	25.3877
19.0691	25.4277
19.0967	25.4677
19.1054	25.5077
19.1066	25.5477
19.1094	25.5877
19.1145	25.6277
19.1194	25.6677
19.1221	25.7077
19.1233	25.7477
19.1241	25.7877
19.1323	25.8277
19.1354	25.8677
19.1432	25.9077
19.1448	25.9477
19.1455	25.9877
19.1475	26.0277
19.1498	26.0662
19.1538	26.1047
19.1541	26.1431
19.1546	26.1816
19.1565	26.22
19.1753	26.2585
19.1932	26.297
19.198	26.3354
19.1995	26.3739
19.1999	26.4124
19.2293	26.4508
19.2425	26.4893
19.2461	26.5277
19.2469	26.5662
19.2495	26.6047
19.2506	26.6431
19.2509	26.6816
19.2541	26.72
19.2561	26.7585
19.2589	26.797
19.2596	26.8354
19.2597	26.8739
19.2604	26.9124
19.2607	26.9508
19.2608	26.9893
19.2689	27.0277
19.2718	27.0648
19.272	27.1018
19.2723	27.1388
19.2778	27.1759
19.2805	27.2129
19.2978	27.25
19.3149	27.287
19.3164	27.324
19.3177	27.3611
19.3256	27.3981
19.3471	27.4351
19.3574	27.4722
19.3586	27.5092
19.3606	27.5463
19.364	27.5833
19.3674	27.6203
19.3721	27.6574
19.373	27.6944
19.3827	27.7314
19.3836	27.7685
19.3849	27.8055
19.3855	27.8426
19.3878	27.8796
19.3919	27.9166
19.3927	27.9537
19.4047	27.9907
19.4054	28.0277
19.4055	28.0635
19.4079	28.0992
19.4104	28.1349
19.4208	28.1706
19.4234	28.2063
19.4368	28.242
19.5165	28.2777
19.5211	28.3135
19.5314	28.3492
19.5389	28.3849
19.5551	28.4206
19.5582	28.4563
19.5609	28.492
19.5615	28.5277
19.5683	28.5635
19.5683	28.5992
19.5735	28.6349
19.5758	28.6706
19.5798	28.7063
19.5807	28.742
19.5815	28.7777
19.5825	28.8135
19.5833	28.8492
19.5855	28.8849
19.5901	28.9206
19.6044	28.9563
19.6048	28.992
19.6074	29.0277
19.6103	29.0622
19.615	29.0967
19.6155	29.1312
19.6405	29.1657
19.6445	29.2002
19.6517	29.2346
19.6909	29.2691
19.6945	29.3036
19.7058	29.3381
19.7135	29.3726
19.7237	29.407
19.7242	29.4415
19.7316	29.476
19.7364	29.5105
19.7402	29.545
19.7422	29.5795
19.7429	29.6139
19.7442	29.6484
19.7458	29.6829
19.7466	29.7174
19.7487	29.7519
19.7522	29.7864
19.7523	29.8208
19.754	29.8553
19.7665	29.8898
19.7784	29.9243
19.7794	29.9588
19.7822	29.9933
19.7822	30.0277
19.7822	30.0611
19.7868	30.0944
19.787	30.1277
19.8001	30.1611
19.8038	30.1944
19.8068	30.2277
19.8605	30.2611
19.8646	30.2944
19.866	30.3277
19.8691	30.3611
19.8829	30.3944
19.8845	30.4277
19.8919	30.4611
19.896	30.4944
19.8979	30.5277
19.8994	30.5611
19.9032	30.5944
19.9063	30.6277
19.911	30.6611
19.9136	30.6944
19.9171	30.7277
19.9236	30.7611
19.9258	30.7944
19.9282	30.8277
19.9445	30.8611
19.9528	30.8944
19.9564	30.9277
19.9583	30.9611
19.9597	30.9944
19.9612	31.0277
19.9629	31.06
19.978	31.0923
19.9806	31.1245
19.986	31.1568
19.9889	31.189
20.0123	31.2213
20.0473	31.2535
20.0512	31.2858
20.0688	31.3181
20.0698	31.3503
20.0752	31.3826
20.0792	31.4148
20.0803	31.4471
20.082	31.4793
20.0841	31.5116
20.0855	31.5439
20.0876	31.5761
20.0896	31.6084
20.092	31.6406
20.0982	31.6729
20.1004	31.7052
20.1115	31.7374
20.1136	31.7697
20.1159	15.8848
20.1214	15.9515
20.1335	16.0182
20.1372	16.0807
20.1399	16.1432
20.1399	16.2057
20.1405	16.2682
20.1406	16.3307
20.1498	16.3932
20.1656	16.4557
20.173	16.5182
20.1779	16.5807
20.1877	16.6432
20.1935	16.7057
20.222	16.7682
20.224	16.8307
20.2513	16.8932
20.2577	16.9557
20.2657	17.0182
20.2682	17.077
20.2697	17.1358
20.2857	17.1946
20.2885	17.2535
20.2932	17.3123
20.2952	17.3711
20.3017	17.4299
20.304	17.4888
20.3069	17.5476
20.3076	17.6064
20.3147	17.6652
20.316	17.7241
20.4132	17.7829
20.4388	17.8417
20.4534	17.9005
20.4587	17.9593
20.4658	18.0182
20.4666	18.0737
20.4683	18.1293
20.4812	18.1848
20.4819	18.2404
20.4824	18.2959
20.4831	18.3515
20.4863	18.4071
20.4921	18.4626
20.4927	18.5182
20.4941	18.5737
20.4943	18.6293
20.4954	18.6848
20.603	18.7404
20.6246	18.7959
20.6582	18.8515
20.662	18.9071
20.6734	18.9626
20.6741	19.0182
20.6748	19.0708
20.6761	19.1234
20.6765	19.1761
20.6766	19.2287
20.6784	19.2813
20.6789	19.334
20.6803	19.3866
20.6868	19.4392
20.6909	19.4919
20.6915	19.5445
20.6937	19.5971
20.6961	19.6497
20.7764	19.7024
20.799	19.755
20.829	19.8076
20.8304	19.8603
20.8427	19.9129
20.8428	19.9655
20.8435	20.0182
20.8481	20.0682
20.8482	20.1182
20.8482	20.1682
20.8482	20.2182
20.8483	20.2682
20.8483	20.3182
20.8505	20.3682
20.8571	20.4182
20.8731	20.4682
20.8732	20.5182
20.8766	20.5682
20.8767	20.6182
20.9427	20.6682
20.9594	20.7182
21.0095	20.7682
21.0131	20.8182
21.0318	20.8682
21.0345	20.9182
21.0382	20.9682
21.0385	21.0182
21.0468	21.0658
21.0493	21.1134
21.0502	21.161
21.0526	21.2086
21.0535	21.2563
21.0548	21.3039
21.055	21.3515
21.0607	21.3991
21.0658	21.4467
21.0732	21.4944
21.0986	21.542
21.1001	21.5896
21.1552	21.6372
21.1756	21.6848
21.1959	21.7325
21.1996	21.7801
21.2078	21.8277
21.2099	21.8753
21.2118	21.9229
21.2127	21.9706
21.2132	22.0182
21.2208	22.0636
21.2236	22.1091
21.2252	22.1545
21.2278	22.2
21.2294	22.2454
21.23	22.2909
21.2301	22.3364
21.2314	22.3818
21.2399	22.4273
21.2422	22.4727
21.2685	22.5182
21.2699	22.5636
21.3478	22.6091
21.3618	22.6545
21.413	22.7
21.4133	22.7454
21.4133	22.7909
21.4191	22.8364
21.4235	22.8818
21.4247	22.9273
21.4261	22.9727
21.4319	23.0182
21.4437	23.0616
21.451	23.1051
21.4518	23.1486
21.4596	23.1921
21.4614	23.2356
21.4714	23.279
21.472	23.3225
21.4728	23.366
21.4759	23.4095
21.4767	23.453
21.508	23.4964
21.5084	23.5399
21.569	23.5834
21.5711	23.6269
21.6193	23.6703
21.6252	23.7138
21.6266	23.7573
21.6334	23.8008
21.6401	23.8443
21.6525	23.8877
21.6537	23.9312
21.6552	23.9747
21.6553	24.0182
21.6566	24.0598
21.6567	24.1015
21.6618	24.1432
21.6699	24.1848
21.6722	24.2265
21.6744	24.2682
21.6755	24.3098
21.6768	24.3515
21.6783	24.3932
21.6793	24.4348
21.6912	24.4765
21.6987	24.5182
21.7724	24.5598
21.7747	24.6015
21.8422	24.6432
21.8487	24.6848
21.8528	24.7265
21.8538	24.7682
21.8574	24.8098
21.8637	24.8515
21.868	24.8932
21.8707	24.9348
21.8714	24.9765
21.8748	25.0182
21.8749	25.0582
21.8784	25.0982
21.8829	25.1382
21.8935	25.1782
21.8975	25.2182
21.9175	25.2582
21.9182	25.2982
21.9192	25.3382
21.9204	25.3782
21.925	25.4182
21.9419	25.4582
21.9448	25.4982
22.0179	25.5382
22.0213	25.5782
22.0974	25.6182
22.1007	25.6582
22.1016	25.6982
22.1023	25.7382
22.1115	25.7782
22.1158	25.8182
22.1176	25.8582
22.1193	25.8982
22.127	25.9382
22.1279	25.9782
22.1292	26.0182
22.1312	26.0566
22.1317	26.0951
22.1334	26.1336
22.1387	26.172
22.1424	26.2105
22.1577	26.2489
22.1631	26.2874
22.1632	26.3259
22.1648	26.3643
22.1763	26.4028
22.192	26.4412
22.1947	26.4797
22.2591	26.5182
22.2614	26.5566
22.3144	26.5951
22.3179	26.6336
22.3186	26.672
22.3208	26.7105
22.3307	26.7489
22.3316	26.7874
22.3343	26.8259
22.3349	26.8643
22.339	26.9028
22.3409	26.9412
22.3414	26.9797
22.3428	27.0182
22.3449	27.0552
22.3478	27.0922
22.348	27.1293
22.3502	27.1663
22.3548	27.2034
22.3589	13.6017
22.3621	13.6786
22.366	13.7555
22.3707	13.8324
22.38	13.9094
22.3944	13.9863
22.3968	14.0632
22.4238	14.1346
22.4276	14.2061
22.4971	14.2775
22.4993	14.3489
22.5006	14.4204
22.5019	14.4918
22.5113	14.5632
22.5145	14.6346
22.5157	14.7061
22.5165	14.7775
22.5229	14.8489
22.5269	14.9204
22.5281	14.9918
22.5294	15.0632
22.5369	15.1299
22.5381	15.1965
22.5397	15.2632
22.5409	15.3299
22.5433	15.3965
22.544	15.4632
22.6753	15.5299
22.6874	15.5965
22.6902	15.6632
22.6904	15.7299
22.7005	15.7965
22.7034	15.8632
22.7037	15.9299
22.7079	15.9965
22.708	16.0632
22.7132	16.1257
22.7135	16.1882
22.7202	16.2507
22.7205	16.3132
22.7351	16.3757
22.7352	16.4382
22.8535	16.5007
22.8568	16.5632
22.8572	16.6257
22.8591	16.6882
22.8657	16.7507
22.8663	16.8132
22.8687	16.8757
22.8728	16.9382
22.8765	17.0007
22.8773	17.0595
22.8981	17.1184
22.9004	17.1772
22.9038	17.236
22.9053	17.2948
22.9224	17.3537
22.9237	17.4125
23.0647	17.4713
23.0668	17.5301
23.0675	17.589
23.0692	17.6478
23.0715	17.7066
23.0732	17.7654
23.0786	17.8242
23.0799	17.8831
23.0813	17.9419
23.0854	18.0007
23.0858	18.0563
23.1002	18.1118
23.1027	18.1674
23.1064	18.2229
23.1113	18.2785
23.1304	18.334
23.1316	18.3896
23.2184	18.4452
23.2203	18.5007
23.2218	18.5563
23.2349	18.6118
23.2363	18.6674
23.2378	18.7229
23.2492	18.7785
23.2563	9.38925
23.2611	9.50036
23.2636	9.61147
23.2651	9.72258
23.269	9.83369
23.2757	9.9448
23.2781	10.0559
23.2808	10.1559
23.2852	10.2559
23.3072	10.3559
23.3093	10.4559
23.391	10.5559
23.3921	10.6559
23.3947	10.7559
23.4045	10.8559
23.4166	10.9559
23.4168	11.0559
23.4181	11.1468
23.4306	11.2377
23.4641	11.3286
23.4675	11.4195
23.5552	11.5105
23.5691	11.6014
23.5704	11.6923
23.573	11.7832
23.5769	11.8741
23.5776	11.965
23.5791	12.0559
23.5793	12.1392
23.5994	12.2226
23.6329	12.3059
23.6341	12.3892
23.7371	12.4726
23.7493	12.5559
23.7509	12.6392
23.7514	12.7226
23.7522	12.8059
23.7534	12.8892
23.7538	12.9726
23.7545	13.0559
23.7556	13.1328
23.7736	13.2098
23.7858	13.2867
23.7866	13.3636
23.9023	13.4405
23.9113	13.5175
23.9128	13.5944
23.9128	13.6713
23.9143	13.7482
23.9155	13.8251
23.9173	13.9021
23.925	13.979
23.9255	14.0559
23.9288	14.1273
23.9636	14.1988
23.9688	14.2702
23.9689	14.3416
24.0543	14.4131
24.0624	14.4845
24.0735	14.5559
24.0779	14.6273
24.0806	14.6988
24.0913	14.7702
24.093	14.8416
24.0947	14.9131
24.0948	14.9845
24.0984	15.0559
24.104	15.1226
24.126	15.1892
24.1273	15.2559
24.1279	15.3226
24.2024	15.3892
24.2085	15.4559
24.2152	15.5226
24.2154	15.5892
24.2169	15.6559
24.2201	15.7226
24.2252	15.7892
24.227	15.8559
24.2274	15.9226
24.2285	15.9892
24.2291	16.0559
24.2374	16.1184
24.2616	16.1809
24.2677	16.2434
24.2688	16.3059
24.3393	16.3684
24.3566	16.4309
24.358	16.4934
24.3591	16.5559
24.36	16.6184
24.364	16.6809
24.3737	16.7434
24.3807	16.8059
24.3861	16.8684
24.3883	16.9309
24.3935	16.9934
24.3949	17.0559
24.4064	17.1147
24.4272	17.1736
24.4305	17.2324
24.4325	17.2912
24.525	17.35
24.535	17.4089
24.5397	17.4677
24.5415	17.5265
24.5529	17.5853
24.5574	17.6441
24.5595	17.703
24.5646	17.7618
24.578	17.8206
24.5797	17.8794
24.5864	17.9383
24.5936	17.9971
24.5936	18.0559
24.6084	18.1115
24.6318	18.167
24.6409	18.2226
24.6442	18.2781
24.7116	18.3337
24.717	18.3892
24.7217	18.4448
24.7242	18.5004
24.7246	18.5559
24.7249	18.6115
24.7292	18.667
24.7342	18.7226
24.7344	18.7781
24.736	18.8337
24.7411	18.8892
24.7423	18.9448
24.7436	19.0004
24.7447	19.053
24.7507	19.1056
24.757	19.1583
24.7575	19.2109
24.7624	19.2635
24.8239	19.3161
24.8281	19.3688
24.8389	19.4214
24.8395	19.474
24.8396	19.5267
24.8435	19.5793
24.8506	19.6319
24.8561	19.6846
24.8656	19.7372
24.8712	19.7898
24.8712	19.8425
24.8712	19.8951
24.8712	19.9477
24.8712	20.0004
24.8806	20.0504
24.8942	20.1004
24.9051	20.1504
24.9097	20.2004
24.9166	20.2504
24.9612	20.3004
24.986	20.3504
24.997	20.4004
25.0039	20.4504
25.0095	20.5004
25.0165	20.5504
25.0377	20.6004
25.0641	20.6504
25.0667	20.7004
25.0679	20.7504
25.0691	20.8004
25.0713	20.8504
25.072	20.9004
25.0726	20.9504
25.0745	21.0004
25.0821	21.048
25.0998	21.0956
25.1065	21.1432
25.1072	21.1908
25.1102	21.2385
25.1543	21.2861
25.1838	21.3337
25.1965	21.3813
25.2115	21.4289
25.2127	21.4765
25.2243	21.5242
25.2469	21.5718
25.2501	21.6194
25.2508	21.667
25.264	21.7146
25.2661	21.7623
25.2683	21.8099
25.2728	21.8575
25.2759	21.9051
25.2779	21.9527
25.2805	22.0004
25.2811	22.0458
25.2899	22.0913
25.2941	22.1367
25.2949	22.1822
25.2953	22.2276
25.3568	22.2731
25.3786	22.3185
25.3949	22.364
25.4127	22.4094
25.4134	22.4549
25.4203	22.5004
25.4438	22.5458
25.4476	22.5913
25.4477	22.6367
25.4661	22.6822
25.4691	22.7276
25.4697	22.7731
25.4766	22.8185
25.4826	22.864
25.4859	22.9094
25.4859	22.9549
25.486	23.0004
25.4865	23.0438
25.4901	23.0873
25.4938	23.1308
25.4961	23.1743
25.4997	23.2177
25.5454	23.2612
25.5722	23.3047
25.597	23.3482
25.6062	23.3917
25.6078	23.4351
25.6149	23.4786
25.6387	23.5221
25.6394	23.5656
25.6408	23.6091
25.6499	23.6525
25.6611	23.696
25.6642	23.7395
25.6668	23.783
25.6707	23.8264
25.6738	23.8699
25.681	23.9134
25.6814	23.9569
25.6829	24.0004
25.685	24.042
25.6936	24.0837
25.6952	24.1254
25.698	24.167
25.7043	24.2087
25.7579	24.2504
25.777	24.292
25.8003	24.3337
25.8191	24.3754
25.8265	24.417
25.8341	24.4587
25.8591	24.5004
25.8607	24.542
25.8623	24.5837
25.8756	24.6254
25.8853	24.667
25.8866	24.7087
25.8875	24.7504
25.8915	24.792
25.8956	24.8337
25.8994	24.8754
25.9008	24.917
25.903	24.9587
25.9039	25.0004
25.9054	25.0404
25.9191	25.0804
25.922	25.1204
25.9227	25.1604
25.9297	25.2004
25.9845	25.2404
26.0051	25.2804
26.0289	25.3204
26.0518	25.3604
26.0755	25.4004
26.0784	25.4404
26.0893	25.4804
26.0941	25.5204
26.0961	25.5604
26.1052	25.6004
26.1139	25.6404
26.1155	25.6804
26.116	25.7204
26.1222	25.7604
26.1242	25.8004
26.1332	25.8404
26.1351	25.8804
26.1364	25.9204
26.1399	25.9604
26.1406	26.0004
26.1429	26.0388
26.1438	26.0773
26.1444	26.1157
26.1523	26.1542
26.1633	26.1927
26.2076	26.2311
26.2214	26.2696
26.2518	26.3081
26.2731	26.3465
26.2908	26.385
26.2947	26.4234
26.3064	26.4619
26.3131	26.5004
26.3161	26.5388
26.3178	26.5773
26.327	26.6157
26.329	26.6542
26.3298	26.6927
26.3313	26.7311
26.332	26.7696
26.3385	26.8081
26.3546	26.8465
26.3566	26.885
26.3587	26.9234
26.3596	26.9619
26.3609	27.0004
26.3625	27.0374
26.366	27.0744
26.3705	27.1115
26.3731	27.1485
26.3872	27.1855
26.4429	27.2226
26.45	27.2596
26.4851	27.2967
26.511	27.3337
26.5479	27.3707
26.5524	27.4078
26.5687	27.4448
26.5863	27.4818
26.5897	27.5189
26.5917	27.5559
26.6032	27.593
26.6042	27.63
26.6083	27.667
26.6105	27.7041
26.613	27.7411
26.6212	27.7781
26.6378	27.8152
26.644	27.8522
26.6446	27.8892
26.6455	27.9263
26.6478	27.9633
26.6503	28.0004
26.653	28.0361
26.6587	28.0718
26.6611	28.1075
26.6624	28.1432
26.6792	28.1789
26.7572	28.2146
26.7701	28.2504
26.8012	28.2861
26.8242	28.3218
26.8519	28.3575
26.8739	28.3932
26.8789	28.4289
26.8943	28.4646
26.8964	28.5004
26.897	28.5361
26.9033	28.5718
26.9105	28.6075
26.9122	28.6432
26.9129	28.6789
26.9141	28.7146
26.9208	28.7504
26.9368	28.7861
26.9438	28.8218
26.946	28.8575
26.9486	28.8932
26.9501	28.9289
26.9527	28.9646
26.9533	29.0004
26.9554	29.0348
26.9561	29.0693
26.9577	29.1038
26.9591	29.1383
26.9747	29.1728
27.0331	29.2073
27.0459	29.2417
27.0719	29.2762
27.0932	29.3107
27.1241	29.3452
27.1418	29.3797
27.1433	29.4142
27.1557	29.4486
27.1579	29.4831
27.1606	29.5176
27.1653	29.5521
27.1664	29.5866
27.17	29.621
27.1779	29.6555
27.1795	29.69
27.1862	29.7245
27.199	29.759
27.2001	29.7935
27.2043	29.8279
27.2055	29.8624
27.2092	29.8969
27.2144	29.9314
27.2158	29.9659
27.2171	30.0004
27.2193	30.0337
27.2219	30.067
27.2226	30.1004
27.2244	30.1337
27.2299	30.167
27.293	30.2004
27.3185	30.2337
27.3423	30.267
27.3634	30.3004
27.3928	30.3337
27.4126	30.367
27.4158	30.4004
27.432	30.4337
27.4345	30.467
27.436	30.5004
27.4397	30.5337
27.4419	30.567
27.4481	30.6004
27.4528	30.6337
27.4639	30.667
27.4708	30.7004
27.4849	30.7337
27.4937	30.767
27.4952	30.8004
27.5023	30.8337
27.5067	30.867
27.5093	30.9004
27.5118	30.9337
27.512	30.967
27.5121	31.0004
27.5171	31.0326
27.5178	31.0649
27.5193	31.0971
27.5239	31.1294
27.5247	31.1616
27.5889	31.1939
27.6077	31.2262
27.629	31.2584
27.6576	31.2907
27.6854	31.3229
27.6958	31.3552
27.7008	31.3875
27.72	31.4197
27.7227	31.452
27.7255	31.4842
27.7271	31.5165
27.7284	31.5487
27.7298	31.581
27.7348	31.6133
27.7361	31.6455
27.748	31.6778
27.7513	31.71
27.7516	31.7423
27.7582	31.7746
27.7634	31.8068
27.7678	31.8391
27.7693	31.8713
27.7709	31.9036
27.7729	31.9358
27.7747	31.9681
27.7756	32.0004
27.7759	32.0316
27.7775	32.0629
27.7796	32.0941
27.7856	32.1254
27.7926	32.1566
27.8437	32.1879
27.8667	32.2191
27.8921	32.2504
27.9147	32.2816
27.9395	32.3129
27.9543	32.3441
27.9567	32.3754
27.97	32.4066
27.9745	32.4379
27.9762	32.4691
27.9804	32.5004
27.9827	32.5316
27.9834	32.5629
27.9878	32.5941
27.9888	32.6254
28.0043	32.6566
28.0063	32.6879
28.0073	32.7191
28.0153	32.7504
28.0201	32.7816
28.0243	32.8129
28.0278	32.8441
28.0285	32.8754
28.0302	32.9066
28.0317	32.9379
28.0324	32.9691
28.0336	33.0004
28.0344	33.0307
28.0364	33.061
28.0401	33.0913
28.0516	33.1216
28.0573	33.1519
28.1107	33.1822
28.1342	33.2125
28.162	33.2428
28.1695	33.2731
28.2262	33.3034
28.2573	33.3337
28.2579	33.364
28.2988	33.3943
28.309	33.4246
28.3105	33.4549
28.3121	33.4852
28.3135	33.5155
28.317	33.5458
28.3196	33.5761
28.3287	33.6064
28.3342	33.6367
28.3371	33.667
28.3404	33.6973
28.3405	33.7276
28.3435	33.7579
28.3502	33.7882
28.3504	33.8185
28.3514	33.8488
28.3554	33.8791
28.358	33.9094
28.363	33.9398
28.3662	33.9701
28.369	34.0004
28.3733	34.0298
28.3761	34.0592
28.3803	34.0886
28.3805	34.118
28.3827	34.1474
28.4079	34.1768
28.4229	34.2062
28.4399	34.2357
28.4403	34.2651
28.4501	34.2945
28.4596	34.3239
28.4598	34.3533
28.4774	34.3827
28.4843	34.4121
28.4856	34.4415
28.4865	34.4709
28.4899	34.5004
28.4907	34.5298
28.4928	34.5592
28.5019	34.5886
28.5019	34.618
28.5039	34.6474
28.5061	34.6768
28.5069	34.7062
28.5072	34.7357
28.5085	34.7651
28.51	34.7945
28.5103	34.8239
28.5122	34.8533
28.5135	34.8827
28.522	34.9121
28.5271	34.9415
28.5292	34.9709
28.5304	35.0004
28.5365	35.0289
28.5382	35.0575
28.5457	35.0861
28.5494	35.1146
28.5554	35.1432
28.5815	35.1718
28.5881	35.2004
28.5996	35.2289
28.6054	35.2575
28.6384	35.2861
28.646	35.3146
28.6474	35.3432
28.6671	35.3718
28.6743	35.4004
28.6761	35.4289
28.6801	35.4575
28.6814	35.4861
28.6815	35.5146
28.6844	35.5432
28.6899	35.5718
28.6923	35.6004
28.694	35.6289
28.6962	35.6575
28.6962	35.6861
28.6962	35.7146
28.6962	35.7432
28.7256	35.7718
28.7269	35.8004
28.7274	35.8289
28.7283	35.8575
28.729	35.8861
28.7313	35.9146
28.7343	35.9432
28.7361	35.9718
28.7413	36.0004
28.7419	36.0281
28.7451	36.0559
28.7496	36.0837
28.7497	36.1115
28.7548	36.1392
28.7738	36.167
28.7758	36.1948
28.8156	36.2226
28.8205	36.2504
28.8405	36.2781
28.871	36.3059
28.8825	36.3337
28.935	36.3615
28.9566	36.3892
28.9574	36.417
28.9595	36.4448
28.9618	36.4726
28.9624	36.5004
28.9675	36.5281
28.9686	36.5559
28.9697	36.5837
28.9777	36.6115
28.9796	36.6392
28.9804	36.667
28.9822	36.6948
28.984	36.7226
28.9909	36.7504
28.9926	36.7781
28.9939	36.8059
28.9946	36.8337
28.9978	36.8615
28.9998	36.8892
29.002	36.917
29.0058	36.9448
29.0076	36.9726
29.0146	37.0004
29.0169	37.0274
29.0176	37.0544
29.0239	37.0814
29.0294	37.1085
29.034	37.1355
29.0435	37.1625
29.0446	37.1895
29.0516	37.2166
29.0526	37.2436
29.0563	37.2706
29.0751	37.2977
29.0764	37.3247
29.0937	37.3517
29.1007	37.3787
29.1008	37.4058
29.1031	37.4328
29.1046	37.4598
29.105	37.4868
29.1089	37.5139
29.1107	37.5409
29.1119	37.5679
29.115	37.595
29.1156	37.622
29.1162	37.649
29.117	37.676
29.1183	37.7031
29.1451	37.7301
29.1468	37.7571
29.1522	37.7841
29.1552	37.8112
29.1565	37.8382
29.1571	37.8652
29.1578	37.8922
29.1613	37.9193
29.1672	37.9463
29.1688	37.9733
29.1694	38.0004
29.1729	38.0267
29.1774	38.053
29.1813	38.0793
29.182	38.1056
29.1836	38.1319
29.1966	38.1583
29.1973	38.1846
29.2439	38.2109
29.246	38.2372
29.248	38.2635
29.2736	38.2898
29.2759	38.3161
29.2884	38.3425
29.3004	38.3688
29.3011	38.3951
29.3018	38.4214
29.3027	38.4477
29.3041	38.474
29.3098	38.5004
29.3193	38.5267
29.32	38.553
29.3213	38.5793
29.3236	38.6056
29.3243	38.6319
29.3249	38.6583
29.3268	38.6846
29.3369	38.7109
29.3375	38.7372
29.3391	38.7635
29.3418	38.7898
29.3433	38.8161
29.3448	38.8425
29.3462	38.8688
29.3496	38.8951
29.3658	38.9214
29.3659	38.9477
29.3675	38.974
29.3676	39.0004
29.3724	39.026
29.3766	39.0516
29.3795	39.0773
29.3806	39.1029
29.3824	39.1286
29.385	39.1542
29.3857	39.1798
29.4254	39.2055
29.4258	39.2311
29.4277	39.2568
29.4455	39.2824
29.4517	39.3081
29.4701	39.3337
29.4801	39.3593
29.4807	39.385
29.485	39.4106
29.4867	39.4363
29.4882	39.4619
29.4917	39.4875
29.5079	39.5132
29.5099	39.5388
29.5117	39.5645
29.5133	39.5901
29.5136	39.6157
29.515	39.6414
29.5157	39.667
29.5167	39.6927
29.5196	39.7183
29.5212	39.7439
29.5234	39.7696
29.5256	39.7952
29.5262	39.8209
29.5303	39.8465
29.5454	39.8722
29.551	39.8978
29.5544	39.9234
29.5586	39.9491
29.5624	39.9747
29.5624	40.0004
29.5624	40.0254
29.5679	40.0504
29.5727	40.0754
29.575	40.1004
29.5755	40.1254
29.5794	40.1504
29.5805	40.1754
29.6066	40.2004
29.6082	40.2254
29.6091	40.2504
29.6351	40.2754
29.6385	40.3004
29.6492	40.3254
29.6564	40.3504
29.6574	40.3754
29.6587	40.4004
29.6617	40.4254
29.6634	40.4504
29.665	40.4754
29.6792	40.5004
29.681	40.5254
29.6811	40.5504
29.6821	40.5754
29.6826	40.6004
29.6834	40.6254
29.6841	40.6504
29.6846	40.6754
29.6855	40.7004
29.6863	40.7254
29.6869	40.7504
29.6876	40.7754
29.6882	40.8004
29.6893	40.8254
29.7032	40.8504
29.7167	40.8754
29.7205	40.9004
29.7215	40.9254
29.7304	40.9504
29.7349	40.9754
29.7365	41.0004
29.7378	41.0247
29.742	41.0491
29.7429	41.0735
29.7439	41.0979
29.745	41.1223
29.7513	41.1467
29.7541	41.1711
29.7691	41.1955
29.7725	41.2199
29.7741	41.2443
29.8028	41.2687
29.8047	41.293
29.8202	41.3174
29.8221	41.3418
29.823	41.3662
29.8368	41.3906
29.8381	41.415
29.8395	41.4394
29.8425	41.4638
29.8627	41.4882
29.8651	41.5126
29.8661	41.5369
29.8685	41.5613
29.8717	41.5857
29.8732	41.6101
29.8783	41.6345
29.8818	41.6589
29.8839	41.6833
29.8863	41.7077
29.8879	41.7321
29.8886	41.7565
29.8892	41.7808
29.8913	41.8052
29.895	41.8296
29.9011	41.854
29.9175	41.8784
29.9183	41.9028
29.9195	41.9272
29.9238	41.9516
29.9244	41.976
29.9259	42.0004
29.9265	42.0242
29.9275	42.048
29.9308	42.0718
29.9325	42.0956
29.9328	42.1194
29.9356	42.1432
29.9379	42.167
29.9534	42.1908
29.9534	42.2146
29.9537	42.2385
29.98	42.2623
29.9811	42.2861
29.9879	42.3099
29.9881	42.3337
29.9908	42.3575
29.9957	42.3813
29.9959	42.4051
29.996	42.4289
30.0005	42.4527
30.0033	42.4765
30.0036	42.5004
30.0038	42.5242
30.0059	42.548
30.006	42.5718
30.0067	42.5956
30.0067	42.6194
30.0092	42.6432
30.0103	42.667
30.0104	42.6908
30.0109	42.7146
30.0124	42.7385
30.0125	42.7623
30.0157	42.7861
30.0212	42.8099
30.0402	42.8337
30.0437	42.8575
30.0449	42.8813
30.0459	42.9051
30.0467	42.9289
30.0474	42.9527
30.0486	42.9765
30.0493	43.0004
30.0501	43.0236
30.0512	43.0469
30.0533	43.0701
30.0598	43.0934
30.06	43.1166
30.0619	43.1399
30.0764	43.1631
30.0874	43.1864
30.0897	43.2097
30.0899	43.2329
30.1092	43.2562
30.1165	43.2794
30.1166	43.3027
30.1203	43.3259
30.1207	43.3492
30.1211	43.3725
30.1257	43.3957
30.1325	43.419
30.1393	43.4422
30.1421	43.4655
30.1429	43.4887
30.1447	43.512
30.1492	43.5352
30.1502	43.5585
30.1515	43.5818
30.1522	43.605
30.1529	43.6283
30.1549	43.6515
30.1563	43.6748
30.1588	43.698
30.1608	43.7213
30.162	43.7445
30.1644	43.7678
30.1747	43.7911
30.1768	43.8143
30.1796	43.8376
30.1825	43.8608
30.1837	43.8841
30.1845	43.9073
30.1853	43.9306
30.1859	43.9538
30.186	43.9771
30.1873	44.0004
30.1897	44.0231
30.1908	44.0458
30.1959	44.0685
30.2024	44.0913
30.2047	44.114
30.216	44.1367
30.225	44.1594
30.239	44.1822
30.2662	44.2049
30.2665	44.2276
30.2735	44.2504
30.2863	44.2731
30.2883	44.2958
30.2905	44.3185
30.2911	44.3413
30.2933	44.364
30.2935	44.3867
30.2939	44.4094
30.2964	44.4322
30.2996	44.4549
30.3001	44.4776
30.3023	44.5004
30.3037	44.5231
30.3044	44.5458
30.3057	44.5685
30.3057	44.5913
30.3091	44.614
30.3098	44.6367
30.3099	44.6594
30.3114	44.6822
30.3119	44.7049
30.3128	44.7276
30.3131	44.7504
30.3189	44.7731
30.3203	44.7958
30.3204	44.8185
30.3242	44.8413
30.3255	44.864
30.3279	44.8867
30.3308	44.9094
30.3321	44.9322
30.3325	44.9549
30.3333	44.9776
30.3339	45.0004
30.334	45.0226
30.334	45.0448
30.3368	45.067
30.3385	45.0892
30.3387	45.1115
30.3413	45.1337
30.347	45.1559
30.3529	45.1781
30.3725	45.2004
30.3745	45.2226
30.3863	45.2448
30.3894	45.267
30.3956	45.2892
30.3969	45.3115
30.4066	45.3337
30.4073	45.3559
30.4079	45.3781
30.4093	45.4004
30.4095	45.4226
30.4108	45.4448
30.4116	45.467
30.4137	45.4892
30.4147	45.5115
30.4224	45.5337
30.4235	45.5559
30.4236	45.5781
30.4248	45.6004
30.4264	45.6226
30.4285	45.6448
30.4305	45.667
30.4319	45.6892
30.4319	45.7115
30.4348	45.7337
30.4403	45.7559
30.4416	45.7781
30.4417	45.8004
30.4458	45.8226
30.446	45.8448
30.4473	45.867
30.4485	45.8892
30.4486	45.9115
30.4488	45.9337
30.4578	45.9559
30.4597	45.9781
30.4598	46.0004
30.4599	46.0221
30.4621	46.0438
30.4623	46.0656
30.4624	46.0873
30.4629	46.1091
30.4659	46.1308
30.4696	46.1525
30.4712	46.1743
30.4894	46.196
30.4939	46.2177
30.4957	46.2395
30.4976	46.2612
30.4996	46.283
30.5018	46.3047
30.5081	46.3264
30.5087	46.3482
30.5108	46.3699
30.512	46.3917
30.5128	46.4134
30.5143	46.4351
30.5154	46.4569
30.5187	46.4786
30.5193	46.5004
30.5249	46.5221
30.5307	46.5438
30.532	46.5656
30.5327	46.5873
30.534	46.6091
30.5367	46.6308
30.5368	46.6525
30.5377	46.6743
30.539	46.696
30.5494	46.7177
30.5517	46.7395
30.5551	46.7612
30.5573	46.783
30.5684	46.8047
30.576	46.8264
30.5776	46.8482
30.5792	46.8699
30.5816	46.8917
30.5817	46.9134
30.5849	46.9351
30.5917	46.9569
30.5968	46.9786
30.5984	47.0004
30.5991	47.0216
30.5992	47.0429
30.6006	47.0642
30.6012	47.0855
30.602	47.1067
30.6063	47.128
30.6115	47.1493
30.6147	47.1706
30.6204	47.1918
30.6259	47.2131
30.6323	47.2344
30.6353	47.2557
30.6372	47.277
30.6402	47.2982
30.6415	47.3195
30.6429	47.3408
30.6464	47.3621
30.648	47.3833
30.6489	47.4046
30.6555	47.4259
30.6565	47.4472
30.6573	47.4684
30.6587	47.4897
30.6654	47.511
30.6741	47.5323
30.6756	47.5535
30.6789	47.5748
30.6795	47.5961
30.684	47.6174
30.6846	47.6387
30.687	47.6599
30.6886	47.6812
30.6894	47.7025
30.6971	47.7238
30.698	47.745
30.6993	47.7663
30.7031	47.7876
30.7042	47.8089
30.705	47.8301
30.7058	47.8514
30.7084	47.8727
30.709	47.894
30.7156	47.9153
30.7213	47.9365
30.7232	47.9578
30.7233	47.9791
30.7254	48.0004
30.7282	48.0212
30.729	48.042
30.7293	48.0629
30.7309	48.0837
30.7323	48.1045
30.7362	48.1254
30.737	48.1462
30.7505	48.167
30.7703	48.1879
30.7744	48.2087
30.775	48.2295
30.7763	48.2504
30.7786	48.2712
30.7802	48.292
30.7804	48.3129
30.7815	48.3337
30.7821	48.3545
30.7833	48.3754
30.7848	48.3962
30.7854	48.417
30.7863	48.4379
30.7875	48.4587
30.7911	48.4795
30.7951	48.5004
30.7965	48.5212
30.7996	48.542
30.8038	48.5629
30.8132	48.5837
30.816	48.6045
30.8173	48.6254
30.8181	48.6462
30.8211	48.667
30.8212	48.6879
30.8262	48.7087
30.8288	48.7295
30.8309	48.7504
30.844	48.7712
30.8446	48.792
30.8451	48.8129
30.8463	48.8337
30.8541	48.8545
30.8548	48.8754
30.8593	48.8962
30.8619	48.917
30.8632	48.9379
30.8639	48.9587
30.866	48.9795
30.8667	49.0004
30.8678	49.0208
30.8689	49.0412
30.871	49.0616
30.8722	49.082
30.8725	49.1024
30.884	49.1228
30.8847	49.1432
30.9136	49.1636
30.9315	49.184
30.9364	49.2044
30.9377	49.2248
30.9385	49.2453
30.9407	49.2657
30.942	49.2861
30.9448	49.3065
30.9459	49.3269
30.9469	49.3473
30.9542	49.3677
30.9559	49.3881
30.957	49.4085
30.9632	49.4289
30.9656	49.4493
30.9669	49.4697
30.9724	49.4902
30.9741	49.5106
30.9832	49.531
30.9845	49.5514
30.9942	49.5718
30.9977	49.5922
30.9978	49.6126
31.0002	49.633
31.0028	49.6534
31.0033	49.6738
31.0119	49.6942
31.016	49.7146
31.0181	49.7351
31.0318	49.7555
31.0335	49.7759
31.0358	49.7963
31.0382	49.8167
31.0451	49.8371
31.046	49.8575
31.058	49.8779
31.0614	49.8983
31.0626	49.9187
31.0635	49.9391
31.0648	49.9595
31.0661	49.9799
31.0692	50.0004
31.0705	50.0204
31.074	50.0404
31.0752	50.0604
31.0808	50.0804
31.0817	50.1004
31.0879	50.1204
31.0908	50.1404
31.0988	50.1604
31.1057	50.1804
31.1103	50.2004
31.1134	50.2204
31.1159	50.2404
31.1208	50.2604
31.1252	50.2804
31.1267	50.3004
31.1286	50.3204
31.1306	50.3404
31.1355	50.3604
31.1375	50.3804
31.1377	50.4004
31.1392	50.4204
31.1411	50.4404
31.1432	50.4604
31.1509	50.4804
31.1515	50.5004
31.1565	50.5204
31.1591	50.5404
31.1631	50.5604
31.1687	50.5804
31.1695	50.6004
31.1709	50.6204
31.1722	50.6404
31.1735	50.6604
31.1754	50.6804
31.1759	50.7004
31.1768	50.7204
31.179	50.7404
31.1795	50.7604
31.182	50.7804
31.1858	50.8004
31.1875	50.8204
31.1881	25.4102
31.1975	25.4502
31.2006	25.4902
31.2022	25.5302
31.2024	25.5702
31.204	25.6102
31.2047	25.6502
31.2075	25.6902
31.2082	25.7302
31.2082	25.7702
31.2109	25.8102
31.211	25.8502
31.2139	25.8902
31.2141	25.9302
31.2155	25.9702
31.2155	26.0102
31.2258	26.0486
31.2286	26.0871
31.2288	26.1256
31.2288	26.164
31.233	26.2025
31.2335	26.2409
31.2339	26.2794
31.2356	26.3179
31.2359	26.3563
31.24	26.3948
31.2456	26.4333
31.2462	26.4717
31.2503	26.5102
31.2513	26.5486
31.2518	26.5871
31.2523	26.6256
31.2524	26.664
31.2525	26.7025
31.2569	26.7409
31.2652	26.7794
31.272	26.8179
31.2897	26.8563
31.2916	26.8948
31.2923	26.9333
31.2938	26.9717
31.2986	27.0102
31.2995	27.0472
31.3019	27.0843
31.3026	27.1213
31.3056	27.1583
31.3062	27.1954
31.3099	27.2324
31.3367	27.2694
31.3398	27.3065
31.3938	27.3435
31.3979	27.3805
31.4053	27.4176
31.4062	27.4546
31.4066	27.4917
31.4088	27.5287
31.4091	27.5657
31.4098	27.6028
31.411	27.6398
31.4125	27.6768
31.4154	27.7139
31.4185	27.7509
31.4221	27.788
31.4278	27.825
31.4292	27.862
31.43	27.8991
31.432	27.9361
31.4336	27.9731
31.4344	28.0102
31.435	28.0459
31.4368	28.0816
31.44	28.1173
31.4419	28.153
31.4434	28.1888
31.4449	28.2245
31.4703	28.2602
31.4734	28.2959
31.4938	28.3316
31.4988	28.3673
31.4994	28.403
31.5002	28.4388
31.5016	28.4745
31.507	28.5102
31.5088	28.5459
31.5112	28.5816
31.5118	28.6173
31.5136	28.653
31.5145	28.6888
31.5158	28.7245
31.5188	28.7602
31.5225	28.7959
31.5274	28.8316
31.5318	28.8673
31.5327	28.903
31.5351	28.9388
31.5353	28.9745
31.5354	29.0102
31.5367	29.0447
31.537	29.0791
31.5383	29.1136
31.5404	29.1481
31.5434	29.1826
31.5446	29.2171
31.5575	29.2516
31.5588	29.286
31.5841	29.3205
31.5855	29.355
31.5894	29.3895
31.591	29.424
31.6127	29.4585
31.6222	29.4929
31.6246	29.5274
31.6368	29.5619
31.638	29.5964
31.6393	29.6309
31.6395	29.6654
31.6403	29.6998
31.6446	29.7343
31.6447	29.7688
31.6459	29.8033
31.6466	29.8378
31.6517	29.8722
31.6711	29.9067
31.6767	29.9412
31.6782	29.9757
31.6812	30.0102
31.6829	30.0435
31.6898	30.0768
31.6972	30.1102
31.7007	30.1435
31.7029	30.1768
31.7042	30.2102
31.7211	30.2435
31.7239	30.2768
31.745	30.3102
31.7572	30.3435
31.761	30.3768
31.7623	30.4102
31.7768	30.4435
31.781	30.4768
31.784	30.5102
31.7963	30.5435
31.7978	30.5768
31.7982	30.6102
31.7988	30.6435
31.7996	30.6768
31.8024	30.7102
31.8039	30.7435
31.8051	30.7768
31.8069	30.8102
31.808	30.8435
31.8239	30.8768
31.8251	30.9102
31.8255	30.9435
31.8286	30.9768
31.829	31.0102
31.8331	31.0424
31.8369	31.0747
31.8442	31.107
31.8468	31.1392
31.8469	31.1715
31.8469	31.2037
31.8613	31.236
31.8626	31.2682
31.898	31.3005
31.9105	31.3328
31.9173	31.365
31.9208	31.3973
31.9364	31.4295
31.9388	31.4618
31.9521	31.494
31.9675	31.5263
31.9682	31.5586
31.9705	31.5908
31.9738	31.6231
31.9774	31.6553
31.9823	31.6876
31.992	31.7199
31.9929	31.7521
31.9965	31.7844
31.998	31.8166
32.0198	31.8489
32.021	31.8811
32.0296	31.9134
32.0313	31.9457
32.0326	31.9779
32.0334	32.0102
32.0341	32.0414
32.0355	32.0727
32.0389	32.1039
32.0422	32.1352
32.0457	32.1664
32.0483	32.1977
32.0634	32.2289
32.0646	32.2602
32.0792	32.2914
32.0922	32.3227
32.0965	32.3539
32.0972	32.3852
32.1077	32.4164
32.1168	32.4477
32.1241	32.4789
32.1496	32.5102
32.1534	16.2551
32.1545	16.3176
32.1571	16.3801
32.1674	16.4426
32.1691	16.5051
32.1722	16.5676
32.1763	16.6301
32.177	16.6926
32.1778	16.7551
32.2033	16.8176
32.2046	16.8801
32.2073	16.9426
32.2078	17.0051
32.2085	17.0639
32.2093	17.1227
32.2101	17.1816
32.2115	17.2404
32.2121	17.2992
32.2127	17.358
32.2135	17.4169
32.2144	17.4757
32.215	17.5345
32.2256	17.5933
32.2256	17.6521
32.2346	17.711
32.2459	17.7698
32.2466	17.8286
32.2483	17.8874
32.2548	17.9463
32.261	18.0051
32.266	18.0606
32.2899	18.1162
32.3473	18.1718
32.348	18.2273
32.3481	18.2829
32.3482	18.3384
32.3509	18.394
32.3521	18.4495
32.3529	18.5051
32.3543	18.5606
32.3588	18.6162
32.3662	18.6718
32.3848	18.7273
32.3869	18.7829
32.3913	18.8384
32.3944	18.894
32.4048	18.9495
32.4061	19.0051
32.4314	19.0577
32.4428	19.1104
32.4837	19.163
32.4864	19.2156
32.4892	19.2682
32.4893	19.3209
32.4906	19.3735
32.4927	19.4261
32.4929	19.4788
32.5018	19.5314
32.5034	19.584
32.506	19.6367
32.5199	19.6893
32.5209	19.7419
32.5215	19.7946
32.5226	19.8472
32.5273	19.8998
32.5286	19.9525
32.5308	20.0051
32.5417	20.0551
32.55	20.1051
32.5829	20.1551
32.5972	20.2051
32.5979	20.2551
32.5993	20.3051
32.6	20.3551
32.6032	20.4051
32.6058	20.4551
32.6098	20.5051
32.6113	20.5551
32.6132	20.6051
32.6293	20.6551
32.6302	20.7051
32.6311	20.7551
32.6413	20.8051
32.6454	20.8551
32.6474	20.9051
32.657	20.9551
32.6598	21.0051
32.6814	21.0527
32.6872	21.1003
32.7121	21.1479
32.7369	21.1956
32.7457	21.2432
32.7498	21.2908
32.7535	21.3384
32.7548	21.386
32.7555	21.4337
32.7563	21.4813
32.7569	21.5289
32.7591	21.5765
32.7707	21.6241
32.7728	21.6718
32.7769	21.7194
32.7831	21.767
32.7913	21.8146
32.7916	21.8622
32.7966	21.9099
32.8033	21.9575
32.8048	22.0051
32.8182	22.0505
32.8276	22.096
32.831	22.1415
32.845	22.1869
32.8533	22.2324
32.8558	22.2778
32.857	22.3233
32.8597	22.3687
32.8597	22.4142
32.863	22.4596
32.8663	22.5051
32.8671	22.5505
32.8751	22.596
32.8781	22.6415
32.8827	22.6869
32.8913	22.7324
32.9121	22.7778
32.915	22.8233
32.924	22.8687
32.9282	22.9142
32.9285	22.9596
32.9322	23.0051
32.9368	23.0486
32.9397	23.092
32.9437	23.1355
32.9497	23.179
32.9542	23.2225
32.955	23.266
32.9563	23.3094
32.9581	23.3529
32.9585	23.3964
32.9591	23.4399
32.9598	23.4834
32.9622	23.5268
32.9626	23.5703
32.9648	23.6138
32.9662	23.6573
32.9745	23.7007
33.0302	23.7442
33.0366	23.7877
33.0401	23.8312
33.0492	23.8747
33.0497	23.9181
33.0535	23.9616
33.0558	24.0051
33.0598	24.0468
33.0618	24.0884
33.0649	24.1301
33.0723	24.1718
33.0814	24.2134
33.082	24.2551
33.0827	24.2968
33.0834	24.3384
33.085	24.3801
33.0877	24.4218
33.088	24.4634
33.0914	24.5051
33.0916	24.5468
33.0965	24.5884
33.0966	24.6301
33.1025	24.6718
33.1366	24.7134
33.1396	24.7551
33.1398	24.7968
33.1505	24.8384
33.1516	24.8801
33.1539	24.9218
33.1563	24.9634
33.1573	25.0051
33.1594	25.0451
33.1638	25.0851
33.1644	25.1251
33.1756	25.1651
33.1842	25.2051
33.1849	25.2451
33.189	25.2851
33.1915	25.3251
33.1917	25.3651
33.1949	25.4051
33.1954	25.4451
33.1955	25.4851
33.1983	25.5251
33.2156	25.5651
33.2181	25.6051
33.2222	25.6451
33.247	25.6851
33.2471	25.7251
33.2569	25.7651
33.2609	25.8051
33.2629	25.8451
33.2637	25.8851
33.2686	25.9251
33.2734	25.9651
33.2764	26.0051
33.2786	26.0436
33.2791	26.082
33.2802	26.1205
33.2997	26.1589
33.3079	26.1974
33.333	26.2359
33.347	26.2743
33.349	26.3128
33.3497	26.3512
33.3503	26.3897
33.3532	26.4282
33.3534	26.4666
33.3551	26.5051
33.3823	26.5436
33.3833	26.582
33.3855	26.6205
33.4124	26.6589
33.4224	26.6974
33.4236	26.7359
33.4293	26.7743
33.4305	26.8128
33.4316	26.8512
33.4343	26.8897
33.4357	26.9282
33.4368	26.9666
33.4374	27.0051
33.4397	27.0421
33.4423	27.0792
33.4477	27.1162
33.4693	27.1532
33.4899	27.1903
33.4987	27.2273
33.5072	27.2643
33.5094	27.3014
33.513	27.3384
33.518	27.3755
33.5212	27.4125
33.5238	27.4495
33.5296	27.4866
33.5443	27.5236
33.5456	27.5606
33.5464	27.5977
33.5666	27.6347
33.567	27.6718
33.5713	27.7088
33.5728	27.7458
33.5738	27.7829
33.5744	27.8199
33.5751	27.8569
33.5757	27.894
33.5767	27.931
33.5789	27.9681
33.58	28.0051
33.5814	28.0408
33.5824	28.0765
33.5833	28.1122
33.602	28.1479
33.6153	28.1837
33.6184	28.2194
33.6275	28.2551
33.6283	28.2908
33.6326	28.3265
33.633	28.3622
33.6359	28.3979
33.6383	28.4337
33.6462	28.4694
33.6526	28.5051
33.6536	28.5408
33.6559	28.5765
33.6643	28.6122
33.6677	28.6479
33.6689	28.6837
33.6705	28.7194
33.672	28.7551
33.6726	28.7908
33.6733	28.8265
33.6755	28.8622
33.6773	28.8979
33.6785	28.9337
33.6831	28.9694
33.6845	29.0051
33.6851	29.0396
33.6859	29.0741
33.6889	29.1085
33.7004	29.143
33.7075	29.1775
33.7079	29.212
33.7408	29.2465
33.7416	29.281
33.7421	29.3154
33.7547	29.3499
33.7557	29.3844
33.761	29.4189
33.7696	29.4534
33.7734	29.4878
33.7739	29.5223
33.7769	29.5568
33.7782	29.5913
33.7803	29.6258
33.7826	29.6603
33.783	29.6947
33.7897	29.7292
33.791	29.7637
33.7931	29.7982
33.7941	29.8327
33.7955	29.8672
33.7967	29.9016
33.8022	29.9361
33.8029	29.9706
33.8048	30.0051
33.8062	30.0384
33.8074	30.0718
33.813	30.1051
33.8246	30.1384
33.8254	30.1718
33.8327	30.2051
33.8466	30.2384
33.849	30.2718
33.8561	30.3051
33.8869	30.3384
33.8887	30.3718
33.8918	30.4051
33.9055	30.4384
33.9082	30.4718
33.9152	30.5051
33.9238	30.5384
33.925	30.5718
33.928	30.6051
33.9295	30.6384
33.9329	30.6718
33.935	30.7051
33.9364	30.7384
33.9378	30.7718
33.9433	30.8051
33.945	30.8384
33.9463	30.8718
33.9576	30.9051
33.9591	30.9384
33.9598	30.9718
33.9619	31.0051
33.9631	31.0373
33.9669	31.0696
33.9704	31.1019
33.9727	31.1341
33.9761	31.1664
33.9868	31.1986
33.9926	31.2309
33.9948	31.2632
33.9957	31.2954
34.0074	31.3277
34.0099	31.3599
34.0114	31.3922
34.0355	31.4244
34.0386	31.4567
34.0464	31.489
34.0505	31.5212
34.052	31.5535
34.0575	31.5857
34.0591	31.618
34.0633	31.6503
34.0646	31.6825
34.0659	31.7148
34.067	31.747
34.0679	31.7793
34.0681	31.8115
34.069	31.8438
34.071	31.8761
34.0721	31.9083
34.0754	31.9406
34.0772	31.9728
34.0787	32.0051
34.0788	32.0363
34.0818	32.0676
34.0841	32.0988
34.0854	32.1301
34.0875	32.1613
34.0927	32.1926
34.0958	32.2238
34.1007	32.2551
34.1052	32.2863
34.1097	32.3176
34.1166	32.3488
34.1204	32.3801
34.1455	32.4113
34.1495	32.4426
34.1541	32.4738
34.1599	32.5051
34.1616	32.5363
34.1625	32.5676
34.1654	32.5988
34.1714	32.6301
34.1715	32.6613
34.1722	32.6926
34.1749	32.7238
34.1757	32.7551
34.1758	32.7863
34.1771	32.8176
34.1773	32.8488
34.1868	32.8801
34.1884	32.9113
34.1889	32.9426
34.192	32.9738
34.1934	33.0051
34.1941	33.0354
34.1948	33.0657
34.196	33.096
34.1969	33.1263
34.1992	33.1566
34.203	33.1869
34.2071	33.2172
34.2093	33.2475
34.217	33.2778
34.2291	33.3081
34.2386	33.3384
34.2516	33.3687
34.2676	33.399
34.2725	33.4293
34.2802	33.4596
34.2859	33.4899
34.2867	33.5202
34.2884	33.5505
34.2891	33.5808
34.2919	33.6112
34.2926	33.6415
34.2939	33.6718
34.2972	33.7021
34.2988	33.7324
34.2992	33.7627
34.2999	33.793
34.3	33.8233
34.3085	33.8536
34.3105	33.8839
34.3124	33.9142
34.3125	33.9445
34.3175	33.9748
34.318	34.0051
34.3188	34.0345
34.3216	34.0639
34.3229	34.0933
34.3238	34.1227
34.3246	34.1521
34.3262	34.1816
34.3277	34.211
34.3327	34.2404
34.3362	34.2698
34.3429	34.2992
34.3478	34.3286
34.3527	34.358
34.3718	34.3874
34.3788	34.4169
34.3793	34.4463
34.3814	34.4757
34.3821	34.5051
34.383	34.5345
34.3851	34.5639
34.3869	34.5933
34.3905	34.6227
34.3924	34.6521
34.3938	34.6816
34.3947	34.711
34.3949	34.7404
34.3958	34.7698
34.3962	34.7992
34.4023	34.8286
34.4025	34.858
34.4064	34.8874
34.4065	34.9169
34.4066	34.9463
34.407	34.9757
34.4073	35.0051
34.4133	35.0337
34.4157	35.0622
34.4159	35.0908
34.4165	35.1194
34.4184	35.1479
34.4198	35.1765
34.4201	35.2051
34.4207	35.2337
34.4243	35.2622
34.4254	35.2908
34.4271	35.3194
34.4276	35.3479
34.4423	35.3765
34.4509	35.4051
34.4521	35.4337
34.4531	35.4622
34.4545	35.4908
34.458	35.5194
34.4587	35.5479
34.4589	35.5765
34.4602	35.6051
34.4615	35.6337
34.4616	35.6622
34.4647	35.6908
34.4661	35.7194
34.4705	35.7479
34.4713	35.7765
34.4817	35.8051
34.4825	35.8337
34.4832	35.8622
34.4856	35.8908
34.4863	35.9194
34.4864	35.9479
34.4868	35.9765
34.4893	36.0051
34.4901	36.0329
34.4913	36.0606
34.4914	36.0884
34.4916	36.1162
34.4942	36.144
34.4949	36.1718
34.4955	36.1995
34.4957	36.2273
34.4993	36.2551
34.5025	36.2829
34.5028	36.3106
34.5052	36.3384
34.5177	36.3662
34.5298	36.394
34.5318	36.4218
34.5336	36.4495
34.5343	36.4773
34.5425	36.5051
34.5448	36.5329
34.5455	36.5606
34.5463	36.5884
34.5475	36.6162
34.5477	36.644
34.5489	36.6718
34.5505	36.6995
34.5515	36.7273
34.5528	36.7551
34.5579	36.7829
34.5595	36.8106
34.5602	36.8384
34.5637	36.8662
34.5644	36.894
34.5657	36.9218
34.5664	36.9495
34.5832	36.9773
34.5837	37.0051
34.5843	37.0321
34.5853	37.0591
34.5857	37.0862
34.5871	37.1132
34.5877	37.1402
34.5884	37.1673
34.5894	37.1943
34.5906	37.2213
34.5934	37.2483
34.5961	37.2754
34.5977	37.3024
34.6039	37.3294
34.6205	37.3564
34.6277	37.3835
34.6289	37.4105
34.6308	37.4375
34.6314	37.4645
34.6341	37.4916
34.6353	37.5186
34.6371	37.5456
34.6398	37.5727
34.6401	37.5997
34.6433	37.6267
34.6443	37.6537
34.6547	37.6808
34.6603	37.7078
34.6634	37.7348
34.6679	37.7618
34.6695	37.7889
34.6736	37.8159
34.6768	37.8429
34.6783	37.87
34.68	37.897
34.6814	37.924
34.6974	37.951
34.6987	37.9781
34.6992	38.0051
34.6998	38.0314
34.7005	38.0577
34.7012	38.084
34.7034	38.1104
34.704	38.1367
34.7062	38.163
34.7106	38.1893
34.7111	38.2156
34.7114	38.2419
34.7128	38.2682
34.714	38.2946
34.7184	38.3209
34.7341	38.3472
34.7374	38.3735
34.7381	38.3998
34.7388	38.4261
34.741	38.4525
34.7452	38.4788
34.7478	38.5051
34.7479	38.5314
34.7488	38.5577
34.7529	38.584
34.7533	38.6104
34.7548	38.6367
34.7555	38.663
34.757	38.6893
34.7579	38.7156
34.759	38.7419
34.76	38.7682
34.7605	38.7946
34.7616	38.8209
34.7622	38.8472
34.7635	38.8735
34.771	38.8998
34.7724	38.9261
34.7724	38.9525
34.7725	38.9788
34.7739	39.0051
34.7754	39.0307
34.7762	39.0564
34.7769	39.082
34.7789	39.1077
34.7795	39.1333
34.7822	39.1589
34.7824	39.1846
34.7825	39.2102
34.7826	39.2359
34.7856	39.2615
34.7859	39.2871
34.7888	39.3128
34.7921	39.3384
34.7928	39.3641
34.7936	39.3897
34.7953	39.4153
34.7959	39.441
34.7974	39.4666
34.8022	39.4923
34.8027	39.5179
34.8036	39.5436
34.8073	39.5692
34.8087	39.5948
34.8111	39.6205
34.8115	39.6461
34.8126	39.6718
34.8137	39.6974
34.8152	39.723
34.816	39.7487
34.8179	39.7743
34.818	39.8
34.82	39.8256
34.8208	39.8512
34.8245	39.8769
34.8278	39.9025
34.829	39.9282
34.8306	39.9538
34.8319	39.9794
34.8334	40.0051
34.8335	40.0301
34.8348	40.0551
34.8349	40.0801
34.8363	40.1051
34.8363	40.1301
34.8451	40.1551
34.8464	40.1801
34.8481	40.2051
34.8496	40.2301
34.8507	40.2551
34.8549	40.2801
34.8639	40.3051
34.8682	40.3301
34.8689	40.3551
34.8706	40.3801
34.8716	40.4051
34.8731	40.4301
34.8738	40.4551
34.8744	40.4801
34.8787	40.5051
34.8794	40.5301
34.8807	40.5551
34.8821	40.5801
34.8852	40.6051
34.8864	40.6301
34.8881	40.6551
34.8981	40.6801
34.8994	40.7051
34.9015	40.7301
34.9022	40.7551
34.9029	40.7801
34.9043	40.8051
34.9059	40.8301
34.91	40.8551
34.9114	40.8801
34.9137	40.9051
34.9143	40.9301
34.9162	40.9551
34.9179	40.9801
34.9194	41.0051
34.921	41.0295
34.9223	41.0539
34.9254	41.0783
34.9255	41.1027
34.9269	41.127
34.9287	41.1514
34.9292	41.1758
34.9317	41.2002
34.9325	41.2246
34.9326	41.249
34.934	41.2734
34.9369	41.2978
34.9383	41.3222
34.9398	41.3466
34.9402	41.3709
34.9418	41.3953
34.942	41.4197
34.9438	41.4441
34.9452	41.4685
34.9454	41.4929
34.9477	41.5173
34.9515	41.5417
34.9541	41.5661
34.9545	41.5905
34.9548	41.6148
34.955	41.6392
34.9606	41.6636
34.961	41.688
34.9617	41.7124
34.964	41.7368
34.964	41.7612
34.9652	41.7856
34.9656	41.81
34.9661	41.8344
34.9732	41.8587
34.9748	41.8831
34.9752	41.9075
34.9755	41.9319
34.9758	41.9563
34.976	41.9807
34.9762	42.0051
34.9763	42.0289
34.9806	42.0527
34.9818	42.0765
34.9836	42.1003
34.9862	42.1241
34.9863	42.1479
34.9864	42.1718
34.9899	42.1956
34.9923	42.2194
34.9924	42.2432
34.9925	42.267
34.9961	42.2908
34.9974	42.3146
34.9985	42.3384
34.9994	42.3622
35.0069	42.386
35.0085	42.4099
35.0112	42.4337
35.0156	42.4575
35.0169	42.4813
35.0247	42.5051
35.0259	42.5289
35.0303	42.5527
35.0309	42.5765
35.0325	42.6003
35.034	42.6241
35.0344	42.6479
35.0353	42.6718
35.0372	42.6956
35.0387	42.7194
35.039	42.7432
35.0401	42.767
35.0409	42.7908
35.0414	42.8146
35.0442	42.8384
35.0444	42.8622
35.0474	42.886
35.05	42.9099
35.051	42.9337
35.0513	42.9575
35.0516	42.9813
35.0522	43.0051
35.0523	43.0283
35.0543	43.0516
35.0545	43.0749
35.0547	43.0981
35.0571	43.1214
35.0575	43.1446
35.0578	43.1679
35.062	43.1911
35.0656	43.2144
35.066	43.2376
35.0692	43.2609
35.0706	43.2842
35.0708	43.3074
35.0716	43.3307
35.0719	43.3539
35.0769	43.3772
35.0771	43.4004
35.0772	43.4237
35.0775	43.4469
35.0823	43.4702
35.0882	43.4935
35.0888	43.5167
35.0896	43.54
35.0937	43.5632
35.0938	43.5865
35.0943	43.6097
35.0945	43.633
35.1002	43.6563
35.1012	43.6795
35.1014	43.7028
35.1018	43.726
35.1041	43.7493
35.1044	43.7725
35.1049	43.7958
35.1101	43.819
35.1103	43.8423
35.1105	43.8656
35.1197	43.8888
35.1257	43.9121
35.126	43.9353
35.1269	43.9586
35.1277	43.9818
35.13	44.0051
35.1322	44.0278
35.1335	44.0505
35.1354	44.0733
35.1369	44.096
35.1422	44.1187
35.1428	44.1415
35.1433	44.1642
35.1447	44.1869
35.1504	44.2096
35.1509	44.2324
35.1522	44.2551
35.1528	44.2778
35.1535	44.3005
35.1555	44.3233
35.1557	44.346
35.1593	44.3687
35.1609	44.3915
35.1614	44.4142
35.1631	44.4369
35.166	44.4596
35.1806	44.4824
35.1817	44.5051
35.1825	44.5278
35.1833	44.5505
35.1853	44.5733
35.1865	44.596
35.1867	44.6187
35.1913	44.6415
35.1915	44.6642
35.1916	44.6869
35.1945	44.7096
35.1947	44.7324
35.1965	44.7551
35.1968	44.7778
35.1976	44.8005
35.1994	44.8233
35.2013	44.846
35.2015	44.8687
35.2049	44.8915
35.205	44.9142
35.2054	44.9369
35.2056	44.9596
35.2057	44.9824
35.2098	45.0051
35.2102	45.0273
35.2108	45.0495
35.211	45.0718
35.2154	45.094
35.2155	45.1162
35.2181	45.1384
35.2181	45.1606
35.2182	45.1829
35.2298	45.2051
35.2301	45.2273
35.2343	45.2495
35.2373	45.2718
35.2386	45.294
35.2395	45.3162
35.2406	45.3384
35.2411	45.3606
35.2417	45.3829
35.2421	45.4051
35.2426	45.4273
35.2429	45.4495
35.2473	45.4718
35.248	45.494
35.2488	45.5162
35.2495	45.5384
35.2526	45.5606
35.2534	45.5829
35.2554	45.6051
35.2621	45.6273
35.266	45.6495
35.2666	45.6718
35.268	45.694
35.2688	45.7162
35.2708	45.7384
35.2712	45.7606
35.273	45.7829
35.2784	45.8051
35.2801	45.8273
35.2808	45.8495
35.2811	45.8718
35.2831	45.894
35.2834	45.9162
35.2837	45.9384
35.2849	45.9606
35.285	45.9829
35.2864	46.0051
35.2868	46.0268
35.2887	46.0486
35.2896	46.0703
35.2935	46.092
35.2957	46.1138
35.2968	46.1355
35.298	46.1573
35.3005	46.179
35.305	46.2007
35.3089	46.2225
35.3114	46.2442
35.3115	46.266
35.313	46.2877
35.3138	46.3094
35.3141	46.3312
35.3194	46.3529
35.3201	46.3747
35.3214	46.3964
35.3215	46.4181
35.3217	46.4399
35.3255	46.4616
35.3265	46.4834
35.3267	46.5051
35.3269	46.5268
35.327	46.5486
35.3304	46.5703
35.3315	46.592
35.3324	46.6138
35.3329	46.6355
35.3331	46.6573
35.3355	46.679
35.3357	46.7007
35.3414	46.7225
35.3416	46.7442
35.3429	46.766
35.3437	46.7877
35.3455	46.8094
35.3497	46.8312
35.3499	46.8529
35.3535	46.8747
35.3552	46.8964
35.3557	46.9181
35.3564	46.9399
35.3568	46.9616
35.363	46.9834
35.3634	47.0051
35.3648	47.0264
35.3654	47.0476
35.3683	47.0689
35.3754	47.0902
35.3781	47.1115
35.3793	47.1327
35.3802	47.154
35.384	47.1753
35.385	47.1966
35.3893	47.2179
35.3906	47.2391
35.3913	47.2604
35.3914	47.2817
35.3921	47.303
35.3923	47.3242
35.3955	47.3455
35.3963	47.3668
35.3966	47.3881
35.3967	47.4093
35.3995	47.4306
35.3997	47.4519
35.3998	47.4732
35.4002	47.4945
35.4013	47.5157
35.4014	47.537
35.4016	47.5583
35.404	47.5796
35.4042	47.6008
35.4044	47.6221
35.4069	47.6434
35.4071	47.6647
35.4103	47.6859
35.4162	47.7072
35.4166	47.7285
35.4168	47.7498
35.4169	47.771
35.4169	47.7923
35.4171	47.8136
35.422	47.8349
35.4225	47.8562
35.4271	47.8774
35.4274	47.8987
35.4329	47.92
35.433	47.9413
35.4332	47.9625
35.4337	47.9838
35.4344	48.0051
35.438	48.0259
35.438	48.0468
35.4382	48.0676
35.4452	48.0884
35.4456	48.1093
35.4505	48.1301
35.4507	48.1509
35.4558	48.1718
35.4563	48.1926
35.4597	48.2134
35.4598	48.2343
35.4599	48.2551
35.4604	48.2759
35.4605	48.2968
35.4606	48.3176
35.4658	48.3384
35.466	48.3593
35.4664	48.3801
35.467	48.4009
35.4673	48.4218
35.4708	48.4426
35.4708	48.4634
35.471	48.4843
35.4714	48.5051
35.477	48.5259
35.4774	48.5468
35.4782	48.5676
35.4818	48.5884
35.4819	48.6093
35.4819	48.6301
35.4821	48.6509
35.4822	48.6718
35.4823	48.6926
35.4826	48.7134
35.4882	48.7343
35.4885	48.7551
35.4887	48.7759
35.489	48.7968
35.4893	48.8176
35.4896	48.8384
35.4984	48.8593
35.4993	48.8801
35.5041	48.9009
35.5045	48.9218
35.5047	48.9426
35.5049	48.9634
35.5098	48.9843
35.5098	49.0051
35.5111	49.0255
35.5148	49.0459
35.515	49.0663
35.5202	49.0867
35.5204	49.1071
35.5207	49.1275
35.5208	49.1479
35.5209	49.1684
35.5258	49.1888
35.5264	49.2092
35.5266	49.2296
35.5269	49.25
35.5271	49.2704
35.5273	49.2908
35.5313	49.3112
35.5319	49.3316
35.5321	49.352
35.5367	49.3724
35.5372	49.3928
35.5421	49.4133
35.5423	49.4337
35.5427	49.4541
35.5489	49.4745
35.549	49.4949
35.5529	49.5153
35.553	49.5357
35.5533	49.5561
35.5535	49.5765
35.5538	49.5969
35.5585	24.7985
35.5586	24.8401
35.5588	24.8818
35.559	24.9235
35.5695	24.9651
35.5699	25.0068
35.5702	25.0468
35.5807	25.0868
35.5808	25.1268
35.5809	25.1668
35.581	25.2068
35.5872	25.2468
35.5875	25.2868
35.5973	25.3268
35.5979	25.3668
35.5983	25.4068
35.5984	25.4468
35.5986	25.4868
35.5987	25.5268
35.6024	25.5668
35.6025	25.6068
35.6077	25.6468
35.6077	25.6868
35.6078	25.7268
35.6079	25.7668
35.608	25.8068
35.608	25.8468
35.608	25.8868
35.6082	25.9268
35.6136	25.9668
35.6136	26.0068
35.6138	26.0453
35.614	26.0837
35.6144	26.1222
35.6146	26.1606
35.6187	26.1991
35.6187	26.2376
35.6187	26.276
35.6261	26.3145
35.6298	26.353
35.63	26.3914
35.6304	26.4299
35.6356	26.4683
35.6359	26.5068
35.6362	26.5453
35.6363	26.5837
35.6464	26.6222
35.6467	26.6606
35.6741	26.6991
35.6741	26.7376
35.6743	26.776
35.6747	26.8145
35.6749	26.853
35.6848	13.4265
35.6851	13.5034
35.6852	13.5803
35.6852	13.6572
35.6854	13.7342
35.6856	13.8111
35.6904	13.888
35.6905	13.9649
35.6907	14.0419
35.7016	14.1133
35.7018	14.1847
35.7023	14.2561
35.7025	14.3276
35.7065	14.399
35.707	14.4704
35.7072	14.5419
35.7124	14.6133
35.7125	14.6847
35.7127	14.7561
35.7129	14.8276
35.7135	14.899
35.7386	14.9704
35.7395	15.0419
35.7398	15.1085
35.74	15.1752
35.7413	15.2419
35.7566	15.3085
35.7613	15.3752
35.7614	15.4419
35.7615	15.5085
35.7676	15.5752
35.7684	15.6419
35.7689	15.7085
35.7724	15.7752
35.7725	15.8419
35.7849	15.9085
35.7854	15.9752
35.7858	16.0419
35.7885	16.1044
35.7886	16.1669
35.7925	16.2294
35.8015	16.2919
35.8032	16.3544
35.8051	16.4169
35.8072	16.4794
35.8187	16.5419
35.8189	16.6044
35.8206	16.6669
35.8236	16.7294
35.8249	16.7919
35.8347	16.8544
35.8353	16.9169
35.8377	16.9794
35.8383	17.0419
35.8393	17.1007
35.8401	17.1595
35.842	17.2183
35.8441	17.2772
35.8455	17.336
35.8457	17.3948
35.8536	17.4536
35.8675	17.5124
35.8681	17.5713
35.8716	17.6301
35.8755	17.6889
35.8763	17.7477
35.8804	17.8066
35.8844	17.8654
35.887	17.9242
35.8873	17.983
35.8898	18.0419
35.8915	18.0974
35.8917	18.153
35.8929	18.2085
35.8931	18.2641
35.8932	18.3196
35.8948	18.3752
35.8999	18.4307
35.9167	18.4863
35.9169	18.5419
35.9254	18.5974
35.9259	18.653
35.9261	18.7085
35.931	18.7641
35.9365	18.8196
35.9383	18.8752
35.9419	18.9307
35.9424	18.9863
35.9428	19.0419
35.9429	19.0945
35.9457	19.1471
35.9469	19.1998
35.9477	19.2524
35.9484	19.305
35.9492	19.3576
35.9514	19.4103
35.9659	19.4629
35.9697	19.5155
35.9732	19.5682
35.9767	19.6208
35.9776	19.6734
35.978	19.7261
35.9808	19.7787
35.9811	19.8313
35.9812	19.884
35.9847	19.9366
35.9864	19.9892
35.9867	20.0419
35.9894	20.0919
35.9926	20.1419
35.9928	20.1919
35.9958	20.2419
35.9958	20.2919
35.9976	20.3419
35.9978	20.3919
36.0046	20.4419
36.0131	20.4919
36.0172	20.5419
36.0196	20.5919
36.0224	20.6419
36.0224	20.6919
36.0225	20.7419
36.0297	20.7919
36.0307	20.8419
36.0309	20.8919
36.0348	20.9419
36.0348	20.9919
36.0352	21.0419
36.0404	21.0895
36.0409	21.1371
36.0411	21.1847
36.0411	21.2323
36.0446	21.28
36.045	21.3276
36.0502	21.3752
36.0564	21.4228
36.0628	21.4704
36.063	21.5181
36.0699	21.5657
36.0701	21.6133
36.0735	21.6609
36.0737	21.7085
36.0753	21.7561
36.0822	21.8038
36.0856	21.8514
36.0859	21.899
36.0902	21.9466
36.0903	21.9942
36.0905	22.0419
36.0971	22.0873
36.0972	22.1328
36.0978	22.1782
36.098	22.2237
36.1024	22.2691
36.1048	22.3146
36.1061	22.36
36.1106	22.4055
36.1181	22.451
36.1183	22.4964
36.1239	22.5419
36.1299	22.5873
36.1329	22.6328
36.1329	22.6782
36.1352	22.7237
36.1363	22.7691
36.1385	22.8146
36.1387	22.86
36.1436	22.9055
36.1483	22.951
36.1491	22.9964
36.1492	23.0419
36.154	23.0853
36.1549	23.1288
36.155	23.1723
36.1593	23.2158
36.1596	23.2593
36.1623	23.3027
36.1626	23.3462
36.1694	23.3897
36.1721	23.4332
36.1723	23.4766
36.1805	23.5201
36.1848	23.5636
36.1876	23.6071
36.1877	23.6506
36.1906	23.694
36.1938	23.7375
36.194	23.781
36.1944	23.8245
36.199	23.8679
36.2093	23.9114
36.2094	23.9549
36.2132	11.9775
36.2133	12.0684
36.2134	12.1517
36.2179	12.235
36.2181	12.3184
36.2237	12.4017
36.2239	12.485
36.224	12.5684
36.2241	12.6517
36.2291	12.735
36.2339	12.8184
36.234	12.9017
36.2452	12.985
36.2453	13.0684
36.2458	13.1453
36.2508	13.2222
36.2574	13.2991
36.2575	13.3761
36.2578	13.453
36.2625	13.5299
36.2635	13.6068
36.2729	13.6837
36.273	13.7607
36.2842	13.8376
36.2896	13.9145
36.2899	13.9914
36.2946	14.0684
36.2948	14.1398
36.3004	14.2112
36.306	14.2826
36.3061	14.3541
36.3113	14.4255
36.3122	14.4969
36.3168	14.5684
36.3219	14.6398
36.322	14.7112
36.3334	14.7826
36.3336	14.8541
36.3336	14.9255
36.3383	14.9969
36.3383	15.0684
36.3386	15.135
36.3388	15.2017
36.3494	15.2684
36.3495	15.335
36.3496	15.4017
36.3498	15.4684
36.3601	15.535
36.3603	15.6017
36.3604	15.6684
36.3713	15.735
36.3716	15.8017
36.3766	15.8684
36.3821	15.935
36.3821	16.0017
36.3822	16.0642
36.3824	16.1267
36.3825	16.1892
36.3883	16.2517
36.3934	16.3142
36.3935	16.3767
36.3937	16.4392
36.4036	16.5017
36.4038	16.5642
36.4039	16.6267
36.4096	16.6892
36.4097	16.7517
36.4146	16.8142
36.4201	16.8767
36.4201	16.9392
36.4209	17.0017
36.4213	17.0605
36.4215	17.1193
36.4259	17.1782
36.426	17.237
36.4314	17.2958
36.4315	17.3546
36.4364	17.4135
36.4369	17.4723
36.442	17.5311
36.4422	17.5899
36.4424	17.6488
36.4427	17.7076
36.4478	17.7664
36.4554	17.8252
36.4555	17.884
36.4555	17.9429
36.4556	18.0017
36.4611	18.0572
36.462	18.1128
36.4657	18.1684
36.4661	18.2239
36.4663	18.2795
36.4706	18.335
36.476	18.3906
36.4761	18.4461
36.4764	18.5017
36.4765	18.5572
36.4766	18.6128
36.4815	18.6684
36.4871	18.7239
36.4873	18.7795
36.4874	18.835
36.4906	18.8906
36.4907	18.9461
36.4932	19.0017
36.4935	19.0543
36.4977	19.107
36.5024	19.1596
36.5025	19.2122
36.5029	19.2649
36.5077	19.3175
36.5132	19.3701
36.5198	19.4227
36.5199	19.4754
36.5201	19.528
36.5204	19.5806
36.5206	19.6333
36.5303	19.6859
36.5323	19.7385
36.5326	19.7912
36.5327	19.8438
36.5328	19.8964
36.5329	19.9491
36.533	20.0017
36.5381	20.0517
36.5382	20.1017
36.5382	20.1517
36.5384	20.2017
36.5385	20.2517
36.5387	20.3017
36.5443	20.3517
36.5595	20.4017
36.5597	20.4517
36.5602	20.5017
36.5603	20.5517
36.5605	20.6017
36.5656	20.6517
36.566	20.7017
36.5707	20.7517
36.5708	20.8017
36.5711	20.8517
36.5761	20.9017
36.5765	20.9517
36.5767	21.0017
36.5817	21.0493
36.5819	21.0969
36.5821	21.1446
36.5823	21.1922
36.5869	21.2398
36.5872	21.2874
36.5878	21.335
36.5915	21.3826
36.5921	21.4303
36.5964	21.4779
36.5968	21.5255
36.6017	21.5731
36.6026	21.6207
36.6027	21.6684
36.608	21.716
36.6084	21.7636
36.6124	21.8112
36.6125	21.8588
36.6126	21.9065
36.613	21.9541
36.6181	22.0017
36.6239	22.0471
36.6301	22.0926
36.6303	22.1381
36.6306	22.1835
36.6342	22.229
36.6344	22.2744
36.6347	22.3199
36.6397	22.3653
36.6399	22.4108
36.6402	22.4562
36.6403	22.5017
36.6452	22.5471
36.6454	22.5926
36.6457	22.6381
36.6509	22.6835
36.6512	22.729
36.6515	22.7744
36.6564	22.8199
36.6568	22.8653
36.6616	22.9108
36.6671	22.9562
36.6672	23.0017
36.6673	23.0452
36.6728	23.0887
36.673	23.1321
36.678	23.1756
36.6781	23.2191
36.6782	23.2626
36.6834	23.306
36.6889	23.3495
36.6891	23.393
36.6895	23.4365
36.6897	23.48
36.6943	23.5234
36.6943	23.5669
36.6944	23.6104
36.7003	23.6539
36.7004	23.6973
36.7051	23.7408
36.7052	23.7843
36.7054	23.8278
36.7058	23.8713
36.716	23.9147
36.7162	23.9582
36.7165	24.0017
36.7217	24.0434
36.727	24.085
36.727	24.1267
36.7273	24.1684
36.7275	24.21
36.7325	24.2517
36.7329	24.2934
36.733	24.335
36.7378	24.3767
36.738	24.4184
36.7381	24.46
36.7437	24.5017
36.7439	24.5434
36.7487	24.585
36.7487	24.6267
36.7488	24.6684
36.7492	24.71
36.7543	24.7517
36.7545	24.7934
36.7596	24.835
36.7709	24.8767
36.772	24.9184
36.7724	24.96
36.7726	25.0017
36.7764	25.0417
36.7816	25.0817
36.7818	25.1217
36.7818	25.1617
36.7819	25.2017
36.7822	25.2417
36.7822	25.2817
36.7869	25.3217
36.7869	25.3617
36.7874	25.4017
36.7876	25.4417
36.7924	25.4817
36.7926	25.5217
36.7978	25.5617
36.7979	25.6017
36.7982	25.6417
36.7983	25.6817
36.8032	25.7217
36.8033	25.7617
36.8037	25.8017
36.8144	25.8417
36.8147	25.8817
36.8149	25.9217
36.8198	25.9617
36.82	26.0017
36.8205	26.0402
36.826	26.0786
36.8309	26.1171
36.8311	26.1555
36.832	26.194
36.832	26.2325
36.832	26.2709
36.836	26.3094
36.8361	26.3478
36.8362	26.3863
36.8363	26.4248
36.8365	26.4632
36.8366	26.5017
36.8369	26.5402
36.8415	26.5786
36.8416	26.6171
36.8417	26.6555
36.8419	26.694
36.8422	26.7325
36.8424	13.3662
36.8477	13.4432
36.8527	13.5201
36.8529	13.597
36.8531	13.6739
36.8533	13.7508
36.858	13.8278
36.8581	13.9047
36.8586	13.9816
36.8634	14.0585
36.8635	14.13
36.8636	14.2014
36.8637	14.2728
36.8638	14.3443
36.8689	14.4157
36.8692	14.4871
36.8694	14.5585
36.8695	14.63
36.8696	14.7014
36.8743	14.7728
36.8744	14.8443
36.8746	14.9157
36.8748	14.9871
36.875	15.0585
36.8751	15.1252
36.8752	15.1919
36.8842	15.2585
36.8843	15.3252
36.8983	15.3919
36.8986	15.4585
36.9036	15.5252
36.9038	15.5919
36.9042	15.6585
36.9044	15.7252
36.9045	15.7919
36.909	15.8585
36.9091	15.9252
36.9092	15.9919
36.9094	16.0585
36.9096	16.121
36.9146	16.1835
36.9148	16.246
36.915	16.3085
36.9327	16.371
36.9328	16.4335
36.9331	16.496
36.9377	16.5585
36.9381	16.621
36.9384	16.6835
36.9433	16.746
36.9434	16.8085
36.9434	16.871
36.9435	16.9335
36.9435	16.996
36.9486	17.0585
36.9487	17.1174
36.9489	17.1762
36.954	17.235
36.9543	17.2938
36.9722	17.3527
36.9726	17.4115
36.9727	17.4703
36.9762	17.5291
36.9762	17.588
36.9771	17.6468
36.9818	17.7056
36.9819	17.7644
36.9822	17.8232
36.9823	17.8821
36.9867	17.9409
36.9871	17.9997
36.9872	18.0585
36.9874	18.1141
36.9875	18.1697
36.9921	18.2252
36.9923	18.2808
37.0036	18.3363
37.0085	18.3919
37.0089	18.4474
37.0151	18.503
37.0153	18.5585
37.0201	18.6141
37.0203	18.6697
37.0205	18.7252
37.0208	18.7808
37.0254	18.8363
37.0255	18.8919
37.0258	18.9474
37.0261	19.003
37.0325	19.0556
37.0329	19.1082
37.0331	19.1609
37.0363	19.2135
37.0365	19.2661
37.0371	19.3188
37.0474	19.3714
37.0478	19.424
37.0529	19.4767
37.0531	19.5293
37.0591	19.5819
37.0636	19.6346
37.0637	19.6872
37.064	19.7398
37.0694	19.7925
37.0694	19.8451
37.0695	19.8977
37.0697	19.9504
37.0698	20.003
37.0701	20.053
37.0746	20.103
37.0746	20.153
37.0749	20.203
37.0803	20.253
37.0806	20.303
37.0856	20.353
37.0859	20.403
37.0963	20.453
37.0964	20.503
37.0967	20.553
37.1072	20.603
37.1073	20.653
37.1076	20.703
37.1078	20.753
37.1127	20.803
37.1128	20.853
37.1132	20.903
37.1133	20.953
37.1133	21.003
37.1181	21.0506
37.1183	21.0982
37.1184	21.1458
37.1185	21.1935
37.1187	21.2411
37.1236	21.2887
37.1292	21.3363
37.1294	21.3839
37.1346	21.4316
37.1346	21.4792
37.1349	21.5268
37.1454	21.5744
37.1455	21.622
37.1456	21.6697
37.1459	21.7173
37.1509	21.7649
37.1513	21.8125
37.1514	21.8601
37.1514	21.9077
37.1564	21.9554
37.1565	22.003
37.1565	22.0484
37.1569	22.0939
37.157	22.1393
37.1573	22.1848
37.162	22.2303
37.162	22.2757
37.1676	22.3212
37.1677	22.3666
37.1727	22.4121
37.173	22.4575
37.1731	22.503
37.1787	22.5484
37.1836	22.5939
37.1838	22.6393
37.1841	22.6848
37.1891	22.7303
37.1892	22.7757
37.1894	22.8212
37.1897	22.8666
37.1944	22.9121
37.1944	22.9575
37.1945	23.003
37.1946	23.0465
37.1948	23.0899
37.1949	23.1334
37.195	23.1769
37.1999	23.2204
37.2	23.2639
37.2003	23.3073
37.2054	23.3508
37.211	23.3943
37.2114	23.4378
37.2115	23.4812
37.2164	23.5247
37.2217	23.5682
37.2221	23.6117
37.2223	23.6552
37.2272	23.6986
37.2273	23.7421
37.2277	23.7856
37.2328	23.8291
37.2329	23.8725
37.2331	23.916
37.2332	23.9595
37.2333	24.003
37.2336	24.0447
37.238	24.0863
37.2381	24.128
37.2385	24.1697
37.2387	24.2113
37.2435	24.253
37.2435	24.2947
37.2436	24.3363
37.2441	24.378
37.2491	24.4197
37.2492	24.4613
37.2551	24.503
37.26	24.5447
37.2601	24.5863
37.2604	24.628
37.2655	24.6697
37.2656	24.7113
37.2658	24.753
37.2708	24.7947
37.2709	24.8363
37.271	24.878
37.2712	24.9197
37.2763	24.9613
37.2764	25.003
37.2765	25.043
37.2766	25.083
37.2817	25.123
37.2819	25.163
37.2819	25.203
37.2822	25.243
37.2871	25.283
37.2872	25.323
37.2875	25.363
37.2878	25.403
37.2926	25.443
