time	cwndsize
0.282847	11
0.284946	12
0.287804	13
0.289502	14
0.290549	15
0.291049	16
0.292402	17
0.294737	18
0.295261	19
0.295931	20
0.333968	21
0.335264	22
0.336604	23
0.338312	24
0.341586	25
0.34294	26
0.343548	27
0.344255	28
0.345923	29
0.347034	30
0.348399	31
0.349896	32
0.351893	33
0.352561	34
0.353961	35
0.354834	36
0.356073	37
0.356759	38
0.35742	39
0.358746	40
0.415014	41
0.415927	42
0.417047	43
0.418022	44
0.41917	45
0.419916	46
0.420583	47
0.421926	48
0.428199	49
0.429603	50
0.431904	51
0.432293	52
0.433	53
0.434448	54
0.435866	55
0.437116	56
0.437858	57
0.439265	58
0.439883	59
0.441259	60
0.44268	61
0.444034	62
0.445429	63
0.446137	64
0.450232	65
0.451665	66
0.452294	67
0.452989	68
0.457902	69
0.458723	70
0.459947	71
0.460668	72
0.462014	73
0.462695	74
0.464991	75
0.466214	76
0.466821	77
0.46771	78
0.468877	79
0.470273	80
0.5498	81
0.551158	82
0.552659	83
0.553905	84
0.554551	85
0.556223	86
0.557333	87
0.558723	88
0.559493	89
0.561005	90
0.563572	91
0.564233	92
0.564899	93
0.565624	94
0.566294	95
0.567061	96
0.576618	97
0.578038	98
0.579385	99
0.580768	100
0.597455	101
0.598921	102
0.600198	103
0.601634	104
0.603194	105
0.625538	106
0.626965	107
0.630878	108
0.631613	109
0.632986	110
0.634599	111
0.635275	112
0.637149	113
0.639518	114
0.640861	115
0.641586	116
0.642333	117
0.642999	118
0.643803	119
0.644345	120
0.6457	121
0.647391	122
0.647798	123
0.648479	124
0.649249	125
0.649923	126
0.650619	127
0.651292	128
0.653403	129
0.654799	130
0.657933	131
0.658596	132
0.659284	133
0.661447	134
0.662117	135
0.663512	136
0.710576	137
0.711323	138
0.712559	139
0.713324	140
0.715334	141
0.717387	142
0.718141	143
0.719468	144
0.721567	145
0.722939	146
0.723598	147
0.724269	148
0.726346	149
0.727071	150
0.727737	151
0.728396	152
0.7291	153
0.730434	154
0.731839	155
0.733913	156
0.734589	157
0.735333	158
0.739472	159
0.740777	160
0.777008	161
0.778362	162
0.779764	163
0.780444	164
0.781773	165
0.783182	166
0.784652	167
0.78527	168
0.788705	169
0.790783	170
0.791806	171
0.793052	172
0.793445	173
0.794837	174
0.795539	175
0.797645	176
0.800227	177
0.802014	178
0.80339	179
0.804045	180
0.804777	181
0.808514	182
0.809175	183
0.810584	184
0.812751	185
0.812843	186
0.814034	187
0.814689	188
0.815398	189
0.8162	190
0.81679	191
0.820254	192
0.825104	193
0.825702	194
0.826363	195
0.827078	196
0.827753	197
0.828453	198
0.829169	199
0.831261	200
0.8546	201
0.857482	202
0.858387	203
0.859325	204
0.859453	205
0.859596	206
0.85985	207
0.860005	208
0.86133	209
0.862038	210
0.988253	211
0.989257	212
0.990283	213
0.991046	214
0.994254	215
0.996999	216
1.00785	217
1.00889	218
1.01124	219
1.01144	220
1.01224	221
1.0251	222
1.0257	223
1.02712	224
1.0292	225
1.03812	226
1.04016	227
1.04157	228
1.04293	229
1.04498	230
1.04641	231
1.04839	232
1.04981	233
1.05117	234
1.05257	235
1.05667	236
1.05875	237
1.0745	238
1.07467	239
1.07594	240
1.07646	241
1.07735	242
1.07806	243
1.08338	244
1.08353	245
1.08359	246
1.0839	247
1.08451	248
1.08464	249
1.08474	250
1.085	251
1.08525	252
1.08569	253
1.08625	254
1.08695	255
1.08768	256
1.08835	257
1.08983	258
1.08989	259
1.09051	260
1.0911	261
1.09181	262
1.09245	263
1.09316	264
1.09394	265
1.09457	266
1.09522	267
1.10587	268
1.10818	269
1.10884	270
1.10974	271
1.11024	272
1.11097	273
1.1116	274
1.11255	275
1.11351	276
1.11406	277
1.1147	278
1.11536	279
1.11609	280
1.11675	281
1.11747	282
1.11817	283
1.11881	284
1.11961	285
1.1202	286
1.12094	287
1.12159	288
1.1223	289
1.12303	290
1.12366	291
1.12432	292
1.12501	293
1.12575	294
1.12643	295
1.1271	296
1.12961	297
1.13033	298
1.13099	299
1.13169	300
1.13244	301
1.1331	302
1.13368	303
1.13446	304
1.13509	305
1.13607	306
1.13649	307
1.13735	308
1.13801	309
1.13867	310
1.13938	311
1.14177	312
1.14271	313
1.14349	314
1.14409	315
1.36728	316
1.37287	317
1.37559	318
1.38026	319
1.38319	320
1.38721	321
1.39387	322
1.39471	323
1.39523	324
1.39591	325
1.3966	326
1.39731	327
1.39798	328
1.39881	329
1.39945	330
1.40038	331
1.40099	332
1.40156	333
1.40242	334
1.40309	335
1.40359	336
1.40491	337
1.40638	338
1.40797	339
1.4095	340
1.41153	341
1.41181	342
1.41331	343
1.41484	344
1.41608	345
1.41689	346
1.41885	347
1.42048	348
1.42233	349
1.42295	350
1.42356	351
1.42562	352
1.42702	353
1.42832	354
1.42973	355
1.43134	356
1.43268	357
1.43385	358
1.4352	359
1.43675	360
1.43814	361
1.44002	362
1.4407	363
1.44209	364
1.44358	365
1.44483	366
1.44626	367
1.44758	368
1.44896	369
1.45035	370
1.45172	371
1.45307	372
1.45447	373
1.45579	374
1.45723	375
1.45951	376
1.46094	377
1.46224	378
1.46364	379
1.46499	380
1.46632	381
1.46776	382
1.46909	383
1.47044	384
1.47182	385
1.47321	386
1.47525	387
1.47594	388
1.47737	389
1.47922	390
1.48009	391
1.48164	392
1.48469	393
1.48559	394
1.48583	395
1.4881	396
1.48903	397
1.48948	398
1.48979	399
1.49085	400
1.49181	401
1.4924	402
1.49434	403
1.495	404
1.49535	405
1.49582	406
1.49592	407
1.49722	408
1.49889	409
1.49916	410
1.4997	411
1.50105	412
1.50235	413
1.50377	414
1.50516	415
1.53419	416
1.5356	417
1.537	418
1.53836	419
1.53904	420
1.5399	421
1.54174	422
1.54453	423
1.54656	424
1.54875	425
1.5507	426
1.55281	427
1.55484	428
1.55556	429
1.5564	430
1.55715	431
1.55766	432
1.55827	433
1.55901	434
1.5597	435
1.56032	436
1.56113	437
1.56171	438
1.56264	439
1.56943	440
1.57048	441
1.57091	442
1.5723	443
1.57357	444
1.57695	445
1.57827	446
1.58032	447
1.58174	448
1.5825	449
1.58309	450
1.58377	451
1.58443	452
1.58588	453
1.58721	454
1.58789	455
1.58923	456
1.59068	457
1.59204	458
1.5941	459
1.59486	460
1.59619	461
1.59682	462
1.59755	463
1.59957	464
1.60027	465
1.60162	466
1.60228	467
1.60298	468
1.60374	469
1.60461	470
1.60504	471
1.60652	472
1.60723	473
1.60876	474
1.60943	475
1.61082	476
1.61214	477
1.61283	478
1.61346	479
1.61489	480
1.61555	481
1.61694	482
1.61827	483
1.619	484
1.61967	485
1.62104	486
1.6218	487
1.6224	488
1.62323	489
1.62581	490
1.62664	491
1.62728	492
1.62805	493
1.62939	494
1.62993	495
1.63065	496
1.63145	497
1.63214	498
1.63293	499
1.63342	500
1.63511	501
1.63608	502
1.63629	503
1.63748	504
1.6382	505
1.63891	506
1.64023	507
1.64091	508
1.6423	509
1.64301	510
1.64366	511
1.64444	512
1.64575	513
1.64708	514
1.6485	515
1.65004	516
1.65128	517
1.65261	518
1.65398	519
1.6554	520
1.65675	521
1.6581	522
1.65951	523
1.66085	524
1.66234	525
1.66366	526
1.66503	527
1.66634	528
1.66792	529
1.66932	530
1.67076	531
1.67141	532
1.67204	533
1.6752	534
1.67641	535
1.67758	536
1.67894	537
1.68035	538
1.68169	539
1.68339	540
1.68443	541
1.68584	542
1.68864	543
1.69066	544
1.69296	545
1.69407	546
1.69482	547
1.69646	548
1.69688	549
1.69823	550
1.69894	551
1.70031	552
1.70097	553
1.70238	554
1.70379	555
1.70511	556
1.7066	557
1.70786	558
1.70925	559
1.71059	560
1.71132	561
1.71269	562
1.7141	563
1.71545	564
1.71677	565
1.71817	566
1.71956	567
1.72093	568
1.72228	569
1.72366	570
1.72514	571
1.7264	572
1.72778	573
1.72912	574
1.72985	575
1.73057	576
1.73122	577
1.73191	578
1.73262	289
1.7333	289.003
1.73398	289.007
1.73467	289.01
1.73536	289.014
1.73607	289.017
1.73669	289.021
1.73742	289.024
1.73816	289.028
1.7388	289.031
1.73947	289.035
1.74019	289.038
1.74084	289.042
1.74155	289.045
1.74221	289.048
1.7429	289.052
1.74361	289.055
1.74426	289.059
1.74495	289.062
1.74565	289.066
1.74633	289.069
1.74702	289.073
1.74769	289.076
1.7484	289.08
1.74911	289.083
1.74977	289.087
1.75118	289.09
1.75256	289.093
1.75393	289.097
1.75528	289.1
1.75734	289.104
1.75799	289.107
1.75936	289.111
1.76075	289.114
1.76214	289.118
1.76354	289.121
1.7642	289.125
1.7649	289.128
1.76559	289.131
1.76624	289.135
1.76701	289.138
1.76762	289.142
1.76837	289.145
1.769	289.149
1.77038	289.152
1.77112	289.156
1.77314	289.159
1.77459	289.163
1.77592	289.166
1.77722	289.17
1.77942	289.173
1.78071	289.176
1.78205	289.18
1.78364	289.183
1.78413	289.187
1.78626	289.19
1.78689	289.194
1.78827	289.197
1.78912	289.201
1.78981	289.204
1.79038	289.208
1.79103	289.211
1.79187	289.215
1.79254	289.218
1.79312	289.221
1.79378	289.225
1.7993	289.228
1.80012	289.232
1.80152	289.235
1.80259	289.239
1.80294	289.242
1.80358	289.246
1.80448	289.249
1.80525	289.253
1.80642	289.256
1.80712	289.26
1.80773	289.263
1.80845	289.266
1.80908	289.27
1.80984	289.273
1.81049	289.277
1.81115	289.28
1.81186	289.284
1.81253	289.287
1.81335	289.291
1.81391	289.294
1.81454	289.298
1.81528	289.301
1.81595	289.304
1.81672	289.308
1.81738	289.311
1.81805	289.315
1.81872	289.318
1.81948	289.322
1.82014	289.325
1.8208	289.329
1.82148	289.332
1.82212	289.336
1.82283	289.339
1.82356	289.343
1.82429	289.346
1.82493	289.349
1.8256	289.353
1.82629	289.356
1.827	289.36
1.82771	289.363
1.82832	289.367
1.82903	289.37
1.82971	289.374
1.83035	289.377
1.83103	289.381
1.83173	289.384
1.83244	289.388
1.8332	289.391
1.83381	289.394
1.83449	289.398
1.83589	289.401
1.83678	289.405
1.83721	289.408
1.83861	289.412
1.83999	289.415
1.84068	289.419
1.84209	289.422
1.84273	289.426
1.84414	289.429
1.84483	289.433
1.84552	289.436
1.84693	289.439
1.84832	289.443
1.84894	289.446
1.8496	289.45
1.85096	289.453
1.85168	289.457
1.85304	289.46
1.85385	289.464
1.85448	289.467
1.85576	289.471
1.85646	289.474
1.85855	289.478
1.85996	289.481
1.86057	289.484
1.86152	289.488
1.86264	289.491
1.86408	289.495
1.86472	289.498
1.86546	289.502
1.86667	289.505
1.86687	289.509
1.86768	289.512
1.86838	289.516
1.86904	289.519
1.86978	289.522
1.87044	289.526
1.87136	289.529
1.87186	289.533
1.87256	289.536
1.87459	289.54
1.87531	289.543
1.87871	289.547
1.88155	289.55
1.88298	289.554
1.88432	289.557
1.88559	289.561
1.88696	289.564
1.88831	289.567
1.88968	289.571
1.89107	289.574
1.89259	289.578
1.89383	289.581
1.89521	289.585
1.89658	289.588
1.89809	289.592
1.89947	289.595
1.90082	289.599
1.90159	289.602
1.90291	289.606
1.90358	289.609
1.90423	289.612
1.90503	289.616
1.90569	289.619
1.90638	289.623
1.90703	289.626
1.90772	289.63
1.9091	289.633
1.90982	289.637
1.91045	289.64
1.91113	289.644
1.91179	289.647
1.91252	289.651
1.91387	289.654
1.91455	289.657
1.9153	289.661
1.91664	289.664
1.91799	289.668
1.91871	289.671
1.91936	289.675
1.92007	289.678
1.92144	289.682
1.92356	289.685
1.92419	289.689
1.92484	289.692
1.92623	289.696
1.92823	289.699
1.92913	289.702
1.92973	289.706
1.93041	289.709
1.93184	289.713
1.93317	289.716
1.93454	289.72
1.93666	289.723
1.93799	289.727
1.93946	289.73
1.94141	289.734
1.94278	289.737
1.94348	289.74
1.94557	289.744
1.94625	289.747
1.94693	289.751
1.9479	289.754
1.94902	289.758
1.94966	289.761
1.95044	289.765
1.95175	289.768
1.95312	289.772
1.95451	289.775
1.95583	289.779
1.95655	289.782
1.95763	289.785
1.95797	289.789
1.96008	289.792
1.9607	289.796
1.96141	289.799
1.96214	289.803
1.96481	289.806
1.96617	289.81
1.96766	289.813
1.96968	289.817
1.97177	289.82
1.9724	289.824
1.97308	289.827
1.97376	289.83
1.97445	289.834
1.9765	289.837
1.97788	289.841
1.97858	289.844
1.97927	289.848
1.97993	289.851
1.9827	289.855
1.98408	289.858
1.98473	289.862
1.9855	289.865
1.98614	289.869
1.98685	289.872
1.9875	289.875
1.98818	289.879
1.98886	289.882
1.98964	289.886
1.99167	289.889
1.99371	289.893
1.99905	289.896
2.00191	289.9
2.00396	289.903
2.00535	289.907
2.006	289.91
2.00875	289.913
2.01014	289.917
2.01075	289.92
2.01168	289.924
2.0122	289.927
2.01288	289.931
2.01421	289.934
2.01494	289.938
2.01624	289.941
2.01833	289.945
2.02111	289.948
2.02256	289.952
2.02387	289.955
2.02457	289.958
2.02664	289.962
2.0287	289.965
2.0301	289.969
2.03076	289.972
2.03156	289.976
2.03283	289.979
2.03428	289.983
2.03559	289.986
2.03691	289.99
2.03832	289.993
2.03976	289.997
2.04107	290
2.04309	290.003
2.04417	290.007
2.04517	290.01
2.04725	290.014
2.04863	290.017
2.05004	290.021
2.05222	290.024
2.05349	290.028
2.05481	290.031
2.05549	290.034
2.05697	290.038
2.05898	290.041
2.0597	290.045
2.06072	290.048
2.06179	290.052
2.06185	290.055
2.06315	290.059
2.06527	290.062
2.06666	290.066
2.06814	290.069
2.06939	290.072
2.07148	290.076
2.07288	290.079
2.07419	290.083
2.07486	290.086
2.07629	290.09
2.07723	290.093
2.07841	290.097
2.07904	290.1
2.07972	290.103
2.08069	290.107
2.08262	290.11
2.08319	290.114
2.08462	290.117
2.08547	290.121
2.08667	290.124
2.08875	290.128
2.08938	290.131
2.09026	290.134
2.09141	290.138
2.09214	290.141
2.09281	290.145
2.09416	290.148
2.09558	290.152
2.09696	290.155
2.0985	290.159
2.099	290.162
2.10041	290.166
2.10164	290.169
2.10244	290.172
2.10359	290.176
2.10479	290.179
2.1062	290.183
2.10696	290.186
2.10757	290.19
2.10895	290.193
2.10963	290.197
2.11038	290.2
2.11099	290.203
2.11259	290.207
2.11373	290.21
2.1144	290.214
2.11527	290.217
2.11648	290.221
2.11721	290.224
2.11796	290.228
2.11855	290.231
2.11993	290.234
2.1206	290.238
2.12198	290.241
2.1228	290.245
2.12421	290.248
2.12494	290.252
2.1254	290.255
2.12607	290.259
2.12713	290.262
2.1276	290.266
2.12823	290.269
2.12914	290.272
2.12951	290.276
2.1302	290.279
2.13177	290.283
2.13238	290.286
2.13369	290.29
2.13447	290.293
2.13579	290.297
2.13713	290.3
2.13858	290.303
2.13988	290.307
2.14063	290.31
2.14191	290.314
2.14335	290.317
2.14408	290.321
2.14546	290.324
2.14616	290.328
2.14684	290.331
2.14902	290.334
2.15133	290.338
2.15149	290.341
2.1525	290.345
2.15393	290.348
2.15446	290.352
2.15659	290.355
2.15722	290.359
2.15859	290.362
2.15931	290.366
2.16092	290.369
2.16136	290.372
2.16212	290.376
2.16345	290.379
2.16415	290.383
2.16549	290.386
2.1669	290.39
2.16759	290.393
2.16926	290.397
2.17107	290.4
2.17308	290.403
2.17502	290.407
2.17635	290.41
2.1771	290.414
2.17845	290.417
2.17918	290.421
2.18075	290.424
2.18123	290.428
2.1819	290.431
2.18256	290.434
2.18403	290.438
2.18475	290.441
2.18532	290.445
2.18601	290.448
2.18762	290.452
2.18787	290.455
2.18885	290.459
2.18953	290.462
2.1903	290.466
2.19096	290.469
2.1918	290.472
2.19242	290.476
2.19297	290.479
2.19595	290.483
2.19625	290.486
2.19664	290.49
2.19726	290.493
2.19829	290.497
2.20051	290.5
2.20072	290.503
2.20128	290.507
2.20348	290.51
2.20407	290.514
2.20433	290.517
2.20488	290.521
2.2056	290.524
2.20625	290.528
2.20691	290.531
2.20829	290.534
2.20955	290.538
2.21062	290.541
2.21114	290.545
2.21217	290.548
2.21284	290.552
2.2151	290.555
2.21544	290.559
2.21607	290.562
2.21673	290.566
2.21741	290.569
2.21878	290.572
2.21943	290.576
2.22015	290.579
2.22109	290.583
2.22158	290.586
2.22286	290.59
2.22387	290.593
2.22431	290.597
2.22573	290.6
2.22633	290.603
2.22701	290.607
2.2277	290.61
2.22846	290.614
2.22913	290.617
2.22984	290.621
2.23126	290.624
2.23197	290.628
2.23263	290.631
2.23535	290.634
2.23613	290.638
2.23756	290.641
2.23872	290.645
2.23915	290.648
2.24034	290.652
2.24095	290.655
2.24166	290.659
2.24238	290.662
2.24305	290.666
2.2437	290.669
2.24498	290.672
2.24598	290.676
2.25419	290.679
2.25499	290.683
2.25555	290.686
2.2559	290.69
2.25629	290.693
2.2566	290.697
2.2578	290.7
2.25849	290.703
2.2606	290.707
2.26195	290.71
2.26268	290.714
2.26401	290.717
2.26468	290.721
2.26538	290.724
2.26602	290.728
2.26771	290.731
2.26821	290.734
2.26969	290.738
2.27089	290.741
2.27226	290.745
2.27434	290.748
2.27536	290.752
2.27708	290.755
2.27962	290.759
2.28011	290.762
2.28132	290.766
2.2841	290.769
2.28476	290.772
2.28547	290.776
2.28619	290.779
2.28684	290.783
2.28824	290.786
2.28894	290.79
2.2898	290.793
2.29035	290.797
2.29102	290.8
2.29174	290.803
2.29239	290.807
2.29306	290.81
2.29376	290.814
2.29514	290.817
2.29672	290.821
2.29927	290.824
2.30011	290.828
2.30087	290.831
2.30126	290.834
2.30274	290.838
2.30347	290.841
2.30412	290.845
2.30496	290.848
2.30616	290.852
2.30708	290.855
2.30753	290.859
2.30831	290.862
2.30892	290.866
2.31063	290.869
2.31232	290.872
2.31328	290.876
2.3139	290.879
2.31449	290.883
2.31519	290.886
2.31579	290.89
2.31649	290.893
2.31719	290.897
2.31788	290.9
2.31858	290.903
2.31927	290.907
2.32039	290.91
2.32063	290.914
2.32136	290.917
2.32227	290.921
2.32274	290.924
2.32437	290.928
2.32486	290.931
2.32619	290.934
2.32691	290.938
2.32763	145.469
2.32832	145.476
2.32891	145.483
2.32966	145.49
2.33039	145.497
2.33124	145.503
2.33175	145.51
2.33248	145.517
2.33312	145.524
2.33376	145.531
2.33474	145.538
2.33654	145.545
2.33722	145.552
2.33792	145.559
2.3402	145.566
2.34088	145.572
2.34156	145.579
2.34225	145.586
2.343	145.593
2.34367	145.6
2.3443	145.607
2.34501	145.614
2.34658	145.621
2.34684	145.628
2.34778	145.634
2.34846	145.641
2.34918	145.648
2.35061	145.655
2.3527	145.662
2.3547	145.669
2.35539	145.676
2.35612	145.683
2.35681	145.69
2.35752	145.697
2.35889	145.703
2.35914	145.71
2.36025	145.717
2.36066	145.724
2.3617	145.731
2.3632	145.738
2.36375	145.745
2.37002	145.752
2.37076	145.759
2.37135	145.766
2.37207	145.772
2.37295	145.779
2.37363	145.786
2.37491	145.793
2.37558	145.8
2.37647	145.807
2.37836	145.814
2.38179	145.821
2.38247	145.828
2.3832	145.834
2.38387	145.841
2.38464	145.848
2.38531	145.855
2.38607	145.862
2.38745	145.869
2.38818	145.876
2.38887	145.883
2.38953	145.89
2.39022	145.897
2.39091	145.903
2.39163	145.91
2.39228	145.917
2.39367	145.924
2.39434	145.931
2.39504	145.938
2.39572	145.945
2.39649	145.952
2.39783	145.959
2.39847	145.966
2.39918	145.972
2.39988	145.979
2.40059	145.986
2.40194	145.993
2.40269	146
2.40334	146.007
2.40408	146.014
2.40476	146.021
2.40543	146.027
2.40614	146.034
2.40683	146.041
2.40754	146.048
2.40818	146.055
2.40886	146.062
2.4096	146.068
2.41026	146.075
2.41162	146.082
2.41231	146.089
2.41299	146.096
2.41372	146.103
2.41436	146.11
2.41506	146.116
2.41579	146.123
2.41718	146.13
2.41783	146.137
2.41874	146.144
2.42015	146.151
2.42092	146.158
2.42774	146.164
2.42839	146.171
2.43021	146.178
2.43052	146.185
2.43194	146.192
2.4336	146.199
2.4349	146.205
2.43648	146.212
2.43775	146.219
2.44007	146.226
2.44212	146.233
2.44277	146.24
2.44422	146.247
2.4527	146.253
2.45344	146.26
2.45411	146.267
2.45553	146.274
2.45597	146.281
2.45666	146.288
2.4588	146.295
2.4594	146.301
2.4601	146.308
2.46088	146.315
2.46156	146.322
2.46227	146.329
2.46289	146.336
2.46386	146.342
2.46501	146.349
2.46579	146.356
2.46636	146.363
2.46727	146.37
2.46777	146.377
2.46846	146.384
2.46909	146.39
2.46983	146.397
2.47167	146.404
2.47225	146.411
2.47298	146.418
2.47363	146.425
2.47499	146.432
2.47568	146.438
2.47769	146.445
2.4784	146.452
2.47904	146.459
2.47975	146.466
2.48042	146.473
2.48186	146.479
2.48268	146.486
2.48329	146.493
2.48397	146.5
2.48462	146.507
2.48537	146.514
2.48588	146.521
2.48738	146.527
2.48827	146.534
2.4887	146.541
2.49031	146.548
2.49084	146.555
2.49166	146.562
2.49219	146.568
2.49282	146.575
2.49348	146.582
2.49416	146.589
2.49486	146.596
2.49707	146.603
2.49727	146.61
2.49765	146.616
2.49904	146.623
2.49974	146.63
2.50039	146.637
2.50106	146.644
2.50184	146.651
2.50242	146.658
2.5031	146.664
2.50375	146.671
2.50444	146.678
2.50513	146.685
2.5059	146.692
2.50668	146.699
2.50718	146.705
2.50787	146.712
2.50865	146.719
2.50926	146.726
2.51	146.733
2.51065	146.74
2.51206	146.747
2.5128	146.753
2.51354	146.76
2.51948	146.767
2.51982	146.774
2.52068	146.781
2.52088	146.788
2.5211	146.795
2.52202	146.801
2.52206	146.808
2.52285	146.815
2.52357	146.822
2.52371	146.829
2.52409	146.836
2.52431	146.842
2.52471	146.849
2.52477	146.856
2.52561	146.863
2.52621	146.87
2.52697	146.877
2.52773	146.884
2.52944	146.89
2.52984	146.897
2.53077	146.904
2.53252	146.911
2.53394	146.918
2.53456	146.925
2.53527	146.932
2.53594	146.938
2.53737	146.945
2.5395	146.952
2.54028	146.959
2.54086	146.966
2.54162	146.973
2.5424	146.979
2.54431	146.986
2.545	146.993
2.54572	147
2.5478	147.007
2.54917	147.014
2.54984	147.02
2.55063	147.027
2.55142	147.034
2.5526	147.041
2.55333	147.048
2.5574	147.054
2.55949	147.061
2.56085	147.068
2.56303	147.075
2.5638	147.082
2.56709	147.088
2.56918	147.095
2.5727	147.102
2.5754	147.109
2.57672	147.116
2.57814	147.122
2.5795	147.129
2.58084	147.136
2.58234	147.143
2.58293	147.15
2.58376	147.156
2.58429	147.163
2.58499	147.17
2.58572	147.177
2.58638	147.184
2.58706	147.19
2.58777	147.197
2.58844	147.204
2.58913	147.211
2.58981	147.218
2.59318	147.224
2.5933	147.231
2.59571	147.238
2.59626	147.245
2.59681	147.252
2.59774	147.259
2.59822	147.265
2.59896	147.272
2.59983	147.279
2.60031	147.286
2.60128	147.293
2.6018	147.299
2.6024	147.306
2.60352	147.313
2.60378	147.32
2.60442	147.327
2.60515	147.333
2.60664	147.34
2.60681	73.6701
2.6074	73.6838
2.60816	73.6975
2.60871	73.7112
2.60932	73.7249
2.60994	73.7386
2.61089	73.7523
2.61135	73.766
2.61196	73.7797
2.61287	73.7934
2.61338	73.8071
2.61404	73.8208
2.61474	73.8345
2.61539	73.8482
2.61676	73.8618
2.61766	73.8755
2.61817	73.8892
2.61905	73.9029
2.62027	73.9166
2.62087	73.9303
2.62162	73.944
2.62227	73.9577
2.62295	73.9714
2.62365	73.9851
2.62434	73.9988
2.62501	74.0125
2.62589	74.026
2.62643	74.0396
2.62706	74.0531
2.62784	74.0666
2.6285	74.0801
2.62919	74.0936
2.62986	74.1071
2.63125	74.1206
2.63208	74.1342
2.63257	74.1477
2.63328	74.1612
2.63394	74.1747
2.63481	74.1882
2.63535	74.2017
2.63607	74.2152
2.63666	74.2287
2.63896	74.2423
2.63947	74.2558
2.64041	74.2693
2.64097	74.2828
2.64168	74.2963
2.64464	74.3098
2.64579	74.3233
2.64785	74.3369
2.65216	74.3504
2.65967	74.3639
2.66241	74.3774
2.66446	74.3909
2.66759	74.4044
2.66886	74.4179
2.67003	74.4315
2.67151	74.445
2.67289	74.4585
2.67419	74.472
2.67561	74.4855
2.6763	74.499
2.67725	74.5125
2.67818	74.526
2.67857	74.5396
2.67984	74.5531
2.68132	74.5666
2.68193	74.5801
2.68271	74.5936
2.68547	74.6071
2.68905	74.6206
2.68965	74.6342
2.69089	74.6477
2.69303	74.6612
2.69373	74.6747
2.69465	74.6882
2.69576	74.7017
2.69643	74.7152
2.69738	74.7287
2.69783	74.7423
2.69853	74.7558
2.69993	74.7693
2.70059	74.7828
2.70132	74.7963
2.7022	74.8098
2.70266	74.8233
2.70367	74.8369
2.7052	74.8504
2.70536	74.8639
2.7068	74.8774
2.70712	74.8909
2.70753	74.9044
2.70919	74.9179
2.71009	74.9315
2.71396	74.945
2.7152	74.9585
2.71575	74.972
2.71624	74.9855
2.71643	74.999
2.71792	75.0125
2.71816	75.0259
2.71849	75.0392
2.71873	75.0525
2.71886	75.0659
2.71918	75.0792
2.72037	75.0925
2.72165	75.1059
2.72174	75.1192
2.72249	75.1325
2.72402	75.1459
2.72458	75.1592
2.72524	75.1725
2.72609	75.1859
2.72935	75.1992
2.73049	75.2125
2.73748	75.2259
2.73873	75.2392
2.73941	75.2525
2.74213	75.2659
2.74557	75.2792
2.74639	75.2925
2.74771	75.3059
2.74833	75.3192
2.74977	75.3325
2.75111	75.3459
2.7526	75.3592
2.75321	75.3725
2.75457	75.3859
2.75594	75.3992
2.75675	75.4125
2.75734	75.4259
2.76129	75.4392
2.76157	75.4525
2.76181	75.4659
2.76188	75.4792
2.76265	37.7396
2.76306	37.7666
2.76371	37.7937
2.76443	37.8207
2.76509	37.8477
2.76579	37.8747
2.76647	37.9018
2.76745	37.9288
2.76818	37.9558
2.76885	37.9828
2.7697	38.0099
2.77059	38.0362
2.77106	38.0625
2.77176	38.0888
2.77308	38.1151
2.77441	38.1414
2.77588	38.1678
2.77722	38.1941
2.77938	38.2204
2.77998	38.2467
2.78142	38.273
2.78205	38.2993
2.78278	38.3257
2.78342	38.352
2.78429	38.3783
2.78482	38.4046
2.7855	38.4309
2.78623	38.4572
2.78699	38.4836
2.78776	38.5099
2.78917	38.5362
2.79051	38.5625
2.79189	38.5888
2.79401	38.6151
2.79481	38.6414
2.79529	38.6678
2.79599	38.6941
2.79667	38.7204
2.79739	38.7467
2.79809	38.773
2.79904	38.7993
2.7995	38.8257
2.80015	38.852
2.8008	38.8783
2.80153	38.9046
2.80289	38.9309
2.81543	38.9572
2.81607	38.9836
2.82501	39.0099
2.82567	39.0355
2.82637	39.0612
2.82729	39.0868
2.82839	39.1124
2.82931	39.1381
2.83048	39.1637
2.83185	39.1894
2.83351	39.215
2.83397	39.2406
2.83525	39.2663
2.83663	39.2919
2.83755	39.3176
2.83805	39.3432
2.83874	39.3688
2.83939	39.3945
2.84263	39.4201
2.84295	39.4458
2.84309	39.4714
2.84346	39.497
2.86672	39.5227
2.86741	39.5483
2.869	39.574
2.8702	39.5996
2.87165	39.6253
2.87367	39.6509
2.87498	39.6765
2.87566	39.7022
2.87633	39.7278
2.87846	39.7535
2.87902	39.7791
2.88092	39.8047
2.89417	39.8304
2.8949	39.856
2.89701	39.8817
2.89763	39.9073
2.92159	39.9329
2.92328	39.9586
2.92465	39.9842
2.92741	40.0099
2.92944	40.0349
2.93084	40.0599
2.93228	40.0849
2.93382	40.1099
2.93492	40.1349
2.93641	40.1599
2.93698	40.1849
2.93841	40.2099
2.93975	40.2349
2.94121	40.2599
2.94182	40.2849
2.94251	40.3099
2.94385	40.3349
2.94549	40.3599
2.94607	40.3849
2.94674	40.4099
2.94756	40.4349
2.95323	40.4599
2.95402	40.4849
2.95467	40.5099
2.95613	40.5349
2.95744	40.5599
2.95899	40.5849
2.96087	40.6099
2.96157	40.6349
2.96288	40.6599
2.96427	40.6849
2.96839	40.7099
2.96906	40.7349
2.97255	40.7599
2.97726	40.7849
2.98506	40.8099
2.98712	40.8349
2.98775	40.8599
2.98921	40.8849
2.99336	40.9099
2.99463	40.9349
2.99648	40.9599
2.99935	40.9849
2.99991	41.0099
3.00055	41.0343
3.00128	41.0587
3.00212	41.083
3.00331	41.1074
3.00487	41.1318
3.00561	41.1562
3.00885	41.1806
3.01024	41.205
3.02418	41.2294
3.02556	41.2538
3.02697	41.2782
3.02978	41.3026
3.03314	41.3269
3.03457	41.3513
3.03526	41.3757
3.03614	41.4001
3.03659	41.4245
3.0375	41.4489
3.03805	41.4733
3.03877	41.4977
3.04016	41.5221
3.04174	41.5465
3.04228	41.5708
3.04286	41.5952
3.04436	41.6196
3.04708	41.644
3.04775	41.6684
3.04842	41.6928
3.04911	41.7172
3.05049	41.7416
3.05123	41.766
3.05389	41.7904
3.06389	41.8147
3.0709	41.8391
3.07281	41.8635
3.0736	41.8879
3.0743	41.9123
3.07502	41.9367
3.07564	41.9611
3.07844	41.9855
3.07861	42.0099
3.07951	42.0337
3.08261	42.0575
3.08423	42.0813
3.08556	42.1051
3.08675	42.1289
3.08884	42.1527
3.0909	42.1765
3.09157	42.2003
3.09295	42.2242
3.09433	42.248
3.09653	42.2718
3.09775	42.2956
3.09926	42.3194
3.10253	42.3432
3.104	42.367
3.10601	42.3908
3.1082	42.4146
3.10959	42.4384
3.11248	42.4623
3.11362	42.4861
3.11644	42.5099
3.11823	42.5337
3.11926	42.5575
3.12081	42.5813
3.12291	42.6051
3.12422	42.6289
3.12537	42.6527
3.12682	42.6765
3.12832	42.7003
3.12951	42.7242
3.13103	42.748
3.1323	42.7718
3.13452	42.7956
3.13724	42.8194
3.13912	42.8432
3.14069	42.867
3.14125	42.8908
3.14333	42.9146
3.14536	42.9384
3.14748	42.9623
3.14894	42.9861
3.15025	43.0099
3.15256	43.0331
3.15387	43.0564
3.15584	43.0796
3.15859	43.1029
3.1606	43.1261
3.16296	43.1494
3.16473	43.1727
3.16815	43.1959
3.17091	43.2192
3.17513	43.2424
3.17642	43.2657
3.17785	43.2889
3.18257	43.3122
3.1863	43.3355
3.18664	43.3587
3.18765	43.382
3.18832	43.4052
3.18919	43.4285
3.18989	43.4517
3.19033	43.475
3.19116	43.4982
3.1925	43.5215
3.19312	43.5448
3.19473	43.568
3.1954	43.5913
3.19794	43.6145
3.1997	43.6378
3.20124	43.661
3.20244	43.6843
3.20393	43.7075
3.20611	43.7308
3.20747	43.7541
3.21072	43.7773
3.21352	43.8006
3.21636	43.8238
3.21694	43.8471
3.21766	43.8703
3.21903	43.8936
3.22045	43.9168
3.22106	43.9401
3.22194	43.9634
3.2238	43.9866
3.22532	44.0099
3.22796	44.0326
3.23215	44.0553
3.23512	44.0781
3.23694	44.1008
3.23861	44.1235
3.23976	44.1462
3.24278	44.169
3.24321	44.1917
3.24394	44.2144
3.2453	44.2371
3.24601	44.2599
3.24669	44.2826
3.24806	44.3053
3.25083	44.3281
3.25218	44.3508
3.25509	44.3735
3.25905	44.3962
3.2599	44.419
3.26086	44.4417
3.26131	44.4644
3.2619	44.4871
3.26256	44.5099
3.26551	44.5326
3.26643	44.5553
3.26782	44.5781
3.26848	44.6008
3.26889	44.6235
3.27052	44.6462
3.27099	44.669
3.27195	44.6917
3.27376	44.7144
3.27586	44.7371
3.27725	44.7599
3.27932	44.7826
3.28067	44.8053
3.28156	44.8281
3.28269	44.8508
3.28474	44.8735
3.28545	44.8962
3.28681	44.919
3.28818	44.9417
3.28955	44.9644
3.29161	44.9871
3.29368	45.0099
3.29505	45.0321
3.29798	45.0543
3.29998	45.0765
3.30396	45.0988
3.3053	45.121
3.30543	45.1432
3.3058	45.1654
3.30619	45.1876
3.30657	45.2099
3.30842	45.2321
3.30972	45.2543
3.31111	45.2765
3.31335	45.2988
3.31523	45.321
3.31662	45.3432
3.31802	45.3654
3.32007	45.3876
3.32171	45.4099
3.32282	45.4321
3.32377	45.4543
3.3249	45.4765
3.32557	45.4988
3.32902	45.521
3.33112	45.5432
3.3359	45.5654
3.33805	45.5876
3.33955	45.6099
3.34074	45.6321
3.34166	45.6543
3.34475	45.6765
3.34775	45.6988
3.34895	45.721
3.35029	45.7432
3.35163	45.7654
3.35301	45.7876
3.3544	45.8099
3.35575	45.8321
3.35711	45.8543
3.35847	45.8765
3.35991	45.8988
3.36055	45.921
3.36196	45.9432
3.36408	45.9654
3.36439	45.9876
3.36456	46.0099
3.36538	46.0316
3.36569	46.0533
3.36627	46.0751
3.36909	46.0968
3.37004	46.1186
3.3715	46.1403
3.3722	46.162
3.37226	46.1838
3.37263	46.2055
3.37831	46.2273
3.3789	46.249
3.38048	46.2707
3.38154	46.2925
3.3832	46.3142
3.38473	46.336
3.38534	46.3577
3.386	46.3794
3.39106	46.4012
3.39449	46.4229
3.39723	46.4447
3.39943	46.4664
3.40072	46.4881
3.40482	46.5099
3.40824	46.5316
3.41247	46.5533
3.41318	46.5751
3.41386	46.5968
3.41843	46.6186
3.42035	46.6403
3.42152	46.662
3.42427	46.6838
3.42493	46.7055
3.42708	46.7273
3.42838	46.749
3.42979	46.7707
3.43117	46.7925
3.43348	46.8142
3.43459	46.836
3.43588	46.8577
3.43691	46.8794
3.43736	46.9012
3.43809	46.9229
3.4396	46.9447
3.43978	46.9664
3.44151	46.9881
3.44169	47.0099
3.44184	47.0311
3.44255	47.0524
3.44298	47.0737
3.45001	47.095
3.45159	47.1163
3.45196	47.1375
3.45272	47.1588
3.45421	47.1801
3.45475	47.2014
3.45634	47.2226
3.45754	47.2439
3.45819	47.2652
3.45956	47.2865
3.46095	47.3077
3.46187	47.329
3.4625	47.3503
3.46377	47.3716
3.46517	47.3928
3.46648	47.4141
3.46794	47.4354
3.4692	47.4567
3.47061	47.478
3.47835	47.4992
3.4829	47.5205
3.48757	47.5418
3.48817	47.5631
3.4914	47.5843
3.49775	47.6056
3.49928	47.6269
3.50045	47.6482
3.50103	47.6694
3.50241	47.6907
3.50381	47.712
3.50519	47.7333
3.5059	23.8666
3.50674	23.9101
3.50725	23.9536
3.50823	23.9971
3.50886	24.0406
3.50942	24.0822
3.51005	24.1239
3.5107	24.1656
3.51562	24.2072
3.517	24.2489
3.51915	24.2906
3.52042	24.3322
3.52184	24.3739
3.52332	24.4156
3.52539	24.4572
3.52674	24.4989
3.53445	24.5406
3.53648	24.5822
3.53859	24.6239
3.54128	24.6656
3.54265	24.7072
3.54338	24.7489
3.54474	24.7906
3.54611	24.8322
3.54757	24.8739
3.54887	24.9156
3.54954	24.9572
3.55034	24.9989
3.55095	25.0406
3.55163	25.0806
3.5523	25.1206
3.55312	25.1606
3.55394	25.2006
3.55477	25.2406
3.55617	25.2806
3.55708	25.3206
3.55777	25.3606
3.56142	25.4006
3.56221	25.4406
3.5629	25.4806
3.56358	25.5206
3.56445	25.5606
3.56496	25.6006
3.5657	25.6406
3.56708	25.6806
3.56774	25.7206
3.56914	25.7606
3.5859	25.8006
3.58652	25.8406
3.58718	25.8806
3.58855	25.9206
3.58928	25.9606
3.58995	26.0006
3.59127	26.039
3.59255	26.0775
3.59399	26.1159
3.59523	26.1544
3.59666	26.1929
3.59799	26.2313
3.60242	26.2698
3.60308	26.3082
3.6044	26.3467
3.61328	26.3852
3.61392	26.4236
3.61522	26.4621
3.61726	26.5006
3.61934	26.539
3.62101	26.5775
3.62156	26.6159
3.62267	26.6544
3.62306	26.6929
3.62366	26.7313
3.64878	26.7698
3.65082	26.8082
3.65357	26.8467
3.65699	26.8852
3.65844	26.9236
3.65945	26.9621
3.66097	27.0006
3.66223	27.0376
3.67008	27.0746
3.67268	27.1117
3.67417	27.1487
3.67701	27.1857
3.6779	27.2228
3.68182	27.2598
3.68315	27.2968
3.68391	27.3339
3.68854	27.3709
3.6895	27.408
3.69201	27.445
3.69347	27.482
3.69482	27.5191
3.69574	27.5561
3.69644	27.5931
3.69762	27.6302
3.69834	27.6672
3.69962	27.7043
3.73215	27.7413
3.7342	27.7783
3.73613	27.8154
3.73765	27.8524
3.73903	27.8894
3.74037	27.9265
3.74384	27.9635
3.74542	28.0006
3.74676	28.0363
3.74886	28.072
3.75059	28.1077
3.75132	28.1434
3.75175	28.1791
3.75302	28.2148
3.75381	28.2506
3.75442	28.2863
3.7552	28.322
3.75799	28.3577
3.7589	28.3934
3.76023	28.4291
3.76139	28.4648
3.76419	28.5006
3.76495	28.5363
3.7656	28.572
3.76624	28.6077
3.76697	28.6434
3.76835	28.6791
3.80359	28.7148
3.80434	28.7506
3.80545	28.7863
3.8063	28.822
3.80889	28.8577
3.81113	28.8934
3.81158	28.9291
3.81334	28.9648
3.81341	29.0006
3.81574	29.035
3.81698	29.0695
3.81922	29.104
3.82197	29.1385
3.82289	29.173
3.82405	29.2074
3.82756	29.2419
3.82898	29.2764
3.83443	29.3109
3.84294	29.3454
3.84347	29.3799
3.84548	29.4143
3.84624	29.4488
3.84687	29.4833
3.85852	29.5178
3.85913	29.5523
3.86098	29.5868
3.86168	29.6212
3.8624	29.6557
3.87063	29.6902
3.87696	29.7247
3.87771	29.7592
3.88236	29.7937
3.88581	29.8281
3.88853	29.8626
3.89062	29.8971
3.89129	29.9316
3.89212	29.9661
3.89407	30.0006
3.89484	30.0339
3.89586	30.0672
3.89677	30.1006
3.89794	30.1339
3.89935	30.1672
3.90412	30.2006
3.90926	30.2339
3.91035	30.2672
3.91176	30.3006
3.91676	30.3339
3.91772	30.3672
3.91854	30.4006
3.91923	30.4339
3.92129	30.4672
3.95306	30.5006
3.95438	30.5339
3.95508	30.5672
3.95649	30.6006
3.95809	30.6339
3.96287	30.6672
3.96692	30.7006
3.9682	30.7339
3.97032	30.7672
3.97167	30.8006
3.97244	30.8339
3.97359	30.8672
3.97465	30.9006
3.97665	30.9339
3.97995	30.9672
3.98139	31.0006
3.98265	31.0328
3.98281	31.0651
3.9851	31.0973
3.98547	31.1296
3.98632	31.1618
3.98701	31.1941
3.99459	31.2264
3.99533	31.2586
3.99591	31.2909
4.00002	31.3231
4.00086	31.3554
4.00314	31.3876
4.00848	31.4199
4.01273	31.4522
4.02582	31.4844
4.02586	31.5167
4.02587	31.5489
4.02608	31.5812
4.02662	31.6135
4.02735	31.6457
4.02824	31.678
4.02874	31.7102
4.03071	31.7425
4.03123	31.7747
4.03189	31.807
4.0327	31.8393
4.03377	31.8715
4.03406	31.9038
4.03489	31.936
4.03537	31.9683
4.0361	32.0006
4.03821	32.0318
4.03903	32.0631
4.04119	32.0943
4.04257	32.1256
4.0446	32.1568
4.05393	32.1881
4.06635	32.2193
4.07048	32.2506
4.07192	32.2818
4.07342	32.3131
4.07356	32.3443
4.074	32.3756
4.07471	32.4068
4.07536	32.4381
4.08016	32.4693
4.0818	32.5006
4.08319	32.5318
4.08471	32.5631
4.09335	32.5943
4.09568	32.6256
4.09606	32.6568
4.09682	32.6881
4.09827	32.7193
4.099	32.7506
4.09965	32.7818
4.10167	32.8131
4.10242	32.8443
4.1043	32.8756
4.10495	32.9068
4.10562	32.9381
4.10725	32.9693
4.10866	33.0006
4.11256	33.0309
4.11729	33.0612
4.11866	33.0915
4.12015	33.1218
4.12304	33.1521
4.12623	33.1824
4.13313	33.2127
4.13517	33.243
4.13676	33.2733
4.14143	33.3036
4.14215	33.3339
4.14295	33.3642
4.14374	33.3945
4.14423	33.4248
4.14711	33.4551
4.14726	33.4854
4.14843	33.5157
4.14903	33.546
4.15128	33.5763
4.15519	33.6066
4.15599	33.6369
4.15853	33.6672
4.15979	33.6975
4.16108	33.7278
4.1632	33.7581
4.16856	33.7884
4.17071	33.8187
4.18369	33.849
4.18852	33.8793
4.1906	33.9096
4.19193	33.9399
4.19331	33.9702
4.19465	34.0006
4.19603	34.03
4.19743	34.0594
4.19882	34.0888
4.2002	34.1182
4.20178	34.1476
4.20223	34.177
4.20303	34.2064
4.20365	34.2358
4.2046	34.2653
4.21538	34.2947
4.21682	34.3241
4.22114	34.3535
4.22229	34.3829
4.22377	34.4123
4.23066	34.4417
4.2333	34.4711
4.23605	34.5006
4.23787	34.53
4.23952	34.5594
4.24093	34.5888
4.24248	34.6182
4.24399	34.6476
4.24519	34.677
4.24655	34.7064
4.24927	34.7358
4.24997	34.7653
4.25127	34.7947
4.25826	34.8241
4.26296	34.8535
4.26779	34.8829
4.2685	34.9123
4.26922	34.9417
4.27125	34.9711
4.2726	35.0006
4.27329	35.0291
4.27603	35.0577
4.27882	35.0863
4.28288	35.1148
4.28564	35.1434
4.28705	35.172
4.29011	35.2006
4.29067	35.2291
4.29092	35.2577
4.3064	35.2863
4.31057	35.3148
4.31329	35.3434
4.31606	35.372
4.31821	35.4006
4.32001	35.4291
4.32036	35.4577
4.32248	35.4863
4.3238	35.5148
4.32815	35.5434
4.33615	35.572
4.33686	35.6006
4.33815	35.6291
4.34094	35.6577
4.34161	35.6863
4.34319	35.7148
4.34453	35.7434
4.34573	35.772
4.34917	35.8006
4.34986	17.9003
4.35125	17.9591
4.35329	18.0179
4.35343	18.0735
4.35638	18.129
4.35755	18.1846
4.35824	18.2401
4.35897	18.2957
4.36116	18.3513
4.36333	18.4068
4.36451	18.4624
4.36692	18.5179
4.36965	18.5735
4.37529	18.629
4.37994	18.6846
4.38093	18.7401
4.38215	18.7957
4.38766	18.8513
4.38976	18.9068
4.39121	18.9624
4.39366	19.0179
4.3938	19.0706
4.39608	19.1232
4.39875	19.1758
4.40154	19.2284
4.40241	19.2811
4.40361	19.3337
4.40449	19.3863
4.40796	19.439
4.40845	19.4916
4.40916	19.5442
4.41016	19.5969
4.41355	19.6495
4.4147	19.7021
4.42976	19.7548
4.43069	19.8074
4.43365	19.86
4.43412	19.9127
4.43581	19.9653
4.43619	20.0179
4.4383	20.0679
4.44107	20.1179
4.44339	20.1679
4.44745	20.2179
4.44819	20.2679
4.44865	20.3179
4.45295	20.3679
4.45791	20.4179
4.4582	20.4679
4.45938	20.5179
4.4597	20.5679
4.46006	20.6179
4.4606	20.6679
4.47908	20.7179
4.48086	20.7679
4.48195	20.8179
4.48263	20.8679
4.4861	20.9179
4.48869	20.9679
4.49163	21.0179
4.49228	21.0655
4.49492	21.1132
4.49899	21.1608
4.50113	21.2084
4.50248	21.256
4.50317	21.3036
4.50598	21.3513
4.51099	21.3989
4.51154	21.4465
4.51287	21.4941
4.51429	21.5417
4.51578	21.5894
4.51636	21.637
4.52812	21.6846
4.53014	21.7322
4.53237	21.7798
4.53381	21.8274
4.53898	21.8751
4.54191	21.9227
4.54305	21.9703
4.54373	22.0179
4.54515	22.0634
4.54654	22.1088
4.54742	22.1543
4.54793	22.1997
4.5487	22.2452
4.55002	22.2906
4.55508	22.3361
4.55637	22.3816
4.55993	22.427
4.56201	22.4725
4.56491	22.5179
4.56771	22.5634
4.57099	22.6088
4.58427	22.6543
4.58667	22.6997
4.58908	22.7452
4.58978	22.7906
4.59115	22.8361
4.59249	22.8816
4.59392	22.927
4.59463	22.9725
4.59601	23.0179
4.60016	23.0614
4.60114	23.1049
4.6016	23.1484
4.60228	23.1918
4.60542	23.2353
4.60664	23.2788
4.60789	23.3223
4.60852	23.3657
4.61126	23.4092
4.61269	23.4527
4.61542	23.4962
4.61886	23.5397
4.62298	23.5831
4.63654	23.6266
4.63775	23.6701
4.63908	23.7136
4.64156	23.7571
4.64255	23.8005
4.64397	23.844
4.64674	23.8875
4.64874	23.931
4.6544	23.9744
4.65698	24.0179
4.65914	24.0596
4.66183	24.1013
4.6632	24.1429
4.66393	24.1846
4.66458	24.2263
4.66562	24.2679
4.66618	24.3096
4.66681	24.3513
4.66954	24.3929
4.67086	24.4346
4.67242	24.4763
4.67547	24.5179
4.67843	24.5596
4.69239	24.6013
4.69511	24.6429
4.69648	24.6846
4.69786	24.7263
4.69855	24.7679
4.70007	24.8096
4.70137	24.8513
4.70279	24.8929
4.70342	24.9346
4.70612	24.9763
4.70746	25.0179
4.7114	25.0579
4.71339	25.0979
4.71679	25.1379
4.71746	25.1779
4.71887	25.2179
4.72159	25.2579
4.72226	25.2979
4.7237	25.3379
4.72506	25.3779
4.72575	25.4179
4.72709	25.4579
4.72921	25.4979
4.73065	25.5379
4.73264	25.5779
4.73329	25.6179
4.7347	25.6579
4.73535	25.6979
4.73613	25.7379
4.73678	25.7779
4.73779	25.8179
4.73893	25.8579
4.74198	25.8979
4.74721	25.9379
4.74811	25.9779
4.7486	26.0179
4.75087	26.0564
4.75225	26.0948
4.75549	26.1333
4.75636	26.1718
4.75703	26.2102
4.75818	26.2487
4.75956	26.2872
4.76095	26.3256
4.76162	26.3641
4.76298	26.4025
4.76503	26.441
4.76642	26.4795
4.76776	26.5179
4.77206	26.5564
4.7727	26.5948
4.77336	26.6333
4.77472	26.6718
4.7761	26.7102
4.7782	26.7487
4.78347	26.7872
4.78417	26.8256
4.78494	26.8641
4.78827	26.9025
4.78976	26.941
4.79499	26.9795
4.79623	27.0179
4.79688	27.055
4.79756	27.092
4.80037	27.129
4.80175	27.1661
4.80259	27.2031
4.8039	27.2401
4.80519	27.2772
4.80654	27.3142
4.80804	27.3513
4.8107	27.3883
4.81279	27.4253
4.81353	27.4624
4.81415	27.4994
4.8176	27.5364
4.81896	27.5735
4.82036	27.6105
4.82172	27.6476
4.82617	27.6846
4.82669	27.7216
4.82737	27.7587
4.83176	27.7957
4.83214	27.8327
4.83378	27.8698
4.83493	27.9068
4.83725	27.9438
4.83861	27.9809
4.83913	28.0179
4.83976	28.0536
4.84249	28.0894
4.84601	28.1251
4.84741	28.1608
4.85018	28.1965
4.85417	28.2322
4.85489	28.2679
4.85558	28.3036
4.8562	28.3394
4.85832	28.3751
4.86178	28.4108
4.86589	28.4465
4.8673	28.4822
4.869	28.5179
4.86936	28.5536
4.87142	28.5894
4.87303	28.6251
4.87466	28.6608
4.87534	28.6965
4.87597	28.7322
4.87627	28.7679
4.87701	28.8036
4.8777	28.8394
4.88069	28.8751
4.88212	28.9108
4.88461	28.9465
4.88504	28.9822
4.88571	29.0179
4.88638	29.0524
4.88915	29.0869
4.89063	29.1214
4.89254	29.1559
4.89398	29.1903
4.89462	29.2248
4.89544	29.2593
4.89599	29.2938
4.89671	29.3283
4.89817	29.3627
4.89881	29.3972
4.90175	29.4317
4.90811	29.4662
4.91808	29.5007
4.91873	29.5352
4.91948	29.5696
4.92014	29.6041
4.92375	29.6386
4.92493	29.6731
4.92587	29.7076
4.92671	29.7421
4.92793	29.7765
4.92978	29.811
4.93128	29.8455
4.93196	29.88
4.93337	29.9145
4.934	29.949
4.93538	29.9834
4.93672	30.0179
4.93829	30.0513
4.93947	30.0846
4.94089	30.1179
4.94435	30.1513
4.94496	30.1846
4.94584	30.2179
4.94702	30.2513
4.94919	30.2846
4.95116	30.3179
4.95185	30.3513
4.95324	30.3846
4.95667	30.4179
4.95873	30.4513
4.973	30.4846
4.97338	30.5179
4.97446	30.5513
4.97557	30.5846
4.97634	30.6179
4.97698	30.6513
4.9792	30.6846
4.98338	30.7179
4.98468	30.7513
4.99248	30.7846
5.00275	30.8179
5.0028	30.8513
5.00299	30.8846
5.00373	30.9179
5.00533	30.9513
5.00587	30.9846
5.00737	31.0179
5.00805	31.0502
5.01018	31.0824
5.01216	31.1147
5.01353	31.147
5.01496	31.1792
5.01648	31.2115
5.0177	31.2437
5.01918	31.276
5.02038	31.3082
5.02129	31.3405
5.02205	31.3728
5.02285	31.405
5.02331	31.4373
5.04819	31.4695
5.04961	31.5018
5.05092	31.5341
5.05231	31.5663
5.05669	31.5986
5.05778	31.6308
5.05917	31.6631
5.05994	31.6953
5.06081	31.7276
5.06198	31.7599
5.06276	31.7921
5.06538	31.8244
5.06609	31.8566
5.06818	31.8889
5.07119	31.9211
5.0723	31.9534
5.07441	31.9857
5.07507	32.0179
5.07729	32.0492
5.07831	32.0804
5.07934	32.1117
5.08076	32.1429
5.08373	32.1742
5.08434	32.2054
5.08624	32.2367
5.09593	32.2679
5.10073	32.2992
5.10551	32.3304
5.10856	32.3617
5.1113	32.3929
5.11212	32.4242
5.11423	32.4554
5.11489	32.4867
5.11557	32.5179
5.11626	32.5492
5.11715	32.5804
5.1176	32.6117
5.11975	32.6429
5.12066	32.6742
5.12115	32.7054
5.12177	32.7367
5.12246	32.7679
5.12545	32.7992
5.1268	32.8304
5.12727	32.8617
5.13566	32.8929
5.13781	32.9242
5.13907	32.9554
5.14041	32.9867
5.14315	33.0179
5.1447	33.0482
5.1459	33.0785
5.15315	33.1088
5.15527	33.1391
5.15659	33.1694
5.15934	33.1997
5.16445	33.23
5.16574	33.2603
5.16701	33.2906
5.17186	16.6453
5.17251	16.7078
5.17319	16.7703
5.17419	16.8328
5.18023	16.8953
5.1816	16.9578
5.18231	17.0203
5.18368	17.0791
5.1844	17.138
5.18505	17.1968
5.18821	17.2556
5.18891	17.3144
5.18954	17.3733
5.19034	17.4321
5.19095	17.4909
5.1931	17.5497
5.19449	17.6086
5.19597	17.6674
5.20205	17.7262
5.20275	17.785
5.20487	17.8439
5.20694	17.9027
5.20841	17.9615
5.20903	18.0203
5.21065	18.0759
5.21112	18.1314
5.21191	18.187
5.21323	18.2425
5.21407	18.2981
5.21485	18.3537
5.21807	18.4092
5.2218	18.4648
5.23633	18.5203
5.23698	18.5759
5.23903	18.6314
5.23969	18.687
5.24029	18.7425
5.24104	18.7981
5.24181	18.8537
5.24266	18.9092
5.24331	18.9648
5.24388	19.0203
5.24489	19.073
5.24656	19.1256
5.24727	19.1782
5.24881	19.2309
5.24968	19.2835
5.25006	19.3361
5.25075	19.3887
5.25142	19.4414
5.25561	19.494
5.25791	19.5466
5.27155	19.5993
5.27438	19.6519
5.27696	9.82595
5.27792	9.93706
5.27837	10.0482
5.27921	10.1482
5.27975	10.2482
5.28046	10.3482
5.28113	10.4482
5.2818	10.5482
5.28253	10.6482
5.28404	10.7482
5.28511	10.8482
5.28561	10.9482
5.28652	11.0482
5.2876	11.1391
5.28807	11.23
5.28866	11.3209
5.28892	11.4118
5.28962	11.5027
5.29036	11.5936
5.30008	11.6845
5.31099	11.7754
5.31389	11.8664
5.31773	11.9573
5.31793	12.0482
5.31805	12.1315
5.31879	12.2148
5.31942	12.2982
5.32016	12.3815
5.32239	12.4648
5.32323	12.5482
5.32622	12.6315
5.32924	12.7148
5.33122	12.7982
5.33274	12.8815
5.33324	12.9648
5.33469	13.0482
5.33529	13.1251
5.33597	13.202
5.33941	13.2789
5.34217	13.3559
5.34972	13.4328
5.35264	13.5097
5.35399	13.5866
5.36012	13.6636
5.36218	13.7405
5.36251	13.8174
5.36262	13.8943
5.36297	13.9713
5.36367	14.0482
5.36428	14.1196
5.36504	14.191
5.36575	14.2625
5.36644	14.3339
5.36811	14.4053
5.37093	14.4767
5.37228	14.5482
5.37642	14.6196
5.38145	14.691
5.38294	14.7625
5.3842	14.8339
5.38555	14.9053
5.38715	14.9767
5.38899	15.0482
5.39038	15.1148
5.39108	15.1815
5.39653	15.2482
5.39705	15.3148
5.40191	15.3815
5.40716	15.4482
5.40771	15.5148
5.40949	15.5815
5.41005	15.6482
5.41182	15.7148
5.41309	15.7815
5.41398	15.8482
5.41443	15.9148
5.41586	15.9815
5.41656	16.0482
5.41782	16.1107
5.41941	16.1732
5.42335	16.2357
5.42477	16.2982
5.42753	16.3607
5.43312	16.4232
5.43577	16.4857
5.44375	16.5482
5.44603	16.6107
5.4468	16.6732
5.44756	16.7357
5.44898	16.7982
5.44937	16.8607
5.44991	16.9232
5.45003	16.9857
5.45089	17.0482
5.45184	17.107
5.45219	17.1658
5.45362	17.2246
5.45431	17.2835
5.45499	17.3423
5.45563	17.4011
5.45778	17.4599
5.46587	17.5188
5.47996	17.5776
5.48135	17.6364
5.48269	17.6952
5.48481	17.7541
5.48623	17.8129
5.48752	17.8717
5.48827	17.9305
5.49115	17.9894
5.49162	18.0482
5.49235	18.1037
5.49311	18.1593
5.49457	18.2148
5.49531	18.2704
5.49595	18.326
5.49659	18.3815
5.49728	18.4371
5.49827	18.4926
5.50109	18.5482
5.50142	18.6037
5.50399	18.6593
5.50403	18.7148
5.50967	18.7704
5.51106	18.826
5.51236	18.8815
5.51376	18.9371
5.51509	18.9926
5.51647	19.0482
5.51784	19.1008
5.52062	19.1534
5.52288	19.2061
5.52403	19.2587
5.52556	19.3113
5.52745	19.364
5.52954	19.4166
5.53239	19.4692
5.53587	19.5219
5.53678	19.5745
5.53738	19.6271
5.5382	19.6798
5.53936	19.7324
5.54019	19.785
5.54078	19.8376
5.54644	19.8903
5.54675	19.9429
5.54805	19.9955
5.54916	20.0482
5.55136	20.0982
5.55183	20.1482
5.55321	20.1982
5.55525	20.2482
5.55593	20.2982
5.55659	20.3482
5.55937	20.3982
5.56232	20.4482
5.56353	20.4982
5.5657	20.5482
5.56691	20.5982
5.56856	20.6482
5.57117	20.6982
5.57191	20.7482
5.57242	20.7982
5.57512	20.8482
5.57536	20.8982
5.57671	20.9482
5.57748	20.9982
5.57829	21.0482
5.57945	21.0958
5.58017	21.1434
5.58081	21.191
5.58151	21.2387
5.5822	21.2863
5.58284	21.3339
5.58353	21.3815
5.58491	21.4291
5.58575	21.4767
5.5863	21.5244
5.58708	21.572
5.58772	21.6196
5.58845	21.6672
5.58975	21.7148
5.59049	21.7625
5.60582	21.8101
5.60713	21.8577
5.60851	21.9053
5.60929	21.9529
5.61059	22.0006
5.61204	22.046
5.6133	22.0915
5.61471	22.1369
5.61628	22.1824
5.61745	22.2278
5.61899	22.2733
5.62028	22.3187
5.62169	22.3642
5.62455	22.4096
5.62504	22.4551
5.6259	22.5006
5.62641	22.546
5.62712	22.5915
5.62787	22.6369
5.62985	22.6824
5.63002	22.7278
5.63965	22.7733
5.64097	22.8187
5.64239	22.8642
5.64377	22.9096
5.64718	22.9551
5.64803	23.0006
5.64879	23.044
5.65018	23.0875
5.65282	23.131
5.65541	23.1745
5.65613	23.2179
5.65891	23.2614
5.66243	23.3049
5.66509	23.3484
5.66732	23.3919
5.66784	23.4353
5.66861	23.4788
5.67078	23.5223
5.67212	23.5658
5.67312	23.6093
5.67354	23.6527
5.67498	23.6962
5.67632	23.7397
5.67675	23.7832
5.67725	23.8266
5.67775	23.8701
5.67975	23.9136
5.68175	23.9571
5.68371	24.0006
5.68967	24.0422
5.69153	24.0839
5.69284	24.1256
5.69562	24.1672
5.69766	24.2089
5.69975	24.2506
5.70527	24.2922
5.70742	24.3339
5.7102	24.3756
5.71239	24.4172
5.71287	24.4589
5.71496	24.5006
5.71566	24.5422
5.71661	24.5839
5.71709	24.6256
5.71787	24.6672
5.72748	24.7089
5.72825	24.7506
5.72884	24.7922
5.73114	24.8339
5.73169	24.8756
5.7343	24.9172
5.73707	24.9589
5.73843	25.0006
5.74131	25.0406
5.74393	25.0806
5.74592	25.1206
5.74739	25.1606
5.74887	25.2006
5.75026	25.2406
5.75334	25.2806
5.75452	25.3206
5.75862	25.3606
5.7624	25.4006
5.76364	25.4406
5.76525	25.4806
5.76776	25.5206
5.77316	25.5606
5.77524	25.6006
5.77955	25.6406
5.7807	25.6806
5.78698	25.7206
5.78966	25.7606
5.79239	25.8006
5.79377	25.8406
5.79587	25.8806
5.79997	25.9206
5.80203	25.9606
5.80269	26.0006
5.80339	26.039
5.80406	26.0775
5.80485	26.1159
5.80768	26.1544
5.80825	26.1929
5.81355	26.2313
5.81732	26.2698
5.8181	26.3082
5.82584	26.3467
5.83521	26.3852
5.83566	26.4236
5.83817	26.4621
5.83974	26.5006
5.8405	26.539
5.84115	26.5775
5.84182	26.6159
5.84285	26.6544
5.84337	26.6929
5.84392	26.7313
5.845	26.7698
5.84552	26.8082
5.8463	26.8467
5.84675	26.8852
5.84949	26.9236
5.85255	26.9621
5.85428	27.0006
5.8571	27.0376
5.85982	27.0746
5.87286	27.1117
5.87716	27.1487
5.87812	27.1857
5.87882	27.2228
5.87892	27.2598
5.87929	27.2969
5.88266	27.3339
5.89096	27.3709
5.8988	27.408
5.9029	27.445
5.90564	27.482
5.9077	27.5191
5.9097	27.5561
5.91133	27.5931
5.91162	27.6302
5.91207	27.6672
5.91268	27.7043
5.91339	27.7413
5.91408	27.7783
5.91613	27.8154
5.91751	27.8524
5.91885	27.8894
5.92442	27.9265
5.92581	27.9635
5.9295	28.0006
5.9306	28.0363
5.93201	28.072
5.9369	28.1077
5.9401	28.1434
5.94354	28.1791
5.94437	28.2148
5.94506	28.2506
5.94681	28.2863
5.9511	28.322
5.95801	28.3577
5.96052	28.3934
5.962	28.4291
5.96754	28.4648
5.9689	28.5006
5.9695	28.5363
5.97015	28.572
5.97154	28.6077
5.97227	28.6434
5.97314	28.6791
5.97367	28.7148
5.97434	28.7506
5.97506	28.7863
5.97598	28.822
5.97665	28.8577
5.9806	28.8934
5.98196	28.9291
5.98402	28.9648
5.98536	29.0006
5.98676	29.035
5.98829	29.0695
5.99736	29.104
6.00338	29.1385
6.00475	29.173
6.00544	29.2075
6.00688	29.2419
6.00827	29.2764
6.00909	29.3109
6.01042	29.3454
6.01668	29.3799
6.01799	29.4143
6.02025	29.4488
6.02137	29.4833
6.0228	29.5178
6.02419	29.5523
6.02554	29.5868
6.02764	29.6212
6.03175	29.6557
6.03588	29.6902
6.03794	29.7247
6.03934	29.7592
6.04097	29.7937
6.04141	29.8281
6.04352	29.8626
6.04422	29.8971
6.04486	29.9316
6.04558	29.9661
6.04627	30.0006
6.04692	30.0339
6.0493	30.0672
6.05595	30.1006
6.05938	30.1339
6.06072	30.1672
6.06278	30.2006
6.06562	30.2339
6.06704	30.2672
6.06831	30.3006
6.06974	30.3339
6.07037	30.3672
6.07181	30.4006
6.07319	30.4339
6.07542	30.4672
6.07738	30.5006
6.07938	30.5339
6.08765	30.5672
6.09006	30.6006
6.09077	30.6339
6.09282	30.6672
6.09353	30.7006
6.09488	30.7339
6.09628	30.7672
6.09692	30.8006
6.09832	30.8339
6.0997	15.4169
6.10109	15.4836
6.10246	15.5503
6.1053	15.6169
6.10656	15.6836
6.10727	15.7503
6.1094	15.8169
6.11152	15.8836
6.11426	15.9503
6.11553	16.0169
6.12258	16.0794
6.12531	16.1419
6.1301	16.2044
6.13218	16.2669
6.13419	16.3294
6.13557	16.3919
6.13834	16.4544
6.13905	16.5169
6.14047	16.5794
6.14278	16.6419
6.14399	16.7044
6.14598	16.7669
6.14733	16.8294
6.15012	16.8919
6.15148	16.9544
6.15222	17.0169
6.1531	17.0758
6.15359	17.1346
6.15442	17.1934
6.15496	17.2522
6.17948	17.3111
6.18307	17.3699
6.18563	17.4287
6.1863	17.4875
6.18703	17.5464
6.18784	17.6052
6.18842	17.664
6.18981	17.7228
6.19046	17.7817
6.19118	17.8405
6.19189	17.8993
6.1926	17.9581
6.19336	18.0169
6.194	18.0725
6.19463	18.1281
6.19627	18.1836
6.20102	18.2392
6.23024	18.2947
6.2316	18.3503
6.23303	18.4058
6.23436	18.4614
6.23564	18.5169
6.23631	18.5725
6.24125	18.6281
6.24192	18.6836
6.24396	18.7392
6.24464	18.7947
6.24527	18.8503
6.24824	18.9058
6.24939	18.9614
6.25078	19.0169
6.25281	19.0696
6.25352	19.1222
6.255	19.1748
6.25561	19.2275
6.28112	19.2801
6.28176	19.3327
6.28245	19.3854
6.28312	19.438
6.28386	19.4906
6.28523	19.5433
6.28607	19.5959
6.28662	19.6485
6.28734	19.7012
6.288	19.7538
6.28896	19.8064
6.28948	19.859
6.29011	19.9117
6.29075	19.9643
6.29163	20.0169
6.29287	20.0669
6.29366	20.1169
6.29425	20.1669
6.29656	20.2169
6.32296	20.2669
6.32503	20.3169
6.32611	20.3669
6.32712	20.4169
6.32783	20.4669
6.32915	20.5169
6.33126	20.5669
6.33332	20.6169
6.33441	20.6669
6.33604	20.7169
6.33747	20.7669
6.3388	20.8169
6.34019	20.8669
6.34229	20.9169
6.34369	20.9669
6.34504	21.0169
6.34646	21.0646
6.34717	21.1122
6.34784	21.1598
6.34856	21.2074
6.36626	21.255
6.36843	21.3027
6.36982	21.3503
6.37186	21.3979
6.3735	21.4455
6.37627	21.4931
6.37893	21.5408
6.38098	21.5884
6.38513	21.636
6.3879	21.6836
6.38994	21.7312
6.39154	21.7788
6.39278	21.8265
6.39422	21.8741
6.39478	21.9217
6.39557	21.9693
6.39616	22.0169
6.39687	22.0624
6.39772	22.1079
6.39824	22.1533
6.39891	22.1988
6.41835	22.2442
6.41987	22.2897
6.42057	22.3351
6.42321	22.3806
6.42482	22.426
6.42667	22.4715
6.42833	22.5169
6.4328	22.5624
6.43511	22.6079
6.43664	22.6533
6.4389	22.6988
6.44204	22.7442
6.44481	22.7897
6.4461	22.8351
6.44885	22.8806
6.4516	22.926
6.45299	22.9715
6.45447	23.0169
6.45648	23.0604
6.45789	23.1039
6.45923	23.1474
6.46124	23.1909
6.46551	23.2343
6.46622	23.2778
6.46757	23.3213
6.47233	23.3648
6.47377	23.4082
6.47578	23.4517
6.47674	23.4952
6.48173	23.5387
6.48266	23.5822
6.48524	23.6256
6.48787	23.6691
6.49364	23.7126
6.49422	23.7561
6.49484	23.7996
6.49556	23.843
6.4965	23.8865
6.4976	23.93
6.49984	23.9735
6.50034	24.0169
6.50817	24.0586
6.51077	24.1003
6.51344	24.1419
6.5155	24.1836
6.51962	24.2253
6.52028	24.2669
6.52243	24.3086
6.52542	24.3503
6.52721	24.3919
6.52805	24.4336
6.5289	24.4753
6.53051	24.5169
6.53064	24.5586
6.5315	24.6003
6.53344	24.6419
6.54069	24.6836
6.54121	24.7253
6.5427	24.7669
6.54452	24.8086
6.5469	24.8503
6.54724	24.8919
6.54798	24.9336
6.54936	24.9753
6.55089	25.0169
6.55508	25.0569
6.55625	25.0969
6.55769	25.1369
6.55974	25.1769
6.56321	25.2169
6.56523	25.2569
6.56613	25.2969
6.56689	25.3369
6.56942	25.3769
6.57008	25.4169
6.57097	25.4569
6.5719	25.4969
6.5731	25.5369
6.57449	25.5769
6.57631	25.6169
6.59393	25.6569
6.59509	25.6969
6.59663	25.7369
6.5974	25.7769
6.59963	25.8169
6.60081	25.8569
6.6038	25.8969
6.60424	25.9369
6.60449	25.9769
6.60503	26.0169
6.60958	26.0554
6.61864	26.0939
6.6224	26.1323
6.62295	26.1708
6.62417	26.2093
6.63617	26.2477
6.63795	26.2862
6.64156	26.3246
6.64326	26.3631
6.64367	26.4016
6.64468	26.44
6.64493	26.4785
6.64627	26.5169
6.64974	26.5554
6.65108	26.5939
6.66008	26.6323
6.66304	26.6708
6.66418	26.7093
6.66627	26.7477
6.66901	26.7862
6.67042	26.8246
6.6711	26.8631
6.67244	26.9016
6.67462	26.94
6.67523	26.9785
6.67687	27.0169
6.67884	27.054
6.68352	27.091
6.69747	27.1281
6.6988	27.1651
6.70016	27.2021
6.70187	27.2392
6.70312	27.2762
6.70713	27.3132
6.70787	27.3503
6.70852	27.3873
6.70944	27.4244
6.7099	27.4614
6.7107	27.4984
6.71541	27.5355
6.71884	27.5725
6.73349	27.6095
6.73618	27.6466
6.73769	27.6836
6.73902	27.7206
6.73985	27.7577
6.74175	27.7947
6.74252	27.8318
6.74324	27.8688
6.74394	27.9058
6.74484	27.9429
6.74534	27.9799
6.74599	28.0169
6.74681	28.0527
6.74898	28.0884
6.75884	28.1241
6.75951	28.1598
6.7611	28.1955
6.7616	28.2312
6.76296	28.2669
6.76363	28.3027
6.76997	28.3384
6.77255	28.3741
6.77531	28.4098
6.77683	28.4455
6.77945	28.4812
6.78369	28.5169
6.78515	28.5527
6.78731	28.5884
6.78861	28.6241
6.78996	28.6598
6.79134	28.6955
6.79224	28.7312
6.79412	28.7669
6.79548	28.8027
6.79897	28.8384
6.801	28.8741
6.80256	28.9098
6.80465	28.9455
6.80581	28.9812
6.80786	29.0169
6.80997	29.0514
6.81334	29.0859
6.83169	29.1204
6.8321	29.1549
6.83354	29.1894
6.83491	29.2238
6.83562	29.2583
6.83916	29.2928
6.84322	29.3273
6.84756	29.3618
6.85091	29.3963
6.85398	29.4307
6.85672	29.4652
6.86043	29.4997
6.86167	29.5342
6.8623	29.5687
6.86304	29.6032
6.86396	29.6376
6.8644	29.6721
6.86507	29.7066
6.86716	29.7411
6.86781	29.7756
6.86919	29.81
6.87018	29.8445
6.87062	29.879
6.87542	29.9135
6.87686	29.948
6.8782	29.9825
6.87952	30.0169
6.88082	30.0503
6.88728	30.0836
6.91077	30.1169
6.91144	30.1503
6.91206	30.1836
6.91353	30.2169
6.91441	30.2503
6.9149	30.2836
6.9156	30.3169
6.91715	30.3503
6.91775	30.3836
6.92045	30.4169
6.92202	30.4503
6.92318	30.4836
6.92454	30.5169
6.92799	30.5503
6.93003	30.5836
6.93143	30.6169
6.93347	30.6503
6.93562	30.6836
6.93691	30.7169
6.9383	30.7503
6.93898	30.7836
6.94074	30.8169
6.94238	30.8503
6.94514	30.8836
6.94755	30.9169
6.94875	30.9503
6.95	30.9836
6.95079	31.0169
6.95213	31.0492
6.95425	31.0815
6.97675	31.1137
6.97738	31.146
6.98329	31.1782
6.98675	31.2105
6.98808	31.2428
6.98895	31.275
6.98946	31.3073
6.99086	31.3395
6.99159	31.3718
6.99225	31.404
6.99313	31.4363
6.99362	31.4686
6.9943	31.5008
6.99527	31.5331
6.99571	31.5653
6.99635	31.5976
6.99773	31.6298
6.99916	31.6621
7.00049	31.6944
7.00263	31.7266
7.00341	31.7589
7.00394	31.7911
7.00531	31.8234
7.00664	31.8557
7.01002	31.8879
7.01517	31.9202
7.01851	31.9524
7.02053	31.9847
7.02228	32.0169
7.02386	32.0482
7.0292	32.0794
7.04695	32.1107
7.0477	32.1419
7.04808	32.1732
7.04816	32.2044
7.04825	32.2357
7.04841	32.2669
7.0485	32.2982
7.04861	32.3294
7.05058	32.3607
7.05142	32.3919
7.05191	32.4232
7.0533	32.4544
7.05463	32.4857
7.05673	32.5169
7.05809	32.5482
7.05879	32.5794
7.06153	32.6107
7.06358	32.6419
7.06427	32.6732
7.06568	32.7044
7.06778	32.7357
7.06841	32.7669
7.06987	32.7982
7.0705	32.8294
7.08389	32.8607
7.09878	32.8919
7.10021	32.9232
7.10063	32.9544
7.10088	32.9857
7.10107	33.0169
7.10183	33.0472
7.10267	33.0776
7.10814	33.1079
7.11029	33.1382
7.11431	33.1685
7.11496	33.1988
7.11567	33.2291
7.11712	33.2594
7.11773	33.2897
7.11847	33.32
7.11979	33.3503
7.1212	33.3806
7.12261	33.4109
7.12488	33.4412
7.1275	33.4715
7.12912	33.5018
7.13048	33.5321
7.13164	33.5624
7.13786	33.5927
7.13919	33.623
7.14409	33.6533
7.14563	33.6836
7.14889	33.7139
7.14921	33.7442
7.14957	33.7745
7.1496	33.8048
7.14991	33.8351
7.16577	33.8654
7.17136	33.8957
7.17382	33.926
7.17586	33.9563
7.17772	33.9866
7.17928	34.0169
7.18129	34.0464
7.1835	34.0758
7.18752	34.1052
7.18782	34.1346
7.18835	34.164
7.18919	34.1934
7.18974	34.2228
7.19138	34.2522
7.19278	34.2817
7.19344	34.3111
7.19395	34.3405
7.19452	34.3699
7.19526	34.3993
7.19598	34.4287
7.19687	34.4581
7.19831	34.4875
7.19857	34.5169
7.19941	34.5464
7.20073	34.5758
7.20149	34.6052
7.20288	34.6346
7.20552	34.664
7.2111	34.6934
7.21177	34.7228
7.21545	34.7522
7.2166	34.7817
7.21744	34.8111
7.23724	34.8405
7.23836	34.8699
7.23908	34.8993
7.23981	34.9287
7.24116	34.9581
7.24257	34.9875
7.24392	35.0169
7.247	35.0455
7.2481	35.0741
7.25019	35.1027
7.25289	35.1312
7.25559	35.1598
7.25839	35.1884
7.25914	35.2169
7.26054	35.2455
7.26122	35.2741
7.26261	35.3027
7.264	35.3312
7.2653	35.3598
7.26623	35.3884
7.26707	35.4169
7.26826	35.4455
7.2691	35.4741
7.2698	35.5027
7.27053	35.5312
7.27109	35.5598
7.27256	35.5884
7.27304	35.6169
7.27377	35.6455
7.27861	35.6741
7.27985	17.837
7.28118	17.8959
7.28189	17.9547
7.28531	18.0135
7.31044	18.0691
7.31114	18.1246
7.3118	18.1802
7.31251	18.2357
7.31318	18.2913
7.31407	18.3468
7.31463	18.4024
7.31527	18.458
7.31698	18.5135
7.31761	18.5691
7.31963	18.6246
7.32041	18.6802
7.32107	18.7357
7.32242	18.7913
7.3239	18.8468
7.32542	18.9024
7.32823	18.958
7.33041	19.0135
7.33109	19.0661
7.33374	19.1188
7.3372	19.1714
7.34323	19.224
7.34563	19.2767
7.34672	19.3293
7.35081	19.3819
7.35224	19.4346
7.35382	19.4872
7.35576	19.5398
7.35703	19.5925
7.35802	19.6451
7.35924	19.6977
7.39538	19.7504
7.39941	19.803
7.40015	19.8556
7.40147	19.9083
7.40223	19.9609
7.40321	20.0135
7.40444	20.0635
7.40574	20.1135
7.40791	20.1635
7.40845	20.2135
7.40923	20.2635
7.40986	20.3135
7.41291	20.3635
7.41338	20.4135
7.41532	20.4635
7.41657	20.5135
7.41744	20.5635
7.4178	20.6135
7.41946	20.6635
7.44207	20.7135
7.44278	20.7635
7.44432	20.8135
7.44484	20.8635
7.44929	20.9135
7.44978	20.9635
7.45122	21.0135
7.45208	21.0611
7.45327	21.1088
7.45396	21.1564
7.45646	21.204
7.45857	21.2516
7.46037	21.2992
7.46201	21.3468
7.46339	21.3945
7.464	21.4421
7.46604	21.4897
7.46744	21.5373
7.47019	21.5849
7.47326	21.6326
7.503	21.6802
7.50874	21.7278
7.51426	21.7754
7.51915	21.823
7.52655	21.8707
7.52832	21.9183
7.53026	21.9659
7.53095	22.0135
7.53255	22.059
7.53372	22.1044
7.53442	22.1499
7.53578	22.1953
7.53737	22.2408
7.53873	22.2862
7.53993	22.3317
7.54271	22.3772
7.54542	22.4226
7.54698	22.4681
7.54826	22.5135
7.54972	22.559
7.55034	22.6044
7.56564	22.6499
7.56989	22.6953
7.57124	22.7408
7.57281	22.7862
7.58442	22.8317
7.58508	22.8772
7.5872	22.9226
7.59018	22.9681
7.59289	23.0135
7.59543	23.057
7.59615	23.1005
7.59784	23.1439
7.5994	23.1874
7.60077	23.2309
7.60391	23.2744
7.60712	23.3179
7.60735	23.3613
7.60783	23.4048
7.60987	23.4483
7.61043	23.4918
7.61093	23.5353
7.61135	23.5787
7.63284	23.6222
7.63698	23.6657
7.63767	23.7092
7.63865	23.7526
7.6401	23.7961
7.64057	23.8396
7.6416	23.8831
7.64271	23.9266
7.64338	23.97
7.64402	24.0135
7.64553	24.0552
7.64627	24.0968
7.65436	24.1385
7.65555	24.1802
7.65708	24.2218
7.66354	24.2635
7.67005	24.3052
7.67103	24.3468
7.67249	24.3885
7.67868	24.4302
7.68065	24.4718
7.68317	24.5135
7.68446	24.5552
7.69136	24.5968
7.69468	24.6385
7.69609	24.6802
7.6974	24.7218
7.71049	24.7635
7.71236	24.8052
7.72261	24.8468
7.72633	24.8885
7.72696	24.9302
7.72824	24.9718
7.72951	25.0135
7.73033	25.0535
7.73157	25.0935
7.73461	25.1335
7.7375	25.1735
7.74057	25.2135
7.74439	25.2535
7.7461	25.2935
7.74745	25.3335
7.74883	25.3735
7.75022	25.4135
7.7531	25.4535
7.75719	25.4935
7.75769	25.5335
7.77018	25.5735
7.77062	25.6135
7.77097	25.6535
7.77188	25.6935
7.7745	25.7335
7.77659	25.7735
7.78382	25.8135
7.78697	25.8535
7.78983	25.8935
7.79112	25.9335
7.79181	25.9735
7.79247	26.0135
7.79545	26.052
7.79728	26.0904
7.79883	26.1289
7.79959	26.1674
7.80089	26.2058
7.80345	26.2443
7.80442	26.2827
7.80757	26.3212
7.80916	26.3597
7.8111	26.3981
7.81733	26.4366
7.82182	26.4751
7.82442	26.5135
7.83718	26.552
7.8384	26.5904
7.84116	26.6289
7.84521	26.6674
7.85283	26.7058
7.85709	26.7443
7.85832	26.7827
7.85905	26.8212
7.86337	26.8597
7.86693	26.8981
7.86894	26.9366
7.86953	26.9751
7.87244	27.0135
7.87389	27.0506
7.87451	27.0876
7.87563	27.1246
7.87657	27.1617
7.87727	27.1987
7.88007	27.2357
7.88138	27.2728
7.89407	27.3098
7.89963	27.3468
7.90149	27.3839
7.90289	27.4209
7.90487	27.458
7.90693	27.495
7.91027	27.532
7.9104	27.5691
7.91113	27.6061
7.91198	27.6431
7.91694	27.6802
7.92158	27.7172
7.92358	27.7543
7.92498	27.7913
7.9271	27.8283
7.93006	27.8654
7.93215	27.9024
7.93351	27.9394
7.93455	27.9765
7.93507	28.0135
7.93766	28.0492
7.94062	28.0849
7.94179	28.1207
7.94318	28.1564
7.94599	28.1921
7.95031	28.2278
7.9521	28.2635
7.95862	28.2992
7.96731	28.3349
7.96794	28.3707
7.97298	28.4064
7.97415	28.4421
7.97487	28.4778
7.97743	14.2389
7.97762	14.3103
7.97922	14.3818
7.98041	14.4532
7.98202	14.5246
7.98416	14.596
7.99571	14.6675
7.99803	14.7389
8.00056	14.8103
8.00194	14.8818
8.00263	14.9532
8.00329	15.0246
8.00399	15.0913
8.00469	15.1579
8.00637	15.2246
8.00681	15.2913
8.00753	15.3579
8.00889	15.4246
8.00959	15.4913
8.01053	15.5579
8.01378	15.6246
8.01432	15.6913
8.01491	15.7579
8.02224	15.8246
8.02286	15.8913
8.02432	15.9579
8.02502	16.0246
8.03018	16.0871
8.04656	16.1496
8.04767	16.2121
8.04828	16.2746
8.04903	16.3371
8.05029	16.3996
8.05161	16.4621
8.05343	16.5246
8.05828	16.5871
8.05963	16.6496
8.06087	16.7121
8.06806	16.7746
8.07375	16.8371
8.07764	16.8996
8.07981	16.9621
8.08125	17.0246
8.08272	17.0834
8.09501	17.1423
8.09636	17.2011
8.09789	17.2599
8.09911	17.3187
8.10061	17.3776
8.10202	17.4364
8.10324	17.4952
8.10476	17.554
8.10961	17.6128
8.1105	17.6717
8.11391	17.7305
8.1146	17.7893
8.11536	17.8481
8.11717	17.907
8.11789	17.9658
8.11857	18.0246
8.11923	18.0802
8.14293	18.1357
8.14418	18.1913
8.14829	18.2468
8.15367	18.3024
8.15436	18.3579
8.15573	18.4135
8.15646	18.4691
8.16281	18.5246
8.17316	18.5802
8.17444	18.6357
8.17719	18.6913
8.17854	18.7468
8.17925	18.8024
8.17993	18.8579
8.18064	18.9135
8.18157	18.9691
8.18219	19.0246
8.18283	19.0772
8.18915	19.1299
8.19076	19.1825
8.1958	19.2351
8.19675	19.2878
8.19882	19.3404
8.2004	19.393
8.20163	19.4457
8.20315	19.4983
8.23656	19.5509
8.23717	19.6036
8.24011	19.6562
8.24408	19.7088
8.24579	19.7615
8.24878	19.8141
8.24905	19.8667
8.25117	19.9194
8.25261	19.972
8.2529	20.0246
8.25407	20.0746
8.26419	20.1246
8.26445	20.1746
8.28526	20.2246
8.28669	20.2746
8.28874	20.3246
8.29016	20.3746
8.29235	20.4246
8.29491	20.4746
8.31198	20.5246
8.31221	20.5746
8.31334	20.6246
8.31437	20.6746
8.31506	20.7246
8.31577	20.7746
8.3165	20.8246
8.31767	20.8746
8.32052	20.9246
8.3212	20.9746
8.32211	21.0246
8.32267	21.0722
8.33382	21.1199
8.33533	21.1675
8.35121	21.2151
8.35225	21.2627
8.35335	21.3103
8.35409	21.3579
8.35477	21.4056
8.35552	21.4532
8.36661	21.5008
8.36778	21.5484
8.36853	21.596
8.3693	21.6437
8.36987	21.6913
8.37069	21.7389
8.37123	21.7865
8.37223	21.8341
8.37837	21.8818
8.37972	21.9294
8.38107	21.977
8.38188	22.0246
8.38456	22.0701
8.39274	22.1155
8.39473	22.161
8.40727	22.2064
8.40805	22.2519
8.40977	22.2973
8.4105	22.3428
8.41254	22.3883
8.41626	22.4337
8.41989	22.4792
8.42065	22.5246
8.42219	22.5701
8.42336	22.6155
8.42759	22.661
8.43024	22.7064
8.43184	22.7519
8.43228	22.7973
8.43374	22.8428
8.4346	22.8883
8.43591	22.9337
8.43666	22.9792
8.43738	23.0246
8.43892	23.0681
8.45283	23.1116
8.45386	23.155
8.47239	23.1985
8.47563	23.242
8.48257	23.2855
8.4833	23.329
8.48535	23.3724
8.48894	23.4159
8.49023	23.4594
8.49158	23.5029
8.49237	23.5464
8.49428	23.5898
8.49568	23.6333
8.49668	23.6768
8.49699	23.7203
8.49794	23.7637
8.50006	23.8072
8.50057	23.8507
8.50174	23.8942
8.50335	23.9377
8.50465	23.9811
8.50607	24.0246
8.50672	24.0663
8.52423	24.1079
8.52896	24.1496
8.54204	24.1913
8.54426	24.2329
8.54555	24.2746
8.54621	24.3163
8.54763	24.3579
8.54889	24.3996
8.55129	24.4413
8.55317	24.4829
8.55465	24.5246
8.5552	24.5663
8.5559	24.6079
8.55662	24.6496
8.55727	24.6913
8.55796	24.7329
8.55865	24.7746
8.56002	24.8163
8.56145	24.8579
8.56621	24.8996
8.56763	24.9413
8.56903	24.9829
8.57107	25.0246
8.57249	25.0646
8.61716	25.1046
8.61827	25.1446
8.62166	25.1846
8.62441	25.2246
8.62797	25.2646
8.62865	25.3046
8.63074	25.3446
8.63494	25.3846
8.6364	25.4246
8.63708	25.4646
8.63761	25.5046
8.63904	25.5446
8.64001	25.5846
8.64105	25.6246
8.64169	25.6646
8.64311	25.7046
8.64385	25.7446
8.64656	25.7846
8.64859	25.8246
8.65294	25.8646
8.65484	25.9046
8.65726	25.9446
8.66131	25.9846
8.66192	26.0246
8.6655	26.0631
8.69063	26.1015
8.692	26.14
8.69274	26.1785
8.69299	26.2169
8.69528	26.2554
8.69616	26.2938
8.69811	26.3323
8.71184	26.3708
8.71378	26.4092
8.71524	26.4477
8.71798	26.4862
8.72616	26.5246
8.72787	26.5631
8.7289	26.6015
8.73029	26.64
8.73096	26.6785
8.73241	26.7169
8.7346	26.7554
8.73533	26.7938
8.7362	26.8323
8.73739	26.8708
8.73874	26.9092
8.7403	26.9477
8.74153	26.9862
8.74398	27.0246
8.74531	27.0617
8.76307	27.0987
8.76658	27.1357
8.77268	27.1728
8.77356	27.2098
8.77506	27.2468
8.77677	27.2839
8.77845	27.3209
8.78356	27.3579
8.78439	27.395
8.78773	27.432
8.79394	27.4691
8.79526	27.5061
8.79738	27.5431
8.79973	27.5802
8.8007	27.6172
8.80285	27.6542
8.80487	27.6913
8.80642	27.7283
8.80771	27.7654
8.80978	27.8024
8.81104	27.8394
8.8126	27.8765
8.81393	27.9135
8.81513	27.9505
8.81788	27.9876
8.81993	28.0246
8.82418	28.0603
8.83981	28.096
8.84027	28.1318
8.84112	28.1675
8.8417	28.2032
8.84222	14.1016
8.8436	14.173
8.84377	14.2444
8.84419	14.3159
8.8505	14.3873
8.85735	14.4587
8.86012	14.5302
8.8622	14.6016
8.86353	14.673
8.86834	14.7444
8.86932	14.8159
8.87071	14.8873
8.87175	14.9587
8.87451	15.0302
8.8759	15.0968
8.87674	15.1635
8.87795	15.2302
8.87937	15.2968
8.88149	15.3635
8.88277	15.4302
8.8848	15.4968
8.8862	15.5635
8.88766	15.6302
8.89356	15.6968
8.91738	15.7635
8.91942	15.8302
8.92028	15.8968
8.92079	15.9635
8.92906	16.0302
8.93042	16.0927
8.93453	16.1552
8.93687	16.2177
8.94139	16.2802
8.94215	16.3427
8.94416	16.4052
8.94459	16.4677
8.94548	16.5302
8.94563	16.5927
8.95987	16.6552
8.98567	16.7177
8.98636	16.7802
8.9871	16.8427
8.98776	16.9052
8.98916	16.9677
8.99119	17.0302
8.99462	17.089
8.99878	17.1478
9.00172	17.2066
9.0023	17.2655
9.00305	17.3243
9.00929	17.3831
9.01202	17.4419
9.01338	17.5008
9.01546	17.5596
9.03124	17.6184
9.0426	17.6772
9.04399	17.736
9.04725	17.7949
9.04862	17.8537
9.05013	17.9125
9.05133	17.9713
9.05198	18.0302
9.05267	18.0857
9.05481	18.1413
9.05852	18.1968
9.05921	18.2524
9.05967	18.3079
9.06738	18.3635
9.06807	18.4191
9.06935	18.4746
9.07072	18.5302
9.08826	18.5857
9.09994	18.6413
9.10268	18.6968
9.10711	18.7524
9.112	18.8079
9.11265	18.8635
9.11476	18.9191
9.11559	18.9746
9.11609	19.0302
9.11693	19.0828
9.11941	19.1354
9.12242	19.1881
9.12304	19.2407
9.12447	19.2933
9.13548	19.346
9.13772	19.3986
9.13956	19.4512
9.14093	19.5038
9.14788	19.5565
9.162	19.6091
9.16316	19.6617
9.16595	19.7144
9.17458	19.767
9.17504	19.8196
9.17599	19.8723
9.17712	19.9249
9.17924	19.9775
9.18148	20.0302
9.18354	20.0802
9.18689	20.1302
9.19089	20.1802
9.19507	20.2302
9.19772	20.2802
9.2067	20.3302
9.20744	20.3802
9.2087	20.4302
9.20943	20.4802
9.21149	20.5302
9.22819	20.5802
9.23024	20.6302
9.23369	20.6802
9.24285	20.7302
9.24553	20.7802
9.25041	20.8302
9.25183	20.8802
9.25466	20.9302
9.25588	20.9802
9.25721	21.0302
9.26066	21.0778
9.2634	21.1254
9.26883	21.173
9.27098	21.2206
9.27259	21.2683
9.27325	21.3159
9.27371	21.3635
9.27518	21.4111
9.27618	21.4587
9.27673	21.5064
9.28555	21.554
9.28651	21.6016
9.2873	21.6492
9.30943	21.6968
9.30996	21.7444
9.31067	21.7921
9.31133	21.8397
9.31204	21.8873
9.31272	21.9349
9.31345	21.9825
9.31422	22.0302
9.31485	22.0756
9.31552	11.0378
9.31782	11.1287
9.31845	11.2196
9.32042	11.3105
9.32108	11.4014
9.3218	11.4924
9.32317	11.5833
9.32553	11.6742
9.32746	11.7651
9.35292	11.856
9.35416	11.9469
9.3555	12.0378
9.36819	12.1211
9.36978	12.2045
9.37028	12.2878
9.37096	12.3711
9.37186	12.4545
9.37232	12.5378
9.37303	12.6211
9.37368	12.7045
9.37441	12.7878
9.37508	12.8711
9.41683	12.9545
9.41756	13.0378
9.42586	13.1147
9.42719	13.1917
9.42856	13.2686
9.42997	13.3455
9.43201	13.4224
9.43339	13.4993
9.43594	13.5763
9.43638	13.6532
9.43698	13.7301
9.43926	13.807
9.47974	13.884
9.48164	13.9609
9.48286	14.0378
9.48442	14.1092
9.48489	14.1807
9.48626	14.2521
9.48766	14.3235
9.48926	14.395
9.49042	14.4664
9.4918	14.5378
9.49315	14.6092
9.49454	14.6807
9.49588	14.7521
9.53487	14.8235
9.53498	14.895
9.53511	14.9664
9.53526	15.0378
9.53534	15.1045
9.53744	15.1711
9.54012	15.2378
9.54151	15.3045
9.54291	15.3711
9.54634	15.4378
9.55138	15.5045
9.55524	15.5711
9.55962	15.6378
9.56224	15.7045
9.62276	15.7711
9.62359	15.8378
9.62498	15.9045
9.62575	15.9711
9.62688	16.0378
9.62779	16.1003
9.6305	16.1628
9.6332	16.2253
9.63457	16.2878
9.63663	16.3503
9.63942	16.4128
9.64079	16.4753
9.64218	16.5378
9.6505	16.6003
9.65335	16.6628
9.69302	16.7253
9.69536	16.7878
9.69607	16.8503
9.69648	16.9128
9.69836	16.9753
9.69926	17.0378
9.70064	17.0966
9.70136	17.1555
9.70286	17.2143
9.70355	17.2731
9.70513	17.3319
9.70618	17.3908
9.71363	17.4496
9.71509	17.5084
9.72436	17.5672
9.72696	17.626
9.76597	17.6849
9.76642	17.7437
9.76801	17.8025
9.76919	17.8613
9.77056	17.9202
9.77187	17.979
9.7736	18.0378
9.77489	18.0934
9.77555	18.1489
9.77695	18.2045
9.77763	18.26
9.77976	18.3156
9.78106	18.3711
9.78449	18.4267
9.78523	18.4823
9.79503	18.5378
9.79699	18.5934
9.83217	9.29668
9.83293	9.40779
9.83428	9.5189
9.835	9.63002
9.8363	9.74113
9.83704	9.85224
9.83911	9.96335
9.84048	10.0745
9.84113	10.1745
9.84251	10.2745
9.8432	10.3745
9.84459	10.4745
9.84596	10.5745
9.84688	10.6745
9.84731	10.7745
9.8487	10.8745
9.8532	10.9745
9.85714	11.0745
9.89164	11.1654
9.89302	11.2563
9.8944	11.3472
9.8957	11.4381
9.898	11.529
9.89919	11.6199
9.90054	11.7108
9.90197	11.8017
9.90262	11.8926
9.90401	11.9836
9.90466	12.0745
9.93919	12.1578
9.94128	12.2411
9.94406	12.3245
9.94609	12.4078
9.94815	12.4911
9.94954	12.5745
9.95227	12.6578
9.95435	12.7411
9.9571	12.8245
9.95986	12.9078
9.96257	12.9911
9.96327	13.0745
9.97694	13.1514
9.97855	13.2283
9.98526	13.3052
9.98783	13.3822
9.99092	13.4591
9.993	13.536
9.99783	13.6129
9.99989	13.6898
10.0027	13.7668
10.0035	13.8437
10.007	13.9206
10.0085	13.9975
10.0104	14.0745
10.0289	14.1459
10.0304	14.2173
10.036	14.2887
10.0366	14.3602
10.0386	14.4316
10.043	14.503
10.0479	14.5745
10.0508	14.6459
10.0562	14.7173
10.0618	14.7887
10.0672	14.8602
10.0686	14.9316
10.0712	15.003
10.0734	15.0697
10.0875	15.1364
10.0886	15.203
10.0894	15.2697
10.0908	15.3364
10.0921	15.403
10.0927	15.4697
10.0959	15.5364
10.0971	15.603
10.0984	15.6697
10.1006	15.7364
10.1178	15.803
10.1206	15.8697
10.1287	15.9364
10.1315	16.003
10.1337	16.0655
10.1445	16.128
10.1459	16.1905
10.1479	16.253
10.1493	16.3155
10.1501	16.378
10.1507	16.4405
10.1521	16.503
10.1531	16.5655
10.1544	16.628
10.1565	16.6905
10.1652	16.753
10.1679	16.8155
10.184	16.878
10.1849	16.9405
10.1856	17.003
10.1886	17.0619
10.2054	17.1207
10.2073	17.1795
10.2093	17.2383
10.21	17.2971
10.2124	17.356
10.2131	17.4148
10.2138	17.4736
10.2152	17.5324
10.2168	17.5913
10.2213	17.6501
10.2248	17.7089
10.2269	17.7677
10.2371	17.8266
10.242	17.8854
10.2434	17.9442
10.244	18.003
10.2468	18.0586
10.2663	18.1141
10.2687	18.1697
10.2701	18.2253
10.2728	18.2808
10.2756	18.3364
10.2763	18.3919
10.279	18.4475
10.2804	18.503
10.2818	18.5586
10.2868	18.6141
10.2915	18.6697
10.2942	18.7253
10.2991	18.7808
10.3066	18.8364
10.31	18.8919
10.3114	18.9475
10.3135	19.003
10.3164	19.0557
10.3307	19.1083
10.3351	19.1609
10.3373	19.2136
10.3413	19.2662
10.3455	19.3188
10.3475	19.3715
10.351	19.4241
10.3523	19.4767
10.3578	19.5293
10.3619	19.582
10.3667	19.6346
10.3741	19.6872
10.3825	19.7399
10.3871	19.7925
10.3906	19.8451
10.3927	19.8978
10.3933	19.9504
10.3947	20.003
10.396	20.053
10.4037	20.103
10.4061	20.153
10.4078	20.203
10.4092	20.253
10.4126	20.303
10.4167	20.353
10.4195	20.403
10.4209	20.453
10.4258	20.503
10.4279	20.553
10.4308	20.603
10.4355	20.653
10.4389	20.703
10.4402	20.753
10.4416	20.803
10.4457	20.853
10.447	20.903
10.4484	10.4515
10.4513	10.5515
10.4526	10.6515
10.4685	10.7515
10.4705	10.8515
10.4712	10.9515
10.4719	11.0515
10.4727	11.1424
10.4746	11.2333
10.4782	11.3242
10.4794	11.4152
10.4925	11.5061
10.5045	11.597
10.507	11.6879
10.5181	11.7788
10.5208	11.8697
10.5229	11.9606
10.5256	12.0515
10.5299	12.1348
10.5306	12.2182
10.5614	12.3015
10.5664	12.3848
10.5692	12.4682
10.5799	12.5515
10.582	12.6348
10.5955	12.7182
10.6035	12.8015
10.6049	12.8848
10.609	12.9682
10.6132	13.0515
10.6207	6.52576
10.6221	6.69242
10.6442	6.85909
10.6456	7.02576
10.6469	7.16862
10.6484	7.31147
10.6497	7.45433
10.6573	7.59719
10.6808	7.74004
10.6836	7.8829
10.6844	8.02576
10.6863	8.15076
10.6971	8.27576
10.7029	8.40076
10.7195	8.52576
10.7287	8.65076
10.7346	8.77576
10.7373	8.90076
10.7387	9.02576
10.7401	9.13687
10.7436	9.24798
10.7471	9.35909
10.7564	9.4702
10.7704	9.58131
10.7798	9.69242
10.7819	9.80354
10.7832	9.91465
10.784	10.0258
10.7865	10.1258
10.8028	10.2258
10.8104	10.3258
10.8203	10.4258
10.8262	10.5258
10.84	10.6258
10.8442	10.7258
10.8505	10.8258
10.8516	10.9258
10.8524	11.0258
10.8537	11.1167
10.8704	11.2076
10.8731	11.2985
10.8816	11.3894
10.8897	11.4803
10.9006	11.5712
10.9047	11.6621
10.9137	11.753
10.9151	11.8439
10.9158	11.9348
10.9164	12.0258
10.9178	12.1091
10.9317	12.1924
10.9324	12.2758
10.9347	12.3591
10.9482	12.4424
10.9572	12.5258
10.9626	12.6091
10.9729	12.6924
10.9757	12.7758
10.9764	12.8591
10.9777	12.9424
10.9791	13.0258
10.9807	13.1027
10.9874	13.1796
10.9892	13.2565
10.9955	13.3335
11.004	6.66673
11.0099	6.83339
11.018	7.00006
11.029	7.14292
11.0339	7.28577
11.0352	7.42863
11.0372	7.57149
11.0407	7.71434
11.0414	7.8572
11.0428	8.00006
11.0464	8.12506
11.0477	8.25006
11.0588	8.37506
11.1	8.50006
11.1008	8.62506
11.102	8.75006
11.1028	8.87506
11.1042	9.00006
11.1193	9.11117
11.1213	4.55558
11.1317	4.80558
11.1652	5.05558
11.1659	5.25558
11.1679	5.45558
11.1693	5.65558
11.1707	5.85558
11.1735	6.05558
11.1915	6.22225
11.2301	6.38892
11.2308	6.55558
11.2328	6.72225
11.2342	6.88892
11.2349	7.05558
11.2543	7.19844
11.2788	7.3413
11.2795	7.48416
11.2808	7.62701
11.2843	7.76987
11.2883	7.91273
11.2902	8.05558
11.3182	8.18058
11.3251	4.09029
11.3273	4.34029
11.3293	4.59029
11.3306	4.84029
11.3341	5.09029
11.3361	5.29029
11.3389	5.49029
11.3706	5.69029
11.375	5.89029
11.3763	6.09029
11.377	6.25696
11.3784	6.42363
11.4072	6.59029
11.4334	6.75696
11.4352	6.92363
11.4359	7.09029
11.4372	7.23315
11.4379	7.37601
11.4746	7.51886
11.4942	7.66172
11.4976	7.80458
11.4983	7.94744
11.5008	8.09029
11.5015	8.21529
11.5022	8.34029
11.538	8.46529
11.5578	8.59029
11.5608	8.71529
11.5637	8.84029
11.5656	8.96529
11.5669	9.09029
11.568	9.2014
11.5694	9.31251
11.5994	9.42363
11.6218	9.53474
11.6225	9.64585
11.6241	9.75696
11.6255	9.86807
11.6312	9.97918
11.6319	10.0903
11.6329	10.1903
11.6367	10.2903
11.6612	10.3903
11.6864	10.4903
11.6871	10.5903
11.6892	10.6903
11.6906	10.7903
11.6946	10.8903
11.696	10.9903
11.6974	11.0903
11.6987	11.1812
11.7021	11.2721
11.7245	11.363
11.7409	11.4539
11.742	11.5448
11.7434	11.6357
11.7448	11.7267
11.7489	11.8176
11.7504	11.9085
11.7519	11.9994
11.7551	12.0903
11.758	12.1736
11.762	12.257
11.7769	12.3403
11.7898	12.4236
11.7912	12.507
11.7926	12.5903
11.7949	12.6736
11.7986	12.757
11.8001	12.8403
11.8015	12.9236
11.8029	13.007
11.8044	13.0839
11.807	13.1608
11.8148	13.2377
11.8315	13.3147
11.838	13.3916
11.8392	13.4685
11.8406	13.5454
11.842	13.6223
11.846	13.6993
11.8474	13.7762
11.8488	13.8531
11.8502	13.93
11.8517	14.007
11.8531	14.0784
11.857	14.1498
11.8639	14.2212
11.8816	14.2927
11.885	14.3641
11.8863	14.4355
11.8877	14.507
11.8891	14.5784
11.892	14.6498
11.8934	14.7212
11.8948	14.7927
11.8979	14.8641
11.8994	14.9355
11.9006	15.007
11.902	15.0736
11.9042	15.1403
11.9116	15.207
11.9291	15.2736
11.9332	15.3403
11.9346	15.407
11.936	15.4736
11.9373	15.5403
11.9387	15.607
11.9401	15.6736
11.9415	15.7403
11.9428	15.807
11.9442	15.8736
11.9456	15.9403
11.9462	16.007
11.9477	16.0695
11.9498	16.132
11.9567	16.1945
11.9783	16.257
11.9796	16.3195
11.9803	16.382
11.9817	16.4445
11.9831	16.507
11.9844	16.5695
11.9858	16.632
11.9879	16.6945
11.9893	16.757
11.9907	16.8195
11.992	16.882
11.9934	16.9445
11.9947	17.007
11.9961	17.0658
11.9983	17.1246
12.0038	17.1834
12.0211	17.2423
12.0218	17.3011
12.0228	17.3599
12.0235	17.4187
12.0238	17.4775
12.0246	17.5364
12.0262	17.5952
12.027	17.654
12.0277	17.7128
12.0319	17.7717
12.0333	17.8305
12.0347	17.8893
12.036	17.9481
12.0373	18.007
12.0402	18.0625
12.0415	18.1181
12.0483	18.1736
12.0632	18.2292
12.0639	18.2847
12.0648	18.3403
12.0653	18.3958
12.0666	18.4514
12.0673	18.507
12.0683	18.5625
12.0687	18.6181
12.0694	18.6736
12.0706	18.7292
12.0718	18.7847
12.0725	18.8403
12.0741	18.8958
12.0775	18.9514
12.0789	19.007
12.0803	19.0596
12.0817	19.1122
12.0871	19.1649
12.1112	19.2175
12.1135	19.2701
12.1145	19.3227
12.1151	19.3754
12.1158	19.428
12.1167	19.4806
12.1173	19.5333
12.1186	19.5859
12.1195	19.6385
12.1203	19.6912
12.1211	19.7438
12.1221	19.7964
12.1244	19.8491
12.1303	19.9017
12.133	19.9543
12.1346	20.007
12.136	20.057
12.1374	20.107
12.1392	20.157
12.1679	20.207
12.1688	20.257
12.1693	20.307
12.17	20.357
12.1708	20.407
12.1715	20.457
12.1728	20.507
12.1739	20.557
12.1755	20.607
12.1771	20.657
12.1788	20.707
12.1806	20.757
12.1811	20.807
12.1867	20.857
12.1899	20.907
12.1916	20.957
12.1929	21.007
12.1943	21.0546
12.1959	21.1022
12.1987	21.1498
12.2265	21.1974
12.2271	21.2451
12.228	21.2927
12.2288	21.3403
12.2329	21.3879
12.2337	21.4355
12.2343	21.4831
12.2352	21.5308
12.2357	21.5784
12.2365	21.626
12.2374	21.6736
12.2383	21.7212
12.2396	21.7689
12.2461	21.8165
12.2488	21.8641
12.2508	21.9117
12.2522	21.9593
12.2539	22.007
12.2551	22.0524
12.2565	22.0979
12.2585	22.1433
12.2846	22.1888
12.2866	22.2342
12.2872	22.2797
12.2886	22.3251
12.29	22.3706
12.2914	22.416
12.2924	22.4615
12.2936	22.507
12.2943	22.5524
12.2953	22.5979
12.296	22.6433
12.2972	22.6888
12.2986	22.7342
12.3058	22.7797
12.3083	22.8251
12.3097	22.8706
12.311	22.916
12.3125	22.9615
12.3139	23.007
12.3152	23.0504
12.3166	23.0939
12.318	23.1374
12.3448	23.1809
12.3456	23.2244
12.3464	23.2678
12.3471	23.3113
12.348	23.3548
12.3497	23.3983
12.3512	23.4417
12.3519	23.4852
12.3526	23.5287
12.3533	23.5722
12.3549	23.6157
12.3559	23.6591
12.357	23.7026
12.3657	23.7461
12.3686	23.7896
12.37	23.833
12.3714	23.8765
12.3728	23.92
12.3742	23.9635
12.3755	24.007
12.3769	24.0486
12.3776	24.0903
12.3783	24.132
12.4061	24.1736
12.407	24.2153
12.4077	24.257
12.4086	24.2986
12.4095	24.3403
12.4111	24.382
12.4118	24.4236
12.4125	24.4653
12.4132	24.507
12.4139	24.5486
12.4177	24.5903
12.4185	24.632
12.4201	24.6736
12.4296	24.7153
12.4323	24.757
12.4343	24.7986
12.4357	24.8403
12.4375	24.882
12.4387	24.9236
12.4401	24.9653
12.4415	25.007
12.4428	25.047
12.4442	25.087
12.4449	25.127
12.4656	25.167
12.4662	25.207
12.4669	25.247
12.4676	25.287
12.4683	25.327
12.469	25.367
12.4698	25.407
12.4705	25.447
12.4711	25.487
12.4718	25.527
12.4746	25.567
12.4766	25.607
12.478	25.647
12.4878	25.687
12.4905	25.727
12.492	25.767
12.4933	25.807
12.4947	25.847
12.4961	25.887
12.4975	25.927
12.4988	25.967
12.5003	26.007
12.5023	26.0454
12.503	26.0839
12.5044	26.1223
12.526	26.1608
12.5261	26.1993
12.5267	26.2377
12.5273	26.2762
12.5281	26.3147
12.5287	26.3531
12.5294	26.3916
12.53	26.43
12.5308	26.4685
12.5315	26.507
12.5322	26.5454
12.5328	26.5839
12.5336	26.6223
12.5358	26.6608
12.5394	26.6993
12.5418	26.7377
12.5458	26.7762
12.5478	26.8147
12.5493	26.8531
12.5507	26.8916
12.5521	26.93
12.5534	26.9685
12.5547	27.007
12.5561	27.044
12.5575	27.081
12.5589	27.1181
12.5784	27.1551
12.5787	27.1921
12.579	27.2292
12.5797	27.2662
12.5804	27.3033
12.5811	27.3403
12.5818	27.3773
12.5824	27.4144
12.5831	27.4514
12.5839	27.4884
12.5845	27.5255
12.5852	27.5625
12.5859	27.5996
12.5898	27.6366
12.5914	27.6736
12.5926	27.7107
12.594	27.7477
12.5963	27.7847
12.5985	27.8218
12.6005	27.8588
12.6037	27.8958
12.6065	27.9329
12.6086	27.9699
12.61	28.007
12.6141	28.0427
12.6149	28.0784
12.6155	28.1141
12.6361	28.1498
12.6376	28.1855
12.6379	28.2212
12.6386	28.257
12.6403	28.2927
12.641	28.3284
12.6428	28.3641
12.6435	28.3998
12.6451	28.4355
12.6465	28.4712
12.6472	28.507
12.6479	28.5427
12.6494	28.5784
12.6507	28.6141
12.6522	28.6498
12.6529	28.6855
12.6542	28.7212
12.6556	28.757
12.657	28.7927
12.6584	28.8284
12.659	28.8641
12.6622	28.8998
12.665	28.9355
12.6657	28.9712
12.6696	29.007
12.6709	29.0414
12.6718	29.0759
12.6725	29.1104
12.6969	29.1449
12.6975	29.1794
12.6984	29.2139
12.6996	29.2483
12.7012	29.2828
12.7017	29.3173
12.7023	29.3518
12.7037	29.3863
12.7044	29.4208
12.7058	29.4552
12.7066	29.4897
12.7072	29.5242
12.7079	29.5587
12.7092	29.5932
12.7106	29.6276
12.7113	29.6621
12.7127	29.6966
12.7141	29.7311
12.7147	29.7656
12.7161	29.8001
12.7168	29.8345
12.7189	29.869
12.7212	29.9035
12.7226	29.938
12.724	29.9725
12.7254	30.007
12.7294	30.0403
12.73	30.0736
12.7329	30.107
12.7556	30.1403
12.7562	30.1736
12.7567	30.207
12.7576	30.2403
12.7582	30.2736
12.7596	30.307
12.7602	30.3403
12.7617	30.3736
12.7624	30.407
12.7637	30.4403
12.765	30.4736
12.7664	30.507
12.7671	30.5403
12.7685	30.5736
12.7692	30.607
12.7699	30.6403
12.7712	30.6736
12.7726	30.707
12.7743	30.7403
12.7754	30.7736
12.7781	30.807
12.7809	30.8403
12.7842	30.8736
12.7849	30.907
12.7863	30.9403
12.7876	30.9736
12.7883	31.007
12.7902	31.0392
12.7909	31.0715
12.793	31.1037
12.8187	31.136
12.8193	31.1682
12.82	31.2005
12.8214	31.2328
12.8222	31.265
12.823	31.2973
12.8237	31.3295
12.8265	31.3618
12.8279	31.3941
12.8286	31.4263
12.83	31.4586
12.8306	31.4908
12.8332	31.5231
12.8338	31.5553
12.8345	31.5876
12.836	31.6199
12.8379	31.6521
12.8386	31.6844
12.8393	31.7166
12.8414	31.7489
12.8434	31.7812
12.8451	31.8134
12.8485	31.8457
12.8492	31.8779
12.8507	31.9102
12.8522	31.9424
12.8534	31.9747
12.8546	32.007
12.8554	32.0382
12.856	32.0695
12.8567	32.1007
12.8715	32.132
12.8721	32.1632
12.8729	32.1945
12.8739	32.2257
12.8753	32.257
12.8767	32.2882
12.8775	32.3195
12.8781	32.3507
12.8794	32.382
12.8801	32.4132
12.8815	32.4445
12.8822	32.4757
12.8831	32.507
12.8836	32.5382
12.8849	32.5695
12.8863	32.6007
12.8877	32.632
12.889	32.6632
12.8904	32.6945
12.8918	32.7257
12.8941	32.757
12.8973	32.7882
12.9003	32.8195
12.9017	32.8507
12.9031	32.882
12.9038	32.9132
12.9049	32.9445
12.9057	32.9757
12.9064	33.007
12.9071	33.0373
12.9088	33.0676
12.9101	33.0979
12.9201	33.1282
12.9208	33.1585
12.9214	33.1888
12.9221	33.2191
12.9243	33.2494
12.9249	33.2797
12.9263	33.31
12.927	33.3403
12.9283	33.3706
12.929	33.4009
12.9297	33.4312
12.9304	33.4615
12.933	33.4918
12.9332	33.5221
12.9345	33.5524
12.9359	33.5827
12.9373	33.613
12.9387	33.6433
12.94	33.6736
12.9414	33.7039
12.9428	33.7342
12.9451	33.7645
12.9477	33.7948
12.9491	33.8251
12.9505	33.8554
12.9527	33.8857
12.954	33.916
12.9546	33.9464
12.9554	33.9767
12.9567	34.007
12.9574	34.0364
12.9581	34.0658
12.9588	34.0952
12.9687	34.1246
12.9693	34.154
12.97	34.1834
12.9707	34.2128
12.9735	34.2423
12.9742	34.2717
12.9748	34.3011
12.9756	34.3305
12.9769	34.3599
12.9793	34.3893
12.98	34.4187
12.9821	34.4481
12.9841	34.4775
12.9855	34.507
12.9869	34.5364
12.9875	34.5658
12.9883	34.5952
12.9896	34.6246
12.991	34.654
12.9926	34.6834
12.9937	34.7128
12.9963	34.7423
12.9992	34.7717
13.0006	34.8011
13.0022	34.8305
13.0027	17.4152
13.0047	17.4741
13.0055	17.5329
13.0061	17.5917
13.0076	17.6505
13.0082	17.7094
13.009	17.7682
13.0096	17.827
13.0103	17.8858
13.019	17.9447
13.0196	18.0035
13.0203	18.059
13.0217	18.1146
13.0238	18.1701
13.0245	18.2257
13.0252	18.2813
13.0259	18.3368
13.0266	18.3924
13.0286	18.4479
13.0298	18.5035
13.0312	18.559
13.0325	18.6146
13.0341	18.6701
13.0354	18.7257
13.0369	18.7813
13.0383	18.8368
13.0397	18.8924
13.041	18.9479
13.0424	19.0035
13.0438	19.0561
13.0452	19.1087
13.0468	19.1614
13.0479	19.214
13.05	19.2666
13.0665	19.3193
13.0669	19.3719
13.0675	19.4245
13.0683	19.4772
13.069	19.5298
13.0703	19.5824
13.0717	19.6351
13.073	19.6877
13.0738	19.7403
13.0745	19.793
13.0751	19.8456
13.0765	19.8982
13.0772	19.9508
13.0779	20.0035
13.0793	20.0535
13.08	20.1035
13.0808	20.1535
13.082	20.2035
13.0828	20.2535
13.1154	20.3035
13.1165	20.3535
13.1176	20.4035
13.1183	20.4535
13.119	20.5035
13.1211	20.5535
13.1225	20.6035
13.1233	20.6535
13.124	20.7035
13.1254	20.7535
13.1268	20.8035
13.1275	20.8535
13.1289	20.9035
13.1303	20.9535
13.1316	21.0035
13.1333	21.0511
13.1346	21.0987
13.1355	21.1463
13.136	21.194
13.1374	21.2416
13.1749	21.2892
13.1758	21.3368
13.177	21.3844
13.1777	21.4321
13.1793	21.4797
13.1809	21.5273
13.1823	21.5749
13.1829	21.6225
13.1844	21.6701
13.1868	21.7178
13.1874	21.7654
13.1889	21.813
13.1896	21.8606
13.191	21.9082
13.1922	21.9559
13.1936	22.0035
13.195	22.0489
13.1964	22.0944
13.1971	22.1398
13.1977	22.1853
13.1991	22.2308
13.2366	22.2762
13.2376	22.3217
13.239	22.3671
13.2401	22.4126
13.2411	22.458
13.2426	22.5035
13.2441	22.5489
13.2454	22.5944
13.2467	22.6398
13.2482	22.6853
13.2495	22.7308
13.2508	22.7762
13.2522	22.8217
13.2536	22.8671
13.255	22.9126
13.2569	22.958
13.2591	23.0035
13.2598	23.047
13.2612	23.0904
13.2619	23.1339
13.2625	23.1774
13.2632	23.2209
13.2926	23.2643
13.2941	23.3078
13.2948	23.3513
13.2969	23.3948
13.2977	23.4383
13.299	23.4817
13.3007	23.5252
13.3021	23.5687
13.3035	23.6122
13.3042	23.6557
13.3065	23.6991
13.3072	23.7426
13.3085	23.7861
13.3099	23.8296
13.3112	23.873
13.3126	23.9165
13.314	23.96
13.3153	24.0035
13.3167	24.0451
13.3181	24.0868
13.3188	24.1285
13.3195	24.1701
13.3202	24.2118
13.3514	24.2535
13.3536	24.2951
13.3543	24.3368
13.3561	24.3785
13.3569	24.4201
13.3584	24.4618
13.3599	24.5035
13.3613	24.5451
13.3627	24.5868
13.3642	24.6285
13.3661	24.6701
13.3675	24.7118
13.3689	24.7535
13.3702	24.7951
13.3718	24.8368
13.3731	24.8785
13.3745	24.9201
13.3759	24.9618
13.3772	25.0035
13.3785	25.0435
13.3798	25.0835
13.3806	25.1235
13.3812	25.1635
13.3821	25.2035
13.4047	25.2435
13.4074	25.2835
13.4083	25.3235
13.4109	25.3635
13.4113	25.4035
13.4127	25.4435
13.4143	25.4835
13.4171	25.5235
13.4184	25.5635
13.4198	25.6035
13.4205	25.6435
13.4212	25.6835
13.4226	25.7235
13.4239	25.7635
13.4253	25.8035
13.4267	25.8435
13.4281	25.8835
13.4294	25.9235
13.4308	25.9635
13.4328	26.0035
13.4343	26.0419
13.4357	26.0804
13.437	26.1189
13.4384	26.1573
13.439	26.1958
13.4616	26.2342
13.4627	26.2727
13.4646	26.3112
13.4662	26.3496
13.4673	26.3881
13.4681	26.4266
13.4694	26.465
13.471	26.5035
13.4721	26.5419
13.4735	26.5804
13.4749	26.6189
13.4763	26.6573
13.4777	26.6958
13.4794	26.7342
13.4808	26.7727
13.4825	26.8112
13.4838	26.8496
13.4852	26.8881
13.4866	26.9266
13.488	26.965
13.4893	27.0035
13.4907	27.0405
13.4914	27.0776
13.492	27.1146
13.4932	27.1516
13.4946	27.1887
13.5157	27.2257
13.5165	27.2627
13.5187	27.2998
13.5216	27.3368
13.523	27.3738
13.5244	27.4109
13.5258	27.4479
13.5273	27.485
13.5287	27.522
13.53	27.559
13.5314	27.5961
13.5328	27.6331
13.5342	27.6701
13.5355	27.7072
13.537	27.7442
13.5391	27.7813
13.5407	27.8183
13.542	27.8553
13.5434	27.8924
13.5441	27.9294
13.5448	27.9664
13.5455	28.0035
13.5462	28.0392
13.5469	28.0749
13.5476	28.1106
13.5482	28.1463
13.5499	28.1821
13.5682	28.2178
13.5689	28.2535
13.5702	28.2892
13.5709	28.3249
13.5723	28.3606
13.5736	28.3963
13.5744	28.4321
13.5757	28.4678
13.5771	28.5035
13.5784	28.5392
13.5798	28.5749
13.5812	28.6106
13.5829	28.6463
13.5839	28.6821
13.5853	28.7178
13.5867	28.7535
13.5888	28.7892
13.5894	28.8249
13.5908	28.8606
13.5922	28.8963
13.5936	28.9321
13.5952	28.9678
13.5977	29.0035
13.5984	29.038
13.5991	29.0724
13.5998	29.1069
13.6005	29.1414
13.6017	29.1759
13.618	29.2104
13.6187	29.2449
13.6208	29.2793
13.6224	29.3138
13.6235	29.3483
13.6248	29.3828
13.6262	29.4173
13.6278	29.4518
13.629	29.4862
13.6304	29.5207
13.6317	29.5552
13.6331	29.5897
13.6338	29.6242
13.6358	29.6587
13.6373	29.6931
13.6386	29.7276
13.64	29.7621
13.6413	29.7966
13.6427	29.8311
13.6444	29.8655
13.6455	29.9
13.6468	29.9345
13.6476	29.969
13.6485	30.0035
13.649	30.0368
13.6498	30.0701
13.6505	30.1035
13.651	30.1368
13.6523	30.1701
13.6675	30.2035
13.6688	30.2368
13.6708	30.2701
13.6716	30.3035
13.6722	30.3368
13.6737	30.3701
13.675	30.4035
13.6763	30.4368
13.6777	30.4701
13.6791	30.5035
13.6805	30.5368
13.6818	30.5701
13.6832	30.6035
13.6845	30.6368
13.6859	30.6701
13.6878	30.7035
13.6892	30.7368
13.6906	30.7701
13.6923	30.8035
13.6936	30.8368
13.695	30.8701
13.6963	30.9035
13.6977	30.9368
13.699	30.9701
13.7006	31.0035
13.7012	31.0357
13.7019	31.068
13.7026	31.1003
13.7033	31.1325
13.7059	31.1648
13.7226	31.197
13.7238	31.2293
13.726	31.2615
13.7273	31.2938
13.728	31.3261
13.7286	31.3583
13.73	31.3906
13.7314	31.4228
13.7327	31.4551
13.7341	31.4874
13.7355	31.5196
13.7369	31.5519
13.7383	31.5841
13.7396	31.6164
13.741	31.6486
13.7424	31.6809
13.7437	31.7132
13.7451	31.7454
13.7465	31.7777
13.7479	31.8099
13.7492	31.8422
13.7506	31.8744
13.7521	31.9067
13.7534	31.939
13.7548	31.9712
13.7563	32.0035
13.7595	32.0347
13.7601	32.066
13.7608	32.0972
13.7615	32.1285
13.7624	32.1597
13.7714	32.191
13.7719	32.2222
13.7738	32.2535
13.7756	32.2847
13.7759	32.316
13.7773	32.3472
13.7786	32.3785
13.78	32.4097
13.7813	32.441
13.7827	32.4722
13.7841	32.5035
13.7855	32.5347
13.7869	32.566
13.7883	32.5972
13.7896	32.6285
13.791	32.6597
13.7924	32.691
13.7937	32.7222
13.7952	32.7535
13.7965	32.7847
13.7979	32.816
13.7993	32.8472
13.8006	32.8785
13.802	32.9097
13.8034	32.941
13.8047	32.9722
13.8062	33.0035
13.8091	33.0338
13.8098	33.0641
13.8105	33.0944
13.8112	33.1247
13.8122	33.155
13.8245	33.1853
13.8265	33.2156
13.8286	33.2459
13.8301	33.2762
13.8314	33.3065
13.8328	33.3368
13.8344	33.3671
13.8355	33.3974
13.8369	33.4277
13.8383	33.458
13.8397	33.4883
13.841	33.5186
13.8437	33.5489
13.8453	33.5792
13.8458	33.6095
13.8465	33.6398
13.8489	33.6701
13.8499	33.7004
13.8506	33.7308
13.8521	33.7611
13.8527	33.7914
13.8536	33.8217
13.8541	33.852
13.8547	33.8823
13.8559	33.9126
13.8563	33.9429
13.8577	33.9732
13.8585	34.0035
13.861	34.0329
13.8617	34.0623
13.8626	34.0917
13.8631	34.1211
13.8638	34.1505
13.8753	34.18
13.8774	34.2094
13.8789	34.2388
13.8796	34.2682
13.8803	34.2976
13.8809	34.327
13.8816	34.3564
13.8823	34.3858
13.883	34.4152
13.8838	34.4447
13.8845	34.4741
13.8851	34.5035
13.8871	34.5329
13.8878	34.5623
13.8885	34.5917
13.8898	34.6211
13.8912	34.6505
13.8926	34.68
13.894	34.7094
13.8954	34.7388
13.8961	34.7682
13.8968	34.7976
13.8975	34.827
13.8982	34.8564
13.8988	34.8858
13.8995	34.9152
13.9002	34.9447
13.901	34.9741
13.9017	35.0035
13.9036	35.0321
13.9042	35.0606
13.9048	35.0892
13.9055	35.1178
13.9063	35.1463
13.9174	35.1749
13.9187	35.2035
13.9195	35.2321
13.9204	35.2606
13.9209	35.2892
13.9215	35.3178
13.9223	35.3463
13.9231	35.3749
13.9245	35.4035
13.9253	35.4321
13.9266	35.4606
13.9272	35.4892
13.9279	35.5178
13.9286	35.5463
13.93	35.5749
13.9307	35.6035
13.932	35.6321
13.9334	35.6606
13.9348	35.6892
13.9369	35.7178
13.9377	35.7463
13.9382	35.7749
13.9389	35.8035
13.9396	35.8321
13.9403	35.8606
13.9409	35.8892
13.9417	35.9178
13.9424	35.9463
13.9431	35.9749
13.9438	36.0035
13.9462	36.0313
13.9469	36.059
13.9475	36.0868
13.9482	36.1146
13.949	36.1424
13.961	36.1701
13.962	36.1979
13.9633	36.2257
13.9636	36.2535
13.9643	36.2813
13.9649	36.309
13.9656	36.3368
13.9664	36.3646
13.9676	36.3924
13.9689	36.4201
13.9704	36.4479
13.9713	36.4757
13.9718	36.5035
13.9731	36.5313
13.974	36.559
13.9752	36.5868
13.9763	36.6146
13.9779	36.6424
13.9793	36.6701
13.9827	36.6979
13.9832	36.7257
13.9839	36.7535
13.9846	36.7813
13.9853	36.809
13.986	36.8368
13.9867	36.8646
13.9874	36.8924
13.9887	36.9201
13.9894	36.9479
13.9906	36.9757
13.991	37.0035
13.9938	37.0305
13.9945	37.0575
13.9951	37.0846
13.9958	37.1116
13.9965	37.1386
14.0175	37.1656
14.0183	37.1927
14.0193	37.2197
14.021	37.2467
14.0224	37.2737
14.0241	37.3008
14.0254	37.3278
14.0262	37.3548
14.0276	37.3819
14.0289	37.4089
14.0296	37.4359
14.0305	37.4629
14.0318	37.49
14.0325	37.517
14.0339	37.544
14.0345	37.571
14.0361	37.5981
14.0366	37.6251
14.038	37.6521
14.04	37.6792
14.0414	37.7062
14.0421	37.7332
14.0428	37.7602
14.0435	37.7873
14.0443	37.8143
14.0448	37.8413
14.0456	37.8683
14.0463	37.8954
14.0469	37.9224
14.0476	37.9494
14.0484	37.9765
14.049	38.0035
14.0523	38.0298
14.053	38.0561
14.0537	38.0824
14.0544	38.1087
14.0551	38.1351
14.0757	38.1614
14.0769	38.1877
14.0779	38.214
14.0786	38.2403
14.0798	38.2666
14.0812	38.293
14.0825	38.3193
14.0839	38.3456
14.0852	38.3719
14.0866	38.3982
14.0882	38.4245
14.0895	38.4508
14.0909	38.4772
14.0922	38.5035
14.0936	38.5298
14.095	38.5561
14.0957	38.5824
14.0965	38.6087
14.0971	38.6351
14.0979	38.6614
14.0985	38.6877
14.0991	38.714
14.1007	38.7403
14.102	38.7666
14.1027	38.793
14.1034	38.8193
14.1045	38.8456
14.1058	38.8719
14.1068	38.8982
14.1076	38.9245
14.1082	38.9508
14.1098	38.9772
14.1109	39.0035
14.1123	39.0291
14.113	39.0548
14.1137	39.0804
14.1143	39.106
14.115	39.1317
14.1331	39.1573
14.1339	39.183
14.1346	39.2086
14.136	39.2342
14.1373	39.2599
14.1376	39.2855
14.1397	39.3112
14.1404	39.3368
14.1418	39.3625
14.1431	39.3881
14.1447	39.4137
14.1466	39.4394
14.1474	39.465
14.1488	39.4907
14.1502	39.5163
14.1515	39.5419
14.1534	39.5676
14.1539	39.5932
14.1543	39.6189
14.155	39.6445
14.1557	39.6701
14.1564	39.6958
14.1571	39.7214
14.1587	39.7471
14.1591	39.7727
14.1597	39.7984
14.1611	39.824
14.1617	39.8496
14.1632	39.8753
14.1638	39.9009
14.1646	39.9266
14.1658	39.9522
14.1684	39.9778
14.1688	40.0035
14.1704	40.0285
14.1711	40.0535
14.1718	40.0785
14.1725	40.1035
14.1732	40.1285
14.1891	40.1535
14.19	40.1785
14.1913	40.2035
14.1929	40.2285
14.1938	40.2535
14.1943	40.2785
14.1959	40.3035
14.197	40.3285
14.1977	40.3535
14.1991	40.3785
14.1997	40.4035
14.2012	40.4285
14.2028	40.4535
14.2041	40.4785
14.2055	40.5035
14.2068	40.5285
14.2089	40.5535
14.2103	40.5785
14.2112	40.6035
14.2124	40.6285
14.2133	40.6535
14.214	40.6785
14.2147	40.7035
14.2167	40.7285
14.2174	40.7535
14.2182	40.7785
14.2195	40.8035
14.2202	40.8285
14.2219	40.8535
14.2223	40.8785
14.223	40.9035
14.2243	40.9285
14.227	40.9535
14.2289	40.9785
14.2289	41.0035
14.2299	41.0279
14.2305	41.0523
14.2311	41.0767
14.2318	41.101
14.2325	41.1254
14.2478	41.1498
14.2503	41.1742
14.2504	41.1986
14.251	41.223
14.2519	41.2474
14.2523	41.2718
14.2551	41.2962
14.256	41.3206
14.2572	41.3449
14.2586	41.3693
14.26	41.3937
14.2615	41.4181
14.2628	41.4425
14.2635	41.4669
14.2642	41.4913
14.2649	41.5157
14.2656	41.5401
14.2663	41.5645
14.2667	41.5888
