time	cwndsize
0.286175	11
0.287537	12
0.28875	13
0.290337	14
0.291686	15
0.292883	16
0.294253	17
0.295635	18
0.297198	19
0.298385	20
0.331229	21
0.332494	22
0.333709	23
0.335193	24
0.336634	25
0.33861	26
0.339344	27
0.340645	28
0.342728	29
0.344274	30
0.344729	31
0.34614	32
0.34816	33
0.349514	34
0.351213	35
0.352354	36
0.355092	37
0.355728	38
0.358028	39
0.35854	40
0.413464	41
0.41416	42
0.415505	43
0.416247	44
0.417579	45
0.418446	46
0.41901	47
0.420583	48
0.422569	49
0.423113	50
0.423771	51
0.424473	52
0.425878	53
0.427935	54
0.428746	55
0.430059	56
0.431582	57
0.432699	58
0.43342	59
0.434778	60
0.436131	61
0.437141	62
0.438239	63
0.439645	64
0.440942	65
0.441614	66
0.442469	67
0.443023	68
0.443724	69
0.445426	70
0.446459	71
0.447823	72
0.448591	73
0.450161	74
0.451335	75
0.452012	76
0.453623	77
0.454159	78
0.45559	79
0.456872	80
0.550641	81
0.551972	82
0.552658	83
0.554035	84
0.554707	85
0.556228	86
0.557437	87
0.55819	88
0.558947	89
0.560237	90
0.561575	91
0.563459	92
0.563681	93
0.565018	94
0.565696	95
0.567078	96
0.569842	97
0.57	98
0.57067	99
0.571334	100
0.572007	101
0.572716	102
0.574257	103
0.575675	104
0.577145	105
0.578215	106
0.579708	107
0.580977	108
0.582346	109
0.583036	110
0.584367	111
0.585102	112
0.585833	113
0.586676	114
0.587194	115
0.58853	116
0.589258	117
0.590615	118
0.591983	119
0.593366	120
0.594031	121
0.594722	122
0.596298	123
0.597148	124
0.597567	125
0.599232	126
0.600271	127
0.601607	128
0.60301	129
0.604401	130
0.605926	131
0.607222	132
0.609285	133
0.610875	134
0.611358	135
0.612719	136
0.614007	137
0.614203	138
0.614837	139
0.616223	140
0.616897	141
0.618343	142
0.619762	143
0.619812	144
0.622034	145
0.622632	146
0.623373	147
0.624684	148
0.625915	149
0.627326	150
0.62867	151
0.629427	152
0.630246	153
0.63143	154
0.632137	155
0.632843	156
0.634185	157
0.635603	158
0.636277	159
0.636927	160
0.816082	161
0.817537	162
0.818831	163
0.820188	164
0.821593	165
0.822984	166
0.824312	167
0.825689	168
0.827036	169
0.82847	170
0.829868	171
0.831512	172
0.832642	173
0.834071	174
0.834873	175
0.835378	176
0.836766	177
0.837426	178
0.838135	179
0.83889	180
0.840223	181
0.841742	182
0.842931	183
0.84439	184
0.845663	185
0.847306	186
0.84775	187
0.848443	188
0.849262	189
0.850503	190
0.851925	191
0.853551	192
0.856165	193
0.856362	194
0.857027	195
0.857525	196
0.858149	197
0.859548	198
0.860516	199
0.861853	200
0.862918	201
0.864376	202
0.865028	203
0.8657	204
0.867075	205
0.867896	206
0.869235	207
0.869963	208
0.871305	209
0.871956	210
0.872896	211
0.873307	212
0.874013	213
0.874861	214
0.875384	215
0.876967	216
0.87812	217
0.879493	218
0.88087	219
0.882255	220
0.883605	221
0.884278	222
0.885658	223
0.887038	224
0.888402	225
0.889772	226
0.890437	227
0.891169	228
0.892533	229
0.893232	230
0.893937	231
0.89525	232
0.896646	233
0.898535	234
0.898983	235
0.900438	236
0.901138	237
0.901795	238
0.903118	239
0.904491	240
0.905159	241
0.906564	242
0.907919	243
0.908623	244
0.909999	245
0.910666	246
0.912046	247
0.912731	248
0.913416	249
0.914833	250
0.916176	251
0.916917	252
0.918316	253
0.918913	254
0.919604	255
0.920268	256
0.921653	257
0.923019	258
0.924466	259
0.92576	260
0.927137	261
0.928638	262
0.929959	263
0.931242	264
0.932757	265
0.933321	266
0.933997	267
0.93537	268
0.936074	269
0.937507	270
0.938166	271
0.939559	272
0.94092	273
0.941644	274
0.942954	275
0.944378	276
0.945748	277
0.946481	278
0.947127	279
0.947818	280
0.948628	281
0.94987	282
0.951283	283
0.95206	284
0.952637	285
0.953972	286
0.955414	287
0.956112	288
0.958356	289
0.958864	290
0.960016	291
0.960939	292
0.961652	293
0.962271	294
0.963071	295
0.963648	296
0.965054	297
0.965774	298
0.966479	299
0.967117	300
0.967835	301
0.968493	302
0.969179	303
0.969859	304
0.970571	305
0.971268	306
0.971963	307
0.972641	308
0.973304	309
0.974794	310
0.976128	155
0.977482	155.006
0.978154	155.013
0.979543	155.019
0.981087	155.026
0.982256	155.032
0.983668	155.039
0.984322	155.045
0.984972	155.052
0.986364	155.058
1.07489	155.065
1.07623	155.071
1.07693	155.077
1.0776	155.084
1.07829	155.09
1.07985	155.097
1.08057	155.103
1.08193	155.11
1.08314	155.116
1.08378	155.123
1.08447	155.129
1.08585	155.135
1.08722	155.142
1.08861	155.148
1.0893	155.155
1.08998	155.161
1.09093	155.168
1.09136	155.174
1.09207	155.181
1.09343	155.187
1.09481	155.194
1.0962	155.2
1.09688	155.206
1.09752	155.213
1.09822	155.219
1.09892	155.226
1.10033	155.232
1.10097	155.239
1.10236	155.245
1.10382	155.252
1.10441	155.258
1.1058	155.265
1.10653	155.271
1.10788	155.277
1.10853	155.284
1.10923	155.29
1.11088	155.297
1.11134	155.303
1.112	155.31
1.11264	155.316
1.11401	155.323
1.11469	155.329
1.1161	155.335
1.11679	155.342
1.11745	155.348
1.11882	155.355
1.11949	155.361
1.12022	155.368
1.12112	155.374
1.12227	155.381
1.12292	155.387
1.12436	155.394
1.12501	155.4
1.12637	155.406
1.12859	155.413
1.12869	155.419
1.13001	155.426
1.13048	155.432
1.13121	155.439
1.13189	155.445
1.1326	155.452
1.13394	155.458
1.13459	155.465
1.13536	155.471
1.13677	155.477
1.13757	155.484
1.13826	155.49
1.13881	155.497
1.1395	155.503
1.14019	155.51
1.14158	155.516
1.14227	155.523
1.14294	155.529
1.14361	155.535
1.14432	155.542
1.14566	155.548
1.14706	155.555
1.14844	155.561
1.14979	155.568
1.15067	155.574
1.15117	155.581
1.15255	155.587
1.15333	155.594
1.15398	155.6
1.15528	155.606
1.15598	155.613
1.15733	155.619
1.15878	155.626
1.15942	155.632
1.16079	155.639
1.16148	155.645
1.16215	155.652
1.16284	155.658
1.16354	155.665
1.16513	155.671
1.1663	155.677
1.16696	155.684
1.17004	155.69
1.17023	155.697
1.17112	155.703
1.17177	155.71
1.17314	155.716
1.17382	155.723
1.17584	155.729
1.17676	155.735
1.17812	155.742
1.1795	155.748
1.1802	155.755
1.18158	155.761
1.18292	155.768
1.1843	155.774
1.185	155.781
1.1864	155.787
1.18863	155.794
1.18937	155.8
1.19075	155.806
1.19142	155.813
1.19283	155.819
1.19352	155.826
1.19426	155.832
1.19488	155.839
1.19629	155.845
1.19766	155.852
1.19902	155.858
1.2004	155.865
1.20179	155.871
1.20317	155.877
1.20383	155.884
1.2045	155.89
1.20524	155.897
1.20656	155.903
1.20793	155.91
1.20866	155.916
1.20933	155.923
1.21074	155.929
1.21144	155.935
1.21299	155.942
1.2144	155.948
1.21573	155.955
1.21711	155.961
1.2178	155.968
1.21849	155.974
1.21986	155.981
1.22122	155.987
1.2226	155.994
1.22398	156
1.22534	156.006
1.22679	156.013
1.22816	156.019
1.22948	156.026
1.23085	156.032
1.23224	156.039
1.23291	156.045
1.23426	156.051
1.23572	156.058
1.23774	156.064
1.23909	156.071
1.24076	156.077
1.24121	156.083
1.24184	156.09
1.24253	156.096
1.24322	156.103
1.24461	156.109
1.24526	156.115
1.24593	156.122
1.24705	156.128
1.24803	156.135
1.24873	156.141
1.24944	156.147
1.25286	156.154
1.25362	156.16
1.255	156.167
1.25639	156.173
1.25708	156.18
1.25843	156.186
1.25983	156.192
1.26047	156.199
1.26118	156.205
1.26255	156.212
1.26393	156.218
1.26525	156.224
1.26665	156.231
1.26738	156.237
1.26803	156.244
1.26958	156.25
1.27016	156.256
1.2708	156.263
1.27218	156.269
1.27353	156.276
1.2752	156.282
1.27557	156.289
1.27697	156.295
1.27837	156.301
1.27905	156.308
1.28044	156.314
1.2811	156.321
1.2818	156.327
1.2833	156.333
1.28394	156.34
1.28462	156.346
1.28609	156.353
1.28674	156.359
1.28741	156.365
1.28879	156.372
1.29017	156.378
1.29083	156.385
1.29221	156.391
1.29358	156.397
1.29426	156.404
1.29564	156.41
1.29702	156.417
1.29841	156.423
1.29977	156.43
1.30114	156.436
1.30258	156.442
1.30386	156.449
1.30526	156.455
1.30599	156.462
1.30662	156.468
1.30799	156.474
1.30867	156.481
1.31005	156.487
1.31143	156.494
1.3132	156.5
1.31442	156.506
1.31507	156.513
1.31574	156.519
1.31642	156.526
1.31791	156.532
1.31855	156.539
1.31922	156.545
1.32063	156.551
1.32136	156.558
1.32266	156.564
1.32333	156.571
1.32403	156.577
1.32541	156.583
1.32688	156.59
1.32818	156.596
1.32891	156.603
1.32952	156.609
1.33094	156.615
1.33232	156.622
1.33373	156.628
1.33431	156.635
1.33503	156.641
1.33768	156.647
1.33868	156.654
1.34018	156.66
1.34189	156.667
1.34316	156.673
1.34425	156.68
1.34533	156.686
1.34724	156.692
1.34871	156.699
1.35218	156.705
1.35247	156.712
1.35274	156.718
1.35303	156.724
1.35316	156.731
1.35328	156.737
1.35351	156.744
1.35385	156.75
1.3539	156.756
1.35425	156.763
1.35466	156.769
1.35504	156.776
1.35515	156.782
1.35538	156.789
1.35567	156.795
1.35611	156.801
1.35628	156.808
1.3569	156.814
1.35731	156.821
1.35769	156.827
1.35889	156.833
1.35912	156.84
1.35946	156.846
1.35967	156.853
1.35974	156.859
1.36048	156.865
1.36145	156.872
1.36184	156.878
1.36271	156.885
1.36327	156.891
1.36393	156.897
1.36465	156.904
1.36536	156.91
1.36613	156.917
1.3668	156.923
1.36758	156.93
1.36857	156.936
1.36882	156.942
1.37204	156.949
1.37208	156.955
1.37222	156.962
1.37252	156.968
1.37288	156.974
1.37302	156.981
1.40946	156.987
1.41003	156.994
1.41044	157
1.41118	157.006
1.41144	157.013
1.41205	157.019
1.41394	157.026
1.41569	157.032
1.41693	157.038
1.41873	157.045
1.41952	157.051
1.42061	157.057
1.42182	157.064
1.42375	157.07
1.42563	157.076
1.4273	157.083
1.42866	157.089
1.4301	157.096
1.43208	157.102
1.43551	157.108
1.43716	157.115
1.43829	157.121
1.43964	157.127
1.44169	157.134
1.44262	157.14
1.44379	157.147
1.44513	157.153
1.44648	157.159
1.44815	157.166
1.44928	157.172
1.45013	157.178
1.45133	157.185
1.45209	157.191
1.45411	157.197
1.45637	157.204
1.45817	157.21
1.46072	157.217
1.46231	157.223
1.46472	157.229
1.47089	157.236
1.47711	157.242
1.48261	157.248
1.49281	157.255
1.49428	157.261
1.49488	157.268
1.49627	157.274
1.4977	157.28
1.49901	157.287
1.49976	157.293
1.50104	157.299
1.50172	157.306
1.50312	157.312
1.50454	157.319
1.50588	157.325
1.50725	157.331
1.50872	157.338
1.51001	157.344
1.51136	157.35
1.51277	157.357
1.51343	157.363
1.51478	157.369
1.51617	157.376
1.51754	157.382
1.51889	157.389
1.52029	157.395
1.52176	157.401
1.52302	157.408
1.5245	157.414
1.52578	157.42
1.52671	157.427
1.52794	157.433
1.52928	157.44
1.53009	157.446
1.53128	157.452
1.53201	157.459
1.53334	157.465
1.53476	157.471
1.53544	157.478
1.53679	157.484
1.53761	157.49
1.5382	157.497
1.53888	78.7484
1.54021	78.7612
1.54164	78.7741
1.54234	78.7869
1.54383	78.7997
1.54438	78.8125
1.54584	78.8254
1.5465	78.8382
1.54715	78.851
1.54779	78.8638
1.54859	78.8766
1.54932	78.8895
1.54988	78.9023
1.55055	78.9151
1.55123	78.9279
1.55197	78.9407
1.55268	78.9536
1.55326	78.9664
1.55407	78.9792
1.55484	78.992
1.55604	79.0048
1.55754	79.0175
1.55811	79.0302
1.567	79.0428
1.56979	79.0555
1.57125	79.0681
1.57253	79.0808
1.57389	79.0934
1.57461	79.1061
1.57611	79.1188
1.57682	79.1314
1.57818	79.1441
1.57879	79.1567
1.58018	79.1694
1.58154	79.1821
1.5822	79.1947
1.58359	79.2074
1.58427	79.22
1.58565	79.2327
1.58633	79.2453
1.58704	79.258
1.58794	79.2707
1.58856	79.2833
1.58924	79.296
1.58998	79.3086
1.59068	79.3213
1.59135	79.334
1.59218	79.3466
1.59279	79.3593
1.59354	79.3719
1.59439	79.3846
1.59486	79.3972
1.59564	79.4099
1.59649	79.4226
1.59702	79.4352
1.59839	79.4479
1.5991	79.4605
1.59993	79.4732
1.60069	79.4859
1.60128	79.4985
1.60344	79.5112
1.60388	79.5238
1.60428	79.5365
1.60452	79.5491
1.60565	79.5618
1.60675	79.5745
1.60852	79.5871
1.60928	79.5998
1.61002	79.6124
1.61141	79.6251
1.61193	79.6377
1.61249	79.6504
1.65472	79.6631
1.65572	79.6757
1.65722	79.6884
1.65796	79.701
1.65938	79.7137
1.66079	79.7264
1.66215	79.739
1.66306	79.7517
1.66699	79.7643
1.669	79.777
1.67181	79.7896
1.67487	79.8023
1.67692	79.815
1.67962	79.8276
1.68104	79.8403
1.68173	79.8529
1.68308	79.8656
1.68444	79.8783
1.68584	79.8909
1.68664	79.9036
1.68722	79.9162
1.68882	79.9289
1.68935	79.9415
1.69078	79.9542
1.69142	79.9669
1.69209	79.9795
1.6935	79.9922
1.69424	80.0048
1.69488	80.0173
1.69621	80.0298
1.69704	80.0423
1.69768	80.0548
1.6984	80.0673
1.699	80.0798
1.70002	80.0923
1.70031	80.1048
1.70108	80.1173
1.70216	80.1298
1.70242	80.1423
1.70318	80.1548
1.70389	80.1673
1.70457	80.1798
1.70522	80.1923
1.70598	80.2048
1.70659	80.2173
1.70742	80.2298
1.70799	80.2423
1.70891	80.2548
1.71045	80.2673
1.71107	80.2798
1.71181	80.2923
1.71249	80.3048
1.71316	80.3173
1.71395	80.3298
1.7146	80.3423
1.71531	80.3548
1.716	80.3673
1.71667	80.3798
1.71735	80.3923
1.71804	80.4048
1.71877	80.4173
1.71945	80.4298
1.72012	80.4423
1.72078	80.4548
1.72151	80.4673
1.72218	80.4798
1.72284	80.4923
1.72355	80.5048
1.72423	80.5173
1.72492	80.5298
1.72563	80.5423
1.72638	80.5548
1.727	80.5673
1.72772	80.5798
1.72836	80.5923
1.72908	80.6048
1.72973	80.6173
1.73043	80.6298
1.73176	80.6423
1.7347	80.6548
1.73489	80.6673
1.73496	80.6798
1.97682	80.6923
1.97747	80.7048
1.97808	80.7173
1.97916	80.7298
1.9796	80.7423
1.98036	80.7548
1.98107	80.7673
1.98232	80.7798
1.98338	80.7923
1.98396	80.8048
1.98487	80.8173
1.98536	80.8298
1.98611	80.8423
1.98676	80.8548
1.98815	80.8673
1.98885	80.8798
1.9902	80.8923
1.99162	80.9048
1.99228	80.9173
1.99293	80.9298
1.99432	80.9423
1.99571	80.9548
1.99638	80.9673
1.9979	80.9798
1.99853	80.9923
1.99914	81.0048
1.99996	81.0172
2.00052	81.0295
2.00124	81.0419
2.00249	81.0542
2.00327	81.0666
2.00396	81.0789
2.0046	81.0913
2.00531	81.1036
2.00598	81.1159
2.00679	81.1283
2.00742	81.1406
2.00805	81.153
2.00872	81.1653
2.00942	81.1777
2.01028	81.19
2.01082	81.2024
2.01214	81.2147
2.01356	81.2271
2.01425	81.2394
2.01582	81.2518
2.01632	81.2641
2.01698	81.2764
2.01769	81.2888
2.01838	81.3011
2.01912	81.3135
2.01979	81.3258
2.0204	81.3382
2.02115	81.3505
2.02188	81.3629
2.02327	81.3752
2.02394	81.3876
2.02473	81.3999
2.02532	81.4122
2.02702	81.4246
2.02769	81.4369
2.02845	81.4493
2.02984	81.4616
2.03077	81.474
2.03115	81.4863
2.03196	81.4987
2.03408	81.511
2.03471	81.5234
2.03542	81.5357
2.03609	81.548
2.03675	81.5604
2.0376	81.5727
2.03814	81.5851
2.03884	81.5974
2.03953	81.6098
2.04017	81.6221
2.04099	81.6345
2.04162	81.6468
2.09954	81.6592
2.1004	81.6715
2.10115	81.6839
2.10189	81.6962
2.10254	81.7085
2.10328	81.7209
2.10395	81.7332
2.10467	81.7456
2.10556	81.7579
2.10613	81.7703
2.10689	81.7826
2.10751	81.795
2.10824	81.8073
2.1089	81.8197
2.10993	81.832
2.11055	81.8443
2.11123	81.8567
2.11193	81.869
2.11263	81.8814
2.11403	81.8937
2.11477	81.9061
2.11693	81.9184
2.11816	81.9308
2.11884	81.9431
2.12028	81.9555
2.1216	81.9678
2.12226	81.9801
2.12304	81.9925
2.12372	82.0048
2.12441	82.017
2.12512	82.0292
2.12577	82.0414
2.12652	82.0536
2.12716	82.0658
2.12781	82.078
2.12864	82.0902
2.12922	82.1024
2.12991	82.1146
2.1306	82.1268
2.13135	82.139
2.13199	82.1512
2.13278	82.1634
2.13342	82.1756
2.13418	82.1878
2.13478	82.2
2.13548	82.2122
2.13619	82.2244
2.13685	82.2365
2.13767	82.2487
2.1383	82.2609
2.13892	82.2731
2.13963	82.2853
2.14032	82.2975
2.14102	82.3097
2.14174	82.3219
2.1424	82.3341
2.1431	82.3463
2.1438	82.3585
2.14456	82.3707
2.14519	82.3829
2.146	82.3951
2.14661	82.4073
2.14739	82.4195
2.14795	82.4317
2.14863	82.4439
2.15001	82.4561
2.15146	82.4683
2.15338	82.4804
2.15403	82.4926
2.15534	82.5048
2.15639	82.517
2.15687	82.5292
2.15822	82.5414
2.1589	82.5536
2.15957	82.5658
2.16027	82.578
2.1775	82.5902
2.17771	82.6024
2.17805	82.6146
2.17858	82.6268
2.17997	82.639
2.18025	82.6512
2.1818	82.6634
2.18323	82.6756
2.18392	82.6878
2.18489	82.7
2.18529	82.7122
2.18592	82.7244
2.18665	82.7365
2.18732	82.7487
2.1882	82.7609
2.18871	82.7731
2.18957	82.7853
2.19027	82.7975
2.19161	82.8097
2.19214	82.8219
2.19351	82.8341
2.19489	82.8463
2.19566	82.8585
2.19625	82.8707
2.19767	82.8829
2.19899	82.8951
2.2005	82.9073
2.20133	82.9195
2.20254	82.9317
2.20391	82.9439
2.20468	82.9561
2.20525	82.9683
2.20663	82.9804
2.20734	82.9926
2.208	83.0048
2.20872	83.0169
2.2094	83.0289
2.21022	83.041
2.21096	83.053
2.21157	83.0651
2.21237	83.0771
2.21288	83.0892
2.2136	83.1012
2.21428	83.1133
2.21496	83.1253
2.21568	83.1374
2.21629	83.1494
2.21722	83.1615
2.21788	83.1735
2.21837	83.1856
2.21907	83.1976
2.21977	83.2097
2.22113	83.2217
2.22179	83.2338
2.22345	83.2458
2.22461	83.2579
2.22606	83.2699
2.22732	83.2819
2.23027	83.294
2.23195	83.306
2.2325	83.3181
2.23325	83.3301
2.23408	83.3422
2.2346	83.3542
2.23526	83.3663
2.23658	83.3783
2.23733	83.3904
2.23798	83.4024
2.23873	83.4145
2.23939	83.4265
2.24012	83.4386
2.24081	83.4506
2.24145	83.4627
2.24215	83.4747
2.24294	83.4868
2.24353	83.4988
2.24432	83.5109
2.25283	83.5229
2.25288	83.535
2.25296	83.547
2.253	83.5591
2.25358	83.5711
2.2543	83.5832
2.25639	83.5952
2.25699	83.6072
2.25795	83.6193
2.25924	83.6313
2.26059	83.6434
2.26318	83.6554
2.26387	83.6675
2.26457	83.6795
2.26523	83.6916
2.26594	83.7036
2.26663	83.7157
2.26728	83.7277
2.26798	83.7398
2.26873	83.7518
2.26937	83.7639
2.27007	83.7759
2.27075	83.788
2.27139	83.8
2.27207	83.8121
2.27346	83.8241
2.27439	83.8362
2.27553	83.8482
2.27692	83.8603
2.279	83.8723
2.28045	83.8844
2.28172	83.8964
2.28246	83.9085
2.28401	83.9205
2.28518	83.9325
2.28666	83.9446
2.28718	83.9566
2.28869	83.9687
2.29065	83.9807
2.29151	83.9928
2.2929	84.0048
2.29429	84.0167
2.29549	84.0286
2.29614	84.0406
2.29693	84.0525
2.29774	84.0644
2.29848	84.0763
2.29892	84.0882
2.29962	84.1001
2.30052	84.112
2.30101	84.1239
2.30172	84.1358
2.30255	84.1477
2.30327	84.1596
2.30379	84.1715
2.3045	84.1834
2.30519	84.1953
2.30588	84.2072
2.30662	84.2191
2.30793	84.231
2.30883	84.2429
2.30998	84.2548
2.31076	84.2667
2.31201	84.2786
2.31344	84.2906
2.31483	84.3025
2.31633	84.3144
2.31755	84.3263
2.31962	84.3382
2.32122	84.3501
2.32316	84.362
2.32387	84.3739
2.32438	84.3858
2.32673	84.3977
2.32732	84.4096
2.32795	84.4215
2.32949	84.4334
2.3301	84.4453
2.33078	84.4572
2.33212	84.4691
2.33967	84.481
2.34004	84.4929
2.34069	84.5048
2.34237	84.5167
2.34291	84.5286
2.34356	84.5406
2.3443	84.5525
2.34493	84.5644
2.34566	84.5763
2.34635	84.5882
2.34706	84.6001
2.34848	84.612
2.34939	84.6239
2.35021	84.6358
2.35061	84.6477
2.35128	84.6596
2.3519	84.6715
2.35263	84.6834
2.35338	84.6953
2.354	84.7072
2.3547	84.7191
2.35539	84.731
2.35614	84.7429
2.35685	84.7548
2.35755	84.7667
2.3583	84.7786
2.35974	84.7906
2.35976	84.8025
2.36061	84.8144
2.36101	84.8263
2.36178	84.8382
2.36237	84.8501
2.36331	84.862
2.36374	84.8739
2.36447	84.8858
2.36511	84.8977
2.36586	84.9096
2.36655	84.9215
2.36731	84.9334
2.36811	84.9453
2.36865	84.9572
2.36924	84.9691
2.36999	84.981
2.37065	84.9929
2.37135	85.0048
2.37206	85.0166
2.37297	85.0284
2.37363	85.0401
2.37418	85.0519
2.3748	85.0637
2.37577	85.0754
2.37612	85.0872
2.37685	85.099
2.37774	85.1107
2.37843	85.1225
2.37924	85.1343
2.37983	85.146
2.38049	85.1578
2.3812	85.1695
2.38187	85.1813
2.3827	85.1931
2.38328	85.2048
2.38395	85.2166
2.38478	85.2284
2.38535	42.6142
2.38603	42.638
2.38663	42.6618
2.38733	42.6856
2.38802	42.7094
2.38948	42.7332
2.38952	42.757
2.3901	42.7809
2.39095	42.8047
2.39389	42.8285
2.39398	42.8523
2.39442	42.8761
2.39505	42.8999
2.39594	42.9237
2.39637	42.9475
2.3971	42.9713
2.39818	42.9951
2.40088	43.0189
2.40293	43.0422
2.40657	43.0655
2.40709	43.0887
2.40778	43.112
2.40844	43.1352
2.40929	43.1585
2.41	43.1817
2.4112	43.205
2.4119	43.2282
2.41261	43.2515
2.41326	43.2748
2.41397	43.298
2.41469	43.3213
2.41537	43.3445
2.41603	43.3678
2.41688	43.391
2.42061	43.4143
2.42202	43.4376
2.42342	43.4608
2.42412	43.4841
2.42489	43.5073
2.42545	43.5306
2.42613	43.5538
2.42684	43.5771
2.42754	43.6003
2.42823	43.6236
2.42903	43.6469
2.43051	43.6701
2.43169	43.6934
2.43309	43.7166
2.43373	43.7399
2.43535	43.7631
2.43591	43.7864
2.43659	43.8096
2.43717	43.8329
2.43787	43.8562
2.43857	43.8794
2.4392	43.9027
2.43992	43.9259
2.44062	43.9492
2.44131	43.9724
2.44198	43.9957
2.44267	44.0189
2.44333	44.0417
2.44469	44.0644
2.44608	44.0871
2.44744	44.1099
2.44886	44.1326
2.45088	44.1553
2.45224	44.178
2.45363	44.2008
2.45501	44.2235
2.4564	44.2462
2.45779	44.2689
2.45914	44.2917
2.4605	44.3144
2.46514	44.3371
2.46535	44.3599
2.46556	44.3826
2.46618	44.4053
2.4668	44.428
2.4677	44.4508
2.46845	44.4735
2.46886	44.4962
2.46953	44.5189
2.47116	44.5417
2.47156	44.5644
2.47296	44.5871
2.47387	44.6099
2.47435	44.6326
2.47514	44.6553
2.47693	44.678
2.4778	44.7008
2.47952	44.7235
2.48051	44.7462
2.48194	44.7689
2.48326	44.7917
2.48467	44.8144
2.48609	44.8371
2.48808	44.8599
2.49109	44.8826
2.49306	44.9053
2.49431	44.928
2.49565	44.9508
2.497	44.9735
2.49945	44.9962
2.50078	45.0189
2.503	45.0412
2.50364	45.0634
2.51282	45.0856
2.51293	45.1078
2.51319	45.1301
2.51352	45.1523
2.51377	45.1745
2.51411	45.1967
2.51456	45.2189
2.51498	45.2412
2.51529	45.2634
2.51548	45.2856
2.51578	45.3078
2.51617	45.3301
2.51646	45.3523
2.51679	45.3745
2.51692	45.3967
2.51715	45.4189
2.51777	45.4412
2.51848	45.4634
2.51917	45.4856
2.5198	45.5078
2.52047	45.5301
2.52189	45.5523
2.52259	45.5745
2.52426	45.5967
2.52464	45.6189
2.52674	45.6412
2.52736	45.6634
2.52801	45.6856
2.52943	45.7078
2.53174	45.7301
2.53287	45.7523
2.53426	45.7745
2.53631	45.7967
2.5377	45.8189
2.54827	45.8412
2.5485	45.8634
2.54879	45.8856
2.55017	45.9078
2.55226	45.9301
2.55291	45.9523
2.55433	45.9745
2.55501	45.9967
2.55574	46.0189
2.5564	46.0407
2.55708	46.0624
2.55775	46.0842
2.55883	46.1059
2.5592	46.1276
2.55991	46.1494
2.56125	46.1711
2.56371	46.1929
2.56506	46.2146
2.56664	46.2363
2.56784	46.2581
2.56852	46.2798
2.56994	46.3016
2.57202	46.3233
2.57359	46.345
2.57471	46.3668
2.57613	46.3885
2.57753	46.4103
2.57896	46.432
2.57974	46.4537
2.58125	46.4755
2.58157	46.4972
2.58168	46.5189
2.58378	46.5407
2.58475	46.5624
2.59333	46.5842
2.59354	46.6059
2.5938	46.6276
2.5939	46.6494
2.59412	46.6711
2.59429	46.6929
2.59462	46.7146
2.59577	46.7363
2.59713	46.7581
2.59857	46.7798
2.59994	46.8016
2.60085	46.8233
2.60139	46.845
2.60213	46.8668
2.60355	46.8885
2.60487	46.9103
2.6064	46.932
2.60778	46.9537
2.60891	46.9755
2.6096	46.9972
2.61025	47.0189
2.61165	47.0402
2.61229	47.0615
2.61304	47.0828
2.61373	47.1041
2.61514	47.1253
2.6165	47.1466
2.61788	47.1679
2.61875	47.1892
2.6199	47.2104
2.62405	47.2317
2.62506	47.253
2.62617	47.2743
2.62681	47.2955
2.62838	47.3168
2.65886	47.3381
2.65953	47.3594
2.66005	47.3806
2.66093	47.4019
2.66187	47.4232
2.6623	47.4445
2.66294	47.4658
2.66383	47.487
2.66503	47.5083
2.66638	47.5296
2.67757	47.5509
2.67934	47.5721
2.68097	47.5934
2.68144	47.6147
2.68277	47.636
2.68355	47.6572
2.68422	47.6785
2.68493	47.6998
2.68556	47.7211
2.68628	47.7424
2.68694	47.7636
2.68792	47.7849
2.68835	47.8062
2.6892	47.8275
2.69	47.8487
2.6906	47.87
2.69112	47.8913
2.69177	47.9126
2.69249	47.9338
2.69323	47.9551
2.69412	47.9764
2.69456	47.9977
2.69592	48.0189
2.69735	48.0398
2.69882	48.0606
2.69942	48.0814
2.7036	48.1023
2.70386	48.1231
2.7043	48.1439
2.70507	48.1648
2.70573	48.1856
2.70632	48.2064
2.70731	48.2273
2.7079	48.2481
2.70849	48.2689
2.70998	48.2898
2.71076	48.3106
2.71135	48.3314
2.71197	48.3523
2.71321	48.3731
2.71521	48.3939
2.71538	48.4148
2.71601	48.4356
2.71747	48.4564
2.71813	48.4773
2.71878	48.4981
2.72018	48.5189
2.72085	48.5398
2.72222	48.5606
2.72294	48.5814
2.72358	48.6023
2.72503	48.6231
2.72631	48.6439
2.72705	48.6648
2.72844	48.6856
2.72913	48.7064
2.72978	48.7273
2.73047	48.7481
2.73122	48.7689
2.73226	48.7898
2.73263	48.8106
2.7334	48.8314
2.734	48.8523
2.74378	48.8731
2.7446	48.8939
2.74597	48.9148
2.74722	48.9356
2.74859	48.9564
2.75101	48.9773
2.75137	48.9981
2.75213	49.0189
2.75338	49.0394
2.7541	49.0598
2.75547	49.0802
2.75625	49.1006
2.75683	49.121
2.75842	49.1414
2.75891	49.1618
2.75958	49.1822
2.76032	49.2026
2.76097	49.223
2.7624	49.2434
2.76308	49.2638
2.76443	49.2843
2.76663	49.3047
2.76788	49.3251
2.76923	49.3455
2.77199	49.3659
2.77248	49.3863
2.77332	49.4067
2.77473	49.4271
2.77849	49.4475
2.77869	49.4679
2.77905	49.4883
2.78016	49.5087
2.78066	49.5291
2.78093	49.5496
2.78096	49.57
2.78186	49.5904
2.78287	49.6108
2.78323	49.6312
2.7839	49.6516
2.78449	49.672
2.79099	49.6924
2.79166	49.7128
2.7929	49.7332
2.7937	49.7536
2.79493	49.774
2.79668	49.7945
2.79709	49.8149
2.79863	49.8353
2.79977	49.8557
2.8005	49.8761
2.80114	49.8965
2.80245	49.9169
2.80349	49.9373
2.80389	49.9577
2.80536	49.9781
2.80593	49.9985
2.8067	50.0189
2.80795	50.0389
2.80863	50.0589
2.80937	50.0789
2.81072	50.0989
2.81141	50.1189
2.81218	50.1389
2.81281	50.1589
2.81348	50.1789
2.81415	50.1989
2.81555	50.2189
2.81624	50.2389
2.81693	50.2589
2.81761	50.2789
2.81843	50.2989
2.81896	50.3189
2.81968	50.3389
2.82051	50.3589
2.82107	50.3789
2.82249	50.3989
2.82384	50.4189
2.82448	50.4389
2.82584	50.4589
2.82659	50.4789
2.82725	50.4989
2.83461	50.5189
2.83669	50.5389
2.83804	50.5589
2.83946	50.5789
2.84103	50.5989
2.84216	50.6189
2.84359	50.6389
2.84491	50.6589
2.84666	50.6789
2.84769	50.6989
2.84901	50.7189
2.85063	50.7389
2.85112	50.7589
2.85249	50.7789
2.85318	50.7989
2.85384	50.8189
2.85523	50.8389
2.85594	50.8589
2.85751	50.8789
2.85805	50.8989
2.85879	50.9189
2.86008	50.9389
2.86104	50.9589
2.8615	50.9789
2.86219	50.9989
2.86282	51.0189
2.86345	51.0386
2.86416	51.0582
2.86487	51.0778
2.86625	51.0974
2.86762	51.117
2.86828	51.1366
2.86971	51.1562
2.87106	51.1758
2.87246	51.1954
2.87384	51.215
2.87529	51.2346
2.87653	51.2542
2.87797	51.2738
2.87864	51.2935
2.88	51.3131
2.88069	51.3327
2.88726	51.3523
2.88859	51.3719
2.88878	51.3915
2.88923	51.4111
2.8906	51.4307
2.89204	51.4503
2.89267	51.4699
2.89419	51.4895
2.89476	51.5091
2.89542	51.5287
2.89692	51.5484
2.89818	51.568
2.89954	51.5876
2.90037	51.6072
2.90158	51.6268
2.90228	51.6464
2.90365	51.666
2.90435	51.6856
2.90497	51.7052
2.90638	51.7248
2.90703	51.7444
2.90842	51.764
2.90911	51.7837
2.91049	51.8033
2.9112	51.8229
2.91206	51.8425
2.91271	51.8621
2.91351	51.8817
2.91473	51.9013
2.91671	51.9209
2.91734	51.9405
2.91876	51.9601
2.91944	51.9797
2.92083	51.9993
2.92178	52.0189
2.92314	52.0382
2.92363	52.0574
2.92436	52.0766
2.92507	52.0959
2.92585	52.1151
2.92648	52.1343
2.92719	52.1536
2.92804	52.1728
2.93812	52.192
2.93828	52.2113
2.93928	52.2305
2.93971	52.2497
2.94107	52.2689
2.94247	52.2882
2.94388	52.3074
2.94522	52.3266
2.94659	52.3459
2.94749	52.3651
2.94866	52.3843
2.95003	52.4036
2.95141	52.4228
2.95294	52.442
2.95414	52.4613
2.95484	26.2306
2.9562	26.2691
2.95758	26.3075
2.95823	26.346
2.95968	26.3845
2.96053	26.4229
2.96103	26.4614
2.96239	26.4999
2.9631	26.5383
2.96445	26.5768
2.96533	26.6152
2.96589	26.6537
2.96717	26.6922
2.96887	26.7306
2.96934	26.7691
2.97002	26.8075
2.97134	26.846
2.97292	26.8845
2.97364	26.9229
2.9742	26.9614
2.97475	26.9999
2.97554	27.0383
2.97619	27.0754
2.97686	27.1124
2.97789	27.1494
2.97857	27.1865
2.97927	27.2235
2.97958	27.2605
2.98062	27.2976
2.98656	27.3346
2.98707	27.3717
2.98723	27.4087
2.98792	27.4457
2.98853	27.4828
2.98868	27.5198
2.98924	27.5568
2.9903	27.5939
2.9923	27.6309
2.9935	27.6679
2.99486	27.705
2.99586	27.742
2.9962	27.7791
2.99701	27.8161
2.99773	27.8531
3.00534	27.8902
3.006	27.9272
3.00734	27.9642
3.00893	28.0013
3.02701	28.037
3.02713	28.0727
3.02727	28.1084
3.02803	28.1441
3.02861	28.1799
3.02969	28.2156
3.03	28.2513
3.03175	28.287
3.03239	28.3227
3.03308	28.3584
3.034	28.3941
3.0387	28.4299
3.04034	28.4656
3.04084	28.5013
3.04437	28.537
3.04444	28.5727
3.04449	28.6084
3.04452	28.6441
3.04561	28.6799
3.04628	28.7156
3.08914	28.7513
3.09003	28.787
3.09071	28.8227
3.09119	28.8584
3.09212	28.8941
3.09255	28.9299
3.09326	28.9656
3.09399	29.0013
3.09465	29.0358
3.09541	29.0702
3.09613	29.1047
3.09676	29.1392
3.09742	29.1737
3.09832	29.2082
3.09875	29.2427
3.09952	29.2771
3.10023	29.3116
3.10089	29.3461
3.10226	29.3806
3.10301	29.4151
3.15546	29.4496
3.15615	29.484
3.1568	29.5185
3.15751	29.553
3.15843	29.5875
3.15887	29.622
3.15948	29.6565
3.16014	29.6909
3.16104	29.7254
3.16151	29.7599
3.16223	29.7944
3.16425	29.8289
3.16607	29.8634
3.1664	29.8978
3.16999	29.9323
3.17038	29.9668
3.17064	30.0013
3.17077	30.0346
3.17118	30.0679
3.17186	30.1013
3.17256	30.1346
3.19616	30.1679
3.19689	30.2013
3.19887	30.2346
3.19952	30.2679
3.20094	30.3013
3.20233	30.3346
3.20302	30.3679
3.20372	30.4013
3.2045	30.4346
3.20515	30.4679
3.2058	30.5013
3.20786	30.5346
3.20855	30.5679
3.21003	30.6013
3.2106	30.6346
3.2113	30.6679
3.21204	30.7013
3.21273	30.7346
3.2134	30.7679
3.21416	30.8013
3.21548	30.8346
3.21622	30.8679
3.22729	30.9013
3.22879	30.9346
3.23099	30.9679
3.23288	31.0013
3.23427	31.0335
3.23622	31.0658
3.2386	31.0981
3.23976	31.1303
3.24182	31.1626
3.24321	31.1948
3.24413	31.2271
3.24528	31.2593
3.24671	31.2916
3.24834	31.3239
3.25082	31.3561
3.25229	31.3884
3.25359	31.4206
3.255	31.4529
3.25571	31.4852
3.25646	31.5174
3.25705	31.5497
3.25844	31.5819
3.26409	31.6142
3.26427	31.6464
3.26473	31.6787
3.26602	31.711
3.26701	31.7432
3.26778	31.7755
3.26861	31.8077
3.26918	31.84
3.26985	31.8722
3.2705	31.9045
3.27122	31.9368
3.27256	31.969
3.27405	32.0013
3.27466	32.0325
3.27542	32.0638
3.27807	32.095
3.27964	32.1263
3.28091	32.1575
3.28286	32.1888
3.28419	32.22
3.28558	32.2513
3.28696	32.2825
3.28899	32.3138
3.29814	32.345
3.29946	32.3763
3.30054	32.4075
3.30192	32.4388
3.30342	32.47
3.30399	32.5013
3.30532	32.5325
3.30601	32.5638
3.30741	32.595
3.30877	32.6263
3.3095	32.6575
3.3108	32.6888
3.31171	32.72
3.31223	32.7513
3.31362	32.7825
3.3143	32.8138
3.31641	32.845
3.31744	32.8763
3.31793	32.9075
3.31867	32.9388
3.32113	32.97
3.3218	33.0013
3.32321	33.0316
3.32389	33.0619
3.34252	33.0922
3.34818	33.1225
3.35428	33.1528
3.35507	33.1831
3.35597	33.2134
3.35695	33.2437
3.35825	33.274
3.35888	33.3043
3.35966	33.3346
3.36232	33.3649
3.36289	33.3952
3.36428	33.4255
3.36562	33.4558
3.36636	33.4861
3.371	33.5164
3.37244	33.5467
3.37376	33.577
3.37454	33.6073
3.37583	33.6376
3.37717	33.6679
3.37783	33.6983
3.37994	33.7286
3.38136	33.7589
3.38382	33.7892
3.38496	33.8195
3.3874	33.8498
3.38937	33.8801
3.39092	33.9104
3.39235	33.9407
3.3931	33.971
3.39385	34.0013
3.39437	34.0307
3.39494	34.0601
3.39976	34.0895
3.39987	34.1189
3.40078	34.1483
3.40095	34.1778
3.40105	34.2072
3.40132	34.2366
3.40207	34.266
3.40343	34.2954
3.40477	34.3248
3.40612	34.3542
3.40688	34.3836
3.40754	34.413
3.40897	34.4425
3.41029	34.4719
3.41181	34.5013
3.41303	34.5307
3.41371	34.5601
3.41442	34.5895
3.41526	34.6189
3.41645	34.6483
3.41712	34.6778
3.4185	34.7072
3.41918	34.7366
3.42052	34.766
3.422	34.7954
3.42331	34.8248
3.42529	34.8542
3.42614	34.8836
3.4268	34.913
3.42822	34.9425
3.43028	34.9719
3.4317	35.0013
3.43241	35.0299
3.43455	35.0584
3.43729	35.087
3.4387	35.1156
3.43937	35.1441
3.44017	35.1727
3.44075	35.2013
3.44153	35.2299
3.44288	35.2584
3.4443	35.287
3.44561	35.3156
3.44625	35.3441
3.44762	35.3727
3.44915	35.4013
3.4504	35.4299
3.45265	35.4584
3.45323	35.487
3.4541	35.5156
3.45458	35.5441
3.45613	35.5727
3.45896	35.6013
3.45919	35.6299
3.46007	35.6584
3.46145	35.687
3.46297	35.7156
3.46415	35.7441
3.46572	35.7727
3.46707	35.8013
3.46876	35.8299
3.46906	35.8584
3.46977	35.887
3.47029	35.9156
3.47055	35.9441
3.47124	35.9727
3.47184	36.0013
3.47258	36.0291
3.47477	36.0568
3.48194	36.0846
3.48337	36.1124
3.48401	36.1402
3.48532	36.1679
3.48606	36.1957
3.48672	36.2235
3.4874	36.2513
3.48814	36.2791
3.48949	36.3068
3.49013	36.3346
3.49086	36.3624
3.4916	36.3902
3.49227	36.4179
3.4936	36.4457
3.49511	36.4735
3.49567	36.5013
3.49708	36.5291
3.4979	36.5568
3.49911	36.5846
3.50001	36.6124
3.50149	36.6402
3.50182	36.6679
3.50254	36.6957
3.50327	36.7235
3.50396	36.7513
3.50584	36.7791
3.50857	36.8068
3.51024	36.8346
3.51233	36.8624
3.51368	36.8902
3.51495	36.9179
3.51563	36.9457
3.51814	36.9735
3.51954	37.0013
3.5216	37.0283
3.52459	37.0553
3.53225	37.0824
3.53307	37.1094
3.5336	37.1364
3.5344	37.1634
3.5354	37.1905
3.53575	37.2175
3.53701	37.2445
3.53888	37.2716
3.53901	37.2986
3.53909	37.3256
3.53985	37.3526
3.54134	37.3797
3.54272	37.4067
3.54321	37.4337
3.5446	37.4607
3.54529	37.4878
3.54604	37.5148
3.54686	37.5418
3.54735	37.5688
3.5481	37.5959
3.54876	37.6229
3.54947	37.6499
3.55014	37.677
3.55094	37.704
3.55224	37.731
3.55294	37.758
3.55936	37.7851
3.55989	37.8121
3.56059	37.8391
3.56122	37.8661
3.56262	37.8932
3.56403	37.9202
3.56466	37.9472
3.56603	37.9743
3.56745	38.0013
3.56811	38.0276
3.57006	38.0539
3.57501	38.0802
3.57639	38.1065
3.57847	38.1329
3.57941	38.1592
3.58001	38.1855
3.58145	38.2118
3.58188	38.2381
3.5833	38.2644
3.58398	38.2908
3.58607	38.3171
3.58739	38.3434
3.58876	38.3697
3.59014	38.396
3.59156	38.4223
3.59312	38.4487
3.59428	38.475
3.59579	38.5013
3.59704	38.5276
3.59844	38.5539
3.59977	38.5802
3.60048	38.6065
3.60272	38.6329
3.60431	38.6592
3.60635	38.6855
3.60775	38.7118
3.60914	38.7381
3.61123	38.7644
3.61257	38.7908
3.614	38.8171
3.61541	38.8434
3.61676	38.8697
3.61809	38.896
3.61877	38.9223
3.6202	38.9487
3.62089	38.975
3.62176	39.0013
3.62231	39.0269
3.62444	39.0526
3.62959	39.0782
3.62992	39.1038
3.6313	39.1295
3.63198	39.1551
3.63286	39.1808
3.63335	39.2064
3.63424	39.2321
3.63483	39.2577
3.63541	39.2833
3.63609	39.309
3.63689	39.3346
3.63817	39.3603
3.63956	39.3859
3.6416	39.4115
3.64432	39.4372
3.64789	39.4628
3.64991	39.4885
3.65131	39.5141
3.65199	39.5397
3.65344	39.5654
3.65478	39.591
3.65892	39.6167
3.65994	39.6423
3.66238	39.6679
3.6679	39.6936
3.66927	39.7192
3.67207	39.7449
3.67285	39.7705
3.67447	39.7962
3.67492	39.8218
3.67568	39.8474
3.67689	39.8731
3.67767	39.8987
3.67831	39.9244
3.67898	39.95
3.68037	39.9756
3.68174	40.0013
3.6836	40.0263
3.68545	40.0513
3.69097	40.0763
3.69104	40.1013
3.6911	40.1263
3.69131	40.1513
3.69155	40.1763
3.69327	40.2013
3.69369	40.2263
3.69446	40.2513
3.6958	40.2763
3.69659	40.3013
3.69752	40.3263
3.6981	40.3513
3.69854	40.3763
3.69939	40.4013
3.69989	40.4263
3.70081	40.4513
3.70128	40.4763
3.70194	40.5013
3.70264	40.5263
3.70703	40.5513
3.70829	40.5763
3.71576	40.6013
3.71789	40.6263
3.71927	40.6513
3.72127	40.6763
3.72226	40.7013
3.72564	40.7263
3.72701	40.7513
3.72935	40.7763
3.72971	40.8013
3.73133	40.8263
3.73264	40.8513
3.73394	40.8763
3.73462	40.9013
3.73598	40.9263
3.73757	40.9513
3.73887	40.9763
3.74012	41.0013
3.74144	41.0257
3.74289	41.0501
3.74646	41.0745
3.7472	41.0988
3.74947	41.1232
3.75073	41.1476
3.75206	41.172
3.75344	41.1964
3.75486	41.2208
3.75624	41.2452
3.75757	41.2696
3.75905	41.294
3.76035	41.3184
3.76194	41.3427
3.76249	41.3671
3.76319	41.3915
3.76383	41.4159
3.7645	41.4403
3.76524	41.4647
3.76588	41.4891
3.76656	41.5135
3.7673	41.5379
3.76795	41.5623
3.76935	41.5866
3.77074	41.611
3.77223	41.6354
3.77273	41.6598
3.77565	41.6842
3.78462	41.7086
3.78596	41.733
3.78668	41.7574
3.78799	41.7818
3.78975	41.8062
3.7908	41.8306
3.7924	41.8549
3.79377	41.8793
3.79469	41.9037
3.79586	41.9281
3.79727	41.9525
3.79792	41.9769
3.79932	42.0013
3.79999	42.0251
3.8014	42.0489
3.80527	42.0727
3.8054	42.0965
3.80556	42.1203
3.80712	42.1441
3.80769	42.1679
3.80864	42.1918
3.80976	42.2156
3.81121	42.2394
3.81251	42.2632
3.81387	42.287
3.81521	42.3108
3.8169	42.3346
3.81828	42.3584
3.81941	42.3822
3.82091	42.406
3.82213	42.4299
3.82355	42.4537
3.82534	42.4775
3.82629	42.5013
3.828	42.5251
3.82934	42.5489
3.83077	42.5727
3.83169	42.5965
3.83215	42.6203
3.8329	42.6441
3.83453	42.6679
3.83836	42.6918
3.83842	42.7156
3.83917	42.7394
3.84019	42.7632
3.84049	42.787
3.84119	21.3935
3.84197	21.4411
3.84257	21.4887
3.84391	21.5364
3.84533	21.584
3.84686	21.6316
3.84806	21.6792
3.84942	21.7268
3.85083	21.7745
3.85219	21.8221
3.85292	21.8697
3.8653	21.9173
3.86689	21.9649
3.86755	22.0125
3.86826	22.058
3.86901	22.1035
3.87037	22.1489
3.87107	22.1944
3.87243	22.2398
3.874	22.2853
3.87445	22.3307
3.8753	22.3762
3.87611	22.4216
3.87657	22.4671
3.87798	22.5125
3.87862	22.558
3.87927	22.6035
3.88	22.6489
3.8807	22.6944
3.88137	22.7398
3.88278	22.7853
3.88341	22.8307
3.88477	22.8762
3.88549	22.9216
3.88682	22.9671
3.8875	23.0125
3.88956	23.056
3.89652	23.0995
3.89798	23.143
3.89949	23.1865
3.90074	23.2299
3.90202	23.2734
3.91922	11.6367
3.91962	11.7276
3.92033	11.8185
3.921	11.9094
3.92193	12.0003
3.92241	12.0837
3.92334	12.167
3.92448	12.2503
3.92584	12.3337
3.92651	12.417
3.92818	12.5003
3.92929	12.5837
3.93087	12.667
3.93136	12.7503
3.93275	12.8337
3.93505	12.917
3.93684	13.0003
3.94274	13.0773
3.94518	13.1542
3.94571	13.2311
3.94694	13.308
3.9478	13.385
3.94897	13.4619
3.97276	13.5388
3.97403	13.6157
3.97539	13.6927
3.97677	13.7696
3.97813	13.8465
3.9796	13.9234
3.98097	14.0003
3.98578	14.0718
3.99422	14.1432
3.99565	14.2146
3.99687	14.2861
3.9984	14.3575
3.99979	14.4289
4.02024	14.5003
4.02172	14.5718
4.02251	14.6432
4.02365	14.7146
4.02504	14.7861
4.0264	14.8575
4.02778	14.9289
4.02844	15.0003
4.02985	15.067
4.03713	15.1337
4.03781	15.2003
4.03982	15.267
4.04124	15.3337
4.04216	15.4003
4.07207	15.467
4.07274	15.5337
4.07414	15.6003
4.07479	15.667
4.0762	15.7337
4.07754	15.8003
4.07825	15.867
4.08083	15.9337
4.08223	16.0003
4.08287	16.0628
4.08915	16.1253
4.09126	16.1878
4.09192	16.2503
4.09397	16.3128
4.09654	16.3753
4.11294	16.4378
4.11525	16.5003
4.11715	16.5628
4.11783	16.6253
4.11848	16.6878
4.11918	16.7503
4.12061	16.8128
4.12194	16.8753
4.12342	16.9378
4.12425	17.0003
4.12467	17.0592
4.12539	17.118
4.12678	17.1768
4.12769	17.2356
4.12905	17.2945
4.1302	17.3533
4.14105	17.4121
4.14537	17.4709
4.14859	17.5298
4.15294	17.5886
4.15394	17.6474
4.15531	17.7062
4.15735	17.765
4.15809	17.8239
4.15877	17.8827
4.15948	17.9415
4.16037	18.0003
4.16083	18.0559
4.16154	18.1115
4.16225	18.167
4.16301	18.2226
4.1637	18.2781
4.1643	18.3337
4.17126	18.3892
4.17264	18.4448
4.17339	18.5003
4.17415	18.5559
4.17492	18.6115
4.17568	18.667
4.17842	18.7226
4.17955	18.7781
4.18024	18.8337
4.18113	18.8892
4.18183	18.9448
4.18253	19.0003
4.18322	19.053
4.18535	19.1056
4.18687	19.1582
4.18834	19.2109
4.18875	19.2635
4.19019	19.3161
4.19781	19.3688
4.20019	19.4214
4.20154	19.474
4.20255	19.5267
4.20327	19.5793
4.20369	19.6319
4.2045	19.6846
4.20496	19.7372
4.2063	19.7898
4.20857	19.8424
4.20912	19.8951
4.21062	19.9477
4.21187	20.0003
4.21356	20.0503
4.21623	20.1003
4.21667	20.1503
4.21819	20.2003
4.21953	20.2503
4.22083	20.3003
4.22422	20.3503
4.22432	20.4003
4.22444	20.4503
4.22516	20.5003
4.22648	20.5503
4.22785	20.6003
4.2292	20.6503
4.23062	20.7003
4.23127	20.7503
4.23263	20.8003
4.23336	20.8503
4.23477	20.9003
4.23545	20.9503
4.23608	21.0003
4.23677	21.048
4.23895	21.0956
4.24023	21.1432
4.24165	21.1908
4.24325	21.2384
4.2445	21.2861
4.25298	21.3337
4.2534	21.3813
4.25416	21.4289
4.25487	21.4765
4.25558	21.5242
4.25698	21.5718
4.25776	21.6194
4.25822	21.667
4.25887	21.7146
4.25983	21.7622
4.26051	21.8099
4.26182	21.8575
4.26255	21.9051
4.26318	21.9527
4.26388	22.0003
4.26459	22.0458
4.26612	22.0913
4.26687	22.1367
4.26867	22.1822
4.26936	22.2276
4.27138	22.2731
4.27906	22.3185
4.27987	22.364
4.28056	22.4094
4.28201	22.4549
4.28323	22.5003
4.28484	22.5458
4.28669	22.5913
4.28757	22.6367
4.28942	22.6822
4.29115	22.7276
4.29216	22.7731
4.29285	22.8185
4.29354	22.864
4.29426	22.9094
4.29497	22.9549
4.2963	23.0003
4.29703	23.0438
4.29909	23.0873
4.29991	23.1308
4.30115	23.1743
4.30253	23.2177
4.30422	23.2612
4.31211	23.3047
4.31295	23.3482
4.31418	23.3916
4.31457	23.4351
4.31525	23.4786
4.31593	23.5221
4.31661	23.5656
4.31727	23.609
4.31798	23.6525
4.31903	23.696
4.32029	23.7395
4.32184	23.783
4.32303	23.8264
4.32433	23.8699
4.32597	23.9134
4.32722	23.9569
4.32783	24.0003
4.3285	24.042
4.32972	24.0837
4.32993	24.1253
4.33123	24.167
4.33215	24.2087
4.33273	24.2503
4.33877	24.292
4.33974	24.3337
4.34038	24.3753
4.34174	24.417
4.34319	24.4587
4.34379	24.5003
4.34466	24.542
4.34517	24.5837
4.34598	24.6253
4.34665	24.667
4.34812	24.7087
4.34929	24.7503
4.35094	24.792
4.35273	24.8337
4.35413	24.8753
4.35621	24.917
4.35776	24.9587
4.35898	25.0003
4.36036	25.0403
4.36109	25.0803
4.36175	25.1203
4.36311	25.1603
4.36462	25.2003
4.36518	25.2403
4.37246	25.2803
4.37288	25.3203
4.37363	25.3603
4.37493	25.4003
4.3763	25.4403
4.3777	25.4803
4.37908	25.5203
4.37977	25.5603
4.38113	25.6003
4.3818	25.6403
4.38335	25.6803
4.3848	25.7203
4.386	25.7603
4.3874	25.8003
4.38873	25.8403
4.38935	25.8803
4.39007	25.9203
4.39142	25.9603
4.39213	26.0003
4.39284	26.0388
4.39425	26.0773
4.39494	26.1157
4.39634	26.1542
4.39775	26.1927
4.39934	26.2311
4.41029	26.2696
4.41104	26.308
4.41168	26.3465
4.41243	26.385
4.41443	26.4234
4.41583	26.4619
4.41727	26.5003
4.41861	26.5388
4.42094	26.5773
4.42105	26.6157
4.42231	26.6542
4.4237	26.6927
4.42497	26.7311
4.42813	26.7696
4.42941	26.808
4.43147	26.8465
4.43216	26.885
4.43291	26.9234
4.43351	26.9619
4.43483	27.0003
4.43617	27.0374
4.43978	27.0744
4.44101	27.1115
4.44243	27.1485
4.44381	27.1855
4.44522	27.2226
4.45856	27.2596
4.45984	27.2966
4.46123	27.3337
4.46262	27.3707
4.46397	27.4078
4.46534	27.4448
4.46675	27.4818
4.46822	27.5189
4.4708	27.5559
4.47152	27.5929
4.47256	27.63
4.4729	27.667
4.47356	27.704
4.47461	27.7411
4.47572	27.7781
4.4764	27.8152
4.4778	27.8522
4.47843	27.8892
4.47911	27.9263
4.48049	27.9633
4.48119	28.0003
4.48275	28.0361
4.48401	28.0718
4.48534	28.1075
4.48605	28.1432
4.48671	28.1789
4.48745	28.2146
4.5087	28.2503
4.50917	28.2861
4.50989	28.3218
4.51056	28.3575
4.51124	28.3932
4.51264	28.4289
4.51331	28.4646
4.51684	28.5003
4.51759	28.5361
4.51953	28.5718
4.52033	28.6075
4.52192	28.6432
4.52253	28.6789
4.52369	28.7146
4.52507	28.7503
4.52647	28.7861
4.52784	28.8218
4.52926	28.8575
4.52989	28.8932
4.53139	28.9289
4.53165	28.9646
4.5327	29.0003
4.53335	29.0348
4.53479	29.0693
4.53553	29.1038
4.53619	29.1383
4.53833	29.1728
4.53839	29.2072
4.55692	29.2417
4.5584	29.2762
4.55967	29.3107
4.56104	29.3452
4.56175	29.3797
4.56419	29.4141
4.56556	29.4486
4.56692	29.4831
4.56758	29.5176
4.56827	14.7588
4.56968	14.8302
4.57053	14.9016
4.57175	14.9731
4.57319	15.0445
4.5746	15.1112
4.57663	15.1778
4.5773	15.2445
4.57872	15.3112
4.57952	15.3778
4.58007	15.4445
4.58098	15.5112
4.58145	15.5778
4.58219	15.6445
4.5836	15.7112
4.5871	15.7778
4.58777	15.8445
4.58859	15.9112
4.58912	15.9778
4.59044	16.0445
4.60995	16.107
4.61151	16.1695
4.6134	16.232
4.61473	16.2945
4.61694	16.357
4.61957	16.4195
4.62163	16.482
4.623	16.5445
4.62442	16.607
4.62516	8.3035
4.62644	8.4285
4.62695	8.5535
4.62883	8.6785
4.63002	8.8035
4.63091	8.9285
4.63209	9.0535
4.64604	9.16461
4.64685	9.27573
4.64876	9.38684
4.64948	9.49795
4.65079	9.60906
4.65289	9.72017
4.65426	9.83128
4.65566	9.94239
4.65772	10.0535
4.68943	10.1535
4.69086	10.2535
4.69156	10.3535
4.69253	10.4535
4.6938	10.5535
4.69584	10.6535
4.69644	10.7535
4.69784	10.8535
4.69991	10.9535
4.70126	11.0535
4.73575	11.1444
4.73713	11.2353
4.73783	11.3262
4.73983	11.4171
4.74075	11.508
4.74206	11.599
4.74336	11.6899
4.74403	11.7808
4.74545	11.8717
4.74635	11.9626
4.7468	12.0535
4.76558	12.1368
4.76689	12.2202
4.76759	12.3035
4.769	12.3868
4.77033	12.4702
4.77316	12.5535
4.77446	12.6368
4.77582	12.7202
4.77861	12.8035
4.78007	12.8868
4.78147	12.9702
4.78338	13.0535
4.79257	13.1304
4.79373	13.2073
4.79403	13.2843
4.79609	13.3612
4.79801	13.4381
4.80077	13.515
4.8038	13.592
4.80434	13.6689
4.80567	13.7458
4.8072	13.8227
4.80956	13.8997
4.80968	13.9766
4.81167	14.0535
4.8333	14.1249
4.83541	14.1964
4.83677	14.2678
4.84092	14.3392
4.84229	14.4106
4.84373	14.4821
4.84509	14.5535
4.84574	14.6249
4.84734	14.6964
4.84783	14.7678
4.84922	14.8392
4.85054	14.9106
4.85288	14.9821
4.85397	15.0535
4.86993	15.1202
4.87325	15.1868
4.87436	15.2535
4.87568	15.3202
4.87624	15.3868
4.87663	15.4535
4.87714	15.5202
4.8774	15.5868
4.87852	15.6535
4.87908	15.7202
4.8797	15.7868
4.88055	15.8535
4.88399	15.9202
4.88794	15.9868
4.88924	16.0535
4.89546	16.116
4.90169	16.1785
4.90377	16.241
4.90509	16.3035
4.90852	16.366
4.90954	16.4285
4.91052	16.491
4.91115	16.5535
4.9167	16.616
4.91817	16.6785
4.92172	16.741
4.92774	16.8035
4.92932	16.866
4.92992	16.9285
4.93151	16.991
4.93276	17.0535
4.93337	17.1123
4.93622	17.1712
4.93759	17.23
4.93846	17.2888
4.94239	17.3476
4.94303	17.4064
4.94621	17.4653
4.94811	17.5241
4.95225	17.5829
4.95314	17.6417
4.9538	17.7006
4.95851	17.7594
4.96597	17.8182
4.96622	17.877
4.96782	17.9359
4.96859	17.9947
4.96933	18.0535
4.9706	18.1091
4.97264	18.1646
4.97477	18.2202
4.97626	18.2757
4.97767	18.3313
4.97927	18.3868
4.98042	18.4424
4.98187	18.4979
4.98322	18.5535
4.98457	18.6091
4.98664	18.6646
4.98899	18.7202
4.99073	18.7757
4.99142	18.8313
4.99243	18.8868
4.99288	18.9424
4.99341	18.9979
4.99383	19.0535
4.99398	19.1061
4.99433	19.1588
4.99506	19.2114
4.99559	19.264
4.99644	19.3167
4.99782	19.3693
5.00122	19.4219
5.00421	19.4746
5.00439	19.5272
5.00461	19.5798
5.00486	19.6325
5.00527	19.6851
5.0074	19.7377
5.00896	19.7903
5.01075	19.843
5.01107	19.8956
5.01267	19.9482
5.0132	20.0009
5.01447	20.0509
5.01652	20.1009
5.01793	20.1509
5.01948	20.2009
5.02082	20.2509
5.02132	20.3009
5.02272	20.3509
5.02432	20.4009
5.02638	20.4509
5.02689	20.5009
5.02827	20.5509
5.02898	20.6009
5.0303	20.6509
5.03446	20.7009
5.03583	20.7509
5.03672	20.8009
5.03814	20.8509
5.03925	20.9009
5.04086	20.9509
5.04232	21.0009
5.04345	21.0485
5.04485	21.0961
5.04551	21.1437
5.04933	21.1913
5.04964	21.239
5.05097	21.2866
5.0517	21.3342
5.05316	21.3818
5.05386	21.4294
5.05398	21.4771
5.05454	21.5247
5.0552	21.5723
5.05589	21.6199
5.05706	21.6675
5.05795	21.7152
5.05803	21.7628
5.05882	21.8104
5.05961	21.858
5.06081	21.9056
5.06155	21.9533
5.06234	22.0009
5.06397	22.0463
5.06453	22.0918
5.06515	22.1372
5.0684	22.1827
5.06917	22.2281
5.07075	22.2736
5.07193	22.3191
5.07381	22.3645
5.07493	22.41
5.07561	22.4554
5.07697	22.5009
5.07778	22.5463
5.07839	22.5918
5.08109	22.6372
5.08248	22.6827
5.08319	22.7281
5.08512	22.7736
5.08517	22.8191
5.08657	22.8645
5.0873	22.91
5.08883	22.9554
5.08929	23.0009
5.09001	23.0444
5.09105	23.0878
5.09173	23.1313
5.09281	23.1748
5.09341	23.2183
5.09414	23.2617
5.09481	23.3052
5.10002	23.3487
5.10144	23.3922
5.10283	23.4357
5.10348	23.4791
5.10609	23.5226
5.107	23.5661
5.10813	23.6096
5.10945	23.653
5.1108	23.6965
5.11316	23.74
5.1137	23.7835
5.11492	23.827
5.1176	23.8704
5.1178	23.9139
5.11798	23.9574
5.11839	24.0009
5.1191	24.0425
5.11975	24.0842
5.12047	24.1259
5.12233	24.1675
5.12421	24.2092
5.12475	24.2509
5.1254	24.2925
5.12769	24.3342
5.12834	24.3759
5.12896	24.4175
5.12968	24.4592
5.1304	24.5009
5.1311	24.5425
5.13181	24.5842
5.13248	24.6259
5.13322	24.6675
5.13389	24.7092
5.13459	24.7509
5.13522	24.7925
5.13663	24.8342
5.13813	24.8759
5.13933	24.9175
5.14148	24.9592
5.14293	25.0009
5.14434	25.0409
5.14487	25.0809
5.14619	25.1209
5.14761	25.1609
5.14826	25.2009
5.14965	25.2409
5.15102	25.2809
5.15456	25.3209
5.15492	25.3609
5.15501	25.4009
5.15533	25.4409
5.15555	25.4809
5.15595	25.5209
5.15692	25.5609
5.15749	25.6009
5.15822	25.6409
5.15909	25.6809
5.15958	25.7209
5.16021	25.7609
5.16117	25.8009
5.16178	25.8409
5.1624	25.8809
5.16309	25.9209
5.16377	25.9609
5.16564	26.0009
5.16569	26.0393
5.16572	26.0778
5.16646	26.1163
5.16917	26.1547
5.16934	26.1932
5.1713	26.2316
5.17267	26.2701
5.17826	26.3086
5.17857	26.347
5.17874	26.3855
5.17918	26.4239
5.17932	26.4624
5.17946	26.5009
5.17978	26.5393
5.18032	26.5778
5.18119	26.6163
5.18189	26.6547
5.18303	26.6932
5.18375	26.7316
5.18533	26.7701
5.18583	26.8086
5.18718	26.847
5.18866	26.8855
5.18932	26.9239
5.19076	26.9624
5.19196	27.0009
5.19263	27.0379
5.1933	27.0749
5.19399	27.112
5.19539	27.149
5.19611	27.1861
5.19681	27.2231
5.19758	27.2601
5.20729	27.2972
5.208	27.3342
5.20849	27.3712
5.21363	27.4083
5.21454	27.4453
5.21499	27.4824
5.21578	27.5194
5.21639	27.5564
5.21726	27.5935
5.21776	27.6305
5.21891	27.6675
5.21964	27.7046
5.21973	27.7416
5.22075	27.7786
5.22145	27.8157
5.22198	27.8527
5.22338	27.8898
5.22389	27.9268
5.2253	27.9638
5.22613	28.0009
5.22693	28.0366
5.22808	28.0723
5.22882	28.108
5.23007	28.1437
5.23109	28.1794
5.23221	28.2152
5.23353	28.2509
5.24192	28.2866
5.24247	28.3223
5.24279	28.358
5.24365	28.3937
5.24411	28.4294
5.2463	28.4652
5.24759	28.5009
5.24905	28.5366
5.25024	28.5723
5.25159	28.608
5.25299	28.6437
5.25434	28.6794
5.25567	28.7152
5.2571	28.7509
5.25857	28.7866
5.26052	28.8223
5.26192	28.858
5.2633	28.8937
5.26533	28.9294
5.26675	28.9652
5.26806	29.0009
5.26879	29.0354
5.27021	29.0698
5.27085	29.1043
5.2722	29.1388
5.2729	29.1733
5.27358	29.2078
5.27426	29.2423
5.27722	29.2767
5.27924	29.3112
5.28013	29.3457
5.28403	29.3802
5.28479	29.4147
5.28536	29.4491
5.28605	29.4836
5.28769	29.5181
5.28818	29.5526
5.28891	29.5871
5.28961	29.6216
5.29046	29.656
5.29097	29.6905
5.29168	29.725
5.29234	29.7595
5.29306	29.794
5.29445	29.8285
5.29576	29.8629
5.29712	29.8974
5.29859	29.9319
5.29922	29.9664
5.30071	30.0009
5.30201	30.0342
5.3034	30.0675
5.30411	30.1009
5.30537	30.1342
5.30675	30.1675
5.30836	30.2009
5.3098	30.2342
5.31653	30.2675
5.31723	30.3009
5.3188	30.3342
5.31927	30.3675
5.31993	30.4009
5.32064	30.4342
5.32271	30.4675
5.32435	30.5009
5.32779	30.5342
5.32931	30.5675
5.32988	30.6009
5.33052	30.6342
5.33121	30.6675
5.33189	30.7009
5.33282	30.7342
5.33343	30.7675
5.33478	30.8009
5.33542	30.8342
5.33677	30.8675
5.33764	30.9009
5.3388	30.9342
5.34017	30.9675
5.34228	31.0009
5.34508	31.0331
5.34723	31.0654
5.34918	15.5327
5.34985	15.5994
5.35131	15.666
5.35255	15.7327
5.35392	15.7994
5.36119	15.866
5.36167	15.9327
5.36233	15.9994
5.36298	16.066
5.36438	16.1285
5.36506	16.191
5.36643	16.2535
5.36724	16.316
5.36854	16.3785
5.36925	16.441
5.36989	16.5035
5.37063	16.566
5.37152	16.6285
5.37202	16.691
5.37266	16.7535
5.3736	16.816
5.37558	16.8785
5.3761	16.941
5.37906	17.0035
5.38016	17.0624
5.38223	17.1212
5.3839	17.18
5.38516	17.2388
5.38575	17.2976
5.38671	17.3565
5.38786	17.4153
5.39237	17.4741
5.39246	17.5329
5.39264	17.5918
5.39271	17.6506
5.39356	17.7094
5.39423	17.7682
5.39573	17.8271
5.39708	17.8859
5.39777	17.9447
5.39867	18.0035
5.39985	18.0591
5.40122	9.02954
5.40258	9.14065
5.40532	9.25176
5.40685	9.36287
5.40756	9.47399
5.40821	9.5851
5.42759	9.69621
5.42845	9.80732
5.42981	9.91843
5.43035	10.0295
5.431	10.1295
5.43164	10.2295
5.4338	10.3295
5.43437	10.4295
5.43504	10.5295
5.43646	10.6295
5.43737	10.7295
5.43854	10.8295
5.45591	10.9295
5.45679	11.0295
5.45838	11.1205
5.4596	11.2114
5.46091	11.3023
5.46231	11.3932
5.46543	11.4841
5.4657	11.575
5.46738	11.6659
5.4685	11.7568
5.49706	11.8477
5.49771	11.9386
5.49863	12.0295
5.50012	12.1129
5.50033	12.1962
5.50126	12.2795
5.50202	12.3629
5.50336	12.4462
5.50476	12.5295
5.50616	12.6129
5.50751	12.6962
5.53163	12.7795
5.53235	12.8629
5.53376	12.9462
5.53453	13.0295
5.53517	13.1065
5.53584	13.1834
5.53726	13.2603
5.53803	13.3372
5.53865	13.4142
5.53967	13.4911
5.54024	13.568
5.54098	13.6449
5.5641	13.7218
5.56544	13.7988
5.5668	13.8757
5.56825	13.9526
5.56888	14.0295
5.57031	14.101
5.5718	14.1724
5.57302	14.2438
5.57435	14.3153
5.57578	14.3867
5.57716	14.4581
5.57787	14.5295
5.57985	14.601
5.59306	14.6724
5.59375	14.7438
5.59515	14.8153
5.59585	14.8867
5.59664	14.9581
5.59726	15.0295
5.59793	15.0962
5.59861	15.1629
5.60015	15.2295
5.60115	15.2962
5.60298	15.3629
5.60446	15.4295
5.60574	15.4962
5.60642	15.5629
5.62794	15.6295
5.62956	15.6962
5.6307	15.7629
5.63206	15.8295
5.63351	15.8962
5.63427	15.9629
5.63568	16.0295
5.63752	16.092
5.63823	16.1545
5.6396	16.217
5.6403	16.2795
5.64164	16.342
5.64233	16.4045
5.64441	16.467
5.64575	16.5295
5.65379	16.592
5.65424	16.6545
5.65495	16.717
5.65631	16.7795
5.65856	16.842
5.65979	16.9045
5.66106	16.967
5.66248	17.0295
5.66523	17.0884
5.66662	17.1472
5.66793	17.206
5.66935	17.2648
5.67139	17.3237
5.67272	17.3825
5.67412	17.4413
5.67512	17.5001
5.68739	17.559
5.68809	17.6178
5.68932	17.6766
5.69071	17.7354
5.69328	17.7942
5.69406	17.8531
5.69483	17.9119
5.69604	17.9707
5.69677	18.0295
5.69747	18.0851
5.69883	18.1407
5.69953	18.1962
5.70092	18.2518
5.70162	18.3073
5.70239	18.3629
5.70299	18.4184
5.70434	18.474
5.71287	18.5295
5.71429	18.5851
5.71602	18.6407
5.71782	18.6962
5.71973	18.7518
5.72138	18.8073
5.72255	18.8629
5.72467	18.9184
5.72604	18.974
5.72735	19.0295
5.72882	19.0822
5.73034	19.1348
5.73169	19.1874
5.73286	19.2401
5.73448	19.2927
5.7363	19.3453
5.73773	19.398
5.74063	19.4506
5.74538	19.5032
5.74593	19.5559
5.74604	19.6085
5.7464	19.6611
5.74685	19.7138
5.74839	19.7664
5.74902	19.819
5.75022	19.8716
5.75159	19.9243
5.75232	19.9769
5.75309	20.0295
5.75441	20.0795
5.75521	20.1295
5.75584	20.1795
5.75653	20.2295
5.75716	20.2795
5.75795	20.3295
5.75858	20.3795
5.76272	20.4295
5.77382	20.4795
5.77515	20.5295
5.77658	20.5795
5.77722	20.6295
5.7779	20.6795
5.78017	20.7295
5.78132	20.7795
5.78203	20.8295
5.78342	20.8795
5.78477	20.9295
5.78614	20.9795
5.78751	21.0295
5.78828	21.0772
5.78916	21.1248
5.78986	21.1724
5.79034	21.22
5.79108	21.2676
5.79193	21.3153
5.79238	21.3629
5.7931	21.4105
5.79671	21.4581
5.79806	21.5057
5.79873	21.5534
5.79944	21.601
5.80008	21.6486
5.80081	21.6962
5.80155	21.7438
5.80301	21.7914
5.8043	21.8391
5.80503	21.8867
5.80641	21.9343
5.80774	21.9819
5.80915	22.0295
5.81052	22.075
5.81613	22.1205
5.81753	22.1659
5.81848	22.2114
5.81943	22.2568
5.82095	22.3023
5.82244	22.3477
5.82374	22.3932
5.82845	22.4386
5.82849	22.4841
5.82862	22.5295
5.82928	22.575
5.82994	22.6205
5.83154	22.6659
5.83195	22.7114
5.83267	22.7568
5.83341	22.8023
5.83434	22.8477
5.8347	22.8932
5.83615	22.9386
5.83752	22.9841
5.83844	23.0295
5.83975	23.073
5.84026	23.1165
5.84097	23.16
5.84239	23.2035
5.84315	23.2469
5.84377	23.2904
5.84508	23.3339
5.84649	23.3774
5.84999	23.4208
5.85014	23.4643
5.85066	23.5078
5.85213	23.5513
5.85217	23.5948
5.85385	23.6382
5.85407	23.6817
5.85483	23.7252
5.85696	23.7687
5.85737	23.8122
5.85767	23.8556
5.85838	23.8991
5.85925	23.9426
5.85973	23.9861
5.8604	24.0295
5.86112	24.0712
5.86339	24.1129
5.86477	24.1545
5.86625	24.1962
5.86754	24.2379
5.86907	24.2795
5.8696	24.3212
5.87027	24.3629
5.88218	24.4045
5.88371	24.4462
5.88498	24.4879
5.88646	24.5295
5.88778	24.5712
5.88908	24.6129
5.89045	24.6545
5.89185	24.6962
5.89326	24.7379
5.89388	24.7795
5.89533	24.8212
5.89604	24.8629
5.89668	24.9045
5.89739	24.9462
5.89823	24.9879
5.89875	25.0295
5.89949	25.0695
5.90015	25.1095
5.90102	25.1495
5.90211	25.1895
5.90309	25.2295
5.90354	25.2695
5.90421	25.3095
5.90494	25.3495
5.90819	25.3895
5.90838	25.4295
5.9085	25.4695
5.90892	25.5095
5.90924	25.5495
5.90986	25.5895
5.91059	25.6295
5.91142	25.6695
5.91265	25.7095
5.91345	25.7495
5.91407	25.7895
5.91475	25.8295
5.91543	25.8695
5.91612	25.9095
5.91688	25.9495
5.91776	25.9895
5.91836	26.0295
5.91979	26.068
5.92033	26.1065
5.92098	26.1449
5.92167	26.1834
5.923	26.2218
5.92467	26.2603
5.92602	26.2988
5.92647	26.3372
5.93541	26.3757
5.93581	26.4142
5.93823	26.4526
5.93874	26.4911
5.93966	26.5295
5.94125	26.568
5.9426	26.6065
5.9431	26.6449
5.94549	26.6834
5.94622	26.7218
5.94669	26.7603
5.94797	26.7988
5.94931	26.8372
5.95073	26.8757
5.95205	26.9142
5.95376	26.9526
5.95491	26.9911
5.95569	27.0295
5.95629	27.0666
5.95759	27.1036
5.95899	27.1407
5.96035	27.1777
5.96199	27.2147
5.96337	27.2518
5.96453	27.2888
5.96547	27.3258
5.97547	27.3629
5.97643	27.3999
5.97703	27.4369
5.97712	27.474
5.97796	27.511
5.98066	27.5481
5.98193	27.5851
5.98261	27.6221
5.98334	27.6592
5.98398	27.6962
5.98478	27.7332
5.98611	27.7703
5.98678	27.8073
5.98842	27.8444
5.98886	27.8814
5.99054	27.9184
5.99095	27.9555
5.99238	27.9925
5.99297	28.0295
5.9936	28.0653
5.99504	28.101
5.99591	28.1367
5.99661	28.1724
5.99708	28.2081
5.99776	28.2438
5.99867	28.2795
5.99916	28.3153
6.01777	28.351
6.0199	28.3867
6.02198	28.4224
6.02358	28.4581
6.02428	28.4938
6.02564	28.5295
6.02704	28.5653
6.02777	28.601
6.02862	28.6367
6.03001	28.6724
6.03046	28.7081
6.03217	28.7438
6.03342	28.7795
6.03388	28.8153
6.03524	28.851
6.03597	28.8867
6.03686	28.9224
6.03734	28.9581
6.03873	28.9938
6.03958	29.0295
6.04124	29.064
6.04192	29.0985
6.04309	29.133
6.04379	29.1675
6.04427	29.202
6.04527	29.2364
6.04633	29.2709
6.04771	29.3054
6.05506	29.3399
6.05556	29.3744
6.05698	29.4089
6.05761	29.4433
6.05905	29.4778
6.06039	29.5123
6.06175	29.5468
6.06315	29.5813
6.06384	29.6157
6.06458	29.6502
6.06608	29.6847
6.06815	29.7192
6.06864	29.7537
6.07003	29.7882
6.07137	29.8226
6.073	29.8571
6.07417	29.8916
6.07547	29.9261
6.07614	29.9606
6.07757	29.9951
6.07828	30.0295
6.07892	30.0629
6.08046	30.0962
6.08255	30.1295
6.08394	30.1629
6.08528	30.1962
6.08663	30.2295
6.08734	30.2629
6.0881	30.2962
6.09991	30.3295
6.10068	30.3629
6.10202	30.3962
6.1027	30.4295
6.10336	30.4629
6.10492	30.4962
6.10548	30.5295
6.1068	30.5629
6.1075	30.5962
6.10887	30.6295
6.11022	30.6629
6.11162	30.6962
6.11233	30.7295
6.11304	30.7629
6.11375	30.7962
6.1144	30.8295
6.11509	30.8629
6.11733	30.8962
6.11854	30.9295
6.11921	30.9629
6.12056	30.9962
6.12131	31.0295
6.12228	31.0618
6.12335	31.0941
6.12404	31.1263
6.12609	31.1586
6.12683	31.1908
6.12812	31.2231
6.12882	31.2553
6.13017	31.2876
6.14841	31.3199
6.14973	31.3521
6.15048	31.3844
6.15184	31.4166
6.15248	31.4489
6.15333	31.4812
6.15391	31.5134
6.15468	31.5457
6.15597	31.5779
6.15667	31.6102
6.15978	31.6424
6.15983	31.6747
6.15984	31.707
6.16021	31.7392
6.16082	31.7715
6.16174	31.8037
6.16218	31.836
6.16355	31.8683
6.16427	31.9005
6.16636	31.9328
6.16777	31.965
6.16841	31.9973
6.17045	32.0295
6.1714	32.0608
6.17184	16.0304
6.17324	16.0929
6.17388	16.1554
6.17459	16.2179
6.17597	16.2804
6.17664	16.3429
6.17805	16.4054
6.19195	16.4679
6.1934	16.5304
6.19545	16.5929
6.19766	16.6554
6.19927	16.7179
6.19955	16.7804
6.20093	16.8429
6.20259	16.9054
6.20382	16.9679
6.20588	17.0304
6.20659	17.0892
6.20788	17.148
6.20925	17.2069
6.21065	17.2657
6.21151	17.3245
6.21199	17.3833
6.21265	17.4422
6.21336	17.501
6.21467	17.5598
6.21548	17.6186
6.21639	17.6775
6.21752	17.7363
6.21887	17.7951
6.21955	17.8539
6.22114	17.9127
6.23766	17.9716
6.23976	18.0304
6.24109	18.086
6.24194	18.1415
6.24316	18.1971
6.2439	18.2526
6.24521	18.3082
6.24595	18.3637
6.24736	18.4193
6.24883	18.4748
6.25014	18.5304
6.25141	18.586
6.25284	18.6415
6.25367	18.6971
6.25489	18.7526
6.25647	18.8082
6.25693	18.8637
6.27931	18.9193
6.28014	18.9748
6.28073	19.0304
6.28205	19.083
6.28349	19.1357
6.28422	19.1883
6.28494	19.2409
6.2864	19.2936
6.28761	19.3462
6.28966	19.3988
6.29033	19.4514
6.29104	19.5041
6.29175	19.5567
6.29309	19.6093
6.29402	19.662
6.29452	19.7146
6.29515	19.7672
6.29651	19.8199
6.32568	19.8725
6.32737	19.9251
6.32895	19.9778
6.33033	20.0304
6.33243	20.0804
6.33368	20.1304
6.3373	20.1804
6.33779	20.2304
6.34006	20.2804
6.34136	20.3304
6.3419	20.3804
6.34286	20.4304
6.34406	20.4804
6.3453	20.5304
6.34677	20.5804
6.34817	20.6304
6.34965	20.6804
6.3503	20.7304
6.3516	20.7804
6.37351	20.8304
6.37691	20.8804
6.37847	20.9304
6.38065	20.9804
6.38175	21.0304
6.38269	21.078
6.38387	21.1256
6.38559	21.1733
6.38662	21.2209
6.388	21.2685
6.38868	21.3161
6.38935	21.3637
6.39001	21.4113
6.39073	21.459
6.39215	21.5066
6.3928	21.5542
6.39418	21.6018
6.39489	21.6494
6.39658	21.6971
6.39708	21.7447
6.41493	21.7923
6.4163	21.8399
6.41719	21.8875
6.41925	21.9352
6.42049	21.9828
6.42125	22.0304
6.42185	22.0759
6.42344	22.1213
6.42485	22.1668
6.42553	22.2122
6.42708	22.2577
6.42763	22.3031
6.42832	22.3486
6.42977	22.394
6.43037	22.4395
6.43134	22.4849
6.43199	22.5304
6.43327	22.5759
6.4338	22.6213
6.43532	22.6668
6.43657	22.7122
6.44045	22.7577
6.44131	22.8031
6.44272	22.8486
6.44337	22.894
6.4447	22.9395
6.44685	22.9849
6.4482	23.0304
6.44885	23.0739
6.45104	23.1174
6.4535	23.1608
6.45569	23.2043
6.45708	23.2478
6.45849	23.2913
6.45984	23.3347
6.46053	23.3782
6.46139	23.4217
6.46207	23.4652
6.46333	23.5087
6.46419	23.5521
6.46468	23.5956
6.46541	23.6391
6.46607	23.6826
6.4771	23.726
6.47715	23.7695
6.47862	23.813
6.48005	23.8565
6.48131	23.9
6.48201	23.9434
6.48338	23.9869
6.48492	24.0304
6.48609	24.0721
6.48746	24.1137
6.48901	24.1554
6.49027	24.1971
6.4917	24.2387
6.49303	24.2804
6.49442	24.3221
6.4958	24.3637
6.4969	24.4054
6.49719	24.4471
6.49795	24.4887
6.49857	24.5304
6.49927	24.5721
6.49995	24.6137
6.50063	24.6554
6.50826	24.6971
6.50864	24.7387
6.50869	24.7804
6.50968	24.8221
6.50979	24.8637
6.51002	24.9054
6.51051	24.9471
6.51122	24.9887
6.51209	25.0304
6.51258	25.0704
6.51341	25.1104
6.5142	25.1504
6.51487	25.1904
6.51536	25.2304
6.51607	25.2704
6.51671	25.3104
6.5175	25.3504
6.51814	25.3904
6.51873	25.4304
6.51956	25.4704
6.52012	25.5104
6.52084	25.5504
6.52159	25.5904
6.52286	25.6304
6.5419	25.6704
6.54334	25.7104
6.54516	25.7504
6.54789	25.7904
6.54927	25.8304
6.55064	25.8704
6.55207	25.9104
6.55345	25.9504
6.555	25.9904
6.55712	26.0304
6.55885	26.0689
6.56003	26.1073
6.56059	26.1458
6.56135	26.1842
6.56318	26.2227
6.56419	26.2612
6.56584	26.2996
6.56693	26.3381
6.56826	26.3765
6.57086	26.415
6.57195	26.4535
6.57279	26.4919
6.5733	26.5304
6.57393	26.5689
6.57518	26.6073
6.58708	26.6458
6.58744	26.6842
6.5875	26.7227
6.5884	26.7612
6.58883	26.7996
6.58961	26.8381
6.59094	26.8765
6.5914	26.915
6.59342	26.9535
6.59789	26.9919
6.59899	27.0304
6.6005	27.0674
6.60189	27.1045
6.60447	27.1415
6.60586	27.1785
6.60721	27.2156
6.60808	27.2526
6.60866	27.2897
6.6108	27.3267
6.61272	27.3637
6.61472	27.4008
6.61556	27.4378
6.61609	27.4748
6.61748	27.5119
6.6182	27.5489
6.61902	27.586
6.62903	27.623
6.62965	27.66
6.63114	27.6971
6.63297	27.7341
6.63509	27.7711
6.63638	27.8082
6.63708	27.8452
6.63788	27.8822
6.6385	27.9193
6.63918	27.9563
6.63981	27.9934
6.64051	28.0304
6.64123	28.0661
6.64196	28.1018
6.64261	28.1375
6.64325	28.1733
6.64398	28.209
6.64469	28.2447
6.64612	28.2804
6.64765	28.3161
6.64841	28.3518
6.6498	28.3875
6.65026	28.4233
6.65088	28.459
6.65202	28.4947
6.65302	28.5304
6.65424	28.5661
6.67302	28.6018
6.67444	28.6375
6.67606	28.6733
6.67643	28.709
6.67786	28.7447
6.6793	28.7804
6.68015	28.8161
6.68145	28.8518
6.68206	28.8875
6.68271	28.9233
6.68413	28.959
6.68513	28.9947
6.68576	29.0304
6.6862	29.0649
6.6884	29.0994
6.68974	29.1338
6.69028	29.1683
6.69097	29.2028
6.69166	29.2373
6.69331	29.2718
6.6939	29.3063
6.69464	29.3407
6.69581	29.3752
6.69741	29.4097
6.69788	29.4442
6.69855	29.4787
6.69921	29.5132
6.69997	29.5476
6.71604	29.5821
6.71671	29.6166
6.71808	29.6511
6.71879	29.6856
6.72016	29.7201
6.72088	29.7545
6.72152	29.789
6.72222	29.8235
6.72358	29.858
6.72428	29.8925
6.72524	29.9269
6.72721	29.9614
6.72842	29.9959
6.72912	30.0304
6.73051	30.0637
6.73119	30.0971
6.73249	30.1304
6.73388	30.1637
6.73459	30.1971
6.73532	30.2304
6.73662	30.2637
6.73806	30.2971
6.73872	30.3304
6.74102	30.3637
6.74216	30.3971
6.74352	30.4304
6.74564	30.4637
6.74833	30.4971
6.75142	30.5304
6.76257	30.5637
6.76401	30.5971
6.76605	30.6304
6.76761	30.6637
6.76927	30.6971
6.76954	30.7304
6.77028	30.7637
6.77092	30.7971
6.77166	30.8304
6.77232	30.8637
6.77368	30.8971
6.77508	30.9304
6.77715	30.9637
6.778	30.9971
6.77849	31.0304
6.77933	31.0627
6.77989	31.0949
6.78057	31.1272
6.78123	31.1594
6.78197	31.1917
6.78286	31.2239
6.78333	31.2562
6.7847	31.2885
6.78537	31.3207
6.78675	31.353
6.78811	31.3852
6.78878	31.4175
6.79022	31.4498
6.79438	31.482
6.79644	31.5143
6.80819	31.5465
6.80888	31.5788
6.80952	31.611
6.81036	31.6433
6.81586	31.6756
6.81722	31.7078
6.81866	31.7401
6.81965	31.7723
6.82008	31.8046
6.82077	31.8368
6.82149	31.8691
6.82353	31.9014
6.82494	31.9336
6.8256	31.9659
6.82625	31.9981
6.82703	32.0304
6.82762	32.0616
6.82836	32.0929
6.82902	32.1241
6.82974	32.1554
6.83041	32.1866
6.83272	32.2179
6.83458	32.2491
6.83524	32.2804
6.83663	32.3116
6.83726	32.3429
6.83798	32.3741
6.83868	32.4054
6.83945	32.4366
6.84074	32.4679
6.84216	32.4991
6.84704	32.5304
6.84914	32.5616
6.8498	32.5929
6.85051	32.6241
6.85217	32.6554
6.85324	32.6866
6.85465	32.7179
6.85675	32.7491
6.85805	32.7804
6.85878	32.8116
6.85946	32.8429
6.86016	32.8741
6.86087	32.9054
6.86293	32.9366
6.86452	32.9679
6.86566	32.9991
6.86772	33.0304
6.86911	33.0607
6.87001	33.091
6.87115	33.1213
6.872	33.1516
6.87329	33.1819
6.87394	33.2122
6.87551	33.2425
6.87666	33.2728
6.87742	33.3031
6.87812	33.3334
6.8789	33.3637
6.87949	33.394
6.88017	33.4243
6.88089	33.4546
6.88158	33.4849
6.88963	33.5152
6.88988	33.5455
6.89018	33.5759
6.89094	33.6062
6.8916	33.6365
6.89294	33.6668
6.89424	33.6971
6.8958	33.7274
6.89651	33.7577
6.89794	33.788
6.89858	33.8183
6.89925	33.8486
6.89992	33.8789
6.90067	33.9092
6.90135	33.9395
6.90198	33.9698
6.90267	34.0001
6.90338	34.0295
6.90477	34.0589
6.90546	34.0883
6.90687	34.1177
6.9082	34.1472
6.90886	34.1766
6.91036	34.206
6.91174	34.2354
6.91305	34.2648
6.91367	34.2942
6.91507	34.3236
6.91576	34.353
6.91644	34.3824
6.9178	34.4119
6.91863	34.4413
6.92029	34.4707
6.94283	34.5001
6.94371	34.5295
6.94438	34.5589
6.94513	34.5883
6.9458	34.6177
6.94666	34.6472
6.94716	34.6766
6.94791	34.706
6.94858	34.7354
6.94932	34.7648
6.94999	34.7942
6.95081	34.8236
6.95141	34.853
6.95211	34.8824
6.95343	34.9119
6.95482	34.9413
6.95621	34.9707
6.95758	35.0001
6.96105	35.0287
6.9618	35.0572
6.96309	35.0858
6.96779	35.1144
6.96914	35.1429
6.97125	35.1715
6.97256	35.2001
6.97412	35.2287
6.97483	35.2572
6.97553	35.2858
6.97671	35.3144
6.97746	35.3429
6.97811	35.3715
6.97877	35.4001
6.97944	35.4287
6.98016	35.4572
7.00242	35.4858
7.00308	35.5144
7.00404	35.5429
7.00448	35.5715
7.00542	35.6001
7.00654	35.6287
7.00659	35.6572
7.00719	35.6858
7.00787	35.7144
7.0086	35.7429
7.01153	35.7715
7.0144	35.8001
7.01661	35.8287
7.0186	35.8572
7.01937	35.8858
7.02039	35.9144
7.02133	35.9429
7.02245	35.9715
7.02289	36.0001
7.02329	36.0279
7.02351	36.0556
7.02413	36.0834
7.02487	36.1112
7.02659	36.139
7.02707	36.1668
7.02892	36.1945
7.02922	36.2223
7.02956	36.2501
7.03001	36.2779
7.03085	36.3056
7.03128	36.3334
7.03203	36.3612
7.03255	36.389
7.03393	36.4168
7.03536	36.4445
7.05321	36.4723
7.05454	36.5001
7.05566	36.5279
7.05635	36.5556
7.05711	36.5834
7.0592	36.6112
7.05986	36.639
7.06067	36.6668
7.06136	36.6945
7.06237	36.7223
7.06261	36.7501
7.06333	36.7779
7.06404	36.8056
7.06475	36.8334
7.06538	36.8612
7.06607	36.889
7.06678	36.9168
7.06748	36.9445
7.06814	36.9723
7.06883	37.0001
7.06951	37.0271
7.07028	37.0541
7.07094	37.0812
7.07166	37.1082
7.07232	37.1352
7.07301	37.1623
7.07387	37.1893
7.07455	37.2163
7.07556	37.2433
7.07696	37.2704
7.07753	37.2974
7.07862	37.3244
7.07916	37.3514
7.07993	37.3785
7.08096	37.4055
7.08185	37.4325
7.10583	37.4596
7.10619	37.4866
7.10781	37.5136
7.10823	37.5406
7.10896	37.5677
7.11037	37.5947
7.1111	37.6217
7.11173	37.6487
7.11254	37.6758
7.11321	37.7028
7.11393	37.7298
7.11465	37.7568
7.11537	37.7839
7.11603	37.8109
7.11729	37.8379
7.11813	37.865
7.11955	37.892
7.12002	37.919
7.12102	37.946
7.12143	37.9731
7.12245	38.0001
7.12367	38.0264
7.12511	38.0527
7.12579	38.079
7.12715	38.1054
7.12786	38.1317
7.129	38.158
7.12968	38.1843
7.13037	38.2106
7.13104	38.2369
7.13241	38.2633
7.13402	38.2896
7.13536	38.3159
7.13585	38.3422
7.13659	38.3685
7.13799	38.3948
7.14018	38.4211
7.15613	38.4475
7.15663	38.4738
7.15733	38.5001
7.15802	38.5264
7.15875	38.5527
7.15962	38.579
7.16082	38.6054
7.1632	38.6317
7.16515	38.658
7.16875	38.6843
7.16882	38.7106
7.16947	38.7369
7.17008	38.7633
7.17215	38.7896
7.17355	38.8159
7.17425	38.8422
7.17493	38.8685
7.1757	38.8948
7.17636	38.9211
7.17773	38.9475
7.17838	38.9738
7.1791	39.0001
7.1798	39.0257
7.18046	39.0514
7.18114	39.077
7.18181	39.1027
7.18248	39.1283
7.18332	39.1539
7.18389	39.1796
7.18454	39.2052
7.18525	39.2309
7.18599	39.2565
7.18667	39.2821
7.18738	39.3078
7.18808	39.3334
7.18872	39.3591
7.19007	39.3847
7.19216	39.4103
7.22346	39.436
7.22765	39.4616
7.22786	39.4873
7.2281	39.5129
7.22853	39.5386
7.22883	39.5642
7.22934	39.5898
7.22972	39.6155
7.2308	39.6411
7.23116	39.6668
7.23179	39.6924
7.23394	39.718
7.23528	39.7437
7.23659	39.7693
7.23822	39.795
7.23932	39.8206
7.24163	39.8462
7.24212	39.8719
7.24353	39.8975
7.24487	39.9232
7.24644	39.9488
7.24707	39.9745
7.24763	40.0001
7.24899	40.0251
7.25044	40.0501
7.2511	40.0751
7.25172	40.1001
7.2531	40.1251
7.25384	40.1501
7.25454	40.1751
7.25546	40.2001
7.25583	40.2251
7.25659	40.2501
7.25726	40.2751
7.25798	40.3001
7.25861	40.3251
7.25931	40.3501
7.26073	40.3751
7.26139	40.4001
7.27283	40.4251
7.27297	40.4501
7.27352	40.4751
7.27392	40.5001
7.27482	40.5251
7.27536	40.5501
7.27551	40.5751
7.27623	40.6001
7.27707	40.6251
7.27795	40.6501
7.27859	40.6751
7.27917	40.7001
7.28009	40.7251
7.28068	40.7501
7.28179	40.7751
7.28238	40.8001
7.28292	40.8251
7.28322	40.8501
7.28443	40.8751
7.28496	40.9001
7.28585	40.9251
7.28637	40.9501
7.28723	40.9751
7.2879	41.0001
7.28857	41.0245
7.28927	41.0489
7.28984	41.0733
7.29049	41.0977
7.29138	41.122
7.29195	41.1464
7.29413	41.1708
7.29605	41.1952
7.29665	41.2196
7.29776	41.244
7.29996	41.2684
7.30117	41.2928
7.30186	41.3172
7.30273	41.3416
7.30327	41.3659
7.30467	41.3903
7.31598	41.4147
7.3169	41.4391
7.3183	41.4635
7.32038	41.4879
7.32172	41.5123
7.32313	41.5367
7.32449	41.5611
7.3266	41.5855
7.32768	41.6098
7.32796	41.6342
7.32933	41.6586
7.32994	41.683
7.33067	41.7074
7.332	41.7318
7.33341	41.7562
7.33473	41.7806
7.33615	41.805
7.33758	41.8294
7.33826	41.8538
7.34018	41.8781
7.34199	41.9025
7.34433	41.9269
7.345	41.9513
7.34639	41.9757
7.34697	42.0001
7.34883	42.0239
7.3499	42.0477
7.35184	42.0715
7.35225	42.0953
7.35288	42.1191
7.35355	42.1429
7.35435	42.1668
7.35517	42.1906
7.35572	42.2144
7.35651	42.2382
7.35694	42.262
7.35772	42.2858
7.35837	42.3096
7.35919	42.3334
7.35973	42.3572
7.36115	42.381
7.36761	42.4049
7.36795	42.4287
7.36862	42.4525
7.3693	42.4763
7.37067	42.5001
7.3722	42.5239
7.37304	42.5477
7.37483	42.5715
7.3772	42.5953
7.37764	42.6191
7.37826	42.6429
7.38037	42.6668
7.38172	42.6906
7.3831	42.7144
7.38459	42.7382
7.38526	42.762
7.38661	42.7858
7.38787	42.8096
7.38892	42.8334
7.38944	42.8572
7.39097	42.881
7.3921	42.9049
7.39306	42.9287
7.39449	42.9525
7.39501	42.9763
7.39626	43.0001
7.39704	43.0233
7.39769	43.0466
7.3984	43.0699
7.39975	43.0931
7.40074	43.1164
7.40119	43.1396
7.40186	43.1629
7.40257	43.1861
7.40317	43.2094
7.4043	43.2327
7.40502	43.2559
7.40579	43.2792
7.40622	43.3024
7.40686	43.3257
7.40808	43.3489
7.40907	43.3722
7.41417	43.3954
7.41482	43.4187
7.41572	43.442
7.41611	43.4652
7.41784	43.4885
7.41837	43.5117
7.41991	43.535
7.42029	43.5582
7.42102	43.5815
7.42174	43.6047
7.42311	43.628
7.42394	43.6513
7.42458	43.6745
7.42518	43.6978
7.42653	43.721
7.43065	43.7443
7.4324	43.7675
7.43268	43.7908
7.43399	43.814
7.43571	43.8373
7.43597	43.8606
7.43667	43.8838
7.43912	43.9071
7.44028	43.9303
7.44247	43.9536
7.4437	43.9768
7.44504	44.0001
7.44641	44.0228
7.44779	22.0114
7.44847	22.0569
7.44984	22.1023
7.45217	22.1478
7.45332	22.1932
7.4547	22.2387
7.45609	22.2841
7.45751	22.3296
7.45907	22.375
7.45927	22.4205
7.46073	22.466
7.46196	22.5114
7.46334	22.5569
7.46401	22.6023
7.46618	22.6478
7.47135	22.6932
7.47212	22.7387
7.47253	22.7841
7.47314	22.8296
7.47354	22.875
7.47455	22.9205
7.47629	22.966
7.47716	23.0114
7.47754	23.0549
7.4777	23.0984
7.47783	23.1418
7.4781	23.1853
7.47828	23.2288
7.47846	23.2723
7.47857	23.3158
7.47909	23.3592
7.47922	23.4027
7.4802	23.4462
7.48082	23.4897
7.48257	23.5331
7.48328	23.5766
7.48394	23.6201
7.48557	23.6636
7.4859	23.7071
7.48708	23.7505
7.48841	23.794
7.49049	23.8375
7.49186	23.881
7.4927	23.9245
7.51491	23.9679
7.51557	24.0114
7.516	24.0531
7.5167	24.0947
7.51739	24.1364
7.51881	24.1781
7.51947	24.2197
7.52016	24.2614
7.52155	24.3031
7.52361	24.3447
7.52463	24.3864
7.52534	24.4281
7.52589	24.4697
7.5265	24.5114
7.52714	24.5531
7.52771	24.5947
7.52839	24.6364
7.52908	24.6781
7.52985	24.7197
7.53045	24.7614
7.53121	24.8031
7.53188	24.8447
7.53256	24.8864
7.54488	24.9281
7.54623	24.9697
7.54762	25.0114
7.5483	25.0514
7.54967	25.0914
7.5511	25.1314
7.55318	25.1714
7.55452	25.2114
7.55589	25.2514
7.55721	25.2914
7.55861	25.3314
7.55932	25.3714
7.56073	25.4114
7.56138	25.4514
7.56296	25.4914
7.56559	25.5314
7.56691	25.5714
7.56747	25.6114
7.56911	25.6514
7.57054	25.6914
7.57202	25.7314
7.57242	25.7714
7.57375	25.8114
7.57499	25.8514
7.58828	25.8914
7.58893	25.9314
7.58972	25.9714
7.59034	26.0114
7.59111	26.0499
7.59221	26.0883
7.59334	26.1268
7.59396	26.1653
7.5946	26.2037
7.59554	26.2422
7.596	26.2806
7.59698	26.3191
7.59778	26.3576
7.59872	26.396
7.59929	26.4345
7.59998	26.4729
7.60093	26.5114
7.60186	26.5499
7.60278	26.5883
7.60339	26.6268
7.60416	26.6653
7.60474	26.7037
7.60546	26.7422
7.6061	26.7806
7.60683	26.8191
7.61841	26.8576
7.61982	26.896
7.62292	26.9345
7.62491	26.9729
7.62571	27.0114
7.62765	27.0484
7.62834	27.0855
7.63412	27.1225
7.63552	27.1596
7.63688	27.1966
7.63803	27.2336
7.64044	27.2707
7.64095	27.3077
7.64212	27.3447
7.64359	27.3818
7.64486	27.4188
7.64623	27.4559
7.64764	27.4929
7.64903	27.5299
7.65118	27.567
7.65171	27.604
7.65373	27.641
7.65719	27.6781
7.65859	27.7151
7.66111	27.7522
7.66213	27.7892
7.66884	27.8262
7.66923	27.8633
7.66938	27.9003
7.67003	27.9373
7.6704	27.9744
7.67052	28.0114
7.67078	28.0471
7.67124	28.0828
7.67203	28.1186
7.67276	28.1543
7.67288	28.19
7.67313	28.2257
7.67338	28.2614
7.67416	28.2971
7.67479	28.3328
7.67549	28.3686
7.67616	28.4043
7.67681	28.44
7.67759	28.4757
7.67849	28.5114
7.67892	28.5471
7.67963	28.5828
7.68031	28.6186
7.68099	28.6543
7.68163	28.69
7.68344	28.7257
7.6837	28.7614
7.70985	28.7971
7.71023	28.8328
7.71108	28.8686
7.71225	28.9043
7.71361	28.94
7.71573	28.9757
7.71579	29.0114
7.71706	29.0459
7.71851	29.0804
7.72049	29.1149
7.72208	29.1493
7.72326	29.1838
7.72533	29.2183
7.72686	29.2528
7.72759	29.2873
7.72808	29.3218
7.72878	29.3562
7.72942	29.3907
7.73037	29.4252
7.73102	29.4597
7.73153	29.4942
7.73221	29.5287
7.73292	29.5631
7.73362	29.5976
7.73425	29.6321
7.73494	29.6666
7.7356	29.7011
7.73638	29.7355
7.74477	29.77
7.74578	29.8045
7.7464	29.839
7.74708	29.8735
7.74824	29.908
7.74965	29.9424
7.75019	29.9769
7.75112	30.0114
7.75196	30.0447
7.75271	30.0781
7.7533	30.1114
7.75475	30.1447
7.75607	30.1781
7.7574	30.2114
7.75885	30.2447
7.76036	30.2781
7.76158	30.3114
7.76295	30.3447
7.76435	30.3781
7.76568	30.4114
7.76927	30.4447
7.7705	30.4781
7.77215	30.5114
7.77328	30.5447
7.77461	30.5781
7.77615	30.6114
7.77808	30.6447
7.77943	30.6781
7.7808	30.7114
7.79005	30.7447
7.79126	30.7781
7.79216	30.8114
7.7933	30.8447
7.79469	30.8781
7.79612	30.9114
7.79741	30.9447
7.79827	30.9781
7.79953	31.0114
7.8009	31.0437
7.80164	31.0759
7.80317	31.1082
7.80497	31.1404
7.80646	31.1727
7.80771	31.205
7.80915	31.2372
7.81046	31.2695
7.81196	31.3017
7.81264	31.334
7.81362	31.3662
7.81406	31.3985
7.81486	31.4308
7.81574	31.463
7.81633	31.4953
7.81696	31.5275
7.81754	31.5598
7.81834	31.5921
7.81911	31.6243
7.81987	31.6566
7.82035	31.6888
7.82428	31.7211
7.82437	31.7533
7.82456	31.7856
7.82474	31.8179
7.82487	31.8501
7.82584	31.8824
7.82642	31.9146
7.82715	31.9469
7.83038	31.9792
7.8315	32.0114
7.83383	32.0427
7.8341	32.0739
7.83707	32.1052
7.84218	32.1364
7.84345	32.1677
7.84473	32.1989
7.84699	32.2302
7.85016	32.2614
7.85225	32.2927
7.85395	32.3239
7.85572	32.3552
7.85637	32.3864
7.85776	32.4177
7.85838	32.4489
7.85983	32.4802
7.86062	32.5114
7.86183	32.5427
7.86255	32.5739
7.86406	32.6052
7.86528	32.6364
7.86605	32.6677
7.87392	32.6989
7.87506	32.7302
7.87646	32.7614
7.87801	32.7927
7.87848	32.8239
7.87991	32.8552
7.8807	32.8864
7.88127	32.9177
7.88213	32.9489
7.88268	32.9802
7.88343	33.0114
7.88408	33.0417
7.88497	33.072
7.88576	33.1023
7.88631	33.1326
7.88702	33.1629
7.88761	33.1932
7.88824	33.2235
7.88894	33.2538
7.88965	33.2841
7.89037	33.3144
7.89105	33.3447
7.89189	33.375
7.89236	33.4053
7.89321	33.4357
7.89445	33.466
7.89468	33.4963
7.89532	33.5266
7.89633	33.5569
7.89802	33.5872
7.89934	33.6175
7.90008	33.6478
7.9127	33.6781
7.91408	33.7084
7.91467	33.7387
7.91601	33.769
7.91754	33.7993
7.91874	33.8296
7.92016	33.8599
7.92154	33.8902
7.92283	33.9205
7.92353	33.9508
7.92423	33.9811
7.92565	34.0114
7.92695	34.0408
7.92768	34.0702
7.92914	34.0996
7.93043	34.1291
7.93181	34.1585
7.93325	34.1879
7.93465	34.2173
7.93597	34.2467
7.93669	34.2761
7.93736	34.3055
7.93804	34.3349
7.94082	34.3644
7.94216	34.3938
7.94295	34.4232
7.94362	34.4526
7.94452	34.482
7.94628	34.5114
7.94702	34.5408
7.94772	34.5702
7.94836	34.5996
7.94906	34.6291
7.95248	34.6585
7.95263	34.6879
7.95284	34.7173
7.95295	34.7467
7.95318	34.7761
7.95407	34.8055
7.95471	34.8349
7.95495	34.8644
7.95551	34.8938
7.95617	34.9232
7.95683	34.9526
7.95757	34.982
7.95822	35.0114
7.95894	35.04
7.95967	35.0686
7.96032	35.0971
7.96102	35.1257
7.96171	35.1543
7.96239	35.1828
7.96308	35.2114
7.96378	35.24
7.9645	35.2686
7.96522	35.2971
7.96653	35.3257
7.96865	35.3543
7.97138	35.3828
7.97274	35.4114
7.97551	35.44
7.97756	35.4686
7.97992	35.4971
7.98232	35.5257
7.98374	35.5543
7.98508	35.5828
7.98647	35.6114
7.9902	35.64
7.9905	35.6686
7.99143	35.6971
7.99278	35.7257
7.99347	35.7543
7.99417	35.7828
7.99556	35.8114
7.99846	35.84
7.99911	35.8686
8.0007	35.8971
8.00193	35.9257
8.0027	35.9543
8.00334	35.9828
8.00399	36.0114
8.00502	36.0392
8.00535	36.067
8.00603	36.0947
8.00671	36.1225
8.0074	36.1503
8.00816	36.1781
8.00884	36.2059
8.00956	36.2336
8.0102	36.2614
8.01092	36.2892
8.01173	36.317
8.0125	36.3447
8.01295	36.3725
8.01358	36.4003
8.01517	36.4281
8.01587	36.4559
8.01763	36.4836
8.01818	36.5114
8.01947	36.5392
8.02009	36.567
8.02079	36.5947
8.02524	36.6225
8.02538	36.6503
8.02598	36.6781
8.02634	36.7059
8.02683	36.7336
8.02696	36.7614
8.02728	36.7892
8.02742	36.817
8.02793	36.8447
8.02931	36.8725
8.03089	36.9003
8.03352	36.9281
8.03489	36.9559
8.03653	36.9836
8.03767	37.0114
8.03915	37.0384
8.04031	37.0655
8.04177	37.0925
8.04308	37.1195
8.04451	37.1465
8.04519	37.1736
8.0474	37.2006
8.04803	37.2276
8.0486	37.2547
8.04998	37.2817
8.05152	37.3087
8.05269	37.3357
8.0534	37.3628
8.05567	37.3898
8.05773	37.4168
8.05841	37.4438
8.05899	37.4709
8.05972	37.4979
8.06126	37.5249
8.06186	37.552
8.06239	37.579
8.06718	37.606
8.0681	37.633
8.07039	37.6601
8.07098	37.6871
8.07162	37.7141
8.07224	37.7411
8.07303	37.7682
8.07368	37.7952
8.0745	37.8222
8.07501	37.8492
8.07569	37.8763
8.0764	37.9033
8.07705	37.9303
8.07773	37.9574
8.07839	37.9844
8.07916	38.0114
8.0798	38.0377
8.08059	38.064
8.08116	38.0904
8.08203	38.1167
8.08285	38.143
8.08351	38.1693
8.08395	38.1956
8.08463	38.2219
8.08528	38.2483
8.086	38.2746
8.08739	38.3009
8.08892	38.3272
8.08943	38.3535
8.09012	38.3798
8.09173	38.4061
8.09294	38.4325
8.09432	38.4588
8.09568	38.4851
8.09728	38.5114
8.09847	38.5377
8.09923	38.564
8.10597	38.5904
8.10623	38.6167
8.1068	38.643
8.10747	38.6693
8.1082	38.6956
8.10887	38.7219
8.10959	38.7483
8.11026	38.7746
8.11092	38.8009
8.11162	38.8272
8.11263	38.8535
8.11301	38.8798
8.11392	38.9061
8.11439	38.9325
8.11506	38.9588
8.11577	38.9851
8.11676	39.0114
8.11709	39.0371
8.11812	39.0627
8.11863	39.0883
8.11921	39.114
8.1201	39.1396
8.12056	39.1653
8.12125	39.1909
8.1222	39.2165
8.12347	39.2422
8.12475	39.2678
8.1254	39.2935
8.12608	39.3191
8.12677	39.3447
8.12811	39.3704
8.12954	39.396
8.13019	39.4217
8.13182	39.4473
8.13308	39.4729
8.13431	39.4986
8.13712	39.5242
8.13912	39.5499
8.14961	39.5755
8.15098	39.6012
8.15244	39.6268
8.15305	39.6524
8.15441	39.6781
8.15578	39.7037
8.15671	39.7294
8.15782	39.755
8.15948	39.7806
8.16002	39.8063
8.16127	39.8319
8.16199	39.8576
8.16293	39.8832
8.16405	39.9088
8.16472	39.9345
8.16553	39.9601
8.16616	39.9858
8.1675	40.0114
8.16823	40.0364
8.16893	40.0614
8.16958	40.0864
8.17027	40.1114
8.17146	40.1364
8.17185	40.1614
8.17232	40.1864
8.17303	40.2114
8.17372	40.2364
8.17441	40.2614
8.17511	40.2864
8.17606	40.3114
8.17672	40.3364
8.17716	40.3614
8.17786	40.3864
8.17859	40.4114
8.17923	40.4364
8.1799	40.4614
8.18059	40.4864
8.18134	40.5114
8.18194	40.5364
8.19114	40.5614
8.19206	40.5864
8.19267	40.6114
8.193	40.6364
8.19318	40.6614
8.19354	40.6864
8.19382	40.7114
8.19399	40.7364
8.19424	40.7614
8.19428	40.7864
8.19466	40.8114
8.19606	40.8364
8.19809	40.8614
8.19952	40.8864
8.20158	40.9114
8.20291	40.9364
8.20429	40.9614
8.20572	40.9864
8.20705	41.0114
8.20846	41.0358
8.20915	41.0602
8.21068	41.0846
8.2126	41.109
8.21396	41.1334
8.21535	41.1578
8.2209	41.1821
8.22273	41.2065
8.22496	41.2309
8.22703	41.2553
8.22848	41.2797
8.22907	41.3041
8.22976	41.3285
8.23048	41.3529
8.2312	41.3773
8.23184	41.4017
8.23257	41.426
8.23337	41.4504
8.234	41.4748
8.23544	41.4992
8.23597	41.5236
8.24269	41.548
8.24298	41.5724
8.24317	41.5968
8.24322	41.6212
8.24325	41.6456
8.24353	41.6699
8.24404	41.6943
8.2441	41.7187
8.24433	41.7431
8.2445	41.7675
8.24522	41.7919
8.24583	41.8163
8.24624	41.8407
8.24642	41.8651
8.24663	41.8895
8.2473	41.9138
8.24801	41.9382
8.24865	41.9626
8.24936	41.987
8.25007	42.0114
8.25078	42.0352
8.25143	42.059
8.25211	42.0828
8.25295	42.1066
8.25353	42.1305
8.25425	42.1543
8.25491	42.1781
8.25583	42.2019
8.25628	42.2257
8.25702	42.2495
8.25765	42.2733
8.25836	42.2971
8.25903	42.3209
8.26045	42.3447
8.26114	42.3686
8.2619	21.1843
8.26318	21.2319
8.26402	21.2795
8.26524	21.3271
8.26744	21.3748
8.26815	21.4224
8.28807	21.47
8.28824	21.5176
8.28893	21.5652
8.29026	21.6128
8.29114	21.6605
8.29147	21.7081
8.29192	21.7557
8.29264	21.8033
8.29329	21.8509
8.29429	21.8986
8.29458	21.9462
8.29542	21.9938
8.29609	22.0414
8.29673	22.0869
8.29764	22.1323
8.29815	22.1778
8.29882	22.2232
8.2995	22.2687
8.30083	22.3141
8.30156	22.3596
8.30239	22.4051
8.30308	22.4505
8.30362	22.496
8.30434	22.5414
8.30499	22.5869
8.30571	22.6323
8.30642	22.6778
8.30709	22.7232
8.30781	22.7687
8.30869	22.8141
8.30913	22.8596
8.3102	22.9051
8.31083	22.9505
8.31171	22.996
8.31281	23.0414
8.31316	23.0849
8.34187	23.1284
8.34322	23.1719
8.34468	23.2153
8.34537	23.2588
8.34671	23.3023
8.34742	23.3458
8.34811	23.3892
8.34888	23.4327
8.3495	23.4762
8.35083	23.5197
8.35224	23.5632
8.35308	23.6066
8.35435	23.6501
8.35492	23.6936
8.35591	23.7371
8.35722	23.7805
8.35765	23.824
8.35922	23.8675
8.36038	23.911
8.36109	23.9545
8.36244	23.9979
8.3632	24.0414
8.36387	24.0831
8.37671	24.1248
8.37747	24.1664
8.3786	24.2081
8.37968	24.2498
8.38038	24.2914
8.38103	24.3331
8.38153	24.3748
8.38226	24.4164
8.38305	24.4581
8.38492	24.4998
8.38555	24.5414
8.38696	24.5831
8.38831	24.6248
8.38902	24.6664
8.39043	24.7081
8.39104	24.7498
8.39268	24.7914
8.39345	24.8331
8.39403	24.8748
8.39486	24.9164
8.39538	24.9581
8.39606	24.9998
8.39699	25.0414
8.39749	25.0814
8.41969	25.1214
8.41999	25.1614
8.42089	25.2014
8.4223	25.2414
8.42369	25.2814
8.42524	25.3214
8.42636	25.3614
8.42778	25.4014
8.4285	25.4414
8.42916	25.4814
8.42982	25.5214
8.43076	25.5614
8.43125	25.6014
8.43197	25.6414
8.43476	25.6814
8.43512	25.7214
8.43649	25.7614
8.43719	25.8014
8.43861	25.8414
8.4392	25.8814
8.44059	25.9214
8.44134	25.9614
8.44223	26.0014
8.44337	26.0399
8.4444	26.0783
8.44677	26.1168
8.4469	26.1553
8.44731	26.1937
8.44768	26.2322
8.44791	26.2707
8.44847	26.3091
8.44899	26.3476
8.45045	26.386
8.45184	26.4245
8.4525	26.463
8.45345	26.5014
8.45385	26.5399
8.45464	26.5783
8.4556	26.6168
8.45597	26.6553
8.45872	26.6937
8.46036	26.7322
8.46102	26.7707
8.4618	26.8091
8.46214	26.8476
8.46356	26.886
8.46444	26.9245
8.46585	26.963
8.46703	27.0014
8.46905	27.0385
8.47056	27.0755
8.47551	27.1125
8.4768	27.1496
8.47798	27.1866
8.47876	27.2236
8.48015	27.2607
8.48149	27.2977
8.48217	27.3348
8.48353	27.3718
8.48498	27.4088
8.48637	27.4459
8.48775	27.4829
8.48847	27.5199
8.48917	27.557
8.49048	27.594
8.49188	27.631
8.49259	27.6681
8.4939	27.7051
8.4955	27.7422
8.49674	27.7792
8.49743	27.8162
8.49809	27.8533
8.49874	27.8903
8.49943	27.9273
8.50133	27.9644
8.50147	28.0014
8.50226	28.0371
8.50291	28.0728
8.50432	28.1086
8.5045	28.1443
8.50499	28.18
8.50594	28.2157
8.5065	28.2514
8.50775	28.2871
8.50873	28.3228
8.50914	28.3586
8.50989	28.3943
8.51119	28.43
8.51203	28.4657
8.51259	28.5014
8.51398	28.5371
8.51475	28.5728
8.51534	28.6086
8.5161	28.6443
8.51668	28.68
8.51742	28.7157
8.51818	28.7514
8.52095	28.7871
8.52112	28.8228
8.52168	28.8586
8.52195	28.8943
8.52248	28.93
8.52265	28.9657
8.52297	29.0014
8.52385	29.0359
8.52467	29.0704
8.5279	29.1049
8.52831	29.1394
8.52979	29.1738
8.53114	29.2083
8.53258	29.2428
8.53379	29.2773
8.53534	29.3118
8.53656	29.3462
8.53722	29.3807
8.53794	29.4152
8.54	29.4497
8.54155	29.4842
8.54297	29.5187
8.54422	29.5531
8.54476	29.5876
8.54552	29.6221
8.54689	29.6566
8.5475	29.6911
8.54892	29.7256
8.5496	29.76
8.55035	29.7945
8.55168	29.829
8.553	29.8635
8.55438	29.898
8.55578	29.9325
8.55716	29.9669
8.55849	30.0014
8.55988	30.0348
8.56123	30.0681
8.56563	30.1014
8.56633	30.1348
8.56688	30.1681
8.56754	30.2014
8.56826	30.2348
8.5696	30.2681
8.57035	30.3014
8.57168	30.3348
8.57305	30.3681
8.5747	30.4014
8.57518	30.4348
8.57654	30.4681
8.57721	30.5014
8.57795	30.5348
8.57857	30.5681
8.57926	30.6014
8.5801	30.6348
8.58067	30.6681
8.58134	30.7014
8.58205	30.7348
8.58277	30.7681
8.58349	30.8014
8.58422	30.8348
8.58487	30.8681
8.58585	30.9014
8.58652	30.9348
8.58691	30.9681
8.58758	31.0014
8.58914	31.0337
8.58976	31.0659
8.5946	31.0982
8.5951	31.1305
8.59592	31.1627
8.59609	31.195
8.5962	31.2272
8.59634	31.2595
8.59811	31.2917
8.59981	31.324
8.60084	31.3563
8.60223	31.3885
8.60311	31.4208
8.60429	31.453
8.60571	31.4853
8.60699	31.5175
8.60843	31.5498
8.60981	31.5821
8.61056	31.6143
8.61181	31.6466
8.61323	31.6788
8.61402	31.7111
8.61592	31.7434
8.61732	31.7756
8.61941	31.8079
8.62011	31.8401
8.62076	31.8724
8.62143	31.9046
8.62286	31.9369
8.62449	31.9692
8.6249	32.0014
8.62631	32.0327
8.62711	32.0639
8.63121	32.0952
8.63392	32.1264
8.6348	32.1577
8.63532	32.1889
8.63682	32.2202
8.63813	32.2514
8.63898	32.2827
8.63942	32.3139
8.64047	32.3452
8.6408	32.3764
8.64242	32.4077
8.64377	16.2038
8.6449	16.2663
8.64562	16.3288
8.64842	16.3913
8.64915	16.4538
8.64976	16.5163
8.65065	16.5788
8.65113	16.6413
8.6521	16.7038
8.6526	16.7663
8.65325	16.8288
8.6539	16.8913
8.65463	16.9538
8.65551	17.0163
8.65607	17.0752
8.65673	17.134
8.65765	17.1928
8.6583	17.2516
8.6592	17.3105
8.65952	17.3693
8.66015	17.4281
8.6706	17.4869
8.67071	17.5457
8.67104	17.6046
8.67126	17.6634
8.67146	17.7222
8.67159	17.781
8.67183	17.8399
8.67197	17.8987
8.67234	17.9575
8.67245	18.0163
8.67282	18.0719
8.68315	18.1274
8.68458	18.183
8.6861	18.2386
8.68726	18.2941
8.68796	18.3497
8.68863	18.4052
8.69502	18.4608
8.69636	18.5163
8.69705	18.5719
8.69774	18.6274
8.69863	18.683
8.69911	18.7386
8.70066	18.7941
8.70182	18.8497
8.70255	18.9052
8.70387	18.9608
8.70458	19.0163
8.70528	19.069
8.70661	19.1216
8.70731	19.1742
8.70824	19.2269
8.70868	19.2795
8.7101	19.3321
8.71143	19.3848
8.71924	19.4374
8.71948	19.49
8.72015	19.5427
8.72029	19.5953
8.72107	19.6479
8.72308	19.7005
8.72323	19.7532
8.72348	19.8058
8.72387	19.8584
8.72521	19.9111
8.72651	19.9637
8.72796	20.0163
8.72949	20.0663
8.73035	20.1163
8.73091	20.1663
8.7314	20.2163
8.73215	20.2663
8.73273	20.3163
8.73435	20.3663
8.75098	20.4163
8.75171	20.4663
8.75675	20.5163
8.75728	20.5663
8.761	20.6163
8.76236	20.6663
8.76351	20.7163
8.76393	20.7663
8.76514	20.8163
8.76745	20.8663
8.76824	20.9163
8.76879	20.9663
8.76953	21.0163
8.77043	21.064
8.77121	21.1116
8.77164	21.1592
8.77228	21.2068
8.77308	21.2544
8.77362	21.302
8.77433	21.3497
8.79199	21.3973
8.79265	21.4449
8.79679	21.4925
8.80112	21.5401
8.80194	21.5878
8.80287	21.6354
8.80317	21.683
8.80426	21.7306
8.80481	21.7782
8.80535	21.8259
8.80644	21.8735
8.80738	21.9211
8.80946	21.9687
8.80961	22.0163
8.80977	22.0618
8.81013	22.1072
8.81087	22.1527
8.81153	22.1982
8.81217	22.2436
8.81472	22.2891
8.81607	22.3345
8.82521	22.38
8.82588	22.4254
8.82815	22.4709
8.82867	22.5163
8.83019	22.5618
8.83176	22.6072
8.83216	22.6527
8.83418	22.6982
8.8343	22.7436
8.83441	22.7891
8.835	22.8345
8.83659	22.88
8.83688	22.9254
8.83758	22.9709
8.83824	23.0163
8.83893	23.0598
8.83966	23.1033
8.84053	23.1468
8.84136	23.1902
8.84313	23.2337
8.84383	23.2772
8.84455	23.3207
8.86562	23.3642
8.86599	23.4076
8.8667	23.4511
8.86686	23.4946
8.86734	23.5381
8.86817	23.5816
8.86898	23.625
8.86989	23.6685
8.87059	23.712
8.87198	23.7555
8.87292	23.7989
8.8737	23.8424
8.87439	23.8859
8.87504	23.9294
8.87576	23.9729
8.8765	24.0163
8.87711	24.058
8.87794	24.0997
8.87871	24.1413
8.87938	24.183
8.88005	24.2247
8.88071	24.2663
8.88165	24.308
8.89555	24.3497
8.89711	24.3913
8.89973	24.433
8.90035	24.4747
8.90587	24.5163
8.90722	24.558
8.90971	24.5997
8.91027	24.6413
8.91256	24.683
8.91301	24.7247
8.91452	24.7663
8.9151	24.808
8.91575	24.8497
8.9171	24.8913
8.91782	24.933
8.91852	24.9747
8.9192	25.0163
8.92069	25.0563
8.92139	25.0963
8.92197	25.1363
8.92265	25.1763
8.92332	25.2163
8.92401	25.2563
8.92547	25.2963
8.92955	25.3363
8.92983	25.3763
8.93097	25.4163
8.93146	25.4563
8.93186	25.4963
8.93256	25.5363
8.93318	25.5763
8.93342	25.6163
8.934	25.6563
8.93456	25.6963
8.93581	25.7363
8.93655	25.7763
8.93765	25.8163
8.93835	25.8563
8.93905	25.8963
8.9398	25.9363
8.94045	25.9763
8.94182	26.0163
8.9425	26.0548
8.94392	26.0933
8.94523	26.1317
8.94673	26.1702
8.94799	26.2086
8.94935	26.2471
8.95118	26.2856
8.96029	26.324
8.96186	26.3625
8.9659	26.401
8.96639	26.4394
8.96707	26.4779
8.96776	26.5163
8.96884	26.5548
8.96912	26.5933
8.97009	26.6317
8.97052	26.6702
8.97191	26.7086
8.97289	26.7471
8.97325	26.7856
8.97536	26.824
8.97615	26.8625
8.97675	26.901
8.97808	26.9394
8.97878	26.9779
8.98017	27.0163
8.98106	27.0534
8.98163	27.0904
8.9823	27.1274
8.98315	27.1645
8.98376	27.2015
8.98437	27.2386
8.98518	27.2756
8.9872	27.3126
8.98745	27.3497
8.98753	27.3867
8.98787	27.4237
8.98862	27.4608
8.98922	27.4978
8.99028	27.5349
8.99069	27.5719
8.99136	27.6089
8.99204	27.646
8.99277	27.683
8.99347	27.72
8.99415	27.7571
8.99484	27.7941
8.99551	27.8311
8.99709	27.8682
8.99758	27.9052
8.99893	27.9423
9.00098	27.9793
9.00169	28.0163
9.00306	28.052
9.0039	28.0878
9.00602	28.1235
9.00815	28.1592
9.00879	28.1949
9.00993	28.2306
9.01063	28.2663
9.01536	28.302
9.01558	28.3378
9.01575	28.3735
9.01626	28.4092
9.01835	28.4449
9.01907	28.4806
9.01999	28.5163
9.02129	28.552
9.02253	28.5878
9.02396	28.6235
9.02662	28.6592
9.02807	28.6949
9.02946	28.7306
9.03075	28.7663
9.03208	28.802
9.03278	28.8378
9.03431	28.8735
9.03555	28.9092
9.03774	28.9449
9.03902	28.9806
9.04038	29.0163
9.0418	29.0508
9.0424	29.0853
9.04312	29.1198
9.04377	29.1543
9.04447	29.1887
9.0452	29.2232
9.04585	29.2577
9.04716	29.2922
9.04741	29.3267
9.04798	29.3612
9.04869	29.3956
9.04938	29.4301
9.05132	29.4646
9.05217	29.4991
9.05274	29.5336
9.05344	29.5681
9.05413	29.6025
9.05504	29.637
9.0555	29.6715
9.05618	29.706
9.05687	29.7405
9.05826	29.775
9.05986	29.8094
9.06193	29.8439
9.06305	29.8784
9.06511	29.9129
9.06583	29.9474
9.06791	29.9819
9.0686	30.0163
9.06996	30.0497
9.07133	30.083
9.07443	30.1163
9.0757	30.1497
9.07672	30.183
9.07694	30.2163
9.07768	30.2497
9.08034	30.283
9.08049	30.3163
9.08062	30.3497
9.0809	30.383
9.08181	30.4163
9.08324	30.4497
9.08458	30.483
9.08594	30.5163
9.08745	30.5497
9.0887	30.583
9.09007	30.6163
9.09163	30.6497
9.09343	30.683
9.09443	30.7163
9.09563	30.7497
9.09731	30.783
9.09834	30.8163
9.09977	30.8497
9.10036	30.883
9.10107	30.9163
9.10473	30.9497
9.10612	30.983
9.10756	31.0163
9.10886	31.0486
9.10953	31.0809
9.11036	31.1131
9.11097	31.1454
9.11173	31.1776
9.11232	31.2099
9.11299	31.2421
9.11551	31.2744
9.11563	31.3067
9.1159	31.3389
9.1161	31.3712
9.11659	31.4034
9.11733	31.4357
9.11796	31.4679
9.11929	31.5002
9.12067	31.5325
9.12237	31.5647
9.12283	31.597
9.12517	31.6292
9.12619	31.6615
9.12759	31.6938
9.1291	31.726
9.131	31.7583
9.13376	31.7905
9.13534	31.8228
9.1365	31.855
9.13799	31.8873
9.13885	31.9196
9.13978	31.9518
9.1401	15.9759
9.14088	16.0426
9.14166	16.1051
9.14217	16.1676
9.14275	16.2301
9.14345	16.2926
9.14416	16.3551
9.145	16.4176
9.14556	16.4801
9.15066	16.5426
9.15184	16.6051
9.15257	16.6676
9.15327	16.7301
9.15396	16.7926
9.1553	16.8551
9.1562	16.9176
9.15736	16.9801
9.15812	17.0426
9.1596	17.1014
9.1601	17.1602
9.16156	17.219
9.16239	17.2779
9.16284	17.3367
9.16354	17.3955
9.16493	17.4543
9.16555	17.5132
9.16633	17.572
9.16765	17.6308
9.16838	17.6896
9.16984	17.7485
9.17037	17.8073
9.17544	17.8661
9.17642	17.9249
9.17721	17.9838
9.17836	18.0426
9.18108	18.0981
9.18178	18.1537
9.18312	18.2092
9.18455	18.2648
9.1859	18.3204
9.18793	18.3759
9.18864	18.4315
9.19002	18.487
9.1914	18.5426
9.19278	18.5981
9.19411	18.6537
9.1969	18.7092
9.19758	18.7648
9.2017	18.8204
9.20387	18.8759
9.2049	18.9315
9.20513	18.987
9.20536	19.0426
9.20556	19.0952
9.20578	19.1478
9.20602	19.2005
9.20743	19.2531
9.20839	19.3057
9.20905	19.3584
9.20965	19.411
9.2102	19.4636
9.21088	19.5163
9.21156	19.5689
9.21222	19.6215
9.21314	19.6742
9.21448	19.7268
9.22827	19.7794
9.2299	19.832
9.23201	19.8847
9.23267	19.9373
9.23338	19.9899
9.23414	20.0426
9.23476	20.0926
9.23563	20.1426
9.23635	20.1926
9.23736	20.2426
9.23831	20.2926
9.2396	20.3426
9.24097	20.3926
9.24254	20.4426
9.24376	20.4926
9.2451	20.5426
9.24722	20.5926
9.24862	20.6426
9.24997	20.6926
9.25672	20.7426
9.25719	20.7926
9.25983	20.8426
9.26092	20.8926
9.26136	20.9426
9.26218	20.9926
9.26292	21.0426
9.26375	21.0902
9.26425	21.1378
9.26612	21.1854
9.26885	21.2331
9.26968	21.2807
9.2704	21.3283
9.2711	21.3759
9.27169	21.4235
9.27243	21.4711
9.27317	21.5188
9.27396	21.5664
9.27464	21.614
9.27527	21.6616
9.27893	21.7092
9.27988	21.7569
9.28379	21.8045
9.28515	21.8521
9.2859	21.8997
9.28656	21.9473
9.28863	21.995
9.28935	22.0426
9.29074	22.088
9.29136	22.1335
9.29282	22.1789
9.29489	22.2244
9.2963	22.2698
9.29765	22.3153
9.299	22.3608
9.30039	22.4062
9.30188	22.4517
9.30311	22.4971
9.30467	22.5426
9.30602	22.588
9.30727	22.6335
9.31906	22.6789
9.32066	22.7244
9.32116	22.7698
9.32253	22.8153
9.32343	22.8608
9.32455	22.9062
9.3253	22.9517
9.32604	22.9971
9.32672	23.0426
9.32741	23.0861
9.32809	23.1295
9.32895	23.173
9.32938	23.2165
9.33022	23.26
9.3308	23.3034
9.33172	23.3469
9.33216	23.3904
9.33287	23.4339
9.33363	23.4774
9.33475	23.5208
9.33524	23.5643
9.33567	23.6078
9.33954	23.6513
9.33969	23.6947
9.33996	23.7382
9.34005	23.7817
9.34056	23.8252
9.34129	23.8687
9.34255	23.9121
9.34388	23.9556
9.34471	23.9991
9.34563	24.0426
9.34633	24.0842
9.34726	24.1259
9.34769	24.1676
9.34858	24.2092
9.34929	24.2509
9.35028	24.2926
9.35223	24.3342
9.35365	24.3759
9.35444	24.4176
9.35497	24.4592
9.35727	24.5009
9.35851	24.5426
9.36075	24.5842
9.38062	24.6259
9.38192	24.6676
9.38423	24.7092
9.38548	24.7509
9.38673	24.7926
9.3882	24.8342
9.38968	24.8759
9.3903	24.9176
9.3911	24.9592
9.3919	25.0009
9.39231	25.0409
9.39313	25.0809
9.39368	25.1209
9.39464	25.1609
9.39522	25.2009
9.396	25.2409
9.397	25.2809
9.3979	25.3209
9.39808	25.3609
9.39854	25.4009
9.39925	25.4409
9.39992	25.4809
9.40064	25.5209
9.40131	25.5609
9.40614	25.6009
9.40705	25.6409
9.40756	25.6809
9.40839	25.7209
9.40913	25.7609
9.40988	25.8009
9.41055	25.8409
9.41125	25.8809
9.41199	25.9209
9.41303	25.9609
9.41333	26.0009
9.41469	26.0394
9.41631	26.0778
9.41697	26.1163
9.41744	26.1548
9.41809	26.1932
9.41969	26.2317
9.42088	26.2701
9.42227	26.3086
9.42293	26.3471
9.42364	26.3855
9.4243	26.424
9.42529	26.4624
9.42566	26.5009
9.42709	26.5394
9.44735	26.5778
9.44838	26.6163
9.45048	26.6548
9.45182	26.6932
9.4534	26.7317
9.45399	26.7701
9.45542	26.8086
9.45599	26.8471
9.45735	26.8855
9.45812	26.924
9.45945	26.9624
9.4601	27.0009
9.46147	27.0379
9.46215	27.075
9.46352	27.112
9.46488	27.1491
9.46652	27.1861
9.46697	27.2231
9.46843	27.2602
9.46931	27.2972
9.47039	27.3342
9.47107	27.3713
9.47247	27.4083
9.47414	27.4454
9.47528	27.4824
9.47661	27.5194
9.48439	27.5565
9.48513	27.5935
9.48573	27.6305
9.48646	27.6676
9.48718	27.7046
9.48818	27.7416
9.48919	27.7787
9.4899	27.8157
9.49145	27.8528
9.49265	27.8898
9.49401	27.9268
9.49556	27.9639
9.49743	28.0009
9.4982	28.0366
9.49953	28.0723
9.5009	28.1081
9.50309	28.1438
9.50416	28.1795
9.50461	28.2152
9.50631	28.2509
9.50931	28.2866
9.51272	28.3223
9.51358	28.3581
9.51479	28.3938
9.51546	28.4295
9.51686	28.4652
9.51892	28.5009
9.52427	28.5366
9.52448	28.5723
9.52586	28.6081
9.52733	28.6438
9.52888	28.6795
9.53	28.7152
9.53208	28.7509
9.53279	28.7866
9.53432	28.8223
9.5362	28.8581
9.5369	28.8938
9.53825	28.9295
9.53924	28.9652
9.53961	29.0009
9.5405	29.0354
9.54102	29.0699
9.54177	29.1044
9.5424	29.1388
9.54308	29.1733
9.54522	29.2078
9.54794	29.2423
9.54931	29.2768
9.55067	29.3113
9.55225	29.3457
9.55343	29.3802
9.55483	29.4147
9.55622	29.4492
9.5576	29.4837
9.5643	29.5182
9.56491	29.5526
9.56558	29.5871
9.56589	29.6216
9.566	29.6561
9.56614	29.6906
9.56684	29.725
9.56747	29.7595
9.56816	29.794
9.56886	29.8285
9.56956	29.863
9.57025	29.8975
9.5711	29.9319
9.57154	29.9664
9.57228	30.0009
9.57366	30.0342
9.57503	30.0676
9.57574	30.1009
9.5779	30.1342
9.57853	30.1676
9.58232	30.2009
9.58317	30.2342
9.58451	30.2676
9.58568	30.3009
9.58708	30.3342
9.58873	30.3676
9.59074	30.4009
9.59323	30.4342
9.59545	30.4676
9.60373	30.5009
9.60588	30.5342
9.60722	30.5676
9.60929	30.6009
9.61134	30.6342
9.61272	30.6676
9.61416	30.7009
9.61546	30.7342
9.61613	30.7676
9.61691	30.8009
9.61759	30.8342
9.61785	30.8676
