time	cwndsize
0.298621	11
0.300333	12
0.302508	13
0.303362	14
0.303894	15
0.305287	16
0.308259	17
0.310241	18
0.311572	19
0.31754	20
0.333556	21
0.335093	22
0.33538	23
0.335568	24
0.336767	25
0.337009	26
0.337385	27
0.337851	28
0.338659	29
0.339512	30
0.341293	31
0.341518	32
0.349654	33
0.351256	34
0.353764	35
0.355343	36
0.356888	37
0.357919	38
0.364446	39
0.367094	40
0.387518	41
0.388157	42
0.38955	43
0.390967	44
0.39141	45
0.392176	46
0.393536	47
0.394397	48
0.394863	49
0.39562	50
0.396285	51
0.397834	52
0.398224	53
0.399384	54
0.40006	55
0.400615	56
0.401711	57
0.40217	58
0.402534	59
0.40289	60
0.409	61
0.409984	62
0.411587	63
0.411904	64
0.413273	65
0.413938	66
0.414897	67
0.417133	68
0.417648	69
0.418689	70
0.420108	71
0.42115	72
0.428422	73
0.430909	74
0.431908	75
0.433182	76
0.478847	77
0.479915	78
0.482095	79
0.483967	80
0.486111	81
0.486698	82
0.48796	83
0.491009	84
0.491117	85
0.491532	86
0.49287	87
0.496018	88
0.496268	89
0.497198	90
0.498364	91
0.49994	92
0.502516	93
0.505313	94
0.505867	95
0.506822	96
0.516816	97
0.517315	98
0.53474	99
0.535065	100
0.537296	101
0.538645	102
0.540028	103
0.549376	104
0.552915	105
0.555073	106
0.559725	107
0.560394	108
0.56175	109
0.562538	110
0.577219	111
0.583346	112
0.585938	113
0.587395	114
0.589368	115
0.590073	116
0.592783	117
0.596249	118
0.598999	119
0.613351	120
0.6161	121
0.616896	122
0.618414	123
0.618823	124
0.660218	125
0.661586	126
0.663867	127
0.664319	128
0.665953	129
0.666748	130
0.667793	131
0.669215	132
0.671153	133
0.671961	134
0.673317	135
0.674043	136
0.675338	137
0.675988	138
0.678924	139
0.680958	140
0.681715	141
0.682458	142
0.683746	143
0.685061	144
0.686572	145
0.687922	146
0.689258	147
0.69102	148
0.691952	149
0.693407	150
0.694121	151
0.69561	152
0.697319	153
0.697483	76.5
0.697629	76.5132
0.698156	76.5263
0.698894	76.5395
0.699504	76.5526
0.700351	76.5658
0.704078	76.5789
0.705069	76.5921
0.707416	76.6053
0.709656	76.6184
0.710447	76.6316
0.710656	76.6447
0.711585	76.6579
0.712107	76.6711
0.712248	76.6842
0.712327	76.6974
0.712987	76.7105
0.724561	76.7237
0.724967	76.7368
0.727545	76.75
0.728327	76.7632
0.733737	76.7763
0.73715	76.7895
0.738865	76.8026
0.739787	76.8158
0.827786	76.8289
0.828261	76.8421
0.830942	76.8553
0.833022	76.8684
0.833446	76.8816
0.833736	76.8947
0.83418	76.9079
0.834738	76.9211
0.835564	76.9342
0.837513	76.9474
0.840083	76.9605
0.842086	76.9737
0.844747	76.9868
0.845565	77
0.848108	77.0132
0.851159	77.0261
0.853676	77.0391
0.855296	77.0521
0.857127	77.0651
0.857863	77.0781
0.858673	77.0911
0.859355	77.1041
0.861697	77.1171
0.861854	77.13
0.862635	77.143
0.864821	77.156
0.865862	77.169
0.867382	77.182
0.869116	77.195
0.87174	77.208
0.87364	77.221
0.874365	77.2339
0.876452	77.2469
0.878421	77.2599
0.880554	77.2729
0.886915	77.2859
0.889809	77.2989
0.890358	77.3119
0.89126	77.3248
0.891925	77.3378
0.89504	77.3508
0.897079	77.3638
0.89768	77.3768
0.900047	77.3898
0.900981	77.4028
0.902177	77.4158
0.904252	77.4287
0.904877	77.4417
0.90623	77.4547
0.907008	77.4677
0.908288	77.4807
0.909687	77.4937
0.911058	77.5067
0.913458	77.5197
0.915093	77.5326
0.915841	77.5456
0.917166	77.5586
0.91831	77.5716
0.91962	77.5846
0.921045	77.5976
0.92201	77.6106
0.923062	77.6235
0.924188	77.6365
0.925178	77.6495
0.925627	77.6625
0.926019	77.6755
0.926543	77.6885
0.926939	77.7015
0.92785	77.7145
0.928754	77.7274
0.92929	77.7404
0.93056	77.7534
0.931553	77.7664
0.934317	77.7794
0.936352	77.7924
0.940455	77.8054
0.943213	77.8184
0.945904	77.8313
0.946635	77.8443
0.948106	77.8573
0.948814	77.8703
0.949463	77.8833
0.950086	77.8963
0.951611	77.9093
0.952531	77.9222
0.953658	77.9352
0.954332	77.9482
0.956404	77.9612
0.958454	77.9742
1.01339	77.9872
1.01395	78.0002
1.01469	78.013
1.01558	78.0258
1.049	78.0386
1.17408	78.0515
1.17715	78.0643
1.17788	78.0771
1.18075	78.0899
1.18124	78.1027
1.1847	78.1156
1.1862	78.1284
1.18704	78.1412
1.18852	78.154
1.18974	78.1668
1.19244	78.1797
1.19439	78.1925
1.19716	78.2053
1.19864	78.2181
1.19921	78.2309
1.20053	78.2438
1.2031	78.2566
1.20446	78.2694
1.20518	78.2822
1.20653	78.295
1.20906	78.3079
1.20967	78.3207
1.21199	78.3335
1.21496	78.3463
1.21639	78.3591
1.21745	78.372
1.22061	78.3848
1.22168	78.3976
1.22329	78.4104
1.2251	78.4232
1.22659	78.4361
1.22715	78.4489
1.22859	78.4617
1.23203	78.4745
1.23709	78.4874
1.24042	78.5002
1.24184	78.513
1.24665	78.5258
1.24963	78.5386
1.25227	78.5515
1.25359	78.5643
1.25678	78.5771
1.25726	78.5899
1.25785	78.6027
1.25924	78.6156
1.25979	78.6284
1.26132	78.6412
1.26397	78.654
1.26603	78.6668
1.28062	78.6797
1.3409	78.6925
1.3416	78.7053
1.34372	78.7181
1.34504	78.7309
1.34643	78.7438
1.34728	78.7566
1.34937	78.7694
1.35221	78.7822
1.35358	78.795
1.3561	78.8079
1.35745	78.8207
1.35821	78.8335
1.35965	78.8463
1.3632	78.8591
1.36741	78.872
1.36814	78.8848
1.36901	78.8976
1.36993	78.9104
1.37129	78.9232
1.37206	78.9361
1.37286	78.9489
1.37335	78.9617
1.37486	78.9745
1.37606	78.9874
1.37832	79.0002
1.37893	79.0128
1.37955	79.0255
1.38174	79.0381
1.3837	79.0508
1.38676	79.0635
1.39238	79.0761
1.39426	79.0888
1.39567	79.1014
1.39838	79.1141
1.39906	79.1268
1.40053	79.1394
1.40118	79.1521
1.40321	79.1647
1.40479	79.1774
1.40609	79.19
1.40663	79.2027
1.40794	79.2154
1.40866	79.228
1.4108	79.2407
1.41209	79.2533
1.41354	79.266
1.41419	79.2787
1.41492	79.2913
1.4156	79.304
1.429	79.3166
1.46623	79.3293
1.46796	79.3419
1.4692	79.3546
1.46978	79.3673
1.47059	79.3799
1.47106	79.3926
1.47177	79.4052
1.47248	79.4179
1.47308	79.4306
1.47369	39.7153
1.47467	39.7409
1.47509	39.7666
1.47579	39.7922
1.47722	39.8178
1.47782	39.8435
1.47926	39.8691
1.47994	39.8948
1.48059	39.9204
1.48133	39.946
1.48263	39.9717
1.48409	39.9973
1.48542	40.023
1.48676	40.048
1.48755	40.073
1.48885	40.098
1.49033	40.123
1.49228	40.148
1.49363	40.173
1.49578	40.198
1.49649	40.223
1.49852	40.248
1.49944	40.273
1.50065	40.298
1.50253	40.323
1.50469	40.348
1.50536	40.373
1.50605	40.398
1.50675	40.423
1.50737	40.448
1.50811	40.473
1.5087	40.498
1.51022	40.523
1.51163	40.548
1.51231	40.573
1.51293	40.598
1.51365	40.623
1.51489	40.648
1.51553	40.673
1.51625	40.698
1.51697	40.723
1.52426	40.748
1.53079	40.773
1.53117	40.798
1.53808	40.823
1.54172	40.848
1.54263	40.873
1.54304	40.898
1.54652	40.923
1.54738	40.948
1.54793	40.973
1.55103	40.998
1.55232	41.023
1.55571	41.0474
1.56079	41.0717
1.56264	41.0961
1.5643	41.1205
1.56612	41.1449
1.57176	41.1693
1.57385	41.1937
1.57699	41.2181
1.58043	41.2425
1.58606	41.2669
1.58805	41.2913
1.59139	41.3157
1.59514	41.34
1.59839	41.3644
1.59906	41.3888
1.5998	41.4132
1.60049	41.4376
1.60307	41.462
1.60632	41.4864
1.60828	41.5108
1.60895	41.5352
1.61039	41.5596
1.61101	41.5839
1.61377	41.6083
1.61522	41.6327
1.61649	41.6571
1.61722	41.6815
1.6222	41.7059
1.62356	41.7303
1.62517	41.7547
1.62563	41.7791
1.63456	41.8035
1.6353	41.8278
1.63667	41.8522
1.63738	41.8766
1.64495	41.901
1.64565	41.9254
1.64703	41.9498
1.64768	41.9742
1.6559	41.9986
1.65742	42.023
1.65822	42.0468
1.65908	42.0706
1.6666	42.0944
1.66888	42.1182
1.66935	42.142
1.67145	42.1658
1.67238	42.1896
1.68033	42.2134
1.69243	42.2373
1.69992	42.2611
1.70134	42.2849
1.70487	42.3087
1.70635	42.3325
1.70713	42.3563
1.70888	42.3801
1.71883	42.4039
1.72561	42.4277
1.72571	42.4515
1.73088	42.4753
1.73326	42.4992
1.73485	42.523
1.74007	42.5468
1.75698	42.5706
1.76634	42.5944
1.76756	42.6182
1.77432	42.642
1.77507	42.6658
1.77711	42.6896
1.77982	42.7134
1.79917	42.7373
1.80119	42.7611
1.81065	42.7849
1.81178	42.8087
1.81286	42.8325
1.81913	42.8563
1.82193	42.8801
1.83575	42.9039
1.83914	42.9277
1.84532	42.9515
1.85225	42.9753
1.8613	42.9992
1.86252	43.023
1.86382	43.0462
1.86596	43.0695
1.86801	43.0927
1.8729	43.116
1.87368	43.1392
1.87537	43.1625
1.87654	43.1858
1.88051	43.209
1.88977	43.2323
1.89851	43.2555
1.89886	43.2788
1.89943	43.302
1.90044	43.3253
1.90251	43.3485
1.90804	43.3718
1.92176	43.3951
1.92508	43.4183
1.93565	43.4416
1.93615	43.4648
1.93907	43.4881
1.94019	43.5113
1.94048	43.5346
1.94096	43.5579
1.94169	43.5811
1.94236	43.6044
1.94309	43.6276
1.95751	43.6509
1.95815	43.6741
1.95889	43.6974
1.95957	43.7206
1.96026	43.7439
1.96097	43.7672
1.96273	43.7904
1.96327	43.8137
1.96375	43.8369
1.96443	43.8602
1.96518	43.8834
1.96577	43.9067
1.96655	43.9299
1.96806	43.9532
1.96932	43.9765
1.97094	43.9997
1.97734	44.023
1.97754	44.0457
1.97823	44.0684
1.97842	44.0911
1.97862	44.1139
1.97939	44.1366
1.9806	44.1593
1.98102	44.1821
1.98249	44.2048
1.98527	44.2275
1.98723	44.2502
1.99214	44.273
1.99381	44.2957
1.99918	44.3184
2.00006	44.3411
2.00481	44.3639
2.00554	44.3866
2.00578	44.4093
2.007	44.4321
2.00842	44.4548
2.00985	44.4775
2.01113	44.5002
2.01733	44.523
2.01764	44.5457
2.01933	44.5684
2.02099	44.5911
2.02222	44.6139
2.02341	44.6366
2.02439	44.6593
2.02536	44.6821
2.02644	44.7048
2.02722	44.7275
2.02811	44.7502
2.02933	44.773
2.03064	44.7957
2.03191	44.8184
2.03209	22.4092
2.03425	22.4547
2.03473	22.5001
2.03492	22.5456
2.03554	22.591
2.0446	22.6365
2.04534	22.6819
2.0496	22.7274
2.05147	22.7728
2.05351	22.8183
2.05489	22.8638
2.0565	22.9092
2.05695	22.9547
2.05977	23.0001
2.06105	23.0436
2.06215	23.0871
2.06252	23.1306
2.06455	23.174
2.06531	23.2175
2.06605	23.261
2.07273	23.3045
2.0729	23.3479
2.07763	23.3914
2.07813	23.4349
2.0801	23.4784
2.08076	23.5219
2.08315	23.5653
2.08466	23.6088
2.08605	23.6523
2.08887	23.6958
2.08983	23.7393
2.09256	23.7827
2.09394	23.8262
2.09873	23.8697
2.10155	23.9132
2.1045	23.9566
2.106	24.0001
2.10634	24.0418
2.10782	24.0835
2.10845	24.1251
2.10938	24.1668
2.11143	24.2085
2.11248	24.2501
2.14381	24.2918
2.1551	24.3335
2.15894	24.3751
2.16106	24.4168
2.1624	24.4585
2.1652	24.5001
2.16655	24.5418
2.16789	24.5835
2.16926	24.6251
2.17018	24.6668
2.17081	24.7085
2.17136	24.7501
2.17275	24.7918
2.17411	24.8335
2.1748	24.8751
2.17547	24.9168
2.17621	24.9585
2.17909	25.0001
2.1804	25.0401
2.18109	25.0801
2.18241	25.1201
2.1839	25.1601
2.18513	25.2001
2.20158	25.2401
2.21257	25.2801
2.2157	25.3201
2.2163	25.3601
2.21738	25.4001
2.21841	25.4401
2.22161	25.4801
2.22447	25.5201
2.22511	25.5601
2.22673	25.6001
2.23169	25.6401
2.23292	25.6801
2.23428	25.7201
2.23504	25.7601
2.23778	25.8001
2.23999	25.8401
2.24391	25.8801
2.24951	25.9201
2.25012	25.9601
2.25081	26.0001
2.25392	26.0386
2.25499	26.077
2.25803	26.1155
2.25945	26.154
2.27811	26.1924
2.27997	26.2309
2.28179	26.2694
2.28293	26.3078
2.28382	26.3463
2.2845	26.3847
2.28505	26.4232
2.28638	26.4617
2.28714	26.5001
2.28887	26.5386
2.28937	26.577
2.29077	26.6155
2.29155	26.654
2.29356	26.6924
2.29802	26.7309
2.30389	26.7694
2.30739	26.8078
2.31321	26.8463
2.3165	26.8847
2.31929	26.9232
2.32045	26.9617
2.32107	27.0001
2.324	27.0372
2.32471	27.0742
2.32523	27.1112
2.35275	27.1483
2.35771	27.1853
2.35841	27.2223
2.35912	27.2594
2.36598	27.2964
2.36877	27.3335
2.37047	27.3705
2.37237	27.4075
2.37369	27.4446
2.3744	27.4816
2.37824	27.5186
2.37891	27.5557
2.38003	27.5927
2.38281	27.6297
2.38661	27.6668
2.38865	27.7038
2.38954	27.7409
2.39076	27.7779
2.39144	27.8149
2.39354	27.852
2.39424	27.889
2.39607	27.926
2.39637	27.9631
2.39844	28.0001
2.39914	28.0358
2.40048	28.0715
2.41079	28.1073
2.41479	28.143
2.41583	28.1787
2.41651	28.2144
2.41864	28.2501
2.41993	28.2858
2.42126	28.3215
2.4228	28.3573
2.42363	28.393
2.42485	28.4287
2.42762	28.4644
2.42982	28.5001
2.43126	28.5358
2.43255	28.5715
2.43372	28.6073
2.43509	28.643
2.43753	28.6787
2.43991	28.7144
2.44128	28.7501
2.44633	28.7858
2.44766	28.8215
2.44994	28.8573
2.45046	28.893
2.45204	28.9287
2.45308	28.9644
2.45382	29.0001
2.45529	29.0346
2.46905	29.0691
2.4853	29.1036
2.48587	29.1381
2.48648	29.1725
2.48796	29.207
2.48918	29.2415
2.49109	29.276
2.49796	29.3105
2.49998	29.3449
2.50279	29.3794
2.5077	29.4139
2.50889	29.4484
2.5105	29.4829
2.51237	29.5174
2.51467	29.5518
2.51618	29.5863
2.51723	29.6208
2.5182	29.6553
2.51907	29.6898
2.52015	29.7243
2.52064	29.7587
2.52187	29.7932
2.52316	29.8277
2.52366	29.8622
2.52413	29.8967
2.52454	29.9312
2.52496	29.9656
2.52572	30.0001
2.53763	30.0335
2.54005	30.0668
2.55111	30.1001
2.55383	30.1335
2.55662	30.1668
2.56	30.2001
2.562	30.2335
2.56405	30.2668
2.5654	30.3001
2.56738	30.3335
2.57058	30.3668
2.57302	30.4001
2.57529	30.4335
2.57632	30.4668
2.57764	30.5001
2.57953	30.5335
2.58052	30.5668
2.58176	30.6001
2.58225	30.6335
2.58338	30.6668
2.58549	30.7001
2.58661	30.7335
2.5876	30.7668
2.58898	30.8001
2.58969	30.8335
2.59206	30.8668
2.59477	30.9001
2.59803	30.9335
2.60023	30.9668
2.62248	31.0001
2.62403	31.0324
2.63004	31.0646
2.63131	31.0969
2.63316	31.1292
2.6351	31.1614
2.63621	31.1937
2.63776	31.2259
2.63954	31.2582
2.64027	31.2904
2.64098	31.3227
2.64167	31.355
2.64307	31.3872
2.64443	31.4195
2.64577	31.4517
2.65007	31.484
2.65087	31.5162
2.65156	31.5485
2.65276	31.5808
2.65571	31.613
2.66217	31.6453
2.66707	31.6775
2.6684	31.7098
2.67077	31.7421
2.67216	31.7743
2.67311	31.8066
2.67406	31.8388
2.67638	31.8711
2.67687	31.9033
2.7051	31.9356
2.70717	31.9679
2.70806	32.0001
2.70993	32.0314
2.71478	32.0626
2.71594	32.0939
2.71668	32.1251
2.71733	32.1564
2.71786	32.1876
2.71873	32.2189
2.72003	32.2501
2.72111	32.2814
2.72232	32.3126
2.72281	32.3439
2.72351	32.3751
2.72447	32.4064
2.72534	32.4376
2.72737	32.4689
2.72807	32.5001
2.72876	32.5314
2.72948	32.5626
2.73012	32.5939
2.746	32.6251
2.74867	32.6564
2.75006	32.6876
2.75225	32.7189
2.75417	32.7501
2.75583	32.7814
2.75708	32.8126
2.75938	32.8439
2.77425	32.8751
2.775	32.9064
2.77537	32.9376
2.7764	32.9689
2.78119	33.0001
2.78254	33.0304
2.7832	33.0607
2.78397	33.091
2.78432	33.1213
2.78483	33.1516
2.7862	33.1819
2.78889	33.2122
2.791	33.2425
2.79521	33.2728
2.79651	33.3032
2.79796	33.3335
2.79938	33.3638
2.80157	33.3941
2.8028	33.4244
2.80513	33.4547
2.80783	16.7273
2.81035	16.7898
2.81347	16.8523
2.81741	16.9148
2.81949	16.9773
2.82317	17.0398
2.82445	17.0987
2.8249	17.1575
2.82557	17.2163
2.82689	17.2751
2.82841	17.334
2.84367	17.3928
2.84391	17.4516
2.84527	17.5104
2.8461	17.5692
2.85495	17.6281
2.85774	17.6869
2.86054	17.7457
2.862	17.8045
2.8643	17.8634
2.86524	17.9222
2.86547	17.981
2.86625	18.0398
2.87062	18.0954
2.8717	18.1509
2.8744	18.2065
2.87653	18.2621
2.87925	18.3176
2.88056	18.3732
2.88195	18.4287
2.88334	18.4843
2.88472	18.5398
2.91586	18.5954
2.91891	18.6509
2.91967	18.7065
2.9212	18.7621
2.9224	18.8176
2.92308	18.8732
2.9242	18.9287
2.92443	18.9843
2.9252	19.0398
2.92607	19.0925
2.92893	19.1451
2.93537	19.1977
2.93923	19.2504
2.94393	19.303
2.94441	19.3556
2.94757	19.4083
2.94824	19.4609
2.97501	19.5135
2.97655	19.5661
2.9772	19.6188
2.97819	19.6714
2.97863	19.724
2.98157	19.7767
2.98287	19.8293
2.98364	19.8819
2.98508	19.9346
2.98748	19.9872
2.98854	20.0398
2.9919	20.0898
3.00011	20.1398
3.00282	20.1898
3.00631	20.2398
3.00782	20.2898
3.00997	20.3398
3.01296	20.3898
3.03097	20.4398
3.03297	20.4898
3.0352	20.5398
3.03824	20.5898
3.03937	20.6398
3.04148	20.6898
3.04495	20.7398
3.04768	20.7898
3.05035	20.8398
3.05172	20.8898
3.05394	20.9398
3.05457	20.9898
3.05672	21.0398
3.05749	21.0875
3.05945	21.1351
3.06075	21.1827
3.06164	21.2303
3.06833	21.2779
3.06902	21.3255
3.07248	21.3732
3.08723	21.4208
3.08765	21.4684
3.08849	21.516
3.0896	21.5636
3.0929	21.6113
3.09412	21.6589
3.09492	21.7065
3.09636	21.7541
3.09765	21.8017
3.09896	21.8494
3.10123	21.897
3.10469	21.9446
3.1065	21.9922
3.1108	22.0398
3.11215	22.0853
3.1143	22.1307
3.11728	22.1762
3.11822	22.2217
3.11967	22.2671
3.12101	22.3126
3.12421	22.358
3.14797	22.4035
3.14827	22.4489
3.14916	22.4944
3.1559	22.5398
3.15716	22.5853
3.15785	22.6307
3.15892	11.3154
3.16156	11.4063
3.16165	11.4972
3.16414	11.5881
3.16578	11.679
3.16965	11.7699
3.17272	11.8608
3.17736	11.9517
3.17877	12.0426
3.17995	12.126
3.18235	12.2093
3.1848	12.2926
3.18727	12.376
3.18829	12.4593
3.18939	12.5426
3.19026	12.626
3.21478	12.7093
3.21609	12.7926
3.21675	12.876
3.22023	12.9593
3.2214	13.0426
3.22666	13.1196
3.23059	13.1965
3.23526	13.2734
3.23685	13.3503
3.2397	13.4273
3.24157	13.5042
3.24352	13.5811
3.27907	13.658
3.28311	13.735
3.28513	13.8119
3.28799	13.8888
3.28926	13.9657
3.28964	14.0426
3.29167	14.1141
3.29346	14.1855
3.29443	14.2569
3.29601	14.3284
3.29641	14.3998
3.29991	14.4712
3.30351	14.5426
3.32561	14.6141
3.32693	14.6855
3.33047	14.7569
3.33258	14.8284
3.33345	14.8998
3.33445	14.9712
3.33583	15.0426
3.33883	15.1093
3.34093	15.176
3.34222	15.2426
3.34363	15.3093
3.34433	15.376
3.345	15.4426
3.34717	15.5093
3.40497	15.576
3.4064	15.6426
3.40732	15.7093
3.40852	15.776
3.40989	15.8426
3.41122	15.9093
3.41271	15.976
3.41536	16.0426
3.41852	16.1051
3.41898	16.1676
3.42006	16.2301
3.42172	16.2926
3.42248	16.3551
3.42326	16.4176
3.42399	16.4801
3.46468	16.5426
3.46738	16.6051
3.46884	16.6676
3.47028	16.7301
3.47264	16.7926
3.47296	16.8551
3.47576	16.9176
3.4764	16.9801
3.47765	17.0426
3.47919	17.1015
3.48067	8.55073
3.4813	8.67573
3.48186	8.80073
3.48264	8.92573
3.48539	9.05073
3.48897	9.16184
3.5047	9.27296
3.50519	9.38407
3.50546	9.49518
3.50745	9.60629
3.51295	9.7174
3.5152	9.82851
3.52055	9.93962
3.52251	10.0507
3.52867	10.1507
3.53014	10.2507
3.53125	10.3507
3.55215	10.4507
3.55344	10.5507
3.55548	10.6507
3.55695	10.7507
3.56038	10.8507
3.56345	10.9507
3.56604	11.0507
3.56811	11.1416
3.56982	11.2326
3.57083	11.3235
3.59542	11.4144
3.59683	11.5053
3.59888	11.5962
3.60117	11.6871
3.6025	11.778
3.60576	11.8689
3.60849	11.9598
3.60991	12.0507
3.61209	12.1341
3.61622	12.2174
3.61887	12.3007
3.63495	12.3841
3.63579	12.4674
3.63729	12.5507
3.63868	12.6341
3.64133	12.7174
3.6428	12.8007
3.64692	12.8841
3.64982	12.9674
3.65124	13.0507
3.65308	13.1277
3.65652	13.2046
3.65804	13.2815
3.68082	13.3584
3.68318	13.4353
3.68356	13.5123
3.68472	13.5892
3.68739	13.6661
3.68876	13.743
3.69174	13.82
3.69702	13.8969
3.69956	13.9738
3.7008	14.0507
3.70196	14.1222
3.70454	14.1936
3.70868	14.265
3.73754	14.3364
3.73883	14.4079
3.74011	14.4793
3.74245	14.5507
3.74276	14.6222
3.74414	14.6936
3.74677	14.765
3.75195	14.8364
3.75406	14.9079
3.75551	14.9793
3.75681	15.0507
3.75815	15.1174
3.76159	15.1841
3.77211	15.2507
3.79521	15.3174
3.79577	15.3841
3.79788	15.4507
3.80337	15.5174
3.80541	15.5841
3.81024	15.6507
3.81536	15.7174
3.81618	15.7841
3.81636	15.8507
3.81652	15.9174
3.81788	15.9841
3.81874	16.0507
3.821	16.1132
3.82167	16.1757
3.82203	16.2382
3.85576	16.3007
3.859	16.3632
3.86085	16.4257
3.86386	16.4882
3.865	16.5507
3.86831	16.6132
3.87172	16.6757
3.8769	16.7382
3.878	16.8007
3.87926	16.8632
3.88026	16.9257
3.88267	16.9882
3.88351	17.0507
3.88473	17.1096
3.88559	17.1684
3.88739	17.2272
3.92277	17.286
3.92461	17.3449
3.92608	17.4037
3.92653	17.4625
3.92706	17.5213
3.92778	17.5801
3.9307	17.639
3.93435	17.6978
3.93671	17.7566
3.94082	17.8154
3.94147	17.8743
3.94567	17.9331
3.94839	17.9919
3.95396	18.0507
3.95768	18.1063
3.9609	18.1618
3.96514	18.2174
3.98866	18.273
3.99179	18.3285
3.99274	18.3841
3.99344	18.4396
3.99539	18.4952
3.99626	18.5507
3.99859	18.6063
3.99987	18.6618
4.00259	18.7174
4.00601	18.773
4.00815	18.8285
4.01577	18.8841
4.01821	18.9396
4.01989	18.9952
4.02274	19.0507
4.0234	19.1034
4.02616	19.156
4.02753	19.2086
4.05304	19.2613
4.05723	19.3139
4.05869	19.3665
4.06212	19.4192
4.06629	19.4718
4.07063	19.5244
4.0809	19.577
4.08519	19.6297
4.08644	19.6823
4.08979	19.7349
4.09221	19.7876
4.09635	19.8402
4.09704	19.8928
4.09983	19.9455
4.10262	19.9981
4.1068	20.0507
4.10811	20.1007
4.11019	20.1507
4.11291	20.2007
4.13759	20.2507
4.13846	20.3007
4.14173	20.3507
4.14465	20.4007
4.14524	20.4507
4.14827	20.5007
4.14897	20.5507
4.15175	20.6007
4.15245	20.6507
4.15339	20.7007
4.15543	20.7507
4.15767	20.8007
4.15935	20.8507
4.16068	20.9007
4.16142	20.9507
4.16486	21.0007
4.16966	21.0484
4.171	21.096
4.17212	21.1436
4.17545	21.1912
4.20075	21.2388
4.20364	21.2864
4.20899	21.3341
4.21268	21.3817
4.21347	21.4293
4.21448	21.4769
4.21532	21.5245
4.21628	21.5722
4.21698	21.6198
4.22239	21.6674
4.22358	21.715
4.22699	21.7626
4.23161	21.8103
4.23374	21.8579
4.23659	21.9055
4.23797	21.9531
4.23942	22.0007
4.24097	22.0462
4.24165	22.0916
4.24236	22.1371
4.25008	22.1826
4.27534	22.228
4.27992	22.2735
4.28221	22.3189
4.28434	22.3644
4.28472	22.4098
4.28491	22.4553
4.28609	22.5007
4.28769	22.5462
4.28879	22.5916
4.29222	22.6371
4.29301	22.6826
4.29839	22.728
4.30312	22.7735
4.30502	22.8189
4.30639	22.8644
4.30773	22.9098
4.31056	22.9553
4.3133	23.0007
4.31435	23.0442
4.31728	23.0877
4.31746	23.1312
4.3195	23.1746
4.34339	23.2181
4.34458	23.2616
4.34653	23.3051
4.34882	23.3486
4.34948	23.392
4.35147	23.4355
4.35352	23.479
4.35417	23.5225
4.35494	23.566
4.3581	23.6094
4.35864	23.6529
4.36445	23.6964
4.36584	23.7399
4.36683	23.7833
4.36984	23.8268
4.37206	23.8703
4.37532	23.9138
4.38046	23.9573
4.38247	24.0007
4.38393	24.0424
4.38738	24.0841
4.38811	24.1257
4.39068	24.1674
4.40166	24.2091
4.40269	24.2507
4.40338	24.2924
4.4045	24.3341
4.40638	24.3757
4.40713	24.4174
4.40941	24.4591
4.41058	24.5007
4.41355	24.5424
4.41402	24.5841
4.41565	24.6257
4.4216	24.6674
4.42315	24.7091
4.42595	24.7507
4.42942	24.7924
4.4322	24.8341
4.43593	24.8757
4.4374	24.9174
4.43817	24.9591
4.43877	25.0007
4.43977	25.0407
4.44034	25.0807
4.44074	25.1207
4.44205	25.1607
4.44574	25.2007
4.44595	25.2407
4.44695	25.2807
4.44755	25.3207
4.44822	25.3607
4.45168	25.4007
4.45437	25.4407
4.45571	25.4807
4.45744	25.5207
4.4585	25.5607
4.46115	25.6007
4.46191	25.6407
4.46528	25.6807
4.46806	25.7207
4.47355	25.7607
4.47645	25.8007
4.48185	25.8407
4.48466	25.8807
4.48609	25.9207
4.48736	25.9607
4.48762	26.0007
4.48917	26.0392
4.49043	26.0777
4.4918	26.1161
4.49223	26.1546
4.4966	26.193
4.49676	26.2315
4.49733	26.27
4.49806	26.3084
4.49879	26.3469
4.50379	26.3853
4.50715	26.4238
4.50842	26.4623
4.51107	26.5007
4.51324	26.5392
4.51727	26.5777
4.52	26.6161
4.52065	26.6546
4.52335	26.693
4.52614	26.7315
4.52827	26.77
4.53486	26.8084
4.53505	26.8469
4.53561	26.8853
4.53647	26.9238
4.53666	26.9623
4.53739	27.0007
4.53797	27.0378
4.54049	27.0748
4.54904	27.1118
4.55037	27.1489
4.56807	27.1859
4.56929	27.223
4.57142	27.26
4.57409	27.297
4.57555	27.3341
4.57903	27.3711
4.58068	27.4081
4.58204	27.4452
4.58401	27.4822
4.58448	27.5193
4.58515	27.5563
4.58587	27.5933
4.58733	27.6304
4.58875	27.6674
4.5902	27.7044
4.59458	27.7415
4.60153	27.7785
4.60608	27.8155
4.60853	27.8526
4.60973	27.8896
4.61013	27.9267
4.61132	27.9637
4.61339	13.9818
4.61454	14.0588
4.61507	14.1302
4.6161	14.2016
4.6172	14.2731
4.62543	14.3445
4.62626	14.4159
4.62704	14.4873
4.63037	14.5588
4.63172	14.6302
4.63653	14.7016
4.6472	14.7731
4.65065	14.8445
4.65137	14.9159
4.65201	14.9873
4.65215	15.0588
4.65232	15.1254
4.65367	15.1921
4.65477	15.2588
4.6597	15.3254
4.66673	15.3921
4.66867	15.4588
4.6702	15.5254
4.67074	15.5921
4.67144	15.6588
4.6737	15.7254
4.6741	15.7921
4.69421	15.8588
4.69562	15.9254
4.69745	15.9921
4.69899	16.0588
4.70097	16.1213
4.70166	16.1838
4.70444	16.2463
4.70873	16.3088
4.71405	16.3713
4.71497	16.4338
4.71755	16.4963
4.71943	16.5588
4.72488	16.6213
4.72716	16.6838
4.72811	16.7463
4.75002	16.8088
4.75186	16.8713
4.75214	16.9338
4.75284	16.9963
4.75422	17.0588
4.7562	17.1176
4.75644	17.1764
4.75698	17.2352
4.75836	17.2941
4.75974	17.3529
4.7604	17.4117
4.76363	17.4705
4.76502	17.5294
4.76641	17.5882
4.76778	17.647
4.76956	17.7058
4.80058	17.7647
4.80155	17.8235
4.80467	17.8823
4.80743	17.9411
4.80978	17.9999
4.81084	18.0588
4.81357	18.1143
4.81635	18.1699
4.82228	18.2254
4.82368	18.281
4.82949	18.3365
4.83415	18.3921
4.83553	18.4477
4.84047	18.5032
4.84225	18.5588
4.84295	18.6143
4.8434	18.6699
4.8681	18.7254
4.87013	18.781
4.87153	18.8365
4.87345	18.8921
4.87636	18.9477
4.87984	19.0032
4.8819	19.0558
4.88742	19.1085
4.89296	19.1611
4.89662	19.2137
4.89944	19.2664
4.90145	19.319
4.90909	19.3716
4.91131	19.4243
4.91506	19.4769
4.91762	19.5295
4.91876	19.5822
4.92013	19.6348
4.93999	19.6874
4.9403	19.7401
4.94368	19.7927
4.94456	19.8453
4.94791	9.92266
4.95186	10.0338
4.95392	10.1338
4.95548	10.2338
4.95816	10.3338
4.9591	10.4338
4.96087	10.5338
4.96152	10.6338
4.9639	10.7338
4.96854	10.8338
4.97279	10.9338
4.97557	11.0338
4.97675	11.1247
4.97744	11.2156
4.97915	11.3065
4.99132	11.3974
4.99165	11.4883
4.99341	11.5792
4.99504	11.6701
5.02173	11.761
5.02457	11.852
5.02519	11.9429
5.02651	12.0338
5.02793	12.1171
5.02858	12.2004
5.03281	12.2838
5.05472	12.3671
5.05512	12.4504
5.05571	12.5338
5.05633	12.6171
5.07444	12.7004
5.07671	12.7838
5.07787	12.8671
5.08093	12.9504
5.08326	13.0338
5.08513	13.1107
5.08603	13.1876
5.10537	13.2645
5.11448	13.3415
5.11554	13.4184
5.1157	13.4953
5.11914	13.5722
5.12618	13.6492
5.12889	13.7261
5.12962	13.803
5.13233	13.8799
5.13648	13.9568
5.13715	14.0338
5.13926	14.1052
5.13995	14.1766
5.14715	14.2481
5.15703	14.3195
5.15731	14.3909
5.15791	14.4623
5.15868	14.5338
5.15915	14.6052
5.16215	14.6766
5.16634	14.7481
5.16823	14.8195
5.17442	14.8909
5.17516	14.9623
5.17815	15.0338
5.1843	15.1004
5.18501	15.1671
5.19101	15.2338
5.2068	15.3004
5.20957	15.3671
5.21176	15.4338
5.21386	15.5004
5.21505	15.5671
5.21642	15.6338
5.21848	15.7004
5.21983	15.7671
5.22196	15.8338
5.2233	15.9004
5.2288	15.9671
5.23026	16.0338
5.23565	16.0963
5.23628	16.1588
5.2373	16.2213
5.25728	16.2838
5.25846	16.3463
5.26067	16.4088
5.26205	16.4713
5.26315	16.5338
5.26459	16.5963
5.26602	16.6588
5.26843	16.7213
5.27049	16.7838
5.27126	16.8463
5.27497	16.9088
5.27534	16.9713
5.2759	17.0338
5.28133	17.0926
5.28268	17.1514
5.28407	17.2102
5.30114	17.2691
5.30429	17.3279
5.30573	17.3867
5.30707	17.4455
5.30844	17.5044
5.30986	17.5632
5.3112	17.622
5.31194	17.6808
5.31478	17.7397
5.31687	17.7985
5.32137	17.8573
5.32219	17.9161
5.32324	17.9749
5.32391	18.0338
5.32764	18.0893
5.3281	18.1449
5.32938	18.2004
5.34836	18.256
5.34962	18.3115
5.35109	18.3671
5.35265	18.4227
5.35446	18.4782
5.35554	18.5338
5.35737	18.5893
5.3582	18.6449
5.36088	18.7004
5.36248	18.756
5.36733	18.8115
5.36818	18.8671
5.36951	18.9227
5.37179	18.9782
5.37566	19.0338
5.38246	19.0864
5.38481	19.139
5.38736	19.1917
5.39599	19.2443
5.39642	19.2969
5.39661	19.3496
5.39775	19.4022
5.40103	19.4548
5.40401	19.5075
5.40539	19.5601
5.40746	19.6127
5.40951	19.6654
5.41152	19.718
5.41446	19.7706
5.41633	19.8232
5.41859	19.8759
5.42051	19.9285
5.42258	19.9811
5.42395	20.0338
5.42811	20.0838
5.4313	20.1338
5.43495	20.1838
5.4497	20.2338
5.4505	20.2838
5.45175	20.3338
5.4524	20.3838
5.45629	20.4338
5.45862	20.4838
5.46071	20.5338
5.46373	20.5838
5.46609	20.6338
5.46921	20.6838
5.47194	20.7338
5.47259	20.7838
5.47495	20.8338
5.47856	20.8838
5.47901	20.9338
5.48016	20.9838
5.4805	21.0338
5.48515	21.0814
5.4888	21.129
5.49016	21.1766
5.51691	21.2242
5.51753	21.2719
5.51793	21.3195
5.51858	21.3671
5.51964	21.4147
5.52177	21.4623
5.52248	21.51
5.52402	21.5576
5.5259	21.6052
5.53323	21.6528
5.53592	21.7004
5.53736	21.7481
5.53864	21.7957
5.54059	21.8433
5.54127	21.8909
5.54362	21.9385
5.54402	21.9862
5.54687	22.0338
5.55383	22.0792
5.55583	22.1247
5.55786	22.1701
5.59055	22.2156
5.59123	22.261
5.59194	22.3065
5.59258	22.352
5.59405	22.3974
5.59677	22.4429
5.59723	22.4883
5.59757	22.5338
5.59843	22.5792
5.59962	22.6247
5.60137	22.6701
5.60234	22.7156
5.60342	22.761
5.6037	22.8065
5.60432	22.852
5.60533	22.8974
5.60677	22.9429
5.60845	22.9883
5.60943	23.0338
5.61343	23.0772
5.6139	23.1207
5.61443	23.1642
5.63523	23.2077
5.63564	23.2512
5.63603	23.2946
5.63818	23.3381
5.63921	23.3816
5.64514	23.4251
5.64845	23.4686
5.64857	23.512
5.65022	23.5555
5.6511	23.599
5.65135	23.6425
5.65272	23.6859
5.65457	23.7294
5.65515	23.7729
5.65733	23.8164
5.65762	23.8599
5.66007	23.9033
5.66079	23.9468
5.66146	23.9903
5.66316	24.0338
5.66586	24.0754
5.66787	24.1171
5.67094	24.1588
5.6867	24.2004
5.68732	24.2421
5.69007	24.2838
5.70034	24.3254
5.70133	24.3671
5.70519	24.4088
5.70607	24.4504
5.70696	24.4921
5.70821	24.5338
5.70869	24.5754
5.71019	24.6171
5.7123	24.6588
5.71297	24.7004
5.71385	24.7421
5.72413	24.7838
5.72581	24.8254
5.72684	24.8671
5.72966	24.9088
5.73239	24.9504
5.73443	24.9921
5.73605	25.0338
5.73807	25.0738
5.73971	25.1138
5.74072	25.1538
5.74832	25.1938
5.75043	25.2338
5.75172	25.2738
5.75519	25.3138
5.76094	25.3538
5.76286	25.3938
5.76423	25.4338
5.76562	25.4738
5.76639	25.5138
5.76741	25.5538
5.7688	25.5938
5.77232	25.6338
5.77346	25.6738
5.7748	25.7138
5.77599	25.7538
5.78009	25.7938
5.78146	25.8338
5.78317	25.8738
5.78496	25.9138
5.78727	25.9538
5.78835	25.9938
5.79104	26.0338
5.79726	26.0722
5.7977	26.1107
5.79817	26.1492
5.8236	26.1876
5.82554	26.2261
5.82654	26.2645
5.82677	26.303
5.82729	26.3415
5.8283	26.3799
5.82879	26.4184
5.83082	26.4568
5.83143	26.4953
5.83379	26.5338
5.83511	26.5722
5.83664	26.6107
5.83843	26.6492
5.84008	26.6876
5.84178	26.7261
5.84341	26.7645
5.84739	26.803
5.85886	26.8415
5.86113	26.8799
5.86302	26.9184
5.86479	26.9568
5.86684	26.9953
5.86858	27.0338
5.87185	27.0708
5.87288	27.1078
5.87365	27.1449
5.8871	27.1819
5.89704	27.219
5.89882	27.256
5.90018	27.293
5.90156	27.3301
5.9031	27.3671
5.90504	27.4041
5.90782	27.4412
5.90899	27.4782
5.90974	27.5153
5.91047	27.5523
5.9117	27.5893
5.91272	27.6264
5.91376	27.6634
5.91517	27.7004
5.91548	27.7375
5.91898	27.7745
5.93329	27.8115
5.93751	27.8486
5.9385	27.8856
5.94056	27.9227
5.94261	27.9597
5.94398	27.9967
5.94546	28.0338
5.94743	28.0695
5.94907	28.1052
5.94925	28.1409
5.9591	28.1766
5.96142	28.2123
5.9628	28.2481
5.96487	28.2838
5.96576	28.3195
5.96849	28.3552
5.97344	28.3909
5.97736	28.4266
5.97996	28.4623
5.98066	28.4981
5.98223	28.5338
5.98342	28.5695
5.98484	28.6052
5.98652	28.6409
5.98795	28.6766
5.9885	28.7123
5.99729	28.7481
6.006	28.7838
6.01554	28.8195
6.01724	28.8552
6.01776	28.8909
6.01842	28.9266
6.0191	28.9623
6.02385	28.9981
6.02449	29.0338
6.02486	29.0683
6.02794	29.1027
6.03021	29.1372
6.04122	29.1717
6.0423	29.2062
6.04313	29.2407
6.04407	29.2752
6.04528	29.3096
6.04598	29.3441
6.04804	29.3786
6.04874	29.4131
6.04941	29.4476
6.05087	29.482
6.05223	29.5165
6.05288	29.551
6.06021	29.5855
6.06057	29.62
6.0617	29.6545
6.06254	29.6889
6.06907	29.7234
6.07053	29.7579
6.07772	29.7924
6.08091	29.8269
6.08244	29.8614
6.08543	29.8958
6.08673	29.9303
6.09228	29.9648
6.09419	29.9993
6.09563	30.0338
6.09625	30.0671
6.09786	30.1004
6.09912	30.1338
6.11046	30.1671
6.11127	30.2004
6.11323	30.2338
6.11447	30.2671
6.11766	30.3004
6.12341	30.3338
6.12348	30.3671
6.12425	30.4004
6.12869	30.4338
6.13822	30.4671
6.13956	30.5004
6.14092	30.5338
6.14158	30.5671
6.14295	30.6004
6.14366	30.6338
6.14454	30.6671
6.14604	30.7004
6.14847	30.7338
6.14997	30.7671
6.15353	30.8004
6.15488	30.8338
6.15778	30.8671
6.15909	30.9004
6.16083	30.9338
6.16218	30.9671
6.1636	31.0004
6.16606	31.0327
6.16626	31.065
6.167	31.0972
6.16717	31.1295
6.1928	31.1617
6.19373	31.194
6.20504	31.2262
6.20646	31.2585
6.20857	31.2908
6.20969	31.323
6.212	31.3553
6.21411	31.3875
6.21527	31.4198
6.21686	31.4521
6.21935	31.4843
6.22008	31.5166
6.22149	31.5488
6.2221	31.5811
6.22279	31.6133
6.22347	31.6456
6.22422	31.6779
6.22479	31.7101
6.22568	31.7424
6.22635	31.7746
6.22844	31.8069
6.22944	31.8391
6.22974	31.8714
6.23029	31.9037
6.23356	31.9359
6.23374	31.9682
6.23431	32.0004
6.23589	32.0317
6.23685	32.0629
6.23731	32.0942
6.23872	32.1254
6.25053	32.1567
6.25124	32.1879
6.26237	32.2192
6.26306	32.2504
6.2635	32.2817
6.26413	32.3129
6.26622	32.3442
6.2677	32.3754
6.26839	32.4067
6.26895	32.4379
6.27032	32.4692
6.27107	32.5004
6.27323	32.5317
6.27454	32.5629
6.27583	32.5942
6.27661	32.6254
6.27788	32.6567
6.27857	32.6879
6.27999	32.7192
6.28142	32.7504
6.28232	32.7817
6.28347	32.8129
6.28479	32.8442
6.28552	32.8754
6.28796	32.9067
6.2889	32.9379
6.29139	32.9692
6.29197	33.0004
6.29343	33.0307
6.29379	33.061
6.29449	33.0913
6.29521	33.1217
6.3091	33.152
6.31261	33.1823
6.31901	33.2126
6.31962	33.2429
6.32168	33.2732
6.32264	33.3035
6.32452	33.3338
6.32463	33.3641
6.32596	33.3944
6.3271	33.4247
6.32853	33.455
6.33014	33.4853
6.33118	33.5156
6.33256	33.5459
6.33401	33.5762
6.33472	33.6065
6.33604	33.6368
6.33747	33.6671
6.33879	33.6974
6.34017	33.7277
6.34152	33.758
6.34499	33.7883
6.34703	33.8186
6.34783	33.8489
6.34839	33.8792
6.34938	33.9095
6.3522	33.9398
6.35417	33.9701
6.35439	34.0004
6.36531	34.0299
6.36646	34.0593
6.37048	34.0887
6.37416	34.1181
6.38332	34.1475
6.38372	34.1769
6.38524	34.2063
6.38632	34.2357
6.38688	34.2651
6.38717	34.2946
6.38732	34.324
6.38809	34.3534
6.38869	34.3828
6.39078	34.4122
6.39145	34.4416
6.39353	34.471
6.39561	34.5004
6.39643	34.5299
6.39782	34.5593
6.39899	34.5887
6.39983	34.6181
6.40163	34.6475
6.40287	34.6769
6.40356	34.7063
6.40467	34.7357
6.40498	34.7651
6.4059	34.7946
6.40666	34.824
6.40743	34.8534
6.40876	34.8828
6.4143	34.9122
6.42191	34.9416
6.42764	34.971
6.42945	35.0004
6.43245	35.029
6.43442	35.0576
6.43541	35.0862
6.43648	35.1147
6.44336	35.1433
6.44412	35.1719
6.44499	35.2004
6.44685	35.229
6.44703	35.2576
6.4472	35.2862
6.4476	35.3147
6.44859	35.3433
6.44996	35.3719
6.45454	35.4004
6.45863	35.429
6.46136	35.4576
6.46278	35.4862
6.46678	35.5147
6.46822	35.5433
6.46894	35.5719
6.46995	35.6004
6.47175	35.629
6.47255	35.6576
6.4735	35.6862
6.47419	35.7147
6.47454	35.7433
6.47528	35.7719
6.47593	35.8004
6.47693	35.829
6.47732	35.8576
6.47799	35.8862
6.48074	35.9147
6.48117	35.9433
6.48191	35.9719
6.48251	36.0004
6.48542	36.0282
6.48663	36.056
6.48759	36.0838
6.48866	36.1115
6.50334	36.1393
6.50357	36.1671
6.50456	36.1949
6.50646	36.2227
6.50731	36.2504
6.50809	36.2782
6.50824	36.306
6.51045	36.3338
6.51087	36.3615
6.51194	36.3893
6.5135	36.4171
6.51524	36.4449
6.51669	36.4727
6.51729	36.5004
6.51972	36.5282
6.52405	36.556
6.52549	36.5838
6.53044	36.6115
6.53222	36.6393
6.5334	36.6671
6.53657	36.6949
6.53873	36.7227
6.53894	36.7504
6.53923	36.7782
6.54015	36.806
6.54392	36.8338
6.54431	36.8615
6.55051	36.8893
6.55162	36.9171
6.55494	36.9449
6.55658	36.9727
6.55874	37.0004
6.5601	37.0275
6.56142	37.0545
6.56351	37.0815
6.56558	37.1085
6.58231	37.1356
6.58249	37.1626
6.58349	37.1896
6.58556	37.2167
6.58803	37.2437
6.59216	37.2707
6.59353	37.2977
6.59562	37.3248
6.59635	37.3518
6.59839	37.3788
6.59982	37.4058
6.60183	37.4329
6.60362	37.4599
6.60804	37.4869
6.6082	37.514
6.60857	37.541
6.60912	37.568
6.60982	37.595
6.61004	37.6221
6.61078	37.6491
6.61197	37.6761
6.61247	37.7031
6.6142	37.7302
6.6163	37.7572
6.61771	37.7842
6.62004	37.8112
6.62211	37.8383
6.62327	37.8653
6.62407	37.8923
6.62473	37.9194
6.62543	37.9464
6.6273	37.9734
6.63235	38.0004
6.64317	38.0268
6.6445	38.0531
6.65061	38.0794
6.65762	38.1057
6.66297	38.132
6.66469	38.1583
6.67088	38.1846
6.67571	38.211
6.67713	38.2373
6.67775	38.2636
6.68178	38.2899
6.68239	38.3162
6.68325	38.3425
6.68376	38.3689
6.68417	38.3952
6.68572	38.4215
6.68862	38.4478
6.6898	38.4741
6.69094	38.5004
6.69287	38.5268
6.69465	38.5531
6.69582	38.5794
6.70059	38.6057
6.70372	38.632
6.70413	38.6583
6.70706	38.6846
6.70899	38.711
6.71096	38.7373
6.71176	38.7636
6.71387	38.7899
6.71463	38.8162
6.71694	38.8425
6.7188	38.8689
6.71916	38.8952
6.72141	19.4476
6.72921	19.5002
6.7339	19.5529
6.73529	19.6055
6.73686	19.6581
6.74109	19.7107
6.74136	19.7634
6.74223	19.816
6.74331	19.8686
6.74365	19.9213
6.74421	19.9739
6.74643	20.0265
6.74716	20.0765
6.74778	20.1265
6.74933	20.1765
6.75091	20.2265
6.75168	20.2765
6.75508	20.3265
6.75645	20.3765
6.75864	20.4265
6.75888	20.4765
6.76305	20.5265
6.76443	20.5765
6.76514	20.6265
6.76793	20.6765
6.77076	20.7265
6.77339	20.7765
6.77499	20.8265
6.77573	20.8765
6.77643	20.9265
6.77831	20.9765
6.77889	21.0265
6.77983	21.0742
6.79087	21.1218
6.79378	21.1694
6.81774	21.217
6.82005	21.2646
6.82456	21.3122
6.82544	21.3599
6.82746	21.4075
6.82868	21.4551
6.83086	21.5027
6.83223	21.5503
6.83293	21.598
6.83494	21.6456
6.83707	21.6932
6.83983	21.7408
6.84183	21.7884
6.84429	21.8361
6.84711	21.8837
6.84918	21.9313
6.84993	21.9789
6.85343	22.0265
6.85648	22.072
6.85697	22.1174
6.85968	22.1629
6.86347	22.2084
6.86367	22.2538
6.86438	22.2993
6.86453	22.3447
6.86559	22.3902
6.86598	22.4356
6.86613	22.4811
6.86666	22.5265
6.86789	22.572
6.86998	22.6174
6.87143	22.6629
6.87449	22.7084
6.87553	22.7538
6.87629	22.7993
6.87905	22.8447
6.88036	22.8902
6.8834	22.9356
6.88616	22.9811
6.88776	23.0265
6.89047	23.07
6.89099	23.1135
6.89318	23.157
6.90048	23.2004
6.90114	23.2439
6.90276	23.2874
6.90389	23.3309
6.90531	23.3744
6.90807	23.4178
6.90923	23.4613
6.9102	23.5048
6.91088	23.5483
6.91292	23.5918
6.91377	23.6352
6.91511	23.6787
6.91605	23.7222
6.91719	23.7657
6.91851	23.8091
6.91933	23.8526
6.92145	23.8961
6.9233	23.9396
6.92824	23.9831
6.92866	24.0265
6.93621	24.0682
6.93802	24.1099
6.94023	24.1515
6.9459	24.1932
6.94718	24.2349
6.94884	24.2765
6.9513	24.3182
6.95212	24.3599
6.95444	24.4015
6.95502	24.4432
6.95521	24.4849
6.95545	24.5265
6.95566	24.5682
6.95617	24.6099
6.9567	24.6515
6.9573	24.6932
6.95907	24.7349
6.96511	24.7765
6.96649	24.8182
6.9681	24.8599
6.96848	24.9015
6.9715	24.9432
6.97224	24.9849
6.97277	25.0265
6.97783	25.0665
6.97965	25.1065
6.98143	25.1465
6.987	25.1865
6.98901	25.2265
6.99092	25.2665
6.99528	25.3065
6.99614	25.3465
6.9993	25.3865
6.99962	25.4265
7.00044	25.4665
7.00075	25.5065
7.00154	25.5465
7.00294	25.5865
7.0038	25.6265
7.00506	25.6665
7.00759	25.7065
7.00934	25.7465
7.00961	25.7865
7.01125	25.8265
7.01317	25.8665
7.01545	25.9065
7.01675	25.9465
7.01824	25.9865
7.02002	26.0265
7.022	26.065
7.02723	26.1035
7.02774	26.1419
7.02841	26.1804
7.02981	26.2188
7.03115	26.2573
7.03246	26.2958
7.03457	26.3342
7.03639	26.3727
7.03692	26.4112
7.03759	26.4496
7.03968	26.4881
7.04241	26.5265
7.04517	26.565
7.04855	26.6035
7.0506	26.6419
7.05346	26.6804
7.05482	26.7188
7.05614	26.7573
7.05792	26.7958
7.05825	26.8342
7.05902	26.8727
7.05971	26.9112
7.06029	26.9496
7.0624	26.9881
7.06446	27.0265
7.06579	27.0636
7.072	27.1006
7.07414	27.1376
7.07648	27.1747
7.07716	27.2117
7.07757	27.2488
7.0793	27.2858
7.08063	27.3228
7.08176	27.3599
7.08478	27.3969
7.08735	27.4339
7.09003	27.471
7.09283	27.508
7.0941	27.5451
7.09711	27.5821
7.09963	27.6191
7.10133	27.6562
7.10315	27.6932
7.10518	27.7302
7.10723	27.7673
7.1079	27.8043
7.11162	27.8413
7.1141	27.8784
7.11689	27.9154
7.11967	27.9525
7.12099	27.9895
7.12325	28.0265
7.12387	28.0622
7.12668	28.098
7.12987	28.1337
7.13003	28.1694
7.13036	28.2051
7.13227	28.2408
7.1386	28.2765
7.13966	28.3122
7.14683	28.348
7.14763	28.3837
7.14831	28.4194
7.14875	28.4551
7.14937	28.4908
7.15074	28.5265
7.15207	28.5622
7.1556	28.598
7.15833	28.6337
7.16053	28.6694
7.1654	28.7051
7.16658	28.7408
7.16857	28.7765
7.16998	28.8122
7.17134	28.848
7.17555	28.8837
7.17696	28.9194
7.17774	28.9551
7.18061	28.9908
7.18193	29.0265
7.18698	29.061
7.20133	29.0955
7.20485	29.13
7.20532	29.1645
7.20735	29.1989
7.21015	29.2334
7.21358	29.2679
7.21629	29.3024
7.22107	29.3369
7.22254	29.3714
7.22394	29.4058
7.22522	29.4403
7.22655	29.4748
7.22792	29.5093
7.22861	29.5438
7.23139	29.5783
7.23309	29.6127
7.23435	29.6472
7.24045	29.6817
7.24287	29.7162
7.24391	29.7507
7.24454	29.7852
7.24603	29.8196
7.25915	29.8541
7.25994	29.8886
7.26035	29.9231
7.26209	29.9576
7.26601	29.9921
7.26877	30.0265
7.27078	30.0599
7.28119	30.0932
7.28518	30.1265
7.28592	30.1599
7.28788	30.1932
7.28855	30.2265
7.29075	30.2599
7.2916	30.2932
7.29643	30.3265
7.29901	30.3599
7.30052	30.3932
7.30247	30.4265
7.30524	30.4599
7.30692	30.4932
7.30896	30.5265
7.31044	30.5599
7.31106	30.5932
7.31169	30.6265
7.3135	30.6599
7.3146	30.6932
7.31518	30.7265
7.31585	30.7599
7.31805	30.7932
7.32785	30.8265
7.32802	30.8599
7.3285	30.8932
7.32984	30.9265
7.33075	30.9599
7.33132	30.9932
7.33207	31.0265
7.3332	31.0588
7.33753	31.0911
7.34114	31.1233
7.34236	31.1556
7.34385	31.1878
7.34444	31.2201
7.34591	31.2523
7.34643	31.2846
7.34725	31.3169
7.34848	31.3491
7.34918	31.3814
7.35	31.4136
7.35122	15.7068
7.35294	15.7735
7.35637	15.8401
7.36047	15.9068
7.36228	15.9735
7.36319	16.0401
7.3645	16.1026
7.36539	16.1651
7.36629	16.2276
7.36678	16.2901
7.36811	16.3526
7.37868	16.4151
7.38146	16.4776
7.3822	16.5401
7.38982	16.6026
7.39167	16.6651
7.39184	16.7276
7.39206	16.7901
7.39269	16.8526
7.39393	16.9151
7.39488	16.9776
7.39524	17.0401
7.39599	17.099
7.39658	17.1578
7.39809	17.2166
7.3989	17.2754
7.40077	17.3343
7.40212	17.3931
7.4043	17.4519
7.40705	17.5107
7.40878	17.5696
7.42802	17.6284
7.42854	17.6872
7.42922	17.746
7.4301	17.8049
7.431	17.8637
7.43285	17.9225
7.4358	17.9813
7.43742	18.0401
7.43931	18.0957
7.4403	18.1513
7.44173	18.2068
7.44237	18.2624
7.44372	18.3179
7.44508	18.3735
7.44789	18.429
7.44921	18.4846
7.45205	18.5401
7.47144	18.5957
7.47296	18.6513
7.47511	18.7068
7.47897	18.7624
7.48264	18.8179
7.48619	18.8735
7.48879	18.929
7.49014	18.9846
7.49166	19.0401
7.49235	19.0928
7.49307	19.1454
7.49443	19.198
7.49593	19.2507
7.4969	19.3033
7.49766	19.3559
7.49827	19.4086
7.49888	19.4612
7.49933	19.5138
7.51512	19.5665
7.51855	19.6191
7.51939	19.6717
7.52381	19.7244
7.52522	19.777
7.52833	19.8296
7.53178	19.8823
7.53592	19.9349
7.53741	19.9875
7.53842	20.0401
7.54359	20.0901
7.54627	20.1401
7.54838	20.1901
7.54912	20.2401
7.55073	20.2901
7.55191	20.3401
7.55317	20.3901
7.55386	20.4401
7.55936	20.4901
7.57239	20.5401
7.57759	20.5901
7.57878	20.6401
7.57912	20.6901
7.57941	20.7401
7.58014	20.7901
7.58082	20.8401
7.58156	20.8901
7.58499	20.9401
7.58716	20.9901
7.58837	21.0401
7.58977	21.0878
7.59121	21.1354
7.59325	21.183
7.59533	21.2306
7.59886	21.2782
7.60156	21.3259
7.60436	21.3735
7.60498	21.4211
7.60574	21.4687
7.62619	21.5163
7.62813	21.564
7.62872	21.6116
7.63124	21.6592
7.63161	21.7068
7.63223	21.7544
7.63352	21.8021
7.63421	21.8497
7.63497	21.8973
7.6356	21.9449
7.63707	21.9925
7.63843	22.0401
7.63929	22.0856
7.63989	22.1311
7.64143	22.1765
7.64958	22.222
7.65563	22.2674
7.65986	22.3129
7.66184	22.3583
7.66335	22.4038
7.66751	22.4492
7.67384	22.4947
7.67599	22.5401
7.67736	22.5856
7.67992	22.6311
7.68196	22.6765
7.68403	22.722
7.68565	22.7674
7.68691	22.8129
7.68879	22.8583
7.69137	22.9038
7.69166	22.9492
7.69321	22.9947
7.69439	23.0401
7.6978	23.0836
7.69933	23.1271
7.702	23.1706
7.70469	23.2141
7.70827	23.2575
7.70972	23.301
7.71239	23.3445
7.71589	23.388
7.72652	23.4315
7.73021	23.4749
7.73119	23.5184
7.73321	23.5619
7.73459	23.6054
7.73621	23.6488
7.74027	23.6923
7.74303	23.7358
7.74427	23.7793
7.74733	23.8228
7.75284	23.8662
7.75586	23.9097
7.75817	23.9532
7.75947	23.9967
7.76082	24.0401
7.76324	24.0818
7.76447	24.1235
7.76949	24.1651
7.77287	24.2068
7.77747	24.2485
7.77818	24.2901
7.78024	24.3318
7.78231	24.3735
7.78374	24.4151
7.78999	24.4568
7.79358	24.4985
7.79557	24.5401
7.7971	24.5818
7.79765	24.6235
7.79861	24.6651
7.80168	24.7068
7.80264	24.7485
7.80312	24.7901
7.808	12.3951
7.80923	12.4784
7.81064	12.5617
7.81293	12.6451
7.81678	12.7284
7.81818	12.8117
7.82105	12.8951
7.82237	12.9784
7.82439	13.0617
7.82492	13.1387
7.82715	13.2156
7.82857	13.2925
7.82993	13.3694
7.8335	13.4464
7.83835	13.5233
7.84382	13.6002
7.84516	13.6771
7.84583	13.754
7.84799	13.831
7.85135	13.9079
7.85202	13.9848
7.85354	14.0617
7.85581	14.1332
7.85686	14.2046
7.86245	14.276
7.86259	14.3475
7.86806	14.4189
7.87561	14.4903
7.88063	14.5617
7.88125	14.6332
7.88206	14.7046
7.88271	14.776
7.88341	14.8475
7.88619	14.9189
7.89007	14.9903
7.89043	15.0617
7.89121	15.1284
7.89178	15.1951
7.89701	15.2617
7.89727	15.3284
7.90713	15.3951
7.9184	15.4617
7.92185	15.5284
7.92223	15.5951
7.92236	15.6617
7.9227	15.7284
7.92332	15.7951
7.9236	15.8617
7.92408	15.9284
7.92517	15.9951
7.92556	16.0617
7.92679	16.1242
7.92735	16.1867
7.93141	16.2492
7.9328	16.3117
7.93491	16.3742
7.94465	16.4367
7.94796	16.4992
7.94948	16.5617
7.95002	16.6242
7.95078	16.6867
7.95139	16.7492
7.9521	16.8117
7.9528	16.8742
7.95391	16.9367
7.9544	16.9992
7.95531	17.0617
7.9579	17.1206
7.95819	17.1794
7.97286	17.2382
7.97421	17.297
7.98283	17.3559
7.9902	17.4147
7.99243	17.4735
7.99372	17.5323
7.99396	17.5912
7.99624	17.65
7.99902	17.7088
8.00077	17.7676
8.00353	17.8264
8.01496	17.8853
8.01584	17.9441
8.01722	18.0029
8.01847	18.0585
8.02119	18.114
8.02473	18.1696
8.03291	18.2251
8.03456	18.2807
8.04113	18.3363
8.04557	18.3918
8.04693	18.4474
8.04862	18.5029
8.04919	18.5585
8.05121	18.614
8.05414	18.6696
8.05894	18.7251
8.07092	18.7807
8.07143	18.8363
8.07178	18.8918
8.07246	18.9474
8.07387	19.0029
8.07551	19.0555
8.07614	19.1082
8.08598	19.1608
8.09032	19.2134
8.09864	19.2661
8.10334	19.3187
8.10663	19.3713
8.1146	19.424
8.11814	19.4766
8.12166	19.5292
8.12257	19.5819
8.12437	19.6345
8.13779	19.6871
8.13885	19.7398
8.13992	19.7924
8.1405	19.845
8.14154	19.8977
8.14173	19.9503
8.14486	20.0029
8.14989	20.0529
8.15402	20.1029
8.16004	20.1529
8.16342	20.2029
8.16551	20.2529
8.17083	20.3029
8.1765	20.3529
8.18039	20.4029
8.18447	20.4529
8.18584	20.5029
8.18788	20.5529
8.19496	20.6029
8.19617	20.6529
8.19677	20.7029
8.19784	20.7529
8.19997	20.8029
8.20044	20.8529
8.20616	20.9029
8.20857	10.4515
8.20903	10.5515
8.21641	10.6515
8.21839	10.7515
8.21977	10.8515
8.22273	10.9515
8.22591	11.0515
8.23226	11.1424
8.23496	11.2333
8.23698	11.3242
8.23824	11.4151
8.24125	11.506
8.2452	11.5969
8.24672	11.6878
8.24818	11.7787
8.2493	11.8696
8.25007	11.9605
8.25083	12.0515
8.25328	12.1348
8.27936	12.2181
8.28807	12.3015
8.29191	12.3848
8.29309	12.4681
8.30072	12.5515
8.30344	12.6348
8.30504	12.7181
8.30802	12.8015
8.3091	12.8848
8.31455	12.9681
8.33718	13.0515
8.3488	13.1284
8.35489	13.2053
8.35613	13.2822
8.36027	13.3592
8.36166	13.4361
8.36231	13.513
8.36486	13.5899
8.36717	13.6668
8.38401	13.7438
8.40173	13.8207
8.40312	13.8976
8.4059	13.9745
8.41227	14.0515
8.4157	14.1229
8.42006	14.1943
8.4213	14.2657
8.42518	14.3372
8.42632	14.4086
8.42884	14.48
8.43181	14.5515
8.43478	14.6229
8.44979	14.6943
8.45444	14.7657
8.45521	14.8372
8.45857	14.9086
8.46373	14.98
8.46574	15.0515
8.4667	15.1181
8.4678	15.1848
8.46847	7.5924
8.47564	7.73525
8.47624	7.87811
8.47761	8.02097
8.48583	8.14597
8.49019	8.27097
8.50874	8.39597
8.51034	8.52097
8.51071	8.64597
8.51249	8.77097
8.52675	8.89597
8.5288	9.02097
8.53365	9.13208
8.5349	9.24319
8.53729	9.3543
8.56898	9.46541
8.56968	9.57652
8.57664	9.68763
8.59789	9.79875
8.5999	9.90986
8.60116	10.021
8.60424	10.121
8.60441	10.221
8.60691	10.321
8.62426	10.421
8.62566	10.521
8.63789	10.621
8.65301	10.721
8.65627	10.821
8.65964	10.921
8.66122	11.021
8.66241	11.1119
8.66461	11.2028
8.66527	11.2937
8.68564	11.3846
8.68801	11.4755
8.69305	11.5664
8.71206	11.6573
8.71455	11.7482
8.71724	11.8391
8.72143	11.9301
8.7221	12.021
8.72726	12.1043
8.72874	12.1876
8.73231	12.271
8.74929	12.3543
8.75018	12.4376
8.75161	12.521
8.77469	12.6043
8.77619	12.6876
8.7796	12.771
8.78143	12.8543
8.7842	12.9376
8.78496	13.021
8.78608	13.0979
8.7878	13.1748
8.7882	13.2517
8.82634	13.3287
8.82988	13.4056
8.83165	13.4825
8.83499	13.5594
8.83522	13.6364
8.83541	13.7133
8.83578	13.7902
8.84145	13.8671
8.84643	13.944
8.84798	14.021
8.84889	14.0924
8.8918	14.1638
8.89305	14.2353
8.89629	14.3067
8.90112	14.3781
8.90186	14.4495
8.92225	14.521
8.92676	14.5924
8.93251	14.6638
8.9344	14.7353
8.93494	14.8067
8.96086	14.8781
8.963	14.9495
8.96405	15.021
8.96837	15.0876
8.97032	15.1543
8.99132	7.57715
8.99958	7.72001
9.00029	7.86286
9.0033	8.00572
9.00467	8.13072
9.0091	8.25572
9.01023	8.38072
9.0251	8.50572
9.03709	8.63072
9.05755	8.75572
9.05808	8.88072
9.06569	9.00572
9.07484	9.11683
9.07505	9.22794
9.07835	9.33906
9.08006	9.45017
9.08181	9.56128
9.10104	9.67239
9.10529	9.7835
9.10996	9.89461
9.1107	10.0057
9.11418	10.1057
9.11581	10.2057
9.11768	10.3057
9.11899	10.4057
9.12149	10.5057
9.13414	10.6057
9.14401	10.7057
9.15188	10.8057
9.15497	10.9057
9.15771	11.0057
9.15938	11.0966
9.15957	11.1875
9.16023	11.2784
9.16042	11.3694
9.1609	11.4603
9.16912	11.5512
9.1799	11.6421
9.18698	11.733
9.18976	11.8239
9.19089	11.9148
9.1923	12.0057
9.19359	12.0891
9.19411	12.1724
9.19497	12.2557
9.19518	12.3391
9.19584	12.4224
9.21659	12.5057
9.23624	12.5891
9.24282	12.6724
9.24404	12.7557
9.24458	12.8391
9.24523	12.9224
9.24631	13.0057
9.24647	13.0826
9.24758	13.1596
9.24819	13.2365
9.24834	13.3134
9.24851	13.3903
9.25885	13.4673
9.26982	13.5442
9.27634	13.6211
9.27702	13.698
9.27798	13.775
9.28058	13.8519
9.2828	13.9288
9.2887	14.0057
9.2908	14.0772
9.29913	14.1486
9.30082	14.22
9.30838	14.2914
9.31668	14.3629
9.31768	14.4343
9.32825	14.5057
9.33202	14.5772
9.33369	14.6486
9.33575	14.72
9.33918	14.7914
9.34135	14.8629
9.34331	14.9343
9.34409	15.0057
9.3459	15.0724
9.34893	15.1391
9.3531	15.2057
9.35807	15.2724
9.36546	15.3391
9.3671	15.4057
9.37245	15.4724
9.37377	15.5391
9.37483	15.6057
9.37533	15.6724
9.3766	15.7391
9.37935	15.8057
9.39395	15.8724
9.39588	15.9391
9.39676	16.0057
9.40301	16.0682
9.4042	16.1307
9.40561	16.1932
9.40632	16.2557
9.40699	16.3182
9.40942	16.3807
9.41972	16.4432
9.42155	16.5057
9.42293	16.5682
9.42523	16.6307
9.42649	16.6932
9.42835	16.7557
9.43215	16.8182
9.43342	16.8807
9.43634	16.9432
9.43671	17.0057
9.45662	17.0645
9.45816	17.1234
9.4599	17.1822
9.46377	17.241
9.46624	17.2998
9.46796	17.3587
9.46911	17.4175
9.4707	17.4763
9.47184	17.5351
9.4734	17.594
9.47578	17.6528
9.47719	17.7116
9.48167	17.7704
9.48225	17.8293
9.48384	17.8881
9.485	17.9469
9.48642	18.0057
9.50295	18.0613
9.5044	18.1168
9.50984	18.1724
9.51141	18.2279
9.51275	18.2835
9.51477	18.3391
9.51641	18.3946
9.51696	18.4502
9.51772	18.5057
9.51821	18.5613
9.51992	18.6168
9.52141	18.6724
9.52174	18.7279
9.52409	18.7835
9.5252	18.8391
9.52793	18.8946
9.5314	18.9502
9.53213	19.0057
9.54767	19.0584
9.55465	19.111
9.56182	19.1636
9.56324	19.2162
9.56725	19.2689
9.56812	19.3215
9.57208	19.3741
9.57706	19.4268
9.57816	9.71339
9.57889	9.8245
9.58155	9.93561
9.5825	10.0467
9.5844	10.1467
9.58476	10.2467
9.58552	10.3467
9.58794	10.4467
9.58935	10.5467
9.59218	10.6467
9.59422	10.7467
9.60507	10.8467
9.60812	10.9467
9.6093	11.0467
9.61164	11.1376
9.62394	11.2285
9.62591	11.3194
9.63077	11.4104
9.63215	11.5013
9.63564	11.5922
9.6363	11.6831
9.64734	11.774
9.64808	11.8649
9.64883	11.9558
9.65079	12.0467
9.65361	12.1301
9.66702	12.2134
9.66918	12.2967
9.67915	12.3801
9.68156	12.4634
9.68362	12.5467
9.68508	12.6301
9.69358	12.7134
9.69646	12.7967
9.69842	12.8801
9.69986	12.9634
9.70028	13.0467
9.70117	13.1236
9.71797	13.2006
9.71895	13.2775
9.72316	13.3544
9.72568	13.4313
9.72919	13.5083
9.73276	13.5852
9.73533	13.6621
9.73803	13.739
9.73946	13.816
9.74161	13.8929
9.74311	13.9698
9.74499	14.0467
9.74694	14.1181
9.75991	14.1896
9.762	14.261
9.76532	14.3324
9.76972	14.4039
9.77102	14.4753
9.77238	14.5467
9.77441	14.6181
9.77595	14.6896
9.7779	14.761
9.77923	14.8324
9.78079	14.9039
9.7857	14.9753
9.78717	15.0467
9.79118	15.1134
9.80264	15.1801
9.80327	15.2467
9.804	15.3134
9.80595	15.3801
9.80675	15.4467
9.80819	15.5134
9.80979	15.5801
9.81119	15.6467
9.81432	15.7134
9.82059	15.7801
9.82125	15.8467
9.82611	15.9134
9.82712	15.9801
9.82768	16.0467
9.82805	16.1092
9.83722	16.1717
9.83737	16.2342
9.83788	16.2967
9.8392	16.3592
9.84076	16.4217
9.84241	16.4842
9.84528	16.5467
9.84705	16.6092
9.8482	16.6717
9.85104	16.7342
9.85305	16.7967
9.86343	16.8592
9.86691	16.9217
9.86758	16.9842
9.87287	17.0467
9.87559	17.1055
9.88282	17.1644
9.88337	17.2232
9.88567	17.282
9.88643	17.3408
9.88693	17.3997
9.88712	17.4585
9.88792	17.5173
9.88831	17.5761
9.89	17.635
9.89051	17.6938
9.89187	17.7526
9.89753	17.8114
9.90574	17.8702
9.90776	17.9291
9.91797	17.9879
9.91968	18.0467
9.92873	18.1023
9.93992	18.1578
9.94008	18.2134
9.94102	18.2689
9.94312	18.3245
9.94527	18.3801
9.94752	18.4356
9.9492	18.4912
9.94982	18.5467
9.9533	18.6023
9.95644	18.6578
9.9591	18.7134
9.96277	18.7689
9.96962	18.8245
9.97827	18.8801
9.98179	18.9356
9.98198	18.9912
9.98265	19.0467
9.98467	19.0994
9.99805	19.152
9.99956	19.2046
10.0009	19.2572
10.0036	19.3099
10.009	19.3625
10.0124	19.4151
10.0173	19.4678
10.0187	19.5204
10.02	19.573
10.0221	9.78652
10.023	9.89763
10.0249	10.0087
10.0283	10.1087
10.0358	10.2087
10.0372	10.3087
10.0386	10.4087
10.04	10.5087
10.0427	10.6087
10.0482	10.7087
10.0596	10.8087
10.06	10.9087
10.0602	11.0087
10.0605	11.0996
10.0607	11.1906
10.0612	11.2815
10.0633	11.3724
10.0672	11.4633
10.0698	11.5542
10.0868	11.6451
10.0977	11.736
10.0993	11.8269
10.1012	11.9178
10.1018	12.0087
10.1037	12.0921
10.1046	12.1754
10.1054	12.2587
10.1059	12.3421
10.1087	12.4254
10.1103	12.5087
10.1271	12.5921
10.1377	12.6754
10.1388	12.7587
10.1395	12.8421
10.1401	12.9254
10.1423	13.0087
10.143	13.0857
10.1436	13.1626
10.1443	13.2395
10.1457	13.3164
10.1484	13.3934
10.1491	13.4703
10.157	13.5472
10.183	13.6241
10.1853	13.701
10.1857	13.778
10.1877	13.8549
10.1883	13.9318
10.1897	14.0087
10.191	14.0802
10.1916	14.1516
10.1925	14.223
10.1931	14.2945
10.1939	14.3659
10.2	14.4373
10.2127	14.5087
10.2297	14.5802
10.2327	14.6516
10.2342	14.723
10.2379	14.7945
10.2393	14.8659
10.2416	14.9373
10.2427	15.0087
10.2454	15.0754
10.2469	15.1421
10.2475	15.2087
10.2502	15.2754
10.2509	15.3421
10.2535	15.4087
10.2614	15.4754
10.2873	15.5421
10.2898	15.6087
10.2904	15.6754
10.2938	15.7421
10.2951	15.8087
10.2971	15.8754
10.3006	15.9421
10.302	16.0087
10.304	16.0712
10.3048	16.1337
10.3075	16.1962
10.3088	16.2587
10.3109	16.3212
10.3123	16.3837
10.3144	16.4462
10.3334	16.5087
10.3366	16.5712
10.3373	16.6337
10.338	16.6962
10.3393	16.7587
10.341	16.8212
10.3429	16.8837
10.3442	16.9462
10.3455	17.0087
10.3518	17.0676
10.3545	17.1264
10.3575	17.1852
10.3588	17.244
10.3684	17.3029
10.3699	17.3617
10.3705	17.4205
10.375	8.71025
10.3756	8.83525
10.376	8.96025
10.3765	9.08525
10.3768	9.19636
10.377	9.30747
10.3778	9.41859
10.3804	9.5297
10.3839	9.64081
10.3856	9.75192
10.3906	9.86303
10.3912	9.97414
10.3953	10.0853
10.3967	10.1853
10.4015	10.2853
10.4067	10.3853
10.4106	10.4853
10.4188	10.5853
10.4195	10.6853
10.4208	10.7853
10.4222	10.8853
10.4304	10.9853
10.4315	11.0853
10.4335	11.1762
10.4339	11.2671
10.4382	11.358
10.4422	11.4489
10.4508	11.5398
10.4517	11.6307
10.4523	11.7216
10.4615	11.8125
10.4654	11.9034
10.4661	11.9943
10.4685	12.0853
10.469	12.1686
10.471	12.2519
10.4732	12.3353
10.478	12.4186
10.4788	12.5019
10.4794	12.5853
10.4815	12.6686
10.4823	12.7519
10.4831	12.8353
10.4869	12.9186
10.4877	13.0019
10.489	13.0788
10.4972	13.1558
10.5001	13.2327
10.5056	13.3096
10.5069	13.3865
10.5083	13.4635
10.5087	13.5404
10.5089	13.6173
10.5097	13.6942
10.5113	13.7711
10.5124	13.8481
10.5131	13.925
10.5145	14.0019
10.5202	14.0733
10.5289	14.1448
10.5424	14.2162
10.5434	14.2876
10.5442	14.3591
10.5463	14.4305
10.5466	14.5019
10.5479	14.5733
10.5497	14.6448
10.55	14.7162
10.5506	14.7876
10.5537	14.8591
10.5556	14.9305
10.5658	15.0019
10.5692	15.0686
10.5757	15.1353
10.5779	15.2019
10.5782	15.2686
10.5783	15.3353
10.5786	15.4019
10.5793	15.4686
10.5797	15.5353
10.5804	15.6019
10.5812	15.6686
10.5819	15.7353
10.5825	15.8019
10.5868	15.8686
10.5887	15.9353
10.5954	16.0019
10.6091	16.0644
10.6126	16.1269
10.6142	16.1894
10.6146	16.2519
10.6147	16.3144
10.6154	16.3769
10.6177	16.4394
10.6179	16.5019
10.6193	16.5644
10.621	16.6269
10.622	16.6894
10.6244	16.7519
10.6244	8.37596
10.6249	8.50096
10.6263	8.62596
10.6276	8.75096
10.6457	8.87596
10.6546	9.00096
10.6589	9.11207
10.6598	9.22318
10.661	9.33429
10.6623	9.4454
10.6638	9.55652
10.6652	9.66763
10.6659	9.77874
10.6666	9.88985
10.6672	10.001
10.668	10.101
10.6778	10.201
10.6792	10.301
10.6808	10.401
10.6828	10.501
10.6837	10.601
10.6875	10.701
10.6888	10.801
10.6903	10.901
10.6931	11.001
10.6958	11.0919
10.7063	11.1828
10.7064	11.2737
10.7079	11.3646
10.7114	11.4555
10.7141	11.5464
10.7176	11.6373
10.719	11.7282
10.7197	11.8191
10.7204	11.9101
10.721	12.001
10.724	12.0843
10.735	12.1676
10.7384	12.251
10.7391	12.3343
10.7405	12.4176
10.7432	12.501
10.7447	12.5843
10.7461	12.6676
10.7474	12.751
10.7494	12.8343
10.7532	12.9176
10.7549	13.001
10.7577	13.0779
10.7745	13.1548
10.7752	13.2317
10.7757	13.3087
10.7811	13.3856
10.7846	13.4625
10.7873	13.5394
10.789	13.6163
10.79	13.6933
10.7921	13.7702
10.7955	13.8471
10.7976	13.924
10.799	14.001
10.8048	14.0724
10.8232	14.1438
10.8241	14.2152
10.8252	14.2867
10.8289	14.3581
10.8325	14.4295
10.8359	14.501
10.8366	14.5724
10.8374	14.6438
10.8381	14.7152
10.8393	14.7867
10.8401	14.8581
10.8414	14.9295
10.8438	15.001
10.8472	15.0676
10.8678	15.1343
10.8692	15.201
10.8706	15.2676
10.8754	15.3343
10.8774	15.401
10.8802	15.4676
10.8812	15.5343
10.8815	15.601
10.8843	15.6676
10.8898	15.7343
10.8939	15.801
10.8977	15.8676
10.901	15.9343
10.9022	16.001
10.912	16.0635
10.9249	16.126
10.926	16.1885
10.9276	16.251
10.9311	16.3135
10.9339	16.376
10.9388	16.4385
10.94	16.501
10.9427	16.5635
10.9478	16.626
10.9517	16.6885
10.9599	16.751
10.9627	16.8135
10.9648	16.876
10.9661	16.9385
10.9669	17.001
10.9718	17.0598
11.002	17.1186
11.0035	17.1774
11.0054	17.2363
11.0097	17.2951
11.0138	17.3539
11.0169	17.4127
11.0172	17.4715
11.0193	17.5304
11.0262	17.5892
11.0373	17.648
11.0509	17.7068
11.0539	17.7657
11.0564	17.8245
11.0578	17.8833
11.0605	17.9421
11.0619	18.001
11.0631	18.0565
11.0841	18.1121
11.0855	18.1676
11.0868	18.2232
11.0895	18.2787
11.0909	18.3343
11.0937	18.3898
11.0938	18.4454
11.095	18.501
11.1012	18.5565
11.1115	18.6121
11.1308	18.6676
11.1335	18.7232
11.1363	18.7787
11.1392	18.8343
11.1398	18.8898
11.1405	9.44492
11.1412	9.55604
11.1432	9.66715
11.1508	9.77826
11.1516	9.88937
11.1519	10.0005
11.1523	10.1005
11.1544	10.2005
11.1572	10.3005
11.1586	10.4005
11.1621	10.5005
11.1675	10.6005
11.1727	10.7005
11.1751	10.8005
11.1799	10.9005
11.1898	11.0005
11.1923	11.0914
11.2111	11.1823
11.2117	11.2732
11.2123	11.3641
11.2138	11.455
11.2151	11.5459
11.2186	11.6368
11.2234	11.7278
11.2332	5.86388
11.2402	6.06388
11.2414	6.23054
11.2443	6.39721
11.2674	6.56388
11.269	6.73054
11.2698	6.89721
11.2722	7.06388
11.2741	7.20673
11.2762	7.34959
11.2782	7.49245
11.3184	7.6353
11.3191	7.77816
11.3213	7.92102
11.3224	8.06388
11.3247	8.18888
11.3266	8.31388
11.3288	8.43888
11.3856	8.56388
11.3859	8.68888
11.3887	8.81388
11.3894	8.93888
11.3915	9.06388
11.3935	9.17499
11.3948	9.2861
11.3998	9.39721
11.4597	9.50832
11.4611	9.61943
11.4645	9.73054
11.4659	9.84165
11.4665	9.95277
11.4694	10.0639
11.4728	10.1639
11.4768	10.2639
11.4776	10.3639
11.5211	10.4639
11.5232	10.5639
11.528	10.6639
11.5307	10.7639
11.5314	10.8639
11.536	5.43194
11.5373	5.63194
11.5407	5.83194
11.5462	6.03194
11.5476	6.1986
11.5711	6.36527
11.5747	6.53194
11.5782	6.6986
11.581	6.86527
11.5826	7.03194
11.6035	7.1748
11.6429	7.31765
11.6503	7.46051
11.6531	7.60337
11.6598	7.74622
11.6614	7.88908
11.6625	8.03194
11.692	8.15694
11.7245	8.28194
11.7298	8.40694
11.732	8.53194
11.7401	8.65694
11.743	8.78194
11.7439	8.90694
11.7458	9.03194
11.7702	9.14305
11.8006	9.25416
11.809	9.36527
11.8103	9.47638
11.8134	9.58749
11.8147	9.6986
11.8167	9.80972
11.8174	9.92083
11.8181	10.0319
11.8337	10.1319
11.8574	10.2319
11.8625	10.3319
11.8658	10.4319
11.8699	10.5319
11.872	10.6319
11.8741	10.7319
11.8748	10.8319
11.8753	10.9319
11.876	11.0319
11.8768	11.1228
11.899	11.2138
11.9024	11.3047
11.9038	11.3956
11.906	11.4865
11.9084	11.5774
11.9131	11.6683
11.9145	11.7592
11.9172	11.8501
11.9186	11.941
11.9193	12.0319
11.9242	12.1153
11.9396	12.1986
11.9401	12.2819
11.9408	12.3653
11.9417	12.4486
11.9422	12.5319
11.9435	12.6153
11.9456	12.6986
11.949	12.7819
11.951	12.8653
11.9524	12.9486
11.9531	13.0319
11.9539	13.1089
11.9828	13.1858
11.9831	13.2627
11.9834	13.3396
11.9839	13.4166
11.985	13.4935
11.9866	13.5704
11.9872	13.6473
11.9878	13.7242
11.9885	13.8012
11.9899	13.8781
11.9906	13.955
11.9916	14.0319
11.9923	14.1034
12.0225	14.1748
12.0232	14.2462
12.0239	14.3177
12.0246	14.3891
12.0256	14.4605
12.0267	14.5319
12.0274	14.6034
12.028	14.6748
12.0287	14.7462
12.0295	14.8177
12.0301	14.8891
12.0308	14.9605
12.0326	15.0319
12.0327	15.0986
12.0701	15.1653
12.0709	15.2319
12.072	15.2986
12.0726	15.3653
12.0734	15.4319
12.0743	15.4986
12.0748	15.5653
12.0756	15.6319
12.0763	15.6986
12.077	15.7653
12.0781	15.8319
12.0788	15.8986
12.0803	15.9653
12.0809	16.0319
12.0816	16.0944
12.1247	16.1569
12.1261	16.2194
12.1267	16.2819
12.1288	16.3444
12.1297	16.4069
12.13	16.4694
12.1303	16.5319
12.1306	16.5944
12.1318	16.6569
12.1326	16.7194
12.1333	16.7819
12.1344	16.8444
12.1349	16.9069
12.1357	16.9694
12.1366	17.0319
12.1373	17.0908
12.1778	17.1496
12.1783	17.2084
12.181	17.2672
12.1812	17.3261
12.1818	17.3849
12.1822	17.4437
12.1832	17.5025
12.1835	17.5613
12.1842	17.6202
12.185	17.679
12.1859	17.7378
12.1879	17.7966
12.1893	17.8555
12.1899	17.9143
12.191	17.9731
12.1915	18.0319
12.1922	18.0875
12.2256	18.143
12.2266	18.1986
12.2273	18.2542
12.2279	18.3097
12.2287	18.3653
12.2295	18.4208
12.2306	18.4764
12.231	18.5319
12.2319	18.5875
12.2325	18.643
12.2331	18.6986
12.234	18.7542
12.2349	18.8097
12.2357	18.8653
12.2363	18.9208
12.2371	18.9764
12.2378	19.0319
12.2386	19.0846
12.2812	19.1372
12.2813	19.1898
12.2817	19.2425
12.2825	19.2951
12.2849	19.3477
12.2853	19.4004
12.2866	19.453
12.2872	19.5056
12.2879	19.5583
12.2894	19.6109
12.2916	19.6635
12.2926	19.7161
12.2934	19.7688
12.2941	19.8214
12.2955	19.874
12.2979	19.9267
12.2993	19.9793
12.3007	20.0319
12.3022	20.0819
12.3353	20.1319
12.336	20.1819
12.337	20.2319
12.338	20.2819
12.3386	20.3319
12.34	20.3819
12.3428	20.4319
12.3432	20.4819
12.3439	20.5319
12.3446	20.5819
12.346	20.6319
12.3477	20.6819
12.3495	20.7319
12.351	20.7819
12.3523	20.8319
12.3536	20.8819
12.355	20.9319
12.3559	20.9819
12.3566	21.0319
12.3573	21.0796
12.3925	21.1272
12.3954	21.1748
12.3962	21.2224
12.3966	21.27
12.3973	21.3177
12.3997	21.3653
12.401	21.4129
12.4017	21.4605
12.4031	21.5081
12.4061	21.5557
12.4076	21.6034
12.4086	21.651
12.4093	21.6986
12.41	21.7462
12.4114	21.7938
12.412	21.8415
12.4127	21.8891
12.4143	21.9367
12.4148	21.9843
12.4162	22.0319
12.4168	22.0774
12.4506	22.1228
12.4509	22.1683
12.4513	22.2138
12.452	22.2592
12.4535	22.3047
12.4541	22.3501
12.4578	22.3956
12.4582	22.441
12.4595	22.4865
12.4608	22.5319
12.4622	22.5774
12.463	22.6228
12.4636	22.6683
12.4642	22.7138
12.4651	22.7592
12.4657	22.8047
12.4677	22.8501
12.4684	22.8956
12.4712	22.941
12.4726	22.9865
12.4749	23.0319
12.4782	23.0754
12.4949	23.1189
12.4959	23.1624
12.4977	23.2059
12.5026	23.2493
12.5037	23.2928
12.5041	23.3363
12.5047	23.3798
12.5056	23.4232
12.5069	23.4667
12.5075	23.5102
12.5095	23.5537
12.5102	23.5972
12.5116	23.6406
12.5129	23.6841
12.515	23.7276
12.5157	23.7711
12.5178	23.8145
12.5184	23.858
12.5198	23.9015
12.5212	23.945
12.5227	23.9885
12.5247	24.0319
12.5261	24.0736
12.533	24.1153
12.5334	24.1569
12.5337	24.1986
12.5344	24.2403
12.5351	24.2819
12.5364	24.3236
12.5372	24.3653
12.5378	24.4069
12.5385	24.4486
12.5399	24.4903
12.5412	24.5319
12.5426	24.5736
12.5442	24.6153
12.5458	24.6569
12.5487	24.6986
12.5501	24.7403
12.5524	24.7819
12.5547	24.8236
12.5559	24.8653
12.5572	24.9069
12.5586	24.9486
12.5606	24.9903
12.5613	25.0319
12.5635	25.0719
12.5755	25.1119
12.5768	25.1519
12.5776	25.1919
12.5784	25.2319
12.5791	25.2719
12.581	25.3119
12.5824	25.3519
12.5844	25.3919
12.5866	25.4319
12.588	25.4719
12.5887	25.5119
12.5902	25.5519
12.5915	25.5919
12.5941	25.6319
12.5948	25.6719
12.5968	25.7119
12.5982	25.7519
12.5991	25.7919
12.6008	25.8319
12.6026	25.8719
12.6042	25.9119
12.606	25.9519
12.6068	25.9919
12.6075	26.0319
12.6122	26.0704
12.6216	26.1089
12.6243	26.1473
12.6259	26.1858
12.6277	26.2242
12.6281	26.2627
12.629	26.3012
12.631	26.3396
12.636	26.3781
12.6375	26.4166
12.6402	26.455
12.6417	26.4935
12.6424	13.2467
12.645	13.3237
12.6464	13.4006
12.6478	13.4775
12.6497	13.5544
12.651	13.6314
12.6524	13.7083
12.6539	13.7852
12.6556	13.8621
12.6567	13.939
12.6585	14.016
12.6592	14.0874
12.6599	14.1588
12.6613	14.2303
12.6668	14.3017
12.681	14.3731
12.6819	14.4445
12.6844	14.516
12.6863	14.5874
12.6891	14.6588
12.6906	14.7303
12.691	14.8017
12.6916	14.8731
12.693	14.9445
12.6943	15.016
12.6957	15.0826
12.7025	15.1493
12.7041	15.216
12.7078	15.2826
12.7249	15.3493
12.7263	15.416
12.7293	15.4826
12.7305	15.5493
12.7385	15.616
12.7409	15.6826
12.7431	15.7493
12.745	15.816
12.7476	15.8826
12.7489	15.9493
12.751	16.016
12.7524	16.0785
12.7623	16.141
12.7651	16.2035
12.7686	16.266
12.7849	16.3285
12.786	16.391
12.787	16.4535
12.7881	16.516
12.7909	16.5785
12.7933	16.641
12.7947	16.7035
12.7978	16.766
12.7987	16.8285
12.7999	16.891
12.8012	16.9535
12.8026	17.016
12.8046	17.0748
12.8098	17.1336
12.811	17.1924
12.8138	17.2513
12.819	17.3101
12.8195	17.3689
12.8205	17.4277
12.8217	17.4866
12.8223	17.5454
12.8241	17.6042
12.8256	17.663
12.827	17.7219
12.8284	17.7807
12.8298	17.8395
12.8312	17.8983
12.8328	17.9571
12.8345	18.016
12.8358	18.0715
12.8389	18.1271
12.8411	18.1826
12.8451	18.2382
12.8494	18.2937
12.8502	18.3493
12.8509	18.4049
12.8516	18.4604
12.8523	18.516
12.853	18.5715
12.8547	18.6271
12.8573	18.6826
12.8591	18.7382
12.8598	18.7937
12.8628	18.8493
12.8635	18.9049
12.8649	18.9604
12.8656	19.016
12.8669	19.0686
12.869	19.1212
12.8711	19.1739
12.876	19.2265
12.8852	19.2791
12.886	19.3318
12.887	19.3844
12.8876	19.437
12.8889	19.4897
12.8907	19.5423
12.8913	19.5949
12.892	19.6475
12.8935	19.7002
12.8945	19.7528
12.8957	19.8054
12.8971	19.8581
12.8978	19.9107
12.8994	19.9633
12.9013	20.016
12.902	20.066
12.9054	20.116
12.9077	20.166
12.9132	20.216
12.9268	20.266
12.9286	20.316
12.9292	20.366
12.93	20.416
12.9317	20.466
12.9324	20.516
12.9338	20.566
12.9345	20.616
12.936	20.666
12.9385	20.716
12.9397	20.766
12.9413	20.816
12.9419	20.866
12.9429	20.916
12.9435	20.966
12.944	21.016
12.946	21.0636
12.9484	21.1112
12.9494	21.1588
12.9549	21.2064
12.9721	21.2541
12.9729	21.3017
12.9736	21.3493
12.9749	21.3969
12.9776	21.4445
12.9781	21.4922
12.9799	21.5398
12.9812	21.5874
12.9829	21.635
12.9835	21.6826
12.9851	21.7303
12.9861	21.7779
12.9867	21.8255
12.9874	21.8731
12.9888	21.9207
12.9907	21.9684
12.991	22.016
12.9913	22.0614
12.9923	22.1069
12.9937	22.1523
13.0009	22.1978
13.013	22.2432
13.0136	22.2887
13.0145	22.3342
13.0152	22.3796
13.0179	22.4251
13.0186	22.4705
13.0193	22.516
13.0226	22.5614
13.0241	22.6069
13.025	22.6523
13.0288	22.6978
13.0299	22.7432
13.0313	22.7887
13.0322	22.8342
13.0335	22.8796
13.0344	22.9251
13.0349	22.9705
13.0359	23.016
13.0377	23.0594
13.0384	23.1029
13.0404	23.1464
13.0454	23.1899
13.0521	23.2334
13.053	23.2768
13.0547	23.3203
13.0574	23.3638
13.0599	23.4073
13.0608	23.4508
13.0615	23.4942
13.0637	23.5377
13.0654	23.5812
13.067	23.6247
13.0695	23.6681
13.0704	23.7116
13.0711	23.7551
13.0718	23.7986
13.0727	23.8421
13.0734	23.8855
13.0741	23.929
13.0761	23.9725
13.0768	24.016
13.0782	24.0576
13.0804	24.0993
13.0818	24.141
13.0848	24.1826
13.0929	24.2243
13.0936	24.266
13.0946	24.3076
13.095	24.3493
13.0999	24.391
13.1005	24.4326
13.1042	24.4743
13.1053	24.516
13.1078	24.5576
13.1088	24.5993
13.1103	24.641
13.1116	24.6826
13.1129	24.7243
13.1134	24.766
13.1139	24.8076
13.1152	24.8493
13.1159	24.891
13.1174	24.9326
13.1192	24.9743
13.1199	25.016
13.1223	25.056
13.1245	25.096
13.1268	25.136
13.1295	25.176
13.1366	25.216
13.1373	25.256
13.1382	25.296
13.1389	25.336
13.1435	25.376
13.1443	25.416
13.1497	25.456
13.1504	25.496
13.1538	25.536
13.1553	25.576
13.1583	25.616
13.1592	25.656
13.1606	25.696
13.1622	25.736
13.1638	25.776
13.1648	25.816
13.1653	25.856
13.1666	25.896
13.1676	25.936
13.169	25.976
13.1705	26.016
13.1718	26.0544
13.1732	26.0929
13.1745	26.1314
13.176	26.1698
13.1852	26.2083
13.1859	26.2467
13.1867	26.2852
13.1873	26.3237
13.1911	26.3621
13.1921	26.4006
13.1973	26.439
13.1978	26.4775
13.2008	26.516
13.2034	26.5544
13.2048	26.5929
13.2055	26.6314
13.2062	26.6698
13.207	26.7083
13.2083	26.7467
13.209	26.7852
13.2097	26.8237
13.2114	26.8621
13.2127	26.9006
13.214	26.939
13.2147	26.9775
13.2169	27.016
13.2182	27.053
13.2195	27.09
13.2209	27.1271
13.2226	27.1641
13.2323	27.2012
13.2338	27.2382
13.2348	27.2752
13.2354	27.3123
13.2362	27.3493
13.2371	27.3863
13.2393	27.4234
13.2399	27.4604
13.2448	27.4975
13.2461	27.5345
13.2484	27.5715
13.2491	27.6086
13.2495	27.6456
13.2502	27.6826
13.251	27.7197
13.2524	27.7567
13.2532	27.7937
13.2552	27.8308
13.2568	27.8678
13.2584	27.9049
13.2609	27.9419
13.2625	27.9789
13.2638	28.016
13.265	28.0517
13.2674	28.0874
13.2679	28.1231
13.2694	28.1588
13.2777	28.1945
13.2783	28.2303
13.2789	28.266
13.2803	28.3017
13.2805	28.3374
13.2815	28.3731
13.2822	28.4088
13.2827	28.4445
13.2859	28.4803
13.2874	28.516
13.2887	28.5517
13.2894	28.5874
13.2916	28.6231
13.2931	28.6588
13.294	28.6945
13.2955	28.7303
13.2982	28.766
13.2986	28.8017
13.3	28.8374
13.3014	28.8731
13.3027	28.9088
13.3044	28.9445
13.3055	28.9803
13.307	29.016
13.3087	29.0505
13.3103	29.0849
13.311	29.1194
13.3126	29.1539
13.3214	29.1884
13.3221	29.2229
13.3228	29.2573
13.3235	29.2918
13.3241	29.3263
13.3254	29.3608
13.3263	29.3953
13.3272	29.4298
13.3283	29.4642
13.3292	29.4987
13.3293	29.5332
13.3303	29.5677
13.331	29.6022
13.3319	29.6367
13.3334	29.6711
13.3349	29.7056
13.3357	29.7401
13.3377	29.7746
13.3399	29.8091
13.3409	29.8436
13.3424	29.878
13.3441	29.9125
13.346	29.947
13.3473	29.9815
13.3486	30.016
13.35	30.0493
13.3514	30.0826
13.353	30.116
13.3546	30.1493
13.3636	30.1826
13.3649	30.216
13.3686	30.2493
13.3694	30.2826
13.371	30.316
13.3713	30.3493
13.3726	30.3826
13.373	30.416
13.3738	30.4493
13.3739	30.4826
13.3748	30.516
13.376	30.5493
13.3778	30.5826
13.3788	30.616
13.3807	30.6493
13.3816	30.6826
13.3822	30.716
13.383	30.7493
13.3846	30.7826
13.3859	30.816
13.3871	30.8493
13.3898	30.8826
13.3899	30.916
13.3913	30.9493
13.3926	30.9826
13.3941	31.016
13.396	31.0482
13.3975	31.0805
13.3982	31.1127
13.3988	31.145
13.4002	31.1773
13.4023	31.2095
13.4078	31.2418
13.4093	31.274
13.4108	31.3063
13.4119	31.3385
13.4129	31.3708
13.4141	31.4031
13.4146	31.4353
13.4155	31.4676
13.416	31.4998
13.4167	31.5321
13.4173	31.5644
13.4187	31.5966
13.4201	31.6289
13.4215	31.6611
13.4229	31.6934
13.4244	31.7256
13.425	31.7579
13.4264	31.7902
13.4281	31.8224
13.4291	31.8547
13.4305	31.8869
13.4319	31.9192
13.4335	31.9515
13.4346	31.9837
13.4364	32.016
13.4381	32.0472
13.439	32.0785
13.4409	32.1097
13.4421	32.141
13.4433	32.1722
13.4448	32.2035
13.4461	32.2347
13.448	32.266
13.4494	32.2972
13.4521	32.3285
13.4549	32.3597
13.4562	32.391
13.4576	32.4222
13.4587	32.4535
13.4595	32.4847
13.4597	32.516
13.4605	32.5472
13.4612	32.5785
13.4619	32.6097
13.4632	32.641
13.4653	32.6722
13.466	32.7035
13.4674	32.7347
13.4688	32.766
13.4703	32.7972
13.4716	32.8285
13.4736	32.8597
13.4742	32.891
13.4756	32.9222
13.4777	32.9535
13.4791	32.9847
13.4797	33.016
13.4818	33.0463
13.4832	33.0766
13.4839	33.1069
13.4853	33.1372
13.4867	33.1675
13.4873	33.1978
13.4894	33.2281
13.4914	33.2584
13.4922	33.2887
13.4949	33.319
13.4977	33.3493
13.4996	33.3796
13.5011	33.4099
13.5017	33.4402
13.5024	33.4705
13.5031	33.5008
13.5038	33.5311
13.5045	33.5614
13.5052	33.5917
13.506	33.622
13.5067	33.6523
13.5081	33.6826
13.5095	33.7129
13.5115	33.7432
13.513	33.7735
13.515	33.8038
13.5163	33.8342
13.5173	33.8645
13.519	33.8948
13.5208	33.9251
13.5221	33.9554
13.5232	33.9857
13.5246	34.016
13.526	34.0454
13.5273	34.0748
13.5281	34.1042
13.5296	34.1336
13.5309	34.163
13.5314	34.1924
13.5328	34.2219
13.5357	34.2513
13.5381	34.2807
13.5394	34.3101
13.5428	34.3395
13.5449	34.3689
13.547	34.3983
13.5478	34.4277
13.5484	34.4571
13.5491	34.4866
13.5511	34.516
13.5525	34.5454
13.5531	34.5748
13.5535	34.6042
13.5541	34.6336
13.5545	17.3168
13.5571	17.3756
13.5578	17.4345
13.5592	17.4933
13.5608	17.5521
13.5618	17.6109
13.5629	17.6697
13.565	17.7286
13.5657	17.7874
13.5681	17.8462
13.5698	17.905
13.5714	17.9639
13.5729	18.0227
13.5733	18.0782
13.5746	18.1338
13.576	18.1894
13.5767	18.2449
13.5781	18.3005
13.5788	18.356
13.5794	18.4116
13.5825	18.4671
13.5842	18.5227
13.5857	18.5782
13.587	18.6338
13.5898	18.6894
13.5941	18.7449
13.5948	18.8005
13.5955	18.856
13.5961	18.9116
13.5969	18.9671
13.5975	19.0227
13.5982	19.0753
13.5989	19.128
13.6004	19.1806
13.6133	19.2332
13.6151	19.2858
13.6152	19.3385
13.6167	19.3911
13.6181	19.4437
13.6215	19.4964
13.6229	19.549
13.6243	19.6016
13.6256	19.6543
13.6305	19.7069
13.6311	19.7595
13.6318	19.8122
13.6325	19.8648
13.6332	19.9174
13.634	19.9701
13.6347	20.0227
13.6354	20.0727
13.636	20.1227
13.6367	20.1727
13.6503	20.2227
13.6521	20.2727
13.6539	20.3227
13.6551	20.3727
13.6574	20.4227
13.6576	20.4727
13.6591	20.5227
13.6604	20.5727
13.6619	20.6227
13.6633	20.6727
13.6646	20.7227
13.6655	20.7727
13.667	20.8227
13.6681	20.8727
13.6697	20.9227
13.6708	20.9727
13.6723	21.0227
13.6739	21.0703
13.6756	21.1179
13.6762	21.1655
13.6891	21.2132
13.691	21.2608
13.6912	21.3084
13.6918	21.356
13.6925	21.4036
13.6929	21.4513
13.6937	21.4989
13.6944	21.5465
13.6952	21.5941
13.6958	21.6417
13.6965	21.6894
13.6972	21.737
13.6979	21.7846
13.6987	21.8322
13.6993	21.8798
13.7	21.9275
13.7007	21.9751
13.7014	22.0227
13.7021	22.0681
13.7028	22.1136
13.7034	22.1591
13.7129	22.2045
13.7136	22.25
13.7143	22.2954
13.7154	22.3409
13.7164	22.3863
13.7173	22.4318
13.7178	22.4772
13.7189	22.5227
13.7205	22.5681
13.7212	22.6136
13.7218	22.6591
13.7226	22.7045
13.7235	22.75
13.7243	22.7954
13.7255	22.8409
13.7263	22.8863
13.7272	22.9318
13.7279	22.9772
13.7287	23.0227
13.7292	23.0662
13.7302	23.1096
13.74	23.1531
13.7472	23.1966
13.748	23.2401
13.7494	23.2836
13.7496	23.327
13.7513	23.3705
13.7515	23.414
13.7523	23.4575
13.7538	23.501
13.7545	23.5444
13.7556	23.5879
13.757	23.6314
13.7577	23.6749
13.7584	23.7183
13.7597	23.7618
13.7619	23.8053
13.7627	23.8488
13.7635	23.8923
13.7654	23.9357
13.7662	23.9792
13.7672	24.0227
13.7691	24.0644
13.7747	24.106
13.7829	24.1477
13.7906	24.1894
13.7914	24.231
13.7921	24.2727
13.7928	24.3144
13.7935	24.356
13.7942	24.3977
13.795	24.4394
13.7968	24.481
13.7972	24.5227
13.7986	24.5644
13.7998	24.606
13.8012	24.6477
13.8014	24.6894
13.8029	24.731
13.8053	24.7727
13.8077	24.8144
13.8083	24.856
13.8093	24.8977
13.8097	24.9394
13.8112	24.981
13.8119	25.0227
13.814	25.0627
13.82	25.1027
13.828	25.1427
13.8365	25.1827
13.8375	25.2227
13.8385	25.2627
13.8391	25.3027
13.8398	25.3427
13.8406	25.3827
13.8413	25.4227
13.8425	25.4627
13.845	25.5027
13.8458	25.5427
13.8466	25.5827
13.8472	25.6227
13.8481	25.6627
13.8504	25.7027
13.8535	25.7427
13.8548	25.7827
13.8558	25.8227
13.8563	25.8627
13.8572	25.9027
13.8582	25.9427
13.859	25.9827
13.8633	26.0227
13.8635	26.0612
13.8684	26.0996
13.8789	26.1381
13.887	26.1765
13.8881	26.215
13.8888	26.2535
13.8895	26.2919
13.8902	26.3304
13.8919	26.3688
13.8927	26.4073
13.8934	26.4458
13.8941	26.4842
13.8948	26.5227
13.8955	26.5612
13.8964	26.5996
13.8978	26.6381
13.8986	26.6765
13.8993	26.715
13.9	26.7535
13.9007	26.7919
13.9013	26.8304
13.9021	26.8688
13.903	26.9073
13.9034	26.9458
13.9075	26.9842
13.9083	27.0227
13.909	27.0597
13.913	27.0968
13.9216	27.1338
13.9306	27.1708
13.9312	27.2079
13.932	27.2449
13.9327	27.2819
13.9334	27.319
13.9341	27.356
13.9347	27.3931
13.9364	27.4301
13.9371	27.4671
13.9378	27.5042
13.9385	27.5412
13.9392	27.5782
13.9398	27.6153
13.9409	27.6523
13.9413	27.6894
13.9419	27.7264
13.9426	27.7634
13.9433	27.8005
13.9442	27.8375
13.9452	27.8745
13.9459	27.9116
13.9467	27.9486
13.9493	27.9857
13.9502	28.0227
13.9509	28.0584
13.9517	28.0941
13.9569	28.1298
13.9662	28.1655
13.9668	28.2013
13.968	28.237
13.969	28.2727
13.9699	28.3084
13.9706	28.3441
13.9714	28.3798
13.972	28.4155
13.973	28.4513
13.9737	28.487
13.9743	28.5227
13.9752	28.5584
13.9762	28.5941
13.9772	28.6298
13.9776	28.6655
13.9783	28.7013
13.9791	28.737
13.9801	28.7727
13.9809	28.8084
13.9815	28.8441
13.9828	28.8798
13.9837	28.9155
13.9852	28.9513
13.9859	28.987
13.9865	29.0227
13.9875	29.0572
13.988	29.0917
13.9906	29.1261
13.9983	29.1606
13.9989	29.1951
13.9997	29.2296
14.0011	29.2641
14.0019	29.2986
14.0025	29.333
14.0032	29.3675
14.0038	29.402
14.0046	29.4365
14.0053	29.471
14.0061	29.5054
14.0067	29.5399
14.0074	29.5744
14.0081	29.6089
14.0087	29.6434
14.0094	29.6779
14.0101	29.7123
14.0108	29.7468
14.0115	29.7813
14.0121	29.8158
14.0129	29.8503
14.0144	29.8848
14.0154	29.9192
14.016	29.9537
14.0172	29.9882
14.0179	30.0227
14.0187	30.056
14.0203	30.0894
14.0223	30.1227
14.0312	30.156
14.0329	30.1894
14.0331	30.2227
14.0339	30.256
14.0346	30.2894
14.0359	30.3227
14.0366	30.356
14.0373	30.3894
14.038	30.4227
14.0387	30.456
14.0394	30.4894
14.0401	30.5227
14.0408	30.556
14.0416	30.5894
14.0423	30.6227
14.043	30.656
14.0437	30.6894
14.0444	30.7227
14.0451	30.756
14.0458	30.7894
14.0464	30.8227
14.0471	30.856
14.0499	30.8894
14.0507	30.9227
14.052	30.956
14.0523	30.9894
14.0528	31.0227
14.0537	31.0549
14.0543	31.0872
14.0564	31.1195
14.0657	31.1517
14.0664	31.184
14.0672	31.2162
14.0678	31.2485
14.0686	31.2808
14.0692	31.313
14.07	31.3453
14.0708	31.3775
14.0719	31.4098
14.0729	31.442
14.0734	31.4743
14.074	31.5066
14.0747	31.5388
14.0754	31.5711
14.0761	31.6033
14.078	31.6356
14.0786	31.6679
14.0793	31.7001
14.0801	31.7324
14.0806	31.7646
14.0816	31.7969
14.0824	31.8291
14.0835	31.8614
14.0839	31.8937
14.0841	31.9259
14.0855	31.9582
14.0866	31.9904
14.0872	32.0227
14.0879	32.0539
14.0886	32.0852
14.0893	32.1164
14.098	32.1477
14.0987	32.1789
14.1003	32.2102
14.101	32.2414
14.1028	32.2727
14.1033	32.3039
14.1039	32.3352
14.1047	32.3664
14.1057	32.3977
14.1069	32.4289
14.1079	32.4602
14.1086	32.4914
14.109	32.5227
14.1098	32.5539
14.1103	32.5852
14.1111	32.6164
14.1117	32.6477
14.1132	32.6789
14.1139	32.7102
14.1145	32.7414
14.1152	32.7727
14.1159	32.8039
14.1167	32.8352
14.1177	32.8664
14.1184	32.8977
14.1195	32.9289
14.1204	32.9602
14.121	32.9914
14.1237	33.0227
14.1238	33.053
14.1244	33.0833
14.1248	33.1136
14.1291	33.1439
14.1312	33.1742
14.1336	33.2045
14.1343	33.2348
14.1351	33.2651
14.1358	33.2954
14.1366	33.3257
14.1373	33.356
14.1379	33.3863
14.1387	33.4166
14.1405	33.4469
14.1414	33.4772
14.1422	33.5075
14.1437	33.5378
14.1443	33.5681
14.1451	33.5984
14.1458	33.6288
14.1468	33.6591
14.1475	33.6894
14.1481	33.7197
14.149	33.75
14.1494	33.7803
14.1504	33.8106
14.1512	33.8409
14.152	33.8712
14.1526	33.9015
14.1539	33.9318
14.1545	33.9621
14.156	33.9924
14.1563	34.0227
14.1569	34.0521
14.1576	34.0815
14.1585	34.1109
14.1622	34.1403
14.1645	34.1697
14.1654	34.1992
14.1683	34.2286
14.169	34.258
14.1697	34.2874
14.1704	34.3168
14.1718	34.3462
14.1725	34.3756
14.1732	34.405
14.1751	34.4345
14.1758	34.4639
14.1765	34.4933
14.1776	34.5227
14.1779	34.5521
14.1786	34.5815
14.1793	34.6109
14.18	34.6403
14.1807	34.6697
14.1821	34.6992
14.1827	34.7286
14.1836	34.758
14.1842	34.7874
14.185	34.8168
14.1856	34.8462
14.1863	34.8756
14.1881	34.905
14.189	34.9345
14.1911	34.9639
14.1919	34.9933
14.1924	35.0227
14.1932	35.0513
14.1942	35.0798
14.1947	35.1084
14.1954	35.137
14.1961	35.1655
14.1974	35.1941
14.1984	35.2227
14.1989	35.2513
14.2001	35.2798
14.2004	35.3084
14.201	35.337
14.2016	35.3655
14.2023	35.3941
14.2032	35.4227
14.2038	35.4513
14.2044	35.4798
14.2052	35.5084
14.2058	35.537
14.2065	35.5655
14.2076	35.5941
14.2082	35.6227
14.2091	35.6513
14.2105	35.6798
14.2112	35.7084
14.2122	35.737
14.2128	35.7655
14.2134	35.7941
14.2141	35.8227
14.2148	35.8513
14.2178	35.8798
14.2187	35.9084
14.2194	35.937
14.2201	35.9655
14.221	35.9941
14.2217	36.0227
14.2225	36.0505
14.2232	36.0782
14.2241	36.106
14.225	36.1338
14.2256	36.1616
14.2265	36.1894
14.2267	36.2171
14.2275	36.2449
14.2285	36.2727
14.2292	36.3005
14.2298	36.3282
14.2306	36.356
14.2312	36.3838
14.2319	36.4116
14.2331	36.4394
14.2336	36.4671
14.2345	36.4949
14.2354	36.5227
14.2362	36.5505
14.2377	36.5782
14.2387	36.606
14.2392	36.6338
14.2399	36.6616
14.2406	36.6894
14.2412	36.7171
14.2419	36.7449
14.2427	36.7727
14.2433	36.8005
14.245	36.8282
14.2469	36.856
14.2475	36.8838
14.2482	36.9116
14.249	36.9394
14.2498	36.9671
14.2518	36.9949
14.2531	37.0227
14.2539	37.0497
14.2545	37.0767
14.2552	37.1038
14.2576	37.1308
14.258	37.1578
14.2588	37.1849
14.2595	37.2119
14.2601	37.2389
14.2608	37.2659
14.2614	37.293
14.2622	37.32
14.2629	37.347
14.2636	37.374
14.2643	37.4011
14.2652	37.4281
14.2657	37.4551
14.2663	37.4821
14.267	37.5092
14.2679	37.5362
14.2687	37.5632
14.269	37.5903
14.2698	37.6173
14.2709	37.6443
14.2713	37.6713
14.2719	37.6984
14.2725	37.7254
14.2732	37.7524
14.2739	37.7794
14.275	37.8065
14.2754	37.8335
14.2761	37.8605
14.2767	37.8876
14.2782	37.9146
14.2789	37.9416
14.2797	37.9686
14.2804	37.9957
14.281	38.0227
14.2817	38.049
14.2825	38.0753
14.2831	38.1016
14.2838	38.128
14.2845	38.1543
14.2852	38.1806
14.2859	38.2069
14.2865	38.2332
14.2873	38.2595
14.288	38.2858
14.2886	38.3122
14.2899	38.3385
14.2903	38.3648
14.2909	38.3911
14.2914	38.4174
14.2921	38.4437
14.2928	38.4701
14.294	38.4964
14.2947	38.5227
14.2955	38.549
14.2962	38.5753
14.2971	38.6016
14.2975	38.628
14.2984	38.6543
14.2989	38.6806
14.3004	38.7069
14.3015	38.7332
14.3022	38.7595
14.3029	38.7858
14.3039	38.8122
14.3044	38.8385
14.305	38.8648
14.3057	38.8911
14.3065	38.9174
14.3072	38.9437
14.3084	38.9701
14.3087	38.9964
14.3093	39.0227
14.31	39.0483
14.3108	39.074
14.3116	39.0996
14.3122	39.1253
14.313	39.1509
14.3137	39.1765
14.3143	39.2022
14.315	39.2278
14.3157	39.2535
14.3164	39.2791
14.3171	39.3047
14.3178	39.3304
14.3186	39.356
14.3193	39.3817
14.32	39.4073
14.3207	39.4329
14.3214	39.4586
14.3221	39.4842
14.3228	39.5099
14.3235	39.5355
14.3241	39.5612
14.3248	39.5868
14.3255	39.6124
14.3263	39.6381
14.3271	39.6637
14.3276	39.6894
14.3286	39.715
14.3293	39.7406
14.3303	39.7663
14.3307	39.7919
14.3314	39.8176
14.3321	39.8432
14.3328	39.8688
14.3335	39.8945
14.3342	39.9201
14.3352	39.9458
14.3356	39.9714
14.3366	39.997
14.3372	40.0227
14.3379	40.0477
14.3386	40.0727
14.3393	40.0977
14.3413	40.1227
14.342	40.1477
14.3427	40.1727
14.3434	40.1977
14.3442	40.2227
14.3448	40.2477
14.3454	40.2727
14.3461	40.2977
14.3472	40.3227
14.3475	40.3477
14.3482	40.3727
14.3488	40.3977
14.3495	40.4227
14.3503	40.4477
14.351	40.4727
14.3516	40.4977
14.3524	40.5227
14.353	40.5477
14.3538	40.5727
14.3544	40.5977
14.355	40.6227
14.3558	40.6477
14.3569	40.6727
14.3575	40.6977
14.358	40.7227
14.3591	40.7477
14.3598	40.7727
14.3602	40.7977
14.3606	40.8227
14.3615	40.8477
14.362	40.8727
14.3631	40.8977
14.3634	40.9227
14.364	40.9477
14.3647	40.9727
14.3654	40.9977
14.3661	41.0227
14.3668	41.0471
14.3675	41.0715
14.3682	41.0959
14.369	41.1203
14.3696	41.1446
14.3703	41.169
14.3711	41.1934
14.3717	41.2178
14.3723	41.2422
14.3731	41.2666
14.3737	41.291
14.3744	41.3154
14.3751	41.3398
14.3758	41.3642
14.3766	41.3885
14.3774	41.4129
14.3778	41.4373
14.3788	41.4617
14.3803	41.4861
14.381	41.5105
14.3816	41.5349
14.3825	41.5593
14.3831	41.5837
14.3837	41.6081
14.3844	41.6324
14.3851	41.6568
14.3861	41.6812
14.3868	41.7056
14.3872	41.73
14.3879	41.7544
14.3886	41.7788
14.3893	41.8032
14.3899	41.8276
14.3906	41.852
14.3914	41.8763
14.392	41.9007
14.3927	41.9251
14.3936	41.9495
14.3941	41.9739
14.3948	41.9983
14.3955	42.0227
14.3962	42.0465
14.3969	42.0703
14.3975	42.0941
14.3982	42.1179
14.3989	42.1417
14.3999	42.1655
14.4003	42.1894
14.401	42.2132
14.4017	42.237
14.4024	42.2608
14.4032	42.2846
14.4037	42.3084
14.4045	42.3322
14.4051	42.356
14.4058	42.3798
14.4065	42.4036
14.4072	42.4275
14.4081	42.4513
14.4086	42.4751
14.4093	42.4989
14.41	42.5227
14.4106	42.5465
14.4113	42.5703
14.412	42.5941
14.4127	42.6179
14.4134	42.6417
14.4141	42.6655
14.415	42.6894
14.4156	42.7132
14.4161	42.737
14.4169	42.7608
14.4176	42.7846
14.4184	42.8084
14.4195	42.8322
14.4202	42.856
14.4207	42.8798
14.421	42.9036
14.4219	42.9275
14.4223	42.9513
14.4233	42.9751
14.4237	42.9989
14.4248	43.0227
14.4253	43.0459
14.426	43.0692
14.4266	43.0925
14.4272	43.1157
14.4279	43.139
14.4285	43.1622
14.4293	43.1855
14.43	43.2087
14.4317	43.232
14.4318	43.2552
14.4322	43.2785
14.4326	43.3018
14.4334	43.325
14.4341	43.3483
14.435	43.3715
14.4355	43.3948
14.4361	43.418
14.4368	43.4413
14.4375	43.4646
14.4382	43.4878
14.4389	43.5111
14.4396	43.5343
14.4403	43.5576
14.4409	43.5808
14.4416	43.6041
14.4426	43.6273
14.4432	43.6506
14.4438	43.6739
14.445	43.6971
14.4462	43.7204
14.4469	43.7436
14.4481	43.7669
14.4492	43.7901
14.4499	43.8134
14.4508	43.8366
14.4512	43.8599
14.452	43.8832
14.4526	43.9064
14.4533	43.9297
14.4542	43.9529
14.4547	43.9762
14.4554	43.9994
14.4561	44.0227
14.4568	44.0454
14.4574	44.0681
14.4581	44.0909
14.4588	44.1136
14.4595	44.1363
14.4604	44.1591
14.4609	44.1818
14.4616	44.2045
14.4622	44.2272
14.4629	44.25
14.4639	44.2727
14.4643	44.2954
14.465	44.3181
14.4658	44.3409
14.4664	44.3636
14.4671	44.3863
14.4678	44.4091
14.4685	44.4318
14.4692	44.4545
14.4699	44.4772
14.4705	44.5
14.4713	44.5227
14.4719	44.5454
14.4726	44.5681
14.4733	44.5909
14.474	44.6136
14.4748	44.6363
14.4754	44.6591
14.4761	44.6818
14.477	44.7045
14.4775	44.7272
14.4783	44.75
14.4789	44.7727
14.4795	44.7954
14.4802	44.8181
14.481	44.8409
14.4816	44.8636
14.4823	44.8863
14.483	44.9091
14.4837	44.9318
14.4846	44.9545
14.4854	44.9772
14.4857	45
14.4864	45.0227
14.4871	45.0449
14.488	45.0671
14.4885	45.0894
14.4892	45.1116
14.4899	45.1338
14.4908	45.156
14.4913	45.1782
14.4919	45.2005
14.4927	45.2227
14.4934	45.2449
14.4941	45.2671
14.4947	45.2894
14.4954	45.3116
14.4961	45.3338
14.4967	45.356
14.4975	45.3782
14.4982	45.4005
14.4988	45.4227
14.4995	45.4449
14.5003	45.4671
14.5009	45.4894
14.5016	45.5116
14.5025	45.5338
14.503	45.556
14.5037	45.5782
14.5043	45.6005
14.5051	45.6227
14.5057	45.6449
14.5064	45.6671
14.5075	45.6894
14.5081	45.7116
14.5088	45.7338
14.5095	45.756
14.5114	45.7782
14.512	45.8005
14.5131	45.8227
14.5139	45.8449
14.5145	45.8671
14.5153	45.8894
14.5161	45.9116
14.5168	45.9338
14.5176	45.956
14.518	45.9782
14.5187	46.0005
14.5194	46.0222
14.52	46.0439
14.5217	46.0657
14.5224	46.0874
14.523	46.1092
14.5237	46.1309
14.5244	46.1526
14.5253	46.1744
14.5261	46.1961
14.5266	46.2179
14.5276	46.2396
14.528	46.2613
14.5287	46.2831
14.5294	46.3048
14.5303	46.3266
14.5311	46.3483
14.5318	46.37
14.5325	46.3918
14.5332	46.4135
14.5348	46.4353
14.5356	46.457
14.5362	46.4787
14.5371	46.5005
14.5375	46.5222
14.5383	46.5439
14.5392	46.5657
14.5398	46.5874
14.5404	46.6092
14.5409	46.6309
14.5417	46.6526
14.5423	46.6744
14.543	46.6961
14.5437	46.7179
14.5451	46.7396
14.5456	46.7613
14.5463	46.7831
14.5468	46.8048
14.5473	46.8266
14.5479	46.8483
14.5488	46.87
14.5494	46.8918
14.5499	46.9135
14.5506	46.9353
14.5515	46.957
14.5521	46.9787
14.553	47.0005
14.5536	47.0217
14.5543	47.043
14.5549	47.0643
14.5555	47.0856
14.5564	47.1069
14.5569	47.1281
14.5576	47.1494
14.5583	47.1707
14.559	47.192
14.5597	47.2132
14.5604	47.2345
14.5611	47.2558
14.5617	47.2771
14.5625	47.2983
14.5634	47.3196
14.5638	47.3409
14.5645	47.3622
14.5651	47.3834
14.5658	47.4047
14.5666	47.426
14.5673	47.4473
14.5679	47.4686
14.5686	47.4898
14.5693	47.5111
14.57	47.5324
14.5707	47.5537
14.5713	47.5749
14.5721	47.5962
14.5728	47.6175
14.5734	47.6388
14.5748	47.66
14.5771	47.6813
14.5777	47.7026
14.5781	47.7239
14.5801	47.7451
14.5806	47.7664
14.5807	47.7877
14.5816	47.809
14.5822	47.8303
14.5824	47.8515
14.5828	47.8728
14.583	47.8941
14.5833	47.9154
14.5835	47.9366
14.584	47.9579
14.5847	47.9792
14.5853	48.0005
14.5863	48.0213
14.5874	48.0421
14.5881	48.063
14.5887	48.0838
14.5896	48.1046
14.5897	48.1255
14.5901	48.1463
14.5921	48.1671
14.5923	48.188
14.5926	48.2088
14.5928	48.2296
14.5935	48.2505
14.5942	48.2713
14.5949	48.2921
14.5959	48.313
14.5962	48.3338
14.5969	48.3546
14.5976	48.3755
14.5983	48.3963
14.5991	48.4171
14.5997	48.438
14.6004	48.4588
14.6011	48.4796
14.6017	48.5005
14.6025	48.5213
14.6031	48.5421
14.6039	48.563
14.6045	48.5838
14.6052	48.6046
14.6062	48.6255
14.6065	48.6463
14.6073	48.6671
14.608	48.688
14.6087	48.7088
14.6093	48.7296
14.6101	48.7505
14.6109	48.7713
14.6114	48.7921
14.6121	48.813
14.6128	48.8338
14.6135	48.8546
14.6141	48.8755
14.6156	48.8963
14.6157	48.9171
14.6162	48.938
14.617	48.9588
14.6176	48.9796
14.6185	49.0005
14.6192	49.0209
14.6197	49.0413
14.6204	49.0617
14.6211	49.0821
14.6219	49.1025
14.6226	49.1229
14.6232	49.1433
14.6239	49.1637
14.6246	49.1841
14.6252	49.2045
14.6262	49.225
14.6268	49.2454
14.6275	49.2658
14.6281	49.2862
14.6289	49.3066
14.6294	49.327
14.6303	49.3474
14.6309	49.3678
14.6315	49.3882
14.6321	49.4086
14.6337	49.429
14.6338	49.4494
14.6343	49.4699
14.6352	24.7349
14.6356	24.7766
14.6372	24.8183
14.6375	24.8599
14.6377	24.9016
14.6383	24.9433
14.6391	24.9849
14.6397	25.0266
14.6404	25.0666
14.6411	25.1066
14.6418	25.1466
14.6424	25.1866
14.6432	25.2266
14.6441	25.2666
14.6446	25.3066
14.6452	25.3466
14.6462	25.3866
14.6469	25.4266
14.6474	25.4666
14.6482	25.5066
14.6488	25.5466
14.6497	25.5866
14.6507	25.6266
14.6513	25.6666
14.652	25.7066
14.6527	25.7466
14.6535	25.7866
14.6541	25.8266
14.655	25.8666
14.6555	25.9066
14.6564	25.9466
14.6578	25.9866
14.6585	26.0266
14.6592	26.0651
14.6599	26.1035
14.6608	26.142
14.6613	26.1804
14.662	26.2189
14.6627	26.2574
14.6634	26.2958
14.6641	26.3343
14.6648	26.3727
14.6655	26.4112
14.6662	26.4497
14.6669	26.4881
14.6675	26.5266
14.6682	26.5651
14.6689	26.6035
14.6697	26.642
14.672	26.6804
14.6725	26.7189
14.6732	26.7574
14.6755	26.7958
14.6764	26.8343
14.678	26.8727
14.6788	26.9112
14.6795	26.9497
14.6809	26.9881
14.6816	27.0266
14.6834	27.0636
14.6838	27.1007
14.6855	27.1377
14.686	27.1747
14.6867	27.2118
14.6874	27.2488
14.688	27.2859
14.6888	27.3229
14.6894	27.3599
14.6903	27.397
14.6908	27.434
14.6917	27.471
14.6924	27.5081
14.6929	27.5451
14.6936	27.5822
14.6957	27.6192
14.6963	27.6562
14.6972	27.6933
14.6981	27.7303
14.6987	27.7673
14.6992	27.8044
14.6999	27.8414
14.7006	27.8784
14.702	27.9155
14.7052	27.9525
14.7061	27.9896
14.7079	28.0266
14.7086	28.0623
14.7095	28.098
14.7108	28.1337
14.7121	28.1695
14.713	28.2052
14.7138	28.2409
14.7146	28.2766
14.7152	28.3123
14.716	28.348
14.7166	28.3837
14.7174	28.4195
14.7181	28.4552
14.7187	28.4909
14.7194	28.5266
14.7201	28.5623
14.7208	28.598
14.7215	28.6337
14.7224	28.6695
14.7231	28.7052
14.7239	28.7409
14.7246	28.7766
14.7253	28.8123
14.7277	28.848
14.7278	28.8837
14.7312	28.9195
14.7326	28.9552
14.7359	28.9909
14.7365	29.0266
14.7375	29.0611
14.7384	29.0956
14.7388	29.13
14.7408	29.1645
14.7419	29.199
14.7429	29.2335
14.7433	29.268
14.7442	29.3025
14.7449	29.3369
14.7457	29.3714
14.7465	29.4059
14.7473	29.4404
14.748	29.4749
14.7487	29.5094
14.7494	29.5438
14.7501	29.5783
14.7507	29.6128
14.7515	29.6473
14.7521	29.6818
14.7528	29.7162
14.7535	29.7507
14.7542	29.7852
14.7549	29.8197
14.7556	29.8542
14.7568	29.8887
14.7587	29.9231
14.7638	29.9576
14.7645	29.9921
14.7653	30.0266
14.766	30.0599
14.7667	30.0933
14.7679	30.1266
14.7687	30.1599
14.7696	30.1933
14.7702	30.2266
14.7711	30.2599
14.7721	30.2933
14.7726	30.3266
14.7732	30.3599
14.774	30.3933
14.775	30.4266
14.7759	30.4599
14.7762	30.4933
14.7768	30.5266
14.7775	30.5599
14.7783	30.5933
14.7791	30.6266
14.7798	30.6599
14.781	30.6933
14.7818	30.7266
14.7824	30.7599
14.7831	30.7933
14.7838	30.8266
14.7845	30.8599
14.7852	30.8933
14.7912	30.9266
14.7931	30.9599
14.7938	30.9933
14.7947	31.0266
14.7955	31.0589
14.7962	31.0911
14.7969	31.1234
14.7979	31.1556
14.7989	31.1879
14.7996	31.2201
14.8004	31.2524
14.8011	31.2847
14.8018	31.3169
14.8027	31.3492
14.8033	31.3814
14.8041	31.4137
14.8049	31.4459
14.8056	31.4782
14.8064	31.5105
14.8071	31.5427
14.8077	31.575
14.8084	31.6072
14.8091	31.6395
14.8098	31.6718
14.8108	31.704
14.8119	31.7363
14.8126	31.7685
14.8133	31.8008
14.814	31.833
14.8149	31.8653
14.8202	31.8976
14.8211	31.9298
14.8219	31.9621
14.8231	31.9943
14.8241	32.0266
14.8247	32.0578
14.8255	32.0891
14.8266	32.1203
14.8277	32.1516
14.8282	32.1828
14.8293	32.2141
14.8295	32.2453
14.8306	32.2766
14.8308	32.3078
14.8314	32.3391
14.8322	32.3703
14.8328	32.4016
14.8338	32.4328
14.8343	32.4641
14.8349	32.4953
14.8356	32.5266
14.8363	32.5578
14.8371	32.5891
14.8378	32.6203
14.8383	32.6516
14.839	32.6828
14.84	32.7141
14.8404	32.7453
14.8413	32.7766
14.8418	32.8078
14.8425	32.8391
14.8462	32.8703
14.8475	32.9016
14.8482	32.9328
14.8489	32.9641
14.8505	32.9953
14.8512	33.0266
14.852	33.0569
14.8526	33.0872
14.8533	33.1175
14.854	33.1478
14.8547	33.1781
14.8554	33.2084
14.8567	33.2387
14.8576	33.269
14.8581	33.2993
14.8588	33.3296
14.8594	33.3599
14.8602	33.3902
14.8608	33.4205
14.8618	33.4508
14.8622	33.4811
14.8629	33.5114
14.8639	33.5417
14.8643	33.572
14.865	33.6024
14.8657	33.6327
14.8674	33.663
14.8678	33.6933
14.8685	33.7236
14.8693	33.7539
14.87	33.7842
14.8707	33.8145
14.8718	33.8448
14.8727	33.8751
14.873	33.9054
14.8737	33.9357
14.875	33.966
14.8759	33.9963
14.8767	34.0266
14.8773	34.056
14.878	34.0854
14.8787	34.1148
14.8794	34.1442
14.8801	34.1737
14.8808	34.2031
14.8814	34.2325
14.8823	34.2619
14.883	34.2913
14.8836	34.3207
14.8843	34.3501
14.8849	34.3795
14.8856	34.4089
14.8863	34.4384
14.8869	34.4678
14.8887	34.4972
14.8895	34.5266
14.8903	34.556
14.8908	34.5854
14.8916	34.6148
14.8922	34.6442
14.8928	34.6737
14.8935	34.7031
14.8946	34.7325
14.895	34.7619
14.8956	34.7913
14.8963	34.8207
14.8969	34.8501
14.8977	34.8795
14.8985	34.9089
14.8994	34.9384
14.8998	34.9678
14.9014	34.9972
14.9015	35.0266
14.9019	35.0552
14.9026	35.0837
14.9033	35.1123
14.9039	35.1409
14.9046	35.1695
14.9052	35.198
14.9059	35.2266
14.9066	35.2552
14.9074	35.2837
14.9082	35.3123
14.9087	35.3409
14.9095	35.3695
14.9104	35.398
14.9108	35.4266
14.9115	35.4552
14.9122	35.4837
14.9129	35.5123
14.9136	35.5409
14.9147	35.5695
14.9152	35.598
14.9158	35.6266
14.9167	35.6552
14.9173	35.6837
14.9179	35.7123
14.9187	35.7409
14.9193	35.7695
14.92	35.798
14.9207	35.8266
14.9214	35.8552
14.9221	35.8837
14.9228	35.9123
14.9235	35.9409
14.9245	35.9695
14.9249	35.998
14.9255	36.0266
14.9269	36.0544
14.9277	36.0822
14.9284	36.1099
14.9291	36.1377
14.9306	36.1655
14.9311	36.1933
14.9328	36.221
14.9331	36.2488
14.9335	36.2766
14.9339	36.3044
14.9346	36.3322
14.9353	36.3599
14.9359	36.3877
14.9367	36.4155
14.9373	36.4433
14.9382	36.471
14.9391	36.4988
14.9394	36.5266
14.9401	36.5544
14.9408	36.5822
14.9415	36.6099
14.9422	36.6377
14.9428	36.6655
14.9435	36.6933
14.9442	36.721
14.9449	36.7488
14.9456	36.7766
14.9464	36.8044
14.947	36.8322
14.9476	36.8599
14.9483	36.8877
14.9491	36.9155
14.9497	36.9433
14.9512	36.971
14.9522	36.9988
14.9527	37.0266
14.9532	37.0536
14.9534	37.0806
14.9545	37.1077
14.9547	37.1347
14.9552	37.1617
14.956	37.1888
14.9567	37.2158
14.9574	37.2428
14.958	37.2698
14.9587	37.2969
14.9594	37.3239
14.9601	37.3509
14.9608	37.3779
14.9615	18.689
14.9621	18.7445
14.9629	18.8001
14.9635	18.8556
14.9642	18.9112
14.9651	18.9668
14.9656	19.0223
14.9663	19.0749
14.9672	19.1276
14.9676	19.1802
14.9683	19.2328
14.969	19.2855
14.9699	19.3381
14.9704	19.3907
14.9711	19.4434
14.9718	19.496
14.9724	19.5486
14.9732	19.6013
14.974	19.6539
14.9745	19.7065
14.9752	19.7591
14.9761	19.8118
14.9766	19.8644
14.9774	19.917
14.978	19.9697
14.9789	20.0223
14.9795	20.0723
14.9803	20.1223
14.9808	20.1723
14.9814	20.2223
14.9823	20.2723
14.9829	20.3223
14.9835	20.3723
14.9842	20.4223
14.9849	20.4723
14.9858	20.5223
14.9862	20.5723
14.987	20.6223
14.9877	20.6723
14.9885	20.7223
14.9891	20.7723
14.9906	20.8223
14.9906	20.8723
14.9913	20.9223
14.992	20.9723
14.9925	21.0223
14.9933	21.0699
14.994	21.1175
14.9946	21.1652
14.9952	21.2128
14.996	21.2604
14.997	21.308
14.9975	21.3556
14.9981	21.4033
14.9987	21.4509
14.9994	21.4985
15.0001	21.5461
15.0008	21.5937
15.0017	21.6414
15.0021	21.689
15.003	21.7366
15.0036	21.7842
15.0043	21.8318
15.005	21.8794
15.0057	21.9271
15.0063	21.9747
15.0072	22.0223
15.0077	22.0678
15.0084	22.1132
15.0091	22.1587
15.0098	22.2041
15.0105	22.2496
15.0111	22.295
15.0118	22.3405
15.0129	22.3859
15.0132	22.4314
15.0148	22.4769
15.0154	22.5223
15.0168	22.5678
15.0174	22.6132
15.0182	22.6587
15.0187	22.7041
15.0196	22.7496
15.0202	22.795
15.0209	22.8405
15.0216	22.8859
15.0225	22.9314
15.0231	22.9769
15.0236	23.0223
15.0244	23.0658
15.0251	23.1093
15.0258	23.1527
15.0266	23.1962
15.0272	23.2397
15.0279	23.2832
15.0296	23.3267
15.0299	23.3701
15.0302	23.4136
15.0307	23.4571
15.0316	23.5006
15.032	23.544
15.0327	23.5875
15.0334	23.631
15.0341	23.6745
15.0349	23.718
15.0355	23.7614
15.0364	23.8049
15.0368	23.8484
15.0375	23.8919
15.0382	23.9353
15.0389	23.9788
15.0396	24.0223
15.0411	24.064
15.0418	24.1056
15.0427	24.1473
15.0432	24.189
15.0435	24.2306
15.044	24.2723
15.0447	24.314
15.0454	24.3556
15.0462	24.3973
15.0468	24.439
15.0475	24.4806
15.0482	24.5223
15.0489	24.564
15.0496	24.6056
15.0503	24.6473
15.051	24.689
15.0516	24.7306
15.0524	24.7723
15.053	24.814
15.0537	24.8556
15.0544	24.8973
15.0552	24.939
15.056	24.9806
15.0566	25.0223
15.0572	25.0623
15.0578	25.1023
15.0587	25.1423
15.0592	25.1823
15.0599	25.2223
15.0606	25.2623
15.0622	25.3023
15.0624	25.3423
15.0626	25.3823
15.064	25.4223
15.0642	25.4623
15.0648	25.5023
15.0657	25.5423
15.0662	25.5823
15.0669	25.6223
15.0677	25.6623
15.0683	25.7023
15.0689	25.7423
15.0698	25.7823
15.0703	25.8223
15.0708	25.8623
