time	cwndsize
0.238018	11
0.240942	12
0.243183	13
0.244044	14
0.247194	15
0.249168	16
0.250956	17
0.252083	18
0.254212	19
0.256031	20
0.265822	21
0.266338	22
0.266973	23
0.267656	24
0.268457	25
0.269936	26
0.271302	27
0.274977	28
0.278164	29
0.279124	30
0.280275	31
0.281117	32
0.28589	33
0.287864	34
0.289639	35
0.291598	36
0.294473	37
0.295222	38
0.314125	39
0.315404	40
0.317651	41
0.319111	42
0.319686	43
0.324073	44
0.327185	45
0.328221	46
0.330592	47
0.332395	48
0.341185	49
0.342835	50
0.346345	51
0.349796	52
0.352039	53
0.353083	54
0.35479	55
0.357642	56
0.359101	57
0.359864	58
0.36897	59
0.369825	60
0.370403	61
0.374926	62
0.393057	63
0.39456	64
0.397719	65
0.398788	66
0.400583	67
0.404225	68
0.404455	69
0.406031	70
0.407038	71
0.409479	72
0.40978	73
0.410539	74
0.411509	75
0.420096	76
0.425388	77
0.425755	78
0.438508	79
0.441675	80
0.443322	81
0.446936	82
0.459145	83
0.459851	84
0.466224	85
0.468055	86
0.46981	87
0.470075	88
0.473504	89
0.4738	90
0.475291	91
0.477151	92
0.479246	93
0.485185	94
0.490911	95
0.492325	96
0.493792	97
0.496032	98
0.514041	99
0.515464	100
0.518167	101
0.51941	102
0.527239	103
0.529995	104
0.530738	105
0.532564	106
0.538126	107
0.538722	108
0.53946	109
0.540163	110
0.540422	111
0.541148	112
0.54178	113
0.543213	114
0.551021	115
0.551433	116
0.552777	58
0.554838	58.0172
0.556248	58.0345
0.55896	58.0517
0.561262	58.069
0.563086	58.0862
0.567477	58.1034
0.567623	58.1207
0.568571	58.1379
0.570623	58.1552
0.585528	58.1724
0.586791	58.1897
0.588837	58.2069
0.590387	58.2241
0.604837	58.2414
0.606084	58.2586
0.609568	58.2759
0.61088	58.2931
0.616371	58.3103
0.617742	58.3276
0.618443	58.3448
0.619105	58.3621
0.620088	58.3793
0.620444	58.3966
0.621353	58.4138
0.621799	58.431
0.64916	58.4483
0.649368	58.4655
0.649512	58.4828
0.649835	58.5
0.650048	58.5172
0.650404	58.5345
0.650586	58.5517
0.652132	58.569
0.652341	58.5862
0.652426	58.6034
0.653874	58.6207
0.654274	58.6379
0.654552	58.6552
0.654987	58.6724
0.655249	58.6897
0.655522	58.7069
0.655789	58.7241
0.655998	58.7414
0.656439	58.7586
0.657109	58.7759
0.673723	58.7931
0.705628	58.8103
0.706901	58.8276
0.708903	58.8448
0.709007	58.8621
0.710096	58.8793
0.711138	58.8966
1.29887	58.9138
1.32621	58.931
1.32768	58.9483
1.32968	58.9655
1.37603	58.9828
1.37683	59
1.37891	59.0172
1.42001	59.0342
1.42558	59.0511
1.4263	59.0681
1.42756	59.085
1.43407	59.102
1.44401	59.1189
1.45915	59.1359
1.46047	29.5679
1.46119	29.6024
1.46192	29.6369
1.46331	29.6714
1.46531	29.7059
1.46942	29.7404
1.47597	29.7748
1.47693	29.8093
1.479	29.8438
1.48014	29.8783
1.57899	29.9128
1.58651	29.9473
1.5893	29.9817
1.59223	30.0162
1.62302	30.0496
1.64824	30.0829
1.64971	30.1162
1.6518	30.1496
1.65646	30.1829
1.67197	30.2162
1.6727	30.2496
1.67355	30.2829
1.67401	30.3162
1.67941	30.3496
1.68375	30.3829
1.68517	30.4162
1.69809	30.4496
1.69892	30.4829
1.70082	30.5162
1.70237	30.5496
1.70571	30.5829
1.70998	30.6162
1.7118	30.6496
1.71321	30.6829
1.71474	30.7162
1.72002	30.7496
1.72158	30.7829
1.73315	30.8162
1.73406	30.8496
1.73526	30.8829
1.73672	30.9162
1.73729	30.9496
1.73795	30.9829
1.74039	31.0162
1.74145	31.0485
1.75694	31.0807
1.75903	31.113
1.76191	31.1453
1.76464	31.1775
1.7692	31.2098
1.76943	31.242
1.76986	31.2743
1.77154	31.3065
1.77194	31.3388
1.77328	31.3711
1.77417	31.4033
1.77604	31.4356
1.77817	31.4678
1.77887	31.5001
1.78473	31.5323
1.78642	31.5646
1.7872	31.5969
1.79054	31.6291
1.79124	31.6614
1.79782	31.6936
1.80128	31.7259
1.80232	31.7582
1.80366	31.7904
1.8051	31.8227
1.8078	31.8549
1.8085	31.8872
1.81007	31.9194
1.81156	31.9517
1.81398	31.984
1.81467	32.0162
1.81537	32.0475
1.83188	32.0787
1.83257	32.11
1.83549	32.1412
1.83597	32.1725
1.8367	32.2037
1.83761	32.235
1.83814	32.2662
1.83913	32.2975
1.83948	32.3287
1.8402	32.36
1.84137	32.3912
1.84196	32.4225
1.84228	32.4537
1.84295	32.485
1.84607	32.5162
1.84734	32.5475
1.84897	32.5787
1.8499	32.61
1.85132	32.6412
1.8541	32.6725
1.85695	32.7037
1.85824	32.735
1.85957	32.7662
1.86165	32.7975
1.8651	16.3987
1.86573	16.4612
1.86868	16.5237
1.87074	16.5862
1.87149	16.6487
1.87282	16.7112
1.87415	16.7737
1.8762	16.8362
1.89412	16.8987
1.89462	16.9612
1.89762	17.0237
1.8985	17.0826
1.89921	17.1414
1.8998	17.2002
1.90039	17.259
1.90446	17.3179
1.90531	17.3767
1.90581	17.4355
1.9065	17.4943
1.90788	17.5531
1.90883	17.612
1.90969	17.6708
1.90999	17.7296
1.91134	17.7884
1.91277	17.8473
1.91341	17.9061
1.9182	17.9649
1.92095	18.0237
1.92227	18.0793
1.9244	18.1348
1.92536	18.1904
1.94329	18.246
1.94518	18.3015
1.94596	18.3571
1.94834	18.4126
1.95019	18.4682
1.95073	18.5237
1.95131	18.5793
1.95145	18.6348
1.95371	18.6904
1.95486	18.746
1.95621	18.8015
1.95766	18.8571
1.96385	18.9126
1.97002	18.9682
1.97071	19.0237
1.97148	19.0764
1.97398	19.129
1.97408	19.1816
1.99646	19.2343
1.99767	19.2869
1.99846	19.3395
2.00108	19.3922
2.00245	19.4448
2.00451	19.4974
2.00519	19.5501
2.00589	19.6027
2.00728	19.6553
2.00868	19.7079
2.00932	9.85397
2.01077	9.96508
2.016	10.0762
2.01826	10.1762
2.01829	10.2762
2.01831	10.3762
2.01848	10.4762
2.01896	10.5762
2.01917	10.6762
2.03001	10.7762
2.03084	10.8762
2.03224	10.9762
2.03344	11.0762
2.03367	11.1671
2.0343	11.258
2.03452	11.3489
2.03467	11.4398
2.03546	11.5307
2.06321	11.6216
2.07569	11.7126
2.07662	11.8035
2.07809	11.8944
2.07895	11.9853
2.07954	12.0762
2.08018	12.1595
2.08096	12.2429
2.08237	12.3262
2.08286	12.4095
2.09564	12.4929
2.11526	12.5762
2.12077	12.6595
2.12147	12.7429
2.12303	12.8262
2.12355	12.9095
2.16285	12.9929
2.16337	13.0762
2.16493	13.1531
2.16552	13.23
2.16636	13.307
2.16713	13.3839
2.18534	13.4608
2.20912	13.5377
2.21369	13.6147
2.21508	13.6916
2.21571	13.7685
2.21773	13.8454
2.22754	13.9223
2.22952	13.9993
2.23159	14.0762
2.2339	14.1476
2.23506	14.2191
2.23574	14.2905
2.23714	14.3619
2.24143	14.4333
2.24757	14.5048
2.24971	14.5762
2.25077	14.6476
2.25246	14.7191
2.2535	14.7905
2.26125	14.8619
2.26482	14.9333
2.26768	15.0048
2.26836	15.0714
2.27329	15.1381
2.27652	15.2048
2.27773	15.2714
2.27934	15.3381
2.28347	15.4048
2.294	15.4714
2.29449	15.5381
2.29521	15.6048
2.29612	15.6714
2.29665	15.7381
2.30089	15.8048
2.30524	15.8714
2.3121	15.9381
2.31347	16.0048
2.31481	16.0673
2.32155	16.1298
2.32471	16.1923
2.32787	16.2548
2.32927	16.3173
2.33492	16.3798
2.34743	16.4423
2.34969	16.5048
2.35019	16.5673
2.35149	16.6298
2.35242	16.6923
2.35514	16.7548
2.35762	16.8173
2.35877	16.8798
2.35892	16.9423
2.3591	17.0048
2.35973	17.0636
2.36049	17.1224
2.36115	17.1812
2.36187	17.2401
2.36258	17.2989
2.36562	17.3577
2.37971	17.4165
2.38606	17.4754
2.38642	17.5342
2.38689	17.593
2.38847	17.6518
2.38945	17.7106
2.39036	17.7695
2.39386	17.8283
2.39666	17.8871
2.39799	17.9459
2.39868	18.0048
2.39946	18.0603
2.4001	18.1159
2.40213	18.1714
2.40316	18.227
2.40424	18.2825
2.40459	18.3381
2.41408	18.3937
2.41983	18.4492
2.42115	18.5048
2.42254	18.5603
2.42398	18.6159
2.42562	18.6714
2.42678	18.727
2.43082	18.7825
2.43382	18.8381
2.435	18.8937
2.43571	18.9492
2.43637	19.0048
2.43711	19.0574
2.43768	19.11
2.43849	19.1627
2.44206	19.2153
2.44254	19.2679
2.44554	19.3206
2.4507	19.3732
2.45854	19.4258
2.45982	19.4785
2.46119	19.5311
2.46341	19.5837
2.46528	19.6363
2.46728	19.689
2.47274	19.7416
2.48023	19.7942
2.48105	19.8469
2.48213	19.8995
2.48247	19.9521
2.48321	20.0048
2.48385	20.0548
2.48539	20.1048
2.48589	20.1548
2.48946	20.2048
2.49207	20.2548
2.49457	20.3048
2.49705	20.3548
2.51448	20.4048
2.51629	20.4548
2.51695	20.5048
2.52181	20.5548
2.52419	20.6048
2.52594	20.6548
2.52663	20.7048
2.52869	20.7548
2.52952	20.8048
2.53081	20.8548
2.5314	20.9048
2.53338	20.9548
2.53495	21.0048
2.53691	21.0524
2.5385	21.1
2.53972	21.1476
2.54261	21.1952
2.5439	21.2429
2.54625	21.2905
2.54943	21.3381
2.57407	21.3857
2.57413	21.4333
2.57552	21.481
2.576	21.5286
2.57701	21.5762
2.57808	21.6238
2.5795	21.6714
2.5808	21.7191
2.58363	21.7667
2.58505	21.8143
2.58641	21.8619
2.58792	21.9095
2.5885	21.9571
2.58922	22.0048
2.59066	22.0502
2.59126	22.0957
2.59202	22.1411
2.59469	22.1866
2.59785	22.232
2.60087	22.2775
2.60301	22.3229
2.62927	22.3684
2.62941	22.4139
2.63066	22.4593
2.63125	22.5048
2.63193	22.5502
2.63279	22.5957
2.63457	22.6411
2.6366	22.6866
2.63807	22.732
2.641	22.7775
2.64126	22.8229
2.64166	22.8684
2.64283	22.9139
2.64566	22.9593
2.64716	23.0048
2.64904	23.0482
2.65116	23.0917
2.65248	23.1352
2.65453	23.1787
2.65728	23.2222
2.65798	23.2656
2.66073	23.3091
2.68536	23.3526
2.68586	23.3961
2.68856	23.4395
2.69061	23.483
2.69262	23.5265
2.69355	23.57
2.69679	23.6135
2.69839	23.6569
2.69894	23.7004
2.70017	23.7439
2.70167	23.7874
2.7023	23.8309
2.70776	23.8743
2.70983	23.9178
2.71394	23.9613
2.71547	24.0048
2.71591	24.0464
2.71679	24.0881
2.71808	24.1298
2.71876	24.1714
2.72399	24.2131
2.72635	24.2548
2.73137	24.2964
2.75366	24.3381
2.75523	24.3798
2.75731	24.4214
2.76044	24.4631
2.76134	24.5048
2.76275	24.5464
2.7647	24.5881
2.76528	24.6298
2.76664	24.6714
2.7673	24.7131
2.77005	24.7548
2.77076	24.7964
2.77571	24.8381
2.77881	24.8798
2.78069	24.9214
2.78116	24.9631
2.78379	25.0048
2.78498	25.0448
2.78669	25.0848
2.78869	25.1248
2.79032	25.1648
2.79573	25.2048
2.79844	25.2448
2.80181	25.2848
2.82806	25.3248
2.83101	25.3648
2.83166	25.4048
2.83198	25.4448
2.83246	25.4848
2.83302	25.5248
2.8337	25.5648
2.83521	25.6048
2.83649	25.6448
2.83708	25.6848
2.83944	25.7248
2.84126	25.7648
2.85386	25.8048
2.86438	25.8448
2.88153	25.8848
2.88206	25.9248
2.88386	25.9648
2.88441	26.0048
2.88568	26.0432
2.88593	13.0216
2.88605	13.0985
2.88633	13.1755
2.88747	13.2524
2.88774	13.3293
2.88968	13.4062
2.9018	13.4832
2.90371	13.5601
2.90434	13.637
2.90577	13.7139
2.90695	13.7908
2.90971	13.8678
2.91173	13.9447
2.91483	14.0216
2.91732	14.093
2.91943	14.1645
2.92298	14.2359
2.92897	14.3073
2.94391	14.3788
2.94568	14.4502
2.94773	14.5216
2.94845	14.593
2.95003	14.6645
2.95194	14.7359
2.95212	14.8073
2.95367	14.8788
2.96822	14.9502
2.97002	7.47509
2.97359	7.61795
2.97699	7.76081
2.9815	7.90366
2.98434	8.04652
2.99457	8.17152
2.99633	8.29652
3.00458	8.42152
3.00662	8.54652
3.0107	8.67152
3.01151	8.79652
3.01238	8.92152
3.01293	9.04652
3.02301	9.15763
3.06074	9.26874
3.0662	9.37985
3.07019	9.49097
3.07768	9.60208
3.08046	9.71319
3.08617	9.8243
3.09161	9.93541
3.09418	10.0465
3.09839	10.1465
3.12335	10.2465
3.12883	10.3465
3.1336	10.4465
3.13569	10.5465
3.1398	10.6465
3.14757	10.7465
3.14941	10.8465
3.15009	10.9465
3.15572	11.0465
3.18121	11.1374
3.18519	11.2283
3.18856	11.3192
3.19138	11.4102
3.1929	11.5011
3.19906	11.592
3.20049	11.6829
3.20151	11.7738
3.21181	11.8647
3.21623	11.9556
3.23786	12.0465
3.24006	12.1299
3.24298	12.2132
3.2436	12.2965
3.24432	12.3799
3.24605	12.4632
3.2491	12.5465
3.2498	12.6299
3.25125	12.7132
3.25142	12.7965
3.27432	6.39826
3.28805	6.56493
3.29317	6.73159
3.29518	6.89826
3.29964	7.06493
3.30008	7.20778
3.30364	7.35064
3.30513	7.4935
3.30617	7.63636
3.30635	7.77921
3.30716	7.92207
3.30767	8.06493
3.34334	8.18993
3.3441	8.31493
3.34773	8.43993
3.34807	8.56493
3.34892	8.68993
3.35211	8.81493
3.35232	8.93993
3.35515	9.06493
3.39594	9.17604
3.39747	9.28715
3.40198	9.39826
3.40248	9.50937
3.40331	9.62048
3.41385	9.73159
3.41878	9.84271
3.42257	9.95382
3.42468	10.0649
3.45299	10.1649
3.45639	10.2649
3.45852	10.3649
3.45984	10.4649
3.46126	10.5649
3.46427	10.6649
3.47174	10.7649
3.47558	10.8649
3.47733	10.9649
3.47795	11.0649
3.51013	11.1558
3.51181	11.2467
3.51436	11.3377
3.51569	11.4286
3.51696	11.5195
3.52119	11.6104
3.52183	11.7013
3.52731	11.7922
3.5294	11.8831
3.53377	11.974
3.53562	12.0649
3.5454	12.1483
3.5463	12.2316
3.54979	12.3149
3.55093	12.3983
3.55297	12.4816
3.55507	12.5649
3.55787	12.6483
3.56173	12.7316
3.56232	12.8149
3.56559	12.8983
3.56834	12.9816
3.56909	13.0649
3.59501	13.1419
3.59896	13.2188
3.60562	13.2957
3.60686	13.3726
3.60996	13.4495
3.61247	13.5265
3.62018	13.6034
3.62416	13.6803
3.62742	13.7572
3.6293	13.8342
3.63065	13.9111
3.63311	13.988
3.63595	14.0649
3.64795	14.1364
3.64891	14.2078
3.65069	14.2792
3.65397	14.3506
3.65918	14.4221
3.66436	14.4935
3.67054	14.5649
3.67949	14.6364
3.68011	14.7078
3.68261	14.7792
3.68321	14.8506
3.68363	14.9221
3.68406	14.9935
3.68488	15.0649
3.69793	15.1316
3.69925	15.1983
3.7042	15.2649
3.70692	15.3316
3.71252	15.3983
3.7154	15.4649
3.71592	15.5316
3.72015	15.5983
3.7222	15.6649
3.72497	15.7316
3.72781	15.7983
3.72913	15.8649
3.73068	15.9316
3.73404	15.9983
3.73705	16.0649
3.7568	16.1274
3.75717	16.1899
3.75764	16.2524
3.75829	16.3149
3.76025	16.3774
3.7624	16.4399
3.76525	16.5024
3.77115	16.5649
3.77688	16.6274
3.78309	16.6899
3.78458	16.7524
3.7859	16.8149
3.78695	16.8774
3.79482	16.9399
3.79707	17.0024
3.79773	17.0613
3.82116	17.1201
3.82197	17.1789
3.82384	17.2377
3.82477	17.2965
3.82874	17.3554
3.83012	17.4142
3.83154	17.473
3.83427	17.5318
3.8363	17.5907
3.83797	17.6495
3.84001	17.7083
3.84233	17.7671
3.84554	17.826
3.85201	17.8848
3.86117	17.9436
3.86261	18.0024
3.86467	18.058
3.8745	18.1135
3.8758	18.1691
3.8772	18.2246
3.87832	18.2802
3.87983	18.3358
3.8807	18.3913
3.88279	18.4469
3.8841	18.5024
3.88629	18.558
3.8905	18.6135
3.89382	18.6691
3.89657	18.7246
3.90013	18.7802
3.90505	18.8358
3.90665	18.8913
3.90705	18.9469
3.90851	19.0024
3.92162	19.0551
3.92285	19.1077
3.92391	19.1603
3.92786	19.213
3.92878	19.2656
3.93	19.3182
3.93298	19.3708
3.93379	19.4235
3.93484	19.4761
3.9369	19.5287
3.93956	19.5814
3.94056	19.634
3.94578	19.6866
3.95071	19.7393
3.9528	19.7919
3.95435	19.8445
3.95564	19.8972
3.95622	19.9498
3.96086	20.0024
3.96191	20.0524
3.97075	20.1024
3.97487	20.1524
3.97833	20.2024
3.9829	20.2524
3.9839	20.3024
3.98829	20.3524
3.98934	20.4024
3.99265	20.4524
3.99547	20.5024
3.99635	20.5524
4.00015	20.6024
4.00201	20.6524
4.00218	20.7024
4.00251	20.7524
4.00268	20.8024
4.00305	20.8524
4.0083	20.9024
4.00973	20.9524
4.01095	21.0024
4.0123	21.05
4.01721	21.0977
4.02475	21.1453
4.0281	10.5726
4.02821	10.6726
4.03161	10.7726
4.0337	10.8726
4.03558	10.9726
4.04848	11.0726
4.05282	11.1636
4.05452	11.2545
4.05717	11.3454
4.05933	11.4363
4.05949	11.5272
4.06034	11.6181
4.06035	11.709
4.06036	11.7999
4.06511	11.8908
4.06702	11.9817
4.06859	12.0726
4.06903	12.156
4.07197	12.2393
4.07233	12.3226
4.1215	12.406
4.12356	12.4893
4.12587	12.5726
4.12696	12.656
4.1311	12.7393
4.13328	12.8226
4.13584	12.906
4.13872	12.9893
4.14081	13.0726
4.143	13.1496
4.14465	13.2265
4.14507	13.3034
4.18166	13.3803
4.18308	13.4573
4.18437	13.5342
4.18636	13.6111
4.19049	13.688
4.19835	13.7649
4.20036	13.8419
4.20156	13.9188
4.20383	13.9957
4.20423	14.0726
4.20822	14.1441
4.21061	14.2155
4.21115	14.2869
4.24415	14.3584
4.24622	14.4298
4.2482	14.5012
4.2514	14.5726
4.25507	14.6441
4.26036	14.7155
4.26228	14.7869
4.26293	14.8584
4.26448	14.9298
4.26575	15.0012
4.26709	15.0679
4.27271	15.1345
4.27409	15.2012
4.2749	15.2679
4.33112	15.3345
4.33671	15.4012
4.33739	15.4679
4.33876	15.5345
4.34221	15.6012
4.34502	15.6679
4.34665	15.7345
4.34794	15.8012
4.35062	15.8679
4.35191	15.9345
4.35258	16.0012
4.35401	16.0637
4.3568	16.1262
4.3581	16.1887
4.36169	16.2512
4.39644	16.3137
4.40076	16.3762
4.40166	16.4387
4.40241	16.5012
4.40764	16.5637
4.4123	16.6262
4.41766	16.6887
4.42007	16.7512
4.42653	16.8137
4.43313	16.8762
4.43619	16.9387
4.43928	17.0012
4.44067	17.06
4.44177	17.1189
4.44222	17.1777
4.44403	17.2365
4.45773	17.2953
4.4598	17.3542
4.46087	17.413
4.46156	17.4718
4.46949	17.5306
4.47587	17.5894
4.48021	17.6483
4.48476	17.7071
4.48708	17.7659
4.48883	17.8247
4.49189	17.8836
4.49766	17.9424
4.49873	18.0012
4.50547	18.0568
4.51606	18.1123
4.52323	18.1679
4.52526	18.2234
4.53536	18.279
4.53564	18.3345
4.53577	18.3901
4.53597	18.4457
4.53628	18.5012
4.53774	18.5568
4.54124	18.6123
4.54625	18.6679
4.55291	18.7234
4.55663	18.779
4.56253	18.8345
4.57009	18.8901
4.57239	18.9457
4.57352	19.0012
4.57784	19.0538
4.57869	19.1065
4.58076	19.1591
4.58183	19.2117
4.59196	19.2644
4.59309	19.317
4.59382	19.3696
4.59445	19.4223
4.59594	19.4749
4.59811	19.5275
4.6035	19.5802
4.60961	19.6328
4.62122	19.6854
4.62228	19.7381
4.62355	19.7907
4.62443	19.8433
4.62582	19.896
4.62856	19.9486
4.63404	20.0012
4.63877	20.0512
4.63999	20.1012
4.64106	20.1512
4.64171	20.2012
4.64384	20.2512
4.64527	20.3012
4.64655	20.3512
4.64748	20.4012
4.64868	20.4512
4.64962	20.5012
4.65091	20.5512
4.65198	20.6012
4.66756	20.6512
4.67555	20.7012
4.67932	20.7512
4.68111	20.8012
4.68602	20.8512
4.69163	20.9012
4.69767	20.9512
4.69834	21.0012
4.70049	21.0488
4.7012	21.0965
4.70285	21.1441
4.70341	21.1917
4.70498	21.2393
4.70557	21.2869
4.70694	21.3345
4.70899	21.3822
4.71026	21.4298
4.71091	21.4774
4.7129	21.525
4.7153	10.7625
4.7169	10.8625
4.72918	10.9625
4.73424	11.0625
4.73562	11.1534
4.73673	11.2443
4.73754	11.3352
4.73818	11.4261
4.73918	11.5171
4.73954	11.608
4.74138	11.6989
4.74411	11.7898
4.74461	11.8807
4.74512	11.9716
4.74583	12.0625
4.74653	12.1458
4.74719	12.2292
4.74862	12.3125
4.75636	12.3958
4.76207	12.4792
4.76438	12.5625
4.77872	12.6458
4.78076	12.7292
4.78276	12.8125
4.78362	12.8958
4.78484	12.9792
4.78625	13.0625
4.78713	13.1394
4.78988	13.2164
4.79138	13.2933
4.79351	13.3702
4.79555	13.4471
4.79914	13.5241
4.81752	13.601
4.82789	13.6779
4.83355	13.7548
4.83496	13.8317
4.83778	13.9087
4.84237	13.9856
4.84488	14.0625
4.84559	14.1339
4.84641	14.2054
4.84723	14.2768
4.84886	14.3482
4.84975	14.4197
4.84993	14.4911
4.85813	14.5625
4.86876	14.6339
4.88135	14.7054
4.88547	14.7768
4.89427	14.8482
4.89932	14.9197
4.90449	14.9911
4.90902	15.0625
4.91253	15.1292
4.91441	15.1958
4.91524	15.2625
4.91827	15.3292
4.91878	15.3958
4.9191	15.4625
4.92476	15.5292
4.92806	15.5958
4.9413	15.6625
4.94183	15.7292
4.9443	15.7958
4.95099	15.8625
4.95851	15.9292
4.96319	15.9958
4.96376	16.0625
4.96484	16.125
4.97627	16.1875
4.98052	16.25
4.997	16.3125
4.99852	16.375
4.99921	16.4375
5.00142	16.5
5.00177	16.5625
5.00429	16.625
5.00451	16.6875
5.0056	16.75
5.00632	16.8125
5.00791	16.875
5.02479	16.9375
5.02748	17
5.02961	17.0588
5.03287	17.1177
5.03865	17.1765
5.03937	17.2353
5.04059	17.2941
5.04088	17.353
5.04152	17.4118
5.04225	17.4706
5.04292	17.5294
5.04896	17.5882
5.05174	17.6471
5.05399	17.7059
5.0573	17.7647
5.06159	17.8235
5.06702	17.8824
5.07046	17.9412
5.07338	18
5.07814	18.0556
5.08171	18.1111
5.0832	18.1667
5.08486	18.2222
5.09387	18.2778
5.09728	18.3333
5.09861	18.3889
5.10139	18.4445
5.10412	18.5
5.11126	18.5556
5.11161	18.6111
5.11196	18.6667
5.11254	18.7222
5.11317	18.7778
5.11677	18.8333
5.11794	18.8889
5.1183	18.9445
5.11906	19
5.12194	19.0526
5.12877	19.1053
5.1354	19.1579
5.13747	19.2105
5.14435	19.2632
5.14775	19.3158
5.15119	19.3684
5.15281	19.4211
5.15361	19.4737
5.15863	19.5263
5.15918	19.579
5.16043	19.6316
5.16226	19.6842
5.16319	19.7369
5.16478	19.7895
5.16552	19.8421
5.1657	19.8947
5.16668	19.9474
5.16814	20
5.16948	20.05
5.17458	20.1
5.17964	20.15
5.18175	20.2
5.18678	20.25
5.1882	20.3
5.19058	20.35
5.19426	20.4
5.19936	20.45
5.20151	20.5
5.20248	20.55
5.20312	20.6
5.20523	20.65
5.20607	20.7
5.20837	20.75
5.20894	20.8
5.20936	20.85
5.21383	20.9
5.21792	20.95
5.22075	21
5.2238	21.0476
5.2303	21.0952
5.23164	21.1429
5.23239	21.1905
5.23374	21.2381
5.2352	21.2857
5.23593	21.3333
5.23786	10.6667
5.24712	10.7667
5.24916	10.8667
5.25173	10.9667
5.25295	11.0667
5.25348	11.1576
5.25437	11.2485
5.25732	11.3394
5.2608	11.4303
5.26216	11.5212
5.26623	11.6121
5.26966	11.703
5.27246	11.7939
5.27309	11.8849
5.27416	11.9758
5.27796	12.0667
5.28164	12.15
5.28364	12.2333
5.28738	12.3167
5.28826	12.4
5.29262	12.4833
5.30641	12.5667
5.30713	12.65
5.30773	12.7333
5.31089	12.8167
5.31395	12.9
5.32287	12.9833
5.32371	13.0667
5.32512	13.1436
5.32703	13.2205
5.32839	13.2974
5.32921	13.3744
5.33183	13.4513
5.34627	13.5282
5.34644	13.6051
5.34659	13.6821
5.34738	13.759
5.34846	13.8359
5.34992	13.9128
5.35009	13.9897
5.35045	14.0667
5.35129	14.1381
5.36022	14.2095
5.36359	14.281
5.36561	14.3524
5.37047	14.4238
5.38743	14.4952
5.38767	14.5667
5.38797	14.6381
5.38959	14.7095
5.3902	14.781
5.39244	14.8524
5.39288	14.9238
5.39302	14.9952
5.39465	15.0667
5.39633	15.1333
5.40918	15.2
5.4126	15.2667
5.41565	15.3333
5.41745	15.4
5.44467	15.4667
5.44571	15.5333
5.44612	15.6
5.44767	15.6667
5.44981	15.7333
5.45294	15.8
5.45504	15.8667
5.45739	15.9333
5.45778	16
5.45912	16.0625
5.46081	16.125
5.46457	16.1875
5.46932	16.25
5.47063	16.3125
5.4738	16.375
5.48693	16.4375
5.48944	16.5
5.49334	16.5625
5.49523	16.625
5.50108	16.6875
5.50239	16.75
5.50734	16.8125
5.50995	16.875
5.51128	16.9375
5.51191	17
5.51339	17.0588
5.51477	17.1177
5.51938	17.1765
5.52198	17.2353
5.52242	17.2941
5.52438	17.3529
5.53031	17.4118
5.53096	17.4706
5.53105	17.5294
5.53396	17.5882
5.54098	17.6471
5.54651	17.7059
5.54879	17.7647
5.55623	17.8235
5.5602	17.8824
5.56244	17.9412
5.5637	18
5.56857	18.0556
5.57082	18.1111
5.57437	18.1667
5.57479	18.2222
5.57626	18.2778
5.57684	18.3333
5.58338	18.3889
5.58403	18.4445
5.58796	18.5
5.59238	18.5556
5.59352	18.6111
5.59968	18.6667
5.60145	18.7222
5.60969	18.7778
5.61079	18.8333
5.61216	18.8889
5.61287	18.9445
5.61351	19
5.61734	19.0526
5.61807	19.1053
5.62319	19.1579
5.62367	19.2105
5.624	19.2632
5.6256	19.3158
5.63074	19.3684
5.63103	19.4211
5.63173	19.4737
5.63246	19.5263
5.6359	19.579
5.63726	19.6316
5.63873	19.6842
5.64188	19.7368
5.64231	19.7895
5.64328	19.8421
5.64355	19.8947
5.64488	19.9474
5.64593	20
5.64869	20.05
5.65054	20.1
5.65803	20.15
5.66183	20.2
5.6658	20.25
5.66615	20.3
5.67316	20.35
5.67381	20.4
5.6745	20.45
5.67526	20.5
5.6759	20.55
5.67795	20.6
5.67929	20.65
5.68214	20.7
5.68361	20.75
5.68424	20.8
5.68493	20.85
5.68625	20.9
5.68742	20.95
5.689	21
5.69173	21.0476
5.6951	21.0952
5.70874	21.1429
5.71066	21.1905
5.71442	21.2381
5.71643	21.2857
5.72414	21.3333
5.72539	21.381
5.72712	21.4286
5.72817	21.4762
5.72881	21.5238
5.73173	21.5714
5.73354	21.6191
5.73399	21.6667
5.73537	21.7143
5.7362	21.7619
5.73696	21.8095
5.73818	21.8571
5.74113	21.9048
5.744	21.9524
5.74515	22
5.74751	22.0455
5.74954	22.0909
5.76761	22.1364
5.76973	22.1818
5.77052	22.2273
5.77246	22.2727
5.78384	22.3182
5.78474	22.3636
5.78568	22.4091
5.78654	22.4546
5.78683	22.5
5.78926	22.5455
5.79	22.5909
5.79047	22.6364
5.7908	22.6818
5.7929	22.7273
5.79447	22.7727
5.7958	22.8182
5.7971	22.8636
5.80049	22.9091
5.80191	22.9546
5.80461	23
5.81202	23.0435
5.81291	23.087
5.82316	23.1304
5.82709	23.1739
5.82812	23.2174
5.82947	23.2609
5.84194	23.3044
5.84845	23.3478
5.84919	23.3913
5.85412	23.4348
5.85676	23.4783
5.85707	23.5217
5.85769	23.5652
5.85812	23.6087
5.85836	23.6522
5.86514	23.6957
5.86861	23.7391
5.87077	23.7826
5.87209	23.8261
5.87622	23.8696
5.87764	23.913
5.87962	23.9565
5.88135	24
5.88313	24.0417
5.88731	24.0833
5.89853	24.125
5.89919	24.1667
5.90138	24.2083
5.90238	24.25
5.91143	24.2917
5.92292	24.3333
5.92491	24.375
5.92655	24.4167
5.92818	24.4583
5.92833	24.5
5.92919	24.5417
5.92958	24.5833
5.93055	24.625
5.93128	24.6667
5.94237	24.7083
5.94464	24.75
5.94834	24.7917
5.94975	24.8333
5.9507	24.875
5.95246	24.9167
5.95453	24.9583
5.95534	25
5.95677	25.04
5.95942	25.08
5.96439	25.12
5.96874	25.16
5.97142	25.2
5.97338	25.24
5.98055	25.28
5.98394	25.32
5.98574	25.36
5.98971	25.4
6.0014	25.44
6.0025	25.48
6.00341	25.52
6.00404	25.56
6.0054	25.6
6.00597	25.64
6.01156	25.68
6.01175	25.72
6.01319	25.76
6.01418	25.8
6.01462	25.84
6.01585	25.88
6.01694	25.92
6.01904	25.96
6.02249	26
6.02668	26.0385
6.02813	26.0769
6.03608	26.1154
6.03697	26.1539
6.03765	26.1923
6.03897	26.2308
6.04517	26.2692
6.05	26.3077
6.05529	26.3462
6.07292	26.3846
6.07882	26.4231
6.07966	26.4615
6.08074	26.5
6.08087	26.5385
6.08128	26.5769
6.08291	26.6154
6.09317	26.6539
6.09402	26.6923
6.09534	26.7308
6.09712	26.7692
6.10018	26.8077
6.10421	26.8462
6.10603	26.8846
6.10683	26.9231
6.11031	26.9615
6.1106	27
6.11109	27.037
6.11154	27.0741
6.11299	27.1111
6.1137	27.1482
6.11454	27.1852
6.11583	27.2222
6.11718	27.2593
6.12489	27.2963
6.13204	27.3333
6.13998	27.3704
6.14275	27.4074
6.14578	27.4445
6.14823	27.4815
6.14973	27.5185
6.15025	27.5556
6.15249	27.5926
6.15867	27.6296
6.16119	27.6667
6.16531	27.7037
6.16803	27.7407
6.17214	27.7778
6.17973	27.8148
6.18241	27.8519
6.18336	27.8889
6.1846	27.9259
6.18551	27.963
6.18589	28
6.18663	28.0357
6.18736	28.0714
6.19025	28.1071
6.19071	28.1429
6.19108	28.1786
6.19122	28.2143
6.19163	28.25
6.19292	28.2857
6.2042	28.3214
6.21356	28.3571
6.21454	28.3929
6.21729	28.4286
6.21826	28.4643
6.22007	28.5
6.22183	28.5357
6.22228	28.5714
6.22294	28.6071
6.2238	28.6429
6.2277	28.6786
6.2291	28.7143
6.23051	28.75
6.23283	28.7857
6.2345	28.8214
6.23735	28.8571
6.24008	28.8929
6.24146	28.9286
6.24351	28.9643
6.24422	29
6.24757	29.0345
6.24901	29.069
6.25263	29.1035
6.25386	29.1379
6.25532	29.1724
6.25665	29.2069
6.2576	29.2414
6.26287	29.2759
6.27761	29.3104
6.28305	29.3448
6.28661	29.3793
6.28856	29.4138
6.29084	29.4483
6.29202	29.4828
6.29273	29.5172
6.29615	29.5517
6.29694	29.5862
6.29707	29.6207
6.2978	29.6552
6.29911	29.6897
6.30106	29.7241
6.30186	29.7586
6.30466	29.7931
6.30876	29.8276
6.31301	29.8621
6.31651	29.8966
6.31877	29.931
6.3228	29.9655
6.32413	30
6.32825	30.0333
6.32991	30.0667
6.33179	30.1
6.33264	30.1333
6.33457	30.1667
6.33841	30.2
6.34309	30.2333
6.34721	30.2667
6.34981	30.3
6.35094	30.3333
6.35162	30.3667
6.35235	30.4
6.35302	30.4333
6.35402	30.4667
6.35498	30.5
6.35631	30.5333
6.3571	30.5667
6.35731	30.6
6.35784	30.6333
6.35869	30.6667
6.35951	30.7
6.36007	30.7333
6.36074	30.7667
6.36146	30.8
6.3629	30.8333
6.37329	30.8667
6.38071	30.9
6.38236	30.9333
6.38289	30.9667
6.38413	31
6.38633	31.0323
6.38706	31.0645
6.38772	31.0968
6.3885	31.129
6.38975	31.1613
6.39056	31.1936
6.39147	31.2258
6.39567	31.2581
6.39607	31.2903
6.39667	31.3226
6.39757	31.3548
6.39824	31.3871
6.3987	31.4194
6.39947	31.4516
6.40033	31.4839
6.40151	31.5161
6.40248	31.5484
6.40297	31.5807
6.40571	31.6129
6.40704	31.6452
6.40781	31.6774
6.40912	31.7097
6.41118	31.7419
6.41326	31.7742
6.41681	31.8065
6.43163	31.8387
6.4318	31.871
6.43239	31.9032
6.43315	31.9355
6.43378	31.9677
6.43522	32
6.43654	32.0313
6.43796	32.0625
6.44135	32.0938
6.44327	32.125
6.44609	32.1563
6.45011	32.1875
6.45294	32.2188
6.45905	32.25
6.46044	32.2813
6.46252	32.3125
6.46319	32.3438
6.46388	32.375
6.46549	32.4063
6.46608	32.4375
6.46664	32.4688
6.46823	32.5
6.46917	32.5313
6.46943	32.5625
6.47046	32.5938
6.47243	32.625
6.47321	32.6563
6.475	32.6875
6.47719	32.7188
6.47775	32.75
6.48257	32.7813
6.48921	32.8125
6.48957	32.8438
6.49151	32.875
6.49221	32.9063
6.49336	32.9375
6.49372	32.9688
6.49441	33
6.49542	33.0303
6.49909	33.0606
6.49999	33.0909
6.50129	33.1212
6.5052	33.1515
6.50684	33.1818
6.51395	33.2121
6.51739	33.2424
6.52038	33.2727
6.52222	33.303
6.52533	33.3333
6.52608	33.3636
6.52723	33.3939
6.52748	33.4242
6.52776	33.4546
6.52843	33.4849
6.52936	33.5152
6.53031	33.5455
6.53139	33.5758
6.53295	33.6061
6.53408	33.6364
6.53473	33.6667
6.53489	33.697
6.53568	33.7273
6.5377	33.7576
6.54085	33.7879
6.54264	33.8182
6.54403	33.8485
6.54929	33.8788
6.55544	33.9091
6.55763	33.9394
6.55894	33.9697
6.56115	34
6.56357	34.0294
6.56502	34.0588
6.5662	34.0882
6.56742	34.1177
6.56943	34.1471
6.57024	34.1765
6.57565	34.2059
6.58419	34.2353
6.58657	34.2647
6.5901	34.2941
6.59585	34.3235
6.59699	34.3529
6.59777	34.3824
6.59831	34.4118
6.60005	34.4412
6.60246	34.4706
6.60327	34.5
6.60454	34.5294
6.60591	34.5588
6.60888	34.5882
6.61023	34.6177
6.61144	34.6471
6.61216	34.6765
6.61287	34.7059
6.61478	34.7353
6.61494	34.7647
6.61558	34.7941
6.61652	34.8235
6.61797	34.8529
6.61924	34.8824
6.6216	34.9118
6.6242	34.9412
6.62614	34.9706
6.62699	35
6.63043	35.0286
6.63463	35.0571
6.63532	35.0857
6.63806	35.1143
6.63989	35.1429
6.64069	35.1714
6.64209	35.2
6.64533	35.2286
6.64809	35.2571
6.65051	35.2857
6.65076	35.3143
6.65112	35.3429
6.65162	35.3714
6.65416	35.4
6.65426	35.4286
6.65435	35.4571
6.65472	35.4857
6.65561	35.5143
6.65748	35.5429
6.66026	35.5714
6.6619	35.6
6.66364	35.6286
6.66917	35.6571
6.67346	35.6857
6.67516	35.7143
6.67678	35.7429
6.67786	35.7714
6.6808	35.8
6.68369	35.8286
6.68526	35.8571
6.68749	35.8857
6.6885	35.9143
6.68923	35.9429
6.69023	35.9714
6.6907	36
6.69204	36.0278
6.6934	36.0556
6.69429	36.0833
6.69541	36.1111
6.69615	36.1389
6.69842	36.1667
6.70041	36.1945
6.70311	36.2222
6.70721	36.25
6.70857	36.2778
6.70946	36.3056
6.71208	36.3333
6.7127	18.1667
6.71478	18.2222
6.7179	18.2778
6.71861	18.3333
6.72216	18.3889
6.72471	18.4444
6.72617	18.5
6.72684	18.5556
6.72757	18.6111
6.73021	18.6667
6.73227	18.7222
6.73364	18.7778
6.73598	18.8333
6.73984	18.8889
6.74114	18.9444
6.74265	19
6.74339	19.0526
6.74539	19.1053
6.74607	19.1579
6.74824	19.2105
6.74981	19.2632
6.75021	19.3158
6.7516	19.3684
6.75432	19.4211
6.75636	19.4737
6.75718	19.5263
6.75799	19.579
6.7585	19.6316
6.76018	19.6842
6.76062	19.7368
6.76121	19.7895
6.76211	19.8421
6.76325	19.8947
6.76487	19.9474
6.76598	20
6.77353	20.05
6.77398	20.1
6.77585	20.15
6.7765	20.2
6.77782	20.25
6.77879	20.3
6.77924	20.35
6.78016	20.4
6.78087	20.45
6.78227	20.5
6.78409	20.55
6.78563	20.6
6.78678	20.65
6.78744	20.7
6.78811	20.75
6.78953	20.8
6.79165	20.85
6.79322	20.9
6.79432	20.95
6.79663	21
6.79866	21.0476
6.79932	21.0952
6.80004	21.1429
6.80155	21.1905
6.80212	21.2381
6.80283	21.2857
6.80347	21.3333
6.8049	21.381
6.80642	21.4286
6.80773	21.4762
6.80838	21.5238
6.80974	21.5714
6.81041	21.6191
6.81181	21.6667
6.81524	21.7143
6.81603	21.7619
6.81843	21.8095
6.81914	21.8571
6.81958	21.9048
6.82056	21.9524
6.8214	22
6.8217	22.0455
6.82222	22.0909
6.82435	22.1364
6.82511	22.1818
6.82588	22.2273
6.8263	22.2727
6.82841	22.3182
6.82983	22.3636
6.83131	22.4091
6.83324	22.4545
6.83666	22.5
6.83738	22.5455
6.83806	22.5909
6.84076	22.6364
6.84159	22.6818
6.84295	22.7273
6.84562	22.7727
6.84627	22.8182
6.84703	22.8636
6.84785	22.9091
6.8485	22.9545
6.84928	23
6.84975	23.0435
6.85052	23.087
6.85129	23.1304
6.85185	23.1739
6.8526	23.2174
6.85394	23.2609
6.85675	23.3044
6.86106	23.3478
6.86404	23.3913
6.86895	23.4348
6.87101	23.4783
6.87174	23.5217
6.87323	23.5652
6.87645	23.6087
6.88138	23.6522
6.88207	23.6957
6.88253	23.7391
6.88331	23.7826
6.88347	23.8261
6.88413	23.8696
6.88514	23.913
6.88553	23.9565
6.88768	24
6.8883	24.0417
6.88878	24.0833
6.8911	24.125
6.8959	24.1667
6.89867	24.2083
6.90034	24.25
6.90211	24.2917
6.91042	24.3333
6.91137	24.375
6.91364	24.4167
6.91437	24.4583
6.91523	24.5
6.91562	24.5417
6.91702	24.5833
6.92119	24.625
6.9287	24.6667
6.93013	24.7083
6.93325	24.75
6.93462	24.7917
6.93536	24.8333
6.93675	24.875
6.93816	24.9167
6.93946	24.9583
6.94015	25
6.94162	25.04
6.94499	25.08
6.94567	25.12
6.94911	25.16
6.95124	25.2
6.95193	25.24
6.95468	25.28
6.96139	25.32
6.9627	12.66
6.96288	12.7433
6.96519	12.8267
6.96674	12.91
6.96804	12.9933
6.96954	13.0767
6.97253	13.1536
6.9757	13.2305
6.97636	13.3074
6.97771	13.3844
6.97843	13.4613
6.97976	13.5382
6.98254	13.6151
6.98327	13.6921
6.98393	13.769
6.98535	13.8459
6.98668	13.9228
6.98741	13.9997
6.98804	14.0767
6.98902	14.1481
6.99024	14.2195
6.99105	14.291
6.99171	14.3624
6.99218	14.4338
6.99474	14.5052
7.01116	14.5767
7.01187	14.6481
7.01356	14.7195
7.0146	14.791
7.01705	14.8624
7.01847	14.9338
7.01982	15.0052
7.0212	15.0719
7.02238	15.1386
7.02316	15.2052
7.02373	15.2719
7.02516	15.3386
7.02748	15.4052
7.03027	15.4719
7.03047	15.5386
7.03257	15.6052
7.03533	15.6719
7.03545	15.7386
7.04664	15.8052
7.05289	15.8719
7.05476	15.9386
7.05545	16.0052
7.0562	16.0677
7.05741	16.1302
7.05832	16.1927
7.05899	16.2552
7.05956	16.3177
7.06196	16.3802
7.06479	16.4427
7.06567	16.5052
7.06826	16.5677
7.06922	16.6302
7.0697	16.6927
7.07123	16.7552
7.08184	16.8177
7.08249	16.8802
7.08353	16.9427
7.09342	17.0052
7.09582	17.0641
7.09722	17.1229
7.09761	17.1817
7.09822	17.2405
7.10091	17.2994
7.1014	17.3582
7.10203	17.417
7.10286	17.4758
7.10862	17.5347
7.11488	17.5935
7.11647	17.6523
7.11917	17.7111
7.12227	17.7699
7.1231	17.8288
7.1251	17.8876
7.13604	17.9464
7.13863	18.0052
7.14142	18.0608
7.14368	18.1164
7.15285	18.1719
7.15352	18.2275
7.15427	18.283
7.15516	18.3386
7.15614	18.3941
7.15893	18.4497
7.16369	18.5052
7.16463	18.5608
7.16879	18.6164
7.17453	18.6719
7.17756	18.7275
7.17921	18.783
7.18336	18.8386
7.19266	18.8941
7.19451	18.9497
7.20453	19.0052
7.20592	19.0579
7.20655	19.1105
7.21768	19.1631
7.22066	19.2158
7.22288	19.2684
7.22467	19.321
7.22717	19.3737
7.23231	19.4263
7.23682	19.4789
7.23847	19.5316
7.24207	19.5842
7.2433	19.6368
7.24474	19.6895
7.24701	19.7421
7.2495	19.7947
7.2559	19.8473
7.25694	19.9
7.26094	19.9526
7.26649	20.0052
7.2686	20.0552
7.27066	20.1052
7.2775	20.1552
7.27835	20.2052
7.28428	20.2552
7.28695	20.3052
7.28831	20.3552
7.28921	20.4052
7.28977	20.4552
7.2934	20.5052
7.29587	20.5552
7.29873	20.6052
7.30172	20.6552
7.3022	20.7052
7.3034	20.7552
7.30838	20.8052
7.31039	20.8552
7.31105	20.9052
7.31308	20.9552
7.3159	21.0052
7.31721	21.0529
7.3239	21.1005
7.3253	21.1481
7.32808	21.1957
7.33077	21.2433
7.33234	21.291
7.33353	21.3386
7.33562	21.3862
7.33842	21.4338
7.34439	21.4814
7.34932	21.529
7.35057	21.5767
7.35142	21.6243
7.35215	21.6719
7.35281	21.7195
7.35378	21.7671
7.35553	21.8148
7.35591	21.8624
7.35807	21.91
7.35907	21.9576
7.36062	22.0052
7.36113	22.0507
7.36178	22.0961
7.36596	22.1416
7.37127	22.1871
7.37493	22.2325
7.37743	22.278
7.37811	22.3234
7.37977	22.3689
7.3817	22.4143
7.38433	22.4598
7.38785	22.5052
7.38848	22.5507
7.39057	22.5961
7.39215	22.6416
7.39286	22.6871
7.39536	22.7325
7.39958	22.778
7.40128	22.8234
7.40169	22.8689
7.40306	22.9143
7.40586	22.9598
7.40734	23.0052
7.40867	23.0487
7.40991	23.0922
7.41273	23.1357
7.41354	23.1792
7.4165	23.2226
7.41749	23.2661
7.41885	23.3096
7.42017	23.3531
7.42116	23.3965
7.42245	23.44
7.42352	23.4835
7.42653	23.527
7.42804	23.5705
7.43255	23.6139
7.43351	23.6574
7.43485	23.7009
7.43662	23.7444
7.43885	23.7878
7.44108	23.8313
7.44215	23.8748
7.44364	23.9183
7.44414	23.9618
7.44501	24.0052
7.44652	24.0469
7.44903	24.0886
7.45041	24.1302
7.45197	24.1719
7.45254	24.2136
7.45385	24.2552
7.4545	24.2969
7.45592	24.3386
7.4566	24.3802
7.45799	24.4219
7.46006	24.4636
7.46777	24.5052
7.46944	24.5469
7.47366	24.5886
7.47414	24.6302
7.4743	24.6719
7.47551	24.7136
7.47703	12.3568
7.47762	12.4401
7.47893	12.5235
7.48025	12.6068
7.48279	12.6901
7.48348	12.7735
7.48546	12.8568
7.48634	12.9401
7.48823	13.0235
7.48891	13.1004
7.49174	13.1773
7.49244	13.2542
7.49443	13.3311
7.49649	13.4081
7.49752	13.485
7.49906	13.5619
7.50027	13.6388
7.50325	13.7158
7.50446	13.7927
7.5104	13.8696
7.51391	13.9465
7.51719	14.0235
7.51873	14.0949
7.52059	14.1663
7.53216	14.2377
7.53297	14.3092
7.53595	14.3806
7.5363	14.452
7.53723	14.5235
7.53785	14.5949
7.53802	14.6663
7.53861	14.7377
7.53899	14.8092
7.53929	14.8806
7.53993	14.952
7.5422	15.0235
7.54452	15.0901
7.54764	15.1568
7.55815	15.2235
7.56111	15.2901
7.56382	15.3568
7.56467	15.4235
7.56712	15.4901
7.56842	15.5568
7.5691	15.6235
7.56981	15.6901
7.57076	15.7568
7.57189	15.8235
7.57405	15.8901
7.57466	15.9568
7.57525	16.0235
7.57872	16.086
7.58011	16.1485
7.58498	16.211
7.58575	16.2735
7.58632	16.336
7.587	16.3985
7.58773	16.461
7.58838	16.5235
7.58942	16.586
7.59118	16.6485
7.5919	16.711
7.59503	16.7735
7.59761	16.836
7.5982	16.8985
7.59899	16.961
7.59965	17.0235
7.60297	17.0823
7.60435	17.1411
7.60919	17.1999
7.61057	17.2587
7.61215	17.3176
7.61257	17.3764
7.61389	17.4352
7.6153	17.494
7.61707	8.74702
7.62089	8.87202
7.62157	8.99702
7.6223	9.12202
7.62587	9.23313
7.62722	9.34424
7.62779	9.45535
7.62993	9.56647
7.63195	9.67758
7.63268	9.78869
7.63325	9.8998
7.63398	10.0109
7.63536	10.1109
7.63887	10.2109
7.63951	10.3109
7.63995	10.4109
7.64298	10.5109
7.64887	10.6109
7.65035	10.7109
7.65059	10.8109
7.65199	10.9109
7.65271	11.0109
7.65687	11.1018
7.66419	11.1927
7.66461	11.2836
7.66642	11.3745
7.67059	11.4655
7.67553	11.5564
7.67711	11.6473
7.67771	11.7382
7.67809	11.8291
7.67827	11.92
7.67973	12.0109
7.68066	12.0942
7.68189	12.1776
7.69146	12.2609
7.70195	12.3442
7.70322	12.4276
7.70395	12.5109
7.70449	12.5942
7.70551	12.6776
7.70723	12.7609
7.70889	12.8442
7.73408	12.9276
7.73558	13.0109
7.73708	13.0878
7.73836	13.1648
7.74035	13.2417
7.74383	13.3186
7.74515	13.3955
7.74725	13.4724
7.74993	13.5494
7.75258	13.6263
7.75414	13.7032
7.75506	13.7801
7.7556	13.8571
7.75693	13.934
7.75748	14.0109
7.76177	14.0823
7.76293	14.1538
7.78365	14.2252
7.78384	14.2966
7.7843	14.3681
7.78677	14.4395
7.7876	14.5109
7.78833	14.5823
7.79139	14.6538
7.79584	14.7252
7.79828	14.7966
7.80282	14.8681
7.80461	14.9395
7.80668	15.0109
7.80741	15.0776
7.8095	15.1442
7.81083	15.2109
7.81176	15.2776
7.8122	15.3442
7.81292	15.4109
7.82878	15.4776
7.83086	15.5442
7.83258	15.6109
7.83438	15.6776
7.83565	15.7442
7.83702	15.8109
7.83861	15.8776
7.83912	15.9442
7.84053	16.0109
7.84131	16.0734
7.84184	16.1359
7.8433	16.1984
7.84623	16.2609
7.84668	16.3234
7.84707	16.3859
7.85296	16.4484
7.85441	16.5109
7.85671	16.5734
7.85721	16.6359
7.86196	16.6984
7.86265	16.7609
7.86335	16.8234
7.86398	16.8859
7.86744	16.9484
7.8716	17.0109
7.87228	17.0697
7.87371	17.1286
7.87501	17.1874
7.87635	17.2462
7.87704	17.305
7.87935	17.3639
7.88052	17.4227
7.88147	17.4815
7.88192	17.5403
7.88343	17.5991
7.89241	17.658
7.89278	17.7168
7.89311	17.7756
7.89513	17.8344
7.90336	17.8933
7.90477	17.9521
7.90541	18.0109
7.90639	18.0665
7.90713	18.122
7.90775	18.1776
7.90842	18.2331
7.90897	18.2887
7.90972	18.3442
7.91099	18.3998
7.91301	18.4554
7.91382	18.5109
7.91539	18.5665
7.91892	18.622
7.9191	18.6776
7.92065	18.7331
7.92133	18.7887
7.93179	18.8442
7.93318	18.8998
7.93465	18.9554
7.93658	19.0109
7.93956	19.0635
7.9466	19.1162
7.94705	19.1688
7.94777	19.2214
7.95001	19.2741
7.95054	19.3267
7.9511	19.3793
7.95188	19.432
7.95254	19.4846
7.95341	19.5372
7.9538	19.5899
7.95468	19.6425
7.95528	19.6951
7.9561	19.7478
7.95761	19.8004
7.95791	19.853
7.96118	19.9056
7.96479	19.9583
7.96668	20.0109
7.97101	20.0609
7.97366	20.1109
7.97802	20.1609
7.97932	20.2109
7.98281	20.2609
7.98362	20.3109
7.98418	20.3609
7.98509	20.4109
7.98562	20.4609
7.98699	20.5109
7.98844	20.5609
7.98981	20.6109
7.99182	20.6609
7.99383	20.7109
7.99666	20.7609
7.99689	20.8109
7.99869	20.8609
8.00161	20.9109
8.00656	20.9609
8.00803	21.0109
8.01389	21.0585
8.01448	21.1061
8.0171	21.1538
8.02129	21.2014
8.02541	21.249
8.0269	21.2966
8.02752	21.3442
8.02823	21.3919
8.02911	21.4395
8.02969	21.4871
8.03021	21.5347
8.03101	21.5823
8.03193	21.63
8.03286	21.6776
8.03333	21.7252
8.0342	21.7728
8.03476	21.8204
8.03554	21.8681
8.03637	21.9157
8.03699	21.9633
8.03782	22.0109
8.04449	22.0564
8.04728	22.1018
8.04935	22.1473
8.05076	22.1927
8.05233	22.2382
8.06129	22.2836
8.06171	22.3291
8.06307	22.3745
8.06376	22.42
8.06477	22.4655
8.06519	22.5109
8.06599	22.5564
8.06702	22.6018
8.06813	22.6473
8.06963	22.6927
8.07089	22.7382
8.07136	22.7836
8.07401	22.8291
8.07878	22.8745
8.07927	22.92
8.08068	22.9655
8.08095	23.0109
8.09102	23.0544
8.09574	23.0979
8.09866	23.1413
8.10075	23.1848
8.11078	23.2283
8.11214	23.2718
8.11312	23.3153
8.11654	23.3587
8.11855	23.4022
8.12019	23.4457
8.12211	23.4892
8.12228	23.5326
8.12334	23.5761
8.12401	23.6196
8.12459	23.6631
8.12543	23.7066
8.12779	23.75
8.1309	23.7935
8.13236	23.837
8.13843	23.8805
8.13961	23.924
8.13986	23.9674
8.14099	24.0109
8.14203	24.0526
8.14529	24.0942
8.14675	24.1359
8.14961	24.1776
8.15046	24.2192
8.15116	24.2609
8.15196	24.3026
8.15265	24.3442
8.15379	24.3859
8.15411	24.4276
8.1548	24.4692
8.15889	24.5109
8.15963	24.5526
8.16121	24.5942
8.16267	24.6359
8.16392	24.6776
8.16491	24.7192
8.16534	24.7609
8.16598	24.8026
8.16793	24.8442
8.17073	24.8859
8.17285	24.9276
8.17484	24.9692
8.17556	25.0109
8.17964	25.0509
8.18594	25.0909
8.18661	25.1309
8.18728	25.1709
8.18865	25.2109
8.18996	25.2509
8.19106	25.2909
8.19134	25.3309
8.19202	25.3709
8.19292	25.4109
8.19364	25.4509
8.19561	25.4909
8.19632	25.5309
8.19837	25.5709
8.2012	25.6109
8.20329	25.6509
8.20485	25.6909
8.20593	25.7309
8.2066	25.7709
8.21072	25.8109
8.21268	25.8509
8.21417	25.8909
8.21685	25.9309
8.21962	25.9709
8.22099	26.0109
8.22234	26.0494
8.22406	26.0878
8.22519	26.1263
8.2268	26.1648
8.22784	26.2032
8.22949	26.2417
8.23005	26.2801
8.23068	26.3186
8.232	26.3571
8.23339	26.3955
8.23481	26.434
8.23717	26.4724
8.23752	26.5109
8.24041	26.5494
8.24337	26.5878
8.24591	26.6263
8.24747	26.6648
8.2487	26.7032
8.25011	26.7417
8.25145	26.7801
8.25219	26.8186
8.25287	26.8571
8.2544	26.8955
8.25444	26.934
8.25494	26.9724
8.25636	27.0109
8.25762	27.0479
8.25838	27.085
8.2626	27.122
8.26423	27.1591
8.26531	27.1961
8.26622	27.2331
8.26811	27.2702
8.27108	27.3072
8.27287	27.3442
8.27569	27.3813
8.27774	27.4183
8.28049	27.4554
8.28187	27.4924
8.28804	27.5294
8.2915	27.5665
8.29221	27.6035
8.29307	27.6405
8.29375	27.6776
8.29434	27.7146
8.29712	27.7517
8.29775	27.7887
8.30063	27.8257
8.30659	27.8628
8.30787	27.8998
8.3091	27.9368
8.3093	27.9739
8.3096	28.0109
8.31009	28.0466
8.31116	28.0823
8.3133	28.1181
8.31394	28.1538
8.31462	28.1895
8.31549	28.2252
8.31689	28.2609
8.31901	28.2966
8.32106	28.3323
8.32295	28.3681
8.32497	28.4038
8.32705	28.4395
8.3291	28.4752
8.3306	28.5109
8.33117	28.5466
8.33318	28.5823
8.3339	28.6181
8.33526	28.6538
8.33592	28.6895
8.34082	28.7252
8.3422	28.7609
8.34286	28.7966
8.34558	28.8323
8.34711	28.8681
8.34731	28.9038
8.34751	28.9395
8.34775	28.9752
8.34874	29.0109
8.35194	29.0454
8.35265	29.0799
8.35356	29.1144
8.35425	29.1488
8.35513	29.1833
8.35553	29.2178
8.35661	29.2523
8.35884	29.2868
8.36021	29.3213
8.3612	29.3557
8.36157	29.3902
8.36233	29.4247
8.3637	29.4592
8.36582	29.4937
8.36715	29.5282
8.36947	29.5626
8.37062	29.5971
8.37275	29.6316
8.37336	29.6661
8.37546	29.7006
8.37626	29.735
8.37752	29.7695
8.38097	29.804
8.38236	29.8385
8.38377	29.873
8.38517	29.9075
8.38581	29.9419
8.3868	29.9764
8.38778	30.0109
8.39044	30.0442
8.39139	30.0776
8.39179	30.1109
8.39216	30.1442
8.39317	30.1776
8.39382	30.2109
8.39437	30.2442
8.39599	30.2776
8.39696	30.3109
8.40131	30.3442
8.40673	30.3776
8.41284	30.4109
8.41484	30.4442
8.41558	30.4776
8.41629	30.5109
8.41698	30.5442
8.41783	30.5776
8.41838	30.6109
8.41907	30.6442
8.41978	30.6776
8.42121	30.7109
8.4225	30.7442
8.42352	30.7776
8.42425	30.8109
8.42495	30.8442
8.42594	30.8776
8.42613	30.9109
8.42672	30.9442
8.42778	30.9776
8.42926	31.0109
8.43157	31.0432
8.43223	31.0754
8.43314	31.1077
8.43443	31.1399
8.43498	31.1722
8.43631	31.2045
8.43845	31.2367
8.44114	31.269
8.44393	31.3012
8.44817	31.3335
8.45027	31.3657
8.45288	31.398
8.45518	31.4303
8.45567	31.4625
8.45647	31.4948
8.45704	31.527
8.45781	31.5593
8.45851	31.5916
8.45922	31.6238
8.45995	31.6561
8.46057	31.6883
8.46131	31.7206
8.46212	31.7528
8.46544	31.7851
8.46702	31.8174
8.46744	31.8496
8.46816	31.8819
8.46895	31.9141
8.47038	31.9464
8.47235	31.9787
8.47407	32.0109
8.47581	32.0422
8.4765	32.0734
8.47721	32.1047
8.47991	32.1359
8.48055	32.1672
8.48193	32.1984
8.48405	32.2297
8.48576	32.2609
8.48681	32.2922
8.49113	32.3234
8.49463	32.3547
8.49645	32.3859
8.50038	32.4172
8.50064	32.4484
8.50264	32.4797
8.50413	32.5109
8.50548	32.5422
8.50713	32.5734
8.5075	32.6047
8.50825	32.6359
8.5103	32.6672
8.51189	32.6984
8.51322	32.7297
8.51689	32.7609
8.5179	32.7922
8.5202	32.8234
8.52039	32.8547
8.52079	32.8859
8.52231	32.9172
8.52332	32.9484
8.52388	32.9797
8.5241	33.0109
8.52613	33.0412
8.52631	33.0715
8.52672	33.1018
8.52759	33.1321
8.53034	33.1624
8.53204	33.1927
8.53512	33.223
8.53648	33.2533
8.5379	33.2836
8.54129	33.3139
8.5434	33.3442
8.54377	33.3745
8.54558	33.4048
8.54626	33.4352
8.54816	33.4655
8.54954	33.4958
8.55078	33.5261
8.55179	33.5564
8.55242	33.5867
8.55331	33.617
8.55428	33.6473
8.55511	33.6776
8.55532	33.7079
8.55733	33.7382
8.55786	33.7685
8.55883	33.7988
8.56008	33.8291
8.56445	33.8594
8.57045	33.8897
8.57116	33.92
8.57278	33.9503
8.5732	33.9806
8.57448	34.0109
8.57544	34.0403
8.57732	34.0697
8.57797	34.0991
8.58094	34.1286
8.58232	34.158
8.58496	34.1874
8.58616	34.2168
8.58754	34.2462
8.58964	34.2756
8.59098	34.305
8.59285	34.3344
8.59457	34.3639
8.59542	34.3933
8.59578	34.4227
8.59725	34.4521
8.59922	34.4815
8.60294	34.5109
8.60405	34.5403
8.6055	34.5697
8.60688	34.5991
8.60821	34.6286
8.61081	34.658
8.61101	34.6874
8.61275	34.7168
8.61294	34.7462
8.61411	34.7756
8.61523	34.805
8.61656	34.8344
8.61846	34.8639
8.6193	34.8933
8.62096	34.9227
8.62234	34.9521
8.62343	34.9815
8.62556	35.0109
8.62618	35.0395
8.62734	35.0681
8.6283	35.0966
8.63098	35.1252
8.63334	35.1538
8.63517	35.1823
8.63651	35.2109
8.63829	35.2395
8.64455	35.2681
8.64658	35.2966
8.64823	35.3252
8.64862	35.3538
8.65133	35.3823
8.65225	35.4109
8.65479	35.4395
8.65548	35.4681
8.65692	35.4966
8.65801	35.5252
8.66137	35.5538
8.66372	35.5823
8.6653	35.6109
8.66733	35.6395
8.6676	35.6681
8.66933	35.6966
8.66953	35.7252
8.66971	35.7538
8.66991	35.7823
8.67189	35.8109
8.67266	35.8395
8.67318	35.8681
8.67384	35.8966
8.67471	35.9252
8.67522	35.9538
8.6761	35.9823
8.67661	36.0109
8.67751	36.0387
8.67825	36.0665
8.6786	36.0942
8.6794	36.122
8.68146	36.1498
8.68349	36.1776
8.6856	36.2054
8.68647	36.2331
8.68833	36.2609
8.69108	36.2887
8.69398	36.3165
8.69536	36.3442
8.69726	36.372
8.70068	36.3998
8.70141	36.4276
8.70228	36.4554
8.70361	36.4831
8.70377	36.5109
8.70412	36.5387
8.70488	36.5665
8.70629	36.5942
8.70983	36.622
8.71083	36.6498
8.71212	36.6776
8.71232	36.7054
8.71315	36.7331
8.71384	36.7609
8.71523	36.7887
8.71799	36.8165
8.72067	36.8442
8.7222	36.872
8.72358	36.8998
8.7259	36.9276
8.72768	36.9554
8.72835	36.9831
8.72995	37.0109
8.73034	37.0379
8.73113	37.065
8.73268	37.092
8.7338	37.119
8.7359	37.146
8.73801	37.1731
8.73946	37.2001
8.74006	37.2271
8.74071	37.2542
8.74146	37.2812
8.74204	37.3082
8.7437	37.3352
8.74412	37.3623
8.74495	37.3893
8.74563	37.4163
8.74657	37.4433
8.74702	37.4704
8.74766	37.4974
8.74835	37.5244
8.75263	37.5515
8.75339	37.5785
8.75494	37.6055
8.75538	37.6325
8.75671	37.6596
8.75808	37.6866
8.75876	37.7136
8.75961	37.7406
8.76305	37.7677
8.77671	37.7947
8.77878	37.8217
8.78069	37.8487
8.78118	37.8758
8.78319	37.9028
8.78387	37.9298
8.78598	37.9569
8.78784	37.9839
8.78868	38.0109
8.79114	38.0372
8.79377	38.0635
8.79438	38.0899
8.79526	38.1162
8.79564	38.1425
8.79588	38.1688
8.79609	38.1951
8.79742	38.2214
8.79793	38.2478
8.79931	38.2741
8.80113	38.3004
8.80412	38.3267
8.80728	38.353
8.8074	38.3793
8.80785	38.4056
8.81068	38.432
8.81095	38.4583
8.8114	38.4846
8.81383	38.5109
8.81524	38.5372
8.8169	38.5635
8.81975	38.5899
8.8218	38.6162
8.8222	38.6425
8.82239	38.6688
8.82283	38.6951
8.82347	38.7214
8.82389	38.7478
8.82425	38.7741
8.82474	38.8004
8.82542	38.8267
8.82666	38.853
8.82728	38.8793
8.82941	38.9056
8.83292	38.932
8.83468	38.9583
8.83744	38.9846
8.83841	39.0109
8.84046	39.0366
8.84253	39.0622
8.84315	39.0878
8.84532	39.1135
8.84815	39.1391
8.84881	39.1648
8.84968	39.1904
8.85081	39.216
8.85166	39.2417
8.85241	39.2673
8.85326	39.293
8.85408	39.3186
8.85423	39.3442
8.85575	39.3699
8.85753	39.3955
8.85942	39.4212
8.86093	39.4468
8.86228	39.4724
8.8638	39.4981
8.86421	39.5237
8.86554	39.5494
8.8662	39.575
8.87486	39.6007
8.87607	39.6263
8.87801	39.6519
8.883	39.6776
8.88421	39.7032
8.88654	39.7289
8.88942	39.7545
8.89091	39.7801
8.89202	39.8058
8.89412	39.8314
8.89563	39.8571
8.89612	39.8827
8.89819	39.9083
8.89955	39.934
8.90028	39.9596
8.9024	39.9853
8.90411	40.0109
8.90537	40.0359
8.90892	40.0609
8.90951	40.0859
8.9099	40.1109
8.91058	40.1359
8.91157	40.1609
8.91353	40.1859
8.91656	40.2109
8.91726	40.2359
8.92072	40.2609
8.92269	40.2859
8.92356	40.3109
8.92474	40.3359
8.92826	40.3609
8.93014	40.3859
8.93286	40.4109
8.93331	40.4359
8.93444	40.4609
8.93513	40.4859
8.93594	40.5109
8.93792	40.5359
8.93858	40.5609
8.93922	40.5859
8.94297	40.6109
8.94444	40.6359
8.94474	40.6609
8.94748	40.6859
8.94822	40.7109
8.95144	40.7359
8.95228	40.7609
8.95434	40.7859
8.95647	40.8109
8.9579	40.8359
8.95996	40.8609
8.9606	40.8859
8.96201	40.9109
8.96332	40.9359
8.96465	40.9609
8.96538	40.9859
8.96607	41.0109
8.96673	41.0353
8.96741	41.0597
8.96807	41.0841
8.96887	41.1085
8.9699	41.1329
8.97023	41.1573
8.976	41.1816
8.97779	41.206
8.9786	41.2304
8.97917	41.2548
8.98131	41.2792
8.98199	41.3036
8.98335	41.328
8.98534	41.3524
8.98629	41.3768
8.9868	41.4012
8.98745	41.4255
8.98841	41.4499
8.98962	41.4743
8.99103	41.4987
8.99181	41.5231
8.99238	41.5475
8.99378	41.5719
8.99852	41.5963
9.00162	41.6207
9.00221	41.6451
9.00286	41.6694
9.00476	41.6938
9.00558	41.7182
9.00739	41.7426
9.00749	41.767
9.00977	41.7914
9.01117	41.8158
9.01249	41.8402
9.01297	41.8646
9.01481	41.889
9.01633	41.9133
9.01765	41.9377
9.01814	41.9621
9.01922	41.9865
9.02067	42.0109
9.02177	42.0347
9.02231	42.0585
9.02245	42.0823
9.02252	42.1061
9.02295	42.13
9.02375	42.1538
9.02867	42.1776
9.02884	42.2014
9.02924	42.2252
9.02968	42.249
9.02997	42.2728
9.03017	42.2966
9.03056	42.3204
9.03201	42.3442
9.03242	21.1721
9.03315	21.2197
9.03418	21.2674
9.03516	21.315
9.03574	21.3626
9.03785	21.4102
9.03928	21.4578
9.04065	21.5055
9.04197	21.5531
9.04728	21.6007
9.04797	21.6483
9.04952	21.6959
9.05157	21.7436
9.0523	21.7912
9.05386	21.8388
9.05569	21.8864
9.05641	21.934
9.05775	21.9816
9.06053	22.0293
9.06192	22.0747
9.06439	22.1202
9.06461	22.1656
9.06478	22.2111
9.06502	22.2565
9.06536	22.302
9.06602	22.3474
9.0668	22.3929
9.06746	22.4384
9.06829	22.4838
9.06882	22.5293
9.06944	22.5747
9.07113	22.6202
9.07187	22.6656
9.0725	22.7111
9.07996	22.7565
9.0812	22.802
9.08485	22.8474
9.08539	22.8929
9.08775	22.9384
9.09116	22.9838
9.09176	23.0293
9.10346	23.0727
9.10418	23.1162
9.10586	23.1597
9.10627	23.2032
9.10728	23.2467
9.10855	23.2901
9.10904	23.3336
9.11086	23.3771
9.11182	23.4206
9.11326	23.464
9.11571	23.5075
9.11661	23.551
9.11766	23.5945
9.11818	23.638
9.12623	23.6814
9.12719	23.7249
9.12767	23.7684
9.12915	23.8119
9.1331	11.9059
9.13587	11.9968
9.13598	12.0878
9.13738	12.1711
9.13938	12.2544
9.1459	12.3378
9.14622	12.4211
9.14708	12.5044
9.14984	12.5878
9.15044	12.6711
9.15343	12.7544
9.15519	12.8378
9.15657	12.9211
9.15867	13.0044
9.16139	13.0813
9.16252	13.1583
9.16385	13.2352
9.16442	13.3121
9.16549	13.389
9.17023	13.466
9.17145	13.5429
9.17186	13.6198
9.1812	13.6967
9.18229	13.7737
9.18396	13.8506
9.18428	13.9275
9.18694	14.0044
9.18896	14.0758
9.19106	14.1473
9.19193	14.2187
9.19447	14.2901
9.19641	14.3616
9.19746	14.433
9.19881	14.5044
9.19937	14.5758
9.20954	14.6473
9.21011	14.7187
9.21157	14.7901
9.21354	14.8616
9.2171	14.933
9.21845	15.0044
9.22566	15.0711
9.22954	15.1378
9.23086	15.2044
9.23374	15.2711
9.23514	15.3378
9.23631	15.4044
9.23708	15.4711
9.23752	15.5378
9.23998	15.6044
9.24067	15.6711
9.24252	15.7378
9.24334	15.8044
9.24422	15.8711
9.24483	15.9378
9.24497	16.0044
9.24985	16.0669
9.25122	16.1294
9.25267	16.1919
9.25394	16.2544
9.25703	16.3169
9.26412	16.3794
9.26536	16.4419
9.26673	16.5044
9.27501	16.5669
9.27588	16.6294
9.27698	16.6919
9.27848	16.7544
9.28094	16.8169
9.28122	16.8794
9.28438	16.9419
9.28876	17.0044
9.29687	17.0632
9.29839	17.1221
9.29924	17.1809
9.3	17.2397
9.30996	17.2985
9.31111	17.3574
9.31175	17.4162
9.31268	17.475
9.31514	17.5338
9.31941	17.5927
9.32334	17.6515
9.32541	17.7103
9.32735	17.7691
9.32804	17.828
9.3289	17.8868
9.32966	17.9456
9.33033	18.0044
9.33207	18.06
9.3331	18.1155
9.34454	18.1711
9.34687	18.2266
9.34892	18.2822
9.35047	18.3378
9.35276	18.3933
9.35371	18.4489
9.35512	18.5044
9.35525	18.56
9.35581	18.6155
9.35879	18.6711
9.36085	18.7266
9.36382	18.7822
9.36706	18.8378
9.36992	18.8933
9.37176	18.9489
9.37307	19.0044
9.37765	19.0571
9.38202	19.1097
9.38842	19.1623
9.38936	19.2149
9.38954	19.2676
9.39079	19.3202
9.39209	19.3728
9.39299	19.4255
9.39363	19.4781
9.3945	19.5307
9.39531	19.5834
9.39666	19.636
9.3995	19.6886
9.40093	19.7413
9.40297	19.7939
9.40385	19.8465
9.40517	19.8992
9.40835	19.9518
9.41133	20.0044
9.41224	20.0544
9.41336	20.1044
9.41808	20.1544
9.41937	20.2044
9.42073	20.2544
9.42155	20.3044
9.42363	20.3544
9.42492	20.4044
9.42631	20.4544
9.42783	20.5044
9.42834	20.5544
9.4291	20.6044
9.43269	20.6544
9.43756	20.7044
9.43988	20.7544
9.44038	20.8044
9.44237	20.8544
9.44393	20.9044
9.44443	20.9544
9.44756	21.0044
9.45034	21.052
9.45177	21.0997
9.45651	21.1473
9.45707	21.1949
9.4573	21.2425
9.45786	21.2901
9.4596	21.3378
9.46071	21.3854
9.46182	21.433
9.46196	21.4806
9.46308	21.5282
9.46469	21.5758
9.46733	21.6235
9.47506	21.6711
9.48478	21.7187
9.48763	21.7663
9.48803	21.8139
9.48885	21.8616
9.49097	21.9092
9.49228	21.9568
9.4928	22.0044
9.49344	22.0499
9.496	22.0953
9.49803	22.1408
9.49948	22.1862
9.50012	22.2317
9.50095	22.2771
9.50446	22.3226
9.50569	22.3681
9.50906	22.4135
9.51143	22.459
9.51311	22.5044
9.51479	22.5499
9.5181	22.5953
9.52607	22.6408
9.53094	22.6862
9.53131	22.7317
9.533	22.7771
9.53476	22.8226
9.53596	22.8681
9.53634	22.9135
9.53782	22.959
9.54025	23.0044
9.54136	23.0479
9.54428	23.0914
9.55099	23.1349
9.55286	23.1783
9.55304	23.2218
9.55402	23.2653
9.55496	23.3088
9.55556	23.3522
9.55593	23.3957
9.55731	23.4392
9.56217	23.4827
9.5648	23.5262
9.57103	23.5696
9.58275	23.6131
9.58998	23.6566
9.59136	23.7001
9.59226	23.7436
9.59282	23.787
9.59482	23.8305
9.5956	23.874
9.59695	23.9175
9.59705	23.9609
9.59769	24.0044
9.59897	24.0461
9.60035	24.0878
9.6025	24.1294
9.60974	24.1711
9.61287	24.2128
9.6137	24.2544
9.61828	24.2961
9.6205	24.3378
9.62249	24.3794
9.62321	24.4211
9.62408	24.4628
9.62531	24.5044
9.62949	24.5461
9.63368	24.5878
9.63572	24.6294
9.6372	24.6711
9.63787	24.7128
9.63844	24.7544
9.64071	24.7961
9.64225	24.8378
9.64249	24.8794
9.64338	24.9211
9.64465	24.9628
9.64534	25.0044
9.64736	25.0444
9.64877	25.0844
9.65012	25.1244
9.65421	25.1644
9.65492	25.2044
9.65563	25.2444
9.65974	25.2844
9.66109	25.3244
9.66233	25.3644
9.66392	25.4044
9.66467	25.4444
9.66742	25.4844
9.67143	25.5244
9.67431	25.5644
9.67984	25.6044
9.68022	25.6444
9.68108	25.6844
9.68195	25.7244
9.68446	25.7644
9.68595	25.8044
9.68653	25.8444
9.68964	25.8844
9.69069	25.9244
9.69268	25.9644
9.69375	26.0044
9.69477	26.0429
9.69549	26.0813
9.69645	26.1198
9.698	26.1583
9.70044	26.1967
9.7006	26.2352
9.70259	13.1176
9.70313	13.1945
9.70387	13.2714
9.70703	13.3484
9.70744	13.4253
9.70959	13.5022
9.71377	13.5791
9.71501	13.6561
9.72597	13.733
9.72778	13.8099
9.72867	13.8868
9.73007	13.9637
9.73167	14.0407
9.73211	14.1121
9.73288	14.1835
9.73519	14.255
9.73563	14.3264
9.73706	14.3978
9.73785	14.4692
9.73864	14.5407
9.73909	14.6121
9.73976	14.6835
9.74048	14.755
9.74257	14.8264
9.74423	14.8978
9.7447	14.9692
9.75761	15.0407
9.75814	15.1073
9.75848	15.174
9.76297	15.2407
9.76376	15.3073
9.765	15.374
9.76691	15.4407
9.76842	15.5073
9.76987	15.574
9.77035	15.6407
9.77106	15.7073
9.77926	15.774
9.78107	15.8407
9.78177	15.9073
9.78943	15.974
9.79498	16.0407
9.79833	16.1032
9.79983	16.1657
9.80111	16.2282
9.80338	16.2907
9.80451	16.3532
9.80701	16.4157
9.8084	16.4782
9.81317	16.5407
9.81478	16.6032
9.81608	16.6657
9.81882	16.7282
9.82712	16.7907
9.82748	16.8532
9.84375	16.9157
9.84459	16.9782
9.84646	17.0407
9.84784	17.0995
9.84862	17.1583
9.85362	17.2171
9.85428	17.276
9.85898	17.3348
9.8604	17.3936
9.86325	17.4524
9.86639	17.5113
9.86752	17.5701
9.87587	17.6289
9.87982	17.6877
9.8909	17.7466
9.89306	17.8054
9.89998	17.8642
9.90202	17.923
9.90338	17.9818
9.90515	18.0407
9.90628	18.0962
9.90823	18.1518
9.90951	18.2073
9.91055	18.2629
9.91163	18.3184
9.91244	18.374
9.91331	18.4296
9.91374	18.4851
9.91487	18.5407
9.92146	18.5962
9.92363	18.6518
9.93953	18.7073
9.94074	18.7629
9.96501	18.8184
9.96648	18.874
9.9673	18.9296
9.96793	18.9851
9.96995	19.0407
9.97118	19.0933
9.9725	19.1459
9.97595	19.1986
9.97738	19.2512
9.97873	19.3038
9.98182	19.3565
9.9843	19.4091
9.98938	19.4617
9.99305	19.5144
9.99856	19.567
9.99992	19.6196
10.004	19.6723
10.0043	19.7249
10.0229	19.7775
10.0262	19.8301
10.0264	19.8828
10.0277	19.9354
10.0298	19.988
10.0304	20.0407
10.0315	20.0907
10.0321	20.1407
10.0348	20.1907
10.0361	20.2407
10.0395	20.2907
10.0437	10.1453
10.045	10.2453
10.0472	10.3453
10.052	10.4453
10.0533	10.5453
10.0555	10.6453
10.0636	10.7453
10.0645	10.8453
10.0734	10.9453
10.0739	11.0453
10.0745	11.1362
10.0759	11.2272
10.0766	11.3181
10.0776	11.409
10.0782	11.4999
10.0838	11.5908
10.0874	11.6817
10.089	11.7726
10.091	11.8635
10.0937	11.9544
10.1077	12.0453
10.1092	12.1287
10.1107	12.212
10.1121	12.2953
10.1144	12.3787
10.1146	12.462
10.1183	12.5453
10.1203	12.6287
10.1237	12.712
10.1293	12.7953
10.1347	12.8787
10.1382	12.962
10.139	13.0453
10.141	13.1223
10.1431	13.1992
10.1457	13.2761
10.1493	13.353
10.1506	13.43
10.1592	13.5069
10.1608	13.5838
10.1624	13.6607
10.1647	13.7376
10.1679	13.8146
10.1691	13.8915
10.1695	13.9684
10.17	14.0453
10.1713	14.1168
10.1729	14.1882
10.1748	14.2596
10.1804	14.3311
10.1825	14.4025
10.1969	14.4739
10.2003	14.5453
10.2038	14.6168
10.2073	14.6882
10.2114	14.7596
10.2129	14.8311
10.2138	14.9025
10.2146	7.45124
10.2155	7.5941
10.2159	7.73695
10.2182	7.87981
10.2189	8.02267
10.2206	8.14767
10.2208	8.27267
10.2269	8.39767
10.2289	8.52267
10.231	8.64767
10.2364	8.77267
10.2427	8.89767
10.2436	9.02267
10.2449	9.13378
10.261	9.24489
10.2711	9.356
10.2737	9.46711
10.275	9.57822
10.2811	9.68933
10.2828	9.80045
10.2841	9.91156
10.2842	10.0227
10.2848	10.1227
10.2905	10.2227
10.2995	10.3227
10.304	10.4227
10.3055	10.5227
10.3173	10.6227
10.3208	10.7227
10.3221	10.8227
10.3229	10.9227
10.3235	11.0227
10.3243	11.1136
10.3371	11.2045
10.3437	11.2954
10.3465	11.3863
10.3479	11.4772
10.3596	11.5681
10.3664	11.659
10.3691	11.7499
10.3705	11.8408
10.3712	11.9318
10.3726	12.0227
10.3741	12.106
10.3822	12.1893
10.3858	12.2727
10.3871	12.356
10.3942	12.4393
10.3983	12.5227
10.4011	12.606
10.4025	12.6893
10.404	12.7727
10.4049	12.856
10.4064	12.9393
10.4078	13.0227
10.4122	13.0996
10.4215	13.1765
10.4245	13.2534
10.4265	13.3304
10.4271	13.4073
10.428	13.4842
10.4286	13.5611
10.4293	13.6381
10.4299	13.715
10.4308	13.7919
10.432	13.8688
10.4382	13.9457
10.443	14.0227
10.4515	14.0941
10.4519	14.1655
10.4533	14.237
10.4547	14.3084
10.456	14.3798
10.4574	14.4512
10.4583	14.5227
10.4588	14.5941
10.4601	7.29705
10.4619	7.43991
10.4624	7.58276
10.4672	7.72562
10.4679	7.86848
10.4706	8.01133
10.4726	8.13633
10.474	8.26133
10.477	8.38633
10.4783	8.51133
10.4795	8.63633
10.4962	8.76133
10.4969	8.88633
10.4985	9.01133
10.4997	9.12245
10.501	9.23356
10.5178	9.34467
10.5184	9.45578
10.5191	9.56689
10.5197	9.678
10.5219	9.78911
10.522	9.90022
10.5333	10.0113
10.5343	10.1113
10.5357	10.2113
10.5378	10.3113
10.5433	10.4113
10.5442	10.5113
10.5522	10.6113
10.5531	10.7113
10.5539	10.8113
10.5543	10.9113
10.5552	11.0113
10.5566	11.1022
10.5578	11.1932
10.5585	11.2841
10.5778	11.375
10.5784	11.4659
10.5801	11.5568
10.5812	11.6477
10.5819	11.7386
10.5833	11.8295
10.5847	11.9204
10.5853	12.0113
10.586	12.0947
10.5978	12.178
10.5989	12.2613
10.6006	12.3447
10.6026	12.428
10.6041	12.5113
10.6054	12.5947
10.6075	12.678
10.6098	12.7613
10.6102	12.8447
10.6109	12.928
10.6198	13.0113
10.6247	13.0883
10.6289	13.1652
10.6309	13.2421
10.6323	13.319
10.6344	13.3959
10.6365	13.4729
10.6378	13.5498
10.6386	13.6267
10.6392	13.7036
10.65	13.7806
10.6521	13.8575
10.6523	13.9344
10.6533	14.0113
10.6572	14.0828
10.659	14.1542
10.6597	14.2256
10.6602	14.297
10.662	14.3685
10.664	14.4399
10.6661	14.5113
10.6681	14.5828
10.6703	14.6542
10.6792	14.7256
10.6799	14.797
10.6808	14.8685
10.6821	14.9399
10.6833	15.0113
10.6889	15.078
10.6897	15.1447
10.6902	7.57233
10.6909	7.71519
10.6916	7.85805
10.6931	8.00091
10.6953	8.12591
10.6972	8.25091
10.6993	8.37591
10.7076	8.50091
10.7089	8.62591
10.7096	8.75091
10.7117	8.87591
10.7131	9.00091
10.7138	9.11202
10.7214	9.22313
10.722	9.33424
10.733	9.44535
10.7351	9.55646
10.7355	9.66757
10.7365	9.77868
10.7408	9.88979
10.7422	10.0009
10.743	10.1009
10.7477	10.2009
10.7484	10.3009
10.7549	10.4009
10.7577	10.5009
10.7584	10.6009
10.7612	10.7009
10.7632	10.8009
10.7646	10.9009
10.7653	11.0009
10.7667	11.0918
10.7725	11.1827
10.7729	11.2736
10.7808	11.3645
10.7812	11.4555
10.7827	11.5464
10.7868	11.6373
10.7893	11.7282
10.7902	11.8191
10.7909	11.91
10.7916	12.0009
10.7923	12.0842
10.7951	12.1676
10.7958	12.2509
10.8054	12.3342
10.8061	12.4176
10.8093	12.5009
10.8121	12.5842
10.8134	12.6676
10.815	12.7509
10.8155	12.8342
10.8162	12.9176
10.8171	13.0009
10.8182	13.0778
10.8205	13.1548
10.8209	13.2317
10.8239	6.61584
10.8247	6.7825
10.8283	6.94917
10.8334	7.11584
10.8349	7.25869
10.8372	7.40155
10.8376	7.54441
10.8388	7.68727
10.8396	7.83012
10.841	7.97298
10.8419	8.11584
10.843	8.24084
10.8437	8.36584
10.8557	8.49084
10.8569	8.61584
10.8582	8.74084
10.8587	8.86584
10.861	8.99084
10.8614	9.11584
10.8621	9.22695
10.8622	9.33806
10.8748	9.44917
10.8779	9.56028
10.8801	9.67139
10.8829	9.7825
10.8895	9.89361
10.8899	10.0047
10.8905	10.1047
10.8943	10.2047
10.8956	10.3047
10.9059	10.4047
10.9067	10.5047
10.908	10.6047
10.9094	10.7047
10.9196	10.8047
10.9217	10.9047
10.9224	11.0047
10.9251	11.0956
10.9259	11.1865
10.9279	11.2775
10.9362	11.3684
10.9375	11.4593
10.9381	11.5502
10.9394	11.6411
10.9484	11.732
10.9504	11.8229
10.9511	11.9138
10.9519	12.0047
10.9552	12.0881
10.9581	12.1714
10.9608	12.2547
10.9791	12.3381
10.9823	12.4214
10.9837	12.5047
10.9853	12.5881
10.9962	12.6714
10.9975	12.7547
10.9996	12.8381
11.0009	12.9214
11.0016	13.0047
11.003	13.0816
11.005	13.1586
11.0064	13.2355
11.0217	13.3124
11.0245	13.3893
11.0254	13.4663
11.0257	13.5432
11.0316	13.6201
11.0337	13.697
11.0358	13.774
11.0376	13.8509
11.04	13.9278
11.0408	14.0047
11.0424	14.0762
11.0438	14.1476
11.0453	14.219
11.0819	14.2904
11.0826	14.3619
11.0844	14.4333
11.0854	14.5047
11.0858	14.5762
11.0865	14.6476
11.101	14.719
11.103	14.7904
11.1051	14.8619
11.1057	14.9333
11.1086	15.0047
11.1115	15.0714
11.1117	15.1381
11.1134	15.2047
11.1492	15.2714
11.15	15.3381
11.1511	15.4047
11.1514	15.4714
11.1518	15.5381
11.1534	15.6047
11.1541	15.6714
11.1574	15.7381
11.1583	15.8047
11.1598	15.8714
11.1649	15.9381
11.1654	16.0047
11.1691	16.0672
11.17	16.1297
11.1708	16.1922
11.2042	16.2547
11.2059	16.3172
11.2096	16.3797
11.2103	16.4422
11.2114	16.5047
11.2122	16.5672
11.2152	16.6297
11.2213	16.6922
11.2225	16.7547
11.2232	16.8172
11.2307	16.8797
11.2315	16.9422
11.2338	17.0047
11.2363	17.0635
11.237	17.1224
11.2381	17.1812
11.2763	17.24
11.2782	17.2988
11.2804	17.3577
11.2816	17.4165
11.2823	17.4753
11.283	17.5341
11.2844	17.593
11.288	17.6518
11.2947	17.7106
11.2952	17.7694
11.3156	17.8283
11.317	17.8871
11.3198	17.9459
11.3213	18.0047
11.3241	18.0603
11.3246	18.1158
11.3273	18.1714
11.3467	18.2269
11.348	18.2825
11.3495	18.3381
11.3501	18.3936
11.357	18.4492
11.3591	18.5047
11.3605	18.5603
11.3715	18.6158
11.3757	18.6714
11.3763	18.7269
11.3818	18.7825
11.3832	18.8381
11.3901	18.8936
11.3942	18.9492
11.3963	19.0047
11.4104	19.0574
11.4135	19.11
11.4177	19.1626
11.4228	19.2153
11.4231	19.2679
11.424	19.3205
11.4253	19.3731
11.4273	19.4258
11.4288	19.4784
11.4295	19.531
11.4406	19.5837
11.4432	19.6363
11.4439	19.6889
11.4453	19.7416
11.4473	19.7942
11.4496	19.8468
11.4618	19.8995
11.4659	19.9521
11.4676	20.0047
11.4773	20.0547
11.4801	20.1047
11.4836	20.1547
11.4866	20.2047
11.4875	10.1024
11.4878	10.2024
11.4905	10.3024
11.4933	10.4024
11.4953	10.5024
11.4974	10.6024
11.4988	10.7024
11.5039	10.8024
11.5047	10.9024
11.5101	11.0024
11.5119	11.0933
11.5126	11.1842
11.5212	11.2751
11.5231	11.366
11.5247	11.4569
11.5254	11.5478
11.5278	11.6387
11.534	11.7296
11.5404	11.8205
11.5491	11.9115
11.5525	12.0024
11.5532	12.0857
11.558	12.169
11.5593	12.2524
11.5606	12.3357
11.5614	12.419
11.5656	12.5024
11.567	12.5857
11.5745	12.669
11.5804	12.7524
11.5871	12.8357
11.5898	12.919
11.594	13.0024
11.596	13.0793
11.5981	13.1562
11.5996	13.2331
11.6016	13.3101
11.6022	13.387
11.6089	13.4639
11.6131	13.5408
11.6319	13.6177
11.6508	13.6947
11.6551	13.7716
11.662	13.8485
11.6674	13.9254
11.6695	14.0024
11.6725	14.0738
11.6762	14.1452
11.6786	14.2166
11.6834	14.2881
11.6855	14.3595
11.6898	14.4309
11.6918	14.5024
11.7049	14.5738
11.7257	14.6452
11.7331	14.7166
11.7409	14.7881
11.7489	14.8595
11.7505	14.9309
11.7518	15.0024
11.7616	15.069
11.7638	15.1357
11.7649	15.2024
11.7656	15.269
11.7661	15.3357
11.7672	15.4024
11.7678	15.469
11.7748	15.5357
11.7835	15.6024
11.7887	15.669
11.7934	15.7357
11.8001	15.8024
11.8041	15.869
11.8061	15.9357
11.8066	16.0024
11.8202	16.0649
11.8231	16.1274
11.8262	16.1899
11.8269	16.2524
11.8286	16.3149
11.8291	16.3774
11.8299	16.4399
11.8362	16.5024
11.8405	16.5649
11.8424	16.6274
11.8438	16.6899
11.8477	16.7524
11.8516	16.8149
11.8544	16.8774
11.8557	16.9399
11.8574	17.0024
11.8682	17.0612
11.8725	17.12
11.8745	17.1788
11.8752	17.2377
11.8766	17.2965
11.8793	17.3553
11.88	17.4141
11.8856	17.473
11.8867	17.5318
11.8881	17.5906
11.8902	17.6494
11.8929	17.7082
11.8943	17.7671
11.8963	17.8259
11.8976	17.8847
11.9	17.9435
11.9013	18.0024
11.9165	18.0579
11.9232	18.1135
11.9258	18.169
11.9265	18.2246
11.9279	18.2801
11.9292	18.3357
11.9308	18.3913
11.9346	18.4468
11.9358	18.5024
11.9372	18.5579
11.9379	18.6135
11.9411	18.669
11.9419	18.7246
11.9445	18.7801
11.9461	18.8357
11.948	18.8913
11.9494	18.9468
11.9501	19.0024
11.964	19.055
11.9704	19.1076
11.9734	19.1603
11.9745	19.2129
11.9763	19.2655
11.977	19.3182
11.9777	19.3708
11.9798	19.4234
11.9812	19.476
11.9827	19.5287
11.9846	19.5813
11.9899	19.6339
11.9916	19.6866
11.9931	19.7392
11.994	19.7918
11.9952	19.8445
11.9967	19.8971
11.9981	19.9497
11.9995	20.0024
12.014	20.0524
12.0216	20.1024
12.0228	20.1524
12.0244	20.2024
12.026	20.2524
12.0267	20.3024
12.028	20.3524
12.0287	20.4024
12.0308	20.4524
12.0333	20.5024
12.0339	10.2512
12.0402	10.3512
12.0416	10.4512
12.0436	10.5512
12.0443	10.6512
12.0458	10.7512
12.0464	10.8512
12.0477	10.9512
12.0484	11.0512
12.0502	11.1421
12.0689	11.233
12.0768	11.3239
12.0779	11.4148
12.0786	11.5057
12.0806	11.5966
12.0816	11.6875
12.0828	11.7785
12.0837	11.8694
12.0849	11.9603
12.0869	12.0512
12.0982	12.1345
12.1226	12.2178
12.128	12.3012
12.1303	12.3845
12.1321	12.4678
12.1342	12.5512
12.1349	12.6345
12.1362	12.7178
12.1369	12.8012
12.1376	12.8845
12.1402	12.9678
12.1404	13.0512
12.1545	13.1281
12.1717	13.205
12.1773	13.282
12.1793	13.3589
12.1806	13.4358
12.182	13.5127
12.1826	13.5896
12.184	13.6666
12.1847	13.7435
12.1855	13.8204
12.1869	13.8973
12.1883	13.9743
12.189	14.0512
12.2033	14.1226
12.2225	14.194
12.2298	14.2655
12.2325	14.3369
12.2329	14.4083
12.2367	14.4798
12.2368	14.5512
12.2379	14.6226
12.2391	14.694
12.2398	14.7655
12.2413	14.8369
12.2426	14.9083
12.2442	14.9798
12.2447	15.0512
12.2538	15.1178
12.2737	15.1845
12.2809	15.2512
12.2852	15.3178
12.2857	15.3845
12.2892	15.4512
12.2907	15.5178
12.292	15.5845
12.2928	15.6512
12.2933	15.7178
12.2947	15.7845
12.2954	15.8512
12.2968	15.9178
12.2977	15.9845
12.2981	16.0512
12.3044	16.1137
12.3291	16.1762
12.337	16.2387
12.3421	16.3012
12.3442	16.3637
12.3466	16.4262
12.3476	16.4887
12.3483	16.5512
12.3491	16.6137
12.3497	16.6762
12.3507	16.7387
12.3515	16.8012
12.3521	16.8637
12.3528	16.9262
12.3538	16.9887
12.3543	17.0512
12.3562	17.11
12.382	17.1688
12.3876	17.2277
12.3903	17.2865
12.3924	17.3453
12.3946	17.4041
12.396	17.4629
12.3965	8.73147
12.3978	8.85647
12.3982	8.98147
12.3996	9.10647
12.4003	9.21758
12.401	9.3287
12.4017	9.43981
12.4031	9.55092
12.4038	9.66203
12.4048	9.77314
12.4053	9.88425
12.431	9.99536
12.4401	10.1065
12.4452	10.2065
12.4474	10.3065
12.4493	10.4065
12.4509	10.5065
12.4536	10.6065
12.4555	10.7065
12.4568	10.8065
12.4646	10.9065
12.4655	11.0065
12.4664	11.0974
12.4692	11.1883
12.4711	11.2792
12.4718	11.3701
12.4743	11.461
12.4766	11.5519
12.4772	11.6428
12.4792	11.7337
12.4926	11.8247
12.4942	11.9156
12.4949	12.0065
12.496	12.0898
12.5012	12.1731
12.5024	12.2565
12.5035	12.3398
12.5043	12.4231
12.5051	12.5065
12.5065	12.5898
12.5082	12.6731
12.527	12.7565
12.5284	12.8398
12.5315	12.9231
12.5323	13.0065
12.5346	13.0834
12.5415	13.1603
12.5432	13.2372
12.5456	13.3142
12.5464	13.3911
12.5471	13.468
12.5491	13.5449
12.5512	13.6219
12.5763	13.6988
12.5786	13.7757
12.5798	13.8526
12.5805	13.9296
12.5812	14.0065
12.5832	14.0779
12.5879	14.1493
12.5888	14.2208
12.591	14.2922
12.5918	14.3636
12.5924	14.435
12.5931	14.5065
12.5938	14.5779
12.6303	14.6493
12.6335	14.7208
12.6347	14.7922
12.6355	14.8636
12.6362	14.935
12.6369	15.0065
12.6382	15.0731
12.6439	15.1398
12.6459	15.2065
12.6472	15.2731
12.6496	15.3398
12.6503	15.4065
12.6512	15.4731
12.6517	15.5398
12.6726	15.6065
12.6794	15.6731
12.6822	15.7398
12.6836	15.8065
12.6846	15.8731
12.6859	15.9398
12.686	16.0065
12.688	16.069
12.6945	16.1315
12.6958	16.194
12.6979	16.2565
12.6988	16.319
12.6993	16.3815
12.7001	16.444
12.7007	16.5065
12.7331	16.569
12.741	16.6315
12.7439	16.694
12.7446	16.7565
12.7461	16.819
12.7474	16.8815
12.7484	16.944
12.7503	17.0065
12.7508	17.0653
12.7558	17.1241
12.7578	17.1829
12.7593	17.2418
12.7598	17.3006
12.7605	17.3594
12.7613	17.4182
12.7621	17.4771
12.7775	17.5359
12.7871	17.5947
12.7911	17.6535
12.7922	17.7124
12.7936	17.7712
12.795	17.83
12.7963	17.8888
12.7983	17.9476
12.7999	18.0065
12.8006	18.062
12.806	18.1176
12.8081	18.1731
12.8096	18.2287
12.8104	18.2843
12.8108	18.3398
12.8114	18.3954
12.8124	18.4509
12.8189	18.5065
12.8294	18.562
12.8321	18.6176
12.8347	18.6731
12.8348	18.7287
12.8359	18.7843
12.8381	18.8398
12.8402	18.8954
12.8417	18.9509
12.8425	19.0065
12.8432	19.0591
12.8493	19.1117
12.8507	19.1644
12.8515	19.217
12.8521	19.2696
12.8533	19.3223
12.8534	19.3749
12.8551	19.4275
12.861	19.4802
12.8714	19.5328
12.8747	19.5854
12.8754	19.6381
12.8784	19.6907
12.879	19.7433
12.8804	19.7959
12.883	19.8486
12.8843	19.9012
12.885	19.9538
12.8859	20.0065
12.8867	20.0565
12.8913	20.1065
12.8928	20.1565
12.8952	20.2065
12.8958	20.2565
12.8965	20.3065
12.8978	20.3565
12.8995	20.4065
12.9049	20.4565
12.9171	20.5065
12.9195	20.5565
12.9208	20.6065
12.9222	20.6565
12.9236	20.7065
12.9257	20.7565
12.9272	20.8065
12.9286	20.8565
12.9292	20.9065
12.9299	20.9565
12.9317	21.0065
12.9323	21.0541
12.9361	21.1017
12.9371	21.1493
12.9396	21.1969
12.9405	21.2446
12.9411	21.2922
12.9418	21.3398
12.9449	21.3874
12.9522	21.435
12.9564	21.4827
12.9585	21.5303
12.9605	21.5779
12.9639	21.6255
12.9662	21.6731
12.9691	21.7208
12.9697	21.7684
12.9711	21.816
12.9718	21.8636
12.9726	21.9112
12.9731	21.9589
12.974	22.0065
12.9747	22.0519
12.9755	22.0974
12.9766	22.1428
12.979	22.1883
12.9815	22.2337
12.9823	22.2792
12.9829	22.3247
12.988	22.3701
12.9955	22.4156
12.999	22.461
13.0007	22.5065
13.0019	22.5519
13.0033	22.5974
13.0047	22.6428
13.0083	22.6883
13.0096	22.7337
13.0116	22.7792
13.0137	22.8247
13.0145	22.8701
13.0158	22.9156
13.0164	22.961
13.0171	23.0065
13.0178	23.05
13.0215	23.0934
13.0231	23.1369
13.0245	23.1804
13.025	23.2239
13.0258	23.2673
13.0264	23.3108
13.0303	23.3543
13.0386	23.3978
13.0409	23.4413
13.0422	23.4847
13.0436	23.5282
13.045	23.5717
13.0464	23.6152
13.0477	23.6586
13.0492	23.7021
13.0512	23.7456
13.0526	23.7891
13.0539	23.8326
13.0553	23.876
13.058	23.9195
13.0596	23.963
13.0603	24.0065
13.0607	24.0481
13.0632	24.0898
13.0662	24.1315
13.0674	24.1731
13.069	24.2148
13.0703	24.2565
13.0708	24.2981
13.0742	24.3398
13.0839	24.3815
13.086	24.4231
13.0871	24.4648
13.0883	24.5065
13.0894	24.5481
13.0914	24.5898
13.0928	24.6315
13.0942	24.6731
13.0956	24.7148
13.0971	24.7565
13.0986	24.7981
13.0996	24.8398
13.1025	24.8815
13.1038	24.9231
13.1059	24.9648
13.1073	25.0065
13.1079	25.0465
13.1094	25.0865
13.1133	25.1265
13.1151	25.1665
13.1167	25.2065
13.1174	25.2465
13.118	25.2865
13.122	25.3265
13.1304	25.3665
13.1327	25.4065
13.1342	25.4465
13.1355	25.4865
13.1361	25.5265
13.1382	25.5665
13.1396	25.6065
13.1411	25.6465
13.1423	25.6865
13.1437	25.7265
13.1451	25.7665
13.1465	25.8065
13.1486	25.8465
13.1508	25.8865
13.152	25.9265
13.1534	25.9665
13.1544	26.0065
13.1551	26.0449
13.1576	26.0834
13.1595	26.1219
13.1635	26.1603
13.1653	26.1988
13.166	26.2372
13.1666	26.2757
13.1719	26.3142
13.1804	26.3526
13.1821	26.3911
13.1834	26.4296
13.1851	26.468
13.1861	26.5065
13.1875	26.5449
13.1889	26.5834
13.1902	26.6219
13.1911	26.6603
13.1916	26.6988
13.1923	26.7372
13.193	26.7757
13.1937	26.8142
13.1945	26.8526
13.1952	26.8911
13.1957	26.9296
13.1965	26.968
13.1974	27.0065
13.1981	27.0435
13.2012	27.0805
13.2026	27.1176
13.2062	27.1546
13.2079	27.1917
13.2087	27.2287
13.2097	27.2657
13.2133	27.3028
13.2213	27.3398
13.2221	27.3768
13.2235	27.4139
13.2258	27.4509
13.2271	27.488
13.2278	27.525
13.2306	27.562
13.2329	27.5991
13.233	27.6361
13.2332	27.6731
13.2343	27.7102
13.2348	27.7472
13.2355	27.7843
13.2362	27.8213
13.2369	27.8583
13.2377	27.8954
13.2383	27.9324
13.2392	27.9694
13.2396	28.0065
13.2406	28.0422
13.2434	28.0779
13.2439	28.1136
13.2493	28.1493
13.2513	28.185
13.252	28.2208
13.253	28.2565
13.2591	28.2922
13.2676	28.3279
13.2697	28.3636
13.2721	28.3993
13.2724	28.435
13.274	28.4708
13.2752	28.5065
13.2768	28.5422
13.2774	28.5779
13.2784	28.6136
13.2789	28.6493
13.2795	28.685
13.2802	28.7208
13.281	28.7565
13.2816	28.7922
13.2823	28.8279
13.283	14.414
13.2836	14.4854
13.2843	14.5568
13.2852	14.6282
13.2859	14.6997
13.2871	14.7711
13.2896	14.8425
13.2904	14.914
13.2958	14.9854
13.2966	15.0568
13.2976	15.1235
13.2982	15.1901
13.3021	15.2568
13.3072	15.3235
13.3079	15.3901
13.3093	15.4568
13.3113	15.5235
13.3134	15.5901
13.3147	15.6568
13.3154	15.7235
13.3175	15.7901
13.3188	15.8568
13.3195	15.9235
13.3202	15.9901
13.3209	16.0568
13.3215	16.1193
13.3224	16.1818
13.3232	16.2443
13.3424	16.3068
13.3428	16.3693
13.3441	16.4318
13.3456	16.4943
13.347	16.5568
13.348	16.6193
13.3484	16.6818
13.3491	16.7443
13.3498	16.8068
13.3504	16.8693
13.3515	16.9318
13.3519	16.9943
13.3525	17.0568
13.3532	17.1156
13.3541	17.1745
13.3548	17.2333
13.3747	17.2921
13.3755	17.3509
13.3763	17.4097
13.3771	17.4686
13.378	17.5274
13.3786	17.5862
13.3792	17.645
13.3804	17.7039
13.3811	17.7627
13.3828	17.8215
13.3829	17.8803
13.383	17.9392
13.3838	17.998
13.3844	18.0568
13.3851	18.1124
13.3858	18.1679
13.3865	18.2235
13.4194	18.279
13.4203	18.3346
13.4216	18.3901
13.4221	18.4457
13.4228	18.5013
13.4235	18.5568
13.4242	18.6124
13.425	18.6679
13.4256	18.7235
13.4263	18.779
13.427	18.8346
13.4277	18.8901
13.4286	18.9457
13.4295	19.0013
13.4301	19.0539
13.4308	19.1065
13.4314	19.1591
13.4321	19.2118
13.4629	19.2644
13.4642	19.317
13.4649	19.3697
13.4656	19.4223
13.4662	19.4749
13.467	19.5276
13.4677	19.5802
13.4683	19.6328
13.469	19.6855
13.4697	19.7381
13.4716	19.7907
13.4723	19.8434
13.4733	19.896
13.4736	19.9486
13.4744	20.0013
13.4753	20.0513
13.476	20.1013
13.4767	20.1513
13.4774	20.2013
13.5095	20.2513
13.5106	20.3013
13.5118	20.3513
13.5129	20.4013
13.5146	20.4513
13.5154	20.5013
13.5164	20.5513
13.5171	20.6013
13.5177	20.6513
13.5184	20.7013
13.5192	20.7513
13.5198	20.8013
13.5205	20.8513
13.5212	20.9013
13.5218	20.9513
13.5225	21.0013
13.5233	21.0489
13.5239	21.0965
13.5248	21.1441
13.5253	21.1917
13.5567	21.2393
13.5573	21.287
13.5582	21.3346
13.5589	21.3822
13.5597	21.4298
13.5608	21.4774
13.5614	21.5251
13.5626	21.5727
13.5637	21.6203
13.5644	21.6679
13.5654	21.7155
13.5662	21.7632
13.5672	21.8108
13.5676	21.8584
13.5683	21.906
13.5701	21.9536
13.5706	22.0013
13.5715	22.0467
13.5721	22.0922
13.5726	22.1376
13.5733	22.1831
13.5991	22.2285
13.6001	22.274
13.6015	22.3194
13.6019	22.3649
13.6028	22.4103
13.6032	22.4558
13.6041	22.5013
13.6047	22.5467
13.6053	22.5922
13.6061	22.6376
13.6068	22.6831
13.6074	22.7285
13.6081	22.774
13.6095	22.8194
13.6102	22.8649
13.6109	22.9103
13.6116	22.9558
13.6123	23.0013
13.6136	23.0447
13.6143	23.0882
13.6159	23.1317
13.6177	23.1752
13.6386	23.2186
13.6392	23.2621
13.6399	23.3056
13.6407	23.3491
13.6413	23.3926
13.642	23.436
13.6436	23.4795
13.644	23.523
13.6448	23.5665
13.6457	23.6099
13.6464	23.6534
13.648	23.6969
13.6494	23.7404
13.65	23.7839
13.6512	23.8273
13.6522	23.8708
13.6536	23.9143
13.6554	23.9578
13.6571	24.0013
13.6585	24.0429
13.6596	24.0846
13.6623	24.1263
13.6637	24.1679
13.684	24.2096
13.6855	24.2513
13.6868	24.2929
13.6891	24.3346
13.6897	24.3763
13.691	24.4179
13.6923	24.4596
13.6937	24.5013
13.695	24.5429
13.6964	24.5846
13.6971	24.6263
13.6984	24.6679
13.6999	24.7096
13.7012	24.7513
13.7026	24.7929
13.704	24.8346
13.7053	24.8763
13.7067	24.9179
13.7074	24.9596
13.708	25.0013
13.7087	25.0413
13.7095	25.0813
13.7101	25.1213
13.7115	25.1613
13.7291	25.2013
13.7316	25.2413
13.7329	25.2813
13.7343	25.3213
13.7356	25.3613
13.737	25.4013
13.7377	25.4413
13.7391	25.4813
13.7398	25.5213
13.741	25.5613
13.7412	25.6013
13.7426	25.6413
13.7439	25.6813
13.7452	25.7213
13.747	25.7613
13.7483	25.8013
13.7487	25.8413
13.75	25.8813
13.7508	25.9213
13.7514	25.9613
13.7522	26.0013
13.7547	26.0397
13.7554	26.0782
13.7562	26.1166
13.7567	26.1551
13.7744	26.1936
13.7769	26.232
13.7781	26.2705
13.7802	26.3089
13.7815	26.3474
13.7829	26.3859
13.7836	26.4243
13.785	26.4628
13.7856	26.5013
13.7863	26.5397
13.7877	26.5782
13.7891	26.6166
13.7905	26.6551
13.7911	13.3275
13.7934	13.4045
13.7941	13.4814
13.7948	13.5583
13.7962	13.6352
13.797	13.7122
13.7977	13.7891
13.7986	13.866
13.7995	13.9429
13.8014	14.0199
13.8022	14.0913
13.8032	14.1627
13.8044	14.2341
13.8242	14.3056
13.8254	14.377
13.8268	14.4484
13.8286	14.5199
13.8307	14.5913
13.8341	14.6627
13.8347	14.7341
13.8368	14.8056
13.8375	14.877
13.8389	14.9484
13.8396	15.0199
13.841	15.0865
13.8417	15.1532
13.8469	15.2199
13.8669	15.2865
13.8685	15.3532
13.8705	15.4199
13.8713	15.4865
13.8727	15.5532
13.8761	15.6199
13.8775	15.6865
13.8796	15.7532
13.8809	15.8199
13.8824	15.8865
13.8825	15.9532
13.883	16.0199
13.8843	16.0824
13.8851	16.1449
13.8889	16.2074
13.9035	16.2699
13.9041	16.3324
13.9049	16.3949
13.9065	16.4574
13.9078	16.5199
13.912	16.5824
13.9134	16.6449
13.9147	16.7074
13.9161	16.7699
13.9175	16.8324
13.9181	16.8949
13.9196	16.9574
13.9207	17.0199
13.9209	17.0787
13.9223	17.1375
13.925	17.1963
13.9399	17.2552
13.9412	17.314
13.9415	17.3728
13.9436	17.4316
13.945	17.4904
13.9464	17.5493
13.9471	17.6081
13.9478	17.6669
13.9485	17.7257
13.9491	17.7846
13.9499	17.8434
13.9506	17.9022
13.9512	17.961
13.9519	18.0199
13.9528	18.0754
13.9533	18.131
13.9562	18.1865
13.971	18.2421
13.9733	18.2976
13.9739	18.3532
13.9774	18.4087
13.9781	18.4643
13.9787	18.5199
13.9795	18.5754
13.9802	18.631
13.9811	18.6865
13.9818	18.7421
13.9824	18.7976
13.9832	18.8532
13.9838	18.9087
13.9853	18.9643
13.9863	19.0199
13.9871	19.0725
13.9877	19.1251
13.9892	19.1778
14.0054	19.2304
14.0073	19.283
14.008	19.3356
14.0099	19.3883
14.0113	19.4409
14.0127	19.4935
14.0133	19.5462
14.014	19.5988
14.0147	19.6514
14.0154	19.7041
14.0161	19.7567
14.0168	19.8093
14.0181	19.862
14.0188	19.9146
14.0196	19.9672
14.0203	20.0199
14.021	20.0699
14.0216	20.1199
14.023	20.1699
14.0351	20.2199
14.0365	20.2699
14.0403	20.3199
14.0412	20.3699
14.0453	20.4199
14.0459	20.4699
14.0465	20.5199
14.0474	20.5699
14.048	20.6199
14.0487	20.6699
14.05	20.7199
14.0507	20.7699
14.0514	20.8199
14.0521	20.8699
14.0528	20.9199
14.0535	20.9699
14.0542	21.0199
14.0549	21.0675
14.0555	21.1151
14.0568	21.1627
14.0682	21.2103
14.0706	21.258
14.0732	21.3056
14.0741	21.3532
14.0765	21.4008
14.0774	21.4484
14.0787	21.496
14.0794	21.5437
14.0801	21.5913
14.0808	21.6389
14.0815	21.6865
14.0825	21.7341
14.0833	21.7818
14.0839	21.8294
14.0845	21.877
14.0852	21.9246
14.0859	21.9722
14.0866	22.0199
14.0879	22.0653
14.0893	22.1108
14.0899	22.1562
14.102	22.2017
14.1026	22.2471
14.1061	22.2926
14.1075	22.338
14.1103	22.3835
14.1117	22.4289
14.1124	11.2145
14.1131	11.3054
14.114	11.3963
14.1146	11.4872
14.1154	11.5781
14.1161	11.669
14.1168	11.7599
14.1175	11.8508
14.1188	11.9417
14.1195	12.0327
14.1202	12.116
14.1209	12.1993
14.1215	12.2827
14.1222	12.366
14.1229	12.4493
14.1243	12.5327
14.1348	12.616
14.136	12.6993
14.1382	12.7827
14.142	12.866
14.1447	12.9493
14.1463	13.0327
14.1475	13.1096
14.1486	13.1865
14.1491	13.2634
14.1506	13.3403
14.1512	13.4173
14.1524	13.4942
14.1615	13.5711
14.1661	13.648
14.1664	13.725
14.1688	13.8019
14.1712	13.8788
14.1748	6.9394
14.1761	7.10607
14.1768	7.24893
14.1775	7.39179
14.1784	7.53464
14.1796	7.6775
14.1802	7.82036
14.1816	7.96321
14.1912	8.10607
14.1956	8.23107
14.1967	8.35607
14.1993	8.48107
14.2014	8.60607
14.206	8.73107
14.2073	8.85607
14.2151	8.98107
14.2158	9.10607
14.2233	9.21718
14.2269	9.32829
14.2283	9.4394
14.2307	9.55052
14.2325	9.66163
14.2334	9.77274
14.2376	9.88385
14.2383	9.99496
14.2391	10.1061
14.2452	10.2061
14.25	10.3061
14.2515	10.4061
14.2545	10.5061
14.256	10.6061
14.2572	10.7061
14.2605	10.8061
14.261	10.9061
14.2626	11.0061
14.264	11.097
14.2668	11.1879
14.2692	11.2788
14.2734	11.3697
14.2754	11.4606
14.2762	11.5515
14.2792	11.6424
14.2832	11.7333
14.2839	11.8243
14.2847	11.9152
14.2861	12.0061
14.2868	12.0894
14.2888	12.1727
14.2895	12.2561
14.294	12.3394
14.2953	12.4227
14.2961	12.5061
14.2976	12.5894
14.3048	12.6727
14.3067	12.7561
14.3081	12.8394
14.3104	12.9227
14.3111	13.0061
14.3124	13.083
14.3141	13.1599
14.3147	13.2368
14.3182	13.3138
14.3194	13.3907
14.3201	13.4676
14.3218	13.5445
14.3266	13.6215
14.3282	13.6984
14.329	13.7753
14.3319	13.8522
14.333	13.9291
14.3342	14.0061
14.3348	14.0775
14.3366	14.1489
14.3385	14.2204
14.3405	14.2918
14.3419	14.3632
14.3432	14.4346
14.3446	14.5061
14.3478	14.5775
14.3504	14.6489
14.3518	14.7204
14.3538	7.36018
14.3546	7.50304
14.3559	7.64589
14.3572	7.78875
14.3582	7.93161
14.3588	8.07446
14.3637	8.19946
14.3645	8.32446
14.3658	8.44946
14.3679	8.57446
14.37	8.69946
14.3726	8.82446
14.3759	8.94946
14.3779	9.07446
14.3844	9.18558
14.385	9.29669
14.3863	9.4078
14.3893	9.51891
14.3909	9.63002
14.3943	9.74113
14.397	9.85224
14.3994	9.96335
14.4014	10.0745
14.4035	10.1745
14.4036	10.2745
14.4046	10.3745
14.4057	10.4745
14.4068	10.5745
14.4103	10.6745
14.4142	10.7745
14.4184	10.8745
14.4205	10.9745
14.422	11.0745
14.423	11.1654
14.4236	11.2563
14.4243	11.3472
14.4252	11.4381
14.4257	11.529
14.4279	11.6199
14.4327	11.7108
14.4385	11.8017
14.4423	11.8926
14.4443	11.9836
14.4451	12.0745
14.4464	12.1578
14.4471	12.2411
14.4485	12.3245
14.4498	12.4078
14.4513	12.4911
14.456	12.5745
14.4654	12.6578
14.4718	12.7411
14.4731	12.8245
14.4746	12.9078
14.4754	12.9911
14.4759	13.0745
14.4766	13.1514
14.4773	13.2283
14.4779	13.3052
14.4788	13.3822
14.48	13.4591
14.4821	13.536
14.4899	13.6129
14.4953	13.6898
14.4981	13.7668
14.5002	13.8437
14.5011	13.9206
14.5021	13.9975
14.5025	14.0745
14.5033	14.1459
14.5041	14.2173
14.5055	14.2888
14.5068	14.3602
14.5073	14.4316
14.5094	14.503
14.5115	14.5745
14.5218	14.6459
14.524	14.7173
14.5247	14.7888
14.5258	14.8602
14.5264	14.9316
14.5274	15.003
14.5279	15.0697
14.5287	15.1364
14.53	15.203
14.5327	15.2697
14.5342	15.3364
14.5347	15.403
14.5368	15.4697
14.5389	15.5364
14.5455	15.603
14.5473	15.6697
14.5479	15.7364
14.5488	15.803
14.55	15.8697
14.5515	15.9364
14.5524	16.003
14.5554	16.0655
14.5559	16.128
14.559	16.1905
14.5611	16.253
14.5627	16.3155
14.5638	16.378
14.5651	16.4405
14.5659	16.503
14.5671	16.5655
14.5698	16.628
14.5706	16.6905
14.5712	16.753
14.5719	16.8155
14.5739	16.878
14.5744	16.9405
14.5754	17.003
14.5775	17.0619
14.5794	17.1207
14.5819	17.1795
14.5855	17.2383
14.5866	17.2972
14.5875	17.356
14.59	17.4148
14.5907	17.4736
14.5911	17.5324
14.5966	17.5913
14.5971	17.6501
14.5986	17.7089
14.5993	17.7677
14.6013	17.8266
14.6041	8.91328
14.6048	9.03828
14.6061	9.14939
14.6068	9.2605
14.6075	9.37162
14.6089	9.48273
14.6116	9.59384
14.6123	9.70495
14.6137	9.81606
14.6147	9.92717
14.6152	10.0383
14.6158	10.1383
14.621	10.2383
14.6225	10.3383
14.6238	10.4383
14.625	10.5383
14.6267	10.6383
14.6389	10.7383
14.6415	10.8383
14.6422	10.9383
14.6428	11.0383
14.6442	11.1292
14.6485	11.2201
14.6491	11.311
14.6506	11.4019
14.6534	11.4928
14.654	11.5837
14.6651	11.6746
14.6659	11.7656
14.6667	11.8565
14.6674	11.9474
14.6691	12.0383
14.6705	12.1216
14.6741	12.2049
14.6747	12.2883
14.6775	12.3716
14.6819	12.4549
14.6834	12.5383
14.6927	12.6216
14.6934	12.7049
14.6941	12.7883
14.6948	12.8716
14.6964	12.9549
14.6972	13.0383
14.6981	13.1152
14.7032	13.1921
14.7039	13.2691
14.7045	13.346
14.708	13.4229
14.7094	13.4998
14.72	13.5767
14.7207	13.6537
14.7213	13.7306
14.722	13.8075
14.7227	13.8844
14.7243	13.9614
14.7255	14.0383
14.7262	14.1097
14.7299	14.1811
14.7304	14.2526
14.7311	14.324
14.735	14.3954
14.7358	14.4669
14.7472	14.5383
14.7477	14.6097
14.7483	14.6811
14.749	14.7526
14.7497	14.824
14.7523	14.8954
14.7528	14.9669
14.7535	15.0383
14.7542	15.1049
14.7579	15.1716
14.7586	15.2383
14.7601	15.3049
14.7629	15.3716
14.7643	15.4383
14.7767	15.5049
14.7778	15.5716
14.7785	15.6383
14.7792	15.7049
14.7799	15.7716
14.7808	15.8383
14.7813	15.9049
14.782	15.9716
14.7828	16.0383
14.7837	16.1008
14.7847	16.1633
14.7854	16.2258
14.7869	16.2883
14.788	16.3508
14.789	16.4133
14.7957	16.4758
14.7965	16.5383
14.7975	16.6008
14.7981	16.6633
14.7987	16.7258
14.7994	16.7883
14.8003	16.8508
14.8009	16.9133
14.8016	16.9758
14.8025	17.0383
14.804	17.0971
14.8059	17.1559
14.8064	17.2148
14.8071	17.2736
14.8079	17.3324
14.8086	17.3912
14.8102	17.45
14.8115	17.5089
14.8125	17.5677
14.8182	17.6265
14.8206	17.6853
14.8236	17.7442
14.824	17.803
14.8247	17.8618
14.8253	17.9206
14.8264	17.9795
14.827	18.0383
14.8277	18.0938
14.8284	18.1494
14.829	18.2049
14.8297	18.2605
14.8304	18.3161
14.8311	18.3716
14.8318	18.4272
14.8326	18.4827
14.8334	18.5383
14.8338	18.5938
14.8346	18.6494
14.8353	18.7049
14.8359	18.7605
14.8366	18.8161
14.8373	18.8716
14.8383	18.9272
14.8386	18.9827
14.8394	19.0383
14.84	19.0909
14.8407	19.1435
14.8415	19.1962
14.8422	19.2488
14.8427	19.3014
14.8434	19.3541
14.8441	19.4067
14.8448	19.4593
14.8455	19.512
14.8462	19.5646
14.8469	19.6172
14.8476	19.6699
14.8485	19.7225
14.849	19.7751
14.8498	19.8278
14.8505	19.8804
14.8522	19.933
14.8524	19.9857
14.8525	20.0383
14.8542	20.0883
14.8543	20.1383
14.8544	20.1883
14.8552	20.2383
14.8558	20.2883
14.8565	20.3383
14.8572	20.3883
14.858	20.4383
14.8587	20.4883
14.8592	20.5383
14.86	20.5883
14.8606	20.6383
14.8615	20.6883
14.862	20.7383
14.8627	20.7883
14.8635	10.3941
14.8641	10.4941
14.8648	10.5941
14.8655	10.6941
14.8662	10.7941
14.8669	10.8941
14.8675	10.9941
14.8682	11.0941
14.8689	11.1851
14.8696	11.276
14.8703	11.3669
14.8709	11.4578
14.8716	11.5487
14.8723	11.6396
14.873	11.7305
14.8737	11.8214
14.8744	11.9123
14.8751	12.0032
14.8758	12.0866
14.8764	12.1699
14.8771	12.2532
14.8778	12.3366
14.8785	12.4199
14.8793	12.5032
14.8799	12.5866
14.8805	12.6699
14.8812	12.7532
14.8819	12.8366
14.8826	12.9199
14.8834	13.0032
14.884	13.0802
14.8847	13.1571
14.8864	13.234
14.8871	13.3109
14.8878	13.3878
14.8885	13.4648
14.8892	13.5417
14.89	13.6186
14.8907	13.6955
14.8913	13.7725
14.8921	13.8494
14.8927	13.9263
14.8933	14.0032
14.8941	14.0747
14.8948	14.1461
14.8955	14.2175
14.8963	14.2889
14.8968	14.3604
14.8976	14.4318
14.8982	14.5032
14.8989	14.5747
14.8995	14.6461
14.9002	14.7175
14.9011	14.7889
14.9015	14.8604
14.9022	14.9318
14.9029	15.0032
14.9036	15.0699
14.9052	15.1366
14.9053	15.2032
14.9057	15.2699
14.9064	15.3366
14.9071	15.4032
14.9077	15.4699
14.9084	15.5366
14.9092	15.6032
14.9097	15.6699
14.9106	15.7366
14.9111	15.8032
14.9118	15.8699
14.9125	15.9366
14.9132	16.0032
14.914	16.0657
14.9146	16.1282
14.9154	16.1907
14.916	16.2532
14.9167	16.3157
14.918	16.3782
14.9189	16.4407
14.9196	16.5032
14.9203	16.5657
14.921	16.6282
14.9217	16.6907
14.9223	16.7532
14.923	16.8157
14.9237	16.8782
14.9244	16.9407
14.9251	17.0032
14.9258	17.0621
14.9265	17.1209
14.9271	17.1797
14.9278	17.2385
14.9285	17.2973
14.9292	17.3562
14.9308	17.415
14.9309	17.4738
14.9313	17.5326
14.9319	17.5915
14.9327	17.6503
14.9333	17.7091
14.934	17.7679
14.9347	17.8268
14.9353	17.8856
14.9361	17.9444
14.9367	18.0032
14.9374	18.0588
14.9381	18.1143
14.9389	18.1699
14.9395	18.2255
14.9403	18.281
14.941	9.1405
14.9416	9.25162
14.9424	9.36273
14.9431	9.47384
14.9436	9.58495
14.9443	9.69606
14.9449	9.80717
14.9459	9.91828
14.9464	10.0294
14.9471	10.1294
14.9477	10.2294
14.9484	10.3294
14.9491	10.4294
14.9501	10.5294
14.9507	10.6294
14.9511	10.7294
14.952	10.8294
14.9528	10.9294
14.9533	11.0294
14.9539	11.1203
14.9547	11.2112
14.9553	11.3021
14.9573	11.393
14.9586	11.4839
14.9595	11.5748
14.9603	11.6658
14.9606	11.7567
14.9613	11.8476
14.962	11.9385
14.9626	12.0294
14.9634	12.1127
14.9641	12.1961
14.9649	12.2794
14.9654	12.3627
14.9662	12.4461
14.9668	12.5294
14.9674	12.6127
14.9681	12.6961
14.9689	12.7794
14.9696	12.8627
14.9702	12.9461
14.9709	13.0294
14.9716	13.1063
14.9723	13.1832
14.9731	13.2602
14.9737	13.3371
14.9746	13.414
14.975	13.4909
14.9757	13.5679
14.9765	13.6448
14.9771	13.7217
14.9778	13.7986
14.9785	13.8755
14.9791	13.9525
14.9798	14.0294
14.9805	14.1008
14.9815	14.1723
14.983	14.2437
14.9831	14.3151
14.9833	14.3865
14.984	14.458
14.9847	14.5294
14.9855	14.6008
14.986	14.6723
14.9867	14.7437
14.9876	14.8151
14.988	14.8865
14.9889	14.958
14.9894	15.0294
14.9901	15.0961
14.9911	15.1627
14.9915	15.2294
14.9922	15.2961
14.9929	15.3627
14.9936	15.4294
14.9954	15.4961
14.9956	15.5627
14.9956	15.6294
14.9963	15.6961
14.997	15.7627
14.9978	15.8294
14.9984	15.8961
14.9991	15.9627
14.9997	16.0294
15.0006	16.0919
15.0014	16.1544
15.0021	16.2169
15.0027	16.2794
15.0034	16.3419
15.0041	16.4044
15.0049	16.4669
15.0057	16.5294
15.0061	16.5919
15.0069	16.6544
15.0076	16.7169
15.0082	16.7794
15.0088	16.8419
15.0096	16.9044
15.0102	8.4522
15.0109	8.5772
15.0118	8.7022
15.0123	8.8272
15.013	8.9522
15.0139	9.0772
15.0146	9.18831
15.0151	9.29942
15.0159	9.41053
15.0166	9.52164
15.0173	9.63275
15.0178	9.74386
15.0185	9.85497
15.0193	9.96609
15.0198	10.0772
15.0205	10.1772
15.0215	10.2772
15.0219	10.3772
15.0226	10.4772
15.0233	10.5772
15.024	10.6772
15.0248	10.7772
15.0254	10.8772
15.026	10.9772
15.0271	11.0772
15.0275	11.1681
15.0281	11.259
15.0288	11.3499
15.0296	11.4408
15.0302	11.5317
15.0309	11.6227
15.0316	11.7136
15.0323	11.8045
15.0329	11.8954
15.0346	11.9863
15.0352	12.0772
15.036	12.1605
15.0366	12.2439
15.0373	12.3272
15.038	12.4105
15.0387	12.4939
15.0402	12.5772
15.0403	12.6605
15.0408	12.7439
15.0414	12.8272
15.0421	12.9105
15.0428	12.9939
15.0435	13.0772
15.0442	13.1541
15.0449	13.231
15.0455	13.308
15.0462	13.3849
15.0469	13.4618
15.0477	13.5387
15.0483	13.6157
15.049	13.6926
15.0497	13.7695
15.0503	13.8464
15.051	13.9234
15.0519	14.0003
15.0524	14.0717
15.0531	14.1431
15.0538	14.2146
15.0545	14.286
15.0552	14.3574
15.0558	14.4288
15.0565	14.5003
15.0572	14.5717
15.0581	14.6431
15.0586	14.7146
15.0596	14.786
15.0602	14.8574
15.0607	14.9288
15.0613	15.0003
15.0621	15.0669
15.0627	15.1336
15.0634	15.2003
15.0641	15.2669
15.065	15.3336
15.0655	15.4003
15.0662	15.4669
15.0668	7.73347
15.0675	7.87633
15.0682	8.01918
15.0689	8.14418
15.0696	8.26918
15.0702	8.39418
15.0709	8.51918
15.0721	8.64418
15.0724	8.76918
15.073	8.89418
15.0737	9.01918
15.0744	9.1303
15.0751	9.24141
15.0758	9.35252
15.0764	9.46363
15.0772	9.57474
15.0786	9.68585
15.08	9.79696
15.0807	9.90807
15.0814	10.0192
15.082	10.1192
15.0828	10.2192
15.0834	10.3192
15.0841	10.4192
15.0858	10.5192
15.0878	10.6192
15.0892	10.7192
15.0916	10.8192
15.094	10.9192
15.0946	11.0192
15.096	11.1101
15.0975	11.201
15.0987	11.2919
15.0994	11.3828
15.1016	11.4737
15.1023	11.5646
15.103	11.6555
15.1042	11.7465
15.1063	11.8374
15.1077	11.9283
15.109	12.0192
15.1106	12.1025
15.1123	12.1859
15.113	12.2692
15.1144	12.3525
15.1157	12.4359
15.1174	12.5192
15.1188	12.6025
15.1194	12.6859
15.1208	12.7692
15.1214	12.8525
15.1222	12.9359
15.1237	13.0192
15.1244	13.0961
15.127	13.173
15.1284	13.25
15.1297	13.3269
15.132	13.4038
15.1328	13.4807
15.1346	13.5576
15.1369	13.6346
15.1385	13.7115
15.1396	13.7884
15.1399	13.8653
15.1419	13.9423
15.1444	14.0192
15.1468	14.0906
15.1482	14.162
15.1494	14.2335
15.1509	14.3049
15.1522	14.3763
15.1537	14.4478
15.1557	14.5192
15.1559	14.5906
15.1578	14.662
15.1591	14.7335
15.1612	14.8049
15.1633	14.8763
15.1646	14.9478
15.1653	15.0192
15.166	15.0859
15.1682	15.1525
15.1695	15.2192
15.1702	15.2859
15.1723	15.3525
15.1736	15.4192
15.175	15.4859
15.1757	15.5525
15.1785	15.6192
15.1792	15.6859
15.1799	15.7525
15.1826	15.8192
15.1832	15.8859
15.184	15.9525
15.186	16.0192
15.1874	16.0817
15.1887	16.1442
15.1901	16.2067
15.1928	16.2692
15.1942	16.3317
15.1942	16.3942
15.1956	16.4567
15.197	16.5192
15.1976	8.25959
15.1998	8.38459
15.2011	8.50959
15.2038	8.63459
15.2045	8.75959
15.2053	8.88459
15.2073	9.00959
15.2088	9.1207
15.2095	9.23181
15.2114	9.34293
15.2128	9.45404
15.2142	9.56515
15.2149	9.67626
15.2176	9.78737
15.2184	9.89848
15.2192	10.0096
15.2218	10.1096
15.2225	10.2096
15.2233	10.3096
15.2252	10.4096
15.2266	10.5096
15.2281	10.6096
15.2293	10.7096
15.23	10.8096
15.2327	10.9096
15.2335	11.0096
15.2348	11.1005
15.2361	11.1914
15.2368	11.2823
15.2444	11.3732
15.2451	11.4641
15.2479	11.555
15.2486	11.646
15.25	11.7369
15.2501	11.8278
15.2506	11.9187
15.2513	12.0096
15.252	12.0929
15.2527	6.04646
15.2534	6.21313
15.2541	6.3798
15.2548	6.54646
15.2554	6.71313
15.2561	6.8798
15.2568	7.04646
15.2588	7.18932
15.2602	7.33218
15.2616	7.47503
15.263	7.61789
15.2639	7.76075
15.2644	7.90361
15.265	8.04646
15.2657	8.17146
15.2665	8.29646
15.2672	8.42146
15.2679	8.54646
15.2685	8.67146
15.2693	8.79646
15.2699	8.92146
15.2706	9.04646
15.2713	9.15757
15.272	9.26869
15.2727	9.3798
15.2733	9.49091
15.274	9.60202
15.2749	9.71313
15.2757	9.82424
15.2765	9.93535
15.2788	10.0465
15.2789	10.1465
15.279	10.2465
15.2796	10.3465
15.28	10.4465
15.2807	10.5465
15.2815	10.6465
15.2824	10.7465
15.2831	10.8465
15.284	10.9465
15.2845	11.0465
15.2852	11.1374
15.2859	11.2283
15.2866	11.3192
15.2873	11.4101
15.2879	11.501
15.2886	11.5919
15.2893	11.6828
15.29	11.7737
15.2907	11.8646
15.2914	11.9556
15.2929	12.0465
15.2936	12.1298
15.2943	12.2131
15.2949	12.2965
15.2957	12.3798
15.2964	12.4631
15.297	12.5465
15.2977	12.6298
15.2986	12.7131
15.2993	12.7965
15.2997	12.8798
15.3005	12.9631
15.3012	13.0465
15.3018	13.1234
15.3025	13.2003
15.3032	13.2772
15.3039	13.3542
15.3046	13.4311
15.3053	13.508
15.306	13.5849
15.3067	13.6618
15.3073	13.7388
15.308	13.8157
15.3087	13.8926
15.3094	13.9695
15.3101	14.0465
15.3109	14.1179
15.3115	14.1893
15.3123	14.2607
15.3138	14.3322
15.314	14.4036
15.3147	14.475
15.3154	14.5465
15.3172	14.6179
15.3178	14.6893
15.3184	14.7607
15.3191	14.8322
15.3198	14.9036
15.3205	14.975
15.3211	15.0465
15.3232	15.1131
15.3233	15.1798
15.3236	15.2465
15.3238	15.3131
15.3245	15.3798
15.3252	15.4465
15.3259	15.5131
15.3266	15.5798
15.3273	15.6465
15.328	15.7131
15.3287	15.7798
15.3293	15.8465
15.33	15.9131
15.3307	15.9798
15.3314	16.0465
15.3321	16.109
15.3328	16.1715
15.3335	16.234
15.3353	16.2965
15.3366	16.359
15.3374	16.4215
15.3379	16.484
15.3386	16.5465
15.3393	16.609
15.3401	16.6715
15.3407	16.734
15.3416	16.7965
15.342	16.859
15.3427	16.9215
15.3434	16.984
15.3441	17.0465
15.3448	17.1053
15.3455	17.1641
15.3461	17.2229
15.3469	17.2818
15.3475	17.3406
15.3482	17.3994
15.349	17.4582
15.3497	17.5171
15.3504	17.5759
15.3518	17.6347
15.352	17.6935
15.3524	17.7523
15.3531	17.8112
15.3538	17.87
15.3544	17.9288
15.3567	17.9876
15.3573	18.0465
15.358	18.102
15.3587	18.1576
15.3594	18.2131
15.3599	18.2687
15.3606	18.3242
15.3618	18.3798
15.362	18.4354
15.3627	18.4909
15.3634	18.5465
15.3643	18.602
15.3648	18.6576
15.3655	18.7131
15.3661	18.7687
15.3668	18.8242
15.3676	18.8798
15.3682	18.9354
15.3689	18.9909
15.3696	19.0465
15.3702	19.0991
15.3709	19.1517
15.3716	19.2044
15.3723	19.257
15.373	19.3096
15.3743	19.3623
15.3745	19.4149
15.3755	19.4675
15.3759	19.5201
15.3765	19.5728
15.3772	19.6254
15.378	19.678
15.3788	19.7307
15.3793	19.7833
15.3807	19.8359
15.3808	19.8886
15.3813	19.9412
15.3824	19.9938
15.3828	20.0465
15.3834	20.0965
15.384	20.1465
15.3847	20.1965
15.3854	20.2465
15.3861	20.2965
15.3871	20.3465
15.3874	20.3965
15.3881	20.4465
15.3888	20.4965
15.3895	20.5465
15.3902	20.5965
15.3909	20.6465
15.3916	20.6965
15.3923	20.7465
15.3931	20.7965
15.3937	20.8465
15.3944	20.8965
15.395	20.9465
15.3959	20.9965
15.3965	21.0465
15.3971	21.0941
15.398	21.1417
15.3986	21.1893
15.3994	21.2369
15.4001	21.2846
15.4007	21.3322
15.4014	21.3798
15.402	21.4274
15.4027	21.475
15.4034	21.5227
15.4039	21.5703
15.4048	21.6179
15.4055	21.6655
15.406	21.7131
15.4067	21.7607
15.4074	21.8084
15.4081	21.856
15.4088	21.9036
15.4094	21.9512
15.4101	21.9988
15.4108	22.0465
15.4115	22.0919
15.413	22.1374
15.4131	22.1828
15.4136	22.2283
15.4143	22.2737
15.415	22.3192
15.4156	22.3646
15.4163	22.4101
15.417	22.4556
15.4177	22.501
15.4184	22.5465
15.4191	22.5919
15.4197	22.6374
15.4204	22.6828
15.4207	22.7283
