time	cwndsize
0.253378	11
0.254862	12
0.255925	13
0.257353	14
0.25877	15
0.260336	16
0.261545	17
0.26228	18
0.263759	19
0.265022	20
0.270362	21
0.271875	22
0.276048	23
0.27727	24
0.280957	25
0.281574	26
0.285605	27
0.286504	28
0.286969	29
0.287883	30
0.288486	31
0.29044	32
0.291867	33
0.292476	34
0.295461	35
0.296859	36
0.29756	37
0.29845	38
0.300082	39
0.300796	40
0.305896	41
0.306979	42
0.307254	43
0.307612	44
0.313165	45
0.315216	46
0.318736	47
0.319847	48
0.323343	49
0.324004	50
0.325356	51
0.326748	52
0.33498	53
0.33567	54
0.337831	55
0.338431	56
0.339898	57
0.341152	58
0.341834	59
0.343297	60
0.344015	61
0.345999	62
0.347562	63
0.348838	64
0.352891	65
0.353651	66
0.354331	67
0.355083	68
0.359545	69
0.359653	70
0.3618	71
0.363245	72
0.364715	73
0.365936	74
0.367482	75
0.367921	76
0.369977	77
0.372489	78
0.373432	79
0.374653	80
0.377582	81
0.378279	82
0.380437	83
0.381129	84
0.383257	85
0.38412	86
0.384511	87
0.385212	88
0.387375	89
0.389417	90
0.389978	91
0.390702	92
0.392965	93
0.393446	94
0.395142	95
0.395501	96
0.39701	97
0.398216	98
0.398872	99
0.399884	100
0.400679	101
0.402399	102
0.405201	103
0.409989	51.5
0.417402	51.5196
0.418415	51.5392
0.419623	51.5588
0.42165	51.5784
0.427902	51.598
0.428575	51.6176
0.429321	51.6373
0.429919	51.6569
0.431293	51.6765
0.433371	51.6961
0.435415	51.7157
0.436747	51.7353
0.439516	51.7549
0.441565	51.7745
0.442219	51.7941
0.443598	51.8137
0.445017	51.8333
0.44786	51.8529
0.449833	51.8725
0.451912	51.8922
0.452594	51.9118
0.453994	51.9314
0.458943	51.951
0.459499	51.9706
0.46236	51.9902
0.463609	52.0098
0.464298	52.029
0.464982	52.0483
0.465681	52.0675
0.467886	52.0867
0.469807	52.106
0.471927	52.1252
0.474349	52.1444
0.475536	52.1637
0.478736	52.1829
0.480928	52.2021
0.481521	52.2213
0.483625	52.2406
0.487401	52.2598
0.48854	52.279
0.494819	52.2983
0.496353	52.3175
0.497065	52.3367
0.497518	52.356
0.498249	52.3752
0.498907	52.3944
0.500259	52.4137
0.501012	52.4329
0.502587	52.4521
0.503032	52.4713
0.504353	52.4906
0.506496	52.5098
0.509646	52.529
0.510841	52.5483
0.512046	52.5675
0.512832	52.5867
0.513742	52.606
0.514083	52.6252
0.515417	52.6444
0.516122	52.6637
0.516765	52.6829
0.518082	52.7021
0.518842	52.7213
0.520358	52.7406
0.520683	52.7598
0.52113	52.779
0.523212	52.7983
0.5239	52.8175
0.526869	52.8367
0.528744	52.856
0.529423	52.8752
0.530782	52.8944
0.5379	52.9137
0.538277	52.9329
0.539815	52.9521
0.541416	52.9713
0.542055	52.9906
0.543255	53.0098
0.543912	53.0287
0.544595	53.0475
0.545463	53.0664
0.546097	53.0853
0.546729	53.1041
0.547469	53.123
0.548292	53.1419
0.548814	53.1607
0.549508	53.1796
0.550546	53.1985
0.551013	53.2174
0.551615	53.2362
0.552279	53.2551
0.552971	53.274
0.553664	53.2928
0.554338	53.3117
0.555109	53.3306
0.555819	53.3494
0.556588	53.3683
0.557095	53.3872
0.55794	53.406
0.558709	53.4249
0.559401	53.4438
0.561255	53.4626
0.594502	53.4815
0.596649	26.7408
0.59862	26.7792
0.599306	26.8177
0.599984	26.8561
0.600665	26.8946
0.602968	26.9331
0.604093	26.9715
0.606864	27.01
0.608908	27.047
0.610936	27.0841
0.613701	27.1211
0.614412	27.1581
0.61648	27.1952
0.617905	27.2322
0.619184	27.2692
0.62199	27.3063
0.623333	27.3433
0.628559	27.3804
0.630373	27.4174
0.632471	27.4544
0.634858	27.4915
0.647115	27.5285
0.647833	27.5655
0.649369	27.6026
0.649984	27.6396
0.650972	27.6766
0.651404	27.7137
0.652126	27.7507
0.65279	27.7878
0.655549	27.8248
0.6618	27.8618
0.662435	27.8989
0.665919	27.9359
0.667365	27.9729
0.668669	28.01
0.671394	28.0457
0.672759	28.0814
0.673748	28.1171
0.675539	28.1528
0.677567	28.1886
0.678974	28.2243
0.679654	28.26
0.681033	28.2957
0.682442	28.3314
0.684953	28.3671
0.685465	28.4028
0.685946	28.4386
0.687288	28.4743
0.687939	28.51
0.688621	28.5457
0.689278	28.5814
0.694106	28.6171
0.732652	28.6528
0.75721	28.6886
0.757557	28.7243
0.757754	28.76
0.759944	28.7957
0.765461	28.8314
0.766331	28.8671
0.76785	28.9028
0.768092	28.9386
0.76828	28.9743
0.768964	29.01
0.769751	29.0445
0.770378	29.0789
0.770951	29.1134
0.771837	29.1479
0.7726	29.1824
0.77297	29.2169
0.773759	29.2514
0.77439	29.2858
0.775048	29.3203
0.775822	29.3548
0.776516	29.3893
0.777189	29.4238
0.777861	29.4583
0.778535	29.4927
0.779253	29.5272
0.779889	29.5617
0.78062	29.5962
0.8079	29.6307
0.845673	29.6652
0.847039	29.6996
0.8478	14.8498
0.849097	14.9212
0.855672	14.9927
0.857055	15.0641
0.863329	15.1308
0.864003	15.1974
0.864673	15.2641
0.865378	15.3308
0.866008	15.3974
0.866723	15.4641
0.867412	15.5308
0.868105	15.5974
0.868765	15.6641
0.869474	15.7308
0.870189	15.7974
0.871527	15.8641
0.87223	15.9308
0.873102	15.9974
0.87715	16.0641
0.879963	16.1266
0.881975	16.1891
0.882618	16.2516
0.884688	16.3141
0.885379	16.3766
0.887447	16.4391
0.889479	16.5016
0.90255	16.5641
0.923371	16.6266
0.924691	16.6891
0.946619	16.7516
0.94735	16.8141
0.948041	16.8766
0.950773	16.9391
0.957001	17.0016
0.957597	17.0604
0.960436	17.1193
0.961031	17.1781
0.96177	17.2369
0.964537	17.2957
0.966552	17.3545
0.969606	17.4134
0.972085	17.4722
0.97846	17.531
0.996708	17.5898
0.998799	17.6487
1.03867	17.7075
1.03875	17.7663
1.03909	17.8251
1.03979	17.884
1.04052	17.9428
1.04122	18.0016
1.04193	18.0572
1.04259	18.1127
1.04325	18.1683
1.04415	18.2238
1.04467	18.2794
1.04581	18.3349
1.0468	18.3905
1.04724	18.446
1.06029	18.5016
1.07728	18.5572
1.07993	18.6127
1.1099	18.6683
1.11121	18.7238
1.11325	18.7794
1.11671	18.8349
1.11877	18.8905
1.11946	18.946
1.12084	19.0016
1.1222	19.0542
1.12286	19.1069
1.1236	19.1595
1.12565	19.2121
1.12772	19.2648
1.13112	19.3174
1.13591	19.37
1.1394	19.4227
1.1477	19.4753
1.15521	19.5279
1.15602	19.5806
1.16914	19.6332
1.16988	19.6858
1.17057	19.7384
1.17182	19.7911
1.17256	19.8437
1.17327	19.8963
1.17409	19.949
1.17626	20.0016
1.17856	20.0516
1.17924	20.1016
1.18015	20.1516
1.18196	20.2016
1.18365	20.2516
1.18766	20.3016
1.19714	20.3516
1.20051	20.4016
1.20219	20.4516
1.20401	20.5016
1.20541	20.5516
1.21091	20.6016
1.21225	20.6516
1.21368	20.7016
1.21499	20.7516
1.21572	20.8016
1.21917	20.8516
1.22466	20.9016
1.22751	20.9516
1.22898	21.0016
1.23015	21.0492
1.23152	21.0968
1.23397	21.1445
1.2346	21.1921
1.23649	21.2397
1.23783	21.2873
1.23857	21.3349
1.23932	21.3826
1.24065	21.4302
1.2413	21.4778
1.24261	21.5254
1.24549	21.573
1.24742	21.6207
1.24882	21.6683
1.25428	21.7159
1.25569	21.7635
1.2689	21.8111
1.27104	21.8587
1.27121	21.9064
1.27183	21.954
1.27249	22.0016
1.27324	22.0471
1.27388	22.0925
1.27455	22.138
1.27549	22.1834
1.276	22.2289
1.27753	22.2743
1.27801	22.3198
1.27815	22.3652
1.27881	22.4107
1.28018	22.4561
1.2812	22.5016
1.28233	22.5471
1.28368	22.5925
1.28567	22.638
1.2912	22.6834
1.29492	22.7289
1.30718	22.7743
1.30909	22.8198
1.31003	22.8652
1.3106	22.9107
1.31128	11.4553
1.31187	11.5463
1.31252	11.6372
1.31387	11.7281
1.31457	11.819
1.31677	11.9099
1.31759	12.0008
1.31885	12.0841
1.31955	12.1675
1.3209	12.2508
1.32229	12.3341
1.32315	12.4175
1.3237	12.5008
1.32506	12.5841
1.32716	12.6675
1.32794	12.7508
1.33005	12.8341
1.33215	12.9175
1.34151	13.0008
1.34434	13.0777
1.34569	13.1546
1.34782	13.2316
1.35783	13.3085
1.3591	13.3854
1.36051	13.4623
1.36187	13.5393
1.36461	13.6162
1.3653	13.6931
1.36737	13.77
1.36879	13.847
1.37287	13.9239
1.37433	14.0008
1.37781	14.0722
1.38039	14.1437
1.38251	14.2151
1.39979	14.2865
1.40319	14.3579
1.40603	14.4294
1.40805	14.5008
1.41004	14.5722
1.41081	14.6437
1.41209	14.7151
1.4129	14.7865
1.41424	14.8579
1.41575	14.9294
1.4163	15.0008
1.41916	15.0675
1.41928	15.1341
1.4211	15.2008
1.43304	15.2675
1.43488	15.3341
1.43709	15.4008
1.43905	15.4675
1.44114	15.5341
1.44259	15.6008
1.44458	15.6675
1.44617	15.7341
1.44737	15.8008
1.44892	15.8675
1.4522	15.9341
1.45381	16.0008
1.45555	16.0633
1.45706	16.1258
1.45841	16.1883
1.47214	16.2508
1.47354	16.3133
1.4756	16.3758
1.47665	16.4383
1.47767	16.5008
1.47906	16.5633
1.47973	16.6258
1.4818	16.6883
1.48248	16.7508
1.48348	16.8133
1.48391	16.8758
1.48595	8.4379
1.4874	8.5629
1.4903	8.6879
1.49233	8.8129
1.49497	8.9379
1.51076	9.0629
1.51215	9.17401
1.51424	9.28512
1.51558	9.39623
1.51629	9.50735
1.51766	9.61846
1.51905	9.72957
1.52107	9.84068
1.52208	9.95179
1.52272	10.0629
1.52321	10.1629
1.5446	10.2629
1.54751	10.3629
1.54949	10.4629
1.55165	10.5629
1.55305	10.6629
1.55515	10.7629
1.55645	10.8629
1.55792	10.9629
1.56021	11.0629
1.56063	11.1538
1.58923	11.2447
1.59384	11.3356
1.59524	11.4265
1.60012	11.5174
1.60045	11.6084
1.60256	11.6993
1.60483	11.7902
1.60683	11.8811
1.60935	11.972
1.61072	12.0629
1.61223	12.1462
1.64341	12.2296
1.6453	12.3129
1.64665	12.3962
1.64883	12.4796
1.65077	12.5629
1.65151	12.6462
1.65428	12.7296
1.65774	12.8129
1.65913	12.8962
1.66053	12.9796
1.66123	13.0629
1.66185	13.1398
1.70023	13.2167
1.70182	13.2937
1.70294	13.3706
1.70362	13.4475
1.70595	13.5244
1.70637	13.6014
1.70909	13.6783
1.71327	13.7552
1.71418	13.8321
1.71538	13.9091
1.71808	13.986
1.71879	14.0629
1.71949	14.1343
1.74503	14.2058
1.74643	14.2772
1.75051	14.3486
1.75121	14.42
1.75329	14.4915
1.75605	14.5629
1.75879	14.6343
1.76428	14.7058
1.76497	14.7772
1.76908	14.8486
1.76979	14.92
1.77116	14.9915
1.77191	15.0629
1.77258	15.1296
1.78799	15.1962
1.79332	15.2629
1.7961	15.3296
1.79836	15.3962
1.79843	15.4629
1.80236	15.5296
1.80447	15.5962
1.80515	15.6629
1.8064	15.7296
1.80712	15.7962
1.80923	15.8629
1.8099	15.9296
1.81267	15.9962
1.81468	16.0629
1.8184	16.1254
1.82207	16.1879
1.82517	16.2504
1.82658	16.3129
1.83	16.3754
1.83144	16.4379
1.84368	16.5004
1.84544	16.5629
1.84926	16.6254
1.85333	16.6879
1.85614	16.7504
1.85848	16.8129
1.85961	16.8754
1.86311	16.9379
1.86548	17.0004
1.86621	17.0592
1.86782	17.118
1.87639	17.1769
1.87675	17.2357
1.87802	17.2945
1.88256	17.3533
1.88355	17.4122
1.8866	17.471
1.89297	17.5298
1.89689	17.5886
1.89972	17.6475
1.90334	17.7063
1.90386	17.7651
1.90453	17.8239
1.90555	17.8828
1.90672	17.9416
1.90801	18.0004
1.90877	18.056
1.90945	18.1115
1.92173	18.1671
1.92259	18.2226
1.92539	18.2782
1.9325	18.3337
1.93368	18.3893
1.9359	18.4448
1.93668	18.5004
1.93919	18.556
1.94082	18.6115
1.94498	18.6671
1.9469	18.7226
1.95169	18.7782
1.95925	18.8337
1.95999	18.8893
1.96133	18.9448
1.96271	19.0004
1.96344	19.053
1.96486	19.1057
1.97939	19.1583
1.98144	19.2109
1.98374	19.2636
1.988	19.3162
1.98912	19.3688
1.99113	19.4215
1.99251	19.4741
1.99317	19.5267
1.99459	19.5793
1.99917	19.632
2.00017	19.6846
2.00089	19.7372
2.00152	19.7899
2.00295	19.8425
2.00441	19.8951
2.00851	19.9478
2.01335	20.0004
2.01555	20.0504
2.01821	20.1004
2.02953	20.1504
2.03196	20.2004
2.03397	20.2504
2.03544	20.3004
2.03609	20.3504
2.03682	20.4004
2.03819	20.4504
2.0398	20.5004
2.04167	20.5504
2.04921	20.6004
2.0508	20.6504
2.05204	20.7004
2.05334	20.7504
2.05681	20.8004
2.06091	20.8504
2.06503	20.9004
2.06716	20.9504
2.06855	21.0004
2.06925	21.048
2.06989	21.0956
2.07828	21.1433
2.08036	21.1909
2.08383	21.2385
2.08544	21.2861
2.08661	21.3337
2.08944	21.3814
2.0923	21.429
2.09416	21.4766
2.0972	21.5242
2.09975	21.5718
2.10047	21.6194
2.10409	21.6671
2.10457	21.7147
2.10764	21.7623
2.10874	21.8099
2.11145	21.8575
2.11272	21.9052
2.11487	21.9528
2.11582	22.0004
2.11758	22.0459
2.11975	22.0913
2.1353	22.1368
2.1397	22.1822
2.14206	22.2277
2.14291	22.2731
2.14342	22.3186
2.14401	22.364
2.1448	22.4095
2.14534	22.4549
2.14605	22.5004
2.14707	22.5459
2.14759	22.5913
2.15228	22.6368
2.15399	22.6822
2.15855	22.7277
2.15998	22.7731
2.16211	11.3866
2.16604	11.4775
2.16698	11.5684
2.16757	11.6593
2.16823	11.7502
2.16875	11.8411
2.1702	11.932
2.1741	12.0229
2.17459	12.1063
2.17581	12.1896
2.17694	12.2729
2.17739	12.3563
2.17828	12.4396
2.17937	12.5229
2.18005	12.6063
2.18079	12.6896
2.18353	12.7729
2.18521	12.8563
2.192	12.9396
2.19269	13.0229
2.19403	13.0999
2.19493	13.1768
2.21206	13.2537
2.21309	13.3306
2.21486	13.4075
2.21793	13.4845
2.21889	13.5614
2.22047	13.6383
2.22314	13.7152
2.22553	13.7922
2.22761	13.8691
2.22822	13.946
2.22898	14.0229
2.2296	14.0944
2.23037	14.1658
2.257	14.2372
2.25764	14.3086
2.25838	14.3801
2.26189	14.4515
2.26238	14.5229
2.26359	14.5944
2.26458	14.6658
2.26545	14.7372
2.26597	14.8086
2.26678	14.8801
2.26732	14.9515
2.26838	15.0229
2.27005	15.0896
2.27044	15.1563
2.29362	15.2229
2.29466	15.2896
2.29534	15.3563
2.29666	15.4229
2.29798	15.4896
2.29859	15.5563
2.30378	15.6229
2.30649	15.6896
2.30786	15.7563
2.30991	15.8229
2.31059	15.8896
2.31145	15.9563
2.31199	16.0229
2.3127	16.0854
2.31347	16.1479
2.34187	16.2104
2.34237	16.2729
2.34303	16.3354
2.34373	16.3979
2.34437	16.4604
2.34518	16.5229
2.34827	16.5854
2.34908	16.6479
2.35287	16.7104
2.35466	16.7729
2.36072	16.8354
2.36142	16.8979
2.36282	16.9604
2.36369	17.0229
2.36763	17.0818
2.371	17.1406
2.37946	17.1994
2.38071	17.2582
2.38277	17.317
2.38416	17.3759
2.38485	17.4347
2.38555	17.4935
2.38627	17.5523
2.38692	17.6112
2.39378	17.67
2.39607	17.7288
2.39663	17.7876
2.39793	17.8465
2.39863	17.9053
2.39924	17.9641
2.39993	18.0229
2.40065	18.0785
2.40134	18.134
2.41521	18.1896
2.41863	18.2452
2.42203	18.3007
2.42482	18.3563
2.42896	18.4118
2.4324	18.4674
2.43513	18.5229
2.43651	18.5785
2.44891	18.634
2.45033	18.6896
2.45202	18.7452
2.45247	18.8007
2.45306	18.8563
2.45411	18.9118
2.45602	18.9674
2.45653	19.0229
2.45733	19.0756
2.45825	19.1282
2.46003	19.1808
2.4607	19.2335
2.46417	19.2861
2.4676	19.3387
2.47497	19.3913
2.47633	19.444
2.47774	19.4966
2.48051	19.5492
2.49012	19.6019
2.49293	19.6545
2.49557	19.7071
2.49957	19.7598
2.50048	19.8124
2.50114	19.865
2.50183	19.9177
2.50322	19.9703
2.50389	20.0229
2.50537	20.0729
2.50597	20.1229
2.50709	20.1729
2.50879	20.2229
2.51156	20.2729
2.515	20.3229
2.51975	20.3729
2.52114	20.4229
2.52599	20.4729
2.52727	20.5229
2.53487	20.5729
2.53711	20.6229
2.53895	20.6729
2.54445	20.7229
2.54589	20.7729
2.54753	20.8229
2.54802	20.8729
2.55077	20.9229
2.5521	20.9729
2.55371	21.0229
2.55558	21.0705
2.55626	21.1182
2.55994	21.1658
2.56178	21.2134
2.56417	21.261
2.56728	21.3086
2.57418	21.3563
2.57715	21.4039
2.57858	21.4515
2.57901	21.4991
2.58181	21.5467
2.58528	21.5944
2.5873	21.642
2.59348	21.6896
2.59419	21.7372
2.60042	21.7848
2.6025	21.8325
2.60525	21.8801
2.60912	21.9277
2.60948	21.9753
2.61023	22.0229
2.6125	22.0684
2.61432	22.1138
2.6184	22.1593
2.6198	22.2047
2.62556	22.2502
2.62631	22.2957
2.62972	22.3411
2.63589	22.3866
2.63664	22.432
2.63732	22.4775
2.64208	22.5229
2.65002	22.5684
2.65075	22.6138
2.65352	22.6593
2.65422	22.7047
2.65843	22.7502
2.65992	22.7957
2.66432	22.8411
2.66752	22.8866
2.66888	22.932
2.67302	22.9775
2.67443	23.0229
2.67642	23.0664
2.67927	23.1099
2.682	23.1534
2.68353	23.1968
2.68896	23.2403
2.68964	23.2838
2.69207	23.3273
2.69378	23.3708
2.6952	23.4142
2.69584	23.4577
2.69655	23.5012
2.70064	23.5447
2.70208	23.5881
2.71041	11.7941
2.71196	11.885
2.71419	11.9759
2.71522	12.0668
2.72285	12.1501
2.72491	12.2335
2.72779	12.3168
2.72973	12.4001
2.73104	12.4835
2.73175	12.5668
2.73576	12.6501
2.73851	12.7335
2.73957	12.8168
2.74162	12.9001
2.74485	12.9835
2.74939	13.0668
2.75307	13.1437
2.7549	13.2206
2.75874	13.2976
2.76313	13.3745
2.76583	13.4514
2.77154	13.5283
2.77342	13.6053
2.79019	13.6822
2.79141	13.7591
2.79284	13.836
2.79433	13.913
2.79659	13.9899
2.79709	14.0668
2.80872	14.1382
2.81428	14.2097
2.81705	14.2811
2.81768	14.3525
2.81866	14.4239
2.82059	14.4954
2.8221	14.5668
2.83362	14.6382
2.83432	14.7097
2.83511	14.7811
2.84267	14.8525
2.84584	14.9239
2.84862	14.9954
2.84998	15.0668
2.85411	15.1335
2.86103	15.2001
2.86855	15.2668
2.86996	15.3335
2.8727	15.4001
2.87474	15.4668
2.87563	15.5335
2.8798	15.6001
2.88119	15.6668
2.88186	15.7335
2.88541	15.8001
2.88875	15.8668
2.89151	15.9335
2.89444	16.0001
2.89566	16.0626
2.89785	16.1251
2.90453	16.1876
2.90818	16.2501
2.90891	16.3126
2.91101	16.3751
2.91257	16.4376
2.91306	16.5001
2.92091	16.5626
2.92228	16.6251
2.92433	16.6876
2.92644	16.7501
2.92847	16.8126
2.93325	16.8751
2.93406	16.9376
2.93469	17.0001
2.93611	17.059
2.93908	17.1178
2.94718	17.1766
2.95406	17.2354
2.95616	17.2943
2.95821	17.3531
2.95954	17.4119
2.9665	17.4707
2.97349	17.5295
2.97594	17.5884
2.97898	17.6472
2.98046	17.706
2.98254	17.7648
2.99638	17.8237
2.9974	17.8825
2.99777	17.9413
2.99914	18.0001
3.0006	18.0557
3.00142	18.1112
3.00499	18.1668
3.0076	18.2224
3.00995	18.2779
3.01047	18.3335
3.01305	18.389
3.02024	18.4446
3.02785	18.5001
3.02956	18.5557
3.03303	18.6112
3.03421	18.6668
3.03558	18.7224
3.0389	18.7779
3.03939	18.8335
3.04119	18.889
3.04534	18.9446
3.04606	19.0001
3.04811	19.0528
3.05867	19.1054
3.0612	19.158
3.06189	19.2107
3.06289	19.2633
3.06344	19.3159
3.06398	19.3686
3.06474	19.4212
3.06544	19.4738
3.06614	19.5264
3.07438	19.5791
3.07921	19.6317
3.08129	19.6843
3.08477	19.737
3.08534	19.7896
3.08609	19.8422
3.08693	19.8949
3.0876	19.9475
3.08832	20.0001
3.08898	20.0501
3.09382	20.1001
3.09729	20.1501
3.0987	20.2001
3.10006	20.2501
3.10147	20.3001
3.10215	20.3501
3.1042	20.4001
3.10767	20.4501
3.10967	20.5001
3.11453	20.5501
3.11825	20.6001
3.12034	20.6501
3.12158	20.7001
3.12708	20.7501
3.13049	20.8001
3.13193	20.8501
3.13336	20.9001
3.13741	20.9501
3.14022	21.0001
3.14361	21.0478
3.14644	21.0954
3.14785	21.143
3.14924	21.1906
3.14996	21.2382
3.15065	21.2858
3.15205	21.3335
3.15273	21.3811
3.15407	21.4287
3.15544	21.4763
3.15753	21.5239
3.15767	21.5716
3.15938	21.6192
3.16875	21.6668
3.17139	21.7144
3.17271	21.762
3.17443	21.8097
3.17746	21.8573
3.181	21.9049
3.18378	21.9525
3.18589	22.0001
3.18925	22.0456
3.19131	22.091
3.19207	22.1365
3.19416	22.182
3.19752	22.2274
3.19891	22.2729
3.19982	22.3183
3.20121	22.3638
3.20174	22.4092
3.20265	22.4547
3.20403	22.5001
3.20607	22.5456
3.2103	22.591
3.2158	22.6365
3.22061	22.682
3.22124	22.7274
3.22303	22.7729
3.2238	22.8183
3.22557	22.8638
3.23059	22.9092
3.23359	22.9547
3.2346	23.0001
3.2365	23.0436
3.24023	23.0871
3.2418	23.1306
3.24644	23.174
3.24711	23.2175
3.25125	23.261
3.25265	23.3045
3.25406	23.348
3.25477	23.3914
3.25628	23.4349
3.2582	23.4784
3.26107	23.5219
3.26239	23.5654
3.2644	23.6088
3.26794	23.6523
3.27001	23.6958
3.27145	23.7393
3.27296	23.7827
3.27407	23.8262
3.28046	23.8697
3.28455	23.9132
3.28586	23.9567
3.28667	24.0001
3.2894	24.0418
3.2921	24.0835
3.29277	24.1251
3.29412	24.1668
3.29647	24.2085
3.29874	12.1042
3.3006	12.1876
3.30475	12.2709
3.30613	12.3542
3.30748	12.4376
3.3109	12.5209
3.31452	12.6042
3.31653	12.6876
3.31788	12.7709
3.31918	12.8542
3.32063	12.9376
3.3221	13.0209
3.32353	13.0978
3.32483	13.1747
3.32882	13.2517
3.34132	13.3286
3.34426	13.4055
3.34814	13.4824
3.34894	13.5594
3.34962	13.6363
3.35106	13.7132
3.3518	13.7901
3.35312	13.8671
3.3553	13.944
3.36821	14.0209
3.3693	14.0923
3.37196	14.1638
3.37653	14.2352
3.38437	14.3066
3.38489	14.378
3.38785	14.4495
3.38842	14.5209
3.38908	14.5923
3.39084	14.6638
3.39241	14.7352
3.39302	14.8066
3.39515	14.878
3.40435	14.9495
3.4064	15.0209
3.40776	15.0876
3.40997	15.1542
3.42336	15.2209
3.43049	15.2876
3.43075	15.3542
3.43102	15.4209
3.4312	15.4876
3.43144	15.5542
3.43213	15.6209
3.43486	15.6876
3.43753	15.7542
3.43812	15.8209
3.44896	15.8876
3.45069	15.9542
3.45197	16.0209
3.45741	16.0834
3.45876	16.1459
3.46982	8.07295
3.47353	8.19795
3.47397	8.32295
3.47683	8.44795
3.4783	8.57295
3.47884	8.69795
3.48094	8.82295
3.48322	8.94795
3.48463	9.07295
3.48533	9.18406
3.50584	9.29517
3.50671	9.40628
3.50793	9.51739
3.50928	9.62851
3.51047	9.73962
3.51116	9.85073
3.52445	9.96184
3.52567	10.0729
3.52794	10.1729
3.54993	10.2729
3.55139	10.3729
3.55188	10.4729
3.55395	10.5729
3.55534	10.6729
3.55667	10.7729
3.56737	10.8729
3.56926	10.9729
3.57125	11.0729
3.57409	11.1639
3.59612	11.2548
3.59677	11.3457
3.59841	11.4366
3.59906	11.5275
3.60028	11.6184
3.60237	11.7093
3.60996	11.8002
3.61266	11.8911
3.61474	11.982
3.61677	12.0729
3.6197	12.1563
3.62947	12.2396
3.63219	12.3229
3.63286	12.4063
3.63666	12.4896
3.63814	12.5729
3.64027	12.6563
3.65102	12.7396
3.65304	12.8229
3.65444	12.9063
3.65806	12.9896
3.65866	13.0729
3.66071	13.1499
3.67875	13.2268
3.68077	13.3037
3.68214	13.3806
3.68451	13.4576
3.68577	13.5345
3.68638	13.6114
3.68699	13.6883
3.68836	13.7653
3.68914	13.8422
3.69259	13.9191
3.69461	13.996
3.69599	14.0729
3.71079	14.1444
3.72103	14.2158
3.72175	14.2872
3.72244	14.3587
3.72869	14.4301
3.73008	14.5015
3.73211	14.5729
3.7348	14.6444
3.74047	14.7158
3.74109	14.7872
3.74761	14.8587
3.74875	14.9301
3.75146	15.0015
3.7522	15.0682
3.7708	15.1349
3.77433	15.2015
3.77628	15.2682
3.77696	15.3349
3.77852	15.4015
3.78122	7.70076
3.78522	7.84362
3.79324	7.98647
3.79879	8.12933
3.79947	8.25433
3.80598	8.37933
3.80797	8.50433
3.81102	8.62933
3.81156	8.75433
3.81225	8.87933
3.82761	9.00433
3.83239	9.11544
3.8352	9.22655
3.83714	9.33767
3.838	9.44878
3.86432	9.55989
3.86559	9.671
3.86753	9.78211
3.8765	9.89322
3.87728	10.0043
3.88172	10.1043
3.88551	10.2043
3.88755	10.3043
3.89177	10.4043
3.90931	10.5043
3.90992	10.6043
3.9108	10.7043
3.91486	10.8043
3.92476	10.9043
3.92753	11.0043
3.93777	11.0952
3.93844	11.1862
3.94056	11.2771
3.94187	11.368
3.95237	11.4589
3.9621	11.5498
3.96293	11.6407
3.96405	11.7316
3.96609	11.8225
3.96831	11.9134
3.96895	12.0043
3.97823	12.0877
3.97872	12.171
3.98018	12.2543
3.98173	12.3377
3.99839	12.421
3.99893	12.5043
3.99962	12.5877
4.00034	6.29383
4.0066	6.4605
4.0093	6.62717
4.01107	6.79383
4.01132	6.9605
4.01427	7.12717
4.01499	7.27002
4.01618	7.41288
4.01792	7.55574
4.02935	7.69859
4.03085	7.84145
4.03289	7.98431
4.04325	8.12717
4.04405	8.25217
4.0467	8.37717
4.04842	8.50217
4.05907	8.62717
4.06204	8.75217
4.06668	8.87717
4.07483	9.00217
4.07575	9.11328
4.07631	9.22439
4.07828	9.3355
4.07914	9.44661
4.08169	9.55772
4.09085	9.66883
4.09753	9.77994
4.09793	9.89105
4.10004	10.0022
4.10056	10.1022
4.10138	10.2022
4.10214	10.3022
4.10275	10.4022
4.10414	10.5022
4.10869	10.6022
4.11861	10.7022
4.12021	10.8022
4.1221	10.9022
4.12345	11.0022
4.1241	11.0931
4.12617	11.184
4.12934	11.2749
4.13497	11.3658
4.13633	11.4567
4.13916	11.5476
4.14063	11.6385
4.14135	11.7294
4.14203	11.8203
4.14333	11.9113
4.14502	12.0022
4.14631	12.0855
4.14891	12.1688
4.15179	12.2522
4.15236	12.3355
4.15321	12.4188
4.15388	12.5022
4.16398	12.5855
4.16914	12.6688
4.17426	12.7522
4.17633	12.8355
4.17702	12.9188
4.1777	13.0022
4.17934	13.0791
4.18058	13.156
4.18124	13.2329
4.1826	13.3099
4.18498	13.3868
4.18671	13.4637
4.19014	13.5406
4.19382	13.6176
4.19985	13.6945
4.20305	13.7714
4.20396	13.8483
4.2058	13.9252
4.20801	14.0022
4.20926	14.0736
4.21063	14.145
4.21426	14.2165
4.21835	14.2879
4.22108	14.3593
4.224	14.4307
4.22511	14.5022
4.2273	14.5736
4.23046	14.645
4.23106	14.7165
4.23176	14.7879
4.23245	14.8593
4.23465	14.9307
4.23585	15.0022
4.23726	15.0688
4.24145	15.1355
4.25028	15.2022
4.25295	15.2688
4.25463	15.3355
4.25637	15.4022
4.25848	15.4688
4.25918	15.5355
4.26145	15.6022
4.26262	15.6688
4.26399	15.7355
4.26537	15.8022
4.26737	15.8688
4.26856	15.9355
4.26995	16.0022
4.27129	16.0647
4.27237	16.1272
4.27488	16.1897
4.2808	16.2522
4.28182	16.3147
4.28657	16.3772
4.28798	16.4397
4.29003	16.5022
4.29142	16.5647
4.29288	16.6272
4.29434	16.6897
4.29576	16.7522
4.29694	16.8147
4.299	16.8772
4.29968	16.9397
4.30102	17.0022
4.30251	17.061
4.30448	17.1198
4.30863	17.1786
4.31668	17.2375
4.32093	17.2963
4.3248	17.3551
4.32531	17.4139
4.32662	17.4728
4.32733	17.5316
4.3287	17.5904
4.33012	17.6492
4.33468	17.708
4.33657	8.85402
4.34377	8.97902
4.34596	9.10402
4.34791	9.21514
4.34865	9.32625
4.35105	9.43736
4.35245	9.54847
4.35799	9.65958
4.36394	9.77069
4.36689	9.8818
4.36943	9.99291
4.37099	10.104
4.37321	10.204
4.37564	10.304
4.37634	10.404
4.37844	10.504
4.38049	10.604
4.39102	10.704
4.39719	10.804
4.40611	10.904
4.41025	11.004
4.41162	11.0949
4.41514	11.1858
4.41666	11.2768
4.41856	11.3677
4.42019	11.4586
4.42351	11.5495
4.45081	11.6404
4.45109	11.7313
4.45355	11.8222
4.45478	11.9131
4.45619	12.004
4.45894	12.0874
4.46035	12.1707
4.46151	12.254
4.46572	12.3374
4.46766	12.4207
4.47043	12.504
4.49501	12.5874
4.49603	12.6707
4.50227	12.754
4.50304	12.8374
4.50424	12.9207
4.50565	13.004
4.50644	13.0809
4.50767	13.1579
4.50974	13.2348
4.51046	13.3117
4.51322	13.3886
4.51889	13.4656
4.54291	13.5425
4.54361	13.6194
4.55239	13.6963
4.55282	13.7733
4.5542	13.8502
4.55892	13.9271
4.55971	14.004
4.56098	14.0755
4.56238	14.1469
4.56306	14.2183
4.5651	14.2897
4.56649	14.3612
4.57485	14.4326
4.5921	14.504
4.59275	14.5755
4.59754	14.6469
4.59892	14.7183
4.60216	14.7897
4.60335	14.8612
4.60469	14.9326
4.60591	15.004
4.60655	15.0707
4.60869	15.1374
4.61023	15.204
4.61141	15.2707
4.61204	15.3374
4.62051	15.404
4.63238	15.4707
4.63585	15.5374
4.63859	15.604
4.64064	15.6707
4.6471	15.7374
4.64755	15.804
4.64905	15.8707
4.64966	15.9374
4.65104	16.004
4.65233	16.0665
4.65516	16.129
4.65789	16.1915
4.65953	16.254
4.66137	16.3165
4.67459	16.379
4.6877	16.4415
4.68977	16.504
4.69248	16.5665
4.69313	16.629
4.69727	16.6915
4.69796	16.754
4.69864	16.8165
4.69931	16.879
4.70162	16.9415
4.7031	17.004
4.70441	17.0628
4.7066	17.1217
4.70777	17.1805
4.70993	17.2393
4.712	17.2981
4.73502	17.357
4.73896	17.4158
4.74033	17.4746
4.74197	17.5334
4.74313	17.5923
4.7438	17.6511
4.74543	17.7099
4.74733	17.7687
4.7501	17.8276
4.75217	17.8864
4.75354	17.9452
4.75446	18.004
4.75629	18.0596
4.7594	18.1151
4.75989	18.1707
4.76302	18.2262
4.76353	18.2818
4.77161	18.3374
4.77535	18.3929
4.77579	18.4485
4.77672	18.504
4.77858	18.5596
4.78016	18.6151
4.78072	18.6707
4.78235	18.7262
4.78271	18.7818
4.78563	18.8374
4.78685	18.8929
4.78824	18.9485
4.78893	19.004
4.79028	19.0567
4.7961	19.1093
4.7963	19.1619
4.79758	19.2146
4.79934	19.2672
4.81364	19.3198
4.8145	19.3724
4.81499	19.4251
4.81659	19.4777
4.8194	19.5303
4.82136	19.583
4.82267	19.6356
4.82469	19.6882
4.82543	19.7409
4.82628	19.7935
4.82683	19.8461
4.82749	19.8988
4.82892	19.9514
4.83086	20.004
4.83221	20.054
4.83593	20.104
4.83611	20.154
4.83773	20.204
4.83823	20.254
4.8405	20.304
4.84186	20.354
4.84272	20.404
4.84392	20.454
4.84668	20.504
4.84944	20.554
4.85218	20.604
4.85315	20.654
4.85355	20.704
4.85509	20.754
4.85631	20.804
4.85774	20.854
4.85908	20.904
4.86116	20.954
4.8626	21.004
4.86532	21.0516
4.86814	21.0993
4.86962	21.1469
4.87357	21.1945
4.87428	21.2421
4.87646	21.2897
4.87719	21.3374
4.87771	21.385
4.87799	21.4326
4.87991	21.4802
4.88198	21.5278
4.88266	21.5755
4.88331	21.6231
4.88472	21.6707
4.8861	21.7183
4.88918	21.7659
4.89041	21.8135
4.89313	21.8612
4.89605	21.9088
4.89741	21.9564
4.89865	22.004
4.90148	22.0495
4.90445	22.0949
4.90514	22.1404
4.90567	22.1858
4.90643	22.2313
4.90736	22.2768
4.90842	22.3222
4.90978	22.3677
4.91103	22.4131
4.91789	22.4586
4.92359	22.504
4.92501	22.5495
4.92633	22.5949
4.92701	22.6404
4.92859	22.6858
4.93023	22.7313
4.93087	22.7768
4.93223	22.8222
4.93363	22.8677
4.9343	22.9131
4.93647	22.9586
4.93785	23.004
4.93857	23.0475
4.9422	23.091
4.94362	23.1345
4.95064	23.1779
4.95203	23.2214
4.95418	23.2649
4.95502	23.3084
4.95699	23.3519
4.96063	23.3953
4.96405	23.4388
4.96524	23.4823
4.96595	23.5258
4.96673	23.5692
4.96749	23.6127
4.96873	23.6562
4.96943	23.6997
4.97146	23.7432
4.97286	23.7866
4.97697	23.8301
4.97765	23.8736
4.9792	23.9171
4.98074	23.9605
4.98126	24.004
4.98196	24.0457
4.98337	24.0874
4.98502	24.129
4.98749	24.1707
4.98818	24.2124
4.99517	24.254
4.99815	24.2957
5.00478	24.3374
5.00758	24.379
5.00825	24.4207
5.00977	24.4624
5.01039	24.504
5.01169	24.5457
5.0131	24.5874
5.01374	24.629
5.01474	24.6707
5.01604	24.7124
5.01726	24.754
5.01859	24.7957
5.01995	24.8374
5.02293	24.879
5.02434	24.9207
5.025	24.9624
5.02571	25.004
5.02812	25.044
5.03284	25.084
5.03351	25.124
5.0351	25.164
5.03573	25.204
5.03723	25.244
5.04271	25.284
5.0446	25.324
5.04666	25.364
5.04874	25.404
5.0512	25.444
5.05166	25.484
5.05352	25.524
5.05519	25.564
5.05699	25.604
5.05907	25.644
5.06047	25.684
5.06131	25.724
5.06319	25.764
5.06387	25.804
5.06737	25.844
5.06868	25.884
5.06943	25.924
5.07102	25.964
5.07214	26.004
5.07436	26.0425
5.07641	26.0809
5.07717	26.1194
5.07785	26.1579
5.07855	26.1963
5.07931	26.2348
5.08029	26.2733
5.08406	26.3117
5.0861	26.3502
5.08816	26.3886
5.09174	26.4271
5.09237	26.4656
5.09315	26.504
5.09381	26.5425
5.09746	26.5809
5.09815	26.6194
5.10107	26.6579
5.10162	26.6963
5.10543	26.7348
5.10616	26.7733
5.10683	26.8117
5.10756	26.8502
5.109	26.8886
5.10962	26.9271
5.11168	26.9656
5.11239	27.004
5.11517	27.0411
5.11888	27.0781
5.12004	27.1151
5.12211	27.1522
5.1235	27.1892
5.1249	27.2262
5.12849	27.2633
5.13051	27.3003
5.13178	27.3374
5.1339	27.3744
5.13628	27.4114
5.13665	27.4485
5.13814	27.4855
5.13912	27.5225
5.14021	27.5596
5.14322	27.5966
5.14534	27.6337
5.14607	27.6707
5.14675	27.7077
5.14751	27.7448
5.14955	27.7818
5.15021	27.8188
5.15487	27.8559
5.15673	27.8929
5.15739	27.93
5.15807	27.967
5.15895	28.004
5.15978	28.0397
5.16068	28.0755
5.16142	28.1112
5.16191	28.1469
5.16306	28.1826
5.16442	28.2183
5.16645	28.254
5.16786	28.2897
5.16852	28.3255
5.16992	28.3612
5.17337	28.3969
5.17411	28.4326
5.17477	28.4683
5.17613	28.504
5.1769	28.5397
5.17757	28.5755
5.17829	28.6112
5.17983	28.6469
5.18051	28.6826
5.18109	28.7183
5.18246	28.754
5.18447	28.7897
5.19016	28.8255
5.19358	28.8612
5.1948	28.8969
5.19623	28.9326
5.19772	28.9683
5.19833	29.004
5.19893	29.0385
5.19961	29.073
5.20053	29.1075
5.20103	29.142
5.20192	29.1764
5.20245	29.2109
5.20314	29.2454
5.20375	29.2799
5.20447	29.3144
5.20724	29.3489
5.21065	29.3833
5.21194	29.4178
5.21247	29.4523
5.21628	29.4868
5.21673	29.5213
5.2187	29.5557
5.21882	29.5902
5.21892	29.6247
5.22109	29.6592
5.22158	29.6937
5.22296	29.7282
5.2237	29.7626
5.22432	29.7971
5.22517	29.8316
5.2258	29.8661
5.22939	29.9006
5.23434	29.9351
5.23567	29.9695
5.23957	30.004
5.24097	30.0374
5.24243	30.0707
5.24311	30.104
5.24549	30.1374
5.24688	30.1707
5.24758	30.204
5.24904	30.2374
5.24982	30.2707
5.25119	30.304
5.25247	30.3374
5.25656	30.3707
5.25833	30.404
5.2594	30.4374
5.26201	30.4707
5.26345	30.504
5.26522	30.5374
5.26541	30.5707
5.26605	30.604
5.2688	30.6374
5.27083	30.6707
5.2731	30.704
5.2744	30.7374
5.27492	30.7707
5.27763	30.804
5.27924	30.8374
5.28055	30.8707
5.28261	30.904
5.28317	30.9374
5.28659	30.9707
5.28731	31.004
5.28819	31.0363
5.28958	31.0685
5.29009	31.1008
5.29085	31.1331
5.29155	31.1653
5.29236	31.1976
5.29333	31.2298
5.29368	31.2621
5.29496	31.2943
5.29634	31.3266
5.30058	31.3589
5.30261	31.3911
5.3042	31.4234
5.30477	31.4556
5.30551	31.4879
5.30881	31.5202
5.30957	31.5524
5.31107	31.5847
5.31308	31.6169
5.3157	31.6492
5.3162	31.6814
5.31765	31.7137
5.3183	31.746
5.31897	31.7782
5.32036	31.8105
5.3224	31.8427
5.3231	31.875
5.32379	31.9073
5.3272	31.9395
5.32927	31.9718
5.32999	32.004
5.33088	32.0353
5.33146	32.0665
5.33216	32.0978
5.3328	32.129
5.33348	32.1603
5.33418	32.1915
5.33487	32.2228
5.33554	32.254
5.33622	32.2853
5.33697	32.3165
5.34504	32.3478
5.34645	32.379
5.34786	32.4103
5.34882	32.4415
5.35058	32.4728
5.35684	32.504
5.35764	32.5353
5.35821	32.5665
5.35901	32.5978
5.35964	32.629
5.36028	32.6603
5.36163	32.6915
5.36235	32.7228
5.36301	32.754
5.36385	32.7853
5.36541	16.3926
5.36588	16.4551
5.36715	16.5176
5.36855	16.5801
5.36923	16.6426
5.37141	16.7051
5.37363	16.7676
5.37548	16.8301
5.37962	16.8926
5.38515	16.9551
5.38657	17.0176
5.38801	17.0765
5.38866	17.1353
5.38992	17.1941
5.39097	17.2529
5.39203	17.3118
5.39293	17.3706
5.40458	17.4294
5.40496	17.4882
5.407	17.547
5.4084	17.6059
5.40978	17.6647
5.41253	17.7235
5.41322	17.7823
5.41392	17.8412
5.41618	17.9
5.41675	17.9588
5.41745	18.0176
5.41821	18.0732
5.42084	18.1287
5.42155	18.1843
5.42219	18.2399
5.44373	18.2954
5.44454	18.351
5.46076	18.4065
5.46206	18.4621
5.4637	18.5176
5.46483	18.5732
5.46562	18.6287
5.46622	18.6843
5.46775	18.7399
5.4683	18.7954
5.47184	18.851
5.47279	18.9065
5.47402	18.9621
5.47566	19.0176
5.47571	19.0703
5.47751	19.1229
5.47886	19.1755
5.48004	19.2282
5.49277	19.2808
5.49392	19.3334
5.50879	19.3861
5.50909	19.4387
5.51206	19.4913
5.51596	19.544
5.51805	19.5966
5.51965	19.6492
5.52145	19.7018
5.52443	19.7545
5.52916	19.8071
5.52972	19.8597
5.53045	19.9124
5.53111	19.965
5.53202	20.0176
5.5326	20.0676
5.5332	20.1176
5.53389	20.1676
5.53462	20.2176
5.54317	20.2676
5.54366	20.3176
5.55709	20.3676
5.55937	20.4176
5.56175	20.4676
5.56332	20.5176
5.56377	20.5676
5.5658	20.6176
5.5666	20.6676
5.56794	20.7176
5.57206	20.7676
5.57276	20.8176
5.57551	20.8676
5.57685	20.9176
5.57767	20.9676
5.57961	21.0176
5.58244	21.0653
5.58667	21.1129
5.58724	21.1605
5.588	21.2081
5.59076	21.2557
5.59164	21.3034
5.60787	21.351
5.6122	21.3986
5.61412	21.4462
5.61678	21.4938
5.61818	21.5414
5.62026	21.5891
5.62073	21.6367
5.62099	21.6843
5.62309	21.7319
5.62903	21.7795
5.6311	21.8272
5.63175	21.8748
5.63243	21.9224
5.63317	21.97
5.63401	22.0176
5.63494	22.0631
5.63867	22.1085
5.63939	22.154
5.64009	22.1995
5.64144	22.2449
5.64231	22.2904
5.66005	22.3358
5.66306	22.3813
5.66418	22.4267
5.66558	22.4722
5.66694	22.5176
5.6808	22.5631
5.68153	22.6085
5.68237	22.654
5.68294	22.6995
5.68363	22.7449
5.68425	22.7904
5.68495	22.8358
5.68566	22.8813
5.68634	22.9267
5.68718	22.9722
5.68845	23.0176
5.6892	23.0611
5.69047	23.1046
5.69328	23.1481
5.69494	23.1916
5.70358	23.235
5.70425	23.2785
5.71354	23.322
5.71431	23.3655
5.71656	23.4089
5.7179	23.4524
5.72412	23.4959
5.73397	23.5394
5.7359	23.5829
5.7372	23.6263
5.73818	23.6698
5.73875	23.7133
5.73935	23.7568
5.74045	23.8002
5.74074	23.8437
5.7414	23.8872
5.74205	23.9307
5.74365	23.9742
5.74483	24.0176
5.74621	24.0593
5.74894	24.101
5.75101	24.1426
5.75307	24.1843
5.75995	24.226
5.76219	24.2676
5.76482	24.3093
5.76545	24.351
5.76618	24.3926
5.76771	24.4343
5.77704	24.476
5.78706	24.5176
5.78843	24.5593
5.78913	24.601
5.79077	24.6426
5.79085	24.6843
5.79112	24.726
5.79258	24.7676
5.79384	24.8093
5.79526	24.851
5.79665	24.8926
5.79761	24.9343
5.79826	24.976
5.79937	25.0176
5.80005	25.0576
5.80076	25.0976
5.80217	25.1376
5.80425	25.1776
5.80633	25.2176
5.80766	25.2576
5.81202	25.2976
5.81271	25.3376
5.81498	25.3776
5.81615	25.4176
5.82645	25.4576
5.83153	25.4976
5.83306	25.5376
5.83456	25.5776
5.83527	25.6176
5.83651	25.6576
5.83711	25.6976
5.83875	25.7376
5.83985	25.7776
5.84061	25.8176
5.84121	25.8576
5.84187	25.8976
5.84273	12.9488
5.84334	13.0322
5.84432	13.1091
5.84501	13.186
5.84562	13.2629
5.84697	13.3398
5.84767	13.4168
5.84932	13.4937
5.85043	13.5706
5.85181	13.6475
5.85525	13.7245
5.85864	13.8014
5.86524	13.8783
5.86953	13.9552
5.87711	14.0322
5.87848	14.1036
5.87932	14.175
5.87991	14.2464
5.88122	14.3179
5.88192	14.3893
5.8826	14.4607
5.884	14.5322
5.88482	14.6036
5.88534	14.675
5.88844	14.7464
5.91053	14.8179
5.9168	14.8893
5.92111	14.9607
5.92189	15.0322
5.92257	15.0988
5.92321	15.1655
5.9248	15.2322
5.92532	15.2988
5.92603	15.3655
5.92898	15.4322
5.93037	15.4988
5.9308	15.5655
5.93151	15.6322
5.93285	15.6988
5.96131	15.7655
5.96247	15.8322
5.96442	15.8988
5.96584	15.9655
5.96858	16.0322
5.97075	16.0947
5.97139	16.1572
5.97279	16.2197
5.97344	16.2822
5.97413	16.3447
5.97484	16.4072
5.97697	16.4697
5.97761	8.23483
5.97912	8.35983
5.9817	8.48483
6.00518	8.60983
6.00723	8.73483
6.00848	8.85983
6.01135	8.98483
6.01276	9.10983
6.01411	9.22094
6.0179	9.33205
6.01872	9.44316
6.0213	9.55427
6.02276	9.66538
6.02462	9.77649
6.02704	9.8876
6.02896	9.99871
6.05899	10.1098
6.06079	10.2098
6.06136	10.3098
6.06323	10.4098
6.06392	10.5098
6.06668	10.6098
6.06733	10.7098
6.06826	10.8098
6.0694	10.9098
6.09439	5.45491
6.09625	5.65491
6.09866	5.85491
6.10386	6.05491
6.10456	6.22158
6.10702	6.38825
6.10832	6.55491
6.10879	6.72158
6.11169	6.88825
6.11214	7.05491
6.12843	7.19777
6.13034	7.34063
6.135	7.48348
6.1365	7.62634
6.13694	7.7692
6.13844	7.91206
6.13917	8.05491
6.16053	8.17991
6.16204	8.30491
6.16269	8.42991
6.16392	8.55491
6.16527	8.67991
6.16804	8.80491
6.16871	8.92991
6.16965	9.05491
6.19688	9.16602
6.19883	9.27714
6.19957	9.38825
6.20088	9.49936
6.2016	9.61047
6.20439	9.72158
6.20979	9.83269
6.21067	9.9438
6.21186	10.0549
6.2388	10.1549
6.24091	10.2549
6.2429	10.3549
6.24495	10.4549
6.24569	10.5549
6.24743	10.6549
6.24852	10.7549
6.24946	10.8549
6.2526	10.9549
6.25539	11.0549
6.2796	11.1458
6.28097	11.2367
6.28303	11.3276
6.28509	11.4185
6.28584	11.5095
6.28793	11.6004
6.2893	11.6913
6.29065	11.7822
6.29132	11.8731
6.29219	11.964
6.29335	12.0549
6.30076	12.1382
6.30094	12.2216
6.30111	12.3049
6.30251	12.3882
6.30316	12.4716
6.30451	12.5549
6.30955	12.6382
6.31151	12.7216
6.31295	12.8049
6.3169	12.8882
6.32007	12.9716
6.32228	13.0549
6.3387	13.1318
6.34083	13.2088
6.34212	13.2857
6.34283	13.3626
6.34486	13.4395
6.34585	13.5165
6.34769	13.5934
6.34845	13.6703
6.34904	13.7472
6.35007	13.8241
6.3521	13.9011
6.35513	13.978
6.35521	14.0549
6.36661	14.1263
6.36885	14.1978
6.37073	14.2692
6.37324	14.3406
6.37389	14.4121
6.3746	14.4835
6.37779	14.5549
6.37805	14.6263
6.37877	14.6978
6.37957	14.7692
6.38151	14.8406
6.38722	14.9121
6.3884	14.9835
6.38916	15.0549
6.39219	15.1216
6.39274	15.1882
6.394	15.2549
6.3967	15.3216
6.39743	15.3882
6.40309	15.4549
6.41288	15.5216
6.4152	15.5882
6.41657	15.6549
6.41736	15.7216
6.41803	15.7882
6.4215	15.8549
6.4221	15.9216
6.42277	15.9882
6.4242	16.0549
6.43758	16.1174
6.43802	16.1799
6.43961	16.2424
6.44008	16.3049
6.44073	16.3674
6.44283	16.4299
6.45888	16.4924
6.45989	16.5549
6.4604	16.6174
6.464	16.6799
6.46649	16.7424
6.46732	16.8049
6.46783	16.8674
6.46855	16.9299
6.47004	16.9924
6.4713	17.0549
6.47981	17.1137
6.48162	17.1726
6.48433	17.2314
6.48507	17.2902
6.48644	17.349
6.48731	17.4079
6.49834	17.4667
6.49965	17.5255
6.50106	17.5843
6.50165	17.6431
6.50276	17.702
6.50301	17.7608
6.50364	17.8196
6.50452	17.8784
6.50674	17.9373
6.50788	17.9961
6.50857	18.0549
6.51905	18.1105
6.521	18.166
6.52393	18.2216
6.52462	18.2771
6.52529	18.3327
6.52666	18.3882
6.53512	18.4438
6.53585	18.4994
6.53711	18.5549
6.54187	18.6105
6.54258	18.666
6.54466	18.7216
6.54603	18.7771
6.54741	18.8327
6.54882	18.8882
6.55454	18.9438
6.55585	18.9994
6.55731	19.0549
6.5598	19.1075
6.55984	19.1602
6.56051	19.2128
6.56076	19.2654
6.56128	19.3181
6.56263	19.3707
6.5706	19.4233
6.57144	19.476
6.57417	19.5286
6.57711	19.5812
6.57777	19.6339
6.57849	19.6865
6.58107	19.7391
6.5826	19.7918
6.58328	19.8444
6.58467	19.897
6.58674	19.9496
6.58879	20.0023
6.58954	20.0523
6.59511	20.1023
6.59573	20.1523
6.59657	20.2023
6.59711	20.2523
6.5982	20.3023
6.59856	20.3523
6.6028	20.4023
6.60333	20.4523
6.60423	20.5023
6.60475	20.5523
6.60519	20.6023
6.60677	20.6523
6.60859	20.7023
6.60936	20.7523
6.61018	20.8023
6.61148	20.8523
6.61276	20.9023
6.6189	20.9523
6.6203	21.0023
6.62165	21.0499
6.62522	21.0975
6.62716	21.1451
6.62962	21.1928
6.63009	21.2404
6.63069	21.288
6.63143	21.3356
6.64404	21.3832
6.64914	21.4309
6.65129	21.4785
6.65483	21.5261
6.65573	21.5737
6.6576	21.6213
6.65907	21.6689
6.66035	21.7166
6.66117	21.7642
6.66241	21.8118
6.66311	21.8594
6.66388	21.907
6.66448	21.9547
6.66551	22.0023
6.66588	22.0477
6.67124	22.0932
6.67138	22.1386
6.6743	22.1841
6.67567	22.2296
6.67771	22.275
6.67909	22.3205
6.68946	22.3659
6.69016	22.4114
6.69173	22.4568
6.69356	22.5023
6.69497	22.5477
6.69711	22.5932
6.69839	22.6386
6.69991	22.6841
6.70109	22.7296
6.70332	22.775
6.70537	22.8205
6.70798	22.8659
6.70935	22.9114
6.71007	22.9568
6.71166	23.0023
6.71204	23.0458
6.72722	23.0892
6.72764	23.1327
6.73046	23.1762
6.73185	23.2197
6.73324	23.2632
6.73465	23.3066
6.73737	23.3501
6.73841	23.3936
6.73972	23.4371
6.74077	23.4805
6.74356	23.524
6.74421	23.5675
6.74505	23.611
6.74709	23.6545
6.74757	23.6979
6.74932	23.7414
6.7513	23.7849
6.75189	23.8284
6.7534	23.8718
6.75482	23.9153
6.75593	23.9588
6.75661	24.0023
6.75801	24.0439
6.76498	24.0856
6.76635	24.1273
6.76998	24.1689
6.77096	24.2106
6.7714	24.2523
6.77207	24.2939
6.77411	24.3356
6.77481	24.3773
6.77609	24.4189
6.77744	24.4606
6.77956	24.5023
6.78015	24.5439
6.78088	24.5856
6.78381	24.6273
6.78838	24.6689
6.78978	24.7106
6.79122	24.7523
6.79252	24.7939
6.79338	24.8356
6.79607	24.8773
6.7974	24.9189
6.80045	24.9606
6.80271	25.0023
6.80401	25.0423
6.8082	25.0823
6.80837	25.1223
6.80896	25.1623
6.80912	25.2023
6.80977	25.2423
6.81138	25.2823
6.81805	25.3223
6.81926	25.3623
6.8208	25.4023
6.82218	25.4423
6.82348	25.4823
6.82618	25.5223
6.82636	25.5623
6.83434	25.6023
6.83792	25.6423
6.83847	25.6823
6.83984	25.7223
6.84284	25.7623
6.84408	25.8023
6.84506	25.8423
6.84544	25.8823
6.84661	25.9223
6.84725	25.9623
6.8475	26.0023
6.84814	26.0407
6.85013	26.0792
6.85031	26.1177
6.85109	26.1561
6.85136	26.1946
6.85169	26.2331
6.86012	26.2715
6.87181	26.31
6.87303	26.3484
6.87508	26.3869
6.87646	26.4254
6.87785	26.4638
6.87993	26.5023
6.88061	26.5407
6.88205	26.5792
6.88342	26.6177
6.88447	26.6561
6.88561	26.6946
6.88688	26.7331
6.88763	26.7715
6.88821	26.81
6.88888	13.405
6.89107	13.4819
6.89138	13.5588
6.89168	13.6358
6.89232	13.7127
6.89337	13.7896
6.89524	13.8665
6.89532	13.9434
6.89654	14.0204
6.89736	14.0918
6.89798	14.1632
6.90026	14.2347
6.90624	14.3061
6.91113	14.3775
6.91668	14.4489
6.91855	14.5204
6.91985	14.5918
6.92244	14.6632
6.92422	14.7347
6.92469	14.8061
6.92906	14.8775
6.92934	14.9489
6.93069	15.0204
6.93115	15.087
6.93183	15.1537
6.93274	15.2204
6.94049	15.287
6.94089	15.3537
6.94169	15.4204
6.94246	15.487
6.94398	15.5537
6.94742	15.6204
6.94924	15.687
6.95126	15.7537
6.96031	15.8204
6.9617	15.887
6.96367	15.9537
6.96831	16.0204
6.969	16.0829
6.96968	16.1454
6.97102	16.2079
6.98179	16.2704
6.98196	16.3329
6.98228	16.3954
6.98326	16.4579
6.98422	16.5204
6.98431	16.5829
6.98507	16.6454
6.98582	16.7079
6.98641	16.7704
6.9871	16.8329
6.98918	16.8954
6.99051	16.9579
6.99212	17.0204
6.99363	17.0792
6.996	17.138
6.99987	17.1968
7.02526	17.2557
7.0273	17.3145
7.03004	17.3733
7.03301	17.4321
7.03554	17.491
7.03806	17.5498
7.03812	17.6086
7.03893	17.6674
7.04044	17.7263
7.04109	17.7851
7.04236	17.8439
7.04635	17.9027
7.04771	17.9615
7.04848	18.0204
7.04921	18.0759
7.04981	18.1315
7.05052	18.187
7.07469	18.2426
7.07608	18.2981
7.07851	18.3537
7.08008	18.4093
7.08071	18.4648
7.08115	18.5204
7.08127	18.5759
7.08348	18.6315
7.0846	18.687
7.08511	18.7426
7.08582	18.7981
7.0865	18.8537
7.08788	18.9093
7.09045	18.9648
7.09221	19.0204
7.09278	19.073
7.09398	19.1256
7.09732	19.1783
7.12369	19.2309
7.12509	19.2835
7.12772	19.3362
7.12938	19.3888
7.13052	19.4414
7.13256	19.4941
7.13403	19.5467
7.13471	19.5993
7.13528	19.652
7.13805	19.7046
7.13942	19.7572
7.14087	19.8098
7.14164	19.8625
7.14357	19.9151
7.14427	19.9677
7.14562	20.0204
7.14863	20.0704
7.14972	20.1204
7.15023	20.1704
7.1766	20.2204
7.17723	20.2704
7.17789	20.3204
7.17862	20.3704
7.1793	20.4204
7.17997	20.4704
7.18064	20.5204
7.18167	20.5704
7.18198	20.6204
7.18274	20.6704
7.1834	20.7204
7.18412	20.7704
7.1848	20.8204
7.1856	20.8704
7.18688	20.9204
7.194	20.9704
7.19454	21.0204
7.1979	21.068
7.19928	21.1156
7.20214	21.1632
7.22026	21.2108
7.22126	21.2585
7.22277	21.3061
7.22477	21.3537
7.22485	21.4013
7.22673	21.4489
7.22809	21.4966
7.22949	21.5442
7.23019	21.5918
7.23156	21.6394
7.23293	21.687
7.23431	21.7347
7.23578	21.7823
7.2373	21.8299
7.23784	21.8775
7.24013	21.9251
7.24115	21.9728
7.24252	22.0204
7.24734	22.0658
7.24869	22.1113
7.25083	22.1567
7.25947	22.2022
7.26134	22.2476
7.26273	22.2931
7.26545	22.3386
7.2676	22.384
7.26884	22.4295
7.26971	22.4749
7.27043	22.5204
7.27095	22.5658
7.27234	22.6113
7.27369	22.6567
7.27591	22.7022
7.27727	22.7476
7.27882	11.3738
7.27935	11.4647
7.28254	11.5556
7.2845	11.6465
7.2852	11.7375
7.28657	11.8284
7.28934	11.9193
7.29143	12.0102
7.29347	12.0935
7.30517	12.1769
7.30947	12.2602
7.31172	12.3435
7.31236	12.4269
7.31305	12.5102
7.3142	12.5935
7.31491	12.6769
7.31584	12.7602
7.31645	12.8435
7.31771	12.9269
7.31838	13.0102
7.31974	13.0871
7.32115	13.164
7.33845	13.241
7.34069	13.3179
7.34178	13.3948
7.3425	13.4717
7.34344	13.5486
7.34384	13.6256
7.34462	13.7025
7.34531	13.7794
7.34679	13.8563
7.34814	13.9333
7.34892	14.0102
7.35031	14.0816
7.35161	14.153
7.36151	14.2245
7.36693	14.2959
7.36759	14.3673
7.3682	14.4388
7.36896	14.5102
7.3704	14.5816
7.37108	14.653
7.37305	14.7245
7.37521	14.7959
7.37678	14.8673
7.37841	14.9388
7.37857	15.0102
7.37954	15.0769
7.37969	15.1435
7.38214	15.2102
7.38355	15.2769
7.38486	15.3435
7.38562	15.4102
7.38935	15.4769
7.39043	15.5435
7.39247	15.6102
7.3941	15.6769
7.40024	15.7435
7.40227	15.8102
7.40286	15.8769
7.40387	15.9435
7.40514	16.0102
7.40573	16.0727
7.40654	16.1352
7.41141	16.1977
7.41263	16.2602
7.41294	16.3227
7.41336	16.3852
7.41633	16.4477
7.4169	16.5102
7.41825	16.5727
7.41913	16.6352
7.42031	16.6977
7.42236	16.7602
7.42384	16.8227
7.42442	16.8852
7.4261	16.9477
7.42646	17.0102
7.43011	17.069
7.43079	17.1278
7.43712	17.1867
7.43966	17.2455
7.44051	17.3043
7.44206	17.3631
7.44696	17.422
7.44764	17.4808
7.44834	17.5396
7.44971	17.5984
7.45111	17.6572
7.45246	17.7161
7.45315	17.7749
7.45389	17.8337
7.45456	17.8925
7.45528	17.9514
7.45664	18.0102
7.45801	18.0657
7.46003	18.1213
7.46148	18.1769
7.46357	18.2324
7.46659	18.288
7.46764	18.3435
7.47324	18.3991
7.47528	18.4546
7.47678	18.5102
7.47823	18.5657
7.47942	18.6213
7.48083	18.6769
7.48218	18.7324
7.48289	18.788
7.48359	18.8435
7.48423	18.8991
7.48496	18.9546
7.48584	19.0102
7.48634	19.0628
7.48702	19.1154
7.48805	19.1681
7.49221	19.2207
7.49257	19.2733
7.49273	19.326
7.4957	19.3786
7.49609	19.4312
7.49623	19.4839
7.49689	19.5365
7.49822	19.5891
7.50097	19.6418
7.50385	19.6944
7.50528	19.747
7.50648	19.7997
7.508	19.8523
7.50855	19.9049
7.51011	19.9576
7.51196	20.0102
7.51277	20.0602
7.51398	20.1102
7.51483	20.1602
7.51819	20.2102
7.5202	20.2602
7.5209	20.3102
7.52893	20.3602
7.52985	20.4102
7.5301	20.4602
7.53087	20.5102
7.5314	20.5602
7.5323	20.6102
7.53273	20.6602
7.53365	20.7102
7.53426	20.7602
7.53499	20.8102
7.53559	20.8602
7.53649	20.9102
7.53693	20.9602
7.53828	21.0102
7.539	21.0578
7.53963	21.1054
7.54048	21.153
7.54389	21.2007
7.5466	21.2483
7.54731	21.2959
7.5552	21.3435
7.55721	21.3911
7.55854	21.4388
7.56037	21.4864
7.56261	21.534
7.56458	21.5816
7.56603	21.6292
7.56726	21.6769
7.56865	21.7245
7.57217	21.7721
7.57381	21.8197
7.57423	21.8673
7.57567	21.9149
7.57776	21.9626
7.57966	22.0102
7.5806	22.0556
7.58234	22.1011
7.5836	22.1465
7.58477	22.192
7.58524	22.2375
7.58546	22.2829
7.58844	22.3284
7.58883	22.3738
7.58902	22.4193
7.58912	22.4647
7.58942	22.5102
7.58953	22.5556
7.59037	22.6011
7.59395	22.6465
7.59539	22.692
7.59789	22.7375
7.59888	22.7829
7.6008	22.8284
7.60137	22.8738
7.60273	22.9193
7.60344	22.9647
7.60498	23.0102
7.6064	23.0537
7.6071	23.0971
7.60822	23.1406
7.61173	23.1841
7.61238	23.2276
7.61376	23.2711
7.62711	23.3145
7.62762	23.358
7.62836	23.4015
7.62964	23.445
7.62981	23.4884
7.63064	23.5319
7.63153	23.5754
7.63265	23.6189
7.63359	23.6624
7.63398	23.7058
7.63472	23.7493
7.63534	23.7928
7.63605	23.8363
7.63691	23.8798
7.63733	23.9232
7.63809	23.9667
7.63899	24.0102
7.63941	24.0519
7.64103	24.0935
7.64172	24.1352
7.64436	24.1769
7.6459	24.2185
7.64632	24.2602
7.66187	24.3019
7.66383	24.3435
7.66516	12.1718
7.66609	12.2551
7.66656	12.3384
7.66795	12.4218
7.66842	12.5051
7.66914	12.5884
7.67129	12.6718
7.67214	12.7551
7.67278	12.8384
7.67349	12.9218
7.67408	13.0051
7.67541	13.082
7.67883	13.1589
7.67965	13.2359
7.68297	13.3128
7.68511	13.3897
7.68778	13.4666
7.68987	13.5436
7.69371	13.6205
7.69611	13.6974
7.69697	13.7743
7.69748	13.8512
7.70231	13.9282
7.70258	14.0051
7.70684	14.0765
7.70835	14.148
7.70955	14.2194
7.71321	14.2908
7.71711	14.3622
7.71863	14.4337
7.71948	14.5051
7.72125	14.5765
7.72262	14.648
7.72403	14.7194
7.7247	14.7908
7.73761	14.8622
7.73959	14.9337
7.74223	15.0051
7.74496	15.0718
7.74568	15.1384
7.74922	15.2051
7.7512	15.2718
7.75321	15.3384
7.75526	15.4051
7.75746	15.4718
7.76079	15.5384
7.76432	15.6051
7.76509	15.6718
7.76569	15.7384
7.78123	15.8051
7.78306	15.8718
7.78443	15.9384
7.78594	16.0051
7.78736	16.0676
7.78899	16.1301
7.78953	16.1926
7.79161	16.2551
7.79226	16.3176
7.79568	16.3801
7.79858	16.4426
7.80192	16.5051
7.80686	16.5676
7.80949	16.6301
7.81151	16.6926
7.83369	16.7551
7.83714	16.8176
7.83842	16.8801
7.83906	16.9426
7.84298	17.0051
7.84359	17.0639
7.84445	17.1227
7.84494	17.1816
7.84569	17.2404
7.84645	17.2992
7.84716	17.358
7.84875	17.4169
7.85118	17.4757
7.85467	17.5345
7.85603	17.5933
7.85699	17.6522
7.87962	17.711
7.88296	17.7698
7.88646	17.8286
7.88777	17.8874
7.88847	17.9463
7.88984	18.0051
7.89132	18.0606
7.89328	18.1162
7.89496	18.1718
7.8961	18.2273
7.89878	18.2829
7.89952	18.3384
7.90358	18.394
7.90776	18.4495
7.90844	18.5051
7.90917	18.5606
7.91018	18.6162
7.93527	18.6718
7.9367	18.7273
7.93804	18.7829
7.93942	18.8384
7.94076	18.894
7.94144	18.9495
7.94216	19.0051
7.94494	19.0577
7.94511	19.1104
7.94548	19.163
7.94637	19.2156
7.94905	19.2683
7.95053	19.3209
7.95327	19.3735
7.95601	19.4261
7.95808	19.4788
7.95954	19.5314
7.96149	19.584
7.97892	19.6367
7.9796	19.6893
7.98096	19.7419
7.98331	19.7946
7.98444	19.8472
7.98578	19.8998
7.98722	19.9525
7.98787	20.0051
7.99027	20.0551
7.99203	20.1051
7.99345	20.1551
7.99418	20.2051
7.99495	20.2551
7.99572	20.3051
7.99651	20.3551
7.99773	20.4051
8.00027	20.4551
8.00164	20.5051
8.00274	20.5551
8.01268	20.6051
8.01349	20.6551
8.01459	20.7051
8.01572	20.7551
8.0166	20.8051
8.01707	20.8551
8.01756	20.9051
8.01828	20.9551
8.01895	21.0051
8.0222	21.0527
8.02429	21.1003
8.02565	21.148
8.02793	21.1956
8.02839	21.2432
8.02979	21.2908
8.03133	21.3384
8.03253	21.386
8.0341	21.4337
8.03544	21.4813
8.03734	21.5289
8.04249	21.5765
8.04297	21.6241
8.04436	21.6718
8.04575	21.7194
8.04645	21.767
8.04785	21.8146
8.04848	21.8622
8.0492	21.9099
8.04995	21.9575
8.05077	22.0051
8.05141	22.0505
8.05252	22.096
8.05267	22.1415
8.05581	22.1869
8.05646	22.2324
8.05714	22.2778
8.05858	22.3233
8.06017	22.3687
8.06132	22.4142
8.06202	22.4596
8.06295	22.5051
8.07274	22.5505
8.0761	22.596
8.0771	22.6415
8.07803	22.6869
8.07859	22.7324
8.07879	22.7778
8.08001	22.8233
8.08308	22.8687
8.0849	22.9142
8.08622	22.9596
8.08757	23.0051
8.08901	23.0486
8.09104	23.092
8.09237	23.1355
8.09306	23.179
8.09458	23.2225
8.09591	23.266
8.09903	23.3094
8.10227	23.3529
8.10326	23.3964
8.10401	23.4399
8.10465	23.4834
8.10742	23.5268
8.10827	23.5703
8.10882	23.6138
8.10984	23.6573
8.11014	23.7007
8.11173	23.7442
8.11231	23.7877
8.11303	23.8312
8.11364	23.8747
8.11432	23.9181
8.11501	23.9616
8.11582	24.0051
8.11638	24.0468
8.11777	24.0884
8.11978	24.1301
8.12121	24.1718
8.12262	24.2134
8.12395	24.2551
8.13161	24.2968
8.13781	24.3384
8.14202	24.3801
8.14261	24.4218
8.14341	24.4634
8.144	24.5051
8.14472	24.5468
8.14534	24.5884
8.14609	24.6301
8.1468	24.6718
8.1482	24.7134
8.14884	24.7551
8.15055	24.7968
8.15084	24.8384
8.15101	24.8801
8.15247	24.9218
8.15301	24.9634
8.1538	25.0051
8.15504	25.0451
8.15711	25.0851
8.15847	25.1251
8.1626	25.1651
8.16537	25.2051
8.16809	25.2451
8.17159	25.2851
8.17307	25.3251
8.17433	25.3651
8.17505	25.4051
8.17649	25.4451
8.17719	25.4851
8.17855	25.5251
8.17992	25.5651
8.18078	25.6051
8.18209	25.6451
8.1827	25.6851
8.18398	25.7251
8.18404	25.7651
8.18556	25.8051
8.18613	25.8451
8.18712	25.8851
8.1877	25.9251
8.18896	25.9651
8.19034	26.0051
8.19097	26.0436
8.19255	26.082
8.19381	26.1205
8.19588	26.1589
8.19872	26.1974
8.20136	26.2359
8.20621	26.2743
8.20824	26.3128
8.2097	26.3512
8.2111	26.3897
8.21236	26.4282
8.21306	26.4666
8.21524	26.5051
8.21576	26.5436
8.21646	26.582
8.21718	26.6205
8.21855	26.6589
8.21993	26.6974
8.2214	26.7359
8.22215	26.7743
8.2234	26.8128
8.22404	26.8512
8.22617	26.8897
8.22681	26.9282
8.22753	26.9666
8.22826	27.0051
8.23026	27.0421
8.23098	27.0792
8.23417	27.1162
8.23517	27.1532
8.23574	27.1903
8.23792	27.2273
8.24285	27.2644
8.24356	27.3014
8.24422	27.3384
8.24564	27.3755
8.24638	27.4125
8.24769	27.4495
8.24911	27.4866
8.24978	27.5236
8.25108	27.5606
8.2518	27.5977
8.25477	27.6347
8.25596	27.6718
8.25728	27.7088
8.25797	27.7458
8.25878	27.7829
8.2601	27.8199
8.26217	27.8569
8.26417	27.894
8.26486	27.931
8.26628	27.9681
8.26688	28.0051
8.26758	28.0408
8.26919	28.0765
8.271	28.1122
8.27175	28.148
8.27244	28.1837
8.27317	28.2194
8.27655	28.2551
8.27696	28.2908
8.2772	28.3265
8.27724	28.3622
8.2773	28.398
8.27741	28.4337
8.2782	28.4694
8.279	28.5051
8.28017	28.5408
8.28158	28.5765
8.28287	28.6122
8.2842	28.648
8.28431	28.6837
8.28507	28.7194
8.28671	28.7551
8.28722	28.7908
8.29019	28.8265
8.2919	28.8622
8.29258	28.898
8.2939	28.9337
8.2946	28.9694
8.296	29.0051
8.29666	29.0396
8.29804	29.0741
8.29943	29.1085
8.30145	29.143
8.30287	29.1775
8.30519	29.212
8.3108	29.2465
8.31217	29.281
8.31284	29.3154
8.31444	29.3499
8.31486	29.3844
8.31556	29.4189
8.31629	29.4534
8.31837	29.4879
8.31903	29.5223
8.31971	29.5568
8.32107	29.5913
8.32184	29.6258
8.32252	29.6603
8.3241	29.6947
8.32476	29.7292
8.32571	29.7637
8.32611	29.7982
8.32681	29.8327
8.32752	29.8672
8.32823	29.9016
8.32907	29.9361
8.32964	29.9706
8.33035	30.0051
8.33098	30.0384
8.33177	30.0718
8.33251	30.1051
8.33308	30.1384
8.33394	30.1718
8.33442	30.2051
8.33865	30.2384
8.34043	30.2718
8.34067	30.3051
8.34203	30.3384
8.34484	30.3718
8.34602	30.4051
8.34879	30.4384
8.3522	30.4718
8.35417	30.5051
8.35427	30.5384
8.35501	30.5718
8.35783	30.6051
8.35982	30.6384
8.36141	30.6718
8.36183	30.7051
8.36393	30.7384
8.36532	30.7718
8.36595	30.8051
8.36949	30.8384
8.37056	30.8718
8.3715	30.9051
8.37185	30.9384
8.37286	30.9718
8.3735	31.0051
8.37395	31.0374
8.37543	31.0696
8.37637	31.1019
8.37679	31.1341
8.37748	31.1664
8.3793	31.1986
8.38275	31.2309
8.38365	31.2632
8.38475	31.2954
8.38513	31.3277
8.38529	31.3599
8.38546	31.3922
8.38662	31.4244
8.38738	31.4567
8.391	31.489
8.39243	31.5212
8.39292	31.5535
8.39499	31.5857
8.39776	31.618
8.39934	31.6503
8.40217	15.8251
8.4049	15.8918
8.40634	15.9585
8.40813	16.0251
8.40887	16.0876
8.41021	16.1501
8.4109	16.2126
8.4123	16.2751
8.41374	16.3376
8.41574	16.4001
8.4165	16.4626
8.41705	16.5251
8.41796	16.5876
8.41917	16.6501
8.42006	16.7126
8.4207	16.7751
8.42125	16.8376
8.42337	16.9001
8.424	16.9626
8.42507	17.0251
8.42548	17.084
8.4262	17.1428
8.42685	17.2016
8.42962	17.2604
8.43199	17.3192
8.43472	17.3781
8.43584	17.4369
8.43652	17.4957
8.43787	17.5545
8.43857	17.6134
8.44291	17.6722
8.45109	17.731
8.45354	17.7898
8.45567	17.8487
8.45706	17.9075
8.46021	17.9663
8.46037	18.0251
8.46064	18.0807
8.46149	18.1362
8.46207	9.06812
8.46623	9.17923
8.47183	9.29034
8.47385	9.40145
8.47659	9.51256
8.47866	9.62367
8.4808	9.73479
8.48288	9.8459
8.48619	9.95701
8.49303	10.0681
8.49407	10.1681
8.49523	10.2681
8.49595	10.3681
8.49855	10.4681
8.50019	10.5681
8.50132	10.6681
8.50408	10.7681
8.50541	10.8681
8.52138	10.9681
8.52207	11.0681
8.52342	11.159
8.52537	11.2499
8.52613	11.3408
8.5277	11.4318
8.53067	11.5227
8.53188	11.6136
8.53413	11.7045
8.53481	11.7954
8.56233	11.8863
8.56361	11.9772
8.56432	12.0681
8.56775	12.1515
8.57642	12.2348
8.58364	12.3181
8.58773	12.4015
8.58834	12.4848
8.59116	12.5681
8.59319	12.6515
8.59454	12.7348
8.6147	12.8181
8.61597	12.9015
8.61733	12.9848
8.61823	13.0681
8.62216	13.145
8.63388	13.222
8.64083	13.2989
8.64832	13.3758
8.64901	13.4527
8.64969	13.5297
8.65109	13.6066
8.65244	13.6835
8.6656	13.7604
8.66699	13.8373
8.66836	13.9143
8.6698	13.9912
8.67111	14.0681
8.67603	14.1395
8.68286	14.211
8.68427	14.2824
8.68703	14.3538
8.68793	14.4253
8.68866	14.4967
8.68984	14.5681
8.69049	14.6395
8.70153	14.711
8.70291	14.7824
8.70429	14.8538
8.70711	14.9253
8.7098	14.9967
8.71047	15.0681
8.71391	15.1348
8.71804	15.2015
8.71903	15.2681
8.72027	15.3348
8.72298	15.4015
8.72427	15.4681
8.72515	15.5348
8.7257	15.6015
8.73534	15.6681
8.74228	15.7348
8.7456	15.8015
8.74697	15.8681
8.75048	15.9348
8.75115	16.0015
8.75253	16.064
8.75458	16.1265
8.75742	16.189
8.75844	16.2515
8.76094	16.314
8.76705	16.3765
8.7684	16.439
8.77047	16.5015
8.77119	16.564
8.77535	16.6265
8.77881	16.689
8.7809	16.7515
8.78303	16.814
8.78838	16.8765
8.79076	16.939
8.7922	17.0015
8.79403	17.0603
8.79615	17.1191
8.79737	17.1779
8.79782	17.2367
8.80519	17.2956
8.81192	17.3544
8.81442	17.4132
8.81659	17.472
8.8185	17.5309
8.82127	17.5897
8.82198	17.6485
8.82275	17.7073
8.82347	17.7662
8.82565	17.825
8.82874	17.8838
8.83235	17.9426
8.83289	18.0015
8.83361	18.057
8.83424	18.1126
8.83638	18.1681
8.83994	18.2237
8.85122	18.2792
8.85465	18.3348
8.85809	18.3903
8.86076	18.4459
8.86288	18.5015
8.86453	18.557
8.8657	18.6126
8.86699	18.6681
8.86839	18.7237
8.87112	18.7792
8.87344	18.8348
8.87384	18.8903
8.8746	18.9459
8.87528	19.0015
8.87597	19.0541
8.87666	19.1067
8.87904	19.1593
8.8797	19.212
8.88044	19.2646
8.88165	19.3172
8.88449	19.3699
8.88714	19.4225
8.88925	19.4751
8.89545	19.5278
8.89611	19.5804
8.897	19.633
8.89812	19.6857
8.89886	19.7383
8.90089	19.7909
8.90226	19.8436
8.90574	19.8962
8.90723	19.9488
8.90847	20.0015
8.91064	20.0515
8.9112	20.1015
8.92574	20.1515
8.92714	20.2015
8.92883	20.2515
8.92947	20.3015
8.9301	20.3515
8.93149	20.4015
8.93318	20.4515
8.93568	20.5015
8.93637	20.5515
8.9378	20.6015
8.93916	20.6515
8.94046	20.7015
8.94203	20.7515
8.94334	20.8015
8.94682	20.8515
8.94823	20.9015
8.94943	20.9515
8.95013	21.0015
8.9522	21.0491
8.9535	21.0967
8.96813	21.1443
8.96876	21.1919
8.97038	21.2395
8.97084	21.2872
8.97151	21.3348
8.97218	21.3824
8.97288	21.43
8.97511	21.4776
8.97641	21.5253
8.97798	21.5729
8.9789	21.6205
8.97985	21.6681
8.98052	21.7157
8.9812	21.7634
8.98333	21.811
8.984	21.8586
8.98466	21.9062
8.98553	21.9538
8.98602	22.0015
8.98673	22.0469
8.98813	22.0924
9.00261	22.1378
9.00334	22.1833
9.00601	22.2287
9.00747	11.1144
9.0083	11.2053
9.00953	11.2962
9.01087	11.3871
9.01503	11.478
9.0158	11.5689
9.01641	11.6598
9.01709	11.7507
9.01777	11.8416
9.01913	11.9325
9.01985	12.0235
9.02063	12.1068
9.02123	12.1901
9.02193	12.2735
9.02329	12.3568
9.02489	12.4401
9.02539	12.5235
9.02674	12.6068
9.02741	12.6901
9.04088	12.7735
9.04217	12.8568
9.04427	12.9401
9.05002	13.0235
9.05194	13.1004
9.05278	13.1773
9.05343	13.2542
9.05462	13.3311
9.05576	6.66557
9.0569	6.83224
9.05752	6.99891
9.05954	7.16557
9.06551	7.30843
9.06588	7.45129
9.06717	7.59414
9.07216	7.737
9.07268	7.87986
9.07555	8.02272
9.07596	8.14772
9.07747	8.27272
9.07923	8.39772
9.08935	8.52272
9.10035	8.64772
9.10295	8.77272
9.10874	8.89772
9.10996	9.02272
9.11008	9.13383
9.11123	9.24494
9.11183	9.35605
9.12383	9.46716
9.13725	9.57827
9.13862	9.68938
9.14409	9.80049
9.14616	9.9116
9.14822	10.0227
9.14956	10.1227
9.1527	10.2227
9.15552	10.3227
9.1757	10.4227
9.18365	10.5227
9.18474	10.6227
9.18642	10.7227
9.18768	10.8227
9.18813	10.9227
9.18892	11.0227
9.18958	11.1136
9.19051	11.2045
9.19095	11.2954
9.22008	11.3864
9.23386	11.4773
9.23477	11.5682
9.23613	11.6591
9.23674	11.75
9.23736	11.8409
9.23821	11.9318
9.23965	12.0227
9.24007	12.106
9.24109	12.1894
9.2429	12.2727
9.27755	12.356
9.28457	12.4394
9.286	12.5227
9.28728	12.606
9.29087	12.6894
9.29192	12.7727
9.29261	12.856
9.29419	12.9394
9.29586	13.0227
9.29642	13.0996
9.29707	13.1766
9.29778	13.2535
9.3278	13.3304
9.33671	13.4073
9.33881	13.4843
9.34022	13.5612
9.3416	13.6381
9.34288	13.715
9.34363	13.7919
9.34432	13.8689
9.34577	13.9458
9.34648	14.0227
9.34712	14.0941
9.34847	14.1656
9.35003	14.237
9.38048	14.3084
9.39131	14.3799
9.39197	14.4513
9.39276	14.5227
9.3935	14.5941
9.39429	14.6656
9.39474	14.737
9.39539	14.8084
9.39638	14.8799
9.39749	14.9513
9.39902	15.0227
9.40048	15.0894
9.40162	15.156
9.403	15.2227
9.42416	15.2894
9.42999	15.356
9.43256	15.4227
9.43323	15.4894
9.43521	15.556
9.43581	15.6227
9.43655	15.6894
9.4378	15.756
9.43906	15.8227
9.44071	15.8894
9.44157	15.956
9.44235	16.0227
9.4434	16.0852
9.44413	16.1477
9.44481	16.2102
9.45189	16.2727
9.4629	16.3352
9.4649	16.3977
9.46697	16.4602
9.46968	16.5227
9.47112	16.5852
9.47249	16.6477
9.4773	16.7102
9.47868	16.7727
9.47964	16.8352
9.48024	16.8977
9.48146	16.9602
9.48287	17.0227
9.48353	17.0815
9.48505	17.1404
9.48765	17.1992
9.49141	17.258
9.494	17.3168
9.49607	17.3757
9.49747	17.4345
9.49808	17.4933
9.49979	17.5521
9.50086	17.611
9.505	17.6698
9.50825	17.7286
9.50908	17.7874
9.51115	17.8462
9.51536	17.9051
9.51595	17.9639
9.51667	18.0227
9.51731	18.0783
9.51887	18.1338
9.52013	18.1894
9.52925	18.2449
9.53894	18.3005
9.54051	18.356
9.54123	18.4116
9.54395	18.4672
9.546	18.5227
9.54878	18.5783
9.5501	18.6338
9.55148	18.6894
9.55358	18.7449
9.55495	18.8005
9.55561	18.856
9.55779	18.9116
9.55971	18.9672
9.56118	19.0227
9.56334	19.0753
9.56388	19.128
9.56603	19.1806
9.57124	19.2332
9.58078	19.2859
9.58263	19.3385
9.58407	19.3911
9.58763	19.4438
9.58973	19.4964
9.5925	19.549
9.593	19.6017
9.5946	19.6543
9.59661	19.7069
9.59981	19.7596
9.60047	19.8122
9.60773	19.8648
9.6091	19.9175
9.61205	19.9701
9.61257	20.0227
9.61326	20.0727
9.61396	20.1227
9.61531	20.1727
9.62437	20.2227
9.64203	20.2727
9.64742	20.3227
9.64786	20.3727
9.6496	20.4227
9.65096	20.4727
9.6516	20.5227
9.65356	20.5727
9.6556	20.6227
9.65836	20.6727
9.66062	20.7227
9.66186	20.7727
9.66573	20.8227
9.66646	20.8727
9.66851	20.9227
9.66924	10.4614
9.66984	10.5614
9.67155	10.6614
9.67222	10.7614
9.67302	10.8614
9.68244	10.9614
9.68821	11.0614
9.69041	11.1523
9.69189	11.2432
9.69239	11.3341
9.69668	11.425
9.69869	11.5159
9.69924	11.6068
9.69991	11.6977
9.70153	11.7886
9.70281	11.8795
9.70469	11.9704
9.71457	12.0614
9.71508	12.1447
9.71575	12.228
9.7492	12.3114
9.75017	12.3947
9.75066	12.478
9.75192	12.5614
9.75263	12.6447
9.75331	12.728
9.75407	12.8114
9.75506	12.8947
9.75554	12.978
9.7561	13.0614
9.757	13.1383
9.75755	13.2152
9.77764	13.2921
9.77885	13.3691
9.77976	13.446
9.78223	13.5229
9.78612	13.5998
9.78643	13.6767
9.79057	13.7537
9.79193	13.8306
9.79395	13.9075
9.79533	13.9844
9.79629	14.0614
9.80015	14.1328
9.80209	14.2042
9.82056	14.2756
9.82123	14.3471
9.8221	14.4185
9.82291	14.4899
9.82325	14.5614
9.82412	14.6328
9.82479	14.7042
9.82542	14.7756
9.82674	14.8471
9.82878	14.9185
9.8295	14.9899
9.83109	15.0614
9.8331	15.128
9.83566	15.1947
9.85473	15.2614
9.85675	15.328
9.85753	15.3947
9.85812	15.4614
9.85888	15.528
9.86108	15.5947
9.8631	15.6614
9.86498	15.728
9.86639	15.7947
9.86929	15.8614
9.87082	15.928
9.87287	15.9947
9.87406	16.0614
9.87541	16.1239
9.87885	16.1864
9.89202	16.2489
9.8941	16.3114
9.89969	16.3739
9.9003	16.4364
9.90165	16.4989
9.90371	16.5614
9.90581	16.6239
9.91131	16.6864
9.91263	16.7489
9.91574	16.8114
9.91645	16.8739
9.92035	16.9364
9.92249	16.9989
9.92378	17.0614
9.92759	17.1202
9.93172	17.179
9.9426	17.2378
9.94413	17.2967
9.94544	17.3555
9.94604	17.4143
9.94763	17.4731
9.94812	17.5319
9.95193	17.5908
9.95525	17.6496
9.95778	17.7084
9.96091	17.7672
9.96224	17.8261
9.96596	17.8849
9.97562	17.9437
9.97715	18.0025
9.97904	18.0581
9.97972	18.1136
9.98052	18.1692
9.99186	18.2248
9.99487	18.2803
9.99622	18.3359
10.0004	18.3914
10.0024	18.447
10.0046	18.5025
10.0065	18.5581
10.0086	18.6136
10.0106	18.6692
10.0135	18.7248
10.0155	18.7803
10.0169	18.8359
10.0212	18.8914
10.0254	18.947
10.0268	19.0025
10.0275	19.0552
10.0304	19.1078
10.0324	19.1604
10.0445	19.2131
10.0456	19.2657
10.047	19.3183
10.0479	19.371
10.0483	19.4236
10.05	19.4762
10.0519	19.5289
10.052	19.5815
10.0523	19.6341
10.0546	19.6867
10.0549	19.7394
10.0553	19.792
10.0623	19.8446
10.0659	19.8973
10.0705	19.9499
10.0725	20.0025
10.0739	20.0525
10.0774	20.1025
10.0798	20.1525
10.0929	20.2025
10.0943	20.2525
10.0965	20.3025
10.0983	20.3525
10.099	20.4025
10.0998	20.4525
10.1066	20.5025
10.1073	20.5525
10.1086	20.6025
10.1141	20.6525
10.1151	20.7025
10.1155	10.3513
10.1162	10.4513
10.1182	10.5513
10.1216	10.6513
10.1244	10.7513
10.1255	10.8513
10.1274	10.9513
10.1278	11.0513
10.1285	11.1422
10.1397	11.2331
10.1403	11.324
10.1412	11.4149
10.1424	11.5058
10.1439	11.5967
10.1445	11.6876
10.1452	11.7785
10.1466	11.8694
10.1486	11.9604
10.15	12.0513
10.152	12.1346
10.1916	12.2179
10.1923	12.3013
10.1937	12.3846
10.1951	12.4679
10.1958	12.5513
10.1974	12.6346
10.1978	12.7179
10.1989	12.8013
10.1999	12.8846
10.2006	12.9679
10.2014	13.0513
10.202	13.1282
10.2228	13.2051
10.2247	13.282
10.2255	13.359
10.2275	13.4359
10.2355	13.5128
10.2362	13.5897
10.2376	13.6667
10.239	13.7436
10.2398	13.8205
10.2404	13.8974
10.2414	13.9743
10.2425	14.0513
10.2444	14.1227
10.2618	14.1941
10.2631	14.2656
10.2645	14.337
10.2667	14.4084
10.2691	14.4798
10.2716	14.5513
10.273	14.6227
10.2747	14.6941
10.2774	14.7656
10.2788	14.837
10.2795	14.9084
10.2802	14.9798
10.2809	15.0513
10.2817	15.1179
10.2969	15.1846
10.2975	15.2513
10.2984	15.3179
10.2989	15.3846
10.3004	15.4513
10.3018	15.5179
10.3046	15.5846
10.3065	15.6513
10.3093	15.7179
10.3107	15.7846
10.3123	15.8513
10.3127	15.9179
10.3147	15.9846
10.3165	16.0513
10.3184	16.1138
10.3342	16.1763
10.3363	16.2388
10.3372	16.3013
10.339	16.3638
10.3459	16.4263
10.3462	16.4888
10.349	16.5513
10.3495	16.6138
10.353	16.6763
10.3537	16.7388
10.3548	16.8013
10.3565	16.8638
10.3583	16.9263
10.3658	16.9888
10.3693	17.0513
10.3728	17.1101
10.3787	17.1689
10.3821	17.2277
10.3827	17.2866
10.3853	17.3454
10.4075	17.4042
10.408	17.463
10.4084	17.5219
10.4087	17.5807
10.4093	17.6395
10.4105	17.6983
10.411	17.7571
10.4124	17.816
10.4131	17.8748
10.4189	17.9336
10.427	17.9924
10.4282	18.0513
10.4358	18.1068
10.4435	18.1624
10.444	18.2179
10.4452	18.2735
10.4457	18.329
10.4518	18.3846
10.4545	18.4402
10.4573	18.4957
10.458	18.5513
10.4588	18.6068
10.4593	18.6624
10.46	18.7179
10.4607	18.7735
10.4614	18.829
10.4621	18.8846
10.4628	18.9402
10.4635	18.9957
10.4642	19.0513
10.4651	19.1039
10.4824	19.1565
10.4835	19.2092
10.4866	19.2618
10.4901	19.3144
10.4921	19.3671
10.4975	19.4197
10.499	19.4723
10.5014	19.525
10.5018	19.5776
10.5025	19.6302
10.5039	19.6828
10.5044	19.7355
10.5046	19.7881
10.506	19.8407
10.5086	19.8934
10.5114	19.946
10.5151	19.9986
10.5175	20.0513
10.5183	20.1013
10.5427	20.1513
10.5442	20.2013
10.5473	20.2513
10.548	20.3013
10.5486	20.3513
10.5502	20.4013
10.5516	20.4513
10.5531	20.5013
10.5544	20.5513
10.5565	20.6013
10.5579	20.6513
10.5601	20.7013
10.5614	20.7513
10.5634	20.8013
10.5662	20.8513
10.5688	20.9013
10.5705	20.9513
10.5745	21.0013
10.5751	21.0489
10.5758	21.0965
10.589	21.1441
10.5897	21.1917
10.5931	21.2394
10.5939	21.287
10.5954	21.3346
10.5974	21.3822
10.598	21.4298
10.5988	21.4775
10.5995	21.5251
10.602	21.5727
10.6021	21.6203
10.6028	21.6679
10.6037	21.7156
10.6046	21.7632
10.605	21.8108
10.6125	21.8584
10.6148	21.906
10.6231	21.9536
10.6243	22.0013
10.6257	22.0467
10.631	22.0922
10.6377	22.1376
10.6381	22.1831
10.6402	22.2285
10.6428	22.274
10.6464	22.3194
10.647	22.3649
10.6478	22.4104
10.6501	22.4558
10.6522	22.5013
10.6533	22.5467
10.6557	22.5922
10.6561	22.6376
10.6562	22.6831
10.6568	22.7285
10.6576	22.774
10.6582	22.8194
10.6589	22.8649
10.6596	22.9104
10.6603	22.9558
10.661	23.0013
10.6617	23.0447
10.6623	23.0882
10.6882	23.1317
10.6895	23.1752
10.6917	23.2187
10.6941	23.2621
10.6975	23.3056
10.7011	23.3491
10.7045	23.3926
10.7106	23.436
10.712	23.4795
10.7129	23.523
10.7135	23.5665
10.7144	23.61
10.7149	23.6534
10.7155	23.6969
10.7161	23.7404
10.7179	23.7839
10.7181	23.8274
10.7184	23.8708
10.7193	23.9143
10.7198	23.9578
10.7204	24.0013
10.7231	24.0429
10.7294	24.0846
10.7519	24.1263
10.7526	24.1679
10.754	24.2096
10.7546	24.2513
10.7562	24.2929
10.7583	24.3346
10.7603	24.3763
10.7644	24.4179
10.766	24.4596
10.7686	24.5013
10.7714	24.5429
10.7726	24.5846
10.7733	24.6263
10.7741	24.6679
10.7747	24.7096
10.7757	24.7513
10.7764	24.7929
10.7768	24.8346
10.7812	24.8763
10.7824	24.9179
10.783	24.9596
10.7837	25.0013
10.7844	12.5006
10.7855	12.584
10.8014	12.6673
10.8033	12.7506
10.809	12.834
10.8101	12.9173
10.8115	13.0006
10.8123	13.0776
10.8136	13.1545
10.815	13.2314
10.8157	13.3083
10.8165	13.3852
10.8172	13.4622
10.8181	13.5391
10.8192	13.616
10.8199	13.6929
10.8212	13.7699
10.8226	13.8468
10.8248	13.9237
10.8256	14.0006
10.8267	14.0721
10.8274	14.1435
10.8287	14.2149
10.8301	14.2863
10.8308	14.3578
10.8553	14.4292
10.8581	14.5006
10.8591	14.5721
10.8615	14.6435
10.8651	14.7149
10.8665	14.7863
10.867	14.8578
10.8692	14.9292
10.8705	15.0006
10.8732	15.0673
10.8784	15.134
10.8794	15.2006
10.8804	15.2673
10.8808	15.334
10.8987	15.4006
10.8989	15.4673
10.9005	15.534
10.9011	15.6006
10.9026	15.6673
10.9038	15.734
10.9052	15.8006
10.9067	15.8673
10.9074	15.934
10.9086	16.0006
10.9093	16.0631
10.9107	16.1256
10.9125	16.1881
10.9136	16.2506
10.9147	16.3131
10.9537	16.3756
10.9543	16.4381
10.955	16.5006
10.9556	16.5631
10.9564	16.6256
10.957	16.6881
10.9578	16.7506
10.9591	16.8131
10.9605	16.8756
10.9613	16.9381
10.9626	17.0006
10.964	17.0595
10.965	17.1183
10.9668	17.1771
10.9674	17.2359
10.9682	17.2948
11.0009	17.3536
11.0016	17.4124
11.0028	17.4712
11.0041	17.53
11.0062	17.5889
11.0106	17.6477
11.0131	17.7065
11.0144	17.7653
11.0158	17.8242
11.0165	17.883
11.0179	17.9418
11.0193	18.0006
11.02	18.0562
11.0214	18.1117
11.022	18.1673
11.0227	18.2229
11.0236	18.2784
11.0477	18.334
11.0486	18.3895
11.0491	18.4451
11.0498	18.5006
11.0507	18.5562
11.0518	18.6117
11.054	18.6673
11.0574	18.7229
11.0583	18.7784
11.0588	18.834
11.0615	18.8895
11.0646	18.9451
11.0675	19.0006
11.0685	19.0533
11.0686	19.1059
11.0691	19.1585
11.0698	19.2112
11.0705	19.2638
11.0983	19.3164
11.1017	19.3691
11.1041	19.4217
11.1045	19.4743
11.1059	19.5269
11.1066	19.5796
11.1074	19.6322
11.1081	19.6848
11.1088	19.7375
11.1093	19.7901
11.1107	19.8427
11.1111	19.8954
11.112	19.948
11.1128	20.0006
11.1132	20.0506
11.114	20.1006
11.1147	20.1506
11.1157	20.2006
11.1162	20.2506
11.1456	20.3006
11.1457	20.3506
11.1471	20.4006
11.1475	20.4506
11.1479	20.5006
11.1481	20.5506
11.1503	20.6006
11.1515	20.6506
11.1528	20.7006
11.1543	20.7506
11.1555	20.8006
11.156	20.8506
11.1569	20.9006
11.1584	20.9506
11.1588	21.0006
11.1594	21.0483
11.1595	21.0959
11.1598	21.1435
11.1635	21.1911
11.168	21.2387
11.1951	21.2863
11.1956	21.334
11.196	21.3816
11.1967	21.4292
11.1973	21.4768
11.1981	21.5244
11.199	21.5721
11.1997	21.6197
11.2002	21.6673
11.2008	21.7149
11.2017	21.7625
11.2023	21.8102
11.2031	21.8578
11.2044	21.9054
11.2049	21.953
11.2053	22.0006
11.2059	22.0461
11.2068	22.0915
11.2074	22.137
11.2132	22.1825
11.2139	22.2279
11.2463	22.2734
11.2472	22.3188
11.2486	22.3643
11.2494	22.4097
11.2503	22.4552
11.2525	22.5006
11.2552	22.5461
11.2577	22.5915
11.2587	22.637
11.2599	22.6825
11.2604	22.7279
11.2626	22.7734
11.2634	22.8188
11.2647	22.8643
11.2653	22.9097
11.2668	22.9552
11.269	23.0006
11.2708	23.0441
11.2733	23.0876
11.2746	23.1311
11.2755	23.1745
11.2757	23.218
11.3112	23.2615
11.3127	23.305
11.3141	23.3485
11.315	23.3919
11.3167	23.4354
11.3182	23.4789
11.3203	23.5224
11.321	23.5659
11.3216	23.6093
11.3229	23.6528
11.3265	23.6963
11.3276	23.7398
11.3286	23.7832
11.3307	23.8267
11.3326	23.8702
11.334	23.9137
11.336	23.9572
11.3374	24.0006
11.3387	24.0423
11.3396	24.084
11.3401	24.1256
11.3409	24.1673
11.3415	24.209
11.3673	24.2506
11.3688	24.2923
11.3706	24.334
11.372	24.3756
11.3737	24.4173
11.3739	24.459
11.3768	24.5006
11.3779	24.5423
11.3793	24.584
11.3807	24.6256
11.3828	24.6673
11.3835	24.709
11.3848	24.7506
11.3876	24.7923
11.3897	24.834
11.3938	24.8756
11.3957	24.9173
11.3964	24.959
11.398	25.0006
11.3986	25.0406
11.3994	25.0806
11.4001	25.1206
11.4009	25.1606
11.4022	25.2006
11.4153	25.2406
11.4161	25.2806
11.4176	25.3206
11.4189	25.3606
11.4202	25.4006
11.4218	25.4406
11.4232	25.4806
11.4237	25.5206
11.4251	25.5606
11.4265	25.6006
11.4303	25.6406
11.4307	25.6806
11.4334	25.7206
11.434	25.7606
11.4348	25.8006
11.4355	25.8406
11.4362	25.8806
11.4378	25.9206
11.4392	25.9606
11.4404	26.0006
11.4413	26.0391
11.4432	26.0776
11.4437	26.116
11.4458	26.1545
11.4479	26.1929
11.4644	26.2314
11.4647	26.2699
11.4654	26.3083
11.466	26.3468
11.4664	26.3852
11.4673	26.4237
11.4679	26.4622
11.4685	26.5006
11.4691	26.5391
11.4698	26.5776
11.4712	26.616
11.472	26.6545
11.4739	26.6929
11.4739	26.7314
11.474	26.7699
11.4748	26.8083
11.4754	26.8468
11.4761	26.8852
11.4767	26.9237
11.4781	26.9622
11.4811	27.0006
11.499	27.0377
11.4996	27.0747
11.5004	27.1117
11.5012	27.1488
11.5019	27.1858
11.5025	27.2229
11.5037	27.2599
11.5044	27.2969
11.5051	27.334
11.5065	27.371
11.5075	27.408
11.5079	27.4451
11.5092	27.4821
11.5099	27.5192
11.5106	27.5562
11.5114	27.5932
11.5127	27.6303
11.5135	27.6673
11.514	27.7043
11.5148	27.7414
11.516	27.7784
11.5169	27.8154
11.5336	27.8525
11.5363	13.9262
11.5384	14.0032
11.5398	14.0746
11.5405	14.146
11.5412	14.2175
11.5425	14.2889
11.5439	14.3603
11.5445	14.4317
11.5455	14.5032
11.546	14.5746
11.5473	14.646
11.548	14.7175
11.5487	14.7889
11.5493	14.8603
11.55	14.9317
11.5545	15.0032
11.5551	15.0698
11.5559	15.1365
11.5577	15.2032
11.5583	15.2698
11.5599	15.3365
11.5726	15.4032
11.5801	15.4698
11.5804	15.5365
11.5882	15.6032
11.589	15.6698
11.5896	15.7365
11.5911	15.8032
11.594	15.8698
11.5946	15.9365
11.5951	16.0032
11.6079	16.0657
11.6176	16.1282
11.6186	16.1907
11.6218	16.2532
11.6231	16.3157
11.6252	16.3782
11.6267	16.4407
11.63	16.5032
11.6308	16.5657
11.6314	16.6282
11.6321	16.6907
11.6419	16.7532
11.6439	16.8157
11.6453	16.8782
11.6518	16.9407
11.6535	17.0032
11.6559	17.062
11.657	17.1208
11.6579	17.1796
11.6605	17.2385
11.6613	17.2973
11.6633	17.3561
11.6645	17.4149
11.6832	17.4738
11.6887	17.5326
11.6896	17.5914
11.6937	17.6502
11.6951	17.709
11.6957	17.7679
11.6963	17.8267
11.6978	17.8855
11.6984	17.9443
11.6991	18.0032
11.7019	18.0587
11.7041	18.1143
11.7055	18.1698
11.7082	18.2254
11.7089	18.2809
11.7111	18.3365
11.7154	18.3921
11.72	9.19603
11.7222	9.30714
11.7263	9.41825
11.7272	9.52936
11.7278	9.64047
11.7283	9.75158
11.7297	9.86269
11.7312	9.97381
11.7325	10.0849
11.7331	10.1849
11.7364	10.2849
11.7406	10.3849
11.7422	10.4849
11.7475	10.5849
11.7484	10.6849
11.753	10.7849
11.755	10.8849
11.7607	10.9849
11.7613	11.0849
11.7627	11.1758
11.768	11.2667
11.769	11.3576
11.7718	11.4486
11.7741	11.5395
11.7769	11.6304
11.7777	11.7213
11.7874	11.8122
11.7901	11.9031
11.7905	11.994
11.7921	12.0849
11.7971	12.1682
11.7991	12.2516
11.8026	12.3349
11.8051	12.4182
11.8099	12.5016
11.8113	12.5849
11.8155	12.6682
11.8168	12.7516
11.8175	12.8349
11.8183	12.9182
11.8189	13.0016
11.8255	13.0785
11.8289	13.1554
11.8307	13.2324
11.8321	13.3093
11.8334	6.65464
11.8342	6.8213
11.8419	6.98797
11.8438	7.15464
11.8445	7.29749
11.8466	7.44035
11.8472	7.58321
11.8563	7.72607
11.859	7.86892
11.8635	8.01178
11.8643	8.13678
11.8667	8.26178
11.8669	8.38678
11.8725	8.51178
11.8765	8.63678
11.8813	8.76178
11.8868	8.88678
11.8875	9.01178
11.8909	9.12289
11.8966	9.234
11.9088	9.34511
11.9102	9.45622
11.9123	9.56734
11.9141	9.67845
11.9156	9.78956
11.9173	9.90067
11.9178	10.0118
11.9192	10.1118
11.9213	10.2118
11.9322	10.3118
11.9329	10.4118
11.9336	10.5118
11.9383	10.6118
11.9496	10.7118
11.9506	10.8118
11.9516	10.9118
11.9537	11.0118
11.9551	11.1027
11.9581	11.1936
11.9602	11.2845
11.9654	11.3754
11.9662	11.4663
11.984	11.5572
11.9906	11.6481
11.9913	11.7391
11.9919	11.83
11.9943	11.9209
11.995	12.0118
11.998	12.0951
12.0017	12.1784
12.0029	12.2618
12.0057	12.3451
12.0092	12.4284
12.0175	12.5118
12.0218	12.5951
12.0237	12.6784
12.0244	12.7618
12.0253	12.8451
12.0263	12.9284
12.0266	13.0118
12.0271	13.0887
12.0279	13.1656
12.0286	13.2425
12.0322	13.3195
12.0335	13.3964
12.0426	13.4733
12.0445	13.5502
12.0466	13.6272
12.05	13.7041
12.0521	13.781
12.0528	13.8579
12.0556	13.9349
12.0572	14.0118
12.0584	14.0832
12.0599	14.1546
12.061	14.2261
12.0641	14.2975
12.0656	14.3689
12.0659	14.4404
12.0665	14.5118
12.0672	14.5832
12.0703	14.6546
12.0764	14.7261
12.0786	14.7975
12.086	14.8689
12.0873	14.9404
12.0887	15.0118
12.0896	15.0784
12.0903	15.1451
12.0911	15.2118
12.0943	15.2784
12.0946	15.3451
12.0949	15.4118
12.0972	15.4784
12.0984	15.5451
12.1006	15.6118
12.102	15.6784
12.1027	15.7451
12.1046	15.8118
12.1074	15.8784
12.1108	15.9451
12.1121	16.0118
12.115	16.0743
12.1169	16.1368
12.1191	16.1993
12.1293	16.2618
12.13	16.3243
12.1306	16.3868
12.1315	16.4493
12.1321	16.5118
12.1327	16.5743
12.1334	16.6368
12.134	16.6993
12.1357	16.7618
12.1361	16.8243
12.1375	16.8868
12.1396	16.9493
12.1416	17.0118
12.1473	17.0706
12.1517	17.1294
12.1524	17.1883
12.1648	17.2471
12.1661	17.3059
12.1674	17.3647
12.1681	17.4235
12.1695	17.4824
12.1716	17.5412
12.1729	17.6
12.1743	17.6588
12.1764	17.7177
12.1777	17.7765
12.1784	17.8353
12.1812	17.8941
12.1834	17.953
12.1846	18.0118
12.1853	18.0673
12.186	18.1229
12.1867	18.1784
12.1984	18.234
12.2	18.2896
12.2031	18.3451
12.204	18.4007
12.2047	18.4562
12.2075	18.5118
12.21	18.5673
12.2115	18.6229
12.2124	18.6784
12.2127	18.734
12.215	18.7896
12.2182	18.8451
12.2209	18.9007
12.2223	18.9562
12.2243	19.0118
12.2276	19.0644
12.2289	19.117
12.2294	19.1697
12.2357	19.2223
12.237	19.2749
12.2392	19.3276
12.2418	19.3802
12.2426	19.4328
12.2453	19.4855
12.248	19.5381
12.2487	19.5907
12.2494	19.6434
12.2515	19.696
12.2522	19.7486
12.2536	19.8013
12.2542	19.8539
12.255	19.9065
12.2563	19.9591
12.257	20.0118
12.2577	20.0618
12.2598	20.1118
12.2632	20.1618
12.2694	20.2118
12.2701	20.2618
12.2708	20.3118
12.2742	20.3618
12.2753	20.4118
12.2763	20.4618
12.2792	20.5118
12.2797	20.5618
12.2818	20.6118
12.2838	20.6618
12.2848	20.7118
12.2853	20.7618
12.2868	20.8118
12.2901	20.8618
12.2915	20.9118
12.2935	20.9618
12.2949	21.0118
12.2963	21.0594
12.2973	21.107
12.299	21.1546
12.3035	21.2023
12.3041	21.2499
12.306	21.2975
12.3082	21.3451
12.3101	21.3927
12.3114	21.4404
12.3119	21.488
12.3128	21.5356
12.3132	21.5832
12.314	21.6308
12.3146	21.6784
12.3159	21.7261
12.3167	10.863
12.3195	10.963
12.3208	11.063
12.3217	11.1539
12.3229	11.2449
12.3235	11.3358
12.3251	11.4267
12.3267	11.5176
12.327	11.6085
12.3316	11.6994
12.3317	11.7903
12.3318	11.8812
12.3318	11.9721
12.3332	12.063
12.3347	12.1464
12.336	12.2297
12.3378	12.313
12.3385	12.3964
12.3393	12.4797
12.3399	12.563
12.3405	12.6464
12.3482	12.7297
12.3488	12.813
12.3506	12.8964
12.3526	12.9797
12.3534	13.063
12.3547	13.14
12.3576	13.2169
12.359	13.2938
12.3597	13.3707
12.3604	13.4476
12.3619	13.5246
12.3625	13.6015
12.3676	13.6784
12.3678	13.7553
12.3682	13.8323
12.3694	13.9092
12.3703	13.9861
12.3704	14.063
12.3716	14.1345
12.3719	14.2059
12.3726	14.2773
12.3734	14.3487
12.3747	14.4202
12.3754	14.4916
12.3764	14.563
12.3866	14.6345
12.387	14.7059
12.3893	14.7773
12.3906	14.8487
12.3909	14.9202
12.3923	14.9916
12.3933	15.063
12.3947	15.1297
12.3962	15.1964
12.3977	15.263
12.3981	15.3297
12.3995	15.3964
12.4011	15.463
12.4018	15.5297
12.404	15.5964
12.4045	15.663
12.4079	15.7297
12.411	15.7964
12.4154	15.863
12.4161	15.9297
12.4177	15.9964
12.4192	16.063
12.4198	16.1255
12.422	16.188
12.4235	16.2505
12.4247	16.313
12.426	16.3755
12.4281	16.438
12.4297	16.5005
12.4309	16.563
12.4317	16.6255
12.4324	16.688
12.4332	16.7505
12.4337	16.813
12.4379	16.8755
12.4389	16.938
12.4402	17.0005
12.4414	17.0594
12.4428	17.1182
12.4435	17.177
12.4447	17.2358
12.4448	17.2947
12.4464	17.3535
12.4478	17.4123
12.449	17.4711
12.4497	17.5299
12.451	17.5888
12.4525	17.6476
12.4531	17.7064
12.4552	17.7652
12.4629	17.8241
12.4636	17.8829
12.4658	17.9417
12.4661	18.0005
12.4675	18.0561
12.4685	18.1116
12.4712	18.1672
12.4728	18.2228
12.474	18.2783
12.4753	18.3339
12.4774	18.3894
12.4798	18.445
12.4811	18.5005
12.4821	18.5561
12.4836	18.6116
12.4861	18.6672
12.4865	18.7228
12.4916	18.7783
12.4921	18.8339
12.494	18.8894
12.4947	18.945
12.4953	19.0005
12.496	19.0532
12.4967	19.1058
12.4981	19.1584
12.4988	19.2111
12.4997	19.2637
12.5002	19.3163
12.5013	19.369
12.502	19.4216
12.5036	19.4742
12.5053	19.5268
12.5076	19.5795
12.5125	19.6321
12.5132	19.6847
12.5222	19.7374
12.5252	19.79
12.5267	19.8426
12.5269	19.8953
12.5271	19.9479
12.5304	20.0005
12.5311	20.0505
12.5326	20.1005
12.5332	20.1505
12.5341	20.2005
12.5351	20.2505
12.536	20.3005
12.5367	20.3505
12.5375	20.4005
12.5399	20.4505
12.5403	20.5005
12.5422	20.5505
12.5435	20.6005
12.5452	20.6505
12.5473	20.7005
12.5479	20.7505
12.5481	20.8005
12.5486	20.8505
12.5499	20.9005
12.5523	20.9505
12.5527	21.0005
12.5546	21.0482
12.5573	21.0958
12.5587	21.1434
12.5601	21.191
12.5607	21.2386
12.5629	21.2862
12.5635	21.3339
12.5649	21.3815
12.5663	21.4291
12.5678	21.4767
12.5707	21.5243
12.5717	21.572
12.5721	21.6196
12.5756	21.6672
12.5777	21.7148
12.5784	21.7624
12.5798	21.8101
12.5818	21.8577
12.5833	21.9053
12.5839	21.9529
12.5853	22.0005
12.586	22.046
12.587	22.0914
12.5877	22.1369
12.5881	22.1824
12.5888	22.2278
12.5909	22.2733
12.5923	22.3187
12.5936	22.3642
12.5971	22.4096
12.5978	22.4551
12.6005	22.5005
12.6014	22.546
12.6018	22.5914
12.6068	22.6369
12.6089	22.6824
12.6096	22.7278
12.6107	22.7733
12.6117	22.8187
12.6123	22.8642
12.614	22.9096
12.6142	22.9551
12.6171	23.0005
12.618	23.044
12.6185	23.0875
12.6199	23.131
12.6213	23.1744
12.6221	23.2179
12.6227	23.2614
12.6234	23.3049
12.6247	23.3484
12.6269	23.3918
12.6296	23.4353
12.6311	23.4788
12.6316	23.5223
12.633	23.5658
12.6396	23.6092
12.6411	23.6527
12.6419	23.6962
12.6425	23.7397
12.6439	23.7831
12.6446	23.8266
12.6458	23.8701
12.6478	23.9136
12.6481	23.9571
12.6494	24.0005
12.6507	24.0422
12.6514	24.0839
12.652	24.1255
12.6534	24.1672
12.6541	24.2089
12.6555	24.2505
12.6564	24.2922
12.6571	24.3339
12.6597	24.3755
12.6601	24.4172
12.6602	24.4589
12.6605	24.5005
12.6694	24.5422
12.6702	24.5839
12.6711	24.6255
12.6715	24.6672
12.6721	24.7089
12.673	24.7505
12.6735	24.7922
12.675	24.8339
12.6756	24.8755
12.6763	24.9172
12.677	24.9589
12.6797	25.0005
12.6805	25.0405
12.6811	25.0805
12.6818	25.1205
12.6832	25.1605
12.6842	25.2005
12.6845	25.2405
12.6867	25.2805
12.6874	25.3205
12.6898	25.3605
12.6902	25.4005
12.692	25.4405
12.6944	25.4805
12.6971	25.5205
12.6979	25.5605
12.6988	25.6005
12.6999	25.6405
12.7012	25.6805
12.7027	25.7205
12.704	25.7605
12.7054	25.8005
12.706	25.8405
12.7075	25.8805
12.7096	25.9205
12.7111	25.9605
12.7116	26.0005
12.714	26.039
12.7154	26.0775
12.7175	26.1159
12.7178	26.1544
12.7181	26.1928
12.7186	26.2313
12.7199	26.2698
12.7206	26.3082
12.7212	26.3467
12.722	26.3851
12.7238	26.4236
12.7249	26.4621
12.7284	13.231
12.7289	13.308
12.7303	13.3849
12.7317	13.4618
12.7331	13.5387
12.7338	13.6157
12.7374	13.6926
12.738	13.7695
12.7389	13.8464
12.7419	13.9233
12.7427	14.0003
12.7433	14.0717
12.744	14.1431
12.745	14.2146
12.7462	14.286
12.7468	14.3574
12.7475	14.4288
12.7482	14.5003
12.7503	14.5717
12.7505	14.6431
12.7517	14.7146
12.753	14.786
12.7587	14.8574
12.7601	14.9288
12.7606	15.0003
12.762	15.0669
12.7699	15.1336
12.7704	15.2003
12.7712	15.2669
12.7727	15.3336
12.7739	15.4003
12.7764	15.4669
12.7773	15.5336
12.7775	15.6003
12.7782	15.6669
12.7796	15.7336
12.7816	15.8003
12.7822	15.8669
12.7836	15.9336
12.7844	16.0003
12.7864	16.0628
12.7977	16.1253
12.7992	16.1878
12.8011	16.2503
12.8018	16.3128
12.8025	16.3753
12.8038	16.4378
12.8045	16.5003
12.8059	16.5628
12.8069	16.6253
12.8105	16.6878
12.8137	16.7503
12.8146	16.8128
12.8172	16.8753
12.8191	16.9378
12.8198	17.0003
12.8208	17.0591
12.8295	17.1179
12.8301	17.1767
12.8309	17.2356
12.8319	17.2944
12.8326	17.3532
12.834	17.412
12.8349	17.4709
12.8368	17.5297
12.8391	17.5885
12.8429	17.6473
12.8457	17.7061
12.8475	17.765
12.8484	17.8238
12.8499	17.8826
12.8505	17.9414
12.8512	18.0003
12.852	18.0558
12.8699	18.1114
12.8705	18.1669
12.8718	18.2225
12.8725	18.278
12.8746	18.3336
12.8759	18.3892
12.8773	18.4447
12.8788	18.5003
12.8801	18.5558
12.8815	18.6114
12.8822	18.6669
12.8829	18.7225
12.8839	18.778
12.8843	18.8336
12.8857	18.8892
12.8866	18.9447
12.887	19.0003
12.8877	19.0529
12.9003	19.1055
12.901	19.1582
12.9027	19.2108
12.9038	19.2634
12.9059	19.3161
12.9071	19.3687
12.9084	19.4213
12.9095	19.474
12.9132	19.5266
12.9147	19.5792
12.9173	19.6318
12.9176	19.6845
12.9181	19.7371
12.9194	19.7897
12.9202	19.8424
12.9215	19.895
12.9229	19.9476
12.9236	20.0003
12.925	20.0503
12.9348	20.1003
12.9366	20.1503
12.9377	20.2003
12.938	20.2503
12.9389	20.3003
12.9397	20.3503
12.9401	20.4003
12.9408	20.4503
12.9415	20.5003
12.9444	20.5503
12.9449	20.6003
12.9457	20.6503
12.9464	20.7003
12.9471	20.7503
12.9477	20.8003
12.9484	20.8503
12.9496	20.9003
12.952	20.9503
12.954	21.0003
12.956	21.0479
12.963	21.0955
12.9637	21.1431
12.9644	21.1907
12.9649	21.2384
12.968	21.286
12.9689	21.3336
12.9698	21.3812
12.9703	21.4288
12.971	21.4765
12.9719	21.5241
12.9724	21.5717
12.973	21.6193
12.974	21.6669
12.9744	21.7146
12.9785	21.7622
12.9792	21.8098
12.9815	21.8574
12.9819	21.905
12.9843	21.9526
12.9854	22.0003
12.9862	22.0457
12.9871	22.0912
12.9902	22.1366
12.9919	22.1821
12.9931	22.2275
12.9952	22.273
12.9966	22.3184
12.9983	22.3639
12.9988	22.4094
12.9995	22.4548
13.0001	22.5003
13.0029	22.5457
13.0038	22.5912
13.0044	22.6366
13.0051	22.6821
13.0067	22.7275
13.0077	22.773
13.009	22.8184
13.0096	22.8639
13.0116	22.9094
13.0122	22.9548
13.0129	23.0003
13.0148	23.0437
13.0156	23.0872
13.0206	23.1307
13.0208	23.1742
13.0218	23.2177
13.0226	23.2611
13.0233	23.3046
13.0241	23.3481
13.0255	23.3916
13.0288	23.435
13.0295	23.4785
13.0302	23.522
13.0309	23.5655
13.0322	23.609
13.0329	23.6524
13.0337	23.6959
13.0343	23.7394
13.0351	23.7829
13.0357	23.8264
13.037	23.8698
13.038	23.9133
13.0387	23.9568
13.0393	24.0003
13.0401	24.0419
13.0414	24.0836
13.0421	24.1253
13.0439	24.1669
13.0462	24.2086
13.0482	24.2503
13.0486	24.2919
13.0498	24.3336
13.051	24.3753
13.0536	24.4169
13.0546	24.4586
13.057	24.5003
13.0578	24.5419
13.0639	24.5836
13.0645	24.6253
13.0653	24.6669
13.066	24.7086
13.0672	24.7503
13.0685	24.7919
13.0715	24.8336
13.0727	24.8753
13.0736	24.9169
13.0746	24.9586
13.0759	25.0003
13.0767	25.0403
13.0774	25.0803
13.078	25.1203
13.079	25.1603
13.0796	25.2003
13.0808	25.2403
13.0815	25.2803
13.0824	25.3203
13.0831	25.3603
13.0838	25.4003
13.086	25.4403
13.0869	25.4803
13.0882	25.5203
13.0886	25.5603
13.0894	25.6003
13.0911	25.6403
13.0924	25.6803
13.0999	25.7203
13.1014	25.7603
13.1027	25.8003
13.1036	25.8403
13.1044	25.8803
13.1098	25.9203
13.1121	25.9603
13.1138	26.0003
13.1175	26.0387
13.1182	26.0772
13.1195	26.1157
13.1201	26.1541
13.1208	26.1926
13.1216	26.231
13.1221	26.2695
13.1228	26.308
13.1238	26.3464
13.1242	26.3849
13.125	26.4233
13.1262	26.4618
13.1271	26.5003
13.1283	26.5387
13.1289	26.5772
13.1294	26.6157
13.1302	26.6541
13.1311	26.6926
13.1325	26.731
13.1338	26.7695
13.1345	26.808
13.1392	26.8464
13.1413	26.8849
13.1417	26.9233
13.1425	26.9618
13.1433	27.0003
13.1447	27.0373
13.146	27.0743
13.1481	27.1114
13.1512	27.1484
13.155	27.1855
13.1559	27.2225
13.1564	27.2595
13.1579	27.2966
13.1587	27.3336
13.1611	27.3706
13.162	27.4077
13.1626	27.4447
13.1639	27.4817
13.1665	27.5188
13.1671	27.5558
13.1696	27.5929
13.1704	27.6299
13.1707	27.6669
13.1739	27.704
13.1748	27.741
13.1768	27.778
13.1777	27.8151
13.1797	27.8521
13.1844	27.8892
13.1883	27.9262
13.1917	27.9632
13.1937	28.0003
13.1948	28.036
13.1968	28.0717
13.1976	28.1074
13.1994	28.1431
13.2021	28.1788
13.205	28.2146
13.2057	28.2503
13.207	28.286
13.2078	28.3217
13.2084	28.3574
13.2106	28.3931
13.2112	28.4288
13.2148	28.4646
13.2167	28.5003
13.2173	28.536
13.2182	28.5717
13.2196	28.6074
13.2213	28.6431
13.2227	28.6788
13.2232	28.7146
13.224	28.7503
13.2265	28.786
13.2289	28.8217
13.2301	28.8574
13.2314	28.8931
13.2328	28.9288
13.233	28.9646
13.2386	29.0003
13.2393	29.0347
13.2471	29.0692
13.2482	29.1037
13.2489	29.1382
13.2497	29.1727
13.2508	29.2072
13.2516	29.2416
13.2545	29.2761
13.2559	29.3106
13.2567	29.3451
13.2577	29.3796
13.2581	29.4141
13.2588	29.4485
13.2602	29.483
13.2608	29.5175
13.2615	29.552
13.2624	29.5865
13.2642	29.621
13.2673	29.6554
13.2681	29.6899
13.2704	29.7244
13.273	29.7589
13.2736	29.7934
13.2755	29.8279
13.2796	29.8623
13.2803	29.8968
13.2837	29.9313
13.29	29.9658
13.2936	30.0003
13.2944	30.0336
13.295	30.0669
13.3014	30.1003
13.3021	30.1336
13.3093	30.1669
13.3101	30.2003
13.311	30.2336
13.3148	30.2669
13.3157	30.3003
13.3173	30.3336
13.318	30.3669
13.3221	30.4003
13.3228	30.4336
13.3235	30.4669
13.3242	30.5003
13.3255	30.5336
13.3284	30.5669
13.3297	30.6003
13.3306	30.6336
13.331	30.6669
13.3317	30.7003
13.3332	30.7336
13.3337	30.7669
13.3344	30.8003
13.3352	30.8336
13.3358	30.8669
13.3367	30.9003
13.3372	30.9336
13.338	30.9669
13.3395	31.0003
13.3414	31.0325
13.3441	31.0648
13.3461	31.097
13.3468	15.5485
13.3475	15.6152
13.3489	15.6819
13.3524	15.7485
13.3582	15.8152
13.359	15.8819
13.3597	15.9485
13.3606	16.0152
13.3642	16.0777
13.3649	16.1402
13.3663	16.2027
13.3686	16.2652
13.3694	16.3277
13.3711	16.3902
13.3712	16.4527
13.3714	16.5152
13.3721	16.5777
13.3727	16.6402
13.375	16.7027
13.3764	16.7652
13.3768	16.8277
13.3776	16.8902
13.3784	16.9527
13.3788	17.0152
13.3799	17.074
13.3818	17.1328
13.3826	17.1917
13.384	17.2505
13.3846	17.3093
13.3855	17.3681
13.3862	17.427
13.3867	17.4858
13.3874	17.5446
13.3932	17.6034
13.3939	17.6622
13.3946	17.7211
13.3964	17.7799
13.3975	17.8387
13.3978	17.8975
13.3989	17.9564
13.4016	18.0152
13.4021	18.0707
13.403	18.1263
13.4034	18.1819
13.4041	18.2374
13.4048	18.293
13.4058	18.3485
13.4062	18.4041
13.407	18.4596
13.4076	18.5152
13.4083	18.5707
13.4092	18.6263
13.4101	18.6819
13.4133	18.7374
13.4166	18.793
13.4173	18.8485
13.418	18.9041
13.4206	18.9596
13.4211	19.0152
13.4218	19.0678
13.4232	19.1205
13.4239	19.1731
13.4246	19.2257
13.4253	19.2783
13.426	19.331
13.4269	19.3836
13.4275	19.4362
13.428	19.4889
13.4289	19.5415
13.4295	19.5941
13.431	19.6468
13.4316	19.6994
13.433	19.752
13.4339	19.8047
13.4348	19.8573
13.4354	19.9099
13.436	19.9626
13.4369	20.0152
13.4397	20.0652
13.4399	20.1152
13.44	20.1652
13.4401	20.2152
13.4418	20.2652
13.4419	20.3152
13.4433	20.3652
13.4436	20.4152
13.4439	20.4652
13.4443	20.5152
13.445	20.5652
13.4459	20.6152
13.4468	20.6652
13.4486	20.7152
13.4491	20.7652
13.4497	20.8152
13.4527	20.8652
13.4541	20.9152
13.4542	20.9652
13.4549	21.0152
13.4556	21.0628
13.4562	21.1104
13.4569	21.158
13.4575	21.2057
13.4586	21.2533
13.4594	21.3009
13.4605	21.3485
13.4611	21.3961
13.4618	21.4438
13.4626	21.4914
13.4638	21.539
13.4649	21.5866
13.4656	21.6342
13.4667	21.6819
13.469	21.7295
13.4696	21.7771
13.4704	21.8247
13.471	21.8723
13.4729	21.9199
13.4729	21.9676
13.4735	22.0152
13.4738	22.0606
13.4744	22.1061
13.4752	22.1516
13.4759	22.197
13.4766	22.2425
13.4782	22.2879
13.4792	22.3334
13.4799	22.3788
13.4802	22.4243
13.481	22.4697
13.4817	22.5152
13.4824	22.5606
13.4833	22.6061
13.484	22.6516
13.4865	22.697
13.4872	22.7425
13.488	22.7879
13.4887	22.8334
13.4894	22.8788
13.4911	22.9243
13.4925	22.9697
13.4934	23.0152
13.4939	23.0587
13.4948	23.1021
13.4953	23.1456
13.496	23.1891
13.4972	23.2326
13.4977	23.2761
13.4984	23.3195
13.499	23.363
13.4997	23.4065
13.5004	23.45
13.5011	23.4934
13.5018	23.5369
13.5041	23.5804
13.5053	23.6239
13.5054	23.6674
13.5062	23.7108
13.5068	23.7543
13.5075	23.7978
13.5089	23.8413
13.5111	23.8848
13.5118	23.9282
13.5126	23.9717
13.5136	24.0152
13.5143	24.0569
13.5149	24.0985
13.5157	24.1402
13.5163	24.1819
13.517	24.2235
13.5177	24.2652
13.5188	24.3069
13.5202	24.3485
13.521	24.3902
13.5215	24.4319
13.5224	24.4735
13.5232	24.5152
13.5255	24.5569
13.5261	24.5985
13.5269	24.6402
13.5275	24.6819
13.5282	24.7235
13.5291	24.7652
13.5297	24.8069
13.5327	24.8485
13.5334	24.8902
13.5341	24.9319
13.5348	24.9735
13.5355	25.0152
13.5365	25.0552
13.5374	25.0952
13.5379	25.1352
13.5388	25.1752
13.5392	25.2152
13.5407	25.2552
13.5414	25.2952
13.5421	25.3352
13.5439	25.3752
13.5449	25.4152
13.5456	25.4552
13.5464	25.4952
13.547	25.5352
13.5477	25.5752
13.5484	25.6152
13.5491	25.6552
13.5498	25.6952
13.5505	25.7352
13.5512	25.7752
13.5518	25.8152
13.5526	25.8552
13.5532	25.8952
13.5539	25.9352
13.5546	25.9752
13.557	26.0152
13.5581	26.0536
13.5585	26.0921
13.5592	26.1306
13.5599	26.169
13.5606	26.2075
13.5613	26.246
13.5627	26.2844
13.5632	26.3229
13.5662	26.3613
13.5669	26.3998
13.5681	26.4383
13.5709	26.4767
13.5716	26.5152
13.5722	26.5536
13.573	26.5921
13.5737	26.6306
13.5748	26.669
13.5752	26.7075
13.5765	26.746
13.5778	26.7844
13.5788	26.8229
13.5797	26.8613
13.5804	26.8998
13.5815	26.9383
13.5819	26.9767
13.5825	27.0152
13.584	27.0522
13.5847	27.0893
13.5854	27.1263
13.5861	27.1633
13.5868	27.2004
13.5875	27.2374
13.5885	27.2744
13.5889	27.3115
13.5895	27.3485
13.5902	27.3856
13.5909	27.4226
13.5916	27.4596
13.5923	27.4967
13.593	27.5337
13.5941	27.5707
13.5945	27.6078
13.5957	27.6448
13.5964	27.6819
13.5979	27.7189
13.5979	27.7559
13.5986	27.793
13.5994	27.83
13.6009	27.867
13.6013	27.9041
13.6025	27.9411
13.603	27.9781
13.6039	28.0152
13.6046	28.0509
13.6058	28.0866
13.6072	28.1223
13.6078	28.158
13.6086	28.1938
13.609	28.2295
13.6098	28.2652
13.6103	28.3009
13.611	28.3366
13.6118	28.3723
13.6126	28.408
13.6132	28.4438
13.6138	28.4795
13.6147	28.5152
13.6153	28.5509
13.6159	28.5866
13.6166	28.6223
13.6173	28.658
13.618	28.6938
13.6187	28.7295
13.6193	28.7652
13.6201	28.8009
13.6216	28.8366
13.6223	28.8723
13.6237	28.908
13.6244	28.9438
13.6251	28.9795
13.6257	29.0152
13.6269	29.0497
13.6274	29.0842
13.6278	29.1186
13.6286	29.1531
13.6293	29.1876
13.63	29.2221
13.6307	29.2566
13.6313	29.291
13.6322	29.3255
13.633	29.36
13.6333	29.3945
13.6342	29.429
13.6347	29.4635
13.6356	29.4979
13.6361	29.5324
13.6368	29.5669
13.6375	29.6014
13.6383	29.6359
13.6393	29.6704
13.6398	29.7048
13.6403	29.7393
13.641	29.7738
13.6417	29.8083
13.6424	29.8428
13.6431	29.8773
13.6438	29.9117
13.6444	29.9462
13.6451	29.9807
13.6458	30.0152
13.6467	30.0485
13.6472	30.0819
13.649	30.1152
13.6495	30.1485
13.6505	30.1819
13.651	30.2152
13.6517	30.2485
13.6524	30.2819
13.653	30.3152
13.6537	30.3485
13.6544	30.3819
13.6551	30.4152
13.6557	30.4485
13.6568	30.4819
13.6579	30.5152
13.6587	30.5485
13.66	30.5819
13.6608	30.6152
13.6615	30.6485
13.6622	30.6819
13.6628	30.7152
13.6635	30.7485
13.6648	30.7819
13.6656	30.8152
13.6664	30.8485
13.667	30.8819
13.6677	30.9152
13.6683	30.9485
13.669	30.9819
13.6697	31.0152
13.6703	31.0474
13.6711	31.0797
13.6718	31.112
13.6724	31.1442
13.6731	31.1765
13.6738	31.2087
13.6745	31.241
13.6751	31.2733
13.6758	31.3055
13.6775	31.3378
13.6781	31.37
13.6788	31.4023
13.6795	31.4345
13.6802	31.4668
13.6809	31.4991
13.6815	31.5313
13.6822	31.5636
13.6829	31.5958
13.6836	31.6281
13.6843	31.6603
13.685	31.6926
13.6856	31.7249
13.6866	31.7571
13.687	31.7894
13.6879	31.8216
13.6886	31.8539
13.6899	31.8862
13.692	31.9184
13.6933	31.9507
13.694	31.9829
13.6946	32.0152
13.6978	32.0464
13.6985	32.0777
13.7014	32.1089
13.7028	32.1402
13.7029	32.1714
13.7035	32.2027
13.7053	32.2339
13.7059	32.2652
13.7065	32.2964
13.7072	32.3277
13.7079	32.3589
13.7085	32.3902
13.7092	32.4214
13.7099	32.4527
13.7114	32.4839
13.7121	32.5152
13.7126	32.5464
13.7133	32.5777
13.714	32.6089
13.7147	32.6402
13.7164	32.6714
13.718	32.7027
13.7186	32.7339
13.7193	32.7652
13.7199	32.7964
13.7206	32.8277
13.7213	32.8589
13.7229	32.8902
13.7237	32.9214
13.7243	32.9527
13.725	32.9839
13.7264	33.0152
13.7269	33.0455
13.7275	33.0758
13.7285	33.1061
13.7292	33.1364
13.7299	33.1667
13.7306	33.197
13.7312	33.2273
13.7319	33.2576
13.7326	33.2879
13.7333	33.3182
13.7342	33.3485
13.7349	33.3788
13.7355	33.4091
13.7361	33.4394
13.7368	33.4697
13.7375	33.5
13.7382	33.5303
13.7388	33.5606
13.7396	33.5909
13.7402	33.6212
13.7409	33.6516
13.7415	33.6819
13.7424	33.7122
13.7429	33.7425
13.7436	33.7728
13.7443	33.8031
13.745	33.8334
13.7459	33.8637
13.7464	33.894
13.7471	33.9243
13.7478	33.9546
13.7485	33.9849
13.7492	34.0152
13.7499	34.0446
13.7505	34.074
13.7512	34.1034
13.7521	34.1328
13.7527	34.1622
13.7533	34.1917
13.7539	34.2211
13.7546	34.2505
13.7553	34.2799
13.756	34.3093
13.7568	34.3387
13.7574	34.3681
13.7581	34.3975
13.7588	34.427
13.7595	34.4564
13.7601	34.4858
13.7608	34.5152
13.7616	34.5446
13.7622	34.574
13.7629	34.6034
13.7636	34.6328
13.7643	34.6622
13.765	34.6917
13.7656	34.7211
13.7664	34.7505
13.767	34.7799
13.7677	34.8093
13.7684	34.8387
13.7692	34.8681
13.7697	34.8975
13.7704	34.927
13.7711	34.9564
13.7718	34.9858
13.7725	35.0152
13.7732	35.0438
13.7739	35.0723
13.7746	35.1009
13.7752	35.1295
13.776	35.158
13.7766	35.1866
13.7773	35.2152
13.778	35.2438
13.7786	35.2723
13.7793	35.3009
13.78	35.3295
13.7807	35.358
13.7814	35.3866
13.7821	35.4152
13.7828	35.4438
13.7835	35.4723
13.7844	35.5009
13.7851	35.5295
13.7859	35.558
13.7867	35.5866
13.7872	35.6152
13.788	35.6438
13.7885	35.6723
13.7893	35.7009
13.7899	35.7295
13.7907	35.758
13.7913	35.7866
13.792	35.8152
13.7927	35.8438
13.7934	35.8723
13.7941	35.9009
13.7948	35.9295
13.7955	35.958
13.7962	35.9866
13.7968	36.0152
13.7975	36.043
13.7982	36.0707
13.7988	36.0985
13.7995	36.1263
13.8002	36.1541
13.8009	36.1819
13.8016	36.2096
13.8022	36.2374
13.8029	36.2652
13.8036	36.293
13.8043	36.3207
13.805	36.3485
13.8057	36.3763
13.8064	36.4041
13.8071	36.4319
13.8078	36.4596
13.8085	36.4874
13.8091	36.5152
13.8098	36.543
13.8105	36.5707
13.8113	36.5985
13.8119	36.6263
13.8126	36.6541
13.8133	36.6819
13.8141	36.7096
13.8185	36.7374
13.8192	36.7652
13.82	36.793
13.8206	36.8207
13.8215	36.8485
13.8221	36.8763
13.8229	36.9041
13.8235	36.9319
13.8242	36.9596
13.8254	36.9874
13.8261	37.0152
13.8267	37.0422
13.8275	37.0692
13.8282	37.0963
13.8289	37.1233
13.8296	37.1503
13.8302	37.1773
13.8309	37.2044
13.8316	37.2314
13.8323	37.2584
13.833	37.2855
13.8336	37.3125
13.8347	37.3395
13.8353	37.3665
13.836	37.3936
13.8367	37.4206
13.8374	37.4476
13.838	37.4746
13.8384	37.5017
