time	cwndsize
0.306297	11
0.307362	12
0.308231	13
0.309597	14
0.311424	15
0.311867	16
0.313502	17
0.318007	18
0.323538	19
0.325562	20
0.353981	21
0.354282	22
0.357513	23
0.358371	24
0.359072	25
0.359763	26
0.361982	27
0.362535	28
0.36515	29
0.365793	30
0.367324	31
0.368071	32
0.370335	33
0.37087	34
0.379163	35
0.380284	36
0.382995	37
0.38336	38
0.384204	39
0.384771	40
0.443539	41
0.444198	42
0.445693	43
0.447153	44
0.457277	45
0.457903	46
0.459588	47
0.46021	48
0.463033	49
0.463423	50
0.465382	51
0.465508	52
0.471997	53
0.47236	54
0.473484	55
0.474372	56
0.485033	57
0.485506	58
0.487072	59
0.487561	60
0.491094	61
0.491676	62
0.492366	63
0.493017	64
0.496515	65
0.497208	66
0.497883	67
0.498553	68
0.503661	69
0.503797	70
0.504114	71
0.504316	72
0.505572	73
0.506052	74
0.50653	75
0.507157	76
0.507847	77
0.508644	78
0.50945	79
0.509938	80
0.621645	81
0.622162	82
0.622899	83
0.623579	84
0.624285	85
0.625166	86
0.625777	87
0.626446	88
0.638026	89
0.638773	90
0.639445	91
0.640228	92
0.640856	93
0.641493	94
0.642477	95
0.643059	96
0.643488	97
0.644301	98
0.644884	99
0.645687	100
0.646333	101
0.647171	102
0.647623	103
0.648403	104
0.65467	105
0.655215	106
0.655946	107
0.656581	108
0.657275	109
0.657948	110
0.65876	111
0.659389	112
0.665776	113
0.666222	114
0.67263	115
0.673164	116
0.673839	117
0.674456	118
0.67514	119
0.675786	120
0.677213	121
0.677897	122
0.688368	123
0.688573	124
0.688906	125
0.689845	126
0.69042	127
0.691124	128
0.691883	129
0.692906	130
0.693724	131
0.693911	132
0.694566	133
0.69551	134
0.696043	135
0.696567	136
0.697279	137
0.698209	138
0.698791	139
0.699456	140
0.700223	141
0.700708	142
0.701613	143
0.702152	144
0.703027	145
0.703578	146
0.739296	147
0.740016	148
0.740627	149
0.741292	150
0.741983	151
0.74263	152
0.743993	153
0.74472	154
0.745466	155
0.746107	156
0.746866	157
0.747475	158
0.748174	159
0.748832	160
0.749629	161
0.750294	162
0.767482	163
0.768137	164
0.768781	165
0.769422	166
0.770141	167
0.770864	168
0.771519	169
0.772341	170
0.772888	171
0.773535	172
0.774264	173
0.775008	174
0.775601	175
0.776361	176
0.777002	177
0.777701	178
0.778384	179
0.779021	180
0.779761	181
0.780516	182
0.781153	183
0.781823	184
0.782491	185
0.783445	186
0.783882	187
0.784572	188
0.785198	189
0.785979	190
0.786676	191
0.787389	192
0.787996	193
0.788883	194
0.792183	195
0.792915	196
0.793649	197
0.794232	198
0.796443	199
0.797022	200
0.797663	201
0.798351	202
0.799075	203
0.800587	204
0.804987	205
0.806076	206
0.80726	207
0.808046	208
0.810103	209
0.811431	210
0.812139	211
0.813458	212
0.814205	213
0.815531	214
0.817008	215
0.818258	216
0.819896	217
0.821029	218
0.822436	219
0.823802	220
0.825837	221
0.826534	222
0.827884	223
0.82929	224
0.978472	225
0.980225	112.5
0.986436	112.509
0.988731	112.518
0.991565	112.527
0.994345	112.536
0.997062	112.545
0.999862	112.554
1.00395	112.562
1.00709	112.571
1.00809	112.58
1.01133	112.589
1.01312	112.598
1.01571	112.607
1.02063	112.616
1.02328	112.625
1.0261	112.634
1.02871	112.643
1.03143	112.652
1.03419	112.661
1.03693	112.67
1.03929	112.679
1.04174	112.687
1.04388	112.696
1.04528	112.705
1.04682	112.714
1.04799	112.723
1.04937	112.732
1.055	112.741
1.05673	112.75
1.05781	112.759
1.05946	112.768
1.06328	112.777
1.06576	112.786
1.07026	112.795
1.07224	112.804
1.07446	112.812
1.07569	112.821
1.07708	112.83
1.07841	112.839
1.07978	112.848
1.08117	112.857
1.08254	112.866
1.09426	112.875
1.09493	112.884
1.09563	112.893
1.09632	112.902
1.09976	112.911
1.1011	112.92
1.10258	112.929
1.10458	112.937
1.10729	112.946
1.10891	112.955
1.10946	112.964
1.11005	112.973
1.1115	112.982
1.11278	112.991
1.11493	113
1.11765	113.009
1.11974	113.018
1.12243	113.027
1.12878	113.035
1.13074	113.044
1.13285	113.053
1.1356	113.062
1.13836	113.071
1.14128	113.08
1.14392	113.089
1.14668	113.097
1.14946	113.106
1.15203	113.115
1.15482	113.124
1.15758	113.133
1.16024	113.142
1.16302	113.151
1.16585	113.159
1.16988	113.168
1.17279	113.177
1.18021	113.186
1.18294	113.195
1.18576	113.204
1.1871	113.212
1.19119	113.221
1.19416	113.23
1.19688	113.239
1.19967	113.248
1.20245	113.257
1.2049	113.266
1.2078	113.274
1.21046	113.283
1.21311	113.292
1.21586	113.301
1.21876	113.31
1.2215	113.319
1.22433	113.328
1.22694	113.336
1.22828	113.345
1.23239	113.354
1.23515	113.363
1.2379	113.372
1.23926	113.381
1.2427	113.389
1.24429	113.398
1.24478	113.407
1.24619	113.416
1.24818	113.425
1.24893	113.434
1.2503	113.443
1.25172	113.451
1.25371	113.46
1.25447	113.469
1.256	113.478
1.25852	113.487
1.26128	113.496
1.26408	113.505
1.2668	113.513
1.26951	113.522
1.27226	113.531
1.27506	113.54
1.27707	113.549
1.27983	113.558
1.28201	113.566
1.28465	113.575
1.28673	113.584
1.28875	113.593
1.29148	113.602
1.29427	113.611
1.29635	113.62
1.29765	113.628
1.30044	113.637
1.30248	113.646
1.30868	113.655
1.31278	113.664
1.31486	113.673
1.31756	113.681
1.32042	113.69
1.32452	113.699
1.32794	113.708
1.32925	113.717
1.33066	113.726
1.332	113.735
1.33563	113.743
1.33685	113.752
1.33951	113.761
1.34105	113.77
1.34374	113.779
1.34719	113.788
1.34855	113.797
1.35272	113.805
1.35545	113.814
1.35683	113.823
1.35818	113.832
1.36165	113.841
1.36232	113.85
1.36855	113.858
1.37056	113.867
1.37602	113.876
1.38152	113.885
1.38426	113.894
1.3856	113.903
1.38905	113.912
1.39193	113.92
1.39592	113.929
1.39729	113.938
1.40212	113.947
1.40355	113.956
1.40647	113.965
1.40896	113.974
1.4138	113.982
1.41676	113.991
1.43028	114
1.43163	114.009
1.59359	114.018
1.59494	114.026
1.59626	114.035
1.59768	114.044
1.60042	114.053
1.6018	114.061
1.6038	114.07
1.6074	114.079
1.61145	114.088
1.61624	114.097
1.62042	114.105
1.62379	114.114
1.62727	114.123
1.63142	114.132
1.63553	114.14
1.63897	114.149
1.64171	114.158
1.64582	114.167
1.64855	114.176
1.65615	114.184
1.66229	114.193
1.66501	114.202
1.66848	114.211
1.6726	114.219
1.67811	114.228
1.68215	114.237
1.685	114.246
1.68698	114.254
1.68973	114.263
1.69133	114.272
1.69187	114.281
1.69249	114.29
1.69316	114.298
1.69388	114.307
1.69538	114.316
1.69593	114.325
1.69664	57.1623
1.69729	57.1799
1.69799	57.1974
1.69935	57.215
1.70003	57.2325
1.70074	57.25
1.7014	57.2676
1.70278	57.2851
1.70419	57.3027
1.70559	57.3202
1.70623	57.3378
1.70758	57.3553
1.7083	57.3728
1.70973	57.3904
1.71036	57.4079
1.71185	57.4255
1.71244	57.443
1.71449	57.4606
1.71586	57.4781
1.71736	57.4957
1.71869	57.5132
1.72065	57.5307
1.72574	57.5483
1.72615	57.5658
1.72681	57.5834
1.84554	57.6009
1.84661	57.6185
1.84833	57.636
1.84897	57.6535
1.84973	57.6711
1.85176	57.6886
1.85513	57.7062
1.85719	57.7237
1.85993	57.7413
1.8614	57.7588
1.86826	57.7764
1.87305	57.7939
1.87447	57.8114
1.88555	57.829
1.88905	57.8465
1.89707	57.8641
1.90256	57.8816
1.90955	57.8992
1.91081	57.9167
1.91219	57.9343
1.91493	57.9518
1.92247	57.9693
1.93145	57.9869
1.93622	58.0044
1.93896	58.0217
1.941	58.0389
1.94171	58.0561
1.94444	58.0734
1.94629	58.0906
1.94729	58.1079
1.94861	58.1251
1.9506	58.1424
1.95133	58.1596
2.06337	58.1768
2.06403	58.1941
2.06467	58.2113
2.06556	58.2286
2.06621	58.2458
2.08601	58.263
2.08892	58.2803
2.08943	58.2975
2.0915	58.3148
2.09223	58.332
2.09363	58.3493
2.09564	58.3665
2.09708	58.3837
2.09762	58.401
2.0997	58.4182
2.10104	58.4355
2.10187	58.4527
2.10311	58.4699
2.1039	58.4872
2.10524	58.5044
2.1059	58.5217
2.10664	58.5389
2.11004	58.5561
2.11217	58.5734
2.11353	58.5906
2.11563	58.6079
2.11702	58.6251
2.1183	58.6424
2.11906	29.3212
2.11994	29.3557
2.12268	29.3901
2.12316	29.4246
2.12479	29.4591
2.12667	29.4936
2.12736	29.5281
2.12868	29.5626
2.13078	29.597
2.1412	29.6315
2.14418	29.666
2.14675	29.7005
2.14877	29.735
2.15086	29.7695
2.15224	29.8039
2.15354	29.8384
2.15571	29.8729
2.15858	29.9074
2.16058	29.9419
2.17283	29.9764
2.17312	30.0108
2.1737	30.0442
2.1744	30.0775
2.17501	30.1108
2.17566	30.1442
2.17655	30.1775
2.17796	30.2108
2.18898	30.2442
2.18902	30.2775
2.18909	30.3108
2.18978	30.3442
2.19043	30.3775
2.19134	30.4108
2.19538	30.4442
2.19675	30.4775
2.19897	30.5108
2.20371	30.5442
2.2044	30.5775
2.20692	30.6108
2.20787	30.6442
2.2099	30.6775
2.21126	30.7108
2.21546	30.7442
2.21675	30.7775
2.22032	30.8108
2.22236	30.8442
2.22476	30.8775
2.22596	30.9108
2.22712	30.9442
2.22859	30.9775
2.22923	31.0108
2.22994	31.0431
2.23129	31.0753
2.23346	31.1076
2.23613	31.1399
2.23686	31.1721
2.25591	15.5861
2.27412	15.6527
2.27429	15.7194
2.27433	15.7861
2.27466	15.8527
2.27533	15.9194
2.27608	15.9861
2.27674	16.0527
2.27758	16.1152
2.27821	16.1777
2.28337	16.2402
2.284	16.3027
2.28524	16.3652
2.28615	16.4277
2.28687	16.4902
2.28777	16.5527
2.28943	16.6152
2.29005	16.6777
2.29914	16.7402
2.30112	16.8027
2.30248	16.8652
2.30388	16.9277
2.30606	16.9902
2.30736	17.0527
2.31057	17.1116
2.31211	17.1704
2.31353	17.2292
2.31591	17.288
2.32017	17.3468
2.32126	17.4057
2.32261	17.4645
2.41064	17.5233
2.41617	17.5821
2.42238	17.641
2.43256	17.6998
2.4352	17.7586
2.43958	17.8174
2.44083	17.8763
2.44194	17.9351
2.44259	17.9939
2.44303	18.0527
2.44582	18.1083
2.45011	18.1638
2.45193	18.2194
2.45278	18.275
2.45371	18.3305
2.45476	18.3861
2.45618	18.4416
2.49	18.4972
2.49367	18.5527
2.49911	18.6083
2.50104	18.6638
2.50236	18.7194
2.50673	18.775
2.50889	18.8305
2.51027	18.8861
2.51316	18.9416
2.5143	18.9972
2.51573	19.0527
2.51837	19.1054
2.52321	19.158
2.52534	19.2106
2.52803	19.2633
2.52942	19.3159
2.53076	19.3685
2.533	19.4211
2.55024	19.4738
2.55143	19.5264
2.5522	19.579
2.55487	19.6317
2.55551	19.6843
2.55645	19.7369
2.55759	19.7896
2.55827	19.8422
2.56032	19.8948
2.56246	19.9475
2.56718	20.0001
2.56929	20.0501
2.57295	20.1001
2.57757	20.1501
2.57894	20.2001
2.581	20.2501
2.58241	20.3001
2.58378	20.3501
2.58443	20.4001
2.59205	20.4501
2.59353	20.5001
2.59544	20.5501
2.60048	20.6001
2.60236	20.6501
2.60442	20.7001
2.60578	20.7501
2.60918	20.8001
2.61063	20.8501
2.61366	20.9001
2.61482	20.9501
2.61611	21.0001
2.6197	21.0477
2.62516	21.0953
2.63065	21.143
2.64169	21.1906
2.64579	21.2382
2.6479	21.2858
2.6507	21.3334
2.6534	21.381
2.65888	21.4287
2.65953	21.4763
2.66021	21.5239
2.66645	21.5715
2.66853	21.6191
2.66989	21.6668
2.67059	21.7144
2.67477	21.762
2.67551	21.8096
2.6762	21.8572
2.67847	21.9049
2.67964	21.9525
2.681	22.0001
2.68483	22.0456
2.69093	22.091
2.69278	22.1365
2.69628	22.1819
2.70269	22.2274
2.70385	22.2728
2.70659	22.3183
2.71145	22.3637
2.7128	22.4092
2.71557	22.4546
2.71626	22.5001
2.72248	22.5456
2.72384	22.591
2.72596	22.6365
2.7266	22.6819
2.72803	22.7274
2.72942	22.7728
2.7334	22.8183
2.73915	22.8637
2.74145	22.9092
2.7434	22.9546
2.7454	23.0001
2.74602	23.0436
2.75638	23.0871
2.75846	23.1305
2.75986	23.174
2.76622	23.2175
2.76812	23.261
2.77054	23.3044
2.77433	23.3479
2.77504	23.3914
2.77898	23.4349
2.78336	23.4784
2.79118	23.5218
2.79224	23.5653
2.79339	23.6088
2.79484	23.6523
2.79548	23.6957
2.79651	23.7392
2.79713	23.7827
2.79825	23.8262
2.79964	23.8697
2.80101	23.9131
2.80242	23.9566
2.80324	24.0001
2.80385	24.0418
2.81834	24.0834
2.81899	24.1251
2.81977	24.1668
2.82064	24.2084
2.8215	24.2501
2.82425	24.2918
2.83043	24.3334
2.83191	24.3751
2.84329	24.4168
2.84535	24.4584
2.85762	24.5001
2.86037	24.5418
2.86176	24.5834
2.86471	24.6251
2.86655	24.6668
2.86791	24.7084
2.87067	24.7501
2.8735	24.7918
2.87412	24.8334
2.8749	24.8751
2.87553	24.9168
2.87633	24.9584
2.8769	25.0001
2.87761	25.0401
2.88045	25.0801
2.8812	25.1201
2.88178	25.1601
2.88268	25.2001
2.88319	25.2401
2.88526	25.2801
2.88893	25.3201
2.88956	25.3601
2.89766	25.4001
2.89902	25.4401
2.91471	25.4801
2.91551	25.5201
2.91617	25.5601
2.91875	25.6001
2.91988	25.6401
2.9221	25.6801
2.92465	25.7201
2.92581	25.7601
2.92661	25.8001
2.92921	25.8401
2.93214	25.8801
2.93285	25.9201
2.93417	25.9601
2.93584	26.0001
2.93693	26.0386
2.93812	26.077
2.93966	26.1155
2.94115	26.1539
2.94187	26.1924
2.94482	26.2309
2.94525	26.2693
2.94575	26.3078
2.94792	26.3463
2.95092	26.3847
2.95301	26.4232
2.9623	26.4616
2.96534	26.5001
2.96929	26.5386
2.97069	26.577
2.9728	26.6155
2.97357	26.6539
2.97448	26.6924
2.97478	26.7309
2.97688	26.7693
2.9843	26.8078
2.98547	26.8463
2.98742	26.8847
2.99104	26.9232
2.99673	26.9616
2.99765	27.0001
3.00248	27.0371
3.0048	27.0742
3.00532	27.1112
3.00605	27.1482
3.00676	27.1853
3.00808	27.2223
3.00946	27.2594
3.01105	27.2964
3.0115	27.3334
3.01427	27.3705
3.01569	27.4075
3.01911	27.4445
3.02049	27.4816
3.02186	27.5186
3.02531	27.5557
3.02739	27.5927
3.02895	27.6297
3.03013	27.6668
3.03145	27.7038
3.03284	27.7408
3.03719	27.7779
3.0374	27.8149
3.03829	27.8519
3.0388	27.889
3.03926	27.926
3.04062	27.9631
3.04211	28.0001
3.05431	28.0358
3.05639	28.0715
3.05775	28.1072
3.0612	28.143
3.0626	28.1787
3.06665	28.2144
3.06875	28.2501
3.07084	28.2858
3.07289	28.3215
3.07533	28.3572
3.07649	28.393
3.07675	28.4287
3.07712	28.4644
3.0785	28.5001
3.07927	28.5358
3.07985	28.5715
3.08061	28.6072
3.08148	28.643
3.0822	28.6787
3.08339	28.7144
3.08545	28.7501
3.0868	28.7858
3.08889	28.8215
3.09027	28.8572
3.09227	28.893
3.09577	28.9287
3.1026	28.9644
3.10607	29.0001
3.10915	29.0346
3.11052	29.0691
3.11226	29.1035
3.11436	29.138
3.11507	29.1725
3.11653	29.207
3.11712	29.2415
3.11715	29.276
3.11816	29.3104
3.11973	29.3449
3.12031	29.3794
3.12036	29.4139
3.12066	29.4484
3.12139	29.4829
3.12207	29.5173
3.1241	29.5518
3.1255	29.5863
3.12639	29.6208
3.12695	29.6553
3.1283	29.6898
3.12973	29.7242
3.13121	29.7587
3.13239	29.7932
3.13312	29.8277
3.13584	29.8622
3.13788	29.8966
3.14341	29.9311
3.14824	29.9656
3.1496	30.0001
3.15233	30.0334
3.15543	30.0668
3.15652	30.1001
3.15719	30.1334
3.15795	30.1668
3.16249	30.2001
3.16277	30.2334
3.163	30.2668
3.16315	30.3001
3.16571	30.3334
3.16777	30.3668
3.16844	30.4001
3.16987	30.4334
3.17191	30.4668
3.17739	30.5001
3.17888	30.5334
3.18156	30.5668
3.18499	30.6001
3.18907	30.6334
3.19186	30.6668
3.19389	30.7001
3.19602	30.7334
3.19664	30.7668
3.19738	30.8001
3.19847	30.8334
3.19945	30.8668
3.20119	30.9001
3.20152	30.9334
3.20298	30.9668
3.20363	31.0001
3.20472	31.0324
3.20627	31.0646
3.20683	31.0969
3.20703	31.1291
3.2075	31.1614
3.21141	31.1936
3.21359	31.2259
3.21501	31.2582
3.21639	31.2904
3.2178	31.3227
3.22052	31.3549
3.22185	31.3872
3.22262	31.4195
3.22353	31.4517
3.22482	31.484
3.2253	31.5162
3.22737	31.5485
3.23035	31.5807
3.23287	31.613
3.2379	31.6453
3.24042	31.6775
3.2432	31.7098
3.24612	31.742
3.2474	31.7743
3.2481	31.8065
3.24883	31.8388
3.25033	31.8711
3.25162	31.9033
3.25295	31.9356
3.25425	31.9678
3.2546	32.0001
3.25538	32.0313
3.25971	32.0626
3.26231	32.0938
3.26368	32.1251
3.26618	32.1563
3.27106	32.1876
3.27266	32.2188
3.2841	32.2501
3.28824	32.2813
3.2903	32.3126
3.29111	32.3438
3.29177	32.3751
3.29258	32.4063
3.2932	32.4376
3.29381	32.4688
3.29451	32.5001
3.29516	32.5313
3.29725	32.5626
3.29839	32.5938
3.29879	32.6251
3.29905	32.6563
3.29942	32.6876
3.30104	32.7188
3.30292	32.7501
3.30373	32.7813
3.30737	32.8126
3.30991	32.8438
3.31206	32.8751
3.31478	32.9063
3.3168	32.9376
3.31948	32.9688
3.32087	33.0001
3.32222	33.0304
3.3302	33.0607
3.33087	16.5304
3.33133	16.5929
3.33274	16.6554
3.33702	16.7179
3.33917	16.7804
3.34224	16.8429
3.34366	16.9054
3.34508	16.9679
3.3496	17.0304
3.35309	17.0892
3.35511	17.148
3.35719	17.2068
3.35925	17.2656
3.36198	17.3245
3.36477	17.3833
3.36681	17.4421
3.36829	17.5009
3.36978	17.5598
3.37123	17.6186
3.37227	17.6774
3.374	17.7362
3.37436	17.7951
3.37579	17.8539
3.37649	17.9127
3.37784	17.9715
3.37864	18.0304
3.37945	18.0859
3.38153	18.1415
3.38209	18.197
3.38279	18.2526
3.38353	18.3081
3.38421	18.3637
3.39346	18.4192
3.40592	18.4748
3.40729	18.5304
3.40872	18.5859
3.41073	18.6415
3.4122	18.697
3.41353	18.7526
3.41558	18.8081
3.41714	18.8637
3.41835	18.9192
3.41914	18.9748
3.42128	19.0304
3.42228	19.083
3.42331	19.1356
3.42388	19.1882
3.42528	19.2409
3.42662	19.2935
3.428	19.3461
3.43076	19.3988
3.45283	19.4514
3.45431	19.504
3.45491	19.5567
3.45633	19.6093
3.45708	19.6619
3.45773	19.7146
3.45839	19.7672
3.45912	19.8198
3.46046	19.8725
3.4618	19.9251
3.46317	19.9777
3.46453	20.0304
3.4653	20.0804
3.46942	20.1304
3.47078	20.1804
3.47222	20.2304
3.47304	20.2804
3.47364	20.3304
3.47426	20.3804
3.48131	20.4304
3.48406	20.4804
3.4854	20.5304
3.48601	20.5804
3.48701	20.6304
3.48914	20.6804
3.49052	20.7304
3.49184	20.7804
3.49317	20.8304
3.49445	20.8804
3.4967	20.9304
3.49924	20.9804
3.50061	21.0304
3.50132	21.078
3.50338	21.1256
3.50408	21.1732
3.50618	21.2208
3.50822	21.2684
3.50981	21.3161
3.5105	21.3637
3.52057	21.4113
3.52558	21.4589
3.52702	21.5065
3.53548	21.5542
3.53734	21.6018
3.5394	21.6494
3.54006	21.697
3.54152	21.7446
3.5429	21.7923
3.5442	21.8399
3.5456	21.8875
3.54701	21.9351
3.54901	21.9827
3.5497	22.0304
3.55115	22.0758
3.55185	22.1213
3.55249	22.1667
3.55401	22.2122
3.55456	22.2576
3.556	22.3031
3.55664	22.3485
3.55953	22.394
3.56847	22.4394
3.57176	22.4849
3.57453	22.5304
3.57479	22.5758
3.57533	22.6213
3.57643	22.6667
3.5774	22.7122
3.5785	22.7576
3.57897	22.8031
3.58038	22.8485
3.58107	22.894
3.58243	22.9394
3.58379	22.9849
3.58518	23.0304
3.58678	23.0738
3.593	23.1173
3.5942	23.1608
3.60246	23.2043
3.60311	23.2477
3.60456	23.2912
3.6072	23.3347
3.60931	23.3782
3.61759	23.4217
3.62151	23.4651
3.6232	23.5086
3.62374	23.5521
3.62505	23.5956
3.62538	23.639
3.62602	23.6825
3.62666	23.726
3.62733	23.7695
3.62872	23.813
3.6301	23.8564
3.6322	23.8999
3.63374	23.9434
3.63419	23.9869
3.63489	24.0304
3.63559	24.072
3.63862	24.1137
3.64065	24.1554
3.65038	24.197
3.65322	24.2387
3.65526	24.2804
3.65802	24.322
3.65935	24.3637
3.66378	24.4054
3.66751	24.447
3.67038	24.4887
3.67403	24.5304
3.67831	24.572
3.6791	24.6137
3.67996	24.6554
3.68011	24.697
3.68081	24.7387
3.68146	24.7804
3.68256	24.822
3.68346	12.411
3.68601	12.4943
3.68616	12.5777
3.68646	12.661
3.6877	12.7443
3.68853	12.8277
3.69358	12.911
3.69619	12.9943
3.71615	13.0777
3.71874	13.1546
3.7201	13.2315
3.72229	13.3084
3.72351	13.3854
3.72678	13.4623
3.72988	13.5392
3.7332	13.6161
3.73526	13.6931
3.736	13.77
3.73732	13.8469
3.73804	13.9238
3.73879	14.0008
3.73941	14.0722
3.74012	14.1436
3.74078	14.215
3.76377	14.2865
3.76857	14.3579
3.77131	14.4293
3.77218	14.5008
3.77339	14.5722
3.77405	14.6436
3.77626	14.715
3.77883	14.7865
3.7809	14.8579
3.78368	14.9293
3.78528	15.0008
3.78859	15.0674
3.79023	15.1341
3.79138	15.2008
3.81675	15.2674
3.81852	15.3341
3.82	15.4008
3.82137	15.4674
3.82213	15.5341
3.82344	15.6008
3.8241	15.6674
3.82626	15.7341
3.82688	15.8008
3.82785	15.8674
3.82966	15.9341
3.83056	16.0008
3.83586	16.0633
3.84207	16.1258
3.84345	16.1883
3.87058	16.2508
3.87199	16.3133
3.87408	16.3758
3.87679	16.4383
3.88359	16.5008
3.88468	16.5633
3.8871	16.6258
3.89037	16.6883
3.89731	16.7508
3.89998	16.8133
3.90214	16.8758
3.90491	16.9383
3.90691	17.0008
3.91038	17.0596
3.91302	17.1184
3.91444	17.1772
3.92407	17.236
3.92449	17.2949
3.92643	17.3537
3.92863	17.4125
3.93943	17.4713
3.94704	17.5302
3.94907	17.589
3.95184	17.6478
3.95529	17.7066
3.95807	17.7655
3.95948	17.8243
3.95962	17.8831
3.9617	17.9419
3.96356	18.0008
3.96444	18.0563
3.96496	18.1119
3.96569	18.1674
3.97808	18.223
3.97946	9.11149
3.99259	9.2226
3.9974	9.33371
4.00085	9.44482
4.00324	9.55593
4.00388	9.66704
4.00982	9.77815
4.01177	9.88927
4.01928	10.0004
4.02288	10.1004
4.02694	10.2004
4.02902	10.3004
4.03038	10.4004
4.03244	10.5004
4.03386	10.6004
4.03655	10.7004
4.03792	10.8004
4.04904	10.9004
4.06522	11.0004
4.0741	11.0913
4.07479	11.1822
4.07545	11.2731
4.07727	11.364
4.0782	11.4549
4.08183	11.5458
4.08452	11.6367
4.08653	11.7276
4.10092	11.8186
4.11056	11.9095
4.11194	12.0004
4.1162	12.0837
4.11662	12.167
4.11747	12.2504
4.11808	12.3337
4.11929	12.417
4.13063	12.5004
4.13135	12.5837
4.13226	12.667
4.14095	12.7504
4.14285	12.8337
4.14328	12.917
4.14438	13.0004
4.15255	13.0773
4.15464	13.1542
4.15693	13.2311
4.1587	13.3081
4.16332	13.385
4.1679	13.4619
4.16943	13.5388
4.17104	13.6158
4.17783	13.6927
4.19645	13.7696
4.19808	13.8465
4.19891	13.9235
4.20067	14.0004
4.2027	14.0718
4.20357	14.1432
4.2045	14.2147
4.20479	14.2861
4.20577	14.3575
4.20888	14.4289
4.20959	14.5004
4.21099	14.5718
4.21247	14.6432
4.22204	14.7147
4.2243	14.7861
4.2255	14.8575
4.22685	14.9289
4.22755	15.0004
4.23383	15.067
4.23476	15.1337
4.2378	15.2004
4.23855	15.267
4.24014	15.3337
4.24268	15.4004
4.24496	15.467
4.24714	15.5337
4.25161	15.6004
4.25655	15.667
4.25827	15.7337
4.25964	15.8004
4.26238	15.867
4.26512	15.9337
4.26731	16.0004
4.2711	16.0629
4.27249	16.1254
4.27528	16.1879
4.27679	16.2504
4.27739	16.3129
4.27863	16.3754
4.28083	16.4379
4.28759	16.5004
4.29256	16.5629
4.30217	16.6254
4.30219	16.6879
4.30303	16.7504
4.30339	16.8129
4.30438	16.8754
4.30571	16.9379
4.3071	17.0004
4.31741	17.0592
4.3195	17.118
4.32196	17.1768
4.32222	17.2357
4.32298	17.2945
4.32361	17.3533
4.32566	17.4121
4.32707	17.471
4.32986	17.5298
4.33799	17.5886
4.33849	17.6474
4.35841	17.7063
4.36141	17.7651
4.36274	17.8239
4.36344	17.8827
4.36501	17.9416
4.36578	18.0004
4.36996	18.0559
4.37079	18.1115
4.37149	18.167
4.37219	18.2226
4.37346	18.2782
4.37694	18.3337
4.3778	18.3893
4.37974	18.4448
4.38114	18.5004
4.40302	18.5559
4.4032	18.6115
4.40414	18.667
4.40532	18.7226
4.40582	18.7782
4.40658	18.8337
4.41251	18.8893
4.41384	18.9448
4.41609	19.0004
4.42281	19.053
4.42507	19.1056
4.42624	19.1583
4.42828	19.2109
4.4311	19.2635
4.43326	19.3162
4.43448	19.3688
4.43518	19.4214
4.43661	19.4741
4.45555	19.5267
4.45618	9.76335
4.45686	9.87446
4.45821	9.98557
4.45981	10.0967
4.46188	10.1967
4.47132	10.2967
4.47334	10.3967
4.47404	10.4967
4.47492	10.5967
4.47799	10.6967
4.47911	10.7967
4.48428	10.8967
4.48791	10.9967
4.4891	11.0967
4.49049	11.1876
4.49319	11.2785
4.49553	11.3694
4.49799	11.4603
4.51322	11.5512
4.52964	11.6421
4.53102	11.733
4.53621	11.824
4.53894	11.9149
4.5403	12.0058
4.54254	12.0891
4.54377	12.1724
4.54672	12.2558
4.54701	12.3391
4.54998	12.4224
4.56215	12.5058
4.58291	12.5891
4.58446	12.6724
4.58512	12.7558
4.58573	12.8391
4.58642	12.9224
4.59044	13.0058
4.59176	13.0827
4.59316	13.1596
4.59478	13.2365
4.59556	13.3135
4.59763	13.3904
4.62134	13.4673
4.62822	13.5442
4.62971	13.6212
4.63171	13.6981
4.63518	13.775
4.63774	13.8519
4.63981	13.9288
4.64194	14.0058
4.64474	14.0772
4.64674	14.1486
4.65141	14.2201
4.65207	14.2915
4.65841	14.3629
4.68081	14.4343
4.68504	14.5058
4.68744	14.5772
4.68829	14.6486
4.69042	14.7201
4.69673	14.7915
4.69719	14.8629
4.69852	14.9343
4.69898	15.0058
4.70065	15.0724
4.70121	15.1391
4.70164	15.2058
4.70219	15.2724
4.70292	15.3391
4.76178	15.4058
4.76242	15.4724
4.76477	15.5391
4.76508	15.6058
4.76635	15.6724
4.7693	15.7391
4.77789	15.8058
4.78185	15.8724
4.78238	15.9391
4.78565	16.0058
4.78742	16.0683
4.78871	16.1308
4.79161	16.1933
4.79338	16.2558
4.79613	16.3183
4.82881	16.3808
4.83084	16.4433
4.83313	16.5058
4.83662	16.5683
4.83749	16.6308
4.83947	16.6933
4.84032	16.7558
4.8415	16.8183
4.84289	16.8808
4.84429	16.9433
4.84569	17.0058
4.84717	17.0646
4.84836	17.1234
4.84958	17.1822
4.85151	17.2411
4.85346	17.2999
4.88908	17.3587
4.89245	17.4175
4.89386	17.4764
4.89429	17.5352
4.89564	17.594
4.89583	17.6528
4.89596	17.7117
4.89675	17.7705
4.89744	17.8293
4.89829	17.8881
4.90143	17.9469
4.90275	18.0058
4.90411	18.0613
4.90578	18.1169
4.9089	18.1724
4.91319	18.228
4.91604	18.2835
4.94016	18.3391
4.94296	18.3947
4.94315	18.4502
4.9434	18.5058
4.94411	18.5613
4.94565	18.6169
4.94849	18.6724
4.94974	18.728
4.95197	18.7835
4.95507	18.8391
4.9622	18.8947
4.96307	18.9502
4.96357	19.0058
4.96428	19.0584
4.9649	19.111
4.96562	19.1637
4.96635	19.2163
4.96699	19.2689
4.98789	19.3216
4.99285	19.3742
4.9944	19.4268
4.99534	19.4795
4.99684	19.5321
4.99888	19.5847
5.00081	19.6373
5.00299	19.69
5.00476	19.7426
5.00712	19.7952
5.00972	19.8479
5.01068	19.9005
5.01118	19.9531
5.01194	20.0058
5.01391	20.0558
5.01631	20.1058
5.0172	20.1558
5.01955	20.2058
5.02081	20.2558
5.04293	20.3058
5.0443	20.3558
5.04567	20.4058
5.04637	20.4558
5.04793	20.5058
5.04926	20.5558
5.05074	20.6058
5.05274	20.6558
5.05414	20.7058
5.05535	20.7558
5.05607	20.8058
5.05678	20.8558
5.05746	20.9058
5.05877	20.9558
5.06107	21.0058
5.06183	21.0534
5.0631	21.101
5.06448	21.1486
5.06663	21.1962
5.06752	21.2439
5.0818	21.2915
5.08661	21.3391
5.09413	21.3867
5.0944	21.4343
5.09522	10.7172
5.09917	10.8172
5.10072	10.9172
5.10261	11.0172
5.10327	11.1081
5.10391	11.199
5.10453	11.2899
5.1056	11.3808
5.10688	11.4717
5.10941	11.5626
5.11014	11.6535
5.11078	11.7444
5.11305	11.8354
5.11416	11.9263
5.11509	12.0172
5.11627	12.1005
5.11724	12.1838
5.12893	12.2672
5.13583	12.3505
5.14138	12.4338
5.14271	12.5172
5.14968	12.6005
5.15068	12.6838
5.15238	12.7672
5.15309	12.8505
5.1538	12.9338
5.15465	13.0172
5.15516	13.0941
5.15693	13.171
5.17882	13.2479
5.19433	13.3249
5.1998	13.4018
5.20049	13.4787
5.2019	13.5556
5.20209	13.6326
5.20279	13.7095
5.20345	13.7864
5.20556	13.8633
5.20619	13.9402
5.20769	14.0172
5.20894	14.0886
5.20972	14.16
5.23215	14.2315
5.23477	14.3029
5.2383	14.3743
5.23974	14.4457
5.26092	14.5172
5.26255	14.5886
5.26379	14.66
5.26498	14.7315
5.26651	14.8029
5.26764	14.8743
5.26936	14.9457
5.2704	15.0172
5.27422	15.0838
5.27456	15.1505
5.28394	15.2172
5.28844	15.2838
5.2928	15.3505
5.29601	15.4172
5.30016	15.4838
5.30291	15.5505
5.30369	15.6172
5.30582	15.6838
5.30777	15.7505
5.3092	15.8172
5.31061	15.8838
5.3113	15.9505
5.31267	16.0172
5.316	16.0797
5.31811	16.1422
5.336	16.2047
5.33675	16.2672
5.33739	16.3297
5.33841	16.3922
5.34947	16.4547
5.35113	16.5172
5.35223	16.5797
5.35345	16.6422
5.35483	16.7047
5.35627	16.7672
5.35917	16.8297
5.36103	16.8922
5.36321	16.9547
5.36515	17.0172
5.37122	17.076
5.37414	17.1348
5.39203	17.1936
5.39306	17.2525
5.39428	17.3113
5.39643	17.3701
5.40107	17.4289
5.40216	17.4878
5.40393	17.5466
5.40785	17.6054
5.40927	17.6642
5.41056	17.7231
5.41184	17.7819
5.41268	17.8407
5.4132	17.8995
5.41387	17.9583
5.41457	18.0172
5.41784	18.0727
5.41805	18.1283
5.43819	18.1838
5.44096	18.2394
5.4416	18.2949
5.44368	18.3505
5.44591	18.4061
5.44679	18.4616
5.44781	18.5172
5.4492	18.5727
5.45018	18.6283
5.45141	18.6838
5.4519	18.7394
5.45259	18.7949
5.45353	18.8505
5.456	18.9061
5.45736	18.9616
5.45875	19.0172
5.45954	19.0698
5.46052	19.1224
5.48143	19.1751
5.48627	19.2277
5.48774	19.2803
5.48957	19.333
5.49744	19.3856
5.49812	19.4382
5.49838	19.4909
5.49953	19.5435
5.49996	19.5961
5.50086	19.6487
5.50885	19.7014
5.51144	19.754
5.51412	19.8066
5.5156	19.8593
5.51699	19.9119
5.51846	19.9645
5.51965	20.0172
5.52112	20.0672
5.52259	20.1172
5.54259	20.1672
5.54366	20.2172
5.54526	20.2672
5.54789	20.3172
5.5534	20.3672
5.5564	20.4172
5.55695	20.4672
5.5604	20.5172
5.56183	20.5672
5.56793	20.6172
5.56954	20.6672
5.57066	20.7172
5.57133	20.7672
5.5775	20.8172
5.58031	20.8672
5.58166	20.9172
5.58244	20.9672
5.58507	21.0172
5.58721	21.0648
5.59128	21.1124
5.5974	21.16
5.59762	21.2076
5.60118	21.2553
5.60397	21.3029
5.61714	21.3505
5.6177	21.3981
5.61932	21.4457
5.61998	21.4934
5.62083	21.541
5.62331	21.5886
5.62418	21.6362
5.62462	21.6838
5.62532	21.7315
5.62613	21.7791
5.62747	21.8267
5.62979	21.8743
5.63126	21.9219
5.63381	21.9696
5.63492	22.0172
5.63931	22.0626
5.64797	22.1081
5.65358	22.1535
5.65369	22.199
5.65479	22.2444
5.65643	22.2899
5.68028	22.3354
5.68065	22.3808
5.68204	22.4263
5.6829	22.4717
5.68363	22.5172
5.68437	22.5626
5.68475	22.6081
5.68552	22.6535
5.68645	22.699
5.68686	22.7444
5.68776	22.7899
5.68843	22.8354
5.68906	22.8808
5.69239	22.9263
5.69372	22.9717
5.69444	23.0172
5.69514	23.0606
5.7028	23.1041
5.70728	23.1476
5.70857	23.1911
5.70993	23.2346
5.71063	23.278
5.7258	23.3215
5.72688	23.365
5.72964	23.4085
5.73041	23.452
5.7324	23.4954
5.73388	23.5389
5.73643	23.5824
5.73896	23.6259
5.73981	23.6693
5.74189	23.7128
5.74258	23.7563
5.74396	23.7998
5.74853	23.8433
5.74997	23.8867
5.75058	23.9302
5.75263	23.9737
5.75465	24.0172
5.75605	24.0588
5.76297	24.1005
5.76935	24.1422
5.76965	24.1838
5.77066	24.2255
5.77128	24.2672
5.77415	24.3088
5.77479	24.3505
5.77573	24.3922
5.77619	24.4338
5.78071	24.4755
5.78265	24.5172
5.78398	24.5588
5.79198	24.6005
5.79667	24.6422
5.79944	24.6838
5.80007	24.7255
5.80089	24.7672
5.80328	24.8088
5.8055	24.8505
5.80621	24.8922
5.80691	24.9338
5.8091	24.9755
5.81314	25.0172
5.81586	25.0572
5.81695	25.0972
5.82085	25.1372
5.8215	25.1772
5.82308	25.2172
5.82358	25.2572
5.83379	25.2972
5.8371	25.3372
5.83944	25.3772
5.84076	25.4172
5.84124	25.4572
5.84466	25.4972
5.84557	25.5372
5.84626	25.5772
5.8509	25.6172
5.85248	25.6572
5.85505	25.6972
5.85725	12.8486
5.86341	12.9319
5.86612	13.0153
5.86824	13.0922
5.86959	13.1691
5.87093	13.246
5.87311	13.3229
5.87402	13.3999
5.87482	13.4768
5.87653	13.5537
5.88019	13.6306
5.88188	13.7076
5.88342	13.7845
5.88629	13.8614
5.89121	13.9383
5.89328	14.0153
5.89415	14.0867
5.89464	14.1581
5.89706	14.2295
5.89887	14.301
5.9004	14.3724
5.90224	14.4438
5.90417	14.5153
5.90526	14.5867
5.90668	14.6581
5.92149	14.7295
5.92301	14.801
5.92918	14.8724
5.92963	14.9438
5.93102	15.0153
5.93446	15.0819
5.93484	15.1486
5.93556	15.2153
5.937	15.2819
5.9381	15.3486
5.93917	15.4153
5.93995	15.4819
5.94246	15.5486
5.94314	15.6153
5.96455	15.6819
5.96623	15.7486
5.97586	15.8153
5.97698	15.8819
5.97976	15.9486
5.98114	16.0153
5.98272	16.0778
5.98324	16.1403
5.98533	16.2028
5.9862	16.2653
5.98743	16.3278
5.98906	16.3903
5.99013	16.4528
5.99221	16.5153
5.9929	16.5778
6.02327	16.6403
6.02879	16.7028
6.03441	16.7653
6.03573	16.8278
6.03801	16.8903
6.03857	16.9528
6.04134	17.0153
6.04262	17.0741
6.04406	17.1329
6.04569	17.1917
6.04802	17.2505
6.05038	17.3094
6.05403	17.3682
6.05641	17.427
6.06363	17.4858
6.06418	17.5447
6.0709	17.6035
6.07704	17.6623
6.08593	17.7211
6.08729	17.78
6.08878	17.8388
6.09142	17.8976
6.09274	17.9564
6.0939	18.0153
6.09455	18.0708
6.09843	18.1264
6.09991	18.1819
6.10245	18.2375
6.10458	18.293
6.10531	18.3486
6.10733	18.4041
6.11401	18.4597
6.1153	18.5153
6.12073	18.5708
6.12215	18.6264
6.12396	18.6819
6.12533	18.7375
6.126	18.793
6.12835	18.8486
6.13189	18.9041
6.13652	18.9597
6.13789	19.0153
6.13816	19.0679
6.14181	19.1205
6.14709	19.1731
6.15396	19.2258
6.15466	19.2784
6.15534	19.331
6.15609	19.3837
6.16314	19.4363
6.16437	19.4889
6.16659	19.5416
6.16711	19.5942
6.16787	19.6468
6.16853	19.6995
6.16942	19.7521
6.17081	19.8047
6.17171	19.8574
6.17318	19.91
6.17525	19.9626
6.17591	20.0153
6.17888	20.0653
6.18168	20.1153
6.18789	20.1653
6.18923	20.2153
6.19197	20.2653
6.19404	20.3153
6.19701	20.3653
6.20875	20.4153
6.20923	20.4653
6.21372	20.5153
6.2141	20.5653
6.21485	20.6153
6.21618	20.6653
6.21765	20.7153
6.21849	20.7653
6.21946	20.8153
6.22178	20.8653
6.22758	20.9153
6.22973	20.9653
6.23168	21.0153
6.23312	21.0629
6.23698	21.1105
6.23906	21.1581
6.24041	21.2057
6.24179	21.2533
6.24597	21.301
6.24798	21.3486
6.25466	21.3962
6.25602	21.4438
6.26066	21.4914
6.26131	21.5391
6.26216	21.5867
6.2628	21.6343
6.26333	21.6819
6.26407	21.7295
6.26623	21.7772
6.26756	21.8248
6.28379	21.8724
6.28422	21.92
6.28565	21.9676
6.28735	22.0153
6.28877	22.0607
6.28946	22.1062
6.29082	22.1516
6.29152	22.1971
6.29219	22.2425
6.29452	22.288
6.29508	22.3334
6.30852	22.3789
6.31123	22.4243
6.31818	22.4698
6.31946	22.5153
6.32092	22.5607
6.32236	22.6062
6.32498	22.6516
6.32646	22.6971
6.32777	22.7425
6.32927	22.788
6.33335	22.8334
6.33537	22.8789
6.33686	22.9243
6.33969	22.9698
6.34104	23.0153
6.34251	23.0587
6.34356	23.1022
6.34691	23.1457
6.3476	23.1892
6.34898	23.2326
6.35187	23.2761
6.35245	23.3196
6.37025	23.3631
6.37161	23.4066
6.37237	23.45
6.37364	23.4935
6.37505	23.537
6.37713	23.5805
6.37846	23.6239
6.3806	23.6674
6.38374	23.7109
6.38432	23.7544
6.38517	23.7979
6.38618	23.8413
6.39109	23.8848
6.39447	23.9283
6.39587	23.9718
6.39656	24.0153
6.39725	24.0569
6.3986	24.0986
6.40081	24.1403
6.40157	24.1819
6.40205	24.2236
6.40342	24.2653
6.40475	24.3069
6.4249	24.3486
6.42545	24.3903
6.42636	24.4319
6.42763	24.4736
6.42823	24.5153
6.43031	24.5569
6.43097	24.5986
6.43308	24.6403
6.4434	24.6819
6.44684	24.7236
6.44829	24.7653
6.44959	24.8069
6.45236	24.8486
6.45374	24.8903
6.45585	24.9319
6.45713	24.9736
6.45851	25.0153
6.45996	25.0553
6.46128	25.0953
6.46336	25.1353
6.46475	25.1753
6.46615	25.2153
6.46887	25.2553
6.47022	25.2953
6.48469	25.3353
6.4851	25.3753
6.48566	25.4153
6.48723	25.4553
6.49129	25.4953
6.49477	25.5353
6.5	25.5753
6.50322	25.6153
6.50526	25.6553
6.5073	25.6953
6.50804	25.7353
6.50884	25.7753
6.51222	25.8153
6.51379	25.8553
6.51428	25.8953
6.51566	25.9353
6.517	25.9753
6.51862	26.0153
6.51909	26.0537
6.52526	26.0922
6.5287	26.1306
6.53571	26.1691
6.53705	26.2076
6.54033	26.246
6.5419	26.2845
6.54598	26.3229
6.54664	26.3614
6.5469	26.3999
6.54797	26.4383
6.55	26.4768
6.55439	26.5153
6.55683	26.5537
6.55766	26.5922
6.55953	26.6306
6.56094	26.6691
6.56228	26.7076
6.56367	26.746
6.56512	26.7845
6.56847	26.8229
6.5714	26.8614
6.57415	26.8999
6.57489	26.9383
6.57757	26.9768
6.57964	27.0153
6.58386	27.0523
6.58889	27.0893
6.59589	27.1264
6.59903	27.1634
6.59966	27.2004
6.60344	27.2375
6.60588	27.2745
6.61181	27.3115
6.61321	27.3486
6.61549	27.3856
6.61734	27.4227
6.6187	27.4597
6.62148	27.4967
6.62351	27.5338
6.62631	27.5708
6.62924	27.6078
6.63175	27.6449
6.63533	27.6819
6.63809	27.719
6.63875	27.756
6.63948	27.793
6.64015	27.8301
6.64087	27.8671
6.64224	27.9041
6.64429	27.9412
6.64943	27.9782
6.65077	28.0153
6.65548	28.051
6.65625	28.0867
6.65778	28.1224
6.65826	28.1581
6.65965	28.1938
6.66513	28.2295
6.67203	28.2653
6.68372	28.301
6.6845	28.3367
6.68531	28.3724
6.68939	28.4081
6.69061	28.4438
6.693	28.4795
6.69398	28.5153
6.69425	28.551
6.69873	28.5867
6.70353	28.6224
6.70864	28.6581
6.71248	28.6938
6.7132	28.7295
6.71457	28.7653
6.71522	28.801
6.71657	28.8367
6.71878	28.8724
6.7235	28.9081
6.72897	28.9438
6.73035	28.9795
6.73654	29.0153
6.73936	29.0497
6.7408	29.0842
6.74143	29.1187
6.74215	29.1532
6.74425	29.1877
6.74505	29.2221
6.74556	29.2566
6.74689	29.2911
6.7479	29.3256
6.74838	29.3601
6.76103	14.68
6.76673	14.7515
6.77213	14.8229
6.77614	14.8943
6.77822	14.9658
6.78235	15.0372
6.78507	15.1038
6.78927	15.1705
6.79195	15.2372
6.79273	15.3038
6.79566	15.3705
6.79645	15.4372
6.80038	15.5038
6.80184	15.5705
6.80324	15.6372
6.8053	15.7038
6.8081	15.7705
6.81223	15.8372
6.81352	15.9038
6.81497	15.9705
6.81562	16.0372
6.81641	16.0997
6.81836	16.1622
6.81907	16.2247
6.82044	16.2872
6.82246	16.3497
6.82319	16.4122
6.82454	16.4747
6.82591	16.5372
6.84628	16.5997
6.84834	16.6622
6.85349	16.7247
6.85691	16.7872
6.86319	16.8497
6.86512	16.9122
6.86582	16.9747
6.86764	17.0372
6.8681	17.096
6.86849	17.1548
6.87167	17.2137
6.87244	8.60683
6.87348	8.73183
6.87505	8.85683
6.87618	8.98183
6.87942	9.10683
6.90811	9.21794
6.91133	9.32905
6.91791	9.44016
6.92136	9.55127
6.94001	9.66238
6.94427	9.77349
6.94625	9.8846
6.94757	9.99572
6.94964	10.1068
6.95003	10.2068
6.95114	10.3068
6.95402	10.4068
6.97402	10.5068
6.99139	10.6068
6.99204	10.7068
6.99412	10.8068
6.99548	10.9068
6.99627	11.0068
6.99689	11.0977
6.99825	11.1886
7.00147	11.2796
7.00353	11.3705
7.00941	11.4614
7.03612	11.5523
7.03617	11.6432
7.03698	11.7341
7.03914	11.825
7.04019	11.9159
7.04094	12.0068
7.04259	12.0902
7.04391	12.1735
7.04639	12.2568
7.04817	12.3402
7.05748	12.4235
7.07971	12.5068
7.08116	12.5902
7.08283	12.6735
7.08558	12.7568
7.08697	12.8402
7.09014	12.9235
7.09342	13.0068
7.09498	13.0837
7.09629	13.1607
7.09769	13.2376
7.09888	13.3145
7.11487	13.3914
7.13649	13.4684
7.13781	13.5453
7.13851	13.6222
7.14219	13.6991
7.14301	13.7761
7.14335	13.853
7.15583	13.9299
7.16189	14.0068
7.16318	14.0783
7.16476	14.1497
7.1708	14.2211
7.18115	14.2925
7.18319	14.364
7.2034	14.4354
7.20811	14.5068
7.20881	14.5783
7.20953	14.6497
7.21399	14.7211
7.21531	14.7925
7.21787	14.864
7.22069	14.9354
7.25708	15.0068
7.26492	15.0735
7.26768	15.1402
7.26905	15.2068
7.27124	15.2735
7.27401	15.3402
7.28108	15.4068
7.28527	15.4735
7.28666	7.73675
7.32983	7.8796
7.33214	8.02246
7.33563	8.14746
7.33694	8.27246
7.33832	8.39746
7.339	8.52246
7.33969	8.64746
7.341	8.77246
7.34264	8.89746
7.37291	9.02246
7.38167	9.13357
7.38461	9.24468
7.38584	9.35579
7.38645	9.46691
7.38867	9.57802
7.39028	9.68913
7.39743	9.80024
7.41846	9.91135
7.41909	10.0225
7.43173	10.1225
7.43374	10.2225
7.43514	10.3225
7.43721	10.4225
7.4393	10.5225
7.44138	10.6225
7.45172	10.7225
7.46699	10.8225
7.46825	10.9225
7.46963	11.0225
7.47793	11.1134
7.47928	11.2043
7.48085	11.2952
7.48225	11.3861
7.48754	11.477
7.48896	11.5679
7.4944	11.6588
7.5054	11.7497
7.50608	11.8406
7.50747	11.9316
7.50837	12.0225
7.50978	12.1058
7.5104	12.1891
7.51105	12.2725
7.5117	12.3558
7.51611	12.4391
7.53056	12.5225
7.53744	12.6058
7.54837	12.6891
7.55049	12.7725
7.55267	12.8558
7.554	12.9391
7.55525	13.0225
7.55914	13.0994
7.56071	13.1763
7.56284	13.2532
7.5642	13.3302
7.57456	13.4071
7.58421	13.484
7.58628	13.5609
7.59314	13.6378
7.5945	13.7148
7.59689	13.7917
7.59878	13.8686
7.60286	13.9455
7.60627	14.0225
7.61067	14.0939
7.61452	14.1653
7.6159	14.2367
7.6173	14.3082
7.62086	14.3796
7.6229	14.451
7.62702	14.5225
7.64594	14.5939
7.65334	14.6653
7.65563	14.7367
7.65793	14.8082
7.66042	14.8796
7.66253	14.951
7.66449	15.0225
7.66674	15.0891
7.66936	15.1558
7.67001	15.2225
7.6703	15.2891
7.67183	15.3558
7.67311	15.4225
7.67435	15.4891
7.71174	15.5558
7.71699	15.6225
7.71907	15.6891
7.72358	15.7558
7.72544	15.8225
7.73005	15.8891
7.73304	15.9558
7.7358	16.0225
7.74342	16.085
7.74481	16.1475
7.74641	16.21
7.7476	16.2725
7.7497	16.335
7.75119	16.3975
7.75474	16.46
7.77724	16.5225
7.77738	16.585
7.7781	16.6475
7.77933	16.71
7.7807	16.7725
7.78357	16.835
7.79525	16.8975
7.80082	16.96
7.80357	17.0225
7.81461	17.0813
7.82087	17.1401
7.82321	17.1989
7.82567	17.2578
7.82767	17.3166
7.82841	17.3754
7.82891	17.4342
7.8436	17.493
7.84569	17.5519
7.84644	17.6107
7.84787	17.6695
7.84979	17.7283
7.85048	17.7872
7.85474	17.846
7.8582	17.9048
7.85882	17.9636
7.85956	18.0225
7.86335	18.078
7.87455	18.1336
7.87484	18.1891
7.87853	18.2447
7.88015	18.3002
7.88126	18.3558
7.88269	18.4113
7.89026	18.4669
7.8916	18.5225
7.89298	18.578
7.89582	18.6336
7.89717	18.6891
7.90205	18.7447
7.90881	18.8002
7.91129	18.8558
7.91176	18.9113
7.91361	18.9669
7.91493	19.0225
7.92054	19.0751
7.92953	19.1277
7.9316	19.1804
7.93366	19.233
7.93574	19.2856
7.93777	19.3383
7.93918	19.3909
7.94836	19.4435
7.94953	19.4961
7.9502	19.5488
7.95773	19.6014
7.96059	19.654
7.96372	19.7067
7.9686	19.7593
7.98236	19.8119
7.98351	19.8646
7.98406	19.9172
7.9861	19.9698
7.98745	20.0225
8.00386	20.0725
8.00782	20.1225
8.0079	20.1725
8.00867	20.2225
8.00945	20.2725
8.00994	20.3225
8.01071	20.3725
8.01161	20.4225
8.0121	20.4725
8.01275	20.5225
8.01354	20.5725
8.0164	20.6225
8.02011	20.6725
8.03561	20.7225
8.04441	20.7725
8.04655	20.8225
8.04718	20.8725
8.04921	20.9225
8.05139	20.9725
8.05407	21.0225
8.0609	21.0701
8.06292	21.1177
8.06366	21.1653
8.06436	21.2129
8.06505	21.2606
8.06582	21.3082
8.06646	21.3558
8.06731	21.4034
8.06814	21.451
8.06956	21.4987
8.07221	21.5463
8.07695	21.5939
8.08047	21.6415
8.09985	21.6891
8.1128	21.7367
8.11535	21.7844
8.11758	21.832
8.12096	21.8796
8.13265	21.9272
8.14184	21.9748
8.14308	22.0225
8.14946	22.0679
8.15064	22.1134
8.15221	22.1588
8.15476	22.2043
8.15632	22.2497
8.15768	22.2952
8.15915	22.3406
8.15965	22.3861
8.16163	22.4316
8.16607	22.477
8.16879	22.5225
8.17016	22.5679
8.17155	22.6134
8.17797	22.6588
8.18346	22.7043
8.19146	22.7497
8.19712	22.7952
8.19989	22.8406
8.2099	22.8861
8.21024	22.9316
8.2105	22.977
8.21235	23.0225
8.22481	23.0659
8.22643	23.1094
8.22757	23.1529
8.22963	23.1964
8.2381	23.2399
8.24137	23.2833
8.24338	23.3268
8.2441	23.3703
8.24613	23.4138
8.25612	23.4572
8.2581	23.5007
8.25877	23.5442
8.26088	23.5877
8.26221	23.6312
8.26359	23.6746
8.27194	23.7181
8.28179	23.7616
8.28367	23.8051
8.30992	23.8485
8.31619	23.892
8.31872	23.9355
8.32444	23.979
8.32503	24.0225
8.32829	24.0641
8.33048	24.1058
8.33254	24.1475
8.33522	24.1891
8.33998	24.2308
8.34128	24.2725
8.34179	24.3141
8.34197	24.3558
8.34247	24.3975
8.34643	24.4391
8.35198	24.4808
8.35472	24.5225
8.3575	24.5641
8.35821	24.6058
8.36102	24.6475
8.36581	24.6891
8.3768	24.7308
8.37815	24.7725
8.38669	24.8141
8.38692	24.8558
8.38946	24.8975
8.39161	12.4487
8.39191	12.5321
8.39233	12.6154
8.39387	12.6987
8.39414	12.7821
8.39431	12.8654
8.39483	12.9487
8.39715	13.0321
8.39915	13.109
8.4049	13.1859
8.40707	13.2628
8.40962	13.3398
8.4179	13.4167
8.42173	13.4936
8.42558	13.5705
8.43125	13.6474
8.43451	13.7244
8.43527	13.8013
8.43671	13.8782
8.43804	13.9551
8.44033	14.0321
8.44513	14.1035
8.44644	14.1749
8.45	14.2463
8.47633	14.3178
8.49255	14.3892
8.49941	14.4606
8.50364	14.5321
8.50636	14.6035
8.50851	14.6749
8.50916	14.7463
8.5103	14.8178
8.51049	14.8892
8.51113	14.9606
8.51147	15.0321
8.51224	15.0987
8.51275	15.1654
8.51988	15.2321
8.53049	15.2987
8.56243	15.3654
8.56384	15.4321
8.56724	15.4987
8.56875	15.5654
8.57103	15.6321
8.57309	15.6987
8.57685	15.7654
8.57701	15.8321
8.5774	15.8987
8.57756	15.9654
8.57785	16.0321
8.57797	16.0946
8.57833	16.1571
8.57869	16.2196
8.59044	16.2821
8.59834	16.3446
8.59944	16.4071
8.60018	16.4696
8.60696	16.5321
8.61582	16.5946
8.62634	16.6571
8.63711	16.7196
8.63723	16.7821
8.63755	16.8446
8.63766	16.9071
8.63795	16.9696
8.63811	17.0321
8.63838	17.0909
8.63902	17.1497
8.63935	17.2085
8.63955	17.2674
8.64071	17.3262
8.64083	17.385
8.64137	17.4438
8.64331	17.5027
8.64689	17.5615
8.65926	17.6203
8.67941	17.6791
8.67999	17.7379
8.68098	17.7968
8.68144	17.8556
8.68229	17.9144
8.68281	17.9732
8.6835	18.0321
8.6842	18.0876
8.68638	18.1432
8.68703	18.1987
8.68869	18.2543
8.69007	18.3098
8.69078	18.3654
8.69168	18.421
8.69276	18.4765
8.69409	18.5321
8.70145	18.5876
8.73132	18.6432
8.73268	18.6987
8.73408	18.7543
8.73616	18.8098
8.73657	18.8654
8.73755	18.921
8.73846	18.9765
8.73995	19.0321
8.74151	19.0847
8.74269	19.1373
8.74428	19.19
8.74571	19.2426
8.74897	19.2952
8.74924	19.3479
8.75542	19.4005
8.75631	19.4531
8.75842	19.5057
8.76059	19.5584
8.78489	19.611
8.78631	19.6636
8.787	19.7163
8.78853	19.7689
8.78897	19.8215
8.78984	19.8742
8.79169	19.9268
8.79458	19.9794
8.79645	20.0321
8.79865	20.0821
8.79979	20.1321
8.80036	20.1821
8.80105	20.2321
8.8017	20.2821
8.80311	20.3321
8.8038	20.3821
8.80517	20.4321
8.80585	20.4821
8.80817	20.5321
8.82688	20.5821
8.82799	20.6321
8.83009	20.6821
8.8322	20.7321
8.83496	20.7821
8.83696	20.8321
8.84035	20.8821
8.84441	20.9321
8.8483	20.9821
8.84844	21.0321
8.85153	21.0797
8.85359	21.1273
8.85433	21.1749
8.85501	21.2225
8.85574	21.2702
8.85639	21.3178
8.85848	21.3654
8.85915	21.413
8.86052	21.4606
8.8619	21.5083
8.8777	21.5559
8.87905	21.6035
8.8819	21.6511
8.88251	21.6987
8.88593	21.7463
8.88741	21.794
8.88868	21.8416
8.89234	21.8892
8.89567	21.9368
8.8968	21.9844
8.89745	22.0321
8.89841	22.0775
8.90067	22.123
8.90078	22.1684
8.90319	22.2139
8.90595	22.2593
8.91078	22.3048
8.91564	22.3502
8.91625	22.3957
8.91897	22.4412
8.92243	22.4866
8.92929	22.5321
8.93154	22.5775
8.93278	22.623
8.9358	22.6684
8.93917	22.7139
8.94053	22.7593
8.94195	22.8048
8.94394	22.8502
8.94461	22.8957
8.94555	22.9412
8.94798	22.9866
8.94833	23.0321
8.94971	23.0755
8.95655	23.119
8.95743	23.1625
8.95793	23.206
8.95857	23.2495
8.95926	23.2929
8.96089	23.3364
8.96138	23.3799
8.9637	23.4234
8.96578	23.4668
8.9727	23.5103
8.98338	23.5538
8.98411	23.5973
8.9855	23.6408
8.98684	23.6842
8.98826	23.7277
8.98958	23.7712
8.99093	23.8147
8.99241	23.8582
8.99404	23.9016
8.99707	23.9451
8.99807	23.9886
9.00028	24.0321
9.0021	24.0737
9.00423	24.1154
9.0056	24.1571
9.00631	12.0785
9.00698	12.1619
9.00769	12.2452
9.00835	12.3285
9.00974	12.4119
9.0104	12.4952
9.0111	12.5785
9.01594	12.6619
9.02149	12.7452
9.02287	12.8285
9.02567	12.9119
9.02706	12.9952
9.02831	13.0785
9.02903	13.1555
9.03038	13.2324
9.03251	13.3093
9.03592	13.3862
9.04551	13.4631
9.04572	13.5401
9.04906	13.617
9.05046	13.6939
9.05183	13.7708
9.05326	13.8478
9.05398	13.9247
9.07104	14.0016
9.07173	14.073
9.07251	14.1445
9.07584	14.2159
9.07867	14.2873
9.08135	14.3588
9.09554	14.4302
9.09622	14.5016
9.0969	14.573
9.09761	14.6445
9.09917	14.7159
9.10304	14.7873
9.10424	14.8588
9.11714	14.9302
9.11858	15.0016
9.12104	15.0683
9.12124	15.1349
9.1215	15.2016
9.12479	15.2683
9.12629	15.3349
9.13719	15.4016
9.13833	15.4683
9.13921	15.5349
9.1418	15.6016
9.14311	15.6683
9.14721	15.7349
9.14755	15.8016
9.17679	15.8683
9.17708	15.9349
9.18105	16.0016
9.18157	16.0641
9.18226	16.1266
9.18289	16.1891
9.18388	16.2516
9.18504	16.3141
9.18857	16.3766
9.1961	16.4391
9.19757	16.5016
9.2	16.5641
9.20153	16.6266
9.20696	16.6891
9.21047	16.7516
9.23386	16.8141
9.23535	16.8766
9.23633	16.9391
9.23862	17.0016
9.24008	17.0604
9.24209	17.1193
9.24418	17.1781
9.24613	17.2369
9.24713	17.2957
9.24997	17.3546
9.25395	17.4134
9.25536	17.4722
9.25742	17.531
9.25881	17.5898
9.26443	17.6487
9.26647	17.7075
9.28208	17.7663
9.28826	17.8251
9.29132	17.884
9.2975	17.9428
9.29893	18.0016
9.30226	18.0572
9.30577	18.1127
9.30668	18.1683
9.30852	18.2238
9.30933	18.2794
9.31672	18.3349
9.31734	18.3905
9.31746	18.4461
9.31764	18.5016
9.31771	18.5572
9.31806	18.6127
9.31862	18.6683
9.35024	18.7238
9.35068	18.7794
9.35395	18.8349
9.35474	18.8905
9.35594	18.9461
9.35663	19.0016
9.35751	19.0542
9.36155	19.1069
9.36268	19.1595
9.3644	19.2121
9.36515	19.2648
9.37938	19.3174
9.38283	19.37
9.38557	19.4227
9.38973	19.4753
9.39276	19.5279
9.39499	19.5806
9.39598	19.6332
9.39914	19.6858
9.39963	19.7385
9.40091	19.7911
9.40168	19.8437
9.40224	19.8963
9.40383	19.949
9.40606	20.0016
9.40815	20.0516
9.4154	20.1016
9.41614	20.1516
9.41886	20.2016
9.42027	20.2516
9.42157	20.3016
9.42783	20.3516
9.43228	20.4016
9.4378	20.4516
9.43913	20.5016
9.44331	20.5516
9.44398	20.6016
9.44534	20.6516
9.44679	20.7016
9.44838	20.7516
9.44948	20.8016
9.4509	20.8516
9.45549	20.9016
9.45825	20.9516
9.46165	21.0016
9.46397	21.0492
9.46599	21.0968
9.46663	21.1445
9.47761	21.1921
9.48325	21.2397
9.48746	21.2873
9.48974	21.3349
9.49846	21.3826
9.50102	21.4302
9.5017	21.4778
9.50307	21.5254
9.50448	21.573
9.50582	21.6207
9.50721	21.6683
9.50861	21.7159
9.50953	21.7635
9.51067	21.8111
9.51134	21.8588
9.51559	21.9064
9.51907	21.954
9.51979	22.0016
9.52045	22.0471
9.52257	22.0925
9.52326	22.138
9.53989	22.1834
9.54318	22.2289
9.54386	22.2743
9.54817	22.3198
9.55008	22.3652
9.55182	22.4107
9.55255	22.4562
9.55396	22.5016
9.55524	22.5471
9.5579	22.5925
9.55831	22.638
9.55882	11.319
9.55944	11.4099
9.56008	11.5008
9.56086	11.5917
9.56568	11.6826
9.57192	11.7735
9.57297	11.8644
9.57351	11.9553
9.5747	12.0463
9.57828	12.1296
9.58002	12.2129
9.5859	12.2963
9.59056	12.3796
9.59349	12.4629
9.60201	12.5463
9.60601	12.6296
9.60659	12.7129
9.60729	12.7963
9.60798	12.8796
9.6093	12.9629
9.61002	13.0463
9.6136	13.1232
9.63108	13.2001
9.63313	13.277
9.63574	13.354
9.63822	13.4309
9.6421	13.5078
9.65924	13.5847
9.66082	13.6616
9.6627	13.7386
9.6651	13.8155
9.66565	13.8924
9.66714	13.9693
9.66818	14.0463
9.67101	14.1177
9.68011	14.1891
9.68214	14.2605
9.68353	14.332
9.68496	14.4034
9.68662	14.4748
9.70454	14.5463
9.70657	14.6177
9.70858	14.6891
9.71068	14.7605
9.7116	14.832
9.71286	14.9034
9.71501	14.9748
9.71633	15.0463
9.71794	15.1129
9.73118	15.1796
9.73176	15.2463
9.73278	15.3129
9.73487	15.3796
9.73976	15.4463
9.74629	15.5129
9.74834	15.5796
9.7511	15.6463
9.75346	15.7129
9.75455	15.7796
9.75798	15.8463
9.76284	15.9129
9.76496	15.9796
9.76702	16.0463
9.77054	16.1088
9.77994	16.1713
9.78266	16.2338
9.78398	16.2963
9.78546	16.3588
9.78979	16.4213
9.79577	16.4838
9.79848	16.5463
9.80058	16.6088
9.80269	16.6713
9.80333	16.7338
9.80543	16.7963
9.81879	16.8588
9.81993	16.9213
9.8218	16.9838
9.82227	17.0463
9.82397	17.1051
9.8272	17.1639
9.82787	17.2227
9.8289	17.2816
9.83092	17.3404
9.84269	17.3992
9.8434	17.458
9.84485	17.5168
9.8469	17.5757
9.84907	17.6345
9.85068	17.6933
9.85146	17.7521
9.86761	17.811
9.87171	17.8698
9.87591	17.9286
9.87749	17.9874
9.87891	18.0463
9.88011	18.1018
9.88149	18.1574
9.88308	18.2129
9.8836	18.2685
9.89033	18.324
9.89467	18.3796
9.89606	18.4351
9.89742	18.4907
9.90013	18.5463
9.90153	18.6018
9.9029	18.6574
9.90448	18.7129
9.92045	18.7685
9.92831	18.824
9.93184	18.8796
9.93314	18.9351
9.93524	18.9907
9.93591	19.0463
9.93984	19.0989
9.94083	19.1515
9.94151	19.2042
9.94222	19.2568
9.95057	19.3094
9.95468	19.362
9.95705	19.4147
9.95837	19.4673
9.95908	19.5199
9.95981	19.5726
9.96055	19.6252
9.96113	19.6778
9.97786	19.7305
9.98274	19.7831
9.98675	19.8357
9.98926	19.8884
9.99052	19.941
9.99163	19.9936
9.9923	20.0463
9.99512	20.0963
9.99732	20.1463
9.9994	20.1963
10.0025	20.2463
10.0049	20.2963
10.0082	20.3463
10.0096	20.3963
10.0124	20.4463
10.0143	20.4963
10.0152	20.5463
10.0166	20.5963
10.018	20.6463
10.0323	20.6963
10.0371	20.7463
10.0412	20.7963
10.0425	20.8463
10.0432	20.8963
10.0439	20.9463
10.0446	20.9963
10.046	21.0463
10.0483	21.0939
10.0496	21.1415
10.0503	21.1891
10.0517	21.2367
10.0538	21.2844
10.0573	21.332
10.0584	21.3796
10.0605	21.4272
10.062	21.4748
10.0625	21.5224
10.0632	21.5701
10.0645	21.6177
10.0759	21.6653
10.0814	21.7129
10.0859	21.7605
10.0956	21.8082
10.0971	21.8558
10.0984	21.9034
10.0993	21.951
10.0997	21.9986
10.1006	22.0463
10.1039	22.0917
10.1052	22.1372
10.1061	22.1826
10.1076	22.2281
10.1081	22.2735
10.1087	22.319
10.1094	22.3644
10.1101	22.4099
10.111	22.4553
10.1117	22.5008
10.1131	22.5463
10.1138	22.5917
10.1297	22.6372
10.1337	22.6826
10.1367	22.7281
10.1569	22.7735
10.1581	22.819
10.1595	22.8644
10.1604	22.9099
10.1615	22.9553
10.1629	23.0008
10.1636	23.0443
10.165	23.0878
10.1662	23.1312
10.1678	23.1747
10.1691	23.2182
10.1699	23.2617
10.1705	23.3052
10.1714	23.3486
10.1719	23.3921
10.1734	23.4356
10.1741	23.4791
10.1762	23.5225
10.1781	23.566
10.1872	23.6095
10.1901	23.653
10.193	23.6965
10.2026	23.7399
10.2033	23.7834
10.2065	23.8269
10.208	23.8704
10.2092	23.9138
10.2098	23.9573
10.2105	24.0008
10.2119	24.0425
10.2126	24.0841
10.2133	24.1258
10.2142	24.1675
10.2153	24.2091
10.2161	24.2508
10.2168	24.2925
10.2174	24.3341
10.2188	24.3758
10.2207	24.4175
10.2221	24.4591
10.2228	24.5008
10.2243	24.5425
10.2421	24.5841
10.2461	24.6258
10.2533	24.6675
10.2605	24.7091
10.2612	24.7508
10.2626	24.7925
10.2647	24.8341
10.2661	24.8758
10.2666	24.9175
10.2673	24.9591
10.2688	25.0008
10.2701	25.0408
10.2708	25.0808
10.2722	25.1208
10.2728	25.1608
10.2742	25.2008
10.2768	25.2408
10.2794	25.2808
10.2803	25.3208
10.2808	25.3608
10.2815	25.4008
10.2822	25.4408
10.2837	25.4808
10.2901	25.5208
10.3096	25.5608
10.3157	25.6008
10.3175	25.6408
10.3181	25.6808
10.3189	25.7208
10.3196	25.7608
10.3205	25.8008
10.3209	25.8408
10.3216	25.8808
10.3223	25.9208
10.3232	25.9608
10.324	26.0008
10.3247	26.0393
10.3261	26.0777
10.3275	26.1162
10.329	26.1547
10.3307	26.1931
10.3319	26.2316
10.3352	26.27
10.3366	26.3085
10.3387	26.347
10.3401	26.3854
10.3408	26.4239
10.3423	26.4623
10.3449	26.5008
10.363	26.5393
10.3677	26.5777
10.3691	26.6162
10.3697	26.6547
10.3705	26.6931
10.3712	26.7316
10.3735	26.77
10.3748	26.8085
10.3762	26.847
10.3776	26.8854
10.3789	26.9239
10.3802	26.9623
10.3815	27.0008
10.3829	27.0378
10.3842	27.0749
10.3856	27.1119
10.3871	27.149
10.3884	27.186
10.3899	27.223
10.3913	27.2601
10.3927	27.2971
10.3943	27.3341
10.3954	27.3712
10.3968	27.4082
10.3982	27.4452
10.3997	27.4823
10.416	27.5193
10.4244	27.5564
10.4258	27.5934
10.4274	27.6304
10.4288	27.6675
10.4301	27.7045
10.4314	27.7415
10.4328	27.7786
10.4342	27.8156
10.4356	27.8527
10.437	27.8897
10.4391	27.9267
10.4405	27.9638
10.4424	28.0008
10.4442	28.0365
10.4447	28.0722
10.4449	28.1079
10.4466	28.1437
10.448	28.1794
10.4489	28.2151
10.45	28.2508
10.4514	28.2865
10.4521	28.3222
10.453	28.3579
10.4535	28.3937
10.4548	28.4294
10.4555	28.4651
10.473	28.5008
10.4794	28.5365
10.4814	28.5722
10.4835	28.6079
10.4842	28.6437
10.4856	28.6794
10.4881	28.7151
10.4889	28.7508
10.4912	28.7865
10.4924	28.8222
10.4938	28.8579
10.4967	28.8937
10.4981	28.9294
10.5045	28.9651
10.506	29.0008
10.5065	29.0353
10.5072	29.0698
10.5086	29.1043
10.5093	29.1387
10.5107	29.1732
10.5113	29.2077
10.512	29.2422
10.5134	29.2767
10.5141	29.3111
10.5148	29.3456
10.5162	29.3801
10.5176	29.4146
10.519	29.4491
10.5334	29.4836
10.5484	29.518
10.5497	29.5525
10.5517	29.587
10.5532	29.6215
10.5546	29.656
10.5559	29.6905
10.5573	29.7249
10.5586	29.7594
10.5601	29.7939
10.5614	29.8284
10.5621	29.8629
10.5628	29.8974
10.5634	29.9318
10.5641	29.9663
10.5649	30.0008
10.5655	30.0341
10.5662	30.0675
10.5676	30.1008
10.5683	30.1341
10.5693	30.1675
10.5705	30.2008
10.5712	30.2341
10.5726	30.2675
10.5747	30.3008
10.5753	30.3341
10.5768	30.3675
10.5789	30.4008
10.5795	30.4341
10.5939	30.4675
10.6045	30.5008
10.6046	30.5341
10.6067	30.5675
10.6074	30.6008
10.608	30.6341
10.6087	30.6675
10.6093	30.7008
10.6101	30.7341
10.6109	30.7675
10.6116	30.8008
10.613	30.8341
10.6136	30.8675
10.6143	30.9008
10.6149	30.9341
10.6163	30.9675
10.6185	31.0008
10.6192	31.0331
10.6207	31.0653
10.622	31.0976
10.6233	31.1298
10.6247	31.1621
10.6254	31.1944
10.6267	31.2266
10.6281	31.2589
10.6292	31.2911
10.6304	31.3234
10.6312	31.3556
10.6327	31.3879
10.6333	31.4202
10.6596	31.4524
10.6631	31.4847
10.6637	31.5169
10.6644	31.5492
10.6652	31.5814
10.6659	31.6137
10.6666	31.646
10.6673	31.6782
10.6679	31.7105
10.6694	31.7427
10.6696	31.775
10.6701	31.8073
10.6708	31.8395
10.6714	31.8718
10.6729	31.904
10.6736	31.9363
10.6744	31.9685
10.6755	32.0008
10.6763	32.0321
10.677	32.0633
10.6777	32.0946
10.6786	32.1258
10.6794	32.1571
10.6806	32.1883
10.6817	32.2196
10.6831	32.2508
10.6851	32.2821
10.6876	32.3133
10.6899	32.3446
10.6909	32.3758
10.6919	32.4071
10.7122	32.4383
10.7142	32.4696
10.715	32.5008
10.7157	32.5321
10.717	32.5633
10.7178	32.5946
10.7185	32.6258
10.7192	32.6571
10.7204	32.6883
10.7211	32.7196
10.7219	32.7508
10.7226	32.7821
10.7232	32.8133
10.7239	32.8446
10.7249	32.8758
10.7255	32.9071
10.7262	32.9383
10.727	32.9696
10.7277	33.0008
10.7288	33.0311
10.7296	33.0614
10.7303	33.0917
10.731	33.122
10.7331	33.1523
10.7367	33.1826
10.7374	33.2129
10.7386	33.2432
10.7408	33.2735
10.7431	33.3038
10.7444	33.3341
10.7458	33.3644
10.7478	33.3947
10.7584	33.425
10.7611	33.4553
10.7618	33.4857
10.7635	33.516
10.7642	33.5463
10.7686	33.5766
10.7704	33.6069
10.7708	33.6372
10.7716	33.6675
10.7723	33.6978
10.7741	33.7281
10.7753	33.7584
10.776	33.7887
10.7769	33.819
10.7776	33.8493
10.7783	33.8796
10.7794	33.9099
10.7801	33.9402
10.7808	33.9705
10.7815	34.0008
10.7832	34.0302
10.7846	34.0596
10.786	34.089
10.7867	34.1185
10.7883	34.1479
10.7946	34.1773
10.7959	34.2067
10.7973	34.2361
10.8007	34.2655
10.8022	34.2949
10.8028	34.3243
10.8035	34.3537
10.8042	34.3832
10.8159	34.4126
10.8191	34.442
10.8196	34.4714
10.8263	34.5008
10.8304	34.5302
10.8326	34.5596
10.8333	34.589
10.8352	34.6185
10.836	34.6479
10.8369	34.6773
10.8376	34.7067
10.8382	34.7361
10.8393	34.7655
10.8401	34.7949
10.8407	34.8243
10.8425	34.8537
10.8431	34.8832
10.8446	34.9126
10.8466	34.942
10.848	34.9714
10.8495	35.0008
10.8516	35.0294
10.853	35.0579
10.8544	35.0865
10.8566	35.1151
10.8578	35.1437
10.8593	35.1722
10.8599	35.2008
10.8613	35.2294
10.8619	35.2579
10.8626	35.2865
10.8634	35.3151
10.8641	35.3437
10.8655	35.3722
10.8779	35.4008
10.8818	35.4294
10.8832	35.4579
10.8883	35.4865
10.8904	35.5151
10.8919	35.5437
10.8933	35.5722
10.8948	35.6008
10.8961	35.6294
10.8968	35.6579
10.8986	35.6865
10.8994	35.7151
10.9009	35.7437
10.9018	35.7722
10.9035	35.8008
10.904	35.8294
10.9047	35.8579
10.9054	35.8865
10.9068	35.9151
10.9082	35.9437
10.9089	35.9722
10.9096	36.0008
10.9102	36.0286
10.9109	36.0564
10.9117	36.0841
10.9123	36.1119
10.9137	36.1397
10.9149	36.1675
10.9158	36.1952
10.9167	36.223
10.918	36.2508
10.9193	36.2786
10.9202	36.3064
10.922	36.3341
10.9236	36.3619
10.944	36.3897
10.9474	36.4175
10.9482	36.4452
10.9489	36.473
10.9508	36.5008
10.9516	36.5286
10.9523	36.5564
10.9531	36.5841
10.9537	36.6119
10.9544	36.6397
10.9559	36.6675
10.9572	36.6952
10.9587	36.723
10.9593	36.7508
10.9603	36.7786
10.9621	36.8064
10.9637	36.8341
10.9649	36.8619
10.9692	36.8897
10.9705	36.9175
10.9718	36.9452
10.9733	36.973
10.9756	37.0008
10.977	37.0278
10.9776	18.5139
10.9782	18.5695
10.9791	18.625
10.9797	18.6806
10.9809	18.7361
10.9815	18.7917
10.9825	18.8472
10.983	18.9028
10.9838	18.9584
10.9842	19.0139
10.9852	19.0665
10.9862	19.1192
11.004	19.1718
11.0075	19.2244
11.0108	19.2771
11.0115	19.3297
11.013	19.3823
11.015	19.435
11.0159	19.4876
11.0172	19.5402
11.0186	19.5929
11.021	19.6455
11.0217	19.6981
11.0238	19.7508
11.0245	19.8034
11.0265	19.856
11.0273	19.9087
11.0279	19.9613
11.0287	20.0139
11.0293	20.0639
11.03	20.1139
11.0326	20.1639
11.0344	20.2139
11.0358	20.2639
11.0371	20.3139
11.0385	20.3639
11.0392	20.4139
11.0613	20.4639
11.062	20.5139
11.0626	20.5639
11.064	20.6139
11.065	20.6639
11.0653	20.7139
11.0661	20.7639
11.0703	20.8139
11.0744	20.8639
11.0751	20.9139
11.0758	20.9639
11.0773	21.0139
11.0779	21.0615
11.0789	21.1092
11.0805	21.1568
11.0811	21.2044
11.0818	21.252
11.0825	21.2996
11.0834	21.3472
11.0849	21.3949
11.1191	21.4425
11.1198	21.4901
11.1206	21.5377
11.1219	21.5853
11.1227	21.633
11.1234	21.6806
11.1243	21.7282
11.1254	21.7758
11.1301	21.8234
11.1317	21.8711
11.1323	21.9187
11.1335	21.9663
11.1348	22.0139
11.1364	22.0594
11.1376	22.1048
11.1401	22.1503
11.1416	22.1957
11.1429	22.2412
11.1448	22.2866
11.1455	22.3321
11.1473	22.3776
11.176	22.423
11.1779	22.4685
11.1786	22.5139
11.1792	22.5594
11.1805	22.6048
11.1824	22.6503
11.1832	22.6957
11.1846	22.7412
11.1861	22.7866
11.1873	22.8321
11.1887	22.8776
11.1902	22.923
11.1921	22.9685
11.1936	23.0139
11.1949	23.0574
11.1957	23.1009
11.1967	23.1444
11.1976	23.1878
11.1983	23.2313
11.1989	23.2748
11.2004	23.3183
11.2013	23.3617
11.2281	23.4052
11.2354	23.4487
11.236	23.4922
11.2369	11.7461
11.2374	11.837
11.2381	11.9279
11.2388	12.0188
11.2395	12.1021
11.2402	12.1855
11.2409	12.2688
11.2419	12.3521
11.2466	12.4355
11.248	12.5188
11.2493	12.6021
11.2506	12.6855
11.252	12.7688
11.2534	12.8521
11.2541	12.9355
11.2547	13.0188
11.2562	13.0957
11.2578	13.1727
11.2659	13.2496
11.2679	13.3265
11.2851	13.4034
11.2872	13.4804
11.288	13.5573
11.2894	13.6342
11.2901	13.7111
11.2909	13.788
11.2917	13.865
11.2933	13.9419
11.2935	14.0188
11.2939	14.0902
11.2945	14.1617
11.2971	14.2331
11.3009	14.3045
11.3213	14.376
11.3228	14.4474
11.3235	14.5188
11.3256	14.5902
11.3257	14.6617
11.327	14.7331
11.3283	14.8045
11.3297	14.876
11.3345	14.9474
11.3361	15.0188
11.34	15.0855
11.3414	15.1521
11.3437	15.2188
11.3454	15.2855
11.3621	7.64274
11.3671	7.7856
11.3692	7.92846
11.3713	8.07131
11.3719	8.19631
11.3725	8.32131
11.3739	8.44631
11.3767	8.57131
11.3774	8.69631
11.3781	8.82131
11.3789	8.94631
11.3807	9.07131
11.3814	9.18242
11.3828	9.29353
11.3835	9.40465
11.4096	9.51576
11.4122	9.62687
11.4129	9.73798
11.4137	9.84909
11.4196	9.9602
11.4209	10.0713
11.4236	10.1713
11.4285	10.2713
11.4319	10.3713
11.4586	10.4713
11.4638	10.5713
11.4647	10.6713
11.4659	10.7713
11.4708	10.8713
11.4721	10.9713
11.4736	11.0713
11.4749	11.1622
11.4792	11.2531
11.4821	11.344
11.5199	11.4349
11.5213	11.5259
11.5215	11.6168
11.5235	11.7077
11.5264	11.7986
11.5288	11.8895
11.5296	11.9804
11.5316	12.0713
11.533	12.1546
11.5369	12.238
11.539	12.3213
11.5756	12.4046
11.5763	12.488
11.577	12.5713
11.5778	12.6546
11.5808	12.738
11.5822	12.8213
11.5836	12.9046
11.5871	12.988
11.5884	13.0713
11.5898	13.1482
11.5912	13.2252
11.5934	13.3021
11.6321	13.379
11.633	13.4559
11.6338	13.5329
11.6345	13.6098
11.6381	13.6867
11.6396	13.7636
11.6409	13.8405
11.6423	13.9175
11.6436	13.9944
11.645	14.0713
11.6476	14.1427
11.6489	14.2142
11.6518	14.2856
11.6855	14.357
11.6862	14.4285
11.687	14.4999
11.6877	14.5713
11.6913	14.6427
11.6929	14.7142
11.6941	14.7856
11.6972	14.857
11.6983	14.9285
11.6996	14.9999
11.701	15.0713
11.7019	15.138
11.7031	15.2046
11.7045	15.2713
11.7412	15.338
11.7417	15.4046
11.7432	15.4713
11.7445	15.538
11.7479	15.6046
11.7504	15.6713
11.7517	15.738
11.7531	15.8046
11.7538	15.8713
11.7546	15.938
11.7571	16.0046
11.7579	16.0671
11.7594	16.1296
11.7606	16.1921
11.7634	16.2546
11.8006	16.3171
11.8012	16.3796
11.8033	16.4421
11.8056	16.5046
11.8098	16.5671
11.811	16.6296
11.8124	16.6921
11.8139	16.7546
11.8151	16.8171
11.8175	16.8796
11.8204	16.9421
11.8212	17.0046
11.8226	17.0635
11.824	17.1223
11.8255	17.1811
11.8275	17.2399
11.8658	17.2988
11.8666	17.3576
11.8705	17.4164
11.8719	17.4752
11.8746	17.5341
11.8753	17.5929
11.8762	17.6517
11.8769	17.7105
11.8775	17.7694
11.8782	17.8282
11.8795	17.887
11.8802	17.9458
11.8811	18.0046
11.8818	18.0602
11.8826	18.1158
11.8832	18.1713
11.8839	18.2269
11.9231	18.2824
11.9237	18.338
11.9272	18.3935
11.9286	18.4491
11.9322	18.5046
11.9328	18.5602
11.9335	18.6158
11.9342	18.6713
11.9349	18.7269
11.9355	18.7824
11.9367	18.838
11.9374	18.8935
11.9382	18.9491
11.939	19.0046
11.9397	19.0573
11.9404	19.1099
11.9411	19.1625
11.9423	19.2152
11.9736	19.2678
11.9744	19.3204
11.9801	19.3731
11.9815	19.4257
11.983	19.4783
11.9836	19.531
11.9842	19.5836
11.9849	19.6362
11.9856	19.6889
11.9862	19.7415
11.9869	19.7941
11.9877	19.8468
11.9883	19.8994
11.989	19.952
11.9898	20.0046
11.9904	20.0546
11.9911	20.1046
11.992	20.1546
11.9926	20.2046
12.0214	20.2546
12.0221	20.3046
12.0252	20.3546
12.0273	20.4046
12.028	20.4546
12.0287	20.5046
12.0294	20.5546
12.03	20.6046
12.0309	20.6546
12.0326	20.7046
12.0332	20.7546
12.0346	20.8046
12.0347	20.8546
12.0353	20.9046
12.0363	20.9546
12.0372	21.0046
12.0379	21.0523
12.0386	21.0999
12.0394	21.1475
12.04	21.1951
12.0651	21.2427
12.0665	21.2904
12.0687	21.338
12.0716	21.3856
12.0722	21.4332
12.0728	21.4808
12.0738	21.5285
12.0744	21.5761
12.075	21.6237
12.0764	21.6713
12.0774	21.7189
12.0781	21.7666
12.0787	21.8142
12.0795	21.8618
12.0802	21.9094
12.0808	21.957
12.0815	22.0046
12.0822	22.0501
12.0829	22.0956
12.0838	22.141
12.0843	22.1865
12.1093	22.2319
12.1106	22.2774
12.1135	22.3228
12.1164	22.3683
12.1171	22.4137
12.1178	22.4592
12.1185	22.5046
12.1192	22.5501
12.1198	22.5956
12.1206	22.641
12.1217	22.6865
12.1224	22.7319
12.1231	22.7774
12.1239	22.8228
12.1245	22.8683
12.1252	22.9137
12.1261	22.9592
12.1267	23.0046
12.1275	23.0481
12.1282	23.0916
12.129	11.5458
12.1303	11.6367
12.1553	11.7276
12.1567	11.8185
12.1596	11.9094
12.1623	12.0003
12.1631	12.0837
12.1638	12.167
12.1656	12.2503
12.1668	12.3337
12.1674	12.417
12.1688	12.5003
12.1695	12.5837
12.1708	12.667
12.1715	12.7503
12.1733	12.8337
12.174	12.917
12.1747	13.0003
12.1763	13.0773
12.177	13.1542
12.1781	13.2311
12.1791	13.308
12.212	13.385
12.2126	13.4619
12.2135	13.5388
12.2147	13.6157
12.2154	13.6927
12.216	13.7696
12.2176	13.8465
12.2178	13.9234
12.2184	14.0003
12.2191	14.0718
12.2205	14.1432
12.2213	14.2146
12.2219	14.2861
12.2501	14.3575
12.2508	14.4289
12.2515	14.5003
12.2522	7.25017
12.2532	7.39303
12.2536	7.53589
12.2548	7.67874
12.2555	7.8216
12.2564	7.96446
12.2578	8.10732
12.2585	8.23232
12.2595	8.35732
12.2608	8.48232
12.2615	8.60732
12.291	8.73232
12.2917	8.85732
12.2923	8.98232
12.2939	9.10732
12.2952	9.21843
12.2959	9.32954
12.2984	9.44065
12.299	9.55176
12.3301	9.66287
12.3307	9.77398
12.3318	9.88509
12.3331	9.99621
12.3345	10.1073
12.3347	10.2073
12.3355	10.3073
12.3363	10.4073
12.3371	10.5073
12.3611	10.6073
12.3624	10.7073
12.3653	10.8073
12.3679	10.9073
12.3686	11.0073
12.3693	11.0982
12.37	11.1891
12.3715	11.28
12.3723	11.371
12.3734	11.4619
12.3946	11.5528
12.3963	11.6437
12.3977	11.7346
12.3994	11.8255
12.4002	11.9164
12.4015	12.0073
12.4029	12.0906
12.4056	12.174
12.4058	12.2573
12.407	12.3406
12.4094	12.424
12.436	12.5073
12.437	12.5906
12.4384	12.674
12.4405	12.7573
12.4413	12.8406
12.4423	12.924
12.443	13.0073
12.4437	13.0842
12.4443	13.1612
12.4452	13.2381
12.4457	13.315
12.4468	13.3919
12.4708	13.4689
12.4714	6.73443
12.472	6.90109
12.4728	7.06776
12.4734	7.21062
12.4741	7.35347
12.4749	7.49633
12.4755	7.63919
12.4761	7.78205
12.4771	7.9249
12.4775	8.06776
12.4782	8.19276
12.4795	8.31776
12.5052	8.44276
12.506	8.56776
12.5067	8.69276
12.5081	8.81776
12.5095	4.40888
12.5109	4.65888
12.5119	4.90888
12.5124	5.15888
12.5378	5.35888
12.5385	5.55888
12.5407	5.75888
12.5427	5.95888
12.5449	6.15888
12.566	6.32555
12.5666	6.49221
12.568	6.65888
12.5689	6.82555
12.5719	6.99221
12.5726	7.15888
12.6016	7.30174
12.6023	7.44459
12.6049	7.58745
12.6106	7.73031
12.6113	7.87317
12.6119	8.01602
12.613	8.14102
12.6363	8.26602
12.6385	8.39102
12.6418	8.51602
12.648	8.64102
12.6488	8.76602
12.6496	8.89102
12.6503	9.01602
12.6513	9.12713
12.671	9.23825
12.6739	9.34936
12.6775	9.46047
12.6841	9.57158
12.6849	9.68269
12.6856	9.7938
12.6862	9.90491
12.6872	10.016
12.6879	10.116
12.6999	10.216
12.7028	10.316
12.7074	10.416
12.7167	10.516
12.7183	10.616
12.7202	10.716
12.7217	10.816
12.7226	10.916
12.7233	11.016
12.7256	11.1069
12.7325	11.1978
12.7359	11.2888
12.7403	11.3797
12.751	11.4706
12.7524	11.5615
12.7538	11.6524
12.7552	11.7433
12.7569	11.8342
12.7577	11.9251
12.7583	12.016
12.759	12.0994
12.7659	12.1827
12.7684	12.266
12.7739	12.3494
12.7865	12.4327
12.7879	12.516
12.7893	12.5994
12.7906	12.6827
12.792	12.766
12.7934	12.8494
12.7941	12.9327
12.7951	13.016
12.7956	13.0929
12.7977	13.1699
12.8057	13.2468
12.8114	13.3237
12.8251	13.4006
12.8265	13.4776
12.828	13.5545
12.8294	13.6314
12.8315	13.7083
12.8321	13.7853
12.8329	13.8622
12.8337	13.9391
12.8345	14.016
12.8352	14.0875
12.8406	14.1589
12.8455	14.2303
12.8522	14.3017
12.867	14.3732
12.8683	14.4446
12.8699	14.516
12.8727	14.5875
12.8752	14.6589
12.8756	14.7303
12.8763	14.8017
12.8773	14.8732
12.8777	14.9446
12.8785	15.016
12.8792	15.0827
12.8837	15.1494
12.8877	15.216
12.8936	15.2827
12.9097	15.3494
12.9104	15.416
12.9124	15.4827
12.9161	15.5494
12.9202	15.616
12.9217	15.6827
12.9222	15.7494
12.9226	15.816
12.923	15.8827
12.9233	15.9494
12.9238	16.016
12.9244	16.0785
12.9338	16.141
12.9344	16.2035
12.9396	16.266
12.9498	16.3285
12.9505	16.391
12.9536	16.4535
12.9561	16.516
12.9596	16.5785
12.9604	16.641
12.961	16.7035
12.9617	16.766
12.9626	16.8285
12.9631	16.891
12.9637	16.9535
12.9644	17.016
12.9651	17.0748
12.9738	17.1337
12.975	17.1925
12.9819	17.2513
12.9877	17.3101
12.9889	17.369
12.9905	17.4278
12.9956	17.4866
13.0051	17.5454
13.0058	8.77272
13.0067	8.89772
13.0072	9.02272
13.0078	9.13383
13.0085	9.24494
13.0091	9.35605
13.0099	9.46716
13.011	9.57827
13.0118	9.68938
13.0201	9.8005
13.023	9.91161
13.0295	10.0227
13.0335	10.1227
13.0349	10.2227
13.037	10.3227
13.0385	10.4227
13.0517	10.5227
13.0562	10.6227
13.0635	10.7227
13.0664	10.8227
13.0725	10.9227
13.0731	11.0227
13.0778	11.1136
13.0781	11.2045
13.0792	11.2954
13.082	11.3864
13.0935	11.4773
13.0988	11.5682
13.1072	11.6591
13.11	11.75
13.1159	11.8409
13.1194	11.9318
13.1211	12.0227
13.1254	12.1061
13.1265	12.1894
13.1273	12.2727
13.1288	12.3561
13.1387	12.4394
13.1413	12.5227
13.1513	12.6061
13.1538	12.6894
13.1589	12.7727
13.1613	12.8561
13.1641	12.9394
13.1654	13.0227
13.1702	13.0996
13.1721	13.1766
13.1727	13.2535
13.1734	13.3304
13.181	13.4073
13.1831	13.4843
13.1948	13.5612
13.1967	13.6381
13.201	13.715
13.2036	13.7919
13.2057	13.8689
13.2065	13.9458
13.2078	14.0227
13.212	14.0941
13.2127	14.1656
13.2134	14.237
13.2141	14.3084
13.2211	14.3799
13.2251	14.4513
13.2349	14.5227
13.2376	14.5941
13.2391	14.6656
13.2404	14.737
13.2432	14.8084
13.2447	14.8799
13.2459	14.9513
13.2475	15.0227
13.2488	15.0894
13.25	15.1561
13.251	15.2227
13.2517	15.2894
13.2598	15.3561
13.2648	15.4227
13.2738	15.4894
13.2743	7.74469
13.2769	7.88755
13.2786	8.03041
13.2797	8.15541
13.2804	8.28041
13.2821	8.40541
13.284	8.53041
13.2847	8.65541
13.2863	8.78041
13.2875	8.90541
13.289	9.03041
13.2895	9.14152
13.2943	9.25263
13.2977	9.36374
13.3107	9.47485
13.3127	9.58596
13.3136	9.69707
13.3145	9.80818
13.3173	9.9193
13.3185	10.0304
13.3193	10.1304
13.324	10.2304
13.3288	10.3304
13.3573	10.4304
13.3661	10.5304
13.3676	10.6304
13.3689	10.7304
13.3701	10.8304
13.3715	10.9304
13.373	11.0304
13.3737	11.1213
13.3766	11.2122
13.3787	11.3031
13.4034	11.394
13.4118	11.485
13.4132	11.5759
13.4149	11.6668
13.4168	11.7577
13.4177	11.8486
13.42	11.9395
13.4213	12.0304
13.4225	12.1137
13.4256	12.1971
13.4278	12.2804
13.4411	12.3637
13.4529	12.4471
13.4544	12.5304
13.4557	12.6137
13.4567	12.6971
13.4578	12.7804
13.4591	12.8637
13.4606	12.9471
13.4613	13.0304
13.462	13.1073
13.4654	13.1843
13.4696	13.2612
13.4815	13.3381
13.4923	13.415
13.4934	13.4919
13.495	13.5689
13.4961	13.6458
13.4977	13.7227
13.499	13.7996
13.5006	13.8766
13.5019	13.9535
13.5033	14.0304
13.5048	14.1018
13.506	14.1733
13.5075	14.2447
13.5208	14.3161
13.5332	14.3875
13.5353	14.459
13.536	14.5304
13.5374	14.6018
13.538	14.6733
13.5402	14.7447
13.5423	14.8161
13.5437	14.8875
13.5467	14.959
13.5475	15.0304
13.5488	15.0971
13.5503	15.1637
13.5517	15.2304
13.5625	15.2971
13.5769	15.3637
13.5798	15.4304
13.5812	15.4971
13.5826	15.5637
13.5837	15.6304
13.5851	15.6971
13.5858	15.7637
13.5871	15.8304
13.5892	15.8971
13.5919	15.9637
13.5926	16.0304
13.594	16.0929
13.5955	16.1554
13.5976	16.2179
13.6077	16.2804
13.6195	16.3429
13.6208	16.4054
13.6248	16.4679
13.628	16.5304
13.6292	16.5929
13.6307	16.6554
13.6312	16.7179
13.6326	16.7804
13.634	16.8429
13.6375	16.9054
13.6382	16.9679
13.6389	17.0304
13.6395	17.0892
13.6417	17.1481
13.6438	17.2069
13.6515	17.2657
13.6659	17.3245
13.6672	17.3833
13.6692	17.4422
13.6722	17.501
13.6743	17.5598
13.6766	17.6186
13.6769	17.6775
13.6792	17.7363
13.6805	17.7951
13.6826	17.8539
13.684	17.9128
13.6856	17.9716
13.6863	18.0304
13.6877	18.086
13.69	18.1415
13.6904	18.1971
13.6997	18.2526
13.7097	18.3082
13.7119	18.3637
13.7131	18.4193
13.7139	18.4749
13.7152	18.5304
13.7175	18.586
13.7186	18.6415
13.72	18.6971
13.7214	18.7526
13.7244	18.8082
13.7257	18.8637
13.7274	18.9193
13.7286	18.9749
13.73	19.0304
13.7339	19.083
13.7381	19.1357
13.7395	19.1883
13.7466	19.2409
13.7602	19.2936
13.761	19.3462
13.7623	19.3988
13.764	19.4515
13.765	19.5041
13.7667	19.5567
13.7678	19.6094
13.7692	19.662
13.7706	19.7146
13.7721	19.7672
13.7733	19.8199
13.7748	19.8725
13.7767	19.9251
13.7787	19.9778
13.7812	20.0304
13.7831	20.0804
13.7874	20.1304
13.788	20.1804
13.7912	20.2304
13.7958	20.2804
13.7974	20.3304
13.7984	20.3804
13.7998	20.4304
13.8013	20.4804
13.8025	20.5304
13.804	20.5804
13.8056	20.6304
13.8066	10.3152
13.808	10.4152
13.8096	10.5152
13.8107	10.6152
13.8122	10.7152
13.8137	10.8152
13.8158	10.9152
13.8179	11.0152
13.8198	11.1061
13.8298	11.197
13.8305	11.2879
13.8324	11.3788
13.8339	11.4697
13.836	11.5607
13.8367	11.6516
13.8396	11.7425
13.8404	11.8334
13.8431	11.9243
13.8447	12.0152
13.8459	12.0985
13.8672	6.04927
13.8679	6.21593
13.8697	6.3826
13.8703	6.54927
13.871	6.71593
13.8717	6.8826
13.8724	7.04927
13.8731	7.19213
13.8758	7.33498
13.8779	7.47784
13.8785	7.6207
13.8813	7.76355
13.9083	7.90641
13.909	8.04927
13.9106	8.17427
13.9117	8.29927
13.9138	8.42427
13.9159	8.54927
13.9193	8.67427
13.9488	8.79927
13.9505	8.92427
13.9517	9.04927
13.953	9.16038
13.9545	9.27149
13.9552	9.3826
13.9574	9.49371
13.9608	9.60482
13.9923	9.71593
13.9939	9.82705
13.9947	9.93816
13.9963	10.0493
13.9977	10.1493
13.9991	10.2493
14.0006	10.3493
14.0019	10.4493
14.006	10.5493
14.038	10.6493
14.0391	10.7493
14.04	10.8493
14.0416	10.9493
14.0429	11.0493
14.0441	11.1402
14.0456	11.2311
14.0472	11.322
14.0486	11.4129
14.0534	11.5038
14.0837	11.5947
14.0853	11.6856
14.086	11.7765
14.0873	11.8675
14.0893	11.9584
14.0921	12.0493
14.0928	12.1326
14.0936	12.2159
14.0941	12.2993
14.0948	12.3826
14.0987	12.4659
14.131	12.5493
14.1329	12.6326
14.1336	12.7159
14.1348	12.7993
14.1361	12.8826
14.1374	12.9659
14.139	13.0493
14.1402	13.1262
14.1416	13.2031
14.1433	13.28
14.1444	13.357
14.1488	13.4339
14.182	13.5108
14.1831	13.5877
14.1845	13.6647
14.1852	13.7416
14.1863	13.8185
14.1877	13.8954
14.1891	13.9723
14.1905	14.0493
14.1918	14.1207
14.1932	14.1921
14.1946	14.2636
14.1959	14.335
14.2008	14.4064
14.2372	14.4778
14.2389	14.5493
14.2393	14.6207
14.2407	14.6921
14.2431	14.7636
14.2444	14.835
14.2459	14.9064
14.2472	14.9778
14.2479	15.0493
14.2493	15.1159
14.2516	15.1826
14.254	15.2493
14.2554	15.3159
14.2595	15.3826
14.2884	15.4493
14.2896	15.5159
14.2914	15.5826
14.2937	15.6493
14.2944	15.7159
14.2956	15.7826
14.2978	15.8493
14.2984	15.9159
14.2998	15.9826
14.3004	16.0493
14.3012	16.1118
14.3025	16.1743
14.3039	8.08713
14.306	8.21213
14.3093	8.33713
14.3399	8.46213
14.3404	8.58713
14.3411	8.71213
14.3419	8.83713
14.3425	8.96213
14.3432	9.08713
14.3444	9.19825
14.3456	9.30936
14.3463	9.42047
14.3477	9.53158
14.3491	9.64269
14.3507	9.7538
14.3532	9.86491
14.3905	9.97602
14.3913	10.0871
14.392	10.1871
14.3927	10.2871
14.3934	10.3871
14.3941	10.4871
14.3948	10.5871
14.3968	10.6871
14.3981	10.7871
14.4255	10.8871
14.4266	10.9871
14.4273	11.0871
14.428	11.178
14.4289	11.269
14.4293	11.3599
14.43	11.4508
14.4309	11.5417
14.4314	11.6326
14.4321	11.7235
14.4588	11.8144
14.4608	11.9053
14.4623	11.9962
14.4637	12.0871
14.4651	12.1705
14.4671	12.2538
14.4679	12.3371
14.4688	12.4205
14.4693	12.5038
14.4701	12.5871
14.4707	12.6705
14.4973	12.7538
14.4987	12.8371
14.5	12.9205
14.5021	13.0038
14.5035	13.0807
14.5056	13.1576
14.5062	13.2346
14.5089	13.3115
14.5103	13.3884
14.511	13.4653
14.5119	13.5423
14.5125	13.6192
14.5393	13.6961
14.5406	13.773
14.5421	13.85
14.5434	13.9269
14.5448	14.0038
14.5462	14.0752
14.5501	14.1467
14.5508	14.2181
14.5538	14.2895
14.5551	14.3609
14.5565	14.4324
14.5572	14.5038
14.5586	14.5752
14.5858	14.6467
14.5863	14.7181
14.5875	14.7895
14.5885	14.8609
14.59	14.9324
14.5913	15.0038
14.592	15.0705
14.5941	15.1371
14.5948	7.56857
14.5962	7.71142
14.6006	7.85428
14.6026	7.99714
14.6033	8.14
14.6047	8.265
14.6279	8.39
14.63	8.515
14.6307	8.64
14.6313	8.765
14.6335	8.89
14.6342	9.015
14.6349	9.12611
14.6356	9.23722
14.637	9.34833
14.6681	9.45944
14.6689	9.57055
14.6696	9.68166
14.6712	9.79277
14.6721	9.90388
14.6729	10.015
14.6734	10.115
14.674	10.215
14.6749	10.315
14.7038	10.415
14.7051	10.515
14.7066	10.615
14.7079	10.715
14.7086	10.815
14.7093	10.915
14.7102	11.015
14.7107	11.1059
14.7114	11.1968
14.7127	11.2877
14.7343	11.3786
14.7358	11.4695
14.7371	11.5605
14.7391	11.6514
14.7406	11.7423
14.7412	11.8332
14.7418	11.9241
14.7426	12.015
14.7433	12.0983
14.7447	12.1817
14.7454	12.265
14.7565	12.3483
14.762	12.4317
14.7678	12.515
14.7692	12.5983
14.7699	12.6817
14.7706	6.34083
14.7719	6.5075
14.7734	6.67416
14.7751	6.84083
14.7756	7.0075
14.7764	7.15035
14.777	7.29321
14.7782	7.43607
14.7788	7.57893
14.7817	7.72178
14.7831	7.86464
14.7842	8.0075
14.7987	8.1325
14.8027	8.2575
14.8055	8.3825
14.8068	8.5075
14.8083	8.6325
14.8096	8.7575
14.8109	8.8825
14.8123	9.0075
14.8254	9.11861
14.8281	9.22972
14.8308	9.34083
14.8323	9.45194
14.8343	9.56305
14.8353	9.67416
14.8367	9.78528
14.8381	9.89639
14.8388	10.0075
14.8525	10.1075
14.8553	10.2075
14.8573	10.3075
14.859	10.4075
14.8603	10.5075
14.8616	10.6075
14.8637	10.7075
14.8644	10.8075
14.8651	10.9075
14.8665	11.0075
14.8784	11.0984
14.8812	11.1893
14.8839	11.2802
14.8858	11.3711
14.8868	11.462
14.8881	11.553
14.8901	11.6439
14.8909	5.82193
14.8916	6.02193
14.893	6.1886
14.8943	6.35526
14.9046	6.52193
14.9073	6.6886
14.9101	6.85526
14.9128	7.02193
14.9142	7.16479
14.9156	7.30765
14.9314	7.4505
14.9347	7.59336
14.9363	7.73622
14.9376	7.87907
14.9383	8.02193
14.9395	8.14693
14.9413	8.27193
14.9572	8.39693
14.9579	8.52193
14.9585	8.64693
14.9599	8.77193
14.9605	8.89693
14.9619	9.02193
14.9626	9.13304
14.964	9.24415
14.9798	9.35526
14.9805	9.46638
14.9812	9.57749
14.9824	9.6886
14.9831	9.79971
14.9844	9.91082
14.9851	10.0219
14.9865	10.1219
14.9873	10.2219
15.002	10.3219
15.0034	10.4219
15.0041	10.5219
15.0048	10.6219
15.0061	10.7219
15.0074	10.8219
15.0082	10.9219
15.0095	11.0219
15.0102	11.1128
15.0109	11.2037
15.0253	11.2947
15.0267	11.3856
15.0274	11.4765
15.0281	5.73824
15.0294	5.93824
15.0308	6.13824
15.0314	6.3049
15.0322	6.47157
15.0329	6.63824
15.0335	6.8049
15.0342	6.97157
15.0489	7.13824
15.0503	7.2811
15.051	7.42395
15.053	7.56681
15.0537	7.70967
15.0544	7.85252
15.0681	7.99538
15.0688	8.13824
15.0702	8.26324
15.0708	8.38824
15.0729	8.51324
15.0737	8.63824
15.0743	8.76324
15.0859	8.88824
15.0867	9.01324
15.0874	9.12435
15.0887	9.23546
15.0901	9.34657
15.0915	9.45768
15.0928	9.56879
15.0935	9.6799
15.1039	9.79102
15.1045	9.90213
15.1052	10.0132
15.1066	10.1132
15.1072	10.2132
15.1093	10.3132
15.1107	10.4132
15.1121	10.5132
15.1127	10.6132
15.1238	10.7132
15.1245	10.8132
15.1251	10.9132
15.1259	11.0132
15.1278	11.1041
15.1285	11.1951
15.1299	11.286
15.1319	11.3769
15.134	11.4678
15.1347	11.5587
15.1458	11.6496
15.1459	11.7405
15.1463	11.8314
15.147	11.9223
15.1484	12.0132
15.1491	12.0966
15.1498	6.04829
15.1512	6.21495
15.1531	6.38162
15.1553	6.54829
15.1559	6.71495
15.1676	6.88162
15.1683	7.04829
15.169	7.19114
15.1697	7.334
15.1704	7.47686
15.1711	7.61971
15.1869	7.76257
15.1876	7.90543
15.1883	8.04829
15.189	8.17329
15.1896	8.29829
15.191	8.42329
15.1923	8.54829
15.2058	8.67329
15.2065	8.79829
15.2072	8.92329
15.2078	9.04829
15.2086	9.1594
15.2098	9.27051
15.2112	9.38162
15.2119	9.49273
15.2253	9.60384
15.226	9.71495
15.2267	9.82606
15.2274	9.93717
15.228	4.96859
15.2293	5.21859
15.2309	5.41859
15.2316	5.61859
15.2323	5.81859
15.2445	6.01859
15.2452	6.18525
15.2459	6.35192
15.2466	6.51859
15.2493	6.68525
15.2609	6.85192
15.2616	7.01859
15.2626	7.16144
15.2637	7.3043
15.2648	7.44716
15.2662	7.59002
15.273	7.73287
15.2745	7.87573
15.2758	8.01859
15.2772	8.14359
15.2841	8.26859
15.2855	8.39359
15.2867	8.51859
15.2929	8.64359
15.2949	8.76859
15.2963	8.89359
15.2977	9.01859
15.299	9.1297
15.3069	9.24081
15.3083	9.35192
15.3097	9.46303
15.3145	9.57414
15.3166	9.68525
15.3179	9.79637
15.3193	9.90748
15.3207	10.0186
15.3221	10.1186
15.3296	10.2186
15.3316	10.3186
15.3337	10.4186
15.3386	10.5186
15.3416	10.6186
15.3427	10.7186
15.3441	10.8186
15.3457	10.9186
15.3469	11.0186
15.3476	11.1095
15.3558	11.2004
15.3577	11.2913
15.3599	11.3822
15.3653	11.4731
15.3667	11.564
15.3695	11.655
15.3708	11.7459
15.3722	11.8368
15.3736	11.9277
15.375	12.0186
15.3756	12.1019
15.3846	12.1853
15.3866	12.2686
15.3873	12.3519
15.3949	12.4353
15.3963	12.5186
15.399	12.6019
15.4011	12.6853
15.4025	12.7686
15.4038	12.8519
15.4052	12.9353
15.4059	13.0186
15.4066	13.0955
15.4162	13.1724
15.4183	13.2494
15.419	13.3263
15.4258	13.4032
15.4264	13.4801
15.4279	13.557
15.4299	13.634
15.4312	13.7109
15.4326	13.7878
15.434	13.8647
15.4347	13.9417
15.4354	14.0186
15.4384	14.09
15.4468	14.1614
15.4489	14.2329
15.4496	14.3043
15.4571	14.3757
15.4581	14.4472
15.4605	14.5186
15.4626	14.59
15.464	14.6614
15.4654	14.7329
15.4667	14.8043
15.4675	7.40215
15.4681	7.54501
15.4688	7.68787
15.4701	7.83072
15.4811	7.97358
15.4824	8.11644
15.4832	8.24144
15.4909	8.36644
15.4922	8.49144
15.4963	8.61644
15.4994	8.74144
15.5007	8.86644
15.5021	8.99144
15.5035	9.11644
15.5156	9.22755
15.524	9.33866
15.5254	9.44977
15.5288	9.56088
15.531	9.67199
15.5323	9.7831
15.5336	9.89421
15.5356	10.0053
15.5365	10.1053
15.5488	10.2053
15.5583	10.3053
15.5599	10.4053
15.5605	10.5053
15.5627	10.6053
15.564	10.7053
15.5654	10.8053
15.5672	10.9053
15.5689	11.0053
15.569	11.0962
15.5818	11.1871
15.5921	11.2781
15.5935	11.369
15.5941	11.4599
15.5969	11.5508
15.5983	11.6417
15.5996	11.7326
15.6017	11.8235
15.6023	11.9144
15.603	12.0053
15.6037	12.0887
15.612	12.172
15.6229	12.2553
15.6236	12.3387
15.6243	12.422
15.6278	12.5053
15.6291	12.5887
15.6312	12.672
15.6333	12.7553
15.634	12.8387
15.6347	12.922
15.6353	13.0053
15.636	13.0822
15.6451	13.1592
15.6511	13.2361
15.6518	13.313
15.6525	13.3899
15.6565	13.4669
15.6585	13.5438
15.6606	13.6207
15.6624	13.6976
15.6631	13.7746
15.6637	13.8515
15.6644	13.9284
15.6658	14.0053
15.6667	14.0768
15.6772	14.1482
15.6842	14.2196
15.6849	14.291
15.6856	14.3625
15.6898	14.4339
15.6911	14.5053
15.6918	14.5768
15.6932	14.6482
15.6943	14.7196
15.695	14.791
15.6957	14.8625
15.6964	7.43123
15.6971	7.57409
15.698	7.71695
15.709	7.85981
15.716	8.00266
15.7167	8.12766
15.7173	8.25266
15.7226	8.37766
15.724	8.50266
15.7247	8.62766
15.726	8.75266
15.7267	8.87766
15.7274	9.00266
15.7281	9.11377
15.748	9.22488
15.754	9.336
15.7553	9.44711
15.7561	9.55822
15.7575	9.66933
15.7575	9.78044
15.7581	9.89155
15.7588	10.0027
15.7595	10.1027
15.7733	10.2027
15.7788	10.3027
15.7809	10.4027
15.7822	10.5027
15.7829	10.6027
15.7836	10.7027
15.7844	10.8027
15.7851	10.9027
15.7857	11.0027
15.787	11.0936
15.7973	11.1845
15.8028	11.2754
15.8056	11.3663
15.8069	11.4572
15.8076	11.5481
15.8083	11.639
15.809	11.7299
15.8097	11.8208
15.8104	11.9118
15.8111	12.0027
15.8124	12.086
15.8213	12.1693
15.8277	12.2527
15.8311	12.336
15.8325	12.4193
15.8332	12.5027
15.8339	12.586
15.8346	12.6693
15.8353	12.7527
15.836	12.836
15.8368	12.9193
15.8375	13.0027
15.8382	13.0796
15.8485	13.1565
15.8538	13.2334
15.8585	13.3104
15.8598	13.3873
15.8605	13.4642
15.8616	13.5411
15.8623	13.618
15.8635	13.695
15.8642	13.7719
15.8649	13.8488
15.8655	13.9257
15.8663	14.0027
15.867	14.0741
15.8776	14.1455
15.8808	7.07276
15.8842	7.21562
15.8856	7.35847
15.8863	7.50133
15.8869	7.64419
15.8876	7.78705
15.8883	7.9299
15.8897	8.07276
15.8903	8.19776
15.8911	8.32276
15.8918	8.44776
15.8925	8.57276
15.8934	8.69776
15.9053	8.82276
15.9139	8.94776
15.9145	9.07276
15.9153	9.18387
15.916	9.29498
15.9166	9.40609
15.9173	9.5172
15.918	9.62832
15.9298	9.73943
15.9359	9.85054
15.9367	9.96165
15.9373	10.0728
15.938	10.1728
15.9387	10.2728
15.9393	10.3728
15.94	10.4728
15.9407	10.5728
15.9542	10.6728
15.9609	10.7728
15.9623	10.8728
15.9637	10.9728
15.9644	11.0728
15.9658	11.1637
15.9659	11.2546
15.9664	11.3455
15.9671	11.4364
15.9678	11.5273
15.9797	11.6182
15.9837	11.7091
15.9864	11.8
15.9877	11.8909
15.9891	11.9819
15.9898	12.0728
15.9904	12.1561
15.9918	12.2394
15.9919	12.3228
15.9927	12.4061
15.9933	12.4894
16.0063	12.5728
16.0076	12.6561
16.0098	12.7394
16.0119	12.8228
16.0125	12.9061
16.0132	12.9894
16.0139	13.0728
16.0146	13.1497
16.0153	13.2266
16.016	13.3035
16.0166	13.3805
16.0174	13.4574
16.0317	13.5343
16.0331	13.6112
16.0351	13.6881
16.0379	13.7651
16.0386	13.842
16.0392	13.9189
16.0399	13.9958
16.0406	14.0728
16.0413	14.1442
16.042	14.2156
16.0427	14.287
16.0434	14.3585
16.0441	14.4299
16.0566	14.5013
16.058	14.5728
16.0601	14.6442
16.0628	14.7156
16.0642	14.787
16.0651	14.8585
16.0658	14.9299
16.0664	15.0013
16.0672	15.068
16.0678	15.1347
16.0685	15.2013
16.0692	15.268
16.0702	15.3347
16.0708	15.4013
16.0823	15.468
16.0843	15.5347
16.0857	15.6013
16.0885	15.668
16.0905	15.7347
16.0919	15.8013
16.0927	15.868
16.0935	15.9347
16.0942	7.96733
16.0949	8.11019
16.0955	8.23519
16.0963	8.36019
16.0969	8.48519
16.0977	8.61019
16.0983	8.73519
16.1073	8.86019
16.1102	8.98519
16.1122	9.11019
16.1157	9.2213
16.1178	9.33241
16.1191	9.44352
16.1198	9.55463
16.1205	9.66575
16.1316	9.77686
16.1343	9.88797
16.1374	9.99908
16.1387	10.1102
16.1401	10.2102
16.1415	10.3102
16.1422	10.4102
16.1429	10.5102
16.1437	10.6102
16.1558	10.7102
16.1564	10.8102
16.1592	10.9102
16.1613	11.0102
16.162	11.1011
16.1633	11.192
16.164	11.2829
16.1654	11.3738
16.1661	11.4647
16.1668	11.5556
16.1762	11.6466
16.1775	11.7375
16.1821	11.8284
16.185	11.9193
16.1858	12.0102
16.1864	12.0935
16.1881	12.1769
16.1888	12.2602
16.1902	12.3435
16.1909	12.4269
16.1916	6.21343
16.1983	6.38009
16.1996	6.54676
16.2038	6.71343
16.2065	6.88009
16.2086	7.04676
16.2092	7.18962
16.2107	7.33248
16.2115	7.47533
16.2128	7.61819
16.2135	7.76105
16.2296	7.9039
16.2303	8.04676
16.2317	8.17176
16.2324	8.29676
16.2331	8.42176
16.2344	8.54676
16.2352	8.67176
16.2512	8.79676
16.2518	8.92176
16.2526	9.04676
16.2539	9.15787
16.2546	9.26898
16.256	9.38009
16.2575	9.49121
16.2589	9.60232
16.2719	9.71343
16.2726	9.82454
16.2733	9.93565
16.2747	10.0468
16.2754	10.1468
16.2761	10.2468
16.2768	10.3468
16.2783	10.4468
16.2795	10.5468
16.2933	10.6468
16.2947	10.7468
16.2954	10.8468
16.2968	10.9468
16.2977	11.0468
16.2981	5.52338
16.2988	5.72338
16.2995	5.92338
16.3009	6.12338
16.3016	6.29005
16.3153	6.45671
16.317	6.62338
16.3173	6.79005
16.3194	6.95671
16.3201	7.12338
16.3208	7.26624
16.3369	7.40909
16.3375	7.55195
16.3382	7.69481
16.3402	7.83767
16.3409	7.98052
16.3416	8.12338
16.3433	8.24838
16.3571	8.37338
16.3578	8.49838
16.3585	8.62338
16.3605	8.74838
16.3612	8.87338
16.3619	8.99838
16.3638	9.12338
16.364	4.56169
16.374	4.81169
16.3753	5.06169
16.3764	5.26169
16.3784	5.46169
16.3791	5.66169
16.3799	5.86169
16.3817	6.06169
16.3824	6.22836
16.3954	3.11418
16.396	3.44751
16.3967	3.78085
16.3974	4.11418
16.3981	4.36418
16.3995	4.61418
16.4139	4.86418
16.4146	5.11418
16.4153	5.31418
16.4167	5.51418
16.4317	5.71418
16.4324	5.91418
16.4331	6.11418
16.4345	6.28085
16.4352	6.44751
16.4509	6.61418
16.4528	6.78085
16.4546	6.94751
16.4553	7.11418
16.4567	7.25704
16.4574	7.39989
16.4682	7.54275
16.4717	7.68561
16.4723	7.82846
16.473	7.97132
16.4744	8.11418
16.4751	8.23918
16.4758	8.36418
16.4876	8.48918
16.4904	8.61418
16.491	8.73918
16.4917	8.86418
16.4931	8.98918
16.4938	9.11418
16.4945	9.22529
16.4952	9.3364
16.5062	9.44751
16.5099	9.55862
16.5106	9.66973
16.5113	9.78085
16.5126	9.89196
16.5133	10.0031
16.5147	10.1031
16.5154	10.2031
16.516	10.3031
16.5256	10.4031
16.529	10.5031
16.5304	10.6031
16.5312	5.30153
16.5324	5.50153
16.5333	5.70153
16.534	5.90153
16.5346	6.10153
16.5354	6.2682
16.5361	6.43487
16.5449	6.60153
16.5481	6.7682
16.5503	6.93487
16.5516	7.10153
16.5523	7.24439
16.553	7.38725
16.5619	7.53011
16.5633	7.67296
16.5648	7.81582
16.5661	7.95868
16.5675	8.10153
16.5682	8.22653
16.5689	4.11327
16.5778	4.36327
16.5792	4.61327
16.5806	4.86327
16.5819	5.11327
16.5842	5.31327
16.5847	5.51327
16.5978	5.71327
16.5992	5.91327
16.5999	6.11327
16.6006	6.27993
16.6013	6.4466
16.6157	6.61327
16.6174	6.77993
16.6181	6.9466
16.6187	7.11327
16.6196	7.25612
16.6208	7.39898
16.6335	7.54184
16.6349	7.6847
16.6357	7.82755
16.6364	7.97041
16.637	8.11327
16.6384	8.23827
16.6391	8.36327
16.6526	8.48827
16.6542	8.61327
16.655	8.73827
16.6557	8.86327
16.6563	8.98827
16.657	9.11327
16.6584	9.22438
16.6591	9.33549
16.6715	9.4466
16.6729	9.55771
16.6736	9.66882
16.6744	9.77993
16.6754	9.89104
16.6758	10.0022
16.6772	10.1022
16.6778	10.2022
16.6785	10.3022
16.6904	10.4022
16.6924	10.5022
16.6931	10.6022
16.6938	5.30108
16.6945	5.50108
16.6959	5.70108
16.6966	5.90108
16.6972	6.10108
16.6979	6.26774
16.6993	6.43441
16.7096	6.60108
16.7116	6.76774
16.7123	6.93441
16.7144	7.10108
16.7152	7.24394
16.7166	3.62197
16.7269	3.9553
16.7296	4.28863
16.7323	4.53863
16.7337	4.78863
16.7344	5.03863
16.7461	5.23863
16.7482	5.43863
16.7501	5.63863
16.751	5.83863
16.7523	6.03863
16.7619	6.2053
16.7639	6.37197
16.7653	6.53863
16.7667	6.7053
16.7687	6.87197
16.7701	7.03863
16.7776	7.18149
16.7797	7.32435
16.7811	7.46721
16.7818	7.61006
16.7831	7.75292
16.7846	7.89578
16.7852	8.03863
16.7927	8.16363
16.7948	8.28863
16.7962	8.41363
16.7969	8.53863
16.7983	8.66363
16.799	8.78863
16.8011	8.91363
16.8017	9.03863
16.8079	9.14975
16.8106	9.26086
16.812	9.37197
16.8129	9.48308
16.8143	9.59419
16.815	9.7053
16.8171	9.81641
16.8183	9.92752
16.8185	10.0386
16.8227	10.1386
16.826	10.2386
16.8282	10.3386
16.8288	10.4386
16.8302	10.5386
16.8309	10.6386
16.8329	10.7386
16.8337	10.8386
16.8344	10.9386
16.835	11.0386
16.8405	11.1295
16.8419	11.2205
16.8446	11.3114
16.8453	11.4023
16.846	11.4932
16.8474	11.5841
16.8494	5.79204
16.8501	5.99204
16.8511	6.19204
16.8515	6.35871
16.8522	6.52538
16.8562	6.69204
16.8577	6.85871
16.8616	7.02538
16.863	7.16823
16.8639	7.31109
16.8651	7.45395
16.8714	7.59681
16.872	7.73966
16.8755	7.88252
16.8762	8.02538
16.8769	8.15038
16.8775	8.27538
16.8789	8.40038
16.8851	8.52538
16.8858	8.65038
16.89	8.77538
16.8906	8.90038
16.8913	9.02538
16.892	9.13649
16.8934	4.56824
16.8948	4.81824
16.9009	5.06824
16.9017	5.26824
16.9071	5.46824
16.9078	5.66824
16.9085	5.86824
16.9099	6.06824
16.9208	6.23491
16.9229	6.40158
16.9243	6.56824
16.9256	6.73491
16.9268	6.90158
16.9277	7.06824
16.9371	7.2111
16.9391	7.35396
16.9405	7.49682
16.9419	7.63967
16.9426	7.78253
16.944	7.92539
16.9447	8.06824
16.9529	8.19324
16.9549	8.31824
16.9563	8.44324
16.9576	8.56824
16.9584	8.69324
16.9604	8.81824
16.9611	8.94324
16.9618	9.06824
16.9708	9.17936
16.9728	9.29047
16.9742	9.40158
16.9756	9.51269
16.9763	9.6238
16.9776	9.73491
16.9784	9.84602
16.9797	9.95713
16.9815	10.0682
16.9873	10.1682
16.9894	10.2682
16.9914	10.3682
16.9921	10.4682
16.9928	10.5682
16.9943	10.6682
16.995	5.33412
16.9956	5.53412
16.997	5.73412
16.9992	5.93412
17.0036	6.13412
17.0061	6.30079
17.0083	6.46746
17.009	6.63412
17.0097	6.80079
17.0106	6.96746
17.0178	7.13412
17.02	7.27698
17.0225	7.41984
17.0233	7.56269
17.024	7.70555
17.0248	3.85278
17.0332	4.18611
17.034	4.43611
17.036	4.68611
17.0366	4.93611
17.0373	5.18611
17.038	5.38611
17.0496	5.58611
17.0503	5.78611
17.051	5.98611
17.0516	6.18611
17.0524	6.35278
17.0635	6.51944
17.0642	6.68611
17.0664	6.85278
17.0671	7.01944
17.0678	3.50972
17.0685	3.84305
17.0778	4.17639
17.0785	4.42639
17.0792	4.67639
17.0799	4.92639
17.0806	5.17639
17.0922	5.37639
17.0929	5.57639
17.0936	5.77639
17.0943	5.97639
17.095	6.17639
17.1054	3.08819
17.1061	3.42153
17.1067	3.75486
17.1074	4.08819
17.1088	4.33819
17.1095	4.58819
17.12	4.83819
17.1206	5.08819
17.122	5.28819
17.1227	5.48819
17.1331	5.68819
17.1338	5.88819
17.1352	6.08819
17.1359	6.25486
17.1366	6.42153
17.1462	3.21076
17.1474	3.5441
17.1488	3.87743
17.1495	4.21076
17.1501	4.46076
17.151	4.71076
17.1602	4.96076
17.1609	5.21076
17.1616	5.41076
17.1623	5.61076
17.1677	5.81076
17.1692	6.01076
17.1705	6.17743
17.1719	6.3441
17.1732	6.51076
17.178	6.67743
17.1808	6.8441
17.1829	7.01076
17.183	7.15362
17.1842	7.29648
17.1856	7.43934
17.1904	7.58219
17.1938	7.72505
17.1959	7.86791
17.1973	8.01076
17.1979	8.13576
17.1994	8.26076
17.2	8.38576
17.2048	8.51076
17.2089	8.63576
17.2116	8.76076
17.213	8.88576
17.2137	9.01076
17.2153	9.12187
17.216	9.23299
17.2167	9.3441
17.2214	9.45521
17.2247	9.56632
17.2281	9.67743
17.2302	9.78854
17.2316	9.89965
17.2323	10.0108
17.2336	10.1108
17.2343	10.2108
17.235	10.3108
17.2398	10.4108
17.2434	10.5108
17.2476	10.6108
17.2501	10.7108
17.2515	10.8108
17.2522	10.9108
17.2529	11.0108
17.2543	11.1017
17.2558	11.1926
17.2565	11.2835
17.2612	11.3744
17.2653	11.4653
17.2695	11.5562
17.2729	11.6471
17.2742	11.738
17.275	11.8289
17.2757	11.9199
17.2763	12.0108
17.2777	12.0941
17.2784	12.1774
17.2791	12.2608
17.2839	12.3441
17.2873	12.4274
17.2921	12.5108
17.2964	12.5941
17.2983	12.6774
17.299	12.7608
17.2997	12.8441
17.3005	12.9274
17.3019	13.0108
17.3025	13.0877
17.3032	13.1646
17.3039	13.2415
17.3077	13.3185
17.3086	13.3954
17.3141	13.4723
17.3182	13.5492
17.3202	13.6261
17.3209	13.7031
17.3216	13.78
17.323	13.8569
17.3244	13.9338
17.3251	14.0108
17.3258	14.0822
17.3265	14.1536
17.3272	14.225
17.3313	14.2965
17.3326	14.3679
17.3375	14.4393
17.3439	14.5108
17.345	14.5822
17.346	14.6536
17.3467	14.725
17.3473	14.7965
17.3487	14.8679
17.3494	14.9393
17.3501	15.0108
17.3507	15.0774
17.3514	15.1441
17.3521	15.2108
17.3564	7.60538
17.3583	7.74824
17.3644	7.8911
17.3699	8.03395
17.3719	8.15895
17.3733	8.28395
17.3739	8.40895
17.3747	8.53395
17.3761	8.65895
17.3768	8.78395
17.3775	8.90895
17.3781	9.03395
17.3788	9.14506
17.3795	9.25618
17.3811	9.36729
17.398	9.4784
17.3995	9.58951
17.4001	9.70062
17.4008	9.81173
17.4015	9.92284
17.4022	10.034
17.4029	10.134
17.4043	10.234
17.4064	10.334
17.422	10.434
17.4241	10.534
17.4255	10.634
17.4262	10.734
17.4268	10.834
17.4275	10.934
17.4282	11.034
17.4289	11.1249
17.4303	11.2158
17.4323	11.3067
17.4437	11.3976
17.4456	11.4885
17.4472	11.5794
17.4479	11.6703
17.4486	11.7612
17.4492	11.8521
17.45	11.943
17.4506	12.034
17.452	12.1173
17.4527	12.2006
17.4547	12.284
17.4667	12.3673
17.4695	12.4506
17.4717	12.534
17.4724	12.6173
17.473	12.7006
17.4737	12.784
17.4744	12.8673
17.4751	12.9506
17.4765	13.034
17.4772	13.1109
17.4779	13.1878
17.4799	13.2647
17.488	13.3416
17.4908	13.4186
17.4928	13.4955
17.4935	13.5724
17.4942	13.6493
17.4948	13.7263
17.4956	13.8032
17.4963	13.8801
17.4976	13.957
17.4983	14.034
17.4991	14.1054
17.5004	14.1768
17.5018	14.2482
17.5102	14.3197
17.5131	14.3911
17.5159	14.4625
17.5167	14.534
17.5174	14.6054
17.5181	14.6768
17.5188	14.7482
17.5195	14.8197
17.5202	14.8911
17.5211	14.9625
17.5224	15.034
17.523	15.1006
17.5237	15.1673
17.5244	15.234
17.5256	15.3006
17.5282	15.3673
17.5302	15.434
17.5316	15.5006
17.533	15.5673
17.5337	15.634
17.5345	15.7006
17.5353	15.7673
17.5359	15.834
17.5366	15.9006
17.5373	15.9673
17.538	16.034
17.5387	16.0965
17.5399	8.04823
17.5413	8.17323
17.542	8.29823
17.5447	8.42323
17.5469	8.54823
17.5482	8.67323
17.5495	8.79823
17.5509	8.92323
17.5516	9.04823
17.5523	9.15934
17.553	9.27045
17.5537	9.38156
17.5544	9.49267
17.5551	9.60378
17.5558	9.71489
17.5565	9.826
17.5651	9.93712
17.5658	10.0482
17.5681	10.1482
17.5688	10.2482
17.5695	10.3482
17.5702	10.4482
17.5709	10.5482
17.5716	10.6482
17.5723	10.7482
17.5793	10.8482
17.5807	10.9482
17.5821	11.0482
17.5835	11.1391
17.5841	11.23
17.585	11.321
17.5857	11.4119
17.5863	11.5028
17.587	11.5937
17.5878	11.6846
17.5926	11.7755
17.5942	11.8664
17.5949	11.9573
17.5963	12.0482
17.597	12.1316
17.5976	12.2149
17.6002	12.2982
17.6003	12.3816
17.6004	12.4649
17.6006	12.5482
17.6011	12.6316
17.6052	12.7149
17.6073	12.7982
17.609	12.8816
17.6093	12.9649
17.61	13.0482
17.6107	6.52411
17.6114	6.69078
17.6121	6.85745
17.6128	7.02411
17.6142	7.16697
17.6155	7.30983
17.6169	7.45268
17.619	7.59554
17.6211	7.7384
17.623	7.88126
17.6237	8.02411
17.6244	8.14911
17.6251	8.27411
17.6278	8.39911
17.6299	8.52411
17.632	8.64911
17.634	8.77411
17.6354	8.89911
17.6361	9.02411
17.6368	9.13522
17.6382	9.24634
17.6407	9.35745
17.6428	9.46856
17.6449	9.57967
17.6477	9.69078
17.6498	9.80189
17.6505	9.913
17.6522	10.0241
17.6544	10.1241
17.6552	10.2241
17.6565	10.3241
17.6587	10.4241
17.6593	10.5241
17.66	10.6241
17.6614	10.7241
17.6621	10.8241
17.6634	10.9241
17.6644	11.0241
17.6662	11.115
17.6669	11.2059
17.6682	11.2968
17.6704	11.3877
17.6711	11.4787
17.6718	11.5696
17.673	11.6605
17.6737	11.7514
17.6751	11.8423
17.6758	11.9332
17.6772	12.0241
17.6785	12.1074
17.6799	12.1908
17.6817	12.2741
17.6835	12.3574
17.6842	12.4408
17.6849	12.5241
17.6863	12.6074
17.687	12.6908
17.6878	12.7741
17.6884	12.8574
17.6893	12.9408
17.6899	13.0241
17.6906	13.101
17.6924	13.178
17.6938	13.2549
17.6959	13.3318
17.6966	13.4087
17.6972	13.4857
17.6985	13.5626
17.6992	13.6395
17.7001	13.7164
17.7006	13.7933
17.7013	13.8703
17.7021	13.9472
17.7027	14.0241
17.7041	14.0955
17.7055	7.04777
17.707	7.19063
17.7081	7.33349
17.7102	7.47634
17.7108	7.6192
17.7121	7.76206
17.7129	7.90491
17.7136	8.04777
17.7143	8.17277
17.715	8.29777
17.7157	8.42277
17.717	8.54777
17.7177	8.67277
17.7185	8.79777
17.7233	8.92277
17.724	9.04777
17.7247	9.15888
17.7254	9.26999
17.726	9.3811
17.7267	9.49222
17.7274	9.60333
17.7294	9.71444
17.7338	9.82555
17.7351	9.93666
17.7358	10.0478
17.7366	10.1478
17.7373	10.2478
17.738	10.3478
17.7387	10.4478
17.7394	10.5478
17.7408	10.6478
17.7447	10.7478
17.745	10.8478
17.7458	10.9478
17.7464	11.0478
17.7471	11.1387
17.7478	11.2296
17.7485	11.3205
17.7492	11.4114
17.7499	11.5023
17.7514	11.5932
17.7549	11.6841
17.7564	11.775
17.7574	11.866
17.758	11.9569
17.7587	12.0478
17.7593	12.1311
17.76	12.2144
17.7607	6.10722
17.7614	6.27389
17.7625	6.44055
17.7633	6.60722
17.7667	6.77389
17.7681	6.94055
17.7688	7.10722
17.7701	7.25008
17.7709	7.39293
17.7715	7.53579
17.7722	7.67865
17.7729	7.8215
17.7785	7.96436
17.7791	8.10722
17.7806	8.23222
17.7813	8.35722
17.782	8.48222
17.7828	8.60722
17.7834	8.73222
17.7889	8.85722
17.7906	8.98222
17.792	9.10722
17.7927	9.21833
17.7934	9.32944
17.7942	9.44055
17.7948	9.55166
17.7955	9.66277
17.799	9.77389
17.7997	9.885
17.8011	9.99611
17.8019	10.1072
17.8026	10.2072
17.8032	10.3072
17.8039	10.4072
17.8046	10.5072
17.8059	10.6072
17.8088	10.7072
17.8101	10.8072
17.8115	10.9072
17.8122	5.45361
17.8129	5.65361
17.8136	5.85361
17.8142	6.05361
17.815	6.22028
17.8156	6.38694
17.8177	6.55361
17.8204	6.72028
17.8226	6.88694
17.824	7.05361
17.8246	7.19647
17.8254	7.33932
17.8274	7.48218
17.8308	7.62504
17.8322	7.7679
17.8335	7.91075
17.8342	8.05361
17.8355	8.17861
17.8362	8.30361
17.8383	8.42861
17.8417	8.55361
17.8438	8.67861
17.8452	8.80361
17.8459	8.92861
17.8466	9.05361
17.8472	9.16472
17.8479	9.27583
17.8493	9.38694
17.8507	9.49805
17.8521	9.60916
