time	cwndsize
0.283254	11
0.284532	12
0.2859	13
0.288634	14
0.291552	15
0.294165	16
0.295569	17
0.297019	18
0.298336	19
0.299699	20
0.309604	21
0.311056	22
0.312869	23
0.314248	24
0.315562	25
0.317166	26
0.318384	27
0.319739	28
0.323888	29
0.324646	30
0.330198	31
0.33085	32
0.332436	33
0.33359	34
0.334297	35
0.335621	36
0.337041	37
0.337761	38
0.339045	39
0.340435	40
0.363743	41
0.364818	42
0.366337	43
0.367558	44
0.369976	45
0.370341	46
0.372404	47
0.373763	48
0.37443	49
0.376642	50
0.377309	51
0.377998	52
0.378616	53
0.379967	54
0.38064	55
0.382808	56
0.384185	57
0.385763	58
0.386863	59
0.388461	60
0.393268	61
0.395174	62
0.397474	63
0.398897	64
0.399957	65
0.40132	66
0.402765	67
0.404282	68
0.404762	69
0.405544	70
0.408416	71
0.41034	72
0.411874	73
0.413042	74
0.415816	75
0.417858	76
0.419203	77
0.420575	78
0.423574	79
0.425136	80
0.450026	81
0.450221	82
0.450764	83
0.451466	84
0.452811	85
0.453497	86
0.454898	87
0.455827	88
0.456265	89
0.456975	90
0.457654	91
0.458346	92
0.459135	93
0.459891	94
0.461579	95
0.462852	96
0.463239	97
0.46408	98
0.465335	99
0.465985	100
0.467348	101
0.468035	102
0.468708	103
0.470284	104
0.471477	105
0.474179	106
0.475709	107
0.477046	108
0.478309	109
0.480389	110
0.481923	111
0.482794	112
0.483889	113
0.485202	114
0.487545	115
0.489477	116
0.490044	117
0.490862	118
0.492829	119
0.493689	120
0.503629	121
0.504264	122
0.506257	123
0.507146	124
0.507816	125
0.508362	126
0.511035	127
0.511744	128
0.514572	129
0.515185	130
0.516656	131
0.519282	132
0.520699	133
0.521446	134
0.523	135
0.524834	136
0.526171	137
0.52755	138
0.528244	139
0.529635	140
0.530976	141
0.532361	142
0.53418	143
0.535088	144
0.536476	145
0.537133	146
0.540036	147
0.541288	148
0.54385	149
0.544114	150
0.548122	151
0.550165	152
0.55158	153
0.552257	154
0.55502	155
0.557133	156
0.559228	157
0.560755	158
0.561866	159
0.563292	160
0.619426	161
0.61973	162
0.621006	163
0.621082	164
0.621135	165
0.621214	166
0.621432	167
0.621819	168
0.622069	169
0.622752	170
0.623637	171
0.624866	172
0.625313	173
0.626368	174
0.626437	175
0.627285	176
0.627726	177
0.628305	178
0.629312	179
0.630057	180
0.630668	181
0.630977	182
0.631967	91
0.632403	91.011
0.633075	91.022
0.633753	91.033
0.634583	91.044
0.635177	91.0549
0.635922	91.0659
0.636678	91.0769
0.637341	91.0879
0.637956	91.0989
0.63862	91.1099
0.63932	91.1209
0.639985	91.1319
0.640911	91.1429
0.641357	91.1538
0.642278	91.1648
0.642931	91.1758
0.643786	91.1868
0.644175	91.1978
0.645038	91.2088
0.645702	91.2198
0.646166	91.2308
0.646912	91.2418
0.647714	91.2527
0.648283	91.2637
0.648972	91.2747
0.649635	91.2857
0.650309	91.2967
0.651022	91.3077
0.651752	91.3187
0.65238	91.3297
0.653308	91.3407
0.653812	91.3516
0.654451	91.3626
0.655129	91.3736
0.656075	91.3846
0.656844	91.3956
0.657641	91.4066
0.657952	91.4176
0.658718	91.4286
0.659326	91.4396
0.660274	91.4505
0.66068	91.4615
0.661762	91.4725
0.662074	91.4835
0.662908	91.4945
0.663474	91.5055
0.664195	91.5165
0.665053	91.5275
0.665746	91.5385
0.666499	91.5495
0.667069	91.5604
0.66778	91.5714
0.668511	91.5824
0.668942	91.5934
0.669677	91.6044
0.670343	91.6154
0.67124	91.6264
0.678815	91.6374
0.679047	91.6484
0.679361	91.6593
0.680966	91.6703
0.681488	91.6813
0.683728	91.6923
0.684339	91.7033
0.68767	91.7143
0.691588	91.7253
0.692781	91.7363
0.694045	91.7473
0.695441	91.7582
0.696807	91.7692
0.698773	91.7802
0.702935	91.7912
0.704996	91.8022
0.706196	91.8132
0.706865	91.8242
0.708552	91.8352
0.709648	91.8462
0.710648	91.8571
0.711745	91.8681
0.712435	91.8791
0.713797	91.8901
0.71516	91.9011
0.717196	91.9121
0.719273	91.9231
0.720685	91.9341
0.722033	91.9451
0.722719	91.956
0.724824	91.967
0.726174	91.978
0.726966	91.989
0.728909	92
0.730329	92.011
0.730981	92.0219
0.732333	92.0327
0.734395	92.0436
0.735109	92.0545
0.737138	92.0653
0.737892	92.0762
0.739177	92.0871
0.740592	92.0979
0.74271	92.1088
0.744741	92.1197
0.746844	92.1306
0.750659	92.1414
0.752832	92.1523
0.754852	92.1632
0.756292	92.174
0.757641	92.1849
0.759003	92.1958
0.760413	92.2066
0.761741	92.2175
0.764509	92.2284
0.765864	92.2392
0.767946	92.2501
0.769675	92.261
0.771039	92.2719
0.772435	92.2827
0.773811	92.2936
0.774534	92.3045
0.775894	92.3153
0.777222	92.3262
0.779229	92.3371
0.780545	92.3479
0.783279	92.3588
0.784649	92.3697
0.788101	92.3806
0.790148	92.3914
0.792169	92.4023
0.794251	92.4132
0.796294	92.424
0.797697	92.4349
0.799106	92.4458
0.800456	92.4566
0.802506	92.4675
0.80457	92.4784
0.805241	92.4892
0.806735	92.5001
0.853741	92.511
0.854022	92.5219
0.855012	92.5327
0.855546	92.5436
0.856461	92.5545
0.85686	92.5653
0.857718	92.5762
0.85816	92.5871
0.859068	92.5979
0.859592	92.6088
0.860245	92.6197
0.861203	92.6306
0.86228	92.6414
0.862981	92.6523
0.863663	92.6632
0.864498	92.674
0.865045	92.6849
0.86572	92.6958
0.866476	92.7066
0.867082	92.7175
0.867796	92.7284
0.868529	92.7392
0.869493	92.7501
0.870158	92.761
0.87069	92.7719
0.871696	92.7827
0.872199	92.7936
0.872937	92.8045
0.873714	92.8153
0.874331	92.8262
0.874943	92.8371
0.875893	92.8479
0.876345	92.8588
0.877047	92.8697
0.877709	92.8806
0.878394	92.8914
0.879045	92.9023
0.879741	92.9132
0.88046	92.924
0.881162	92.9349
0.881887	92.9458
0.882487	92.9566
0.883222	92.9675
0.887588	92.9784
0.887675	92.9892
0.887807	93.0001
0.887919	93.0109
0.887953	93.0216
0.888258	93.0324
0.888388	93.0431
0.888907	93.0539
0.889735	93.0646
0.890272	93.0754
0.890934	93.0861
0.891667	93.0969
0.892363	93.1076
0.893229	93.1184
0.893739	93.1292
0.894635	93.1399
0.895354	93.1507
0.895815	46.5753
0.896752	46.5971
0.897105	46.6188
0.897924	46.6405
0.89881	46.6623
0.899221	46.684
0.900438	46.7058
0.900835	46.7275
0.901426	46.7492
0.902103	46.771
0.902638	46.7927
0.90334	46.8145
0.904057	46.8362
0.904655	46.8579
0.905405	46.8797
0.906267	46.9014
0.90716	46.9232
0.907738	46.9449
0.908454	46.9666
0.90888	46.9884
0.909626	47.0101
0.9102	47.0314
0.910925	47.0527
0.911772	47.0739
0.913654	47.0952
0.914565	47.1165
0.916987	47.1378
0.917242	47.159
0.917966	47.1803
0.918739	47.2016
0.919583	47.2229
0.921719	47.2442
0.922953	47.2654
0.924569	47.2867
0.925613	47.308
0.926915	47.3293
0.928945	47.3505
0.931279	47.3718
0.932557	47.3931
0.933921	47.4144
0.935436	47.4356
0.936827	47.4569
0.938129	47.4782
0.939388	47.4995
0.941449	47.5207
0.942155	47.542
0.943488	47.5633
0.944873	47.5846
0.946249	47.6059
0.947652	47.6271
0.948998	47.6484
0.9504	47.6697
0.951752	47.691
0.953923	47.7122
0.954574	47.7335
0.955933	47.7548
0.956564	47.7761
0.958658	47.7973
0.960807	47.8186
0.96203	47.8399
0.962707	47.8612
0.96344	47.8825
0.964776	47.9037
0.965474	47.925
0.966174	47.9463
0.967546	47.9676
0.968614	47.9888
0.968921	48.0101
0.970261	48.0309
0.970978	48.0518
0.972928	48.0726
0.974255	48.0934
0.976347	48.1143
0.980459	48.1351
0.980541	48.1559
0.980663	48.1768
0.980852	48.1976
0.981048	48.2184
0.981375	48.2393
0.982711	48.2601
0.983517	48.2809
0.985886	48.3018
0.986537	48.3226
0.987236	48.3434
0.988194	48.3643
0.989335	48.3851
0.990719	48.4059
0.992055	48.4268
0.99287	48.4476
0.993389	48.4684
0.994113	48.4893
1.00175	48.5101
1.00239	48.5309
1.0038	48.5518
1.00514	48.5726
1.0065	48.5934
1.00787	48.6143
1.00861	48.6351
1.00924	48.6559
1.00999	48.6768
1.01082	48.6976
1.01196	48.7184
1.01337	48.7393
1.01409	48.7601
1.01473	48.7809
1.01546	48.8018
1.01612	48.8226
1.017	48.8434
1.01816	48.8643
1.01888	48.8851
1.01967	48.9059
1.02093	48.9268
1.02158	48.9476
1.02232	48.9684
1.02294	48.9893
1.02374	49.0101
1.02448	24.5051
1.02505	24.5467
1.02641	24.5884
1.02791	24.6301
1.03023	24.6717
1.05311	24.7134
1.05378	24.7551
1.05583	24.7967
1.05653	24.8384
1.05724	24.8801
1.0586	24.9217
1.05996	24.9634
1.06134	25.0051
1.06272	25.0451
1.06409	25.0851
1.06545	25.1251
1.06685	25.1651
1.06905	25.2051
1.07042	25.2451
1.07176	25.2851
1.07315	25.3251
1.07552	25.3651
1.07689	25.4051
1.08341	25.4451
1.08503	25.4851
1.08614	25.5251
1.08756	25.5651
1.08887	25.6051
1.09025	25.6451
1.09166	25.6851
1.09312	25.7251
1.0944	25.7651
1.09638	25.8051
1.09703	25.8451
1.09906	25.8851
1.10043	25.9251
1.10182	25.9651
1.10318	26.0051
1.10457	26.0435
1.10596	26.082
1.1073	26.1204
1.10872	26.1589
1.11005	26.1974
1.11144	26.2358
1.11294	26.2743
1.11418	26.3127
1.11565	26.3512
1.11692	26.3897
1.11963	26.4281
1.18793	26.4666
1.18967	26.5051
1.19175	26.5435
1.19374	26.582
1.19583	26.6204
1.19786	26.6589
1.19994	26.6974
1.20202	26.7358
1.20407	26.7743
1.20542	26.8127
1.20885	26.8512
1.20955	26.8897
1.21162	26.9281
1.21373	26.9666
1.21512	27.0051
1.21644	27.0421
1.21782	27.0791
1.22125	27.1162
1.22263	27.1532
1.22328	27.1902
1.22535	27.2273
1.22744	27.2643
1.22881	27.3014
1.22946	27.3384
1.23084	27.3754
1.23151	27.4125
1.2691	27.4495
1.26984	27.4865
1.27125	27.5236
1.27186	27.5606
1.27278	27.5976
1.27333	27.6347
1.27393	27.6717
1.27469	27.7088
1.27536	27.7458
1.2774	27.7828
1.27942	27.8199
1.28079	27.8569
1.28372	27.8939
1.2849	27.931
1.28697	27.968
1.28836	28.0051
1.28969	28.0408
1.2911	28.0765
1.29245	28.1122
1.29392	28.1479
1.29523	28.1836
1.29661	28.2193
1.29798	28.2551
1.29936	28.2908
1.30069	28.3265
1.30279	28.3622
1.30346	28.3979
1.33112	28.4336
1.33315	28.4693
1.33657	28.5051
1.33799	28.5408
1.34139	28.5765
1.3428	28.6122
1.3449	28.6479
1.34769	28.6836
1.34836	28.7193
1.35037	28.7551
1.35264	28.7908
1.35384	28.8265
1.35734	28.8622
1.35876	28.8979
1.36227	28.9336
1.36437	28.9693
1.36576	29.0051
1.36789	29.0395
1.3692	29.074
1.36975	29.1085
1.37062	29.143
1.37177	29.1775
1.37271	14.5887
1.37392	14.6602
1.37467	14.7316
1.37535	14.803
1.37595	14.8744
1.37661	14.9459
1.39096	15.0173
1.39226	15.084
1.39319	15.1506
1.3938	15.2173
1.39493	15.284
1.39562	15.3506
1.39653	15.4173
1.39791	15.484
1.39868	15.5506
1.39904	15.6173
1.40112	15.684
1.40178	15.7506
1.40545	15.8173
1.40742	15.884
1.41159	15.9506
1.41349	16.0173
1.42587	16.0798
1.4293	16.1423
1.4321	16.2048
1.4341	16.2673
1.43479	16.3298
1.43835	16.3923
1.44331	16.4548
1.44355	16.5173
1.44418	16.5798
1.44467	16.6423
1.44527	16.7048
1.44598	16.7673
1.44662	16.8298
1.44731	16.8923
1.44805	16.9548
1.44899	17.0173
1.44951	17.0761
1.45015	17.135
1.45079	17.1938
1.45278	17.2526
1.45326	17.3114
1.4543	17.3702
1.46218	17.4291
1.46419	17.4879
1.46555	17.5467
1.46714	17.6055
1.46838	17.6644
1.46986	17.7232
1.47108	17.782
1.47316	17.8408
1.47473	17.8997
1.47613	17.9585
1.47706	18.0173
1.47886	18.0729
1.47958	18.1284
1.48039	18.184
1.48095	18.2395
1.48249	18.2951
1.48511	18.3506
1.49379	18.4062
1.49503	18.4618
1.4961	18.5173
1.49666	18.5729
1.49713	18.6284
1.49851	18.684
1.49992	18.7395
1.50078	18.7951
1.502	18.8506
1.50335	18.9062
1.50402	18.9618
1.50558	19.0173
1.50678	19.0699
1.50925	19.1226
1.50979	19.1752
1.51049	19.2278
1.51322	19.2805
1.51604	19.3331
1.52479	19.3857
1.52494	19.4384
1.52632	19.491
1.52648	19.5436
1.5267	19.5963
1.52715	19.6489
1.52853	19.7015
1.5299	19.7541
1.53123	19.8068
1.53267	19.8594
1.53473	19.912
1.53605	19.9647
1.53747	20.0173
1.53882	20.0673
1.54153	20.1173
1.54224	20.1673
1.54294	20.2173
1.54501	20.2673
1.54843	20.3173
1.55815	20.3673
1.55831	20.4173
1.55858	20.4673
1.55874	20.5173
1.55889	20.5673
1.55896	20.6173
1.55909	20.6673
1.55925	20.7173
1.55956	20.7673
1.55975	20.8173
1.56006	20.8673
1.5605	20.9173
1.56196	20.9673
1.5638	21.0173
1.5641	21.0649
1.56468	21.1125
1.56617	21.1602
1.56743	21.2078
1.57039	21.2554
1.573	21.303
1.58838	21.3506
1.58989	21.3983
1.59069	21.4459
1.59128	21.4935
1.59198	21.5411
1.59268	21.5887
1.59334	21.6364
1.59493	21.684
1.59838	21.7316
1.59952	21.7792
1.60098	21.8268
1.60169	21.8744
1.60245	21.9221
1.60294	21.9697
1.60454	22.0173
1.60551	22.0628
1.60641	22.1082
1.60704	22.1537
1.60851	22.1991
1.60913	22.2446
1.6098	22.29
1.61586	22.3355
1.61604	22.3809
1.61681	22.4264
1.61744	22.4719
1.61808	22.5173
1.61883	22.5628
1.61956	22.6082
1.62016	22.6537
1.6209	22.6991
1.62156	22.7446
1.62224	22.79
1.62294	22.8355
1.62361	22.8809
1.62431	22.9264
1.62506	22.9719
1.62576	23.0173
1.62683	23.0608
1.62725	23.1043
1.62803	23.1477
1.62917	23.1912
1.6295	23.2347
1.6301	23.2782
1.64707	23.3217
1.64854	23.3651
1.64985	23.4086
1.65053	23.4521
1.65169	23.4956
1.6536	23.539
1.65472	23.5825
1.65593	23.626
1.65718	23.6695
1.65919	23.713
1.65997	23.7564
1.66084	23.7999
1.66191	23.8434
1.66267	23.8869
1.66412	23.9303
1.66545	23.9738
1.6662	24.0173
1.66701	24.059
1.66815	24.1006
1.66887	24.1423
1.66982	24.184
1.67042	24.2256
1.67338	24.2673
1.68052	24.309
1.6807	24.3506
1.68107	24.3923
1.68204	24.434
1.68336	24.4756
1.68471	24.5173
1.6861	24.559
1.68697	24.6006
1.68755	24.6423
1.68844	24.684
1.68888	24.7256
1.68963	24.7673
1.69024	24.809
1.69094	24.8506
1.69163	24.8923
1.69232	24.934
1.69303	24.9756
1.69374	25.0173
1.69442	25.0573
1.69649	25.0973
1.6979	25.1373
1.69927	25.1773
1.70694	25.2173
1.72261	25.2573
1.72828	25.2973
1.72989	25.3373
1.73009	25.3773
1.73234	25.4173
1.73349	25.4573
1.73487	25.4973
1.73627	25.5373
1.7376	25.5773
1.73851	25.6173
1.7398	25.6573
1.74041	25.6973
1.74108	25.7373
1.7418	25.7773
1.74251	25.8173
1.74328	25.8573
1.74379	25.8973
1.74495	25.9373
1.74604	25.9773
1.74678	26.0173
1.74742	26.0558
1.75244	26.0942
1.75742	26.1327
1.75745	26.1712
1.75888	26.2096
1.75969	26.2481
1.76861	26.2865
1.76917	26.325
1.76988	26.3635
1.77055	26.4019
1.77123	26.4404
1.77199	26.4788
1.77256	26.5173
1.77329	26.5558
1.7742	26.5942
1.77506	26.6327
1.77689	26.6712
1.77876	26.7096
1.78035	26.7481
1.7815	26.7865
1.78289	26.825
1.78357	26.8635
1.78426	26.9019
1.78629	26.9404
1.78766	26.9788
1.78907	27.0173
1.79062	27.0543
1.7918	27.0914
1.79249	27.1284
1.79452	27.1655
1.79601	27.2025
1.79838	27.2395
1.80609	27.2766
1.8062	27.3136
1.80647	27.3506
1.80654	27.3877
1.80667	27.4247
1.80698	27.4618
1.80853	27.4988
1.80943	27.5358
1.81022	27.5729
1.81107	27.6099
1.81149	27.6469
1.81219	27.684
1.81288	27.721
1.81353	27.758
1.81424	27.7951
1.81505	27.8321
1.81564	27.8692
1.81742	27.9062
1.81816	27.9432
1.81935	27.9803
1.82004	28.0173
1.82159	28.053
1.82226	28.0887
1.82311	28.1244
1.82374	28.1602
1.82481	28.1959
1.82565	28.2316
1.83912	28.2673
1.84036	28.303
1.84167	28.3387
1.84331	28.3744
1.84474	28.4102
1.84595	28.4459
1.84729	28.4816
1.84792	28.5173
1.84952	28.553
1.8507	28.5887
1.85395	28.6244
1.85604	28.6602
1.85816	28.6959
1.85951	28.7316
1.8602	28.7673
1.86155	28.803
1.86289	28.8387
1.86432	28.8744
1.86502	28.9102
1.86916	28.9459
1.8701	28.9816
1.87123	29.0173
1.87271	29.0518
1.87419	29.0863
1.87546	29.1208
1.87635	29.1552
1.87681	29.1897
1.87775	29.2242
1.8851	29.2587
1.88531	29.2932
1.88556	29.3277
1.88603	29.3621
1.88677	29.3966
1.88749	29.4311
1.88874	29.4656
1.88966	29.5001
1.89079	29.5345
1.89152	29.569
1.89214	29.6035
1.89303	29.638
1.89376	29.6725
1.89423	29.707
1.89582	29.7414
1.89634	29.7759
1.897	29.8104
1.89837	29.8449
1.8991	29.8794
1.9009	29.9139
1.90108	29.9483
1.90191	29.9828
1.90322	30.0173
1.90477	30.0506
1.90614	30.084
1.90739	30.1173
1.90877	30.1506
1.9101	30.184
1.91076	30.2173
1.92946	30.2506
1.93022	30.284
1.93153	30.3173
1.93291	30.3506
1.93431	30.384
1.93563	30.4173
1.93703	30.4506
1.93842	30.484
1.93917	30.5173
1.93982	30.5506
1.94049	30.584
1.94116	30.6173
1.94189	30.6506
1.94285	30.684
1.94327	30.7173
1.94389	30.7506
1.94463	30.784
1.94532	30.8173
1.946	30.8506
1.95079	30.884
1.95196	30.9173
1.95268	30.9506
1.95401	30.984
1.95558	31.0173
1.95746	31.0496
1.95975	31.0818
1.96032	31.1141
1.96112	31.1463
1.96231	31.1786
1.96379	31.2109
1.97538	31.2431
1.97638	31.2754
1.977	31.3076
1.97874	31.3399
1.97944	31.3721
1.98013	31.4044
1.9815	31.4367
1.98285	31.4689
1.9843	31.5012
1.9856	31.5334
1.987	31.5657
1.98835	31.598
1.98971	31.6302
1.9911	31.6625
1.99256	31.6947
1.9939	31.727
1.9952	31.7592
1.9966	31.7915
1.99863	31.8238
1.9997	31.856
2.00009	31.8883
2.00155	31.9205
2.00287	31.9528
2.00416	31.985
2.00487	32.0173
2.00626	32.0486
2.00796	32.0798
2.00804	32.1111
2.00903	32.1423
2.0097	32.1736
2.01112	32.2048
2.02167	32.2361
2.02238	32.2673
2.02373	32.2986
2.02439	32.3298
2.02589	32.3611
2.02715	32.3923
2.02783	32.4236
2.02856	32.4548
2.02988	32.4861
2.03057	32.5173
2.03132	32.5486
2.03195	32.5798
2.03271	32.6111
2.03333	32.6423
2.03469	32.6736
2.03541	32.7048
2.03685	32.7361
2.03881	32.7673
2.04111	32.7986
2.04376	32.8298
2.0442	32.8611
2.04459	32.8923
2.04546	32.9236
2.04779	32.9548
2.04976	32.9861
2.05336	33.0173
2.05575	33.0476
2.05708	33.0779
2.05916	33.1082
2.06117	33.1385
2.06254	33.1688
2.06537	33.1991
2.08	33.2294
2.08074	33.2597
2.08193	33.29
2.08335	33.3203
2.08535	33.3506
2.08607	33.3809
2.08764	33.4112
2.0897	33.4415
2.09022	33.4719
2.09195	33.5022
2.09378	33.5325
2.09518	33.5628
2.09658	33.5931
2.09789	33.6234
2.09963	33.6537
2.1007	33.684
2.10204	33.7143
2.10342	33.7446
2.10482	33.7749
2.11798	33.8052
2.11952	33.8355
2.12079	33.8658
2.12169	33.8961
2.12285	33.9264
2.12355	33.9567
2.12422	33.987
2.12564	34.0173
2.12704	34.0467
2.12836	34.0761
2.1298	34.1055
2.13229	34.135
2.13365	34.1644
2.13434	34.1938
2.13993	34.2232
2.14272	34.2526
2.14407	34.282
2.1455	34.3114
2.14816	34.3408
2.15081	34.3702
2.15297	34.3997
2.15422	34.4291
2.15491	34.4585
2.15625	34.4879
2.15773	34.5173
2.16119	34.5467
2.16257	34.5761
2.16322	34.6055
2.16477	34.635
2.16531	34.6644
2.16663	34.6938
2.16738	34.7232
2.16876	34.7526
2.18074	34.782
2.18248	34.8114
2.18422	34.8408
2.18566	34.8702
2.18692	34.8997
2.18838	34.9291
2.1898	34.9585
2.19115	34.9879
2.19265	35.0173
2.19408	35.0459
2.19531	35.0744
2.19667	35.103
2.19884	35.1316
2.20087	35.1602
2.20228	35.1887
2.20694	35.2173
2.20919	35.2459
2.21065	35.2744
2.21188	35.303
2.21537	35.3316
2.21893	35.3602
2.22777	35.3887
2.22864	35.4173
2.23052	35.4459
2.23265	35.4744
2.23417	35.503
2.23579	35.5316
2.2361	35.5602
2.23817	35.5887
2.23889	35.6173
2.24052	35.6459
2.24162	35.6744
2.24299	35.703
2.24444	35.7316
2.24568	35.7602
2.24582	35.7887
2.24715	35.8173
2.25061	35.8459
2.25357	35.8744
2.2549	35.903
2.25571	35.9316
2.2583	35.9602
2.25895	35.9887
2.26036	36.0173
2.26259	36.0451
2.26312	36.0729
2.2645	36.1006
2.266	36.1284
2.26818	36.1562
2.26889	36.184
2.27041	36.2118
2.27096	36.2395
2.27338	36.2673
2.27346	36.2951
2.27851	36.3229
2.28192	36.3506
2.28554	36.3784
2.28816	36.4062
2.29031	36.434
2.29307	36.4618
2.29372	36.4895
2.2951	36.5173
2.29577	36.5451
2.2965	36.5729
2.29786	36.6006
2.29863	36.6284
2.29951	36.6562
2.30072	36.684
2.30237	36.7118
2.30329	36.7395
2.30437	36.7673
2.30574	36.7951
2.30607	36.8229
2.30693	36.8506
2.30756	36.8784
2.30929	36.9062
2.30989	36.934
2.31036	36.9618
2.31196	36.9895
2.31324	37.0173
2.31587	37.0443
2.31879	37.0714
2.32143	37.0984
2.32345	37.1254
2.32479	37.1524
2.32576	37.1795
2.32689	37.2065
2.32754	37.2335
2.32827	37.2605
2.32962	37.2876
2.33098	37.3146
2.3333	37.3416
2.33407	37.3687
2.33453	37.3957
2.3359	37.4227
2.33679	37.4497
2.33927	37.4768
2.34065	37.5038
2.34141	37.5308
2.34545	37.5578
2.34959	37.5849
2.35097	37.6119
2.35231	37.6389
2.35315	37.666
2.35394	37.693
2.35459	37.72
2.35533	37.747
2.35591	37.7741
2.35736	37.8011
2.35883	37.8281
2.35928	37.8551
2.3608	37.8822
2.36279	37.9092
2.36372	37.9362
2.36418	37.9633
2.36567	37.9903
2.36691	38.0173
2.36828	38.0436
2.37098	38.0699
2.37445	38.0963
2.37582	38.1226
2.37722	38.1489
2.37931	38.1752
2.38015	38.2015
2.38092	38.2278
2.38224	38.2541
2.38274	38.2805
2.38486	38.3068
2.38559	38.3331
2.38645	38.3594
2.38724	38.3857
2.38765	38.412
2.38833	38.4384
2.38979	38.4647
2.39049	38.491
2.39119	38.5173
2.39192	38.5436
2.39329	38.5699
2.39464	38.5963
2.39738	38.6226
2.40083	38.6489
2.40373	38.6752
2.40975	38.7015
2.41114	38.7278
2.41252	38.7541
2.41343	38.7805
2.41432	38.8068
2.41504	38.8331
2.41633	38.8594
2.41717	38.8857
2.41759	38.912
2.41823	38.9384
2.41977	38.9647
2.42093	38.991
2.42168	39.0173
2.42307	39.0429
2.42437	39.0686
2.42643	39.0942
2.42785	39.1199
2.42989	39.1455
2.43195	19.5728
2.43353	19.6254
2.43402	19.678
2.43544	19.7307
2.4361	19.7833
2.43686	19.8359
2.43818	19.8885
2.43887	19.9412
2.43956	19.9938
2.4403	20.0464
2.44236	20.0964
2.44301	20.1464
2.44521	20.1964
2.44713	20.2464
2.44927	20.2964
2.44992	20.3464
2.45195	20.3964
2.45333	20.4464
2.45692	20.4964
2.45755	20.5464
2.45909	20.5964
2.45963	20.6464
2.46034	20.6964
2.46099	20.7464
2.46172	20.7964
2.46238	20.8464
2.46372	20.8964
2.46448	20.9464
2.4658	20.9964
2.46807	21.0464
2.46922	21.0941
2.47068	21.1417
2.47129	21.1893
2.47348	21.2369
2.47476	21.2845
2.47611	21.3322
2.4775	21.3798
2.47819	21.4274
2.49567	21.475
2.49634	21.5226
2.4968	21.5702
2.49751	21.6179
2.49822	21.6655
2.49892	21.7131
2.49962	21.7607
2.50045	21.8083
2.50238	21.856
2.50312	21.9036
2.50435	21.9512
2.50506	21.9988
2.50645	22.0464
2.50848	22.0919
2.51057	22.1373
2.51301	22.1828
2.51402	22.2283
2.51486	22.2737
2.51712	22.3192
2.52271	22.3646
2.52457	22.4101
2.53122	22.4555
2.53159	22.501
2.53227	22.5464
2.53294	22.5919
2.53365	22.6373
2.5352	22.6828
2.53597	22.7283
2.53708	22.7737
2.53953	22.8192
2.54027	22.8646
2.54175	22.9101
2.54398	22.9555
2.54513	23.001
2.54607	23.0445
2.54744	23.0879
2.5493	23.1314
2.55277	23.1749
2.55338	23.2184
2.55419	23.2619
2.55482	23.3053
2.55677	23.3488
2.5577	23.3923
2.57346	23.4358
2.57432	23.4792
2.57553	23.5227
2.57692	23.5662
2.5776	23.6097
2.57936	23.6532
2.57954	23.6966
2.58047	23.7401
2.58179	23.7836
2.58392	23.8271
2.58715	23.8706
2.58784	23.914
2.58878	23.9575
2.58923	24.001
2.59058	24.0427
2.59202	24.0843
2.59335	24.126
2.59544	24.1677
2.59633	24.2093
2.59746	24.251
2.59838	24.2927
2.59954	24.3343
2.60099	24.376
2.6195	24.4177
2.62034	24.4593
2.62106	24.501
2.6233	24.5427
2.62498	24.5843
2.62709	24.626
2.62844	24.6677
2.6298	24.7093
2.63128	24.751
2.63187	24.7927
2.63393	12.3963
2.63577	12.4797
2.63673	12.563
2.63824	12.6463
2.63898	12.7297
2.64045	12.813
2.6412	12.8963
2.64204	12.9797
2.64256	13.063
2.6434	13.1399
2.64392	13.2168
2.64596	13.2938
2.64678	13.3707
2.64741	13.4476
2.65647	13.5245
2.658	13.6015
2.65924	13.6784
2.6625	13.7553
2.66336	13.8322
2.66813	13.9091
2.66884	13.9861
2.67018	14.063
2.67119	14.1344
2.67224	14.2058
2.67499	14.2773
2.67643	14.3487
2.67708	14.4201
2.69316	14.4916
2.69462	14.563
2.69515	14.6344
2.69655	14.7058
2.69718	14.7773
2.69791	14.8487
2.69883	14.9201
2.69958	14.9916
2.70003	15.063
2.7013	15.1297
2.70177	15.1963
2.70213	15.263
2.70295	15.3297
2.70366	15.3963
2.73578	15.463
2.73861	15.5297
2.74198	15.5963
2.74332	15.663
2.74537	15.7297
2.74673	15.7963
2.74826	15.863
2.75103	15.9297
2.75306	15.9963
2.75516	16.063
2.75786	16.1255
2.75994	16.188
2.76131	16.2505
2.76336	16.313
2.76408	16.3755
2.77461	16.438
2.77496	16.5005
2.77509	16.563
2.77598	16.6255
2.77661	16.688
2.77752	16.7505
2.77884	16.813
2.78077	16.8755
2.78234	16.938
2.7842	17.0005
2.78497	17.0593
2.78558	17.1181
2.78629	17.177
2.78697	17.2358
2.79037	17.2946
2.79242	17.3534
2.80963	17.4123
2.81048	17.4711
2.81138	17.5299
2.81279	17.5887
2.81413	17.6476
2.81478	17.7064
2.816	17.7652
2.81893	17.824
2.82356	17.8828
2.8263	17.9417
2.82717	18.0005
2.83107	18.056
2.83456	18.1116
2.83522	18.1672
2.8366	18.2227
2.83728	18.2783
2.83866	18.3338
2.85033	18.3894
2.85251	18.4449
2.85373	18.5005
2.85832	18.556
2.85969	18.6116
2.86215	18.6672
2.86378	18.7227
2.86496	18.7783
2.86731	18.8338
2.86881	18.8894
2.87006	18.9449
2.87078	19.0005
2.87213	19.0531
2.87415	19.1058
2.87556	19.1584
2.87694	19.211
2.87783	19.2637
2.87906	19.3163
2.89171	19.3689
2.89565	19.4215
2.89767	19.4742
2.89907	19.5268
2.90181	19.5794
2.90246	19.6321
2.90338	19.6847
2.9067	19.7373
2.90949	19.79
2.91014	19.8426
2.91149	19.8952
2.91374	19.9479
2.91444	20.0005
2.9156	20.0505
2.91645	20.1005
2.91793	20.1505
2.9207	20.2005
2.92099	20.2505
2.92524	20.3005
2.93644	20.3505
2.93988	20.4005
2.94128	20.4505
2.94193	20.5005
2.94263	20.5505
2.94334	20.6005
2.95024	20.6505
2.95129	20.7005
2.95272	20.7505
2.95461	20.8005
2.95728	20.8505
2.95934	20.9005
2.96004	20.9505
2.96067	10.4752
2.96137	10.5752
2.96212	10.6752
2.96281	10.7752
2.96709	10.8752
2.96852	10.9752
2.97116	11.0752
2.98707	11.1662
2.98839	11.2571
2.98853	11.348
2.98916	11.4389
2.98978	11.5298
2.99042	11.6207
2.99261	11.7116
2.99326	11.8025
2.99602	11.8934
3.00159	11.9843
3.00322	12.0752
3.00339	12.1586
3.00696	12.2419
3.02692	12.3252
3.02755	12.4086
3.02849	12.4919
3.0296	12.5752
3.03258	12.6586
3.03448	12.7419
3.0351	12.8252
3.04107	12.9086
3.04307	12.9919
3.04489	13.0752
3.04605	6.53762
3.04687	6.70429
3.07852	6.87096
3.07989	7.03762
3.08288	7.18048
3.08471	7.32334
3.08674	7.46619
3.08744	7.60905
3.09019	7.75191
3.09439	7.89477
3.09638	8.03762
3.09778	8.16262
3.11726	8.28762
3.11796	8.41262
3.11873	8.53762
3.12061	8.66262
3.12481	8.78762
3.12685	8.91262
3.12892	9.03762
3.12956	9.14873
3.14901	9.25985
3.15065	9.37096
3.15172	9.48207
3.15322	9.59318
3.15473	9.70429
3.15547	4.85214
3.15623	5.10214
3.15662	5.30214
3.15794	5.50214
3.17329	5.70214
3.17461	5.90214
3.17526	6.10214
3.17875	6.26881
3.18078	6.43548
3.19866	6.60214
3.20066	6.76881
3.20114	6.93548
3.20229	7.10214
3.2037	7.245
3.2057	7.38786
3.2216	7.53072
3.2222	7.67357
3.22288	7.81643
3.22373	7.95929
3.22431	8.10214
3.22567	8.22714
3.2266	8.35214
3.2476	8.47714
3.249	8.60214
3.24966	8.72714
3.25056	8.85214
3.25229	8.97714
3.25242	9.10214
3.25379	9.21326
3.2551	9.32437
3.28093	9.43548
3.28218	9.54659
3.28357	9.6577
3.285	9.76881
3.28642	9.87992
3.28767	9.99103
3.28914	10.1021
3.29115	10.2021
3.29251	10.3021
3.30647	10.4021
3.30751	10.5021
3.3089	10.6021
3.30962	10.7021
3.31025	10.8021
3.31166	10.9021
3.31372	11.0021
3.31443	11.0931
3.31852	11.184
3.32057	11.2749
3.34063	11.3658
3.34253	11.4567
3.34394	11.5476
3.34524	11.6385
3.34664	11.7294
3.348	11.8203
3.34941	11.9112
3.35082	12.0021
3.35214	12.0855
3.35428	12.1688
3.35442	12.2521
3.36422	12.3355
3.36493	12.4188
3.36605	12.5021
3.36641	12.5855
3.36715	12.6688
3.36849	12.7521
3.36991	12.8355
3.3712	12.9188
3.37372	13.0021
3.37465	13.0791
3.3758	13.156
3.37669	13.2329
3.38926	13.3098
3.39112	13.3868
3.39181	13.4637
3.3926	13.5406
3.39336	13.6175
3.3955	13.6945
3.3969	13.7714
3.39823	13.8483
3.39968	13.9252
3.40106	14.0021
3.40289	14.0736
3.40379	14.145
3.40519	14.2164
3.42367	14.2879
3.42377	14.3593
3.42389	14.4307
3.42427	14.5021
3.42511	14.5736
3.4258	14.645
3.42678	14.7164
3.42738	14.7879
3.42792	14.8593
3.42858	14.9307
3.4293	15.0021
3.4307	15.0688
3.43151	15.1355
3.43209	15.2021
3.45349	15.2688
3.45657	15.3355
3.45796	15.4021
3.45848	15.4688
3.45986	15.5355
3.46122	15.6021
3.46413	15.6688
3.46482	15.7355
3.46604	15.8021
3.46672	15.8688
3.46805	15.9355
3.46898	16.0021
3.46955	16.0646
3.47035	16.1271
3.47082	16.1896
3.49232	16.2521
3.49331	16.3146
3.49483	16.3771
3.49607	16.4396
3.4966	16.5021
3.49806	16.5646
3.49881	16.6271
3.50018	16.6896
3.50085	16.7521
3.50223	16.8146
3.50373	16.8771
3.50637	16.9396
3.50788	17.0021
3.5091	17.061
3.51046	17.1198
3.51204	17.1786
3.5224	17.2374
3.52362	17.2963
3.5257	17.3551
3.52708	17.4139
3.52847	17.4727
3.53052	17.5316
3.53187	17.5904
3.53331	17.6492
3.53465	17.708
3.53606	17.7669
3.53748	17.8257
3.53829	17.8845
3.53952	17.9433
3.54019	18.0021
3.54091	18.0577
3.54245	18.1133
3.54309	18.1688
3.5612	18.2244
3.56135	18.2799
3.56185	18.3355
3.56254	18.391
3.56388	18.4466
3.56593	18.5021
3.56663	18.5577
3.56951	18.6133
3.57212	18.6688
3.5756	18.7244
3.57767	18.7799
3.57975	18.8355
3.58042	18.891
3.58184	18.9466
3.58391	19.0021
3.58595	19.0548
3.58893	19.1074
3.59032	19.16
3.60171	19.2127
3.60322	19.2653
3.6046	19.3179
3.60577	19.3706
3.60712	19.4232
3.60849	19.4758
3.60982	19.5285
3.6106	19.5811
3.61417	19.6337
3.61748	19.6864
3.619	19.739
3.62024	19.7916
3.62097	19.8443
3.62177	19.8969
3.62235	19.9495
3.62368	20.0021
3.62439	20.0521
3.62725	20.1021
3.62918	20.1521
3.63559	20.2021
3.63695	20.2521
3.63755	20.3021
3.63912	20.3521
3.64035	20.4021
3.64309	20.4521
3.64446	20.5021
3.64585	20.5521
3.64865	20.6021
3.65278	20.6521
3.65416	20.7021
3.65564	20.7521
3.65693	20.8021
3.65843	20.8521
3.65962	20.9021
3.66104	20.9521
3.66239	21.0021
3.66465	21.0498
3.66616	21.0974
3.66671	21.145
3.67886	21.1926
3.68033	21.2402
3.6806	21.2879
3.68128	21.3355
3.68264	21.3831
3.68335	21.4307
3.68405	21.4783
3.68473	21.526
3.69115	21.5736
3.69324	21.6212
3.69395	21.6688
3.69705	21.7164
3.69908	21.764
3.69985	21.8117
3.70099	21.8593
3.70392	21.9069
3.7066	21.9545
3.70793	22.0021
3.71135	22.0476
3.71553	22.0931
3.71689	22.1385
3.7221	22.184
3.72319	22.2294
3.72456	22.2749
3.72525	22.3203
3.72731	22.3658
3.72891	22.4112
3.72939	22.4567
3.73099	22.5021
3.73139	22.5476
3.73214	22.5931
3.73291	22.6385
3.73422	22.684
3.73584	22.7294
3.73628	22.7749
3.73835	22.8203
3.74143	22.8658
3.7446	22.9112
3.74635	22.9567
3.7466	23.0021
3.74837	23.0456
3.7552	23.0891
3.75697	23.1326
3.76486	23.1761
3.76619	23.2195
3.76756	23.263
3.7683	23.3065
3.76918	23.35
3.76985	23.3934
3.77105	23.4369
3.77171	23.4804
3.7724	23.5239
3.77372	23.5674
3.77511	23.6108
3.77576	23.6543
3.77719	23.6978
3.77855	23.7413
3.77994	23.7848
3.78133	23.8282
3.78346	23.8717
3.78629	23.9152
3.78751	23.9587
3.78847	24.0021
3.78957	24.0438
3.79034	24.0855
3.79229	24.1271
3.80013	24.1688
3.80083	24.2105
3.80228	24.2521
3.80377	24.2938
3.80485	24.3355
3.80554	24.3771
3.80648	24.4188
3.80772	12.2094
3.80867	12.2927
3.80971	12.3761
3.81208	12.4594
3.81264	12.5427
3.8145	12.6261
3.81601	12.7094
3.81738	12.7927
3.82085	12.8761
3.82297	12.9594
3.82732	13.0427
3.8293	13.1197
3.83072	13.1966
3.83206	13.2735
3.83341	13.3504
3.83416	13.4274
3.83487	13.5043
3.84039	13.5812
3.84695	13.6581
3.8481	13.735
3.8497	13.812
3.85078	13.8889
3.85158	13.9658
3.85282	14.0427
3.85713	14.1142
3.85768	14.1856
3.85978	14.257
3.86064	14.3285
3.86134	14.3999
3.86182	14.4713
3.86813	14.5427
3.87285	14.6142
3.87426	14.6856
3.87694	14.757
3.87817	14.8285
3.87903	14.8999
3.88037	14.9713
3.88186	15.0427
3.88321	15.1094
3.88572	15.1761
3.88717	15.2427
3.88784	15.3094
3.88852	15.3761
3.88927	15.4427
3.89201	15.5094
3.89348	15.5761
3.8941	15.6427
3.89496	15.7094
3.89551	15.7761
3.89619	15.8427
3.904	15.9094
3.90719	15.9761
3.90797	16.0427
3.90935	16.1052
3.91072	16.1677
3.9114	16.2302
3.91205	16.2927
3.91347	16.3552
3.91416	16.4177
3.91695	16.4802
3.91802	16.5427
3.91942	16.6052
3.92134	16.6677
3.92411	16.7302
3.92554	16.7927
3.92917	16.8552
3.93125	16.9177
3.93258	16.9802
3.93346	17.0427
3.93467	17.1016
3.93605	17.1604
3.93809	17.2192
3.93943	17.278
3.94011	17.3369
3.94149	17.3957
3.9465	17.4545
3.94867	17.5133
3.94912	17.5722
3.9508	17.631
3.9513	17.6898
3.95205	17.7486
3.95262	17.8074
3.95328	17.8663
3.95469	17.9251
3.95607	17.9839
3.95742	18.0427
3.95884	18.0983
3.95946	18.1539
3.96047	18.2094
3.96092	18.265
3.96167	18.3205
3.96244	18.3761
3.97161	18.4316
3.97251	18.4872
3.97321	18.5427
3.97386	18.5983
3.97526	18.6539
3.97659	18.7094
3.97736	18.765
3.97873	18.8205
3.98004	18.8761
3.98163	18.9316
3.98282	18.9872
3.98417	19.0427
3.98592	19.0954
3.9869	19.148
3.98833	19.2006
3.9899	19.2533
3.99107	19.3059
3.99245	19.3585
3.99802	19.4112
4.00427	19.4638
4.00496	19.5164
4.00692	19.5691
4.00853	19.6217
4.01042	19.6743
4.01184	19.7269
4.01385	19.7796
4.01589	19.8322
4.01802	19.8848
4.02034	19.9375
4.02042	19.9901
4.02091	20.0427
4.02151	20.0927
4.02228	20.1427
4.02296	20.1927
4.02431	20.2427
4.0252	20.2927
4.02777	20.3427
4.03285	20.3927
4.03693	20.4427
4.03781	20.4927
4.04018	20.5427
4.04046	20.5927
4.04102	20.6427
4.04239	20.6927
4.04788	20.7427
4.05052	20.7927
4.05272	20.8427
4.05505	20.8927
4.05671	20.9427
4.05711	20.9927
4.05783	21.0427
4.0587	21.0904
4.05922	21.138
4.05985	21.1856
4.06134	21.2332
4.0648	21.2808
4.06542	21.3285
4.06898	21.3761
4.07382	21.4237
4.07472	21.4713
4.07582	21.5189
4.07722	21.5665
4.07893	21.6142
4.08002	21.6618
4.08134	21.7094
4.08272	21.757
4.08408	21.8046
4.08548	21.8523
4.08688	21.8999
4.0884	21.9475
4.08961	21.9951
4.09183	22.0427
4.09259	22.0882
4.09466	22.1336
4.09537	22.1791
4.09665	22.2246
4.09946	22.27
4.10012	22.3155
4.11674	22.3609
4.11955	22.4064
4.12027	22.4518
4.12158	22.4973
4.12403	22.5427
4.12468	22.5882
4.12559	22.6336
4.12626	22.6791
4.12712	22.7246
4.1282	22.77
4.12955	22.8155
4.13026	22.8609
4.13161	22.9064
4.133	22.9518
4.1357	22.9973
4.13647	23.0427
4.13794	23.0862
4.13928	23.1297
4.14055	23.1732
4.14267	23.2167
4.14482	23.2601
4.14551	23.3036
4.15867	23.3471
4.16219	23.3906
4.16285	23.434
4.16354	23.4775
4.16419	23.521
4.16489	23.5645
4.16579	23.608
4.16628	11.804
4.16711	11.8949
4.16831	11.9858
4.16974	12.0767
4.17058	12.16
4.17318	12.2434
4.17457	12.3267
4.176	12.41
4.17797	12.4934
4.18074	12.5767
4.18142	12.66
4.18214	12.7434
4.18278	12.8267
4.18484	12.91
4.18625	12.9934
4.18899	13.0767
4.20894	13.1536
4.21455	13.2306
4.21517	13.3075
4.21652	13.3844
4.21792	13.4613
4.21859	13.5382
4.2193	13.6152
4.22408	13.6921
4.22476	13.769
4.22618	6.88451
4.22825	7.05117
4.2333	7.19403
4.23378	7.33689
4.25594	7.47974
4.25852	7.6226
4.26052	7.76546
4.26097	7.90832
4.26223	8.05117
4.26351	8.17617
4.26424	8.30117
4.26498	8.42617
4.26793	8.55117
4.30801	8.67617
4.30941	8.80117
4.31073	8.92617
4.31281	9.05117
4.31491	9.16228
4.31971	9.2734
4.32307	9.38451
4.32455	9.49562
4.34634	9.60673
4.34687	9.71784
4.34757	9.82895
4.34816	9.94006
4.3506	10.0512
4.35194	10.1512
4.35412	10.2512
4.3606	10.3512
4.36363	10.4512
4.38148	10.5512
4.38289	10.6512
4.38341	10.7512
4.3848	10.8512
4.38551	10.9512
4.38621	11.0512
4.38821	11.1421
4.39028	11.233
4.39188	11.3239
4.39231	11.4148
4.40254	11.5057
4.40266	11.5966
4.40332	11.6875
4.404	11.7784
4.40472	11.8694
4.40604	11.9603
4.40747	12.0512
4.40892	12.1345
4.41028	12.2178
4.41093	12.3012
4.41226	12.3845
4.41687	12.4678
4.41706	12.5512
4.4185	12.6345
4.41988	12.7178
4.42123	12.8012
4.42263	12.8845
4.42533	12.9678
4.42673	13.0512
4.42946	13.1281
4.43093	13.205
4.43366	13.2819
4.43506	13.3589
4.43646	13.4358
4.4366	13.5127
4.43736	13.5896
4.43781	13.6666
4.43927	13.7435
4.44059	13.8204
4.44124	13.8973
4.44331	13.9743
4.444	14.0512
4.44479	14.1226
4.44537	14.194
4.44829	14.2655
4.44907	14.3369
4.45511	14.4083
4.45586	14.4797
4.4565	14.5512
4.45798	14.6226
4.45878	14.694
4.46089	14.7655
4.46161	14.8369
4.46314	14.9083
4.46435	14.9797
4.46573	15.0512
4.46966	15.1178
4.47302	15.1845
4.48238	15.2512
4.48443	15.3178
4.48799	15.3845
4.48813	15.4512
4.49004	15.5178
4.49299	15.5845
4.49444	15.6512
4.49564	15.7178
4.497	15.7845
4.4976	15.8512
4.4985	15.9178
4.49896	15.9845
4.49967	16.0512
4.50039	16.1137
4.50142	16.1762
4.5017	16.2387
4.50243	16.3012
4.51104	16.3637
4.51371	16.4262
4.51414	16.4887
4.51546	16.5512
4.51612	16.6137
4.51683	16.6762
4.51881	16.7387
4.51884	16.8012
4.51889	16.8637
4.52019	16.9262
4.52092	16.9887
4.52227	17.0512
4.52375	17.11
4.52503	17.1688
4.52663	17.2276
4.53468	8.61382
4.54507	8.73882
4.5459	8.86382
4.54661	8.98882
4.54729	9.11382
4.54814	9.22493
4.54882	9.33604
4.54992	9.44716
4.55144	9.55827
4.55192	9.66938
4.55265	9.78049
4.55398	9.8916
4.55549	10.0027
4.55683	10.1027
4.55809	10.2027
4.55962	10.3027
4.56228	10.4027
4.56787	10.5027
4.56814	10.6027
4.56853	10.7027
4.56989	10.8027
4.57087	10.9027
4.57127	11.0027
4.57201	11.0936
4.57352	11.1845
4.57484	11.2754
4.5771	11.3663
4.59561	11.4573
4.5969	5.72863
4.59837	5.92863
4.59926	6.12863
4.59967	6.29529
4.60186	6.46196
4.60338	6.62863
4.60445	6.79529
4.60585	6.96196
4.6082	7.12863
4.6098	7.27149
4.62309	7.41434
4.62656	7.5572
4.62877	7.70006
4.6293	7.84291
4.63071	7.98577
4.6321	8.12863
4.63344	8.25363
4.6465	8.37863
4.64874	8.50363
4.65091	8.62863
4.65148	8.75363
4.65431	8.87863
4.65528	9.00363
4.6557	9.11474
4.66352	9.22585
4.68183	9.33696
4.68745	9.44807
4.68793	9.55918
4.69092	9.67029
4.69213	9.78141
4.69276	9.89252
4.69481	10.0036
4.69576	10.1036
4.69691	10.2036
4.71318	10.3036
4.71705	10.4036
4.71842	10.5036
4.7205	10.6036
4.72122	10.7036
4.72257	10.8036
4.72681	10.9036
4.72809	11.0036
4.72949	11.0945
4.73021	11.1854
4.74124	11.2764
4.74485	11.3673
4.74632	11.4582
4.7485	11.5491
4.74961	11.64
4.75213	11.7309
4.75839	11.8218
4.7597	11.9127
4.7606	12.0036
4.76118	12.087
4.76254	12.1703
4.77668	12.2536
4.78554	12.337
4.78691	12.4203
4.7882	12.5036
4.78892	12.587
4.78961	12.6703
4.79217	12.7536
4.7929	12.837
4.79388	12.9203
4.79425	13.0036
4.79489	13.0806
4.79619	13.1575
4.80195	13.2344
4.80604	13.3113
4.80816	13.3882
4.81372	13.4652
4.81429	13.5421
4.81497	13.619
4.81883	13.6959
4.81973	13.7729
4.82126	13.8498
4.82349	13.9267
4.82486	14.0036
4.82561	14.0751
4.82726	14.1465
4.83268	14.2179
4.83339	14.2893
4.83489	14.3608
4.83692	14.4322
4.83835	14.5036
4.83903	14.5751
4.84039	14.6465
4.84174	14.7179
4.84318	14.7893
4.84555	14.8608
4.84663	14.9322
4.84751	15.0036
4.84868	15.0703
4.85005	15.137
4.85713	15.2036
4.85924	15.2703
4.86064	15.337
4.86246	15.4036
4.86333	15.4703
4.86414	15.537
4.86578	15.6036
4.86599	15.6703
4.86674	15.737
4.86743	15.8036
4.86886	15.8703
4.86949	15.937
4.87089	16.0036
4.87257	16.0661
4.87362	16.1286
4.88284	16.1911
4.88314	16.2536
4.88341	16.3161
4.88418	16.3786
4.88549	16.4411
4.88709	16.5036
4.88826	16.5661
4.88895	16.6286
4.88963	16.6911
4.89261	16.7536
4.89377	16.8161
4.89726	16.8786
4.90004	16.9411
4.90147	17.0036
4.90413	17.0625
4.9048	17.1213
4.90972	17.1801
4.91043	17.2389
4.91113	17.2977
4.91188	17.3566
4.91252	17.4154
4.91402	17.4742
4.91479	17.533
4.91612	17.5919
4.91746	17.6507
4.91883	17.7095
4.91953	17.7683
4.92162	17.8272
4.92229	17.886
4.92405	17.9448
4.92556	18.0036
4.92701	18.0592
4.92826	18.1147
4.93517	18.1703
4.93796	18.2259
4.93951	18.2814
4.94007	18.337
4.94203	18.3925
4.94414	18.4481
4.94684	18.5036
4.94761	18.5592
4.94827	18.6147
4.95034	18.6703
4.95119	18.7259
4.95196	18.7814
4.95267	18.837
4.95311	18.8925
4.9538	18.9481
4.95447	19.0036
4.95515	19.0563
4.9561	19.1089
4.96358	19.1615
4.96502	19.2142
4.96628	19.2668
4.96847	19.3194
4.97009	19.372
4.9715	19.4247
4.97292	19.4773
4.97357	19.5299
4.97496	19.5826
4.97564	19.6352
4.97767	19.6878
4.97905	19.7405
4.98041	19.7931
4.98175	19.8457
4.98317	19.8984
4.98453	19.951
4.98593	20.0036
4.98727	20.0536
4.99025	20.1036
4.99319	20.1536
4.9944	20.2036
4.99599	20.2536
4.99676	20.3036
4.99805	20.3536
4.99939	20.4036
5.00075	20.4536
5.00147	20.5036
5.00221	20.5536
5.00427	20.6036
5.00493	20.6536
5.00649	20.7036
5.00707	20.7536
5.00907	20.8036
5.01013	20.8536
5.01178	20.9036
5.01197	20.9536
5.01252	21.0036
5.0133	21.0512
5.01391	21.0989
5.0189	21.1465
5.02037	21.1941
5.02086	21.2417
5.02296	21.2893
5.02363	21.337
5.0253	21.3846
5.0264	21.4322
5.02791	21.4798
5.02847	21.5274
5.02988	21.5751
5.03258	21.6227
5.03404	21.6703
5.03537	21.7179
5.03815	21.7655
5.03949	21.8132
5.04098	21.8608
5.04237	21.9084
5.04362	21.956
5.04498	22.0036
5.04583	22.0491
5.04716	22.0945
5.05754	22.14
5.05887	22.1854
5.06066	22.2309
5.06257	22.2764
5.06394	22.3218
5.06531	22.3673
5.06667	22.4127
5.06806	22.4582
5.06993	22.5036
5.07126	22.5491
5.07267	22.5945
5.07419	22.64
5.07544	22.6854
5.07678	22.7309
5.0775	22.7764
5.07902	22.8218
5.07984	22.8673
5.0811	22.9127
5.08177	22.9582
5.08226	23.0036
5.0836	23.0471
5.08436	23.0906
5.10107	23.1341
5.10344	23.1775
5.10379	23.221
5.10535	23.2645
5.10651	23.308
5.1072	23.3515
5.10927	23.3949
5.10994	23.4384
5.11196	23.4819
5.11335	23.5254
5.11407	23.5688
5.1161	23.6123
5.11821	23.6558
5.11968	23.6993
5.12024	23.7428
5.12239	23.7862
5.12299	23.8297
5.12436	23.8732
5.12576	23.9167
5.1271	23.9601
5.12851	24.0036
5.12921	24.0453
5.1315	24.087
5.14035	24.1286
5.14108	24.1703
5.14194	24.212
5.14237	24.2536
5.14313	24.2953
5.1445	24.337
5.1452	24.3786
5.1459	24.4203
5.14659	24.462
5.14724	24.5036
5.14864	24.5453
5.1514	12.2726
5.15621	12.356
5.15925	12.4393
5.16204	12.5226
5.16665	12.606
5.16872	12.6893
5.17019	12.7726
5.17426	12.856
5.17648	12.9393
5.17721	13.0226
5.17776	13.0996
5.17865	13.1765
5.18222	13.2534
5.19051	13.3303
5.19346	13.4073
5.19378	13.4842
5.19463	13.5611
5.19588	13.638
5.19607	13.715
5.1975	13.7919
5.19841	13.8688
5.19894	13.9457
5.19943	14.0226
5.20079	14.0941
5.21325	7.04704
5.21523	7.1899
5.22729	7.33275
5.22922	7.47561
5.2306	7.61847
5.2349	7.76132
5.23745	7.90418
5.23813	8.04704
5.24391	8.17204
5.24429	8.29704
5.2457	8.42204
5.24708	8.54704
5.24865	8.67204
5.25022	8.79704
5.26593	8.92204
5.26664	9.04704
5.27607	9.15815
5.27624	9.26926
5.28225	9.38037
5.28315	9.49148
5.28451	9.60259
5.28542	9.7137
5.30987	9.82482
5.31111	9.93593
5.31274	10.047
5.31313	10.147
5.31415	10.247
5.31452	10.347
5.31534	10.447
5.31614	10.547
5.31727	10.647
5.35277	10.747
5.35394	10.847
5.3553	10.947
5.35597	11.047
5.35667	11.1379
5.35876	11.2289
5.3601	11.3198
5.36087	11.4107
5.36289	11.5016
5.36428	11.5925
5.37513	11.6834
5.37658	11.7743
5.37789	11.8652
5.37878	11.9561
5.38002	12.047
5.38132	12.1304
5.38678	12.2137
5.3883	12.297
5.38996	12.3804
5.39771	12.4637
5.39916	12.547
5.40917	12.6304
5.41048	12.7137
5.41187	12.797
5.41345	12.8804
5.41469	12.9637
5.4167	13.047
5.41807	13.124
5.41948	13.2009
5.42157	13.2778
5.42375	13.3547
5.42434	13.4317
5.42505	13.5086
5.4421	13.5855
5.4426	13.6624
5.44419	13.7393
5.44475	13.8163
5.44613	13.8932
5.44747	13.9701
5.44883	14.047
5.45028	14.1185
5.45093	14.1899
5.45358	14.2613
5.45494	14.3328
5.4564	14.4042
5.4578	14.4756
5.47246	14.547
5.47397	14.6185
5.47522	14.6899
5.47683	14.7613
5.47864	14.8328
5.48094	14.9042
5.48282	14.9756
5.48426	15.047
5.48557	15.1137
5.48696	15.1804
5.48902	15.247
5.49119	15.3137
5.49244	15.3804
5.49381	15.447
5.51044	15.5137
5.51181	15.5804
5.51262	15.647
5.51335	15.7137
5.51385	15.7804
5.51528	15.847
5.51658	15.9137
5.51742	15.9804
5.51873	16.047
5.51942	16.1095
5.52268	16.172
5.52479	16.2345
5.52601	16.297
5.52742	16.3595
5.52877	16.422
5.53712	16.4845
5.53913	16.547
5.53985	16.6095
5.5412	16.672
5.54201	16.7345
5.54325	16.797
5.54457	16.8595
5.54599	16.922
5.54733	16.9845
5.54872	17.047
5.55029	17.1059
5.55214	17.1647
5.5542	17.2235
5.55554	17.2823
5.55695	17.3412
5.55902	17.4
5.56361	17.4588
5.56378	17.5176
5.56388	17.5764
5.56392	17.6353
5.56468	17.6941
5.5654	17.7529
5.56681	17.8117
5.56944	17.8706
5.57043	17.9294
5.57109	17.9882
5.57156	18.047
5.57437	18.1026
5.57707	18.1581
5.5791	18.2137
5.5805	18.2693
5.58187	18.3248
5.58324	18.3804
5.58953	18.4359
5.59093	18.4915
5.59247	18.547
5.5939	18.6026
5.59435	18.6581
5.59527	18.7137
5.59637	18.7693
5.59705	18.8248
5.59844	18.8804
5.60002	18.9359
5.60148	18.9915
5.60182	19.047
5.60252	19.0997
5.60324	19.1523
5.6039	19.2049
5.60529	19.2576
5.60599	19.3102
5.60736	19.3628
5.61455	19.4155
5.61574	19.4681
5.61642	19.5207
5.61707	19.5734
5.61845	19.626
5.61985	19.6786
5.62129	19.7312
5.62191	19.7839
5.62258	19.8365
5.62328	19.8891
5.62537	19.9418
5.62675	19.9944
5.62766	20.047
5.62883	20.097
5.62957	20.147
5.63019	20.197
5.63254	20.247
5.63368	20.297
5.63449	20.347
5.64135	20.397
5.6422	20.447
5.64341	20.497
5.64476	20.547
5.64641	20.597
5.64698	20.647
5.64819	20.697
5.64983	20.747
5.65031	20.797
5.65233	20.847
5.65448	20.897
5.65577	20.947
5.65741	20.997
5.65848	21.047
5.66126	21.0947
5.66267	21.1423
5.66415	21.1899
5.66555	21.2375
5.66683	21.2851
5.66745	21.3328
5.67667	21.3804
5.67805	21.428
5.67956	21.4756
5.68009	21.5232
5.681	21.5708
5.68213	21.6185
5.68302	21.6661
5.68625	21.7137
5.68763	21.7613
5.68899	21.8089
5.6912	21.8566
5.69239	21.9042
5.69445	21.9518
5.6958	21.9994
5.6972	22.047
5.69864	22.0925
5.70033	22.1379
5.7027	22.1834
5.70476	22.2289
5.70753	22.2743
5.71025	22.3198
5.71929	22.3652
5.72088	22.4107
5.72276	22.4561
5.72415	22.5016
5.72481	22.547
5.72554	22.5925
5.72613	22.6379
5.72756	22.6834
5.72831	22.7289
5.72898	22.7743
5.72965	22.8198
5.73045	22.8652
5.73116	22.9107
5.73197	22.9561
5.73245	23.0016
5.73337	23.0451
5.73581	23.0885
5.73799	23.132
5.7394	23.1755
5.74348	23.219
5.74556	23.2625
5.74968	23.3059
5.75743	23.3494
5.76103	11.6747
5.76308	11.7656
5.76423	11.8565
5.76561	11.9474
5.76651	12.0383
5.76767	12.1217
5.77116	12.205
5.77189	12.2883
5.77314	12.3717
5.77454	12.455
5.7766	12.5383
5.77799	12.6217
5.77869	12.705
5.77965	12.7883
5.78008	12.8717
5.78146	12.955
5.7823	13.0383
5.78354	13.1153
5.78562	13.1922
5.78782	13.2691
5.78968	13.346
5.79314	13.423
5.80196	13.4999
5.80273	13.5768
5.80285	13.6537
5.8037	13.7306
5.80498	13.8076
5.80643	13.8845
5.80775	13.9614
5.80914	14.0383
5.81059	14.1098
5.81261	14.1812
5.81334	14.2526
5.81492	14.3241
5.81672	14.3955
5.8341	14.4669
5.83503	14.5383
5.83611	14.6098
5.83752	14.6812
5.83817	14.7526
5.83957	14.8241
5.84096	14.8955
5.843	14.9669
5.84435	15.0383
5.84575	15.105
5.84714	15.1717
5.84855	15.2383
5.85053	15.305
5.85191	15.3717
5.86165	15.4383
5.86174	15.505
5.86245	15.5717
5.8638	15.6383
5.86453	15.705
5.86519	15.7717
5.8659	15.8383
5.86657	15.905
5.86796	15.9717
5.86859	16.0383
5.87066	16.1008
5.87273	16.1633
5.87413	16.2258
5.87494	16.2883
5.87621	16.3508
5.88445	16.4133
5.88705	16.4758
5.88857	16.5383
5.89131	16.6008
5.8929	16.6633
5.89428	16.7258
5.89564	16.7883
5.89706	16.8508
5.8975	16.9133
5.8989	16.9758
5.90025	17.0383
5.90162	17.0972
5.90302	17.156
5.90505	17.2148
5.9072	17.2736
5.90852	17.3325
5.91646	17.3913
5.91725	17.4501
5.91881	17.5089
5.92237	17.5678
5.92371	17.6266
5.92648	17.6854
5.92851	17.7442
5.9302	17.803
5.93127	17.8619
5.93264	17.9207
5.93401	17.9795
5.93542	18.0383
5.93747	18.0939
5.93817	18.1495
5.93882	18.205
5.93967	18.2606
5.94021	18.3161
5.95773	18.3717
5.95847	18.4272
5.96003	18.4828
5.96206	18.5383
5.9639	18.5939
5.96597	18.6495
5.96806	18.705
5.9696	18.7606
5.97173	18.8161
5.97401	18.8717
5.97416	18.9272
5.97425	18.9828
5.97498	19.0383
5.97648	19.091
5.97705	19.1436
5.97844	19.1962
5.97971	19.2489
5.9813	19.3015
5.99325	19.3541
5.99439	19.4068
5.99576	19.4594
5.99642	19.512
5.99957	19.5647
6.00222	19.6173
6.00425	19.6699
6.00493	19.7226
6.00632	19.7752
6.00766	19.8278
6.00842	19.8804
6.00977	19.9331
6.01112	19.9857
6.01212	20.0383
6.01255	20.0883
6.01315	20.1383
6.01389	20.1883
6.01553	20.2383
6.01665	20.2883
6.02532	20.3383
6.02747	20.3883
6.02783	20.4383
6.02928	20.4883
6.03169	20.5383
6.03246	20.5883
6.03327	20.6383
6.03337	20.6883
6.03406	20.7383
6.03607	20.7883
6.03817	20.8383
6.03882	20.8883
6.04025	20.9383
6.0409	20.9883
6.0423	21.0383
6.04374	21.086
6.04435	21.1336
6.04583	21.1812
6.04587	21.2288
6.04711	21.2764
6.06321	21.3241
6.06376	21.3717
6.06527	21.4193
6.06591	21.4669
6.06745	21.5145
6.06934	21.5622
6.07239	21.6098
6.07301	21.6574
6.07447	21.705
6.07578	21.7526
6.07799	21.8002
6.07854	21.8479
6.07994	21.8955
6.08066	21.9431
6.08153	21.9907
6.08383	22.0383
6.08564	22.0838
6.08638	22.1293
6.08726	22.1747
6.08778	22.2202
6.0884	22.2656
6.10505	22.3111
6.10674	22.3565
6.10809	22.402
6.10949	22.4474
6.11013	22.4929
6.11157	22.5383
6.11296	22.5838
6.11392	22.6293
6.11501	22.6747
6.1159	22.7202
6.11699	22.7656
6.11839	22.8111
6.11972	22.8565
6.12109	22.902
6.12248	22.9474
6.12313	22.9929
6.12478	23.0383
6.12599	23.0818
6.12661	23.1253
6.12732	23.1688
6.12872	23.2123
6.13006	23.2557
6.1369	23.2992
6.13779	23.3427
6.13912	23.3862
6.1405	23.4296
6.14277	23.4731
6.14398	23.5166
6.1447	23.5601
6.14752	23.6036
6.14818	23.647
6.14953	23.6905
6.1509	23.734
6.15231	23.7775
6.15504	23.8209
6.15636	23.8644
6.15779	23.9079
6.15914	23.9514
6.16253	23.9949
6.16391	24.0383
6.16595	24.08
6.16814	24.1217
6.17083	24.1633
6.17221	24.205
6.17313	24.2467
6.17925	24.2883
6.17993	24.33
6.18139	24.3717
6.18269	24.4133
6.18356	24.455
6.18481	24.4967
6.18606	24.5383
6.18794	24.58
6.19033	24.6217
6.19165	24.6633
6.19238	24.705
6.19392	24.7467
6.19576	24.7883
6.19714	24.83
6.19851	24.8717
6.1992	24.9133
6.20147	24.955
6.20199	24.9967
6.20333	25.0383
6.20468	25.0783
6.20607	25.1183
6.20676	25.1583
6.20824	25.1983
6.20955	25.2383
6.22301	25.2783
6.22343	25.3183
6.22477	25.3583
6.22751	25.3983
6.22786	25.4383
6.22829	25.4783
6.22963	25.5183
6.23244	25.5583
6.23371	25.5983
6.23545	25.6383
6.23584	25.6783
6.23649	25.7183
6.23719	25.7583
6.23998	25.7983
6.24142	25.8383
6.2428	25.8783
6.24411	25.9183
6.24569	25.9583
6.24619	25.9983
6.24751	26.0383
6.24909	26.0768
6.25166	26.1153
6.25301	26.1537
6.2558	26.1922
6.25926	26.2306
6.26906	26.2691
6.26992	26.3076
6.27126	26.346
6.27245	26.3845
6.27469	26.423
6.27689	26.4614
6.27752	26.4999
6.27884	26.5383
6.27936	26.5768
6.2822	26.6153
6.28437	26.6537
6.28559	26.6922
6.28619	26.7306
6.28968	26.7691
6.29181	26.8076
6.2953	26.846
6.29747	26.8845
6.30307	26.923
6.30516	26.9614
6.30715	26.9999
6.30847	27.0383
6.3098	27.0754
6.31206	27.1124
6.31333	27.1495
6.31537	27.1865
6.31673	27.2235
6.32435	27.2606
6.32444	27.2976
6.32455	27.3346
6.32516	27.3717
6.32656	27.4087
6.32857	27.4457
6.32947	27.4828
6.33202	27.5198
6.33354	27.5569
6.33409	27.5939
6.33662	27.6309
6.33751	27.668
6.33896	27.705
6.34097	13.8525
6.34179	13.9294
6.34401	14.0064
6.34636	14.0778
6.35446	14.1492
6.35563	14.2206
6.35709	14.2921
6.3591	14.3635
6.36058	14.4349
6.36182	14.5064
6.36323	14.5778
6.36529	14.6492
6.36817	14.7206
6.36957	14.7921
6.39399	14.8635
6.39542	14.9349
6.39672	15.0064
6.39801	15.073
6.39937	15.1397
6.40422	15.2064
6.40554	15.273
6.40924	15.3397
6.41179	15.4064
6.41272	15.473
6.41409	15.5397
6.41543	15.6064
6.41683	15.673
6.42311	15.7397
6.44312	7.86984
6.44513	8.0127
6.44726	8.1377
6.44793	8.2627
6.44996	8.3877
6.45202	8.5127
6.45686	8.6377
6.45899	8.7627
6.46049	8.8877
6.46481	9.0127
6.46669	9.12381
6.46712	9.23492
6.46946	9.34603
6.47064	9.45714
6.47498	9.56825
6.49631	9.67937
6.49695	9.79048
6.50274	9.90159
6.5038	10.0127
6.50536	10.1127
6.50727	10.2127
6.50936	10.3127
6.51019	10.4127
6.51153	10.5127
6.53153	10.6127
6.53223	10.7127
6.53497	10.8127
6.53659	10.9127
6.53771	11.0127
6.5391	11.1036
6.54319	11.1945
6.54528	11.2854
6.54665	11.3763
6.54876	11.4672
6.56357	11.5582
6.56475	11.6491
6.56614	11.74
6.56909	11.8309
6.57092	11.9218
6.57165	12.0127
6.57364	12.096
6.57803	12.1794
6.57915	12.2627
6.58323	12.346
6.58704	12.4294
6.60639	12.5127
6.60763	12.596
6.609	12.6794
6.6106	12.7627
6.61181	12.846
6.61321	12.9294
6.61454	13.0127
6.61607	13.0896
6.61864	13.1665
6.62001	13.2435
6.62213	13.3204
6.62483	13.3973
6.65631	13.4742
6.65747	13.5512
6.6606	13.6281
6.6609	13.705
6.66232	13.7819
6.66366	13.8589
6.66505	13.9358
6.66713	14.0127
6.66856	14.0841
6.67328	14.1556
6.67607	14.227
6.67977	14.2984
6.681	14.3698
6.70441	14.4413
6.70576	14.5127
6.70732	14.5841
6.70853	14.6556
6.71085	14.727
6.71263	14.7984
6.71298	14.8698
6.71516	14.9413
6.71616	15.0127
6.71828	15.0794
6.72408	15.146
6.72491	15.2127
6.72561	15.2794
6.72614	15.346
6.74324	15.4127
6.74453	15.4794
6.7473	15.546
6.74932	15.6127
6.75132	15.6794
6.7534	15.746
6.75493	15.8127
6.75548	15.8794
6.75697	15.946
6.7575	16.0127
6.7582	16.0752
6.75959	16.1377
6.76096	16.2002
6.76231	16.2627
6.76304	16.3252
6.77349	16.3877
6.77509	16.4502
6.77768	16.5127
6.77906	16.5752
6.78036	16.6377
6.7861	16.7002
6.78726	16.7627
6.78862	16.8252
6.79227	16.8877
6.79427	16.9502
6.79555	17.0127
6.79759	17.0715
6.79897	17.1303
6.80033	17.1892
6.80171	17.248
6.80329	17.3068
6.81867	17.3656
6.82024	17.4245
6.82137	17.4833
6.82281	17.5421
6.82443	17.6009
6.82682	17.6598
6.82757	17.7186
6.82837	17.7774
6.82991	17.8362
6.8304	17.8951
6.83127	17.9539
6.83258	18.0127
6.83315	18.0683
6.83397	18.1238
6.83562	18.1794
6.83568	18.2349
6.83659	18.2905
6.8534	18.346
6.85415	18.4016
6.85556	18.4571
6.8562	18.5127
6.8576	18.5683
6.85829	18.6238
6.85888	18.6794
6.86107	18.7349
6.86236	18.7905
6.86404	18.846
6.86443	18.9016
6.86518	18.9571
6.86649	19.0127
6.86818	19.0653
6.86858	19.118
6.86929	19.1706
6.86999	19.2232
6.87066	19.2759
6.87917	19.3285
6.87966	19.3811
6.88101	19.4338
6.88169	19.4864
6.8824	19.539
6.88354	19.5916
6.88399	19.6443
6.88712	19.6969
6.88832	19.7495
6.89099	19.8022
6.89255	19.8548
6.89401	19.9074
6.89585	19.9601
6.89663	20.0127
6.89731	20.0627
6.89792	20.1127
6.89973	20.1627
6.90111	20.2127
6.90311	20.2627
6.91048	20.3127
6.91167	20.3627
6.91306	20.4127
6.91529	20.4627
6.91721	20.5127
6.91991	20.5627
6.91996	20.6127
6.92198	20.6627
6.92403	20.7127
6.92477	20.7627
6.92612	20.8127
6.92711	20.8627
6.92748	20.9127
6.92819	20.9627
6.92953	21.0127
6.93027	21.0603
6.93093	21.1079
6.93235	21.1556
6.93314	21.2032
6.93385	21.2508
6.93503	21.2984
6.9352	21.346
6.93595	21.3937
6.93677	21.4413
6.93753	21.4889
6.93808	21.5365
6.93864	21.5841
6.93938	21.6317
6.94092	21.6794
6.94135	21.727
6.94236	21.7746
6.94357	21.8222
6.94489	21.8698
6.94626	21.9175
6.94712	21.9651
6.94763	22.0127
6.94919	22.0582
6.94974	22.1036
6.95111	22.1491
6.95256	22.1945
6.95416	22.24
6.95911	22.2854
6.96045	22.3309
6.9618	22.3763
6.96259	22.4218
6.9632	22.4672
6.9647	22.5127
6.96668	22.5582
6.96943	22.6036
6.97084	22.6491
6.9722	22.6945
6.97303	22.74
6.97425	22.7854
6.97746	22.8309
6.97855	22.8763
6.97981	22.9218
6.98071	22.9672
6.98113	23.0127
6.98188	23.0562
6.98267	23.0997
6.9835	23.1431
6.98465	23.1866
6.98531	23.2301
6.9869	23.2736
6.98744	23.317
6.98813	23.3605
6.98976	23.404
6.99021	23.4475
6.9918	23.491
6.99226	23.5344
6.99296	23.5779
6.99433	23.6214
6.99503	23.6649
6.99779	23.7084
7.00012	23.7518
7.00186	23.7953
7.00396	23.8388
7.0067	23.8823
7.00809	23.9257
7.0106	23.9692
7.01191	24.0127
7.01245	24.0544
7.0131	24.096
7.01514	24.1377
7.01589	24.1794
7.01726	24.221
7.01976	24.2627
7.02002	24.3044
7.02191	24.346
7.02289	24.3877
7.02427	24.4294
7.0257	24.471
7.02718	24.5127
7.02844	24.5544
7.0291	24.596
7.02981	24.6377
7.03132	24.6794
7.033	24.721
7.0335	24.7627
7.03468	24.8044
7.03716	24.846
7.03748	24.8877
7.03822	24.9294
7.0396	24.971
7.04035	25.0127
7.04178	25.0527
7.04249	25.0927
7.04382	25.1327
7.04499	25.1727
7.04591	25.2127
7.04908	25.2527
7.04945	25.2927
7.05043	25.3327
7.05115	25.3727
7.05241	25.4127
7.05405	25.4527
7.05513	25.4927
7.0565	25.5327
7.05721	25.5727
7.0586	25.6127
7.05993	25.6527
7.06068	25.6927
7.06342	25.7327
7.06475	25.7727
7.06615	25.8127
7.06681	25.8527
7.06772	25.8927
7.06961	25.9327
7.07024	25.9727
7.0723	26.0127
7.07397	26.0512
7.07507	26.0896
7.07647	26.1281
7.07799	26.1665
7.08061	26.205
7.08836	26.2435
7.08899	26.2819
7.09068	26.3204
7.09179	26.3589
7.09311	26.3973
7.09462	26.4358
7.09618	26.4742
7.09729	26.5127
7.09889	26.5512
7.09942	26.5896
7.10077	26.6281
7.10225	26.6665
7.10283	26.705
7.10764	26.7435
7.10778	26.7819
7.10824	26.8204
7.10986	26.8589
7.11053	26.8973
7.1124	26.9358
7.11305	26.9742
7.11398	27.0127
7.11438	27.0497
7.11647	27.0868
7.11741	27.1238
7.12214	27.1608
7.12406	27.1979
7.1333	27.2349
7.13416	27.272
7.13489	27.309
7.1353	27.346
7.13625	27.3831
7.13666	27.4201
7.13734	27.4571
7.13819	27.4942
7.13958	27.5312
7.14075	27.5683
7.143	27.6053
7.14584	27.6423
7.14634	27.6794
7.15197	27.7164
7.15318	27.7534
7.15462	27.7905
7.15658	27.8275
7.15734	27.8646
7.15798	27.9016
7.15869	27.9386
7.15956	27.9757
7.16072	28.0127
7.1642	28.0484
7.16508	28.0841
7.16558	28.1198
7.16907	28.1556
7.16973	28.1913
7.17534	28.227
7.18538	28.2627
7.1855	28.2984
7.18579	28.3341
7.1864	28.3698
7.18725	28.4056
7.18792	28.4413
7.18844	28.477
7.19001	28.5127
7.19123	28.5484
7.19321	28.5841
7.19347	28.6198
7.19467	28.6556
7.19602	28.6913
7.19828	28.727
7.19864	28.7627
7.20103	28.7984
7.2016	28.8341
7.2023	28.8698
7.20301	28.9056
7.20432	28.9413
7.20528	28.977
7.20589	29.0127
7.20645	29.0472
7.20706	29.0817
7.20778	29.1161
7.20846	29.1506
7.2094	29.1851
7.22383	29.2196
7.22622	29.2541
7.22739	29.2886
7.23018	29.323
7.23061	29.3575
7.23289	29.392
7.23354	29.4265
7.23428	29.461
7.23498	29.4955
7.23595	29.5299
7.23654	29.5644
7.23707	29.5989
7.23773	29.6334
7.23851	29.6679
7.23915	29.7024
7.24052	29.7368
7.24121	29.7713
7.24195	29.8058
7.24287	29.8403
7.2468	29.8748
7.2475	29.9093
7.2523	29.9437
7.25976	29.9782
7.2618	30.0127
7.26395	30.046
7.26527	30.0794
7.2674	30.1127
7.27025	30.146
7.27077	30.1794
7.27509	30.2127
7.27662	30.246
7.27739	30.2794
7.28271	30.3127
7.28405	30.346
7.2861	30.3794
7.28746	30.4127
7.28865	30.446
7.28955	30.4794
7.29018	30.5127
7.29227	30.546
7.29395	30.5794
7.29518	30.6127
7.29582	30.646
7.29715	30.6794
7.29916	30.7127
7.29981	30.746
7.30124	30.7794
7.30259	30.8127
7.30475	30.846
7.30549	30.8794
7.30609	30.9127
7.30679	15.4563
7.30743	15.523
7.30836	15.5897
7.309	15.6563
7.30961	15.723
7.31015	15.7897
7.31085	15.8563
7.31152	15.923
7.32403	15.9897
7.32634	16.0563
7.32679	16.1188
7.32816	16.1813
7.32952	16.2438
7.33024	16.3063
7.33175	16.3688
7.33232	16.4313
7.33366	16.4938
7.33442	16.5563
7.33505	16.6188
7.33573	16.6813
7.33663	16.7438
7.33716	16.8063
7.33858	16.8688
7.34307	16.9313
7.34362	16.9938
7.34889	17.0563
7.3509	17.1152
7.35233	17.174
7.3544	17.2328
7.36391	17.2916
7.3655	17.3505
7.36789	17.4093
7.36933	17.4681
7.36988	17.5269
7.37056	17.5858
7.37406	17.6446
7.37815	17.7034
7.38038	17.7622
7.38162	17.8211
7.38506	17.8799
7.38673	17.9387
7.38706	17.9975
7.38777	18.0563
7.38917	18.1119
7.39007	18.1675
7.39061	18.223
7.41001	9.11151
7.41185	9.22262
7.41199	9.33373
7.41203	9.44484
7.41248	9.55595
7.41322	9.66706
7.41802	9.77817
7.41938	9.88929
7.42074	10.0004
7.42146	10.1004
7.42699	10.2004
7.43116	10.3004
7.43459	10.4004
7.43519	10.5004
7.4359	10.6004
7.43656	10.7004
7.43719	10.8004
7.43791	10.9004
7.45668	11.0004
7.45739	11.0913
7.45825	11.1822
7.46078	11.2731
7.46495	11.364
7.46563	11.4549
7.46638	11.5459
7.46802	11.6368
7.4705	11.7277
7.472	11.8186
7.47796	11.9095
7.47824	12.0004
7.47889	12.0837
7.48278	12.1671
7.48369	12.2504
7.48926	12.3337
7.49071	12.4171
7.49143	12.5004
7.49266	12.5837
7.49454	12.6671
7.49492	12.7504
7.51805	12.8337
7.51865	12.9171
7.51932	13.0004
7.52032	13.0773
7.52173	13.1542
7.52177	13.2312
7.52713	13.3081
7.52851	13.385
7.52968	13.4619
7.5324	13.5389
7.53319	13.6158
7.53475	13.6927
7.5631	13.7696
7.56453	13.8466
7.56657	13.9235
7.56794	14.0004
7.56938	14.0718
7.57072	14.1433
7.57144	14.2147
7.57234	14.2861
7.57286	14.3575
7.57347	14.429
7.57416	14.5004
7.57511	14.5718
7.5758	14.6433
7.60549	14.7147
7.60558	14.7861
7.60566	14.8575
7.6088	14.929
7.60919	15.0004
7.61055	15.0671
7.61119	15.1337
7.61188	15.2004
7.61253	15.2671
7.61334	15.3337
7.61403	15.4004
7.61468	15.4671
7.61536	15.5337
7.61606	15.6004
7.64927	15.6671
7.64943	15.7337
7.64969	15.8004
7.65168	15.8671
7.65182	15.9337
7.65192	16.0004
7.65254	16.0629
7.65743	16.1254
7.66016	16.1879
7.66765	16.2504
7.66834	16.3129
7.66905	16.3754
7.67049	16.4379
7.67114	16.5004
7.67182	16.5629
7.68536	16.6254
7.68559	16.6879
7.68651	16.7504
7.68937	16.8129
7.69068	16.8754
7.6917	16.9379
7.6922	17.0004
7.69564	17.0592
7.70175	17.118
7.70441	17.1769
7.70602	17.2357
7.70683	17.2945
7.7074	17.3533
7.70809	17.4122
7.70887	17.471
7.70949	17.5298
7.73019	17.5886
7.73086	17.6475
7.73243	17.7063
7.73428	17.7651
7.73566	17.8239
7.73705	17.8827
7.73784	17.9416
7.73847	18.0004
7.73919	18.056
7.74055	18.1115
7.74132	18.1671
7.74258	18.2226
7.74382	18.2782
7.74654	18.3337
7.74817	18.3893
7.7487	18.4448
7.75083	18.5004
7.76539	18.556
7.76798	18.6115
7.76892	18.6671
7.76933	18.7226
7.77005	18.7782
7.77072	18.8337
7.77221	18.8893
7.77299	18.9448
7.77358	19.0004
7.77489	19.053
7.77557	19.1057
7.77621	19.1583
7.77729	19.2109
7.77766	19.2636
7.77829	19.3162
7.78586	19.3688
7.78725	19.4214
7.78865	19.4741
7.80495	19.5267
7.8053	19.5793
7.80652	19.632
7.80707	19.6846
7.80785	19.7372
7.80856	19.7899
7.80932	19.8425
7.80998	19.8951
7.81202	19.9478
7.81273	20.0004
7.81417	20.0504
7.81584	20.1004
7.81683	20.1504
7.81751	20.2004
7.81894	20.2504
7.82032	20.3004
7.82923	20.3504
7.83128	20.4004
7.83265	20.4504
7.84641	20.5004
7.84774	20.5504
7.84842	20.6004
7.84978	20.6504
7.85049	20.7004
7.85172	20.7504
7.85306	20.8004
7.85368	20.8504
7.85509	20.9004
7.85648	20.9504
7.85785	21.0004
7.85945	21.048
7.85998	21.0956
7.86142	21.1433
7.86197	21.1909
7.86283	21.2385
7.86402	21.2861
7.86552	21.3337
7.86609	21.3813
7.86745	21.429
7.90715	21.4766
7.90789	21.5242
7.90924	21.5718
7.90988	21.6194
7.9106	21.6671
7.91132	21.7147
7.91432	21.7623
7.91484	21.8099
7.91615	21.8575
7.91686	21.9052
7.91882	21.9528
7.91961	22.0004
7.92024	22.0459
7.92255	22.0913
7.92329	22.1368
7.92436	22.1822
7.92572	22.2277
7.92646	22.2731
7.9281	22.3186
7.9292	22.364
7.93053	22.4095
7.93991	22.4549
7.94016	22.5004
7.94131	22.5459
7.94182	22.5913
7.94267	22.6368
7.94311	22.6822
7.94399	22.7277
7.94449	22.7731
7.94589	22.8186
7.94655	22.864
7.94793	22.9095
7.94926	22.9549
7.94992	23.0004
7.95136	23.0439
7.95203	23.0874
7.95273	23.1308
7.95412	23.1743
7.95482	23.2178
7.9563	23.2613
7.95684	23.3047
7.95767	23.3482
7.95892	23.3917
7.97153	23.4352
7.97354	23.4787
7.97581	23.5221
7.97857	23.5656
7.97972	23.6091
7.98176	23.6526
7.98327	23.696
7.98524	23.7395
7.98727	23.783
7.98932	23.8265
7.99078	23.87
7.99142	23.9134
7.99211	23.9569
7.99345	24.0004
7.99557	24.0421
7.99698	24.0837
7.99763	24.1254
7.999	24.1671
7.99994	24.2087
8.00034	24.2504
8.00127	24.2921
8.00197	24.3337
8.00245	24.3754
8.00935	24.4171
8.01073	24.4587
8.01212	24.5004
8.01347	24.5421
8.01564	24.5837
8.01628	24.6254
8.01776	24.6671
8.01898	24.7087
8.02104	24.7504
8.02177	24.7921
8.02455	24.8337
8.02471	24.8754
8.0259	24.9171
8.02729	24.9587
8.0286	25.0004
8.03006	25.0404
8.03141	25.0804
8.03359	25.1204
8.03501	25.1604
8.03713	25.2004
8.03775	25.2404
8.03844	25.2804
8.03916	25.3204
8.04011	25.3604
8.04674	25.4004
8.04784	25.4404
8.04875	25.4804
8.04918	25.5204
8.05069	25.5604
8.05136	25.6004
8.05199	25.6404
8.05271	25.6804
8.05483	25.7204
8.0555	25.7604
8.05768	25.8004
8.06107	25.8404
8.06377	25.8804
8.06515	25.9204
8.06668	25.9604
8.06792	26.0004
8.06934	26.0389
8.07073	26.0773
8.07213	26.1158
8.07346	26.1542
8.07763	26.1927
8.07922	26.2312
8.07966	26.2696
8.08111	26.3081
8.08188	26.3466
8.08941	26.385
8.09089	26.4235
8.09117	26.4619
8.09212	26.5004
8.09282	26.5389
8.09414	26.5773
8.09618	26.6158
8.09707	26.6542
8.09965	26.6927
8.10095	26.7312
8.10248	26.7696
8.10444	26.8081
8.10531	26.8466
8.10698	26.885
8.10811	26.9235
8.10931	26.9619
8.11138	27.0004
8.11429	27.0374
8.11688	27.0745
8.11824	27.1115
8.1192	27.1485
8.12029	27.1856
8.12301	27.2226
8.12447	27.2597
8.12856	27.2967
8.12993	27.3337
8.13707	27.3708
8.13772	27.4078
8.13843	27.4448
8.13921	27.4819
8.1398	27.5189
8.14117	27.556
8.14209	27.593
8.14287	27.63
8.14324	27.6671
8.14463	27.7041
8.14477	27.7411
8.14529	27.7782
8.1459	27.8152
8.14695	27.8522
8.14741	27.8893
8.14804	27.9263
8.1497	27.9634
8.1508	28.0004
8.15287	28.0361
8.15368	28.0718
8.1543	28.1075
8.15593	28.1433
8.15626	28.179
8.15791	28.2147
8.15939	28.2504
8.16535	28.2861
8.16946	28.3218
8.18072	28.3575
8.18132	28.3933
8.18203	28.429
8.1827	28.4647
8.18418	28.5004
8.18482	28.5361
8.18567	28.5718
8.18619	28.6075
8.18685	28.6433
8.18823	28.679
8.189	28.7147
8.1903	28.7504
8.19099	28.7861
8.19164	28.8218
8.19256	28.8575
8.19302	28.8933
8.19375	28.929
8.19515	28.9647
8.19673	29.0004
8.19925	29.0349
8.20066	14.5174
8.20197	14.5889
8.20354	14.6603
8.20608	14.7317
8.20817	14.8032
8.2095	14.8746
8.21156	14.946
8.21506	15.0174
8.22713	15.0841
8.22835	15.1508
8.22904	15.2174
8.22975	15.2841
8.23036	15.3508
8.23106	15.4174
8.2318	15.4841
8.23249	15.5508
8.2339	15.6174
8.23456	15.6841
8.23518	15.7508
8.23798	15.8174
8.23862	15.8841
8.24021	15.9508
8.24147	16.0174
8.24214	16.0799
8.24418	16.1424
8.24525	16.2049
8.24697	16.2674
8.24833	16.3299
8.25119	16.3924
8.26508	16.4549
8.26539	16.5174
8.2665	16.5799
8.26788	16.6424
8.26861	16.7049
8.27271	16.7674
8.27408	16.8299
8.27646	16.8924
8.2788	16.9549
8.27957	17.0174
8.28195	17.0763
8.28452	17.1351
8.28578	17.1939
8.28917	17.2527
8.29142	17.3116
8.2936	17.3704
8.30387	17.4292
8.30399	17.488
8.30437	17.5469
8.30578	17.6057
8.30624	17.6645
8.30764	17.7233
8.30895	17.7821
8.3106	17.841
8.31195	17.8998
8.31312	17.9586
8.31543	18.0174
8.3165	18.073
8.31926	18.1286
8.32205	18.1841
8.32555	18.2397
8.32622	18.2952
8.32787	18.3508
8.34536	18.4063
8.34654	18.4619
8.34758	18.5174
8.34831	18.573
8.34893	18.6286
8.34968	18.6841
8.35051	18.7397
8.35176	18.7952
8.35274	18.8508
8.35382	18.9063
8.35541	18.9619
8.3567	19.0174
8.35787	19.0701
8.36014	19.1227
8.36153	19.1753
8.36219	19.228
8.36382	19.2806
8.36549	19.3332
8.39079	19.3859
8.39249	19.4385
8.39411	19.4911
8.39563	19.5438
8.39605	19.5964
8.39739	19.649
8.39808	19.7017
8.40034	19.7543
8.40226	19.8069
8.40347	19.8595
8.40494	19.9122
8.40618	19.9648
8.40783	20.0174
8.4082	20.0674
8.40961	20.1174
8.4111	20.1674
8.41232	20.2174
8.41379	20.2674
8.4151	20.3174
8.43685	20.3674
8.43713	20.4174
8.43763	20.4674
8.43802	20.5174
8.43889	20.5674
8.43967	20.6174
8.44063	20.6674
8.44086	20.7174
8.44252	20.7674
8.44315	20.8174
8.44568	20.8674
8.44707	20.9174
8.44844	20.9674
8.44988	21.0174
8.45115	21.0651
8.45197	21.1127
8.45421	21.1603
8.45579	21.2079
8.45697	21.2555
8.45949	21.3032
8.47721	21.3508
8.47877	21.3984
8.47992	21.446
8.48132	21.4936
8.48288	21.5412
8.48408	21.5889
8.48472	21.6365
8.48612	21.6841
8.48747	21.7317
8.48965	21.7793
8.49022	21.827
8.49167	21.8746
8.49298	21.9222
8.49446	21.9698
8.49603	22.0174
8.49714	22.0629
8.49803	22.1083
8.49853	22.1538
8.50017	22.1993
8.50089	22.2447
8.50131	22.2902
8.52766	22.3356
8.52919	22.3811
8.53041	22.4265
8.53179	22.472
8.53315	22.5174
8.53457	22.5629
8.53709	22.6083
8.53859	22.6538
8.53978	22.6993
8.54112	22.7447
8.54208	22.7902
8.54468	22.8356
8.54614	22.8811
8.54741	22.9265
8.54905	22.972
8.54945	23.0174
8.55083	23.0609
8.55233	23.1044
8.5537	23.1479
8.55492	23.1914
8.55635	23.2348
8.55765	23.2783
8.57901	23.3218
8.5794	23.3653
8.57986	23.4087
8.58018	23.4522
8.58139	23.4957
8.58298	23.5392
8.58415	23.5827
8.58558	23.6261
8.58703	23.6696
8.58903	23.7131
8.58987	23.7566
8.59103	23.8
8.59253	23.8435
8.59306	23.887
8.59446	23.9305
8.59653	23.974
8.59786	24.0174
8.59928	24.0591
8.60069	24.1008
8.60429	24.1424
8.60556	24.1841
8.60891	24.2258
8.61108	24.2674
8.63474	24.3091
8.63606	24.3508
8.63774	24.3924
8.639	24.4341
8.64027	24.4758
8.64154	24.5174
8.64291	24.5591
8.64358	24.6008
8.64497	24.6424
8.64637	24.6841
8.64723	24.7258
8.6484	24.7674
8.64982	24.8091
8.65113	24.8508
8.65263	24.8924
8.65391	24.9341
8.65676	24.9758
8.65815	25.0174
8.66022	25.0574
8.66215	25.0974
8.66356	25.1374
8.66434	25.1774
8.66523	25.2174
8.66878	25.2574
8.68416	25.2974
8.68618	25.3374
8.68763	25.3774
8.68879	25.4174
8.68942	25.4574
8.69082	25.4974
8.69221	25.5374
8.69429	25.5774
8.69493	25.6174
8.69703	25.6574
8.69836	25.6974
8.69907	25.7374
8.70044	25.7774
8.7018	25.8174
8.70318	25.8574
8.70456	25.8974
8.70603	25.9374
8.71163	25.9774
8.71366	26.0174
8.71563	26.0559
8.717	26.0944
8.71907	26.1328
8.72182	26.1713
8.72341	26.2097
8.72574	26.2482
8.73614	26.2867
8.73815	26.3251
8.73893	26.3636
8.74052	26.4021
8.74168	26.4405
8.7432	26.479
8.74447	26.5174
8.74582	26.5559
8.74732	26.5944
8.74851	26.6328
8.74989	26.6713
8.75203	26.7097
8.75333	26.7482
8.75407	26.7867
8.75536	26.8251
8.75674	26.8636
8.75811	26.9021
8.7616	26.9405
8.76362	26.979
8.765	27.0174
8.76642	27.0545
8.76918	27.0915
8.77115	27.1286
8.77262	27.1656
8.77397	27.2026
8.7767	27.2397
8.7893	27.2767
8.78996	27.3137
8.79124	27.3508
8.79283	27.3878
8.79406	27.4248
8.79538	27.4619
8.79609	27.4989
8.79743	27.536
8.79879	27.573
8.80017	27.61
8.80153	27.6471
8.80292	27.6841
8.80359	27.7211
8.80709	27.7582
8.80993	27.7952
8.81048	27.8323
8.81324	27.8693
8.81459	27.9063
8.81665	27.9434
8.81873	27.9804
8.81942	28.0174
8.8208	28.0532
8.82287	28.0889
8.8235	28.1246
8.82502	28.1603
8.82567	28.196
8.82657	28.2317
8.83944	28.2674
8.84016	28.3032
8.84083	28.3389
8.84151	28.3746
8.84219	28.4103
8.84292	28.446
8.84427	28.4817
8.84591	28.5174
8.84629	28.5532
8.84794	28.5889
8.84901	28.6246
8.85043	28.6603
8.85175	28.696
8.85314	28.7317
8.85523	28.7674
8.85596	28.8032
8.85724	28.8389
8.85934	28.8746
8.85999	28.9103
8.86205	28.946
8.86341	28.9817
8.86485	29.0174
8.8676	29.0519
8.86827	29.0864
8.86893	29.1209
8.87035	29.1554
8.8717	29.1899
8.87238	29.2243
8.88164	29.2588
8.88228	29.2933
8.88365	29.3278
8.88431	29.3623
8.88497	29.3968
8.88571	29.4312
8.88635	29.4657
8.88702	29.5002
8.88771	29.5347
8.89051	29.5692
8.89118	29.6036
8.89399	29.6381
8.89536	29.6726
8.89611	29.7071
8.89673	29.7416
8.8975	29.7761
8.89956	29.8105
8.90232	29.845
8.90364	29.8795
8.90711	29.914
8.90777	29.9485
8.90985	29.983
8.91123	30.0174
8.91325	30.0508
8.91464	30.0841
8.91603	30.1174
8.91737	30.1508
8.9181	30.1841
8.92021	30.2174
8.929	30.2508
8.92918	30.2841
8.92997	30.3174
8.9306	30.3508
8.93131	30.3841
8.932	30.4174
8.93341	30.4508
8.93406	30.4841
8.93476	30.5174
8.93546	30.5508
8.93634	30.5841
8.93728	30.6174
8.93752	30.6508
8.93925	30.6841
8.94003	30.7174
8.94168	30.7508
8.94178	30.7841
8.94196	30.8174
8.94267	30.8508
8.94404	30.8841
8.9453	30.9174
8.94542	30.9508
8.94679	30.9841
8.94761	31.0174
8.94892	31.0497
8.95097	31.082
8.95298	31.1142
8.95443	31.1465
8.95642	31.1787
8.95783	31.211
8.96289	31.2432
8.96382	31.2755
8.96451	31.3078
8.96601	31.34
8.96728	31.3723
8.96935	31.4045
8.97075	31.4368
8.97155	31.4691
8.97211	31.5013
8.97348	31.5336
8.97416	31.5658
8.97555	31.5981
8.97692	31.6303
8.97783	31.6626
8.97907	31.6949
8.98034	31.7271
8.98115	31.7594
8.9824	31.7916
8.9838	31.8239
8.98666	31.8561
8.98724	31.8884
8.98868	31.9207
8.9907	31.9529
8.99211	31.9852
8.99272	32.0174
8.9935	32.0487
8.99551	32.0799
8.9962	32.1112
8.99684	32.1424
8.99758	32.1737
8.99825	32.2049
8.99999	32.2362
9.00018	32.2674
9.00064	32.2987
9.00109	32.3299
9.00176	32.3612
9.0042	32.3924
9.00482	32.4237
9.00548	32.4549
9.0062	32.4862
9.00755	32.5174
9.0083	32.5487
9.00908	32.5799
9.01049	32.6112
9.01106	32.6424
9.01311	32.6737
9.01465	32.7049
9.01587	32.7362
9.01728	32.7674
9.01786	32.7987
9.02134	32.8299
9.02357	32.8612
9.02479	32.8924
9.02557	32.9237
9.02752	32.9549
9.02902	32.9862
9.03029	33.0174
9.03235	33.0477
9.03602	33.078
9.0372	33.1083
9.03853	33.1387
9.04078	16.5693
9.04199	16.6318
9.04488	16.6943
9.04549	16.7568
9.0462	16.8193
9.04842	16.8818
9.04913	16.9443
9.04986	17.0068
9.05051	17.0656
9.05191	17.1245
9.05393	17.1833
9.05461	17.2421
9.05541	17.3009
9.05605	17.3598
9.05813	17.4186
9.05881	17.4774
9.06015	17.5362
9.06087	17.5951
9.06377	17.6539
9.06499	17.7127
9.06634	17.7715
9.06708	17.8304
9.06774	17.8892
9.06911	17.948
9.07049	18.0068
9.07187	18.0624
9.07397	18.1179
9.07529	18.1735
9.07737	18.229
9.07875	18.2846
9.08082	18.3402
9.08225	18.3957
9.08288	18.4513
9.08983	18.5068
9.09054	18.5624
9.09117	18.6179
9.0921	18.6735
9.09336	18.729
9.09482	18.7846
9.09542	18.8402
9.09695	18.8957
9.09825	18.9513
9.09966	19.0068
9.10122	19.0595
9.10307	19.1121
9.10439	19.1647
9.10592	19.2174
9.10853	19.27
9.10928	19.3226
9.11061	19.3752
9.11196	19.4279
9.12543	19.4805
9.12721	19.5331
9.12887	19.5858
9.12952	19.6384
9.13071	19.691
9.1313	19.7437
9.13251	19.7963
9.13463	19.8489
9.13545	19.9016
9.13624	19.9542
9.13732	20.0068
9.13905	20.0568
9.14015	20.1068
9.14082	20.1568
9.1422	20.2068
9.14288	20.2568
9.14356	20.3068
9.1442	20.3568
9.1456	20.4068
9.16241	20.4568
9.16303	20.5068
9.16432	20.5568
9.16705	20.6068
9.16906	20.6568
9.16979	20.7068
9.17111	20.7568
9.17456	20.8068
9.17667	20.8568
9.17736	20.9068
9.17801	20.9568
9.17879	21.0068
9.17939	21.0544
9.18009	21.1021
9.18086	21.1497
9.18151	21.1973
9.18469	21.2449
9.18509	21.2925
9.18584	21.3402
9.18837	21.3878
9.20201	21.4354
9.20273	21.483
9.2039	21.5306
9.20735	21.5783
9.20884	21.6259
9.21004	21.6735
9.21165	21.7211
9.2156	10.8606
9.21626	10.9606
9.21706	11.0606
9.21785	11.1515
9.22045	11.2424
9.22183	11.3333
9.22374	11.4242
9.22851	11.5151
9.23077	11.606
9.23154	11.6969
9.23431	11.7878
9.23526	11.8787
9.23599	11.9696
9.23672	12.0606
9.25117	12.1439
9.25156	12.2272
9.25222	12.3106
9.25502	12.3939
9.26254	12.4772
9.26448	12.5606
9.2659	12.6439
9.27989	12.7272
9.28103	12.8106
9.28172	12.8939
9.28246	12.9772
9.28314	13.0606
9.29493	13.1375
9.29564	13.2144
9.29632	13.2913
9.29775	13.3682
9.29981	13.4452
9.3012	13.5221
9.30317	13.599
9.30829	13.6759
9.31359	13.7529
9.31433	13.8298
9.31561	13.9067
9.3171	13.9836
9.31769	14.0606
9.32332	14.132
9.32401	14.2034
9.32469	14.2748
9.32914	14.3463
9.3312	14.4177
9.33232	14.4891
9.33451	14.5606
9.33731	14.632
9.34013	14.7034
9.34069	14.7748
9.34208	14.8463
9.34688	14.9177
9.34893	14.9891
9.3504	15.0606
9.35853	15.1272
9.35883	15.1939
9.35944	15.2606
9.36193	15.3272
9.36242	15.3939
9.36294	15.4606
9.36453	15.5272
9.36637	15.5939
9.36732	15.6606
9.36886	15.7272
9.37076	15.7939
9.37357	15.8606
9.37421	15.9272
9.37628	15.9939
9.37703	16.0606
9.39783	16.1231
9.39851	16.1856
9.39921	16.2481
9.39997	16.3106
9.40123	16.3731
9.40261	16.4356
9.40326	16.4981
9.40549	16.5606
9.40949	16.6231
9.41019	16.6856
9.41089	16.7481
9.41161	16.8106
9.41224	16.8731
9.41297	16.9356
9.4136	16.9981
9.41501	17.0606
9.43352	17.1194
9.43385	17.1782
9.43475	17.237
9.43612	17.2958
9.43674	17.3547
9.43892	17.4135
9.44214	17.4723
9.44497	17.5311
9.44782	17.59
9.44837	17.6488
9.44907	17.7076
9.45111	17.7664
9.45183	17.8253
9.4545	17.8841
9.45527	17.9429
9.45591	18.0017
9.45799	18.0573
9.46738	18.1128
9.46927	18.1684
9.47007	18.224
9.47125	18.2795
9.47299	18.3351
9.47411	18.3906
9.47568	18.4462
9.47831	18.5017
9.49123	18.5573
9.49329	18.6128
9.49738	18.6684
9.49806	18.724
9.49944	18.7795
9.50021	18.8351
9.50152	18.8906
9.50383	18.9462
9.50425	19.0017
9.50571	19.0544
9.51842	19.107
9.5194	19.1596
9.5215	9.57981
9.52223	9.69092
9.52289	9.80204
9.5244	9.91315
9.52559	10.0243
9.52631	10.1243
9.52971	10.2243
9.5339	10.3243
9.53611	10.4243
9.53664	10.5243
9.53939	10.6243
9.54078	10.7243
9.54221	10.8243
9.54303	10.9243
9.54365	11.0243
9.54416	11.1152
9.54505	11.2061
9.5551	11.297
9.5578	11.3879
9.56679	11.4788
9.57024	11.5697
9.57088	11.6606
9.57248	11.7515
9.57368	11.8424
9.57434	11.9333
9.57506	12.0243
9.57722	12.1076
9.58267	12.1909
9.58894	12.2743
9.58907	12.3576
9.59079	12.4409
9.59333	12.5243
9.5937	12.6076
9.59448	12.6909
9.59521	12.7743
9.59585	12.8576
9.59663	12.9409
9.59725	13.0243
9.59792	13.1012
9.60603	13.1781
9.6206	13.255
9.62198	13.332
9.62678	13.4089
9.62925	13.4858
9.63077	13.5627
9.6315	13.6396
9.63284	13.7166
9.63421	13.7935
9.63838	13.8704
9.63969	13.9473
9.64106	14.0243
9.64259	14.0957
9.64424	14.1671
9.64708	14.2385
9.64723	14.31
9.64755	14.3814
9.64764	14.4528
9.64771	14.5243
9.64789	14.5957
9.64815	14.6671
9.64876	14.7385
9.64946	14.81
9.65099	14.8814
9.65256	14.9528
9.65322	15.0243
9.65945	15.0909
9.6602	15.1576
9.6684	15.2243
9.6697	15.2909
9.6704	15.3576
9.6718	15.4243
9.67331	15.4909
9.67479	15.5576
9.67536	15.6243
9.6779	15.6909
9.67918	15.7576
9.68063	15.8243
9.68201	15.8909
9.68352	15.9576
9.68407	16.0243
9.68609	16.0868
9.68684	16.1493
9.69096	16.2118
9.6911	16.2743
9.69174	16.3368
9.69246	16.3993
9.69311	16.4618
9.69515	16.5243
9.69583	16.5868
9.69669	16.6493
9.69935	16.7118
9.70071	16.7743
9.70215	16.8368
9.7032	16.8993
9.70502	16.9618
9.70658	17.0243
9.70779	17.0831
9.70934	17.1419
9.71343	17.2007
9.71478	17.2596
9.71555	17.3184
9.71679	17.3772
9.71754	17.436
9.71829	17.4948
9.71983	17.5537
9.72095	17.6125
9.72303	17.6713
9.72472	17.7301
9.72521	17.789
9.72582	17.8478
9.72794	17.9066
9.72937	17.9654
9.73065	18.0243
9.73126	18.0798
9.732	18.1354
9.73389	18.1909
9.73403	18.2465
9.73418	18.302
9.73484	18.3576
9.73563	18.4131
9.7362	18.4687
9.73975	18.5243
9.74559	18.5798
9.74835	18.6354
9.75044	18.6909
9.752	18.7465
9.75354	18.802
9.75457	18.8576
9.75674	18.9131
9.75802	18.9687
9.75939	19.0243
9.76143	19.0769
9.76211	19.1295
9.76702	19.1822
9.76835	19.2348
9.76975	19.2874
9.77114	19.34
9.77247	19.3927
9.77431	19.4453
9.77524	19.4979
9.77729	19.5506
9.77975	19.6032
9.78097	19.6558
9.78294	19.7085
9.78435	19.7611
9.78653	19.8137
9.78785	19.8664
9.7889	19.919
9.7899	19.9716
9.79059	20.0243
9.79306	20.0743
9.79464	20.1243
9.79745	20.1743
9.79773	20.2243
9.79808	20.2743
9.79823	20.3243
9.79853	20.3743
9.79887	20.4243
9.79947	20.4743
9.80023	20.5243
9.80126	20.5743
9.80148	20.6243
9.80364	20.6743
9.80595	20.7243
9.80772	20.7743
9.80973	20.8243
9.8139	20.8743
9.8152	20.9243
9.8187	20.9743
9.82005	21.0243
9.82283	21.0719
9.82626	21.1195
9.83332	21.1671
9.83361	21.2147
9.83475	21.2624
9.83534	21.31
9.83601	21.3576
9.83684	21.4052
9.83792	21.4528
9.83966	21.5004
9.84029	21.5481
9.84087	21.5957
9.84152	21.6433
9.84226	21.6909
9.84291	21.7385
9.84436	21.7862
9.84564	21.8338
9.84735	21.8814
9.84849	21.929
9.84935	21.9766
9.85064	22.0243
9.85124	22.0697
9.85275	22.1152
9.85614	22.1606
9.85626	22.2061
9.85661	22.2515
9.85666	22.297
9.85677	22.3424
9.85763	22.3879
9.859	22.4333
9.86103	22.4788
9.86315	22.5243
9.86449	22.5697
9.86583	22.6152
9.86741	22.6606
9.86869	22.7061
9.87153	22.7515
9.87299	22.797
9.87413	22.8424
9.87773	22.8879
9.87902	22.9333
9.88067	22.9788
9.88135	23.0243
9.88214	23.0677
9.88273	23.1112
9.89408	23.1547
9.8953	23.1982
9.896	23.2416
9.89805	23.2851
9.89948	23.3286
9.90263	23.3721
9.90324	23.4156
9.90389	23.459
9.90476	23.5025
9.90531	23.546
9.90602	23.5895
9.90812	23.633
9.90938	23.6764
9.91078	23.7199
9.91218	23.7634
9.91353	23.8069
9.91386	23.8503
9.91506	23.8938
9.91647	23.9373
9.91784	23.9808
9.91926	24.0243
9.92047	24.0659
9.92325	24.1076
9.94145	24.1493
9.942	24.1909
9.9428	24.2326
9.94341	24.2743
9.94551	24.3159
9.94821	24.3576
9.95021	24.3993
9.95286	24.4409
9.95511	24.4826
9.95659	24.5243
9.95703	24.5659
9.95841	24.6076
9.95991	24.6493
9.9611	24.6909
9.96317	24.7326
9.96454	24.7743
9.96594	24.8159
9.9673	24.8576
9.96868	24.8993
9.96933	24.9409
9.97001	24.9826
9.97144	25.0243
9.97212	25.0643
9.97349	25.1043
9.99378	25.1443
9.99505	25.1843
9.99639	25.2243
9.99777	25.2643
10.0012	25.3043
10.0028	25.3443
10.0034	25.3843
10.004	25.4243
10.0081	25.4643
10.0095	25.5043
10.0101	25.5443
10.0116	25.5843
10.0122	25.6243
10.0129	25.6643
10.0143	25.7043
10.0157	25.7443
10.0178	25.7843
10.0184	25.8243
10.0198	25.8643
10.0212	25.9043
10.0219	25.9443
10.026	25.9843
10.0297	26.0243
10.0311	26.0627
10.0322	26.1012
10.0505	26.1396
10.0517	26.1781
10.0533	26.2166
10.0544	26.255
10.0551	26.2935
10.0581	26.332
10.0588	26.3704
10.0594	26.4089
10.0609	26.4473
10.0616	26.4858
10.0621	26.5243
10.063	26.5627
10.0634	26.6012
10.0641	26.6396
10.0649	26.6781
10.0669	26.7166
10.0682	26.755
10.0697	26.7935
10.0704	26.832
10.0719	26.8704
10.0724	26.9089
10.0739	26.9473
10.0779	26.9858
10.0787	27.0243
10.0795	27.0613
10.0801	27.0983
10.0921	27.1354
10.0927	13.5677
10.0943	13.6446
10.097	13.7215
10.0982	13.7985
10.0989	13.8754
10.0996	13.9523
10.1021	14.0292
10.1025	14.1007
10.1033	14.1721
10.104	14.2435
10.1062	14.3149
10.108	14.3864
10.1108	14.4578
10.1123	14.5292
10.1128	14.6007
10.115	14.6721
10.1163	14.7435
10.1171	14.8149
10.1177	14.8864
10.1191	14.9578
10.1205	15.0292
10.1211	15.0959
10.1222	15.1626
10.123	15.2292
10.124	15.2959
10.1246	15.3626
10.1422	15.4292
10.1464	15.4959
10.1474	15.5626
10.1483	15.6292
10.149	15.6959
10.1504	15.7626
10.1511	15.8292
10.1526	15.8959
10.154	15.9626
10.1552	16.0292
10.1566	16.0917
10.1587	16.1542
10.1598	16.2167
10.1601	16.2792
10.1608	16.3417
10.1859	16.4042
10.1932	16.4667
10.1946	16.5292
10.1961	16.5917
10.1967	16.6542
10.1977	16.7167
10.198	16.7792
10.1989	16.8417
10.2	16.9042
10.2018	16.9667
10.2043	17.0292
10.2045	17.088
10.2087	17.1469
10.2172	17.2057
10.2177	17.2645
10.2185	17.3233
10.2439	17.3822
10.2446	17.441
10.2453	17.4998
10.246	17.5586
10.247	17.6175
10.2477	17.6763
10.2502	17.7351
10.2509	17.7939
10.2512	17.8528
10.2521	17.9116
10.2532	17.9704
10.2539	18.0292
10.2557	18.0848
10.256	18.1403
10.2576	18.1959
10.2581	18.2514
10.2602	18.307
10.3038	18.3626
10.3051	18.4181
10.3199	18.4737
10.3212	18.5292
10.3219	18.5848
10.3226	18.6403
10.3239	18.6959
10.3246	18.7514
10.3259	18.807
10.3267	18.8626
10.3272	18.9181
10.3279	18.9737
10.3285	19.0292
10.3292	19.0819
10.3299	19.1345
10.3307	19.1871
10.3313	19.2397
10.3319	19.2924
10.3674	19.345
10.3688	19.3976
10.3778	19.4503
10.3785	19.5029
10.3794	19.5555
10.3803	19.6082
10.3807	19.6608
10.3835	19.7134
10.3848	19.7661
10.3921	19.8187
10.3955	19.8713
10.3976	19.924
10.4004	19.9766
10.401	20.0292
10.405	20.0792
10.4068	20.1292
10.4079	20.1792
10.4086	20.2292
10.4101	20.2792
10.426	20.3292
10.4267	20.3792
10.4277	20.4292
10.4281	20.4792
10.4288	20.5292
10.4303	20.5792
10.4316	20.6292
10.4335	20.6792
10.4339	20.7292
10.4359	20.7792
10.4366	20.8292
10.4379	20.8792
10.4386	20.9292
10.4414	20.9792
10.4442	21.0292
10.4489	21.0768
10.453	21.1245
10.4567	21.1721
10.4571	21.2197
10.4585	21.2673
10.4821	21.3149
10.4835	21.3626
10.4859	21.4102
10.4864	21.4578
10.4879	21.5054
10.4887	21.553
10.4892	21.6007
10.4899	21.6483
10.4905	21.6959
10.4911	21.7435
10.4927	21.7911
10.4933	21.8387
10.4945	21.8864
10.4966	21.934
10.4979	21.9816
10.5009	22.0292
10.5035	22.0747
10.5076	22.1201
10.509	22.1656
10.512	22.211
10.5173	22.2565
10.5355	22.302
10.537	22.3474
10.5377	22.3929
10.5383	22.4383
10.539	22.4838
10.5398	22.5292
10.5406	22.5747
10.5411	22.6201
10.5419	22.6656
10.546	22.711
10.5473	22.7565
10.5483	22.802
10.5496	22.8474
10.5519	22.8929
10.5536	22.9383
10.5548	22.9838
10.5568	23.0292
10.5603	23.0727
10.5634	23.1162
10.568	23.1597
10.57	23.2031
10.5707	23.2466
10.5862	23.2901
10.5875	23.3336
10.5905	23.377
10.5912	23.4205
10.5934	23.464
10.594	23.5075
10.5961	23.551
10.5967	23.5944
10.5981	23.6379
10.5988	23.6814
10.5996	23.7249
10.6027	23.7684
10.6057	23.8118
10.6077	23.8553
10.6089	23.8988
10.6102	23.9423
10.6131	23.9857
10.6138	24.0292
10.6154	24.0709
10.6172	24.1126
10.6235	24.1542
10.6245	24.1959
10.6249	24.2376
10.6331	24.2792
10.6338	24.3209
10.6347	24.3626
10.6352	24.4042
10.6359	24.4459
10.6365	24.4876
10.6374	24.5292
10.638	24.5709
10.6393	24.6126
10.64	24.6542
10.6425	24.6959
10.6444	24.7376
10.6472	24.7792
10.6486	24.8209
10.6499	24.8626
10.6549	24.9042
10.6692	24.9459
10.6706	24.9876
10.672	25.0292
10.6747	25.0692
10.675	25.1092
10.6762	25.1492
10.6769	25.1892
10.6776	25.2292
10.6848	25.2692
10.6862	25.3092
10.6875	25.3492
10.6877	25.3892
10.6882	25.4292
10.6895	25.4692
10.6917	25.5092
10.6937	25.5492
10.6959	25.5892
10.6985	25.6292
10.7021	25.6692
10.7054	25.7092
10.7067	25.7492
10.7075	25.7892
10.7089	25.8292
10.7108	25.8692
10.715	25.9092
10.7164	25.9492
10.717	25.9892
10.7185	26.0292
10.7212	26.0677
10.7218	26.1061
10.7239	26.1446
10.7247	26.1831
10.7253	26.2215
10.7435	26.26
10.7437	26.2985
10.7445	26.3369
10.7451	26.3754
10.7465	26.4138
10.7474	26.4523
10.7479	26.4908
10.7492	26.5292
10.7509	26.5677
10.7516	26.6061
10.753	26.6446
10.7569	26.6831
10.7576	26.7215
10.7598	26.76
10.7617	26.7985
10.7665	26.8369
10.7672	26.8754
10.7686	26.9138
10.7723	26.9523
10.7744	26.9908
10.7758	27.0292
10.7787	27.0663
10.7808	27.1033
10.7821	27.1403
10.7834	27.1774
10.784	27.2144
10.7951	27.2514
10.7965	27.2885
10.7978	27.3255
10.7999	27.3626
10.8009	27.3996
10.802	27.4366
10.8029	27.4737
10.8035	27.5107
10.8041	27.5477
10.8059	27.5848
10.8076	27.6218
10.8096	27.6589
10.8103	27.6959
10.8117	27.7329
10.813	27.77
10.8186	27.807
10.8194	27.844
10.8202	27.8811
10.8214	27.9181
10.8221	27.9551
10.8244	27.9922
10.8269	28.0292
10.8324	28.0649
10.8343	28.1007
10.8352	28.1364
10.8358	28.1721
10.8372	28.2078
10.8449	28.2435
10.8471	28.2792
10.8482	28.3149
10.8539	28.3507
10.8602	28.3864
10.8614	28.4221
10.8628	28.4578
10.8642	28.4935
10.8662	28.5292
10.8671	28.5649
10.8676	28.6007
10.8691	28.6364
10.8703	28.6721
10.871	28.7078
10.8717	28.7435
10.873	28.7792
10.874	28.8149
10.8744	28.8507
10.8752	28.8864
10.8759	28.9221
10.8765	28.9578
10.8774	28.9935
10.8787	29.0292
10.8824	29.0637
10.8835	29.0982
10.8843	29.1327
10.8849	29.1672
10.8856	29.2016
10.897	29.2361
10.8975	29.2706
10.8993	29.3051
10.9008	29.3396
10.9057	29.3741
10.907	29.4085
10.9078	29.443
10.9091	29.4775
10.9104	29.512
10.9111	29.5465
10.9125	29.5809
10.9138	29.6154
10.9145	29.6499
10.9152	29.6844
10.9159	29.7189
10.9166	29.7534
10.9173	29.7878
10.918	29.8223
10.9186	29.8568
10.9193	29.8913
10.9201	29.9258
10.9207	29.9603
10.9255	29.9947
10.9263	30.0292
10.9352	30.0626
10.9359	30.0959
10.9366	30.1292
10.9374	30.1626
10.938	30.1959
10.9404	30.2292
10.9408	30.2626
10.9415	30.2959
10.9421	30.3292
10.9437	30.3626
10.9443	30.3959
10.9456	30.4292
10.947	30.4626
10.9485	30.4959
10.9491	30.5292
10.9497	15.2646
10.9511	15.3313
10.9525	15.3979
10.9539	15.4646
10.9545	15.5313
10.9559	15.5979
10.9573	15.6646
10.9586	15.7313
10.9594	15.7979
10.9607	15.8646
10.9614	15.9313
10.9628	15.9979
10.9662	16.0646
10.9669	16.1271
10.9675	16.1896
10.9715	16.2521
10.9722	16.3146
10.9729	16.3771
10.9736	16.4396
10.9743	16.5021
10.9768	16.5646
10.9769	16.6271
10.9771	16.6896
10.9779	16.7521
10.9785	16.8146
10.9793	16.8771
10.9799	16.9396
10.9806	17.0021
10.9819	17.0609
10.9826	17.1198
10.9889	17.1786
10.9993	17.2374
11.0006	17.2962
11.0041	17.3551
11.0069	17.4139
11.0076	17.4727
11.0097	17.5315
11.0099	17.5903
11.0102	17.6492
11.0103	17.708
11.0133	17.7668
11.0138	8.88341
11.0155	9.00841
11.0159	9.11952
11.0167	9.23063
11.0173	9.34174
11.0191	9.45285
11.0198	9.56396
11.0213	9.67508
11.0218	9.78619
11.0239	9.8973
11.0246	10.0084
11.0255	10.1084
11.0353	10.2084
11.0367	10.3084
11.0382	10.4084
11.0394	10.5084
11.0421	10.6084
11.0482	10.7084
11.0496	10.8084
11.0504	10.9084
11.0511	11.0084
11.0519	11.0993
11.056	11.1902
11.0562	11.2811
11.0565	11.372
11.0573	11.463
11.0579	11.5539
11.0586	11.6448
11.0593	11.7357
11.0601	11.8266
11.0607	11.9175
11.0616	12.0084
11.062	12.0917
11.084	12.1751
11.0863	12.2584
11.0868	12.3417
11.0876	12.4251
11.0883	12.5084
11.0898	12.5917
11.0903	12.6751
11.0916	12.7584
11.0923	12.8417
11.093	12.9251
11.095	13.0084
11.0965	13.0853
11.1146	13.1623
11.116	13.2392
11.1182	13.3161
11.1183	13.393
11.1194	13.4699
11.1208	13.5469
11.1215	13.6238
11.1222	13.7007
11.1236	13.7776
11.125	13.8546
11.1257	13.9315
11.127	14.0084
11.1284	14.0798
11.1308	14.1513
11.1342	14.2227
11.1349	14.2941
11.1358	14.3656
11.1372	14.437
11.1392	14.5084
11.1401	14.5798
11.1407	14.6513
11.1414	14.7227
11.142	14.7941
11.1431	14.8656
11.1434	14.937
11.1441	15.0084
11.1448	15.0751
11.1474	15.1417
11.1517	15.2084
11.1522	15.2751
11.1528	15.3417
11.1541	15.4084
11.1548	15.4751
11.1559	15.5417
11.1563	15.6084
11.1576	15.6751
11.1583	15.7417
11.1597	15.8084
11.1617	15.8751
11.1634	15.9417
11.1639	16.0084
11.1653	16.0709
11.1685	16.1334
11.17	16.1959
11.1702	16.2584
11.1709	16.3209
11.1723	16.3834
11.1737	16.4459
11.1744	16.5084
11.175	16.5709
11.1757	16.6334
11.1764	16.6959
11.1771	16.7584
11.1778	16.8209
11.1795	16.8834
11.1814	16.9459
11.1816	17.0084
11.1839	17.0672
11.1918	17.1261
11.1932	17.1849
11.1939	17.2437
11.1945	17.3025
11.1953	17.3613
11.1959	17.4202
11.1973	17.479
11.1988	17.5378
11.2001	17.5966
11.2015	17.6555
11.2029	17.7143
11.2042	17.7731
11.2057	17.8319
11.207	17.8908
11.2083	17.9496
11.2097	18.0084
11.2111	18.064
11.2218	18.1195
11.2287	18.1751
11.2294	18.2306
11.2307	18.2862
11.2316	18.3417
11.2321	18.3973
11.2328	18.4529
11.2335	18.5084
11.2343	18.564
11.2349	18.6195
11.2356	18.6751
11.2363	18.7306
11.237	18.7862
11.2382	18.8417
11.2386	18.8973
11.2394	18.9529
11.2402	19.0084
11.2409	19.061
11.244	19.1137
11.2459	19.1663
11.2466	19.2189
11.2474	19.2716
11.2494	19.3242
11.2507	19.3768
11.2515	19.4295
11.2528	19.4821
11.2537	19.5347
11.2563	19.5874
11.257	19.64
11.2584	19.6926
11.2604	19.7453
11.2618	19.7979
11.2631	19.8505
11.2638	19.9031
11.2653	19.9558
11.2659	20.0084
11.2673	20.0584
11.2689	20.1084
11.2729	20.1584
11.275	20.2084
11.2764	20.2584
11.2778	20.3084
11.2792	20.3584
11.2805	20.4084
11.2822	20.4584
11.2848	20.5084
11.2858	20.5584
11.2872	20.6084
11.2886	20.6584
11.2901	20.7084
11.2914	20.7584
11.2927	20.8084
11.2941	20.8584
11.2955	20.9084
11.2968	20.9584
11.2982	21.0084
11.2996	21.056
11.3093	21.1036
11.3118	21.1513
11.3122	21.1989
11.3127	21.2465
11.3129	21.2941
11.3149	21.3417
11.3164	21.3894
11.317	21.437
11.32	21.4846
11.3213	21.5322
11.3225	21.5798
11.3255	21.6275
11.3266	21.6751
11.3287	21.7227
11.3318	21.7703
11.3332	21.8179
11.3345	21.8656
11.3359	21.9132
11.3366	21.9608
11.3373	22.0084
11.3394	22.0539
11.3436	22.0993
11.3525	22.1448
11.3541	22.1902
11.3553	22.2357
11.3566	22.2811
11.3587	22.3266
11.3594	22.372
11.3602	22.4175
11.3608	22.463
11.3622	22.5084
11.3641	22.5539
11.365	22.5993
11.3658	22.6448
11.3671	22.6902
11.3685	22.7357
11.3705	22.7811
11.3712	22.8266
11.3732	22.872
11.3741	22.9175
11.3753	22.963
11.3767	23.0084
11.3788	23.0519
11.384	23.0954
11.3893	23.1388
11.3906	23.1823
11.3927	23.2258
11.3941	23.2693
11.3954	23.3128
11.3982	23.3562
11.3995	23.3997
11.4016	23.4432
11.4023	23.4867
11.404	23.5301
11.4051	23.5736
11.4065	23.6171
11.4078	23.6606
11.4093	23.7041
11.4107	23.7475
11.4113	23.791
11.4132	23.8345
11.4137	23.878
11.4153	23.9215
11.4165	23.9649
11.4178	24.0084
11.4192	24.0501
11.4331	24.0917
11.4354	24.1334
11.4359	24.1751
11.4373	24.2167
11.4393	24.2584
11.4407	24.3001
11.4435	24.3417
11.4449	24.3834
11.4462	24.4251
11.4469	24.4667
11.4475	24.5084
11.4482	24.5501
11.4489	24.5917
11.4505	24.6334
11.4525	24.6751
11.4551	24.7167
11.4565	24.7584
11.4606	24.8001
11.4613	24.8417
11.4641	24.8834
11.4657	24.9251
11.4668	24.9667
11.4675	25.0084
11.4696	25.0484
11.4759	25.0884
11.4788	25.1284
11.48	25.1684
11.4821	25.2084
11.4834	25.2484
11.4855	25.2884
11.4871	25.3284
11.4883	25.3684
11.4904	25.4084
11.4913	25.4484
11.4925	25.4884
11.4933	25.5284
11.4945	25.5684
11.4953	25.6084
11.4972	25.6484
11.4994	25.6884
11.5001	25.7284
11.5016	25.7684
11.5021	25.8084
11.5042	25.8484
11.5049	25.8884
11.5063	25.9284
11.5069	25.9684
11.5076	26.0084
11.509	26.0469
11.5201	26.0853
11.5216	26.1238
11.5222	26.1623
11.5237	26.2007
11.5244	26.2392
11.5263	26.2776
11.5278	26.3161
11.5291	26.3546
11.5306	26.393
11.5312	26.4315
11.5326	26.4699
11.5332	26.5084
11.5346	26.5469
11.536	26.5853
11.5367	26.6238
11.5373	26.6623
11.5387	26.7007
11.5407	26.7392
11.5421	26.7776
11.5437	26.8161
11.5455	26.8546
11.547	26.893
11.5476	26.9315
11.5483	26.9699
11.549	27.0084
11.5497	27.0454
11.5575	27.0825
11.5596	27.1195
11.56	27.1566
11.5607	27.1936
11.5622	27.2306
11.5628	27.2677
11.5642	27.3047
11.5648	27.3417
11.5656	27.3788
11.567	27.4158
11.5676	27.4529
11.569	27.4899
11.5704	27.5269
11.5718	27.564
11.5748	27.601
11.576	27.638
11.5773	27.6751
11.578	27.7121
11.5793	27.7491
11.5803	27.7862
11.5827	27.8232
11.5842	13.9116
11.5876	13.9885
11.5897	14.0655
11.5903	14.1369
11.591	14.2083
11.5931	14.2797
11.5974	14.3512
11.6002	14.4226
11.6021	14.494
11.6034	14.5655
11.6049	14.6369
11.6074	14.7083
11.6081	14.7797
11.6109	14.8512
11.6117	14.9226
11.613	14.994
11.6151	15.0655
11.6157	15.1321
11.6165	15.1988
11.6184	15.2655
11.6198	15.3321
11.6204	15.3988
11.6211	15.4655
11.6218	15.5321
11.6225	15.5988
11.6232	15.6655
11.6255	15.7321
11.6351	15.7988
11.6364	15.8655
11.638	15.9321
11.6386	15.9988
11.6405	16.0655
11.6427	16.128
11.6453	16.1905
11.6475	16.253
11.6489	16.3155
11.6497	16.378
11.6502	16.4405
11.6516	16.503
11.6529	16.5655
11.6536	16.628
11.6556	16.6905
11.6705	16.753
11.6714	16.8155
11.6728	16.878
11.6733	16.9405
11.6739	17.003
11.6751	17.0618
11.6753	17.1206
11.676	17.1794
11.6767	17.2383
11.6773	8.61913
11.6783	8.74413
11.6788	8.86913
11.6802	8.99413
11.6822	9.11913
11.6877	9.23024
11.6914	9.34135
11.7051	9.45246
11.7064	9.56357
11.7084	9.67468
11.7098	9.78579
11.7112	9.8969
11.7133	10.008
11.7139	10.108
11.7148	10.208
11.716	10.308
11.7167	10.408
11.7244	10.508
11.7257	10.608
11.7265	10.708
11.7277	10.808
11.7283	10.908
11.7293	11.008
11.7296	11.0989
11.7305	11.1898
11.7314	11.2807
11.7346	11.3717
11.7484	11.4626
11.7498	11.5535
11.7505	11.6444
11.7519	11.7353
11.7533	11.8262
11.754	11.9171
11.7553	12.008
11.756	12.0913
11.7574	12.1747
11.7582	12.258
11.7609	12.3413
11.7654	12.4247
11.7661	12.508
11.7675	12.5913
11.7689	12.6747
11.7696	12.758
11.7709	12.8413
11.7716	12.9247
11.7723	13.008
11.7744	13.0849
11.7773	13.1619
11.7799	13.2388
11.782	13.3157
11.7938	13.3926
11.7952	13.4696
11.7963	13.5465
11.7977	13.6234
11.7992	13.7003
11.8005	13.7772
11.8019	13.8542
11.804	13.9311
11.8053	14.008
11.8067	14.0794
11.8089	14.1509
11.8102	14.2223
11.8108	14.2937
11.8192	14.3652
11.8206	14.4366
11.822	14.508
11.8233	14.5794
11.825	14.6509
11.8264	14.7223
11.827	14.7937
11.8282	14.8652
11.833	14.9366
11.8337	15.008
11.8365	15.0747
11.8393	15.1413
11.8406	15.208
11.8421	15.2747
11.8579	15.3413
11.8585	15.408
11.8594	15.4747
11.8599	15.5413
11.8613	15.608
11.8634	15.6747
11.8648	15.7413
11.8665	15.808
11.8704	15.8747
11.8717	15.9413
11.8731	16.008
11.8744	16.0705
11.8758	16.133
11.8773	16.1955
11.8786	16.258
11.8898	16.3205
11.8905	16.383
11.8913	16.4455
11.8918	16.508
11.8926	16.5705
11.8932	16.633
11.8939	16.6955
11.8946	16.758
11.8952	16.8205
11.8993	16.883
11.9016	16.9455
11.9027	17.008
11.9068	17.0668
11.9097	17.1257
11.9119	17.1845
11.9137	17.2433
11.9258	17.3021
11.9276	17.361
11.9279	17.4198
11.9286	17.4786
11.9293	17.5374
11.9299	17.5963
11.9313	17.6551
11.9327	17.7139
11.9334	17.7727
11.9348	17.8315
11.9361	17.8904
11.9382	17.9492
11.9389	18.008
11.9402	18.0636
11.9416	18.1191
11.9423	18.1747
11.943	18.2302
11.948	18.2858
11.9485	18.3413
11.9491	18.3969
11.9505	18.4525
11.9514	18.508
11.9536	18.5636
11.9541	18.6191
11.9561	18.6747
11.9575	18.7302
11.9589	18.7858
11.9609	18.8413
11.9626	18.8969
11.9642	18.9525
11.9647	19.008
11.9674	19.0606
11.9702	19.1133
11.9729	19.1659
11.9736	19.2185
11.98	19.2712
11.9801	19.3238
11.9814	19.3764
11.9817	19.4291
11.9826	19.4817
11.9843	19.5343
11.9849	19.587
11.9856	19.6396
11.9884	19.6922
11.9899	19.7449
11.9946	19.7975
11.9959	19.8501
11.9966	19.9028
11.9973	19.9554
11.9987	20.008
11.9994	20.058
12.0007	20.108
12.0014	20.158
12.0021	20.208
12.0064	20.258
12.0067	20.308
12.0069	20.358
12.0079	20.408
12.0081	20.458
12.0085	20.508
12.0098	20.558
12.0104	20.608
12.0121	20.658
12.0125	20.708
12.0146	20.758
12.0159	20.808
12.0168	20.858
12.018	20.908
12.0186	20.958
12.0196	21.008
12.021	21.0556
12.0221	21.1033
12.0239	21.1509
12.0251	21.1985
12.0305	21.2461
12.0313	21.2937
12.0334	21.3413
12.0347	21.389
12.0362	21.4366
12.0374	21.4842
12.0388	21.5318
12.0402	21.5794
12.0409	21.6271
12.0423	21.6747
12.043	21.7223
12.0436	21.7699
12.0455	21.8175
12.0457	21.8652
12.0464	21.9128
12.0484	21.9604
12.0498	22.008
12.0505	22.0535
12.0533	22.0989
12.0567	22.1444
12.0588	22.1898
12.0642	22.2353
12.0643	22.2807
12.0651	22.3262
12.0657	22.3717
12.0671	22.4171
12.0685	22.4626
12.0699	22.508
12.0708	22.5535
12.0715	22.5989
12.0721	22.6444
12.0729	22.6898
12.0752	22.7353
12.0767	22.7807
12.0773	22.8262
12.078	22.8717
12.0793	22.9171
12.0803	22.9626
12.0814	23.008
12.0821	23.0515
12.0834	23.095
12.0848	23.1384
12.0862	23.1819
12.0963	23.2254
12.0982	23.2689
12.0988	23.3124
12.0995	23.3558
12.1012	23.3993
12.1014	23.4428
12.1023	23.4863
12.1036	23.5298
12.105	23.5732
12.1066	23.6167
12.1072	23.6602
12.1079	23.7037
12.11	23.7471
12.1117	23.7906
12.1122	23.8341
12.1137	23.8776
12.115	23.9211
12.1163	23.9645
12.117	24.008
12.1187	24.0497
12.1199	24.0913
12.1225	24.133
12.126	24.1747
12.1333	24.2163
12.1347	24.258
12.136	24.2997
12.1374	24.3413
12.1395	24.383
12.1403	24.4247
12.1415	24.4663
12.1422	24.508
12.1436	24.5497
12.1453	24.5913
12.1472	24.633
12.1486	24.6747
12.1493	24.7163
12.1508	24.758
12.1521	24.7997
12.1534	24.8413
12.1541	24.883
12.1549	24.9247
12.1563	24.9663
12.1571	25.008
12.1578	25.048
12.1584	25.088
12.159	25.128
12.1604	25.168
12.1701	25.208
12.1709	25.248
12.1716	12.624
12.1729	12.7073
12.1743	12.7907
12.1757	12.874
12.1783	12.9573
12.1783	13.0407
12.1791	13.1176
12.1799	13.1945
12.1805	13.2714
12.1812	13.3484
12.1825	13.4253
12.1832	13.5022
12.1839	13.5791
12.1853	13.6561
12.1867	13.733
12.1873	13.8099
12.1888	13.8868
12.1894	13.9638
12.1926	14.0407
12.1932	14.1121
12.1953	14.1835
12.1959	14.255
12.1966	14.3264
12.2101	14.3978
12.2103	14.4692
12.2106	14.5407
12.2113	14.6121
12.212	14.6835
12.2127	14.755
12.2147	14.8264
12.2181	14.8978
12.2216	14.9692
12.2223	15.0407
12.2238	15.1073
12.225	15.174
12.2264	15.2407
12.2271	15.3073
12.2306	15.374
12.2313	15.4407
12.2368	15.5073
12.2382	15.574
12.2395	15.6407
12.2402	15.7073
12.2409	15.774
12.2423	15.8407
12.2433	15.9073
12.2437	15.974
12.2451	16.0407
12.2464	16.1032
12.2481	16.1657
12.25	16.2282
12.2513	16.2907
12.2555	16.3532
12.2562	16.4157
12.2579	16.4782
12.2591	16.5407
12.2604	16.6032
12.2618	16.6657
12.2632	16.7282
12.2639	16.7907
12.2655	16.8532
12.2662	16.9157
12.2674	16.9782
12.2678	17.0407
12.2682	17.0995
12.2688	17.1583
12.2723	17.2171
12.2752	17.276
12.2793	17.3348
12.2794	17.3936
12.2808	17.4524
12.2822	17.5113
12.2829	17.5701
12.2836	17.6289
12.2852	17.6877
12.2884	17.7466
12.2891	17.8054
12.2905	17.8642
12.2921	17.923
12.2932	17.9819
12.2939	18.0407
12.2953	18.0962
12.2967	18.1518
12.2987	18.2073
12.2994	18.2629
12.3051	18.3185
12.3058	18.374
12.3082	18.4296
12.3086	18.4851
12.3093	18.5407
12.3099	18.5962
12.3106	18.6518
12.312	18.7073
12.3137	18.7629
12.3154	18.8185
12.3202	18.874
12.3209	18.9296
12.3216	18.9851
12.3229	19.0407
12.3236	19.0933
12.3245	19.1459
12.3264	19.1986
12.3298	19.2512
12.3397	19.3038
12.341	19.3565
12.3413	19.4091
12.3418	19.4617
12.3424	19.5144
12.3431	19.567
12.3438	19.6196
12.3457	19.6723
12.3459	19.7249
12.3466	19.7775
12.3472	19.8301
12.3476	19.8828
