client0:
General NFD status:
                version=24.07-20-gbeb9e85b
              startTime=20251104T040652.930000
            currentTime=20251104T040723.445000
                 uptime=30 seconds
       nNameTreeEntries=36
            nFibEntries=12
            nPitEntries=8
   nMeasurementsEntries=4
             nCsEntries=640
           nInInterests=30583
          nOutInterests=29294
                nInData=29097
               nOutData=30361
               nInNacks=0
              nOutNacks=0
    nSatisfiedInterests=29716
  nUnsatisfiedInterests=0
Channels:
  udp4://0.0.0.0:6363
  udp6://[::]:6363
  dev://client0-eth0
  unix:///run/nfd/client0.sock
  tcp4://0.0.0.0:6363
  tcp6://[::]:6363
Faces:
  faceid=1 remote=internal:// local=internal:// congestion={base-marking-interval=100ms default-threshold=65536B} mtu=8800 counters={in={0i 60d 0n 10641B} out={63i 0d 0n 5597B}} flags={local permanent point-to-point local-fields}
  faceid=254 remote=contentstore:// local=contentstore:// mtu=8800 counters={in={0i 0d 0n 0B} out={0i 0d 0n 0B}} flags={local permanent point-to-point}
  faceid=255 remote=null:// local=null:// mtu=8800 counters={in={0i 0d 0n 0B} out={0i 0d 0n 0B}} flags={local permanent point-to-point}
  faceid=256 remote=ether://[01:00:5e:00:17:aa] local=dev://client0-eth0 congestion={base-marking-interval=100ms default-threshold=65536B} mtu=1500 counters={in={0i 0d 0n 0B} out={0i 0d 0n 0B}} flags={non-local permanent multi-access}
  faceid=257 remote=fd://26 local=unix:///run/nfd/client0.sock congestion={base-marking-interval=100ms default-threshold=65536B} mtu=8800 counters={in={46i 10d 0n 5602B} out={11i 45d 0n 10322B}} flags={local on-demand point-to-point local-fields congestion-marking}
  faceid=258 remote=udp4://224.0.23.170:56363 local=udp4://10.0.0.1:40904 congestion={base-marking-interval=100ms default-threshold=65536B} mtu=8800 counters={in={0i 0d 0n 0B} out={0i 0d 0n 0B}} flags={non-local permanent multi-access congestion-marking}
  faceid=259 remote=udp6://[ff02::1234%client0-eth0]:56363 local=udp6://[fe80::444f:82ff:fe44:f6d4%client0-eth0]:39325 congestion={base-marking-interval=100ms default-threshold=65536B} mtu=8800 counters={in={0i 0d 0n 0B} out={0i 0d 0n 0B}} flags={non-local permanent multi-access congestion-marking}
  faceid=262 remote=udp4://10.0.0.2:6363 local=udp4://10.0.0.1:6363 congestion={base-marking-interval=100ms default-threshold=65536B} mtu=8800 counters={in={12003i 18313d 0n 153676036B} out={18506i 11983d 0n 100917792B}} flags={non-local persistent point-to-point congestion-marking}
  faceid=272 remote=fd://31 local=unix:///run/nfd/client0.sock congestion={base-marking-interval=100ms default-threshold=65536B} mtu=8800 counters={in={1i 10714d 0n 89668079B} out={10714i 1d 0n 364428B}} flags={local on-demand point-to-point congestion-marking}
  faceid=276 remote=fd://33 local=unix:///run/nfd/client0.sock congestion={base-marking-interval=100ms default-threshold=65536B} mtu=8800 counters={in={7i 0d 0n 312B} out={0i 0d 0n 0B}} flags={local on-demand point-to-point congestion-marking}
FIB:
  /pro0 nexthops={faceid=272 (cost=0)}
  /ndn/s0-site/s0 nexthops={faceid=262 (cost=0)}
  /localhost/nfd/rib nexthops={faceid=257 (cost=0)}
  /ndn/s1-site/s1 nexthops={faceid=262 (cost=0)}
  /ndn/client3-site/client3 nexthops={faceid=262 (cost=0)}
  /ndn/client1-site/client1 nexthops={faceid=262 (cost=0)}
  /pro1 nexthops={faceid=262 (cost=0)}
  /ndn/s2-site/s2 nexthops={faceid=262 (cost=0)}
  /pro3 nexthops={faceid=262 (cost=0)}
  /localhost/nfd nexthops={faceid=1 (cost=0)}
  /ndn/client2-site/client2 nexthops={faceid=262 (cost=0)}
  /pro2 nexthops={faceid=262 (cost=0)}
RIB:
  /ndn/s0-site/s0 routes={nexthop=262 origin=static cost=0 flags=child-inherit expires=never}
  /ndn/s1-site/s1 routes={nexthop=262 origin=static cost=0 flags=child-inherit expires=never}
  /ndn/s2-site/s2 routes={nexthop=262 origin=static cost=0 flags=child-inherit expires=never}
  /ndn/client1-site/client1 routes={nexthop=262 origin=static cost=0 flags=child-inherit expires=never}
  /ndn/client2-site/client2 routes={nexthop=262 origin=static cost=0 flags=child-inherit expires=never}
  /ndn/client3-site/client3 routes={nexthop=262 origin=static cost=0 flags=child-inherit expires=never}
  /pro0 routes={nexthop=272 origin=app cost=0 flags=child-inherit expires=never}
  /pro1 routes={nexthop=262 origin=static cost=0 flags=child-inherit expires=never}
  /pro2 routes={nexthop=262 origin=static cost=0 flags=child-inherit expires=never}
  /pro3 routes={nexthop=262 origin=static cost=0 flags=child-inherit expires=never}
  /localhost/nfd routes={nexthop=257 origin=app cost=0 flags=child-inherit expires=never}
CS information:
  capacity=640
     admit=on
     serve=on
  nEntries=640
     nHits=1289
   nMisses=29294
Strategy choices:
  prefix=/ strategy=/localhost/nfd/strategy/asf/v=5
  prefix=/localhost strategy=/localhost/nfd/strategy/multicast/v=5
  prefix=/ndn/broadcast strategy=/localhost/nfd/strategy/multicast/v=5
  prefix=/localhost/nfd strategy=/localhost/nfd/strategy/best-route/v=5
client1:
General NFD status:
                version=24.07-20-gbeb9e85b
              startTime=20251104T040653.494000
            currentTime=20251104T040723.452000
                 uptime=29 seconds
       nNameTreeEntries=36
            nFibEntries=12
            nPitEntries=8
   nMeasurementsEntries=4
             nCsEntries=640
           nInInterests=35990
          nOutInterests=35812
                nInData=35620
               nOutData=35783
               nInNacks=0
              nOutNacks=0
    nSatisfiedInterests=35683
  nUnsatisfiedInterests=0
Channels:
  udp4://0.0.0.0:6363
  udp6://[::]:6363
  dev://client1-eth0
  unix:///run/nfd/client1.sock
  tcp4://0.0.0.0:6363
  tcp6://[::]:6363
Faces:
  faceid=1 remote=internal:// local=internal:// congestion={base-marking-interval=100ms default-threshold=65536B} mtu=8800 counters={in={0i 61d 0n 10804B} out={63i 0d 0n 5598B}} flags={local permanent point-to-point local-fields}
  faceid=254 remote=contentstore:// local=contentstore:// mtu=8800 counters={in={0i 0d 0n 0B} out={0i 0d 0n 0B}} flags={local permanent point-to-point}
  faceid=255 remote=null:// local=null:// mtu=8800 counters={in={0i 0d 0n 0B} out={0i 0d 0n 0B}} flags={local permanent point-to-point}
  faceid=256 remote=ether://[01:00:5e:00:17:aa] local=dev://client1-eth0 congestion={base-marking-interval=100ms default-threshold=65536B} mtu=1500 counters={in={0i 0d 0n 0B} out={0i 0d 0n 0B}} flags={non-local permanent multi-access}
  faceid=257 remote=fd://26 local=unix:///run/nfd/client1.sock congestion={base-marking-interval=100ms default-threshold=65536B} mtu=8800 counters={in={46i 10d 0n 5602B} out={11i 45d 0n 10323B}} flags={local on-demand point-to-point local-fields congestion-marking}
  faceid=258 remote=udp4://224.0.23.170:56363 local=udp4://10.0.0.5:48808 congestion={base-marking-interval=100ms default-threshold=65536B} mtu=8800 counters={in={0i 0d 0n 0B} out={0i 0d 0n 0B}} flags={non-local permanent multi-access congestion-marking}
  faceid=259 remote=udp6://[ff02::1234%client1-eth0]:56363 local=udp6://[fe80::e8db:43ff:fefa:2217%client1-eth0]:40107 congestion={base-marking-interval=100ms default-threshold=65536B} mtu=8800 counters={in={0i 0d 0n 0B} out={0i 0d 0n 0B}} flags={non-local permanent multi-access congestion-marking}
  faceid=262 remote=udp4://10.0.0.6:6363 local=udp4://10.0.0.5:6363 congestion={base-marking-interval=100ms default-threshold=65536B} mtu=8800 counters={in={17415i 18312d 0n 153851653B} out={18501i 17405d 0n 146299990B}} flags={non-local persistent point-to-point congestion-marking}
  faceid=272 remote=fd://31 local=unix:///run/nfd/client1.sock congestion={base-marking-interval=100ms default-threshold=65536B} mtu=8800 counters={in={1i 17237d 0n 144265562B} out={17237i 1d 0n 586193B}} flags={local on-demand point-to-point congestion-marking}
  faceid=276 remote=fd://33 local=unix:///run/nfd/client1.sock congestion={base-marking-interval=100ms default-threshold=65536B} mtu=8800 counters={in={7i 0d 0n 312B} out={0i 0d 0n 0B}} flags={local on-demand point-to-point congestion-marking}
FIB:
  /pro0 nexthops={faceid=262 (cost=0)}
  /ndn/s0-site/s0 nexthops={faceid=262 (cost=0)}
  /localhost/nfd/rib nexthops={faceid=257 (cost=0)}
  /ndn/s1-site/s1 nexthops={faceid=262 (cost=0)}
  /ndn/client3-site/client3 nexthops={faceid=262 (cost=0)}
  /pro1 nexthops={faceid=272 (cost=0)}
  /ndn/s2-site/s2 nexthops={faceid=262 (cost=0)}
  /pro3 nexthops={faceid=262 (cost=0)}
  /localhost/nfd nexthops={faceid=1 (cost=0)}
  /ndn/client0-site/client0 nexthops={faceid=262 (cost=0)}
  /ndn/client2-site/client2 nexthops={faceid=262 (cost=0)}
  /pro2 nexthops={faceid=262 (cost=0)}
RIB:
  /ndn/s0-site/s0 routes={nexthop=262 origin=static cost=0 flags=child-inherit expires=never}
  /ndn/s1-site/s1 routes={nexthop=262 origin=static cost=0 flags=child-inherit expires=never}
  /ndn/s2-site/s2 routes={nexthop=262 origin=static cost=0 flags=child-inherit expires=never}
  /ndn/client0-site/client0 routes={nexthop=262 origin=static cost=0 flags=child-inherit expires=never}
  /ndn/client2-site/client2 routes={nexthop=262 origin=static cost=0 flags=child-inherit expires=never}
  /ndn/client3-site/client3 routes={nexthop=262 origin=static cost=0 flags=child-inherit expires=never}
  /pro0 routes={nexthop=262 origin=static cost=0 flags=child-inherit expires=never}
  /pro1 routes={nexthop=272 origin=app cost=0 flags=child-inherit expires=never}
  /pro2 routes={nexthop=262 origin=static cost=0 flags=child-inherit expires=never}
  /pro3 routes={nexthop=262 origin=static cost=0 flags=child-inherit expires=never}
  /localhost/nfd routes={nexthop=257 origin=app cost=0 flags=child-inherit expires=never}
CS information:
  capacity=640
     admit=on
     serve=on
  nEntries=640
     nHits=178
   nMisses=35812
Strategy choices:
  prefix=/ strategy=/localhost/nfd/strategy/asf/v=5
  prefix=/localhost strategy=/localhost/nfd/strategy/multicast/v=5
  prefix=/ndn/broadcast strategy=/localhost/nfd/strategy/multicast/v=5
  prefix=/localhost/nfd strategy=/localhost/nfd/strategy/best-route/v=5
client2:
General NFD status:
                version=24.07-20-gbeb9e85b
              startTime=20251104T040654.028000
            currentTime=20251104T040723.460000
                 uptime=29 seconds
       nNameTreeEntries=36
            nFibEntries=12
            nPitEntries=8
   nMeasurementsEntries=4
             nCsEntries=640
           nInInterests=31908
          nOutInterests=31226
                nInData=31048
               nOutData=31715
               nInNacks=0
              nOutNacks=0
    nSatisfiedInterests=31240
  nUnsatisfiedInterests=0
Channels:
  udp4://0.0.0.0:6363
  udp6://[::]:6363
  dev://client2-eth0
  unix:///run/nfd/client2.sock
  tcp4://0.0.0.0:6363
  tcp6://[::]:6363
Faces:
  faceid=1 remote=internal:// local=internal:// congestion={base-marking-interval=100ms default-threshold=65536B} mtu=8800 counters={in={0i 60d 0n 10653B} out={63i 0d 0n 5600B}} flags={local permanent point-to-point local-fields}
  faceid=254 remote=contentstore:// local=contentstore:// mtu=8800 counters={in={0i 0d 0n 0B} out={0i 0d 0n 0B}} flags={local permanent point-to-point}
  faceid=255 remote=null:// local=null:// mtu=8800 counters={in={0i 0d 0n 0B} out={0i 0d 0n 0B}} flags={local permanent point-to-point}
  faceid=256 remote=ether://[01:00:5e:00:17:aa] local=dev://client2-eth0 congestion={base-marking-interval=100ms default-threshold=65536B} mtu=1500 counters={in={0i 0d 0n 0B} out={0i 0d 0n 0B}} flags={non-local permanent multi-access}
  faceid=257 remote=fd://26 local=unix:///run/nfd/client2.sock congestion={base-marking-interval=100ms default-threshold=65536B} mtu=8800 counters={in={46i 10d 0n 5602B} out={11i 45d 0n 10324B}} flags={local on-demand point-to-point local-fields congestion-marking}
  faceid=258 remote=udp4://224.0.23.170:56363 local=udp4://10.0.0.9:33264 congestion={base-marking-interval=100ms default-threshold=65536B} mtu=8800 counters={in={0i 0d 0n 0B} out={0i 0d 0n 0B}} flags={non-local permanent multi-access congestion-marking}
  faceid=259 remote=udp6://[ff02::1234%client2-eth0]:56363 local=udp6://[fe80::8859:70ff:feb3:146f%client2-eth0]:34733 congestion={base-marking-interval=100ms default-threshold=65536B} mtu=8800 counters={in={0i 0d 0n 0B} out={0i 0d 0n 0B}} flags={non-local permanent multi-access congestion-marking}
  faceid=262 remote=udp4://10.0.0.10:6363 local=udp4://10.0.0.9:6363 congestion={base-marking-interval=100ms default-threshold=65536B} mtu=8800 counters={in={13347i 18313d 0n 153721902B} out={18487i 13337d 0n 112250040B}} flags={non-local persistent point-to-point congestion-marking}
  faceid=272 remote=fd://31 local=unix:///run/nfd/client2.sock congestion={base-marking-interval=100ms default-threshold=65536B} mtu=8800 counters={in={1i 12665d 0n 105997947B} out={12665i 1d 0n 430784B}} flags={local on-demand point-to-point congestion-marking}
  faceid=276 remote=fd://33 local=unix:///run/nfd/client2.sock congestion={base-marking-interval=100ms default-threshold=65536B} mtu=8800 counters={in={7i 0d 0n 312B} out={0i 0d 0n 0B}} flags={local on-demand point-to-point congestion-marking}
FIB:
  /pro0 nexthops={faceid=262 (cost=0)}
  /ndn/s0-site/s0 nexthops={faceid=262 (cost=0)}
  /localhost/nfd/rib nexthops={faceid=257 (cost=0)}
  /ndn/s1-site/s1 nexthops={faceid=262 (cost=0)}
  /ndn/client3-site/client3 nexthops={faceid=262 (cost=0)}
  /ndn/client1-site/client1 nexthops={faceid=262 (cost=0)}
  /pro1 nexthops={faceid=262 (cost=0)}
  /ndn/s2-site/s2 nexthops={faceid=262 (cost=0)}
  /pro3 nexthops={faceid=262 (cost=0)}
  /localhost/nfd nexthops={faceid=1 (cost=0)}
  /ndn/client0-site/client0 nexthops={faceid=262 (cost=0)}
  /pro2 nexthops={faceid=272 (cost=0)}
RIB:
  /ndn/s0-site/s0 routes={nexthop=262 origin=static cost=0 flags=child-inherit expires=never}
  /ndn/s1-site/s1 routes={nexthop=262 origin=static cost=0 flags=child-inherit expires=never}
  /ndn/s2-site/s2 routes={nexthop=262 origin=static cost=0 flags=child-inherit expires=never}
  /ndn/client0-site/client0 routes={nexthop=262 origin=static cost=0 flags=child-inherit expires=never}
  /ndn/client1-site/client1 routes={nexthop=262 origin=static cost=0 flags=child-inherit expires=never}
  /ndn/client3-site/client3 routes={nexthop=262 origin=static cost=0 flags=child-inherit expires=never}
  /pro0 routes={nexthop=262 origin=static cost=0 flags=child-inherit expires=never}
  /pro1 routes={nexthop=262 origin=static cost=0 flags=child-inherit expires=never}
  /pro2 routes={nexthop=272 origin=app cost=0 flags=child-inherit expires=never}
  /pro3 routes={nexthop=262 origin=static cost=0 flags=child-inherit expires=never}
  /localhost/nfd routes={nexthop=257 origin=app cost=0 flags=child-inherit expires=never}
CS information:
  capacity=640
     admit=on
     serve=on
  nEntries=640
     nHits=682
   nMisses=31226
Strategy choices:
  prefix=/ strategy=/localhost/nfd/strategy/asf/v=5
  prefix=/localhost strategy=/localhost/nfd/strategy/multicast/v=5
  prefix=/ndn/broadcast strategy=/localhost/nfd/strategy/multicast/v=5
  prefix=/localhost/nfd strategy=/localhost/nfd/strategy/best-route/v=5
client3:
General NFD status:
                version=24.07-20-gbeb9e85b
              startTime=20251104T040654.640000
            currentTime=20251104T040723.467000
                 uptime=28 seconds
       nNameTreeEntries=36
            nFibEntries=12
            nPitEntries=8
   nMeasurementsEntries=4
             nCsEntries=640
           nInInterests=32995
          nOutInterests=31224
                nInData=30819
               nOutData=32571
               nInNacks=0
              nOutNacks=0
    nSatisfiedInterests=31878
  nUnsatisfiedInterests=0
Channels:
  udp4://0.0.0.0:6363
  udp6://[::]:6363
  dev://client3-eth0
  unix:///run/nfd/client3.sock
  tcp4://0.0.0.0:6363
  tcp6://[::]:6363
Faces:
  faceid=1 remote=internal:// local=internal:// congestion={base-marking-interval=100ms default-threshold=65536B} mtu=8800 counters={in={0i 61d 0n 10822B} out={63i 0d 0n 5599B}} flags={local permanent point-to-point local-fields}
  faceid=254 remote=contentstore:// local=contentstore:// mtu=8800 counters={in={0i 0d 0n 0B} out={0i 0d 0n 0B}} flags={local permanent point-to-point}
  faceid=255 remote=null:// local=null:// mtu=8800 counters={in={0i 0d 0n 0B} out={0i 0d 0n 0B}} flags={local permanent point-to-point}
  faceid=256 remote=ether://[01:00:5e:00:17:aa] local=dev://client3-eth0 congestion={base-marking-interval=100ms default-threshold=65536B} mtu=1500 counters={in={0i 0d 0n 0B} out={0i 0d 0n 0B}} flags={non-local permanent multi-access}
  faceid=257 remote=fd://26 local=unix:///run/nfd/client3.sock congestion={base-marking-interval=100ms default-threshold=65536B} mtu=8800 counters={in={46i 10d 0n 5602B} out={11i 45d 0n 10322B}} flags={local on-demand point-to-point local-fields congestion-marking}
  faceid=258 remote=udp4://224.0.23.170:56363 local=udp4://10.0.0.13:55358 congestion={base-marking-interval=100ms default-threshold=65536B} mtu=8800 counters={in={0i 0d 0n 0B} out={0i 0d 0n 0B}} flags={non-local permanent multi-access congestion-marking}
  faceid=259 remote=udp6://[ff02::1234%client3-eth0]:56363 local=udp6://[fe80::832:adff:fe77:64e8%client3-eth0]:40081 congestion={base-marking-interval=100ms default-threshold=65536B} mtu=8800 counters={in={0i 0d 0n 0B} out={0i 0d 0n 0B}} flags={non-local permanent multi-access congestion-marking}
  faceid=262 remote=udp4://10.0.0.14:6363 local=udp4://10.0.0.13:6363 congestion={base-marking-interval=100ms default-threshold=65536B} mtu=8800 counters={in={14203i 18316d 0n 153776142B} out={18718i 14193d 0n 119418747B}} flags={non-local persistent point-to-point congestion-marking}
  faceid=272 remote=fd://31 local=unix:///run/nfd/client3.sock congestion={base-marking-interval=100ms default-threshold=65536B} mtu=8800 counters={in={1i 12432d 0n 104047812B} out={12432i 1d 0n 422815B}} flags={local on-demand point-to-point congestion-marking}
  faceid=276 remote=fd://33 local=unix:///run/nfd/client3.sock congestion={base-marking-interval=100ms default-threshold=65536B} mtu=8800 counters={in={7i 0d 0n 312B} out={0i 0d 0n 0B}} flags={local on-demand point-to-point congestion-marking}
FIB:
  /pro0 nexthops={faceid=262 (cost=0)}
  /ndn/s0-site/s0 nexthops={faceid=262 (cost=0)}
  /localhost/nfd/rib nexthops={faceid=257 (cost=0)}
  /ndn/s1-site/s1 nexthops={faceid=262 (cost=0)}
  /ndn/client1-site/client1 nexthops={faceid=262 (cost=0)}
  /pro1 nexthops={faceid=262 (cost=0)}
  /ndn/s2-site/s2 nexthops={faceid=262 (cost=0)}
  /pro3 nexthops={faceid=272 (cost=0)}
  /localhost/nfd nexthops={faceid=1 (cost=0)}
  /ndn/client0-site/client0 nexthops={faceid=262 (cost=0)}
  /ndn/client2-site/client2 nexthops={faceid=262 (cost=0)}
  /pro2 nexthops={faceid=262 (cost=0)}
RIB:
  /ndn/s0-site/s0 routes={nexthop=262 origin=static cost=0 flags=child-inherit expires=never}
  /ndn/s1-site/s1 routes={nexthop=262 origin=static cost=0 flags=child-inherit expires=never}
  /ndn/s2-site/s2 routes={nexthop=262 origin=static cost=0 flags=child-inherit expires=never}
  /ndn/client0-site/client0 routes={nexthop=262 origin=static cost=0 flags=child-inherit expires=never}
  /ndn/client1-site/client1 routes={nexthop=262 origin=static cost=0 flags=child-inherit expires=never}
  /ndn/client2-site/client2 routes={nexthop=262 origin=static cost=0 flags=child-inherit expires=never}
  /pro0 routes={nexthop=262 origin=static cost=0 flags=child-inherit expires=never}
  /pro1 routes={nexthop=262 origin=static cost=0 flags=child-inherit expires=never}
  /pro2 routes={nexthop=262 origin=static cost=0 flags=child-inherit expires=never}
  /pro3 routes={nexthop=272 origin=app cost=0 flags=child-inherit expires=never}
  /localhost/nfd routes={nexthop=257 origin=app cost=0 flags=child-inherit expires=never}
CS information:
  capacity=640
     admit=on
     serve=on
  nEntries=640
     nHits=1771
   nMisses=31224
Strategy choices:
  prefix=/ strategy=/localhost/nfd/strategy/asf/v=5
  prefix=/localhost strategy=/localhost/nfd/strategy/multicast/v=5
  prefix=/ndn/broadcast strategy=/localhost/nfd/strategy/multicast/v=5
  prefix=/localhost/nfd strategy=/localhost/nfd/strategy/best-route/v=5
s0:
General NFD status:
                version=24.07-20-gbeb9e85b
              startTime=20251104T040655.246000
            currentTime=20251104T040723.474000
                 uptime=28 seconds
       nNameTreeEntries=36
            nFibEntries=12
            nPitEntries=8
   nMeasurementsEntries=4
             nCsEntries=640
           nInInterests=56630
          nOutInterests=48632
                nInData=46774
               nOutData=55606
               nInNacks=0
              nOutNacks=0
    nSatisfiedInterests=47806
  nUnsatisfiedInterests=0
Channels:
  udp4://0.0.0.0:6363
  udp6://[::]:6363
  dev://s0-eth0
  dev://s0-eth1
  dev://s0-eth2
  unix:///run/nfd/s0.sock
  tcp4://0.0.0.0:6363
  tcp6://[::]:6363
Faces:
  faceid=1 remote=internal:// local=internal:// congestion={base-marking-interval=100ms default-threshold=65536B} mtu=8800 counters={in={0i 75d 0n 13316B} out={72i 0d 0n 6572B}} flags={local permanent point-to-point local-fields}
  faceid=254 remote=contentstore:// local=contentstore:// mtu=8800 counters={in={0i 0d 0n 0B} out={0i 0d 0n 0B}} flags={local permanent point-to-point}
  faceid=255 remote=null:// local=null:// mtu=8800 counters={in={0i 0d 0n 0B} out={0i 0d 0n 0B}} flags={local permanent point-to-point}
  faceid=256 remote=ether://[01:00:5e:00:17:aa] local=dev://s0-eth0 congestion={base-marking-interval=100ms default-threshold=65536B} mtu=1500 counters={in={0i 0d 0n 0B} out={0i 0d 0n 0B}} flags={non-local permanent multi-access}
  faceid=257 remote=ether://[01:00:5e:00:17:aa] local=dev://s0-eth1 congestion={base-marking-interval=100ms default-threshold=65536B} mtu=1500 counters={in={0i 0d 0n 0B} out={0i 0d 0n 0B}} flags={non-local permanent multi-access}
  faceid=258 remote=ether://[01:00:5e:00:17:aa] local=dev://s0-eth2 congestion={base-marking-interval=100ms default-threshold=65536B} mtu=1500 counters={in={0i 0d 0n 0B} out={0i 0d 0n 0B}} flags={non-local permanent multi-access}
  faceid=259 remote=fd://34 local=unix:///run/nfd/s0.sock congestion={base-marking-interval=100ms default-threshold=65536B} mtu=8800 counters={in={52i 10d 0n 5930B} out={11i 51d 0n 11252B}} flags={local on-demand point-to-point local-fields congestion-marking}
  faceid=260 remote=udp4://224.0.23.170:56363 local=udp4://10.0.0.2:54289 congestion={base-marking-interval=100ms default-threshold=65536B} mtu=8800 counters={in={0i 0d 0n 0B} out={0i 0d 0n 0B}} flags={non-local permanent multi-access congestion-marking}
  faceid=261 remote=udp4://224.0.23.170:56363 local=udp4://10.0.0.6:38666 congestion={base-marking-interval=100ms default-threshold=65536B} mtu=8800 counters={in={0i 0d 0n 0B} out={0i 0d 0n 0B}} flags={non-local permanent multi-access congestion-marking}
  faceid=262 remote=udp4://224.0.23.170:56363 local=udp4://10.0.0.18:36198 congestion={base-marking-interval=100ms default-threshold=65536B} mtu=8800 counters={in={0i 0d 0n 0B} out={0i 0d 0n 0B}} flags={non-local permanent multi-access congestion-marking}
  faceid=263 remote=udp6://[ff02::1234%s0-eth0]:56363 local=udp6://[fe80::a8f1:a9ff:fec6:65c%s0-eth0]:48861 congestion={base-marking-interval=100ms default-threshold=65536B} mtu=8800 counters={in={0i 0d 0n 0B} out={0i 0d 0n 0B}} flags={non-local permanent multi-access congestion-marking}
  faceid=264 remote=udp6://[ff02::1234%s0-eth1]:56363 local=udp6://[fe80::bc78:5cff:fe43:b9d1%s0-eth1]:58604 congestion={base-marking-interval=100ms default-threshold=65536B} mtu=8800 counters={in={0i 0d 0n 0B} out={0i 0d 0n 0B}} flags={non-local permanent multi-access congestion-marking}
  faceid=265 remote=udp6://[ff02::1234%s0-eth2]:56363 local=udp6://[fe80::34db:7fff:feec:b1c1%s0-eth2]:44681 congestion={base-marking-interval=100ms default-threshold=65536B} mtu=8800 counters={in={0i 0d 0n 0B} out={0i 0d 0n 0B}} flags={non-local permanent multi-access congestion-marking}
  faceid=268 remote=udp4://10.0.0.1:6363 local=udp4://10.0.0.2:6363 congestion={base-marking-interval=100ms default-threshold=65536B} mtu=8800 counters={in={18396i 11941d 0n 100562517B} out={12038i 18327d 0n 153794376B}} flags={non-local persistent point-to-point congestion-marking}
  faceid=270 remote=udp4://10.0.0.5:6363 local=udp4://10.0.0.6:6363 congestion={base-marking-interval=100ms default-threshold=65536B} mtu=8800 counters={in={18408i 17351d 0n 145844846B} out={17427i 18326d 0n 153969254B}} flags={non-local persistent point-to-point congestion-marking}
  faceid=272 remote=udp4://10.0.0.17:6363 local=udp4://10.0.0.18:6363 congestion={base-marking-interval=100ms default-threshold=65536B} mtu=8800 counters={in={19743i 17397d 0n 146271461B} out={19084i 18878d 0n 158649264B}} flags={non-local persistent point-to-point congestion-marking}
  faceid=283 remote=fd://47 local=unix:///run/nfd/s0.sock congestion={base-marking-interval=100ms default-threshold=65536B} mtu=8800 counters={in={7i 0d 0n 312B} out={0i 0d 0n 0B}} flags={local on-demand point-to-point congestion-marking}
FIB:
  /pro0 nexthops={faceid=268 (cost=0)}
  /localhost/nfd/rib nexthops={faceid=259 (cost=0)}
  /ndn/s1-site/s1 nexthops={faceid=272 (cost=0)}
  /ndn/client3-site/client3 nexthops={faceid=272 (cost=0)}
  /ndn/client1-site/client1 nexthops={faceid=270 (cost=0)}
  /pro1 nexthops={faceid=270 (cost=0)}
  /ndn/s2-site/s2 nexthops={faceid=272 (cost=0)}
  /pro3 nexthops={faceid=272 (cost=0)}
  /localhost/nfd nexthops={faceid=1 (cost=0)}
  /ndn/client0-site/client0 nexthops={faceid=268 (cost=0)}
  /ndn/client2-site/client2 nexthops={faceid=272 (cost=0)}
  /pro2 nexthops={faceid=272 (cost=0)}
RIB:
  /ndn/s1-site/s1 routes={nexthop=272 origin=static cost=0 flags=child-inherit expires=never}
  /ndn/s2-site/s2 routes={nexthop=272 origin=static cost=0 flags=child-inherit expires=never}
  /ndn/client0-site/client0 routes={nexthop=268 origin=static cost=0 flags=child-inherit expires=never}
  /ndn/client1-site/client1 routes={nexthop=270 origin=static cost=0 flags=child-inherit expires=never}
  /ndn/client2-site/client2 routes={nexthop=272 origin=static cost=0 flags=child-inherit expires=never}
  /ndn/client3-site/client3 routes={nexthop=272 origin=static cost=0 flags=child-inherit expires=never}
  /pro0 routes={nexthop=268 origin=static cost=0 flags=child-inherit expires=never}
  /pro1 routes={nexthop=270 origin=static cost=0 flags=child-inherit expires=never}
  /pro2 routes={nexthop=272 origin=static cost=0 flags=child-inherit expires=never}
  /pro3 routes={nexthop=272 origin=static cost=0 flags=child-inherit expires=never}
  /localhost/nfd routes={nexthop=259 origin=app cost=0 flags=child-inherit expires=never}
CS information:
  capacity=640
     admit=on
     serve=on
  nEntries=640
     nHits=4982
   nMisses=51648
Strategy choices:
  prefix=/ strategy=/localhost/nfd/strategy/asf/v=5
  prefix=/localhost strategy=/localhost/nfd/strategy/multicast/v=5
  prefix=/ndn/broadcast strategy=/localhost/nfd/strategy/multicast/v=5
  prefix=/localhost/nfd strategy=/localhost/nfd/strategy/best-route/v=5
s1:
General NFD status:
                version=24.07-20-gbeb9e85b
              startTime=20251104T040655.836000
            currentTime=20251104T040723.480000
                 uptime=27 seconds
       nNameTreeEntries=36
            nFibEntries=12
            nPitEntries=8
   nMeasurementsEntries=4
             nCsEntries=640
           nInInterests=55249
          nOutInterests=48229
                nInData=46514
               nOutData=54184
               nInNacks=0
              nOutNacks=0
    nSatisfiedInterests=46508
  nUnsatisfiedInterests=0
Channels:
  udp4://0.0.0.0:6363
  udp6://[::]:6363
  dev://s1-eth0
  dev://s1-eth1
  dev://s1-eth2
  unix:///run/nfd/s1.sock
  tcp4://0.0.0.0:6363
  tcp6://[::]:6363
Faces:
  faceid=1 remote=internal:// local=internal:// congestion={base-marking-interval=100ms default-threshold=65536B} mtu=8800 counters={in={0i 75d 0n 13335B} out={72i 0d 0n 6571B}} flags={local permanent point-to-point local-fields}
  faceid=254 remote=contentstore:// local=contentstore:// mtu=8800 counters={in={0i 0d 0n 0B} out={0i 0d 0n 0B}} flags={local permanent point-to-point}
  faceid=255 remote=null:// local=null:// mtu=8800 counters={in={0i 0d 0n 0B} out={0i 0d 0n 0B}} flags={local permanent point-to-point}
  faceid=256 remote=ether://[01:00:5e:00:17:aa] local=dev://s1-eth0 congestion={base-marking-interval=100ms default-threshold=65536B} mtu=1500 counters={in={0i 0d 0n 0B} out={0i 0d 0n 0B}} flags={non-local permanent multi-access}
  faceid=257 remote=ether://[01:00:5e:00:17:aa] local=dev://s1-eth1 congestion={base-marking-interval=100ms default-threshold=65536B} mtu=1500 counters={in={0i 0d 0n 0B} out={0i 0d 0n 0B}} flags={non-local permanent multi-access}
  faceid=258 remote=ether://[01:00:5e:00:17:aa] local=dev://s1-eth2 congestion={base-marking-interval=100ms default-threshold=65536B} mtu=1500 counters={in={0i 0d 0n 0B} out={0i 0d 0n 0B}} flags={non-local permanent multi-access}
  faceid=259 remote=fd://34 local=unix:///run/nfd/s1.sock congestion={base-marking-interval=100ms default-threshold=65536B} mtu=8800 counters={in={52i 10d 0n 5930B} out={11i 51d 0n 11256B}} flags={local on-demand point-to-point local-fields congestion-marking}
  faceid=260 remote=udp4://224.0.23.170:56363 local=udp4://10.0.0.10:47260 congestion={base-marking-interval=100ms default-threshold=65536B} mtu=8800 counters={in={0i 0d 0n 0B} out={0i 0d 0n 0B}} flags={non-local permanent multi-access congestion-marking}
  faceid=261 remote=udp4://224.0.23.170:56363 local=udp4://10.0.0.14:36223 congestion={base-marking-interval=100ms default-threshold=65536B} mtu=8800 counters={in={0i 0d 0n 0B} out={0i 0d 0n 0B}} flags={non-local permanent multi-access congestion-marking}
  faceid=262 remote=udp4://224.0.23.170:56363 local=udp4://10.0.0.22:46732 congestion={base-marking-interval=100ms default-threshold=65536B} mtu=8800 counters={in={0i 0d 0n 0B} out={0i 0d 0n 0B}} flags={non-local permanent multi-access congestion-marking}
  faceid=263 remote=udp6://[ff02::1234%s1-eth0]:56363 local=udp6://[fe80::44a9:73ff:feff:5160%s1-eth0]:56397 congestion={base-marking-interval=100ms default-threshold=65536B} mtu=8800 counters={in={0i 0d 0n 0B} out={0i 0d 0n 0B}} flags={non-local permanent multi-access congestion-marking}
  faceid=264 remote=udp6://[ff02::1234%s1-eth1]:56363 local=udp6://[fe80::2056:10ff:fe36:6bec%s1-eth1]:51072 congestion={base-marking-interval=100ms default-threshold=65536B} mtu=8800 counters={in={0i 0d 0n 0B} out={0i 0d 0n 0B}} flags={non-local permanent multi-access congestion-marking}
  faceid=265 remote=udp6://[ff02::1234%s1-eth2]:56363 local=udp6://[fe80::6406:22ff:fe0b:aef4%s1-eth2]:51402 congestion={base-marking-interval=100ms default-threshold=65536B} mtu=8800 counters={in={0i 0d 0n 0B} out={0i 0d 0n 0B}} flags={non-local permanent multi-access congestion-marking}
  faceid=268 remote=udp4://10.0.0.9:6363 local=udp4://10.0.0.10:6363 congestion={base-marking-interval=100ms default-threshold=65536B} mtu=8800 counters={in={18438i 13288d 0n 111838246B} out={13357i 18358d 0n 154098916B}} flags={non-local persistent point-to-point congestion-marking}
  faceid=270 remote=udp4://10.0.0.13:6363 local=udp4://10.0.0.14:6363 congestion={base-marking-interval=100ms default-threshold=65536B} mtu=8800 counters={in={18440i 14098d 0n 118614237B} out={14210i 18332d 0n 153910287B}} flags={non-local persistent point-to-point congestion-marking}
  faceid=272 remote=udp4://10.0.0.21:6363 local=udp4://10.0.0.22:6363 congestion={base-marking-interval=100ms default-threshold=65536B} mtu=8800 counters={in={18288i 19043d 0n 160003518B} out={20579i 17419d 0n 146483996B}} flags={non-local persistent point-to-point congestion-marking}
  faceid=283 remote=fd://47 local=unix:///run/nfd/s1.sock congestion={base-marking-interval=100ms default-threshold=65536B} mtu=8800 counters={in={7i 0d 0n 312B} out={0i 0d 0n 0B}} flags={local on-demand point-to-point congestion-marking}
FIB:
  /pro0 nexthops={faceid=272 (cost=0)}
  /ndn/s0-site/s0 nexthops={faceid=272 (cost=0)}
  /localhost/nfd/rib nexthops={faceid=259 (cost=0)}
  /ndn/client3-site/client3 nexthops={faceid=270 (cost=0)}
  /ndn/client1-site/client1 nexthops={faceid=272 (cost=0)}
  /pro1 nexthops={faceid=272 (cost=0)}
  /ndn/s2-site/s2 nexthops={faceid=272 (cost=0)}
  /pro3 nexthops={faceid=270 (cost=0)}
  /localhost/nfd nexthops={faceid=1 (cost=0)}
  /ndn/client0-site/client0 nexthops={faceid=272 (cost=0)}
  /ndn/client2-site/client2 nexthops={faceid=268 (cost=0)}
  /pro2 nexthops={faceid=268 (cost=0)}
RIB:
  /ndn/s0-site/s0 routes={nexthop=272 origin=static cost=0 flags=child-inherit expires=never}
  /ndn/s2-site/s2 routes={nexthop=272 origin=static cost=0 flags=child-inherit expires=never}
  /ndn/client0-site/client0 routes={nexthop=272 origin=static cost=0 flags=child-inherit expires=never}
  /ndn/client1-site/client1 routes={nexthop=272 origin=static cost=0 flags=child-inherit expires=never}
  /ndn/client2-site/client2 routes={nexthop=268 origin=static cost=0 flags=child-inherit expires=never}
  /ndn/client3-site/client3 routes={nexthop=270 origin=static cost=0 flags=child-inherit expires=never}
  /pro0 routes={nexthop=272 origin=static cost=0 flags=child-inherit expires=never}
  /pro1 routes={nexthop=272 origin=static cost=0 flags=child-inherit expires=never}
  /pro2 routes={nexthop=268 origin=static cost=0 flags=child-inherit expires=never}
  /pro3 routes={nexthop=270 origin=static cost=0 flags=child-inherit expires=never}
  /localhost/nfd routes={nexthop=259 origin=app cost=0 flags=child-inherit expires=never}
CS information:
  capacity=640
     admit=on
     serve=on
  nEntries=640
     nHits=4594
   nMisses=50655
Strategy choices:
  prefix=/ strategy=/localhost/nfd/strategy/asf/v=5
  prefix=/localhost strategy=/localhost/nfd/strategy/multicast/v=5
  prefix=/ndn/broadcast strategy=/localhost/nfd/strategy/multicast/v=5
  prefix=/localhost/nfd strategy=/localhost/nfd/strategy/best-route/v=5
s2:
General NFD status:
                version=24.07-20-gbeb9e85b
              startTime=20251104T040656.397000
            currentTime=20251104T040723.487000
                 uptime=27 seconds
       nNameTreeEntries=36
            nFibEntries=12
            nPitEntries=8
   nMeasurementsEntries=4
             nCsEntries=640
           nInInterests=39732
          nOutInterests=38249
                nInData=36367
               nOutData=36613
               nInNacks=0
              nOutNacks=0
    nSatisfiedInterests=35717
  nUnsatisfiedInterests=0
Channels:
  udp4://0.0.0.0:6363
  udp6://[::]:6363
  dev://s2-eth0
  dev://s2-eth1
  unix:///run/nfd/s2.sock
  tcp4://0.0.0.0:6363
  tcp6://[::]:6363
Faces:
  faceid=1 remote=internal:// local=internal:// congestion={base-marking-interval=100ms default-threshold=65536B} mtu=8800 counters={in={0i 65d 0n 11576B} out={65i 0d 0n 5947B}} flags={local permanent point-to-point local-fields}
  faceid=254 remote=contentstore:// local=contentstore:// mtu=8800 counters={in={0i 0d 0n 0B} out={0i 0d 0n 0B}} flags={local permanent point-to-point}
  faceid=255 remote=null:// local=null:// mtu=8800 counters={in={0i 0d 0n 0B} out={0i 0d 0n 0B}} flags={local permanent point-to-point}
  faceid=256 remote=ether://[01:00:5e:00:17:aa] local=dev://s2-eth0 congestion={base-marking-interval=100ms default-threshold=65536B} mtu=1500 counters={in={0i 0d 0n 0B} out={0i 0d 0n 0B}} flags={non-local permanent multi-access}
  faceid=257 remote=ether://[01:00:5e:00:17:aa] local=dev://s2-eth1 congestion={base-marking-interval=100ms default-threshold=65536B} mtu=1500 counters={in={0i 0d 0n 0B} out={0i 0d 0n 0B}} flags={non-local permanent multi-access}
  faceid=258 remote=fd://30 local=unix:///run/nfd/s2.sock congestion={base-marking-interval=100ms default-threshold=65536B} mtu=8800 counters={in={46i 10d 0n 5642B} out={11i 45d 0n 10284B}} flags={local on-demand point-to-point local-fields congestion-marking}
  faceid=259 remote=udp4://224.0.23.170:56363 local=udp4://10.0.0.17:43407 congestion={base-marking-interval=100ms default-threshold=65536B} mtu=8800 counters={in={0i 0d 0n 0B} out={0i 0d 0n 0B}} flags={non-local permanent multi-access congestion-marking}
  faceid=260 remote=udp4://224.0.23.170:56363 local=udp4://10.0.0.21:58266 congestion={base-marking-interval=100ms default-threshold=65536B} mtu=8800 counters={in={0i 0d 0n 0B} out={0i 0d 0n 0B}} flags={non-local permanent multi-access congestion-marking}
  faceid=261 remote=udp6://[ff02::1234%s2-eth0]:56363 local=udp6://[fe80::2c2f:14ff:fec1:2ebe%s2-eth0]:40577 congestion={base-marking-interval=100ms default-threshold=65536B} mtu=8800 counters={in={0i 0d 0n 0B} out={0i 0d 0n 0B}} flags={non-local permanent multi-access congestion-marking}
  faceid=262 remote=udp6://[ff02::1234%s2-eth1]:56363 local=udp6://[fe80::d8b7:92ff:fef0:be79%s2-eth1]:41426 congestion={base-marking-interval=100ms default-threshold=65536B} mtu=8800 counters={in={0i 0d 0n 0B} out={0i 0d 0n 0B}} flags={non-local permanent multi-access congestion-marking}
  faceid=265 remote=udp4://10.0.0.18:6363 local=udp4://10.0.0.17:6363 congestion={base-marking-interval=100ms default-threshold=65536B} mtu=8800 counters={in={19084i 18877d 0n 158640893B} out={19822i 17438d 0n 146617278B}} flags={non-local persistent point-to-point congestion-marking}
  faceid=267 remote=udp4://10.0.0.22:6363 local=udp4://10.0.0.21:6363 congestion={base-marking-interval=100ms default-threshold=65536B} mtu=8800 counters={in={20572i 17415d 0n 146450285B} out={18351i 19107d 0n 160541358B}} flags={non-local persistent point-to-point congestion-marking}
  faceid=278 remote=fd://39 local=unix:///run/nfd/s2.sock congestion={base-marking-interval=100ms default-threshold=65536B} mtu=8800 counters={in={7i 0d 0n 312B} out={0i 0d 0n 0B}} flags={local on-demand point-to-point congestion-marking}
FIB:
  /pro0 nexthops={faceid=265 (cost=0)}
  /ndn/s0-site/s0 nexthops={faceid=265 (cost=0)}
  /localhost/nfd/rib nexthops={faceid=258 (cost=0)}
  /ndn/s1-site/s1 nexthops={faceid=267 (cost=0)}
  /ndn/client3-site/client3 nexthops={faceid=267 (cost=0)}
  /ndn/client1-site/client1 nexthops={faceid=265 (cost=0)}
  /pro1 nexthops={faceid=265 (cost=0)}
  /pro3 nexthops={faceid=267 (cost=0)}
  /localhost/nfd nexthops={faceid=1 (cost=0)}
  /ndn/client0-site/client0 nexthops={faceid=265 (cost=0)}
  /ndn/client2-site/client2 nexthops={faceid=267 (cost=0)}
  /pro2 nexthops={faceid=267 (cost=0)}
RIB:
  /ndn/s0-site/s0 routes={nexthop=265 origin=static cost=0 flags=child-inherit expires=never}
  /ndn/s1-site/s1 routes={nexthop=267 origin=static cost=0 flags=child-inherit expires=never}
  /ndn/client0-site/client0 routes={nexthop=265 origin=static cost=0 flags=child-inherit expires=never}
  /ndn/client1-site/client1 routes={nexthop=265 origin=static cost=0 flags=child-inherit expires=never}
  /ndn/client2-site/client2 routes={nexthop=267 origin=static cost=0 flags=child-inherit expires=never}
  /ndn/client3-site/client3 routes={nexthop=267 origin=static cost=0 flags=child-inherit expires=never}
  /pro0 routes={nexthop=265 origin=static cost=0 flags=child-inherit expires=never}
  /pro1 routes={nexthop=265 origin=static cost=0 flags=child-inherit expires=never}
  /pro2 routes={nexthop=267 origin=static cost=0 flags=child-inherit expires=never}
  /pro3 routes={nexthop=267 origin=static cost=0 flags=child-inherit expires=never}
  /localhost/nfd routes={nexthop=258 origin=app cost=0 flags=child-inherit expires=never}
CS information:
  capacity=640
     admit=on
     serve=on
  nEntries=640
     nHits=1178
   nMisses=38554
Strategy choices:
  prefix=/ strategy=/localhost/nfd/strategy/asf/v=5
  prefix=/localhost strategy=/localhost/nfd/strategy/multicast/v=5
  prefix=/ndn/broadcast strategy=/localhost/nfd/strategy/multicast/v=5
  prefix=/localhost/nfd strategy=/localhost/nfd/strategy/best-route/v=5
