time	cwndsize
0.268674	11
0.269866	12
0.270936	13
0.272081	14
0.273322	15
0.274362	16
0.275543	17
0.276713	18
0.27787	19
0.279958	20
0.286245	21
0.287133	22
0.287834	23
0.288489	24
0.289225	25
0.290225	26
0.290917	27
0.291633	28
0.293645	29
0.294844	30
0.317369	31
0.319416	32
0.320803	33
0.322861	34
0.324898	35
0.32693	36
0.328322	37
0.329772	38
0.330445	39
0.331158	40
0.331881	41
0.33299	42
0.333395	43
0.334105	44
0.334887	45
0.335511	46
0.336219	47
0.336886	48
0.338036	49
0.340356	50
0.341572	51
0.342571	52
0.343731	53
0.344833	54
0.351746	55
0.352886	56
0.359211	57
0.360357	58
0.361511	59
0.362601	60
0.387959	61
0.389999	62
0.392725	63
0.394091	64
0.395507	65
0.396848	66
0.398901	67
0.400974	68
0.403034	69
0.4044	70
0.406478	71
0.408641	72
0.4106	73
0.412013	74
0.414023	75
0.41609	76
0.41746	77
0.419526	78
0.421556	79
0.422977	80
0.425043	81
0.425179	82
0.425856	83
0.426529	84
0.427266	85
0.427938	86
0.428598	87
0.429288	88
0.429944	89
0.430631	90
0.43133	91
0.43201	92
0.432702	93
0.433387	94
0.434102	95
0.434765	96
0.435439	97
0.436125	98
0.436819	99
0.43751	100
0.439567	101
0.440292	102
0.441026	103
0.442241	104
0.443346	105
0.444521	106
0.4458	107
0.447195	108
0.490375	109
0.491816	110
0.492705	111
0.493857	112
0.516113	113
0.518207	114
0.52027	115
0.522991	116
0.526713	117
0.528095	118
0.530143	119
0.532235	120
0.581303	121
0.583657	122
0.587546	123
0.589601	124
0.595789	125
0.597848	126
0.599253	127
0.60127	128
0.607513	129
0.609805	130
0.615376	131
0.616675	132
0.621422	133
0.623038	134
0.631914	135
0.633281	136
0.638087	137
0.639609	138
0.646424	139
0.647808	140
0.652878	141
0.654994	142
0.659765	143
0.661093	144
0.672496	145
0.673796	146
0.675901	147
0.67797	148
0.679282	149
0.681329	150
0.683459	151
0.684822	152
0.7006	153
0.701995	154
0.704814	155
0.7061	156
0.708225	157
0.709553	158
0.711938	159
0.71387	160
0.716635	161
0.717985	162
0.74035	163
0.741744	164
0.746058	165
0.747454	166
0.749474	167
0.751536	168
0.780917	169
0.782239	170
0.804035	171
0.806013	172
0.807392	173
0.809449	174
0.811497	175
0.812929	176
0.814915	177
0.817035	178
0.81835	179
0.820491	180
0.822475	181
0.824537	182
0.82593	183
0.827967	184
0.830013	185
0.831394	186
0.833446	187
0.83483	188
0.838951	189
0.841	190
0.843059	191
0.844435	192
0.846483	193
0.848557	194
0.849923	195
0.851983	196
0.854042	197
0.856109	198
0.857506	199
0.859574	99.5
0.868586	99.5101
0.870588	99.5202
0.872638	99.5303
0.874006	99.5404
0.876119	99.5505
0.878121	99.5606
0.879505	99.5707
0.881542	99.5808
0.883623	99.5909
0.885004	99.601
0.887081	99.6111
0.88912	99.6212
0.890484	99.6313
0.892533	99.6414
0.894612	99.6515
0.896011	99.6616
0.945451	99.6717
0.947541	99.6818
0.948898	99.6919
0.95097	99.702
0.952342	99.7121
0.955779	99.7222
0.959898	99.7323
0.961293	99.7424
0.994915	99.7525
0.99632	99.7626
0.998328	99.7727
1.0004	99.7828
1.00288	99.7929
1.00421	99.803
1.0059	99.8131
1.008	99.8232
1.00932	99.8333
1.01145	99.8434
1.01504	99.8535
1.0164	99.8636
1.01847	99.8737
1.0205	99.8838
1.02195	99.8939
1.06592	99.904
1.06795	99.9141
1.07002	99.9242
1.07238	99.9343
1.07412	99.9444
1.07621	99.9545
1.07757	99.9646
1.07963	99.9747
1.08169	99.9848
1.08306	99.9949
1.08512	100.005
1.08648	100.015
1.08856	100.025
1.09064	100.035
1.09206	100.045
1.09403	100.055
1.09633	100.065
1.09775	100.075
1.09976	100.085
1.10184	100.095
1.10322	100.105
1.10529	100.115
1.10732	100.125
1.10871	100.135
1.11077	100.145
1.11284	100.155
1.11629	100.165
1.11904	100.175
1.12072	100.185
1.12284	100.195
1.12488	100.205
1.12624	100.215
1.12828	100.225
1.13033	100.235
1.1317	100.245
1.13379	100.255
1.13522	100.265
1.13733	100.275
1.13941	100.285
1.14146	100.295
1.14286	100.305
1.14556	100.315
1.14835	100.325
1.15242	100.335
1.15393	100.345
1.15599	100.355
1.15797	100.365
1.1593	100.375
1.16132	100.385
1.16437	100.395
1.16563	100.405
1.16774	100.415
1.16844	100.425
1.16912	100.435
1.16981	100.445
1.17191	100.455
1.17263	100.465
1.17327	100.475
1.17397	100.485
1.17479	100.495
1.17534	100.505
1.17607	100.515
1.17676	100.525
1.17745	100.535
1.17885	100.545
1.17953	100.555
1.1802	100.565
1.18092	100.575
1.18158	100.585
1.18228	100.595
1.18296	100.605
1.18365	100.615
1.18434	100.625
1.18507	100.635
1.18576	100.645
1.18711	100.655
1.18851	100.665
1.18919	100.675
1.19057	100.685
1.19266	100.695
1.19402	100.705
1.19608	100.715
1.19813	100.725
1.19951	100.735
1.20158	100.745
1.20362	100.755
1.20435	100.765
1.20567	100.775
1.2078	100.785
1.21003	100.795
1.21127	100.805
1.21439	100.815
1.21641	100.825
1.21774	100.835
1.2198	100.845
1.22186	100.855
1.22392	100.865
1.2253	100.875
1.22733	100.885
1.22874	100.895
1.23081	100.905
1.23284	100.915
1.23421	100.925
1.2363	100.935
1.23836	100.945
1.23976	100.955
1.24263	100.965
1.24325	100.975
1.24484	100.985
1.24535	100.995
1.246	101.005
1.24671	101.015
1.24752	101.025
1.24808	101.035
1.2488	101.045
1.24944	101.055
1.25013	101.064
1.25081	101.074
1.25149	101.084
1.25223	101.094
1.25287	101.104
1.25356	101.114
1.25424	101.124
1.25499	101.134
1.25571	101.144
1.25635	101.154
1.25707	101.163
1.2577	101.173
1.25841	101.183
1.25914	101.193
1.25981	101.203
1.26048	101.213
1.26248	101.223
1.26382	101.233
1.26449	101.243
1.26518	101.253
1.2659	101.262
1.26655	101.272
1.26724	101.282
1.26792	101.292
1.26863	101.302
1.26932	101.312
1.27	101.322
1.27067	101.332
1.27133	101.342
1.27205	101.352
1.27274	101.361
1.27412	101.371
1.27552	101.381
1.27685	101.391
1.27822	101.401
1.27958	101.411
1.28168	101.421
1.49006	101.431
1.49112	101.441
1.49289	101.451
1.49345	101.46
1.49453	101.47
1.49575	50.7352
1.49684	50.7552
1.49803	50.7752
1.4997	50.7952
1.50042	50.8152
1.50164	50.8352
1.50366	50.8552
1.50572	50.8752
1.50709	50.8952
1.50916	50.9152
1.5119	50.9352
1.5128	50.9552
1.51463	50.9752
1.51671	50.9952
1.51808	51.0152
1.52017	51.0348
1.52289	51.0544
1.52499	51.074
1.52636	51.0936
1.52851	51.1132
1.52916	51.1328
1.52985	51.1525
1.53055	51.1721
1.53125	51.1917
1.53196	51.2113
1.53271	51.2309
1.62818	51.2505
1.62938	51.2701
1.63074	51.2897
1.63193	51.3093
1.63279	51.3289
1.63388	51.3485
1.6352	51.3681
1.63623	51.3877
1.63748	51.4074
1.6386	51.427
1.63989	51.4466
1.64537	51.4662
1.64878	51.4858
1.65456	51.5054
1.66099	51.525
1.66935	51.5446
1.67419	51.5642
1.68338	51.5838
1.68874	51.6034
1.69059	51.623
1.69407	51.6426
1.69617	51.6623
1.69683	51.6819
1.70106	51.7015
1.70993	51.7211
1.71197	51.7407
1.71407	51.7603
1.71879	51.7799
1.71948	51.7995
1.72497	51.8191
1.72702	51.8387
1.7284	51.8583
1.73047	51.8779
1.73187	51.8976
1.73252	51.9172
1.73323	51.9368
1.73392	51.9564
1.73461	51.976
1.73626	51.9956
1.73863	52.0152
1.73933	52.0344
1.73998	52.0537
1.74215	52.0729
1.74278	52.0921
1.74344	52.1114
1.74417	52.1306
1.74482	52.1498
1.74689	52.169
1.74897	52.1883
1.7545	52.2075
1.75587	52.2267
1.76137	52.246
1.76686	52.2652
1.76822	52.2844
1.77371	52.3037
1.7758	52.3229
1.77788	52.3421
1.78138	52.3614
1.78406	52.3806
1.78492	52.3998
1.78895	52.419
1.78965	52.4383
1.79171	52.4575
1.79384	52.4767
1.79726	52.496
1.80208	52.5152
1.80806	52.5344
1.8136	52.5537
1.94811	52.5729
1.95015	52.5921
1.95159	52.6114
1.95505	52.6306
1.95711	52.6498
2.08491	52.669
2.08859	52.6883
2.08878	52.7075
2.09415	52.7267
2.09527	52.746
2.10039	52.7652
2.10176	52.7844
2.10383	52.8037
2.10655	52.8229
2.10724	52.8421
2.10933	52.8614
2.11071	52.8806
2.11206	52.8998
2.11412	52.919
2.11551	52.9383
2.11768	26.4691
2.11839	26.5076
2.11904	26.5461
2.11974	26.5845
2.12167	26.623
2.12276	26.6614
2.12399	26.6999
2.12511	26.7384
2.12908	26.7768
2.13197	26.8153
2.13917	26.8538
2.14882	26.8922
2.15139	26.9307
2.16058	26.9691
2.17291	27.0076
2.17674	27.0446
2.18633	27.0817
2.18773	27.1187
2.19061	27.1557
2.19198	27.1928
2.19269	27.2298
2.19724	27.2669
2.19951	27.3039
2.21497	27.3409
2.21912	27.378
2.22328	27.415
2.2272	27.452
2.23753	27.4891
2.24319	27.5261
2.25815	27.5632
2.26702	27.6002
2.33357	27.6372
2.33491	27.6743
2.33699	27.7113
2.33902	27.7483
2.34042	27.7854
2.39196	27.8224
2.39473	27.8595
2.39746	27.8965
2.40157	27.9335
2.40293	27.9706
2.40363	28.0076
2.40431	28.0433
2.40608	28.079
2.40613	28.1147
2.40634	28.1505
2.40705	28.1862
2.40772	28.2219
2.40847	28.2576
2.40917	28.2933
2.40986	28.329
2.45693	14.1645
2.45907	14.2359
2.46517	14.3074
2.47105	14.3788
2.48006	14.4502
2.53052	14.5217
2.53253	14.5931
2.53458	14.6645
2.53621	14.7359
2.53674	14.8074
2.58858	14.8788
2.58992	14.9502
2.59209	15.0217
2.59411	15.0883
2.59545	15.155
2.59756	15.2217
2.59893	15.2883
2.60113	15.355
2.60181	15.4217
2.6025	15.4883
2.60319	15.555
2.60393	15.6217
2.60938	15.6883
2.61144	15.755
2.61279	15.8217
2.61486	15.8883
2.71075	7.94416
2.71417	8.08702
2.71732	8.21202
2.71783	8.33702
2.71845	8.46202
2.72127	8.58702
2.72329	8.71202
2.72467	8.83702
2.72672	8.96202
2.73011	9.08702
2.73435	9.19813
2.73977	9.30924
2.74114	9.42035
2.74319	9.53146
2.74528	9.64257
2.87635	9.75369
2.87772	9.8648
2.8798	9.97591
2.8853	10.087
2.88677	10.187
2.88816	10.287
2.88887	10.387
2.88954	10.487
2.89039	10.587
2.98767	10.687
2.98836	10.787
2.98976	10.887
2.99869	10.987
3.00072	11.087
3.00486	11.1779
3.00759	11.2688
3.01332	11.3597
3.01457	11.4507
3.01806	11.5416
3.05889	11.6325
3.06646	11.7234
3.06989	11.8143
3.07125	11.9052
3.07332	11.9961
3.07538	12.087
3.07674	12.1704
3.08021	12.2537
3.08158	12.337
3.08362	12.4204
3.08568	12.5037
3.11973	12.587
3.12167	12.6704
3.12251	12.7537
3.1232	12.837
3.12389	12.9204
3.12456	13.0037
3.12525	13.0806
3.12596	13.1575
3.12702	13.2345
3.12824	13.3114
3.12939	13.3883
3.13046	13.4652
3.17076	13.5421
3.17461	13.6191
3.17736	13.696
3.17943	13.7729
3.1815	13.8498
3.18353	13.9268
3.18491	14.0037
3.18698	14.0751
3.18838	14.1465
3.1904	14.218
3.1925	14.2894
3.19595	14.3608
3.19804	14.4323
3.21095	14.5037
3.21202	14.5751
3.21316	14.6465
3.21459	14.718
3.2187	14.7894
3.22076	14.8608
3.22286	14.9323
3.22489	15.0037
3.2264	15.0704
3.22903	15.137
3.2387	15.2037
3.23936	15.2704
3.24004	15.337
3.24076	15.4037
3.25126	15.4704
3.25239	15.537
3.25354	15.6037
3.25717	15.6704
3.25812	15.737
3.25927	15.8037
3.26047	15.8704
3.26158	15.937
3.26268	16.0037
3.26392	16.0662
3.26506	16.1287
3.27893	16.1912
3.28033	16.2537
3.28374	16.3162
3.2851	16.3787
3.29224	16.4412
3.29295	16.5037
3.29386	16.5662
3.29608	16.6287
3.29951	16.6912
3.30061	16.7537
3.30294	16.8162
3.30414	16.8787
3.30548	16.9412
3.30637	17.0037
3.3086	17.0625
3.30978	17.1213
3.32456	17.1802
3.32594	17.239
3.32802	17.2978
3.33212	17.3566
3.33857	17.4155
3.33959	17.4743
3.3403	8.73714
3.34264	8.86214
3.34497	8.98714
3.34839	9.11214
3.34954	9.22325
3.35064	9.33436
3.35177	9.44547
3.35296	9.55658
3.35503	9.66769
3.35634	9.7788
3.3574	9.88991
3.37344	10.001
3.37551	10.101
3.37755	10.201
3.38374	10.301
3.38662	10.401
3.38732	10.501
3.39189	10.601
3.39394	10.701
3.39545	10.801
3.41509	10.901
3.41645	11.001
3.41863	11.0919
3.41935	11.1828
3.42002	11.2738
3.43496	11.3647
3.43702	11.4556
3.43976	11.5465
3.44182	11.6374
3.44417	11.7283
3.4663	11.8192
3.46835	11.9101
3.46975	12.001
3.4773	12.0844
3.47865	12.1677
3.48074	12.251
3.48422	12.3344
3.48492	12.4177
3.48563	12.501
3.48638	12.5844
3.48912	12.6677
3.52248	12.751
3.52382	12.8344
3.5252	12.9177
3.52725	13.001
3.53204	13.0779
3.53413	13.1549
3.53621	13.2318
3.54441	13.3087
3.54597	13.3856
3.548	13.4626
3.54946	13.5395
3.55138	13.6164
3.5762	13.6933
3.57757	13.7703
3.57824	13.8472
3.57893	13.9241
3.58064	14.001
3.58739	14.0725
3.58872	14.1439
3.59078	14.2153
3.59626	14.2867
3.61	14.3582
3.61222	14.4296
3.6135	14.501
3.61419	14.5725
3.61698	14.6439
3.61973	14.7153
3.6218	14.7867
3.62611	14.8582
3.62741	14.9296
3.63083	15.001
3.65893	15.0677
3.66032	15.1344
3.66374	15.201
3.67853	15.2677
3.68522	15.3344
3.68727	15.401
3.68865	15.4677
3.69069	15.5344
3.69281	15.601
3.69415	15.6677
3.69825	15.7344
3.70992	15.801
3.71198	15.8677
3.71342	15.9344
3.71445	16.001
3.7335	16.0635
3.73419	16.126
3.73493	16.1885
3.73637	16.251
3.73707	16.3135
3.73772	16.376
3.73847	16.4385
3.74049	16.501
3.74802	16.5635
3.75075	16.626
3.75281	16.6885
3.75418	16.751
3.77148	16.8135
3.7729	16.876
3.77501	16.9385
3.77808	17.001
3.78439	17.0598
3.78511	17.1187
3.78575	17.1775
3.78649	17.2363
3.78852	17.2951
3.79538	17.354
3.79744	17.4128
3.80035	17.4716
3.80316	17.5304
3.80515	17.5893
3.80653	17.6481
3.80861	17.7069
3.82249	17.7657
3.82384	17.8246
3.82728	17.8834
3.82864	17.9422
3.82999	18.001
3.83919	18.0566
3.85088	18.1121
3.85364	18.1677
3.86119	18.2232
3.86207	18.2788
3.8629	18.3344
3.86362	18.3899
3.86431	18.4455
3.86493	18.501
3.86702	18.5566
3.86841	18.6121
3.8726	18.6677
3.89171	18.7232
3.8932	18.7788
3.8939	18.8344
3.89474	18.8899
3.89527	18.9455
3.89603	19.001
3.89738	19.0537
3.90155	19.1063
3.90361	19.1589
3.91048	19.2116
3.91321	19.2642
3.91732	19.3168
3.92075	19.3694
3.92211	19.4221
3.92365	19.4747
3.92427	19.5273
3.92495	19.58
3.92633	19.6326
3.9388	19.6852
3.94367	19.7379
3.94594	19.7905
3.95053	19.8431
3.95319	19.8958
3.95528	19.9484
3.95731	20.001
3.95945	20.051
3.96153	20.101
3.96221	20.151
3.96429	20.201
3.96498	20.251
3.96568	20.301
3.96635	20.351
3.96706	20.401
3.96846	20.451
3.97052	20.501
3.97187	20.551
3.97672	20.601
3.99773	20.651
3.99916	20.701
3.99983	20.751
4.00123	20.801
4.00192	20.851
4.00263	20.901
4.00334	20.951
4.00402	21.001
4.00475	21.0486
4.01019	21.0963
4.01372	21.1439
4.01936	21.1915
4.02212	21.2391
4.02598	21.2867
4.02804	21.3344
4.03082	21.382
4.03424	21.4296
4.03567	21.4772
4.03634	21.5248
4.03775	21.5725
4.04573	21.6201
4.04912	21.6677
4.05117	21.7153
4.05471	21.7629
4.05675	21.8105
4.06156	21.8582
4.06365	21.9058
4.06636	21.9534
4.06857	22.001
4.0733	22.0465
4.07685	22.0919
4.07764	22.1374
4.07968	22.1828
4.08042	22.2283
4.0893	22.2738
4.09206	22.3192
4.09483	22.3647
4.10039	22.4101
4.10791	22.4556
4.10871	22.501
4.11009	22.5465
4.12335	22.5919
4.12686	22.6374
4.12894	22.6828
4.1326	22.7283
4.1344	22.7738
4.13921	22.8192
4.14337	22.8647
4.15494	22.9101
4.15719	22.9556
4.15925	23.001
4.16338	23.0445
4.17711	23.088
4.1785	23.1315
4.1882	23.1749
4.19029	23.2184
4.19368	23.2619
4.19507	23.3054
4.19714	23.3489
4.20193	23.3923
4.21101	23.4358
4.21578	23.4793
4.21933	23.5228
4.23846	23.5662
4.24172	23.6097
4.24272	23.6532
4.24756	11.8266
4.24971	11.9175
4.25036	12.0084
4.25591	12.0918
4.27081	12.1751
4.27273	12.2584
4.27483	12.3418
4.27613	12.4251
4.27822	12.5084
4.28519	12.5918
4.28863	12.6751
4.29411	12.7584
4.29631	12.8418
4.29756	12.9251
4.29961	13.0084
4.3051	13.0853
4.30717	13.1623
4.3099	13.2392
4.3217	13.3161
4.32377	13.393
4.32693	13.47
4.34066	13.5469
4.34204	13.6238
4.3552	13.7007
4.361	13.7776
4.36168	13.8546
4.36305	13.9315
4.36594	14.0084
4.366	14.0798
4.36658	14.1513
4.36863	14.2227
4.37342	14.2941
4.37546	14.3656
4.38649	14.437
4.38869	14.5084
4.39409	14.5798
4.39596	14.6513
4.3967	14.7227
4.39738	14.7941
4.39879	14.8656
4.40095	14.937
4.40228	15.0084
4.40434	15.0751
4.40915	15.1418
4.41638	15.2084
4.41706	15.2751
4.42129	15.3418
4.42199	15.4084
4.42402	15.4751
4.43352	7.73754
4.43516	7.8804
4.43985	8.02326
4.44096	8.14826
4.4522	8.27326
4.45513	8.39826
4.45648	8.52326
4.4571	8.64826
4.4578	8.77326
4.4605	8.89826
4.46288	9.02326
4.47751	9.13437
4.4786	9.24548
4.4824	9.35659
4.48594	9.4677
4.50196	9.57881
4.50471	9.68992
4.50834	9.80103
4.50898	9.91215
4.50965	10.0233
4.51101	10.1233
4.51174	10.2233
4.51477	10.3233
4.51834	10.4233
4.53212	10.5233
4.53973	10.6233
4.54213	10.7233
4.54341	10.8233
4.54563	10.9233
4.54674	11.0233
4.54953	11.1142
4.55126	11.2051
4.5525	11.296
4.55468	11.3869
4.56827	11.4778
4.57523	11.5687
4.57716	11.6596
4.57948	11.7505
4.58068	11.8414
4.58312	11.9323
4.58379	12.0233
4.58524	12.1066
4.58653	12.1899
4.58754	12.2733
4.58871	12.3566
4.61182	12.4399
4.61966	12.5233
4.62309	12.6066
4.62426	12.6899
4.62582	12.7733
4.6279	12.8566
4.62934	12.9399
4.63131	13.0233
4.6334	13.1002
4.63475	13.1771
4.63685	13.254
4.63891	13.3309
4.6765	13.4079
4.67925	13.4848
4.6816	13.5617
4.68266	13.6386
4.68379	13.7156
4.68491	13.7925
4.68611	13.8694
4.68722	13.9463
4.68847	14.0233
4.69	14.0947
4.69134	14.1661
4.69341	14.2375
4.69684	14.309
4.74305	14.3804
4.7451	14.4518
4.74655	14.5233
4.7486	14.5947
4.75068	14.6661
4.75207	14.7375
4.75413	14.809
4.75621	14.8804
4.75752	14.9518
4.75958	15.0233
4.7617	15.0899
4.76303	15.1566
4.76645	15.2233
4.76858	15.2899
4.80335	15.3566
4.80533	15.4233
4.81011	15.4899
4.81221	15.5566
4.81603	15.6233
4.81814	15.6899
4.82015	15.7566
4.8209	15.8233
4.82157	15.8899
4.82226	15.9566
4.82296	16.0233
4.82433	16.0858
4.82574	16.1483
4.83124	16.2108
4.83533	16.2733
4.86292	16.3358
4.86495	16.3983
4.86634	16.4608
4.86842	16.5233
4.87185	16.5858
4.87322	16.6483
4.87391	16.7108
4.87461	16.7733
4.8753	16.8358
4.87599	16.8983
4.87671	16.9608
4.87879	17.0233
4.88017	17.0821
4.88087	17.1409
4.89535	17.1997
4.89676	17.2586
4.89952	17.3174
4.9009	17.3762
4.90503	17.435
4.90708	17.4938
4.90922	17.5527
4.91053	17.6115
4.91326	17.6703
4.91607	17.7291
4.9168	17.788
4.92435	17.8468
4.92795	17.9056
4.9287	17.9644
4.9294	18.0233
4.93833	18.0788
4.94381	18.1344
4.95254	18.1899
4.9548	18.2455
4.96149	18.301
4.96286	18.3566
4.96566	18.4121
4.96704	18.4677
4.96771	18.5233
4.9684	18.5788
4.96981	18.6344
4.97363	18.6899
4.97477	18.7455
4.9774	18.801
4.97941	18.8566
4.98084	18.9121
4.9863	18.9677
4.98832	19.0233
4.99251	19.0759
4.99388	19.1285
4.99906	19.1812
5.00028	19.2338
5.00252	19.2864
5.00367	19.339
5.00674	19.3917
5.01085	19.4443
5.01359	19.4969
5.01568	19.5496
5.01917	19.6022
5.02198	19.6548
5.02259	19.7075
5.02832	19.7601
5.02933	19.8127
5.03042	19.8654
5.03847	19.918
5.03984	19.9706
5.04194	20.0233
5.05089	20.0733
5.05227	20.1233
5.06261	20.1733
5.06565	20.2233
5.07045	20.2733
5.07181	20.3233
5.0739	20.3733
5.0795	20.4233
5.07994	20.4733
5.08337	20.5233
5.09116	20.5733
5.09951	20.6233
5.10023	20.6733
5.10433	20.7233
5.10706	20.7733
5.10911	20.8233
5.11746	20.8733
5.11812	20.9233
5.11883	20.9733
5.11951	21.0233
5.13913	21.0709
5.14255	21.1185
5.1557	21.1661
5.15776	21.2137
5.16393	21.2614
5.16674	21.309
5.17082	21.3566
5.17927	21.4042
5.18127	21.4518
5.1875	21.4994
5.1927	21.5471
5.20213	21.5947
5.20628	21.6423
5.2097	21.6899
5.21177	21.7375
5.21313	21.7852
5.21734	21.8328
5.21872	21.8804
5.22078	21.928
5.22286	21.9756
5.22424	22.0233
5.23876	22.0687
5.24219	22.1142
5.24712	22.1596
5.24781	22.2051
5.24919	22.2505
5.25059	22.296
5.25401	22.3414
5.25888	22.3869
5.26162	22.4323
5.26369	22.4778
5.2671	22.5233
5.27475	22.5687
5.27547	22.6142
5.27687	22.6596
5.27834	22.7051
5.27837	22.7505
5.28045	22.796
5.28116	22.8414
5.2832	22.8869
5.28528	22.9323
5.29625	22.9778
5.29759	23.0233
5.30516	23.0667
5.30655	23.1102
5.31276	23.1537
5.31344	23.1972
5.31412	23.2406
5.31483	23.2841
5.31552	23.3276
5.3162	23.3711
5.31787	23.4146
5.32686	23.458
5.32895	23.5015
5.33099	23.545
5.33577	23.5885
5.33717	23.632
5.33921	23.6754
5.34332	23.7189
5.34608	23.7624
5.3481	23.8059
5.34884	23.8493
5.35303	23.8928
5.35369	23.9363
5.35649	23.9798
5.35788	24.0233
5.3661	24.0649
5.36918	24.1066
5.37331	24.1483
5.37402	24.1899
5.3748	24.2316
5.37545	24.2733
5.37684	24.3149
5.3782	24.3566
5.37892	24.3983
5.37961	24.4399
5.38033	24.4816
5.38098	12.2408
5.38168	12.3241
5.38236	12.4075
5.38373	12.4908
5.38516	12.5741
5.38719	12.6575
5.38998	12.7408
5.39683	12.8241
5.39891	12.9075
5.4017	12.9908
5.40238	13.0741
5.40516	13.1511
5.40585	13.228
5.41067	13.3049
5.41349	13.3818
5.41604	13.4587
5.42148	13.5357
5.42365	13.6126
5.43352	13.6895
5.4384	13.7664
5.44053	13.8434
5.44185	13.9203
5.4439	13.9972
5.44602	14.0741
5.45576	14.1456
5.45646	14.217
5.46145	14.2884
5.46282	14.3598
5.46485	14.4313
5.46688	14.5027
5.4703	14.5741
5.47379	14.6456
5.47616	14.717
5.47821	14.7884
5.47969	14.8598
5.48034	14.9313
5.48103	15.0027
5.48172	15.0694
5.49362	15.136
5.49474	15.2027
5.50504	15.2694
5.50645	15.336
5.50783	15.4027
5.50985	15.4694
5.51328	15.536
5.51677	15.6027
5.51747	15.6694
5.51817	15.736
5.51897	15.8027
5.51958	15.8694
5.52031	15.936
5.52098	16.0027
5.52168	16.0652
5.54091	16.1277
5.54228	16.1902
5.54985	16.2527
5.55059	16.3152
5.55128	16.3777
5.55195	16.4402
5.56003	16.5027
5.5732	16.5652
5.57454	16.6277
5.57662	16.6902
5.57867	16.7527
5.58006	16.8152
5.58349	16.8777
5.5876	16.9402
5.58987	17.0027
5.59046	17.0615
5.60771	17.1203
5.61103	17.1792
5.618	17.238
5.6194	17.2968
5.6235	17.3556
5.62487	17.4145
5.6276	17.4733
5.63722	17.5321
5.63858	17.5909
5.64074	17.6498
5.64161	17.7086
5.64216	17.7674
5.64564	17.8262
5.65598	17.8851
5.66586	17.9439
5.66788	18.0027
5.66998	18.0583
5.68827	18.1138
5.6889	18.1694
5.71135	18.2249
5.71418	18.2805
5.71557	18.336
5.71631	18.3916
5.71766	18.4471
5.72176	18.5027
5.72381	18.5583
5.7259	18.6138
5.72729	18.6694
5.72942	18.7249
5.73148	18.7805
5.73286	18.836
5.74187	18.8916
5.74257	18.9471
5.74327	19.0027
5.74393	19.0553
5.75638	19.108
5.76262	19.1606
5.76747	19.2132
5.77024	19.2659
5.7765	19.3185
5.77848	19.3711
5.78198	19.4238
5.78357	19.4764
5.7843	19.529
5.78498	19.5816
5.78564	19.6343
5.78632	19.6869
5.78704	19.7395
5.7877	19.7922
5.82589	19.8448
5.82742	19.8974
5.82805	19.9501
5.82875	20.0027
5.83012	20.0527
5.83288	20.1027
5.83837	20.1527
5.85142	20.2027
5.85219	20.2527
5.85288	20.3027
5.85356	20.3527
5.86957	20.4027
5.87442	20.4527
5.87647	20.5027
5.87917	20.5527
5.88082	20.6027
5.88137	20.6527
5.88422	20.7027
5.88537	20.7527
5.90599	20.8027
5.90969	20.8527
5.91092	20.9027
5.9144	20.9527
5.91646	21.0027
5.92356	21.0503
5.93201	21.0979
5.93734	21.1456
5.95249	21.1932
5.95602	21.2408
5.95669	21.2884
5.96011	21.336
5.96358	21.3837
5.97296	21.4313
5.97569	21.4789
5.97784	21.5265
5.98062	21.5741
5.98129	21.6217
5.982	21.6694
5.98272	21.717
6.00484	21.7646
6.00625	21.8122
6.00829	21.8598
6.01103	21.9075
6.01315	21.9551
6.01445	22.0027
6.01944	22.0482
6.03012	22.0936
6.03427	22.1391
6.05717	22.1845
6.05776	22.23
6.05977	22.2754
6.06184	22.3209
6.06528	22.3663
6.07009	22.4118
6.07215	22.4572
6.07285	22.5027
6.07361	22.5482
6.075	22.5936
6.07641	22.6391
6.0771	22.6845
6.09116	22.73
6.09524	22.7754
6.09631	22.8209
6.09748	22.8663
6.09886	22.9118
6.10092	22.9572
6.10229	23.0027
6.10641	23.0462
6.1175	23.0897
6.11889	23.1331
6.1323	23.1766
6.13495	23.2201
6.13633	23.2636
6.1378	23.307
6.13917	23.3505
6.14057	23.394
6.14149	23.4375
6.14288	23.481
6.14506	23.5244
6.14727	23.5679
6.15114	23.6114
6.15727	23.6549
6.16689	23.6984
6.16829	23.7418
6.16902	23.7853
6.1697	23.8288
6.17036	23.8723
6.1711	23.9157
6.17175	23.9592
6.17248	24.0027
6.17482	24.0444
6.199	24.086
6.20035	24.1277
6.20703	24.1694
6.2157	24.211
6.21843	24.2527
6.2239	24.2944
6.22736	24.336
6.22945	24.3777
6.23015	24.4194
6.23088	24.461
6.23154	24.5027
6.2332	24.5444
6.23617	24.586
6.24007	24.6277
6.25805	24.6694
6.26291	24.711
6.26493	24.7527
6.2663	24.7944
6.26836	24.836
6.27043	24.8777
6.27246	24.9194
6.27384	24.961
6.27556	25.0027
6.27876	25.0427
6.30778	25.0827
6.3118	25.1227
6.32084	25.1627
6.32226	25.2027
6.32844	25.2427
6.33733	25.2827
6.34314	25.3227
6.34657	25.3627
6.34869	25.4027
6.35002	25.4427
6.35346	25.4827
6.35824	25.5227
6.36174	25.5627
6.36377	25.6027
6.38241	25.6427
6.38654	25.6827
6.38859	25.7227
6.39137	25.7627
6.39214	25.8027
6.39284	25.8427
6.39493	25.8827
6.39696	25.9227
6.40594	25.9627
6.40662	26.0027
6.40804	26.0412
6.42441	26.0796
6.42653	26.1181
6.43493	26.1565
6.44006	26.195
6.44142	26.2335
6.44352	26.2719
6.44979	26.3104
6.45045	26.3489
6.45116	26.3873
6.45235	26.4258
6.45349	26.4642
6.455	26.5027
6.45599	26.5412
6.45714	26.5796
6.46217	26.6181
6.465	26.6565
6.46832	26.695
6.47331	26.7335
6.47519	26.7719
6.47664	13.386
6.4773	13.4629
6.47801	13.5398
6.47868	13.6167
6.47938	13.6937
6.48007	13.7706
6.48076	13.8475
6.49197	13.9244
6.49679	14.0013
6.51061	14.0728
6.51198	14.1442
6.5127	14.2156
6.51942	14.2871
6.52228	14.3585
6.5243	14.4299
6.52704	14.5013
6.52846	14.5728
6.52981	14.6442
6.53184	14.7156
6.53396	14.7871
6.5353	14.8585
6.53742	14.9299
6.53882	15.0013
6.54238	15.068
6.54471	15.1347
6.57634	15.2013
6.57863	15.268
6.58204	15.3347
6.58313	15.4013
6.58611	15.468
6.58895	15.5347
6.59367	15.6013
6.59709	15.668
6.59861	15.7347
6.60066	15.8013
6.60273	15.868
6.60411	15.9347
6.60485	16.0013
6.6081	16.0638
6.6093	16.1263
6.65533	16.1888
6.65672	16.2513
6.66025	16.3138
6.66089	16.3763
6.66161	16.4388
6.66231	16.5013
6.66437	16.5638
6.66853	16.6263
6.675	16.6888
6.67847	16.7513
6.68215	16.8138
6.68506	16.8763
6.68569	16.9388
6.68709	17.0013
6.69054	17.0602
6.69188	17.119
6.73905	17.1778
6.73976	17.2366
6.74043	17.2955
6.74109	17.3543
6.74178	17.4131
6.74251	17.4719
6.74321	17.5308
6.74384	17.5896
6.74593	17.6484
6.75278	17.7072
6.75899	17.7661
6.76258	17.8249
6.76393	17.8837
6.766	17.9425
6.76804	18.0013
6.79568	18.0569
6.79638	18.1125
6.8364	18.168
6.83849	18.2236
6.84058	18.2791
6.84187	18.3347
6.8452	18.3902
6.84733	18.4458
6.85072	18.5013
6.8528	18.5569
6.85416	18.6125
6.85576	18.668
6.85631	18.7236
6.85736	18.7791
6.85804	18.8347
6.85875	18.8902
6.86632	18.9458
6.86883	19.0013
6.88017	19.054
6.88152	19.1066
6.90287	19.1592
6.90489	19.2119
6.9063	19.2645
6.90696	19.3171
6.91041	19.3698
6.91245	19.4224
6.91606	19.475
6.9161	19.5277
6.91648	19.5803
6.9172	19.6329
6.9179	9.81646
6.9186	9.92758
6.91928	10.0387
6.92135	10.1387
6.92276	10.2387
6.92418	10.3387
6.92483	10.4387
6.93985	10.5387
6.94561	10.6387
6.94985	10.7387
6.95055	10.8387
6.95192	10.9387
6.95264	11.0387
6.9533	11.1296
6.95468	11.2205
6.95747	11.3114
6.95949	11.4023
6.96089	11.4932
6.96361	11.5841
6.96911	11.6751
6.97165	11.766
6.97745	11.8569
6.99137	11.9478
6.9948	12.0387
6.99688	12.122
7.00962	12.2054
7.01925	12.2887
7.02986	12.372
7.03051	12.4554
7.03515	12.5387
7.03629	12.622
7.03745	12.7054
7.03861	12.7887
7.04343	12.872
7.04893	12.9554
7.05104	13.0387
7.05236	13.1156
7.05443	13.1925
7.05649	13.2695
7.06286	13.3464
7.06715	13.4233
7.07473	6.71165
7.08158	6.87832
7.08363	7.04498
7.09475	7.18784
7.10272	7.3307
7.11617	7.47356
7.11964	7.61641
7.12167	7.75927
7.12376	7.90213
7.12516	8.04498
7.12726	8.16998
7.12865	8.29498
7.13067	8.41998
7.13481	8.54498
7.13684	8.66998
7.13825	8.79498
7.14029	8.91998
7.14371	9.04498
7.14644	9.1561
7.15132	9.26721
7.20251	9.37832
7.20584	9.48943
7.20997	9.60054
7.21407	9.71165
7.21752	9.82276
7.21958	9.93387
7.22166	10.045
7.22307	10.145
7.22717	10.245
7.23145	10.345
7.23497	10.445
7.26685	10.545
7.26754	10.645
7.26961	10.745
7.2744	10.845
7.27934	10.945
7.2837	11.045
7.28474	11.1359
7.2868	11.2268
7.28887	11.3177
7.29022	11.4086
7.29922	11.4995
7.30059	11.5904
7.33095	11.6813
7.33439	11.7723
7.33645	11.8632
7.33987	11.9541
7.34467	12.045
7.34879	12.1283
7.35365	12.2117
7.35568	12.295
7.35775	12.3783
7.3584	12.4617
7.35912	12.545
7.36187	12.6283
7.36329	12.7117
7.38976	6.35583
7.39109	6.52249
7.39179	6.68916
7.39254	6.85583
7.397	7.02249
7.40042	7.16535
7.40455	7.30821
7.40681	7.45106
7.4073	7.59392
7.40803	7.73678
7.40868	7.87964
7.40937	8.02249
7.41083	8.14749
7.41425	8.27249
7.45479	8.39749
7.4588	8.52249
7.46573	8.64749
7.46917	8.77249
7.47118	8.89749
7.47394	9.02249
7.476	9.1336
7.48179	9.24471
7.48355	9.35583
7.55127	9.46694
7.55245	9.57805
7.55355	9.68916
7.55593	9.80027
7.55803	9.91138
7.55917	10.0225
7.56039	10.1225
7.56839	10.2225
7.5695	10.3225
7.57064	10.4225
7.61676	10.5225
7.61791	10.6225
7.62139	10.7225
7.6249	10.8225
7.626	10.9225
7.62721	11.0225
7.62949	5.51125
7.6354	5.71125
7.6367	5.91125
7.63946	6.11125
7.65142	6.27791
7.66883	6.44458
7.66993	6.61125
7.67345	6.77791
7.67461	6.94458
7.67684	7.11125
7.67797	7.2541
7.6979	7.39696
7.70013	7.53982
7.70589	7.68267
7.71038	7.82553
7.71297	7.96839
7.71426	8.11125
7.71557	8.23625
7.73398	8.36125
7.73863	8.48625
7.74208	8.61125
7.74545	8.73625
7.74658	8.86125
7.74833	8.98625
7.7491	9.11125
7.75014	9.22236
7.78578	9.33347
7.79036	9.44458
7.79147	9.55569
7.79261	9.6668
7.79382	9.77791
7.79574	9.88902
7.79642	10.0001
7.79723	10.1001
7.79843	10.2001
7.84095	10.3001
7.84551	10.4001
7.84665	10.5001
7.84787	10.6001
7.85017	10.7001
7.85118	10.8001
7.85238	10.9001
7.85349	11.0001
7.8547	11.091
7.85584	11.182
7.89145	11.2729
7.8983	11.3638
7.8995	11.4547
7.90293	11.5456
7.90409	11.6365
7.90524	11.7274
7.90629	11.8183
7.90747	11.9092
7.90864	12.0001
7.90978	12.0835
7.91097	12.1668
7.93381	12.2501
7.9418	12.3335
7.94404	12.4168
7.94638	12.5001
7.94756	12.5835
7.94866	12.6668
7.94989	12.7501
7.95099	12.8335
7.9521	12.9168
7.95326	13.0001
7.95444	13.0771
7.95568	13.154
7.96852	13.2309
7.97758	13.3078
7.9798	13.3848
7.9822	13.4617
7.98384	13.5386
7.9849	13.6155
7.98589	13.6924
7.98742	13.7694
7.98851	13.8463
7.98955	13.9232
7.99144	14.0001
7.99295	14.0716
7.99372	14.143
8.00775	14.2144
8.01807	14.2858
8.01949	14.3573
8.0223	14.4287
8.02339	14.5001
8.02484	14.5716
8.02602	14.643
8.0268	14.7144
8.02801	14.7858
8.02916	14.8573
8.03037	14.9287
8.03159	15.0001
8.0327	15.0668
8.03553	15.1335
8.05088	15.2001
8.0632	15.2668
8.06559	15.3335
8.06664	15.4001
8.0678	15.4668
8.06893	15.5335
8.07012	15.6001
8.07122	15.6668
8.07243	15.7335
8.07355	15.8001
8.07472	15.8668
8.07589	15.9335
8.07707	16.0001
8.07831	16.0626
8.07934	16.1251
8.0852	16.1876
8.09783	16.2501
8.09902	16.3126
8.10122	16.3751
8.10234	16.4376
8.10365	16.5001
8.10473	16.5626
8.10578	16.6251
8.1069	16.6876
8.10813	16.7501
8.10927	16.8126
8.11046	16.8751
8.11155	16.9376
8.11265	17.0001
8.11383	17.059
8.11503	17.1178
8.11965	17.1766
8.13346	17.2354
8.13581	17.2943
8.1369	17.3531
8.13806	17.4119
8.13918	17.4707
8.14027	17.5295
8.1415	17.5884
8.14266	17.6472
8.14375	17.706
8.14489	17.7648
8.14617	17.8237
8.14729	17.8825
8.1484	17.9413
8.14953	18.0001
8.15076	18.0557
8.1519	18.1112
8.15648	18.1668
8.17135	18.2224
8.1737	18.2779
8.17487	18.3335
8.17611	18.389
8.17715	18.4446
8.17836	18.5001
8.17945	18.5557
8.18058	18.6112
8.18184	18.6668
8.18299	18.7224
8.18405	18.7779
8.1852	18.8335
8.18638	18.889
8.18753	18.9446
8.1887	19.0001
8.18992	19.0528
8.19105	19.1054
8.19563	19.158
8.21064	19.2107
8.21407	19.2633
8.21526	19.3159
8.21638	19.3686
8.21751	19.4212
8.21861	19.4738
8.21981	19.5265
8.22101	19.5791
8.22215	19.6317
8.22325	19.6843
8.22446	19.737
8.22553	19.7896
8.22682	19.8422
8.22793	19.8949
8.22912	19.9475
8.23013	20.0001
8.23131	20.0501
8.23247	20.1001
8.23704	20.1501
8.25431	20.2001
8.25661	20.2501
8.25772	20.3001
8.25891	20.3501
8.26005	20.4001
8.2612	20.4501
8.2624	20.5001
8.2637	20.5501
8.26467	20.6001
8.2659	20.6501
8.26701	20.7001
8.26821	20.7501
8.26933	20.8001
8.27045	20.8501
8.2716	20.9001
8.27285	20.9501
8.27398	21.0001
8.27508	21.0478
8.27625	21.0954
8.28103	21.143
8.29919	21.1906
8.30331	21.2382
8.30408	21.2858
8.30523	21.3335
8.30636	21.3811
8.30758	21.4287
8.30867	21.4763
8.30982	21.5239
8.31113	21.5716
8.31219	21.6192
8.31339	21.6668
8.31454	21.7144
8.31572	21.762
8.31689	21.8097
8.318	21.8573
8.3191	21.9049
8.32023	21.9525
8.32151	22.0001
8.32255	22.0456
8.3238	22.091
8.32833	22.1365
8.34111	22.182
8.34334	22.2274
8.34443	22.2729
8.34558	22.3183
8.34687	22.3638
8.348	22.4092
8.34906	22.4547
8.3502	22.5001
8.35135	22.5456
8.35262	22.591
8.35372	22.6365
8.35483	22.682
8.35596	22.7274
8.35724	22.7729
8.35831	22.8183
8.35958	22.8638
8.36066	22.9092
8.36175	22.9547
8.36287	23.0001
8.36401	23.0436
8.36526	23.0871
8.36654	23.1306
8.38024	23.174
8.3814	23.2175
8.38365	23.261
8.38483	23.3045
8.38598	23.348
8.3871	23.3914
8.38837	23.4349
8.38944	23.4784
8.39061	23.5219
8.39189	23.5654
8.393	23.6088
8.39411	23.6523
8.39521	23.6958
8.39637	23.7393
8.3975	23.7827
8.39872	23.8262
8.39984	23.8697
8.40094	23.9132
8.40211	23.9567
8.40323	24.0001
8.40463	24.0418
8.40594	24.0835
8.40682	24.1251
8.42297	24.1668
8.42414	24.2085
8.42648	24.2501
8.42768	24.2918
8.42876	24.3335
8.42992	12.1667
8.43111	12.2501
8.4325	12.3334
8.43348	12.4167
8.43456	12.5001
8.43576	12.5834
8.43697	12.6667
8.43807	12.7501
8.43921	12.8334
8.44032	12.9167
8.44144	13.0001
8.44258	13.077
8.44374	13.1539
8.44496	13.2308
8.44607	13.3078
8.44716	13.3847
8.44834	13.4616
8.44965	13.5385
8.45062	13.6155
8.46581	13.6924
8.46919	13.7693
8.47031	13.8462
8.47148	13.9231
8.47269	14.0001
8.47504	14.0715
8.47642	14.1429
8.47734	14.2144
8.47845	14.2858
8.47961	14.3572
8.48072	14.4286
8.48191	14.5001
8.48304	14.5715
8.49927	14.6429
8.50048	14.7144
8.50154	14.7858
8.50277	14.8572
8.50408	14.9286
8.50516	15.0001
8.50628	15.0667
8.50743	15.1334
8.50855	15.2001
8.50981	15.2667
8.51089	15.3334
8.5121	15.4001
8.51318	15.4667
8.51433	15.5334
8.5317	15.6001
8.53289	15.6667
8.53408	15.7334
8.5447	15.8001
8.54571	15.8667
8.54688	15.9334
8.54796	16.0001
8.5491	16.0626
8.55028	16.1251
8.55138	16.1876
8.5526	16.2501
8.55375	16.3126
8.55483	16.3751
8.55603	16.4376
8.55724	16.5001
8.57697	16.5626
8.58034	16.6251
8.58378	16.6876
8.59293	16.7501
8.59403	16.8126
8.59526	16.8751
8.59632	16.9376
8.59754	17.0001
8.59862	17.0589
8.59977	17.1177
8.60098	17.1765
8.60211	17.2354
8.60344	17.2942
8.60441	17.353
8.60558	17.4118
8.60675	17.4707
8.62895	17.5295
8.6322	17.5883
8.63562	17.6471
8.64372	17.7059
8.64481	17.7648
8.6459	17.8236
8.64708	17.8824
8.64818	17.9412
8.64939	18.0001
8.65058	18.0556
8.65171	18.1112
8.65295	18.1667
8.65404	18.2223
8.65518	18.2778
8.65625	18.3334
8.65743	18.389
8.65858	18.4445
8.6796	18.5001
8.68078	18.5556
8.68197	18.6112
8.68308	18.6667
8.68428	18.7223
8.68546	18.7778
8.68649	18.8334
8.68785	18.889
8.68888	18.9445
8.69001	19.0001
8.69109	19.0527
8.69222	19.1053
8.69344	19.158
8.69452	19.2106
8.69568	19.2632
8.69681	19.3159
8.69794	19.3685
8.69912	19.4211
8.72114	19.4738
8.72222	19.5264
8.72341	19.579
8.72458	19.6316
8.72575	19.6843
8.7269	19.7369
8.72823	19.7895
8.72919	19.8422
8.73025	19.8948
8.73134	19.9474
8.73251	20.0001
8.73373	20.0501
8.73482	20.1001
8.73593	20.1501
8.73712	20.2001
8.73825	20.2501
8.73946	20.3001
8.74059	20.3501
8.74169	20.4001
8.76491	20.4501
8.76621	20.5001
8.7673	20.5501
8.7684	20.6001
8.76948	20.6501
8.77069	20.7001
8.77195	20.7501
8.77322	20.8001
8.77417	20.8501
8.77521	20.9001
8.77639	20.9501
8.7775	21.0001
8.77892	21.0477
8.77976	21.0953
8.78089	21.1429
8.782	21.1905
8.78319	21.2382
8.78434	21.2858
8.78564	21.3334
8.78661	21.381
8.8109	21.4286
8.81206	21.4763
8.81323	21.5239
8.81426	21.5715
8.8155	21.6191
8.81661	21.6667
8.81769	21.7144
8.81883	21.762
8.81997	21.8096
8.82119	21.8572
8.82227	21.9048
8.82338	21.9524
8.8246	22.0001
8.82576	22.0455
8.82688	22.091
8.82804	22.1364
8.82913	22.1819
8.83042	22.2273
8.83154	22.2728
8.83267	22.3182
8.83375	22.3637
8.85927	22.4092
8.86037	22.4546
8.86154	22.5001
8.86266	22.5455
8.86386	22.591
8.86509	22.6364
8.8661	22.6819
8.86727	22.7273
8.8685	22.7728
8.86959	22.8182
8.8707	22.8637
8.87192	22.9092
8.87302	22.9546
8.87436	23.0001
8.87529	23.0435
8.87646	23.087
8.87758	23.1305
8.87878	23.174
8.87991	23.2175
8.88103	23.2609
8.88213	23.3044
8.88333	23.3479
8.90996	23.3914
8.91107	23.4349
8.91212	23.4783
8.91332	23.5218
8.9144	23.5653
8.91551	23.6088
8.91676	23.6522
8.91785	23.6957
8.91896	23.7392
8.92007	23.7827
8.92124	23.8262
8.92244	23.8696
8.92363	23.9131
8.92481	23.9566
8.92588	24.0001
8.92714	24.0417
8.92823	24.0834
8.92933	24.1251
8.93051	24.1667
8.93167	24.2084
8.93275	24.2501
8.93402	24.2917
8.93507	24.3334
8.96295	24.3751
8.96394	24.4167
8.96509	24.4584
8.96619	24.5001
8.9673	24.5417
8.96848	24.5834
8.96967	24.6251
8.97077	24.6667
8.97193	24.7084
8.97307	24.7501
8.97419	24.7917
8.97553	24.8334
8.9766	24.8751
8.9777	24.9167
8.97883	24.9584
8.97999	25.0001
8.98112	25.0401
8.98227	25.0801
8.9834	25.1201
8.98452	25.1601
8.9857	25.2001
8.98683	25.2401
8.98803	25.2801
8.98917	25.3201
9.00547	25.3601
9.00651	25.4001
9.00768	25.4401
9.00903	25.4801
9.01006	25.5201
9.01108	25.5601
9.01227	25.6001
9.01339	25.6401
9.01458	25.6801
9.01574	25.7201
9.01687	25.7601
9.018	25.8001
9.01917	25.8401
9.02032	25.8801
9.0215	25.9201
9.02258	25.9601
9.02376	26.0001
9.02493	26.0385
9.026	26.077
9.02727	26.1155
9.02839	26.1539
9.02951	26.1924
9.03069	26.2308
9.03179	26.2693
9.03297	26.3078
9.05043	26.3462
9.05151	26.3847
9.0526	26.4231
9.05377	26.4616
9.05496	26.5001
9.05613	26.5385
9.05719	26.577
9.0584	26.6155
9.05954	26.6539
9.06066	26.6924
9.06191	26.7308
9.06295	26.7693
9.06428	26.8078
9.06529	26.8462
9.06637	26.8847
9.06758	26.9231
9.0687	26.9616
9.06986	27.0001
9.07097	27.0371
9.07212	27.0741
9.07338	27.1112
9.07449	27.1482
9.07562	27.1853
9.07674	27.2223
9.07793	27.2593
9.07905	27.2964
9.0976	27.3334
9.09869	27.3704
9.0999	27.4075
9.10114	27.4445
9.10219	27.4815
9.1033	27.5186
9.10446	27.5556
9.10563	27.5927
9.10679	27.6297
9.10801	27.6667
9.10921	27.7038
9.11032	27.7408
9.11138	27.7778
9.11265	27.8149
9.11378	27.8519
9.11475	27.889
9.1159	27.926
9.1171	27.963
9.1182	28.0001
9.11941	28.0358
9.12056	28.0715
9.12174	28.1072
9.12281	28.1429
9.12399	28.1786
9.12517	28.2144
9.12635	28.2501
9.12748	28.2858
9.14716	28.3215
9.1483	28.3572
9.14946	28.3929
9.15059	28.4286
9.1517	28.4644
9.1529	28.5001
9.15399	28.5358
9.15512	28.5715
9.1563	28.6072
9.15747	28.6429
9.15871	28.6786
9.15979	28.7144
9.16095	28.7501
9.16223	28.7858
9.16326	28.8215
9.16435	28.8572
9.16552	28.8929
9.1667	28.9286
9.16782	28.9644
9.16892	29.0001
9.17011	29.0346
9.17138	29.069
9.17256	29.1035
9.17356	29.138
9.17475	29.1725
9.17597	29.207
9.17707	29.2414
9.17822	29.2759
9.19907	29.3104
9.2003	29.3449
9.20134	14.6724
9.20241	14.7439
9.20359	14.8153
9.20475	14.8867
9.206	14.9582
9.20706	15.0296
9.20817	15.0963
9.20947	15.1629
9.21053	15.2296
9.21167	15.2963
9.21297	15.3629
9.21399	15.4296
9.21506	15.4963
9.21627	15.5629
9.21734	15.6296
9.21859	15.6963
9.21969	15.7629
9.22081	15.8296
9.22194	15.8963
9.22318	15.9629
9.22426	16.0296
9.22559	16.0921
9.22667	16.1546
9.22772	16.2171
9.22904	16.2796
9.23007	16.3421
9.23127	16.4046
9.25322	16.4671
9.25435	16.5296
9.25552	16.5921
9.25675	16.6546
9.25783	16.7171
9.25909	16.7796
9.26021	16.8421
9.26126	16.9046
9.26251	16.9671
9.2636	17.0296
9.26482	17.0884
9.26592	17.1472
9.26702	17.2061
9.26823	17.2649
9.26933	17.3237
9.27074	17.3825
9.29375	17.4414
9.29496	17.5002
9.29613	17.559
9.29723	17.6178
9.29833	17.6766
9.29954	17.7355
9.30061	17.7943
9.30179	17.8531
9.30332	17.9119
9.30436	17.9708
9.30519	18.0296
9.3064	18.0851
9.30756	18.1407
9.30885	18.1963
9.3101	18.2518
9.31138	18.3074
9.31292	18.3629
9.33694	18.4185
9.33803	18.474
9.3391	18.5296
9.34026	18.5851
9.34144	18.6407
9.34257	18.6963
9.34399	18.7518
9.34487	18.8074
9.34606	18.8629
9.3474	18.9185
9.34848	18.974
9.34958	19.0296
9.35064	19.0822
9.35174	19.1349
9.35288	19.1875
9.3543	19.2401
9.36469	19.2927
9.3657	19.3454
9.39103	19.398
9.3921	19.4506
9.3933	19.5033
9.39438	19.5559
9.3956	19.6085
9.39673	19.6612
9.39781	19.7138
9.39898	19.7664
9.40008	19.8191
9.40126	19.8717
9.40258	19.9243
9.40356	19.977
9.40475	20.0296
9.40584	20.0796
9.407	20.1296
9.40851	20.1796
9.40967	20.2296
9.41874	20.2796
9.41987	20.3296
9.4464	20.3796
9.44745	20.4296
9.44858	20.4796
9.44968	20.5296
9.45087	20.5796
9.45196	20.6296
9.45317	20.6796
9.45448	20.7296
9.45539	20.7796
9.45654	20.8296
9.45772	20.8796
9.45884	20.9296
9.46006	20.9796
9.46114	21.0296
9.4623	21.0772
9.46365	21.1248
9.46474	21.1724
9.46588	21.2201
9.46717	21.2677
9.46834	21.3153
9.49582	21.3629
9.4969	21.4105
9.49806	21.4582
9.49916	21.5058
9.50033	21.5534
9.50148	21.601
9.50262	21.6486
9.5038	21.6963
9.50498	21.7439
9.50602	21.7915
9.50722	21.8391
9.50838	21.8867
9.50949	21.9344
9.51061	21.982
9.51178	22.0296
9.51314	22.075
9.51416	22.1205
9.51535	22.166
9.51648	22.2114
9.51765	22.2569
9.51882	22.3023
9.5475	22.3478
9.54859	22.3932
9.54979	22.4387
9.55092	22.4841
9.55206	22.5296
9.55318	22.575
9.5544	22.6205
9.55548	22.666
9.55659	22.7114
9.55777	22.7569
9.55886	22.8023
9.56017	22.8478
9.56119	22.8932
9.56232	22.9387
9.56361	22.9841
9.56472	23.0296
9.5659	23.0731
9.56709	23.1165
9.5684	23.16
9.56933	23.2035
9.57049	23.247
9.57161	23.2905
9.60156	23.3339
9.60259	23.3774
9.60377	23.4209
9.6049	23.4644
9.60604	23.5079
9.60717	23.5513
9.60829	23.5948
9.60942	23.6383
9.61062	23.6818
9.61175	23.7252
9.6129	23.7687
9.61409	23.8122
9.61518	23.8557
9.61643	23.8992
9.61763	23.9426
9.61886	23.9861
9.61991	24.0296
9.621	24.0713
9.62219	24.1129
9.62338	24.1546
9.6245	24.1963
9.6257	24.2379
9.62679	24.2796
9.65778	24.3213
9.65887	24.3629
9.66005	24.4046
9.66129	24.4463
9.66227	24.4879
9.66349	24.5296
9.66461	24.5713
9.66577	24.6129
9.66691	24.6546
9.66812	24.6963
9.66926	24.7379
9.67036	24.7796
9.67169	24.8213
9.67274	24.8629
9.67389	24.9046
9.67501	24.9463
9.67613	24.9879
9.67735	25.0296
9.67854	25.0696
9.67961	25.1096
9.68082	25.1496
9.68198	25.1896
9.68312	25.2296
9.68428	25.2696
9.70152	25.3096
9.70274	25.3496
9.70384	25.3896
9.70493	25.4296
9.70611	25.4696
9.70719	25.5096
9.70835	25.5496
9.70954	25.5896
9.71065	25.6296
9.71187	25.6696
9.71299	25.7096
9.71431	25.7496
9.71532	25.7896
9.71652	25.8296
9.71768	25.8696
9.71882	25.9096
9.71992	25.9496
9.7212	25.9896
9.72222	26.0296
9.72357	26.0681
9.72455	26.1065
9.72569	26.145
9.72683	26.1834
9.72795	26.2219
9.72913	26.2604
9.74755	26.2988
9.74886	26.3373
9.74996	26.3757
9.7511	26.4142
9.75214	26.4527
9.75328	26.4911
9.75453	26.5296
9.75557	26.5681
9.7568	26.6065
9.75792	26.645
9.75915	26.6834
9.76031	26.7219
9.76144	26.7604
9.76264	26.7988
9.76374	26.8373
9.76491	26.8757
9.76638	26.9142
9.7673	26.9527
9.76866	26.9911
9.76948	27.0296
9.77065	27.0666
9.77181	27.1037
9.77292	27.1407
9.77405	27.1777
9.77523	27.2148
9.77638	27.2518
9.79648	27.2888
9.79748	27.3259
9.79866	27.3629
9.79978	27.4
9.80116	27.437
9.80205	27.474
9.80323	27.5111
9.80435	27.5481
9.80553	27.5851
9.8069	27.6222
9.80794	27.6592
9.80903	27.6963
9.81019	27.7333
9.81128	27.7703
9.81248	27.8074
9.81366	27.8444
9.81482	27.8814
9.81599	27.9185
9.81722	27.9555
9.81829	27.9926
9.81937	28.0296
9.82051	28.0653
9.82166	28.101
9.82279	28.1367
9.82404	28.1724
9.82519	28.2082
9.82622	28.2439
9.84697	28.2796
9.84816	28.3153
9.84928	28.351
9.85042	28.3867
9.85161	28.4224
9.85272	28.4582
9.85398	28.4939
9.85503	28.5296
9.85649	28.5653
9.85751	28.601
9.85859	28.6367
9.85972	28.6724
9.86097	28.7082
9.86215	28.7439
9.86322	28.7796
9.86443	28.8153
9.86552	28.851
9.86664	28.8867
9.86786	28.9224
9.86891	28.9582
9.87005	28.9939
9.87118	29.0296
9.87232	29.0641
9.87348	29.0986
9.87462	29.133
9.87576	29.1675
9.87692	29.202
9.87808	29.2365
9.89082	29.271
9.89196	29.3055
9.89306	29.3399
9.89423	29.3744
9.89541	29.4089
9.89655	29.4434
9.89769	14.7217
9.89898	14.7931
9.90061	14.8645
9.90128	14.936
9.90243	15.0074
9.90353	15.0741
9.90467	15.1407
9.90592	15.2074
9.90703	15.2741
9.90819	15.3407
9.90934	15.4074
9.91042	15.4741
9.91154	15.5407
9.91273	15.6074
9.91387	15.6741
9.91508	15.7407
9.91625	15.8074
9.91735	15.8741
9.91866	15.9407
9.91968	16.0074
9.92079	16.0699
9.92196	16.1324
9.92312	16.1949
9.93698	16.2574
9.93811	16.3199
9.93925	16.3824
9.94039	16.4449
9.94163	16.5074
9.94262	16.5699
9.9441	16.6324
9.94515	16.6949
9.94632	16.7574
9.94749	16.8199
9.94862	16.8824
9.94976	16.9449
9.95093	17.0074
9.95205	17.0662
9.95321	17.1251
9.95452	17.1839
9.96944	17.2427
9.97059	17.3015
9.97177	17.3603
9.97284	17.4192
9.97394	17.478
9.97535	17.5368
9.97644	17.5956
9.97757	17.6545
9.97882	17.7133
9.97991	17.7721
9.98104	17.8309
9.98219	17.8898
9.98335	17.9486
9.98448	18.0074
9.98563	18.063
9.98688	18.1185
9.98812	18.1741
10.0042	18.2296
10.0053	18.2852
10.0064	18.3407
10.0075	18.3963
10.0148	18.4519
10.016	18.5074
10.0171	18.563
10.0182	18.6185
10.0194	18.6741
10.0205	18.7296
10.0217	18.7852
10.0228	18.8407
10.0239	18.8963
10.0253	18.9519
10.0262	19.0074
10.0274	19.06
10.0286	19.1127
10.0334	19.1653
10.0507	19.2179
10.0515	19.2706
10.0527	19.3232
10.0562	19.3758
10.0632	19.4285
10.0643	19.4811
10.0654	19.5337
10.0666	19.5864
10.0677	19.639
10.0689	19.6916
10.0701	19.7442
10.0712	19.7969
10.0723	19.8495
10.0736	19.9021
10.0746	19.9548
10.0757	20.0074
10.077	20.0574
10.0794	20.1074
10.0816	20.1574
10.1	20.2074
10.1011	20.2574
10.1047	20.3074
10.108	20.3574
10.1138	20.4074
10.115	20.4574
10.1161	20.5074
10.1173	20.5574
10.1184	20.6074
10.1195	20.6574
10.1207	20.7074
10.1218	20.7574
10.1231	20.8074
10.1241	20.8574
10.1253	20.9074
10.1265	20.9574
10.1277	21.0074
10.13	21.055
10.1324	21.1026
10.1334	21.1503
10.1529	21.1979
10.1541	21.2455
10.1553	21.2931
10.1566	21.3407
10.1577	21.3884
10.1588	21.436
10.16	21.4836
10.1611	21.5312
10.1622	21.5788
10.1634	21.6265
10.1646	21.6741
10.1657	21.7217
10.1669	21.7693
10.168	21.8169
10.1693	21.8645
10.1703	21.9122
10.1715	21.9598
10.1726	22.0074
10.1738	22.0529
10.175	22.0983
10.1762	22.1438
10.1969	22.1892
10.198	22.2347
10.1992	22.2801
10.2004	22.3256
10.2015	22.371
10.2027	22.4165
10.2038	22.462
10.205	22.5074
10.2061	22.5529
10.2073	22.5983
10.2085	22.6438
10.2096	22.6892
10.2107	22.7347
10.2118	22.7801
10.213	22.8256
10.2143	22.871
10.2154	22.9165
10.2166	22.962
10.2177	23.0074
10.2188	23.0509
10.2204	23.0944
10.2223	23.1378
10.2441	23.1813
10.2453	23.2248
10.2465	23.2683
10.2477	23.3118
10.2487	23.3552
10.2499	23.3987
10.251	23.4422
10.2522	23.4857
10.2533	23.5291
10.2546	23.5726
10.2556	23.6161
10.2567	23.6596
10.2579	23.7031
10.2591	23.7465
10.2603	23.79
10.2615	23.8335
10.2626	23.877
10.2637	23.9204
10.2649	23.9639
10.2661	24.0074
10.2673	24.0491
10.2684	24.0907
10.2697	24.1324
10.2926	24.1741
10.2938	24.2157
10.2948	24.2574
10.296	24.2991
10.2972	24.3407
10.2983	24.3824
10.2995	24.4241
10.3007	24.4657
10.3017	24.5074
10.3028	24.5491
10.304	24.5907
10.3051	24.6324
10.3064	24.6741
10.3076	24.7157
10.3087	24.7574
10.3099	24.7991
10.311	24.8407
10.3121	24.8824
10.3133	24.9241
10.3144	24.9657
10.3156	25.0074
10.3167	25.0474
10.3178	25.0874
10.3191	25.1274
10.3433	25.1674
10.3443	25.2074
10.3455	25.2474
10.3467	25.2874
10.3478	25.3274
10.3489	25.3674
10.3501	25.4074
10.3513	25.4474
10.3524	25.4874
10.3536	25.5274
10.3547	25.5674
10.3559	25.6074
10.3571	25.6474
10.3582	25.6874
10.3596	25.7274
10.3607	25.7674
10.3617	25.8074
10.3629	25.8474
10.364	25.8874
10.3653	25.9274
10.3665	25.9674
10.3675	26.0074
10.3687	26.0459
10.3697	26.0843
10.3709	26.1228
10.3963	26.1613
10.3973	26.1997
10.3985	26.2382
10.3996	26.2766
10.4008	26.3151
10.402	26.3536
10.403	26.392
10.4043	26.4305
10.4053	26.4689
10.4065	26.5074
10.4077	26.5459
10.409	26.5843
10.4101	26.6228
10.4114	26.6613
10.4125	26.6997
10.4135	26.7382
10.4147	26.7766
10.4158	26.8151
10.4169	26.8536
10.4181	26.892
10.4192	26.9305
10.4204	26.9689
10.4215	27.0074
10.4226	27.0444
10.4237	27.0815
10.4249	27.1185
10.4515	27.1556
10.4526	27.1926
10.4538	27.2296
10.4549	27.2667
10.456	27.3037
10.4572	27.3407
10.4584	27.3778
10.4594	27.4148
10.4606	27.4519
10.4617	27.4889
10.463	27.5259
10.4642	27.563
10.4654	27.6
10.4664	27.637
10.4676	27.6741
10.4687	27.7111
10.4699	27.7481
10.471	27.7852
10.4722	27.8222
10.4733	27.8593
10.4744	27.8963
10.4756	27.9333
10.4768	27.9704
10.478	28.0074
10.4791	28.0431
10.4802	28.0788
10.4813	28.1145
10.4964	28.1503
10.4976	28.186
10.4987	28.2217
10.4999	28.2574
10.501	28.2931
10.5022	28.3288
10.5033	28.3645
10.5045	28.4003
10.5055	28.436
10.5069	28.4717
10.5081	28.5074
10.5092	28.5431
10.5103	28.5788
10.512	28.6145
10.5127	28.6503
10.5137	28.686
10.5149	28.7217
10.516	28.7574
10.5173	28.7931
10.5183	28.8288
10.5195	28.8645
10.5206	28.9003
10.5218	28.936
10.5229	28.9717
10.5244	29.0074
10.5252	29.0419
10.5263	29.0764
10.5274	29.1109
10.5449	29.1453
10.546	29.1798
10.5471	29.2143
10.5483	29.2488
10.5495	29.2833
10.5506	29.3178
10.5517	29.3522
10.553	29.3867
10.5542	29.4212
10.5553	29.4557
10.5565	29.4902
10.5576	29.5246
10.5588	29.5591
10.5599	29.5936
10.5611	29.6281
10.5622	29.6626
10.5633	29.6971
10.5646	29.7315
10.5656	29.766
10.5667	29.8005
10.5679	29.835
10.569	29.8695
10.5702	29.904
10.5714	29.9384
10.5725	29.9729
10.5737	30.0074
10.5748	30.0407
10.576	30.0741
10.5771	30.1074
10.5865	30.1407
10.5876	30.1741
10.5888	30.2074
10.5899	30.2407
10.5911	30.2741
10.5921	30.3074
10.5933	30.3407
10.5947	30.3741
10.5959	30.4074
10.597	30.4407
10.5981	30.4741
10.5992	30.5074
10.6004	30.5407
10.6015	30.5741
10.6027	30.6074
10.6039	30.6407
10.605	30.6741
10.6061	30.7074
10.6072	30.7407
10.6084	30.7741
10.6096	30.8074
10.6107	30.8407
10.6117	30.8741
10.613	30.9074
10.6141	30.9407
10.6153	30.9741
10.6164	31.0074
10.6176	31.0397
10.6186	31.0719
10.6198	31.1042
10.6306	31.1364
10.6315	31.1687
10.6327	31.201
10.6338	31.2332
10.635	31.2655
10.6361	31.2977
10.6374	31.33
10.6385	31.3622
10.6398	31.3945
10.6409	31.4268
10.642	31.459
10.6431	31.4913
10.6443	31.5235
10.6454	31.5558
10.6465	31.5881
10.6478	31.6203
10.649	31.6526
10.6499	31.6848
10.6511	31.7171
10.6524	31.7493
10.6535	31.7816
10.6547	31.8139
10.6557	31.8461
10.6569	31.8784
10.6581	31.9106
10.6591	31.9429
10.6606	31.9751
10.6615	32.0074
10.6626	32.0387
10.6637	32.0699
10.6649	32.1012
10.6766	32.1324
10.6777	32.1637
10.6789	32.1949
10.68	32.2262
10.6812	32.2574
10.6825	32.2887
10.6836	32.3199
10.6847	32.3512
10.6859	32.3824
10.6871	32.4137
10.6883	32.4449
10.6894	32.4762
10.6904	32.5074
10.6916	32.5387
10.6928	32.5699
10.6939	32.6012
10.6952	32.6324
10.6963	32.6637
10.6974	32.6949
10.6986	32.7262
10.6997	32.7574
10.7009	32.7887
10.7021	32.8199
10.7033	32.8512
10.7046	32.8824
10.7057	32.9137
10.7067	32.9449
10.708	32.9762
10.7093	33.0074
10.7104	33.0377
10.7113	33.068
10.7125	33.0983
10.7255	33.1286
10.7265	33.1589
10.7278	33.1892
10.729	33.2195
10.7302	33.2498
10.7312	33.2801
10.7322	33.3104
10.7333	33.3407
10.7345	33.371
10.7356	33.4013
10.7371	33.4316
10.7386	33.462
10.7393	33.4923
10.7405	33.5226
10.7417	33.5529
10.7428	33.5832
10.7438	33.6135
10.7449	33.6438
10.746	33.6741
10.7472	33.7044
10.7483	33.7347
10.7493	33.765
10.7505	33.7953
10.7516	33.8256
10.7528	33.8559
10.7539	33.8862
10.7551	33.9165
10.7562	33.9468
10.7573	33.9771
10.7585	34.0074
10.7601	34.0368
10.7608	34.0662
10.7619	34.0956
10.7758	34.1251
10.777	34.1545
10.7782	34.1839
10.7807	34.2133
10.783	34.2427
10.7841	34.2721
10.7852	34.3015
10.7864	34.3309
10.7875	34.3603
10.7887	34.3898
10.7898	34.4192
10.7911	34.4486
10.7922	34.478
10.7933	34.5074
10.7944	34.5368
10.7955	34.5662
10.7967	34.5956
10.798	34.6251
10.799	34.6545
10.8001	34.6839
10.8014	34.7133
10.8024	34.7427
10.8037	34.7721
10.8049	34.8015
10.806	34.8309
10.8072	34.8603
10.8082	34.8898
10.8093	34.9192
10.8106	34.9486
10.8116	34.978
10.8127	35.0074
10.8141	35.036
10.815	35.0645
10.8163	35.0931
10.8313	35.1217
10.8324	35.1503
10.8336	35.1788
10.8347	35.2074
10.8359	35.236
10.8371	35.2645
10.8383	35.2931
10.8394	35.3217
10.8405	35.3503
10.8417	35.3788
10.8428	35.4074
10.844	35.436
10.8453	35.4645
10.8462	35.4931
10.8474	35.5217
10.8486	35.5503
10.8497	35.5788
10.8509	35.6074
10.8519	35.636
10.8531	35.6645
10.8543	35.6931
10.8554	35.7217
10.8566	35.7503
10.8578	35.7788
10.8588	35.8074
10.8599	35.836
10.8611	35.8645
10.8622	35.8931
10.8633	35.9217
10.8645	35.9503
10.8657	35.9788
10.8668	36.0074
10.868	36.0352
10.8692	36.063
10.8703	36.0907
10.8864	36.1185
10.8877	36.1463
10.889	36.1741
10.8901	36.2019
10.8912	36.2296
10.8923	36.2574
10.8934	36.2852
10.8946	36.313
10.8958	36.3407
10.8969	36.3685
10.898	36.3963
10.8992	36.4241
10.9004	36.4519
10.9015	36.4796
10.9026	36.5074
10.9038	36.5352
10.9049	36.563
10.906	36.5907
10.9071	36.6185
10.9084	36.6463
10.9095	36.6741
10.9106	36.7019
10.9118	36.7296
10.9129	36.7574
10.914	36.7852
10.9152	36.813
10.9164	36.8407
10.9175	36.8685
10.9187	36.8963
10.9198	36.9241
10.9209	36.9519
10.9221	36.9796
10.9232	37.0074
10.9244	37.0344
10.9255	37.0615
10.9266	37.0885
10.9444	37.1155
10.9453	37.1425
10.9465	37.1696
10.9476	37.1966
10.9487	37.2236
10.9499	37.2506
10.951	37.2777
10.9522	37.3047
10.9533	37.3317
10.9545	37.3588
10.9556	37.3858
10.9568	37.4128
10.9579	37.4398
10.9591	37.4669
10.9602	37.4939
10.9614	37.5209
10.9625	37.5479
10.9637	37.575
10.9649	37.602
10.9659	37.629
10.9672	37.6561
10.9684	37.6831
10.9694	37.7101
10.9706	37.7371
10.9717	37.7642
10.9728	37.7912
10.974	37.8182
10.9751	37.8452
10.9763	37.8723
10.9774	37.8993
10.9786	37.9263
10.9797	37.9534
10.9809	37.9804
10.982	38.0074
10.9831	38.0337
10.9843	38.06
10.9854	38.0864
11.004	38.1127
11.0052	38.139
11.0064	38.1653
11.0075	38.1916
11.0087	38.2179
11.0097	38.2442
11.011	38.2706
11.012	38.2969
11.0132	38.3232
11.0144	38.3495
11.0156	38.3758
11.0167	38.4021
11.0178	38.4285
11.0189	38.4548
11.0201	38.4811
11.0212	38.5074
11.0223	38.5337
11.0235	38.56
11.0247	38.5864
11.0258	38.6127
11.027	38.639
11.0281	38.6653
11.0293	38.6916
11.0304	38.7179
11.0316	38.7442
11.0327	38.7706
11.034	38.7969
11.0351	38.8232
11.0361	38.8495
11.0373	38.8758
11.0385	38.9021
11.0396	38.9285
11.0407	38.9548
11.042	38.9811
11.0431	39.0074
11.0441	39.033
11.0453	39.0587
11.0465	39.0843
11.0663	39.11
11.0675	39.1356
11.0686	39.1613
11.0697	39.1869
11.0709	39.2125
11.0719	39.2382
11.0731	39.2638
11.0743	39.2895
11.0754	39.3151
11.0766	39.3407
11.0779	39.3664
11.0788	39.392
11.0801	39.4177
11.0811	39.4433
11.0823	39.4689
11.0835	39.4946
11.0846	39.5202
11.0857	39.5459
11.0869	39.5715
11.088	39.5971
11.0891	39.6228
11.0903	39.6484
11.0915	39.6741
11.0927	39.6997
11.0937	39.7254
11.0949	39.751
11.096	39.7766
11.0972	39.8023
11.0983	39.8279
11.0995	39.8536
11.1006	39.8792
11.1018	39.9048
11.1029	39.9305
11.104	39.9561
11.1052	39.9818
11.1064	40.0074
11.1075	40.0324
11.1086	40.0574
11.1098	40.0824
11.1308	40.1074
11.1318	40.1324
11.133	40.1574
11.1342	40.1824
11.1353	40.2074
11.1364	40.2324
11.1376	40.2574
11.1388	40.2824
11.1399	40.3074
11.1411	40.3324
11.1422	40.3574
11.1433	40.3824
11.1445	40.4074
11.1456	40.4324
11.1467	40.4574
11.1479	40.4824
11.149	40.5074
11.1502	40.5324
11.1513	40.5574
11.1525	40.5824
11.1536	40.6074
11.1548	40.6324
11.156	40.6574
11.1571	40.6824
11.1583	40.7074
11.1594	40.7324
11.1606	40.7574
11.1617	40.7824
11.1629	40.8074
11.1641	40.8324
11.1652	40.8574
11.1663	40.8824
11.1675	40.9074
11.1686	20.4537
11.1697	20.5037
11.1709	20.5537
11.172	20.6037
11.1732	20.6537
11.1743	20.7037
11.1756	20.7537
11.1976	20.8037
11.1987	20.8537
11.1998	20.9037
11.201	20.9537
11.2021	21.0037
11.2033	21.0513
11.2044	21.0989
11.2056	21.1466
11.2067	21.1942
11.2079	21.2418
11.2091	21.2894
11.2102	21.337
11.2113	21.3847
11.2124	21.4323
11.2136	21.4799
11.2147	21.5275
11.2159	21.5751
11.217	21.6228
11.2182	21.6704
11.2193	21.718
11.2206	21.7656
11.2216	21.8132
11.2228	21.8608
11.224	21.9085
11.2251	21.9561
11.2262	22.0037
11.2274	22.0492
11.2286	22.0946
11.2297	22.1401
11.2308	22.1855
11.232	22.231
11.2331	22.2764
11.2342	22.3219
11.2576	22.3673
11.2587	22.4128
11.2598	22.4582
11.261	22.5037
11.2621	22.5492
11.2632	22.5946
11.2644	22.6401
11.2656	22.6855
11.2669	22.731
11.2679	22.7764
11.2691	22.8219
11.2701	22.8673
11.2713	22.9128
11.2724	22.9582
11.2736	23.0037
11.2749	23.0472
11.2759	23.0907
11.2771	23.1341
11.2782	23.1776
11.2793	23.2211
11.2805	23.2646
11.2818	23.3081
11.3061	23.3515
11.3073	23.395
11.3084	23.4385
11.3094	23.482
11.3107	23.5254
11.3118	23.5689
11.313	23.6124
11.3141	23.6559
11.3152	23.6994
11.3164	23.7428
11.3175	23.7863
11.3189	23.8298
11.3198	23.8733
11.3212	23.9167
11.3223	23.9602
11.3234	24.0037
11.3245	24.0454
11.3256	24.087
11.3268	24.1287
11.3279	24.1704
11.329	24.212
11.3303	24.2537
11.3316	24.2954
11.3569	24.337
11.358	24.3787
11.3592	24.4204
11.3603	24.462
11.3614	24.5037
11.3626	24.5454
11.3638	24.587
11.365	24.6287
11.3661	24.6704
11.3672	24.712
11.3684	24.7537
11.3695	24.7954
11.3707	24.837
11.3718	24.8787
11.373	24.9204
11.3741	24.962
11.3753	25.0037
11.3765	25.0437
11.3776	25.0837
11.3788	25.1237
11.3799	25.1637
11.3812	25.2037
11.3824	25.2437
11.3835	25.2837
11.4101	25.3237
11.4112	25.3637
11.4125	25.4037
11.4135	25.4437
11.4147	25.4837
11.4159	25.5237
11.4169	25.5637
11.4181	12.7819
11.4192	12.8652
11.4204	12.9485
11.4215	13.0319
11.4226	13.1088
11.4237	13.1857
11.4249	13.2626
11.426	13.3395
11.4272	13.4165
11.4283	13.4934
11.4295	13.5703
11.4306	13.6472
11.4318	13.7242
11.4329	13.8011
11.4342	13.878
11.4354	13.9549
11.4366	14.0319
11.4377	14.1033
11.4654	14.1747
11.4666	14.2461
11.4676	14.3176
11.4688	14.389
11.4699	14.4604
11.471	14.5319
11.4722	14.6033
11.4734	14.6747
11.4746	14.7461
11.4757	14.8176
11.4769	14.889
11.4781	14.9604
11.4793	15.0319
11.4806	15.0985
11.5117	15.1652
11.5127	15.2319
11.5138	15.2985
11.5149	15.3652
11.5161	15.4319
11.5173	15.4985
11.5184	15.5652
11.5197	15.6319
11.5209	15.6985
11.5221	15.7652
11.5233	15.8319
11.5244	15.8985
11.5255	15.9652
11.5266	16.0319
11.5278	16.0944
11.5578	16.1569
11.5588	16.2194
11.56	16.2819
11.5611	16.3444
11.5623	16.4069
11.5634	16.4694
11.5647	16.5319
11.5659	16.5944
11.567	16.6569
11.5681	16.7194
11.5692	16.7819
11.5704	16.8444
11.5716	16.9069
11.5727	16.9694
11.5738	17.0319
11.575	17.0907
11.6077	17.1495
11.6087	17.2083
11.61	17.2671
11.611	17.326
11.6122	17.3848
11.6135	17.4436
11.6146	17.5024
11.6158	17.5613
11.6169	17.6201
11.618	17.6789
11.6192	17.7377
11.6203	17.7966
11.6215	17.8554
11.6227	17.9142
11.6237	17.973
11.625	18.0319
11.6261	18.0874
11.6583	18.143
11.6595	18.1985
11.6609	18.2541
11.6618	18.3096
11.6631	18.3652
11.6643	18.4207
11.6654	18.4763
11.6665	18.5319
11.6676	18.5874
11.6688	18.643
11.6699	18.6985
11.6719	18.7541
11.6726	18.8096
11.6734	18.8652
11.6745	18.9207
11.6756	18.9763
11.6775	19.0319
11.679	19.0845
11.7115	19.1371
11.7125	19.1897
11.7137	19.2424
11.715	19.295
11.7164	19.3476
11.7172	19.4003
11.7184	19.4529
11.7201	19.5055
11.7209	19.5582
11.7217	19.6108
11.7228	19.6634
11.724	19.7161
11.7252	19.7687
11.7263	19.8213
11.7275	19.874
11.7286	19.9266
11.7298	19.9792
11.731	20.0319
11.732	20.0819
11.7681	20.1319
11.7692	20.1819
11.7705	20.2319
11.7716	20.2819
11.7728	20.3319
11.7739	20.3819
11.7751	20.4319
11.7762	20.4819
11.7773	20.5319
11.7785	20.5819
11.7797	20.6319
11.7809	20.6819
11.782	20.7319
11.784	20.7819
11.7843	20.8319
11.7871	20.8819
11.7877	20.9319
11.7891	20.9819
11.7896	21.0319
11.7908	21.0795
11.8265	21.1271
11.8285	21.1747
11.8301	21.2223
11.8308	21.2699
11.8315	21.3176
11.8323	21.3652
11.8333	21.4128
11.8345	21.4604
11.836	21.508
11.8367	21.5557
11.838	21.6033
11.8391	21.6509
11.8402	21.6985
11.8414	21.7461
11.8425	21.7938
11.8436	21.8414
11.8448	21.889
11.8459	21.9366
11.8472	21.9842
11.8482	22.0319
11.8494	22.0773
11.8796	22.1228
11.8808	22.1682
11.8818	22.2137
11.883	22.2591
11.8842	22.3046
11.8853	22.35
11.8865	22.3955
11.8883	22.4409
11.889	22.4864
11.8901	22.5319
11.8913	22.5773
11.8924	22.6228
11.8938	22.6682
11.8952	22.7137
11.8965	22.7591
11.8975	22.8046
11.8985	22.85
11.8996	22.8955
11.9009	22.9409
11.902	22.9864
11.9031	23.0319
11.9042	23.0753
11.9252	23.1188
11.9263	23.1623
11.9276	23.2058
11.9288	23.2492
11.9299	23.2927
11.9309	23.3362
11.932	23.3797
11.9331	23.4232
11.9343	23.4666
11.9355	23.5101
11.9366	23.5536
11.9377	23.5971
11.9389	23.6405
11.9401	23.684
11.9412	11.842
11.9423	11.9329
11.9435	12.0238
11.9446	12.1072
11.9458	12.1905
11.9469	12.2738
11.9481	12.3572
11.9492	12.4405
11.9505	12.5238
11.9737	12.6072
11.9744	12.6905
11.9751	12.7738
11.9759	12.8572
11.977	12.9405
11.9781	13.0238
11.9793	13.1008
11.9805	13.1777
11.9816	13.2546
11.9827	13.3315
11.9839	13.4084
11.985	13.4854
11.9862	13.5623
11.9873	13.6392
12.0121	13.7161
12.0133	13.7931
12.0144	13.87
12.0155	13.9469
12.0169	14.0238
12.0178	14.0953
12.019	14.1667
12.0201	14.2381
12.0213	14.3095
12.0224	14.381
12.0236	14.4524
12.0247	14.5238
12.0264	14.5953
12.0399	14.6667
12.041	14.7381
12.0422	14.8095
12.0433	14.881
12.0444	14.9524
12.0457	15.0238
12.0468	15.0905
12.0479	15.1572
12.0492	15.2238
12.0502	15.2905
12.0515	15.3572
12.0525	15.4238
12.0538	15.4905
12.055	15.5572
12.0691	15.6238
12.0703	15.6905
12.0714	15.7572
12.0727	15.8238
12.0738	15.8905
12.0749	15.9572
12.076	16.0238
12.0772	16.0863
12.0784	16.1488
12.0795	16.2113
12.0813	16.2738
12.082	16.3363
12.0867	16.3988
12.0889	16.4613
12.0901	16.5238
12.1127	16.5863
12.1138	16.6488
12.115	16.7113
12.1161	16.7738
12.1187	16.8363
12.1194	16.8988
12.1202	16.9613
12.1209	17.0238
12.1219	17.0827
12.1239	17.1415
12.1246	17.2003
12.126	17.2591
12.1326	17.3179
12.1372	17.3768
12.1384	17.4356
12.1395	17.4944
12.1622	17.5532
12.1632	17.6121
12.1643	17.6709
12.1655	17.7297
12.1666	17.7885
12.1679	17.8474
12.1691	17.9062
12.1701	17.965
12.1712	18.0238
12.1726	18.0794
12.1736	18.1349
12.1747	18.1905
12.1761	18.2461
12.1828	18.3016
12.1851	18.3572
12.1863	18.4127
12.1874	18.4683
12.2105	18.5238
12.2123	18.5794
12.2131	18.6349
12.2137	18.6905
12.2149	18.7461
12.2161	18.8016
12.2172	18.8572
12.2183	18.9127
12.2195	18.9683
12.2207	19.0238
12.2218	19.0765
12.223	19.1291
12.2242	19.1817
12.2253	19.2344
12.2306	19.287
12.2317	19.3396
12.2329	19.3923
12.2342	19.4449
12.2571	19.4975
12.2583	19.5501
12.2594	19.6028
12.2605	19.6554
12.2617	19.708
12.2628	19.7607
12.264	19.8133
12.2651	19.8659
12.2663	19.9186
12.2675	19.9712
12.2687	20.0238
12.27	20.0738
12.2709	20.1238
12.2721	20.1738
12.2732	20.2238
12.2745	20.2738
12.2756	20.3238
12.2773	20.3738
12.2779	20.4238
12.2974	20.4738
12.2986	20.5238
12.2997	20.5738
12.3009	20.6238
12.3023	20.6738
12.3032	20.7238
12.3044	20.7738
12.3055	20.8238
12.3069	20.8738
12.308	20.9238
12.3089	20.9738
12.3101	21.0238
12.3113	21.0714
12.3135	21.1191
12.3142	21.1667
12.3149	21.2143
12.3159	21.2619
12.317	21.3095
12.3182	21.3572
12.3194	21.4048
12.34	21.4524
12.3412	21.5
12.3424	21.5476
12.3434	21.5953
12.3446	21.6429
12.3457	21.6905
12.3469	21.7381
12.3481	21.7857
12.3492	21.8334
12.3503	21.881
12.3515	21.9286
12.3527	21.9762
12.3539	22.0238
12.3559	22.0693
12.3565	22.1147
12.3573	22.1602
12.3585	22.2056
12.3597	22.2511
12.3608	22.2966
12.3619	22.342
12.3631	22.3875
12.3849	22.4329
12.3861	22.4784
12.3872	22.5238
12.3884	22.5693
12.3895	22.6147
12.3906	22.6602
12.3918	22.7056
12.393	22.7511
12.3941	22.7966
12.3953	22.842
12.3966	22.8875
12.3976	22.9329
12.3988	22.9784
12.4	23.0238
12.4012	23.0673
12.4023	23.1108
12.4036	23.1543
12.4052	23.1977
12.4059	23.2412
12.407	23.2847
12.4081	23.3282
12.4092	23.3717
12.4321	23.4151
12.4333	23.4586
12.4344	23.5021
12.4356	23.5456
12.4367	23.589
12.438	23.6325
12.4396	23.676
12.4403	23.7195
12.4413	23.763
12.4427	23.8064
12.4437	23.8499
12.4449	23.8934
12.446	23.9369
12.4472	23.9804
12.4483	24.0238
12.4495	24.0655
12.4506	24.1072
12.4518	24.1488
12.4529	24.1905
12.4541	24.2322
12.4553	24.2738
12.4564	24.3155
12.4575	24.3572
12.4826	24.3988
12.4837	24.4405
12.4849	24.4822
12.486	24.5238
12.4872	24.5655
12.4884	24.6072
12.4895	24.6488
12.4906	24.6905
12.4919	24.7322
12.4931	24.7738
12.4941	24.8155
12.4953	24.8572
12.4966	24.8988
12.4976	24.9405
12.4989	24.9822
12.5	25.0238
12.5011	25.0638
12.5023	25.1038
12.5034	25.1438
12.5047	25.1838
12.5065	25.2238
12.5072	25.2638
12.5081	25.3038
12.5093	25.3438
12.5344	25.3838
12.5355	25.4238
12.5368	25.4638
12.5379	25.5038
12.539	25.5438
12.5408	25.5838
12.5416	25.6238
12.5429	25.6638
12.544	25.7038
12.5452	25.7438
12.5466	25.7838
12.5475	25.8238
12.5488	25.8638
12.5498	25.9038
12.5509	25.9438
12.5525	25.9838
12.5536	26.0238
12.5548	26.0623
12.5559	26.1008
12.5569	26.1392
12.5581	26.1777
12.5593	26.2161
12.5605	26.2546
12.5617	26.2931
12.5626	26.3315
12.5897	26.37
12.5908	26.4084
12.592	26.4469
12.5933	26.4854
12.5952	26.5238
12.5963	26.5623
12.5975	26.6008
12.5986	26.6392
12.6011	26.6777
12.6023	26.7161
12.6035	26.7546
12.6047	26.7931
12.6058	26.8315
12.6069	26.87
12.6081	26.9084
12.6094	26.9469
12.6104	26.9854
12.6115	27.0238
12.6126	27.0609
12.6139	27.0979
12.615	27.1349
12.6162	27.172
12.6175	27.209
12.6184	27.2461
12.6196	27.2831
12.6224	27.3201
12.6505	27.3572
12.6517	27.3942
12.6529	27.4312
12.654	27.4683
12.6551	27.5053
12.6563	27.5423
12.6575	27.5794
12.6586	27.6164
12.6597	27.6535
12.6617	27.6905
12.6628	27.7275
12.664	27.7646
12.6651	27.8016
12.6662	27.8386
12.6674	27.8757
12.6685	27.9127
12.6697	27.9498
12.6708	27.9868
12.6719	28.0238
12.6731	28.0595
12.6744	28.0953
12.6754	28.131
12.6766	28.1667
12.6777	28.2024
12.6788	28.2381
12.68	28.2738
12.6812	28.3095
12.7099	28.3453
12.7111	28.381
12.7122	28.4167
12.7133	28.4524
12.7145	28.4881
12.7157	28.5238
12.717	28.5595
12.7181	28.5953
12.7203	28.631
12.721	28.6667
12.7217	28.7024
12.7227	28.7381
12.7239	28.7738
12.7261	28.8095
12.7262	28.8453
12.7273	28.881
12.7285	28.9167
12.7297	28.9524
12.7307	28.9881
12.733	29.0238
12.7337	29.0583
12.7345	29.0928
12.7356	29.1273
12.7368	29.1618
12.738	29.1962
12.7391	29.2307
12.7402	29.2652
12.7414	29.2997
12.7576	29.3342
12.7587	14.6671
12.7599	14.7385
12.761	14.8099
12.7622	14.8814
12.7633	14.9528
12.7646	15.0242
12.7657	15.0909
12.7669	15.1576
12.768	15.2242
12.7692	15.2909
12.7703	15.3576
12.7715	15.4242
12.7728	15.4909
12.7737	15.5576
12.7749	15.6242
12.7761	15.6909
12.7772	15.7576
12.7783	15.8242
12.7795	15.8909
12.7807	15.9576
12.782	16.0242
12.783	16.0867
12.784	16.1492
12.7852	16.2117
12.7864	16.2742
12.7875	16.3367
12.7887	16.3992
12.7898	16.4617
12.8071	16.5242
12.8086	16.5867
12.8098	16.6492
12.8108	16.7117
12.812	16.7742
12.8132	16.8367
12.8143	16.8992
12.8154	16.9617
12.8166	17.0242
12.8177	17.0831
12.8189	17.1419
12.82	17.2007
12.8212	17.2595
12.8223	17.3183
12.8235	17.3772
12.8247	17.436
12.8453	17.4948
12.8464	17.5536
12.8475	17.6125
12.8511	17.6713
12.8521	17.7301
12.8533	17.7889
12.8544	17.8478
12.8556	17.9066
12.8567	17.9654
12.8578	18.0242
12.859	18.0798
12.8602	18.1353
12.8614	18.1909
12.8625	18.2465
12.8637	18.302
12.8649	18.3576
12.8664	18.4131
12.9001	18.4687
12.9012	18.5242
12.9051	18.5798
12.9062	18.6353
12.9074	18.6909
12.9085	18.7465
12.9096	18.802
12.9108	18.8576
12.9119	18.9131
12.9131	18.9687
12.9142	19.0242
12.9153	19.0769
12.9165	19.1295
12.9177	19.1821
12.9188	19.2348
12.9199	19.2874
12.9211	19.34
12.9222	19.3927
12.958	19.4453
12.9605	19.4979
12.9638	19.5505
12.965	19.6032
12.9661	19.6558
12.9672	19.7084
12.9684	19.7611
12.9696	19.8137
12.9707	19.8663
12.9719	19.919
12.973	19.9716
12.9741	20.0242
12.9753	20.0742
12.9765	20.1242
12.9775	20.1742
12.9787	20.2242
12.9798	20.2742
12.981	20.3242
12.9822	20.3742
13.0058	20.4242
13.0081	20.4742
13.0092	20.5242
13.0104	20.5742
13.0115	20.6242
13.0127	20.6742
13.0138	20.7242
13.015	20.7742
13.0162	20.8242
13.0173	20.8742
13.0184	20.9242
13.0207	20.9742
13.0218	21.0242
13.023	21.0718
13.0241	21.1195
13.0253	21.1671
13.0265	21.2147
13.0276	21.2623
13.0287	21.3099
13.0299	21.3576
13.0564	21.4052
13.0576	21.4528
13.0588	21.5004
13.06	21.548
13.061	21.5957
13.0622	21.6433
13.0634	21.6909
13.0645	21.7385
13.0656	21.7861
13.0668	21.8338
13.0679	21.8814
13.0691	21.929
13.0702	21.9766
13.0715	22.0242
13.0725	22.0697
13.0736	22.1151
13.0748	22.1606
13.076	22.206
13.0773	22.2515
13.0782	22.297
13.0793	22.3424
13.1073	22.3879
13.1084	22.4333
13.1095	22.4788
13.1107	22.5242
13.1118	22.5697
13.113	22.6151
13.1142	22.6606
13.1153	22.706
13.1164	22.7515
13.1176	22.797
13.1187	22.8424
13.1198	22.8879
13.1211	22.9333
13.1221	22.9788
13.1234	23.0242
13.1244	23.0677
13.1256	23.1112
13.1267	23.1547
13.1279	23.1981
13.129	23.2416
13.1301	23.2851
13.1313	23.3286
13.1603	23.3721
13.1615	23.4155
13.1625	23.459
13.1637	23.5025
13.1649	23.546
13.166	23.5894
13.1671	23.6329
13.1682	23.6764
13.1694	23.7199
13.1707	23.7634
13.1717	23.8068
13.1729	23.8503
13.174	23.8938
13.1752	23.9373
13.1772	23.9808
13.1777	24.0242
13.1786	24.0659
13.1797	24.1076
13.1809	24.1492
13.182	24.1909
13.1832	24.2326
13.1844	24.2742
13.1855	24.3159
13.2162	24.3576
13.2173	24.3992
13.2184	24.4409
13.2196	24.4826
13.2207	24.5242
13.2218	24.5659
13.2229	24.6076
13.2241	24.6492
13.2254	24.6909
13.2264	24.7326
13.2276	24.7742
13.2287	24.8159
13.2298	24.8576
13.232	24.8992
13.2327	24.9409
13.2334	24.9826
13.2344	25.0242
13.2355	25.0642
13.2368	25.1042
13.2379	25.1442
13.2392	25.1842
13.2401	25.2242
13.2413	25.2642
13.2424	25.3042
13.2702	25.3442
13.2713	25.3842
13.2724	25.4242
13.2736	25.4642
13.2747	25.5042
13.2759	25.5442
13.277	25.5842
13.2781	25.6242
13.2793	25.6642
13.2804	25.7042
13.2815	25.7442
13.2827	25.7842
13.2838	25.8242
13.285	25.8642
13.2861	25.9042
13.2873	25.9442
13.2885	25.9842
13.2895	26.0242
13.2907	26.0627
13.2918	26.1012
13.293	26.1396
13.2942	26.1781
13.2954	26.2165
13.2971	26.255
13.2976	26.2935
13.3266	26.3319
13.3277	26.3704
13.3289	26.4088
13.3301	26.4473
13.3315	26.4858
13.3323	26.5242
13.3336	26.5627
13.3346	26.6012
13.3357	26.6396
13.3369	26.6781
13.338	26.7165
13.3392	26.755
13.3403	26.7935
13.3414	26.8319
13.3426	26.8704
13.3437	26.9088
13.3449	26.9473
13.346	26.9858
13.3477	27.0242
13.3494	27.0613
13.3502	27.0983
13.3511	27.1353
13.3522	27.1724
13.3533	27.2094
13.3546	27.2465
13.3557	27.2835
13.3857	27.3205
13.3872	27.3576
13.388	27.3946
13.3892	27.4316
13.3903	27.4687
13.3914	27.5057
13.3926	27.5427
13.3937	27.5798
13.3949	27.6168
13.396	27.6539
13.3972	27.6909
13.3983	27.7279
13.3995	27.765
13.4006	27.802
13.4018	27.839
13.403	27.8761
13.404	27.9131
13.4052	27.9502
13.4064	27.9872
13.4076	28.0242
13.4088	28.0599
13.41	28.0957
13.4112	28.1314
13.4121	28.1671
13.4135	28.2028
13.4144	28.2385
13.4156	28.2742
13.4469	28.3099
13.4481	28.3457
13.4491	28.3814
13.4502	28.4171
13.4513	28.4528
13.4525	28.4885
13.4537	28.5242
13.4548	28.5599
13.4559	28.5957
13.4571	28.6314
13.4582	28.6671
13.4594	28.7028
13.4606	28.7385
13.4617	28.7742
13.4628	28.8099
13.4639	28.8457
13.4651	28.8814
13.4662	28.9171
13.4674	28.9528
13.4686	28.9885
13.4697	29.0242
13.4709	29.0587
13.472	29.0932
13.4733	29.1277
13.4743	29.1622
13.4754	29.1966
13.4765	29.2311
13.4777	29.2656
13.4952	29.3001
13.4963	29.3346
13.4976	29.3691
13.4986	29.4035
13.4998	29.438
13.501	29.4725
13.5021	29.507
13.5032	29.5415
13.5043	29.576
13.5055	29.6104
13.5067	29.6449
13.5077	29.6794
13.5089	29.7139
13.51	29.7484
13.5114	29.7829
13.5123	29.8173
13.5135	29.8518
13.5147	29.8863
13.5157	29.9208
13.517	29.9553
13.5181	29.9897
13.5192	30.0242
13.5204	30.0576
13.5215	30.0909
13.5227	30.1242
13.5238	30.1576
13.525	30.1909
13.5261	30.2242
13.5273	30.2576
13.5459	30.2909
13.547	30.3242
13.5481	30.3576
13.5493	30.3909
13.5504	30.4242
13.5516	30.4576
13.5527	30.4909
13.5538	30.5242
13.5551	30.5576
13.5562	30.5909
13.5573	30.6242
13.5584	30.6576
13.5596	30.6909
13.5608	30.7242
13.5622	30.7576
13.563	30.7909
13.5642	30.8242
13.5653	30.8576
13.5666	30.8909
13.5677	30.9242
13.5688	30.9576
13.5699	30.9909
13.5711	31.0242
13.5722	31.0565
13.5733	31.0887
13.5745	31.121
13.5756	31.1533
13.5769	31.1855
13.5779	31.2178
13.5791	31.25
13.5989	31.2823
13.6	31.3146
13.6011	31.3468
13.6023	31.3791
13.6035	31.4113
13.6046	31.4436
13.6057	31.4758
13.6071	31.5081
13.6081	31.5404
13.6093	31.5726
13.6104	31.6049
13.6116	31.6371
13.6132	31.6694
13.6138	31.7017
13.6151	31.7339
13.6163	31.7662
13.6173	31.7984
13.6184	31.8307
13.6196	31.8629
13.6207	31.8952
13.622	31.9275
13.6229	31.9597
13.6241	31.992
13.6252	32.0242
13.6264	32.0555
13.6276	32.0867
13.6287	32.118
13.6301	16.059
13.632	16.1215
13.6332	16.184
13.6341	16.2465
13.6569	16.309
13.6576	16.3715
13.6582	16.434
13.659	16.4965
13.66	16.559
13.6612	16.6215
13.6623	16.684
13.6635	16.7465
13.6646	16.809
13.6658	16.8715
13.667	16.934
13.6681	16.9965
13.6693	17.059
13.6707	17.1178
13.672	17.1766
13.673	17.2355
13.6741	17.2943
13.6753	17.3531
13.6764	17.4119
13.6776	17.4708
13.6788	17.5296
13.6801	17.5884
13.6812	17.6472
13.6825	17.706
13.6835	17.7649
13.6847	17.8237
13.6858	17.8825
13.687	17.9413
13.7091	18.0002
13.7102	18.0557
13.7114	18.1113
13.7125	18.1668
13.7137	18.2224
13.7148	18.2779
13.716	18.3335
13.7171	9.16675
13.7183	9.27786
13.7194	9.38897
13.7205	9.50008
13.7217	9.61119
13.7228	9.72231
13.724	9.83342
13.7252	9.94453
13.7262	10.0556
13.7274	10.1556
13.7509	10.2556
13.752	10.3556
13.7532	10.4556
13.7543	10.5556
13.7555	10.6556
13.7566	10.7556
13.7578	10.8556
13.759	10.9556
13.7601	11.0556
13.7612	11.1465
13.7929	11.2375
13.794	11.3284
13.7952	11.4193
13.7963	11.5102
13.7975	11.6011
13.7988	11.692
13.7999	11.7829
13.8009	11.8738
13.8021	11.9647
13.8033	12.0556
13.8044	12.139
13.8475	12.2223
13.8487	12.3056
13.8497	12.389
13.851	12.4723
13.8521	12.5556
13.8532	12.639
13.8543	12.7223
13.8555	12.8056
13.8566	12.889
13.8578	12.9723
13.859	13.0556
13.8601	13.1326
13.9031	13.2095
13.9043	13.2864
13.9052	13.3633
13.9063	13.4403
13.9075	13.5172
13.9087	13.5941
13.9098	13.671
13.9109	13.7479
13.9122	13.8249
13.9133	13.9018
13.9145	13.9787
13.9157	14.0556
13.9167	14.1271
13.9467	14.1985
13.9479	14.2699
13.949	14.3414
13.9502	14.4128
13.9515	14.4842
13.9524	14.5556
13.9536	14.6271
13.9548	14.6985
13.9559	14.7699
13.9571	14.8414
13.9583	14.9128
13.9595	14.9842
13.9605	15.0556
13.9619	15.1223
13.9804	15.189
13.9814	15.2556
13.9826	15.3223
13.9838	15.389
13.9849	15.4556
13.986	15.5223
13.9872	15.589
13.9883	15.6556
13.9897	15.7223
13.9906	15.789
13.992	15.8556
13.9929	15.9223
13.9942	15.989
13.9953	16.0556
13.9965	16.1181
14.0159	16.1806
14.0181	16.2431
14.0191	16.3056
14.0203	16.3681
14.0214	16.4306
14.0227	16.4931
14.0237	16.5556
14.025	16.6181
14.026	16.6806
14.0272	16.7431
14.0283	16.8056
14.0296	16.8681
14.0308	16.9306
14.0319	16.9931
14.033	17.0556
14.0342	17.1145
14.0548	17.1733
14.0561	17.2321
14.0573	17.2909
14.0583	17.3498
14.0594	17.4086
14.0606	17.4674
14.0618	17.5262
14.0629	17.5851
14.0641	17.6439
14.0652	17.7027
14.0665	17.7615
14.0677	17.8203
14.0688	17.8792
14.0699	17.938
14.0712	17.9968
14.0722	18.0556
14.0737	18.1112
14.0956	18.1668
14.0966	18.2223
14.0977	18.2779
14.099	18.3334
14.1	18.389
14.1014	18.4445
14.1024	18.5001
14.1035	18.5556
14.1057	18.6112
14.1064	18.6668
14.1071	18.7223
14.1083	18.7779
14.1095	18.8334
14.1105	18.889
14.1117	18.9445
14.1129	19.0001
14.114	19.0527
14.1152	19.1053
14.1381	19.158
14.1393	19.2106
14.1404	19.2632
14.1416	19.3159
14.1428	19.3685
14.1439	19.4211
14.1452	19.4738
14.1461	19.5264
14.1475	19.579
14.1486	19.6317
14.1498	19.6843
14.1512	19.7369
14.152	19.7896
14.1542	19.8422
14.1549	19.8948
14.1555	19.9475
14.1567	20.0001
14.1578	20.0501
14.159	20.1001
14.1831	20.1501
14.1843	20.2001
14.1853	20.2501
14.1866	20.3001
14.1876	20.3501
14.1889	20.4001
14.1905	20.4501
14.1913	20.5001
14.1925	20.5501
14.1936	20.6001
14.1947	20.6501
14.1966	20.7001
14.1972	20.7501
14.1983	20.8001
14.1994	20.8501
14.2006	20.9001
14.2018	20.9501
14.2028	21.0001
14.204	21.0477
14.2052	21.0953
14.2303	21.1429
14.2316	21.1906
14.2327	21.2382
14.2338	21.2858
14.235	21.3334
14.2361	21.381
14.2378	21.4287
14.2386	21.4763
14.2397	21.5239
14.2409	21.5715
14.242	21.6191
14.2432	21.6668
14.2444	21.7144
14.2455	21.762
14.2466	21.8096
14.2478	21.8572
14.2489	21.9048
14.2501	21.9525
14.2517	22.0001
14.2524	22.0455
14.2535	22.091
14.28	22.1364
14.2811	22.1819
14.2823	22.2274
14.2835	22.2728
14.2849	22.3183
14.2859	22.3637
14.287	22.4092
14.2882	22.4546
14.2893	22.5001
14.2904	22.5455
14.2916	22.591
14.2928	22.6364
14.2939	22.6819
14.2951	22.7274
14.2962	22.7728
14.2974	22.8183
14.2985	22.8637
14.2997	22.9092
14.3008	22.9546
14.3033	23.0001
14.304	23.0436
14.3046	23.087
14.3334	23.1305
14.3345	23.174
14.3357	23.2175
14.3369	23.261
14.3383	23.3044
14.3394	23.3479
14.3408	23.3914
14.3416	23.4349
14.3428	23.4783
14.344	23.5218
14.3451	23.5653
14.3462	23.6088
14.3474	23.6523
14.3486	23.6957
14.3498	23.7392
14.3508	23.7827
14.352	23.8262
14.3531	23.8696
14.3543	23.9131
14.3554	23.9566
14.3566	24.0001
14.3577	24.0418
14.3589	24.0834
14.3887	24.1251
14.3898	24.1668
14.391	24.2084
14.3923	24.2501
14.3935	24.2918
14.3946	24.3334
14.3957	24.3751
14.3969	24.4168
14.3983	24.4584
14.3992	24.5001
14.4004	24.5418
14.4017	24.5834
14.4027	24.6251
14.4039	24.6668
14.4049	24.7084
14.4061	24.7501
14.4073	24.7918
14.4084	24.8334
14.4096	24.8751
14.4108	24.9168
14.4119	24.9584
14.413	25.0001
14.4142	25.0401
14.4154	25.0801
14.4454	25.1201
14.4465	25.1601
14.4479	25.2001
14.449	25.2401
14.4502	25.2801
14.4513	25.3201
14.4528	25.3601
14.4539	25.4001
14.455	25.4401
14.4561	25.4801
14.4573	25.5201
14.4584	25.5601
14.4596	25.6001
14.4607	25.6401
14.4618	25.6801
14.463	25.7201
14.4641	25.7601
14.4654	25.8001
14.4665	25.8401
14.4677	25.8801
14.4687	25.9201
14.47	25.9601
14.4711	26.0001
14.4722	26.0385
14.4734	26.077
14.5049	26.1155
14.5058	26.1539
14.507	26.1924
14.5082	26.2309
14.5093	26.2693
14.5103	26.3078
14.5116	26.3462
14.5128	26.3847
14.5139	26.4232
14.5151	26.4616
14.5162	26.5001
14.5173	26.5385
14.5187	26.577
14.5197	26.6155
14.5207	26.6539
14.5219	26.6924
14.5231	26.7309
14.5243	26.7693
14.5255	26.8078
14.5266	26.8462
14.5279	26.8847
14.5289	26.9232
14.5301	26.9616
14.5313	27.0001
14.5324	27.0371
14.5335	27.0742
14.5665	27.1112
14.5677	27.1482
14.5688	27.1853
14.5711	27.2223
14.5718	27.2593
14.5724	27.2964
14.5734	27.3334
14.5749	27.3705
14.5757	27.4075
14.5769	27.4445
14.578	27.4816
14.5791	27.5186
14.5803	27.5556
14.5814	27.5927
14.5826	27.6297
14.5837	27.6668
14.5849	27.7038
14.5861	27.7408
14.5871	27.7779
14.5883	27.8149
14.5895	27.8519
14.5906	27.889
14.5917	27.926
14.5942	27.963
14.5948	28.0001
14.5955	28.0358
14.5963	28.0715
14.6197	28.1072
14.6209	28.1429
14.6219	28.1787
14.6232	28.2144
14.6243	28.2501
14.6255	28.2858
14.6266	28.3215
14.6277	28.3572
14.6288	28.3929
14.63	28.4287
14.6311	28.4644
14.6322	28.5001
14.6334	28.5358
14.6345	28.5715
14.6357	28.6072
14.637	28.6429
14.6393	28.6787
14.6401	28.7144
14.6413	28.7501
14.6424	28.7858
14.6435	28.8215
14.6447	28.8572
14.6458	28.8929
14.6469	28.9287
14.6481	28.9644
14.6493	29.0001
14.6505	29.0346
14.6515	29.069
14.6704	29.1035
14.6715	29.138
14.6726	29.1725
14.6738	29.207
14.6749	29.2415
14.676	29.2759
14.6772	29.3104
14.6783	29.3449
14.6794	29.3794
14.6806	29.4139
14.6817	29.4484
14.6829	29.4828
14.6841	29.5173
14.6852	29.5518
14.6863	29.5863
14.6876	29.6208
14.6887	29.6553
14.6898	29.6897
14.6912	29.7242
14.6921	29.7587
14.6932	29.7932
14.6943	29.8277
14.6955	29.8622
14.6966	29.8966
14.6978	29.9311
14.6989	29.9656
14.7	30.0001
14.7012	30.0334
14.7024	30.0668
14.7238	30.1001
14.7247	30.1334
14.7252	30.1668
14.7264	30.2001
14.7271	30.2334
14.7281	30.2668
14.7295	30.3001
14.7305	30.3334
14.7317	30.3668
14.7328	30.4001
14.7344	30.4334
14.7352	30.4668
14.7361	30.5001
14.7372	30.5334
14.7385	30.5668
14.7395	30.6001
14.7407	30.6334
14.7419	30.6668
14.743	30.7001
14.7444	30.7334
14.7454	30.7668
14.7464	30.8001
14.7475	30.8334
14.7487	30.8668
14.7499	30.9001
14.7511	30.9334
14.7521	30.9668
14.7533	31.0001
14.7545	31.0323
14.7565	31.0646
14.785	31.0969
14.7862	31.1291
14.7874	31.1614
14.7885	31.1936
14.7896	31.2259
14.7908	31.2581
14.7919	31.2904
14.7931	31.3227
14.7941	31.3549
14.7953	31.3872
14.7965	31.4194
14.7976	31.4517
14.799	31.484
14.8001	31.5162
14.8019	31.5485
14.8024	31.5807
14.8033	31.613
14.8044	31.6452
14.8056	31.6775
14.8068	31.7098
14.8079	31.742
14.8095	31.7743
14.8102	31.8065
14.8113	31.8388
14.8135	31.8711
14.8142	31.9033
14.8149	31.9356
14.8159	31.9678
14.817	32.0001
14.8182	32.0313
14.8194	32.0626
14.8415	32.0938
14.8427	32.1251
14.8437	32.1563
14.8449	32.1876
14.846	32.2188
14.8472	32.2501
14.8483	32.2813
14.8494	32.3126
14.8506	32.3438
14.8517	32.3751
14.8529	32.4063
14.8541	32.4376
14.8552	32.4688
14.8563	32.5001
14.8577	32.5313
14.8586	32.5626
14.8598	32.5938
14.8609	32.6251
14.8621	32.6563
14.8632	32.6876
14.8643	32.7188
14.8655	32.7501
14.8666	32.7813
14.8679	32.8126
14.869	32.8438
14.8701	32.8751
14.8712	32.9063
14.8724	32.9376
14.8736	32.9688
14.8747	33.0001
14.8759	33.0304
14.877	33.0607
14.9004	33.091
14.9016	33.1213
14.9026	33.1516
14.905	33.1819
14.9051	33.2122
14.906	33.2425
14.9076	33.2728
14.9083	33.3031
14.9095	33.3334
14.9108	33.3637
14.9132	33.394
14.9139	33.4243
14.9146	33.4546
14.9153	33.4849
14.9164	33.5152
14.9175	33.5455
14.9187	33.5758
14.9198	33.6061
14.9209	33.6364
14.922	33.6668
14.9232	33.6971
14.9245	33.7274
14.9256	33.7577
14.9266	33.788
14.9278	33.8183
14.9289	33.8486
14.93	33.8789
14.9312	33.9092
14.9325	33.9395
14.9335	33.9698
14.9347	34.0001
14.9358	34.0295
14.937	34.0589
14.9613	34.0883
14.9623	34.1177
14.9635	34.1471
14.9654	34.1766
14.9661	34.206
14.9669	34.2354
14.9681	34.2648
14.9695	34.2942
14.9706	34.3236
14.9716	34.353
14.9728	34.3824
14.9739	34.4118
14.9751	34.4413
14.9762	34.4707
14.9773	34.5001
14.9784	34.5295
14.9797	34.5589
14.9808	34.5883
14.9819	34.6177
14.983	34.6471
14.9844	34.6766
14.9853	34.706
14.9864	34.7354
14.9876	34.7648
14.9887	34.7942
14.9898	34.8236
14.991	34.853
14.9921	34.8824
14.9934	34.9118
14.9944	34.9413
14.9956	34.9707
14.9967	35.0001
14.998	35.0287
14.999	35.0572
15.0245	35.0858
15.0256	35.1144
15.0267	35.1429
15.0279	35.1715
15.0294	35.2001
15.0303	35.2287
15.0313	35.2572
15.0325	35.2858
15.0336	35.3144
15.0348	35.3429
15.0359	35.3715
15.0371	35.4001
15.0382	35.4287
15.0394	35.4572
15.0405	35.4858
15.0417	35.5144
15.0429	35.5429
15.044	35.5715
15.0451	35.6001
15.0463	35.6287
15.0473	35.6572
15.0485	35.6858
15.0496	35.7144
15.0509	35.7429
15.0519	35.7715
15.0531	35.8001
15.0546	35.8287
15.0556	35.8572
15.0568	35.8858
15.0579	35.9144
15.059	35.9429
15.0602	35.9715
15.0613	36.0001
15.0625	36.0279
15.0637	36.0556
15.0902	36.0834
15.0914	36.1112
15.0925	36.139
15.0937	36.1668
15.0949	36.1945
15.096	36.2223
15.0972	36.2501
15.0983	36.2779
15.0994	36.3056
15.1005	36.3334
15.1017	36.3612
15.1029	36.389
15.104	36.4168
15.1051	36.4445
15.1064	36.4723
15.1075	36.5001
15.1085	36.5279
15.1097	36.5556
15.1109	36.5834
15.112	36.6112
15.1132	36.639
15.1142	36.6668
15.1154	36.6945
15.1166	36.7223
15.1177	36.7501
15.1189	36.7779
15.12	36.8056
15.1213	36.8334
15.1224	36.8612
15.1236	36.889
15.1247	36.9168
15.1259	36.9445
15.127	18.4723
15.1282	18.5278
15.1294	18.5834
15.1305	18.6389
15.1456	18.6945
15.1468	18.75
15.1479	18.8056
15.149	18.8612
15.1502	18.9167
15.1514	18.9723
15.1525	19.0278
15.1537	19.0805
15.1548	19.1331
15.156	19.1857
15.1571	19.2383
15.1582	19.291
15.1593	19.3436
15.1606	19.3962
15.1617	19.4489
15.1628	19.5015
15.1639	19.5541
15.1651	19.6068
15.1662	19.6594
15.1675	19.712
15.1685	19.7647
15.1697	19.8173
15.1708	19.8699
15.172	19.9226
15.1731	19.9752
15.1742	20.0278
15.1755	20.0778
15.1766	20.1278
15.1777	20.1778
15.1789	20.2278
15.18	20.2778
15.1811	20.3278
15.1976	20.3778
15.1986	20.4278
15.1999	20.4778
15.2009	20.5278
15.202	20.5778
15.2032	20.6278
15.2044	20.6778
15.2057	20.7278
15.2067	20.7778
15.2078	20.8278
15.2092	20.8778
15.2102	20.9278
15.2113	20.9778
15.2124	21.0278
15.2136	21.0754
15.2147	21.1231
15.2158	21.1707
15.2169	21.2183
15.2182	21.2659
15.2195	21.3135
15.2368	21.3612
15.2379	21.4088
15.239	21.4564
15.2401	21.504
15.2414	21.5516
15.2424	21.5992
15.2437	21.6469
15.2449	21.6945
15.246	21.7421
15.2472	21.7897
15.2482	21.8373
15.2495	21.885
15.2505	21.9326
15.2517	21.9802
15.2529	22.0278
15.254	22.0733
15.2551	22.1187
15.2563	22.1642
15.2574	22.2096
15.2585	22.2551
15.2597	22.3005
15.276	22.346
15.2772	22.3915
15.2783	22.4369
15.2794	22.4824
15.2805	22.5278
15.2818	22.5733
15.2829	22.6187
15.2841	22.6642
15.2853	22.7096
15.2864	22.7551
15.2875	22.8005
15.2886	22.846
15.2898	22.8915
15.2909	22.9369
15.2921	22.9824
15.2932	23.0278
15.2943	23.0713
15.2954	23.1148
15.2966	23.1583
15.2978	23.2017
15.299	23.2452
15.3002	23.2887
15.3198	23.3322
15.321	23.3756
15.322	23.4191
15.3232	23.4626
15.3244	23.5061
15.3256	23.5496
15.3267	23.593
15.3278	23.6365
15.329	23.68
15.3301	23.7235
15.332	23.7669
15.3327	23.8104
15.3346	23.8539
15.3352	23.8974
15.3359	23.9409
15.3369	23.9843
15.3381	24.0278
15.3393	24.0695
15.3404	24.1112
15.3415	24.1528
15.3427	24.1945
15.3439	24.2362
15.3451	24.2778
15.367	24.3195
15.3682	24.3612
15.3693	24.4028
15.3706	24.4445
15.3716	24.4862
15.3728	24.5278
15.374	24.5695
15.3751	24.6112
15.3762	24.6528
15.3775	24.6945
15.3785	24.7362
15.3799	24.7778
15.3811	24.8195
15.3823	24.8612
15.3834	24.9028
15.3846	24.9445
15.3858	24.9862
15.3868	25.0278
15.388	25.0678
15.3891	25.1078
15.3904	25.1478
15.3914	25.1878
15.3925	25.2278
15.3938	25.2678
15.4165	25.3078
15.4178	25.3478
15.4189	25.3878
15.4202	25.4278
15.4214	25.4678
15.4223	25.5078
15.4234	25.5478
15.4246	25.5878
15.4259	25.6278
15.4269	25.6678
15.428	25.7078
15.4291	25.7478
15.4304	25.7878
15.4314	25.8278
15.4326	25.8678
15.4337	25.9078
15.4349	25.9478
15.436	25.9878
15.4372	26.0278
15.4383	26.0663
15.4395	26.1047
15.4407	26.1432
15.4417	26.1817
15.4429	26.2201
15.444	26.2586
15.4688	26.2971
15.4694	26.3355
15.4702	26.374
15.4709	26.4124
15.4718	26.4509
15.4729	26.4894
15.4741	26.5278
15.4753	26.5663
15.4764	26.6047
15.4775	26.6432
15.4789	26.6817
15.4798	26.7201
15.481	26.7586
15.4821	26.7971
15.4833	26.8355
15.4844	26.874
15.4857	26.9124
15.4867	26.9509
15.4879	26.9894
15.489	27.0278
15.4901	27.0649
15.4913	27.1019
15.4924	27.1389
15.4936	27.176
15.4947	27.213
15.4959	27.25
15.5123	27.2871
15.5139	27.3241
15.5146	27.3612
15.5158	27.3982
15.5169	27.4352
15.518	27.4723
15.5192	27.5093
15.5203	27.5463
15.5214	27.5834
15.5227	27.6204
15.5237	27.6574
15.5249	27.6945
15.526	27.7315
15.5271	27.7686
15.5283	27.8056
15.5295	27.8426
15.5306	27.8797
15.5321	27.9167
15.5331	27.9537
15.5342	27.9908
15.5354	28.0278
15.5372	28.0635
15.5381	28.0992
15.5388	28.135
15.5399	28.1707
15.5411	28.2064
15.5422	28.2421
15.5609	28.2778
15.562	28.3135
15.5634	28.3492
15.5643	28.385
15.5655	28.4207
15.5668	28.4564
15.5679	28.4921
15.569	28.5278
15.5701	28.5635
15.5712	28.5992
15.5723	28.635
15.5735	28.6707
15.5747	28.7064
15.5757	28.7421
15.5769	28.7778
15.578	28.8135
15.5792	28.8492
15.5813	28.885
15.582	28.9207
15.5832	28.9564
15.5844	28.9921
15.5855	29.0278
15.5866	29.0623
15.5877	29.0968
15.5889	29.1313
15.59	29.1658
15.5914	29.2002
15.5924	29.2347
15.6109	29.2692
15.612	29.3037
15.6133	29.3382
15.6144	29.3726
15.6155	29.4071
15.6166	29.4416
15.6178	29.4761
15.619	29.5106
15.6201	29.5451
15.6212	29.5795
15.6224	29.614
15.6235	29.6485
15.6253	29.683
15.6266	29.7175
15.6274	29.752
15.6285	29.7864
15.6296	29.8209
15.631	29.8554
15.6322	29.8899
15.6332	29.9244
15.6343	29.9589
15.6355	29.9933
15.6367	30.0278
15.638	30.0612
15.6389	30.0945
15.64	30.1278
15.6413	30.1612
15.6423	30.1945
15.6442	30.2278
15.6642	30.2612
15.6653	30.2945
15.6665	30.3278
15.6676	30.3612
15.6689	30.3945
15.6708	30.4278
15.6715	30.4612
15.6722	30.4945
15.6733	30.5278
15.6745	30.5612
15.6757	30.5945
15.6768	30.6278
15.678	30.6612
15.6791	30.6945
15.6805	30.7278
15.6816	30.7612
15.6825	30.7945
15.6837	30.8278
15.6849	30.8612
15.6861	30.8945
15.6872	30.9278
15.6883	30.9612
15.6894	30.9945
15.6908	31.0278
15.6917	31.0601
15.6928	31.0923
15.694	31.1246
15.6951	31.1569
15.6964	31.1891
15.6976	31.2214
15.7194	31.2536
15.7212	31.2859
15.7223	31.3181
15.7235	31.3504
15.7258	31.3827
15.7263	31.4149
15.727	31.4472
15.7281	31.4794
15.7293	31.5117
15.7304	31.5439
15.7316	31.5762
15.7327	31.6085
15.7338	31.6407
15.735	31.673
15.7362	31.7052
15.7372	31.7375
15.7384	31.7698
15.7396	31.802
15.7407	31.8343
15.7419	31.8665
15.7435	31.8988
15.7448	31.931
15.7462	31.9633
15.7474	31.9956
15.7485	32.0278
15.7496	32.0591
15.7509	32.0903
15.7519	32.1216
15.7533	32.1528
15.7544	32.1841
15.7555	32.2153
15.7773	32.2466
15.7784	32.2778
15.7796	32.3091
15.7808	32.3403
15.7819	32.3716
15.783	32.4028
15.7842	32.4341
15.7853	32.4653
15.7865	32.4966
15.7877	32.5278
15.7888	32.5591
15.79	32.5903
15.7911	32.6216
15.7923	32.6528
15.7934	16.3264
15.7953	16.3889
15.796	16.4514
15.7969	16.5139
15.798	16.5764
15.7992	16.6389
15.8003	16.7014
15.8014	16.7639
15.8025	16.8264
15.8037	16.8889
15.8049	16.9514
15.8061	17.0139
15.8071	17.0727
15.8083	17.1316
15.8098	17.1904
15.8112	17.2492
15.8127	17.308
15.8136	17.3669
15.8392	17.4257
15.8405	17.4845
15.8415	17.5433
15.8426	17.6021
15.8437	17.661
15.845	17.7198
15.8463	17.7786
15.8484	17.8374
15.8496	17.8963
15.8506	17.9551
15.8518	18.0139
15.853	18.0695
15.8541	18.125
15.8556	18.1806
15.8567	18.2361
15.8579	18.2917
15.8819	18.3472
15.883	18.4028
15.8842	18.4584
15.8853	18.5139
15.8865	18.5695
15.8877	18.625
15.8889	18.6806
15.8901	18.7361
15.891	18.7917
15.8923	18.8472
15.8934	18.9028
15.8946	18.9584
15.8959	19.0139
15.8968	19.0665
15.8983	19.1192
15.8994	19.1718
15.9006	19.2244
15.9017	19.2771
15.9273	19.3297
15.9284	19.3823
15.93	19.435
15.9309	19.4876
15.9321	19.5402
15.9332	19.5929
15.9344	19.6455
15.9356	19.6981
15.9367	19.7508
15.9378	19.8034
15.939	19.856
15.9402	19.9086
15.9413	19.9613
15.9424	20.0139
15.9439	20.0639
15.945	20.1139
15.9462	20.1639
15.9473	20.2139
15.9486	20.2639
15.9755	20.3139
15.9766	20.3639
15.9778	20.4139
15.9789	20.4639
15.9801	20.5139
15.9812	20.5639
15.9823	20.6139
15.9835	20.6639
15.9847	20.7139
15.986	20.7639
15.987	20.8139
15.9881	20.8639
15.9892	20.9139
15.9907	20.9639
15.9919	21.0139
15.9931	21.0615
15.9942	21.1091
15.9954	21.1568
15.9965	21.2044
15.9977	21.252
16.0286	21.2996
16.0297	21.3472
16.0309	21.3949
16.032	21.4425
16.0331	21.4901
16.0343	21.5377
16.0354	21.5853
16.0367	21.633
16.0379	21.6806
16.0389	21.7282
16.04	21.7758
16.0412	21.8234
16.0436	21.8711
16.0443	21.9187
16.0451	21.9663
16.046	22.0139
16.0474	22.0594
16.0484	22.1048
16.0495	22.1503
16.0507	22.1957
16.0518	22.2412
16.0806	22.2866
16.0817	22.3321
16.083	22.3775
16.084	22.423
16.0853	22.4685
16.0867	22.5139
16.0874	22.5594
16.0886	22.6048
16.0897	22.6503
16.0908	22.6957
16.0919	22.7412
16.0934	22.7866
16.0946	22.8321
16.0957	22.8775
16.097	22.923
16.0981	22.9685
16.0992	23.0139
16.1004	23.0574
16.1016	23.1009
16.1027	23.1443
16.1038	23.1878
16.105	23.2313
16.1348	23.2748
16.1359	23.3183
16.137	23.3617
16.1382	23.4052
16.1398	23.4487
16.1405	23.4922
16.1417	23.5356
16.1428	23.5791
16.144	23.6226
16.1451	23.6661
16.1465	23.7096
16.1476	11.8548
16.1488	11.9457
16.15	12.0366
16.1512	12.1199
16.1523	12.2033
16.1535	12.2866
16.1546	12.3699
16.1558	12.4533
16.1569	12.5366
16.158	12.6199
16.1592	12.7033
16.1604	12.7866
16.1918	12.8699
16.193	12.9533
16.1941	13.0366
16.1952	13.1135
16.1963	13.1904
16.1975	13.2674
16.1986	13.3443
16.1999	13.4212
16.201	13.4981
16.2023	13.5751
16.2034	13.652
16.2048	13.7289
16.2369	13.8058
16.238	13.8828
16.2393	13.9597
16.2407	14.0366
16.2415	14.108
16.2426	14.1795
16.2438	14.2509
16.2451	14.3223
16.2461	14.3937
16.2474	14.4652
16.2485	14.5366
16.2498	14.608
16.2528	14.6795
16.288	14.7509
16.2892	14.8223
16.2902	14.8937
16.2913	14.9652
16.2926	15.0366
16.2937	15.1033
16.2948	15.1699
16.296	15.2366
16.2971	15.3033
16.2985	15.3699
16.2995	15.4366
16.3009	15.5033
16.302	15.5699
16.3031	15.6366
16.3377	15.7033
16.3386	15.7699
16.3397	15.8366
16.3409	15.9033
16.342	15.9699
16.3436	16.0366
16.3444	16.0991
16.3454	16.1616
16.3466	16.2241
16.3479	16.2866
16.349	16.3491
16.3503	16.4116
16.3514	16.4741
16.3526	16.5366
16.3538	16.5991
16.3892	16.6616
16.3904	16.7241
16.3915	16.7866
16.3927	16.8491
16.3938	16.9116
16.395	16.9741
16.3961	17.0366
16.3972	17.0954
16.3984	17.1542
16.3997	17.2131
16.4008	17.2719
16.4022	17.3307
16.4033	17.3895
16.4044	17.4484
16.4055	17.5072
16.4067	17.566
16.4434	17.6248
16.4445	17.6837
16.4456	17.7425
16.4468	17.8013
16.4479	17.8601
16.4491	17.919
16.4504	17.9778
16.4515	18.0366
16.4525	18.0922
16.4538	18.1477
16.4549	18.2033
16.4563	18.2588
16.4573	18.3144
16.4585	18.3699
16.4596	18.4255
16.4607	18.481
16.4619	18.5366
16.4997	18.5922
16.501	18.6477
16.5021	18.7033
16.5032	18.7588
16.5044	18.8144
16.5054	18.8699
16.5066	18.9255
16.5078	18.981
16.5089	19.0366
16.5103	19.0892
16.5114	19.1419
16.5127	19.1945
16.5138	19.2471
16.515	19.2998
16.516	19.3524
16.5175	19.405
16.5185	19.4577
16.5195	19.5103
16.5585	19.5629
16.5596	19.6155
16.5607	19.6682
16.5619	19.7208
16.5631	19.7734
16.5642	19.8261
16.5653	19.8787
16.5665	19.9313
16.5679	19.984
16.569	20.0366
16.5701	20.0866
16.5714	20.1366
16.5725	20.1866
16.5737	20.2366
16.5748	20.2866
16.5759	20.3366
16.5771	20.3866
16.5782	20.4366
16.5794	20.4866
16.6195	20.5366
16.6207	20.5866
16.6218	20.6366
16.6229	20.6866
16.6241	20.7366
16.6252	20.7866
16.6264	20.8366
16.6277	20.8866
16.629	20.9366
16.6301	20.9866
16.6313	21.0366
16.6326	21.0842
16.6336	21.1318
16.6347	21.1795
16.6359	21.2271
16.637	21.2747
16.6382	21.3223
16.6392	21.3699
16.6405	21.4176
16.642	21.4652
16.684	21.5128
16.6852	21.5604
16.6865	21.608
16.6875	21.6556
16.6904	21.7033
16.6919	21.7509
16.6933	21.7985
16.6945	21.8461
16.6956	21.8937
16.697	21.9414
16.6982	21.989
16.6994	22.0366
16.7006	22.0821
16.7019	22.1275
16.7034	22.173
16.7046	22.2184
16.7058	22.2639
16.7069	22.3093
16.7081	22.3548
16.7092	22.4002
16.7108	22.4457
16.7514	22.4911
16.752	22.5366
16.7537	22.5821
16.7549	11.291
16.7558	11.3819
16.7571	11.4728
16.7582	11.5638
16.7593	11.6547
16.7612	11.7456
16.7623	11.8365
16.7634	11.9274
16.7646	12.0183
16.7661	12.1016
16.7668	12.185
16.7679	12.2683
16.7691	12.3516
16.7702	12.435
16.7714	12.5183
16.7725	12.6016
16.7736	12.685
16.7748	12.7683
16.7761	12.8516
16.7997	12.935
16.8009	13.0183
16.8035	13.0952
16.8045	13.1721
16.8057	13.2491
16.8069	13.326
16.808	13.4029
16.8091	13.4798
16.8113	13.5568
16.8119	13.6337
16.8127	13.7106
16.8368	13.7875
16.8379	13.8645
16.8391	13.9414
16.8415	14.0183
16.8486	14.0897
16.8497	14.1612
16.8509	14.2326
16.852	14.304
16.8531	14.3754
16.8542	14.4469
16.8557	14.5183
16.8575	14.5897
16.8586	14.6612
16.8859	14.7326
16.8871	14.804
16.8927	14.8754
16.9003	14.9469
16.9015	15.0183
16.9049	15.085
16.9061	15.1516
16.9073	15.2183
16.909	15.285
16.9101	15.3516
16.9113	15.4183
16.9124	15.485
16.9135	15.5516
16.9147	15.6183
16.9412	15.685
16.9465	15.7516
16.9533	15.8183
16.9592	15.885
16.9628	15.9516
16.9639	16.0183
16.9649	16.0808
16.9669	16.1433
16.9673	16.2058
16.9684	16.2683
16.9696	16.3308
16.9707	16.3933
16.9718	16.4558
16.973	16.5183
16.9741	16.5808
17.0029	16.6433
17.0087	16.7058
17.0167	16.7683
17.0213	16.8308
17.0235	16.8933
17.0247	16.9558
17.0258	17.0183
17.0269	17.0771
17.0281	17.1359
17.0293	17.1948
17.0305	17.2536
17.0316	17.3124
17.0327	17.3712
17.0338	17.4301
17.035	17.4889
17.0361	17.5477
17.0651	17.6065
17.0663	17.6654
17.0743	17.7242
17.0777	17.783
17.079	17.8418
17.08	17.9007
17.0812	17.9595
17.0824	18.0183
17.0834	18.0739
17.0846	18.1294
17.0857	18.185
17.0869	18.2405
17.088	18.2961
17.0892	18.3516
17.0903	18.4072
17.0915	18.4627
17.0926	18.5183
17.1236	18.5739
17.1247	18.6294
17.1262	18.685
17.1274	18.7405
17.1285	18.7961
17.1296	18.8516
17.1307	18.9072
17.132	18.9627
17.133	19.0183
17.1342	19.0709
17.1353	19.1236
17.1365	19.1762
17.1377	19.2288
17.1388	19.2815
17.14	19.3341
17.1411	19.3867
17.1422	19.4394
17.1433	19.492
17.1745	19.5446
17.1781	19.5972
17.1792	19.6499
17.1804	19.7025
17.1816	19.7551
17.1828	19.8078
17.1838	19.8604
17.1849	19.913
17.1861	19.9657
17.1873	20.0183
17.1884	20.0683
17.1896	20.1183
17.1909	20.1683
17.1931	20.2183
17.1938	20.2683
17.1946	20.3183
17.1958	20.3683
17.1965	20.4183
17.1975	20.4683
17.2299	20.5183
17.231	20.5683
17.2322	20.6183
17.2334	20.6683
17.2348	20.7183
17.2371	20.7683
17.2391	20.8183
17.2397	20.8683
17.2404	20.9183
17.2416	20.9683
17.243	21.0183
17.2437	21.0659
17.2447	21.1135
17.2459	21.1612
17.247	21.2088
17.2481	21.2564
17.2493	21.304
17.2505	21.3516
17.2516	21.3993
17.2528	21.4469
17.287	21.4945
17.2874	21.5421
17.2885	21.5897
17.2896	21.6373
17.2913	21.685
17.2923	21.7326
17.2933	21.7802
17.2944	21.8278
17.2956	21.8754
17.2967	21.9231
17.2978	21.9707
17.2991	22.0183
17.3002	22.0638
17.3014	22.1092
17.3025	22.1547
17.3036	22.2001
17.3048	22.2456
17.3059	22.291
17.307	22.3365
17.3081	22.3819
17.3093	22.4274
17.3451	22.4728
17.3457	22.5183
17.3464	22.5638
17.3475	22.6092
17.3487	22.6547
17.3501	22.7001
17.3511	22.7456
17.3523	22.791
17.3534	22.8365
17.3555	22.8819
17.3561	22.9274
17.3568	22.9728
17.3579	23.0183
17.3591	23.0618
17.3603	23.1053
17.3614	23.1487
17.3625	23.1922
17.3636	23.2357
17.3648	23.2792
17.3667	23.3226
17.367	23.3661
17.3682	23.4096
17.4047	23.4531
17.4058	23.4966
17.407	23.54
17.4081	23.5835
17.4093	23.627
17.4105	23.6705
17.4118	23.714
17.4127	23.7574
17.4139	23.8009
17.415	23.8444
17.4162	23.8879
17.4173	23.9313
17.4185	23.9748
17.4196	24.0183
17.4207	24.06
17.4218	24.1016
17.423	24.1433
17.4242	24.185
17.4253	24.2266
17.4265	24.2683
17.4277	24.31
17.4287	24.3516
17.4299	24.3933
17.4677	24.435
17.4688	24.4766
17.4699	24.5183
17.4711	24.56
17.4722	24.6016
17.4734	24.6433
17.4745	24.685
17.4756	24.7266
17.4768	24.7683
17.478	24.81
17.479	24.8516
17.4802	24.8933
17.4815	24.935
17.4828	24.9766
17.4836	25.0183
17.4847	25.0583
17.4859	25.0983
17.4871	25.1383
17.4882	25.1783
17.4894	25.2183
17.4905	25.2583
17.4925	25.2983
17.4933	25.3383
17.4942	25.3783
17.5323	25.4183
17.5332	25.4583
17.5343	25.4983
17.5355	25.5383
17.5366	25.5783
17.5382	25.6183
17.5389	25.6583
17.5401	25.6983
17.5413	25.7383
17.5424	25.7783
17.5436	25.8183
17.5447	25.8583
17.5458	25.8983
17.5471	25.9383
17.5484	25.9783
17.5495	26.0183
17.5505	26.0568
17.5508	26.0952
