time	cwndsize
0.300461	11
0.306754	12
0.307976	13
0.309335	14
0.310702	15
0.311351	16
0.314785	17
0.317709	18
0.318245	19
0.319649	20
0.378803	21
0.380846	22
0.40168	23
0.402174	24
0.405729	25
0.40639	26
0.414551	27
0.416065	28
0.423409	29
0.424083	30
0.431247	31
0.431839	32
0.437237	33
0.437937	34
0.439987	35
0.4414	36
0.443099	37
0.444019	38
0.446468	39
0.446803	40
0.552856	41
0.553486	42
0.556342	43
0.568014	44
0.568728	45
0.570986	46
0.572076	47
0.573562	48
0.585914	49
0.586731	50
0.596992	51
0.598978	52
0.599663	53
0.602436	54
0.607268	55
0.60936	56
0.616851	57
0.622401	58
0.624481	59
0.627294	60
0.627888	61
0.629381	62
0.631333	63
0.64369	64
0.644505	65
0.646535	66
0.649172	67
0.649872	68
0.651217	69
0.652665	70
0.654275	71
0.655075	72
0.655477	73
0.657039	74
0.658176	75
0.658696	76
0.659645	77
0.663824	78
0.665175	79
0.76576	80
0.767088	81
0.769044	82
0.771089	83
0.773193	84
0.775934	85
0.776625	86
0.779399	87
0.794493	88
0.795149	89
0.798174	90
0.799551	91
0.800141	92
0.800703	93
0.80137	94
0.803431	95
0.80633	96
0.811749	97
0.813444	98
0.815392	99
0.817402	100
0.820013	101
0.821604	102
0.823491	103
0.826954	104
0.829089	105
0.830361	106
0.835326	107
0.836048	108
0.83799	109
0.838749	110
0.839485	111
0.840221	112
0.841161	113
0.843065	114
0.843752	115
0.84441	116
0.845765	117
0.848593	118
0.849217	119
0.849892	59.5
0.850564	59.5169
0.852021	59.5339
0.853897	59.5508
0.854673	59.5678
0.856848	59.5847
0.858094	59.6017
0.859481	59.6186
0.860896	59.6356
0.861822	59.6525
0.862311	59.6695
0.866411	59.6864
0.867775	59.7034
0.86847	59.7203
0.869161	59.7373
0.870066	59.7542
0.870713	59.7712
0.871343	59.7881
0.873427	59.8051
0.875499	59.822
0.876902	59.839
0.882442	59.8559
0.883141	59.8729
0.883778	59.8898
0.885467	59.9068
0.886643	59.9237
0.887342	59.9407
0.888164	59.9576
0.888802	59.9746
0.889392	59.9915
0.890099	60.0085
0.890852	60.0251
0.89937	60.0418
0.928875	60.0585
0.930128	60.0751
1.06081	60.0918
1.0628	60.1085
1.06561	60.1251
1.06834	60.1418
1.06906	60.1585
1.07028	60.1751
1.07114	60.1918
1.07175	60.2085
1.07241	60.2251
1.07385	60.2418
1.07592	60.2585
1.07716	60.2751
1.07871	60.2918
1.07992	60.3085
1.0814	60.3251
1.0821	60.3418
1.08266	60.3585
1.08405	60.3751
1.08778	60.3918
1.08818	60.4085
1.09113	60.4251
1.09235	60.4418
1.10144	60.4585
1.10283	60.4751
1.10703	60.4918
1.10826	60.5085
1.1093	60.5251
1.11034	60.5418
1.11243	60.5585
1.11308	60.5751
1.11382	60.5918
1.1144	60.6085
1.11654	60.6251
1.11716	60.6418
1.11854	60.6585
1.12007	60.6751
1.12219	60.6918
1.12265	60.7085
1.12534	60.7251
1.12673	60.7418
1.12746	60.7585
1.1281	60.7751
1.12892	60.7918
1.13253	60.8085
1.1352	60.8251
1.13579	60.8418
1.13645	60.8585
1.13702	60.8751
1.13781	60.8918
1.13853	60.9085
1.13985	60.9251
1.14116	60.9418
1.14276	60.9585
1.14324	60.9751
1.14405	60.9918
1.14464	61.0085
1.14536	61.0249
1.14611	61.0413
1.14667	61.0577
1.14737	61.074
1.14824	61.0904
1.1501	61.1068
1.15079	61.1232
1.15155	61.1396
1.15213	61.156
1.15719	61.1724
1.15843	61.1888
1.15972	61.2052
1.16109	61.2216
1.22394	61.238
1.22731	61.2544
1.22933	61.2708
1.23075	61.2872
1.23208	61.3036
1.23487	61.3199
1.23691	61.3363
1.23835	61.3527
1.23901	61.3691
1.2424	61.3855
1.24449	61.4019
1.24805	61.4183
1.24991	61.4347
1.25275	61.4511
1.2575	61.4675
1.25951	61.4839
1.26434	61.5003
1.26935	61.5167
1.27201	61.5331
1.27487	61.5495
1.27669	61.5659
1.28496	61.5822
1.28978	61.5986
1.29048	61.615
1.29195	61.6314
1.29399	61.6478
1.29609	61.6642
1.29733	61.6806
1.29943	61.697
1.30157	61.7134
1.30427	61.7298
1.30623	61.7462
1.30897	61.7626
1.3106	61.779
1.31114	61.7954
1.31249	61.8118
1.31381	61.8281
1.31547	61.8445
1.31686	61.8609
1.31797	61.8773
1.32291	61.8937
1.32409	30.9469
1.34133	30.9802
1.34342	31.0135
1.34495	31.0458
1.34771	31.078
1.34895	31.1103
1.35031	31.1426
1.35105	31.1748
1.37475	31.2071
1.37492	31.2393
1.37614	31.2716
1.37751	31.3038
1.3789	31.3361
1.38006	31.3684
1.38072	31.4006
1.3822	31.4329
1.38282	31.4651
1.385	31.4974
1.38637	31.5297
1.38773	31.5619
1.39965	31.5942
1.40033	31.6264
1.40098	31.6587
1.40171	31.6909
1.40313	31.7232
1.40382	31.7555
1.40574	31.7877
1.44229	31.82
1.4968	31.8522
1.49746	31.8845
1.50359	31.9168
1.50426	31.949
1.50592	31.9813
1.50707	32.0135
1.50834	32.0448
1.51528	32.076
1.51589	32.1073
1.51938	32.1385
1.52087	32.1698
1.52162	32.201
1.52209	32.2323
1.52377	32.2635
1.52413	32.2948
1.52554	32.326
1.52716	32.3573
1.52839	32.3885
1.52903	32.4198
1.53053	32.451
1.53175	32.4823
1.54684	32.5135
1.5806	32.5448
1.58143	32.576
1.58338	32.6073
1.58547	32.6385
1.5902	32.6698
1.59165	32.701
1.59236	32.7323
1.59295	32.7635
1.6008	32.7948
1.60133	32.826
1.60613	32.8573
1.60671	32.8885
1.60812	32.9198
1.60878	32.951
1.6095	16.4755
1.61026	16.538
1.61099	16.6005
1.61284	16.663
1.61441	16.7255
1.61497	16.788
1.67015	16.8505
1.67151	16.913
1.67246	16.9755
1.67366	17.038
1.67424	17.0968
1.67576	17.1557
1.67848	17.2145
1.67934	17.2733
1.68062	17.3321
1.68125	17.391
1.68214	17.4498
1.68407	17.5086
1.68439	17.5674
1.68449	17.6262
1.6846	17.6851
1.68602	17.7439
1.71027	17.8027
1.7111	17.8615
1.71251	17.9204
1.76422	8.96018
1.7655	9.08518
1.76631	9.19629
1.76714	9.30741
1.76764	9.41852
1.76849	9.52963
1.76898	9.64074
1.77029	9.75185
1.77178	9.86296
1.78424	9.97407
1.78614	10.0852
1.79384	10.1852
1.79879	10.2852
1.80002	10.3852
1.80081	10.4852
1.80825	10.5852
1.81101	10.6852
1.8117	10.7852
1.81317	10.8852
1.81799	10.9852
1.82348	11.0852
1.82422	11.1761
1.82475	11.267
1.82544	11.3579
1.82616	11.4488
1.8297	11.5397
1.83043	11.6306
1.83174	11.7215
1.83314	11.8125
1.83382	11.9034
1.83449	11.9943
1.83508	12.0852
1.83582	12.1685
1.83655	12.2518
1.83786	12.3352
1.9328	12.4185
1.93368	12.5018
1.94357	12.5852
1.94414	12.6685
1.94571	12.7518
1.94742	12.8352
1.94877	12.9185
1.95141	13.0018
1.95639	13.0788
1.96108	13.1557
1.96179	13.2326
1.96244	13.3095
1.97067	13.3865
1.97371	13.4634
1.97587	13.5403
1.97843	13.6172
1.97897	13.6942
1.98049	13.7711
1.98111	13.848
1.98309	13.9249
1.98542	14.0018
1.98816	14.0733
1.99017	14.1447
1.99097	14.2161
1.99342	14.2876
1.9961	14.359
1.99883	14.4304
1.99953	14.5018
2.00169	14.5733
2.00434	14.6447
2.00795	14.7161
2.0086	14.7876
2.01263	14.859
2.02153	14.9304
2.02785	15.0018
2.02995	15.0685
2.03065	15.1352
2.07401	15.2018
2.07493	15.2685
2.07559	15.3352
2.12041	15.4018
2.12304	15.4685
2.1251	15.5352
2.12804	7.76759
2.12859	7.91045
2.13002	8.05331
2.1328	8.17831
2.13408	8.30331
2.13478	8.42831
2.13546	8.55331
2.13849	8.67831
2.14198	8.80331
2.14243	8.92831
2.14541	9.05331
2.14717	9.16442
2.16165	9.27553
2.16439	9.38664
2.16578	9.49775
2.16923	9.60886
2.17414	9.71997
2.17618	9.83108
2.17956	9.94219
2.1803	10.0533
2.18302	10.1533
2.18896	10.2533
2.19048	10.3533
2.19086	10.4533
2.19206	10.5533
2.19964	10.6533
2.20295	10.7533
2.20726	10.8533
2.20789	5.42665
2.21195	5.62665
2.22431	5.82665
2.22577	6.02665
2.23326	6.19332
2.24715	6.35999
2.259	6.52665
2.26464	6.69332
2.26625	6.85999
2.26781	7.02665
2.2692	7.16951
2.27693	7.31237
2.28191	7.45522
2.28865	7.59808
2.29	7.74094
2.29275	7.8838
2.29347	8.02665
2.29557	8.15165
2.30492	8.27665
2.31037	8.40165
2.31802	8.52665
2.31933	8.65165
2.32005	8.77665
2.32068	8.90165
2.32136	9.02665
2.32218	9.13776
2.32651	9.24888
2.32923	9.35999
2.3352	9.4711
2.33799	9.58221
2.34352	9.69332
2.35193	9.80443
2.35256	9.91554
2.35327	10.0267
2.35563	10.1267
2.35599	10.2267
2.35671	10.3267
2.359	10.4267
2.37252	10.5267
2.37275	10.6267
2.37344	10.7267
2.37404	10.8267
2.37485	10.9267
2.37898	11.0267
2.38022	11.1176
2.3812	11.2085
2.38229	11.2994
2.40515	11.3903
2.40582	11.4812
2.40644	11.5721
2.40801	11.663
2.40912	11.7539
2.40955	11.8448
2.41326	11.9357
2.41397	12.0267
2.41601	12.11
2.41887	12.1933
2.42096	12.2767
2.42171	12.36
2.42296	6.17999
2.42379	6.34666
2.4245	6.51333
2.42641	6.67999
2.42794	6.84666
2.42924	7.01333
2.43063	7.15618
2.43202	7.29904
2.43408	7.4419
2.4383	7.58476
2.43888	7.72761
2.43967	7.87047
2.44312	8.01333
2.45487	8.13833
2.4589	8.26333
2.47151	8.38833
2.4728	8.51333
2.47404	8.63833
2.4811	8.76333
2.4839	8.88833
2.48585	9.01333
2.48795	9.12444
2.49217	9.23555
2.49682	9.34666
2.50569	9.45777
2.50864	9.56888
2.51204	9.67999
2.51403	9.7911
2.51616	9.90222
2.51829	10.0133
2.52022	10.1133
2.52312	10.2133
2.52445	10.3133
2.52522	10.4133
2.52937	10.5133
2.53066	10.6133
2.54164	10.7133
2.54575	10.8133
2.54779	10.9133
2.56309	11.0133
2.56666	11.1042
2.57217	11.1951
2.57484	11.2861
2.57544	11.377
2.5784	11.4679
2.57845	11.5588
2.5803	11.6497
2.58302	11.7406
2.58818	11.8315
2.59465	11.9224
2.59679	12.0133
2.59736	12.0967
2.59806	12.18
2.59875	12.2633
2.6102	12.3467
2.6121	12.43
2.6155	12.5133
2.62032	12.5967
2.63337	12.68
2.63684	12.7633
2.6396	12.8467
2.64021	12.93
2.64587	13.0133
2.6478	13.0902
2.65951	13.1672
2.66114	13.2441
2.66509	13.321
2.67003	13.3979
2.67339	13.4749
2.67475	13.5518
2.70013	13.6287
2.70632	13.7056
2.70687	13.7826
2.7107	13.8595
2.71978	6.92974
2.72128	7.09641
2.72541	7.23926
2.72668	7.38212
2.72751	7.52498
2.73162	7.66784
2.73224	7.81069
2.7437	7.95355
2.75337	8.09641
2.75473	8.22141
2.76923	8.34641
2.77123	8.47141
2.77472	8.59641
2.7761	8.72141
2.78714	8.84641
2.78785	8.97141
2.78854	9.09641
2.78931	9.20752
2.78995	9.31863
2.7934	9.42974
2.79482	9.54085
2.80516	9.65196
2.80742	9.76307
2.80786	9.87418
2.80866	9.9853
2.80943	10.0964
2.81675	10.1964
2.81744	10.2964
2.81915	10.3964
2.82323	10.4964
2.82462	10.5964
2.82863	10.6964
2.83574	10.7964
2.83869	10.8964
2.8463	10.9964
2.85496	11.0964
2.85836	11.1873
2.87022	11.2782
2.87188	11.3691
2.8725	11.46
2.873	11.551
2.87441	11.6419
2.87649	11.7328
2.87795	11.8237
2.88965	11.9146
2.90546	12.0055
2.90871	12.0888
2.90893	12.1722
2.91045	12.2555
2.91169	12.3388
2.91375	12.4222
2.91513	12.5055
2.92138	12.5888
2.92339	12.6722
2.92825	12.7555
2.94196	12.8388
2.94264	12.9222
2.94677	13.0055
2.9482	13.0824
2.94965	13.1593
2.95032	13.2363
2.9509	13.3132
2.95231	13.3901
2.95508	13.467
2.95854	13.544
2.9784	13.6209
2.99416	13.6978
2.99695	13.7747
2.99821	13.8517
2.99963	13.9286
3.00097	14.0055
3.00317	14.0769
3.00589	14.1484
3.00625	14.2198
3.00671	14.2912
3.01163	14.3626
3.0121	14.4341
3.01436	14.5055
3.0176	14.5769
3.02101	7.28846
3.02426	7.43132
3.02519	7.57418
3.04205	7.71703
3.04244	7.85989
3.04321	8.00275
3.04663	8.12775
3.04936	8.25275
3.06019	8.37775
3.07543	8.50275
3.07605	8.62775
3.08035	8.75275
3.08096	8.87775
3.08234	9.00275
3.08434	9.11386
3.08604	9.22497
3.09399	9.33608
3.11006	9.44719
3.11074	9.5583
3.11413	9.66942
3.11486	9.78053
3.11641	9.89164
3.11711	10.0027
3.11751	10.1027
3.11826	10.2027
3.12875	10.3027
3.14537	10.4027
3.1467	10.5027
3.14966	10.6027
3.15078	10.7027
3.15363	10.8027
3.15433	10.9027
3.16193	11.0027
3.16268	11.0937
3.16319	11.1846
3.16603	11.2755
3.17692	11.3664
3.17758	11.4573
3.17848	11.5482
3.17922	11.6391
3.17953	11.73
3.18049	11.8209
3.1912	11.9118
3.19258	12.0027
3.19386	12.0861
3.19521	12.1694
3.19958	12.2527
3.20999	12.3361
3.21041	12.4194
3.21079	12.5027
3.21198	12.5861
3.21339	12.6694
3.22109	12.7527
3.2232	12.8361
3.22995	12.9194
3.23085	13.0027
3.23917	13.0797
3.24105	13.1566
3.24311	13.2335
3.24676	13.3104
3.25068	13.3874
3.25343	13.4643
3.2569	13.5412
3.2577	13.6181
3.25839	13.6951
3.26794	13.772
3.27271	13.8489
3.27824	13.9258
3.27906	14.0027
3.27972	14.0742
3.28048	14.1456
3.2811	14.217
3.29144	14.2885
3.29272	14.3599
3.29616	14.4313
3.29894	14.5027
3.29969	14.5742
3.30045	14.6456
3.30113	14.717
3.31285	14.7885
3.31376	14.8599
3.31568	14.9313
3.31835	15.0027
3.31918	15.0694
3.32122	15.1361
3.32278	15.2027
3.32331	15.2694
3.33086	15.3361
3.33302	15.4027
3.33435	15.4694
3.34153	15.5361
3.3421	15.6027
3.35359	15.6694
3.3543	15.7361
3.37714	15.8027
3.37855	15.8694
3.38073	15.9361
3.3821	16.0027
3.38275	16.0652
3.38404	16.1277
3.3861	16.1902
3.3896	16.2527
3.39381	16.3152
3.39572	8.15762
3.39723	8.28262
3.40334	8.40762
3.409	8.53262
3.41764	8.65762
3.42043	8.78262
3.44869	8.90762
3.45065	9.03262
3.4527	9.14374
3.45398	9.25485
3.45531	9.36596
3.45753	9.47707
3.45877	9.58818
3.45951	9.69929
3.46366	9.8104
3.47284	9.92151
3.477	10.0326
3.48048	10.1326
3.49359	10.2326
3.49767	10.3326
3.50883	10.4326
3.51759	10.5326
3.51837	10.6326
3.52027	10.7326
3.52255	10.8326
3.52406	10.9326
3.52505	11.0326
3.52695	11.1235
3.52888	11.2144
3.53039	11.3054
3.53437	11.3963
3.54209	11.4872
3.54284	11.5781
3.54614	11.669
3.5496	11.7599
3.55181	11.8508
3.55857	11.9417
3.56554	12.0326
3.56822	12.116
3.57028	12.1993
3.5717	12.2826
3.57863	12.366
3.58267	12.4493
3.58406	12.5326
3.59793	12.616
3.6034	12.6993
3.60479	12.7826
3.60789	12.866
3.61376	12.9493
3.61541	13.0326
3.62029	13.1095
3.62097	13.1865
3.62245	13.2634
3.6293	13.3403
3.63209	13.4172
3.63903	13.4942
3.64234	13.5711
3.64303	13.648
3.65179	13.7249
3.67104	13.8019
3.67437	13.8788
3.68073	13.9557
3.68134	14.0326
3.68202	14.1041
3.68333	14.1755
3.68482	14.2469
3.68689	14.3183
3.69464	14.3898
3.6958	14.4612
3.69722	14.5326
3.70343	14.6041
3.71877	14.6755
3.72084	14.7469
3.72392	14.8183
3.72465	14.8898
3.72599	14.9612
3.72666	15.0326
3.72829	15.0993
3.72833	15.166
3.72961	15.2326
3.73732	15.2993
3.74005	15.366
3.74622	15.4326
3.7496	15.4993
3.75867	15.566
3.76002	15.6326
3.76228	15.6993
3.76344	15.766
3.76553	15.8326
3.76618	15.8993
3.7704	15.966
3.77378	16.0326
3.7758	16.0951
3.77957	8.04756
3.78223	8.17256
3.7907	8.29756
3.79154	8.42256
3.79227	8.54756
3.79556	8.67256
3.81077	8.79756
3.81148	8.92256
3.81307	9.04756
3.81421	9.15867
3.81698	9.26978
3.81839	9.3809
3.82526	9.49201
3.82676	9.60312
3.83079	9.71423
3.8443	9.82534
3.84697	9.93645
3.84967	10.0476
3.85108	10.1476
3.85319	10.2476
3.85603	10.3476
3.86482	10.4476
3.87587	10.5476
3.87802	10.6476
3.88855	10.7476
3.89063	10.8476
3.89286	10.9476
3.89696	11.0476
3.8989	11.1385
3.90166	5.56924
3.9079	5.76924
3.90873	5.96924
3.93444	6.16924
3.93866	6.3359
3.9529	6.50257
3.95767	6.66924
3.96106	6.8359
3.96327	7.00257
3.97279	7.14543
3.9763	7.28828
3.99193	7.43114
3.99596	7.574
3.9995	7.71685
4.00354	7.85971
4.00762	8.00257
4.01237	8.12757
4.01564	8.25257
4.02463	8.37757
4.0274	8.50257
4.0315	8.62757
4.0343	8.75257
4.0361	8.87757
4.04767	9.00257
4.05534	9.11368
4.05673	9.22479
4.0589	9.3359
4.06217	9.44701
4.07545	9.55812
4.07616	9.66924
4.07742	9.78035
4.07948	9.89146
4.08157	10.0026
4.08448	10.1026
4.08633	10.2026
4.08775	10.3026
4.09063	10.4026
4.09761	10.5026
4.09887	10.6026
4.10019	10.7026
4.12024	10.8026
4.12164	10.9026
4.12381	11.0026
4.13113	11.0935
4.13199	11.1844
4.13748	11.2753
4.14035	11.3662
4.14187	11.4571
4.14264	11.548
4.1441	11.6389
4.14771	11.7298
4.14838	11.8208
4.1532	11.9117
4.16619	12.0026
4.16974	12.0859
4.17184	12.1692
4.17308	12.2526
4.17459	12.3359
4.17584	12.4192
4.17999	12.5026
4.18157	12.5859
4.18348	12.6692
4.18418	12.7526
4.18826	12.8359
4.19394	12.9192
4.19474	13.0026
4.20448	13.0795
4.20457	13.1564
4.20714	13.2333
4.2078	13.3103
4.21077	13.3872
4.21757	13.4641
4.22325	13.541
4.23226	13.618
4.23289	13.6949
4.23416	13.7718
4.23507	13.8487
4.2364	13.9256
4.24269	14.0026
4.24778	14.074
4.24863	14.1454
4.25542	14.2169
4.25738	14.2883
4.25941	14.3597
4.26441	14.4311
4.26504	14.5026
4.27828	14.574
4.28227	14.6454
4.28366	14.7169
4.28578	14.7883
4.28778	14.8597
4.29512	14.9311
4.29589	15.0026
4.29685	15.0692
4.29811	15.1359
4.3079	15.2026
4.32244	15.2692
4.32597	15.3359
4.33352	15.4026
4.33687	15.4692
4.33756	15.5359
4.33832	15.6026
4.34319	15.6692
4.34516	15.7359
4.34608	15.8026
4.34886	15.8692
4.35036	7.93462
4.35384	8.07747
4.35529	8.20247
4.35882	8.32747
4.36081	8.45247
4.37423	8.57747
4.38131	8.70247
4.39788	8.82747
4.40138	8.95247
4.40207	9.07747
4.40342	9.18859
4.40564	9.2997
4.40981	9.41081
4.41978	9.52192
4.43254	9.63303
4.4381	9.74414
4.43874	9.85525
4.4443	9.96636
4.44644	10.0775
4.44911	10.1775
4.45318	10.2775
4.45701	10.3775
4.45836	10.4775
4.47698	10.5775
4.49283	10.6775
4.49872	10.7775
4.50231	10.8775
4.50371	10.9775
4.50726	11.0775
4.51	11.1684
4.51084	11.2593
4.51513	11.3502
4.52258	11.4411
4.52595	11.532
4.5385	11.6229
4.5417	11.7138
4.55141	11.8047
4.55283	11.8957
4.55684	11.9866
4.55956	12.0775
4.56316	12.1608
4.56788	12.2441
4.58124	12.3275
4.5923	12.4108
4.59486	12.4941
4.59694	12.5775
4.60183	12.6608
4.60529	12.7441
4.60796	12.8275
4.6149	12.9108
4.62117	12.9941
4.62238	13.0775
4.62457	13.1544
4.62801	13.2313
4.63707	13.3082
4.64684	13.3852
4.64884	13.4621
4.65156	13.539
4.65646	13.6159
4.65979	13.6929
4.66395	13.7698
4.67094	13.8467
4.67427	13.9236
4.67508	14.0006
4.6758	14.072
4.67717	14.1434
4.68831	14.2148
4.70352	14.2863
4.71187	14.3577
4.71247	14.4291
4.71382	14.5006
4.71532	14.572
4.71583	14.6434
4.72357	14.7148
4.7298	14.7863
4.73238	14.8577
4.73377	14.9291
4.73523	15.0006
4.73655	15.0672
4.73721	15.1339
4.74394	15.2006
4.75722	15.2672
4.76225	15.3339
4.76662	15.4006
4.76862	15.4672
4.76987	15.5339
4.77246	15.6006
4.77535	15.6672
4.77808	15.7339
4.78147	15.8006
4.78497	15.8672
4.78871	15.9339
4.7908	16.0006
4.79214	16.0631
4.79281	16.1256
4.79839	16.1881
4.81227	16.2506
4.81924	16.3131
4.82126	16.3756
4.8235	16.4381
4.8268	16.5006
4.82752	16.5631
4.82899	16.6256
4.82954	16.6881
4.83586	16.7506
4.84385	16.8131
4.84516	16.8756
4.8463	16.9381
4.84802	17.0006
4.85134	17.0594
4.85206	17.1182
4.85899	17.177
4.86514	17.2358
4.88307	17.2947
4.8865	17.3535
4.89012	17.4123
4.89133	17.4711
4.89338	17.53
4.8985	17.5888
4.89894	17.6476
4.90316	17.7064
4.90601	17.7653
4.90737	17.8241
4.90881	17.8829
4.91076	17.9417
4.91223	18.0006
4.9174	18.0561
4.91743	18.1117
4.92689	18.1672
4.9309	18.2228
4.95445	18.2783
4.95466	18.3339
4.95726	18.3894
4.95977	18.445
4.96188	18.5006
4.9682	18.5561
4.96893	18.6117
4.98358	18.6672
4.98432	18.7228
4.98556	18.7783
4.98622	18.8339
4.98691	18.8894
4.99079	18.945
4.99193	19.0006
4.99391	19.0532
4.99526	19.1058
4.9988	19.1584
5.00559	19.2111
5.01475	19.2637
5.01592	9.63185
5.01619	9.74297
5.01632	9.85408
5.01662	9.96519
5.02506	10.0763
5.03668	10.1763
5.04096	10.2763
5.05264	10.3763
5.05268	10.4763
5.05324	10.5763
5.05808	10.6763
5.06106	10.7763
5.06198	10.8763
5.06297	10.9763
5.06437	11.0763
5.07359	11.1672
5.07543	11.2581
5.0804	11.349
5.09566	11.4399
5.10417	11.5308
5.10473	11.6218
5.10848	11.7127
5.11057	11.8036
5.11403	11.8945
5.11947	11.9854
5.12084	12.0763
5.12362	12.1596
5.12438	12.243
5.12502	12.3263
5.12787	12.4096
5.1375	12.493
5.14554	12.5763
5.16045	12.6596
5.16335	12.743
5.16423	12.8263
5.16537	12.9096
5.1669	12.993
5.16768	13.0763
5.16891	13.1532
5.17184	13.2301
5.17298	13.3071
5.17383	13.384
5.17509	13.4609
5.17808	13.5378
5.19134	13.6148
5.19622	13.6917
5.19901	6.84584
5.20115	7.01251
5.20866	7.15537
5.21021	7.29822
5.21352	7.44108
5.21552	7.58394
5.2163	7.72679
5.21705	7.86965
5.22173	8.01251
5.22946	8.13751
5.23365	8.26251
5.23419	8.38751
5.23574	8.51251
5.25357	8.63751
5.25419	8.76251
5.25901	8.88751
5.2597	9.01251
5.27087	9.12362
5.27215	9.23473
5.27277	9.34584
5.27429	9.45695
5.28193	9.56806
5.28403	9.67918
5.28812	9.79029
5.2895	9.9014
5.29009	10.0125
5.30418	10.1125
5.30476	10.2125
5.30548	10.3125
5.30839	10.4125
5.32476	10.5125
5.32801	10.6125
5.32827	10.7125
5.32894	10.8125
5.33466	10.9125
5.33737	11.0125
5.34296	11.1034
5.34374	11.1943
5.34423	11.2852
5.34632	11.3761
5.34905	11.4671
5.3526	11.558
5.35327	11.6489
5.35395	11.7398
5.37146	11.8307
5.37719	11.9216
5.37844	12.0125
5.38878	12.0958
5.39078	12.1792
5.39494	12.2625
5.39711	12.3458
5.39849	12.4292
5.39986	12.5125
5.40398	12.5958
5.42175	6.29792
5.42314	6.46459
5.42385	6.63125
5.42656	6.79792
5.42798	6.96459
5.42917	7.13125
5.43764	7.27411
5.43898	7.41697
5.4466	7.55983
5.47259	7.70268
5.47633	7.84554
5.47723	7.9884
5.47968	8.13125
5.48042	8.25625
5.48369	8.38125
5.48788	8.50625
5.49654	8.63125
5.50136	8.75625
5.50349	8.88125
5.51465	9.00625
5.51519	9.11737
5.51588	9.22848
5.51806	9.33959
5.51942	9.4507
5.52947	9.56181
5.5393	9.67292
5.54233	9.78403
5.5434	9.89514
5.54714	10.0063
5.5593	10.1063
5.56151	10.2063
5.56617	10.3063
5.5717	10.4063
5.57458	10.5063
5.57801	10.6063
5.58627	10.7063
5.58779	10.8063
5.59457	10.9063
5.59701	11.0063
5.59961	11.0972
5.61663	11.1881
5.61706	11.279
5.6194	11.3699
5.62251	11.4608
5.63015	11.5517
5.64525	11.6426
5.65237	11.7335
5.65295	11.8244
5.65365	11.9153
5.65443	12.0063
5.65586	12.0896
5.66277	12.1729
5.68065	12.2563
5.68218	12.3396
5.69194	12.4229
5.70606	12.5063
5.71125	12.5896
5.71401	12.6729
5.71934	12.7563
5.72177	12.8396
5.72542	12.9229
5.72711	13.0063
5.72776	13.0832
5.72812	13.1601
5.73498	13.237
5.74059	13.3139
5.74408	13.3909
5.75437	13.4678
5.75939	13.5447
5.76515	13.6216
5.77707	13.6986
5.77723	13.7755
5.78278	13.8524
5.78357	13.9293
5.78553	14.0063
5.78619	14.0777
5.78694	14.1491
5.80213	14.2205
5.80769	14.292
5.81796	14.3634
5.82567	14.4348
5.82873	14.5063
5.82909	14.5777
5.84231	14.6491
5.84356	14.7205
5.84419	14.792
5.84843	14.8634
5.84934	14.9348
5.85187	15.0063
5.8527	15.0729
5.85399	15.1396
5.85662	15.2063
5.86632	15.2729
5.87285	15.3396
5.88647	15.4063
5.88846	15.4729
5.89133	15.5396
5.89622	15.6063
5.90104	15.6729
5.90303	15.7396
5.9044	15.8063
5.9058	15.8729
5.9065	15.9396
5.90858	16.0063
5.90919	16.0688
5.9112	16.1313
5.91344	16.1938
5.91852	16.2563
5.92178	16.3188
5.92313	16.3813
5.9265	16.4438
5.93361	16.5063
5.93625	16.5688
5.94043	16.6313
5.94463	16.6938
5.94585	16.7563
5.94798	16.8188
5.95075	16.8813
5.9522	16.9438
5.95422	17.0063
5.95558	17.0651
5.95617	17.1239
5.95688	17.1827
5.95824	17.2415
5.96115	17.3004
5.96396	17.3592
5.96456	17.418
5.96863	17.4768
5.9711	17.5357
5.97282	17.5945
5.97763	17.6533
5.98057	17.7121
5.98408	17.771
5.98659	17.8298
5.9907	17.8886
5.99397	17.9474
5.99488	18.0063
5.9974	18.0618
5.99807	18.1174
5.99892	18.1729
6.00104	18.2285
6.00434	18.284
6.00978	18.3396
6.01071	18.3951
6.01605	18.4507
6.01763	18.5063
6.01846	18.5618
6.01886	18.6174
6.02029	18.6729
6.02333	18.7285
6.02712	18.784
6.03075	18.8396
6.03568	18.8951
6.03705	18.9507
6.03774	19.0063
6.03988	19.0589
6.04116	19.1115
6.04181	19.1641
6.04609	19.2168
6.05088	19.2694
6.0577	19.322
6.0613	19.3747
6.06257	19.4273
6.06464	9.71365
6.0661	9.82476
6.06738	9.93588
6.06807	10.047
6.06884	10.147
6.07089	10.247
6.07295	10.347
6.07771	10.447
6.08061	10.547
6.08116	10.647
6.08257	10.747
6.08471	10.847
6.08669	10.947
6.08736	11.047
6.08945	11.1379
6.09428	11.2288
6.10267	11.3197
6.10947	11.4106
6.12527	11.5015
6.12823	11.5924
6.13044	11.6834
6.13112	11.7743
6.13182	11.8652
6.13437	11.9561
6.13582	12.047
6.13854	12.1303
6.14327	12.2137
6.15046	12.297
6.16576	12.3803
6.16982	12.4637
6.17333	12.547
6.17452	12.6303
6.17584	6.31516
6.17661	6.48183
6.17867	6.64849
6.18089	6.81516
6.18212	6.98183
6.18699	7.14849
6.19168	7.29135
6.19379	7.43421
6.21476	7.57706
6.21756	7.71992
6.21898	7.86278
6.22856	8.00564
6.23401	8.13064
6.23817	8.25564
6.25514	8.38064
6.26039	8.50564
6.26183	8.63064
6.26389	8.75564
6.27069	8.88064
6.27143	9.00564
6.27782	9.11675
6.28194	9.22786
6.29924	9.33897
6.30406	9.45008
6.30611	9.56119
6.30749	9.6723
6.31872	9.78341
6.31932	9.89453
6.31999	10.0056
6.32748	10.1056
6.33176	10.2056
6.35116	10.3056
6.35432	10.4056
6.35502	10.5056
6.36327	10.6056
6.36365	10.7056
6.36504	10.8056
6.36966	10.9056
6.37243	11.0056
6.3925	11.0965
6.39641	11.1875
6.39904	11.2784
6.40141	11.3693
6.4143	11.4602
6.43425	11.5511
6.43704	11.642
6.43853	11.7329
6.44454	11.8238
6.44467	11.9147
6.44552	12.0056
6.44946	12.089
6.46725	12.1723
6.4702	12.2556
6.48541	12.339
6.51239	12.4223
6.51525	12.5056
6.51928	12.589
6.52411	12.6723
6.52554	12.7556
6.52614	12.839
6.52961	12.9223
6.53579	13.0056
6.55257	13.0826
6.5573	13.1595
6.56403	13.2364
6.59594	13.3133
6.59672	13.3903
6.59799	13.4672
6.60313	6.73359
6.60644	6.90025
6.60777	7.06692
6.61067	7.20978
6.61169	7.35263
6.61281	7.49549
6.62644	7.63835
6.68029	7.78121
6.68253	7.92406
6.68462	8.06692
6.70088	8.19192
6.70185	8.31692
6.73088	8.44192
6.7336	8.56692
6.73838	8.69192
6.7419	8.81692
6.76183	8.94192
6.77432	9.06692
6.80605	9.17803
6.81021	9.28914
6.81098	9.40025
6.82411	9.51137
6.82962	9.62248
6.83099	9.73359
6.83584	9.8447
6.83719	9.95581
6.86828	10.0669
6.86981	10.1669
6.87109	10.2669
6.87573	10.3669
6.87763	10.4669
6.8796	10.5669
6.88153	10.6669
6.88198	10.7669
6.91145	5.38346
6.91229	5.58346
6.913	5.78346
6.91492	5.98346
6.91579	6.18346
6.9239	6.35013
6.926	6.51679
6.96331	6.68346
6.96688	6.85013
6.96879	7.01679
7.00851	3.5084
7.01753	3.84173
7.0182	4.17506
7.1127	4.42506
7.12725	4.67506
7.16568	4.92506
7.17406	5.17506
7.22733	5.37506
7.24114	5.57506
7.2424	5.77506
7.24687	5.97506
7.24729	6.17506
7.27248	6.34173
7.28697	6.5084
7.28759	6.67506
7.29318	6.84173
7.29969	7.0084
7.30192	7.15125
7.31157	7.29411
7.31915	7.43697
7.31964	7.57983
7.32031	7.72268
7.34346	7.86554
7.3462	8.0084
7.3586	8.1334
7.36502	8.2584
7.36914	8.3834
7.37279	8.5084
7.39266	8.6334
7.39473	8.7584
7.39617	8.8834
7.40798	9.0084
7.42143	9.11951
7.42216	9.23062
7.42818	9.34173
7.43976	9.45284
7.45165	9.56395
7.45309	9.67506
7.46606	9.78617
7.46739	9.89729
7.47229	10.0084
7.47566	10.1084
7.48685	10.2084
7.4929	10.3084
7.49559	10.4084
7.50358	5.2042
7.50962	5.4042
7.51205	5.6042
7.51261	5.8042
7.52227	6.0042
7.52391	6.17087
7.5314	6.33753
7.56101	6.5042
7.56338	6.67087
7.56482	6.83753
7.57367	7.0042
7.57455	7.14706
7.5789	7.28991
7.59648	7.43277
7.59707	7.57563
7.59918	7.71848
7.61665	3.85924
7.62338	4.19258
7.6262	4.44258
7.62828	4.69258
7.63866	4.94258
7.64364	5.19258
7.66148	5.39258
7.66424	5.59258
7.68029	5.79258
7.68552	5.99258
7.6954	6.19258
7.7076	6.35924
7.71042	6.52591
7.72298	6.69258
7.72967	6.85924
7.76253	7.02591
7.76664	7.16877
7.77122	7.31162
7.77176	7.45448
7.78287	7.59734
7.80833	7.74019
7.809	7.88305
7.81038	8.02591
7.81524	8.15091
7.81929	8.27591
7.83099	8.40091
7.83446	8.52591
7.8559	8.65091
7.87226	8.77591
7.87711	8.90091
7.87922	9.02591
7.88134	9.13702
7.88357	9.24813
7.88485	9.35924
7.8896	9.47035
7.9193	9.58146
7.9255	9.69258
7.92671	9.80369
7.94208	9.9148
7.94846	10.0259
7.96133	10.1259
7.96406	10.2259
7.9656	10.3259
7.96757	10.4259
7.97878	10.5259
7.98042	10.6259
7.98897	10.7259
7.98967	10.8259
7.99733	10.9259
8.02088	11.0259
8.02765	11.1168
8.03264	11.2077
8.04352	11.2986
8.0442	11.3895
8.0559	11.4805
8.05641	11.5714
8.05745	11.6623
8.05759	5.83114
8.06152	6.03114
8.07567	6.1978
8.07707	6.36447
8.08855	6.53114
8.09291	6.6978
8.09837	6.86447
8.09988	7.03114
8.10524	7.17399
8.11147	7.31685
8.11787	7.45971
8.13436	7.60256
8.15863	7.74542
8.16413	7.88828
8.16496	8.03114
8.17466	8.15614
8.17664	8.28114
8.17809	8.40614
8.18237	8.53114
8.20028	8.65614
8.21783	8.78114
8.22774	8.90614
8.22823	9.03114
8.23102	9.14225
8.23927	9.25336
8.24143	9.36447
8.25704	9.47558
8.27323	9.58669
8.27472	9.6978
8.28518	9.80891
8.29198	9.92003
8.29754	10.0311
8.29831	10.1311
8.30008	10.2311
8.30027	10.3311
8.3093	10.4311
8.31268	10.5311
8.32068	5.26557
8.32464	5.46557
8.32543	5.66557
8.3263	5.86557
8.32671	6.06557
8.3303	6.23223
8.33163	6.3989
8.33188	6.56557
8.33589	6.73223
8.33759	6.8989
8.34754	7.06557
8.35025	7.20843
8.35365	7.35128
8.3562	7.49414
8.36368	7.637
8.36642	7.77985
8.37576	7.92271
8.37629	8.06557
8.37781	8.19057
8.37847	8.31557
8.3804	8.44057
8.38762	8.56557
8.3888	8.69057
8.39706	8.81557
8.39861	8.94057
8.39936	9.06557
8.41933	9.17668
8.42069	9.28779
8.42558	9.3989
8.42631	9.51001
8.42767	9.62112
8.43178	4.81056
8.43551	5.06056
8.4365	5.26056
8.43819	5.46056
8.44248	5.66056
8.44311	5.86056
8.44411	6.06056
8.44524	6.22723
8.45251	6.3939
8.48432	6.56056
8.48656	6.72723
8.48842	6.8939
8.49	7.06056
8.49114	7.20342
8.4925	7.34628
8.49924	7.48913
8.50004	7.63199
8.50161	7.77485
8.50292	7.9177
8.50826	8.06056
8.51016	8.18556
8.51633	8.31056
8.52184	8.43556
8.52324	8.56056
8.56132	8.68556
8.56307	8.81056
8.5645	8.93556
8.56589	9.06056
8.56671	9.17167
8.57079	9.28278
8.58124	9.3939
8.58324	9.50501
8.61437	9.61612
8.61518	9.72723
8.61907	9.83834
8.62792	9.94945
8.62816	10.0606
8.62958	10.1606
8.63441	10.2606
8.65609	10.3606
8.66344	10.4606
8.66589	10.5606
8.67822	10.6606
8.67892	10.7606
8.69242	10.8606
8.69366	10.9606
8.69456	11.0606
8.72258	11.1515
8.72954	11.2424
8.73509	11.3333
8.73989	11.4242
8.7455	11.5151
8.7469	11.606
8.7488	11.6969
8.7516	11.7878
8.75717	11.8787
8.75914	11.9697
8.7633	12.0606
8.76403	12.1439
8.76547	12.2272
8.78904	12.3106
8.80023	12.3939
8.80362	12.4772
8.80794	12.5606
8.81341	12.6439
8.81479	12.7272
8.81538	12.8106
8.81978	12.8939
8.82166	12.9772
8.82771	13.0606
8.82844	13.1375
8.83471	13.2144
8.83753	13.2913
8.83902	13.3683
8.8566	13.4452
8.86805	13.5221
8.87057	13.599
8.87988	13.6759
8.89223	13.7529
8.89423	13.8298
8.89642	13.9067
8.90605	13.9836
8.90746	14.0606
8.91034	14.132
8.91332	14.2034
8.91335	14.2748
8.91422	14.3463
8.91643	14.4177
8.91683	14.4891
8.92186	14.5606
8.9246	14.632
8.92675	14.7034
8.94759	14.7748
8.95363	14.8463
8.95525	14.9177
8.95723	14.9891
8.96343	15.0606
8.96608	15.1272
8.96764	15.1939
8.97028	15.2606
8.97323	15.3272
8.97456	15.3939
8.97801	15.4606
8.98012	15.5272
8.98842	15.5939
8.99372	15.6606
8.99578	15.7272
9.00005	15.7939
9.01	15.8606
9.01307	15.9272
9.01461	15.9939
9.01869	16.0606
9.01927	16.1231
9.02067	16.1856
9.02284	16.2481
9.02552	16.3106
9.02919	16.3731
9.03034	16.4356
9.03185	16.4981
9.03312	16.5606
9.03794	16.6231
9.04577	16.6856
9.04939	16.7481
9.06101	16.8106
9.06568	16.8731
9.06895	16.9356
9.07098	16.9981
9.07116	17.0606
9.07185	17.1194
9.07253	17.1782
9.0736	17.237
9.07706	17.2959
9.0776	17.3547
9.07967	17.4135
9.08011	8.70675
9.0808	8.83175
9.082	8.95675
9.08622	9.08175
9.08966	9.19286
9.10013	9.30397
9.10482	9.41508
9.10869	9.5262
9.11235	9.63731
9.11585	9.74842
9.12024	9.85953
9.12206	9.97064
9.12344	10.0818
9.13106	10.1818
9.13248	10.2818
9.14676	10.3818
9.1477	10.4818
9.14932	10.5818
9.15097	10.6818
9.15381	10.7818
9.15518	10.8818
9.15731	10.9818
9.15815	11.0818
9.16894	11.1727
9.1712	11.2636
9.17743	11.3545
9.1808	11.4454
9.18168	11.5363
9.18304	11.6272
9.18446	11.7181
9.18518	11.809
9.18668	11.8999
9.18793	11.9908
9.20171	12.0818
9.20981	12.1651
9.22156	12.2484
9.22437	12.3318
9.22512	12.4151
9.22671	12.4984
9.22787	12.5818
9.22857	12.6651
9.22915	12.7484
9.23059	12.8318
9.23132	12.9151
9.23764	12.9984
9.23819	13.0818
9.24349	13.1587
9.24883	13.2356
9.25218	13.3125
9.25299	13.3894
9.25363	13.4664
9.2549	13.5433
9.25556	13.6202
9.25632	13.6971
9.25766	13.7741
9.25986	13.851
9.27361	13.9279
9.27487	14.0048
9.27549	14.0763
9.27736	14.1477
9.28628	14.2191
9.28744	14.2905
9.28809	14.362
9.28878	14.4334
9.29021	14.5048
9.29082	14.5763
9.29162	14.6477
9.29234	14.7191
9.30082	14.7905
9.30351	14.862
9.30356	14.9334
9.30358	15.0048
9.30455	15.0715
9.31181	15.1382
9.31196	15.2048
9.3122	15.2715
9.31269	15.3382
9.33775	15.4048
9.34144	15.4715
9.34419	15.5382
9.3449	15.6048
9.35619	15.6715
9.35753	15.7382
9.36089	15.8048
9.36168	15.8715
9.36225	15.9382
9.36303	16.0048
9.36368	16.0673
9.36554	16.1298
9.39091	16.1923
9.39572	16.2548
9.39688	16.3173
9.40393	16.3798
9.40731	16.4423
9.41189	16.5048
9.41212	16.5673
9.41359	16.6298
9.41433	16.6923
9.41567	16.7548
9.41644	16.8173
9.41784	16.8798
9.41919	16.9423
9.42075	17.0048
9.43095	17.0637
9.43433	17.1225
9.45611	17.1813
9.45628	17.2401
9.45973	17.2989
9.46056	17.3578
9.46104	17.4166
9.4678	17.4754
9.46924	17.5342
9.47162	17.5931
9.47335	17.6519
9.47811	17.7107
9.4816	17.7695
9.48225	17.8284
9.48294	17.8872
9.48518	17.946
9.48636	18.0048
9.48795	18.0604
9.48912	18.1159
9.50824	18.1715
9.50863	18.2271
9.51004	18.2826
9.51137	18.3382
9.51205	18.3937
9.52169	18.4493
9.52676	18.5048
9.52797	18.5604
9.52858	18.6159
9.52928	18.6715
9.5321	18.7271
9.5328	18.7826
9.53479	18.8382
9.53624	18.8937
9.53702	18.9493
9.54058	19.0048
9.54517	19.0575
9.54541	19.1101
9.57276	19.1627
9.57592	19.2154
9.57834	19.268
9.58238	19.3206
9.58434	19.3732
9.58511	19.4259
9.58631	19.4785
9.5897	19.5311
9.59311	19.5838
9.59362	19.6364
9.59583	19.689
9.59652	19.7417
9.59761	19.7943
9.59882	19.8469
9.59928	19.8996
9.60287	19.9522
9.60496	20.0048
9.60976	20.0548
9.61738	20.1048
9.62362	20.1548
9.62657	20.2048
9.62926	20.2548
9.63049	20.3048
9.63299	20.3548
9.63524	20.4048
9.6382	20.4548
9.64242	20.5048
9.64783	20.5548
9.65065	20.6048
9.65589	20.6548
9.65619	20.7048
9.65818	20.7548
9.65954	20.8048
9.66024	20.8548
9.66241	20.9048
9.66309	20.9548
9.66439	21.0048
9.66681	21.0524
9.67436	21.1001
9.67444	21.1477
9.67574	21.1953
9.67698	21.2429
9.67822	21.2905
9.68036	21.3382
9.69082	21.3858
9.69358	21.4334
9.69682	21.481
9.70296	21.5286
9.70384	21.5763
9.70556	21.6239
9.70609	21.6715
9.71032	21.7191
9.71241	21.7667
9.71667	21.8144
9.72828	21.862
9.72967	21.9096
9.73109	21.9572
9.73174	22.0048
9.73657	22.0503
9.73804	22.0957
9.73865	22.1412
9.73931	22.1866
9.74348	22.2321
9.74497	22.2776
9.7534	22.323
9.75397	22.3685
9.75525	22.4139
9.75736	22.4594
9.76018	22.5048
9.77382	22.5503
9.77519	22.5957
9.77798	22.6412
9.77951	22.6866
9.78352	22.7321
9.78577	22.7776
9.78837	22.823
9.78903	22.8685
9.78982	22.9139
9.79182	22.9594
9.79249	23.0048
9.8016	23.0483
9.80298	23.0918
9.80375	23.1353
9.80437	23.1787
9.80563	23.2222
9.80707	23.2657
9.82291	23.3092
9.825	23.3527
9.82571	23.3961
9.82631	23.4396
9.82693	23.4831
9.83398	23.5266
9.83456	23.57
9.83533	23.6135
9.83599	23.657
9.83799	23.7005
9.84358	23.744
9.8444	23.7874
9.84846	23.8309
9.84988	23.8744
9.85053	23.9179
9.85113	23.9614
9.85313	24.0048
9.86249	24.0465
9.86366	24.0882
9.86998	24.1298
9.8726	24.1715
9.87706	24.2132
9.87811	24.2548
9.88088	24.2965
9.88154	24.3382
9.88231	24.3798
9.88303	24.4215
9.88373	24.4632
9.90365	24.5048
9.9044	24.5465
9.90582	24.5882
9.90655	24.6298
9.9106	24.6715
9.91561	24.7132
9.91693	24.7548
9.92065	24.7965
9.92204	24.8382
9.92664	24.8798
9.92869	24.9215
9.93075	24.9632
9.9328	25.0048
9.95007	25.0448
9.95207	25.0848
9.95901	25.1248
9.96147	25.1648
9.96192	25.2048
9.96328	25.2448
9.96538	25.2848
9.96674	25.3248
9.96811	25.3648
9.97291	25.4048
9.97499	25.4448
9.99655	25.4848
9.99984	25.5248
10.0006	25.5648
10.0026	25.6048
10.0048	25.6448
10.0111	25.6848
10.0131	25.7248
10.0165	25.7648
10.0179	25.8048
10.0192	25.8448
10.0207	25.8848
10.0233	25.9248
10.0245	25.9648
10.0247	26.0048
10.0498	26.0433
10.0526	26.0818
10.0543	26.1202
10.0561	26.1587
10.0565	26.1971
10.0577	26.2356
10.0593	26.2741
10.0613	26.3125
10.0621	26.351
10.0669	26.3894
10.0675	26.4279
10.093	26.4664
10.0944	26.5048
10.096	26.5433
10.0965	26.5818
10.0987	13.2909
10.1118	13.3678
10.1155	13.4447
10.1159	13.5216
10.1175	13.5986
10.1188	13.6755
10.1194	13.7524
10.1233	13.8293
10.1252	13.9063
10.1267	13.9832
10.1275	14.0601
10.1385	14.1315
10.1531	14.203
10.1574	14.2744
10.1581	14.3458
10.1587	14.4172
10.1601	14.4887
10.1665	14.5601
10.1694	14.6315
10.1705	14.703
10.1721	14.7744
10.1747	14.8458
10.1914	14.9172
10.194	14.9887
10.2051	15.0601
10.2166	15.1268
10.2175	15.1934
10.2199	15.2601
10.2207	15.3268
10.2213	15.3934
10.2239	15.4601
10.2324	15.5268
10.2367	15.5934
10.2386	15.6601
10.2429	15.7268
10.2456	15.7934
10.2525	15.8601
10.2583	15.9268
10.2634	15.9934
10.2779	7.99672
10.2817	8.13958
10.283	8.26458
10.2837	8.38958
10.2846	8.51458
10.2851	8.63958
10.2879	8.76458
10.2904	8.88958
10.291	9.01458
10.2921	9.12569
10.295	9.2368
10.3073	9.34791
10.3146	9.45902
10.3228	9.57013
10.3286	9.68124
10.3391	9.79235
10.3431	9.90347
10.3454	10.0146
10.3471	10.1146
10.3493	10.2146
10.3496	10.3146
10.3514	10.4146
10.3522	10.5146
10.3539	10.6146
10.3671	10.7146
10.3691	10.8146
10.3705	10.9146
10.3726	11.0146
10.3962	11.1055
10.3969	11.1964
10.3992	11.2873
10.4004	11.3782
10.4012	11.4691
10.4019	11.56
10.4122	11.6509
10.4137	11.7418
10.4193	11.8328
10.4202	11.9237
10.4227	12.0146
10.4502	12.0979
10.4508	12.1812
10.4589	12.2646
10.4677	12.3479
10.4698	12.4312
10.473	12.5146
10.4765	12.5979
10.4775	12.6812
10.4789	12.7646
10.4796	12.8479
10.4803	12.9312
10.4809	13.0146
10.5228	13.0915
10.5236	13.1684
10.5256	13.2453
10.5291	13.3223
10.5298	13.3992
10.532	13.4761
10.5383	13.553
10.5383	13.63
10.5392	13.7069
10.5404	13.7838
10.5419	13.8607
10.544	13.9377
10.5446	14.0146
10.5951	14.086
10.5959	14.1574
10.5988	14.2289
10.6077	14.3003
10.6118	14.3717
10.6245	14.4431
10.6318	14.5146
10.634	14.586
10.6353	14.6574
10.6366	14.7289
10.6404	14.8003
10.6405	14.8717
10.6415	14.9431
10.6444	15.0146
10.6746	15.0812
10.6762	15.1479
10.6823	15.2146
10.6835	15.2812
10.6872	15.3479
10.7003	15.4146
10.7061	15.4812
10.7084	15.5479
10.7092	15.6146
10.7101	15.6812
10.7137	15.7479
10.714	15.8146
10.7154	15.8812
10.7181	15.9479
10.7228	16.0146
10.7522	16.0771
10.7529	16.1396
10.762	16.2021
10.7714	16.2646
10.7721	16.3271
10.7843	16.3896
10.7922	16.4521
10.7929	16.5146
10.7944	16.5771
10.7992	16.6396
10.8005	16.7021
10.8039	16.7646
10.8046	16.8271
10.8066	16.8896
10.8087	16.9521
10.8115	17.0146
10.8349	17.0734
10.8362	17.1322
10.8377	17.191
10.8441	17.2499
10.8454	17.3087
10.855	17.3675
10.857	17.4263
10.8626	17.4852
10.8743	17.544
10.8756	17.6028
10.879	17.6616
10.8804	17.7205
10.8812	17.7793
10.8825	17.8381
10.8873	17.8969
10.8928	17.9558
10.8935	18.0146
10.9122	18.0701
10.9142	18.1257
10.9178	18.1812
10.9249	18.2368
10.9254	18.2924
10.9338	18.3479
10.9343	18.4035
10.9385	18.459
10.9475	18.5146
10.9522	18.5701
10.9585	18.6257
10.9606	18.6812
10.9649	18.7368
10.967	18.7924
10.9705	18.8479
10.9772	18.9035
10.982	18.959
10.983	19.0146
10.9912	19.0672
10.9918	19.1198
10.9924	19.1725
11.0003	19.2251
11.001	19.2777
11.0035	19.3304
11.0073	19.383
11.0079	19.4356
11.0094	19.4883
11.0348	19.5409
11.0375	19.5935
11.043	19.6462
11.0458	19.6988
11.0471	19.7514
11.0487	19.8041
11.0506	19.8567
11.052	19.9093
11.0527	19.9619
11.0533	20.0146
11.0588	20.0646
11.061	20.1146
11.0639	20.1646
11.0698	20.2146
11.0791	20.2646
11.0871	20.3146
11.0898	20.3646
11.0907	20.4146
11.0965	20.4646
11.1168	20.5146
11.1181	20.5646
11.1188	20.6146
11.1199	20.6646
11.121	20.7146
11.1264	20.7646
11.1305	20.8146
11.1349	20.8646
11.1368	20.9146
11.1376	20.9646
11.1382	21.0146
11.1435	21.0622
11.1452	21.1098
11.1456	21.1574
11.1488	21.2051
11.1654	21.2527
11.1742	21.3003
11.1758	21.3479
11.1796	10.674
11.1829	10.774
11.1998	10.874
11.2039	10.974
11.2045	11.074
11.2075	11.1649
11.2135	11.2558
11.2163	11.3467
11.2169	11.4376
11.2203	11.5285
11.2213	11.6194
11.2226	11.7103
11.2272	11.8012
11.23	11.8921
11.2308	11.983
11.2322	12.074
11.239	12.1573
11.245	12.2406
11.2565	12.324
11.257	12.4073
11.2691	12.4906
11.2726	12.574
11.2745	12.6573
11.2766	12.7406
11.2807	12.824
11.2814	12.9073
11.2843	12.9906
11.2877	13.074
11.2953	13.1509
11.2959	13.2278
11.3014	13.3047
11.3043	13.3816
11.3177	13.4586
11.3185	13.5355
11.3188	13.6124
11.3195	13.6893
11.3226	13.7663
11.3245	13.8432
11.3252	13.9201
11.3512	13.997
11.354	14.074
11.3553	14.1454
11.363	14.2168
11.3652	14.2882
11.3736	14.3597
11.3792	14.4311
11.384	14.5025
11.3846	14.574
11.3874	14.6454
11.3889	14.7168
11.3923	14.7882
11.3993	14.8597
11.4133	14.9311
11.423	15.0025
11.4257	15.0692
11.4276	15.1359
11.4289	15.2025
11.4307	15.2692
11.4326	15.3359
11.4394	15.4025
11.4498	15.4692
11.454	15.5359
11.4562	15.6025
11.4574	15.6692
11.4602	15.7359
11.4767	15.8025
11.4837	15.8692
11.4851	15.9359
11.4865	16.0025
11.49	16.065
11.4913	16.1275
11.4988	16.19
11.5039	16.2525
11.5121	16.315
11.5191	16.3775
11.5309	16.44
11.5343	16.5025
11.5364	16.565
11.5379	16.6275
11.5486	16.69
11.5522	16.7525
11.5536	16.815
11.5547	16.8775
11.5555	16.94
11.5576	17.0025
11.559	17.0614
11.5687	17.1202
11.5687	8.56009
11.5694	8.68509
11.5771	8.81009
11.5946	8.93509
11.5994	9.06009
11.6019	9.1712
11.6056	9.28231
11.613	9.39342
11.6209	9.50453
11.6223	9.61564
11.6237	9.72675
11.625	9.83786
11.6258	9.94898
11.6299	10.0601
11.6306	10.1601
11.632	10.2601
11.6352	10.3601
11.6417	10.4601
11.6783	10.5601
11.6797	10.6601
11.6804	10.7601
11.6825	10.8601
11.691	10.9601
11.6931	11.0601
11.6951	5.53004
11.6958	5.73004
11.7009	5.93004
11.707	6.13004
11.7434	6.29671
11.7447	6.46338
11.7488	6.63004
11.7494	6.79671
11.7522	6.96338
11.7548	7.13004
11.755	7.2729
11.7643	7.41576
11.7644	7.55861
11.7692	7.70147
11.7786	7.84433
11.7835	7.98719
11.7939	8.13004
11.8176	8.25504
11.8197	8.38004
11.8207	8.50504
11.8217	8.63004
11.8251	8.75504
11.8278	8.88004
11.8494	9.00504
11.855	9.11615
11.8617	9.22727
11.8624	9.33838
11.8654	9.44949
11.8666	9.5606
11.868	9.67171
11.8935	9.78282
11.8986	9.89393
11.9004	10.005
11.9033	10.105
11.9093	10.205
11.9132	10.305
11.9184	10.405
11.9212	10.505
11.924	10.605
11.9259	10.705
11.9487	10.805
11.9515	10.905
11.9605	11.005
11.9686	11.096
11.9714	11.1869
11.9796	11.2778
11.9827	11.3687
11.9829	11.4596
11.9865	11.5505
11.9882	11.6414
11.9884	11.7323
11.9949	5.86616
12.0016	6.06616
12.0034	6.23282
12.0053	6.39949
12.0101	6.56616
12.0175	6.73282
12.0185	6.89949
12.0282	7.06616
12.0387	7.20902
12.0396	7.35187
12.0411	7.49473
12.0423	7.63759
12.0555	7.78044
12.0601	7.9233
12.0643	8.06616
12.0656	8.19116
12.0794	8.31616
12.0844	8.44116
12.0934	8.56616
12.0941	8.69116
12.0954	8.81616
12.099	8.94116
12.1011	9.06616
12.1108	9.17727
12.1115	9.28838
12.115	9.39949
12.1177	9.5106
12.1285	9.62171
12.1286	9.73282
12.1286	9.84394
12.1293	9.95505
12.1418	10.0662
12.1491	10.1662
12.1494	10.2662
12.1501	10.3662
12.155	10.4662
12.1557	10.5662
12.1565	10.6662
12.1571	10.7662
12.1812	10.8662
12.1844	10.9662
12.1906	11.0662
12.1993	11.1571
12.2	11.248
12.2035	11.3389
12.2083	11.4298
12.2119	11.5207
12.2125	11.6116
12.2132	11.7025
12.2354	11.7934
12.2523	11.8843
12.2575	11.9752
12.2579	12.0662
12.2693	12.1495
12.2782	12.2328
12.2803	12.3162
12.2809	12.3995
12.2921	12.4828
12.2985	12.5662
12.3072	12.6495
12.3081	12.7328
12.3124	12.8162
12.3253	12.8995
12.3316	12.9828
12.3363	13.0662
12.3371	13.1431
12.3384	13.22
12.3517	13.2969
12.3586	13.3739
12.3649	13.4508
12.3664	13.5277
12.369	13.6046
12.3753	13.6815
12.392	13.7585
12.3954	13.8354
12.3956	6.91769
12.4016	7.08436
12.4061	7.22722
12.4182	7.37008
12.4245	7.51293
12.4305	7.65579
12.4409	7.79865
12.4615	7.9415
12.4716	8.08436
12.4751	8.20936
12.4751	8.33436
12.4778	8.45936
12.4868	8.58436
12.492	8.70936
12.5022	8.83436
12.5036	8.95936
12.5142	9.08436
12.5161	9.19547
12.5174	9.30658
12.5267	9.41769
12.5281	9.52881
12.5444	9.63992
12.5511	9.75103
12.5525	9.86214
12.5577	9.97325
12.5771	10.0844
12.5798	10.1844
12.5861	10.2844
12.5904	10.3844
12.595	10.4844
12.6025	10.5844
12.608	10.6844
12.6116	10.7844
12.6144	10.8844
12.6205	10.9844
12.654	11.0844
12.656	11.1753
12.6637	11.2662
12.6666	11.3571
12.6671	11.448
12.6822	11.5389
12.6912	11.6298
12.6928	11.7207
12.6939	11.8116
12.6954	11.9025
12.7043	11.9935
12.7387	12.0844
12.74	12.1677
12.7443	12.251
12.7477	12.3344
12.7524	12.4177
12.758	12.501
12.7649	12.5844
12.769	12.6677
12.7711	12.751
12.7717	12.8344
12.7766	12.9177
12.7848	13.001
12.8135	13.078
12.8219	13.1549
12.8225	13.2318
12.8248	13.3087
12.8268	13.3856
12.8297	13.4626
12.8329	13.5395
12.8336	13.6164
12.8359	13.6933
12.8372	13.7703
12.8377	13.8472
12.8385	13.9241
12.8426	14.001
12.8612	14.0725
12.8658	14.1439
12.8676	14.2153
12.8705	14.2867
12.8725	14.3582
12.8726	14.4296
12.898	14.501
12.8994	14.5725
12.9017	14.6439
12.9022	14.7153
12.9029	14.7867
12.9042	14.8582
12.9055	14.9296
12.909	15.001
12.9174	15.0677
12.9182	15.1344
12.9195	15.201
12.9209	15.2677
12.9215	15.3344
12.9243	15.401
12.9428	15.4677
12.9444	15.5344
12.9457	15.601
12.9471	15.6677
12.9486	15.7344
12.9506	15.801
12.9526	15.8677
12.9534	15.9344
12.954	16.001
12.9804	16.0635
12.981	16.126
12.9838	16.1885
12.9866	16.251
12.988	16.3135
12.9908	16.376
13.0053	16.4385
13.008	16.501
13.0101	16.5635
13.0108	16.626
13.0128	16.6885
13.0185	16.751
13.0212	16.8135
13.0232	16.876
13.0259	16.9385
13.0294	17.001
13.0434	17.0599
13.0467	17.1187
13.055	17.1775
13.0564	8.58875
13.0578	8.71375
13.0594	8.83875
13.0694	8.96375
13.0702	9.08875
13.0715	9.19986
13.0729	9.31097
13.0745	9.42208
13.0848	9.53319
13.0861	9.6443
13.0884	9.75542
13.102	9.86653
13.1123	9.97764
13.1137	10.0887
13.1148	10.1887
13.1159	10.2887
13.1186	10.3887
13.1228	10.4887
13.1251	10.5887
13.1332	10.6887
13.14	5.34437
13.1442	5.54437
13.1479	5.74437
13.1499	5.94437
13.1526	6.14437
13.1546	6.31104
13.156	6.47771
13.1602	6.64437
13.1659	6.81104
13.1805	6.97771
13.1819	7.14437
13.1826	7.28723
13.1879	7.43009
13.1963	7.57295
13.1992	7.7158
13.219	7.85866
13.2197	8.00152
13.2204	8.12652
13.2211	8.25152
13.223	8.37652
13.2314	8.50152
13.2329	8.62652
13.2461	8.75152
13.2467	8.87652
13.2474	9.00152
13.2481	9.11263
13.2502	9.22374
13.2526	4.61187
13.262	4.86187
13.2662	5.11187
13.2792	5.31187
13.2798	5.51187
13.2805	5.71187
13.2813	5.91187
13.2819	6.11187
13.2828	6.27854
13.2963	6.4452
13.2977	6.61187
13.2985	6.77854
13.3287	6.9452
13.3301	7.11187
13.3398	7.25473
13.3404	7.39758
13.3411	7.54044
13.3474	7.6833
13.3479	7.82616
13.348	7.96901
13.3487	8.11187
13.3603	8.23687
13.3607	8.36187
13.3621	8.48687
13.3662	8.61187
13.3689	8.73687
13.3703	8.86187
13.371	8.98687
13.3718	9.11187
13.3824	9.22298
13.3828	9.33409
13.3836	9.4452
13.3863	9.55631
13.3887	9.66743
13.3904	9.77854
13.3913	9.88965
13.3922	10.0008
13.3936	10.1008
13.4105	10.2008
13.4109	10.3008
13.4123	10.4008
13.413	10.5008
13.4144	10.6008
13.4173	10.7008
13.4174	10.8008
13.4193	10.9008
13.4194	11.0008
13.4214	11.0917
13.4353	11.1826
13.4368	11.2735
13.4374	11.3644
13.4483	11.4553
13.4496	11.5462
13.4503	11.6371
13.4604	11.728
13.4607	11.8189
13.4628	11.9098
13.4636	12.0008
13.465	12.0841
13.4657	12.1674
13.4663	12.2508
13.4689	12.3341
13.4696	12.4174
13.4716	12.5008
13.4939	12.5841
13.5047	12.6674
13.5067	12.7508
13.5077	12.8341
13.5107	12.9174
13.5121	13.0008
13.5135	13.0777
13.5143	13.1546
13.5151	13.2315
13.5162	13.3085
13.5177	13.3854
13.5197	13.4623
13.5365	13.5392
13.5454	13.6161
13.5541	13.6931
13.5546	13.77
13.5564	13.8469
13.5605	13.9238
13.562	14.0008
13.5662	14.0722
13.5667	14.1436
13.5711	14.215
13.5712	14.2865
13.5712	14.3579
13.5725	14.4293
13.593	14.5008
13.6028	14.5722
13.6063	14.6436
13.6076	14.715
13.6083	14.7865
13.6145	14.8579
13.6242	14.9293
13.6277	15.0008
13.6293	15.0674
13.6311	15.1341
13.6346	15.2008
13.6368	15.2674
13.6393	15.3341
13.6421	15.4008
13.6773	15.4674
13.6857	15.5341
13.692	15.6008
13.6954	15.6674
13.6995	15.7341
13.7002	15.8008
13.7009	15.8674
13.7016	15.9341
13.7022	16.0008
13.705	16.0633
13.7064	16.1258
13.7087	16.1883
13.71	16.2508
13.721	16.3133
13.7508	16.3758
13.7708	16.4383
13.7729	16.5008
13.7757	16.5633
13.7784	16.6258
13.7804	16.6883
13.7818	16.7508
13.7846	16.8133
13.7873	16.8758
13.788	16.9383
13.7921	17.0008
13.7957	17.0596
13.7971	17.1184
13.7979	17.1772
13.8005	17.2361
13.8147	8.61803
13.8321	8.74303
13.8489	8.86803
13.8502	8.99303
13.8508	9.11803
13.8522	9.22914
13.8556	9.34025
13.8569	9.45136
13.8583	9.56247
13.8598	9.67358
13.8606	9.78469
13.862	9.8958
13.8625	10.0069
13.8662	10.1069
13.8687	10.2069
13.8694	10.3069
13.8717	10.4069
13.9134	10.5069
13.9188	10.6069
13.9211	10.7069
13.9295	10.8069
13.9312	10.9069
13.9323	11.0069
13.9333	11.0978
13.9344	11.1887
13.9351	11.2796
13.9358	11.3706
13.9742	11.4615
13.981	11.5524
13.9817	11.6433
13.9842	11.7342
13.9845	11.8251
13.9874	11.916
13.9886	12.0069
13.9907	12.0902
14.0156	12.1736
14.0276	12.2569
14.029	12.3402
14.0303	12.4236
14.0317	12.5069
14.0331	12.5902
14.0345	12.6736
14.0352	12.7569
14.0358	12.8402
14.0732	12.9236
14.0893	13.0069
14.0911	13.0838
14.0925	13.1608
14.0934	13.2377
14.0939	13.3146
14.0953	13.3915
14.098	13.4685
14.0988	13.5454
14.1286	6.77269
14.1378	6.93936
14.1456	7.10602
14.1535	7.24888
14.1558	7.39174
14.1564	7.53459
14.157	7.67745
14.1584	7.82031
14.1604	7.96316
14.1611	8.10602
14.1673	8.23102
14.216	8.35602
14.2186	8.48102
14.22	8.60602
14.2233	8.73102
14.2255	8.85602
14.2323	8.98102
14.2357	9.10602
14.256	9.21713
14.281	9.32824
14.2816	9.43936
14.2837	9.55047
14.2865	9.66158
14.2877	9.77269
14.2932	9.8838
14.2939	9.99491
14.3022	10.106
14.3225	10.206
14.332	10.306
14.3335	10.406
14.3355	10.506
14.3383	10.606
14.342	10.706
14.3558	10.806
14.3615	10.906
14.3698	11.006
14.3738	11.0969
14.3946	11.1878
14.4036	11.2787
14.4063	11.3697
14.409	11.4606
14.4118	11.5515
14.4249	11.6424
14.4352	11.7333
14.4366	11.8242
14.4373	11.9151
14.4389	12.006
14.467	12.0894
14.4713	12.1727
14.472	12.256
14.4727	12.3394
14.4824	12.4227
14.4858	12.506
14.4908	12.5894
14.4936	12.6727
14.4951	12.756
14.4992	12.8394
14.5261	12.9227
14.5336	13.006
14.5349	13.0829
14.5373	13.1599
14.5419	13.2368
14.5426	6.6184
14.544	6.78506
14.5463	6.95173
14.5508	7.1184
14.5536	7.26125
14.5611	7.40411
14.586	7.54697
14.6028	7.68982
14.6034	7.83268
14.6074	7.97554
14.6102	8.1184
14.6337	8.2434
14.6344	4.1217
14.6367	4.3717
14.6472	4.6217
14.6476	4.8717
14.6637	5.1217
14.6824	5.3217
14.6831	5.5217
14.6906	5.7217
14.7046	5.9217
14.7073	6.1217
14.7128	6.28836
14.7233	6.45503
14.7358	6.6217
14.7371	6.78836
14.7462	6.95503
14.7492	7.1217
14.7655	7.26455
14.7683	7.40741
14.7699	7.55027
14.7725	7.69313
14.7748	7.83598
14.8008	7.97884
14.8057	8.1217
14.8098	8.2467
14.8107	8.3717
14.8204	8.4967
14.8305	8.6217
14.8308	8.7467
14.8327	8.8717
14.8336	8.9967
14.8354	9.1217
14.8361	9.23281
14.8624	9.34392
14.8692	9.45503
14.8715	9.56614
14.8726	9.67725
14.8841	9.78836
14.8849	9.89948
14.8875	10.0106
14.8882	10.1106
14.8911	10.2106
14.9269	10.3106
14.9303	10.4106
14.9319	10.5106
14.9339	10.6106
14.938	10.7106
14.9606	10.8106
14.9675	10.9106
14.9699	11.0106
14.9719	11.1015
14.974	11.1924
15.0019	11.2833
15.0026	11.3742
15.0046	11.4651
15.0053	11.556
15.0067	11.647
15.0263	11.7379
15.0269	11.8288
15.0289	11.9197
15.0521	12.0106
15.0531	12.0939
15.0569	12.1773
15.0728	12.2606
15.0771	12.3439
15.0804	12.4273
15.0916	12.5106
15.093	12.5939
15.1028	12.6773
15.1056	12.7606
15.1089	12.8439
15.1281	12.9273
15.1287	13.0106
15.1356	13.0875
15.1385	13.1644
15.1418	13.2414
15.1426	13.3183
15.1773	13.3952
15.1815	13.4721
15.1829	13.549
15.1884	13.626
15.1907	13.7029
15.1968	13.7798
15.1989	13.8567
15.2003	13.9337
15.2023	14.0106
15.203	14.082
15.2131	14.1534
15.217	14.2249
15.2377	14.2963
15.251	14.3677
15.2584	14.4392
15.2614	7.21958
15.264	7.36244
15.2737	7.50529
15.2757	7.64815
15.2779	7.79101
15.2795	7.93386
15.2799	8.07672
15.2808	8.20172
15.2836	8.32672
15.3057	8.45172
15.3133	8.57672
15.3152	8.70172
15.3268	8.82672
15.3423	8.95172
15.3593	9.07672
15.3615	9.18783
15.3672	9.29894
15.3692	9.41006
15.3706	9.52117
15.372	9.63228
15.3879	9.74339
15.4023	9.8545
15.4194	9.96561
15.4213	10.0767
15.4241	10.1767
15.4254	10.2767
15.4305	10.3767
15.4351	10.4767
15.4477	10.5767
15.4512	10.6767
15.4536	10.7767
15.4567	10.8767
15.459	10.9767
15.4601	11.0767
15.4607	11.1676
15.4676	11.2585
15.4768	11.3494
15.4958	11.4404
15.505	11.5313
15.512	11.6222
15.5138	11.7131
15.5169	11.804
15.5176	11.8949
15.5182	11.9858
15.5228	12.0767
15.5369	12.1601
15.5416	12.2434
15.5666	12.3267
15.5732	6.16336
15.5796	6.33003
15.5801	6.49669
15.5815	6.66336
15.5884	6.83003
15.5896	6.99669
15.5933	7.16336
15.6019	7.30622
15.6101	7.44908
15.6168	7.59193
15.6188	7.73479
15.6222	7.87765
15.6433	8.0205
15.6458	8.1455
15.6547	8.2705
15.656	8.3955
15.6645	8.5205
15.6667	8.6455
15.6702	8.7705
15.6783	8.8955
15.679	9.0205
15.6811	9.13161
15.7206	9.24273
15.7234	9.35384
15.725	9.46495
15.7264	9.57606
15.7298	9.68717
15.7329	9.79828
15.7335	9.90939
15.7347	10.0205
15.7353	10.1205
15.7361	10.2205
15.7377	10.3205
15.7755	10.4205
15.7763	10.5205
15.7798	10.6205
15.7818	10.7205
15.7838	10.8205
15.7893	10.9205
15.7941	11.0205
15.7948	11.1114
15.7975	11.2023
15.7997	11.2932
15.8238	11.3841
15.8244	11.475
15.8282	11.566
15.8297	11.6569
15.8324	11.7478
15.8399	11.8387
15.8431	11.9296
15.8442	12.0205
15.847	12.1038
15.8486	12.1872
15.8531	12.2705
15.8812	12.3538
15.8884	12.4372
15.8891	12.5205
15.8905	12.6038
15.8912	12.6872
15.8943	12.7705
15.8956	12.8538
15.8978	12.9372
15.9004	13.0205
15.9205	13.0974
15.9336	13.1743
15.9351	13.2513
15.9389	13.3282
15.941	13.4051
15.9414	13.482
15.9444	13.559
15.9456	13.6359
15.9463	13.7128
15.947	13.7897
15.9478	13.8667
15.9562	13.9436
15.9794	14.0205
15.9942	14.0919
15.9949	14.1634
16.0026	14.2348
16.0045	14.3062
16.0067	14.3776
16.0075	14.4491
16.008	14.5205
16.0095	14.5919
16.0101	14.6634
16.0116	14.7348
16.0125	14.8062
16.026	7.40311
16.0388	7.54597
16.0443	7.68882
16.0464	7.83168
16.0505	7.97454
16.0596	8.11739
16.0615	8.24239
16.0651	8.36739
16.0685	8.49239
16.0705	8.61739
16.0712	8.74239
16.0729	8.86739
16.0747	8.99239
16.0761	9.11739
16.0768	9.22851
16.0859	9.33962
16.112	9.45073
16.1161	9.56184
16.1191	9.67295
16.121	9.78406
16.1231	9.89517
16.1241	10.0063
16.1245	10.1063
16.1252	10.2063
16.1351	10.3063
16.1393	10.4063
16.1434	10.5063
16.1476	10.6063
16.1481	10.7063
16.1522	10.8063
16.1675	10.9063
16.1694	11.0063
16.1772	11.0972
16.1778	11.1881
16.1805	11.279
16.196	11.3699
16.1986	11.4608
16.2	11.5517
16.2085	11.6426
16.2208	11.7336
16.2231	11.8245
16.2265	11.9154
16.2341	12.0063
16.2368	12.0896
16.2541	12.173
16.2572	12.2563
16.258	12.3396
16.2644	12.423
16.271	12.5063
16.2723	12.5896
16.2759	12.673
16.28	12.7563
16.2814	12.8396
16.2854	12.923
16.307	13.0063
16.3083	13.0832
16.3248	13.1601
16.3373	13.2371
16.3385	13.314
16.3415	13.3909
16.3442	13.4678
16.3478	13.5447
16.3495	6.77237
16.3533	6.93904
16.3636	7.10571
16.3645	7.24856
16.365	7.39142
16.379	7.53428
16.3867	7.67713
16.3886	7.81999
16.394	7.96285
16.3981	8.10571
16.3988	8.23071
16.4119	8.35571
16.4189	8.48071
16.4232	8.60571
16.4367	8.73071
16.4398	8.85571
16.4419	8.98071
16.444	9.10571
16.4585	9.21682
16.4621	9.32793
16.4721	9.43904
16.4793	9.55015
16.4873	9.66126
16.4893	9.77237
16.4908	9.88348
16.4914	9.99459
16.4921	10.1057
16.5069	10.2057
16.5106	10.3057
16.5203	10.4057
16.5329	10.5057
16.5375	10.6057
16.5389	10.7057
16.5401	10.8057
16.5409	10.9057
16.5411	11.0057
16.5418	11.0966
16.5572	11.1875
16.5586	11.2784
16.56	11.3693
16.5663	11.4603
16.5793	11.5512
16.5827	11.6421
16.5856	11.733
16.5861	11.8239
16.5875	11.9148
16.5882	12.0057
16.589	12.089
16.5973	12.1724
16.5987	12.2557
16.6039	12.339
16.6148	12.4224
16.6241	12.5057
16.6317	12.589
16.6393	12.6724
16.6399	12.7557
16.6417	12.839
16.643	12.9224
16.6437	13.0057
16.6447	13.0826
16.6535	13.1596
16.6646	13.2365
16.6675	13.3134
16.6787	13.3903
16.6816	13.4672
16.6872	13.5442
16.6955	13.6211
16.6961	13.698
16.6968	13.7749
16.6998	13.8519
16.7011	13.9288
16.7033	14.0057
16.7142	14.0771
16.7242	14.1486
16.7276	14.22
16.7393	14.2914
16.7441	14.3628
16.7475	14.4343
16.7505	14.5057
16.7519	14.5771
16.7531	14.6486
16.757	14.72
16.7594	14.7914
16.7627	14.8628
16.7635	14.9343
16.7676	15.0057
16.7712	15.0724
16.7788	15.139
16.781	15.2057
16.7986	15.2724
16.8029	15.339
16.8037	15.4057
16.8065	15.4724
16.8082	15.539
16.8101	15.6057
16.8137	15.6724
16.814	15.739
16.822	15.8057
16.8233	15.8724
16.8261	15.939
16.8274	16.0057
16.8412	16.0682
16.8549	16.1307
16.8571	16.1932
16.864	16.2557
16.8661	16.3182
16.8667	16.3807
16.8688	16.4432
16.8714	16.5057
16.8724	16.5682
16.8731	16.6307
16.8744	16.6932
16.8754	16.7557
16.8757	16.8182
16.8799	16.8807
16.8822	16.9432
16.8829	17.0057
16.8871	17.0645
16.8907	17.1234
16.8928	17.1822
16.9173	17.241
16.9194	17.2998
16.9201	17.3586
16.9213	17.4175
16.923	17.4763
16.9243	17.5351
16.9249	17.5939
16.9254	17.6528
16.9307	17.7116
16.9344	17.7704
16.9353	17.8292
16.938	17.8881
16.9388	17.9469
16.9394	18.0057
16.9415	18.0613
16.9429	18.1168
16.9449	18.1724
16.9719	18.2279
16.9732	18.2835
16.9739	18.339
16.9746	18.3946
16.9753	18.4502
16.9761	18.5057
16.9767	18.5613
16.9816	18.6168
16.9851	18.6724
16.9874	18.7279
16.9875	18.7835
16.9925	18.839
16.9925	18.8946
16.9956	18.9502
16.997	19.0057
16.9991	19.0583
17.0025	19.111
17.0158	19.1636
17.0183	19.2162
17.0191	19.2689
17.0204	19.3215
17.0225	19.3741
17.0246	19.4268
17.0252	19.4794
17.0286	19.532
17.0294	19.5847
17.0319	19.6373
17.033	19.6899
17.0333	19.7425
17.0379	19.7952
17.0393	19.8478
17.0448	19.9004
17.0456	19.9531
17.0477	20.0057
17.0485	20.0557
17.0489	20.1057
17.0579	20.1557
17.0621	20.2057
17.0663	10.1029
17.0697	10.2029
17.0752	10.3029
17.0759	10.4029
17.0772	10.5029
17.0793	10.6029
17.0814	10.7029
17.0849	10.8029
17.0862	10.9029
17.0888	11.0029
17.0908	11.0938
17.0922	11.1847
17.0941	11.2756
17.0943	11.3665
17.0946	11.4574
17.0954	11.5483
17.0968	11.6392
17.0975	11.7301
17.1045	11.821
17.1126	11.9119
17.1392	12.0029
17.14	12.0862
17.1403	12.1695
17.1454	12.2529
17.1463	12.3362
17.1477	12.4195
17.1482	12.5029
17.1493	12.5862
17.1508	12.6695
17.1553	12.7529
17.1573	12.8362
17.1781	12.9195
17.1784	13.0029
17.1805	13.0798
17.1874	13.1567
17.1881	13.2336
17.1971	13.3105
17.2012	13.3875
17.2038	13.4644
17.2039	13.5413
17.2058	13.6182
17.2086	13.6952
17.2182	6.84758
17.2326	7.01425
17.234	7.1571
17.2356	7.29996
17.2368	7.44282
17.2375	7.58568
17.2405	7.72853
17.2445	7.87139
17.2487	8.01425
17.2507	8.13925
17.2515	8.26425
17.2522	8.38925
17.2549	8.51425
17.2796	8.63925
17.2824	8.76425
17.2856	8.88925
17.2861	9.01425
17.2923	9.12536
17.2964	9.23647
17.3048	9.34758
17.3054	9.45869
17.3061	9.5698
17.3068	9.68091
17.3083	9.79202
17.3096	9.90314
17.3104	10.0142
17.3133	10.1142
17.3359	5.05712
17.3406	5.25712
17.3416	5.45712
17.3448	5.65712
17.345	5.85712
17.345	6.05712
17.3451	6.22379
17.3456	6.39046
17.3533	6.55712
17.3565	6.72379
17.3569	6.89046
17.3576	7.05712
17.3583	7.19998
17.3679	7.34284
17.3697	7.48569
17.3706	7.62855
17.3725	7.77141
17.3739	7.91427
17.3982	8.05712
17.3992	8.18212
17.4002	8.30712
17.4016	8.43212
17.4023	8.55712
17.403	8.68212
17.4115	8.80712
17.4122	8.93212
17.4136	9.05712
17.4147	9.16823
17.4155	9.27935
17.4175	9.39046
17.4254	9.50157
17.4296	9.61268
17.4308	9.72379
17.4317	9.8349
17.4323	9.94601
17.4365	10.0571
17.446	10.1571
17.4555	10.2571
17.4567	10.3571
17.4576	10.4571
17.4581	10.5571
17.4589	10.6571
17.4595	10.7571
17.4618	10.8571
17.4623	10.9571
17.4644	11.0571
17.4693	11.148
17.4734	11.2389
17.4742	11.3299
17.4748	11.4208
17.4769	11.5117
17.4907	11.6026
17.4935	11.6935
17.4938	11.7844
17.4942	11.8753
17.4957	11.9662
17.4977	12.0571
17.5018	12.1405
17.5047	12.2238
17.5066	12.3071
17.5128	12.3905
17.5183	12.4738
17.5299	12.5571
17.5325	12.6405
17.5351	12.7238
17.5366	12.8071
17.539	12.8905
17.5408	12.9738
17.5415	13.0571
17.5428	13.134
17.5442	13.211
17.5449	13.2879
17.549	13.3648
17.5546	13.4417
17.5808	13.5187
17.592	13.5956
17.5931	13.6725
17.594	13.7494
17.5955	13.8264
17.5962	13.9033
17.5974	13.9802
17.5982	14.0571
17.5995	14.1286
17.6017	14.2
17.604	14.2714
17.6051	14.3428
17.625	14.4143
17.6435	14.4857
17.6449	14.5571
17.6467	14.6286
17.6476	14.7
17.6488	14.7714
17.6494	14.8428
17.6505	14.9143
17.6512	14.9857
17.6528	15.0571
17.6547	15.1238
17.6555	15.1905
17.6567	15.2571
17.673	15.3238
17.6986	15.3905
17.6996	15.4571
17.7023	15.5238
17.7028	15.5905
17.7034	15.6571
17.7042	15.7238
17.7053	15.7905
17.7058	15.8571
17.7064	15.9238
17.7078	15.9905
17.71	16.0571
17.71	16.1196
17.7121	16.1821
17.7236	16.2446
17.7426	16.3071
17.7438	16.3696
17.7451	8.18481
17.7488	8.30981
17.7494	8.43481
17.7521	8.55981
17.7529	8.68481
17.7571	8.80981
17.7576	8.93481
17.7597	9.05981
17.7611	9.17092
17.7628	9.28203
17.7632	9.39315
17.7663	9.50426
17.7716	9.61537
17.7969	9.72648
17.7982	9.83759
17.8124	9.9487
17.8152	10.0598
17.817	10.1598
17.8171	10.2598
17.8174	10.3598
17.8201	10.4598
17.8223	10.5598
17.8408	10.6598
17.844	10.7598
17.8577	10.8598
17.8598	10.9598
17.8631	11.0598
17.8719	11.1507
17.8726	11.2416
17.8737	11.3325
17.8782	11.4234
17.879	11.5144
17.907	11.6053
17.9092	11.6962
17.9126	11.7871
17.9149	11.878
17.9162	11.9689
17.9169	12.0598
17.9226	12.1431
17.9247	12.2265
17.9287	12.3098
17.9364	12.3931
17.9431	12.4765
17.9605	12.5598
17.9653	12.6431
17.9674	12.7265
17.9688	12.8098
17.971	12.8931
17.9724	12.9765
17.9729	13.0598
17.9854	13.1367
17.9881	13.2137
17.9924	13.2906
17.995	13.3675
17.9999	13.4444
18.0138	13.5214
18.0227	13.5983
18.0248	13.6752
18.0261	13.7521
18.0289	13.829
18.0311	13.906
18.033	13.9829
18.0352	14.0598
18.0414	14.1312
18.0462	14.2027
18.051	14.2741
18.0549	14.3455
18.0595	14.417
18.0727	14.4884
18.0781	14.5598
18.0803	14.6312
18.0837	14.7027
18.0874	14.7741
18.0875	14.8455
18.0885	14.917
18.0892	14.9884
18.0906	15.0598
18.0987	15.1265
18.1006	15.1931
18.1062	7.59657
18.1098	7.73943
18.1105	7.88229
18.1318	8.02514
18.134	8.15014
18.1345	8.27514
18.1353	8.40014
18.1367	8.52514
18.1375	8.65014
18.1394	8.77514
18.1407	8.90014
18.1417	9.02514
18.1422	9.13626
18.149	9.24737
18.1531	9.35848
18.1709	9.46959
18.1716	9.5807
18.1722	9.69181
18.1735	9.80292
18.1769	9.91403
18.179	10.0251
18.1811	10.1251
18.1838	10.2251
18.1859	10.3251
18.2004	10.4251
18.201	10.5251
18.202	10.6251
18.2025	10.7251
18.2262	10.8251
18.2309	10.9251
18.2323	11.0251
18.2352	11.1161
18.236	11.207
18.237	11.2979
18.2378	11.3888
18.2392	11.4797
18.2417	11.5706
18.2439	11.6615
18.2544	5.83075
18.2584	6.03075
18.26	6.19742
18.2606	6.36409
18.2661	6.53075
18.2687	6.69742
18.2696	6.86409
18.2719	7.03075
18.2721	7.17361
18.2743	7.31647
18.2758	7.45933
18.2938	7.60218
18.295	7.74504
18.298	7.8879
18.2986	8.03075
18.2998	8.15575
18.302	8.28075
18.3046	8.40575
18.3127	8.53075
18.3136	8.65575
18.3166	8.78075
18.3173	8.90575
18.3195	9.03075
18.321	9.14186
18.322	9.25298
18.3229	9.36409
18.3254	9.4752
18.3263	9.58631
18.329	9.69742
18.3304	9.80853
18.3324	9.91964
18.3331	10.0308
18.3344	10.1308
18.3404	10.2308
18.344	10.3308
18.3534	10.4308
18.3555	10.5308
18.3561	10.6308
18.3574	10.7308
18.3599	10.8308
18.3602	10.9308
18.3609	11.0308
18.3616	11.1217
18.3623	11.2126
18.3632	11.3035
18.3702	11.3944
18.3709	11.4853
18.3737	11.5762
18.3758	11.6671
18.3779	11.758
18.3868	11.8489
18.3918	11.9398
18.3983	12.0308
18.3999	12.1141
18.4027	12.1974
18.4048	12.2808
18.4055	12.3641
18.4061	12.4474
18.4084	12.5308
18.4098	12.6141
18.4104	12.6974
18.4117	12.7808
18.4124	12.8641
18.4134	12.9474
18.414	13.0308
18.416	13.1077
18.4201	13.1846
18.4248	13.2615
18.4343	13.3384
18.4365	13.4154
18.4439	13.4923
18.4489	13.5692
18.4502	13.6461
18.4509	13.7231
18.4515	13.8
18.4585	13.8769
18.4591	13.9538
18.4606	14.0308
18.4619	14.1022
18.4626	14.1736
18.4633	14.245
18.4668	14.3165
18.4683	14.3879
18.469	14.4593
18.4705	14.5308
18.477	14.6022
18.4799	14.6736
18.4851	14.745
18.4864	14.8165
18.4899	14.8879
18.4982	14.9593
18.4997	15.0308
18.5002	15.0974
18.5099	15.1641
18.5112	15.2308
18.5126	15.2974
18.5134	15.3641
18.5141	15.4308
18.5188	15.4974
18.5259	15.5641
18.5358	15.6308
18.5461	15.6974
18.5487	15.7641
18.5495	15.8308
18.5566	15.8974
18.5586	15.9641
18.5613	16.0308
18.5622	16.0933
18.5655	16.1558
18.5662	16.2183
18.5683	16.2808
18.5689	16.3433
18.5702	16.4058
18.5787	16.4683
18.5876	16.5308
18.5961	16.5933
18.6008	16.6558
18.6064	16.7183
18.61	16.7808
18.6127	16.8433
18.6176	16.9058
18.6197	16.9683
18.6204	17.0308
18.6213	17.0896
18.6228	17.1484
18.6231	17.2072
18.6251	17.266
18.6256	17.3249
18.63	17.3837
18.6336	17.4425
18.6358	17.5013
18.666	17.5602
18.6688	17.619
18.6756	17.6778
18.6779	17.7366
18.6785	17.7955
18.6798	17.8543
18.6801	17.9131
18.6804	17.9719
18.6812	18.0308
18.6834	18.0863
18.6835	18.1419
18.6868	18.1974
18.6937	18.253
18.6952	18.3085
18.6959	18.3641
18.6988	18.4196
18.7015	18.4752
18.7272	18.5308
18.7291	18.5863
18.7299	18.6419
18.7313	18.6974
18.7326	18.753
18.7335	18.8085
18.7349	18.8641
18.743	18.9196
18.7444	18.9752
18.7451	19.0308
18.75	19.0834
18.752	19.136
18.7637	19.1886
18.7644	19.2413
18.7665	19.2939
18.7723	19.3465
18.7735	19.3992
18.784	19.4518
18.7916	19.5044
18.792	19.5571
18.7928	19.6097
18.7935	19.6623
18.7958	19.715
18.7986	19.7676
18.7999	19.8202
18.8082	19.8729
18.8095	19.9255
18.8116	19.9781
18.8123	20.0308
18.8137	20.0808
18.8282	20.1308
18.8295	20.1808
18.8322	20.2308
18.8385	20.2808
18.8397	20.3308
18.8474	20.3808
18.8504	20.4308
18.8516	20.4808
18.8558	20.5308
18.8593	20.5808
18.8616	20.6308
18.864	20.6808
18.8654	20.7308
18.8668	20.7808
18.871	20.8308
18.873	20.8808
18.8771	20.9308
18.8835	20.9808
18.8853	10.4904
18.8888	10.5904
18.892	10.6904
18.8979	10.7904
18.9027	10.8904
18.9048	10.9904
18.9118	11.0904
18.914	11.1813
18.9153	11.2722
18.9172	11.3631
18.918	11.454
18.9228	11.5449
18.9231	11.6358
18.9242	11.7267
18.9255	11.8176
18.9551	11.9086
18.9564	11.9995
18.9625	12.0904
18.963	12.1737
18.9634	12.257
18.9648	12.3404
18.9784	12.4237
18.9923	12.507
18.9931	12.5904
18.9942	12.6737
18.9964	12.757
18.9993	12.8404
19.0217	12.9237
19.0285	13.007
19.0287	13.084
19.0301	13.1609
19.0325	13.2378
19.034	13.3147
19.0359	13.3917
19.0395	13.4686
19.0493	13.5455
19.0532	13.6224
19.0538	13.6994
19.0625	13.7763
19.0786	13.8532
19.079	13.9301
19.0813	14.007
19.0894	14.0785
19.0921	14.1499
19.0956	14.2213
19.1003	14.2928
19.1149	14.3642
19.1233	14.4356
19.1246	14.507
19.1294	14.5785
19.1434	14.6499
19.1439	14.7213
19.1447	14.7928
19.1454	14.8642
19.1476	14.9356
19.1495	15.007
19.1508	15.0737
19.158	7.53686
19.172	7.67971
19.1801	7.82257
19.1815	7.96543
19.1877	8.10828
19.1932	8.23328
19.2155	8.35828
19.2161	8.48328
19.2195	8.60828
19.2211	8.73328
19.2244	8.85828
19.2311	8.98328
19.2319	9.10828
19.2333	9.21939
19.2729	9.33051
19.2744	9.44162
19.2764	9.55273
19.2778	9.66384
19.2846	9.77495
19.2856	9.88606
19.286	9.99717
19.2872	10.1083
19.3232	10.2083
19.3387	10.3083
19.3393	10.4083
19.3408	10.5083
19.3414	10.6083
19.3457	10.7083
19.3464	10.8083
19.3511	10.9083
19.3623	11.0083
19.3631	11.0992
19.3976	11.1901
19.4024	11.281
19.4029	11.3719
19.4032	11.4628
19.4064	11.5537
19.4101	11.6446
19.4114	11.7356
19.4191	11.8265
19.4475	11.9174
19.4532	12.0083
19.4545	12.0916
19.4565	12.175
19.4919	12.2583
19.4958	12.3416
19.4965	12.425
19.498	12.5083
19.4986	12.5916
19.536	12.675
19.537	12.7583
19.5394	12.8416
19.5431	12.925
19.5438	13.0083
19.5711	6.50414
19.5773	6.67081
19.5787	6.83748
19.5793	7.00414
19.584	7.147
19.5846	7.28986
19.5867	7.43271
19.6131	7.57557
19.6145	7.71843
19.6165	7.86128
19.6423	8.00414
19.6567	8.12914
19.6574	8.25414
19.6586	8.37914
19.6608	8.50414
19.6718	8.62914
19.6775	8.75414
19.6888	8.87914
19.6902	9.00414
19.7052	9.11525
19.7071	4.55763
19.7127	4.80763
19.7225	5.05763
19.7258	5.25763
19.7261	5.45763
19.7455	5.65763
19.747	5.85763
19.7525	6.05763
19.7636	6.22429
19.7662	6.39096
19.7862	6.55763
19.7883	6.72429
19.7917	6.89096
19.7972	7.05763
19.821	7.20048
19.8246	7.34334
19.8294	7.4862
19.8356	7.62906
19.8378	7.77191
19.8419	7.91477
19.8542	8.05763
19.8563	8.18263
19.86	8.30763
19.8625	8.43263
19.8847	8.55763
19.8888	8.68263
19.8924	8.80763
19.8944	8.93263
19.8958	9.05763
19.8985	9.16874
19.9026	9.27985
19.9265	9.39096
19.9271	9.50207
19.9383	9.61318
19.9389	9.72429
19.9396	9.8354
19.9404	9.94652
19.9451	10.0576
19.9469	10.1576
19.9621	5.07881
19.9641	5.27881
19.9656	5.47881
19.9746	5.67881
19.9765	5.87881
19.9768	6.07881
19.9822	6.24548
19.9997	6.41215
20.0079	6.57881
20.0092	6.74548
20.0098	6.91215
20.0105	7.07881
20.0148	7.22167
20.0374	7.36453
20.0416	7.50738
20.0438	7.65024
20.0444	7.7931
20.0462	7.93596
20.0465	8.07881
20.0494	8.20381
20.0618	8.32881
20.0631	8.45381
20.068	8.57881
20.0695	8.70381
20.0707	8.82881
20.0722	8.95381
20.0727	9.07881
20.0764	9.18992
20.0963	9.30104
20.0971	9.41215
20.0987	9.52326
20.0998	9.63437
20.1012	9.74548
20.1021	9.85659
20.1051	9.9677
20.1073	10.0788
20.1098	10.1788
20.1233	10.2788
20.1238	10.3788
20.1273	10.4788
20.1321	10.5788
20.1335	10.6788
20.1349	10.7788
20.1362	10.8788
20.1398	10.9788
20.1412	11.0788
20.1446	11.1697
20.1509	11.2606
20.1608	11.3515
20.164	11.4424
20.1663	11.5334
20.1682	11.6243
20.1717	11.7152
20.1725	11.8061
20.1743	11.897
20.1766	11.9879
20.1776	12.0788
20.1788	12.1621
20.1794	12.2455
20.1897	12.3288
20.1904	12.4121
20.1926	12.4955
20.1949	12.5788
20.1955	12.6621
20.2001	12.7455
20.2018	12.8288
20.2031	12.9121
20.2037	12.9955
20.2126	13.0788
20.2148	13.1557
20.2188	13.2327
20.2225	13.3096
20.2265	13.3865
20.2297	13.4634
20.231	13.5404
20.2329	13.6173
20.2335	13.6942
20.2404	13.7711
20.2417	6.88556
20.2454	7.05223
20.2458	7.19508
20.2579	7.33794
20.2605	7.4808
20.2646	7.62366
20.2654	7.76651
20.2675	7.90937
20.2729	8.05223
20.2757	8.17723
20.2785	8.30223
20.2838	8.42723
20.2847	4.21361
20.2876	4.46361
20.2888	4.71361
20.2987	4.96361
20.2992	5.21361
20.3012	5.41361
20.3067	5.61361
20.3095	5.81361
20.3158	6.01361
20.3192	6.18028
20.3222	6.34695
20.3227	6.51361
20.3243	6.68028
20.3266	6.84695
20.3297	7.01361
20.3367	7.15647
20.3408	7.29933
20.3462	7.44218
20.3659	7.58504
20.3689	7.7279
20.3802	7.87076
20.3809	8.01361
20.3921	8.13861
20.3954	8.26361
20.4003	8.38861
20.4011	8.51361
20.4052	8.63861
20.4135	8.76361
20.4169	8.88861
20.4337	9.01361
20.4379	9.12472
20.4457	9.23584
20.4477	9.34695
20.4518	9.45806
20.4615	9.56917
20.4638	9.68028
20.4753	9.79139
20.4825	9.9025
20.4909	10.0136
20.4915	5.00681
20.4935	5.20681
20.4964	5.40681
20.5136	5.60681
20.5349	5.80681
20.5381	6.00681
20.5571	6.17347
20.5869	6.34014
20.5901	6.50681
20.5908	6.67347
20.5976	6.84014
20.6052	7.00681
20.632	7.14966
20.6364	7.29252
20.6408	7.43538
20.6415	7.57824
20.6519	7.72109
20.6889	7.86395
20.6909	8.00681
20.6929	8.13181
20.695	4.0659
20.6989	4.3159
20.7004	4.5659
20.7006	4.8159
20.7069	5.0659
20.7133	5.2659
20.7373	5.4659
20.7394	5.6659
20.7472	5.8659
20.748	6.0659
20.7547	6.23257
20.7616	3.11629
20.7631	3.44962
20.7777	3.78295
20.7789	4.11629
20.7797	4.36629
20.7994	4.61629
20.8086	4.86629
20.809	5.11629
20.8099	5.31629
20.8176	5.51629
20.8366	5.71629
20.8378	5.91629
20.8452	6.11629
20.8457	6.28295
20.8471	3.14148
20.8527	3.47481
20.8542	3.80814
20.8603	4.14148
20.8838	4.39148
20.8929	4.64148
20.8958	4.89148
20.8986	5.14148
20.9017	5.34148
20.9373	5.54148
20.9408	5.74148
20.9443	5.94148
20.9448	6.14148
20.9476	6.30814
20.9741	6.47481
20.9742	6.64148
20.9842	6.80814
20.9849	6.97481
20.9863	7.14148
20.9889	7.28433
21.0105	7.42719
21.0122	7.57005
21.0234	7.7129
21.0242	7.85576
21.0256	7.99862
21.0286	8.14148
21.0327	8.26648
21.0559	8.39148
21.0573	8.51648
21.0655	8.64148
21.0668	8.76648
21.0682	8.89148
21.0689	9.01648
21.0703	9.12759
21.0977	9.2387
21.1008	9.34981
21.1093	9.46092
21.1106	9.57203
21.1145	9.68314
21.1156	9.79425
21.1175	9.90536
21.121	10.0165
21.1525	10.1165
21.1532	10.2165
21.1554	10.3165
21.1561	10.4165
21.1636	10.5165
21.1678	10.6165
21.1701	10.7165
21.1707	10.8165
21.1719	10.9165
21.2036	11.0165
21.2042	11.1074
21.2056	11.1983
21.2084	11.2892
21.2151	11.3801
21.2183	11.471
21.2212	11.5619
21.2218	11.6528
21.2225	11.7437
21.23	5.87187
21.2525	6.07187
21.2525	6.23854
21.2525	6.40521
21.253	6.57187
21.2535	6.73854
21.2608	6.90521
21.2625	7.07187
21.2704	7.21473
21.2718	7.35759
21.2753	7.50045
21.2936	7.6433
21.2942	7.78616
21.3042	7.92902
21.3154	8.07187
21.3258	8.19687
21.3272	8.32187
21.3278	8.44687
21.3446	8.57187
21.3469	8.69687
21.3514	8.82187
21.3652	8.94687
21.3675	9.07187
21.3867	9.18299
21.402	9.2941
21.4048	9.40521
21.4086	9.51632
21.4293	9.62743
21.4318	9.73854
21.4335	9.84965
21.4585	9.96076
21.459	10.0719
21.4612	10.1719
21.4833	10.2719
21.4849	10.3719
21.4902	10.4719
21.5152	10.5719
21.5172	10.6719
21.5186	10.7719
21.5193	10.8719
21.5325	5.43594
21.5444	5.63594
21.5472	5.83594
21.5507	6.03594
21.5767	6.2026
21.5776	6.36927
21.5788	6.53594
21.5802	6.7026
21.6149	6.86927
21.6339	7.03594
21.6354	7.17879
21.6366	7.32165
21.665	7.46451
21.6921	7.60737
21.6933	7.75022
21.6961	7.89308
21.7502	8.03594
21.753	8.16094
21.7545	8.28594
21.8143	8.41094
21.8165	8.53594
21.8192	8.66094
21.8206	8.78594
21.8262	8.91094
21.8443	4.45547
21.8605	4.70547
21.862	4.95547
21.8643	5.20547
21.8648	5.40547
21.8689	5.60547
21.907	5.80547
21.9077	6.00547
21.9114	6.17214
21.9183	6.3388
21.9469	6.50547
21.9511	6.67214
21.964	6.8388
21.9663	7.00547
21.9678	7.14833
21.9773	7.29118
21.9842	7.43404
21.9874	3.71702
21.9884	4.05035
21.9892	4.30035
21.9904	4.55035
21.992	4.80035
22.0022	5.05035
22.0071	5.25035
22.0181	5.45035
22.0234	5.65035
22.0399	5.85035
22.0414	6.05035
22.0448	6.21702
22.0483	6.38369
22.051	6.55035
22.069	6.71702
22.0697	6.88369
22.0718	7.05035
22.079	7.19321
22.0801	7.33607
22.083	7.47892
22.0981	7.62178
22.1024	7.76464
22.1035	7.9075
22.1111	8.05035
22.1118	4.02518
22.114	4.27518
22.1221	4.52518
22.1224	4.77518
22.1231	5.02518
22.1344	5.22518
22.1349	5.42518
22.1403	5.62518
22.1529	5.82518
22.1534	6.02518
22.1626	6.19184
22.1677	6.35851
22.1704	6.52518
22.1747	6.69184
22.1783	6.85851
22.1796	7.02518
22.1998	7.16803
22.2027	7.31089
22.215	7.45375
22.2245	7.59661
22.2274	7.73946
22.2295	7.88232
22.2335	8.02518
22.235	8.15018
22.2603	8.27518
22.2616	8.40018
22.2685	8.52518
22.2721	8.65018
22.2849	8.77518
22.2875	8.90018
22.2888	9.02518
22.2909	9.13629
22.2932	9.2474
22.3268	9.35851
22.3306	9.46962
22.3394	9.58073
22.341	9.69184
22.3539	9.80295
22.3545	9.91407
22.3561	10.0252
22.3567	10.1252
22.3928	10.2252
22.3961	10.3252
22.4021	10.4252
22.4074	10.5252
22.4275	10.6252
22.4289	10.7252
22.4449	10.8252
22.4469	10.9252
22.4478	11.0252
22.4529	11.1161
22.4557	11.207
22.4577	11.2979
22.4721	11.3888
22.4864	11.4797
22.5037	11.5706
22.5081	11.6615
22.5088	11.7524
22.5101	11.8434
22.5144	11.9343
22.5157	12.0252
22.5185	12.1085
22.5259	12.1918
22.5274	12.2752
22.5329	12.3585
22.5467	12.4418
22.5491	12.5252
22.5512	12.6085
22.5521	12.6918
22.5557	12.7752
22.5571	12.8585
22.5586	12.9418
22.569	13.0252
22.5749	13.1021
22.5833	13.179
22.5853	13.2559
22.5879	13.3329
22.589	13.4098
22.5905	13.4867
22.5913	13.5636
22.5927	13.6406
22.5941	13.7175
22.6059	13.7944
22.6071	13.8713
22.6149	13.9483
22.6229	14.0252
22.6258	14.0966
22.6296	14.168
22.6316	14.2395
22.6337	14.3109
22.6345	14.3823
22.6381	14.4537
22.6393	14.5252
22.6435	14.5966
22.6505	14.668
22.652	7.33402
22.6553	7.47687
22.6566	7.61973
22.6573	7.76259
22.6587	7.90545
22.6608	8.0483
22.6657	8.1733
22.669	8.2983
22.6717	8.4233
22.6745	8.5483
22.6803	8.6733
22.6865	8.7983
22.694	8.9233
22.7001	9.0483
22.7017	9.15941
22.7037	9.27052
22.7189	9.38164
22.7269	9.49275
22.7331	9.60386
22.7414	9.71497
22.7422	9.82608
22.7435	9.93719
22.7472	10.0483
22.7547	10.1483
22.7639	10.2483
22.7701	10.3483
22.7791	10.4483
22.7856	10.5483
22.7876	10.6483
22.7945	10.7483
22.7985	10.8483
22.8001	10.9483
22.8096	11.0483
22.8141	11.1392
22.8252	11.2301
22.8343	11.321
22.836	11.4119
22.8425	11.5028
22.8454	11.5938
22.8472	11.6847
22.8531	11.7756
22.8541	11.8665
22.857	11.9574
22.8584	12.0483
22.864	12.1316
22.876	12.215
22.8906	12.2983
22.8913	12.3816
22.8928	12.465
22.898	12.5483
22.9032	12.6316
22.9058	12.715
22.9096	12.7983
22.9163	12.8816
22.9198	12.965
22.935	13.0483
22.9425	13.1252
22.9511	13.2021
22.9545	13.2791
22.9552	13.356
22.9573	13.4329
22.9606	13.5098
22.9627	13.5868
22.9735	13.6637
22.9816	13.7406
22.9873	6.87031
22.9961	7.03697
23.0043	7.17983
23.0078	7.32269
23.0086	7.46554
23.0102	7.6084
23.0105	7.75126
23.0168	7.89411
23.0244	8.03697
23.0547	8.16197
23.0639	8.28697
23.0759	8.41197
23.0799	8.53697
23.0967	8.66197
23.1178	8.78697
23.1277	8.91197
23.1317	9.03697
23.1325	9.14808
23.1482	9.25919
23.149	9.37031
23.1775	9.48142
23.1845	9.59253
23.1886	9.70364
23.1912	9.81475
23.1933	9.92586
23.2142	10.037
23.2189	10.137
23.2438	10.237
23.2486	10.337
23.2583	10.437
23.259	5.21849
23.2616	5.41849
23.2638	5.61849
23.2748	5.81849
23.2817	6.01849
23.2948	6.18515
23.297	6.35182
23.312	6.51849
23.3181	6.68515
23.3195	6.85182
23.3367	7.01849
23.3456	7.16134
23.372	7.3042
23.3741	7.44706
23.3937	7.58991
23.3962	7.73277
23.4011	7.87563
23.4025	8.01849
23.4217	8.14349
23.4247	8.26849
23.4415	8.39349
23.445	8.51849
23.4492	8.64349
23.4497	8.76849
23.4616	8.89349
23.4637	9.01849
23.4679	9.1296
23.4818	9.24071
23.4886	9.35182
23.4922	9.46293
23.4992	9.57404
23.501	9.68515
23.5089	9.79626
23.5189	9.90737
23.5239	10.0185
23.529	10.1185
23.5391	10.2185
23.5431	10.3185
23.5496	10.4185
23.5598	10.5185
23.5612	10.6185
23.5694	10.7185
23.5802	10.8185
23.5881	10.9185
23.5885	11.0185
23.5892	11.1094
23.5933	11.2003
23.5955	11.2912
23.5961	11.3821
23.5975	11.473
23.6009	11.5639
23.6044	11.6548
23.6119	11.7458
23.624	11.8367
23.6246	11.9276
23.6261	12.0185
23.6338	12.1018
23.6366	12.1852
23.6391	12.2685
23.6428	12.3518
23.6531	12.4352
23.6545	12.5185
23.6566	12.6018
23.6645	12.6852
23.6706	12.7685
23.6761	12.8518
23.6809	12.9352
23.6823	13.0185
23.6829	13.0954
23.6838	13.1723
23.689	13.2493
23.69	13.3262
23.6904	13.4031
23.705	13.48
23.7133	13.5569
23.7147	13.6339
23.7163	13.7108
23.7168	13.7877
23.7175	13.8646
23.719	13.9416
23.7209	14.0185
23.7223	14.0899
23.7396	14.1613
23.7425	14.2328
23.7453	14.3042
23.7494	14.3756
23.7499	14.4471
23.7514	14.5185
23.7548	14.5899
23.7575	14.6613
23.7589	14.7328
23.7617	14.8042
23.7713	14.8756
23.7741	14.9471
23.7755	15.0185
23.7776	15.0852
23.7807	15.1518
23.7821	15.2185
23.7875	15.2852
23.789	15.3518
23.7896	15.4185
23.7957	15.4852
23.8025	7.74258
23.8061	7.88543
23.8123	8.02829
23.8144	8.15329
23.8158	8.27829
23.8215	8.40329
23.8236	8.52829
23.8257	8.65329
23.8271	8.77829
23.8278	8.90329
23.8291	9.02829
23.8334	9.1394
23.8432	9.25051
23.8686	9.36162
23.8688	9.47274
23.8707	9.58385
23.8731	9.69496
23.8762	9.80607
23.8775	9.91718
23.8958	10.0283
23.8978	10.1283
23.9075	10.2283
23.9137	10.3283
23.9145	10.4283
23.9159	10.5283
23.917	10.6283
23.9189	10.7283
23.9263	10.8283
23.9269	10.9283
23.9304	11.0283
23.9535	11.1192
23.956	11.2101
23.96	11.301
23.9605	11.3919
23.9613	11.4828
23.9624	11.5737
23.9767	11.6647
23.9775	11.7556
23.9815	11.8465
23.9821	11.9374
23.9972	12.0283
23.9994	12.1116
24.0015	12.195
24.0125	12.2783
24.0129	12.3616
24.0188	12.445
24.0194	12.5283
24.0341	6.26415
24.0379	6.43081
24.0388	6.59748
24.042	6.76415
24.0437	6.93081
24.061	7.09748
24.0627	7.24034
24.0715	7.38319
24.073	7.52605
24.1272	7.66891
24.1306	7.81176
24.1389	7.95462
24.1405	8.09748
24.189	8.22248
24.194	8.34748
24.2028	8.47248
24.2043	8.59748
24.2073	8.72248
24.2301	8.84748
24.2316	8.97248
24.2419	9.09748
24.2449	9.20859
24.2589	9.3197
24.263	9.43081
24.2668	9.54192
24.292	9.65303
24.2934	9.76415
24.3018	9.87526
24.3031	9.98637
24.3045	10.0975
24.3071	10.1975
24.3093	10.2975
24.3133	10.3975
24.3335	10.4975
24.3348	10.5975
24.3422	10.6975
24.3436	10.7975
24.3467	10.8975
24.3475	10.9975
24.3486	11.0975
24.3527	11.1884
24.3601	11.2793
24.3786	11.3702
24.3959	11.4611
24.3984	11.552
24.4049	11.6429
24.4062	11.7338
24.4082	11.8248
24.4104	11.9157
24.4117	12.0066
24.4134	12.0899
24.4163	12.1732
24.4257	12.2566
24.4418	12.3399
24.4498	12.4232
24.4527	12.5066
24.4533	12.5899
24.4568	12.6732
24.4579	12.7566
24.4587	12.8399
24.4598	12.9232
24.4639	13.0066
24.4724	13.0835
24.4773	13.1604
24.4949	13.2373
24.4977	13.3143
24.4989	13.3912
24.5017	13.4681
24.5091	13.545
24.5119	13.622
24.5139	13.6989
24.516	13.7758
24.5197	13.8527
24.5326	13.9296
24.5368	14.0066
24.5373	7.00328
24.5399	7.14614
24.5432	7.289
24.5488	7.43186
24.5549	7.57471
24.5558	7.71757
24.5575	7.86043
24.5664	8.00328
24.5686	8.12828
24.5712	8.25328
24.5831	8.37828
24.595	8.50328
24.5957	8.62828
24.5993	8.75328
24.6143	8.87828
24.6151	9.00328
24.617	9.1144
24.6223	9.22551
24.632	9.33662
24.6323	9.44773
24.6333	9.55884
24.6356	9.66995
24.6426	9.78106
24.6523	9.89217
24.6532	10.0033
24.6539	10.1033
24.6552	10.2033
24.6597	10.3033
24.6743	10.4033
24.675	10.5033
24.6761	10.6033
24.6769	10.7033
24.6788	10.8033
24.6852	10.9033
24.6979	11.0033
24.702	11.0942
24.7025	11.1851
24.7049	11.276
24.7057	11.3669
24.7064	11.4578
24.7071	11.5487
24.7162	11.6396
24.7279	11.7306
24.7287	11.8215
24.7328	11.9124
24.7336	12.0033
24.737	12.0866
24.738	12.17
24.7387	12.2533
24.7396	12.3366
24.7605	12.42
24.7667	12.5033
24.7744	12.5866
24.7825	12.67
24.7882	12.7533
24.7893	6.37664
24.8068	6.54331
24.8189	6.70998
24.828	6.87664
24.8349	7.04331
24.9626	7.18617
24.9713	7.32902
24.9721	7.47188
24.9733	7.61474
24.9753	7.75759
24.9774	7.90045
24.9987	8.04331
25.0044	8.16831
25.0058	8.29331
25.0063	8.41831
25.0084	8.54331
25.011	8.66831
25.0131	8.79331
25.039	8.91831
25.0415	9.04331
25.045	9.15442
25.0455	9.26553
25.0469	9.37664
25.05	9.48775
25.0513	9.59886
25.0523	9.70998
25.0803	9.82109
25.0831	9.9322
25.0838	10.0433
25.0872	10.1433
25.0887	10.2433
25.0908	10.3433
25.0926	10.4433
25.0936	10.5433
25.1287	10.6433
25.1295	10.7433
25.1301	10.8433
25.1322	10.9433
25.1335	11.0433
25.1343	11.1342
25.1349	11.2251
25.1357	11.316
25.166	11.4069
25.1674	11.4979
25.1707	11.5888
25.1713	11.6797
25.172	11.7706
25.1728	11.8615
25.1734	11.9524
25.1743	12.0433
25.1775	12.1266
25.2057	12.21
25.2077	12.2933
25.2147	12.3766
25.2156	12.46
25.2162	12.5433
25.2169	12.6266
25.2175	12.71
25.2198	12.7933
25.2203	12.8766
25.2228	12.96
25.2521	6.47999
25.255	6.64665
25.2572	6.81332
25.2581	6.97999
25.2586	7.14665
25.2599	7.28951
25.2616	7.43237
25.263	7.57523
25.2638	7.71808
25.2675	7.86094
25.298	8.0038
25.3	8.1288
25.3023	8.2538
25.3032	8.3788
25.304	8.5038
25.3266	8.6288
25.3371	8.7538
25.3382	8.8788
25.3414	9.0038
25.3417	9.11491
25.3448	9.22602
25.3461	9.33713
25.3675	9.44824
25.3717	9.55935
25.3773	9.67046
25.3786	9.78158
25.3792	9.89269
25.3807	10.0038
25.382	10.1038
25.385	10.2038
25.4052	10.3038
25.4132	10.4038
25.4165	10.5038
25.4192	10.6038
25.4221	10.7038
25.4227	10.8038
25.4233	10.9038
25.4241	11.0038
25.428	11.0947
25.4499	11.1856
25.4505	11.2765
25.4561	11.3674
25.4601	11.4583
25.4628	11.5493
25.4656	11.6402
25.4666	11.7311
25.4702	11.822
25.4744	11.9129
25.478	12.0038
25.4883	12.0871
25.491	12.1705
25.4933	12.2538
25.4952	12.3371
25.4959	12.4205
25.4994	12.5038
25.5038	12.5871
25.5083	12.6705
25.509	12.7538
25.5208	12.8371
25.522	12.9205
25.5227	13.0038
25.527	13.0807
25.5304	13.1576
25.5383	13.2346
25.5415	13.3115
25.5529	13.3884
25.5536	13.4653
25.555	13.5423
25.5572	13.6192
25.5632	13.6961
25.5649	13.773
25.5736	13.85
25.5769	13.9269
25.5871	14.0038
25.5882	14.0752
25.591	14.1467
25.5914	14.2181
25.5926	14.2895
25.5931	14.3609
25.603	14.4324
25.6079	14.5038
25.626	7.2519
25.6307	7.39476
25.6353	7.53761
25.6372	7.68047
25.6394	7.82333
25.6421	7.96618
25.6439	8.10904
25.6751	8.23404
25.6763	8.35904
25.68	8.48404
25.7134	8.60904
25.7145	8.73404
25.7182	8.85904
25.7578	8.98404
25.7598	9.10904
25.7607	9.22015
25.763	9.33126
25.7679	9.44237
25.8046	9.55349
25.8067	9.6646
25.8075	9.77571
25.8082	9.88682
25.8105	9.99793
25.8158	10.109
25.8426	10.209
25.8439	10.309
25.8447	10.409
25.853	10.509
25.8569	10.609
25.8571	10.709
25.8578	10.809
25.861	10.909
25.8647	11.009
25.8691	11.1
25.8924	11.1909
25.894	11.2818
25.8947	11.3727
25.9028	11.4636
25.9053	11.5545
25.9081	11.6454
25.9096	11.7363
25.9175	11.8272
25.9462	11.9181
25.9509	12.009
25.9523	12.0924
25.9543	12.1757
25.9549	12.259
25.9627	12.3424
25.9934	12.4257
26.0018	12.509
26.0038	12.5924
26.0083	12.6757
26.0107	12.759
26.0163	12.8424
26.0495	12.9257
26.062	13.009
26.064	13.086
26.0682	13.1629
26.0693	6.58144
26.0725	6.74811
26.0785	6.91478
26.0959	7.08144
26.1064	7.2243
26.1083	7.36716
26.112	7.51002
26.1141	7.65287
26.1474	7.79573
26.1491	7.93859
26.1504	8.08144
26.1543	8.20644
26.156	8.33144
26.1568	8.45644
26.1923	8.58144
26.1943	8.70644
26.1965	8.83144
26.1974	8.95644
26.1985	9.08144
26.2	9.19255
26.2012	9.30367
26.2053	9.41478
26.234	9.52589
26.2349	9.637
26.2376	9.74811
26.2396	9.85922
26.241	9.97033
26.2422	10.0814
26.2439	10.1814
26.2448	10.2814
26.2599	10.3814
26.2865	10.4814
26.2872	10.5814
26.2901	10.6814
26.2913	10.7814
26.2963	10.8814
26.2987	10.9814
26.2995	11.0814
26.3035	11.1724
26.3057	11.2633
26.3096	11.3542
26.3421	11.4451
26.3453	11.536
26.3486	11.6269
26.3572	11.7178
26.3609	11.8087
26.3641	11.8996
26.3926	11.9905
26.3933	12.0814
26.3975	12.1648
26.4014	12.2481
26.4053	12.3314
26.4379	12.4148
26.4387	12.4981
26.4401	12.5814
26.4409	12.6648
26.4417	12.7481
26.4692	12.8314
26.47	12.9148
26.4714	12.9981
26.4728	13.0814
26.4738	13.1584
26.4917	6.57918
26.4942	6.74585
26.4962	6.91252
26.4984	7.07918
26.5025	7.22204
26.5032	7.3649
26.5039	7.50775
26.5375	7.65061
26.5382	7.79347
26.539	7.93633
26.5397	8.07918
26.5403	8.20418
26.5409	8.32918
26.5728	8.45418
26.5757	8.57918
26.5774	8.70418
26.5792	8.82918
26.58	8.95418
26.5932	9.07918
26.6134	9.19029
26.6152	9.30141
26.6179	9.41252
26.6186	9.52363
26.6257	9.63474
26.628	9.74585
26.6332	9.85696
26.6371	9.96807
26.6417	10.0792
26.6476	10.1792
26.6483	10.2792
26.6601	10.3792
26.6719	10.4792
26.6746	10.5792
26.6787	10.6792
26.68	10.7792
26.6807	10.8792
26.6814	10.9792
26.6875	11.0792
26.6942	11.1701
26.6972	11.261
26.7038	11.3519
26.7059	11.4428
26.7075	11.5337
26.7087	11.6246
26.7145	11.7155
26.7151	11.8065
26.7219	11.8974
26.7237	11.9883
26.7309	12.0792
26.7339	12.1625
26.7357	12.2459
26.7403	12.3292
26.7431	6.16459
26.7552	6.33126
26.7565	6.49793
26.7572	6.66459
26.758	6.83126
26.7638	6.99793
26.7645	7.16459
26.7672	7.30745
26.7711	7.45031
26.7733	7.59316
26.7938	7.73602
26.7947	7.87888
26.7986	8.02173
26.8007	8.14673
26.8024	8.27173
26.8031	8.39673
26.8179	8.52173
26.8196	8.64673
26.8252	8.77173
26.8255	8.89673
26.8263	9.02173
26.827	9.13285
26.8276	9.24396
26.8489	9.35507
26.851	9.46618
26.8559	9.57729
26.8564	9.6884
26.8602	9.79951
26.8609	9.91062
26.8626	10.0217
26.8633	10.1217
26.8904	10.2217
26.892	10.3217
26.8937	10.4217
26.8943	10.5217
26.8974	10.6217
26.8987	10.7217
26.8998	10.8217
26.9001	10.9217
26.9008	11.0217
26.9199	11.1126
26.925	11.2036
26.9283	11.2945
26.9311	11.3854
26.9339	11.4763
26.9346	11.5672
26.9356	11.6581
26.9363	11.749
26.9375	11.8399
26.9381	11.9308
26.9489	12.0217
26.951	12.1051
26.9533	12.1884
26.956	12.2717
26.9634	12.3551
26.9657	12.4384
26.9678	12.5217
26.9694	12.6051
26.9702	12.6884
26.972	12.7717
26.9827	12.8551
26.9834	12.9384
26.9868	13.0217
26.9876	13.0987
26.991	13.1756
26.9952	13.2525
26.9966	13.3294
26.9978	13.4063
27.0014	13.4833
27.0025	13.5602
27.0057	13.6371
27.0266	13.714
27.0285	13.791
27.033	13.8679
27.0372	13.9448
27.0394	14.0217
27.0399	14.0932
27.0405	14.1646
27.0415	14.236
27.0419	14.3074
27.0456	14.3789
27.0469	14.4503
27.0478	14.5217
27.0558	7.26087
27.0761	7.40372
27.0772	7.54658
27.0791	7.68944
27.0863	7.8323
27.0876	7.97515
27.0884	8.11801
27.0897	8.24301
27.0912	8.36801
27.0918	8.49301
27.0933	8.61801
27.0946	8.74301
27.0971	8.86801
27.0979	8.99301
27.1326	9.11801
27.1334	9.22912
27.1342	9.34023
27.1347	9.45134
27.1366	9.56245
27.1377	9.67357
27.1392	9.78468
27.1406	9.89579
27.17	10.0069
27.171	10.1069
27.1729	10.2069
27.1762	10.3069
27.1778	10.4069
27.179	10.5069
27.1797	10.6069
27.1826	10.7069
27.1843	10.8069
27.2187	10.9069
27.22	11.0069
27.2209	11.0978
27.2218	11.1887
27.2223	11.2796
27.224	11.3705
27.2254	11.4614
27.2569	11.5524
27.2605	11.6433
27.2615	11.7342
27.2628	11.8251
27.2658	11.916
27.2696	12.0069
27.2703	12.0902
27.2717	12.1736
27.2928	12.2569
27.2945	12.3402
27.2973	12.4236
27.2985	12.5069
27.2991	12.5902
27.3027	12.6736
27.3033	12.7569
27.304	12.8402
27.306	12.9236
27.3235	13.0069
27.3274	13.0838
27.3312	13.1607
27.3318	13.2377
27.334	13.3146
27.3401	13.3915
27.3408	13.4684
27.3417	13.5454
27.3651	13.6223
27.3672	13.6992
27.368	13.7761
27.3689	13.8531
27.3704	13.93
27.3747	14.0069
27.376	14.0783
27.3886	7.03916
27.4033	7.18202
27.4085	7.32488
27.4093	7.46774
27.4124	7.61059
27.4145	7.75345
27.4152	7.89631
27.4172	8.03916
27.4427	8.16416
27.4442	8.28916
27.4459	8.41416
27.4471	8.53916
27.4701	8.66416
27.4707	8.78916
27.4726	8.91416
27.4735	9.03916
27.5049	9.15027
27.5064	9.26139
27.5069	9.3725
27.5079	9.48361
27.5098	9.59472
27.5429	9.70583
27.5442	9.81694
27.5456	9.92805
27.547	10.0392
27.5502	10.1392
27.5516	10.2392
27.568	10.3392
27.5759	10.4392
27.5772	10.5392
27.5817	10.6392
27.5852	10.7392
27.5866	10.8392
27.5875	10.9392
27.588	11.0392
27.59	11.1301
27.6032	11.221
27.6071	11.3119
27.6097	11.4028
27.6158	11.4937
27.6189	11.5846
27.6195	11.6755
27.6202	11.7664
27.6221	11.8573
27.6229	11.9483
27.6275	12.0392
27.6329	12.1225
27.6356	12.2058
27.6413	12.2892
27.6471	12.3725
27.6485	12.4558
27.6489	12.5392
27.6507	12.6225
27.6519	12.7058
27.6545	12.7892
27.6555	12.8725
27.6612	12.9558
27.6646	13.0392
27.6676	13.1161
27.672	13.193
27.6728	13.2699
27.6747	13.3469
27.6809	13.4238
27.6825	13.5007
27.6848	13.5776
27.6855	13.6545
27.6911	13.7315
27.6955	13.8084
27.6962	13.8853
27.6981	13.9622
27.699	14.0392
27.6997	14.1106
27.7021	14.182
27.7098	14.2534
27.7161	14.3249
27.7178	14.3963
27.7187	14.4677
27.7221	14.5392
27.7258	14.6106
27.7273	14.682
27.7286	14.7534
27.7318	14.8249
27.7328	14.8963
27.748	14.9677
27.7541	15.0392
27.7555	15.1058
27.7562	15.1725
27.7583	15.2392
27.7614	15.3058
27.7681	15.3725
27.7689	15.4392
27.7739	15.5058
27.7746	15.5725
27.7906	15.6392
27.7915	7.81958
27.7955	7.96244
27.7962	8.1053
27.7988	8.2303
27.8001	8.3553
27.8035	8.4803
27.8058	8.6053
27.8093	8.7303
27.8099	8.8553
27.8167	8.9803
27.8194	9.1053
27.8301	9.21641
27.8392	9.32752
27.8486	9.43863
27.8584	9.54974
27.8601	9.66085
27.8605	9.77196
27.8611	9.88307
27.8661	9.99419
27.8724	10.1053
27.8856	10.2053
27.8967	10.3053
27.8976	10.4053
27.8988	10.5053
27.8997	10.6053
27.901	10.7053
27.9038	10.8053
27.9108	10.9053
27.9312	11.0053
27.932	11.0962
27.9351	11.1871
27.9372	11.278
27.938	11.3689
27.9393	11.4598
27.9408	11.5508
27.945	11.6417
27.9578	11.7326
27.9596	11.8235
27.9625	11.9144
27.9637	12.0053
27.9658	12.0886
27.9673	12.172
27.9679	12.2553
27.9715	12.3386
27.979	12.422
27.9807	12.5053
27.9829	12.5886
27.9836	12.672
27.9841	12.7553
27.9897	12.8386
27.9911	12.922
27.9936	13.0053
27.9959	13.0822
28.0022	13.1591
28.0043	13.2361
28.0073	13.313
28.0086	13.3899
28.0101	13.4668
28.0121	13.5438
28.013	13.6207
28.0166	13.6976
28.018	13.7745
28.0216	13.8515
28.0259	13.9284
28.0313	14.0053
28.0348	14.0767
28.0362	14.1482
28.0375	14.2196
28.041	14.291
28.0417	14.3624
28.0444	14.4339
28.0457	14.5053
28.0494	14.5767
28.0551	14.6482
28.0597	14.7196
28.0613	14.791
28.0624	14.8624
28.0638	14.9339
28.0652	15.0053
28.068	15.072
28.0701	15.1386
28.0742	15.2053
28.075	15.272
28.077	15.3386
28.0843	15.4053
28.0875	15.472
28.0883	15.5386
28.0895	15.6053
28.091	15.672
28.0925	15.7386
28.0949	7.86931
28.0952	8.01217
28.0999	8.13717
28.1024	8.26217
28.1047	8.38717
28.1058	8.51217
28.1075	8.63717
28.112	8.76217
28.1153	8.88717
28.1179	9.01217
28.1193	9.12328
28.1225	9.23439
28.1369	9.34551
28.1393	9.45662
28.1452	9.56773
28.1499	9.67884
28.1512	9.78995
28.1519	9.90106
28.1562	10.0122
28.1592	10.1122
28.1687	10.2122
28.1692	10.3122
28.1705	10.4122
28.1752	10.5122
28.177	10.6122
28.1796	10.7122
28.1803	10.8122
28.1823	10.9122
28.1919	11.0122
28.1929	11.1031
28.198	11.194
28.2013	11.2849
28.2055	11.3758
28.2069	11.4667
28.2082	11.5576
28.2089	11.6485
28.2096	11.7394
28.2103	11.8304
28.2131	11.9213
28.2227	12.0122
28.2264	12.0955
28.2331	12.1788
28.2382	12.2622
28.2412	12.3455
28.2423	12.4288
28.2434	12.5122
28.2449	12.5955
28.2461	12.6788
28.2489	12.7622
28.2511	12.8455
28.2572	12.9288
28.258	13.0122
28.2609	13.0891
28.2624	13.166
28.2636	13.2429
28.2657	13.3199
28.2678	13.3968
28.2684	13.4737
28.269	13.5506
28.272	13.6276
28.2736	13.7045
28.277	13.7814
28.284	13.8583
28.2878	13.9352
28.2892	14.0122
28.3045	14.0836
28.3066	14.155
28.3074	14.2265
28.3091	14.2979
28.3105	14.3693
28.3118	14.4407
28.3133	14.5122
28.3152	14.5836
28.3161	14.655
28.3195	14.7265
28.32	14.7979
28.3289	14.8693
28.3303	14.9407
28.3326	15.0122
28.3341	15.0788
28.3379	15.1455
28.3419	15.2122
28.3462	15.2788
28.3485	15.3455
28.3514	15.4122
28.3559	15.4788
28.3565	15.5455
28.3649	15.6122
28.3654	15.6788
28.3662	15.7455
28.3706	15.8122
28.375	15.8788
28.3758	15.9455
28.3794	16.0122
28.3825	16.0747
28.3934	16.1372
28.3952	16.1997
28.3967	16.2622
28.3981	16.3247
28.4039	16.3872
28.406	16.4497
28.4081	16.5122
28.4095	16.5747
28.4102	16.6372
28.4198	16.6997
28.4224	16.7622
28.4243	16.8247
28.4254	16.8872
28.4312	16.9497
28.4336	17.0122
28.4356	17.071
28.4397	17.1298
28.4422	17.1886
28.4475	17.2475
28.4489	17.3063
28.4496	17.3651
28.4511	17.4239
28.4532	17.4828
28.4538	17.5416
28.4545	17.6004
28.4557	17.6592
28.4587	17.7181
28.4627	17.7769
28.4672	17.8357
28.4673	8.91785
28.4695	9.04285
28.47	9.15396
28.4711	9.26507
28.4725	9.37618
28.4776	9.4873
28.479	9.59841
28.4797	9.70952
28.4854	9.82063
28.4963	9.93174
28.4973	10.0429
28.4977	10.1429
28.4984	10.2429
28.5039	10.3429
28.5108	10.4429
28.5253	10.5429
28.5296	10.6429
28.5301	10.7429
28.5404	10.8429
28.5411	10.9429
28.5521	11.0429
28.5556	11.1338
28.5657	11.2247
28.5681	11.3156
28.5721	11.4065
28.5757	11.4974
28.5788	11.5883
28.5822	11.6792
28.583	11.7701
28.588	11.861
28.6019	11.9519
28.6027	12.0429
28.6084	12.1262
28.6098	12.2095
28.6122	12.2929
28.6136	12.3762
28.6154	12.4595
28.6199	12.5429
28.6393	12.6262
28.6408	12.7095
28.6421	12.7929
28.6442	12.8762
28.6505	12.9595
28.6511	13.0429
28.6519	13.1198
28.6573	13.1967
28.6812	13.2736
28.6818	13.3505
28.6839	13.4275
28.6861	13.5044
28.6888	13.5813
28.6933	13.6582
28.6942	13.7352
28.695	13.8121
28.6987	13.889
28.6987	6.9445
28.7237	7.11117
28.7256	7.25403
28.7271	7.39688
28.7302	7.53974
28.739	7.6826
28.7419	7.82545
28.7427	7.96831
28.7437	8.11117
28.7443	8.23617
28.7458	8.36117
28.7689	8.48617
28.7762	8.61117
28.7783	8.73617
28.7797	8.86117
28.7803	8.98617
28.781	9.11117
28.7823	9.22228
28.7966	9.33339
28.801	9.4445
28.8033	9.55561
28.8039	9.66672
28.8046	9.77784
28.8053	9.88895
28.8065	10.0001
28.8083	10.1001
28.8156	10.2001
28.8225	10.3001
28.8269	10.4001
28.8311	10.5001
28.8317	10.6001
28.833	10.7001
28.8338	10.8001
28.8346	10.9001
28.8358	11.0001
28.8367	11.091
28.8445	11.1819
28.853	11.2728
28.8581	11.3637
28.8669	11.4546
28.868	11.5455
28.8695	11.6364
28.8701	11.7273
28.8709	11.8182
28.8714	11.9091
28.8721	12.0001
28.8728	12.0834
28.8779	12.1667
28.8869	12.2501
28.892	12.3334
28.8978	12.4167
28.8998	12.5001
28.9013	12.5834
28.9025	12.6667
28.9048	12.7501
28.9062	12.8334
28.9069	12.9167
28.9077	13.0001
28.9082	13.077
28.9119	13.1539
28.9202	13.2308
28.9271	13.3078
28.931	13.3847
28.9318	13.4616
28.9323	13.5385
28.9364	13.6154
28.9372	13.6924
28.9379	13.7693
28.9393	13.8462
28.9434	13.9231
28.9508	14.0001
28.9593	14.0715
28.9676	14.1429
28.9689	14.2143
28.9707	14.2858
28.9711	14.3572
28.972	14.4286
28.9733	14.5001
28.9739	14.5715
28.9774	14.6429
28.9787	14.7143
28.9822	14.7858
28.989	14.8572
28.9973	14.9286
28.9983	15.0001
28.9992	15.0667
29.0025	15.1334
29.003	15.2001
29.0044	15.2667
29.0058	15.3334
29.0129	15.4001
29.0198	15.4667
29.0284	15.5334
29.0305	15.6001
29.0318	15.6667
29.0339	15.7334
29.0348	15.8001
29.0355	15.8667
29.0377	15.9334
29.0382	16.0001
29.047	16.0626
29.0553	16.1251
29.0637	16.1876
29.0656	16.2501
29.0664	16.3126
29.0672	16.3751
29.0685	16.4376
29.0703	16.5001
29.0707	16.5626
29.0715	16.6251
29.0771	16.6876
29.0869	16.7501
29.0989	16.8126
29.0997	16.8751
29.101	16.9376
29.1012	8.46878
29.1028	8.59378
29.1075	8.71878
29.1076	8.84378
29.1103	8.96878
29.118	9.09378
29.1292	9.20489
29.1312	9.316
29.1368	9.42711
29.1391	9.53822
29.1405	9.64933
29.1417	9.76045
29.1443	9.87156
29.1509	9.98267
29.165	10.0938
29.1665	10.1938
29.1743	10.2938
29.1853	10.3938
29.1978	10.4938
29.1996	10.5938
29.2018	10.6938
29.2082	10.7938
29.2148	10.8938
29.2274	10.9938
29.2286	11.0938
29.2307	11.1847
29.2386	11.2756
29.2407	11.3665
29.2587	11.4574
29.2607	11.5483
29.2615	11.6392
29.2648	11.7301
29.2801	11.8211
29.2814	11.912
29.2864	12.0029
29.2897	12.0862
29.2936	12.1695
29.2952	12.2529
29.3001	12.3362
29.3018	12.4195
29.3062	12.5029
29.3081	12.5862
29.3087	12.6695
29.3161	12.7529
29.3167	12.8362
29.3195	12.9195
29.323	13.0029
29.3257	13.0798
29.3262	13.1567
29.3363	13.2336
29.3381	13.3106
29.3397	13.3875
29.342	13.4644
29.3434	13.5413
29.3441	13.6183
29.3448	13.6952
29.3542	13.7721
29.3558	13.849
29.3599	13.9259
29.3623	14.0029
29.3699	14.0743
29.3709	14.1457
29.3753	14.2172
29.3776	14.2886
29.3816	14.36
29.3916	14.4314
29.3936	14.5029
29.3946	14.5743
29.3984	14.6457
29.3991	14.7172
29.4014	14.7886
29.4135	14.86
29.4162	14.9314
29.4172	15.0029
29.4178	15.0695
29.4205	15.1362
29.4216	15.2029
29.4348	15.2695
29.4396	15.3362
29.441	15.4029
29.4426	15.4695
29.4438	7.73477
29.4453	7.87763
29.449	8.02048
29.4499	8.14548
29.4587	8.27048
29.4607	8.39548
29.4636	8.52048
29.4644	8.64548
29.4844	8.77048
29.4851	8.89548
29.4873	9.02048
29.5091	9.13159
29.5097	9.2427
29.5107	9.35382
29.5114	9.46493
29.5267	9.57604
29.5283	9.68715
29.5307	9.79826
29.533	9.90937
29.5363	10.0205
29.5497	10.1205
29.5524	10.2205
29.5531	10.3205
29.5543	10.4205
29.5551	10.5205
29.5636	10.6205
29.5709	10.7205
29.5723	10.8205
29.574	10.9205
29.5783	11.0205
29.5809	11.1114
29.5823	11.2023
29.5868	11.2932
29.588	11.3841
29.5894	11.475
29.591	11.5659
29.6007	11.6568
29.6027	11.7478
29.6031	11.8387
29.6063	11.9296
29.6099	12.0205
29.6113	12.1038
29.6212	12.1871
29.6222	12.2705
29.6235	12.3538
29.6272	12.4371
29.6285	12.5205
29.632	12.6038
29.6327	12.6871
29.6382	12.7705
29.6409	12.8538
29.6431	12.9371
29.6442	13.0205
29.6448	13.0974
29.6496	13.1743
29.6563	13.2513
29.6611	13.3282
29.662	13.4051
29.6628	13.482
29.6648	13.5589
29.6649	13.6359
29.6707	13.7128
29.6776	13.7897
29.6826	13.8666
29.6833	13.9436
29.684	14.0205
29.6851	14.0919
29.6856	14.1633
29.69	14.2348
29.6961	14.3062
29.7012	14.3776
29.704	14.4491
29.7055	14.5205
29.7102	14.5919
29.7188	14.6633
29.7203	14.7348
29.7214	14.8062
29.7238	14.8776
29.7309	14.9491
29.7408	15.0205
29.7431	15.0871
29.7459	15.1538
29.7459	7.57691
29.7489	7.71977
29.7544	7.86262
29.7568	8.00548
29.768	8.13048
29.7692	8.25548
29.7727	8.38048
29.8036	8.50548
29.8142	8.63048
29.8158	8.75548
29.8253	8.88048
29.8464	9.00548
29.8598	9.11659
29.8607	9.2277
29.8683	9.33881
29.8686	9.44992
29.8838	9.56103
29.9334	9.67215
29.9354	9.78326
29.9376	9.89437
