time	cwndsize
0.258946	11
0.261155	12
0.262504	13
0.265934	14
0.267441	15
0.273473	16
0.276473	17
0.281164	18
0.282403	19
0.28318	20
0.332647	21
0.335437	22
0.336804	23
0.338137	24
0.351412	25
0.35272	26
0.356709	27
0.35811	28
0.358836	29
0.359495	30
0.361709	31
0.367836	32
0.36845	33
0.371328	34
0.372275	35
0.372688	36
0.374699	37
0.458167	38
0.472172	39
0.474721	40
0.481354	41
0.485035	42
0.487114	43
0.489205	44
0.498057	45
0.500104	46
0.509626	47
0.511811	48
0.514582	49
0.515892	50
0.518777	51
0.522073	52
0.523405	53
0.524776	54
0.525568	55
0.527676	56
0.528212	57
0.529003	58
0.529606	59
0.532361	60
0.535131	61
0.536649	62
0.546121	63
0.547415	64
0.548148	65
0.548893	66
0.54965	67
0.550262	68
0.569483	69
0.602165	70
0.602643	71
0.610978	72
0.611671	73
0.613632	74
0.614335	75
0.728855	76
0.730894	77
0.735912	78
0.741294	79
0.754293	80
0.756368	81
0.757752	82
0.758502	83
0.761865	84
0.763956	85
0.767388	86
0.768019	87
0.771788	88
0.772898	89
0.77437	90
0.775618	91
0.805983	92
0.811458	93
0.82142	94
0.824718	95
0.832787	96
0.835034	97
0.840524	98
0.846679	99
0.856351	100
0.856959	101
0.858374	102
0.863035	103
0.864414	51.5
0.865212	51.5196
0.867258	51.5392
0.86994	51.5588
0.871311	51.5784
0.872079	51.598
0.878131	51.6176
0.881607	51.6373
0.882938	51.6569
0.884385	51.6765
0.887789	51.6961
0.890001	51.7157
0.898856	51.7353
0.900133	51.7549
0.904918	51.7745
0.906452	51.7941
0.915992	51.8137
0.922084	51.8333
0.922914	51.8529
0.927757	51.8725
0.932383	51.8922
0.934465	51.9118
0.935159	51.9314
0.936593	51.951
0.942336	51.9706
0.944754	51.9902
0.952345	52.0098
0.955048	52.029
0.964773	52.0483
0.966133	52.0675
0.968798	52.0867
1.00941	52.106
1.00998	52.1252
1.01203	52.1444
1.01287	52.1637
1.01904	52.1829
1.01967	52.2021
1.0215	52.2213
1.02172	52.2406
1.02242	52.2598
1.02309	52.279
1.02391	52.2983
1.02619	52.3175
1.02641	52.3367
1.03445	52.356
1.16392	52.3752
1.16516	52.3944
1.16874	52.4137
1.17006	52.4329
1.17213	52.4521
1.17271	52.4713
1.17407	52.4906
1.17556	52.5098
1.19609	52.529
1.19751	52.5483
1.19897	52.5675
1.19959	52.5867
1.20021	52.606
1.20098	52.6252
1.20161	52.6444
1.20245	52.6637
1.20294	52.6829
1.2038	52.7021
1.20434	52.7213
1.20567	52.7406
1.20799	52.7598
1.20988	52.779
1.21126	52.7983
1.21262	52.8175
1.21535	52.8367
1.21607	52.856
1.22574	52.8752
1.22776	52.8944
1.25743	52.9137
1.26286	52.9329
1.26427	52.9521
1.26565	52.9713
1.27168	52.9906
1.27384	53.0098
1.27443	53.0287
1.27798	53.0475
1.27998	53.0664
1.28147	53.0853
1.28485	53.1041
1.29044	53.123
1.34987	53.1419
1.35645	53.1607
1.35721	53.1796
1.36286	53.1985
1.37416	53.2174
1.38151	53.2362
1.38287	53.2551
1.3897	53.274
1.42135	53.2928
1.44947	53.3117
1.45013	53.3306
1.45087	53.3494
1.45449	53.3683
1.45564	53.3872
1.4572	53.406
1.45987	53.4249
1.46122	53.4438
1.46266	53.4626
1.46311	53.4815
1.46592	53.5004
1.46732	53.5192
1.46937	53.5381
1.47147	53.557
1.47419	53.5758
1.47698	53.5947
1.47976	53.6136
1.48195	53.6324
1.48331	53.6513
1.48523	53.6702
1.52019	53.689
1.53159	53.7079
1.5348	53.7268
1.54173	53.7457
1.54249	53.7645
1.54319	53.7834
1.55143	53.8023
1.55616	53.8211
1.55813	53.84
1.55905	53.8589
1.56021	53.8777
1.56302	53.8966
1.56664	53.9155
1.57057	53.9343
1.58918	53.9532
1.60239	53.9721
1.60304	26.986
1.60368	27.0245
1.60429	27.0615
1.60801	27.0986
1.60858	27.1356
1.60925	27.1726
1.61333	27.2097
1.62374	27.2467
1.62581	27.2838
1.62924	27.3208
1.63936	27.3578
1.64089	27.3949
1.64157	27.4319
1.64217	27.4689
1.64354	27.506
1.64418	27.543
1.64493	27.5801
1.64728	27.6171
1.64988	27.6541
1.65665	27.6912
1.66016	27.7282
1.661	27.7652
1.66364	27.8023
1.6657	27.8393
1.66704	27.8763
1.6684	27.9134
1.66993	27.9504
1.68545	27.9875
1.68791	28.0245
1.68969	28.0602
1.68988	28.0959
1.69008	28.1316
1.69016	28.1674
1.69039	28.2031
1.69121	28.2388
1.69186	28.2745
1.69268	28.3102
1.69314	28.3459
1.69533	28.3816
1.6981	28.4174
1.69873	28.4531
1.70031	28.4888
1.70154	28.5245
1.70622	28.5602
1.70829	28.5959
1.70986	28.6316
1.71038	28.6674
1.71175	28.7031
1.71797	28.7388
1.72557	28.7745
1.73927	28.8102
1.78064	28.8459
1.78205	28.8816
1.82547	28.9174
1.85177	28.9531
1.88066	28.9888
1.88474	29.0245
1.88543	29.059
1.89107	29.0935
1.89414	29.1279
1.89662	29.1624
1.89757	29.1969
1.89796	29.2314
1.89969	29.2659
1.90155	29.3004
1.9021	14.6502
1.90341	14.7216
1.90409	14.793
1.90489	14.8645
1.90549	14.9359
1.90619	15.0073
1.90688	15.074
1.90767	15.1407
1.90824	15.2073
1.91042	15.274
1.91102	15.3407
1.91241	15.4073
1.9132	15.474
1.91444	15.5407
1.9172	15.6073
1.9402	15.674
1.96088	15.7407
1.97217	15.8073
1.9741	15.874
1.97614	15.9407
1.97893	16.0073
1.98239	16.0698
1.98318	16.1323
1.98449	16.1948
1.98653	16.2573
1.9874	16.3198
1.98992	16.3823
1.99201	16.4448
2.00937	16.5073
2.01138	16.5698
2.01755	16.6323
2.03001	16.6948
2.03835	16.7573
2.03908	16.8198
2.04117	16.8823
2.0426	16.9448
2.04348	17.0073
2.04471	17.0661
2.04522	17.125
2.04659	17.1838
2.04869	17.2426
2.04948	17.3014
2.0501	17.3603
2.05291	17.4191
2.05421	17.4779
2.05497	17.5367
2.05787	17.5956
2.05911	17.6544
2.05974	17.7132
2.06742	17.772
2.07134	17.8309
2.07342	17.8897
2.07425	17.9485
2.07633	18.0073
2.08316	18.0629
2.08592	18.1184
2.09049	18.174
2.10209	18.2295
2.10442	18.2851
2.10573	18.3407
2.10785	18.3962
2.11005	18.4518
2.11105	18.5073
2.11299	18.5629
2.11447	18.6184
2.11463	18.674
2.11621	18.7295
2.11682	18.7851
2.12029	18.8407
2.12375	18.8962
2.12864	18.9518
2.14545	19.0073
2.14895	19.06
2.15012	19.1126
2.15306	19.1652
2.15363	19.2178
2.15785	19.2705
2.15842	19.3231
2.16063	19.3757
2.16117	19.4284
2.16256	19.481
2.16645	19.5336
2.1683	19.5863
2.17218	19.6389
2.213	19.6915
2.21422	19.7442
2.22191	19.7968
2.22357	19.8494
2.23059	19.9021
2.23126	19.9547
2.23533	20.0073
2.23603	20.0573
2.2397	20.1073
2.24153	20.1573
2.24587	20.2073
2.25684	20.2573
2.25943	20.3073
2.26377	20.3573
2.28171	20.4073
2.28546	20.4573
2.29426	20.5073
2.29565	20.5573
2.30179	20.6073
2.304	20.6573
2.31076	20.7073
2.31627	20.7573
2.31697	20.8073
2.33102	20.8573
2.33869	20.9073
2.35318	20.9573
2.36464	21.0073
2.36858	21.0549
2.38701	21.1026
2.38848	21.1502
2.39218	21.1978
2.39876	21.2454
2.41122	21.293
2.41594	21.3407
2.41797	21.3883
2.42505	21.4359
2.42563	21.4835
2.43254	21.5311
2.43552	21.5788
2.43745	21.6264
2.44515	21.674
2.46585	21.7216
2.4665	21.7692
2.47336	21.8168
2.48031	21.8645
2.48506	21.9121
2.48984	21.9597
2.4906	22.0073
2.49941	22.0528
2.50255	22.0982
2.50682	22.1437
2.52184	22.1891
2.52377	22.2346
2.54306	22.28
2.55063	22.3255
2.55128	22.371
2.55819	22.4164
2.56375	22.4619
2.56727	22.5073
2.57065	22.5528
2.58	22.5982
2.58014	22.6437
2.59056	22.6891
2.59764	22.7346
2.60517	22.78
2.62057	22.8255
2.62673	22.871
2.62734	22.9164
2.62794	22.9619
2.62871	23.0073
2.63366	23.0508
2.63805	23.0943
2.6414	23.1378
2.64523	23.1812
2.65762	23.2247
2.6688	23.2682
2.6768	23.3117
2.67952	23.3551
2.69124	23.3986
2.69474	23.4421
2.70297	23.4856
2.70363	23.5291
2.70506	23.5725
2.70711	23.616
2.71383	23.6595
2.71813	23.703
2.72009	11.8515
2.72077	11.9424
2.72482	12.0333
2.72764	12.1166
2.72836	12.2
2.73864	12.2833
2.74494	12.3666
2.74897	12.45
2.75185	12.5333
2.75318	12.6166
2.75463	12.7
2.756	12.7833
2.76351	12.8666
2.76698	12.95
2.79773	13.0333
2.80468	13.1102
2.80609	13.1872
2.83924	13.2641
2.8576	13.341
2.85897	13.4179
2.90103	13.4948
2.90937	13.5718
2.91261	13.6487
2.95531	13.7256
2.96439	13.8025
2.9685	13.8795
2.97609	13.9564
3.01447	14.0333
3.03212	14.1047
3.03494	14.1762
3.04125	7.08808
3.04621	7.23094
3.04753	7.3738
3.04951	7.51665
3.08837	7.65951
3.10239	7.80237
3.10364	7.94522
3.17958	8.08808
3.18097	8.21308
3.18441	8.33808
3.18509	8.46308
3.20137	8.58808
3.25881	8.71308
3.25936	8.83808
3.26163	8.96308
3.26702	9.08808
3.27342	9.19919
3.2897	4.5996
3.32126	4.8496
3.33617	5.0996
3.33683	5.2996
3.33969	5.4996
3.34173	5.6996
3.34453	5.8996
3.35347	6.0996
3.41015	6.26626
3.41093	6.43293
3.41252	6.5996
3.41688	6.76626
3.41726	6.93293
3.45635	7.0996
3.45663	7.24245
3.45956	7.38531
3.47823	7.52817
3.47836	7.67102
3.50984	7.81388
3.51006	7.95674
3.51012	8.0996
3.51368	8.2246
3.5333	8.3496
3.5347	8.4746
3.56503	8.5996
3.5669	8.7246
3.56757	4.3623
3.56819	4.6123
3.56958	4.8623
3.59706	5.1123
3.59895	5.3123
3.6259	5.5123
3.62669	5.7123
3.64173	5.9123
3.64842	6.1123
3.6817	6.27896
3.68308	6.44563
3.70237	6.6123
3.70806	6.77896
3.70949	6.94563
3.7421	7.1123
3.74359	7.25516
3.7464	7.39801
3.75568	7.54087
3.76059	7.68373
3.76195	7.82658
3.80979	7.96944
3.81045	8.1123
3.81106	8.2373
3.82527	8.3623
3.83066	8.4873
3.83131	8.6123
3.86596	4.30615
3.87581	4.55615
3.87971	4.80615
3.88189	5.05615
3.90098	5.25615
3.9036	5.45615
3.90604	5.65615
3.97765	5.85615
3.98326	6.05615
4.05592	6.22282
4.06426	6.38948
4.06567	6.55615
4.09092	3.27807
4.15792	3.61141
4.16137	3.94474
4.16219	4.27807
4.20669	4.52807
4.21488	4.77807
4.22798	5.02807
4.24556	5.22807
4.24819	5.42807
4.2592	5.62807
4.27621	5.82807
4.27725	6.02807
4.28636	6.19474
4.29118	6.36141
4.30976	6.52807
4.33069	6.69474
4.33223	6.86141
4.33251	7.02807
4.33925	7.17093
4.34218	7.31379
4.34982	7.45665
4.3847	7.5995
4.38614	7.74236
4.39027	7.88522
4.39423	8.02807
4.4217	8.15307
4.42248	8.27807
4.42596	8.40307
4.43447	8.52807
4.43603	8.65307
4.45416	8.77807
4.45547	8.90307
4.45657	9.02807
4.47277	9.13919
4.49009	9.2503
4.51472	9.36141
4.51615	9.47252
4.52059	9.58363
4.52141	9.69474
4.54047	9.80585
4.55802	9.91696
4.56466	4.95848
4.57938	5.20848
4.58202	5.40848
4.59489	5.60848
4.5969	5.80848
4.60377	6.00848
4.61806	6.17515
4.65874	6.34182
4.66005	6.50848
4.66087	6.67515
4.66161	6.84182
4.6631	7.00848
4.66653	7.15134
4.69903	7.2942
4.70038	7.43705
4.7074	7.57991
4.71425	7.72277
4.72668	7.86562
4.72803	8.00848
4.73094	8.13348
4.7543	8.25848
4.75506	8.38348
4.76455	8.50848
4.77596	8.63348
4.78076	8.75848
4.78411	8.88348
4.78558	9.00848
4.78911	9.11959
4.81715	9.2307
4.81993	9.34182
4.83016	9.45293
4.83314	9.56404
4.83785	9.67515
4.84305	9.78626
4.8465	9.89737
4.84929	10.0085
4.85275	10.1085
4.88273	10.2085
4.88672	10.3085
4.89655	10.4085
4.9029	10.5085
4.90499	10.6085
4.91194	10.7085
4.9163	10.8085
4.91947	10.9085
4.92095	11.0085
4.93204	11.0994
4.95972	11.1903
4.96639	11.2812
4.98611	11.3721
4.98752	11.463
4.98963	11.5539
4.99585	11.6448
5.00282	11.7358
5.00416	11.8267
5.00561	11.9176
5.00701	12.0085
5.02139	12.0918
5.04372	12.1751
5.05324	12.2585
5.06792	12.3418
5.06864	6.17091
5.07197	6.33757
5.08137	6.50424
5.08293	6.67091
5.0847	6.83757
5.08757	7.00424
5.08957	7.1471
5.11034	7.28996
5.14927	7.43281
5.15735	7.57567
5.17059	7.71853
5.17613	7.86138
5.17741	8.00424
5.20129	8.12924
5.23995	8.25424
5.24048	8.37924
5.25633	8.50424
5.26264	8.62924
5.26468	8.75424
5.26736	8.87924
5.29143	9.00424
5.29756	9.11535
5.32917	9.22646
5.3293	9.33757
5.33108	9.44869
5.35933	9.5598
5.36495	9.67091
5.36752	9.78202
5.38392	9.89313
5.38443	10.0042
5.42713	10.1042
5.42919	10.2042
5.43191	10.3042
5.45337	10.4042
5.45674	10.5042
5.47822	10.6042
5.48298	10.7042
5.48382	10.8042
5.50173	5.40212
5.51057	5.60212
5.51958	5.80212
5.52298	6.00212
5.54155	6.16879
5.54487	6.33545
5.55828	6.50212
5.56638	6.66879
5.61523	6.83545
5.61599	7.00212
5.62807	7.14498
5.63437	7.28783
5.63782	7.43069
5.64198	7.57355
5.67528	7.71641
5.67798	7.85926
5.67861	8.00212
5.70337	8.12712
5.70455	8.25212
5.7147	8.37712
5.74352	8.50212
5.74858	8.62712
5.74906	8.75212
5.74985	8.87712
5.79954	9.00212
5.80375	9.11323
5.82547	9.22434
5.82617	9.33545
5.82716	9.44656
5.82837	9.55768
5.83553	4.77884
5.86972	5.02884
5.87077	5.22884
5.87267	5.42884
5.90123	5.62884
5.90415	5.82884
5.90531	6.02884
5.90945	6.1955
5.96219	6.36217
5.96582	6.52884
5.96723	6.6955
5.96904	6.86217
5.97213	7.02884
5.97962	7.1717
6.03181	7.31455
6.03719	7.45741
6.03931	7.60027
6.04068	7.74312
6.04131	7.88598
6.04209	8.02884
6.04477	8.15384
6.10257	8.27884
6.10877	8.40384
6.111	8.52884
6.11362	8.65384
6.11797	8.77884
6.11987	8.90384
6.12049	9.02884
6.12232	9.13995
6.16106	9.25106
6.16521	9.36217
6.16673	9.47328
6.16817	9.58439
6.17303	9.6955
6.17445	9.80662
6.17586	9.91773
6.17795	10.0288
6.18342	10.1288
6.22932	10.2288
6.23342	10.3288
6.24363	10.4288
6.25142	10.5288
6.26273	10.6288
6.26511	10.7288
6.26719	10.8288
6.27191	10.9288
6.27546	11.0288
6.29696	11.1197
6.29897	11.2107
6.30516	11.3016
6.31362	11.3925
6.33191	11.4834
6.33596	11.5743
6.3382	11.6652
6.34116	11.7561
6.34216	11.847
6.34521	11.9379
6.35317	12.0288
6.35764	12.1122
6.36913	12.1955
6.38382	12.2788
6.39002	6.13942
6.39915	6.30609
6.40131	6.47275
6.40261	6.63942
6.40469	6.80609
6.40619	6.97275
6.40689	7.13942
6.41686	7.28228
6.4184	7.42513
6.42061	7.56799
6.42572	7.71085
6.43505	7.8537
6.47776	7.99656
6.47915	8.13942
6.48453	8.26442
6.48742	8.38942
6.49136	8.51442
6.50604	8.63942
6.53438	8.76442
6.53574	8.88942
6.53725	9.01442
6.53782	9.12553
6.54093	9.23664
6.55313	9.34775
6.56006	9.45886
6.59264	9.56997
6.59334	4.78499
6.59423	5.03499
6.59675	5.23499
6.59895	5.43499
6.60338	5.63499
6.60713	5.83499
6.61408	6.03499
6.64885	6.20165
6.66931	6.36832
6.67211	6.53499
6.6757	6.70165
6.68039	6.86832
6.68386	7.03499
6.70884	7.17784
6.73019	7.3207
6.735	7.46356
6.74946	7.60642
6.75362	7.74927
6.75633	7.89213
6.75705	8.03499
6.78726	8.15999
6.80445	8.28499
6.81623	8.40999
6.83009	8.53499
6.8375	8.65999
6.84438	8.78499
6.84569	8.90999
6.84856	9.03499
6.87245	9.1461
6.88744	9.25721
6.89156	9.36832
6.91507	9.47943
6.92626	9.59054
6.92681	9.70165
6.92968	4.85083
6.931	5.10083
6.97269	5.30083
6.9934	5.50083
7.00314	5.70083
7.01976	5.90083
7.02111	6.10083
7.07845	6.26749
7.07973	6.43416
7.11074	6.60083
7.1122	6.76749
7.11463	6.93416
7.13049	7.10083
7.18042	7.24368
7.18291	7.38654
7.20003	7.5294
7.20285	7.67226
7.20505	7.81511
7.22002	7.95797
7.22101	8.10083
7.26154	8.22583
7.26186	8.35083
7.26573	8.47583
7.26633	8.60083
7.26764	8.72583
7.29358	8.85083
7.29549	8.97583
7.29632	9.10083
7.32282	9.21194
7.32429	9.32305
7.33196	9.43416
7.33236	9.54527
7.33398	9.65638
7.35993	9.76749
7.36124	9.8786
7.36196	9.98972
7.36271	10.1008
7.38495	10.2008
7.38591	10.3008
7.39497	10.4008
7.39563	10.5008
7.39636	10.6008
7.41659	10.7008
7.418	10.8008
7.41874	10.9008
7.4209	11.0008
7.42144	11.0917
7.43983	11.1826
7.44184	11.2736
7.4469	11.3645
7.4476	11.4554
7.44894	11.5463
7.47664	11.6372
7.47857	11.7281
7.47935	11.819
7.48013	11.9099
7.48142	5.95496
7.50032	6.15496
7.5059	6.32163
7.51337	6.48829
7.51496	6.65496
7.51632	6.82163
7.52886	6.98829
7.53006	7.15496
7.53524	7.29782
7.53762	7.44067
7.56466	7.58353
7.5752	7.72639
7.57909	7.86924
7.58177	8.0121
7.58862	8.1371
7.59556	8.2621
7.6093	8.3871
7.62958	8.5121
7.63586	8.6371
7.64062	8.7621
7.64132	8.8871
7.6441	9.0121
7.64658	9.12321
7.65169	9.23432
7.67379	9.34544
7.68426	9.45655
7.69679	9.56766
7.69823	9.67877
7.69869	9.78988
7.69948	9.90099
7.70083	10.0121
7.70223	10.1121
7.70718	10.2121
7.73028	10.3121
7.74598	10.4121
7.75677	10.5121
7.75823	10.6121
7.7596	10.7121
7.76179	10.8121
7.76311	10.9121
7.76378	11.0121
7.76667	11.103
7.77437	11.1939
7.79903	11.2848
7.81409	11.3757
7.84035	11.4666
7.84453	11.5576
7.84663	11.6485
7.85489	11.7394
7.85975	11.8303
7.8614	11.9212
7.8618	12.0121
7.86315	12.0954
7.86816	12.1788
7.87971	12.2621
7.89212	12.3454
7.90326	12.4288
7.90892	12.5121
7.91218	12.5954
7.91895	12.6788
7.92686	12.7621
7.92822	12.8454
7.92969	12.9288
7.93172	13.0121
7.9345	13.089
7.93642	13.1659
7.94199	13.2429
7.96081	13.3198
7.96699	13.3967
7.98052	13.4736
7.98675	13.5506
7.99371	13.6275
7.99644	13.7044
7.99958	13.7813
8.00057	13.8583
8.00138	13.9352
8.00262	14.0121
8.00532	14.0835
8.01064	14.155
8.0393	14.2264
8.04849	14.2978
8.05044	14.3692
8.06007	14.4407
8.06289	14.5121
8.06687	14.5835
8.07098	14.655
8.07514	14.7264
8.08385	14.7978
8.08508	14.8692
8.09616	14.9407
8.10078	15.0121
8.11391	15.0788
8.1279	15.1454
8.12852	15.2121
8.13765	15.2788
8.13826	15.3454
8.14252	7.67272
8.14734	7.81557
8.15613	7.95843
8.15884	8.10129
8.16902	8.22629
8.17055	8.35129
8.17321	8.47629
8.17586	8.60129
8.17602	8.72629
8.19568	8.85129
8.20339	8.97629
8.20412	9.10129
8.20741	9.2124
8.20866	9.32351
8.23417	9.43462
8.24528	9.54573
8.24653	9.65684
8.25071	9.76796
8.25218	9.87907
8.25343	9.99018
8.25411	10.1013
8.25691	10.2013
8.26005	10.3013
8.2964	10.4013
8.31082	10.5013
8.3133	10.6013
8.32328	10.7013
8.33084	10.8013
8.335	10.9013
8.33695	11.0013
8.33844	11.0922
8.34182	11.1831
8.34329	11.274
8.36604	11.3649
8.38023	11.4558
8.3813	11.5467
8.39241	11.6377
8.39565	11.7286
8.40296	11.8195
8.40504	11.9104
8.40578	12.0013
8.40635	12.0846
8.40983	12.168
8.4105	12.2513
8.43684	12.3346
8.44507	12.418
8.44578	12.5013
8.45875	12.5846
8.46731	12.668
8.47283	12.7513
8.47381	12.8346
8.47748	12.918
8.47948	13.0013
8.48229	13.0782
8.48399	13.1551
8.48446	13.2321
8.50741	13.309
8.50865	13.3859
8.51103	13.4628
8.51693	13.5398
8.535	13.6167
8.53689	13.6936
8.53829	13.7705
8.53899	13.8474
8.54417	13.9244
8.54572	14.0013
8.54664	14.0727
8.54886	14.1441
8.54926	14.2156
8.55475	14.287
8.55534	14.3584
8.56161	14.4299
8.58315	14.5013
8.59203	14.5727
8.59268	14.6441
8.59337	14.7156
8.59398	14.787
8.60005	14.8584
8.60062	14.9299
8.60412	15.0013
8.60647	15.068
8.62036	15.1346
8.62263	15.2013
8.62583	15.268
8.64039	15.3346
8.64589	15.4013
8.64649	15.468
8.64791	15.5346
8.65509	15.6013
8.66728	15.668
8.6701	15.7346
8.6717	15.8013
8.69233	15.868
8.69424	15.9346
8.69778	16.0013
8.70535	16.0638
8.71147	16.1263
8.71294	16.1888
8.71353	16.2513
8.71429	16.3138
8.74261	16.3763
8.74706	16.4388
8.74754	16.5013
8.74923	8.25064
8.75527	8.37564
8.75597	8.50064
8.75872	8.62564
8.76006	8.75064
8.7706	8.87564
8.78033	9.00064
8.78443	9.11176
8.78632	9.22287
8.78772	9.33398
8.80657	9.44509
8.83194	9.5562
8.83676	9.66731
8.84778	9.77842
8.84853	9.88953
8.8701	10.0006
8.87105	10.1006
8.87833	10.2006
8.8991	10.3006
8.90735	10.4006
8.91581	10.5006
8.91919	10.6006
8.93782	10.7006
8.93995	10.8006
8.94123	10.9006
8.94539	11.0006
8.96535	11.0916
8.96795	5.54578
8.98889	5.74578
8.99615	5.94578
9.01578	6.14578
9.02046	6.31244
9.02104	6.47911
9.02659	6.64578
9.02693	6.81244
9.03866	6.97911
9.04001	7.14578
9.05461	7.28863
9.08446	7.43149
9.11312	7.57435
9.11576	7.71721
9.11728	7.86006
9.12966	8.00292
9.17	8.12792
9.17157	8.25292
9.17368	8.37792
9.20153	8.50292
9.20223	8.62792
9.23597	4.31396
9.24579	4.56396
9.24726	4.81396
9.25281	5.06396
9.26567	5.26396
9.26651	5.46396
9.31229	5.66396
9.31496	5.86396
9.31791	6.06396
9.31994	6.23063
9.34009	6.39729
9.35327	6.56396
9.35657	6.73063
9.36423	6.89729
9.36556	7.06396
9.36625	7.20682
9.39565	7.34967
9.41813	7.49253
9.42104	7.63539
9.43125	7.77825
9.4319	7.9211
9.43273	8.06396
9.43407	8.18896
9.44601	8.31396
9.47985	8.43896
9.48521	8.56396
9.48639	8.68896
9.48759	8.81396
9.48822	8.93896
9.48911	9.06396
9.49124	9.17507
9.51542	9.28618
9.54414	9.39729
9.5524	9.5084
9.55512	9.61952
9.5566	9.73063
9.55785	9.84174
9.55933	9.95285
9.56183	10.064
9.56218	10.164
9.58215	10.264
9.62935	10.364
9.63974	5.18198
9.64398	5.38198
9.64457	5.58198
9.64659	5.78198
9.67617	5.98198
9.70999	6.18198
9.78751	6.34865
9.78815	6.51531
9.82952	6.68198
9.83376	6.84865
9.83661	7.01531
9.83927	7.15817
9.87995	7.30103
9.88131	7.44388
9.89481	7.58674
9.90147	7.7296
9.90563	7.87246
9.90626	8.01531
9.9121	4.00766
9.95182	4.25766
9.95593	4.50766
9.98325	4.75766
9.98799	5.00766
9.99078	5.20766
9.99292	5.40766
9.99708	5.60766
10.0607	5.80766
10.065	6.00766
10.0706	6.17432
10.0719	6.34099
10.0794	6.50766
10.132	6.67432
10.1338	6.84099
10.1416	7.00766
10.1951	7.15051
10.1959	7.29337
10.2063	7.43623
10.2083	7.57909
10.2527	7.72194
10.2533	7.8648
10.2664	3.9324
10.2749	4.26573
10.2756	4.51573
10.3133	4.76573
10.3154	5.01573
10.3402	5.21573
10.3918	5.41573
10.4056	5.61573
10.407	5.81573
10.4202	6.01573
10.4209	6.1824
10.4426	6.34907
10.457	6.51573
10.4597	6.6824
10.4764	6.84907
10.4778	7.01573
10.4784	7.15859
10.5027	7.30145
10.5207	7.4443
10.5261	7.58716
10.5492	7.73002
10.5508	7.87288
10.5541	8.01573
10.5563	8.14073
10.5681	8.26573
10.5995	8.39073
10.608	8.51573
10.6163	4.25787
10.6177	4.50787
10.6198	4.75787
10.6213	5.00787
10.6283	5.20787
10.6344	5.40787
10.6677	5.60787
10.6843	5.80787
10.6865	2.90393
10.6989	3.40393
10.7399	3.73727
10.8142	4.0706
10.8828	4.3206
10.8885	4.5706
10.8891	4.8206
10.9589	5.0706
10.9644	5.2706
10.9657	5.4706
11.0356	5.6706
11.0384	5.8706
11.0438	6.0706
11.0458	6.23727
11.0933	3.11863
11.1337	3.45197
11.1345	3.7853
11.1349	4.11863
11.1384	4.36863
11.1411	4.61863
11.2263	4.86863
11.2277	5.11863
11.2319	5.31863
11.2333	5.51863
11.3101	5.71863
11.3114	5.91863
11.315	6.11863
11.3713	6.2853
11.3743	6.45197
11.3755	6.61863
11.3771	6.7853
11.4218	6.95197
11.426	7.11863
11.4283	7.26149
11.4308	7.40435
11.4361	3.70217
11.471	4.03551
11.4752	4.28551
11.4759	4.53551
11.478	4.78551
11.4784	5.03551
11.518	5.23551
11.5192	5.43551
11.5264	5.63551
11.5326	5.83551
11.5354	6.03551
11.6023	6.20217
11.6029	6.36884
11.6093	6.53551
11.611	6.70217
11.6141	6.86884
11.6149	7.03551
11.665	7.17836
11.6662	7.32122
11.6993	7.46408
11.7049	7.60694
11.7063	7.74979
11.7091	7.89265
11.7111	8.03551
11.7512	8.16051
11.7598	8.28551
11.7693	8.41051
11.773	8.53551
11.778	8.66051
11.7852	8.78551
11.7863	8.91051
11.7878	9.03551
11.8377	9.14662
11.839	9.25773
11.8571	9.36884
11.8612	9.47995
11.8646	9.59106
11.8669	9.70217
11.9307	9.81328
11.9327	9.9244
11.9467	10.0355
11.9577	10.1355
11.9633	10.2355
11.969	5.11775
12.0067	5.31775
12.0081	5.51775
12.0116	5.71775
12.0138	5.91775
12.0199	6.11775
12.0263	6.28442
12.0609	6.45109
12.0662	6.61775
12.069	6.78442
12.0727	6.95109
12.0731	7.11775
12.0898	7.26061
12.1182	7.40347
12.1202	7.54632
12.1285	7.68918
12.1325	7.83204
12.136	7.9749
12.1366	8.11775
12.1513	8.24275
12.1782	8.36775
12.183	8.49275
12.1878	8.61775
12.1894	8.74275
12.1921	8.86775
12.1927	8.99275
12.194	9.11775
12.2156	9.22886
12.2367	9.33998
12.2379	9.45109
12.242	9.5622
12.2671	9.67331
12.2988	9.78442
12.3014	9.89553
12.3042	10.0066
12.3298	10.1066
12.3651	10.2066
12.3654	10.3066
12.3712	10.4066
12.3726	10.5066
12.3942	5.25332
12.3945	5.45332
12.4491	5.65332
12.4505	5.85332
12.4546	6.05332
12.4561	6.21999
12.4917	6.38665
12.5426	6.55332
12.5458	6.71999
12.5542	6.88665
12.5569	7.05332
12.5597	7.19618
12.5932	7.33904
12.645	7.48189
12.6484	7.62475
12.6567	7.76761
12.6623	7.91046
12.6638	8.05332
12.6699	8.17832
12.6898	8.30332
12.7471	8.42832
12.7499	8.55332
12.7526	8.67832
12.7541	8.80332
12.7568	8.92832
12.7581	9.05332
12.772	9.16443
12.7999	9.27554
12.8503	9.38665
12.8536	9.49777
12.8571	9.60888
12.8615	9.71999
12.864	9.8311
12.8675	9.94221
12.8682	10.0533
12.8778	10.1533
12.9055	10.2533
12.9405	10.3533
12.9408	10.4533
12.9436	10.5533
12.9583	10.6533
12.9601	10.7533
12.9622	10.8533
12.963	10.9533
12.9637	11.0533
12.9722	11.1442
12.9914	5.57212
13.0308	5.77212
13.0338	5.97212
13.0351	6.17212
13.037	6.33878
13.0412	6.50545
13.0432	6.67212
13.0455	6.83878
13.0482	7.00545
13.067	7.14831
13.1036	7.29116
13.1048	7.43402
13.1068	7.57688
13.1098	7.71973
13.111	7.86259
13.1117	8.00545
13.1513	8.13045
13.1792	8.25545
13.1829	8.38045
13.184	8.50545
13.1888	8.63045
13.1909	8.75545
13.2252	8.88045
13.2633	9.00545
13.2653	9.11656
13.2667	9.22767
13.3103	9.33878
13.3107	4.66939
13.3482	4.91939
13.3496	5.16939
13.3538	5.36939
13.3552	5.56939
13.3898	5.76939
13.4254	5.96939
13.4514	6.16939
13.4609	6.33606
13.4702	6.50272
13.4949	6.66939
13.4957	6.83606
13.5075	7.00272
13.5081	7.14558
13.5199	7.28844
13.5241	7.4313
13.5484	7.57415
13.549	3.78708
13.581	4.12041
13.5817	4.37041
13.5999	4.62041
13.7845	4.87041
13.7861	5.12041
13.7873	5.32041
13.8045	2.6602
13.852	3.1602
13.8525	3.49354
13.8528	3.82687
13.8554	4.1602
13.9171	4.4102
13.918	4.6602
13.9295	4.9102
13.9363	5.1602
13.9848	5.3602
13.9894	5.5602
14.0004	5.7602
14.0045	5.9602
14.0478	6.1602
14.057	6.32687
14.0922	6.49354
14.0983	6.6602
14.1225	6.82687
14.1234	6.99354
14.1366	7.1602
14.1383	3.5801
14.1697	3.91344
14.1704	4.24677
14.1982	4.49677
14.2015	4.74677
14.219	4.99677
14.2203	5.24677
14.2668	5.44677
14.2695	5.64677
14.3368	5.84677
14.3375	6.04677
14.411	6.21344
14.4116	6.3801
14.4126	6.54677
14.4208	3.27338
14.4671	3.60672
14.47	3.94005
14.4708	4.27338
14.5233	4.52338
14.5254	4.77338
14.5297	5.02338
14.5309	5.22338
14.5853	5.42338
14.5901	5.62338
14.5935	5.82338
14.5955	6.02338
14.5997	6.19005
14.6409	6.35672
14.6419	6.52338
14.6433	6.69005
14.646	6.85672
14.6467	7.02338
14.6528	7.16624
14.6979	7.3091
14.6994	7.45196
14.7024	7.59481
14.7101	7.73767
14.7146	7.88053
14.718	8.02338
14.7216	8.14838
14.7536	8.27338
14.7549	8.39838
14.7576	8.52338
14.7578	8.64838
14.7665	8.77338
14.7751	8.89838
14.7772	9.02338
14.7834	9.1345
14.8108	9.24561
14.8124	9.35672
14.8141	9.46783
14.8156	9.57894
14.8246	9.69005
14.8321	9.80116
14.8339	9.91227
14.8361	10.0234
14.873	10.1234
14.8736	10.2234
14.8742	10.3234
14.8791	10.4234
14.8856	10.5234
14.8949	10.6234
14.8963	10.7234
14.8977	10.8234
14.8994	10.9234
14.9371	11.0234
14.9386	11.1143
14.9399	11.2052
14.944	11.2961
14.9517	11.387
14.9567	11.4779
14.9586	11.5688
14.9601	11.6597
14.9614	11.7507
14.9773	5.87533
14.9966	6.07533
15	6.242
15.002	6.40866
15.0055	6.57533
15.0083	6.742
15.0228	6.90866
15.0319	7.07533
15.0352	7.21819
15.0401	7.36104
15.0415	7.5039
15.0923	7.64676
15.1129	7.78961
15.131	7.93247
15.1318	8.07533
15.1356	8.20033
15.1478	8.32533
15.2023	8.45033
15.2159	8.57533
15.2232	8.70033
15.2239	8.82533
15.2246	8.95033
15.2281	9.07533
15.2462	9.18644
15.2489	4.59322
15.3049	4.84322
15.3121	5.09322
15.3188	5.29322
15.3208	5.49322
15.323	5.69322
15.3246	5.89322
15.3278	6.09322
15.392	6.25989
15.3935	6.42655
15.3941	6.59322
15.3979	6.75989
15.3991	6.92655
15.4514	7.09322
15.4531	7.23608
15.4537	7.37893
15.4586	7.52179
15.4588	7.66465
15.5186	7.80751
15.52	7.95036
15.5307	8.09322
15.5321	8.21822
15.5374	8.34322
15.5396	8.46822
15.5582	8.59322
15.5847	8.71822
15.5859	8.84322
15.591	8.96822
15.5924	9.09322
15.5944	9.20433
15.595	9.31544
15.597	9.42655
15.6259	9.53766
15.6464	9.64878
15.649	9.75989
15.6511	9.871
15.6539	9.98211
15.6545	10.0932
15.6551	10.1932
15.6558	10.2932
15.6572	10.3932
15.6946	10.4932
15.7213	10.5932
15.722	10.6932
15.7249	10.7932
15.7296	10.8932
15.7325	10.9932
15.7338	11.0932
15.7344	11.1841
15.7352	11.275
15.738	11.3659
15.7609	11.4569
15.7863	11.5478
15.7882	11.6387
15.7905	11.7296
15.7919	11.8205
15.7933	11.9114
15.7946	12.0023
15.7953	12.0856
15.796	12.169
15.7984	12.2523
15.8053	12.3356
15.8388	12.419
15.8569	12.5023
15.8643	12.5856
15.8671	12.669
15.8699	12.7523
15.8706	12.8356
15.8727	12.919
15.874	13.0023
15.8767	13.0792
15.8811	13.1562
15.8902	13.2331
15.8919	13.31
15.9024	13.3869
15.9254	13.4638
15.9315	13.5408
15.9339	13.6177
15.9363	13.6946
15.9377	13.7715
15.9433	13.8485
15.9439	13.9254
15.9455	14.0023
15.9544	14.0737
15.9577	14.1452
15.9642	14.2166
15.9651	14.288
15.9827	14.3595
15.9911	14.4309
15.9999	14.5023
16.0043	14.5737
16.007	14.6452
16.0105	14.7166
16.0201	14.788
16.0252	14.8595
16.0277	14.9309
16.0291	15.0023
16.034	15.069
16.0373	15.1356
16.0388	15.2023
16.0542	15.269
16.059	15.3356
16.0643	15.4023
16.07	15.469
16.0734	15.5356
16.0742	15.6023
16.079	15.669
16.0848	15.7356
16.0873	15.8023
16.0909	15.869
16.0915	15.9356
16.0949	16.0023
16.0966	16.0648
16.0985	16.1273
16.113	16.1898
16.1175	16.2523
16.1193	16.3148
16.124	16.3773
16.1283	16.4398
16.1295	16.5023
16.1319	16.5648
16.1339	16.6273
16.1368	16.6898
16.1373	16.7523
16.1381	16.8148
16.1442	16.8773
16.1464	16.9398
16.1532	17.0023
16.1541	17.0611
16.1574	8.53057
16.1667	8.65557
16.1711	8.78057
16.1725	8.90557
16.1732	9.03057
16.1741	9.14168
16.1792	9.25279
16.1798	9.3639
16.18	9.47501
16.1803	9.58612
16.1844	9.69723
16.2017	9.80834
16.2023	9.91946
16.203	10.0306
16.2388	10.1306
16.2395	10.2306
16.2441	10.3306
16.254	10.4306
16.2551	10.5306
16.2565	10.6306
16.2579	10.7306
16.2928	10.8306
16.2997	10.9306
16.3054	11.0306
16.321	11.1215
16.3219	11.2124
16.3228	11.3033
16.3265	11.3942
16.3594	11.4851
16.3606	11.576
16.3661	11.6669
16.3689	11.7578
16.3911	11.8487
16.3924	11.9397
16.3938	12.0306
16.3944	12.1139
16.3973	12.1972
16.3988	12.2806
16.4123	12.3639
16.4268	12.4472
16.4274	12.5306
16.4338	12.6139
16.435	12.6972
16.4533	12.7806
16.4573	12.8639
16.4615	12.9472
16.4627	13.0306
16.4636	13.1075
16.4726	13.1844
16.4742	13.2613
16.4823	13.3383
16.4843	13.4152
16.485	13.4921
16.4915	13.569
16.4924	13.646
16.5038	13.7229
16.5104	13.7998
16.5211	13.8767
16.5299	13.9536
16.5367	14.0306
16.5456	14.102
16.5504	14.1734
16.5511	14.2449
16.554	14.3163
16.5547	14.3877
16.5549	14.4591
16.5617	14.5306
16.5644	14.602
16.5817	14.6734
16.5901	14.7449
16.6057	14.8163
16.608	14.8877
16.6157	14.9591
16.6184	15.0306
16.6285	15.0972
16.6346	15.1639
16.6351	15.2306
16.6393	15.2972
16.6449	15.3639
16.6462	15.4306
16.6545	15.4972
16.6777	15.5639
16.686	15.6306
16.6903	15.6972
16.6906	15.7639
16.695	15.8306
16.6958	15.8972
16.6973	15.9639
16.7011	16.0306
16.7067	16.0931
16.7108	16.1556
16.7115	16.2181
16.7351	16.2806
16.7433	16.3431
16.7462	16.4056
16.7622	8.20278
16.7644	8.32778
16.7692	8.45278
16.7796	8.57778
16.7803	8.70278
16.785	8.82778
16.7859	8.95278
16.7887	9.07778
16.7893	9.18889
16.79	9.30001
16.7908	9.41112
16.8101	9.52223
16.8176	9.63334
16.8224	9.74445
16.8514	9.85556
16.8549	9.96667
16.8576	4.98334
16.8583	5.23334
16.8591	5.43334
16.8745	5.63334
16.8786	5.83334
16.8896	6.03334
16.926	6.2
16.9281	6.36667
16.9296	6.53334
16.9393	6.7
16.9461	6.86667
16.9475	7.03334
16.9842	7.17619
16.9899	7.31905
16.9947	7.46191
17.0161	7.60476
17.0201	7.74762
17.0222	7.89048
17.0278	8.03334
17.0575	8.15834
17.0652	8.28334
17.0692	8.40834
17.0875	8.53334
17.0882	8.65834
17.0909	8.78334
17.0933	8.90834
17.0934	9.03334
17.1399	9.14445
17.1427	9.25556
17.1552	9.36667
17.1672	9.47778
17.1678	9.58889
17.1689	9.7
17.1698	9.81111
17.1738	9.92223
17.1752	10.0333
17.2203	10.1333
17.2223	10.2333
17.2299	10.3333
17.2546	10.4333
17.2551	10.5333
17.2565	10.6333
17.2578	10.7333
17.2592	10.8333
17.2641	10.9333
17.2647	11.0333
17.296	11.1242
17.3093	11.2152
17.3108	11.3061
17.3223	11.397
17.3237	11.4879
17.3267	11.5788
17.328	11.6697
17.3299	11.7606
17.332	11.8515
17.3348	11.9424
17.3361	12.0333
17.3756	12.1167
17.3781	12.2
17.3802	12.2833
17.3847	12.3667
17.3881	12.45
17.3907	12.5333
17.392	12.6167
17.3954	12.7
17.3997	12.7833
17.4038	12.8667
17.4044	12.95
17.4469	13.0333
17.4484	13.1103
17.4509	13.1872
17.4541	13.2641
17.4544	13.341
17.4586	13.418
17.4616	13.4949
17.4649	13.5718
17.4731	13.6487
17.5037	13.7256
17.5063	13.8026
17.5084	13.8795
17.5126	13.9564
17.5176	14.0333
17.5223	14.1048
17.5257	14.1762
17.5386	7.0881
17.5724	7.23095
17.5757	7.37381
17.5771	7.51667
17.5803	7.65953
17.5824	7.80238
17.5839	7.94524
17.5851	8.0881
17.5892	8.2131
17.6365	8.3381
17.6379	8.4631
17.64	8.5881
17.6736	8.7131
17.6953	8.8381
17.6979	8.9631
17.6991	9.0881
17.726	9.19921
17.7288	9.31032
17.7297	9.42143
17.7323	9.53254
17.7483	9.64365
17.7545	9.75476
17.7552	9.86587
17.7567	9.97699
17.7875	10.0881
17.7985	10.1881
17.7992	10.2881
17.8006	10.3881
17.8202	10.4881
17.8243	10.5881
17.8245	10.6881
17.8246	10.7881
17.8639	10.8881
17.8666	10.9881
17.868	11.0881
17.8757	11.179
17.8777	11.2699
17.879	11.3608
17.9076	11.4517
17.9153	11.5426
17.9178	11.6336
17.9192	11.7245
17.9553	11.8154
17.9561	11.9063
17.9635	11.9972
17.9704	12.0881
17.9728	12.1714
17.9733	12.2548
17.9766	12.3381
17.9967	12.4214
17.9988	12.5048
18.0024	12.5881
18.0079	12.6714
18.0301	12.7548
18.0315	12.8381
18.0392	12.9214
18.0414	13.0048
18.0419	13.0817
18.0458	13.1586
18.046	13.2355
18.0475	13.3125
18.0774	13.3894
18.0808	13.4663
18.0864	13.5432
18.0929	13.6201
18.1086	13.6971
18.111	13.774
18.1168	13.8509
18.1244	13.9278
18.1259	14.0048
18.1278	14.0762
18.1375	14.1476
18.1384	14.219
18.1452	14.2905
18.1517	14.3619
18.1611	14.4333
18.1687	14.5048
18.179	14.5762
18.1848	14.6476
18.188	14.719
18.1894	14.7905
18.2004	14.8619
18.2005	14.9333
18.2008	15.0048
18.2015	15.0714
18.2187	15.1381
18.221	15.2048
18.223	15.2714
18.2526	15.3381
18.2561	15.4048
18.2589	15.4714
18.2671	15.5381
18.27	15.6048
18.2756	15.6714
18.2769	15.7381
18.2901	15.8048
18.2931	15.8714
18.2943	15.9381
18.297	16.0048
18.2983	16.0673
18.308	16.1298
18.3135	16.1923
18.317	16.2548
18.3315	16.3173
18.3319	16.3798
18.333	16.4423
18.3513	16.5048
18.3562	16.5673
18.3691	16.6298
18.3699	16.6923
18.3785	16.7548
18.3808	16.8173
18.3832	16.8798
18.3861	16.9423
18.3885	17.0048
18.3954	17.0636
18.4058	17.1224
18.4078	17.1812
18.4324	17.2401
18.4335	17.2989
18.4343	8.64944
18.442	8.77444
18.4426	8.89944
18.4489	9.02444
18.4509	9.13555
18.4566	9.24666
18.4595	9.35777
18.46	9.46888
18.4675	9.58
18.4719	9.69111
18.481	9.80222
18.4832	9.91333
18.4837	10.0244
18.508	10.1244
18.5093	10.2244
18.5247	10.3244
18.528	10.4244
18.5302	10.5244
18.5308	10.6244
18.5329	10.7244
18.5348	10.8244
18.5376	10.9244
18.5648	11.0244
18.5711	11.1153
18.5748	11.2063
18.5877	11.2972
18.5883	11.3881
18.5904	11.479
18.5925	5.73949
18.5945	5.93949
18.5966	6.13949
18.5974	6.30616
18.6279	6.47283
18.6298	6.63949
18.6341	6.80616
18.6361	6.97283
18.6617	7.13949
18.6638	7.28235
18.6655	7.42521
18.7031	7.56806
18.7073	7.71092
18.7095	7.85378
18.7233	7.99664
18.7247	8.13949
18.7279	8.26449
18.7367	8.38949
18.7787	8.51449
18.7789	8.63949
18.7797	8.76449
18.7871	8.88949
18.7885	9.01449
18.7892	9.1256
18.792	9.23672
18.8089	9.34783
18.8408	9.45894
18.841	9.57005
18.8673	9.68116
18.8708	9.79227
18.878	9.90338
18.8995	10.0145
18.9075	10.1145
18.9247	10.2145
18.9274	10.3145
18.937	10.4145
18.9676	10.5145
18.9684	10.6145
18.9759	10.7145
18.9799	10.8145
18.98	5.40725
18.9828	5.60725
18.9927	5.80725
19.0251	6.00725
19.027	6.17391
19.0291	6.34058
19.0355	6.50725
19.0471	6.67391
19.0795	6.84058
19.0809	7.00725
19.0837	7.1501
19.0871	7.29296
19.093	7.43582
19.1158	7.57868
19.1401	7.72153
19.1421	7.86439
19.1441	8.00725
19.1481	8.13225
19.1509	8.25725
19.1565	8.38225
19.1743	8.50725
19.197	8.63225
19.1983	8.75725
19.2032	8.88225
19.206	9.00725
19.2067	9.11836
19.2089	9.22947
19.215	9.34058
19.2253	9.45169
19.2602	9.5628
19.2616	9.67391
19.265	9.78502
19.2685	9.89614
19.2705	10.0072
19.2725	10.1072
19.2734	10.2072
19.2794	10.3072
19.3233	10.4072
19.3247	10.5072
19.326	10.6072
19.3277	10.7072
19.3283	10.8072
19.3288	10.9072
19.3307	11.0072
19.3315	11.0982
19.3343	11.1891
19.3703	11.28
19.3761	11.3709
19.382	11.4618
19.3841	11.5527
19.3857	11.6436
19.3927	11.7345
19.3958	11.8254
19.3986	11.9163
19.3995	12.0072
19.4041	12.0906
19.4311	12.1739
19.434	6.08696
19.4345	6.25362
19.4388	6.42029
19.4442	6.58696
19.4485	6.75362
19.454	6.92029
19.4561	7.08696
19.4594	7.22981
19.4615	7.37267
19.463	7.51553
19.4888	7.65839
19.5035	7.80124
19.5042	7.9441
19.5068	8.08696
19.5089	8.21196
19.5118	8.33696
19.5378	8.46196
19.5616	8.58696
19.5631	8.71196
19.5651	8.83696
19.5658	8.96196
19.5667	9.08696
19.5685	9.19807
19.5893	9.30918
19.6098	9.42029
19.6128	9.5314
19.6176	9.64251
19.619	9.75362
19.6211	9.86473
19.6217	4.93237
19.6232	5.18237
19.6466	5.38237
19.6667	5.58237
19.6699	5.78237
19.6709	5.98237
19.6725	6.18237
19.673	6.34903
19.6743	6.5157
19.7356	6.68237
19.7361	6.84903
19.737	7.0157
19.7376	7.15856
19.7382	7.30141
19.7404	7.44427
19.7901	7.58713
19.7909	7.72999
19.7917	7.87284
19.7923	8.0157
19.793	8.1407
19.7943	8.2657
19.7959	8.3907
19.8521	8.5157
19.8528	8.6407
19.8535	8.7657
19.857	8.8907
19.8583	9.0157
19.8597	9.12681
19.863	9.23792
19.865	9.34903
19.9153	9.46014
19.9166	9.57126
19.9173	9.68237
19.9179	9.79348
19.9185	9.90459
19.9202	10.0157
19.9226	10.1157
19.9599	10.2157
19.9675	10.3157
19.9676	10.4157
19.9691	10.5157
19.9695	10.6157
19.9743	10.7157
19.9765	5.35785
19.9799	5.55785
20.0174	5.75785
20.0192	5.95785
20.0204	6.15785
20.022	6.32452
20.0241	6.49118
20.025	6.65785
20.0659	6.82452
20.0768	6.99118
20.0824	7.15785
20.083	7.30071
20.1146	7.44356
20.1199	7.58642
20.1214	7.72928
20.1345	7.87214
20.1352	8.01499
20.1367	8.13999
20.1541	8.26499
20.1694	8.38999
20.1706	8.51499
20.1879	8.63999
20.1887	8.76499
20.1905	8.88999
20.1927	9.01499
20.2101	9.1261
20.2266	9.23722
20.2387	9.34833
20.2393	9.45944
20.2407	9.57055
20.2453	9.68166
20.2455	9.79277
20.2721	9.90388
20.2809	4.95194
20.2868	5.20194
20.2897	5.40194
20.2911	5.60194
20.2917	5.80194
20.294	6.00194
20.2951	6.16861
20.3293	6.33527
20.3395	6.50194
20.3395	6.66861
20.3396	6.83527
20.3396	7.00194
20.3818	7.1448
20.387	7.28766
20.3877	7.43051
20.3879	7.57337
20.3925	7.71623
20.4213	7.85908
20.4322	8.00194
20.4478	8.12694
20.4504	8.25194
20.4602	8.37694
20.4807	8.50194
20.5083	8.62694
20.5097	8.75194
20.521	8.87694
20.5266	9.00194
20.5424	4.50097
20.5462	4.75097
20.5589	5.00097
20.5787	5.20097
20.5822	5.40097
20.5884	5.60097
20.6221	5.80097
20.6339	6.00097
20.6489	6.16764
20.6694	6.3343
20.6714	6.50097
20.7022	6.66764
20.7149	6.8343
20.7169	7.00097
20.7193	7.14383
20.7548	7.28668
20.7628	7.42954
20.7678	7.5724
20.7941	3.7862
20.8027	4.11953
20.8073	4.36953
20.8097	4.61953
20.8616	4.86953
20.9209	5.11953
20.9741	5.31953
20.9832	5.51953
20.984	5.71953
20.9845	5.91953
20.9867	6.11953
21.0382	6.2862
21.0576	6.45287
21.0603	6.61953
21.0614	6.7862
21.0663	6.95287
21.0669	7.11953
21.1054	7.26239
21.1282	7.40525
21.1293	7.5481
21.1308	7.69096
21.1362	7.83382
21.1374	7.97668
21.1394	8.11953
21.1912	8.24453
21.1919	8.36953
21.1934	8.49453
21.1986	8.61953
21.2009	8.74453
21.2027	8.86953
21.2054	8.99453
21.2548	9.11953
21.2563	9.23064
21.2583	9.34176
21.2611	9.45287
21.3054	9.56398
21.3064	9.67509
21.3083	9.7862
21.3087	4.8931
21.3151	5.1431
21.3178	5.3431
21.354	5.5431
21.3569	5.7431
21.3604	5.9431
21.4127	6.1431
21.4147	6.30977
21.4404	6.47643
21.4506	6.6431
21.4525	6.80977
21.4545	6.97643
21.4565	7.1431
21.4607	7.28596
21.4825	7.42881
21.4976	7.57167
21.4989	7.71453
21.5003	7.85739
21.5025	8.00024
21.5031	8.12524
21.5037	8.25024
21.5338	8.37524
21.5481	8.50024
21.5503	8.62524
21.5538	8.75024
21.5545	8.87524
21.5559	9.00024
21.5567	9.11135
21.5615	9.22246
21.5911	9.33358
21.6017	9.44469
21.6037	9.5558
21.6052	9.66691
21.6066	9.77802
21.6085	9.88913
21.6092	10.0002
21.6107	10.1002
21.6133	10.2002
21.6405	10.3002
21.6465	10.4002
21.6494	10.5002
21.6501	10.6002
21.6533	10.7002
21.6545	10.8002
21.6551	10.9002
21.6564	11.0002
21.6651	11.0912
21.6871	11.1821
21.6902	11.273
21.6926	11.3639
21.6968	11.4548
21.6998	11.5457
21.7037	11.6366
21.7057	11.7275
21.7079	11.8184
21.7188	11.9093
21.7306	12.0002
21.7364	12.0836
21.7431	12.1669
21.7473	12.2502
21.7494	12.3336
21.754	12.4169
21.7543	12.5002
21.7624	12.5836
21.7735	12.6669
21.7836	12.7502
21.7919	12.8336
21.7946	6.41679
21.802	6.58345
21.8173	6.75012
21.8242	6.91679
21.8374	7.08345
21.8833	7.22631
21.9327	7.36917
21.9467	7.51203
21.9926	7.65488
21.9943	7.79774
21.995	7.9406
21.9978	8.08345
22.03	8.20845
22.0315	8.33345
22.0358	8.45845
22.0587	8.58345
22.062	8.70845
22.0627	8.83345
22.0682	8.95845
22.0688	9.08345
22.0904	9.19457
22.0941	9.30568
22.0998	9.41679
22.1191	9.5279
22.1233	9.63901
22.1239	9.75012
22.1252	9.86123
22.1265	9.97234
22.1296	10.0835
22.1454	10.1835
22.1468	10.2835
22.1578	10.3835
22.18	10.4835
22.1813	10.5835
22.1832	10.6835
22.1853	10.7835
22.2044	10.8835
22.2052	10.9835
22.2147	11.0835
22.2338	11.1744
22.2357	11.2653
22.2388	11.3562
22.2396	11.4471
22.2586	11.538
22.2592	11.6289
22.2641	11.7198
22.2662	11.8107
22.2855	11.9016
22.2872	11.9925
22.2887	12.0835
22.2933	12.1668
22.3114	12.2501
22.3143	12.3335
22.3286	6.16673
22.3294	6.33339
22.3327	6.50006
22.3485	6.66673
22.3493	6.83339
22.35	7.00006
22.3506	7.14292
22.3516	7.28577
22.3653	7.42863
22.3683	7.57149
22.4023	7.71435
22.4057	7.8572
22.4065	8.00006
22.4078	8.12506
22.4103	8.25006
22.4244	8.37506
22.4272	8.50006
22.4561	8.62506
22.4577	8.75006
22.4627	8.87506
22.4645	9.00006
22.4651	9.11117
22.474	9.22228
22.4805	9.33339
22.5133	9.44451
22.5167	9.55562
22.5225	9.66673
22.525	9.77784
22.5264	9.88895
22.5298	10.0001
22.5346	10.1001
22.5419	10.2001
22.5811	10.3001
22.5839	10.4001
22.589	10.5001
22.5915	10.6001
22.5937	10.7001
22.6027	10.8001
22.6041	10.9001
22.607	11.0001
22.6104	5.50003
22.6157	5.70003
22.6458	5.90003
22.6477	6.10003
22.6582	6.2667
22.6632	6.43336
22.668	6.60003
22.6757	6.7667
22.6764	6.93336
22.6796	7.10003
22.6811	7.24289
22.7342	7.38574
22.739	7.5286
22.7473	7.67146
22.7486	7.81432
22.7501	7.95717
22.7508	8.10003
22.7515	8.22503
22.8047	8.35003
22.8113	8.47503
22.817	8.60003
22.8189	8.72503
22.8201	8.85003
22.8249	8.97503
22.8256	9.10003
22.8277	9.21114
22.8799	9.32225
22.8861	9.43336
22.8916	9.54447
22.8924	9.65559
22.8938	9.7667
22.8952	9.87781
22.8958	9.98892
22.8966	10.1
22.898	10.2
22.9486	10.3
22.9502	10.4
22.9556	10.5
22.9572	10.6
22.9579	5.30002
22.9584	5.50002
22.9597	5.70002
22.9605	5.90002
23.0186	6.10002
23.02	6.26668
23.0227	6.43335
23.0233	6.60002
23.0894	6.76668
23.0917	6.93335
23.094	7.10002
23.0957	7.24287
23.1437	7.38573
23.1509	7.52859
23.1509	7.67144
23.153	7.8143
23.1583	7.95716
23.161	8.10002
23.1637	8.22502
23.2196	8.35002
23.2236	8.47502
23.2259	8.60002
23.2262	8.72502
23.2277	8.85002
23.2298	8.97502
23.2312	9.10002
23.236	9.21113
23.2777	9.32224
23.279	9.43335
23.2811	9.54446
23.284	9.65557
23.2867	9.76668
23.2881	9.87779
23.2895	9.9889
23.2909	10.1
23.2979	10.2
23.3351	10.3
23.3379	10.4
23.3406	10.5
23.3427	10.6
23.3465	10.7
23.3503	10.8
23.3525	10.9
23.3545	11
23.3608	11.0909
23.3931	11.1818
23.3938	11.2727
23.3966	11.3637
23.3983	11.4546
23.4015	11.5455
23.4028	11.6364
23.4041	11.7273
23.4049	11.8182
23.4155	11.9091
23.4514	12
23.4514	12.0833
23.4518	12.1667
23.4535	12.25
23.455	12.3333
23.4561	12.4167
23.4573	12.5
23.4582	12.5833
23.4771	12.6667
23.4794	6.33334
23.5026	6.50001
23.5041	6.66667
23.5048	6.83334
23.5056	7.00001
23.5061	7.14286
23.5165	7.28572
23.522	7.42858
23.529	7.57144
23.5331	7.71429
23.5407	7.85715
23.562	8.00001
23.5689	8.12501
23.577	8.25001
23.5857	8.37501
23.589	8.50001
23.5957	8.62501
23.6274	8.75001
23.6345	8.87501
23.6351	9.00001
23.6393	9.11112
23.6406	9.22223
23.6433	9.33334
23.6461	9.44445
23.6552	9.55556
23.6891	9.66667
23.6953	9.77779
23.6979	9.8889
23.6987	10
23.7007	10.1
23.7021	10.2
23.7027	10.3
23.7096	10.4
23.7158	10.5
23.7503	10.6
23.76	10.7
23.7649	10.8
23.7693	10.9
23.7701	11
23.775	11.0909
23.7758	11.1818
23.7824	11.2727
23.7884	11.3636
23.8172	11.4546
23.8253	11.5455
23.8257	11.6364
23.8262	11.7273
23.8269	11.8182
23.8276	11.9091
23.8311	12
23.8331	12.0833
23.8395	12.1667
23.8421	12.25
23.8688	12.3333
23.8758	12.4167
23.8771	12.5
23.8778	12.5833
23.8784	12.6667
23.8793	12.75
23.8807	12.8333
23.8828	12.9167
23.8857	13
23.9002	13.0769
23.9015	13.1539
23.9123	6.57693
23.9175	6.74359
23.9278	6.91026
23.93	7.07693
23.9312	7.21978
23.9342	7.36264
23.9347	7.5055
23.9355	7.64836
23.9389	7.79121
23.943	7.93407
23.945	8.07693
23.9583	8.20193
23.9622	8.32693
23.9897	8.45193
23.991	8.57693
23.9977	8.70193
24.0005	8.82693
24.0013	8.95193
24.0019	9.07693
24.0053	9.18804
24.015	9.29915
24.0353	9.41026
24.0371	9.52137
24.0459	9.63248
24.0489	9.74359
24.0494	9.8547
24.0507	9.96582
24.0514	10.0769
24.0597	10.1769
24.0654	10.2769
24.0806	10.3769
24.0831	10.4769
24.0936	10.5769
24.098	10.6769
24.0986	10.7769
24.0991	10.8769
24.1006	10.9769
24.1012	11.0769
24.1102	11.1678
24.1138	11.2587
24.1344	11.3497
24.1367	11.4406
24.1435	11.5315
24.1486	11.6224
24.1498	11.7133
24.1545	11.8042
24.1594	11.8951
24.1836	11.986
24.185	12.0769
24.1905	12.1603
24.1974	12.2436
24.199	12.3269
24.2144	12.4103
24.2215	12.4936
24.2333	12.5769
24.2353	12.6603
24.2374	12.7436
24.2388	12.8269
24.2426	12.9103
24.2445	12.9936
24.2564	13.0769
24.2756	13.1538
24.2851	13.2308
24.2857	13.3077
24.288	13.3846
24.2892	13.4615
24.2913	13.5385
24.2928	13.6154
24.2996	13.6923
24.3012	13.7692
24.3053	6.88462
24.3174	7.05128
24.336	7.19414
24.3368	7.337
24.3388	7.47986
24.3415	7.62271
24.3448	7.76557
24.3469	7.90843
24.3527	8.05128
24.359	8.17628
24.383	8.30128
24.3853	8.42628
24.3893	8.55128
24.3942	8.67628
24.3983	8.80128
24.4009	8.92628
24.4023	9.05128
24.4074	9.1624
24.4306	9.27351
24.4327	9.38462
24.434	9.49573
24.4429	9.60684
24.4492	9.71795
24.4508	9.82906
24.4523	9.94017
24.453	10.0513
24.4564	10.1513
24.4793	10.2513
24.4805	10.3513
24.4819	10.4513
24.487	10.5513
24.4907	10.6513
24.4943	10.7513
24.4961	10.8513
24.4977	10.9513
24.5021	11.0513
24.5267	11.1422
24.5283	11.2331
24.5377	11.324
24.539	11.4149
24.5462	11.5058
24.5482	11.5967
24.5504	11.6876
24.5688	11.7786
24.5703	11.8695
24.5729	11.9604
24.5743	12.0513
24.5811	12.1346
24.5821	12.218
24.5834	12.3013
24.6058	12.3846
24.6082	12.468
24.6101	12.5513
24.6114	12.6346
24.6121	12.718
24.6158	12.8013
24.6166	12.8846
24.6195	12.968
24.6415	13.0513
24.6437	13.1282
24.6449	13.2051
24.6463	13.2821
24.647	13.359
24.6498	13.4359
24.6532	13.5128
24.6576	6.75641
24.683	6.92308
24.6837	7.08974
24.6844	7.2326
24.687	7.37546
24.6877	7.51832
24.6887	7.66117
24.6897	7.80403
24.6974	7.94689
24.7365	8.08974
24.7373	8.21474
24.7379	8.33974
24.7422	8.46474
24.7891	8.58974
24.832	8.71474
24.869	8.83974
24.9027	8.96474
24.9319	9.08974
24.9382	9.20086
24.9408	4.60043
24.9466	4.85043
24.9671	5.10043
24.968	5.30043
24.9707	5.50043
25.0066	5.70043
25.0075	5.90043
25.0088	6.10043
25.0101	6.26709
25.0428	6.43376
25.0433	6.60043
25.0454	6.76709
25.0468	6.93376
25.0476	7.10043
25.0786	7.24328
25.0844	7.38614
25.0848	7.529
25.0883	7.67186
25.0896	7.81471
25.1225	7.95757
25.1248	8.10043
25.1256	8.22543
25.1262	8.35043
25.1276	8.47543
25.1642	8.60043
25.165	8.72543
25.1656	8.85043
25.1663	8.97543
25.169	9.10043
25.1704	9.21154
25.2064	9.32265
25.2086	9.43376
25.2122	9.54487
25.2169	9.65598
25.2175	9.76709
25.2198	9.87821
25.2239	9.98932
25.2542	4.99466
25.2569	5.24466
25.2618	5.44466
25.2645	5.64466
25.2667	5.84466
25.2679	6.04466
25.2686	6.21133
25.2752	6.37799
25.3137	6.54466
25.3169	6.71133
25.3197	6.87799
25.321	7.04466
25.3235	7.18752
25.3353	7.33037
25.3773	7.47323
25.3856	7.61609
25.396	7.75894
25.3972	7.9018
25.3993	8.04466
25.4014	8.16966
25.4062	8.29466
25.4283	8.41966
25.4458	8.54466
25.453	8.66966
25.4552	8.79466
25.4626	8.91966
25.4636	9.04466
25.4647	9.15577
25.4757	9.26688
25.4939	9.37799
25.5016	9.4891
25.5054	9.60021
25.5145	9.71133
25.5186	9.82244
25.5205	9.93355
25.5306	10.0447
25.5485	10.1447
25.5522	10.2447
25.5556	10.3447
25.561	10.4447
25.563	10.5447
25.583	10.6447
25.5844	10.7447
25.5948	10.8447
25.5961	10.9447
25.5999	11.0447
25.6089	11.1356
25.6124	11.2265
25.6351	11.3174
25.6359	11.4083
25.6369	5.70415
25.644	5.90415
25.6462	6.10415
25.6483	6.27081
25.6529	6.43748
25.6586	6.60415
25.6647	6.77081
25.6867	6.93748
25.6891	7.10415
25.6986	7.247
25.7062	7.38986
25.713	7.53272
25.744	7.67558
25.7462	7.81843
25.7475	7.96129
25.7517	8.10415
25.7837	8.22915
25.7864	8.35415
25.7878	8.47915
25.7914	8.60415
25.7929	8.72915
25.8258	8.85415
25.8264	8.97915
25.8288	9.10415
25.8322	9.21526
25.8676	9.32637
25.8684	9.43748
25.8718	9.54859
25.8739	9.6597
25.8766	9.77081
25.8885	4.88541
25.9078	5.13541
25.9106	5.33541
25.9174	5.53541
25.9188	5.73541
25.9211	5.93541
25.9503	6.13541
25.9536	6.30207
25.9537	6.46874
25.954	6.63541
25.9789	6.80207
25.9798	6.96874
25.9924	7.13541
25.9944	7.27826
25.9985	7.42112
26.0176	7.56398
26.0217	7.70684
26.023	7.84969
26.0238	7.99255
26.0253	8.13541
26.0324	8.26041
26.0385	8.38541
26.0635	8.51041
26.0668	8.63541
26.0707	8.76041
26.0746	8.88541
26.0758	9.01041
26.0785	9.12152
26.082	9.23263
26.0863	9.34374
26.12	9.45485
26.1254	9.56596
26.1268	9.67707
26.133	9.78818
26.1351	9.8993
26.1371	10.0104
26.1399	10.1104
26.1434	10.2104
26.1496	10.3104
26.1771	10.4104
26.1895	10.5104
26.1922	10.6104
26.1957	10.7104
26.2033	10.8104
26.205	10.9104
26.2081	11.0104
26.2103	11.1013
26.2144	11.1922
26.2428	11.2831
26.2483	11.374
26.2505	11.465
26.2532	11.5559
26.2553	11.6468
26.2588	11.7377
26.2594	11.8286
26.2636	11.9195
26.2912	12.0104
26.2973	12.0937
26.3029	12.1771
26.309	12.2604
26.3098	12.3437
26.3159	12.4271
26.3187	12.5104
26.3201	12.5937
26.3415	6.29687
26.349	6.46354
26.3504	6.6302
26.3561	6.79687
26.3592	6.96354
26.3604	7.1302
26.3623	7.27306
26.3998	7.41592
26.4008	7.55877
26.4289	7.70163
26.4448	7.84449
26.4471	7.98735
26.4723	8.1302
26.4759	4.0651
26.489	4.3151
26.492	4.5651
26.5165	4.8151
26.5193	5.0651
26.5551	5.2651
26.5586	5.4651
26.5614	5.6651
26.5675	5.8651
26.5688	6.0651
26.5943	6.23177
26.6022	6.39844
26.6052	6.5651
26.6093	6.73177
26.6107	6.89844
26.6121	7.0651
26.6329	7.20796
26.6401	7.35082
26.648	7.49367
26.6548	7.63653
26.6566	7.77939
26.6582	7.92224
26.6602	8.0651
26.6855	8.1901
26.6899	8.3151
26.6946	8.4401
26.6954	8.5651
26.6987	8.6901
26.7002	8.8151
26.7202	8.9401
26.7274	9.0651
26.7331	9.17621
26.7375	9.28732
26.7395	9.39844
26.7408	9.50955
26.7617	9.62066
26.7699	9.73177
26.7707	9.84288
26.7715	9.95399
26.7733	10.0651
26.7756	10.1651
26.7781	10.2651
26.8024	10.3651
26.8038	10.4651
26.8051	10.5651
26.8067	10.6651
26.8078	10.7651
26.8087	10.8651
26.8161	10.9651
26.8175	11.0651
26.8355	5.53255
26.836	5.73255
26.8387	5.93255
26.8422	6.13255
26.8434	6.29922
26.8456	6.46588
26.8483	6.63255
26.8517	6.79922
26.8551	6.96588
26.8561	7.13255
26.8873	7.27541
26.8894	7.41827
26.8935	7.56112
26.8943	7.70398
26.8969	7.84684
26.926	7.98969
26.9276	8.13255
26.9708	8.25755
26.9735	8.38255
26.9749	8.50755
27.0114	8.63255
27.0183	8.75755
27.0237	8.88255
27.0507	9.00755
27.0572	4.50378
27.0581	4.75378
27.063	5.00378
27.0912	5.20378
27.0946	5.40378
27.1208	5.60378
27.1256	5.80378
27.1269	6.00378
27.1283	6.17044
27.1299	6.33711
27.1655	6.50378
27.1706	6.67044
27.1719	6.83711
27.1726	7.00378
27.1733	7.14663
27.174	7.28949
27.209	7.43235
27.2141	7.5752
27.2469	7.71806
27.2535	7.86092
27.2907	8.00378
27.2956	8.12878
27.3343	8.25378
27.3358	8.37878
27.3801	4.18939
27.384	4.43939
27.3868	4.68939
27.4332	4.93939
27.436	5.18939
27.4394	5.38939
27.4739	5.58939
27.4803	5.78939
27.5138	5.98939
27.5176	6.18939
27.5414	6.35605
27.5491	6.52272
27.5518	6.68939
27.5538	6.85605
27.5869	7.02272
27.5939	7.16558
27.5971	7.30844
27.6012	7.45129
27.6417	3.72565
27.6433	4.05898
27.6455	4.30898
27.6488	4.55898
27.6508	4.80898
27.6522	5.05898
27.6848	5.25898
27.6861	5.45898
27.6886	5.65898
27.6899	5.85898
27.6914	6.05898
27.7223	6.22565
27.724	6.39231
27.7284	6.55898
27.7305	6.72565
27.7315	6.89231
27.7336	7.05898
27.7684	7.20184
27.7694	7.34469
27.7721	7.48755
27.7743	7.63041
27.7756	7.77327
27.7777	7.91612
27.7789	8.05898
27.8048	8.18398
27.8065	8.30898
27.8074	8.43398
27.8102	8.55898
27.8109	8.68398
27.8123	8.80898
27.8129	8.93398
27.814	9.05898
27.8381	9.17009
27.8439	9.2812
27.8452	9.39231
27.8467	9.50342
27.8473	9.61454
27.848	9.72565
27.8495	9.83676
27.8541	9.94787
27.8547	10.059
27.8693	10.159
27.875	10.259
27.8764	10.359
27.8785	10.459
27.8802	10.559
27.8814	10.659
27.8821	10.759
27.8852	10.859
27.8874	10.959
27.888	11.059
27.9038	11.1499
27.9058	11.2408
27.9079	11.3317
27.9097	11.4226
27.9108	11.5135
27.9135	11.6044
27.9141	11.6953
27.9163	11.7863
27.9169	11.8772
27.9179	11.9681
27.9192	12.059
27.9337	12.1423
27.9409	12.2256
27.9465	12.309
27.9472	12.3923
27.9478	12.4756
27.9504	12.559
27.9513	12.6423
27.9587	12.7256
27.9633	12.809
27.9739	12.8923
27.9763	12.9756
27.977	13.059
27.9778	13.1359
27.9787	13.2128
27.9846	13.2897
27.9972	13.3667
28.0093	13.4436
28.0113	13.5205
28.012	13.5974
28.0126	13.6744
28.0142	13.7513
28.0171	13.8282
28.021	13.9051
28.0337	13.9821
28.0485	14.059
28.0492	14.1304
28.054	14.2018
28.0551	14.2733
28.0573	14.3447
28.0587	14.4161
28.0605	14.4876
28.0691	14.559
28.0844	14.6304
28.086	14.7018
28.0861	14.7733
28.0915	14.8447
28.0928	14.9161
28.0929	14.9876
28.0974	15.059
28.105	7.52949
28.1062	7.67235
28.1102	7.8152
28.1207	7.95806
28.124	8.10092
28.1256	8.22592
28.1278	8.35092
28.1284	8.47592
28.1305	8.60092
28.1347	8.72592
28.1353	8.85092
28.1589	8.97592
28.1599	9.10092
28.1616	9.21203
28.1657	9.32314
28.1673	9.43425
28.1688	9.54536
28.1724	9.65647
28.173	9.76759
28.2044	9.8787
28.2058	9.98981
28.2075	10.1009
28.208	10.2009
28.2097	10.3009
28.2104	10.4009
28.2118	10.5009
28.2177	10.6009
28.219	10.7009
28.2548	10.8009
28.2556	10.9009
28.2586	11.0009
28.2594	11.0918
28.2608	11.1827
28.2622	11.2736
28.267	11.3646
28.3028	11.4555
28.3035	11.5464
28.3044	11.6373
28.3053	11.7282
28.3064	11.8191
28.3071	11.91
28.3087	12.0009
28.3155	12.0843
28.3511	12.1676
28.3516	12.2509
28.3523	12.3343
28.3532	12.4176
28.3537	12.5009
28.3564	12.5843
28.3586	12.6676
28.3593	12.7509
28.3625	12.8343
28.3908	12.9176
28.3922	13.0009
28.393	13.0778
28.3942	13.1548
28.3944	13.2317
28.3961	13.3086
28.3988	13.3855
28.4003	13.4625
28.4055	13.5394
28.4171	6.76969
28.4323	6.93636
28.4333	7.10302
28.4338	7.24588
28.4343	7.38874
28.4372	7.53159
28.4389	7.67445
28.4401	7.81731
28.4424	7.96017
28.4433	8.10302
28.4487	8.22802
28.4719	8.35302
28.473	8.47802
28.4742	8.60302
28.4758	8.72802
28.4791	8.85302
28.4811	8.97802
28.4818	9.10302
28.4847	9.21413
28.5089	9.32525
28.5154	9.43636
28.5169	9.54747
28.5173	9.65858
28.5181	9.76969
28.5188	9.8808
28.5417	9.99191
28.5473	10.103
28.5496	10.203
28.5502	10.303
28.5509	10.403
28.5516	10.503
28.576	10.603
28.5824	10.703
28.5837	10.803
28.5885	10.903
28.59	11.003
28.594	11.0939
28.5953	11.1848
28.6077	11.2758
28.6157	11.3667
28.6165	11.4576
28.6226	11.5485
28.624	11.6394
28.6248	11.7303
28.627	11.8212
28.6278	11.9121
28.6466	12.003
28.6506	12.0864
28.6532	12.1697
28.6604	12.253
28.661	12.3364
28.6623	12.4197
28.6638	12.503
28.6645	12.5864
28.6789	6.29318
28.6814	6.45984
28.6824	6.62651
28.6841	6.79318
28.6853	6.95984
28.695	7.12651
28.6972	7.26937
28.6995	7.41223
28.7003	7.55508
28.7012	7.69794
28.7181	7.8408
28.7285	7.98365
28.7291	8.12651
28.7301	8.25151
28.7343	8.37651
28.7351	8.50151
28.7358	8.62651
28.7555	8.75151
28.7609	8.87651
28.7617	9.00151
28.7624	9.11262
28.7633	9.22373
28.7637	9.33484
28.7643	9.44596
28.7653	9.55707
28.7805	9.66818
28.7891	9.77929
28.7924	9.8904
28.7933	10.0015
28.7938	10.1015
28.795	10.2015
28.7956	10.3015
28.7962	10.4015
28.7984	10.5015
28.8102	10.6015
28.8231	10.7015
28.8259	10.8015
28.8267	10.9015
28.8275	11.0015
28.8291	11.0924
28.8298	11.1833
28.8311	11.2742
28.8319	11.3651
28.8339	11.4561
28.8424	11.547
28.8537	11.6379
28.8555	11.7288
28.8564	11.8197
28.857	11.9106
28.8582	12.0015
28.8617	12.0848
28.8627	12.1682
28.8641	12.2515
28.8649	12.3348
28.8658	12.4182
28.8753	12.5015
28.8881	12.5848
28.8912	12.6682
28.8919	12.7515
28.8924	12.8348
28.8944	12.9182
28.8955	13.0015
28.8966	13.0784
28.8979	13.1554
28.8987	13.2323
28.9011	13.3092
28.912	13.3861
28.9233	13.4631
28.9276	13.54
28.9285	13.6169
28.9292	13.6938
28.9301	13.7707
28.9326	13.8477
28.9338	13.9246
28.9507	14.0015
28.9626	14.0729
28.9644	14.1444
28.9653	14.2158
28.9658	14.2872
28.9665	14.3587
28.9849	14.4301
28.9855	14.5015
28.9965	14.5729
28.9974	14.6444
28.9989	14.7158
28.9995	14.7872
29.0008	14.8587
29.0203	14.9301
29.0212	15.0015
29.0325	15.0682
29.0345	15.1348
29.0361	15.2015
29.0368	15.2682
29.0383	15.3348
29.0559	15.4015
29.0575	15.4682
29.0582	15.5348
29.0705	15.6015
29.0714	7.80076
29.0732	7.94361
29.0756	8.08647
29.0757	8.21147
29.0761	8.33647
29.0785	8.46147
29.081	8.58647
29.0825	8.71147
29.0942	8.83647
29.1035	8.96147
29.1147	9.08647
29.1175	9.19758
29.1324	9.30869
29.1335	9.4198
29.1342	9.53091
29.1379	9.64203
29.144	9.75314
29.1456	9.86425
29.1491	9.97536
29.1608	10.0865
29.1623	10.1865
29.1633	10.2865
29.1659	10.3865
29.1718	10.4865
29.1728	10.5865
29.1754	10.6865
29.1775	10.7865
29.1798	10.8865
29.1924	10.9865
29.1929	11.0865
29.1963	11.1774
29.197	11.2683
29.1976	11.3592
29.2022	11.4501
29.207	11.541
29.2232	11.6319
29.2242	11.7228
29.2253	11.8137
29.226	11.9047
29.228	11.9956
29.2299	12.0865
29.2417	12.1698
29.244	12.2531
29.2592	12.3365
29.2606	12.4198
29.2636	12.5031
29.2792	12.5865
29.2802	12.6698
29.2845	12.7531
29.2992	12.8365
29.3006	12.9198
29.3026	13.0031
29.3197	13.0801
29.3229	13.157
29.3234	13.2339
29.3242	13.3108
29.3458	13.3878
29.3465	13.4647
29.3475	13.5416
29.3489	13.6185
29.3738	13.6954
29.3743	6.84772
29.3758	7.01439
29.3802	7.15725
29.3809	7.3001
29.4035	7.44296
29.4277	7.58582
29.4549	7.72867
29.4577	7.87153
29.4627	8.01439
29.4711	8.13939
29.4838	8.26439
29.4885	8.38939
29.4898	8.51439
29.5108	8.63939
29.5193	8.76439
29.525	8.88939
29.5259	9.01439
29.5498	9.1255
29.5572	9.23661
29.5599	9.34772
29.5606	9.45883
29.5822	9.56994
29.59	9.68106
29.5905	9.79217
29.5927	9.90328
29.6167	10.0144
29.6217	10.1144
29.6225	10.2144
29.6235	10.3144
29.6445	10.4144
29.6452	10.5144
29.6475	10.6144
29.6491	10.7144
29.6498	10.8144
29.6582	10.9144
29.6589	11.0144
29.6596	11.1053
29.6663	5.55265
29.6693	5.75265
29.672	5.95265
29.6742	6.15265
29.6751	6.31932
29.6758	6.48598
29.6853	6.65265
29.6862	6.81932
29.6869	6.98598
29.6898	7.15265
29.7053	7.29551
29.7144	7.43836
29.7155	7.58122
29.7169	7.72408
29.7185	7.86693
29.7193	8.00979
29.7308	8.13479
29.7435	8.25979
29.7463	8.38479
29.7471	8.50979
29.7479	8.63479
29.7494	8.75979
29.7519	8.88479
29.7564	9.00979
29.7585	9.1209
29.7727	9.23201
29.7754	9.34313
29.7761	9.45424
29.7782	9.56535
29.7802	9.67646
29.7844	9.78757
29.7906	9.89868
29.7924	10.0098
29.7974	10.1098
29.8115	10.2098
29.8122	10.3098
29.8151	10.4098
29.8158	10.5098
29.818	10.6098
29.8227	10.7098
29.8319	10.8098
29.8346	10.9098
29.8353	11.0098
29.8401	11.1007
29.8562	11.1916
29.8568	11.2825
29.8588	11.3734
29.8602	11.4643
29.8609	11.5552
29.8618	11.6462
29.8636	11.7371
29.864	11.828
29.8644	11.9189
29.8684	12.0098
29.8771	12.0931
29.8795	12.1765
29.8823	12.2598
29.883	12.3431
29.8866	12.4265
29.8988	12.5098
29.9018	12.5931
29.909	12.6765
29.9104	12.7598
29.9125	12.8431
29.9133	12.9265
29.9152	13.0098
29.9161	13.0867
29.9294	13.1636
29.9303	13.2406
29.9383	13.3175
29.9466	13.3944
29.9514	13.4713
29.9572	13.5483
29.9584	13.6252
29.9617	13.7021
29.9625	13.779
29.963	13.8559
29.9642	13.9329
29.9655	14.0098
29.9744	14.0812
29.9752	14.1526
29.9852	14.2241
29.9891	14.2955
29.9931	14.3669
29.9957	14.4384
29.999	14.5098
30.0021	14.5812
30.0031	14.6526
30.0052	14.7241
30.0079	14.7955
30.0093	14.8669
30.0101	14.9384
30.0107	15.0098
30.0113	15.0765
30.0121	15.1431
30.0129	15.2098
30.0137	15.2765
30.0155	15.3431
30.0162	15.4098
30.0169	15.4765
30.0177	15.5431
30.0189	15.6098
30.0197	15.6765
30.0204	15.7431
30.021	15.8098
30.0217	15.8765
30.0224	15.9431
30.023	16.0098
30.0237	16.0723
30.0244	16.1348
30.0252	16.1973
30.0259	16.2598
30.0265	16.3223
30.0275	16.3848
30.028	16.4473
30.0288	16.5098
30.0294	16.5723
30.0301	16.6348
30.0308	16.6973
30.0383	16.7598
30.0407	16.8223
30.0565	16.8848
30.0626	16.9473
30.0641	17.0098
30.0649	17.0686
30.0653	17.1274
30.066	17.1863
30.0666	17.2451
30.0702	17.3039
30.0711	17.3627
30.0738	17.4216
30.0754	17.4804
30.0774	17.5392
30.0788	17.598
30.0793	8.79901
30.0861	8.92401
30.0927	9.04901
30.0951	9.16012
30.0977	9.27124
30.0977	9.38235
30.0999	9.49346
30.1006	9.60457
30.1016	9.71568
30.1028	9.82679
30.1041	9.9379
30.106	10.049
30.1071	10.149
30.1086	10.249
30.112	10.349
30.1135	10.449
30.1145	10.549
30.1265	10.649
30.1276	10.749
30.1284	10.849
30.1291	10.949
30.1299	11.049
30.1307	11.1399
30.1313	11.2308
30.1319	11.3217
30.1334	11.4126
30.1365	11.5036
30.1484	11.5945
30.1509	11.6854
30.1557	11.7763
30.1613	11.8672
30.162	11.9581
30.1641	12.049
30.1657	12.1323
30.1674	12.2157
30.1717	12.299
30.1739	12.3823
30.1744	12.4657
30.1772	12.549
30.1795	12.6323
30.1805	12.7157
30.1821	12.799
30.1837	12.8823
30.1846	12.9657
30.1886	13.049
30.1899	13.1259
30.1916	13.2029
30.1958	13.2798
30.1966	13.3567
30.1985	13.4336
30.2004	13.5106
30.2011	13.5875
30.2018	13.6644
30.2038	13.7413
30.2044	13.8182
30.2054	13.8952
30.2084	13.9721
30.2094	14.049
30.2105	14.1204
30.2114	14.1919
30.2133	14.2633
30.2144	14.3347
30.2163	14.4062
30.2171	14.4776
30.219	14.549
30.2198	14.6204
30.2202	14.6919
30.2242	14.7633
30.2255	14.8347
30.2262	14.9062
30.2274	14.9776
30.2291	15.049
30.23	15.1157
30.2307	15.1823
30.232	15.249
30.2333	15.3157
30.2346	15.3823
30.236	15.449
30.2368	15.5157
30.2373	15.5823
30.239	15.649
30.2397	15.7157
30.2413	15.7823
30.2429	15.849
30.2435	15.9157
30.2444	15.9823
30.2465	16.049
30.2478	16.1115
30.2493	16.174
30.2511	16.2365
30.2524	16.299
30.2542	16.3615
30.2553	16.424
30.2562	16.4865
30.2576	16.549
30.2604	16.6115
30.2625	16.674
30.2631	16.7365
30.2646	16.799
30.2658	16.8615
30.2672	16.924
30.2679	16.9865
30.2736	17.049
30.2751	17.1078
30.2762	17.1667
30.2776	17.2255
30.2786	17.2843
30.2797	17.3431
30.2811	17.402
30.2876	17.4608
30.2887	17.5196
30.2907	17.5784
30.2914	17.6372
30.2928	17.6961
30.2944	17.7549
30.2964	17.8137
30.3009	17.8725
30.3043	17.9314
30.3059	17.9902
30.3103	18.049
30.3109	9.02451
30.3113	9.13562
30.3123	9.24673
30.3145	9.35784
30.3175	9.46895
30.3238	9.58006
30.3325	9.69117
30.335	9.80228
30.338	9.9134
30.3394	10.0245
30.3402	10.1245
30.3585	10.2245
30.3597	10.3245
30.3604	10.4245
30.361	10.5245
30.3618	10.6245
30.3639	10.7245
30.3659	10.8245
30.3715	10.9245
30.3816	11.0245
30.3817	11.1154
30.3822	11.2063
30.3837	11.2972
30.3863	11.3881
30.3878	11.4791
30.3891	11.57
30.3915	11.6609
30.4004	11.7518
30.4026	11.8427
30.4035	11.9336
30.4058	12.0245
30.4101	12.1078
30.4109	12.1912
30.4114	12.2745
30.4157	12.3578
30.424	12.4412
30.425	12.5245
30.4258	12.6078
30.4298	12.6912
30.4306	12.7745
30.4333	12.8578
30.4357	12.9412
30.4391	13.0245
30.4481	13.1014
30.4503	13.1784
30.4511	13.2553
30.4537	13.3322
30.4545	13.4091
30.4609	13.486
30.4648	13.563
30.4665	13.6399
30.4704	13.7168
30.4726	13.7937
30.4738	13.8707
30.4811	13.9476
30.4818	14.0245
30.4862	14.0959
30.4887	14.1674
30.4909	14.2388
30.4931	14.3102
30.5031	14.3816
30.5038	14.4531
30.5061	14.5245
30.5111	14.5959
30.5118	14.6674
30.5131	14.7388
30.5147	14.8102
30.5226	14.8816
30.5232	14.9531
30.5244	15.0245
30.5278	15.0912
30.5298	15.1578
30.5304	15.2245
30.5327	15.2912
30.5339	15.3578
30.536	15.4245
30.5381	15.4912
30.5401	15.5578
30.5405	15.6245
30.5406	15.6912
30.5413	15.7578
30.5418	15.8245
30.547	15.8912
30.5476	15.9578
30.5495	16.0245
30.5505	16.087
30.5548	16.1495
30.5584	16.212
30.5591	16.2745
30.5604	16.337
30.5613	16.3995
30.5617	16.462
30.5631	8.231
30.5657	8.356
30.5664	8.481
30.5671	8.606
30.5679	8.731
30.5697	8.856
30.571	8.981
30.5738	9.106
30.5758	9.21711
30.5765	9.32823
30.5772	9.43934
30.5849	9.55045
30.5882	9.66156
30.5894	9.77267
30.5907	9.88378
30.6019	9.99489
30.6032	10.106
30.6071	10.206
30.6078	10.306
30.6224	10.406
30.6233	10.506
30.6252	10.606
30.6276	10.706
30.6416	10.806
30.6423	10.906
30.6447	11.006
30.6462	11.0969
30.6516	11.1878
30.6522	11.2787
30.6582	11.3696
30.662	11.4605
30.6646	11.5515
30.6651	11.6424
30.67	11.7333
30.6717	11.8242
30.6757	11.9151
30.6805	12.006
30.6834	12.0893
30.6855	12.1727
30.689	12.256
30.6917	12.3393
30.6962	12.4227
30.699	12.506
30.7009	12.5893
30.7035	12.6727
30.7084	12.756
30.7119	12.8393
30.7178	12.9227
30.7255	13.006
30.7307	13.0829
30.7327	13.1598
30.7442	13.2368
30.7499	13.3137
30.7532	13.3906
30.762	13.4675
30.7686	13.5445
30.7716	13.6214
30.7746	13.6983
30.782	13.7752
30.7881	13.8522
30.7888	13.9291
30.7895	14.006
30.7939	14.0774
30.7949	7.03872
30.8078	7.18157
30.8101	7.32443
30.8132	7.46729
30.8835	7.61014
30.8993	7.753
30.9033	7.89586
30.9202	8.03872
30.9225	8.16372
30.9249	8.28872
30.9265	8.41372
30.9388	8.53872
30.942	8.66372
30.9437	8.78872
30.9443	8.91372
30.9449	9.03872
30.9594	9.14983
30.96	9.26094
30.9606	9.37205
30.962	9.48316
30.9634	9.59427
30.9755	9.70538
30.9777	9.81649
30.9783	9.9276
30.9804	10.0387
30.9832	10.1387
30.9997	10.2387
31.0006	10.3387
31.0019	10.4387
31.0034	10.5387
31.0041	10.6387
31.0105	10.7387
31.0161	10.8387
31.0178	10.9387
31.0185	11.0387
31.0246	11.1296
31.0271	11.2205
31.0323	11.3114
31.0337	11.4024
31.0344	11.4933
31.0351	11.5842
31.0417	11.6751
31.0437	11.766
31.0503	11.8569
31.0508	11.9478
31.0522	12.0387
31.0531	12.122
31.0578	12.2054
31.06	12.2887
31.0657	12.372
31.0665	12.4554
31.0671	12.5387
31.0677	12.622
31.0696	12.7054
31.0726	12.7887
31.0766	12.872
31.085	12.9554
31.0856	13.0387
31.0864	13.1156
31.0878	13.1926
31.0883	13.2695
31.0911	13.3464
31.0918	13.4233
31.0989	13.5003
31.1003	13.5772
31.1017	13.6541
31.1027	13.731
31.1033	13.8079
31.1058	13.8849
31.1071	13.9618
31.1113	14.0387
31.1127	14.1101
31.1155	14.1816
31.1169	14.253
31.1183	14.3244
31.1189	14.3959
31.1196	14.4673
31.1202	14.5387
31.123	14.6101
31.1277	14.6816
31.1297	14.753
31.1303	14.8244
31.1332	14.8959
31.1339	14.9673
31.1347	15.0387
31.1352	15.1054
31.1381	15.172
31.1417	15.2387
31.1423	15.3054
31.1437	15.372
31.1444	15.4387
31.1464	15.5054
31.1473	7.75269
31.148	7.89555
31.1486	8.03841
31.1513	8.16341
31.1534	8.28841
31.1562	8.41341
31.1568	8.53841
31.1583	8.66341
31.1591	8.78841
31.1616	8.91341
31.1693	9.03841
31.1706	9.14952
31.174	9.26063
31.1753	9.37174
31.1861	9.48285
31.187	9.59396
31.1921	9.70507
31.1965	9.81618
31.2015	9.92729
31.2046	10.0384
31.2058	10.1384
31.2121	10.2384
31.2179	10.3384
31.2215	10.4384
31.2228	10.5384
31.2249	10.6384
31.2264	10.7384
31.2272	10.8384
31.2278	10.9384
31.2295	11.0384
31.237	11.1293
31.2402	11.2202
31.2452	11.3111
31.2463	11.402
31.2492	11.493
31.252	11.5839
31.253	11.6748
31.2536	11.7657
31.2565	11.8566
31.2615	11.9475
31.2671	12.0384
31.2694	12.1217
31.2737	12.2051
31.2759	12.2884
31.2767	12.3717
31.2798	12.4551
31.2832	12.5384
31.2862	12.6217
31.2887	12.7051
31.2901	12.7884
31.2967	12.8717
31.2987	12.9551
31.2993	13.0384
31.3007	13.1153
31.3027	13.1923
31.3103	13.2692
31.3116	13.3461
31.3123	13.423
31.3172	13.4999
31.3193	13.5769
31.3206	13.6538
31.3242	13.7307
31.3318	13.8076
31.3327	13.8846
31.336	13.9615
31.3375	14.0384
31.3409	14.1098
31.3436	14.1813
31.345	14.2527
31.3468	14.3241
31.3504	14.3955
31.351	14.467
31.3571	14.5384
31.3577	14.6098
31.3612	14.6813
31.3676	14.7527
31.3692	14.8241
31.3714	14.8955
31.3787	7.44777
31.3808	7.59063
31.3856	7.73349
31.3879	7.87635
31.5189	8.0192
31.5202	8.1442
31.5367	8.2692
31.539	8.3942
31.5418	8.5192
31.5552	8.6442
31.5572	8.7692
31.5604	8.8942
31.5645	9.0192
31.5671	9.13031
31.5707	9.24143
31.5807	9.35254
31.5819	9.46365
31.5837	9.57476
31.5853	9.68587
31.586	9.79698
31.5869	9.90809
31.5881	10.0192
31.5903	10.1192
31.5938	10.2192
31.6013	10.3192
31.6027	10.4192
31.6037	10.5192
31.6054	10.6192
31.6084	10.7192
31.6091	10.8192
31.6124	10.9192
31.6208	11.0192
31.6222	11.1101
31.6229	11.201
31.6242	11.2919
31.626	11.3828
31.6376	11.4737
31.6389	11.5647
31.6396	11.6556
31.641	11.7465
31.6418	11.8374
31.6457	11.9283
31.6548	12.0192
31.6562	12.1025
31.6576	12.1859
31.6592	12.2692
31.6599	12.3525
31.661	12.4359
31.6646	12.5192
31.6658	12.6025
31.6734	12.6859
31.6743	12.7692
31.6754	12.8525
31.6791	12.9359
31.6819	13.0192
31.6839	13.0961
31.6867	13.173
31.6949	13.25
31.696	13.3269
31.698	13.4038
31.7033	13.4807
31.7053	13.5577
31.7067	13.6346
31.7111	13.7115
31.7161	13.7884
31.7199	13.8654
31.7225	13.9423
31.7238	14.0192
31.7246	14.0906
31.7259	14.1621
31.7344	14.2335
31.7374	14.3049
31.7418	14.3763
31.7432	14.4478
31.7439	14.5192
31.7446	14.5906
31.7468	14.6621
31.7486	14.7335
31.7522	14.8049
31.7534	14.8763
31.758	14.9478
31.7604	15.0192
31.7613	7.5096
31.7621	7.65246
31.7628	7.79532
31.7665	7.93817
31.7681	8.08103
31.7752	8.20603
31.7757	8.33103
31.7764	8.45603
31.7825	8.58103
31.7893	8.70603
31.7922	8.83103
31.8016	8.95603
31.808	9.08103
31.8142	9.19214
31.8265	9.30325
31.8301	9.41436
31.8314	9.52547
31.836	9.63659
31.8369	9.7477
31.8381	9.85881
31.8388	9.96992
31.848	10.081
31.85	10.181
31.8505	10.281
31.8512	10.381
31.8521	10.481
31.8533	10.581
31.854	10.681
31.8547	10.781
31.8554	10.881
31.856	10.981
31.8697	11.081
31.8704	11.1719
31.8712	11.2628
31.8729	11.3538
31.8737	11.4447
31.8749	11.5356
31.8854	11.6265
31.8865	11.7174
31.8873	11.8083
31.8894	11.8992
31.8911	11.9901
31.8941	12.081
31.8994	12.1644
31.9052	12.2477
31.9062	12.331
31.9079	12.4144
31.9108	12.4977
31.9115	12.581
31.9142	12.6644
31.9165	12.7477
31.9224	12.831
31.9317	12.9144
31.9338	12.9977
31.9352	13.081
31.9359	13.158
31.937	13.2349
31.9523	13.3118
31.9529	13.3887
31.9535	13.4656
31.9545	13.5426
31.9575	13.6195
31.9581	13.6964
31.9604	13.7733
31.961	13.8503
31.9617	13.9272
31.9625	14.0041
31.9633	14.0755
31.9641	14.147
31.9649	14.2184
31.9654	14.2898
31.9663	14.3612
31.9669	14.4327
31.9676	14.5041
31.9682	14.5755
31.969	14.647
31.9708	14.7184
31.9752	14.7898
31.9762	14.8612
31.9772	14.9327
31.9778	15.0041
31.9793	15.0708
31.9798	15.1374
31.9806	15.2041
31.9813	15.2708
31.9821	15.3374
31.9827	15.4041
31.9834	15.4708
31.9841	15.5374
31.9847	15.6041
31.9854	15.6708
31.9864	15.7374
31.9868	15.8041
31.9875	15.8708
31.9882	15.9374
31.989	16.0041
31.9896	16.0666
31.9904	16.1291
31.9909	16.1916
31.9916	16.2541
31.9923	16.3166
31.993	16.3791
31.9936	16.4416
31.9943	16.5041
31.9953	16.5666
31.9961	16.6291
31.9964	16.6916
31.9978	16.7541
31.9986	16.8166
31.9995	16.8791
32.0001	16.9416
32.0006	17.0041
32.0012	17.0629
32.002	17.1218
32.0027	17.1806
32.0034	17.2394
32.0048	17.2982
32.0055	17.357
32.0062	17.4159
32.0097	17.4747
32.0189	17.5335
32.0216	17.5923
32.0223	17.6512
32.023	17.71
32.027	17.7688
32.0284	17.8276
32.0291	17.8865
32.0298	17.9453
32.0312	18.0041
32.0324	18.0597
32.033	18.1152
32.0333	18.1708
32.0394	18.2263
32.0473	18.2819
32.0512	18.3374
32.0522	18.393
32.053	18.4486
32.0533	9.22428
32.0589	9.33539
32.0596	9.4465
32.0615	9.55761
32.0621	9.66872
32.0633	9.77983
32.0659	9.89094
32.0672	10.0021
32.0683	10.1021
32.069	10.2021
32.0703	10.3021
32.0799	10.4021
32.0822	10.5021
32.0829	10.6021
32.0836	10.7021
32.0847	10.8021
32.0854	10.9021
32.0871	11.0021
32.0879	11.093
32.0891	11.1839
32.0893	11.2748
32.0904	11.3657
32.0926	11.4566
32.0933	11.5475
32.0946	11.6384
32.0953	11.7293
32.0983	11.8202
32.0985	11.9111
32.1087	12.0021
32.1095	12.0854
32.1102	12.1687
32.111	12.2521
32.1116	12.3354
32.1122	12.4187
32.1135	12.5021
32.1146	12.5854
32.117	12.6687
32.1176	12.7521
32.1192	12.8354
32.1197	12.9187
32.1204	13.0021
32.1211	13.079
32.1219	13.1559
32.1232	13.2328
32.1253	13.3097
32.1344	13.3867
32.1351	13.4636
32.1358	13.5405
32.1364	13.6174
32.1378	13.6944
32.1391	13.7713
32.1405	13.8482
32.1411	13.9251
32.1419	14.0021
32.1428	14.0735
32.144	14.1449
32.1448	14.2163
32.1455	14.2878
32.1465	14.3592
32.1471	14.4306
32.1482	14.5021
32.1519	14.5735
32.1539	14.6449
32.1663	14.7163
32.1679	14.7878
32.1687	14.8592
32.1694	14.9306
32.1708	15.0021
32.1725	15.0687
32.1743	15.1354
32.1758	15.2021
32.1765	15.2687
32.1772	15.3354
32.1791	15.4021
32.1818	15.4687
32.184	15.5354
32.1855	15.6021
32.2024	15.6687
32.2033	15.7354
32.2038	15.8021
32.2045	15.8687
32.2051	15.9354
32.2059	16.0021
32.2067	16.0646
32.2072	16.1271
32.2079	16.1896
32.2092	16.2521
32.21	16.3146
32.2107	16.3771
32.2113	16.4396
32.2285	16.5021
32.2304	16.5646
32.2318	16.6271
32.2325	16.6896
32.2331	16.7521
32.2338	16.8146
32.2352	16.8771
32.237	16.9396
32.2376	17.0021
32.2382	17.0609
32.239	17.1197
32.2402	17.1785
32.2415	17.2373
32.243	17.2962
32.2489	17.355
32.2599	17.4138
32.261	17.4726
32.2624	17.5315
32.2639	17.5903
32.2647	17.6491
32.267	17.7079
32.2679	17.7668
32.2699	17.8256
32.2716	17.8844
32.2723	17.9432
32.2729	18.0021
32.2783	18.0576
32.2875	18.1132
32.2899	18.1687
32.2911	18.2243
32.2921	18.2798
32.2928	18.3354
32.2983	18.3909
32.299	18.4465
32.2997	18.5021
32.3017	18.5576
32.3028	18.6132
32.3036	18.6687
32.3071	18.7243
32.3078	18.7798
32.3183	18.8354
32.3199	18.8909
32.3213	18.9465
32.3223	19.0021
32.3239	19.0547
32.3274	19.1073
32.3278	19.1599
32.3292	19.2126
32.3315	19.2652
32.3335	19.3178
32.334	19.3705
32.3349	19.4231
32.3379	19.4757
32.3455	9.73787
32.3518	9.84898
32.3528	9.96009
32.3545	10.0712
32.3553	10.1712
32.3567	10.2712
32.3573	10.3712
32.358	10.4712
32.3596	10.5712
32.3601	10.6712
32.361	10.7712
32.3643	10.8712
32.3675	10.9712
32.368	11.0712
32.3703	11.1621
32.3839	11.253
32.3861	11.3439
32.3884	11.4348
32.3895	11.5257
32.3915	11.6167
32.3942	11.7076
32.3958	11.7985
32.3983	11.8894
32.4119	11.9803
32.4164	12.0712
32.4177	12.1545
32.419	12.2379
32.4213	12.3212
32.422	12.4045
32.4232	12.4879
32.4255	12.5712
32.4266	12.6545
32.436	12.7379
32.4422	12.8212
32.4429	12.9045
32.4438	12.9879
32.449	13.0712
32.4505	13.1481
32.4525	13.225
32.4532	13.302
32.4561	13.3789
32.4609	13.4558
32.4656	13.5327
32.4663	13.6097
32.4673	13.6866
32.4684	13.7635
32.4735	13.8404
32.4741	13.9174
32.4755	13.9943
32.4783	14.0712
32.4808	14.1426
32.4845	14.2141
32.4879	14.2855
32.4898	14.3569
32.4917	14.4283
32.4955	14.4998
32.4967	14.5712
32.4974	14.6426
32.4996	14.7141
32.505	14.7855
32.506	14.8569
32.5073	14.9283
32.5093	14.9998
32.5102	15.0712
32.5109	15.1379
32.5115	15.2045
32.514	15.2712
32.5184	15.3379
32.5209	15.4045
32.5242	15.4712
32.5261	15.5379
32.5267	15.6045
32.5274	15.6712
32.5305	15.7379
32.5319	15.8045
32.5342	15.8712
32.5352	15.9379
32.536	16.0045
32.5367	16.067
32.5422	16.1295
32.5464	16.192
32.5511	16.2545
32.5542	16.317
32.5559	16.3795
32.5568	16.442
32.5586	16.5045
32.5594	16.567
32.56	16.6295
32.5608	16.692
32.5668	16.7545
32.5719	16.817
32.5732	16.8795
32.5743	16.942
32.5775	17.0045
32.5791	17.0634
32.5821	17.1222
32.5843	17.181
32.585	17.2398
32.5857	17.2987
32.5866	17.3575
32.59	17.4163
32.5936	17.4751
32.5947	17.5339
32.5964	17.5928
32.5997	17.6516
32.6014	17.7104
32.6051	17.7692
32.6064	17.8281
32.6072	17.8869
32.6086	17.9457
32.6093	18.0045
32.6105	18.0601
32.6148	18.1156
32.6167	18.1712
32.6196	18.2268
32.6222	18.2823
32.6244	18.3379
32.6261	18.3934
32.6276	18.449
32.6289	18.5045
32.6302	18.5601
32.6316	18.6156
32.6353	18.6712
32.6381	18.7268
32.6392	18.7823
32.6425	18.8379
32.6437	18.8934
32.6448	18.949
32.6467	19.0045
32.6501	19.0572
32.6514	19.1098
32.6532	19.1624
32.655	19.2151
32.6575	9.60753
32.6575	9.71864
32.6599	9.82975
32.6607	9.94086
32.6629	10.052
32.664	10.152
32.6666	10.252
32.6686	10.352
32.6729	10.452
32.6734	10.552
32.6744	10.652
32.6768	10.752
32.6894	10.852
32.6928	10.952
32.6934	11.052
32.6943	11.1429
32.7045	11.2338
32.7101	11.3247
32.7114	11.4156
32.7121	11.5065
32.7177	11.5974
32.7223	11.6883
32.7239	11.7792
32.7296	11.8702
32.7305	11.9611
32.7327	12.052
32.7433	12.1353
32.7451	12.2186
32.7473	12.302
32.7488	12.3853
32.7546	12.4686
32.7557	12.552
32.7657	12.6353
32.7666	12.7186
32.7698	12.802
32.7714	12.8853
32.7749	12.9686
32.7764	13.052
32.777	13.1289
32.7879	13.2058
32.7889	13.2827
32.7933	13.3597
32.7946	13.4366
32.7954	13.5135
32.7964	13.5904
32.7977	13.6674
32.815	13.7443
32.8162	13.8212
32.8177	13.8981
32.8218	13.9751
32.8219	14.052
32.8224	14.1234
32.8236	14.1948
32.8254	14.2663
32.826	14.3377
32.8284	14.4091
32.837	14.4805
32.8431	14.552
32.8444	14.6234
32.8451	14.6948
32.8458	14.7663
32.8468	14.8377
32.8473	14.9091
32.855	14.9805
32.8623	15.052
32.8648	15.1186
32.8656	15.1853
32.8667	15.252
32.8685	15.3186
32.8692	15.3853
32.8698	15.452
32.8767	15.5186
32.8827	15.5853
32.8857	15.652
32.8868	15.7186
32.8879	15.7853
32.8894	15.852
32.8908	15.9186
32.8915	15.9853
32.902	16.052
32.9098	16.1145
32.9105	16.177
32.911	16.2395
32.9116	16.302
32.9124	16.3645
32.9133	16.427
32.9138	16.4895
32.9191	8.24474
32.9211	8.36974
32.9262	8.49474
32.9277	8.61974
32.9285	8.74474
32.9307	8.86974
32.9315	8.99474
32.933	9.11974
32.9344	9.23085
32.9452	9.34196
32.9469	9.45307
32.9483	9.56418
32.9491	9.67529
32.9501	9.7864
32.9592	9.89752
32.9602	10.0086
32.961	10.1086
32.9624	10.2086
32.9634	10.3086
32.964	10.4086
32.9729	10.5086
32.9737	10.6086
32.9752	10.7086
32.9758	10.8086
32.9783	10.9086
32.9791	11.0086
32.9862	11.0995
32.9876	11.1904
32.9895	11.2814
32.991	11.3723
32.992	11.4632
32.9924	11.5541
32.9931	11.645
33.0017	11.7359
33.0038	11.8268
33.0055	11.9177
33.0069	12.0086
33.0091	12.092
33.0096	12.1753
33.0123	12.2586
33.0195	12.342
33.0207	12.4253
33.0214	12.5086
33.0229	12.592
33.0251	12.6753
33.0282	12.7586
33.0286	12.842
33.0321	12.9253
33.041	13.0086
33.0415	13.0855
33.0423	13.1625
33.0441	13.2394
33.0467	13.3163
33.0491	13.3932
33.0499	13.4702
33.0533	13.5471
33.0564	13.624
33.0582	13.7009
33.0681	13.7779
33.0704	13.8548
33.0712	13.9317
33.0727	14.0086
33.0735	14.0801
33.0834	14.1515
33.0843	14.2229
33.0858	14.2943
33.0868	14.3658
33.0876	14.4372
33.0887	14.5086
33.1056	14.5801
33.1066	14.6515
33.1076	14.7229
33.1082	14.7943
33.1091	14.8658
33.1101	14.9372
33.1109	15.0086
33.1308	15.0753
33.1315	15.142
33.1331	15.2086
33.1339	15.2753
33.135	15.342
33.1353	15.4086
33.1361	15.4753
33.1367	15.542
33.1542	15.6086
33.155	15.6753
33.158	15.742
33.1587	15.8086
33.1598	15.8753
33.161	15.942
33.1616	16.0086
33.1623	16.0711
33.1803	16.1336
33.182	16.1961
33.1853	16.2586
33.1868	16.3211
33.1876	16.3836
33.1882	16.4461
33.1897	16.5086
33.1903	16.5711
33.1911	16.6336
33.21	16.6961
33.2123	16.7586
33.2145	16.8211
33.2152	16.8836
33.2158	16.9461
33.2165	17.0086
33.2173	17.0675
33.2179	17.1263
33.2193	17.1851
33.2314	8.59255
33.2383	8.71755
33.2392	8.84255
33.24	8.96755
33.2412	9.09255
33.2419	9.20366
33.2429	9.31477
33.2434	9.42588
33.2455	9.53699
33.2471	9.6481
33.2477	9.75922
33.2662	9.87033
33.2682	9.98144
33.2693	10.0925
33.2714	10.1925
33.2728	10.2925
33.2743	10.3925
33.285	10.4925
33.2875	10.5925
33.2901	10.6925
33.3009	10.7925
33.3035	10.8925
33.3069	10.9925
33.3073	11.0925
33.3079	11.1835
33.3111	11.2744
33.3118	11.3653
33.3256	11.4562
33.3286	11.5471
33.3344	11.638
33.3363	11.7289
33.338	11.8198
33.3399	11.9107
33.3441	12.0016
33.3456	12.085
33.3522	12.1683
33.3534	12.2516
33.3595	12.335
33.3631	12.4183
33.3671	12.5016
33.3687	12.585
33.3693	12.6683
33.3756	12.7516
33.3805	12.835
33.3837	12.9183
33.3864	13.0016
33.3871	13.0786
33.3897	13.1555
33.3968	13.2324
33.3985	13.3093
33.4016	13.3863
33.4033	13.4632
33.4109	13.5401
33.4126	13.617
33.4159	13.6939
33.4165	13.7709
33.4278	13.8478
33.4308	13.9247
33.4348	14.0016
33.4359	14.0731
33.4405	14.1445
33.4414	14.2159
33.4447	14.2874
33.447	14.3588
33.4477	14.4302
33.4522	14.5016
33.4539	14.5731
33.4582	14.6445
33.4605	14.7159
33.4612	14.7874
33.4642	14.8588
33.4659	14.9302
33.4683	15.0016
33.4705	15.0683
33.4711	15.135
33.4729	15.2016
33.4754	15.2683
33.4788	15.335
33.4807	15.4016
33.4841	15.4683
33.4847	15.535
33.4857	15.6016
33.4882	15.6683
33.4896	15.735
33.4902	15.8016
33.4936	15.8683
33.4944	15.935
33.4969	16.0016
33.5003	16.0641
33.5035	8.03207
33.5043	8.15707
33.5053	8.28207
33.5071	8.40707
33.5077	8.53207
33.5113	8.65707
33.5119	8.78207
33.5136	8.90707
33.525	9.03207
33.5265	9.14318
33.5268	9.25429
33.5276	9.3654
33.538	9.47651
33.5386	9.58763
33.5421	9.69874
33.5532	9.80985
33.5547	9.92096
33.5559	10.0321
33.5599	10.1321
33.5614	10.2321
33.5681	10.3321
33.5687	10.4321
33.5702	10.5321
33.5709	10.6321
33.5716	10.7321
33.5722	10.8321
33.5776	10.9321
33.5791	11.0321
33.585	11.123
33.5854	11.2139
33.5868	11.3048
33.5885	11.3957
33.5892	11.4866
33.5907	11.5775
33.5946	11.6684
33.5956	11.7593
33.5962	11.8503
33.6008	11.9412
33.602	12.0321
33.6055	12.1154
33.6072	12.1987
33.6084	12.2821
33.6093	12.3654
33.6131	12.4487
33.6139	12.5321
33.6147	12.6154
33.6196	12.6987
33.6203	12.7821
33.6242	12.8654
33.6263	12.9487
33.6292	13.0321
33.6298	13.109
33.6319	13.1859
33.6324	13.2628
33.6367	13.3398
33.6373	13.4167
33.6381	13.4936
33.6387	13.5705
33.6428	13.6475
33.644	13.7244
33.6447	13.8013
33.6471	13.8782
33.6483	13.9551
33.6546	14.0321
33.656	14.1035
33.6572	14.1749
33.6579	14.2464
33.6591	14.3178
33.6625	14.3892
33.6627	14.4606
33.6638	14.5321
33.6652	14.6035
33.6685	14.6749
33.6693	14.7464
33.6708	14.8178
33.6715	14.8892
33.6728	14.9606
33.6751	15.0321
33.6763	15.0987
33.6775	15.1654
33.6786	15.2321
33.6807	15.2987
33.6838	15.3654
33.6857	15.4321
33.6866	15.4987
33.6876	15.5654
33.6894	15.6321
33.6916	15.6987
33.6934	15.7654
33.6946	15.8321
33.6957	15.8987
33.6963	15.9654
33.6983	16.0321
33.6999	16.0946
33.7029	16.1571
33.7037	16.2196
33.7044	16.2821
33.706	16.3446
33.7067	16.4071
33.708	16.4696
33.7099	16.5321
33.7108	16.5946
33.7113	16.6571
33.7121	16.7196
33.7139	16.7821
33.715	16.8446
33.7165	16.9071
33.7192	16.9696
33.7199	17.0321
33.7205	17.0909
33.7211	17.1497
33.722	17.2085
33.7225	17.2674
33.7233	17.3262
33.726	17.385
33.7266	17.4438
33.7275	17.5027
33.7318	17.5615
33.7323	17.6203
33.7331	17.6791
33.7337	17.738
33.7345	17.7968
33.737	17.8556
33.739	17.9144
33.7402	17.9732
33.7411	18.0321
33.7418	18.0876
33.7423	18.1432
33.7455	18.1987
33.7463	18.2543
33.7471	18.3098
33.7477	18.3654
33.7488	18.421
33.7495	18.4765
33.7505	18.5321
33.7513	18.5876
33.7524	18.6432
33.7529	18.6987
33.7537	18.7543
33.7543	18.8098
33.755	18.8654
33.7557	18.921
33.7563	18.9765
33.7572	19.0321
33.758	19.0847
33.7592	19.1373
33.7614	19.19
33.7623	19.2426
33.7631	19.2952
33.7651	19.3479
33.7665	19.4005
33.7668	19.4531
33.767	19.5058
33.7672	19.5584
33.7674	19.611
33.7681	19.6636
33.7687	19.7163
33.7696	19.7689
33.7702	19.8215
33.7712	19.8742
33.7747	19.9268
33.7753	19.9794
33.7759	20.0321
33.7788	20.0821
33.7803	20.1321
33.7809	20.1821
33.7816	20.2321
33.783	20.2821
33.7837	20.3321
33.7843	20.3821
33.7851	20.4321
33.7858	20.4821
33.7866	20.5321
33.7873	20.5821
33.7879	20.6321
33.7896	20.6821
33.7896	20.7321
33.7914	20.7821
33.7921	20.8321
33.7931	20.8821
33.7937	20.9321
33.795	20.9821
33.7954	10.491
33.7967	10.591
33.7998	10.691
33.8003	10.791
33.8011	10.891
33.8018	10.991
33.803	11.091
33.8038	11.1819
33.8045	11.2729
33.8051	11.3638
33.8057	11.4547
33.8069	11.5456
33.809	11.6365
33.815	11.7274
33.8151	11.8183
33.8152	11.9092
33.8183	12.0001
33.8212	12.0835
33.8235	12.1668
33.8248	12.2501
33.8256	12.3335
33.8262	12.4168
33.8271	12.5001
33.8284	12.5835
33.8292	12.6668
33.8373	12.7501
33.838	12.8335
33.8386	12.9168
33.8401	13.0001
33.8424	13.077
33.8448	13.154
33.8457	13.2309
33.8464	13.3078
33.8486	13.3847
33.8496	13.4617
33.8577	13.5386
33.8589	13.6155
33.8597	13.6924
33.8608	13.7694
33.8616	13.8463
33.8622	13.9232
33.8631	14.0001
33.8638	14.0716
33.8643	14.143
33.8651	14.2144
33.8657	14.2858
33.8729	14.3573
33.8746	14.4287
33.8761	14.5001
33.8783	14.5716
33.8794	14.643
33.8809	14.7144
33.8815	14.7858
33.8822	14.8573
33.8828	14.9287
33.8872	15.0001
33.8891	15.0668
33.893	15.1335
33.8955	15.2001
33.8961	15.2668
33.8991	15.3335
33.9	15.4001
33.9011	15.4668
33.9069	15.5335
33.9082	15.6001
33.9098	15.6668
33.9111	15.7335
33.9131	15.8001
33.9157	15.8668
33.9178	15.9335
33.9189	16.0001
33.9206	16.0626
33.923	16.1251
33.9264	16.1876
33.9274	16.2501
33.9296	16.3126
33.9325	16.3751
33.9357	16.4376
33.937	16.5001
33.9398	16.5626
33.9437	16.6251
33.9441	16.6876
33.9469	16.7501
33.9505	16.8126
33.9513	16.8751
33.9526	16.9376
33.9555	17.0001
33.9572	17.0589
33.9595	17.1178
33.9621	17.1766
33.9699	17.2354
33.9721	17.2942
33.9731	17.3531
33.9744	17.4119
33.9758	17.4707
33.9782	17.5295
33.9795	17.5884
33.983	17.6472
33.9845	17.706
33.9858	17.7648
33.9867	17.8237
33.9887	17.8825
33.9905	17.9413
33.9916	18.0001
33.9946	18.0557
33.9988	18.1112
34.0011	18.1668
34.0022	18.2223
34.0059	18.2779
34.0094	18.3335
34.01	18.389
34.0111	18.4446
34.0125	18.5001
34.0131	18.5557
34.0215	18.6112
34.0221	18.6668
34.0266	18.7223
34.027	18.7779
34.0279	18.8335
34.0285	18.889
34.0293	18.9446
34.0302	19.0001
34.0358	19.0528
34.0365	19.1054
34.0402	19.158
34.0422	19.2107
34.0432	19.2633
34.0472	19.3159
34.0479	19.3685
34.0521	19.4212
34.0542	19.4738
34.0566	19.5264
34.0594	19.5791
34.0632	19.6317
34.0638	19.6843
34.0648	19.737
34.0661	19.7896
34.0668	19.8422
34.0676	19.8949
34.0677	9.94743
34.0691	10.0585
34.0721	10.1585
34.0746	10.2585
34.0774	10.3585
34.0806	10.4585
34.0814	10.5585
34.0823	10.6585
34.0919	10.7585
34.0928	10.8585
34.0994	10.9585
34.1011	11.0585
34.1158	11.1495
34.1231	11.2404
34.1346	11.3313
34.1447	11.4222
34.1595	11.5131
34.1656	11.604
34.1709	11.6949
34.1718	11.7858
34.1725	11.8767
34.1797	11.9676
34.1869	12.0585
34.1884	12.1419
34.1891	12.2252
34.197	12.3085
34.201	12.3919
34.2017	12.4752
34.2025	12.5585
34.2069	12.6419
34.2183	12.7252
34.2205	12.8085
34.2212	12.8919
34.2219	12.9752
34.2252	13.0585
34.237	13.1355
34.2383	13.2124
34.2403	13.2893
34.2452	13.3662
34.2471	13.4432
34.2497	13.5201
34.2526	13.597
34.2599	13.6739
34.2634	13.7509
34.2651	13.8278
34.268	13.9047
34.2725	13.9816
34.2732	14.0585
34.2743	14.13
34.2759	14.2014
34.2873	14.2728
34.2898	14.3443
34.2915	14.4157
34.2968	14.4871
34.2983	14.5585
34.2992	14.63
34.3001	14.7014
34.3008	14.7728
34.3023	14.8443
34.3095	7.42213
34.3209	7.56499
34.324	7.70784
34.3246	7.8507
34.3283	7.99356
34.3303	8.13641
34.3319	8.26141
34.3328	8.38641
34.3339	8.51141
34.3344	8.63641
34.3359	8.76141
34.3472	8.88641
34.3481	9.01141
34.3508	9.12253
34.3526	9.23364
34.3541	9.34475
34.3578	9.45586
34.3646	9.56697
34.3661	9.67808
34.3683	9.78919
34.369	9.9003
34.3704	10.0114
34.3732	10.1114
34.3764	10.2114
34.378	10.3114
34.3811	10.4114
34.3838	10.5114
34.3877	10.6114
34.3901	10.7114
34.3908	10.8114
34.3922	10.9114
34.3963	11.0114
34.399	11.1023
34.4014	11.1932
34.4051	11.2841
34.4091	11.3751
34.4106	11.466
34.4138	11.5569
34.4179	11.6478
34.4189	11.7387
34.4222	11.8296
34.4238	11.9205
34.4257	12.0114
34.434	12.0947
34.4371	12.1781
34.442	12.2614
34.4434	12.3447
34.4443	12.4281
34.4467	12.5114
34.448	12.5947
34.4508	12.6781
34.4518	12.7614
34.4586	12.8447
34.46	12.9281
34.4646	13.0114
34.4676	13.0883
34.4701	13.1653
34.473	13.2422
34.4749	13.3191
34.479	13.396
34.4798	13.473
34.4832	13.5499
34.4841	13.6268
34.4939	13.7037
34.4946	13.7806
34.4953	13.8576
34.4974	13.9345
34.5018	14.0114
34.5025	14.0828
34.5063	14.1543
34.5073	14.2257
34.5131	14.2971
34.5152	14.3686
34.5206	14.44
34.5213	14.5114
34.522	14.5828
34.5228	14.6543
34.5235	14.7257
34.5282	14.7971
34.5293	14.8686
34.5302	14.94
34.5338	15.0114
34.5388	15.0781
34.5396	15.1447
34.5449	7.57237
34.5487	7.71523
34.5501	7.85809
34.551	8.00095
34.552	8.12595
34.5585	8.25095
34.5594	8.37595
34.5609	8.50095
34.5639	8.62595
34.5644	8.75095
34.5708	8.87595
34.5714	9.00095
34.5831	9.11206
34.588	9.22317
34.5888	9.33428
34.5914	9.44539
34.5924	9.5565
34.5944	4.77825
34.6057	5.02825
34.6139	5.22825
34.6163	5.42825
34.6173	5.62825
34.6179	5.82825
34.6375	6.02825
34.6384	6.19492
34.6393	6.36158
34.6402	6.52825
34.6554	6.69492
34.6564	6.86158
34.6574	7.02825
34.6601	7.17111
34.661	7.31396
34.6792	7.45682
34.68	3.72841
34.6807	4.06174
34.6813	4.31174
34.6838	4.56174
34.6969	4.81174
34.7008	5.06174
34.7142	5.26174
34.717	5.46174
34.7177	5.66174
34.7421	5.86174
34.7592	6.06174
34.7807	6.22841
34.7815	6.39508
34.7903	6.56174
34.7912	6.72841
34.8066	6.89508
34.8074	7.06174
34.8164	7.2046
34.8171	7.34746
34.818	7.49032
34.8266	7.63317
34.8274	7.77603
34.8283	7.91889
34.8375	8.06174
34.8432	8.18674
34.8458	8.31174
34.8547	8.43674
34.8558	8.56174
34.8599	8.68674
34.8632	8.81174
34.8719	8.93674
34.8728	9.06174
34.8741	9.17286
34.8793	9.28397
34.8804	9.39508
34.8843	9.50619
34.8853	9.6173
34.8887	9.72841
34.8893	9.83952
34.89	9.95063
34.8934	10.0617
34.8962	10.1617
34.8979	10.2617
34.9017	10.3617
34.903	10.4617
34.9037	10.5617
34.9062	10.6617
34.9068	10.7617
34.9076	10.8617
34.9106	10.9617
34.9147	11.0617
34.9176	11.1527
34.9189	11.2436
34.9196	11.3345
34.9205	11.4254
34.9212	11.5163
34.9242	5.75814
34.9249	5.95814
34.9326	6.15814
34.9344	6.32481
34.9351	6.49148
34.9405	6.65814
34.9411	6.82481
34.9417	6.99148
34.943	7.15814
34.9435	7.301
34.9442	7.44386
34.9542	7.58672
34.9551	7.72957
34.9558	7.87243
34.9568	8.01529
34.9596	8.14029
34.9599	8.26529
34.9634	8.39029
34.9659	8.51529
34.967	8.64029
34.9679	8.76529
34.9688	8.89029
34.9732	9.01529
34.9748	9.1264
34.9808	9.23751
34.9818	9.34862
34.9824	9.45973
34.9834	9.57084
34.984	9.68195
34.9847	9.79307
34.9905	9.90418
34.9967	10.0153
35.0013	10.1153
35.0018	10.2153
35.0026	10.3153
35.0065	10.4153
35.0074	10.5153
35.008	10.6153
35.0088	10.7153
35.0114	10.8153
35.015	10.9153
35.0212	11.0153
35.0219	11.1062
35.024	11.1971
35.0296	11.288
35.031	11.3789
35.0317	11.4698
35.0323	11.5607
35.0331	11.6517
35.0374	11.7426
35.0395	11.8335
35.046	11.9244
35.0472	12.0153
35.0493	12.0986
35.0545	12.182
35.0557	12.2653
35.0568	12.3486
35.0577	12.432
35.0591	12.5153
35.0604	12.5986
35.0623	12.682
35.0674	12.7653
35.0728	12.8486
35.0736	12.932
35.0747	13.0153
35.0788	13.0922
35.0812	13.1691
35.0818	13.2461
35.0828	13.323
35.0862	13.3999
35.0883	13.4768
35.0898	13.5537
35.0968	13.6307
35.1002	13.7076
35.1016	13.7845
35.1041	13.8614
35.1051	13.9384
35.1113	14.0153
35.1157	14.0867
35.1182	14.1581
35.1191	14.2296
35.1204	14.301
35.1216	14.3724
35.1229	14.4439
35.1318	14.5153
35.1351	14.5867
35.1365	14.6581
35.1388	14.7296
35.1418	14.801
35.1436	14.8724
35.1444	14.9439
35.1484	15.0153
35.1526	15.082
35.1552	15.1486
35.1558	15.2153
35.157	15.282
35.1594	15.3486
35.1615	15.4153
35.164	15.482
35.1658	15.5486
35.1664	15.6153
35.1684	15.682
35.1693	15.7486
35.17	15.8153
35.1719	15.882
35.1745	15.9486
35.1769	16.0153
35.1803	16.0778
35.1819	16.1403
35.1875	16.2028
35.1893	16.2653
35.1912	16.3278
35.1936	16.3903
35.1937	16.4528
35.1971	16.5153
35.1978	16.5778
35.1991	16.6403
35.2007	16.7028
35.2089	16.7653
35.2111	16.8278
35.2117	16.8903
35.2124	16.9528
35.2132	17.0153
35.2138	17.0741
35.2158	17.1329
35.2165	17.1918
35.2171	17.2506
35.2178	17.3094
35.2197	17.3682
35.2207	17.4271
35.2221	17.4859
35.2245	17.5447
35.2251	17.6035
35.227	17.6623
35.2298	17.7212
35.2308	17.78
35.2319	17.8388
35.233	17.8976
35.2354	17.9565
35.236	18.0153
35.2366	18.0708
35.2373	18.1264
35.2381	18.182
35.2399	18.2375
35.2462	18.2931
35.2506	18.3486
35.2521	18.4042
35.2547	18.4597
35.256	18.5153
35.2569	18.5708
35.2581	18.6264
35.2604	18.682
35.2635	18.7375
35.2641	18.7931
35.2648	18.8486
35.2654	18.9042
35.2667	18.9597
35.2696	19.0153
35.2724	19.0679
35.279	19.1206
35.2858	19.1732
35.2866	19.2258
35.2894	19.2784
35.2903	19.3311
35.2917	19.3837
35.2928	19.4363
35.2939	19.489
35.2955	19.5416
35.296	19.5942
35.2967	19.6469
35.2975	19.6995
35.2983	19.7521
35.2988	19.8048
35.3005	19.8574
35.3032	19.91
35.3074	19.9627
35.309	9.98133
35.3138	10.0924
35.3162	10.1924
35.3188	10.2924
35.3195	10.3924
35.3204	10.4924
35.3221	10.5924
35.3246	10.6924
35.3262	10.7924
35.3285	10.8924
35.3295	10.9924
35.3309	11.0924
35.3315	11.1833
35.3322	11.2743
35.3346	11.3652
35.34	11.4561
35.3407	11.547
35.3421	11.6379
35.3436	11.7288
35.3557	11.8197
35.3567	11.9106
35.3573	12.0015
35.3582	12.0849
35.3591	12.1682
35.3614	12.2515
35.362	12.3349
35.3638	12.4182
35.369	12.5015
35.3708	12.5849
35.3754	12.6682
35.3766	12.7515
35.379	12.8349
35.3809	12.9182
35.3819	13.0015
35.3828	13.0785
35.3859	13.1554
35.3946	13.2323
35.398	13.3092
35.4019	13.3861
35.4023	13.4631
35.4028	13.54
35.4039	13.6169
35.4046	13.6938
35.4071	13.7708
35.4079	13.8477
35.4087	13.9246
35.4106	14.0015
35.4158	14.073
35.4208	14.1444
35.4219	14.2158
35.4225	14.2872
35.425	14.3587
35.4264	14.4301
35.4289	14.5015
35.435	14.573
35.4367	14.6444
35.4399	14.7158
35.4426	14.7872
35.445	14.8587
35.4483	14.9301
35.4523	15.0015
35.4551	15.0682
35.4558	15.1349
35.457	15.2015
35.4575	15.2682
35.4582	15.3349
35.4596	15.4015
35.4604	15.4682
35.4611	15.5349
35.4618	15.6015
35.4633	15.6682
35.4645	15.7349
35.4655	15.8015
35.4671	15.8682
35.4687	15.9349
35.4701	16.0015
35.4748	16.064
35.4759	16.1265
35.4771	16.189
35.4777	16.2515
35.4792	16.314
35.4808	16.3765
35.4823	16.439
35.4853	16.5015
35.4888	8.25077
35.4901	8.37577
35.491	8.50077
35.4921	8.62577
35.4926	8.75077
35.4946	8.87577
35.4955	9.00077
35.497	9.11188
35.4991	9.22299
35.5009	9.3341
35.506	9.44521
35.5095	9.55632
35.5103	9.66743
35.5151	9.77854
35.5249	9.88965
35.5258	10.0008
35.5282	10.1008
35.5288	10.2008
35.5311	10.3008
35.5371	10.4008
35.5384	10.5008
35.5419	10.6008
35.5537	10.7008
35.5554	10.8008
35.5567	10.9008
35.5622	11.0008
35.5629	11.0917
35.5664	11.1826
35.5703	11.2735
35.5733	11.3644
35.5743	11.4553
35.575	11.5462
35.584	11.6371
35.5876	11.728
35.5885	11.8189
35.5921	11.9099
35.5929	12.0008
35.5936	12.0841
35.598	12.1674
35.6015	12.2508
35.6042	12.3341
35.605	12.4174
35.6062	12.5008
35.6141	12.5841
35.617	12.6674
35.6185	12.7508
35.6202	12.8341
35.6216	12.9174
35.6224	6.45872
35.6232	6.62538
35.6252	6.79205
35.6268	6.95872
35.6283	7.12538
35.6302	7.26824
35.6307	7.4111
35.6371	7.55395
35.6398	7.69681
35.6445	7.83967
35.6452	7.98253
35.6472	8.12538
35.6532	4.06269
35.6541	4.31269
35.6591	4.56269
35.6619	4.81269
35.6662	5.06269
35.6681	5.26269
35.67	5.46269
35.6708	5.66269
35.6878	5.86269
35.6896	6.06269
35.6925	6.22936
35.6953	6.39602
35.6958	6.56269
35.7093	6.72936
35.7103	6.89602
35.711	7.06269
35.7159	7.20555
35.7182	7.34841
35.7189	7.49126
35.7296	7.63412
35.7309	7.77698
35.7318	7.91983
35.7326	8.06269
35.7379	8.18769
35.7411	8.31269
35.7423	8.43769
35.7527	8.56269
35.7534	8.68769
35.7545	8.81269
35.7564	8.93769
35.7581	9.06269
35.7608	9.1738
35.7652	4.5869
35.7659	4.8369
35.7754	5.0869
35.7763	5.2869
35.7784	5.4869
35.7811	5.6869
35.7831	5.8869
35.784	6.0869
35.7863	6.25357
35.802	6.42023
35.8034	6.5869
35.8055	6.75357
35.8069	6.92023
35.8079	7.0869
35.8087	7.22976
35.8228	7.37262
35.8246	7.51547
35.8271	7.65833
35.8284	7.80119
35.8295	7.94404
35.8303	8.0869
35.8317	8.2119
35.8427	8.3369
35.8441	8.4619
35.8462	8.5869
35.848	8.7119
35.8492	8.8369
35.8506	8.9619
35.8517	9.0869
35.8526	9.19801
35.8643	9.30912
35.8654	9.42023
35.8663	9.53135
35.8673	4.76567
35.8679	5.01567
35.8699	5.21567
35.8705	5.41567
35.8712	5.61567
35.8727	5.81567
35.8842	6.01567
35.8863	6.18234
35.8882	6.34901
35.8925	6.51567
35.8943	6.68234
35.9047	6.84901
35.9054	7.01567
35.9077	7.15853
35.9106	7.30139
35.9136	7.44424
35.9167	7.5871
35.925	7.72996
35.9257	7.87282
35.9264	8.01567
35.9288	4.00784
35.932	4.25784
35.9341	4.50784
35.9373	4.75784
35.9448	5.00784
35.9455	5.20784
35.9473	5.40784
35.9494	5.60784
35.9671	5.80784
35.9676	6.00784
35.9684	6.1745
35.9691	6.34117
35.97	6.50784
35.9856	6.6745
35.9876	6.84117
35.9882	7.00784
35.9891	7.15069
35.9898	7.29355
35.9908	7.43641
36.0052	7.57926
36.0088	7.72212
36.0095	3.86106
36.0104	4.19439
36.0112	4.44439
36.0123	4.69439
36.0132	4.94439
36.0256	5.19439
36.0281	5.39439
36.0298	5.59439
36.0312	5.79439
36.0477	5.99439
36.0492	6.19439
36.0508	6.36106
36.0536	6.52773
36.055	6.69439
36.0655	6.86106
36.0663	7.02773
36.0685	7.17058
36.0711	7.31344
36.072	7.4563
36.0743	7.59916
36.0843	7.74201
36.0854	7.88487
36.0862	8.02773
36.0887	8.15273
36.0898	8.27773
36.091	8.40273
36.0936	8.52773
36.1026	8.65273
36.1036	8.77773
36.1053	8.90273
36.1063	9.02773
36.1089	9.13884
36.1099	9.24995
36.1105	9.36106
36.114	9.47217
36.1249	9.58328
36.1259	9.69439
36.1275	9.80551
36.1283	9.91662
36.1293	10.0277
36.1304	10.1277
36.1312	10.2277
36.1318	10.3277
36.1331	10.4277
36.142	10.5277
36.1427	10.6277
36.144	10.7277
36.1447	10.8277
36.1457	10.9277
36.1465	11.0277
36.148	11.1186
36.1487	11.2095
36.1494	11.3005
36.1501	11.3914
36.1599	11.4823
36.1604	11.5732
36.1619	11.6641
36.1632	11.755
36.1639	11.8459
36.1648	11.9368
36.1654	12.0277
36.166	12.1111
36.1666	12.1944
36.1675	12.2777
36.168	12.3611
36.1769	12.4444
36.1774	12.5277
36.1795	12.6111
36.1807	12.6944
36.1813	12.7777
36.1819	12.8611
36.1827	12.9444
36.1834	13.0277
36.1845	13.1047
36.187	13.1816
36.1877	13.2585
36.1885	13.3354
36.1952	13.4123
36.1986	13.4893
36.1992	6.74463
36.1999	6.9113
36.2007	7.07797
36.2014	7.22082
36.2021	7.36368
36.2033	7.50654
36.204	7.64939
36.2054	7.79225
36.2059	7.93511
36.2068	8.07797
36.2074	8.20297
36.2107	8.32797
36.2135	8.45297
36.2142	8.57797
36.2149	8.70297
36.2162	8.82797
36.2169	8.95297
36.2175	9.07797
36.2199	9.18908
36.2245	9.30019
36.2276	9.4113
36.2283	9.52241
36.229	9.63352
36.2296	9.74463
36.2303	9.85574
36.2311	9.96686
36.2321	10.078
36.2347	10.178
36.243	10.278
36.2437	10.378
36.2444	10.478
36.2455	10.578
36.2462	10.678
36.2472	10.778
36.2485	10.878
36.2497	10.978
36.2504	11.078
36.2549	11.1689
36.264	11.2598
36.2668	11.3507
36.2677	11.4416
36.2689	11.5325
36.269	11.6234
36.2702	11.7143
36.2712	11.8052
36.2724	11.8961
36.2731	11.9871
36.2738	12.078
36.2788	12.1613
36.2877	12.2446
36.2885	12.328
36.2907	12.4113
36.2914	12.4946
36.2927	12.578
36.2935	12.6613
36.2941	12.7446
36.2954	12.828
36.2958	12.9113
36.2966	12.9946
36.2972	13.078
36.3027	13.1549
36.3096	13.2318
36.3123	13.3087
36.314	13.3857
36.3155	13.4626
36.3163	13.5395
36.3171	13.6164
36.3181	13.6934
36.3199	13.7703
36.3205	13.8472
36.3212	13.9241
36.3219	14.001
36.3226	14.0725
36.3305	14.1439
36.3345	14.2153
36.3388	14.2868
36.3402	14.3582
36.3409	14.4296
36.3416	14.501
36.3423	14.5725
36.3437	14.6439
36.3464	14.7153
36.3467	14.7868
36.3474	14.8582
36.3481	14.9296
36.3488	15.001
36.3495	15.0677
36.3559	15.1344
36.3609	15.201
36.3653	15.2677
36.3662	15.3344
36.3671	15.401
36.368	15.4677
36.3685	15.5344
36.3708	15.601
36.372	15.6677
36.3727	15.7344
36.3733	15.801
36.3741	15.8677
36.3747	15.9344
36.3755	16.001
36.3771	16.0635
36.3831	16.126
36.3864	16.1885
36.3911	16.251
36.3933	16.3135
36.394	16.376
36.3951	16.4385
36.3962	16.501
36.399	16.5635
36.4013	16.626
36.4019	16.6885
36.4027	16.751
36.4032	16.8135
36.4039	16.876
36.4046	16.9385
36.4053	17.001
36.406	17.0599
36.4115	17.1187
36.4172	17.1775
36.4219	17.2363
36.4228	17.2952
36.4234	17.354
36.4241	17.4128
36.4247	17.4716
36.4259	17.5305
36.4281	17.5893
36.4289	17.6481
36.4296	17.7069
36.4303	17.7657
36.431	17.8246
36.4317	17.8834
36.4335	17.9422
36.4341	18.001
36.4348	18.0566
36.4376	18.1122
36.4403	18.1677
36.4451	18.2233
36.4464	18.2788
36.4472	18.3344
36.4498	18.3899
36.4509	18.4455
36.4522	18.501
36.4547	18.5566
36.4554	18.6122
36.4562	18.6677
36.4576	18.7233
36.4584	18.7788
36.459	18.8344
36.4604	18.8899
36.4611	18.9455
36.4618	19.001
36.4636	19.0537
36.4669	19.1063
36.4698	19.1589
36.4728	19.2116
36.4739	19.2642
36.4754	19.3168
36.4788	19.3695
36.4793	19.4221
36.4808	19.4747
36.4823	19.5274
36.484	19.58
36.4847	19.6326
36.4854	19.6853
36.4862	19.7379
36.4867	19.7905
36.4874	19.8431
36.4878	19.8958
