time	cwndsize
0.278385	11
0.281059	12
0.28249	13
0.286429	14
0.288531	15
0.290899	16
0.291484	17
0.294936	18
0.296936	19
0.29858	20
0.300525	21
0.301733	22
0.308	23
0.310661	24
0.31268	25
0.315549	26
0.31984	27
0.32257	28
0.325291	29
0.32997	30
0.333724	31
0.335637	32
0.336863	33
0.340968	34
0.343826	35
0.345119	36
0.347779	37
0.350546	38
0.356205	39
0.358111	40
0.359685	41
0.360347	42
0.363659	43
0.364991	44
0.369261	45
0.371195	46
0.376697	47
0.378758	48
0.381591	49
0.384454	50
0.385727	51
0.387013	52
0.38836	53
0.389847	54
0.394001	55
0.39732	56
0.399568	57
0.400268	58
0.405603	59
0.406997	60
0.420229	61
0.4212	62
0.424212	63
0.425146	64
0.433201	65
0.434534	66
0.435207	67
0.436173	68
0.439487	69
0.440244	70
0.440852	71
0.441503	72
0.443388	73
0.443581	74
0.445686	75
0.447617	76
0.450445	77
0.452444	78
0.45396	79
0.45536	80
0.473144	81
0.475307	82
0.480697	83
0.482146	84
0.489602	85
0.493923	86
0.504064	87
0.508204	88
0.514644	89
0.515753	90
0.516412	91
0.517302	92
0.525433	93
0.526212	94
0.53029	95
0.53227	96
0.538235	97
0.538307	98
0.54003	99
0.540478	100
0.545437	101
0.546179	102
0.547408	103
0.55011	104
0.554278	105
0.55845	106
0.561829	107
0.563327	108
0.565254	109
0.567986	110
0.572841	111
0.576965	112
0.578288	113
0.581767	114
0.582462	115
0.585297	116
0.587303	117
0.587972	118
0.591356	119
0.592842	120
0.594293	121
0.597757	122
0.599	123
0.599734	124
0.601682	125
0.602394	126
0.604485	127
0.609918	128
0.614038	129
0.616218	130
0.616819	131
0.617519	132
0.620299	133
0.621013	134
0.622981	135
0.627835	136
0.629866	137
0.630647	138
0.633959	139
0.640661	140
0.64139	141
0.642346	142
0.644324	143
0.645727	144
0.648243	145
0.651179	146
0.652663	147
0.653365	148
0.654055	149
0.682518	150
0.68536	151
0.687446	152
0.689566	153
0.690811	154
0.693022	155
0.694608	156
0.695416	157
0.712012	158
0.713304	159
0.715841	160
0.716725	161
0.724169	162
0.72488	163
0.727669	164
0.730557	165
0.732528	166
0.733045	167
0.737129	168
0.737944	169
0.738586	170
0.739464	171
0.7404	172
0.740868	173
0.745565	174
0.746822	175
0.748296	176
0.749653	177
0.752395	178
0.75373	179
0.754539	180
0.755155	181
0.757274	182
0.757848	183
0.758564	184
0.759207	185
0.761428	186
0.764062	187
0.765547	188
0.766161	189
0.768919	190
0.770371	191
0.771048	192
0.771632	193
0.773191	194
0.773841	195
0.775821	196
0.77662	197
0.77921	198
0.782035	199
0.786224	200
0.786882	201
0.788179	202
0.789591	203
0.790215	204
0.790918	205
0.798636	206
0.801313	207
0.804136	208
0.806084	209
0.831499	210
0.834348	211
0.836316	212
0.838368	213
0.844611	214
0.850024	215
0.853533	216
0.856267	217
0.857571	218
0.859623	219
0.861941	220
0.867984	221
0.870019	222
0.878182	223
0.87892	224
0.884531	225
0.887188	226
0.88918	227
0.890659	228
0.909189	229
0.911262	230
0.914697	231
0.916691	232
0.925546	233
0.926264	234
0.92703	235
0.927628	236
0.929659	237
0.931024	238
0.93308	239
0.934477	240
0.936587	241
0.937309	242
0.939427	243
0.939527	244
0.940772	245
0.94169	246
0.942327	247
0.942791	248
0.943575	249
0.944489	250
0.944832	251
0.945655	252
0.946239	253
0.948261	254
0.948922	255
0.949802	256
0.950334	257
0.951044	258
0.951691	259
0.952366	260
0.953055	261
0.953731	262
0.954448	263
0.955098	264
0.956096	265
0.95686	266
0.957921	267
0.959354	268
0.96014	269
0.960758	270
0.962159	271
0.962973	272
0.963597	273
0.964363	274
0.965477	275
0.965782	276
0.968709	277
0.968872	278
0.969597	279
0.969659	280
0.970428	281
0.970541	282
0.971374	283
0.975503	284
0.976927	285
0.977526	286
0.999786	287
1.00443	288
1.00607	289
1.00813	290
1.00953	291
1.01027	292
1.01869	293
1.01926	294
1.02197	295
1.03654	296
1.03789	297
1.03948	298
1.03994	299
1.04978	300
1.05048	301
1.06856	302
1.07151	303
1.07699	304
1.07832	305
1.08234	306
1.08438	307
1.08658	308
1.09773	309
1.10041	310
1.10179	311
1.10288	312
1.10515	313
1.10642	314
1.10779	315
1.10881	316
1.1096	317
1.11048	318
1.11132	319
1.1147	320
1.11605	321
1.12036	322
1.12148	323
1.12299	324
1.12371	325
1.12433	326
1.12581	327
1.12635	328
1.12719	329
1.12852	330
1.12914	331
1.13054	332
1.13194	333
1.13257	334
1.13326	335
1.13477	336
1.13599	337
1.13666	338
1.13819	339
1.13911	340
1.13938	341
1.14024	342
1.14089	343
1.14157	171.5
1.14292	171.506
1.14578	171.512
1.14652	171.518
1.1492	171.523
1.15048	171.529
1.15133	171.535
1.15317	171.541
1.15472	171.547
1.15533	171.553
1.1582	171.558
1.16635	171.564
1.16703	171.57
1.16778	171.576
1.16841	171.582
1.1691	171.588
1.1698	171.594
1.17111	171.599
1.17254	171.605
1.17337	171.611
1.17389	171.617
1.17456	171.623
1.17539	171.629
1.17592	171.635
1.17666	171.64
1.17746	171.646
1.17808	171.652
1.17871	171.658
1.17934	171.664
1.18023	171.67
1.18076	171.675
1.18142	171.681
1.1821	171.687
1.18286	171.693
1.18453	171.699
1.18971	171.705
1.19039	171.711
1.1912	171.716
1.19242	171.722
1.19455	171.728
1.19519	171.734
1.20225	171.74
1.20368	171.746
1.21334	171.751
1.21376	171.757
1.21616	171.763
1.21766	171.769
1.21901	171.775
1.22041	171.781
1.22281	171.787
1.22397	171.792
1.22596	171.798
1.22742	171.804
1.22873	171.81
1.23018	171.816
1.23162	171.822
1.23289	171.827
1.2357	171.833
1.2371	171.839
1.23916	171.845
1.24117	171.851
1.24259	171.857
1.24671	171.863
1.24807	171.868
1.25577	171.874
1.25722	171.88
1.2586	171.886
1.25983	171.892
1.26266	171.898
1.26395	171.904
1.2655	171.909
1.26672	171.915
1.26736	171.921
1.26886	171.927
1.27032	171.933
1.27081	171.939
1.27165	171.944
1.27227	171.95
1.27311	171.956
1.27368	171.962
1.27427	171.968
1.27494	171.974
1.27563	171.98
1.27647	171.985
1.27717	171.991
1.27766	171.997
1.27836	172.003
1.27996	172.009
1.28054	172.015
1.28112	172.02
1.28181	172.026
1.28344	172.032
1.28455	172.038
1.28527	172.044
1.28602	172.049
1.28949	172.055
1.29158	172.061
1.29284	172.067
1.29698	172.073
1.2985	172.079
1.30314	172.084
1.30527	172.09
1.31139	172.096
1.31203	172.102
1.31272	172.108
1.31411	172.113
1.31544	172.119
1.31684	172.125
1.3204	172.131
1.32164	172.137
1.32368	172.142
1.32452	172.148
1.32573	172.154
1.32652	172.16
1.32714	172.166
1.32778	172.172
1.32926	172.177
1.33018	172.183
1.33077	172.189
1.3313	172.195
1.33344	172.201
1.33614	172.206
1.33812	172.212
1.34023	172.218
1.34364	172.224
1.34504	172.23
1.34707	172.235
1.3485	172.241
1.35051	172.247
1.352	172.253
1.35401	172.259
1.35678	172.265
1.35872	172.27
1.36009	172.276
1.36082	172.282
1.36151	172.288
1.36354	172.294
1.36571	172.299
1.36627	172.305
1.369	172.311
1.36992	172.317
1.37196	172.323
1.37243	172.329
1.37332	172.334
1.37395	172.34
1.3747	172.346
1.37527	172.352
1.37592	172.358
1.37678	172.363
1.37735	172.369
1.37796	172.375
1.37874	172.381
1.38068	172.387
1.38286	172.392
1.38354	172.398
1.38489	172.404
1.38555	172.41
1.38619	172.416
1.38685	172.422
1.38764	172.427
1.38822	172.433
1.38893	172.439
1.39039	172.445
1.39112	172.451
1.39241	172.456
1.39321	172.462
1.39381	172.468
1.39451	172.474
1.39649	172.48
1.398	172.485
1.39923	172.491
1.40014	172.497
1.40134	172.503
1.40544	172.509
1.40768	172.515
1.40892	172.52
1.41172	172.526
1.41776	172.532
1.42058	172.538
1.42128	172.544
1.44815	172.549
1.44885	172.555
1.44938	172.561
1.45074	172.567
1.45215	172.573
1.45302	172.579
1.45362	172.584
1.45423	172.59
1.45499	172.596
1.45634	172.602
1.45772	172.608
1.45858	172.613
1.45979	172.619
1.46121	172.625
1.46326	172.631
1.46463	172.637
1.46548	172.642
1.4663	172.648
1.46673	172.654
1.46746	172.66
1.46818	172.666
1.4716	172.672
1.47361	172.677
1.47442	172.683
1.47649	172.689
1.48001	172.695
1.48135	172.701
1.48269	172.706
1.48338	172.712
1.48405	172.718
1.48477	172.724
1.52749	172.73
1.52947	172.735
1.54129	172.741
1.54194	172.747
1.54669	172.753
1.55367	172.759
1.55632	172.765
1.55891	172.77
1.5605	172.776
1.56109	172.782
1.56316	172.788
1.56519	172.794
1.5665	172.799
1.56718	172.805
1.5693	172.811
1.57009	172.817
1.57625	172.823
1.5796	172.829
1.58123	172.834
1.58251	172.84
1.58318	172.846
1.58652	172.852
1.58776	172.858
1.58893	172.863
1.58945	172.869
1.58975	172.875
1.59025	172.881
1.59076	172.887
1.59158	172.892
1.5924	172.898
1.59318	172.904
1.59352	172.91
1.59496	172.916
1.59579	172.922
1.5964	172.927
1.59695	172.933
1.59845	172.939
1.59899	172.945
1.5998	172.951
1.60199	172.956
1.60391	172.962
1.60521	172.968
1.60658	172.974
1.60794	172.98
1.60878	172.985
1.60943	172.991
1.61023	172.997
1.61073	173.003
1.61156	173.009
1.61217	173.014
1.61296	173.02
1.61365	173.026
1.61425	173.032
1.61487	173.038
1.61586	173.043
1.61633	173.049
1.61694	173.055
1.61775	173.061
1.61832	173.067
1.61924	173.072
1.61991	173.078
1.62037	173.084
1.62192	173.09
1.62255	173.095
1.62378	173.101
1.62461	173.107
1.62536	173.113
1.62589	173.119
1.62666	173.124
1.62818	173.13
1.62955	173.136
1.63025	173.142
1.63096	173.147
1.63213	173.153
1.63429	173.159
1.63486	173.165
1.63625	173.171
1.63706	173.176
1.63765	173.182
1.63847	173.188
1.63917	173.194
1.63978	173.199
1.642	173.205
1.64254	173.211
1.64332	173.217
1.64481	173.223
1.64536	173.228
1.64596	173.234
1.64697	173.24
1.64758	173.246
1.64873	173.251
1.65148	173.257
1.65236	173.263
1.65295	173.269
1.65497	173.275
1.65905	173.28
1.66123	173.286
1.66248	173.292
1.66384	173.298
1.66659	173.304
1.66731	173.309
1.66883	173.315
1.67153	173.321
1.67358	173.327
1.67554	173.332
1.6762	173.338
1.67703	173.344
1.6776	173.35
1.67843	173.356
1.67914	173.361
1.73038	173.367
1.73178	173.373
1.73237	173.379
1.73327	173.384
1.73383	173.39
1.73734	173.396
1.74018	173.402
1.74087	173.408
1.74131	173.413
1.74426	173.419
1.75381	173.425
1.75665	173.431
1.75941	173.436
1.76283	173.442
1.76846	173.448
1.76981	173.454
1.7705	173.46
1.77523	173.465
1.77745	173.471
1.77816	173.477
1.77939	173.483
1.78023	173.488
1.78093	173.494
1.78298	173.5
1.78516	173.506
1.7865	173.512
1.78793	173.517
1.79118	173.523
1.82039	173.529
1.82197	173.535
1.82324	173.54
1.82559	173.546
1.82952	173.552
1.83133	173.558
1.83295	173.564
1.83439	173.569
1.83579	86.7847
1.83697	86.7963
1.83717	86.808
1.83776	86.8196
1.83846	86.8312
1.83932	86.8428
1.84056	86.8545
1.84266	86.8661
1.84328	86.8777
1.84684	86.8894
1.84816	86.901
1.84963	86.9126
1.85105	86.9242
1.85176	86.9359
1.85528	86.9475
1.85601	86.9591
1.86078	86.9707
1.86155	86.9824
1.86277	86.994
1.86902	87.0056
1.86972	87.0171
1.87041	87.0286
1.87114	87.0401
1.8739	87.0516
1.87476	87.0631
1.87544	87.0746
1.87695	87.0861
1.87822	87.0976
1.8787	87.1091
1.88018	87.1206
1.88088	87.1321
1.88232	87.1436
1.88284	87.1551
1.88365	87.1665
1.88575	87.178
1.88905	87.1895
1.89039	87.201
1.89131	87.2125
1.89328	87.224
1.89401	87.2355
1.8954	87.247
1.89663	87.2585
1.89819	87.27
1.89935	87.2815
1.9057	87.293
1.90645	87.3045
1.90778	87.316
1.90909	87.3275
1.91038	87.339
1.91179	87.3505
1.91383	87.362
1.91448	87.3734
1.91588	87.3849
1.91652	87.3964
1.91733	87.4079
1.91873	87.4194
1.92082	87.4309
1.92349	87.4424
1.92564	87.4539
1.94467	87.4654
1.94521	87.4769
1.9458	87.4884
1.94974	87.4999
1.95084	87.5114
1.95347	87.5229
1.95758	87.5344
1.9591	87.5459
1.96035	87.5574
1.96178	87.5688
1.9632	87.5803
1.9641	87.5918
1.96455	87.6033
1.96612	87.6148
1.96658	87.6263
1.96798	87.6378
1.96868	87.6493
1.96938	87.6608
1.97167	87.6723
1.97425	87.6838
1.975	87.6953
1.97573	87.7068
1.97771	87.7183
1.97847	87.7298
1.97987	87.7413
1.98055	87.7528
1.982	87.7642
1.98272	87.7757
1.98405	87.7872
1.98614	87.7987
1.98668	87.8102
1.98747	87.8217
1.98815	87.8332
1.98878	87.8447
1.98954	87.8562
1.99022	87.8677
1.99088	87.8792
1.9916	87.8907
1.99297	87.9022
1.9937	87.9137
1.99711	87.9252
1.99802	87.9367
1.99923	87.9482
1.99995	87.9597
2.00121	87.9711
2.00331	87.9826
2.00957	87.9941
2.01174	88.0056
2.01307	88.017
2.01433	88.0284
2.01797	88.0397
2.02341	88.0511
2.02756	88.0624
2.02823	88.0738
2.03018	88.0852
2.0324	88.0965
2.03295	88.1079
2.03861	88.1193
2.06645	88.1306
2.06724	88.142
2.06825	88.1534
2.06892	88.1647
2.06994	88.1761
2.0712	88.1874
2.07195	88.1988
2.07262	88.2102
2.07332	88.2215
2.07398	88.2329
2.07701	88.2443
2.08116	88.2556
2.08383	88.267
2.08444	88.2784
2.08515	88.2897
2.08826	88.3011
2.09038	88.3124
2.09352	88.3238
2.09423	88.3352
2.10073	88.3465
2.10244	88.3579
2.10377	88.3693
2.10671	88.3806
2.10801	88.392
2.11396	88.4034
2.1168	88.4147
2.11751	88.4261
2.11808	88.4374
2.12033	88.4488
2.12621	88.4602
2.12722	88.4715
2.14117	88.4829
2.14598	88.4943
2.15066	88.5056
2.15133	88.517
2.15347	88.5284
2.15621	88.5397
2.15685	88.5511
2.15826	88.5624
2.1993	88.5738
2.20132	88.5852
2.20602	88.5965
2.20659	88.6079
2.20795	88.6193
2.2088	88.6306
2.20972	88.642
2.21003	88.6534
2.21089	88.6647
2.21142	88.6761
2.2143	88.6874
2.21559	88.6988
2.21698	88.7102
2.21787	88.7215
2.21921	88.7329
2.21987	88.7443
2.22118	88.7556
2.22322	88.767
2.22465	88.7784
2.226	88.7897
2.2268	88.8011
2.22765	88.8124
2.229	88.8238
2.22947	88.8352
2.23035	88.8465
2.23123	88.8579
2.23235	88.8693
2.23406	88.8806
2.23471	88.892
2.23499	88.9034
2.23663	88.9147
2.23729	88.9261
2.23981	88.9374
2.24188	88.9488
2.24325	88.9602
2.24544	88.9715
2.2467	88.9829
2.24811	88.9943
2.25433	89.0056
2.25568	89.0169
2.25704	89.0281
2.25771	89.0393
2.2584	89.0506
2.2603	89.0618
2.26099	89.073
2.26167	89.0843
2.26303	89.0955
2.26375	89.1068
2.26438	89.118
2.26596	89.1292
2.26803	89.1405
2.27082	89.1517
2.2723	89.1629
2.27292	89.1742
2.27419	89.1854
2.27556	89.1966
2.27638	89.2079
2.27705	89.2191
2.27852	89.2303
2.27971	89.2416
2.28046	89.2528
2.28107	89.2641
2.2818	89.2753
2.28317	89.2865
2.28383	89.2978
2.28448	89.309
2.28721	89.3202
2.2893	89.3315
2.29133	89.3427
2.29354	89.3539
2.29423	89.3652
2.29499	89.3764
2.29616	89.3877
2.29758	89.3989
2.29828	89.4101
2.30069	89.4214
2.30206	89.4326
2.30482	89.4438
2.3097	89.4551
2.32657	89.4663
2.32672	89.4775
2.3286	89.4888
2.3299	89.5
2.33273	89.5112
2.33342	89.5225
2.33402	89.5337
2.33477	89.545
2.33538	89.5562
2.33616	89.5674
2.33952	89.5787
2.34087	89.5899
2.34298	89.6011
2.34363	89.6124
2.34581	89.6236
2.34596	89.6348
2.34712	89.6461
2.35132	89.6573
2.35266	89.6686
2.35411	89.6798
2.35478	89.691
2.35536	89.7023
2.35753	89.7135
2.35953	89.7247
2.36093	89.736
2.36318	89.7472
2.36494	89.7584
2.36562	44.8792
2.36851	44.9019
2.36912	44.9247
2.37119	44.9474
2.37212	44.9701
2.37256	44.9929
2.37315	45.0156
2.37394	45.0378
2.37465	45.06
2.37612	45.0822
2.37728	45.1045
2.37955	45.1267
2.38095	45.1489
2.38217	45.1711
2.38437	45.1934
2.38631	45.2156
2.38916	45.2378
2.39183	45.26
2.39265	45.2822
2.39318	45.3045
2.39392	45.3267
2.39476	45.3489
2.39524	45.3711
2.39663	45.3934
2.39748	45.4156
2.39878	45.4378
2.40075	45.46
2.40211	45.4822
2.4035	45.5045
2.40423	45.5267
2.40484	45.5489
2.40579	45.5711
2.40645	45.5934
2.40766	45.6156
2.40831	45.6378
2.40904	45.66
2.40981	45.6822
2.46671	45.7045
2.4701	45.7267
2.48126	45.7489
2.48208	45.7711
2.4858	45.7934
2.48741	45.8156
2.48952	45.8378
2.49241	45.86
2.49299	45.8822
2.49435	45.9045
2.50201	45.9267
2.50397	45.9489
2.50708	45.9711
2.50843	45.9934
2.51186	46.0156
2.51612	46.0373
2.51738	46.0591
2.51812	46.0808
2.51951	46.1025
2.52301	46.1243
2.5243	46.146
2.525	46.1678
2.52579	46.1895
2.52706	46.2112
2.54658	46.233
2.61344	46.2547
2.61399	46.2765
2.61439	46.2982
2.61518	46.3199
2.61556	46.3417
2.61641	46.3634
2.61714	46.3851
2.6214	46.4069
2.62279	46.4286
2.62431	46.4504
2.62553	46.4721
2.62626	46.4938
2.63108	46.5156
2.6319	46.5373
2.63726	46.5591
2.64108	46.5808
2.64417	46.6025
2.64497	46.6243
2.647	46.646
2.66415	46.6678
2.72088	46.6895
2.72254	46.7112
2.72539	46.733
2.72664	46.7547
2.72812	46.7765
2.7295	46.7982
2.73142	46.8199
2.73353	46.8417
2.73692	46.8634
2.74208	46.8851
2.74568	46.9069
2.74719	46.9286
2.74784	46.9504
2.7484	46.9721
2.77854	46.9938
2.82799	47.0156
2.83058	47.0369
2.83212	47.0581
2.83482	47.0794
2.83622	47.1007
2.83747	47.122
2.84027	47.1432
2.84572	47.1645
2.84842	47.1858
2.84909	47.2071
2.85668	47.2283
2.86508	47.2496
2.87404	47.2709
2.91152	47.2922
2.91209	47.3135
2.91277	47.3347
2.91438	47.356
2.91566	47.3773
2.91647	47.3986
2.91771	47.4198
2.92118	47.4411
2.92561	47.4624
2.94057	47.4837
2.97032	47.5049
2.97377	47.5262
2.97974	47.5475
2.98185	47.5688
2.98395	47.5901
2.98513	47.6113
2.98657	47.6326
2.98745	47.6539
2.98863	47.6752
2.99214	47.6964
2.99479	47.7177
2.99965	47.739
3.01649	47.7603
3.03005	47.7815
3.03703	47.8028
3.0425	47.8241
3.04671	47.8454
3.04731	47.8666
3.05071	47.8879
3.05269	47.9092
3.05416	47.9305
3.05476	47.9518
3.05826	47.973
3.05892	47.9943
3.05964	48.0156
3.06457	48.0364
3.06533	48.0572
3.06589	48.0781
3.07272	48.0989
3.07584	48.1197
3.07614	48.1406
3.07659	48.1614
3.0804	48.1822
3.09285	48.2031
3.09416	48.2239
3.10037	48.2447
3.10391	48.2656
3.10673	48.2864
3.10821	48.3072
3.10998	48.3281
3.11214	48.3489
3.11695	48.3697
3.11762	48.3906
3.11967	48.4114
3.12171	48.4322
3.12376	48.4531
3.12727	48.4739
3.12931	48.4947
3.13187	48.5156
3.1369	48.5364
3.13835	48.5572
3.14201	48.5781
3.14267	48.5989
3.14525	48.6197
3.15222	48.6406
3.15355	48.6614
3.16122	48.6822
3.16199	48.7031
3.16263	48.7239
3.16323	48.7447
3.16523	48.7656
3.16601	48.7864
3.16732	48.8072
3.17214	48.8281
3.17357	48.8489
3.17491	48.8697
3.1893	48.8906
3.19016	48.9114
3.19074	48.9322
3.19154	48.9531
3.19226	48.9739
3.19712	48.9947
3.1991	49.0156
3.20042	49.036
3.20329	49.0564
3.20457	49.0768
3.20538	49.0972
3.20735	49.1176
3.21077	49.138
3.21211	49.1584
3.21426	49.1788
3.22393	49.1993
3.22462	49.2197
3.22611	49.2401
3.23099	49.2605
3.23254	49.2809
3.2332	49.3013
3.23472	49.3217
3.23531	49.3421
3.23655	49.3625
3.24623	49.3829
3.24833	49.4033
3.24889	49.4237
3.24987	49.4442
3.25197	49.4646
3.25256	49.485
3.25467	49.5054
3.25614	49.5258
3.25809	49.5462
3.2608	49.5666
3.26231	49.587
3.26424	49.6074
3.26572	49.6278
3.26839	49.6482
3.27553	49.6686
3.28147	49.6891
3.28338	49.7095
3.28634	49.7299
3.28907	49.7503
3.28994	49.7707
3.29117	49.7911
3.29329	49.8115
3.29674	49.8319
3.2981	49.8523
3.29943	24.9262
3.30017	24.9678
3.30079	25.0095
3.3064	25.0495
3.31065	25.0895
3.31125	25.1295
3.312	25.1695
3.31331	25.2095
3.31398	25.2495
3.31534	25.2895
3.31741	25.3295
3.31946	25.3695
3.32987	25.4095
3.3332	25.4495
3.33545	25.4895
3.33608	25.5295
3.33878	25.5695
3.34294	25.6095
3.34994	25.6495
3.3512	25.6895
3.35549	25.7295
3.35685	25.7695
3.3645	25.8095
3.36582	25.8495
3.36847	25.8895
3.37384	25.9295
3.37432	25.9695
3.37629	26.0095
3.39227	26.048
3.39494	26.0864
3.41856	26.1249
3.42479	26.1633
3.42628	26.2018
3.42882	26.2403
3.43016	26.2787
3.44265	26.3172
3.44342	26.3556
3.46975	26.3941
3.47753	26.4326
3.47815	26.471
3.48096	26.5095
3.48132	26.548
3.48476	26.5864
3.4941	26.6249
3.4948	26.6633
3.52531	26.7018
3.53433	26.7403
3.53863	26.7787
3.53994	26.8172
3.54198	26.8556
3.54958	26.8941
3.55088	26.9326
3.58037	26.971
3.58185	27.0095
3.58863	27.0465
3.59128	27.0836
3.59266	27.1206
3.59475	27.1576
3.59724	27.1947
3.59745	27.2317
3.61121	27.2688
3.61461	27.3058
3.61674	27.3428
3.62628	27.3799
3.62763	27.4169
3.65586	27.4539
3.6595	27.491
3.66081	27.528
3.66417	27.565
3.66505	27.6021
3.66663	27.6391
3.66832	27.6762
3.67102	27.7132
3.67382	27.7502
3.67681	27.7873
3.68536	27.8243
3.68957	27.8613
3.6937	27.8984
3.70691	27.9354
3.71565	27.9725
3.71914	28.0095
3.72062	28.0452
3.7385	28.0809
3.73919	28.1166
3.74272	28.1523
3.74691	14.0762
3.75038	14.1476
3.7524	14.219
3.75318	14.2905
3.7544	14.3619
3.75715	14.4333
3.7624	14.5047
3.76577	14.5762
3.77053	14.6476
3.77185	14.719
3.77326	14.7905
3.77412	14.8619
3.77826	14.9333
3.77891	15.0047
3.78929	15.0714
3.81073	15.1381
3.81771	15.2047
3.81908	15.2714
3.82147	15.3381
3.84675	15.4047
3.85082	15.4714
3.85649	15.5381
3.86769	15.6047
3.88009	15.6714
3.89256	15.7381
3.90231	15.8047
3.90309	15.8714
3.90515	15.9381
3.93589	16.0047
3.93985	16.0672
3.94831	16.1297
3.94924	16.1922
3.95133	16.2547
3.95808	16.3172
3.95944	16.3797
3.97879	16.4422
3.98847	16.5047
3.98969	16.5672
3.99457	16.6297
4.00644	16.6922
4.00712	16.7547
4.00993	16.8172
4.02372	16.8797
4.02524	16.9422
4.03306	17.0047
4.03665	17.0636
4.03742	17.1224
4.04611	17.1812
4.05818	17.24
4.0615	17.2989
4.06559	17.3577
4.08138	17.4165
4.08152	17.4753
4.08174	17.5342
4.08459	17.593
4.08587	17.6518
4.10461	17.7106
4.10477	17.7695
4.10745	17.8283
4.10945	17.8871
4.13084	17.9459
4.13646	18.0047
4.14134	18.0603
4.14632	9.03015
4.15444	9.14126
4.15764	9.25237
4.1598	9.36348
4.16198	9.4746
4.16467	9.58571
4.16599	9.69682
4.16829	9.80793
4.17724	9.91904
4.18157	10.0302
4.18442	10.1302
4.20511	10.2302
4.20651	10.3302
4.20722	10.4302
4.20924	10.5302
4.22114	10.6302
4.24823	10.7302
4.25041	10.8302
4.25074	10.9302
4.27282	11.0302
4.27351	11.1211
4.27417	11.212
4.28277	11.3029
4.29395	11.3938
4.30918	11.4847
4.31206	11.5756
4.31282	11.6665
4.32795	11.7574
4.33052	11.8483
4.33188	11.9392
4.33338	12.0302
4.34653	12.1135
4.36191	12.1968
4.3715	12.2802
4.37935	12.3635
4.37964	12.4468
4.38554	12.5302
4.38992	12.6135
4.3948	12.6968
4.40105	12.7802
4.40712	12.8635
4.41654	12.9468
4.4317	13.0302
4.44896	13.1071
4.44958	13.184
4.46209	13.2609
4.46763	13.3378
4.4698	13.4148
4.47322	13.4917
4.48018	13.5686
4.48423	13.6455
4.48769	13.7225
4.4884	13.7994
4.50832	13.8763
4.50973	13.9532
4.51648	14.0302
4.52621	14.1016
4.52775	14.173
4.52982	14.2444
4.53088	14.3159
4.53907	14.3873
4.55133	14.4587
4.55397	14.5302
4.55456	14.6016
4.56341	14.673
4.57558	14.7444
4.57643	14.8159
4.58338	14.8873
4.58404	14.9587
4.58687	15.0302
4.58836	15.0968
4.60091	15.1635
4.61225	15.2302
4.62253	15.2968
4.62408	15.3635
4.62937	15.4302
4.63856	15.4968
4.64032	15.5635
4.64886	15.6302
4.65029	15.6968
4.65859	15.7635
4.66009	15.8302
4.66088	15.8968
4.67588	15.9635
4.68332	16.0302
4.70167	16.0927
4.70661	16.1552
4.71612	16.2177
4.71934	16.2802
4.72551	16.3427
4.76154	16.4052
4.76324	16.4677
4.76473	16.5302
4.76524	16.5927
4.76551	16.6552
4.76781	16.7177
4.77968	16.7802
4.78036	16.8427
4.79284	16.9052
4.79701	16.9677
4.82323	17.0302
4.82454	17.089
4.82687	17.1478
4.84671	17.2066
4.84803	17.2654
4.8563	17.3243
4.85852	17.3831
4.85982	17.4419
4.86321	17.5007
4.8737	17.5596
4.87634	17.6184
4.89981	17.6772
4.90063	17.736
4.91872	17.7949
4.91959	17.8537
4.92406	17.9125
4.92953	17.9713
4.94543	18.0302
4.94829	18.0857
4.95943	18.1413
4.9622	18.1968
4.96376	18.2524
4.96643	18.3079
4.97248	18.3635
4.97449	18.419
4.99748	18.4746
4.99889	18.5302
5.00864	18.5857
5.00926	18.6413
5.01288	18.6968
5.01376	18.7524
5.03323	18.8079
5.03395	18.8635
5.03805	18.919
5.0455	18.9746
5.04777	19.0302
5.04848	19.0828
5.05119	19.1354
5.054	19.188
5.05539	19.2407
5.08094	19.2933
5.08308	19.3459
5.08855	19.3986
5.08999	19.4512
5.0958	19.5038
5.12172	19.5565
5.12274	19.6091
5.12401	19.6617
5.12984	19.7144
5.13304	9.85718
5.13431	9.96829
5.13565	10.0794
5.13767	10.1794
5.13983	10.2794
5.14334	10.3794
5.14464	10.4794
5.16802	10.5794
5.17426	10.6794
5.18047	10.7794
5.18118	10.8794
5.18339	10.9794
5.19429	11.0794
5.19585	11.1703
5.19698	11.2612
5.21435	11.3521
5.21837	11.443
5.24206	11.5339
5.24481	11.6249
5.2462	11.7158
5.25789	11.8067
5.25946	11.8976
5.26186	11.9885
5.26307	12.0794
5.27245	12.1627
5.27516	12.2461
5.30811	12.3294
5.31064	12.4127
5.31529	12.4961
5.32159	12.5794
5.32224	12.6627
5.3231	12.7461
5.32462	12.8294
5.32522	12.9127
5.34822	12.9961
5.36334	13.0794
5.36663	13.1563
5.37013	13.2332
5.37502	13.3102
5.37774	13.3871
5.37849	13.464
5.38062	13.5409
5.38124	13.6179
5.40865	13.6948
5.41518	13.7717
5.41586	13.8486
5.41822	13.9256
5.42189	14.0025
5.4239	14.0739
5.42706	14.1453
5.43328	14.2168
5.43752	14.2882
5.4625	14.3596
5.47633	14.4311
5.47711	14.5025
5.48123	14.5739
5.48804	14.6453
5.49286	14.7168
5.49707	14.7882
5.50533	14.8596
5.50699	14.9311
5.5081	15.0025
5.51312	15.0691
5.54284	15.1358
5.54421	15.2025
5.54641	15.2691
5.5474	15.3358
5.54917	15.4025
5.55132	15.4691
5.56156	15.5358
5.5635	15.6025
5.56826	15.6691
5.56963	15.7358
5.59899	15.8025
5.60096	15.8691
5.60157	15.9358
5.60225	16.0025
5.60296	16.065
5.60971	16.1275
5.6139	16.19
5.65545	16.2525
5.66009	16.315
5.66143	16.3775
5.66213	16.44
5.66349	16.5025
5.66907	16.565
5.67185	16.6275
5.67445	16.69
5.72058	16.7525
5.72278	16.815
5.72345	16.8775
5.72467	16.94
5.7263	17.0025
5.72683	17.0613
5.7283	17.1201
5.72888	17.179
5.7366	17.2378
5.73997	17.2966
5.78568	17.3554
5.78639	17.4142
5.78938	17.4731
5.79116	17.5319
5.79273	17.5907
5.79391	17.6495
5.79552	17.7084
5.79802	17.7672
5.80024	17.826
5.80225	17.8848
5.80983	17.9437
5.85214	18.0025
5.85355	18.058
5.85673	18.1136
5.85767	18.1691
5.85999	18.2247
5.86125	18.2803
5.86195	18.3358
5.86337	18.3914
5.86482	18.4469
5.86753	18.5025
5.87167	18.558
5.90598	18.6136
5.90745	18.6691
5.91584	18.7247
5.91659	18.7803
5.91776	18.8358
5.91871	9.41791
5.92015	9.52902
5.92225	9.64013
5.92227	9.75124
5.92341	9.86235
5.92427	9.97346
5.93178	10.0846
5.9352	10.1846
5.94831	10.2846
5.9719	10.3846
5.9725	10.4846
5.9988	10.5846
5.99885	10.6846
6.00241	10.7846
6.01474	10.8846
6.02245	10.9846
6.03993	11.0846
6.04106	11.1755
6.06489	11.2664
6.06574	11.3573
6.06942	11.4482
6.08348	11.5391
6.09993	11.63
6.10713	11.7209
6.1083	11.8118
6.109	11.9028
6.12649	11.9937
6.13346	12.0846
6.13558	12.1679
6.14367	12.2512
6.14504	12.3346
6.15049	12.4179
6.15738	12.5012
6.16364	12.5846
6.16427	12.6679
6.16505	12.7512
6.16641	12.8346
6.1733	12.9179
6.17476	13.0012
6.17551	13.0782
6.17606	13.1551
6.18443	13.232
6.18522	13.3089
6.1907	13.3859
6.19703	13.4628
6.20513	13.5397
6.20783	13.6166
6.21329	13.6935
6.21407	13.7705
6.22784	13.8474
6.2285	13.9243
6.22982	14.0012
6.23057	14.0727
6.23126	14.1441
6.23942	14.2155
6.24216	14.287
6.24829	14.3584
6.25452	14.4298
6.25661	14.5012
6.26554	14.5727
6.26836	14.6441
6.26918	14.7155
6.28001	14.787
6.28248	14.8584
6.28273	14.9298
6.28309	7.46491
6.29714	7.60776
6.3046	7.75062
6.30668	7.89348
6.30722	8.03633
6.30931	8.16133
6.31211	8.28633
6.31509	8.41133
6.31559	8.53633
6.31839	8.66133
6.32387	8.78633
6.32516	8.91133
6.32588	9.03633
6.3546	9.14745
6.35908	9.25856
6.36046	9.36967
6.36254	9.48078
6.36598	9.59189
6.36672	9.703
6.36883	9.81411
6.36945	9.92522
6.40019	10.0363
6.40671	10.1363
6.40706	10.2363
6.40774	10.3363
6.40993	10.4363
6.41063	10.5363
6.41148	10.6363
6.41197	10.7363
6.43668	10.8363
6.43844	5.41817
6.45141	5.61817
6.45274	5.81817
6.45618	6.01817
6.45918	6.18483
6.46393	6.3515
6.46667	6.51817
6.46998	6.68483
6.4854	6.8515
6.50436	7.01817
6.50763	7.16102
6.51192	7.30388
6.51593	7.44674
6.52634	7.5896
6.54657	7.73245
6.54711	7.87531
6.55131	8.01817
6.55311	8.14317
6.55488	8.26817
6.55584	8.39317
6.58196	8.51817
6.58651	8.64317
6.58723	8.76817
6.5907	8.89317
6.59137	9.01817
6.59207	9.12928
6.59353	9.24039
6.59494	9.3515
6.62193	9.46261
6.62433	9.57372
6.62499	9.68483
6.62533	9.79594
6.62561	9.90706
6.6465	10.0182
6.64983	10.1182
6.69301	10.2182
6.69506	10.3182
6.69847	10.4182
6.69926	10.5182
6.70054	10.6182
6.71776	10.7182
6.71875	10.8182
6.7217	10.9182
6.75402	11.0182
6.75951	11.1091
6.76224	11.2
6.76286	11.2909
6.76716	11.3818
6.78807	11.4727
6.7893	11.5636
6.78946	5.78181
6.7916	5.98181
6.82039	6.18181
6.82174	6.34848
6.82463	6.51514
6.82944	6.68181
6.83143	6.84848
6.84514	7.01514
6.8668	7.158
6.88995	7.30086
6.89069	7.44372
6.89347	7.58657
6.8989	7.72943
6.90025	7.87229
6.9447	8.01514
6.95649	8.14014
6.95789	8.26514
6.95854	8.39014
6.96609	8.51514
6.96887	8.64014
7.01104	8.76514
7.01391	8.89014
7.01938	9.01514
7.02363	9.12626
7.02498	9.23737
7.03795	9.34848
7.04356	9.45959
7.05251	9.5707
7.09107	9.68181
7.09249	9.79292
7.10152	9.90403
7.10222	10.0151
7.10289	10.1151
7.10708	10.2151
7.1131	10.3151
7.11459	10.4151
7.12288	10.5151
7.15634	10.6151
7.1606	10.7151
7.1639	10.8151
7.16474	10.9151
7.16533	11.0151
7.16742	11.1061
7.17419	11.197
7.17905	11.2879
7.18814	11.3788
7.19221	11.4697
7.2234	11.5606
7.22538	11.6515
7.23112	11.7424
7.2318	11.8333
7.23401	11.9242
7.23662	12.0151
7.23808	12.0985
7.24289	12.1818
7.25053	12.2651
7.2823	12.3485
7.2884	12.4318
7.29721	12.5151
7.30262	12.5985
7.30402	12.6818
7.30472	12.7651
7.30543	12.8485
7.31029	12.9318
7.31093	13.0151
7.32187	13.0921
7.35117	13.169
7.35409	13.2459
7.36366	13.3228
7.36605	13.3998
7.3693	13.4767
7.37191	13.5536
7.37318	6.7768
7.37746	6.94347
7.38579	7.11014
7.38633	7.25299
7.38652	7.39585
7.39134	7.53871
7.40182	7.68156
7.41636	7.82442
7.41927	7.96728
7.42953	8.11014
7.43242	8.23514
7.44879	8.36014
7.47546	8.48514
7.48163	8.61014
7.48802	8.73514
7.49004	8.86014
7.49476	8.98514
7.49555	9.11014
7.49968	9.22125
7.50532	9.33236
7.54132	9.44347
7.54577	9.55458
7.5563	9.66569
7.55758	9.7768
7.5586	9.88791
7.56001	9.99903
7.5617	10.1101
7.56436	10.2101
7.57499	10.3101
7.60578	10.4101
7.61053	10.5101
7.63074	10.6101
7.63242	10.7101
7.63245	10.8101
7.63253	10.9101
7.63337	11.0101
7.6393	11.101
7.64274	11.192
7.68007	11.2829
7.68305	11.3738
7.68816	11.4647
7.68862	11.5556
7.6908	11.6465
7.6935	11.7374
7.69622	11.8283
7.6983	11.9192
7.73576	12.0101
7.7419	12.0935
7.7503	12.1768
7.75155	12.2601
7.75358	12.3435
7.75517	12.4268
7.75713	12.5101
7.76099	12.5935
7.76677	6.29673
7.7965	6.4634
7.79869	6.63007
7.80548	6.79673
7.81872	6.9634
7.81949	7.13007
7.82148	7.27293
7.82349	7.41578
7.82622	7.55864
7.83043	7.7015
7.89246	7.84435
7.89397	7.98721
7.89516	8.13007
7.8975	8.25507
7.9001	8.38007
7.90075	8.50507
7.9459	8.63007
7.94647	8.75507
7.94785	8.88007
7.94926	9.00507
8.00489	9.11618
8.00547	9.22729
8.00679	9.3384
8.00812	9.44951
8.00943	9.56062
8.05872	9.67173
8.06506	9.78285
8.06981	9.89396
8.07124	10.0051
8.07332	10.1051
8.09345	10.2051
8.09961	5.10253
8.12012	5.30253
8.12771	5.50253
8.13165	5.70253
8.13308	5.90253
8.13478	6.10253
8.13693	6.2692
8.16373	6.43587
8.191	6.60253
8.19281	6.7692
8.19767	6.93587
8.20104	7.10253
8.20387	7.24539
8.21101	7.38825
8.24833	7.53111
8.25262	7.67396
8.25397	7.81682
8.25887	7.95968
8.26245	8.10253
8.313	8.22753
8.31691	8.35253
8.31758	8.47753
8.32074	8.60253
8.32421	8.72753
8.32568	8.85253
8.37942	8.97753
8.38172	9.10253
8.3835	9.21365
8.38571	9.32476
8.38995	9.43587
8.39526	9.54698
8.40123	4.77349
8.43495	5.02349
8.44724	5.22349
8.44932	5.42349
8.45219	5.62349
8.45344	5.82349
8.47	6.02349
8.47459	6.19016
8.50811	6.35682
8.5133	6.52349
8.51493	6.69016
8.52467	6.85682
8.52631	7.02349
8.52772	7.16635
8.57172	7.3092
8.57606	7.45206
8.5773	7.59492
8.58343	7.73777
8.6391	7.88063
8.64185	8.02349
8.64595	8.14849
8.69896	8.27349
8.70896	8.39849
8.7111	8.52349
8.71283	8.64849
8.71354	4.32424
8.77588	4.57424
8.78271	4.82424
8.78414	5.07424
8.79021	5.27424
8.8591	5.47424
8.86001	5.67424
8.86269	5.87424
8.92253	6.07424
8.92728	6.24091
8.9404	6.40758
8.99518	3.20379
9.00167	3.53712
9.00236	3.87046
9.00842	4.20379
9.01472	4.45379
9.04295	4.70379
9.06234	4.95379
9.0637	5.20379
9.06727	5.40379
9.11442	5.60379
9.12157	5.80379
9.12251	6.00379
9.12387	6.17046
9.12437	6.33712
9.16849	6.50379
9.17679	6.67046
9.17811	6.83712
9.17882	7.00379
9.18022	7.14665
9.22896	7.2895
9.23852	7.43236
9.24486	7.57522
9.24525	7.71807
9.24562	7.86093
9.25065	8.00379
9.29659	8.12879
9.29864	8.25379
9.29944	8.37879
9.30007	8.50379
9.3007	8.62879
9.30281	8.75379
9.3042	8.87879
9.3171	4.43939
9.3453	4.68939
9.34992	4.93939
9.35142	5.18939
9.35253	5.38939
9.35303	5.58939
9.35559	5.78939
9.35654	5.98939
9.41652	6.18939
9.41933	6.35606
9.42133	6.52273
9.42268	6.68939
9.42477	6.85606
9.48973	7.02273
9.49065	7.16558
9.4936	7.30844
9.49484	7.4513
9.49569	7.59416
9.49625	7.73701
9.56303	7.87987
9.56363	8.02273
9.56513	8.14773
9.57899	8.27273
9.58047	8.39773
9.58323	8.52273
9.58461	8.64773
9.63358	8.77273
9.6349	8.89773
9.63641	9.02273
9.63707	9.13384
9.64741	9.24495
9.64818	9.35606
9.64927	9.46717
9.70032	9.57828
9.70176	9.68939
9.70286	9.80051
9.70328	9.91162
9.70423	10.0227
9.71559	10.1227
9.71697	10.2227
9.72215	10.3227
9.7597	10.4227
9.76048	10.5227
9.76247	10.6227
9.76453	10.7227
9.76533	10.8227
9.78102	10.9227
9.78449	11.0227
9.79033	5.51136
9.7906	5.71136
9.81837	5.91136
9.81976	6.11136
9.82544	6.27803
9.82594	6.4447
9.82877	6.61136
9.84821	6.77803
9.85143	6.9447
9.85492	7.11136
9.88703	7.25422
9.89112	7.39708
9.90771	7.53994
9.90905	7.68279
9.91478	7.82565
9.91595	7.96851
9.95105	8.11136
9.95375	8.23636
9.95928	8.36136
9.96749	8.48636
9.97308	8.61136
9.97744	8.73636
9.97858	8.86136
10.0107	8.98636
10.0128	9.11136
10.0147	9.22248
10.0154	9.33359
10.0172	9.4447
10.02	9.55581
10.0214	9.66692
10.0644	9.77803
10.0666	9.88914
10.0671	10.0003
10.0678	10.1003
10.0702	10.2003
10.0715	10.3003
10.0783	10.4003
10.0837	10.5003
10.124	10.6003
10.1247	10.7003
10.1255	10.8003
10.1297	10.9003
10.1328	11.0003
10.1639	11.0912
10.1653	11.1821
10.1674	11.273
10.1697	11.3639
10.1725	5.68194
10.176	5.88194
10.1775	6.08194
10.2232	6.24861
10.2349	6.41528
10.2388	6.58194
10.2937	6.74861
10.3276	6.91528
10.3278	7.08194
10.3283	7.2248
10.3287	7.36766
10.3483	7.51052
10.3774	7.65337
10.3776	7.79623
10.3806	7.93909
10.3806	8.08194
10.3811	8.20694
10.4123	8.33194
10.4402	8.45694
10.4422	8.58194
10.4423	8.70694
10.4441	8.83194
10.4448	8.95694
10.4454	9.08194
10.4461	9.19306
10.4855	9.30417
10.5036	9.41528
10.5135	9.52639
10.5139	9.6375
10.5146	9.74861
10.5168	9.85972
10.5181	9.97083
10.5188	10.0819
10.526	10.1819
10.5548	10.2819
10.5964	10.3819
10.5977	10.4819
10.5991	10.5819
10.6004	10.6819
10.6012	10.7819
10.6019	10.8819
10.6025	10.9819
10.6033	11.0819
10.6416	11.1729
10.6627	11.2638
10.6634	11.3547
10.6656	11.4456
10.6663	11.5365
10.6668	11.6274
10.6675	11.7183
10.6682	11.8092
10.669	11.9001
10.6705	11.991
10.7063	5.99552
10.7385	6.19552
10.7554	6.36218
10.7559	6.52885
10.7567	6.69552
10.7573	6.86218
10.758	7.02885
10.7615	7.17171
10.7622	7.31457
10.7643	7.45742
10.7649	7.60028
10.8493	7.74314
10.8508	7.88599
10.8584	8.02885
10.8605	8.15385
10.8642	8.27885
10.8655	8.40385
10.9348	8.52885
10.9377	8.65385
10.9424	8.77885
10.9473	8.90385
10.9479	9.02885
10.9486	9.13996
10.9521	9.25107
10.9556	9.36218
11.0017	9.4733
11.0063	9.58441
11.0084	9.69552
11.0119	9.80663
11.0181	9.91774
11.0209	10.0289
11.0215	10.1289
11.0222	10.2289
11.0229	10.3289
11.0829	10.4289
11.0886	10.5289
11.0911	10.6289
11.094	10.7289
11.0953	10.8289
11.0984	10.9289
11.0988	11.0289
11.1009	11.1198
11.1022	11.2107
11.1085	11.3016
11.1633	11.3925
11.1652	11.4834
11.1656	11.5743
11.1663	11.6652
11.167	11.7561
11.1684	11.847
11.1697	11.9379
11.1704	12.0289
11.1718	12.1122
11.1725	12.1955
11.1828	12.2789
11.218	12.3622
11.2187	12.4455
11.2194	12.5289
11.2209	6.26443
11.2242	6.43109
11.2263	6.59776
11.2279	6.76443
11.2311	6.93109
11.2334	7.09776
11.2355	7.24062
11.238	7.38347
11.2415	7.52633
11.2866	7.66919
11.2893	7.81204
11.2914	7.9549
11.2928	8.09776
11.2948	8.22276
11.2969	8.34776
11.2984	8.47276
11.3441	8.59776
11.3446	8.72276
11.3456	8.84776
11.3481	8.97276
11.3488	9.09776
11.3514	9.20887
11.352	9.31998
11.3558	9.43109
11.4055	9.5422
11.4062	9.65331
11.4095	9.76443
11.4102	9.87554
11.4124	9.98665
11.4131	10.0978
11.4138	10.1978
11.4537	10.2978
11.4559	10.3978
11.4664	10.4978
11.4676	10.5978
11.4693	10.6978
11.4698	10.7978
11.4704	10.8978
11.471	10.9978
11.5122	11.0978
11.5125	11.1887
11.5166	11.2796
11.5168	11.3705
11.5194	11.4614
11.5209	11.5523
11.5219	11.6432
11.5245	11.7341
11.5533	5.86706
11.555	6.06706
11.5578	6.23373
11.5585	6.40039
11.5674	6.56706
11.5717	6.73373
11.5799	6.90039
11.5941	7.06706
11.5945	7.20992
11.5968	7.35278
11.6153	7.49563
11.618	7.63849
11.6389	7.78135
11.6569	7.9242
11.6603	8.06706
11.6606	8.19206
11.6687	8.31706
11.6979	8.44206
11.6985	8.56706
11.7042	8.69206
11.7142	8.81706
11.7161	8.94206
11.7173	9.06706
11.7181	9.17817
11.7289	9.28928
11.7523	9.40039
11.7526	9.51151
11.7622	9.62262
11.7852	9.73373
11.8227	9.84484
11.8246	9.95595
11.8423	10.0671
11.8825	10.1671
11.8841	10.2671
11.8959	10.3671
11.8979	10.4671
11.9185	5.23353
11.9365	5.43353
11.9414	5.63353
11.9548	5.83353
11.9584	6.03353
11.9938	6.2002
12.0005	6.36686
12.0277	6.53353
12.0709	6.7002
12.0743	6.86686
12.0962	7.03353
12.1327	7.17639
12.1369	7.31924
12.1797	7.4621
12.181	7.60496
12.1912	7.74782
12.1933	7.89067
12.2254	8.03353
12.229	8.15853
12.2297	8.28353
12.2449	8.40853
12.2463	8.53353
12.2587	8.65853
12.2594	8.78353
12.2835	8.90853
12.2861	9.03353
12.2931	9.14464
12.2959	9.25575
12.3121	9.36686
12.3143	9.47798
12.3252	9.58909
12.3294	9.7002
12.3459	9.81131
12.3507	9.92242
12.3522	10.0335
12.3553	10.1335
12.3568	10.2335
12.3805	10.3335
12.3826	10.4335
12.3965	10.5335
12.3986	10.6335
12.4191	10.7335
12.4213	10.8335
12.4283	10.9335
12.4339	11.0335
12.4364	11.1244
12.4634	11.2153
12.4648	11.3063
12.4816	11.3972
12.4823	11.4881
12.499	11.579
12.5018	11.6699
12.5156	11.7608
12.5176	11.8517
12.5226	11.9426
12.5274	12.0335
12.5418	12.1169
12.5452	12.2002
12.5577	12.2835
12.5593	12.3669
12.5623	6.18343
12.5661	6.3501
12.5737	6.51677
12.5988	6.68343
12.601	6.8501
12.6021	7.01677
12.6028	7.15962
12.6035	7.30248
12.6153	7.44534
12.6173	7.58819
12.6194	7.73105
12.6322	7.87391
12.6332	8.01677
12.6559	8.14177
12.6591	8.26677
12.6611	8.39177
12.6622	8.51677
12.6645	8.64177
12.6688	8.76677
12.6714	8.89177
12.672	9.01677
12.6907	9.12788
12.6968	9.23899
12.6983	9.3501
12.6989	9.46121
12.7012	9.57232
12.7079	9.68343
12.7092	9.79454
12.7092	9.90565
12.7094	10.0168
12.7418	10.1168
12.7425	10.2168
12.7431	10.3168
12.7456	10.4168
12.7467	10.5168
12.7474	10.6168
12.748	10.7168
12.7486	10.8168
12.7493	10.9168
12.75	11.0168
12.7822	11.1077
12.783	11.1986
12.7876	11.2895
12.7912	11.3804
12.7938	11.4713
12.7942	11.5622
12.7956	11.6531
12.7975	11.744
12.7976	11.8349
12.7985	11.9259
12.8088	12.0168
12.8149	12.1001
12.8156	12.1834
12.8191	12.2668
12.8239	12.3501
12.8317	12.4334
12.8328	12.5168
12.8335	12.6001
12.8355	12.6834
12.8369	12.7668
12.8391	12.8501
12.8531	12.9334
12.8536	13.0168
12.8581	13.0937
12.8586	13.1706
12.8592	13.2475
12.8627	13.3245
12.8671	13.4014
12.8682	13.4783
12.8695	13.5552
12.871	13.6321
12.8724	13.7091
12.8745	13.786
12.8988	13.8629
12.9	13.9398
12.9008	14.0168
12.9048	14.0882
12.9066	14.1596
12.9075	14.2311
12.9168	14.3025
12.9177	14.3739
12.9188	14.4453
12.9195	14.5168
12.9202	14.5882
12.9209	14.6596
12.9223	14.7311
12.9308	14.8025
12.9335	14.8739
12.9349	14.9453
12.9363	15.0168
12.9403	15.0834
12.9411	15.1501
12.9431	15.2168
12.9507	15.2834
12.9534	15.3501
12.955	15.4168
12.9562	15.4834
12.9576	15.5501
12.9583	15.6168
12.9602	15.6834
12.9665	15.7501
12.9732	15.8168
12.9739	15.8834
12.9754	15.9501
12.976	16.0168
12.979	16.0793
12.9794	16.1418
12.981	16.2043
12.9877	16.2668
12.9885	16.3293
12.9899	16.3918
12.9907	16.4543
12.992	16.5168
12.9927	16.5793
12.9944	16.6418
12.9948	8.32088
12.9962	8.44588
12.9969	8.57088
12.9982	8.69588
12.9989	8.82088
12.9995	8.94588
13.006	9.07088
13.0079	9.18199
13.0122	9.2931
13.0149	9.40422
13.0155	9.51533
13.0163	9.62644
13.0169	9.73755
13.0196	9.84866
13.0223	9.95977
13.0294	10.0709
13.0363	10.1709
13.0368	5.08544
13.0383	5.28544
13.0403	5.48544
13.0404	5.68544
13.0407	5.88544
13.0427	6.08544
13.0437	6.25211
13.0498	6.41877
13.05	6.58544
13.0543	6.75211
13.0647	6.91877
13.0654	7.08544
13.0757	7.2283
13.0764	7.37116
13.0847	7.51401
13.0861	7.65687
13.0883	7.79973
13.089	7.94258
13.0913	3.97129
13.0918	4.30463
13.0946	4.55463
13.0959	4.80463
13.0967	5.05463
13.0973	5.25463
13.1019	5.45463
13.1046	5.65463
13.1048	5.85463
13.1048	6.05463
13.1081	6.22129
13.1104	6.38796
13.1133	6.55463
13.1153	6.72129
13.116	6.88796
13.1181	7.05463
13.1236	7.19748
13.1285	7.34034
13.1305	7.4832
13.1311	7.62605
13.1333	7.76891
13.1359	7.91177
13.1367	8.05463
13.1411	8.17963
13.1439	8.30463
13.1459	8.42963
13.1464	8.55463
13.1479	8.67963
13.1519	8.80463
13.1526	8.92963
13.1535	9.05463
13.1629	9.16574
13.1677	9.27685
13.1692	9.38796
13.1699	9.49907
13.1712	9.61018
13.174	9.72129
13.1746	9.8324
13.1753	9.94351
13.176	10.0546
13.1835	10.1546
13.1878	10.2546
13.1906	10.3546
13.1922	10.4546
13.194	10.5546
13.1998	10.6546
13.2012	10.7546
13.2017	10.8546
13.2024	10.9546
13.209	11.0546
13.2135	11.1455
13.2172	11.2364
13.2179	11.3274
13.22	11.4183
13.2248	11.5092
13.2261	11.6001
13.2267	11.691
13.2274	11.7819
13.2336	11.8728
13.2357	11.9637
13.2365	12.0546
13.2379	12.138
13.2412	12.2213
13.2419	12.3046
13.2457	12.388
13.2462	12.4713
13.2469	12.5546
13.2492	12.638
13.251	12.7213
13.2532	12.8046
13.2546	12.888
13.2552	12.9713
13.2567	13.0546
13.2579	13.1315
13.2598	13.2085
13.2616	13.2854
13.2734	13.3623
13.276	13.4392
13.2786	13.5162
13.2877	13.5931
13.2898	13.67
13.2904	13.7469
13.291	13.8239
13.2918	13.9008
13.2932	13.9777
13.2939	14.0546
13.2962	14.1261
13.2969	14.1975
13.2981	14.2689
13.3063	14.3403
13.3077	14.4118
13.3098	14.4832
13.3132	14.5546
13.3139	14.6261
13.3154	14.6975
13.316	14.7689
13.3174	14.8403
13.3187	14.9118
13.3201	14.9832
13.3213	15.0546
13.3221	15.1213
13.3225	15.188
13.3242	15.2546
13.3301	15.3213
13.3324	15.388
13.3335	15.4546
13.3369	15.5213
13.3456	15.588
13.3468	15.6546
13.3482	15.7213
13.3502	15.788
13.3522	15.8546
13.3565	15.9213
13.3566	15.988
13.3571	16.0546
13.3579	16.1171
13.3585	16.1796
13.3619	16.2421
13.3681	16.3046
13.3688	16.3671
13.3704	16.4296
13.3743	16.4921
13.3778	16.5546
13.3791	16.6171
13.3832	16.6796
13.384	16.7421
13.3846	16.8046
13.3925	16.8671
13.3926	16.9296
13.3928	16.9921
13.3929	17.0546
13.3933	17.1134
13.3935	17.1723
13.3943	17.2311
13.3965	17.2899
13.3973	17.3487
13.4021	17.4076
13.4047	17.4664
13.4098	17.5252
13.4118	17.584
13.4137	17.6429
13.4152	17.7017
13.4159	17.7605
13.4227	17.8193
13.4234	17.8782
13.4254	17.937
13.4268	17.9958
13.4282	18.0546
13.4288	18.1102
13.4303	18.1657
13.435	18.2213
13.4497	18.2768
13.451	18.3324
13.4516	18.388
13.453	18.4435
13.4767	18.4991
13.4807	18.5546
13.4842	18.6102
13.4856	18.6657
13.4869	18.7213
13.4899	18.7768
13.4917	18.8324
13.493	18.888
13.4951	18.9435
13.4965	18.9991
13.4973	19.0546
13.4994	19.1073
13.5006	19.1599
13.5062	19.2125
13.5147	19.2652
13.5166	19.3178
13.5174	19.3704
13.5187	19.423
13.5576	19.4757
13.5592	19.5283
13.5611	19.5809
13.5647	19.6336
13.5681	19.6862
13.5703	19.7388
13.5721	19.7915
13.573	19.8441
13.5736	19.8967
13.5819	19.9494
13.5842	20.002
13.5856	20.052
13.5985	20.102
13.5998	20.152
13.6032	20.202
13.6076	20.252
13.6083	20.302
13.6108	20.352
13.6116	20.402
13.6367	20.452
13.6395	20.502
13.6402	20.552
13.6409	20.602
13.6421	20.652
13.6426	20.702
13.6443	20.752
13.6456	10.376
13.6497	10.476
13.6519	10.576
13.6525	10.676
13.6533	10.776
13.6539	10.876
13.6622	10.976
13.6638	11.076
13.6654	11.1669
13.6665	11.2578
13.6691	11.3487
13.6698	11.4396
13.6959	11.5305
13.6972	11.6215
13.6989	11.7124
13.7008	11.8033
13.7015	11.8942
13.7023	11.9851
13.703	12.076
13.7228	12.1593
13.7254	12.2427
13.7263	12.326
13.7466	12.4093
13.7556	12.4927
13.7585	12.576
13.7598	12.6593
13.7613	12.7427
13.7634	12.826
13.7642	12.9093
13.7662	12.9927
13.7667	13.076
13.7794	13.1529
13.7801	13.2298
13.7813	13.3068
13.7965	13.3837
13.8103	13.4606
13.8117	13.5375
13.8131	13.6145
13.816	13.6914
13.8202	13.7683
13.8204	13.8452
13.8207	13.9222
13.8214	13.9991
13.8229	14.076
13.8285	14.1474
13.8303	14.2189
13.838	14.2903
13.8459	14.3617
13.8517	14.4331
13.8538	14.5046
13.8565	14.576
13.8593	7.288
13.8614	7.43086
13.8662	7.57371
13.869	7.71657
13.8704	7.85943
13.8756	8.00228
13.8757	8.12728
13.8759	8.25228
13.8764	8.37728
13.8774	8.50228
13.8802	8.62728
13.8876	8.75228
13.8926	8.87728
13.8932	9.00228
13.8967	9.1134
13.8981	9.22451
13.8995	9.33562
13.9078	9.44673
13.9126	9.55784
13.9167	9.66895
13.9188	9.78006
13.9195	9.89117
13.9208	10.0023
13.9277	10.1023
13.9297	10.2023
13.93	10.3023
13.9319	10.4023
13.9345	10.5023
13.9382	10.6023
13.9388	10.7023
13.9402	10.8023
13.9431	10.9023
13.9447	11.0023
13.945	11.0932
13.9472	11.1841
13.9521	11.275
13.9528	11.3659
13.9557	11.4568
13.9634	11.5477
13.9655	11.6386
13.9791	11.7296
13.9908	11.8205
13.9924	11.9114
13.9941	12.0023
13.9949	12.0856
13.9966	12.169
13.9988	12.2523
14.0001	12.3356
14.0008	12.419
14.0016	12.5023
14.0058	12.5856
14.0203	12.669
14.0258	12.7523
14.0326	12.8356
14.0354	12.919
14.0369	13.0023
14.0488	13.0792
14.0513	13.1561
14.0522	13.2331
14.0563	13.31
14.0592	13.3869
14.0625	13.4638
14.0659	13.5407
14.066	13.6177
14.0709	13.6946
14.0712	13.7715
14.0715	13.8484
14.0813	13.9254
14.0972	14.0023
14.1028	14.0737
14.1068	14.1451
14.1082	14.2166
14.1089	14.288
14.1216	7.144
14.1303	7.28686
14.1404	7.42971
14.1429	7.57257
14.146	7.71543
14.1463	7.85828
14.1474	8.00114
14.1519	8.12614
14.1607	8.25114
14.1613	8.37614
14.162	8.50114
14.1766	8.62614
14.1769	8.75114
14.1783	8.87614
14.1845	4.43807
14.1865	4.68807
14.1887	4.93807
14.1991	5.18807
14.2044	5.38807
14.2085	5.58807
14.2124	5.78807
14.217	5.98807
14.2274	6.18807
14.2405	6.35474
14.2456	6.5214
14.2535	6.68807
14.2571	6.85474
14.2611	7.0214
14.2646	7.16426
14.2669	7.30712
14.2675	7.44998
14.2744	7.59283
14.2793	7.73569
14.2821	7.87855
14.2827	8.0214
14.2885	8.1464
14.2912	8.2714
14.2923	8.3964
14.3027	8.5214
14.3056	8.6464
14.3112	8.7714
14.3201	8.8964
14.3222	9.0214
14.3236	9.13252
14.3273	9.24363
14.3294	9.35474
14.3301	9.46585
14.3384	9.57696
14.3413	9.68807
14.3449	9.79918
14.3458	9.91029
14.3462	10.0214
14.3465	10.1214
14.3474	10.2214
14.3489	10.3214
14.3502	10.4214
14.3578	10.5214
14.3655	10.6214
14.371	10.7214
14.373	10.8214
14.3758	10.9214
14.3772	11.0214
14.3778	11.1123
14.3793	11.2032
14.3814	5.60161
14.3838	5.80161
14.3868	6.00161
14.3917	6.16828
14.3924	6.33494
14.3953	6.50161
14.396	6.66828
14.3966	6.83494
14.398	7.00161
14.3987	7.14447
14.4176	7.28733
14.4253	7.43018
14.4259	7.57304
14.4266	7.7159
14.4272	7.85875
14.4282	8.00161
14.4287	8.12661
14.4414	8.25161
14.4534	8.37661
14.4541	8.50161
14.455	8.62661
14.4555	8.75161
14.4562	8.87661
14.4569	9.00161
14.4575	9.11272
14.4652	9.22383
14.48	9.33494
14.4801	9.44606
14.4804	9.55717
14.481	9.66828
14.481	9.77939
14.4819	9.8905
14.4826	10.0016
14.4833	10.1016
14.4867	10.2016
14.5028	10.3016
14.5041	10.4016
14.5049	10.5016
14.5055	10.6016
14.5068	10.7016
14.5096	10.8016
14.5125	10.9016
14.513	11.0016
14.5137	11.0925
14.5225	11.1834
14.5275	11.2743
14.5278	11.3652
14.5284	11.4562
14.529	11.5471
14.5297	11.638
14.5304	11.7289
14.5311	11.8198
14.5319	11.9107
14.5324	12.0016
14.5331	12.0849
14.545	12.1683
14.5547	12.2516
14.5575	12.3349
14.5587	12.4183
14.5594	12.5016
14.5602	12.5849
14.5616	12.6683
14.5623	12.7516
14.5635	12.8349
14.5642	12.9183
14.5649	13.0016
14.5662	13.0785
14.5739	13.1555
14.5815	13.2324
14.5819	13.3093
14.5823	13.3862
14.583	13.4631
14.5843	13.5401
14.5856	13.617
14.5864	13.6939
14.5879	13.7708
14.5885	13.8478
14.5892	13.9247
14.6031	14.0016
14.6083	14.073
14.6174	14.1445
14.6183	14.2159
14.6205	14.2873
14.6226	14.3588
14.6247	14.4302
14.6282	14.5016
14.6344	14.573
14.635	14.6445
14.6364	14.7159
14.6371	14.7873
14.6488	14.8588
14.6543	14.9302
14.6564	15.0016
14.6666	15.0683
14.6682	15.1349
14.6687	15.2016
14.6716	15.2683
14.673	15.3349
14.6791	15.4016
14.6838	15.4683
14.685	15.5349
14.6865	15.6016
14.6884	15.6683
14.6892	15.7349
14.6954	15.8016
14.7017	15.8683
14.7031	15.9349
14.7271	16.0016
14.7277	16.0641
14.7285	16.1266
14.7292	16.1891
14.7298	16.2516
14.7311	16.3141
14.7452	16.3766
14.7475	16.4391
14.7487	16.5016
14.75	16.5641
14.7542	16.6266
14.7573	16.6891
14.7593	16.7516
14.7623	16.8141
14.7629	16.8766
14.7842	16.9391
14.785	17.0016
14.7856	17.0604
14.7863	17.1193
14.7896	17.1781
14.7919	8.58904
14.794	8.71404
14.7979	8.83904
14.8019	8.96404
14.8023	9.08904
14.8044	9.20015
14.8077	9.31126
14.8098	9.42237
14.8114	9.53349
14.8133	9.6446
14.8142	9.75571
14.819	9.86682
14.8487	9.97793
14.8488	10.089
14.8492	10.189
14.8574	10.289
14.8595	10.389
14.867	10.489
14.8746	10.589
14.8759	10.689
14.8774	10.789
14.8785	10.889
14.9065	10.989
14.9087	11.089
14.9092	11.18
14.9114	11.2709
14.924	11.3618
14.9315	11.4527
14.9419	11.5436
14.9434	11.6345
14.9441	11.7254
14.9454	11.8163
14.947	11.9072
14.964	11.9981
14.967	12.089
14.9699	12.1724
14.9779	12.2557
15.005	12.339
15.0141	12.4224
15.0226	12.5057
15.0234	12.589
15.0262	12.6724
15.0292	12.7557
15.0329	12.839
15.0353	12.9224
15.0609	13.0057
15.0624	13.0826
15.0644	13.1596
15.0683	13.2365
15.0844	13.3134
15.0981	13.3903
15.1044	13.4672
15.1058	13.5442
15.1073	13.6211
15.1077	13.698
15.1093	13.7749
15.1099	13.8519
15.1107	13.9288
15.1237	14.0057
15.1258	14.0771
15.1276	14.1486
15.1386	14.22
15.1498	14.2914
15.1548	14.3629
15.1601	7.18143
15.1615	7.32428
15.1642	7.46714
15.1677	7.61
15.1684	7.75285
15.1691	7.89571
15.17	8.03857
15.1721	8.16357
15.1884	8.28857
15.2029	8.41357
15.21	8.53857
15.2124	8.66357
15.2195	8.78857
15.2222	8.91357
15.2306	9.03857
15.2334	9.14968
15.2354	9.26079
15.2361	9.3719
15.2409	9.48301
15.2436	9.59412
15.2527	9.70523
15.2568	9.81635
15.2649	9.92746
15.2652	10.0386
15.2672	10.1386
15.2693	10.2386
15.2699	10.3386
15.2803	10.4386
15.2857	10.5386
15.2988	10.6386
15.3025	10.7386
15.3038	10.8386
15.304	10.9386
15.3043	11.0386
15.3055	11.1295
15.3068	11.2204
15.3074	11.3113
15.3084	11.4022
15.3453	11.4931
15.3467	11.584
15.3482	5.79201
15.3503	5.99201
15.3517	6.19201
15.3536	6.35868
15.3578	6.52534
15.3613	6.69201
15.364	6.85868
15.3689	7.02534
15.3725	7.1682
15.391	7.31106
15.3926	7.45392
15.3931	7.59677
15.394	7.73963
15.4024	7.88249
15.4034	8.02534
15.4042	8.15034
15.4106	8.27534
15.4268	8.40034
15.4271	8.52534
15.4285	8.65034
15.4293	8.77534
15.4375	8.90034
15.4403	9.02534
15.4437	9.13646
15.446	9.24757
15.4489	9.35868
15.471	9.46979
15.4715	9.5809
15.4993	9.69201
15.5006	9.80312
15.5013	9.91423
15.502	10.0253
15.5027	10.1253
15.5083	10.2253
15.509	10.3253
15.5118	10.4253
15.5188	10.5253
15.531	10.6253
15.5407	10.7253
15.5425	10.8253
15.5748	10.9253
15.5762	11.0253
15.5789	11.1163
15.5796	11.2072
15.5809	11.2981
15.5816	11.389
15.5831	11.4799
15.5837	11.5708
15.5859	11.6617
15.587	11.7526
15.5942	11.8435
15.6114	11.9344
15.6122	12.0253
15.6128	12.1087
15.6155	12.192
15.6206	12.2753
15.6212	12.3587
15.6227	12.442
15.6234	12.5253
15.6245	12.6087
15.6274	12.692
15.6298	12.7753
15.6349	12.8587
15.6364	12.942
15.637	13.0253
15.6635	13.1023
15.6649	13.1792
15.667	13.2561
15.6724	13.333
15.6773	13.41
15.6781	13.4869
15.6795	13.5638
15.6802	13.6407
15.6809	13.7177
15.6816	13.7946
15.6827	13.8715
15.6876	13.9484
15.6918	14.0253
15.6946	14.0968
15.6974	14.1682
15.7201	14.2396
15.7223	14.3111
15.7229	14.3825
15.7286	14.4539
15.732	14.5253
15.7367	14.5968
15.7403	14.6682
15.7437	14.7396
15.7464	14.8111
15.7478	14.8825
15.7485	14.9539
15.7495	15.0253
15.7563	15.092
15.7576	15.1587
15.7641	15.2253
15.7785	15.292
15.7847	15.3587
15.7902	15.4253
15.7917	15.492
15.7964	15.5587
15.8013	15.6253
15.8022	15.692
15.8067	15.7587
15.8126	15.8253
15.8135	15.892
15.8139	15.9587
15.8147	16.0253
15.8199	16.0878
15.8224	16.1503
15.8319	16.2128
15.8422	16.2753
15.8435	16.3378
15.8595	16.4003
15.861	16.4628
15.8629	16.5253
15.8714	16.5878
15.8749	16.6503
15.8791	16.7128
15.8875	16.7753
15.8918	16.8378
15.8923	16.9003
15.895	16.9628
15.8957	17.0253
15.8998	17.0842
15.9021	17.143
15.9129	17.2018
15.9259	17.2606
15.9278	17.3195
15.9334	17.3783
15.9369	17.4371
15.9376	17.4959
15.9384	17.5548
15.9392	17.6136
15.9409	17.6724
15.9417	17.7312
15.9507	17.7901
15.9511	17.8489
15.9514	17.9077
15.9527	17.9665
15.9592	18.0253
15.9631	18.0809
15.966	18.1365
15.9746	18.192
15.983	18.2476
15.9838	18.3031
15.9877	18.3587
15.9907	9.17934
15.9957	9.29045
15.9961	9.40156
15.9975	9.51267
15.9984	9.62378
16.0013	9.73489
16.0048	9.84601
16.0208	9.95712
16.0224	10.0682
16.0228	10.1682
16.0242	10.2682
16.0247	10.3682
16.027	10.4682
16.0279	10.5682
16.0436	10.6682
16.0456	10.7682
16.0462	10.8682
16.0516	10.9682
16.0529	11.0682
16.0802	11.1591
16.0841	11.25
16.0849	11.341
16.0877	11.4319
16.0897	11.5228
16.0905	11.6137
16.1103	11.7046
16.1109	11.7955
16.1133	11.8864
16.1263	11.9773
16.1308	12.0682
16.1575	12.1516
16.1583	12.2349
16.1609	12.3182
16.1615	12.4016
16.1622	12.4849
16.1713	12.5682
16.1732	12.6516
16.1984	12.7349
16.1987	12.8182
16.2044	12.9016
16.2118	12.9849
16.2137	13.0682
16.2275	13.1452
16.2319	13.2221
16.2333	13.299
16.2356	13.3759
16.2368	13.4528
16.2643	13.5298
16.2656	13.6067
16.2754	13.6836
16.2772	13.7605
16.2989	13.8375
16.3039	13.9144
16.306	13.9913
16.3087	14.0682
16.3094	14.1397
16.317	14.2111
16.3239	14.2825
16.3289	14.3539
16.3415	14.4254
16.349	14.4968
16.3657	14.5682
16.3684	14.6397
16.369	14.7111
16.3746	14.7825
16.3863	14.8539
16.3878	14.9254
16.389	14.9968
16.3993	15.0682
16.4035	7.53411
16.4185	7.67697
16.4204	7.81983
16.4217	7.96269
16.4288	8.10554
16.4295	8.23054
16.4304	8.35554
16.4315	8.48054
16.4459	8.60554
16.4837	8.73054
16.485	8.85554
16.4865	8.98054
16.4867	9.10554
16.4872	9.21665
16.5224	9.32776
16.5243	9.43888
16.5251	9.54999
16.533	9.6611
16.5382	9.77221
16.5396	9.88332
16.5625	9.99443
16.5675	10.1055
16.5807	10.2055
16.5831	10.3055
16.5838	10.4055
16.5851	10.5055
16.5976	10.6055
16.5996	10.7055
16.6009	10.8055
16.6026	10.9055
16.6088	11.0055
16.6192	11.0965
16.6283	11.1874
16.6289	11.2783
16.6323	11.3692
16.635	11.4601
16.6372	11.551
16.6392	11.6419
16.6413	11.7328
16.6433	11.8237
16.6476	11.9146
16.6609	12.0055
16.6767	12.0889
16.6865	12.1722
16.6866	12.2555
16.6879	12.3389
16.6925	12.4222
16.6973	12.5055
16.6978	12.5889
16.701	12.6722
16.7024	12.7555
16.7041	12.8389
16.7058	12.9222
16.7193	13.0055
16.726	13.0825
16.7309	13.1594
16.7315	13.2363
16.7322	13.3132
16.7391	13.3902
16.7482	13.4671
16.7496	13.544
16.7502	13.6209
16.753	13.6979
16.7751	13.7748
16.7778	13.8517
16.7832	13.9286
16.784	14.0055
16.7848	14.077
16.7852	14.1484
16.7858	14.2198
16.7874	14.2913
16.7906	14.3627
16.7927	14.4341
16.7958	14.5055
16.7979	14.577
16.8288	14.6484
16.829	14.7198
16.8309	14.7913
16.8324	14.8627
16.8358	14.9341
16.8378	15.0055
16.8446	15.0722
16.8518	15.1389
16.8531	15.2055
16.8592	15.2722
16.8612	15.3389
16.8793	15.4055
16.8801	15.4722
16.8821	15.5389
16.885	15.6055
16.8856	15.6722
16.8912	15.7389
16.8932	15.8055
16.8995	15.8722
16.9023	15.9389
16.9063	16.0055
16.9069	8.00277
16.914	8.12777
16.9153	8.25277
16.9377	8.37777
16.9398	8.50277
16.9418	8.62777
16.9488	8.75277
16.9502	8.87777
16.9605	9.00277
16.9611	9.11388
16.9626	9.22499
16.9634	9.3361
16.9654	9.44722
16.9661	9.55833
16.9668	9.66944
17.0049	9.78055
17.0056	9.89166
17.0069	10.0028
17.0085	10.1028
17.0133	10.2028
17.0146	10.3028
17.021	10.4028
17.0261	10.5028
17.0267	10.6028
17.0513	10.7028
17.0689	10.8028
17.0705	10.9028
17.071	11.0028
17.0728	11.0937
17.0737	11.1846
17.0751	11.2755
17.076	11.3664
17.0823	11.4573
17.0912	11.5482
17.0947	11.6391
17.1283	11.73
17.1371	11.821
17.1378	11.9119
17.1392	12.0028
17.1398	12.0861
17.1405	12.1694
17.1421	12.2528
17.1428	12.3361
17.1442	12.4194
17.1472	12.5028
17.1536	12.5861
17.1557	12.6694
17.1935	12.7528
17.1942	12.8361
17.1949	12.9194
17.1963	13.0028
17.197	13.0797
17.1991	13.1566
17.2045	13.2335
17.2068	13.3105
17.2089	13.3874
17.2166	13.4643
17.2415	13.5412
17.2456	13.6182
17.2484	13.6951
17.2576	13.772
17.2602	13.8489
17.2614	13.9258
17.2634	14.0028
17.2674	14.0742
17.28	14.1456
17.2868	14.2171
17.2887	14.2885
17.2924	14.3599
17.311	14.4313
17.3126	14.5028
17.3208	14.5742
17.3283	14.6456
17.3289	14.7171
17.3301	14.7885
17.332	14.8599
17.3354	14.9313
17.3435	15.0028
17.3512	15.0694
17.3556	15.1361
17.3666	15.2028
17.3727	15.2694
17.3815	15.3361
17.3847	15.4028
17.3853	15.4694
17.3859	15.5361
17.3875	15.6028
17.3924	15.6694
17.4013	7.83472
17.413	7.97758
17.4241	8.12043
17.4268	8.24543
17.4337	8.37043
17.4352	8.49543
17.4399	8.62043
17.4482	8.74543
17.4574	8.87043
17.4629	8.99543
17.4653	9.12043
17.4659	9.23154
17.4694	9.34266
17.4708	9.45377
17.5125	9.56488
17.513	9.67599
17.5205	9.7871
17.5219	9.89821
17.526	10.0093
17.5302	10.1093
17.5318	10.2093
17.5324	10.3093
17.5336	10.4093
17.5407	10.5093
17.5704	10.6093
17.5737	10.7093
17.5841	10.8093
17.5855	10.9093
17.5903	11.0093
17.5944	11.1002
17.5966	11.1911
17.5972	11.282
17.598	11.373
17.5992	11.4639
17.6005	11.5548
17.6209	11.6457
17.6272	11.7366
17.6423	11.8275
17.6443	11.9184
17.652	12.0093
17.6606	12.0927
17.6638	12.176
17.6657	12.2593
17.6698	12.3427
17.6711	12.426
17.6747	12.5093
17.6891	12.5927
17.7009	12.676
17.7255	12.7593
17.7385	12.8427
17.7399	12.926
17.7406	13.0093
17.7413	13.0862
17.7419	13.1632
17.7427	13.2401
17.7443	13.317
17.7504	13.3939
17.7822	13.4709
17.7866	13.5478
17.79	13.6247
17.794	13.7016
17.8022	13.7786
17.8077	13.8555
17.8105	13.9324
17.8112	14.0093
17.8146	14.0808
17.8188	14.1522
17.8239	7.07609
17.8403	7.21895
17.8436	7.3618
17.8505	7.50466
17.8514	7.64752
17.8546	7.79038
17.8589	7.93323
17.8595	8.07609
17.8601	8.20109
17.8625	8.32609
17.8643	8.45109
17.8836	8.57609
17.9017	8.70109
17.903	8.82609
17.9052	8.95109
17.9074	9.07609
17.9082	9.1872
17.9211	9.29831
17.923	9.40942
17.9272	9.52053
17.9495	9.63165
17.9505	9.74276
17.9516	9.85387
17.9523	9.96498
17.9666	10.0761
17.968	10.1761
17.9686	10.2761
17.9693	10.3761
17.9729	10.4761
17.9956	10.5761
17.9963	10.6761
17.9971	10.7761
17.9983	10.8761
18.0079	10.9761
18.0086	11.0761
18.0107	11.167
18.0134	11.2579
18.0179	11.3488
18.0217	11.4397
18.037	11.5306
18.0377	11.6215
18.0382	11.7125
18.041	11.8034
18.0473	11.8943
18.0485	11.9852
18.0493	12.0761
18.0506	12.1594
18.0548	12.2428
18.0593	12.3261
18.0599	12.4094
18.082	12.4928
18.0824	12.5761
18.0872	12.6594
18.0889	12.7428
18.0924	12.8261
18.0949	12.9094
18.0963	12.9928
18.0992	13.0761
18.1012	13.153
18.104	13.2299
18.1075	13.3069
18.1102	13.3838
18.115	13.4607
18.1158	13.5376
18.1178	13.6146
18.1186	13.6915
18.1198	13.7684
18.1238	13.8453
18.1388	13.9222
18.1425	13.9992
18.1535	14.0761
18.1552	14.1475
18.1623	14.2189
18.1698	14.2904
18.1725	14.3618
18.1793	14.4332
18.1821	14.5047
18.1842	14.5761
18.1856	14.6475
18.1869	14.7189
18.1876	14.7904
18.1897	14.8618
18.1938	14.9332
18.1954	15.0047
18.2131	15.0713
18.2227	15.138
18.2309	15.2047
18.2374	15.2713
18.2422	15.338
18.2481	15.4047
18.2525	15.4713
18.2583	15.538
18.2615	15.6047
18.2691	15.6713
18.2694	15.738
18.27	15.8047
18.2858	15.8713
18.3034	15.938
18.3069	16.0047
18.3082	16.0672
18.3097	8.03358
18.3123	8.15858
18.3228	8.28358
18.3269	8.40858
18.3304	8.53358
18.3372	8.65858
18.3406	8.78358
18.3615	8.90858
18.3622	9.03358
18.3628	9.14469
18.3848	9.2558
18.3855	9.36691
18.387	9.47802
18.3893	9.58914
18.3897	9.70025
18.3999	9.81136
18.4017	9.92247
18.4059	10.0336
18.4182	10.1336
18.437	10.2336
18.4383	10.3336
18.4487	10.4336
18.4516	10.5336
18.4533	10.6336
18.4543	10.7336
18.4564	10.8336
18.4577	10.9336
18.4735	11.0336
18.4749	11.1245
18.4757	11.2154
18.5025	11.3063
18.5072	11.3972
18.5127	11.4881
18.5137	11.579
18.5138	11.6699
18.514	11.7609
18.5305	11.8518
18.5347	11.9427
18.537	12.0336
18.5525	12.1169
18.5755	12.2002
18.578	12.2836
18.5828	12.3669
18.5851	12.4502
18.5899	12.5336
18.5913	12.6169
18.6182	12.7002
18.6195	12.7836
18.6251	12.8669
18.6305	12.9502
18.6451	13.0336
18.6576	13.1105
18.6596	13.1874
18.6715	13.2643
18.6775	13.3413
18.6797	13.4182
18.6831	13.4951
18.6845	6.74756
18.692	6.91423
18.6936	7.08089
18.6981	7.22375
18.7052	7.36661
18.7169	7.50946
18.7246	7.65232
18.7373	7.79518
18.7387	7.93804
18.7449	8.08089
18.7493	8.20589
18.7527	8.33089
18.7568	8.45589
18.7978	8.58089
18.8017	8.70589
18.8054	8.83089
18.8093	8.95589
18.8113	9.08089
18.8128	9.192
18.8177	9.30312
18.8279	9.41423
18.8619	9.52534
18.8624	9.63645
18.8632	9.74756
18.8653	9.85867
18.8734	9.96978
18.8748	10.0809
18.8945	10.1809
18.8963	10.2809
18.9156	10.3809
18.9176	10.4809
18.9232	10.5809
18.9316	10.6809
18.933	10.7809
18.9338	10.8809
18.9534	10.9809
18.9597	11.0809
18.9623	11.1718
18.9727	11.2627
18.9762	11.3536
18.9814	11.4445
18.9891	11.5354
18.9934	11.6263
19.0154	11.7173
19.0166	11.8082
19.017	5.90408
19.0191	6.10408
19.0206	6.27075
19.0288	6.43742
19.0302	6.60408
19.0356	6.77075
19.0491	6.93742
19.0505	7.10408
19.0617	7.24694
19.0642	7.3898
19.068	7.53265
19.108	7.67551
19.109	7.81837
19.1104	7.96123
19.1126	8.10408
19.1155	8.22908
19.1179	8.35408
19.1192	8.47908
19.1606	8.60408
19.1613	8.72908
19.162	8.85408
19.1642	8.97908
19.1656	9.10408
19.169	9.21519
19.1735	9.32631
19.1769	9.43742
19.2137	9.54853
19.2139	9.65964
19.2147	9.77075
19.2159	9.88186
19.2172	9.99297
19.2185	10.1041
19.2248	10.2041
19.2337	10.3041
19.235	10.4041
19.2639	10.5041
19.2653	10.6041
19.2661	10.7041
19.2677	10.8041
19.2688	10.9041
19.2725	11.0041
19.2738	11.095
19.2833	11.1859
19.295	11.2768
19.3221	11.3677
19.3227	11.4586
19.3249	11.5495
19.3256	11.6404
19.3289	11.7314
19.3326	11.8223
19.3339	11.9132
19.3352	12.0041
19.3379	12.0874
19.3449	12.1707
19.3736	12.2541
19.3742	12.3374
19.3763	12.4207
19.378	12.5041
19.3815	12.5874
19.3829	12.6707
19.3844	12.7541
19.3862	12.8374
19.3876	12.9207
19.3889	13.0041
19.3956	13.081
19.4253	13.1579
19.4273	13.2349
19.43	13.3118
19.4307	13.3887
19.433	13.4656
19.4357	13.5425
19.4363	13.6195
19.438	13.6964
19.4385	13.7733
19.4409	6.88666
19.4415	7.05332
19.4842	7.19618
19.4861	7.33904
19.4902	7.48189
19.4916	7.62475
19.5264	7.76761
19.5712	7.91047
19.6117	8.05332
19.6665	8.17832
19.6671	8.30332
19.6839	8.42832
19.6887	8.55332
19.6931	8.67832
19.6937	8.80332
19.7063	8.92832
19.7102	9.05332
19.7251	9.16443
19.7308	9.27555
19.735	9.38666
19.7359	9.49777
19.7555	9.60888
19.7563	9.71999
19.7594	9.8311
19.7794	9.94221
19.7813	10.0533
19.7875	10.1533
19.7903	10.2533
19.812	10.3533
19.8131	10.4533
19.8278	10.5533
19.8305	10.6533
19.8317	10.7533
19.8373	10.8533
19.8463	10.9533
19.8751	11.0533
19.8764	11.1442
19.8914	11.2351
19.9038	11.3261
19.941	11.417
19.9419	11.5079
19.9491	11.5988
19.9591	11.6897
19.9641	11.7806
19.9661	11.8715
19.9715	11.9624
19.9757	5.98121
19.9764	6.18121
19.9823	6.34787
19.9848	6.51454
19.9893	6.68121
20.0243	6.84787
20.0258	7.01454
20.0428	7.1574
20.0685	7.30025
20.0732	7.44311
20.0754	7.58597
20.0776	7.72883
20.0783	7.87168
20.079	8.01454
20.0861	8.13954
20.0897	8.26454
20.0981	8.38954
20.103	8.51454
20.1042	8.63954
20.1062	8.76454
20.1077	8.88954
20.1147	9.01454
20.1189	9.12565
20.1206	9.23676
20.1266	9.34787
20.1276	9.45898
20.1293	9.5701
20.132	9.68121
20.1334	9.79232
20.1393	9.90343
20.1453	10.0145
20.1488	10.1145
20.1495	10.2145
20.1506	10.3145
20.1519	10.4145
20.1611	10.5145
20.1628	10.6145
20.169	10.7145
20.1712	10.8145
20.1727	10.9145
20.1817	11.0145
20.1845	11.1054
20.1906	11.1964
20.194	11.2873
20.1962	11.3782
20.1974	11.4691
20.1983	11.56
20.201	11.6509
20.2068	11.7418
20.2141	11.8327
20.2211	11.9236
20.2218	12.0145
20.2238	12.0979
20.2246	12.1812
20.2266	12.2645
20.2356	12.3479
20.2406	12.4312
20.2413	12.5145
20.2461	12.5979
20.2468	12.6812
20.249	12.7645
20.2668	12.8479
20.2699	12.9312
20.2702	13.0145
20.283	13.0915
20.2846	13.1684
20.2929	13.2453
20.3006	13.3222
20.3028	13.3992
20.3068	13.4761
20.3179	13.553
20.318	6.7765
20.3195	6.94317
20.3201	7.10983
20.3286	7.25269
20.3333	7.39555
20.3341	7.53841
20.3356	7.68126
20.3446	7.82412
20.3746	7.96698
20.3758	8.10983
20.3818	8.23483
20.3839	8.35983
20.3879	8.48483
20.4079	8.60983
20.4103	8.73483
20.4123	8.85983
20.4179	8.98483
20.422	9.10983
20.4289	9.22095
20.4297	9.33206
20.4317	9.44317
20.4324	9.55428
20.4436	9.66539
20.4542	9.7765
20.4648	9.88761
20.4655	9.99872
20.4686	10.1098
20.4697	10.2098
20.471	10.3098
20.4798	10.4098
20.4913	10.5098
20.5018	10.6098
20.5022	10.7098
20.5036	10.8098
20.5069	10.9098
20.5102	11.0098
20.5123	11.1007
20.5129	11.1917
20.5156	11.2826
20.5224	11.3735
20.5383	11.4644
20.5397	11.5553
20.5435	11.6462
20.5462	11.7371
20.5481	11.828
20.5501	11.9189
20.5537	12.0098
20.5551	12.0932
20.5631	12.1765
20.575	12.2598
20.586	12.3432
20.5879	12.4265
20.5912	6.21325
20.5948	6.37992
20.5955	6.54658
20.5977	6.71325
20.6026	6.87992
20.6115	7.04658
20.6279	7.18944
20.6287	7.3323
20.6528	7.47516
20.6677	7.61801
20.6899	7.76087
20.7095	7.90373
20.7289	8.04658
20.7495	8.17158
20.7646	8.29658
20.7657	8.42158
20.7884	8.54658
20.7925	8.67158
20.7987	8.79658
20.8008	8.92158
20.8052	9.04658
20.821	9.15769
20.8217	9.26881
20.8328	4.6344
20.8449	4.8844
20.8462	5.1344
20.8512	5.3344
20.8538	5.5344
20.8649	5.7344
20.8661	5.9344
20.9076	6.1344
20.926	6.30107
20.9267	6.46774
20.9764	6.6344
20.9768	6.80107
20.9899	6.96774
20.992	7.1344
21.0282	7.27726
21.0318	7.42012
21.0641	7.56297
21.0653	7.70583
21.066	7.84869
21.0673	7.99155
21.068	8.1344
21.0874	8.2594
21.1025	8.3844
21.1263	8.5094
21.1276	8.6344
21.129	8.7594
21.1304	8.8844
21.1311	9.0094
21.1338	9.12051
21.169	9.23163
21.197	9.34274
21.1977	9.45385
21.1985	9.56496
21.2004	9.67607
21.2006	9.78718
21.2018	9.89829
21.2033	10.0094
21.2314	10.1094
21.2496	10.2094
21.2507	10.3094
21.2514	10.4094
21.2542	10.5094
21.2556	10.6094
21.2569	10.7094
21.2584	10.8094
21.2625	10.9094
21.2876	11.0094
21.2966	5.5047
21.3031	5.7047
21.305	5.9047
21.308	6.1047
21.3081	6.27137
21.3082	6.43803
21.3126	6.6047
21.3146	6.77137
21.3513	6.93803
21.3518	7.1047
21.3698	7.24756
21.3712	7.39042
21.372	7.53327
21.4089	3.76664
21.4096	4.09997
21.4112	4.34997
21.4165	4.59997
21.4193	4.84997
21.4261	5.09997
21.4652	5.29997
21.472	5.49997
21.4727	5.69997
21.5017	5.89997
21.5054	6.09997
21.5075	6.26664
21.5486	6.4333
21.5527	6.59997
21.5547	6.76664
21.557	6.9333
21.5967	7.09997
21.602	7.24283
21.604	7.38568
21.606	7.52854
21.6195	3.76427
21.6481	4.0976
21.6486	4.3476
21.6503	4.5976
21.6512	4.8476
21.6546	5.0976
21.6881	5.2976
21.6928	5.4976
21.6971	5.6976
21.6974	5.8976
21.6987	6.0976
21.7281	6.26427
21.7297	6.43094
21.7363	6.5976
21.7375	6.76427
21.7381	6.93094
21.7389	7.0976
21.7659	7.24046
21.7704	7.38332
21.7815	7.52618
21.7871	7.66903
21.7879	7.81189
21.7892	7.95475
21.7905	8.0976
21.8143	8.2226
21.8262	8.3476
21.8308	8.4726
21.8317	8.5976
21.8337	8.7226
21.8364	8.8476
21.8384	8.9726
21.853	9.0976
21.8662	9.20872
21.8675	9.31983
21.8694	9.43094
21.8721	9.54205
21.8764	9.65316
21.8777	9.76427
21.9018	9.87538
21.9038	9.98649
21.9136	10.0976
21.9162	10.1976
21.9169	10.2976
21.9182	10.3976
21.9203	10.4976
21.9241	10.5976
21.9541	10.6976
21.9555	10.7976
21.9604	10.8976
21.961	10.9976
21.9646	11.0976
21.9667	11.1885
21.9686	11.2794
21.9713	11.3703
21.9723	5.68517
21.9735	5.88517
22.0032	6.08517
22.0038	6.25183
22.0117	6.4185
22.0124	6.58517
22.0136	6.75183
22.017	6.9185
22.0238	7.08517
22.0251	7.22802
22.0288	7.37088
22.0312	7.51374
22.0748	7.65659
22.0769	7.79945
22.0829	7.94231
22.0856	8.08517
22.0865	8.21017
22.0902	8.33517
22.0954	8.46017
22.1374	8.58517
22.15	8.71017
22.1521	8.83517
22.1549	8.96017
22.156	9.08517
22.1934	9.19628
22.2012	9.30739
22.2031	9.4185
22.2064	9.52961
22.2073	9.64072
22.2465	9.75183
22.2564	9.86294
22.2592	9.97405
22.2608	10.0852
22.2629	10.1852
22.2845	5.09258
22.3015	5.29258
22.3249	5.49258
22.3282	5.69258
22.3292	5.89258
22.3306	6.09258
22.3315	6.25925
22.3746	6.42592
22.3763	6.59258
22.3778	6.75925
22.3784	6.92592
22.3794	7.09258
22.405	7.23544
22.4327	7.3783
22.4341	7.52115
22.4356	7.66401
22.4362	7.80687
22.4371	7.94973
22.4384	8.09258
22.4604	8.21758
22.4808	8.34258
22.4823	8.46758
22.4841	8.59258
22.4898	8.71758
22.4932	8.84258
22.4945	8.96758
22.4951	9.09258
22.5168	9.20369
22.5326	9.31481
22.5337	9.42592
22.5395	9.53703
22.5459	9.64814
22.5487	9.75925
22.552	9.87036
22.5527	9.98147
22.5733	10.0926
22.5927	10.1926
22.5933	10.2926
22.5986	10.3926
22.6052	10.4926
22.6067	10.5926
22.6099	10.6926
22.6186	10.7926
22.6455	10.8926
22.6464	10.9926
22.6635	11.0926
22.6636	11.1835
22.6667	11.2744
22.6727	11.3653
22.6782	11.4562
22.6831	11.5471
22.687	11.638
22.687	5.81902
22.7192	6.01902
22.7214	6.18569
22.7333	6.35235
22.7367	6.51902
22.7373	6.68569
22.7437	6.85235
22.7486	7.01902
22.7535	7.16188
22.7629	7.30473
22.8168	7.44759
22.8217	7.59045
22.8239	7.7333
22.8245	7.87616
22.828	8.01902
22.836	8.14402
22.878	8.26902
22.8832	8.39402
22.8877	8.51902
22.8891	8.64402
22.8923	8.76902
22.8957	8.89402
22.8985	9.01902
22.9474	9.13013
22.955	9.24124
22.9564	9.35235
22.9579	9.46346
22.9586	9.57457
22.9602	9.68569
22.9607	9.7968
22.9643	9.90791
23.0091	10.019
23.0206	10.119
23.0223	10.219
23.0284	10.319
23.0332	10.419
23.0339	10.519
23.0361	10.619
23.039	10.719
23.0397	10.819
23.0765	10.919
23.0849	11.019
23.0864	11.1099
23.0903	11.2008
23.0922	11.2917
23.0992	11.3827
23.1018	11.4736
23.1032	11.5645
23.1073	11.6554
23.1431	11.7463
23.1448	11.8372
23.1472	11.9281
23.1493	12.019
23.1535	12.1024
23.1562	12.1857
23.159	12.269
23.1658	12.3524
23.1668	12.4357
23.1761	12.519
23.1955	12.6024
23.1982	12.6857
23.199	12.769
23.2023	12.8524
23.2031	12.9357
23.2043	13.019
23.2085	13.0959
23.2204	13.1729
23.2328	13.2498
23.2361	13.3267
23.2471	13.4036
23.2609	13.4806
23.2624	13.5575
23.2631	13.6344
23.2646	13.7113
23.2647	13.7882
23.2683	13.8652
23.2703	13.9421
23.271	14.019
23.2875	14.0904
23.2895	14.1619
23.3012	7.08094
23.3019	7.2238
23.3138	7.36665
23.315	7.50951
23.3165	7.65237
23.3226	7.79522
23.3235	7.93808
23.3249	8.08094
23.3277	8.20594
23.3285	8.33094
23.3298	8.45594
23.3378	8.58094
23.3413	8.70594
23.3757	8.83094
23.3764	8.95594
23.3793	9.08094
23.3799	9.19205
23.3819	9.30316
23.3848	9.41427
23.3877	9.52538
23.4179	9.63649
23.4191	9.7476
23.4225	9.85872
23.4234	9.96983
23.4274	10.0809
23.4282	10.1809
23.4309	10.2809
23.4346	10.3809
23.4606	10.4809
23.462	10.5809
23.4684	10.6809
23.4691	10.7809
23.4704	10.8809
23.4734	10.9809
23.4759	11.0809
23.4767	11.1718
23.4787	11.2628
23.48	11.3537
23.5099	11.4446
23.5108	11.5355
23.5128	11.6264
23.5134	11.7173
23.5141	11.8082
23.5148	11.8991
23.5154	11.99
23.5161	12.0809
23.5177	12.1643
23.522	12.2476
23.5233	12.3309
23.5484	12.4143
23.5503	12.4976
23.5542	12.5809
23.555	12.6643
23.5569	12.7476
23.5584	12.8309
23.5603	12.9143
23.5611	12.9976
23.5617	13.0809
23.5624	13.1579
23.5633	13.2348
23.5666	13.3117
23.5946	13.3886
23.5964	13.4656
23.5992	13.5425
23.6013	13.6194
23.6064	13.6963
23.6088	13.7732
23.6106	13.8502
23.6135	13.9271
23.6139	14.004
23.6146	14.0754
23.616	14.1469
23.6167	7.07344
23.6184	7.21629
23.654	7.35915
23.6563	7.50201
23.6592	7.64486
23.6599	7.78772
23.6624	7.93058
23.6682	8.07344
23.6694	8.19844
23.6731	8.32344
23.6738	8.44844
23.6754	8.57344
23.6767	8.69844
23.7144	8.82344
23.7159	8.94844
23.7173	9.07344
23.7188	9.18455
23.7213	9.29566
23.7257	9.40677
23.7292	9.51788
23.732	9.62899
23.7693	9.7401
23.771	9.85121
23.7722	9.96232
23.7745	10.0734
23.7752	10.1734
23.7765	10.2734
23.7814	10.3734
23.7834	10.4734
23.7868	10.5734
23.8321	10.6734
23.8343	10.7734
23.8356	10.8734
23.8401	10.9734
23.8416	11.0734
23.8453	11.1643
23.846	11.2553
23.8504	11.3462
23.9004	11.4371
23.9012	11.528
23.9062	11.6189
23.9083	11.7098
23.9097	11.8007
23.9104	11.8916
23.9138	11.9825
23.9166	12.0734
23.9241	12.1568
23.9553	12.2401
23.9565	12.3234
23.9604	12.4068
23.964	12.4901
23.9654	12.5734
23.9682	12.6568
23.9709	6.32838
23.9729	6.49505
23.976	6.66172
23.9835	6.82838
24.0123	6.99505
24.0157	7.16172
24.0192	7.30458
24.0225	7.44743
24.0265	7.59029
24.0273	7.73315
24.0648	7.876
24.0691	8.01886
24.0695	8.14386
24.0773	8.26886
24.0798	8.39386
24.0838	8.51886
24.0849	8.64386
24.1116	8.76886
24.1147	8.89386
24.1152	9.01886
24.1167	9.12997
24.124	9.24108
24.1255	9.35219
24.1265	9.46331
24.1269	9.57442
24.1617	9.68553
24.1667	9.79664
24.1672	9.90775
24.168	10.0189
24.1693	10.1189
24.1733	10.2189
24.1741	10.3189
24.1749	10.4189
24.2069	10.5189
24.2076	10.6189
24.2093	10.7189
24.2108	10.8189
24.2115	10.9189
24.2138	11.0189
24.2151	11.1098
24.2171	11.2007
24.2527	11.2916
24.254	11.3825
24.2554	11.4734
24.2577	11.5643
24.2582	5.78216
24.2624	5.98216
24.263	6.18216
24.2651	6.34882
24.2658	6.51549
24.2877	6.68216
24.2884	6.84882
24.2948	7.01549
24.2969	7.15835
24.3396	7.30121
24.3417	7.44406
24.3426	7.58692
24.3431	7.72978
24.345	7.87263
24.3858	8.01549
24.3883	8.14049
24.3902	8.26549
24.3922	8.39049
24.3937	8.51549
24.3962	8.64049
24.4323	8.76549
24.4446	8.89049
24.445	9.01549
24.446	9.1266
24.4461	9.23771
24.4709	9.34882
24.4856	9.45994
24.4861	9.57105
24.4867	9.68216
24.4901	9.79327
24.4918	9.90438
24.5215	10.0155
24.5407	10.1155
24.5434	10.2155
24.549	10.3155
24.5733	10.4155
24.5748	10.5155
24.588	10.6155
24.5894	10.7155
24.5921	10.8155
24.5939	5.40775
24.6127	5.60775
24.617	5.80775
24.6327	6.00775
24.6341	6.17441
24.6383	6.34108
24.6636	6.50775
24.6658	6.67441
24.6664	6.84108
24.6685	7.00775
24.7008	7.1506
24.7029	7.29346
24.704	7.43632
24.7044	7.57917
24.7393	7.72203
24.7412	7.86489
24.7449	8.00775
24.7477	8.13275
24.7533	8.25775
24.7561	8.38275
24.78	8.50775
24.7819	8.63275
24.7895	8.75775
24.7909	8.88275
24.8005	9.00775
24.8039	9.11886
24.8194	9.22997
24.8201	9.34108
24.8243	9.45219
24.8293	9.5633
24.8522	9.67441
24.8532	9.78552
24.8601	9.89663
24.8613	10.0077
24.8655	5.00387
24.8713	5.20387
24.8752	5.40387
24.8895	5.60387
24.8969	5.80387
24.9045	6.00387
24.9054	6.17054
24.9281	6.33721
24.9293	6.50387
24.9326	6.67054
24.9504	6.83721
24.9523	7.00387
24.9556	7.14673
24.978	7.28959
24.9822	7.43244
24.9828	7.5753
24.9844	7.71816
24.985	7.86102
25.0089	8.00387
25.0104	8.12887
25.0111	8.25387
25.0148	8.37887
25.0161	8.50387
25.0368	8.62887
25.0404	8.75387
25.041	8.87887
25.0431	9.00387
25.0446	9.11498
25.0568	9.22609
25.0635	9.33721
25.0679	9.44832
25.0716	9.55943
25.0724	9.67054
25.0729	9.78165
25.0743	9.89276
25.0757	10.0039
25.0889	10.1039
25.0943	10.2039
25.0952	10.3039
25.1002	10.4039
25.1042	10.5039
25.1059	10.6039
25.1086	10.7039
25.1106	10.8039
25.1132	10.9039
25.123	11.0039
25.13	11.0948
25.1307	11.1857
25.1331	11.2766
25.1364	11.3675
25.1385	11.4584
25.1413	11.5493
25.1424	11.6402
25.1434	11.7311
25.1484	11.8221
25.1499	11.913
25.1616	12.0039
25.162	12.0872
25.168	12.1705
25.1694	12.2539
25.1714	12.3372
25.1748	12.4205
25.1753	12.5039
25.1895	12.5872
25.1931	12.6705
25.196	12.7539
25.2075	12.8372
25.2093	12.9205
25.2133	13.0039
25.2142	13.0808
25.2196	13.1577
25.2322	13.2346
25.235	13.3116
25.2357	13.3885
25.2498	13.4654
25.2512	13.5423
25.2585	13.6193
25.2603	13.6962
25.2632	13.7731
25.2666	13.85
25.278	6.92501
25.2824	7.09168
25.2838	7.23454
25.2883	7.37739
25.2997	7.52025
25.3065	7.66311
25.3106	7.80597
25.3148	7.94882
25.3185	8.09168
25.3241	8.21668
25.3364	8.34168
25.3385	8.46668
25.3403	8.59168
25.3694	8.71668
25.3811	8.84168
25.3864	8.96668
25.3867	9.09168
25.387	9.20279
25.3882	9.3139
25.4038	9.42501
25.4065	9.53612
25.4184	9.64724
25.4238	9.75835
25.4317	9.86946
25.4325	9.98057
25.4379	10.0917
25.4406	10.1917
25.4421	10.2917
25.4571	10.3917
25.4581	10.4917
25.4653	10.5917
25.478	10.6917
25.4842	10.7917
25.485	10.8917
25.4856	10.9917
25.4865	11.0917
25.4885	11.1826
25.4907	11.2735
25.4947	11.3644
25.4978	11.4553
25.5033	11.5462
25.5064	11.6371
25.5087	11.728
25.5091	11.819
25.51	11.9099
25.5119	12.0008
25.5186	12.0841
25.5192	12.1674
25.5241	12.2508
25.5458	12.3341
25.5512	12.4174
25.556	12.5008
25.5604	12.5841
25.5614	12.6674
25.569	12.7508
25.5726	12.8341
25.5774	12.9174
25.5795	13.0008
25.5813	13.0777
25.5944	13.1546
25.6024	13.2315
25.6031	13.3085
25.6039	13.3854
25.606	13.4623
25.6073	13.5392
25.6087	13.6162
25.617	13.6931
25.6215	13.77
25.6251	13.8469
25.6316	13.9238
25.6434	14.0008
25.6492	14.0722
25.6493	14.1436
25.6495	14.2151
25.6515	14.2865
25.6539	14.3579
25.6544	14.4293
25.6667	14.5008
25.6688	14.5722
25.6723	14.6436
25.6784	14.7151
25.6842	14.7865
25.6913	14.8579
25.6926	14.9293
25.6939	15.0008
25.6947	15.0674
25.6962	15.1341
25.6974	15.2008
25.6975	15.2674
25.7076	15.3341
25.7097	15.4008
25.7108	7.70039
25.713	7.84324
25.7207	7.9861
25.7263	8.12896
25.7269	8.25396
25.7299	8.37896
25.7304	8.50396
25.7317	8.62896
25.7346	8.75396
25.736	8.87896
25.7388	9.00396
25.7401	9.11507
25.7504	9.22618
25.7525	9.33729
25.7538	9.4484
25.7567	9.55951
25.7649	9.67062
25.7671	9.78173
25.781	9.89285
25.783	10.004
25.7865	10.104
25.7878	10.204
25.7914	10.304
25.7926	10.404
25.7977	10.504
25.8104	10.604
25.8174	10.704
25.8207	10.804
25.8299	10.904
25.8328	11.004
25.8356	11.0949
25.8375	11.1858
25.8395	11.2767
25.8475	11.3676
25.8531	11.4585
25.8572	11.5494
25.8663	11.6403
25.8708	11.7312
25.8735	11.8221
25.8761	11.913
25.8832	12.004
25.8887	12.0873
25.8907	12.1706
25.8921	12.254
25.8949	12.3373
25.9041	12.4206
25.9102	12.504
25.9148	12.5873
25.9155	12.6706
25.9292	12.754
25.9319	12.8373
25.9366	12.9206
25.9407	13.004
25.9421	13.0809
25.943	13.1578
25.9443	13.2347
25.9474	13.3116
25.9519	13.3886
25.9526	13.4655
25.9645	13.5424
25.9681	13.6193
25.9715	13.6963
25.9724	6.84813
25.9785	7.0148
25.979	7.15766
25.9852	7.30051
25.9887	7.44337
25.9895	7.58623
25.9916	7.72908
25.9922	7.87194
26.0054	8.0148
26.0094	8.1398
26.0115	8.2648
26.0203	8.3898
26.0324	8.5148
26.0357	8.6398
26.0439	8.7648
26.0467	8.8898
26.0471	9.0148
26.0519	9.12591
26.0574	9.23702
26.0595	9.34813
26.0824	9.45924
26.0858	9.57035
26.0872	9.68147
26.0887	9.79258
26.0931	9.90369
26.0941	10.0148
26.0984	10.1148
26.1027	10.2148
26.1192	10.3148
26.1206	10.4148
26.1224	10.5148
26.1232	10.6148
26.1301	10.7148
26.1307	10.8148
26.1327	10.9148
26.1341	11.0148
26.1393	11.1057
26.1545	11.1966
26.1558	11.2875
26.1581	11.3784
26.1603	5.68922
26.1657	5.88922
26.1664	6.08922
26.1672	6.25588
26.1685	6.42255
26.1712	6.58922
26.1718	6.75588
26.1967	6.92255
26.1974	7.08922
26.1994	7.23207
26.2002	7.37493
26.2022	7.51779
26.205	7.66065
26.2059	7.8035
26.207	7.94636
26.2077	8.08922
26.2091	8.21422
26.221	8.33922
26.2251	8.46422
26.2299	8.58922
26.2353	8.71422
26.2375	8.83922
26.2388	8.96422
26.2395	4.48211
26.243	4.73211
26.245	4.98211
26.2464	5.23211
26.2471	5.43211
26.2541	5.63211
26.2579	5.83211
26.2593	6.03211
26.26	6.19878
26.2676	6.36544
26.2718	6.53211
26.2771	6.69878
26.2789	6.86544
26.2983	7.03211
26.3017	7.17497
26.3037	7.31782
26.3142	7.46068
26.3164	7.60354
26.3194	7.74639
26.3222	7.88925
26.3236	8.03211
26.3372	8.15711
26.3376	8.28211
26.3394	8.40711
26.3418	8.53211
26.3435	8.65711
26.3441	8.78211
26.3516	8.90711
26.3564	9.03211
26.3608	9.14322
26.3749	9.25433
26.3758	9.36544
26.3773	9.47655
26.3789	9.58766
26.381	9.69878
26.3841	9.80989
26.3858	9.921
26.3869	10.0321
26.3875	5.01605
26.4075	5.21605
26.409	5.41605
26.4138	5.61605
26.4149	5.81605
26.4168	6.01605
26.4171	6.18272
26.4276	6.34939
26.4421	6.51605
26.4427	6.68272
26.4449	6.84939
26.4748	7.01605
26.4761	7.15891
26.4815	7.30177
26.4848	7.44463
26.5213	7.58748
26.5234	7.73034
26.5253	7.8732
26.5262	8.01605
26.5711	8.14105
26.5731	8.26605
26.5744	8.39105
26.578	8.51605
26.5793	8.64105
26.6201	8.76605
26.6283	8.89105
26.629	9.01605
26.6304	9.12717
26.633	9.23828
26.6338	9.34939
26.6357	9.4605
26.6482	9.57161
26.6496	9.68272
26.6748	9.79383
26.6762	9.90494
26.6791	10.0161
26.6807	10.1161
26.6814	10.2161
26.6822	10.3161
26.6957	10.4161
26.6967	10.5161
26.7148	10.6161
26.7163	10.7161
26.7184	10.8161
26.7211	10.9161
26.7231	11.0161
26.7575	11.107
26.7612	11.1979
26.7616	11.2888
26.7623	11.3797
26.763	11.4706
26.7643	11.5615
26.7952	11.6524
26.7971	11.7433
26.7985	11.8342
26.7993	11.9251
26.802	12.0161
26.804	12.0994
26.8207	12.1827
26.8214	12.2661
26.8222	12.3494
26.8257	12.4327
26.8277	12.5161
26.8289	6.25803
26.8326	6.42469
26.836	6.59136
26.8591	6.75803
26.8596	6.92469
26.8604	7.09136
26.8629	7.23422
26.8651	7.37707
26.8724	7.51993
26.8815	7.66279
26.9001	7.80565
26.9056	7.9485
26.9064	8.09136
26.9092	8.21636
26.9184	8.34136
26.9219	8.46636
26.9343	8.59136
26.9397	8.71636
26.9423	8.84136
26.9442	8.96636
26.9453	9.09136
26.9601	9.20247
26.9633	9.31358
26.9637	9.42469
26.972	9.5358
26.9782	9.64692
26.9816	9.75803
26.9832	9.86914
26.9968	9.98025
26.9992	10.0914
26.9998	10.1914
27.0109	10.2914
27.012	10.3914
27.014	10.4914
27.0152	10.5914
27.0174	10.6914
27.0305	10.7914
27.0338	10.8914
27.0346	10.9914
27.0423	11.0914
27.0435	11.1823
27.0442	11.2732
27.0449	11.3641
27.0474	11.455
27.0556	11.5459
27.0643	11.6368
27.067	11.7277
27.0733	11.8186
27.076	11.9095
27.0773	12.0005
27.078	12.0838
27.0794	12.1671
27.087	12.2505
27.0916	12.3338
27.0921	12.4171
27.0933	12.5005
27.0966	12.5838
27.0982	12.6671
27.0995	12.7505
27.1008	12.8338
27.1063	12.9171
27.1107	6.45856
27.1183	6.62523
27.1244	6.79189
27.125	6.95856
27.1263	7.12523
27.1339	7.26808
27.1347	7.41094
27.1353	7.5538
27.136	7.69665
27.1367	7.83951
27.1387	7.98237
27.1639	8.12523
27.1653	8.25023
27.1659	8.37523
27.1666	8.50023
27.168	8.62523
27.1694	8.75023
27.1909	8.87523
27.1917	9.00023
27.1924	9.11134
27.1936	9.22245
27.1977	9.33356
27.2039	9.44467
27.2319	9.55578
27.2325	9.66689
27.2334	9.778
27.2338	9.88911
27.2364	10.0002
27.2367	10.1002
27.2394	10.2002
27.249	10.3002
27.2723	5.15011
27.2764	5.35011
27.277	5.55011
27.2777	5.75011
27.2783	5.95011
27.2807	6.15011
27.2821	6.31678
27.2853	6.48345
27.2892	6.65011
27.3249	6.81678
27.3273	6.98345
27.3328	7.15011
27.3401	7.29297
27.3479	7.43583
27.3751	7.57868
27.3778	7.72154
27.3792	7.8644
27.3798	3.9322
27.3882	4.26553
27.3915	4.51553
27.3954	4.76553
27.4228	5.01553
27.4255	5.21553
27.4271	5.41553
27.4433	5.61553
27.4804	5.81553
27.4804	6.01553
27.4807	6.1822
27.4814	6.34887
27.498	6.51553
27.5434	6.6822
27.544	6.84887
27.5453	7.01553
27.5465	7.15839
27.5479	7.30125
27.5577	7.4441
27.6017	7.58696
27.6045	7.72982
27.6103	7.87268
27.6109	8.01553
27.612	8.14053
27.6133	8.26553
27.6196	8.39053
27.6589	8.51553
27.6711	8.64053
27.6756	8.76553
27.6776	8.89053
27.6789	9.01553
27.6795	9.12664
27.6856	9.23775
27.6877	9.34887
27.7176	9.45998
27.7257	9.57109
27.7305	4.78554
27.7317	5.03554
27.7325	5.23554
27.7344	5.43554
27.7357	5.63554
27.7364	5.83554
27.7379	6.03554
27.7675	6.20221
27.7763	6.36888
27.7797	6.53554
27.7802	6.70221
27.7823	6.86888
27.8057	7.03554
27.8078	7.1784
27.8175	7.32126
27.821	7.46412
27.823	7.60697
27.8238	7.74983
27.8455	7.89269
27.8546	8.03554
27.8554	8.16054
27.8561	8.28554
27.8566	8.41054
27.8889	8.53554
27.8896	8.66054
27.8909	8.78554
27.8921	8.91054
27.8922	9.03554
27.9146	9.14666
27.918	9.25777
27.9187	9.36888
27.9201	9.47999
27.9207	9.5911
27.9215	9.70221
27.9437	9.81332
27.9454	9.92443
27.9456	10.0355
27.9477	10.1355
27.9498	10.2355
27.9508	10.3355
27.9715	10.4355
27.9727	10.5355
27.9734	10.6355
27.9754	10.7355
27.9789	10.8355
27.9797	10.9355
27.9963	11.0355
27.9983	11.1265
28.0031	11.2174
28.0033	11.3083
28.0045	11.3992
28.0079	5.69959
28.0178	5.89959
28.0198	6.09959
28.0239	6.26626
28.0275	6.43292
28.0295	6.59959
28.0309	6.76626
28.0567	6.93292
28.06	7.09959
28.0666	7.24245
28.0849	7.3853
28.0935	7.52816
28.0959	7.67102
28.0972	7.81388
28.0993	7.95673
28.1161	8.09959
28.1267	8.22459
28.1322	8.34959
28.1329	8.47459
28.1344	8.59959
28.1578	8.72459
28.159	8.84959
28.1618	8.97459
28.1654	9.09959
28.166	9.2107
28.1675	9.32181
28.1814	9.43292
28.1888	9.54403
28.1894	9.65515
28.1942	9.76626
28.1969	9.87737
28.1976	9.98848
28.1997	10.0996
28.2017	10.1996
28.2139	10.2996
28.2177	10.3996
28.2259	10.4996
28.2273	10.5996
28.2287	10.6996
28.2322	10.7996
28.2348	10.8996
28.2369	10.9996
28.239	11.0996
28.2439	11.1905
28.2549	11.2814
28.2641	11.3723
28.2737	11.4632
28.2754	11.5541
28.2774	11.645
28.2832	11.736
28.2853	11.8269
28.2866	11.9178
28.2887	12.0087
28.2908	12.092
28.2936	12.1753
28.3133	12.2587
28.3226	12.342
28.3247	12.4253
28.3267	12.5087
28.3288	12.592
28.3308	12.6753
28.3329	12.7587
28.335	12.842
28.3371	12.9253
28.3392	13.0087
28.3406	13.0856
28.362	13.1625
28.3682	13.2395
28.3724	13.3164
28.3759	13.3933
28.377	13.4702
28.3779	13.5471
28.3796	13.6241
28.3821	13.701
28.3867	13.7779
28.3879	13.8548
28.39	13.9318
28.3913	14.0087
28.4094	14.0801
28.4116	14.1515
28.4169	14.223
28.4217	14.2944
28.4237	14.3658
28.4246	14.4373
28.4268	14.5087
28.4291	14.5801
28.4298	14.6515
28.4508	14.723
28.4515	14.7944
28.4559	14.8658
28.461	7.43291
28.4658	7.57577
28.4683	7.71863
28.47	7.86148
28.4716	8.00434
28.4724	8.12934
28.4733	8.25434
28.4872	8.37934
28.4941	8.50434
28.4995	8.62934
28.5076	8.75434
28.5194	8.87934
28.5288	9.00434
28.5338	9.11545
28.5407	9.22656
28.5554	9.33767
28.5637	9.44879
28.5644	9.5599
28.5676	9.67101
28.5899	9.78212
28.5934	9.89323
28.5941	10.0043
28.6041	10.1043
28.6152	5.05217
28.616	5.25217
28.6252	5.45217
28.6259	5.65217
28.6279	5.85217
28.6302	6.05217
28.6308	6.21884
28.6328	6.3855
28.6446	6.55217
28.6628	6.71884
28.6633	6.8855
28.6657	7.05217
28.6708	7.19503
28.6797	7.33788
28.6996	7.48074
28.7	7.6236
28.7011	7.76646
28.7015	7.90931
28.703	8.05217
28.7095	8.17717
28.7346	8.30217
28.7356	8.42717
28.739	8.55217
28.7397	8.67717
28.7405	8.80217
28.7412	8.92717
28.7418	9.05217
28.7662	9.16328
28.7671	9.27439
28.7736	9.3855
28.7744	9.49661
28.7755	9.60773
28.777	9.71884
28.7776	9.82995
28.779	9.94106
28.7804	10.0522
28.7974	10.1522
28.8002	10.2522
28.8037	10.3522
28.8045	10.4522
28.8052	10.5522
28.806	10.6522
28.8089	10.7522
28.8098	10.8522
28.8108	10.9522
28.8122	11.0522
28.8228	11.1431
28.8273	11.234
28.8332	11.3249
28.8348	11.4158
28.8366	11.5067
28.8387	11.5976
28.843	11.6885
28.8437	11.7794
28.8458	11.8704
28.8464	11.9613
28.8548	12.0522
28.8574	12.1355
28.8595	12.2188
28.8629	12.3022
28.8668	12.3855
28.8709	12.4688
28.8767	12.5522
28.8781	12.6355
28.8789	12.7188
28.8796	12.8022
28.8871	12.8855
28.8879	12.9688
28.8898	13.0522
28.8937	13.1291
28.8945	13.206
28.8952	13.2829
28.8984	13.3599
28.9046	13.4368
28.9094	13.5137
28.9095	13.5906
28.9103	13.6676
28.9199	13.7445
28.9212	13.8214
28.9234	13.8983
28.9248	13.9752
28.927	14.0522
28.9287	14.1236
28.9294	14.195
28.9302	14.2665
28.9383	14.3379
28.9406	14.4093
28.9445	14.4807
28.9458	14.5522
28.9506	14.6236
28.954	7.3118
28.9562	7.45466
28.9583	7.59751
28.9637	7.74037
28.9644	7.88323
28.965	8.02609
28.9659	8.15109
28.9677	8.27609
28.9764	8.40109
28.9786	8.52609
28.9824	8.65109
28.985	8.77609
28.9894	8.90109
29.0015	9.02609
29.0027	9.1372
29.0128	9.24831
29.0156	9.35942
29.0185	9.47053
29.0213	9.58164
29.0395	9.69275
29.0399	9.80386
29.0413	9.91497
29.0455	10.0261
29.0481	10.1261
29.0527	10.2261
29.056	10.3261
29.0733	10.4261
29.0742	10.5261
29.0764	10.6261
29.0773	10.7261
29.0774	10.8261
29.0791	10.9261
29.0821	11.0261
29.086	5.51304
29.1052	5.71304
29.108	5.91304
29.1097	6.11304
29.1104	6.27971
29.1112	6.44638
29.1142	6.61304
29.1398	6.77971
29.167	6.94638
29.191	7.11304
29.2037	7.2559
29.2147	7.39876
29.2162	7.54161
29.2385	7.68447
29.2453	7.82733
29.2459	7.97019
29.2724	8.11304
29.2748	8.23804
29.2764	8.36304
29.3038	8.48804
29.3048	8.61304
29.3063	8.73804
29.3128	8.86304
29.3135	8.98804
29.319	4.49402
29.3239	4.74402
29.3254	4.99402
29.3263	5.24402
29.3328	5.44402
29.3335	5.64402
29.3469	5.84402
29.3475	6.04402
29.3491	6.21069
29.3513	6.37735
29.3527	6.54402
29.3678	6.71069
29.3699	6.87735
29.3719	7.04402
29.3762	7.18688
29.3891	7.32974
29.3898	7.47259
29.3952	7.61545
29.4016	7.75831
29.4175	7.90116
29.4189	8.04402
29.4264	8.16902
29.4301	8.29402
29.4344	8.41902
29.4465	8.54402
29.4486	8.66902
29.4507	8.79402
29.4571	8.91902
29.4577	9.04402
29.4601	9.15513
29.4673	9.26624
29.4729	9.37735
29.4784	9.48847
29.486	9.59958
29.4865	9.71069
29.488	9.8218
29.4901	9.93291
29.4946	10.044
29.5001	10.144
29.5056	10.244
29.5071	10.344
29.5076	10.444
29.5104	10.544
29.5132	10.644
29.5282	10.744
29.5294	10.844
29.5343	10.944
29.5371	11.044
29.5391	11.1349
29.5404	11.2258
29.5417	11.3167
29.5455	11.4077
29.562	11.4986
29.5646	11.5895
29.5685	11.6804
29.5726	11.7713
29.574	11.8622
29.5754	11.9531
29.5788	12.044
29.5809	6.02201
29.5825	6.18868
29.5979	6.35534
29.6001	6.52201
29.6033	6.68868
29.6058	6.85534
29.6086	7.02201
29.6113	7.16487
29.64	7.30772
29.6414	7.45058
29.6441	7.59344
29.6701	7.7363
29.6718	7.87915
29.6742	8.02201
29.6953	8.14701
29.6961	8.27201
29.6969	8.39701
29.6976	8.52201
29.7016	8.64701
29.7194	8.77201
29.7239	8.89701
29.7251	9.02201
29.7258	9.13312
29.7279	9.24423
29.7459	9.35534
29.751	9.46646
29.7535	9.57757
29.7548	9.68868
29.7556	9.79979
29.7566	9.9109
29.768	10.022
29.7737	10.122
29.7774	10.222
29.7805	10.322
29.7823	10.422
29.7842	10.522
29.7856	10.622
29.7984	10.722
29.7992	10.822
29.8003	10.922
29.8033	11.022
29.808	11.1129
29.8089	11.2038
29.8119	11.2947
29.8127	11.3856
29.8146	11.4766
29.817	11.5675
29.8397	11.6584
29.8415	11.7493
29.8438	11.8402
29.8455	11.9311
29.8462	12.022
29.8471	12.1053
29.8477	12.1887
29.8535	12.272
29.8551	12.3553
29.8566	12.4387
29.8572	12.522
29.88	12.6053
29.8821	12.6887
29.8842	12.772
29.8857	12.8553
29.8865	12.9387
29.887	13.022
29.8884	13.0989
29.8898	13.1759
29.8991	13.2528
29.9004	13.3297
29.9015	13.4066
29.9023	13.4835
29.9282	13.5605
29.9301	13.6374
29.9322	13.7143
29.933	13.7912
29.9338	13.8682
29.9342	13.9451
29.9357	14.022
29.9362	14.0934
29.9377	14.1649
29.9441	14.2363
29.9447	14.3077
29.9459	14.3792
29.9466	14.4506
29.9743	14.522
29.9756	14.5934
29.9784	14.6649
29.9803	14.7363
29.981	14.8077
29.9816	14.8792
29.9823	14.9506
29.9838	15.022
29.9845	15.0887
29.9858	15.1553
29.9913	15.222
29.9925	15.2887
29.9954	15.3553
29.9961	15.422
30.0183	15.4887
30.0197	15.5553
30.0225	15.622
30.0237	15.6887
30.0253	15.7553
30.0259	15.822
30.0273	15.8887
30.028	15.9553
30.0288	16.022
30.0295	16.0845
30.0316	16.147
30.0357	16.2095
30.0377	16.272
30.0406	16.3345
30.0417	16.397
30.0639	16.4595
30.0676	16.522
30.0695	16.5845
30.071	16.647
30.0731	16.7095
30.0738	16.772
30.0746	16.8345
30.0753	16.897
30.0759	16.9595
30.0766	17.022
30.0787	17.0808
30.0825	17.1397
30.089	17.1985
30.1055	17.2573
30.108	17.3161
30.11	17.375
30.111	17.4338
30.1141	17.4926
30.1161	17.5514
30.118	17.6102
30.1203	17.6691
30.1214	17.7279
30.1221	17.7867
30.1428	17.8455
30.1455	17.9044
30.1461	17.9632
30.1469	18.022
30.1474	18.0776
30.1483	18.1331
30.1495	18.1887
30.151	18.2442
30.1516	18.2998
30.155	18.3553
30.1676	18.4109
30.1735	18.4665
30.1738	18.522
30.177	18.5776
30.1881	18.6331
30.1893	18.6887
30.1924	18.7442
30.2262	9.37212
30.3866	9.48323
30.3873	9.59434
30.3883	9.70545
30.3903	9.81656
30.4097	9.92767
30.4111	10.0388
30.4125	10.1388
30.4184	10.2388
30.4191	10.3388
30.4372	10.4388
30.4385	10.5388
30.4392	10.6388
30.4413	10.7388
30.4596	10.8388
30.4631	10.9388
30.4785	11.0388
30.4833	11.1297
30.495	11.2206
30.4984	11.3115
30.5019	11.4024
30.5142	11.4933
30.5157	11.5842
30.52	11.6751
30.5357	11.7661
30.5388	11.857
30.5518	11.9479
30.5531	12.0388
30.568	12.1221
30.5719	12.2054
30.5734	12.2888
30.5845	12.3721
30.5956	12.4554
30.614	12.5388
30.6277	12.6221
30.6456	12.7054
30.6625	12.7888
30.6822	12.8721
30.7013	12.9554
30.72	6.47772
30.7209	6.64439
30.8164	6.81106
30.8222	6.97772
30.8343	7.14439
30.8412	7.28725
30.8527	7.43011
30.8547	7.57296
30.8575	7.71582
30.8622	7.85868
30.8637	8.00153
30.8643	8.12653
30.8752	8.25153
30.8818	8.37653
30.8828	8.50153
30.883	8.62653
30.8848	8.75153
30.8882	8.87653
30.8923	9.00153
30.893	9.11265
30.8945	9.22376
30.897	9.33487
30.8985	9.44598
30.8999	9.55709
30.9034	9.6682
30.9041	9.77931
30.9047	9.89042
30.9077	10.0015
30.9088	10.1015
30.9096	10.2015
30.9172	10.3015
30.9188	10.4015
30.9202	10.5015
30.923	10.6015
30.9237	10.7015
30.9253	10.8015
30.9259	10.9015
30.9332	11.0015
30.9359	11.0924
30.9374	11.1834
30.9393	11.2743
30.9406	11.3652
30.9441	11.4561
30.9455	11.547
30.953	11.6379
30.9544	11.7288
30.955	11.8197
30.9588	11.9106
30.9607	12.0015
30.9621	12.0849
30.9705	12.1682
30.9719	12.2515
30.9732	12.3349
30.9773	12.4182
30.9794	12.5015
30.9835	12.5849
30.9863	12.6682
30.9948	12.7515
31.0002	12.8349
31.0012	12.9182
31.005	13.0015
31.0167	13.0785
31.0203	13.1554
31.0219	13.2323
31.0228	13.3092
31.0368	13.3861
31.0403	13.4631
31.046	13.54
31.0468	13.6169
31.0474	13.6938
31.0575	13.7708
31.064	13.8477
31.0742	13.9246
31.0803	14.0015
31.0965	14.073
31.0973	14.1444
31.1128	14.2158
31.1134	14.2872
31.1278	14.3587
31.1287	14.4301
31.1427	14.5015
31.1431	7.25077
31.1551	7.39362
31.218	7.53648
31.2317	7.67934
31.2451	7.8222
31.2641	7.96505
31.2743	8.10791
31.2766	8.23291
31.278	8.35791
31.2843	8.48291
31.2917	8.60791
31.294	8.73291
31.2962	8.85791
31.2992	8.98291
31.3001	9.10791
31.3069	9.21902
31.309	9.33013
31.3102	9.44124
31.3138	9.55235
31.318	9.66347
31.3193	9.77458
31.32	9.88569
31.3275	9.9968
31.3329	10.1079
31.3356	10.2079
31.3387	10.3079
31.3404	10.4079
31.3413	10.5079
31.3505	10.6079
31.3566	10.7079
31.3573	10.8079
31.3593	10.9079
31.3618	11.0079
31.363	11.0988
31.3646	11.1897
31.3757	11.2806
31.3777	11.3715
31.3785	11.4625
31.3808	11.5534
31.3823	11.6443
31.3828	11.7352
31.3843	11.8261
31.3995	11.917
31.4009	12.0079
31.4028	12.0912
31.4057	12.1746
31.4076	12.2579
31.4083	12.3412
31.4091	12.4246
31.4212	12.5079
31.425	12.5912
31.4264	12.6746
31.4284	12.7579
31.441	12.8412
31.4452	12.9246
31.4466	13.0079
31.4481	13.0848
31.4607	13.1618
31.4628	13.2387
31.4634	13.3156
31.465	13.3925
31.4663	13.4694
31.4669	13.5464
31.4795	13.6233
31.4816	13.7002
31.4837	13.7771
31.4844	13.8541
31.4851	13.931
31.4872	14.0079
31.5007	14.0793
31.5038	14.1508
31.5044	14.2222
31.5051	14.2936
31.5066	14.3651
31.5079	14.4365
31.5086	14.5079
31.5155	14.5793
31.5156	7.28967
31.5194	7.43253
31.5207	7.57538
31.5227	7.71824
31.5236	7.8611
31.5241	8.00396
31.5249	8.12896
31.5361	8.25396
31.5393	8.37896
31.552	8.50396
31.5545	8.62896
31.5686	8.75396
31.5737	8.87896
31.5903	9.00396
31.6099	9.11507
31.6115	9.22618
31.6294	9.33729
31.6304	9.4484
31.6328	9.55951
31.6477	9.67062
31.6481	9.78173
31.6497	9.89284
31.7541	10.004
31.7743	10.104
31.7751	10.204
31.7775	5.10198
31.7795	5.30198
31.7925	5.50198
31.7935	5.70198
31.8239	5.90198
31.8354	6.10198
31.8415	6.26864
31.8583	6.43531
31.8593	6.60198
31.8623	6.76864
31.8704	6.93531
31.8725	7.10198
31.8783	7.24483
31.8816	7.38769
31.8825	7.53055
31.8858	7.67341
31.8895	7.81626
31.891	7.95912
31.8924	8.10198
31.9018	8.22698
31.9058	8.35198
31.907	8.47698
31.9077	8.60198
31.9109	8.72698
31.9128	8.85198
31.9143	8.97698
31.9214	9.10198
31.9231	9.21309
31.9244	9.3242
31.9257	9.43531
31.9305	9.54642
31.9321	9.65753
31.9337	9.76864
31.9387	9.87976
31.9406	9.99087
31.9434	10.102
31.9441	10.202
31.9466	10.302
31.9517	10.402
31.9576	10.502
31.9584	10.602
31.9626	10.702
31.966	10.802
31.9709	10.902
31.9726	11.002
31.9747	11.0929
31.9756	11.1838
31.9778	11.2747
31.9798	11.3656
31.9865	11.4565
31.9901	11.5474
31.9944	11.6383
31.9975	11.7293
31.9982	11.8202
32.0002	11.9111
32.0018	12.002
32.0038	12.0853
32.0046	12.1686
32.0083	12.252
32.013	12.3353
32.0205	12.4186
32.0237	12.502
32.026	12.5853
32.0273	12.6686
32.028	12.752
32.0287	12.8353
32.0321	12.9186
32.0328	13.002
32.0363	13.0789
32.0405	13.1558
32.0465	13.2327
32.049	13.3097
32.0503	13.3866
32.0525	13.4635
32.0538	13.5404
32.0549	13.6174
32.0596	13.6943
32.0619	13.7712
32.0627	13.8481
32.0658	13.9251
32.07	14.002
32.0756	14.0734
32.0769	14.1448
32.0805	14.2163
32.0829	14.2877
32.0837	14.3591
32.0855	14.4305
32.0876	14.502
32.0906	14.5734
32.0914	14.6448
32.0966	14.7163
32.0996	7.35813
32.1004	7.50099
32.1019	7.64385
32.1087	7.7867
32.1097	7.92956
32.1115	8.07242
32.1136	8.19742
32.1142	8.32242
32.1165	8.44742
32.1198	8.57242
32.1229	8.69742
32.1252	8.82242
32.1257	8.94742
32.1386	9.07242
32.1392	9.18353
32.14	9.29464
32.1435	9.40575
32.1459	9.51686
32.1477	9.62797
32.1494	9.73908
32.1647	9.8502
32.1676	9.96131
32.1688	10.0724
32.1702	10.1724
32.1731	10.2724
32.1736	10.3724
32.1758	10.4724
32.1771	10.5724
32.1853	10.6724
32.1937	10.7724
32.197	10.8724
32.2004	10.9724
32.202	11.0724
32.2035	11.1633
32.2054	11.2542
32.2064	11.3451
32.2087	11.4361
32.2148	11.527
32.2234	11.6179
32.2278	11.7088
32.229	11.7997
32.2304	11.8906
32.2324	11.9815
32.2344	12.0724
32.2355	12.1558
32.2375	12.2391
32.2403	12.3224
32.2456	12.4058
32.2517	12.4891
32.2561	12.5724
32.2588	12.6558
32.2617	12.7391
32.2636	12.8224
32.265	12.9058
32.2664	12.9891
32.2696	13.0724
32.2716	13.1493
32.2737	13.2263
32.2772	13.3032
32.2848	13.3801
32.288	13.457
32.2888	13.534
32.2894	13.6109
32.2932	13.6878
32.2945	13.7647
32.2952	13.8416
32.2979	13.9186
32.2992	13.9955
32.3003	14.0724
32.3011	14.1438
32.3064	14.2153
32.319	14.2867
32.3283	14.3581
32.3289	14.4296
32.3295	14.501
32.3303	14.5724
32.3309	14.6438
32.3324	14.7153
32.3344	14.7867
32.3585	14.8581
32.3592	14.9296
32.3599	15.001
32.3606	15.0677
32.3612	15.1343
32.364	15.201
32.3655	15.2677
32.3814	7.63383
32.3871	7.77668
32.3886	7.91954
32.3892	8.0624
32.3912	8.1874
32.3927	8.3124
32.394	8.4374
32.3968	8.5624
32.3982	8.6874
32.4233	8.8124
32.4258	8.9374
32.4521	9.0624
32.4535	9.17351
32.4752	9.28462
32.476	9.39573
32.4766	9.50684
32.4998	9.61795
32.5011	9.72907
32.5018	9.84018
32.5161	9.95129
32.5269	10.0624
32.5285	10.1624
32.5303	10.2624
32.5326	10.3624
32.5456	10.4624
32.553	10.5624
32.5553	10.6624
32.5559	10.7624
32.5566	10.8624
32.5587	10.9624
32.5612	11.0624
32.5715	11.1533
32.5782	11.2442
32.5823	11.3351
32.5831	11.426
32.5843	11.5169
32.5867	11.6079
32.5882	11.6988
32.5899	11.7897
32.6	11.8806
32.6064	11.9715
32.6091	12.0624
32.6105	12.1457
32.6126	12.2291
32.6148	12.3124
32.6173	12.3957
32.6267	12.4791
32.7038	6.23953
32.7148	6.4062
32.7172	6.57287
32.7246	6.73953
32.795	6.9062
