time	cwndsize
0.278625	11
0.280504	12
0.28109	13
0.282829	14
0.283957	15
0.285587	16
0.286837	17
0.288833	18
0.289506	19
0.290209	20
0.291569	21
0.293716	22
0.299622	23
0.302851	24
0.313763	25
0.317112	26
0.321441	27
0.32191	28
0.325447	29
0.327473	30
0.333403	31
0.335784	32
0.336656	33
0.338208	34
0.339177	35
0.340547	36
0.348383	37
0.349549	38
0.351567	39
0.352344	40
0.355018	41
0.355762	42
0.360705	43
0.363291	44
0.401688	45
0.403934	46
0.407498	47
0.409572	48
0.414958	49
0.41648	50
0.424382	51
0.426328	52
0.428114	53
0.428984	54
0.430474	55
0.43185	56
0.433519	57
0.433717	58
0.433759	59
0.435192	60
0.437239	61
0.438651	62
0.43983	63
0.440871	64
0.441023	65
0.441605	66
0.443504	67
0.444799	68
0.446863	69
0.448288	70
0.457521	71
0.459909	72
0.46356	73
0.464853	74
0.469053	75
0.470473	76
0.472476	77
0.473012	78
0.476546	79
0.480158	80
0.484972	81
0.487549	82
0.488924	83
0.515702	84
0.537058	85
0.540453	86
0.543906	87
0.548789	88
0.564646	89
0.565288	90
0.574247	91
0.575559	92
0.576961	93
0.578839	94
0.581126	95
0.5832	96
0.583898	97
0.585259	98
0.603381	99
0.604036	100
0.604655	101
0.606005	102
0.606672	103
0.60731	104
0.608666	105
0.609424	106
0.610955	107
0.612091	108
0.612886	109
0.613486	110
0.615641	111
0.617612	112
0.619092	113
0.619847	56.5
0.62115	56.5179
0.622485	56.5357
0.623938	56.5536
0.624519	56.5714
0.626073	56.5893
0.626892	56.6071
0.627318	56.625
0.627981	56.6429
0.62869	56.6607
0.634875	56.6786
0.635584	56.6964
0.636434	56.7143
0.638738	56.7321
0.642498	56.75
0.643034	56.7679
0.644173	56.7857
0.644319	56.8036
0.644361	56.8214
0.644385	56.8393
0.644493	56.8571
0.644838	56.875
0.669122	56.8929
0.670361	56.9107
0.671228	56.9286
0.671898	56.9464
0.672496	56.9643
0.678667	56.9821
0.680222	57
0.68088	57.0175
0.684418	57.0351
0.686449	57.0526
0.687113	57.0702
0.687695	57.0877
0.688672	57.1053
0.691304	57.1228
0.692275	57.1404
0.69264	57.1579
0.693459	57.1754
0.698889	57.193
0.700991	57.2105
0.702362	57.2281
0.713982	57.2456
0.714681	57.2632
0.715428	57.2807
0.716128	57.2982
0.717397	57.3158
0.718236	57.3333
0.719562	57.3509
0.720382	57.3684
0.723199	57.386
0.727912	57.4035
0.72986	57.4211
0.730546	57.4386
0.732805	57.4561
0.735523	57.4737
0.740346	57.4912
0.741723	57.5088
0.743019	57.5263
0.743779	57.5439
0.745118	57.5614
0.74716	57.5789
0.74788	57.5965
0.74993	57.614
0.750642	57.6316
0.751522	57.6491
0.753023	57.6667
0.755343	57.6842
0.756389	57.7018
0.758158	57.7193
0.758969	57.7368
0.759677	57.7544
0.763753	57.7719
0.766642	57.7895
0.768661	57.807
0.769382	57.8246
0.770625	57.8421
0.775618	57.8596
0.776922	57.8772
0.778301	57.8947
0.788594	57.9123
0.789323	57.9298
0.791255	57.9474
0.792637	57.9649
0.794075	57.9825
0.796954	58
0.799026	58.0172
0.801012	58.0345
0.803086	58.0517
0.803772	58.069
0.806465	58.0862
0.807794	58.1034
0.809196	58.1207
0.810805	58.1379
0.81262	58.1552
0.820991	58.1724
0.82375	58.1897
0.827052	58.2069
0.901854	58.2241
0.905327	58.2414
0.906715	58.2586
0.907407	58.2759
0.909022	58.2931
0.912272	58.3103
0.912962	58.3276
0.915384	58.3448
0.915857	58.3621
0.916463	58.3793
0.91787	58.3966
0.918527	58.4138
0.919225	58.431
0.920681	58.4483
0.92136	58.4655
0.922807	58.4828
0.926519	58.5
0.926963	58.5172
0.928572	58.5345
0.929066	58.5517
0.929921	58.569
0.931197	58.5862
0.932785	58.6034
0.933645	58.6207
0.933841	58.6379
0.934919	58.6552
0.986942	58.6724
0.991728	58.6897
0.992919	58.7069
0.993734	58.7241
0.994306	58.7414
0.995774	58.7586
0.996512	58.7759
0.997066	58.7931
0.999914	58.8103
1.0013	58.8276
1.00252	58.8448
1.00456	58.8621
1.01291	58.8793
1.01718	58.8966
1.02037	58.9138
1.02341	58.931
1.0245	58.9483
1.03493	58.9655
1.03622	58.9828
1.0377	59
1.03917	59.0172
1.0411	59.0342
1.04316	59.0511
1.04379	59.0681
1.04446	59.085
1.0451	59.102
1.04656	59.1189
1.04724	59.1359
1.04929	59.1528
1.05482	59.1698
1.05958	59.1867
1.06092	59.2037
1.06652	59.2206
1.06778	59.2376
1.06987	59.2545
1.07207	59.2715
1.0726	59.2884
1.07815	59.3054
1.08085	59.3223
1.08766	59.3393
1.09049	59.3562
1.09319	59.3732
1.10004	59.3901
1.1014	59.4071
1.10483	59.424
1.1083	59.441
1.11103	59.4579
1.11789	59.4749
1.19299	59.4918
1.19586	59.5088
1.19722	59.5257
1.19873	59.5427
1.19984	59.5596
1.20124	59.5766
1.20326	59.5935
1.20401	59.6105
1.20599	59.6274
1.20814	59.6444
1.20878	59.6613
1.20955	59.6783
1.21018	59.6952
1.21092	59.7122
1.21223	59.7291
1.21427	29.8646
1.21563	29.899
1.21638	29.9335
1.23645	29.968
1.2529	30.0025
1.2551	30.0358
1.25777	30.0692
1.25833	30.1025
1.25906	30.1358
1.25991	30.1692
1.27833	30.2025
1.2784	30.2358
1.27893	30.2692
1.27956	30.3025
1.28024	30.3358
1.28144	30.3692
1.28218	30.4025
1.28386	30.4358
1.28494	30.4692
1.28651	30.5025
1.28772	30.5358
1.28912	30.5692
1.29047	30.6025
1.29195	30.6358
1.29337	30.6692
1.29488	30.7025
1.29623	30.7358
1.29773	30.7692
1.2992	30.8025
1.29962	30.8358
1.30166	30.8692
1.3029	30.9025
1.30429	30.9358
1.30511	30.9692
1.30584	31.0025
1.30846	31.0347
1.30991	31.067
1.31214	31.0993
1.31412	31.1315
1.31551	31.1638
1.31754	31.196
1.40143	31.2283
1.40214	31.2605
1.40291	31.2928
1.42013	31.3251
1.42076	31.3573
1.42153	31.3896
1.42209	31.4218
1.42281	31.4541
1.42363	31.4864
1.42424	31.5186
1.42511	31.5509
1.42628	31.5831
1.42693	31.6154
1.42967	31.6476
1.43108	31.6799
1.46499	31.7122
1.46565	31.7444
1.46718	31.7767
1.46838	31.8089
1.46929	31.8412
1.47281	31.8735
1.47532	15.9367
1.47612	16.0034
1.47762	16.0659
1.47814	16.1284
1.47935	16.1909
1.47973	16.2534
1.4803	16.3159
1.48115	16.3784
1.48195	16.4409
1.48251	16.5034
1.48327	16.5659
1.48381	16.6284
1.48447	16.6909
1.48594	16.7534
1.49202	16.8159
1.49282	16.8784
1.49312	16.9409
1.49766	17.0034
1.49839	17.0622
1.49928	17.121
1.49987	17.1799
1.50187	17.2387
1.51702	17.2975
1.51795	17.3563
1.51879	17.4152
1.51902	17.474
1.51991	17.5328
1.53443	17.5916
1.53638	17.6505
1.54837	17.7093
1.54971	17.7681
1.55819	17.8269
1.55969	17.8857
1.56124	17.9446
1.56578	18.0034
1.56789	18.0589
1.57152	18.1145
1.59761	18.1701
1.60102	18.2256
1.60502	18.2812
1.60988	18.3367
1.61273	18.3923
1.6147	18.4478
1.63545	18.5034
1.63622	18.5589
1.64881	18.6145
1.64942	18.6701
1.65642	18.7256
1.65783	18.7812
1.65983	18.8367
1.66331	18.8923
1.66406	18.9478
1.66681	19.0034
1.66763	19.056
1.67803	19.1087
1.6793	19.1613
1.68077	19.2139
1.68214	19.2666
1.68343	19.3192
1.68411	19.3718
1.68568	9.68591
1.6863	9.79702
1.69181	9.90813
1.69261	10.0192
1.69559	10.1192
1.69659	10.2192
1.69812	10.3192
1.69871	10.4192
1.70004	10.5192
1.70146	10.6192
1.70287	10.7192
1.70359	10.8192
1.72091	10.9192
1.72164	11.0192
1.7225	11.1101
1.72458	11.2011
1.72533	11.292
1.72662	11.3829
1.74591	11.4738
1.7487	11.5647
1.75005	11.6556
1.76023	11.7465
1.76099	11.8374
1.76221	11.9283
1.76439	12.0192
1.76574	12.1026
1.76641	12.1859
1.76712	12.2692
1.80201	12.3526
1.80439	12.4359
1.80546	12.5192
1.80955	12.6026
1.81779	12.6859
1.8192	12.7692
1.8212	12.8526
1.82399	12.9359
1.82611	13.0192
1.82898	13.0962
1.83239	13.1731
1.86973	13.25
1.87111	13.3269
1.87183	13.4039
1.87777	13.4808
1.87857	13.5577
1.88137	13.6346
1.88623	13.7115
1.88832	13.7885
1.89053	13.8654
1.89828	13.9423
1.90233	14.0192
1.90991	14.0907
1.91479	14.1621
1.97279	14.2335
1.97502	14.305
1.97551	14.3764
1.97628	14.4478
1.97683	14.5192
1.97958	14.5907
1.98654	14.6621
1.98992	14.7335
1.99834	14.805
2.001	14.8764
2.0107	14.9478
2.01498	15.0192
2.01973	15.0859
2.03069	15.1526
2.07033	15.2192
2.07592	15.2859
2.07995	15.3526
2.09379	15.4192
2.09582	15.4859
2.10268	15.5526
2.10623	15.6192
2.10972	15.6859
2.12206	15.7526
2.12352	15.8192
2.12955	15.8859
2.13044	15.9526
2.13162	16.0192
2.13578	16.0817
2.14421	16.1442
2.22891	16.2067
2.23368	16.2692
2.23716	16.3317
2.24184	16.3942
2.24329	16.4567
2.24479	16.5192
2.24599	16.5817
2.24737	16.6442
2.25578	16.7067
2.25705	16.7692
2.26267	16.8317
2.26391	16.8942
2.26542	16.9567
2.26669	17.0192
2.26761	17.0781
2.27042	17.1369
2.32285	17.1957
2.32364	17.2545
2.32555	17.3134
2.32998	17.3722
2.33657	17.431
2.34075	17.4898
2.34213	17.5487
2.34497	17.6075
2.34625	17.6663
2.34698	17.7251
2.34983	17.7839
2.35389	17.8428
2.35594	17.9016
2.35739	17.9604
2.35998	18.0192
2.36219	18.0748
2.36779	18.1304
2.43047	18.1859
2.43111	18.2415
2.43252	18.297
2.43301	18.3526
2.43991	18.4081
2.44144	18.4637
2.44207	18.5192
2.44403	18.5748
2.44535	18.6304
2.44966	18.6859
2.45043	18.7415
2.45441	18.797
2.45658	9.39851
2.45925	9.50962
2.45985	9.62073
2.46333	9.73184
2.46482	9.84295
2.50752	9.95406
2.50828	10.0652
2.50969	10.1652
2.51313	10.2652
2.516	10.3652
2.52281	10.4652
2.5263	10.5652
2.53246	10.6652
2.53662	10.7652
2.53932	10.8652
2.54201	10.9652
2.58668	11.0652
2.59354	11.1561
2.59496	5.57804
2.59707	5.77804
2.60187	5.97804
2.60589	6.17804
2.61899	6.34471
2.62114	6.51138
2.62306	6.67804
2.65079	6.84471
2.65164	7.01138
2.66031	7.15423
2.66689	7.29709
2.6695	3.64854
2.70096	3.98188
2.70159	4.31521
2.70289	4.56521
2.73444	4.81521
2.73595	5.06521
2.75283	5.26521
2.75333	5.46521
2.76426	5.66521
2.76843	5.86521
2.77042	6.06521
2.78756	6.23188
2.78833	6.39854
2.79589	6.56521
2.79645	6.73188
2.79796	6.89854
2.7987	7.06521
2.81243	7.20807
2.81273	7.35093
2.81565	7.49378
2.82052	7.63664
2.82277	7.7795
2.82447	7.92235
2.82529	8.06521
2.85169	8.19021
2.8518	8.31521
2.85436	8.44021
2.85751	8.56521
2.85812	8.69021
2.85877	8.81521
2.86164	8.94021
2.86294	9.06521
2.87846	9.17632
2.88071	9.28743
2.89017	9.39854
2.89452	9.50966
2.89497	9.62077
2.89568	9.73188
2.89735	9.84299
2.89844	9.9541
2.89919	10.0652
2.91414	10.1652
2.917	10.2652
2.92194	10.3652
2.92411	10.4652
2.92541	10.5652
2.92743	10.6652
2.9288	10.7652
2.93421	10.8652
2.93766	10.9652
2.93978	11.0652
2.94701	11.1561
2.94807	11.247
2.95242	11.3379
2.9538	11.4288
2.95454	11.5198
2.95666	11.6107
2.9576	11.7016
2.95948	11.7925
2.96224	11.8834
2.96523	11.9743
2.96638	12.0652
2.97258	12.1485
2.97537	12.2319
2.99044	12.3152
2.99258	12.3985
2.9932	12.4819
3.00418	12.5652
3.00583	12.6485
3.00787	12.7319
3.00849	12.8152
3.00916	12.8985
3.00997	12.9819
3.01045	13.0652
3.01468	13.1421
3.01753	13.2191
3.01806	13.296
3.01889	13.3729
3.01943	13.4498
3.02785	13.5268
3.03195	13.6037
3.03575	13.6806
3.04103	13.7575
3.04376	13.8344
3.04508	13.9114
3.04712	13.9883
3.04984	14.0652
3.05205	14.1366
3.05538	14.2081
3.05669	14.2795
3.06085	14.3509
3.06157	14.4224
3.07465	14.4938
3.07809	14.5652
3.07969	14.6366
3.08176	14.7081
3.08379	14.7795
3.08527	14.8509
3.08649	14.9224
3.08722	14.9938
3.08785	15.0652
3.08936	15.1319
3.09061	15.1985
3.0948	15.2652
3.10311	15.3319
3.10368	15.3985
3.11437	15.4652
3.11675	15.5319
3.11861	15.5985
3.12264	15.6652
3.12883	15.7319
3.13302	15.7985
3.1337	15.8652
3.13644	15.9319
3.1379	15.9985
3.13842	16.0652
3.13927	16.1277
3.13984	16.1902
3.14904	16.2527
3.15378	16.3152
3.15445	16.3777
3.15944	16.4402
3.15989	16.5027
3.16217	16.5652
3.16974	16.6277
3.17323	8.31386
3.17453	8.43886
3.17747	8.56386
3.17865	8.68886
3.18286	8.81386
3.18488	8.93886
3.18565	9.06386
3.18633	9.17497
3.187	9.28608
3.19268	9.39719
3.19607	9.5083
3.19747	9.61941
3.21013	9.73052
3.21349	9.84163
3.21691	9.95274
3.21829	10.0639
3.22402	10.1639
3.2247	10.2639
3.23146	10.3639
3.23537	10.4639
3.23667	10.5639
3.23874	10.6639
3.24289	10.7639
3.24638	10.8639
3.2503	10.9639
3.25161	11.0639
3.26947	11.1548
3.27079	11.2457
3.28189	11.3366
3.28393	11.4275
3.28483	11.5184
3.2875	11.6093
3.2888	11.7002
3.29113	11.7911
3.29171	11.882
3.2923	11.9729
3.3006	12.0639
3.30284	12.1472
3.31451	12.2305
3.31682	12.3139
3.32005	12.3972
3.3234	12.4805
3.3262	12.5639
3.32843	12.6472
3.33266	12.7305
3.33478	12.8139
3.34151	12.8972
3.34286	12.9805
3.34426	13.0639
3.3605	13.1408
3.36308	13.2177
3.36446	13.2946
3.36729	13.3715
3.36793	13.4485
3.37225	13.5254
3.37431	13.6023
3.37751	13.6792
3.38301	13.7562
3.38358	13.8331
3.38426	13.91
3.38708	13.9869
3.39745	14.0639
3.39875	14.1353
3.40082	14.2067
3.40509	14.2781
3.40841	14.3496
3.4253	14.421
3.42844	14.4924
3.42995	14.5639
3.43726	14.6353
3.44103	14.7067
3.44173	14.7781
3.44381	7.38907
3.45707	7.53193
3.45793	7.67479
3.459	7.81764
3.46193	7.9605
3.46659	8.10336
3.46944	8.22836
3.48274	8.35336
3.49578	8.47836
3.49737	8.60336
3.50279	8.72836
3.51202	8.85336
3.51228	8.97836
3.51711	9.10336
3.54297	9.21447
3.55279	9.32558
3.5535	9.43669
3.55712	9.5478
3.56976	9.65891
3.57632	9.77002
3.5764	9.88113
3.61003	9.99225
3.61898	10.1034
3.62123	10.2034
3.62312	10.3034
3.62522	10.4034
3.63223	10.5034
3.63284	10.6034
3.63487	10.7034
3.65866	10.8034
3.66916	10.9034
3.6725	11.0034
3.67528	11.0943
3.67593	11.1852
3.67681	11.2761
3.68559	11.367
3.68775	11.4579
3.68909	11.5488
3.71194	11.6397
3.71481	11.7306
3.71713	5.86531
3.71814	6.06531
3.71886	6.23198
3.71966	6.39865
3.72098	6.56531
3.72305	6.73198
3.72636	6.89865
3.72721	7.06531
3.73263	7.20817
3.76318	7.35103
3.76451	7.49389
3.76692	7.63674
3.77204	7.7796
3.77477	7.92246
3.77683	8.06531
3.77803	8.19031
3.80138	8.31531
3.81228	8.44031
3.81399	8.56531
3.81542	8.69031
3.81607	8.81531
3.81869	8.94031
3.81932	9.06531
3.82018	9.17643
3.83781	9.28754
3.84391	9.39865
3.84571	9.50976
3.85341	9.62087
3.85392	9.73198
3.8553	9.84309
3.85787	9.9542
3.85935	10.0653
3.8621	10.1653
3.87749	10.2653
3.88295	10.3653
3.88434	10.4653
3.88778	10.5653
3.88848	10.6653
3.88933	10.7653
3.89001	10.8653
3.89343	10.9653
3.89468	11.0653
3.89675	11.1562
3.92064	11.2471
3.92663	11.338
3.92724	11.429
3.9327	11.5199
3.93401	11.6108
3.93532	11.7017
3.93793	11.7926
3.9393	11.8835
3.93993	11.9744
3.94148	12.0653
3.94204	12.1486
3.96165	12.232
3.96927	12.3153
3.96964	12.3986
3.97537	12.482
3.97689	12.5653
3.97739	12.6486
3.97944	12.732
3.98292	12.8153
3.98524	12.8986
3.98701	12.982
3.99068	13.0653
3.99191	13.1422
4.01272	13.2192
4.01552	13.2961
4.01751	13.373
4.03204	13.4499
4.03346	13.5269
4.0355	13.6038
4.03671	13.6807
4.03751	13.7576
4.03821	13.8345
4.0389	13.9115
4.0399	13.9884
4.04101	14.0653
4.04514	14.1367
4.07714	14.2082
4.08067	14.2796
4.08195	14.351
4.08692	14.4225
4.08757	14.4939
4.09169	14.5653
4.09652	14.6367
4.10401	14.7082
4.10627	14.7796
4.10892	14.851
4.11045	14.9225
4.11235	14.9939
4.11307	15.0653
4.1145	15.132
4.13055	15.1986
4.13738	15.2653
4.13946	15.332
4.14576	15.3986
4.14698	15.4653
4.1488	15.532
4.14989	15.5986
4.15398	15.6653
4.1581	15.732
4.15938	15.7986
4.16024	15.8653
4.16293	15.932
4.16572	15.9986
4.16854	16.0653
4.1767	16.1278
4.18865	16.1903
4.19005	16.2528
4.19205	16.3153
4.20202	16.3778
4.20265	16.4403
4.20469	16.5028
4.20536	16.5653
4.20737	16.6278
4.2084	16.6903
4.20995	16.7528
4.21055	16.8153
4.21263	16.8778
4.21465	16.9403
4.21946	17.0028
4.22084	17.0616
4.22571	17.1205
4.24151	17.1793
4.24362	17.2381
4.24503	17.2969
4.25377	17.3558
4.25487	17.4146
4.26172	17.4734
4.26308	17.5322
4.26457	17.591
4.26578	17.6499
4.26944	17.7087
4.26995	17.7675
4.27064	17.8263
4.27222	17.8852
4.27281	17.944
4.27409	18.0028
4.27555	18.0584
4.27686	18.1139
4.28809	18.1695
4.2889	18.225
4.28963	18.2806
4.29576	18.3361
4.29789	9.16807
4.30347	9.27919
4.30358	9.3903
4.30415	9.50141
4.30499	9.61252
4.30563	9.72363
4.30628	9.83474
4.30976	9.94585
4.3111	10.057
4.31179	10.157
4.31406	10.257
4.31451	10.357
4.31674	10.457
4.3181	10.557
4.33448	10.657
4.33584	10.757
4.33658	10.857
4.33877	10.957
4.35584	11.057
4.35656	11.1479
4.35878	11.2388
4.36215	11.3297
4.36343	11.4206
4.36567	11.5115
4.3671	11.6024
4.36902	11.6933
4.36983	11.7842
4.3867	11.8751
4.39793	11.9661
4.39999	12.057
4.40147	12.1403
4.40734	12.2236
4.4086	12.307
4.41067	12.3903
4.41271	12.4736
4.41838	12.557
4.42254	12.6403
4.42468	12.7236
4.45158	12.807
4.46606	12.8903
4.46734	12.9736
4.4686	13.057
4.46998	13.1339
4.47134	13.2108
4.47214	13.2877
4.47292	13.3647
4.47482	13.4416
4.47564	13.5185
4.47691	13.5954
4.47899	13.6723
4.51731	13.7493
4.52154	13.8262
4.52214	13.9031
4.5229	13.98
4.52352	14.057
4.52428	14.1284
4.52488	14.1998
4.52569	14.2712
4.52716	14.3427
4.52781	14.4141
4.52924	14.4855
4.53193	14.557
4.53258	14.6284
4.5631	14.6998
4.57668	14.7712
4.57813	14.8427
4.5796	14.9141
4.58236	14.9855
4.58424	15.057
4.58579	15.1236
4.58696	15.1903
4.58846	15.257
4.58911	15.3236
4.59042	15.3903
4.59251	15.457
4.59453	15.5236
4.59532	15.5903
4.61956	15.657
4.62044	15.7236
4.62256	15.7903
4.62677	15.857
4.62879	15.9236
4.63512	15.9903
4.63561	16.057
4.63705	16.1195
4.63973	16.182
4.64256	16.2445
4.6439	16.307
4.64453	16.3695
4.64664	16.432
4.64949	16.4945
4.65152	16.557
4.67573	16.6195
4.67654	16.682
4.67787	16.7445
4.67988	16.807
4.68201	16.8695
4.68474	16.932
4.68683	8.46598
4.68879	8.59098
4.69097	8.71598
4.69168	8.84098
4.69582	8.96598
4.69721	9.09098
4.69776	9.20209
4.70132	9.3132
4.70809	9.42431
4.72484	9.53543
4.72843	9.64654
4.73171	9.75765
4.73465	9.86876
4.73676	9.97987
4.74085	10.091
4.76003	10.191
4.76479	10.291
4.76985	10.391
4.79703	10.491
4.7994	10.591
4.80252	10.691
4.80336	10.791
4.80544	10.891
4.80596	10.991
4.80804	11.091
4.81559	11.1819
4.81904	11.2728
4.82386	11.3637
4.8534	11.4546
4.85764	11.5455
4.85861	11.6364
4.85929	11.7273
4.86011	11.8183
4.86134	11.9092
4.86271	12.0001
4.86434	12.0834
4.86572	12.1667
4.86819	12.2501
4.87579	12.3334
4.90691	12.4167
4.91942	12.5001
4.92079	12.5834
4.92289	12.6667
4.92361	12.7501
4.92418	12.8334
4.92834	12.9167
4.92971	13.0001
4.93106	13.077
4.93214	13.1539
4.93348	13.2308
4.93358	13.3078
4.96706	13.3847
4.98491	13.4616
4.98547	13.5385
4.98752	13.6155
4.98889	13.6924
4.98973	13.7693
4.99454	13.8462
4.99699	13.9231
4.99707	14.0001
4.99856	14.0715
5.00055	14.1429
5.00072	14.2144
5.00078	14.2858
5.03412	14.3572
5.05489	14.4286
5.05563	14.5001
5.05831	14.5715
5.06056	14.6429
5.06117	14.7144
5.06587	14.7858
5.06801	14.8572
5.07011	14.9286
5.0715	15.0001
5.07413	15.0667
5.07564	15.1334
5.07647	15.2001
5.07699	15.2667
5.10814	15.3334
5.12845	15.4001
5.12924	15.4667
5.13043	15.5334
5.13233	15.6001
5.13521	15.6667
5.13648	15.7334
5.13716	15.8001
5.13935	15.8667
5.1414	15.9334
5.14211	16.0001
5.14368	16.0626
5.14547	16.1251
5.14694	16.1876
5.14756	16.2501
5.18643	16.3126
5.20066	16.3751
5.20228	16.4376
5.20301	16.5001
5.20381	16.5626
5.20436	16.6251
5.20559	16.6876
5.20777	16.7501
5.21113	16.8126
5.21603	16.8751
5.21942	16.9376
5.22218	17.0001
5.22702	17.0589
5.2276	17.1177
5.22968	17.1765
5.23249	17.2354
5.24932	17.2942
5.25758	17.353
5.25897	17.4118
5.2638	17.4707
5.26865	17.5295
5.2693	17.5883
5.26996	17.6471
5.27095	17.706
5.2735	17.7648
5.27535	17.8236
5.27583	17.8824
5.27608	17.9412
5.27624	18.0001
5.27644	18.0556
5.27682	18.1112
5.27771	18.1667
5.28041	18.2223
5.29747	18.2779
5.30966	18.3334
5.32058	18.389
5.32325	18.4445
5.32538	18.5001
5.32611	18.5556
5.3274	18.6112
5.32807	18.6667
5.33151	18.7223
5.33238	18.7779
5.33297	18.8334
5.33539	18.889
5.33664	18.9445
5.33737	19.0001
5.33889	19.0527
5.3391	19.1053
5.33969	19.158
5.34022	19.2106
5.34321	19.2632
5.35896	19.3159
5.36104	19.3685
5.36228	19.4211
5.3637	19.4738
5.36591	19.5264
5.36851	19.579
5.37186	19.6317
5.37528	19.6843
5.37614	19.7369
5.37667	19.7895
5.37947	19.8422
5.38356	19.8948
5.3844	19.9474
5.387	20.0001
5.39542	20.0501
5.39668	20.1001
5.39805	20.1501
5.40181	20.2001
5.40312	20.2501
5.42735	20.3001
5.42876	20.3501
5.43164	20.4001
5.43381	20.4501
5.4359	20.5001
5.438	20.5501
5.44002	20.6001
5.4408	20.6501
5.44279	20.7001
5.44421	20.7501
5.45044	20.8001
5.45256	20.8501
5.45323	20.9001
5.45596	20.9501
5.45865	21.0001
5.46632	21.0477
5.46722	21.0953
5.46837	21.1429
5.47075	21.1905
5.47477	21.2382
5.50443	21.2858
5.50897	21.3334
5.5138	21.381
5.51592	21.4286
5.51791	21.4763
5.52076	21.5239
5.52269	21.5715
5.52409	21.6191
5.52548	21.6667
5.52751	21.7144
5.52889	21.762
5.53028	21.8096
5.5325	21.8572
5.5339	21.9048
5.53522	21.9525
5.53667	22.0001
5.53804	22.0455
5.53861	22.091
5.54071	22.1364
5.54983	22.1819
5.57536	22.2273
5.57617	22.2728
5.5767	22.3183
5.57717	22.3637
5.57752	22.4092
5.57816	22.4546
5.57879	22.5001
5.57971	22.5455
5.58025	22.591
5.58111	22.6364
5.58159	22.6819
5.58572	22.7273
5.5871	22.7728
5.59193	22.8183
5.59809	22.8637
5.60151	22.9092
5.60287	22.9546
5.60511	23.0001
5.60701	23.0436
5.61879	23.087
5.64116	23.1305
5.64175	11.5653
5.64397	11.6562
5.64923	11.7471
5.64926	11.838
5.64927	11.9289
5.64965	12.0198
5.6499	12.1031
5.65039	12.1865
5.65084	12.2698
5.65166	12.3531
5.65255	12.4365
5.65306	12.5198
5.65402	12.6031
5.6545	12.6865
5.6551	12.7698
5.6558	12.8531
5.65639	12.9365
5.65708	13.0198
5.65801	13.0967
5.67439	13.1736
5.69304	13.2506
5.70012	13.3275
5.70287	13.4044
5.70353	13.4813
5.70421	13.5583
5.70516	13.6352
5.70635	13.7121
5.71043	13.789
5.7126	13.866
5.71385	13.9429
5.72828	14.0198
5.739	14.0912
5.74217	14.1627
5.74523	14.2341
5.74719	14.3055
5.74858	14.3769
5.74922	14.4484
5.75072	14.5198
5.75906	14.5912
5.76035	14.6627
5.76194	14.7341
5.77307	14.8055
5.77365	14.8769
5.78136	14.9484
5.78619	15.0198
5.78959	15.0865
5.79169	15.1531
5.79238	7.57657
5.79992	7.71942
5.80136	7.86228
5.80194	8.00514
5.80825	8.13014
5.81097	8.25514
5.81102	8.38014
5.82753	8.50514
5.82968	8.63014
5.84528	8.75514
5.84699	8.88014
5.84896	9.00514
5.84972	9.11625
5.85036	9.22736
5.85515	9.33847
5.85955	9.44958
5.86036	9.56069
5.90144	9.6718
5.9088	9.78292
5.91139	9.89403
5.9125	10.0051
5.91636	10.1051
5.91744	10.2051
5.91858	10.3051
5.92144	10.4051
5.92206	10.5051
5.95535	10.6051
5.96039	10.7051
5.96221	10.8051
5.97003	10.9051
5.97516	11.0051
5.97929	11.096
5.98073	11.187
5.98544	11.2779
5.99312	11.3688
5.99513	11.4597
6.02776	11.5506
6.03059	11.6415
6.03077	11.7324
6.03287	11.8233
6.03586	11.9142
6.0421	12.0051
6.0443	12.0885
6.04552	12.1718
6.05031	12.2551
6.05532	12.3385
6.05818	12.4218
6.08469	12.5051
6.08933	12.5885
6.09011	12.6718
6.09086	12.7551
6.09154	12.8385
6.09227	12.9218
6.09278	13.0051
6.09431	13.0821
6.09694	13.159
6.09833	13.2359
6.09973	6.61795
6.10352	6.78462
6.13462	6.95129
6.14138	7.11795
6.14665	7.26081
6.14938	7.40367
6.15145	7.54652
6.15553	7.68938
6.1582	7.83224
6.15944	7.9751
6.16501	8.11795
6.16541	8.24295
6.19227	8.36795
6.19408	8.49295
6.1947	8.61795
6.1966	8.74295
6.19841	8.86795
6.20395	8.99295
6.20467	9.11795
6.20818	9.22906
6.24068	9.34018
6.24404	9.45129
6.24611	9.5624
6.24751	9.67351
6.24821	9.78462
6.24885	9.89573
6.25099	10.0068
6.25298	10.1068
6.26151	10.2068
6.28769	10.3068
6.28835	10.4068
6.28865	10.5068
6.28921	10.6068
6.29007	10.7068
6.29187	10.8068
6.29326	10.9068
6.29469	11.0068
6.29882	11.0978
6.31459	11.1887
6.33533	11.2796
6.33746	11.3705
6.34268	11.4614
6.3432	11.5523
6.34388	11.6432
6.34569	11.7341
6.34654	11.825
6.34778	11.9159
6.34991	12.0068
6.35142	12.0902
6.36509	12.1735
6.38386	12.2568
6.38935	12.3402
6.39414	12.4235
6.39474	12.5068
6.39758	12.5902
6.39887	12.6735
6.40232	12.7568
6.40389	12.8402
6.40456	12.9235
6.40579	13.0068
6.40855	13.0838
6.41804	13.1607
6.43562	13.2376
6.43701	13.3145
6.43917	13.3915
6.44256	13.4684
6.44327	13.5453
6.44591	13.6222
6.4536	13.6991
6.4549	13.7761
6.4562	13.853
6.45829	13.9299
6.46102	14.0068
6.46739	14.0783
6.46825	14.1497
6.49505	14.2211
6.49577	14.2926
6.50193	14.364
6.50261	14.4354
6.50395	14.5068
6.50471	14.5783
6.50606	14.6497
6.50743	14.7211
6.50881	14.7926
6.51016	14.864
6.515	14.9354
6.51717	15.0068
6.5222	15.0735
6.52626	15.1402
6.5637	15.2068
6.5656	15.2735
6.56639	15.3402
6.569	15.4068
6.5704	15.4735
6.57109	15.5402
6.57181	15.6068
6.57239	15.6735
6.57323	15.7402
6.57383	15.8068
6.57669	15.8735
6.58121	15.9402
6.5828	16.0068
6.60268	16.0693
6.60686	16.1318
6.63709	16.1943
6.63755	16.2568
6.63898	16.3193
6.64104	16.3818
6.6446	16.4443
6.64469	16.5068
6.64733	16.5693
6.65091	16.6318
6.65154	16.6943
6.65277	16.7568
6.65554	16.8193
6.65972	16.8818
6.66257	16.9443
6.66321	17.0068
6.68241	17.0657
6.68378	17.1245
6.71028	17.1833
6.71082	17.2421
6.71159	17.301
6.71359	17.3598
6.71779	17.4186
6.7199	17.4774
6.72197	17.5363
6.72329	17.5951
6.72405	17.6539
6.72469	17.7127
6.72678	17.7715
6.72817	17.8304
6.73037	17.8892
6.73092	17.948
6.73153	18.0068
6.74332	18.0624
6.74439	18.118
6.77215	18.1735
6.7735	18.2291
6.77415	18.2846
6.77832	18.3402
6.77917	18.3957
6.77976	18.4513
6.78105	18.5068
6.78173	18.5624
6.78398	18.618
6.78474	18.6735
6.78551	18.7291
6.78679	18.7846
6.78813	18.8402
6.79082	18.8957
6.79151	18.9513
6.79216	19.0068
6.80249	19.0595
6.80346	19.1121
6.83331	19.1647
6.8353	19.2174
6.83686	19.27
6.8374	19.3226
6.83808	19.3753
6.83875	19.4279
6.83946	19.4805
6.84024	19.5332
6.84108	19.5858
6.84168	19.6384
6.84324	19.6911
6.84369	19.7437
6.84378	19.7963
6.84537	19.8489
6.84578	19.9016
6.8465	19.9542
6.85003	20.0068
6.85351	20.0568
6.8568	20.1068
6.89968	20.1568
6.90102	20.2068
6.90176	20.2568
6.90314	20.3068
6.90575	20.3568
6.90727	20.4068
6.90786	20.4568
6.91211	10.2284
6.91422	10.3284
6.91491	10.4284
6.91554	10.5284
6.91627	10.6284
6.91707	10.7284
6.91774	10.8284
6.92129	10.9284
6.92202	11.0284
6.92288	11.1193
6.92323	11.2102
6.92353	11.3011
6.9246	11.3921
6.95271	11.483
6.95334	11.5739
6.95413	11.6648
6.95483	11.7557
6.95817	11.8466
6.95887	11.9375
6.95917	12.0284
6.97074	12.1118
6.9714	12.1951
6.9736	12.2784
6.97634	12.3618
6.99519	12.4451
6.99561	12.5284
6.99572	12.6118
6.99919	12.6951
7.00267	12.7784
7.00549	12.8618
7.0078	12.9451
7.0082	13.0284
7.02008	13.1053
7.022	13.1823
7.02337	13.2592
7.02545	13.3361
7.04064	13.413
7.04145	13.49
7.0435	13.5669
7.04845	13.6438
7.05041	13.7207
7.05451	13.7977
7.06211	13.8746
7.06487	13.9515
7.06634	14.0284
7.07598	14.0998
7.07622	14.1713
7.07725	14.2427
7.0777	14.3141
7.10842	14.3856
7.10953	14.457
7.11442	14.5284
7.11556	14.5998
7.1159	14.6713
7.11681	14.7427
7.11819	14.8141
7.11856	14.8856
7.11997	14.957
7.12291	15.0284
7.13056	15.0951
7.13608	15.1618
7.13756	15.2284
7.1395	15.2951
7.15571	15.3618
7.1569	15.4284
7.16037	15.4951
7.16279	15.5618
7.16379	15.6284
7.16512	15.6951
7.16695	15.7618
7.16913	15.8284
7.16986	15.8951
7.17182	15.9618
7.17403	16.0284
7.17737	8.01421
7.18283	8.13921
7.18364	8.26421
7.20466	8.38921
7.20632	8.51421
7.20717	8.63921
7.21082	8.76421
7.21145	8.88921
7.21833	9.01421
7.22832	9.12532
7.23088	9.23643
7.23235	9.34754
7.23578	9.45866
7.23635	9.56977
7.23706	9.68088
7.25585	9.79199
7.25741	9.9031
7.26072	10.0142
7.26347	10.1142
7.26545	10.2142
7.26958	10.3142
7.27259	10.4142
7.27326	10.5142
7.29	10.6142
7.29263	10.7142
7.29569	10.8142
7.29684	10.9142
7.29821	11.0142
7.29953	11.1051
7.3009	11.196
7.30362	11.2869
7.30586	11.3778
7.34045	11.4688
7.34259	11.5597
7.34332	11.6506
7.34463	11.7415
7.3464	11.8324
7.3474	11.9233
7.34806	12.0142
7.34966	12.0975
7.35162	12.1809
7.35297	12.2642
7.38124	12.3475
7.38334	12.4309
7.38429	12.5142
7.38651	12.5975
7.39283	12.6809
7.39557	12.7642
7.39697	6.38211
7.40517	6.54877
7.40581	6.71544
7.43366	6.88211
7.43578	7.04877
7.43658	7.19163
7.43723	7.33449
7.4416	7.47734
7.44234	7.6202
7.49641	7.76306
7.49767	7.90591
7.5011	8.04877
7.50256	8.17377
7.53417	8.29877
7.53794	8.42377
7.5413	8.54877
7.54342	8.67377
7.55063	8.79877
7.57076	8.92377
7.57857	9.04877
7.58036	9.15988
7.58222	9.27099
7.58267	9.38211
7.58887	9.49322
7.60322	9.60433
7.60397	9.71544
7.61225	9.82655
7.62137	9.93766
7.62141	10.0488
7.62184	10.1488
7.62312	10.2488
7.62346	10.3488
7.63234	10.4488
7.64792	10.5488
7.6504	10.6488
7.65103	10.7488
7.66401	10.8488
7.66482	10.9488
7.66846	11.0488
7.66947	11.1397
7.67808	11.2306
7.67927	11.3215
7.68403	11.4124
7.69793	11.5033
7.69871	11.5942
7.70216	11.6851
7.7028	11.776
7.70349	11.867
7.7112	11.9579
7.71389	12.0488
7.71856	12.1321
7.72282	12.2154
7.72345	12.2988
7.72578	12.3821
7.74786	12.4654
7.74929	12.5488
7.75064	12.6321
7.75332	12.7154
7.75418	12.7988
7.76044	12.8821
7.76729	12.9654
7.76887	13.0488
7.77066	13.1257
7.77699	13.2026
7.77748	13.2795
7.77767	13.3565
7.79574	13.4334
7.7984	13.5103
7.79989	13.5872
7.80367	13.6642
7.80674	13.7411
7.81369	13.818
7.81703	13.8949
7.81918	13.9718
7.82134	14.0488
7.82894	14.1202
7.83451	14.1916
7.84058	14.2631
7.84175	14.3345
7.84807	14.4059
7.84867	14.4773
7.8495	14.5488
7.85211	14.6202
7.85445	14.6916
7.86538	14.7631
7.87139	14.8345
7.87414	14.9059
7.8755	14.9773
7.87626	15.0488
7.8817	15.1154
7.89728	15.1821
7.89791	15.2488
7.89912	15.3154
7.90442	15.3821
7.90565	15.4488
7.90685	15.5154
7.90883	15.5821
7.91016	15.6488
7.91777	15.7154
7.92319	15.7821
7.92389	15.8488
7.9247	15.9154
7.92746	15.9821
7.92884	16.0488
7.93432	16.1113
7.95433	16.1738
7.95574	16.2363
7.95723	16.2988
7.96204	16.3613
7.96279	16.4238
7.96543	16.4863
7.97386	16.5488
7.97585	16.6113
7.97651	16.6738
7.97715	16.7363
7.97937	16.7988
8.00483	16.8613
8.0062	8.43064
8.0089	8.55564
8.02007	8.68064
8.02039	8.80564
8.02069	8.93064
8.02116	9.05564
8.02157	9.16675
8.02181	9.27786
8.022	9.38897
8.02233	9.50008
8.0472	9.61119
8.07065	9.7223
8.07217	9.83341
8.0765	9.94452
8.08378	10.0556
8.12124	10.1556
8.12243	10.2556
8.12385	10.3556
8.12863	10.4556
8.12939	10.5556
8.15966	10.6556
8.16039	10.7556
8.16515	10.8556
8.16667	10.9556
8.16789	11.0556
8.17126	11.1465
8.17197	11.2375
8.17558	11.3284
8.17899	11.4193
8.18053	11.5102
8.21304	11.6011
8.2164	11.692
8.21984	11.7829
8.22187	11.8738
8.22574	11.9647
8.22708	12.0556
8.22825	12.139
8.22948	12.2223
8.23206	12.3056
8.23252	12.389
8.2333	12.4723
8.26793	12.5556
8.2686	12.639
8.27348	12.7223
8.2755	12.8056
8.27751	12.889
8.2809	12.9723
8.28132	13.0556
8.28169	13.1326
8.28318	13.2095
8.28761	13.2864
8.28827	13.3633
8.29366	13.4403
8.32508	13.5172
8.32576	13.5941
8.32792	13.671
8.32956	13.7479
8.33125	13.8249
8.33213	13.9018
8.33413	13.9787
8.33628	14.0556
8.33678	14.1271
8.33954	14.1985
8.34511	14.2699
8.346	14.3414
8.35128	14.4128
8.37342	14.4842
8.37825	14.5556
8.38122	14.6271
8.3825	14.6985
8.38312	14.7699
8.38373	14.8414
8.38444	14.9128
8.38871	14.9842
8.3889	15.0556
8.391	15.1223
8.41157	15.189
8.41282	15.2556
8.41358	15.3223
8.41691	15.389
8.41758	15.4556
8.4191	15.5223
8.42042	15.589
8.4217	15.6556
8.42313	15.7223
8.42514	15.789
8.43069	15.8556
8.45647	15.9223
8.45778	15.989
8.45999	16.0556
8.4661	16.1181
8.46814	16.1806
8.47072	16.2431
8.47364	16.3056
8.47853	16.3681
8.47914	16.4306
8.48188	16.4931
8.49453	16.5556
8.52236	16.6181
8.52378	16.6806
8.5258	16.7431
8.52715	16.8056
8.53156	16.8681
8.53191	16.9306
8.53325	16.9931
8.53395	17.0556
8.53426	8.52782
8.54139	8.65282
8.54208	8.77782
8.54538	8.90282
8.55644	9.02782
8.57948	9.13893
8.57988	9.25004
8.58087	9.36115
8.58214	9.47226
8.58416	9.58337
8.58491	9.69448
8.58566	9.8056
8.58628	9.91671
8.5877	10.0278
8.62406	10.1278
8.62419	10.2278
8.62537	10.3278
8.62568	10.4278
8.62629	10.5278
8.62862	10.6278
8.62904	10.7278
8.62946	10.8278
8.63106	10.9278
8.63799	11.0278
8.65248	11.1187
8.65344	11.2096
8.65515	11.3005
8.65597	11.3915
8.6572	11.4824
8.65869	11.5733
8.66245	11.6642
8.66408	11.7551
8.66546	11.846
8.67377	11.9369
8.67649	12.0278
8.69261	12.1112
8.69526	12.1945
8.69729	12.2778
8.69833	12.3612
8.7011	12.4445
8.70184	12.5278
8.70512	12.6112
8.70796	12.6945
8.70961	12.7778
8.72014	12.8612
8.72298	12.9445
8.72433	13.0278
8.73262	13.1047
8.73427	13.1817
8.73472	13.2586
8.73538	13.3355
8.73615	13.4124
8.7368	13.4894
8.73874	13.5663
8.74226	13.6432
8.74378	13.7201
8.75528	13.797
8.75555	13.874
8.75631	13.9509
8.75961	14.0278
8.7726	14.0992
8.77701	14.1707
8.77762	14.2421
8.77833	14.3135
8.77908	14.385
8.78036	14.4564
8.78244	14.5278
8.78381	14.5992
8.78543	14.6707
8.80298	14.7421
8.80344	14.8135
8.80358	14.885
8.80739	14.9564
8.80804	15.0278
8.8245	15.0945
8.83948	15.1612
8.84021	15.2278
8.84085	15.2945
8.84171	15.3612
8.84217	15.4278
8.84275	15.4945
8.84623	15.5612
8.84969	15.6278
8.85391	15.6945
8.85535	15.7612
8.85744	15.8278
8.86623	15.8945
8.8677	15.9612
8.87009	16.0278
8.88328	16.0903
8.89419	16.1528
8.89768	16.2153
8.90023	16.2778
8.90168	16.3403
8.90516	16.4028
8.9072	16.4653
8.90982	16.5278
8.91005	16.5903
8.91823	16.6528
8.92037	16.7153
8.92107	16.7778
8.92369	16.8403
8.92733	16.9028
8.92852	16.9653
8.92986	17.0278
8.93826	17.0866
8.93961	17.1455
8.94131	17.2043
8.94619	17.2631
8.95223	17.3219
8.95507	17.3808
8.95717	17.4396
8.95912	17.4984
8.96322	17.5572
8.971	17.6161
8.97154	17.6749
8.97228	17.7337
8.97296	17.7925
8.97371	17.8513
8.97507	17.9102
8.97715	17.969
8.97849	18.0278
8.99591	18.0834
9.00142	18.1389
9.00623	18.1945
9.01396	18.25
9.01597	18.3056
9.01834	18.3612
9.01885	18.4167
9.02099	18.4723
9.02172	18.5278
9.02855	18.5834
9.02873	18.6389
9.02931	18.6945
9.02998	18.75
9.03209	18.8056
9.03272	18.8612
9.03331	18.9167
9.03624	18.9723
9.03744	19.0278
9.06101	19.0804
9.06581	19.1331
9.06721	19.1857
9.07077	19.2383
9.07899	19.291
9.08454	19.3436
9.0859	19.3962
9.08715	19.4489
9.08799	19.5015
9.09495	19.5541
9.09565	19.6068
9.09802	19.6594
9.09909	19.712
9.10046	19.7647
9.10333	19.8173
9.10384	19.8699
9.10459	19.9226
9.10527	9.96128
9.10603	10.0724
9.12007	10.1724
9.1263	10.2724
9.12699	10.3724
9.14205	10.4724
9.14641	10.5724
9.15251	10.6724
9.15331	10.7724
9.15535	10.8724
9.15613	10.9724
9.15956	11.0724
9.16092	11.1633
9.16157	11.2542
9.16226	11.3451
9.16363	11.436
9.1699	11.5269
9.17149	11.6178
9.17329	11.7088
9.19637	11.7997
9.19894	11.8906
9.20535	11.9815
9.20602	12.0724
9.20721	12.1557
9.20792	12.2391
9.20867	12.3224
9.21082	12.4057
9.21547	12.4891
9.21991	12.5724
9.224	12.6557
9.25525	12.7391
9.25597	12.8224
9.25692	12.9057
9.25795	12.9891
9.25856	13.0724
9.26074	13.1493
9.26143	13.2262
9.26211	13.3032
9.26273	13.3801
9.26599	13.457
9.26969	13.5339
9.30224	13.6109
9.30367	13.6878
9.3098	13.7647
9.31329	13.8416
9.31405	13.9185
9.31466	13.9955
9.31543	14.0724
9.31616	14.1438
9.31679	14.2152
9.31748	14.2867
9.32101	14.3581
9.32511	14.4295
9.351	14.501
9.35165	14.5724
9.35442	14.6438
9.35666	14.7152
9.35829	14.7867
9.35837	14.8581
9.35944	14.9295
9.36154	15.001
9.3621	15.0676
9.36274	15.1343
9.36358	15.201
9.36641	15.2676
9.36761	15.3343
9.39117	15.401
9.39196	15.4676
9.39392	15.5343
9.39963	15.601
9.40054	15.6676
9.40142	15.7343
9.40462	15.801
9.40643	15.8676
9.40741	15.9343
9.4087	16.001
9.4108	16.0635
9.41161	16.126
9.41266	16.1885
9.41823	16.251
9.43153	8.12548
9.43636	8.25048
9.43773	8.37548
9.44002	8.50048
9.45096	8.62548
9.45988	8.75048
9.46132	8.87548
9.46827	9.00048
9.47307	9.11159
9.47366	9.2227
9.47439	9.33381
9.47512	9.44492
9.47661	9.55604
9.47855	9.66715
9.47926	9.77826
9.48064	9.88937
9.51564	10.0005
9.52731	10.1005
9.52786	10.2005
9.52925	10.3005
9.53141	10.4005
9.53277	10.5005
9.53488	10.6005
9.5358	10.7005
9.53662	10.8005
9.57048	10.9005
9.57328	11.0005
9.58004	11.0914
9.58363	11.1823
9.5857	11.2732
9.58978	11.3641
9.59062	11.455
9.59091	11.5459
9.59127	11.6368
9.59209	11.7278
9.63283	11.8187
9.63476	11.9096
9.63543	12.0005
9.63893	12.0838
9.64301	12.1671
9.64801	12.2505
9.65177	12.3338
9.65268	12.4171
9.6542	12.5005
9.65763	12.5838
9.6897	12.6671
9.69591	12.7505
9.69648	12.8338
9.69725	12.9171
9.70052	13.0005
9.70863	13.0774
9.71094	13.1543
9.7131	13.2312
9.71507	13.3082
9.71783	13.3851
9.72623	13.462
9.75165	13.5389
9.75511	13.6159
9.75599	13.6928
9.75726	13.7697
9.76129	13.8466
9.76266	13.9236
9.76817	14.0005
9.76959	14.0719
9.77504	14.1433
9.78206	14.2148
9.78614	14.2862
9.78976	14.3576
9.79923	7.17881
9.80984	7.32167
9.81112	7.46453
9.81448	7.60738
9.81692	7.75024
9.82081	7.8931
9.8229	8.03595
9.83088	8.16095
9.83108	8.28595
9.83175	8.41095
9.83613	8.53595
9.8388	8.66095
9.84484	8.78595
9.85639	8.91095
9.86362	9.03595
9.88837	9.14707
9.88905	9.25818
9.88981	9.36929
9.89197	9.4804
9.89266	9.59151
9.8929	9.70262
9.89531	9.81373
9.90093	9.92484
9.90204	10.036
9.93573	10.136
9.93716	10.236
9.93848	10.336
9.93951	10.436
9.94138	10.536
9.94249	10.636
9.95047	10.736
9.96632	10.836
9.96787	10.936
9.96996	11.036
9.98014	11.1269
9.98048	11.2178
9.98244	11.3087
9.9839	11.3996
9.99007	11.4905
9.99273	11.5814
10.0043	11.6723
10.021	11.7632
10.0212	11.8541
10.0214	11.945
10.0216	12.036
10.0251	12.1193
10.027	12.2026
10.0284	12.286
10.0304	12.3693
10.0368	12.4526
10.0375	12.536
10.0498	12.6193
10.0793	12.7026
10.0796	12.786
10.0803	12.8693
10.0828	12.9526
10.0833	13.036
10.0838	13.1129
10.0845	13.1898
10.0859	13.2667
10.1045	13.3436
10.1095	13.4206
10.1204	13.4975
10.1413	13.5744
10.1418	13.6513
10.1441	13.7283
10.1524	13.8052
10.1576	13.8821
10.1577	13.959
10.1588	14.036
10.163	14.1074
10.1659	14.1788
10.1724	14.2502
10.1773	14.3217
10.1813	14.3931
10.2066	14.4645
10.2086	14.536
10.2092	14.6074
10.2129	14.6788
10.2179	14.7502
10.2204	14.8217
10.2219	14.8931
10.2228	7.44655
10.2252	7.58941
10.2279	7.73226
10.2293	7.87512
10.2341	8.01798
10.2376	8.14298
10.2432	8.26798
10.271	8.39298
10.2721	8.51798
10.2728	8.64298
10.2831	8.76798
10.2901	8.89298
10.2948	9.01798
10.2976	9.12909
10.3103	9.2402
10.3392	9.35131
10.3412	9.46242
10.3425	9.57353
10.3446	9.68464
10.3459	9.79575
10.3467	9.90687
10.3487	10.018
10.3509	10.118
10.3638	10.218
10.3998	10.318
10.402	10.418
10.4041	10.518
10.4054	10.618
10.406	10.718
10.4067	10.818
10.4074	10.918
10.4102	11.018
10.4108	11.1089
10.4238	11.1998
10.4647	11.2907
10.4668	11.3816
10.4669	11.4725
10.4688	11.5634
10.4693	11.6543
10.4703	11.7452
10.4727	11.8362
10.4738	11.9271
10.4745	12.018
10.4752	12.1013
10.4852	12.1846
10.5287	12.268
10.5309	12.3513
10.5315	12.4346
10.5322	12.518
10.5342	12.6013
10.5375	12.6846
10.5388	12.768
10.5429	12.8513
10.5432	12.9346
10.5444	13.018
10.5466	13.0949
10.5485	13.1718
10.598	13.2487
10.5999	13.3257
10.6014	13.4026
10.6047	13.4795
10.6068	13.5564
10.6074	13.6334
10.6082	13.7103
10.6096	13.7872
10.6109	13.8641
10.6117	13.9411
10.6124	6.97053
10.6145	7.13719
10.6558	7.28005
10.6578	7.42291
10.6587	7.56577
10.6593	7.70862
10.6606	7.85148
10.6613	7.99434
10.6635	8.13719
10.6663	8.26219
10.6669	8.38719
10.7079	8.51219
10.7085	8.63719
10.7093	8.76219
10.7106	8.88719
10.7113	9.01219
10.7126	9.1233
10.7143	9.23442
10.7154	9.34553
10.7354	9.45664
10.7361	9.56775
10.7376	9.67886
10.7453	9.78997
10.7492	9.90108
10.75	10.0122
10.7514	10.1122
10.7535	10.2122
10.7568	10.3122
10.7847	10.4122
10.787	10.5122
10.7939	10.6122
10.8006	10.7122
10.8027	10.8122
10.8034	10.9122
10.804	11.0122
10.8048	11.1031
10.8054	11.194
10.8061	11.2849
10.8318	11.3758
10.8371	11.4667
10.8393	11.5576
10.8452	11.6486
10.8463	11.7395
10.8518	5.86973
10.8539	6.06973
10.8566	6.2364
10.8579	6.40307
10.8632	6.56973
10.8641	6.7364
10.901	6.90307
10.9067	7.06973
10.9085	7.21259
10.9106	7.35545
10.9134	7.4983
10.9203	7.64116
10.9632	7.78402
10.9796	7.92688
10.9803	8.06973
10.9818	8.19473
10.9832	8.31973
10.9837	8.44473
10.9925	8.56973
11.0148	8.69473
11.0315	8.81973
11.032	8.94473
11.0327	9.06973
11.0336	9.18084
11.0389	9.29196
11.0395	9.40307
11.0418	9.51418
11.0683	9.62529
11.0764	9.7364
11.0785	9.84751
11.0801	9.95862
11.0813	10.0697
11.0836	10.1697
11.0899	10.2697
11.0918	10.3697
11.0931	10.4697
11.1371	10.5697
11.1408	10.6697
11.1419	10.7697
11.1425	10.8697
11.144	10.9697
11.146	11.0697
11.1481	11.1606
11.151	11.2516
11.1565	11.3425
11.1606	11.4334
11.2078	11.5243
11.2108	11.6152
11.2122	11.7061
11.2129	11.797
11.2136	11.8879
11.2156	11.9788
11.2163	12.0697
11.2205	12.1531
11.2226	12.2364
11.2247	12.3197
11.2273	12.4031
11.2705	12.4864
11.2718	12.5697
11.2726	12.6531
11.2732	12.7364
11.2739	12.8197
11.2748	12.9031
11.2769	12.9864
11.2783	13.0697
11.2803	13.1467
11.2847	13.2236
11.287	13.3005
11.2921	13.3774
11.3475	13.4543
11.3481	13.5313
11.3508	13.6082
11.351	13.6851
11.3522	13.762
11.3529	13.839
11.355	13.9159
11.3565	13.9928
11.3682	14.0697
11.4201	14.1412
11.4224	14.2126
11.4278	14.284
11.4297	14.3554
11.4311	14.4269
11.4319	14.4983
11.4324	14.5697
11.4339	14.6412
11.4483	14.7126
11.4489	14.784
11.4817	7.39201
11.4967	7.53487
11.5015	7.67772
11.5051	7.82058
11.5074	7.96344
11.5078	8.1063
11.5099	8.2313
11.5112	8.3563
11.5133	8.4813
11.5142	8.6063
11.532	8.7313
11.5428	8.8563
11.5463	8.9813
11.5659	9.1063
11.5693	9.21741
11.5698	9.32852
11.5703	9.43963
11.5705	9.55074
11.5936	9.66185
11.6	9.77296
11.6013	9.88407
11.6144	9.99518
11.6148	10.1063
11.6186	10.2063
11.6258	10.3063
11.6292	10.4063
11.6303	10.5063
11.6436	10.6063
11.6527	10.7063
11.6553	10.8063
11.6644	10.9063
11.6651	11.0063
11.6657	11.0972
11.6664	11.1881
11.6727	11.279
11.677	11.3699
11.6791	11.4608
11.7047	11.5517
11.7081	11.6427
11.7137	11.7336
11.723	11.8245
11.7232	11.9154
11.7239	12.0063
11.7259	12.0896
11.7283	12.173
11.7304	12.2563
11.7312	12.3396
11.7332	12.423
11.7608	12.5063
11.7725	12.5896
11.7773	12.673
11.778	12.7563
11.7788	12.8396
11.7843	12.923
11.7857	13.0063
11.7877	13.0832
11.7898	13.1601
11.7906	13.2371
11.8043	13.314
11.8197	13.3909
11.8212	13.4678
11.8226	13.5448
11.8232	13.6217
11.8282	13.6986
11.8307	13.7755
11.8316	13.8524
11.8349	13.9294
11.8357	14.0063
11.8362	14.0777
11.8434	14.1492
11.8623	14.2206
11.8638	14.292
11.8658	14.3634
11.8678	14.4349
11.8685	14.5063
11.8707	14.5777
11.8728	14.6492
11.8749	14.7206
11.877	14.792
11.8775	14.8634
11.8795	14.9349
11.8907	15.0063
11.9004	15.073
11.9011	15.1396
11.9025	15.2063
11.9039	15.273
11.9047	15.3396
11.9066	7.66981
11.9105	7.81267
11.9126	7.95553
11.9174	8.09839
11.9208	8.22339
11.9214	8.34839
11.9229	8.47339
11.9373	8.59839
11.9387	8.72339
11.9473	8.84839
11.9476	8.97339
11.949	9.09839
11.9518	9.2095
11.9539	9.32061
11.9608	9.43172
11.9644	9.54283
11.9766	9.65394
11.9788	9.76505
11.9798	9.87616
11.9924	9.98727
11.9941	10.0984
11.9949	10.1984
11.9961	10.2984
12.0005	10.3984
12.0062	10.4984
12.0245	10.5984
12.0273	10.6984
12.0301	10.7984
12.0351	10.8984
12.0386	10.9984
12.0405	11.0984
12.0413	11.1893
12.042	11.2802
12.046	11.3711
12.0505	11.462
12.069	11.5529
12.0728	11.6438
12.0744	11.7347
12.0901	11.8257
12.0908	11.9166
12.0915	12.0075
12.095	12.0908
12.1004	6.0454
12.1032	6.21207
12.1054	6.37874
12.1089	6.5454
12.1342	6.71207
12.1376	6.87874
12.1407	7.0454
12.1516	7.18826
12.1573	7.33112
12.1663	7.47398
12.172	7.61683
12.174	7.75969
12.1745	7.90255
12.1759	8.0454
12.1859	8.1704
12.1901	8.2954
12.1976	8.4204
12.2123	8.5454
12.2141	8.6704
12.2254	8.7954
12.2309	8.9204
12.2357	9.0454
12.2369	9.15652
12.2383	9.26763
12.2445	9.37874
12.2572	9.48985
12.2626	9.60096
12.2632	9.71207
12.2769	9.82318
12.2801	9.93429
12.2959	10.0454
12.2974	10.1454
12.2982	10.2454
12.3011	10.3454
12.3013	10.4454
12.3018	10.5454
12.302	10.6454
12.3097	10.7454
12.3139	10.8454
12.3221	10.9454
12.3272	11.0454
12.3305	11.1363
12.3394	11.2272
12.3401	11.3181
12.3408	11.409
12.3449	11.5
12.345	11.5909
12.345	11.6818
12.3456	11.7727
12.3463	11.8636
12.3492	11.9545
12.3518	12.0454
12.36	12.1287
12.3713	12.2121
12.3733	12.2954
12.3935	12.3787
12.3963	12.4621
12.3998	12.5454
12.3999	12.6287
12.4003	12.7121
12.401	12.7954
12.4017	12.8787
12.4024	12.9621
12.4031	13.0454
12.4038	13.1223
12.4047	13.1993
12.4073	13.2762
12.4101	13.3531
12.4154	13.43
12.4347	13.5069
12.4353	13.5839
12.4363	13.6608
12.4367	13.7377
12.4396	13.8146
12.4402	6.90732
12.4409	7.07398
12.4416	7.21684
12.4423	7.3597
12.4437	7.50256
12.4443	7.64541
12.4471	7.78827
12.4577	7.93113
12.4616	8.07398
12.4658	8.19898
12.4771	8.32398
12.4783	8.44898
12.4812	8.57398
12.4895	8.69898
12.4931	8.82398
12.4971	8.94898
12.5001	9.07398
12.5002	9.1851
12.502	9.29621
12.504	9.40732
12.5062	4.70366
12.5089	4.95366
12.5123	5.20366
12.5184	5.40366
12.523	5.60366
12.5275	5.80366
12.5306	6.00366
12.5318	6.17033
12.5427	6.33699
12.5452	6.50366
12.5471	6.67033
12.5477	6.83699
12.5482	7.00366
12.5496	7.14652
12.5586	7.28937
12.56	7.43223
12.5614	7.57509
12.5621	7.71794
12.5627	7.8608
12.5676	8.00366
12.5705	8.12866
12.5738	8.25366
12.5793	8.37866
12.5807	8.50366
12.5822	8.62866
12.5862	8.75366
12.5876	8.87866
12.5892	9.00366
12.6071	9.11477
12.6092	9.22588
12.6127	9.33699
12.6188	9.4481
12.6207	9.55921
12.6265	9.67033
12.6302	9.78144
12.6304	9.89255
12.6318	10.0037
12.6368	10.1037
12.6387	10.2037
12.6403	10.3037
12.6436	10.4037
12.6457	10.5037
12.6463	10.6037
12.6486	10.7037
12.6506	10.8037
12.6527	10.9037
12.6671	11.0037
12.6706	11.0946
12.6753	11.1855
12.6781	11.2764
12.6831	11.3673
12.6853	11.4582
12.6867	11.5491
12.6911	11.64
12.6929	11.7309
12.693	11.8218
12.6964	11.9127
12.6978	12.0037
12.6985	12.087
12.7048	12.1703
12.7067	12.2537
12.7158	12.337
12.7177	12.4203
12.7212	12.5037
12.7301	12.587
12.7316	12.6703
12.7323	12.7537
12.7367	12.837
12.7369	12.9203
12.7371	13.0037
12.7386	13.0806
12.74	13.1575
12.7405	13.2344
12.7524	13.3114
12.755	13.3883
12.757	13.4652
12.7591	13.5421
12.7619	13.619
12.766	13.696
12.7763	13.7729
12.777	13.8498
12.7779	13.9267
12.7783	14.0037
12.7795	14.0751
12.7814	14.1465
12.7818	14.2179
12.7882	14.2894
12.7924	14.3608
12.7935	14.4322
12.7982	14.5037
12.8023	14.5751
12.8038	14.6465
12.8219	14.7179
12.8265	14.7894
12.8307	14.8608
12.832	14.9322
12.8329	15.0037
12.8341	15.0703
12.836	15.137
12.8362	15.2037
12.8377	15.2703
12.8389	15.337
12.8397	15.4037
12.8425	15.4703
12.8477	15.537
12.8491	15.6037
12.8612	15.6703
12.8648	15.737
12.8722	15.8037
12.8731	15.8703
12.8745	15.937
12.8752	16.0037
12.876	16.0662
12.8779	16.1287
12.8794	16.1912
12.8836	16.2537
12.8876	16.3162
12.8897	16.3787
12.9009	16.4412
12.9051	16.5037
12.9079	16.5662
12.921	16.6287
12.9246	16.6912
12.9272	16.7537
12.9286	16.8162
12.9308	16.8787
12.9334	16.9412
12.935	17.0037
12.9355	17.0625
12.9369	17.1213
12.9396	17.1801
12.9466	17.239
12.9563	17.2978
12.957	17.3566
12.9625	17.4154
12.9633	17.4742
12.9639	17.5331
12.9846	17.5919
12.9859	17.6507
12.9898	17.7095
12.9905	17.7684
12.9923	17.8272
12.9928	17.886
12.9955	17.9448
12.9962	18.0037
12.9997	18.0592
13.002	18.1148
13.0051	18.1703
13.0057	18.2259
13.0101	18.2814
13.0125	18.337
13.026	18.3925
13.0309	18.4481
13.0336	18.5037
13.0445	18.5592
13.0454	18.6148
13.0521	18.6703
13.0525	18.7259
13.0535	18.7814
13.0554	18.837
13.0558	18.8925
13.0569	18.9481
13.0577	19.0037
13.0597	19.0563
13.0652	19.1089
13.0672	19.1616
13.0686	19.2142
13.0725	19.2668
13.0736	19.3194
13.0901	19.3721
13.0957	19.4247
13.0996	19.4773
13.1045	19.53
13.1114	19.5826
13.1218	19.6352
13.1219	19.6879
13.1221	19.7405
13.1232	19.7931
13.1253	19.8458
13.128	19.8984
13.1308	19.951
13.1323	20.0037
13.1329	20.0537
13.1377	20.1037
13.1459	20.1537
13.1481	20.2037
13.1508	20.2537
13.1516	20.3037
13.16	20.3537
13.164	20.4037
13.1661	20.4537
13.168	20.5037
13.1702	20.5537
13.1888	20.6037
13.1927	20.6537
13.1931	20.7037
13.1933	20.7537
13.1938	20.8037
13.1949	20.8537
13.2039	20.9037
13.2052	20.9537
13.208	21.0037
13.216	21.0513
13.2166	21.0989
13.2203	21.1465
13.2239	21.1941
13.2265	21.2418
13.2343	21.2894
13.2378	21.337
13.2474	21.3846
13.25	21.4322
13.2514	21.4798
13.2522	21.5275
13.2619	21.5751
13.2624	21.6227
13.2637	21.6703
13.2651	21.7179
13.2679	21.7656
13.2693	21.8132
13.2757	21.8608
13.2776	21.9084
13.2783	21.956
13.2797	22.0037
13.2888	22.0491
13.2907	22.0946
13.2949	22.14
13.2998	22.1855
13.3012	22.2309
13.3067	22.2764
13.3087	22.3218
13.3099	11.1609
13.311	11.2518
13.3127	11.3427
13.3128	11.4336
13.3129	11.5246
13.316	11.6155
13.3164	11.7064
13.3185	11.7973
13.3193	11.8882
13.32	11.9791
13.3374	12.07
13.3418	12.1533
13.3455	12.2367
13.3484	12.32
13.3491	12.4033
13.3525	12.4867
13.3547	12.57
13.3562	12.6533
13.3575	12.7367
13.3601	12.82
13.3615	12.9033
13.3622	12.9867
13.3705	13.07
13.3732	13.1469
13.3773	13.2239
13.3794	13.3008
13.3822	13.3777
13.3844	13.4546
13.3907	13.5315
13.3911	13.6085
13.3979	13.6854
13.4079	13.7623
13.41	13.8392
13.4185	13.9162
13.4197	13.9931
13.4213	14.07
13.4224	14.1414
13.4253	14.2129
13.4261	14.2843
13.4274	14.3557
13.4315	14.4272
13.4322	14.4986
13.4356	14.57
13.4364	14.6414
13.4385	14.7129
13.4415	14.7843
13.4435	14.8557
13.4488	14.9272
13.4502	14.9986
13.4548	15.07
13.4596	15.1367
13.4605	15.2033
13.4632	15.27
13.464	15.3367
13.4644	15.4033
13.4648	15.47
13.4715	15.5367
13.473	15.6033
13.4745	15.67
13.4781	15.7367
13.4787	15.8033
13.4809	15.87
13.4844	15.9367
13.485	16.0033
13.4868	16.0658
13.491	16.1283
13.4917	16.1908
13.4972	16.2533
13.4994	16.3158
13.5035	16.3783
13.5083	16.4408
13.5098	16.5033
13.5172	16.5658
13.5191	16.6283
13.5207	16.6908
13.5221	16.7533
13.5318	16.8158
13.5324	16.8783
13.5342	16.9408
13.5385	17.0033
13.54	17.0622
13.5401	17.121
13.5417	17.1798
13.5437	17.2386
13.5472	17.2975
13.5494	17.3563
13.55	17.4151
13.5514	17.4739
13.554	17.5328
13.5548	17.5916
13.5564	8.79579
13.5582	8.92079
13.5605	9.04579
13.5722	9.1569
13.5736	9.26801
13.5832	9.37912
13.5859	9.49023
13.5873	9.60135
13.5887	9.71246
13.5894	9.82357
13.5978	9.93468
13.5985	10.0458
13.6	10.1458
13.6013	10.2458
13.604	10.3458
13.6068	10.4458
13.6103	10.5458
13.6113	10.6458
13.6123	10.7458
13.6144	10.8458
13.6165	10.9458
13.6185	11.0458
13.6192	11.1367
13.622	11.2276
13.6227	11.3185
13.624	11.4094
13.6256	11.5003
13.6338	11.5912
13.6373	11.6822
13.642	11.7731
13.6434	11.864
13.6491	11.9549
13.6524	12.0458
13.6545	12.1291
13.6578	12.2125
13.6585	12.2958
13.6636	12.3791
13.6662	12.4625
13.6669	12.5458
13.6677	12.6291
13.6696	12.7125
13.671	12.7958
13.6726	12.8791
13.6732	12.9625
13.6788	13.0458
13.6814	13.1227
13.6838	13.1996
13.6847	13.2766
13.6912	13.3535
13.6955	13.4304
13.6957	13.5073
13.698	13.5843
13.6987	13.6612
13.7076	13.7381
13.7148	13.815
13.7168	13.8919
13.7181	13.9689
13.7188	14.0458
13.7228	14.1172
13.7236	14.1886
13.7244	14.2601
13.7265	14.3315
13.7278	14.4029
13.7285	14.4744
13.7299	14.5458
13.7342	14.6172
13.7346	14.6886
13.735	14.7601
13.7357	14.8315
13.7363	14.9029
13.7382	14.9744
13.7423	15.0458
13.7581	15.1125
13.7586	15.1791
13.7594	15.2458
13.7636	15.3125
13.7662	15.3791
13.7671	15.4458
13.77	15.5125
13.7701	15.5791
13.7754	15.6458
13.7759	15.7125
13.7773	15.7791
13.7795	15.8458
13.7814	15.9125
13.7828	15.9791
13.7871	16.0458
13.7891	16.1083
13.7906	16.1708
13.7912	16.2333
13.7919	16.2958
13.7926	16.3583
13.8094	16.4208
13.8121	16.4833
13.8169	16.5458
13.8184	16.6083
13.8185	16.6708
13.8219	16.7333
13.8232	16.7958
13.824	16.8583
13.8246	16.9208
13.8268	16.9833
13.8281	17.0458
13.8289	17.1046
13.8298	17.1634
13.8307	17.2223
13.8322	17.2811
13.8505	17.3399
13.8514	17.3987
13.8555	17.4576
13.8569	17.5164
13.8581	17.5752
13.8664	17.634
13.8692	17.6928
13.8717	8.84642
13.8724	8.97142
13.8729	9.09642
13.8736	9.20754
13.8782	9.31865
13.8797	9.42976
13.881	9.54087
13.8817	9.65198
13.8823	9.76309
13.883	9.8742
13.8935	9.98531
13.8949	10.0964
13.8976	10.1964
13.8998	10.2964
13.904	10.3964
13.906	10.4964
13.9144	10.5964
13.9196	10.6964
13.9343	10.7964
13.936	10.8964
13.9364	10.9964
13.937	11.0964
13.9378	11.1873
13.9384	11.2782
13.9399	11.3692
13.9419	11.4601
13.9426	11.551
13.9444	11.6419
13.9569	11.7328
13.9655	11.8237
13.9657	11.9146
13.966	12.0055
13.9662	12.0888
13.9666	12.1722
13.9682	12.2555
13.9938	12.3388
13.9956	12.4222
13.9963	12.5055
13.9977	12.5888
13.9992	12.6722
13.9998	12.7555
14.0019	12.8388
14.0041	12.9222
14.0053	13.0055
14.006	13.0824
14.0074	13.1594
14.0082	13.2363
14.0088	13.3132
14.0096	13.3901
14.0102	13.4671
14.0193	13.544
14.0206	13.6209
14.0246	13.6978
14.0586	13.7747
14.0613	13.8517
14.062	13.9286
14.0634	14.0055
14.0661	14.0769
14.0667	14.1484
14.0678	14.2198
14.0684	14.2912
14.0691	14.3627
14.0706	14.4341
14.072	14.5055
14.0732	14.5769
14.074	14.6484
14.0815	14.7198
14.0831	14.7912
14.0841	14.8627
14.0842	14.9341
14.0856	15.0055
14.0883	15.0722
14.1127	15.1388
14.1152	15.2055
14.1173	15.2722
14.1187	15.3388
14.1209	15.4055
14.1229	15.4722
14.1243	15.5388
14.125	15.6055
14.1259	15.6722
14.1263	15.7388
14.127	15.8055
14.1278	15.8722
14.1298	15.9388
14.1304	16.0055
14.1308	16.068
14.1312	16.1305
14.1326	16.193
14.1334	16.2555
14.1374	16.318
14.1409	16.3805
14.161	16.443
14.161	16.5055
14.1624	16.568
14.1645	16.6305
14.1658	16.693
14.1689	16.7555
14.1736	16.818
14.1793	16.8805
14.1819	16.943
14.184	17.0055
14.1855	17.0643
14.1882	17.1232
14.1896	17.182
14.1903	17.2408
14.193	17.2996
14.1934	17.3585
14.1943	17.4173
14.1963	17.4761
14.198	17.5349
14.213	17.5938
14.2166	17.6526
14.2303	17.7114
14.2309	17.7702
14.2337	17.829
14.2344	17.8879
14.2353	17.9467
14.2365	18.0055
14.2379	18.0611
14.2428	18.1166
14.2442	18.1722
14.2448	18.2277
14.2489	18.2833
14.2503	18.3388
14.2519	18.3944
14.2571	18.45
14.2576	18.5055
14.2581	18.5611
14.2584	18.6166
14.26	18.6722
14.2656	18.7277
14.2738	18.7833
14.283	18.8388
14.2845	18.8944
14.289	18.95
14.2903	19.0055
14.2916	19.0581
14.2923	19.1108
14.293	19.1634
14.2951	19.216
14.2958	19.2687
14.298	19.3213
14.2994	19.3739
14.3006	19.4266
14.3012	19.4792
14.3029	19.5318
14.3097	19.5845
14.3107	19.6371
14.3121	19.6897
14.3145	19.7424
14.316	19.795
14.3248	19.8476
14.3298	19.9003
14.3382	19.9529
14.3396	20.0055
14.3402	20.0555
14.341	20.1055
14.3416	20.1555
14.3423	20.2055
14.343	20.2555
14.3443	20.3055
14.3465	20.3555
14.3478	20.4055
14.3485	20.4555
14.3528	20.5055
14.3547	20.5555
14.3553	20.6055
14.3567	20.6555
14.3666	20.7055
14.3672	20.7555
14.3675	20.8055
14.3677	20.8555
14.3777	20.9055
14.379	10.4528
14.3861	10.5528
14.3902	10.6528
14.391	10.7528
14.3931	10.8528
14.3936	10.9528
14.3972	11.0528
14.4043	11.1437
14.4054	11.2346
14.409	11.3255
14.4102	11.4164
14.4109	11.5073
14.4122	11.5982
14.4136	11.6891
14.4144	11.78
14.4181	11.8709
14.4209	11.9618
14.4257	12.0528
14.4276	12.1361
14.4518	12.2194
14.4586	12.3028
14.4607	12.3861
14.4622	12.4694
14.4635	12.5528
14.464	12.6361
14.4669	12.7194
14.4765	12.8028
14.4779	12.8861
14.4787	12.9694
14.4793	13.0528
14.48	13.1297
14.4856	13.2066
14.4896	13.2835
14.5072	13.3604
14.5078	13.4374
14.5085	13.5143
14.5099	13.5912
14.5134	13.6681
14.5167	13.7451
14.517	13.822
14.5196	13.8989
14.5204	13.9758
14.5211	14.0528
14.5222	14.1242
14.5286	14.1956
14.5301	14.267
14.5439	14.3385
14.5455	14.4099
14.5475	14.4813
14.5512	14.5528
14.5575	14.6242
14.5645	14.6956
14.5675	14.767
14.5718	14.8385
14.572	14.9099
14.5727	14.9813
14.5735	15.0528
14.5766	15.1194
14.5783	15.1861
14.5796	15.2528
14.5891	15.3194
14.5892	15.3861
14.5971	15.4528
14.5987	15.5194
14.6029	15.5861
14.6099	15.6528
14.612	15.7194
14.613	15.7861
14.6138	15.8528
14.6158	15.9194
14.6165	15.9861
14.6178	16.0528
14.6232	16.1153
14.6259	16.1778
14.6273	16.2403
14.6295	16.3028
14.6307	16.3653
14.6334	16.4278
14.6343	16.4903
14.6439	16.5528
14.6549	16.6153
14.661	16.6778
14.6617	16.7403
14.6632	16.8028
14.6658	16.8653
14.6679	16.9278
14.6685	16.9903
14.6699	17.0528
14.6708	17.1116
14.6722	17.1704
14.6735	17.2292
14.6769	17.2881
14.6782	17.3469
14.6785	17.4057
14.6788	17.4645
14.6872	17.5233
14.6955	17.5822
14.7124	17.641
14.715	17.6998
14.7164	17.7586
14.7226	17.8175
14.724	17.8763
14.7253	17.9351
14.7268	17.9939
14.7278	8.99697
14.7296	9.12197
14.7302	9.23308
14.7326	9.34419
14.7331	9.4553
14.7337	9.56641
14.7355	9.67752
14.7364	9.78863
14.7386	9.89974
14.7454	10.0109
14.7579	10.1109
14.7635	10.2109
14.7695	10.3109
14.7752	10.4109
14.7765	10.5109
14.7778	10.6109
14.7787	10.7109
14.7898	10.8109
14.7919	10.9109
14.7931	11.0109
14.8048	11.1018
14.8078	11.1927
14.8133	11.2836
14.8195	11.3745
14.8257	11.4654
14.8278	11.5563
14.8306	11.6472
14.8488	11.7381
14.8536	11.829
14.8557	11.9199
14.8569	12.0109
14.8603	12.0942
14.8658	12.1775
14.8731	12.2609
14.8736	12.3442
14.8801	12.4275
14.8859	12.5109
14.8879	12.5942
14.8962	12.6775
14.8982	12.7609
14.899	12.8442
14.8996	12.9275
14.9003	13.0109
14.9017	13.0878
14.9106	13.1647
14.9127	13.2416
14.9141	13.3185
14.9199	13.3955
14.9223	13.4724
14.9231	13.5493
14.9542	13.6262
14.957	13.7032
14.9573	13.7801
14.9585	13.857
14.9592	13.9339
14.9604	14.0109
14.9612	14.0823
14.9625	14.1537
14.9633	14.2251
14.9648	14.2966
14.9687	14.368
14.9721	14.4394
14.9722	14.5109
14.9969	14.5823
14.9995	14.6537
15.0006	14.7251
15.0015	14.7966
15.0027	14.868
15.0048	14.9394
15.0063	15.0109
15.0075	15.0775
15.0096	15.1442
15.0111	15.2109
15.0116	15.2775
15.0158	15.3442
15.0199	15.4109
15.0213	15.4775
15.0326	15.5442
15.0373	15.6109
15.0457	15.6775
15.048	15.7442
15.0512	15.8109
15.0524	15.8775
15.0531	15.9442
15.0539	16.0109
15.0554	16.0734
15.0568	16.1359
15.0581	16.1984
15.0601	16.2609
15.0684	16.3234
15.0701	16.3859
15.0733	16.4484
15.0788	16.5109
15.0799	16.5734
15.0823	16.6359
15.0865	16.6984
15.0942	16.7609
15.0948	16.8234
15.0982	16.8859
15.1032	16.9484
15.1053	17.0109
15.1087	17.0697
15.11	17.1285
15.1106	17.1873
15.1121	17.2462
15.1209	17.305
15.1225	17.3638
15.1287	17.4226
15.1379	17.4814
15.1397	17.5403
15.1426	17.5991
15.1435	17.6579
15.1446	17.7167
15.1461	17.7756
15.1467	17.8344
15.1475	17.8932
15.1487	17.952
15.1494	18.0109
15.15	18.0664
15.1509	18.122
15.1518	18.1775
15.1528	18.2331
15.1717	18.2886
15.1756	18.3442
15.1812	18.3997
15.1874	18.4553
15.1901	18.5109
15.1914	18.5664
15.1922	18.622
15.1929	18.6775
15.1935	18.7331
15.1949	18.7886
15.1962	18.8442
15.1983	18.8997
15.1997	18.9553
15.2011	19.0109
15.2032	19.0635
15.204	19.1161
15.2052	19.1688
15.2061	19.2214
15.2188	19.274
15.2229	19.3266
15.2243	19.3793
15.2249	19.4319
15.2278	19.4845
15.232	19.5372
15.2329	19.5898
15.2334	19.6424
15.2356	19.6951
15.2419	19.7477
15.2461	19.8003
15.253	19.853
15.2551	19.9056
15.2603	19.9582
15.2623	20.0109
15.2651	20.0609
15.2658	20.1109
15.2673	20.1609
15.2687	20.2109
15.2798	20.2609
15.2814	20.3109
15.2819	20.3609
15.2836	20.4109
15.2842	20.4609
15.2936	20.5109
15.2948	20.5609
15.2974	20.6109
15.3014	20.6609
15.3165	20.7109
15.3172	20.7609
15.3214	20.8109
15.3235	20.8609
15.3249	20.9109
15.3277	20.9609
15.3283	21.0109
15.3298	21.0585
15.3318	21.1061
15.3334	21.1537
15.3346	21.2013
15.3466	21.249
15.3487	21.2966
15.3507	21.3442
15.3541	21.3918
15.3637	21.4394
15.3679	21.487
15.37	21.5347
15.3708	21.5823
15.372	21.6299
15.3735	21.6775
15.3741	21.7251
15.3763	21.7728
15.377	21.8204
15.378	21.868
15.3789	21.9156
15.3796	21.9632
15.3803	22.0109
15.3818	22.0563
15.3825	22.1018
15.3839	22.1472
15.3894	22.1927
15.3957	22.2381
15.3972	22.2836
15.4025	22.329
15.4155	22.3745
15.4304	22.4199
15.4308	22.4654
15.4309	22.5109
15.4323	22.5563
15.4341	22.6018
15.4362	22.6472
15.4376	22.6927
15.4383	22.7381
15.4391	22.7836
15.4397	22.829
15.442	22.8745
15.4447	22.9199
15.446	22.9654
15.4467	23.0109
15.4474	23.0543
15.4488	23.0978
15.4625	23.1413
15.4633	23.1848
15.4659	23.2282
15.4681	23.2717
15.4696	23.3152
15.4861	23.3587
15.4967	23.4022
15.4969	23.4456
15.4971	23.4891
15.4974	23.5326
15.4975	23.5761
15.4981	23.6196
15.4986	23.663
15.5011	23.7065
15.5016	23.75
15.5028	23.7935
15.5034	23.8369
15.5062	23.8804
15.507	23.9239
15.5084	23.9674
15.5105	24.0109
15.5131	24.0525
15.5151	24.0942
15.5215	24.1359
15.5234	24.1775
15.5248	24.2192
15.5297	24.2609
15.5316	24.3025
15.5459	24.3442
15.5534	24.3859
15.5548	24.4275
15.5589	24.4692
15.5599	24.5109
15.5604	24.5525
15.5617	24.5942
15.5623	24.6359
15.5644	24.6775
15.5672	24.7192
15.5678	24.7609
15.57	24.8025
15.5706	24.8442
15.572	24.8859
15.5726	24.9275
15.5753	24.9692
15.5754	25.0109
15.5768	25.0509
15.5777	25.0909
15.581	25.1309
15.5886	25.1709
15.5913	25.2109
15.594	25.2509
15.5968	25.2909
15.6132	25.3309
15.6179	25.3709
15.62	25.4109
15.6214	25.4509
15.6251	25.4909
15.6263	25.5309
15.6269	25.5709
15.6276	25.6109
15.6304	25.6509
15.631	25.6909
15.6323	25.7309
15.6367	25.7709
15.6372	25.8109
15.6379	25.8509
15.6392	25.8909
15.6428	25.9309
15.6442	25.9709
15.6456	26.0109
15.6462	26.0493
15.6477	26.0878
15.649	26.1262
15.6527	26.1647
15.6562	26.2032
15.6597	26.2416
15.6609	26.2801
15.6827	26.3185
15.6842	26.357
15.6855	26.3955
15.6876	26.4339
15.6933	26.4724
15.6948	26.5109
15.6954	26.5493
15.6979	26.5878
15.7015	26.6262
15.7025	26.6647
15.7037	26.7032
15.7085	26.7416
15.7092	26.7801
15.7111	26.8185
15.716	26.857
15.7173	26.8955
15.7187	26.9339
15.7194	26.9724
15.7201	27.0109
15.7228	27.0479
15.7262	27.0849
15.7299	27.122
15.7372	27.159
15.7448	27.196
15.7517	27.2331
15.7544	27.2701
15.7623	27.3072
15.763	27.3442
15.7642	27.3812
15.7676	27.4183
15.7732	27.4553
15.7756	27.4923
15.7767	27.5294
15.7795	27.5664
15.7802	27.6034
15.7842	27.6405
15.7849	27.6775
15.7858	27.7146
15.7864	27.7516
15.7879	27.7886
15.7905	27.8257
15.7941	27.8627
15.7983	27.8997
15.7988	27.9368
15.7996	27.9738
15.8009	28.0109
15.8023	28.0466
15.8057	28.0823
15.8137	28.118
15.8218	28.1537
15.8297	28.1894
15.8338	28.2251
15.8352	28.2609
15.838	28.2966
15.8407	28.3323
15.8413	28.368
15.8462	28.4037
15.8576	28.4394
15.8581	28.4751
15.8619	28.5109
15.862	28.5466
15.8642	28.5823
15.8653	28.618
15.866	28.6537
15.8679	28.6894
15.8681	28.7251
15.8728	28.7609
15.8742	28.7966
15.8755	28.8323
15.8775	28.868
15.8783	28.9037
15.881	28.9394
15.883	28.9751
15.8853	29.0109
15.8872	29.0453
15.8885	29.0798
15.893	29.1143
15.8963	29.1488
15.8984	29.1833
15.9005	29.2178
15.9012	29.2522
15.9025	29.2867
15.9046	29.3212
15.9053	29.3557
15.9121	29.3902
15.919	29.4246
15.9218	29.4591
15.9225	29.4936
15.9232	29.5281
15.9239	29.5626
15.9246	29.5971
15.9253	29.6315
15.9267	29.666
15.928	14.833
15.9316	14.9044
15.9322	14.9759
15.9345	15.0473
15.9356	15.114
15.9378	15.1806
15.9398	15.2473
15.9426	15.314
15.9459	15.3806
15.9465	15.4473
15.9472	15.514
15.9494	15.5806
15.9548	15.6473
15.9584	15.714
15.9597	15.7806
15.9604	15.8473
15.9626	15.914
15.9638	15.9806
15.9675	16.0473
15.9682	16.1098
15.9774	16.1723
15.9865	16.2348
15.9872	16.2973
15.9879	16.3598
15.9893	16.4223
15.9907	16.4848
15.9927	16.5473
15.9941	16.6098
15.9975	16.6723
16.0103	16.7348
16.0113	16.7973
16.0122	16.8598
16.0127	16.9223
16.0135	16.9848
16.0154	17.0473
16.0237	17.1061
16.0253	17.1649
16.0272	17.2238
16.0279	17.2826
16.0293	17.3414
16.0341	17.4002
16.0354	17.4591
16.0394	17.5179
16.0548	17.5767
16.0561	17.6355
16.0574	17.6944
16.0595	17.7532
16.0602	17.812
16.0643	17.8708
16.0673	17.9297
16.074	17.9885
16.0768	18.0473
16.0783	18.1029
16.0852	18.1584
16.0871	18.214
16.0885	18.2695
16.093	18.3251
16.0948	18.3806
16.0997	18.4362
16.1045	18.4917
16.1058	18.5473
16.1078	18.6029
16.1086	18.6584
16.1099	18.714
16.1107	18.7695
16.112	18.8251
16.1168	18.8806
16.1313	18.9362
16.1349	18.9917
16.1371	19.0473
16.1376	19.0999
16.1385	19.1526
16.1403	19.2052
16.1427	19.2578
16.1457	19.3105
16.1547	19.3631
16.1594	19.4157
16.1608	19.4684
16.1627	19.521
16.1669	19.5736
16.1677	19.6262
16.1697	19.6789
16.171	19.7315
16.1776	19.7841
16.1879	19.8368
16.1882	9.91839
16.1889	10.0295
16.1939	10.1295
16.1945	10.2295
16.1972	10.3295
16.2006	10.4295
16.2027	10.5295
16.2117	10.6295
16.2137	10.7295
16.2152	10.8295
16.2165	10.9295
16.2178	11.0295
16.2241	11.1204
16.2263	11.2113
16.2283	11.3022
16.2303	11.3931
16.2428	11.484
16.2436	11.575
16.2442	11.6659
16.245	11.7568
16.2457	11.8477
16.2466	11.9386
16.2489	12.0295
16.251	12.1128
16.2538	6.05642
16.2558	6.22308
16.2579	6.38975
16.2694	6.55642
16.2708	6.72308
16.2714	6.88975
16.2722	7.05642
16.273	7.19927
16.2742	7.34213
16.2751	7.48499
16.2804	7.62784
16.2903	7.7707
16.297	7.91356
16.2984	8.05642
16.2998	8.18142
16.3025	8.30642
16.3039	8.43142
16.306	8.55642
16.3111	8.68142
16.318	8.80642
16.3181	8.93142
16.3182	9.05642
16.3193	9.16753
16.3207	4.58376
16.322	4.83376
16.3235	5.08376
16.3311	5.28376
16.3358	5.48376
16.3365	5.68376
16.3373	5.88376
16.3387	6.08376
16.3407	6.25043
16.3524	6.4171
16.3532	6.58376
16.3551	6.75043
16.3558	6.9171
16.3578	7.08376
16.3593	7.22662
16.3663	7.36948
16.3683	7.51233
16.369	7.65519
16.3711	7.79805
16.3717	7.94091
16.3725	8.08376
16.3752	8.20876
16.3827	8.33376
16.383	8.45876
16.3836	8.58376
16.3878	8.70876
16.3879	8.83376
16.3883	8.95876
16.3911	9.08376
16.4058	9.19487
16.4063	9.30599
16.4069	9.4171
16.4078	9.52821
16.4086	9.63932
16.4091	9.75043
16.4104	9.86154
16.4112	9.97265
16.4118	10.0838
16.42	10.1838
16.421	10.2838
16.4217	10.3838
16.4222	10.4838
16.4229	10.5838
16.4245	10.6838
16.4265	10.7838
16.4271	10.8838
16.4279	10.9838
16.4334	11.0838
16.4348	11.1747
16.4358	11.2656
16.4361	11.3565
16.4368	11.4474
16.4374	11.5383
16.4381	11.6292
16.4388	11.7201
16.4402	11.811
16.4463	11.9019
16.4471	11.9929
16.4512	5.99643
16.4518	6.19643
16.4525	6.36309
16.4533	6.52976
16.4538	6.69643
16.4554	6.86309
16.4566	7.02976
16.4587	7.17262
16.46	7.31547
16.4635	7.45833
16.4649	7.60119
16.4722	7.74405
16.4723	7.8869
16.4725	8.02976
16.4732	8.15476
16.4739	8.27976
16.4762	8.40476
16.4781	8.52976
16.4907	8.65476
16.491	8.77976
16.4914	8.90476
16.4918	9.02976
16.4927	9.14087
16.493	9.25198
16.498	9.36309
16.4994	9.4742
16.5022	9.58532
16.5035	9.69643
16.5043	9.80754
16.5048	9.91865
16.5055	10.0298
16.5064	10.1298
16.5076	10.2298
16.509	10.3298
16.5124	10.4298
16.5138	10.5298
16.5153	10.6298
16.5162	10.7298
16.5173	10.8298
16.5186	10.9298
16.52	11.0298
16.5222	11.1207
16.5241	11.2116
16.5262	11.3025
16.5269	11.3934
16.5276	11.4843
16.5284	5.74215
16.529	5.94215
16.531	6.14215
16.5319	6.30882
16.5325	6.47549
16.5332	6.64215
16.5359	6.80882
16.5394	6.97549
16.5455	7.14215
16.5476	7.28501
16.5483	7.42787
16.551	7.57072
16.5519	7.71358
16.5547	7.85644
16.5581	7.9993
16.5589	8.14215
16.56	8.26715
16.5607	8.39215
16.5621	8.51715
16.5638	8.64215
16.5645	8.76715
16.5676	8.89215
16.5697	9.01715
16.5705	4.50858
16.5727	4.75858
16.5732	5.00858
16.5745	5.20858
16.5773	5.40858
16.5791	5.60858
16.5828	5.80858
16.585	6.00858
16.5851	6.17524
16.5896	6.34191
16.5918	6.50858
16.597	6.67524
16.6016	6.84191
16.6017	7.00858
16.6024	7.15143
16.6043	3.57572
16.6045	3.90905
16.6076	4.24238
16.6085	4.49238
16.6097	4.74238
16.6104	4.99238
16.612	5.24238
16.6181	5.44238
16.6188	5.64238
16.6196	5.84238
16.6201	6.04238
16.6208	6.20905
16.6278	6.37572
16.6284	6.54238
16.6292	6.70905
16.6297	6.87572
16.6305	7.04238
16.6381	7.18524
16.645	7.3281
16.6491	7.47095
16.6515	7.61381
16.6525	7.75667
16.6529	7.89953
16.6536	8.04238
16.655	8.16738
16.657	8.29238
16.6584	8.41738
16.6598	8.54238
16.6627	8.66738
16.6646	8.79238
16.6655	8.91738
16.6661	9.04238
16.671	9.15349
16.6724	9.26461
16.673	9.37572
16.6737	9.48683
16.6743	9.59794
16.6764	9.70905
16.6794	9.82016
16.6808	9.93127
16.6815	10.0424
16.6823	10.1424
16.683	10.2424
16.6836	10.3424
16.6845	10.4424
16.6911	10.5424
16.6931	10.6424
16.6983	10.7424
16.7004	10.8424
16.7111	10.9424
16.7136	11.0424
16.7138	11.1333
16.7172	11.2242
16.7174	11.3151
16.7181	11.406
16.7184	11.4969
16.7214	11.5878
16.7222	11.6787
16.7248	11.7697
16.7255	11.8606
16.7262	11.9515
16.7269	12.0424
16.7277	12.1257
16.733	12.2091
16.733	12.2924
16.7345	12.3757
16.7359	12.4591
16.7401	12.5424
16.7539	12.6257
16.7547	12.7091
16.7561	12.7924
16.7588	12.8757
16.7595	12.9591
16.761	13.0424
16.7631	13.1193
16.7664	13.1962
16.7671	13.2732
16.7679	13.3501
16.7685	13.427
16.7706	13.5039
16.7726	13.5808
16.774	13.6578
16.7762	13.7347
16.7781	13.8116
16.7797	13.8885
16.7811	13.9655
16.7874	14.0424
16.794	14.1138
16.7977	14.1852
16.8004	14.2567
16.8016	14.3281
16.8043	14.3995
16.8051	14.471
16.8065	14.5424
16.8092	14.6138
16.8134	14.6852
16.8175	14.7567
16.819	14.8281
16.82	14.8995
16.8222	14.971
16.8264	15.0424
16.8305	15.1091
16.8326	15.1757
16.8339	15.2424
16.8346	15.3091
16.8366	15.3757
16.8478	15.4424
16.8517	15.5091
16.8526	15.5757
16.8539	15.6424
16.8608	15.7091
16.8616	15.7757
16.865	15.8424
16.8657	15.9091
16.8677	15.9757
16.8685	16.0424
16.869	16.1049
16.8699	16.1674
16.8704	16.2299
16.8726	16.2924
16.8739	16.3549
16.8746	16.4174
16.8767	16.4799
16.8808	16.5424
16.8876	16.6049
16.8891	16.6674
16.8918	16.7299
16.8953	16.7924
16.9121	16.8549
16.9139	16.9174
16.9152	16.9799
16.9161	17.0424
16.9168	17.1012
16.9189	17.16
16.9209	17.2189
16.9243	17.2777
16.9271	17.3365
16.9291	17.3953
16.9335	17.4541
16.9351	17.513
16.9361	17.5718
16.9375	17.6306
16.9396	17.6894
16.941	17.7483
16.9417	17.8071
16.943	17.8659
16.9444	17.9247
16.9458	17.9836
16.9485	18.0424
16.9601	18.0979
16.9609	18.1535
16.9651	18.2091
16.9665	18.2646
16.9679	18.3202
16.9734	18.3757
16.9761	18.4313
16.9769	18.4868
16.9788	18.5424
16.9798	18.5979
16.981	18.6535
16.9817	18.7091
16.9836	18.7646
16.9852	18.8202
16.9907	9.41008
16.9914	9.52119
16.9934	9.6323
16.994	9.74341
16.9955	9.85453
16.9975	9.96564
16.9998	10.0767
17.003	10.1767
17.0046	10.2767
17.0099	10.3767
17.0128	10.4767
17.0211	10.5767
17.0216	10.6767
17.0243	10.7767
17.0286	10.8767
17.0309	10.9767
17.0322	11.0767
17.0335	11.1677
17.0343	11.2586
17.0363	5.62928
17.0391	5.82928
17.0404	6.02928
17.0411	6.19595
17.044	6.36262
17.0495	6.52928
17.05	6.69595
17.0514	6.86262
17.0524	7.02928
17.0665	7.17214
17.0693	7.315
17.0713	7.45785
17.0719	7.60071
17.0726	7.74357
17.0877	7.88643
17.089	8.02928
17.0898	8.15428
17.0904	8.27928
17.0911	8.40428
17.0973	8.52928
17.0979	8.65428
17.1021	8.77928
17.1035	8.90428
17.1041	9.02928
17.1056	9.14039
17.107	9.2515
17.1082	9.36262
17.1173	9.47373
17.1187	9.58484
17.1262	4.79242
17.1269	5.04242
17.1283	5.24242
17.129	5.44242
17.1296	5.64242
17.1313	5.84242
17.1324	6.04242
17.1436	6.20909
17.1456	6.37575
17.1484	6.54242
17.1512	6.70909
17.152	6.87575
17.1525	7.04242
17.1623	7.18528
17.1644	7.32813
17.1685	7.47099
17.1706	7.61385
17.1774	7.7567
17.1788	7.89956
17.1802	8.04242
17.1879	8.16742
17.1885	8.29242
17.19	8.41742
17.1923	8.54242
17.2003	8.66742
17.2017	8.79242
17.2031	8.91742
17.2037	9.04242
17.2112	9.15353
17.212	9.26464
17.2133	9.37575
17.2153	9.48686
17.2211	9.59797
17.2246	9.70909
17.2247	9.8202
17.2249	9.93131
17.2256	10.0424
17.2323	10.1424
17.2335	10.2424
17.2338	10.3424
17.2353	10.4424
17.2443	10.5424
17.2478	10.6424
17.2483	10.7424
17.2497	10.8424
17.2504	10.9424
17.2511	11.0424
17.258	11.1333
17.2614	11.2242
17.2627	11.3151
17.264	11.4061
17.271	11.497
17.2793	11.5879
17.2808	11.6788
17.2828	11.7697
17.2848	11.8606
17.2855	11.9515
17.2863	12.0424
17.2891	12.1258
17.2898	12.2091
17.2905	12.2924
17.303	12.3758
17.3057	12.4591
17.3081	12.5424
17.3101	12.6258
17.3108	12.7091
17.3115	12.7924
17.3129	12.8758
17.3136	12.9591
17.3156	13.0424
17.3165	13.1193
17.3184	13.1963
17.3295	13.2732
17.3302	13.3501
17.331	13.427
17.3316	13.504
17.3322	13.5809
17.3331	13.6578
17.3337	13.7347
17.3343	13.8116
17.335	13.8886
17.3357	13.9655
17.3363	14.0424
17.337	14.1138
17.3392	14.1853
17.3399	14.2567
17.3405	14.3281
17.3419	14.3996
17.3426	14.471
17.3434	14.5424
17.3442	14.6138
17.3449	14.6853
17.3462	14.7567
17.3485	14.8281
17.3504	14.8996
17.3511	14.971
17.3517	15.0424
17.3543	15.1091
17.3552	15.1758
17.3559	15.2424
17.3566	15.3091
17.3571	15.3758
17.3579	15.4424
17.3587	15.5091
17.3593	15.5758
17.3601	15.6424
17.3614	15.7091
17.3634	15.7758
17.3641	15.8424
17.3648	15.9091
17.3655	15.9758
17.3662	7.98788
17.3679	8.13073
17.3725	8.25573
17.3737	8.38073
17.3751	8.50573
17.3765	8.63073
17.3772	8.75573
17.3804	8.88073
17.3824	9.00573
17.3837	9.11684
17.3859	9.22796
17.3869	9.33907
17.3872	9.45018
17.3901	9.56129
17.3927	9.6724
17.3934	4.8362
17.3942	5.0862
17.3949	5.2862
17.3963	5.4862
17.3975	5.6862
17.398	5.8862
17.3999	6.0862
17.4024	6.25287
17.4053	6.41953
17.4101	6.5862
17.4109	6.75287
17.4122	6.91953
17.4142	7.0862
17.4169	7.22906
17.4176	7.37191
17.419	7.51477
17.4211	7.65763
17.4225	7.80049
17.4231	7.94334
17.4247	8.0862
17.4265	8.2112
17.4273	8.3362
17.4286	8.4612
17.4293	8.5862
17.4314	8.7112
17.4355	8.8362
17.4364	8.9612
17.4369	9.0862
17.4376	9.19731
17.439	9.30842
17.4404	9.41953
17.4499	9.53064
17.4512	9.64176
17.4554	9.75287
17.4567	9.86398
17.4581	9.97509
17.4615	10.0862
17.463	10.1862
17.4678	10.2862
17.4685	10.3862
17.4712	10.4862
17.474	10.5862
17.4798	10.6862
17.4826	10.7862
17.484	10.8862
17.4851	10.9862
17.4857	11.0862
17.4863	11.1771
17.4882	11.268
17.4905	11.3589
17.4934	11.4498
17.4953	11.5407
17.4987	11.6317
17.5028	11.7226
17.5035	11.8135
17.5041	11.9044
17.5055	11.9953
17.5062	12.0862
17.5111	12.1695
17.5131	12.2529
17.5173	12.3362
17.5186	12.4195
17.5285	12.5029
17.5292	12.5862
17.5305	12.6695
17.5351	12.7529
17.5382	12.8362
17.5401	12.9195
17.5424	13.0029
17.545	13.0798
17.5456	13.1567
17.5476	13.2336
17.5499	13.3106
17.5512	13.3875
17.5518	13.4644
17.5552	13.5413
17.5573	13.6183
17.5597	13.6952
17.5604	13.7721
17.5617	13.849
17.5631	13.9259
17.5689	14.0029
17.5712	14.0743
17.5755	14.1457
17.577	14.2172
17.5791	14.2886
17.5836	14.36
17.5843	14.4314
17.5851	14.5029
17.5857	14.5743
17.5864	14.6457
17.5878	14.7172
17.5884	14.7886
17.5899	14.86
17.5912	14.9314
17.5928	15.0029
17.5932	15.0695
17.5941	15.1362
17.5948	15.2029
17.5971	15.2695
17.5983	15.3362
17.6068	15.4029
17.6077	15.4695
17.6092	15.5362
17.6112	15.6029
17.6141	15.6695
17.6205	15.7362
17.6225	15.8029
17.6273	15.8695
17.6312	15.9362
17.6323	16.0029
17.6331	16.0654
17.6355	16.1279
17.6363	16.1904
17.6368	16.2529
17.6384	16.3154
17.64	16.3779
17.642	16.4404
17.6451	16.5029
17.6458	16.5654
17.6477	16.6279
17.6508	16.6904
17.6629	16.7529
17.6658	16.8154
17.6703	16.8779
17.6717	16.9404
17.6752	17.0029
17.6758	17.0617
17.6781	17.1205
17.6802	17.1793
17.6817	17.2382
17.6822	17.297
17.6836	17.3558
17.6859	17.4146
17.6865	17.4735
17.6871	17.5323
17.6884	17.5911
17.6894	17.6499
17.6914	17.7087
17.6937	17.7676
17.6943	17.8264
17.695	17.8852
17.6978	17.944
17.7022	18.0029
17.704	18.0584
17.7089	18.114
17.7098	18.1695
17.7108	18.2251
17.7129	18.2806
17.7136	18.3362
17.715	18.3918
17.7156	18.4473
17.7169	18.5029
17.7177	18.5584
17.7198	18.614
17.7225	18.6695
17.7254	18.7251
17.7261	18.7806
17.7267	18.8362
17.7287	18.8918
17.7336	18.9473
17.7351	19.0029
17.7359	19.0555
17.7364	19.1081
17.7424	19.1608
17.7475	19.2134
17.7481	19.266
17.7517	19.3187
17.7531	19.3713
17.7537	19.4239
17.7577	19.4766
17.7588	19.5292
17.7601	19.5818
17.7608	19.6344
17.7621	19.6871
17.7684	19.7397
17.7708	19.7923
17.7719	19.845
17.7726	19.8976
17.7734	19.9502
17.7746	20.0029
17.7747	20.0529
17.7795	20.1029
17.7815	20.1529
17.7824	20.2029
17.7848	20.2529
17.7869	20.3029
17.7905	20.3529
17.7925	20.4029
17.7971	20.4529
17.801	20.5029
17.8042	20.5529
17.8077	20.6029
17.8099	20.6529
17.8104	20.7029
17.8111	20.7529
17.8132	20.8029
17.8146	20.8529
17.8152	20.9029
17.8166	20.9529
17.8188	21.0029
17.8201	21.0505
17.821	21.0981
17.823	21.1457
17.8249	21.1933
17.8264	21.241
17.8279	21.2886
17.8284	21.3362
17.8291	21.3838
17.8298	21.4314
17.8312	21.4791
17.8318	21.5267
17.8354	21.5743
17.8373	21.6219
17.8402	21.6695
17.8409	21.7172
17.8414	10.8586
17.8416	10.9586
17.8436	11.0586
17.8457	11.1495
17.8463	11.2404
17.8478	11.3313
17.8485	11.4222
17.8492	11.5131
17.8497	11.604
17.8533	11.6949
17.854	11.7858
17.8547	11.8768
17.8567	11.9677
17.8574	12.0586
17.8602	12.1419
17.8624	12.2252
17.8705	12.3086
17.872	12.3919
17.8788	12.4752
17.8789	12.5586
17.8799	12.6419
17.8806	12.7252
17.882	12.8086
17.8828	12.8919
17.8841	12.9752
17.8851	13.0586
17.8862	13.1355
17.8876	13.2124
17.8889	13.2893
17.8951	13.3663
17.8965	13.4432
17.9005	13.5201
17.9012	13.597
17.9056	13.674
17.9063	13.7509
17.9085	13.8278
17.9094	13.9047
17.9124	13.9817
17.9139	14.0586
17.9171	14.13
17.9182	14.2014
17.9235	14.2729
17.9255	14.3443
17.9333	14.4157
17.9338	14.4871
17.9403	14.5586
17.9417	14.63
17.9439	14.7014
17.9446	14.7729
17.9465	14.8443
17.948	14.9157
17.9501	14.9871
17.9522	15.0586
17.9529	15.1252
17.9535	15.1919
17.9556	15.2586
17.9597	15.3252
17.9604	15.3919
17.9657	15.4586
17.9679	15.5252
17.9689	15.5919
17.9695	15.6586
17.9802	15.7252
17.982	15.7919
17.9833	15.8586
17.9847	15.9252
17.9887	15.9919
17.9894	16.0586
17.9913	16.1211
17.9935	16.1836
18.0036	16.2461
18.0056	16.3086
18.0074	16.3711
18.0083	16.4336
18.0125	16.4961
18.0146	16.5586
18.0162	16.6211
18.0179	16.6836
18.0184	16.7461
18.0202	16.8086
18.0217	16.8711
18.0262	16.9336
18.0279	16.9961
18.0297	17.0586
18.0313	17.1174
18.0324	17.1762
18.0408	17.235
18.0424	17.2939
18.0432	17.3527
18.0437	17.4115
18.0475	17.4703
18.0511	17.5292
18.0604	17.588
18.062	17.6468
18.0637	17.7056
18.0672	17.7645
18.0692	17.8233
18.0746	17.8821
18.0824	17.9409
18.0834	17.9998
18.0838	18.0586
18.0845	18.1141
18.0955	18.1697
18.0977	18.2252
18.0995	18.2808
18.1004	18.3364
18.1019	18.3919
18.1045	18.4475
18.1059	18.503
18.1109	18.5586
18.1114	18.6141
18.1122	18.6697
18.1135	18.7252
18.1169	18.7808
18.1217	18.8364
18.1231	9.41818
18.1247	9.52929
18.1251	9.6404
18.1272	9.75151
18.1343	9.86262
18.1441	9.97373
18.1447	10.0848
18.1461	10.1848
18.1482	10.2848
18.149	10.3848
18.1503	10.4848
18.1511	10.5848
18.1587	10.6848
18.1606	10.7848
18.162	10.8848
18.1656	10.9848
18.1683	11.0848
18.174	11.1758
18.1965	11.2667
18.1973	11.3576
18.2008	11.4485
18.2028	11.5394
18.2104	11.6303
18.214	11.7212
18.218	11.8121
18.2181	11.903
18.2196	11.9939
18.2284	12.0848
18.2474	12.1682
18.2517	12.2515
18.2536	12.3348
18.2551	12.4182
18.257	12.5015
18.2613	12.5848
18.262	12.6682
18.2629	12.7515
18.2633	12.8348
18.264	12.9182
18.2738	13.0015
18.2988	13.0784
18.3002	13.1554
18.3019	13.2323
18.3048	13.3092
18.3056	13.3861
18.3068	13.463
18.308	13.54
18.3099	13.6169
18.3106	13.6938
18.3147	13.7707
18.3184	13.8477
18.3335	13.9246
18.3534	14.0015
18.3573	14.0729
18.3623	14.1444
18.363	14.2158
18.3642	14.2872
18.3669	14.3587
18.3678	14.4301
18.369	14.5015
18.3706	14.5729
18.3742	14.6444
18.3743	14.7158
18.3768	14.7872
18.3774	14.8587
18.3906	14.9301
18.4069	15.0015
18.4109	15.0682
18.411	15.1348
18.4146	15.2015
18.4194	15.2682
18.4213	15.3348
18.4228	15.4015
18.4242	15.4682
18.4255	15.5348
18.4261	15.6015
18.4307	15.6682
18.4313	15.7348
18.4329	15.8015
18.4335	15.8682
18.4389	15.9348
18.4559	16.0015
18.457	16.064
18.4593	16.1265
18.4642	16.189
18.4647	16.2515
18.4655	16.314
18.4714	16.3765
18.4727	16.439
18.4745	16.5015
18.4752	16.564
18.4759	16.6265
18.4787	16.689
18.4805	16.7515
18.4818	16.814
18.4846	16.8765
18.4928	16.939
18.5138	17.0015
18.5172	17.0603
18.5189	17.1192
18.5231	17.178
18.5242	17.2368
18.5249	17.2956
18.5257	17.3545
18.5263	17.4133
18.5277	17.4721
18.5284	17.5309
18.53	17.5897
18.5365	17.6486
18.5386	17.7074
18.543	17.7662
18.5484	17.825
18.5492	17.8839
18.5516	17.9427
18.5761	18.0015
18.5773	18.0571
18.5782	18.1126
18.5795	18.1682
18.5802	18.2237
18.581	9.11187
18.583	9.22298
18.5843	9.33409
18.585	9.4452
18.5858	9.55631
18.5871	9.66742
18.5879	9.77853
18.5899	9.88964
18.5939	10.0008
18.5997	10.1008
18.6016	10.2008
18.6042	10.3008
18.6112	10.4008
18.6321	10.5008
18.634	10.6008
18.6348	10.7008
18.6363	10.8008
18.6439	10.9008
18.6473	11.0008
18.6495	11.0917
18.6508	11.1826
18.6535	11.2735
18.6778	11.3644
18.6797	11.4553
18.6825	11.5462
18.6859	11.6371
18.691	11.728
18.6926	11.8189
18.6934	11.9098
18.6941	12.0008
18.6999	12.0841
18.7006	12.1674
18.7031	12.2508
18.7311	12.3341
18.7324	12.4174
18.7379	12.5008
18.7446	12.5841
18.7479	12.6674
18.7585	12.7508
18.759	12.8341
18.7605	12.9174
18.761	13.0008
18.763	13.0777
18.764	13.1546
18.7655	13.2315
18.7799	13.3084
18.7812	13.3854
18.7843	13.4623
18.7874	13.5392
18.7881	13.6161
18.791	13.6931
18.794	13.77
18.7988	13.8469
18.8008	13.9238
18.8012	14.0008
18.804	14.0722
18.8065	14.1436
18.8094	14.215
18.8182	14.2865
18.8205	14.3579
18.8214	14.4293
18.8217	14.5008
18.8224	14.5722
18.8276	14.6436
18.8297	14.715
18.8311	14.7865
18.8327	14.8579
18.8339	14.9293
18.836	15.0008
18.8381	15.0674
18.8402	15.1341
18.8458	15.2008
18.8548	15.2674
18.8599	15.3341
18.8613	15.4008
18.8627	15.4674
18.8641	15.5341
18.8669	15.6008
18.8679	15.6674
18.8685	15.7341
18.869	15.8008
18.8698	15.8674
18.8705	15.9341
18.871	16.0008
18.8724	16.0633
18.8744	16.1258
18.8758	16.1883
18.8852	16.2508
18.8873	16.3133
18.8904	16.3758
18.8912	16.4383
18.8925	16.5008
18.8941	16.5633
18.8962	16.6258
18.8971	16.6883
18.8983	16.7508
18.8999	16.8133
18.9006	16.8758
18.9021	16.9383
18.9027	17.0008
18.9036	17.0596
18.9047	17.1184
18.9055	17.1772
18.9155	17.236
18.9177	17.2949
18.9194	17.3537
18.9224	17.4125
18.926	17.4713
18.9265	17.5302
18.9295	17.589
18.9302	17.6478
18.9315	17.7066
18.933	17.7655
18.9337	17.8243
18.9342	17.8831
18.9349	17.9419
18.9356	18.0008
18.9378	18.0563
18.9399	18.1119
18.9406	18.1674
18.9475	18.223
18.9503	18.2785
18.9536	18.3341
18.9558	18.3896
18.9592	18.4452
18.9606	18.5008
18.964	18.5563
18.966	18.6119
18.9681	18.6674
18.9724	18.723
18.973	18.7785
18.9737	18.8341
18.975	18.8896
18.9757	18.9452
18.977	19.0008
18.9777	19.0534
18.9787	19.106
18.9799	19.1586
18.9819	19.2113
18.9847	19.2639
18.9855	19.3165
18.9891	19.3692
18.9897	19.4218
18.9905	19.4744
18.9988	19.5271
18.9993	19.5797
19.002	19.6323
19.0055	19.685
19.0076	19.7376
19.009	19.7902
19.0102	19.8429
19.011	19.8955
19.0117	19.9481
19.0123	20.0008
19.0144	20.0508
19.0157	20.1008
19.0201	20.1508
19.0243	20.2008
19.0247	20.2508
19.0249	20.3008
19.0255	20.3508
19.0262	20.4008
19.0268	20.4508
19.0302	20.5008
19.031	20.5508
19.0337	20.6008
19.0395	20.6508
19.0437	20.7008
19.0445	20.7508
19.0451	20.8008
19.0464	20.8508
19.0485	20.9008
19.0493	20.9508
19.0509	21.0008
19.0539	21.0484
19.0547	21.096
19.0566	21.1436
19.0622	21.1912
19.0642	21.2389
19.0684	21.2865
19.0726	21.3341
19.0731	21.3817
19.0748	21.4293
19.079	21.4769
19.08	21.5246
19.0814	21.5722
19.084	21.6198
19.0854	21.6674
19.0865	21.715
19.0891	21.7627
19.0898	21.8103
19.0911	21.8579
19.092	21.9055
19.094	21.9531
19.0955	22.0008
19.0968	22.0462
19.0991	22.0917
19.1004	22.1371
19.1038	22.1826
19.1047	22.228
19.1081	22.2735
19.1114	22.3189
19.1123	22.3644
19.1139	22.4098
19.1216	22.4553
19.1242	22.5008
19.1257	22.5462
19.1321	22.5917
19.1334	22.6371
19.1361	22.6826
19.14	22.728
19.1403	22.7735
19.1414	22.8189
19.1419	22.8644
19.1427	22.9098
19.1455	22.9553
19.1468	23.0008
19.1506	23.0442
19.1535	23.0877
19.1571	23.1312
19.1599	23.1747
19.1612	23.2181
19.1629	23.2616
19.1654	23.3051
19.1661	23.3486
19.1681	23.3921
19.1709	23.4355
19.1718	23.479
19.1726	23.5225
19.1757	23.566
19.1787	23.6095
19.1812	23.6529
19.19	23.6964
19.1907	23.7399
19.1923	23.7834
19.1943	23.8268
19.1955	23.8703
19.1963	23.9138
19.1982	23.9573
19.1996	24.0008
19.2003	24.0424
19.2045	24.0841
19.2065	24.1258
19.2093	24.1674
19.2107	24.2091
19.2127	24.2508
19.2142	24.2924
19.2154	24.3341
19.2176	24.3758
19.2183	24.4174
19.2192	24.4591
19.221	24.5008
19.2267	24.5424
19.2294	24.5841
19.2315	24.6258
19.2348	24.6674
19.2382	24.7091
19.239	24.7508
19.2398	12.3754
19.241	12.4587
19.243	12.542
19.2451	12.6254
19.2464	12.7087
19.2473	12.792
19.2485	12.8754
19.2542	12.9587
19.2583	13.042
19.263	13.119
19.2644	13.1959
19.2685	13.2728
19.2754	13.3497
19.2756	13.4267
19.276	13.5036
19.2766	13.5805
19.2769	13.6574
19.2772	13.7344
19.279	13.8113
19.2837	13.8882
19.2865	13.9651
19.2898	14.042
19.2925	14.1135
19.2945	14.1849
19.3173	14.2563
19.3192	14.3278
19.3219	14.3992
19.3235	14.4706
19.327	14.542
19.3277	14.6135
19.3298	14.6849
19.3308	14.7563
19.3324	14.8278
19.3351	14.8992
19.3364	14.9706
19.345	15.042
19.3469	15.1087
19.3515	15.1754
19.3695	15.242
19.3703	15.3087
19.3711	15.3754
19.3731	15.442
19.3739	15.5087
19.3759	15.5754
19.3782	15.642
19.3786	15.7087
19.3813	15.7754
19.3828	15.842
19.3848	15.9087
19.3877	15.9754
19.3919	16.042
19.3946	16.1045
19.3981	16.167
19.4206	16.2295
19.426	16.292
19.4268	16.3545
19.4275	16.417
19.4288	16.4795
19.4311	16.542
19.4316	16.6045
19.4324	16.667
19.433	16.7295
19.4339	16.792
19.4362	16.8545
19.4388	16.917
19.441	16.9795
19.4417	17.042
19.443	17.1009
19.4478	17.1597
19.4586	17.2185
19.4598	17.2773
19.461	17.3362
19.4625	17.395
19.4646	17.4538
19.4677	17.5126
19.4683	17.5715
19.4699	17.6303
19.4747	17.6891
19.4774	17.7479
19.48	17.8068
19.4801	17.8656
19.4815	17.9244
19.4835	17.9832
19.4934	18.042
19.4975	18.0976
19.4983	18.1532
19.499	18.2087
19.5016	18.2643
19.5056	18.3198
19.5063	18.3754
19.5077	18.4309
19.5098	18.4865
19.512	18.542
19.5126	18.5976
19.519	18.6532
19.5205	18.7087
19.5226	18.7643
19.5242	18.8198
19.5269	18.8754
19.5345	18.9309
19.538	18.9865
19.541	19.042
19.5424	19.0947
19.5428	19.1473
19.5436	19.1999
19.5512	19.2526
19.5568	19.3052
19.5586	19.3578
19.5599	19.4105
19.5661	19.4631
19.5703	19.5157
19.5716	19.5684
19.5723	19.621
19.575	19.6736
19.5771	19.7263
19.5778	19.7789
19.5827	19.8315
19.5848	19.8841
19.5875	19.9368
19.5895	19.9894
19.596	20.042
19.6033	20.092
19.6047	20.142
19.6069	20.192
19.6088	20.242
19.6108	20.292
19.6117	20.342
19.6176	20.392
19.6184	20.442
19.6193	20.492
19.6214	20.542
19.622	20.592
19.6239	20.642
19.6249	10.321
19.6309	10.421
19.6316	10.521
19.6323	10.621
19.633	10.721
19.6337	10.821
19.6344	10.921
19.6386	11.021
19.6401	11.1119
19.6408	11.2028
19.6419	11.2937
19.6429	11.3847
19.6573	11.4756
19.6605	11.5665
19.6622	11.6574
19.6645	11.7483
19.6651	11.8392
19.676	11.9301
19.6794	12.021
19.6808	12.1044
19.6822	12.1877
19.6898	12.271
19.6913	12.3544
19.6956	12.4377
19.6976	12.521
19.6997	12.6044
19.7092	12.6877
19.7124	12.771
19.7133	12.8544
19.7145	12.9377
19.7162	13.021
19.7179	13.0979
19.7193	13.1749
19.7228	13.2518
19.7241	13.3287
19.7263	13.4056
19.7358	13.4826
19.7389	13.5595
19.7397	13.6364
19.7403	13.7133
19.7417	13.7903
19.7444	13.8672
19.7463	13.9441
19.7468	14.021
19.756	14.0925
19.7598	14.1639
19.7605	14.2353
19.7689	14.3067
19.77	14.3782
19.7714	14.4496
19.7729	14.521
19.7736	14.5925
19.7771	14.6639
19.7813	14.7353
19.7821	14.8067
19.7834	14.8782
19.7891	14.9496
19.7922	15.021
19.7944	7.51051
19.7999	7.65337
19.8006	7.79623
19.8014	7.93908
19.8069	8.08194
19.8102	8.20694
19.8115	8.33194
19.8183	8.45694
19.821	8.58194
19.8238	8.70694
19.8289	8.83194
19.8312	8.95694
19.8317	9.08194
19.8535	9.19305
19.8541	9.30416
19.8548	9.41527
19.8571	9.52638
19.8587	9.6375
19.8636	9.74861
19.8649	9.85972
19.8732	9.97083
19.8834	10.0819
19.8843	10.1819
19.8855	10.2819
19.8885	10.3819
19.8927	10.4819
19.8939	10.5819
19.8952	10.6819
19.9001	10.7819
19.9048	10.8819
19.9055	10.9819
19.9076	11.0819
19.9105	11.1728
19.9161	11.2638
19.9173	11.3547
19.9181	11.4456
19.9269	11.5365
19.9299	11.6274
19.9305	11.7183
19.932	11.8092
19.934	11.9001
19.9362	11.991
19.95	12.0819
19.9522	12.1653
19.9529	12.2486
19.9584	12.3319
19.9611	12.4153
19.9618	12.4986
19.9646	12.5819
19.9666	12.6653
19.9681	12.7486
19.9769	12.8319
19.9867	12.9153
19.9884	12.9986
19.9893	13.0819
19.9908	13.1589
19.9939	13.2358
19.9969	13.3127
19.9987	13.3896
19.999	13.4666
20.0045	13.5435
20.0075	13.6204
20.0154	13.6973
20.0176	13.7742
20.0196	13.8512
20.0203	13.9281
20.0218	14.005
20.0224	14.0764
20.0247	14.1479
20.0274	14.2193
20.0289	14.2907
20.0296	14.3622
20.0326	14.4336
20.0346	14.505
20.0429	14.5764
20.0489	14.6479
20.0502	14.7193
20.0514	14.7907
20.0527	14.8622
20.0537	14.9336
20.0543	15.005
20.0555	15.0717
20.0708	15.1383
20.0723	15.205
20.0736	15.2717
20.0743	15.3383
20.0763	15.405
20.0871	15.4717
20.0881	7.73584
20.0903	7.8787
20.0917	8.02156
20.0945	8.14656
20.0955	8.27156
20.0959	8.39656
20.097	8.52156
20.0984	8.64656
20.099	8.77156
20.1059	8.89656
20.1094	9.02156
20.1128	9.13267
20.1177	9.24378
20.1181	9.35489
20.1313	9.466
20.1348	9.57711
20.1371	9.68822
20.1418	9.79933
20.1441	9.91044
20.1465	10.0216
20.1486	10.1216
20.1633	10.2216
20.1644	10.3216
20.1651	10.4216
20.1692	10.5216
20.1726	10.6216
20.1741	10.7216
20.1767	10.8216
20.179	10.9216
20.1907	11.0216
20.1962	11.1125
20.2012	11.2034
20.2034	11.2943
20.2039	11.3852
20.2044	11.4761
20.2048	11.567
20.2061	11.6579
20.2096	11.7488
20.223	11.8397
20.2261	11.9306
20.2306	12.0216
20.2384	12.1049
20.2396	12.1882
20.2418	12.2716
20.2431	12.3549
20.2444	12.4382
20.2461	12.5216
20.2586	12.6049
20.2659	12.6882
20.268	12.7716
20.2736	12.8549
20.2807	12.9382
20.284	13.0216
20.2868	13.0985
20.2882	13.1754
20.2925	13.2523
20.293	13.3292
20.3027	13.4062
20.3097	6.70309
20.3133	6.86975
20.3163	7.03642
20.3225	7.17928
20.3267	7.32213
20.328	7.46499
20.3304	7.60785
20.3318	7.7507
20.334	7.89356
20.3365	8.03642
20.338	8.16142
20.3448	8.28642
20.3612	8.41142
20.3731	8.53642
20.3743	8.66142
20.3777	8.78642
20.3785	8.91142
20.3805	9.03642
20.3827	9.14753
20.3926	9.25864
20.4077	9.36975
20.4127	9.48086
20.4132	9.59197
20.4173	9.70309
20.4184	9.8142
20.4202	9.92531
20.4206	10.0364
20.4228	10.1364
20.4316	10.2364
20.4481	10.3364
20.4502	10.4364
20.4529	10.5364
20.4535	10.6364
20.458	10.7364
20.4621	10.8364
20.4622	10.9364
20.4628	11.0364
20.4678	11.1273
20.4919	11.2182
20.4935	11.3091
20.4955	11.4001
20.4968	11.491
20.5012	11.5819
20.5024	11.6728
20.5037	11.7637
20.5045	11.8546
20.5051	11.9455
20.508	12.0364
20.5381	12.1198
20.5392	12.2031
20.5425	12.2864
20.5448	12.3698
20.5501	12.4531
20.5509	12.5364
20.5522	12.6198
20.5535	12.7031
20.5542	12.7864
20.5561	12.8698
20.5565	12.9531
20.579	13.0364
20.5819	13.1133
20.5831	13.1903
20.5844	13.2672
20.5852	13.3441
20.5915	13.421
20.5928	13.498
20.5943	13.5749
20.5962	13.6518
20.5964	13.7287
20.6131	6.86436
20.6151	7.03103
20.6157	7.17389
20.6185	7.31674
20.6216	7.4596
20.6228	7.60246
20.6285	7.74532
20.6324	7.88817
20.6334	8.03103
20.6349	8.15603
20.6356	8.28103
20.6368	8.40603
20.6487	8.53103
20.6501	8.65603
20.6522	8.78103
20.6543	8.90603
20.6577	9.03103
20.6591	9.14214
20.6611	9.25325
20.6732	9.36436
20.6746	9.47547
20.6753	9.58659
20.6803	9.6977
20.6827	9.80881
20.6837	9.91992
20.686	10.031
20.6873	10.131
20.7106	10.231
20.7113	10.331
20.714	10.431
20.7185	10.531
20.7196	10.631
20.7208	10.731
20.7212	10.831
20.7222	10.931
20.7228	11.031
20.7502	11.1219
20.7504	11.2128
20.7524	11.3038
20.7539	11.3947
20.755	11.4856
20.7573	11.5765
20.758	11.6674
20.7586	11.7583
20.7594	11.8492
20.7618	11.9401
20.7845	12.031
20.7856	12.1144
20.7857	12.1977
20.7872	12.281
20.7885	12.3644
20.7905	12.4477
20.792	12.531
20.7933	12.6144
20.7941	12.6977
20.7986	12.781
20.8025	12.8644
20.8201	12.9477
20.8222	13.031
20.8227	13.108
20.8247	13.1849
20.8261	13.2618
20.8276	13.3387
20.8295	13.4156
20.8305	13.4926
20.832	13.5695
20.834	13.6464
20.836	13.7233
20.8446	13.8003
20.8578	13.8772
20.8599	13.9541
20.8625	14.031
20.8637	14.1025
20.8659	14.1739
20.8699	14.2453
20.872	14.3167
20.8762	14.3882
20.8788	14.4596
20.8793	14.531
20.8829	14.6025
20.883	14.6739
20.8857	14.7453
20.9046	14.8167
20.9066	14.8882
20.9081	14.9596
20.9086	15.031
20.91	15.0977
20.9117	15.1644
20.9157	15.231
20.9185	15.2977
20.9231	15.3644
20.9246	15.431
20.9254	15.4977
20.9262	15.5644
20.9337	15.631
20.9361	15.6977
20.9481	15.7644
20.9492	15.831
20.9501	15.8977
20.9516	15.9644
20.9527	16.031
20.9536	16.0935
20.9547	16.156
20.9561	16.2185
20.9591	16.281
20.9602	16.3435
20.9624	16.406
20.9636	16.4685
20.9644	16.531
20.9769	16.5935
20.9858	16.656
20.9971	16.7185
20.9999	16.781
21.0012	16.8435
21.0041	16.906
21.006	16.9685
21.0068	17.031
21.0075	17.0899
21.0082	17.1487
21.0097	17.2075
21.0103	17.2663
21.0116	17.3251
21.0131	17.384
21.0143	17.4428
21.0186	17.5016
21.0242	17.5604
21.0385	17.6193
21.0394	17.6781
21.0397	17.7369
21.0402	17.7957
21.0421	17.8546
21.0432	17.9134
21.044	17.9722
21.0461	18.031
21.0468	18.0866
21.0484	18.1421
21.0551	18.1977
21.056	18.2533
21.0581	18.3088
21.0609	18.3644
21.0628	18.4199
21.0665	18.4755
21.0868	18.531
21.0896	18.5866
21.0907	18.6421
21.0914	18.6977
21.0923	18.7533
21.093	18.8088
21.0942	18.8644
21.0949	18.9199
21.0957	18.9755
21.0976	19.031
21.0986	19.0837
21.0993	19.1363
21.0998	19.1889
21.1009	19.2416
21.1012	19.2942
21.1091	19.3468
21.1147	19.3995
21.1324	19.4521
21.1348	19.5047
21.1386	19.5573
21.1393	19.61
21.1419	19.6626
21.1437	19.7152
21.1462	19.7679
21.1483	19.8205
21.1498	19.8731
21.1521	19.9258
21.1528	19.9784
21.1534	20.031
21.1541	20.081
21.155	20.131
21.1568	20.181
21.157	20.231
21.1579	20.281
21.1625	20.331
21.1682	10.1655
21.1816	10.2655
21.1831	10.3655
21.185	10.4655
21.1873	10.5655
21.1877	10.6655
21.1887	10.7655
21.1903	10.8655
21.1912	10.9655
21.1932	11.0655
21.2014	11.1564
21.202	11.2473
21.2026	11.3382
21.2035	11.4292
21.2043	11.5201
21.2051	11.611
21.2088	11.7019
21.2094	11.7928
21.2103	11.8837
21.2122	11.9746
21.2504	12.0655
21.2544	12.1488
21.2553	12.2322
21.2566	12.3155
21.2573	12.3988
21.2595	12.4822
21.2606	12.5655
21.2615	12.6488
21.2618	12.7322
21.2626	12.8155
21.2662	12.8988
21.2736	12.9822
21.2988	13.0655
21.3057	13.1424
21.3081	13.2194
21.3101	13.2963
21.3115	13.3732
21.3145	13.4501
21.3154	13.5271
21.3164	13.604
21.3173	13.6809
21.318	13.7578
21.3227	13.8347
21.3289	13.9117
21.3406	13.9886
21.3641	14.0655
21.3707	14.1369
21.3723	14.2084
21.3737	14.2798
21.3757	14.3512
21.3785	14.4227
21.3801	14.4941
21.3813	14.5655
21.3827	14.6369
21.3835	14.7084
21.3894	14.7798
21.391	14.8512
21.4087	14.9227
21.4101	14.9941
21.4308	15.0655
21.4319	15.1322
21.4345	15.1988
21.4358	15.2655
21.4387	15.3322
21.4395	15.3988
21.4404	15.4655
21.4416	15.5322
21.4455	15.5988
21.4463	15.6655
21.4533	15.7322
21.4543	15.7988
21.4686	15.8655
21.4707	15.9322
21.4719	15.9988
21.4803	16.0655
21.4836	16.128
21.4858	16.1905
21.4874	16.253
21.4881	16.3155
21.4887	16.378
21.4903	16.4405
21.491	16.503
21.4931	16.5655
21.4937	16.628
21.5019	16.6905
21.5025	16.753
21.518	16.8155
21.5194	16.878
21.5207	16.9405
21.5262	17.003
21.5416	17.0618
21.5478	17.1207
21.5494	17.1795
21.5529	17.2383
21.5557	17.2971
21.5563	17.356
21.5572	17.4148
21.5586	17.4736
21.5596	17.5324
21.561	17.5913
21.5664	17.6501
21.568	17.7089
21.5914	17.7677
21.5925	17.8265
21.5934	17.8854
21.5975	17.9442
21.5998	18.003
21.6131	18.0586
21.6163	18.1141
21.6184	18.1697
21.625	18.2252
21.6258	18.2808
21.627	18.3363
21.6276	18.3919
21.629	18.4475
21.6292	18.503
21.6299	18.5586
21.6324	18.6141
21.6334	18.6697
21.6494	18.7252
21.6523	18.7808
21.6529	18.8363
21.6558	18.8919
21.6583	18.9475
21.659	19.003
21.6692	19.0556
21.6789	19.1083
21.6805	19.1609
21.6844	19.2135
21.6857	19.2662
21.6864	19.3188
21.6871	19.3714
21.6884	19.4241
21.6892	19.4767
21.6905	19.5293
21.6926	19.582
21.6938	19.6346
21.6995	19.6872
21.7002	19.7399
21.7026	19.7925
21.7033	19.8451
21.706	19.8978
21.7067	19.9504
21.7094	20.003
21.7171	10.0015
21.7247	10.1015
21.7261	10.2015
21.7267	10.3015
21.7274	10.4015
21.7281	10.5015
21.7306	10.6015
21.7308	10.7015
21.7323	10.8015
21.7357	10.9015
21.7385	11.0015
21.7446	11.0924
21.7455	11.1833
21.7461	11.2742
21.7467	11.3651
21.7515	11.4561
21.7544	11.547
21.7571	11.6379
21.7574	11.7288
21.775	11.8197
21.7762	11.9106
21.7803	12.0015
21.783	12.0848
21.7837	12.1682
21.7846	12.2515
21.7924	12.3348
21.7937	12.4182
21.797	12.5015
21.7984	12.5848
21.8236	12.6682
21.8242	12.7515
21.8278	12.8348
21.8284	12.9182
21.8311	13.0015
21.8319	13.0784
21.8394	13.1554
21.8428	13.2323
21.849	13.3092
21.8504	13.3861
21.8663	13.463
21.8666	13.54
21.8699	13.6169
21.8714	13.6938
21.8733	13.7707
21.8772	13.8477
21.8775	13.9246
21.8803	14.0015
21.8845	14.0729
21.8911	14.1444
21.8918	14.2158
21.909	14.2872
21.9111	14.3587
21.9133	14.4301
21.9142	14.5015
21.9146	14.5729
21.9152	14.6444
21.9159	14.7158
21.9187	14.7872
21.9194	14.8587
21.9209	14.9301
21.9221	15.0015
21.9317	15.0682
21.9325	15.1348
21.9516	15.2015
21.9523	15.2682
21.9532	15.3348
21.9537	15.4015
21.9557	15.4682
21.9582	15.5348
21.9588	15.6015
21.961	15.6682
21.9653	15.7348
21.9658	7.86742
21.9673	8.01028
21.9678	8.13528
21.9747	8.26028
21.9755	8.38528
21.9985	8.51028
21.9992	8.63528
21.9999	8.76028
22.0007	8.88528
22.0019	9.01028
22.002	9.12139
22.0028	9.2325
22.0035	9.34361
22.0082	9.45472
22.0445	9.56583
22.0459	9.67694
22.0472	9.78806
22.0481	9.89917
22.0493	10.0103
22.0502	10.1103
22.0513	10.2103
22.0528	10.3103
22.0775	10.4103
22.0806	10.5103
22.081	10.6103
22.0837	10.7103
22.0872	10.8103
22.0887	10.9103
22.0897	11.0103
22.0906	11.1012
22.0932	11.1921
22.0945	11.283
22.1117	11.3739
22.1129	11.4648
22.1136	11.5557
22.1188	11.6466
22.1228	11.7376
22.1233	11.8285
22.1247	11.9194
22.126	12.0103
22.1275	12.0936
22.1304	12.1769
22.1311	12.2603
22.1557	12.3436
22.1564	12.4269
22.1577	12.5103
22.1591	12.5936
22.1633	12.6769
22.1648	12.7603
22.1654	12.8436
22.167	12.9269
22.1682	13.0103
22.1689	13.0872
22.17	13.1641
22.1707	13.241
22.1996	13.318
22.2044	13.3949
22.2051	13.4718
22.2057	13.5487
22.209	13.6257
22.2099	13.7026
22.2125	13.7795
22.2143	13.8564
22.2171	13.9334
22.2186	14.0103
22.2192	14.0817
22.2206	14.1531
22.224	14.2246
22.2483	14.296
22.2519	14.3674
22.2539	14.4388
22.2555	14.5103
22.2581	14.5817
22.2601	14.6531
22.2635	14.7246
22.2657	14.796
22.2678	14.8674
22.2683	14.9388
22.2705	15.0103
22.2725	15.0769
22.2755	15.1436
22.2775	15.2103
22.3005	15.2769
22.3035	15.3436
22.308	15.4103
22.3089	15.4769
22.31	15.5436
22.312	15.6103
22.3143	15.6769
22.3148	15.7436
22.3163	15.8103
22.3168	15.8769
22.3182	15.9436
22.3203	16.0103
22.3217	16.0728
22.3231	16.1353
22.325	16.1978
22.3612	16.2603
22.3653	16.3228
22.3703	16.3853
22.3717	16.4478
22.373	16.5103
22.3737	16.5728
22.375	16.6353
22.3765	16.6978
22.3777	16.7603
22.3784	16.8228
22.3812	16.8853
22.3829	16.9478
22.384	17.0103
22.3847	17.0691
22.3861	17.1279
22.387	17.1867
22.4197	17.2456
22.4211	17.3044
22.4231	17.3632
22.4239	17.422
22.4272	17.4809
22.4301	17.5397
22.4307	17.5985
22.4321	17.6573
22.4342	17.7162
22.4349	17.775
22.4377	17.8338
22.439	17.8926
22.4404	17.9515
22.4417	18.0103
22.4439	18.0658
22.4451	18.1214
22.4744	18.1769
22.4777	18.2325
22.479	18.2881
22.4804	18.3436
22.4818	18.3992
22.4837	18.4547
22.4854	18.5103
22.4872	18.5658
22.4888	18.6214
22.4905	18.6769
22.4914	18.7325
22.4936	18.7881
22.4942	18.8436
22.4949	18.8992
22.4959	18.9547
22.4985	19.0103
22.5001	19.0629
22.5226	19.1155
22.5254	19.1682
22.529	19.2208
22.5297	19.2734
22.531	19.3261
22.5343	19.3787
22.5351	19.4313
22.5358	19.484
22.5372	19.5366
22.5385	19.5892
22.5393	19.6419
22.5405	19.6945
22.5412	19.7471
22.5434	19.7998
22.5443	19.8524
22.5468	19.905
22.5476	19.9576
22.5494	20.0103
22.5692	10.0051
22.5695	10.1051
22.5711	10.2051
22.5741	10.3051
22.5756	10.4051
22.5767	10.5051
22.5802	10.6051
22.582	10.7051
22.5845	10.8051
22.5851	10.9051
22.5864	11.0051
22.5885	11.096
22.5899	11.187
22.5906	11.2779
22.5914	11.3688
22.5931	11.4597
22.6241	11.5506
